[INFO]:[01:10:55] Worker 1 starting.
[INFO]:[01:10:55] Worker 1 received order for step 1.
[INFO]:[01:10:55] Worker 1 running exploration phase for iteration 1.
[INFO]:[01:10:55] Worker 1 at iteration 1 will not use a MIP start file. Current best MIP-start upper bound threshold is 1.79769e+308.
[INFO]:[01:10:55] Starting local search phase...
[INFO]:[01:10:55] Worker (ils_group_rank=1) entering parallel ILS evaluation service.
[INFO]:[01:10:55] Starting CPLEX solver on instance: /home/yorig/tuner/mpils-tests/instances/miplib/medium-1/b1c1s1.mps with config: /scratch/yorig/mpils-results-grid-ticks-10000-7may/medium-1/24proc-2pils/seed-3/1_b1c1s1_seed-3_20260510_011052/iterated_local_search/run_1_worker_0/parallel_0_1.prm
[INFO]:[01:11:01] CPLEX results. Gap: 22.930000, upper bound: 26442.000000, lower bound: 20378.277642
[INFO]:[01:11:01] CPLEX solver finished. Gap: 22.930000
[INFO]:[01:11:01] Starting CPLEX solver on instance: /home/yorig/tuner/mpils-tests/instances/miplib/medium-1/b1c1s1.mps with config: /scratch/yorig/mpils-results-grid-ticks-10000-7may/medium-1/24proc-2pils/seed-3/1_b1c1s1_seed-3_20260510_011052/iterated_local_search/run_1_worker_0/parallel_2_1.prm
[INFO]:[01:11:08] CPLEX results. Gap: 19.790000, upper bound: 25562.350000, lower bound: 20504.563321
[INFO]:[01:11:08] CPLEX solver finished. Gap: 19.790000
[INFO]:[01:11:08] Starting CPLEX solver on instance: /home/yorig/tuner/mpils-tests/instances/miplib/medium-1/b1c1s1.mps with config: /scratch/yorig/mpils-results-grid-ticks-10000-7may/medium-1/24proc-2pils/seed-3/1_b1c1s1_seed-3_20260510_011052/iterated_local_search/run_1_worker_0/parallel_4_1.prm
[INFO]:[01:11:14] CPLEX results. Gap: 20.770000, upper bound: 25858.510000, lower bound: 20486.639488
[INFO]:[01:11:14] CPLEX solver finished. Gap: 20.770000
[INFO]:[01:11:14] Starting CPLEX solver on instance: /home/yorig/tuner/mpils-tests/instances/miplib/medium-1/b1c1s1.mps with config: /scratch/yorig/mpils-results-grid-ticks-10000-7may/medium-1/24proc-2pils/seed-3/1_b1c1s1_seed-3_20260510_011052/iterated_local_search/run_1_worker_0/parallel_6_1.prm
[INFO]:[01:11:20] CPLEX results. Gap: 20.770000, upper bound: 25858.510000, lower bound: 20486.639488
[INFO]:[01:11:20] CPLEX solver finished. Gap: 20.770000
[INFO]:[01:11:20] Starting CPLEX solver on instance: /home/yorig/tuner/mpils-tests/instances/miplib/medium-1/b1c1s1.mps with config: /scratch/yorig/mpils-results-grid-ticks-10000-7may/medium-1/24proc-2pils/seed-3/1_b1c1s1_seed-3_20260510_011052/iterated_local_search/run_1_worker_0/parallel_8_1.prm
[INFO]:[01:11:27] CPLEX results. Gap: 18.110000, upper bound: 25427.710000, lower bound: 20821.550261
[INFO]:[01:11:27] CPLEX solver finished. Gap: 18.110000
[INFO]:[01:11:27] Starting CPLEX solver on instance: /home/yorig/tuner/mpils-tests/instances/miplib/medium-1/b1c1s1.mps with config: /scratch/yorig/mpils-results-grid-ticks-10000-7may/medium-1/24proc-2pils/seed-3/1_b1c1s1_seed-3_20260510_011052/iterated_local_search/run_1_worker_0/parallel_10_1.prm
[INFO]:[01:11:33] CPLEX results. Gap: 24.260000, upper bound: 26892.020000, lower bound: 20367.337342
[INFO]:[01:11:33] CPLEX solver finished. Gap: 24.260000
[INFO]:[01:11:33] Starting CPLEX solver on instance: /home/yorig/tuner/mpils-tests/instances/miplib/medium-1/b1c1s1.mps with config: /scratch/yorig/mpils-results-grid-ticks-10000-7may/medium-1/24proc-2pils/seed-3/1_b1c1s1_seed-3_20260510_011052/iterated_local_search/run_1_worker_0/parallel_12_1.prm
[INFO]:[01:11:40] CPLEX results. Gap: 18.110000, upper bound: 25427.710000, lower bound: 20821.550261
[INFO]:[01:11:40] CPLEX solver finished. Gap: 18.110000
[INFO]:[01:11:40] Starting CPLEX solver on instance: /home/yorig/tuner/mpils-tests/instances/miplib/medium-1/b1c1s1.mps with config: /scratch/yorig/mpils-results-grid-ticks-10000-7may/medium-1/24proc-2pils/seed-3/1_b1c1s1_seed-3_20260510_011052/iterated_local_search/run_1_worker_0/parallel_14_1.prm
[INFO]:[01:11:47] CPLEX results. Gap: 17.600000, upper bound: 24887.490000, lower bound: 20508.479055
[INFO]:[01:11:47] CPLEX solver finished. Gap: 17.600000
[INFO]:[01:11:47] Starting CPLEX solver on instance: /home/yorig/tuner/mpils-tests/instances/miplib/medium-1/b1c1s1.mps with config: /scratch/yorig/mpils-results-grid-ticks-10000-7may/medium-1/24proc-2pils/seed-3/1_b1c1s1_seed-3_20260510_011052/iterated_local_search/run_1_worker_0/parallel_16_1.prm
[INFO]:[01:11:53] CPLEX results. Gap: 17.600000, upper bound: 24887.490000, lower bound: 20508.479055
[INFO]:[01:11:53] CPLEX solver finished. Gap: 17.600000
[INFO]:[01:11:53] Starting CPLEX solver on instance: /home/yorig/tuner/mpils-tests/instances/miplib/medium-1/b1c1s1.mps with config: /scratch/yorig/mpils-results-grid-ticks-10000-7may/medium-1/24proc-2pils/seed-3/1_b1c1s1_seed-3_20260510_011052/iterated_local_search/run_1_worker_0/parallel_18_1.prm
[INFO]:[01:12:00] CPLEX results. Gap: 17.600000, upper bound: 24887.490000, lower bound: 20508.479055
[INFO]:[01:12:00] CPLEX solver finished. Gap: 17.600000
[INFO]:[01:12:00] Worker (ils_group_rank=1) exiting parallel ILS evaluation service.
[INFO]:[01:12:00] Worker 1 completed exploration phase.
[INFO]:[01:12:00] Worker 1 received order for step 2.
[INFO]:[01:12:00] Worker 1 running expansion phase for iteration 1.
[INFO]:[01:12:00] Worker 1 will use solver log file: /scratch/yorig/mpils-results-grid-ticks-10000-7may/medium-1/24proc-2pils/seed-3/1_b1c1s1_seed-3_20260510_011052/solver/cplex.log_iteration_expansion_1_worker_1
[INFO]:[01:12:00] Expansion Worker 1 starting expansion for iteration 1.
[INFO]:[01:12:00] Starting CPLEX solver on instance: /home/yorig/tuner/mpils-tests/instances/miplib/medium-1/b1c1s1.mps with config: /scratch/yorig/mpils-results-grid-ticks-10000-7may/medium-1/24proc-2pils/seed-3/1_b1c1s1_seed-3_20260510_011052/expansion/config_param_CPXPARAM_MIP_Strategy_Probe_1_iter_1.prm
[INFO]:[01:12:06] CPLEX results. Gap: 28.980000, upper bound: 28334.250000, lower bound: 20122.845284
[INFO]:[01:12:06] CPLEX solver finished. Gap: 28.980000
[INFO]:[01:12:07] Expansion Worker 1 stopping early after global MPI expansion stop was activated.
[INFO]:[01:12:07] Expansion Worker 1 completed expansion.
[INFO]:[01:12:07] Worker 1 completed expansion phase.
[INFO]:[01:12:07] Worker 1 received order for step 1.
[INFO]:[01:12:07] Worker 1 running exploration phase for iteration 2.
[INFO]:[01:12:07] Worker 1 at iteration 2 will not use a MIP start file. Current best MIP-start upper bound threshold is 1.79769e+308.
[INFO]:[01:12:07] Starting local search phase...
[INFO]:[01:12:07] Worker (ils_group_rank=1) entering parallel ILS evaluation service.
[INFO]:[01:12:07] Starting CPLEX solver on instance: /home/yorig/tuner/mpils-tests/instances/miplib/medium-1/b1c1s1.mps with config: /scratch/yorig/mpils-results-grid-ticks-10000-7may/medium-1/24proc-2pils/seed-3/1_b1c1s1_seed-3_20260510_011052/iterated_local_search/run_2_worker_0/parallel_0_1.prm
[INFO]:[01:12:14] CPLEX results. Gap: 17.600000, upper bound: 24887.490000, lower bound: 20508.479055
[INFO]:[01:12:14] CPLEX solver finished. Gap: 17.600000
[INFO]:[01:12:14] Starting CPLEX solver on instance: /home/yorig/tuner/mpils-tests/instances/miplib/medium-1/b1c1s1.mps with config: /scratch/yorig/mpils-results-grid-ticks-10000-7may/medium-1/24proc-2pils/seed-3/1_b1c1s1_seed-3_20260510_011052/iterated_local_search/run_2_worker_0/parallel_2_1.prm
[INFO]:[01:12:20] CPLEX results. Gap: 17.470000, upper bound: 25017.990000, lower bound: 20648.080255
[INFO]:[01:12:20] CPLEX solver finished. Gap: 17.470000
[INFO]:[01:12:21] Starting CPLEX solver on instance: /home/yorig/tuner/mpils-tests/instances/miplib/medium-1/b1c1s1.mps with config: /scratch/yorig/mpils-results-grid-ticks-10000-7may/medium-1/24proc-2pils/seed-3/1_b1c1s1_seed-3_20260510_011052/iterated_local_search/run_2_worker_0/parallel_4_1.prm
[INFO]:[01:12:27] CPLEX results. Gap: 18.390000, upper bound: 25341.640000, lower bound: 20681.117160
[INFO]:[01:12:27] CPLEX solver finished. Gap: 18.390000
[INFO]:[01:12:27] Worker (ils_group_rank=1) exiting parallel ILS evaluation service.
[INFO]:[01:12:27] Worker 1 completed exploration phase.
[INFO]:[01:12:27] Worker 1 received order for step 2.
[INFO]:[01:12:27] Worker 1 running expansion phase for iteration 2.
[INFO]:[01:12:27] Worker 1 will use solver log file: /scratch/yorig/mpils-results-grid-ticks-10000-7may/medium-1/24proc-2pils/seed-3/1_b1c1s1_seed-3_20260510_011052/solver/cplex.log_iteration_expansion_2_worker_1
[INFO]:[01:12:27] Expansion Worker 1 starting expansion for iteration 2.
[INFO]:[01:12:27] Starting CPLEX solver on instance: /home/yorig/tuner/mpils-tests/instances/miplib/medium-1/b1c1s1.mps with config: /scratch/yorig/mpils-results-grid-ticks-10000-7may/medium-1/24proc-2pils/seed-3/1_b1c1s1_seed-3_20260510_011052/expansion/config_param_CPXPARAM_MIP_Strategy_VariableSelect_1_iter_2.prm
[INFO]:[01:12:34] CPLEX results. Gap: 26.920000, upper bound: 28268.780000, lower bound: 20658.210490
[INFO]:[01:12:34] CPLEX solver finished. Gap: 26.920000
[INFO]:[01:12:34] Starting CPLEX solver on instance: /home/yorig/tuner/mpils-tests/instances/miplib/medium-1/b1c1s1.mps with config: /scratch/yorig/mpils-results-grid-ticks-10000-7may/medium-1/24proc-2pils/seed-3/1_b1c1s1_seed-3_20260510_011052/expansion/config_param_CPXPARAM_MIP_Strategy_RINSHeur_40_iter_2.prm
[INFO]:[01:12:40] CPLEX results. Gap: 16.560000, upper bound: 24934.090000, lower bound: 20804.710720
[INFO]:[01:12:40] CPLEX solver finished. Gap: 16.560000
[INFO]:[01:12:41] Starting CPLEX solver on instance: /home/yorig/tuner/mpils-tests/instances/miplib/medium-1/b1c1s1.mps with config: /scratch/yorig/mpils-results-grid-ticks-10000-7may/medium-1/24proc-2pils/seed-3/1_b1c1s1_seed-3_20260510_011052/expansion/config_param_CPXPARAM_MIP_Strategy_PresolveNode_3_iter_2.prm
[INFO]:[01:12:47] CPLEX results. Gap: 16.560000, upper bound: 24934.090000, lower bound: 20804.710720
[INFO]:[01:12:47] CPLEX solver finished. Gap: 16.560000
[INFO]:[01:12:47] Expansion Worker 1 completed expansion.
[INFO]:[01:12:47] Worker 1 completed expansion phase.
[INFO]:[01:12:47] Worker 1 received order for step 1.
[INFO]:[01:12:47] Worker 1 running exploration phase for iteration 3.
[INFO]:[01:12:47] Worker 1 at iteration 3 will not use a MIP start file. Current best MIP-start upper bound threshold is 1.79769e+308.
[INFO]:[01:12:47] Starting local search phase...
[INFO]:[01:12:47] Worker (ils_group_rank=1) entering parallel ILS evaluation service.
[INFO]:[01:12:47] Starting CPLEX solver on instance: /home/yorig/tuner/mpils-tests/instances/miplib/medium-1/b1c1s1.mps with config: /scratch/yorig/mpils-results-grid-ticks-10000-7may/medium-1/24proc-2pils/seed-3/1_b1c1s1_seed-3_20260510_011052/iterated_local_search/run_3_worker_0/parallel_0_1.prm
[INFO]:[01:12:53] CPLEX results. Gap: 17.470000, upper bound: 25017.990000, lower bound: 20648.080255
[INFO]:[01:12:53] CPLEX solver finished. Gap: 17.470000
[INFO]:[01:12:53] Starting CPLEX solver on instance: /home/yorig/tuner/mpils-tests/instances/miplib/medium-1/b1c1s1.mps with config: /scratch/yorig/mpils-results-grid-ticks-10000-7may/medium-1/24proc-2pils/seed-3/1_b1c1s1_seed-3_20260510_011052/iterated_local_search/run_3_worker_0/parallel_2_1.prm
[INFO]:[01:13:00] CPLEX results. Gap: 18.050000, upper bound: 25371.210000, lower bound: 20791.316517
[INFO]:[01:13:00] CPLEX solver finished. Gap: 18.050000
[INFO]:[01:13:00] Starting CPLEX solver on instance: /home/yorig/tuner/mpils-tests/instances/miplib/medium-1/b1c1s1.mps with config: /scratch/yorig/mpils-results-grid-ticks-10000-7may/medium-1/24proc-2pils/seed-3/1_b1c1s1_seed-3_20260510_011052/iterated_local_search/run_3_worker_0/parallel_4_1.prm
[INFO]:[01:13:06] CPLEX results. Gap: 21.060000, upper bound: 26166.700000, lower bound: 20655.092075
[INFO]:[01:13:06] CPLEX solver finished. Gap: 21.060000
[INFO]:[01:13:06] Starting CPLEX solver on instance: /home/yorig/tuner/mpils-tests/instances/miplib/medium-1/b1c1s1.mps with config: /scratch/yorig/mpils-results-grid-ticks-10000-7may/medium-1/24proc-2pils/seed-3/1_b1c1s1_seed-3_20260510_011052/iterated_local_search/run_3_worker_0/parallel_6_1.prm
[INFO]:[01:13:13] CPLEX results. Gap: 20.430000, upper bound: 25821.160000, lower bound: 20545.011877
[INFO]:[01:13:13] CPLEX solver finished. Gap: 20.430000
[INFO]:[01:13:13] Starting CPLEX solver on instance: /home/yorig/tuner/mpils-tests/instances/miplib/medium-1/b1c1s1.mps with config: /scratch/yorig/mpils-results-grid-ticks-10000-7may/medium-1/24proc-2pils/seed-3/1_b1c1s1_seed-3_20260510_011052/iterated_local_search/run_3_worker_0/parallel_8_1.prm
[INFO]:[01:13:19] CPLEX results. Gap: 17.470000, upper bound: 25017.990000, lower bound: 20648.080255
[INFO]:[01:13:19] CPLEX solver finished. Gap: 17.470000
[INFO]:[01:13:19] Worker (ils_group_rank=1) exiting parallel ILS evaluation service.
[INFO]:[01:13:20] Worker 1 completed exploration phase.
[INFO]:[01:13:20] Worker 1 received order for step 2.
[INFO]:[01:13:20] Worker 1 running expansion phase for iteration 3.
[INFO]:[01:13:20] Worker 1 will use solver log file: /scratch/yorig/mpils-results-grid-ticks-10000-7may/medium-1/24proc-2pils/seed-3/1_b1c1s1_seed-3_20260510_011052/solver/cplex.log_iteration_expansion_3_worker_1
[INFO]:[01:13:20] Expansion Worker 1 starting expansion for iteration 3.
[INFO]:[01:13:20] Starting CPLEX solver on instance: /home/yorig/tuner/mpils-tests/instances/miplib/medium-1/b1c1s1.mps with config: /scratch/yorig/mpils-results-grid-ticks-10000-7may/medium-1/24proc-2pils/seed-3/1_b1c1s1_seed-3_20260510_011052/expansion/config_param_CPXPARAM_Preprocessing_Symmetry_0_iter_3.prm
[INFO]:[01:13:27] CPLEX results. Gap: 16.560000, upper bound: 24934.090000, lower bound: 20804.710720
[INFO]:[01:13:27] CPLEX solver finished. Gap: 16.560000
[INFO]:[01:13:27] Starting CPLEX solver on instance: /home/yorig/tuner/mpils-tests/instances/miplib/medium-1/b1c1s1.mps with config: /scratch/yorig/mpils-results-grid-ticks-10000-7may/medium-1/24proc-2pils/seed-3/1_b1c1s1_seed-3_20260510_011052/expansion/config_param_CPXPARAM_MIP_Strategy_SubAlgorithm_4_iter_3.prm
[INFO]:[01:13:35] CPLEX results. Gap: 69.350000, upper bound: 64909.790000, lower bound: 19895.584525
[INFO]:[01:13:35] CPLEX solver finished. Gap: 69.350000
[INFO]:[01:13:35] Expansion Worker 1 completed expansion.
[INFO]:[01:13:35] Worker 1 completed expansion phase.
[INFO]:[01:13:35] Worker 1 received order for step 1.
[INFO]:[01:13:35] Worker 1 running exploration phase for iteration 4.
[INFO]:[01:13:35] Worker 1 at iteration 4 will not use a MIP start file. Current best MIP-start upper bound threshold is 1.79769e+308.
[INFO]:[01:13:35] Starting local search phase...
[INFO]:[01:13:35] Worker (ils_group_rank=1) entering parallel ILS evaluation service.
[INFO]:[01:13:35] Starting CPLEX solver on instance: /home/yorig/tuner/mpils-tests/instances/miplib/medium-1/b1c1s1.mps with config: /scratch/yorig/mpils-results-grid-ticks-10000-7may/medium-1/24proc-2pils/seed-3/1_b1c1s1_seed-3_20260510_011052/iterated_local_search/run_4_worker_0/parallel_0_1.prm
[INFO]:[01:13:41] CPLEX results. Gap: 17.470000, upper bound: 25017.990000, lower bound: 20648.080255
[INFO]:[01:13:41] CPLEX solver finished. Gap: 17.470000
[INFO]:[01:13:41] Starting CPLEX solver on instance: /home/yorig/tuner/mpils-tests/instances/miplib/medium-1/b1c1s1.mps with config: /scratch/yorig/mpils-results-grid-ticks-10000-7may/medium-1/24proc-2pils/seed-3/1_b1c1s1_seed-3_20260510_011052/iterated_local_search/run_4_worker_0/parallel_2_1.prm
[INFO]:[01:13:48] CPLEX results. Gap: 17.470000, upper bound: 25017.990000, lower bound: 20648.080255
[INFO]:[01:13:48] CPLEX solver finished. Gap: 17.470000
[INFO]:[01:13:48] Starting CPLEX solver on instance: /home/yorig/tuner/mpils-tests/instances/miplib/medium-1/b1c1s1.mps with config: /scratch/yorig/mpils-results-grid-ticks-10000-7may/medium-1/24proc-2pils/seed-3/1_b1c1s1_seed-3_20260510_011052/iterated_local_search/run_4_worker_0/parallel_4_1.prm
[INFO]:[01:13:54] CPLEX results. Gap: 21.010000, upper bound: 26347.950000, lower bound: 20813.165392
[INFO]:[01:13:54] CPLEX solver finished. Gap: 21.010000
[INFO]:[01:13:54] Starting CPLEX solver on instance: /home/yorig/tuner/mpils-tests/instances/miplib/medium-1/b1c1s1.mps with config: /scratch/yorig/mpils-results-grid-ticks-10000-7may/medium-1/24proc-2pils/seed-3/1_b1c1s1_seed-3_20260510_011052/iterated_local_search/run_4_worker_0/parallel_6_1.prm
[INFO]:[01:14:00] CPLEX results. Gap: 17.470000, upper bound: 25017.990000, lower bound: 20648.080255
[INFO]:[01:14:00] CPLEX solver finished. Gap: 17.470000
[INFO]:[01:14:00] Worker (ils_group_rank=1) exiting parallel ILS evaluation service.
[INFO]:[01:14:08] Worker 1 completed exploration phase.
[INFO]:[01:14:08] Worker 1 received order for step 2.
[INFO]:[01:14:08] Worker 1 running expansion phase for iteration 4.
[INFO]:[01:14:08] Worker 1 will use solver log file: /scratch/yorig/mpils-results-grid-ticks-10000-7may/medium-1/24proc-2pils/seed-3/1_b1c1s1_seed-3_20260510_011052/solver/cplex.log_iteration_expansion_4_worker_1
[INFO]:[01:14:08] Expansion Worker 1 starting expansion for iteration 4.
[INFO]:[01:14:08] Starting CPLEX solver on instance: /home/yorig/tuner/mpils-tests/instances/miplib/medium-1/b1c1s1.mps with config: /scratch/yorig/mpils-results-grid-ticks-10000-7may/medium-1/24proc-2pils/seed-3/1_b1c1s1_seed-3_20260510_011052/expansion/config_param_CPXPARAM_MIP_Limits_AggForCut_1_iter_4.prm
[INFO]:[01:14:15] CPLEX results. Gap: 34.550000, upper bound: 26686.230000, lower bound: 17465.069412
[INFO]:[01:14:15] CPLEX solver finished. Gap: 34.550000
[INFO]:[01:14:15] Expansion Worker 1 stopping early after global MPI expansion stop was activated.
[INFO]:[01:14:15] Expansion Worker 1 completed expansion.
[INFO]:[01:14:15] Worker 1 completed expansion phase.
[INFO]:[01:14:15] Worker 1 received order for step 1.
[INFO]:[01:14:15] Worker 1 running exploration phase for iteration 5.
[INFO]:[01:14:15] Worker 1 at iteration 5 will not use a MIP start file. Current best MIP-start upper bound threshold is 1.79769e+308.
[INFO]:[01:14:15] Starting local search phase...
[INFO]:[01:14:15] Worker (ils_group_rank=1) entering parallel ILS evaluation service.
[INFO]:[01:14:15] Starting CPLEX solver on instance: /home/yorig/tuner/mpils-tests/instances/miplib/medium-1/b1c1s1.mps with config: /scratch/yorig/mpils-results-grid-ticks-10000-7may/medium-1/24proc-2pils/seed-3/1_b1c1s1_seed-3_20260510_011052/iterated_local_search/run_5_worker_0/parallel_0_1.prm
[INFO]:[01:14:22] CPLEX results. Gap: 56.250000, upper bound: 46960.330000, lower bound: 20543.649821
[INFO]:[01:14:22] CPLEX solver finished. Gap: 56.250000
[INFO]:[01:14:22] Starting CPLEX solver on instance: /home/yorig/tuner/mpils-tests/instances/miplib/medium-1/b1c1s1.mps with config: /scratch/yorig/mpils-results-grid-ticks-10000-7may/medium-1/24proc-2pils/seed-3/1_b1c1s1_seed-3_20260510_011052/iterated_local_search/run_5_worker_0/parallel_2_1.prm
[INFO]:[01:14:28] CPLEX results. Gap: 20.880000, upper bound: 25272.190000, lower bound: 19994.989496
[INFO]:[01:14:28] CPLEX solver finished. Gap: 20.880000
[INFO]:[01:14:28] Starting CPLEX solver on instance: /home/yorig/tuner/mpils-tests/instances/miplib/medium-1/b1c1s1.mps with config: /scratch/yorig/mpils-results-grid-ticks-10000-7may/medium-1/24proc-2pils/seed-3/1_b1c1s1_seed-3_20260510_011052/iterated_local_search/run_5_worker_0/parallel_4_1.prm
[INFO]:[01:14:35] CPLEX results. Gap: 17.470000, upper bound: 25017.990000, lower bound: 20648.080255
[INFO]:[01:14:35] CPLEX solver finished. Gap: 17.470000
[INFO]:[01:14:35] Starting CPLEX solver on instance: /home/yorig/tuner/mpils-tests/instances/miplib/medium-1/b1c1s1.mps with config: /scratch/yorig/mpils-results-grid-ticks-10000-7may/medium-1/24proc-2pils/seed-3/1_b1c1s1_seed-3_20260510_011052/iterated_local_search/run_5_worker_0/parallel_6_1.prm
[INFO]:[01:14:41] CPLEX results. Gap: 18.050000, upper bound: 25371.210000, lower bound: 20791.316517
[INFO]:[01:14:41] CPLEX solver finished. Gap: 18.050000
[INFO]:[01:14:41] Starting CPLEX solver on instance: /home/yorig/tuner/mpils-tests/instances/miplib/medium-1/b1c1s1.mps with config: /scratch/yorig/mpils-results-grid-ticks-10000-7may/medium-1/24proc-2pils/seed-3/1_b1c1s1_seed-3_20260510_011052/iterated_local_search/run_5_worker_0/parallel_8_1.prm
[INFO]:[01:14:48] CPLEX results. Gap: 17.470000, upper bound: 25017.990000, lower bound: 20648.080255
[INFO]:[01:14:48] CPLEX solver finished. Gap: 17.470000
[INFO]:[01:14:48] Starting CPLEX solver on instance: /home/yorig/tuner/mpils-tests/instances/miplib/medium-1/b1c1s1.mps with config: /scratch/yorig/mpils-results-grid-ticks-10000-7may/medium-1/24proc-2pils/seed-3/1_b1c1s1_seed-3_20260510_011052/iterated_local_search/run_5_worker_0/parallel_10_1.prm
[INFO]:[01:14:55] CPLEX results. Gap: 17.650000, upper bound: 25250.120000, lower bound: 20793.728681
[INFO]:[01:14:55] CPLEX solver finished. Gap: 17.650000
[INFO]:[01:14:55] Starting CPLEX solver on instance: /home/yorig/tuner/mpils-tests/instances/miplib/medium-1/b1c1s1.mps with config: /scratch/yorig/mpils-results-grid-ticks-10000-7may/medium-1/24proc-2pils/seed-3/1_b1c1s1_seed-3_20260510_011052/iterated_local_search/run_5_worker_0/parallel_12_1.prm
[INFO]:[01:15:01] CPLEX results. Gap: 28.410000, upper bound: 28062.080000, lower bound: 20090.675288
[INFO]:[01:15:01] CPLEX solver finished. Gap: 28.410000
[INFO]:[01:15:01] Starting CPLEX solver on instance: /home/yorig/tuner/mpils-tests/instances/miplib/medium-1/b1c1s1.mps with config: /scratch/yorig/mpils-results-grid-ticks-10000-7may/medium-1/24proc-2pils/seed-3/1_b1c1s1_seed-3_20260510_011052/iterated_local_search/run_5_worker_0/parallel_14_1.prm
[INFO]:[01:15:08] CPLEX results. Gap: 16.600000, upper bound: 25000.610000, lower bound: 20850.931397
[INFO]:[01:15:08] CPLEX solver finished. Gap: 16.600000
[INFO]:[01:15:08] Starting CPLEX solver on instance: /home/yorig/tuner/mpils-tests/instances/miplib/medium-1/b1c1s1.mps with config: /scratch/yorig/mpils-results-grid-ticks-10000-7may/medium-1/24proc-2pils/seed-3/1_b1c1s1_seed-3_20260510_011052/iterated_local_search/run_5_worker_0/parallel_16_1.prm
[INFO]:[01:15:14] CPLEX results. Gap: 16.600000, upper bound: 25000.610000, lower bound: 20850.931397
[INFO]:[01:15:14] CPLEX solver finished. Gap: 16.600000
[INFO]:[01:15:14] Starting CPLEX solver on instance: /home/yorig/tuner/mpils-tests/instances/miplib/medium-1/b1c1s1.mps with config: /scratch/yorig/mpils-results-grid-ticks-10000-7may/medium-1/24proc-2pils/seed-3/1_b1c1s1_seed-3_20260510_011052/iterated_local_search/run_5_worker_0/parallel_18_1.prm
[INFO]:[01:15:21] CPLEX results. Gap: 18.710000, upper bound: 25000.610000, lower bound: 20323.713015
[INFO]:[01:15:21] CPLEX solver finished. Gap: 18.710000
[INFO]:[01:15:21] Starting CPLEX solver on instance: /home/yorig/tuner/mpils-tests/instances/miplib/medium-1/b1c1s1.mps with config: /scratch/yorig/mpils-results-grid-ticks-10000-7may/medium-1/24proc-2pils/seed-3/1_b1c1s1_seed-3_20260510_011052/iterated_local_search/run_5_worker_0/parallel_20_1.prm
[INFO]:[01:15:27] CPLEX results. Gap: 25.120000, upper bound: 27375.740000, lower bound: 20499.436663
[INFO]:[01:15:27] CPLEX solver finished. Gap: 25.120000
[INFO]:[01:15:27] Starting CPLEX solver on instance: /home/yorig/tuner/mpils-tests/instances/miplib/medium-1/b1c1s1.mps with config: /scratch/yorig/mpils-results-grid-ticks-10000-7may/medium-1/24proc-2pils/seed-3/1_b1c1s1_seed-3_20260510_011052/iterated_local_search/run_5_worker_0/parallel_22_1.prm
[INFO]:[01:15:34] CPLEX results. Gap: 16.600000, upper bound: 25000.610000, lower bound: 20850.931397
[INFO]:[01:15:34] CPLEX solver finished. Gap: 16.600000
[INFO]:[01:15:34] Starting CPLEX solver on instance: /home/yorig/tuner/mpils-tests/instances/miplib/medium-1/b1c1s1.mps with config: /scratch/yorig/mpils-results-grid-ticks-10000-7may/medium-1/24proc-2pils/seed-3/1_b1c1s1_seed-3_20260510_011052/iterated_local_search/run_5_worker_0/parallel_24_1.prm
[INFO]:[01:15:40] CPLEX results. Gap: 35.930000, upper bound: 25146.900000, lower bound: 16111.067789
[INFO]:[01:15:40] CPLEX solver finished. Gap: 35.930000
[INFO]:[01:15:41] Starting CPLEX solver on instance: /home/yorig/tuner/mpils-tests/instances/miplib/medium-1/b1c1s1.mps with config: /scratch/yorig/mpils-results-grid-ticks-10000-7may/medium-1/24proc-2pils/seed-3/1_b1c1s1_seed-3_20260510_011052/iterated_local_search/run_5_worker_0/parallel_26_1.prm
[INFO]:[01:15:47] CPLEX results. Gap: 25.740000, upper bound: 27131.520000, lower bound: 20149.180150
[INFO]:[01:15:47] CPLEX solver finished. Gap: 25.740000
[INFO]:[01:15:47] Starting CPLEX solver on instance: /home/yorig/tuner/mpils-tests/instances/miplib/medium-1/b1c1s1.mps with config: /scratch/yorig/mpils-results-grid-ticks-10000-7may/medium-1/24proc-2pils/seed-3/1_b1c1s1_seed-3_20260510_011052/iterated_local_search/run_5_worker_0/parallel_28_1.prm
[INFO]:[01:15:53] CPLEX results. Gap: 17.100000, upper bound: 25000.610000, lower bound: 20726.716214
[INFO]:[01:15:53] CPLEX solver finished. Gap: 17.100000
[INFO]:[01:15:53] Worker (ils_group_rank=1) exiting parallel ILS evaluation service.
[INFO]:[01:16:01] Worker 1 completed exploration phase.
[INFO]:[01:16:01] Worker 1 received order for step 2.
[INFO]:[01:16:01] Worker 1 running expansion phase for iteration 5.
[INFO]:[01:16:01] Worker 1 will use solver log file: /scratch/yorig/mpils-results-grid-ticks-10000-7may/medium-1/24proc-2pils/seed-3/1_b1c1s1_seed-3_20260510_011052/solver/cplex.log_iteration_expansion_5_worker_1
[INFO]:[01:16:01] Expansion Worker 1 starting expansion for iteration 5.
[INFO]:[01:16:01] Starting CPLEX solver on instance: /home/yorig/tuner/mpils-tests/instances/miplib/medium-1/b1c1s1.mps with config: /scratch/yorig/mpils-results-grid-ticks-10000-7may/medium-1/24proc-2pils/seed-3/1_b1c1s1_seed-3_20260510_011052/expansion/config_param_CPXPARAM_Simplex_Crash_0_iter_5.prm
[INFO]:[01:16:07] CPLEX results. Gap: 16.110000, upper bound: 24566.520000, lower bound: 20610.054292
[INFO]:[01:16:07] CPLEX solver finished. Gap: 16.110000
[INFO]:[01:16:08] Starting CPLEX solver on instance: /home/yorig/tuner/mpils-tests/instances/miplib/medium-1/b1c1s1.mps with config: /scratch/yorig/mpils-results-grid-ticks-10000-7may/medium-1/24proc-2pils/seed-3/1_b1c1s1_seed-3_20260510_011052/expansion/config_param_CPXPARAM_Preprocessing_Reduce_1_iter_5.prm
[INFO]:[01:16:14] CPLEX results. Gap: 22.670000, upper bound: 26348.400000, lower bound: 20375.953244
[INFO]:[01:16:14] CPLEX solver finished. Gap: 22.670000
[INFO]:[01:16:14] Expansion Worker 1 completed expansion.
[INFO]:[01:16:14] Worker 1 completed expansion phase.
[INFO]:[01:16:14] Worker 1 received order for step 1.
[INFO]:[01:16:14] Worker 1 running exploration phase for iteration 6.
[INFO]:[01:16:14] Worker 1 at iteration 6 will not use a MIP start file. Current best MIP-start upper bound threshold is 1.79769e+308.
[INFO]:[01:16:14] Starting local search phase...
[INFO]:[01:16:14] Worker (ils_group_rank=1) entering parallel ILS evaluation service.
[INFO]:[01:16:14] Starting CPLEX solver on instance: /home/yorig/tuner/mpils-tests/instances/miplib/medium-1/b1c1s1.mps with config: /scratch/yorig/mpils-results-grid-ticks-10000-7may/medium-1/24proc-2pils/seed-3/1_b1c1s1_seed-3_20260510_011052/iterated_local_search/run_6_worker_0/parallel_0_1.prm
[INFO]:[01:16:20] CPLEX results. Gap: 35.930000, upper bound: 25146.900000, lower bound: 16111.067789
[INFO]:[01:16:20] CPLEX solver finished. Gap: 35.930000
[INFO]:[01:16:20] Starting CPLEX solver on instance: /home/yorig/tuner/mpils-tests/instances/miplib/medium-1/b1c1s1.mps with config: /scratch/yorig/mpils-results-grid-ticks-10000-7may/medium-1/24proc-2pils/seed-3/1_b1c1s1_seed-3_20260510_011052/iterated_local_search/run_6_worker_0/parallel_2_1.prm
[INFO]:[01:16:26] CPLEX results. Gap: 16.600000, upper bound: 25000.610000, lower bound: 20850.931397
[INFO]:[01:16:26] CPLEX solver finished. Gap: 16.600000
[INFO]:[01:16:26] Starting CPLEX solver on instance: /home/yorig/tuner/mpils-tests/instances/miplib/medium-1/b1c1s1.mps with config: /scratch/yorig/mpils-results-grid-ticks-10000-7may/medium-1/24proc-2pils/seed-3/1_b1c1s1_seed-3_20260510_011052/iterated_local_search/run_6_worker_0/parallel_4_1.prm
[INFO]:[01:16:33] CPLEX results. Gap: 16.600000, upper bound: 25000.610000, lower bound: 20850.931397
[INFO]:[01:16:33] CPLEX solver finished. Gap: 16.600000
[INFO]:[01:16:33] Starting CPLEX solver on instance: /home/yorig/tuner/mpils-tests/instances/miplib/medium-1/b1c1s1.mps with config: /scratch/yorig/mpils-results-grid-ticks-10000-7may/medium-1/24proc-2pils/seed-3/1_b1c1s1_seed-3_20260510_011052/iterated_local_search/run_6_worker_0/parallel_6_1.prm
[INFO]:[01:16:39] CPLEX results. Gap: 20.440000, upper bound: 25917.740000, lower bound: 20620.268297
[INFO]:[01:16:39] CPLEX solver finished. Gap: 20.440000
[INFO]:[01:16:39] Starting CPLEX solver on instance: /home/yorig/tuner/mpils-tests/instances/miplib/medium-1/b1c1s1.mps with config: /scratch/yorig/mpils-results-grid-ticks-10000-7may/medium-1/24proc-2pils/seed-3/1_b1c1s1_seed-3_20260510_011052/iterated_local_search/run_6_worker_0/parallel_8_1.prm
[INFO]:[01:16:45] CPLEX results. Gap: 20.450000, upper bound: 25599.350000, lower bound: 20363.065472
[INFO]:[01:16:45] CPLEX solver finished. Gap: 20.450000
[INFO]:[01:16:45] Starting CPLEX solver on instance: /home/yorig/tuner/mpils-tests/instances/miplib/medium-1/b1c1s1.mps with config: /scratch/yorig/mpils-results-grid-ticks-10000-7may/medium-1/24proc-2pils/seed-3/1_b1c1s1_seed-3_20260510_011052/iterated_local_search/run_6_worker_0/parallel_10_1.prm
[INFO]:[01:16:51] CPLEX results. Gap: 16.600000, upper bound: 25000.610000, lower bound: 20850.931397
[INFO]:[01:16:51] CPLEX solver finished. Gap: 16.600000
[INFO]:[01:16:51] Starting CPLEX solver on instance: /home/yorig/tuner/mpils-tests/instances/miplib/medium-1/b1c1s1.mps with config: /scratch/yorig/mpils-results-grid-ticks-10000-7may/medium-1/24proc-2pils/seed-3/1_b1c1s1_seed-3_20260510_011052/iterated_local_search/run_6_worker_0/parallel_12_1.prm
[INFO]:[01:16:57] CPLEX results. Gap: 16.600000, upper bound: 25000.610000, lower bound: 20850.931397
[INFO]:[01:16:57] CPLEX solver finished. Gap: 16.600000
[INFO]:[01:16:57] Starting CPLEX solver on instance: /home/yorig/tuner/mpils-tests/instances/miplib/medium-1/b1c1s1.mps with config: /scratch/yorig/mpils-results-grid-ticks-10000-7may/medium-1/24proc-2pils/seed-3/1_b1c1s1_seed-3_20260510_011052/iterated_local_search/run_6_worker_0/parallel_14_1.prm
[INFO]:[01:17:03] CPLEX results. Gap: 16.600000, upper bound: 25000.610000, lower bound: 20850.931397
[INFO]:[01:17:03] CPLEX solver finished. Gap: 16.600000
[INFO]:[01:17:03] Starting CPLEX solver on instance: /home/yorig/tuner/mpils-tests/instances/miplib/medium-1/b1c1s1.mps with config: /scratch/yorig/mpils-results-grid-ticks-10000-7may/medium-1/24proc-2pils/seed-3/1_b1c1s1_seed-3_20260510_011052/iterated_local_search/run_6_worker_0/parallel_16_1.prm
[INFO]:[01:17:10] CPLEX results. Gap: 24.390000, upper bound: 27578.100000, lower bound: 20851.243321
[INFO]:[01:17:10] CPLEX solver finished. Gap: 24.390000
[INFO]:[01:17:10] Worker (ils_group_rank=1) exiting parallel ILS evaluation service.
[INFO]:[01:17:24] Worker 1 completed exploration phase.
[INFO]:[01:17:24] Worker 1 received order for step 2.
[INFO]:[01:17:24] Worker 1 running expansion phase for iteration 6.
[INFO]:[01:17:24] Worker 1 will use solver log file: /scratch/yorig/mpils-results-grid-ticks-10000-7may/medium-1/24proc-2pils/seed-3/1_b1c1s1_seed-3_20260510_011052/solver/cplex.log_iteration_expansion_6_worker_1
[INFO]:[01:17:24] Expansion Worker 1 starting expansion for iteration 6.
[INFO]:[01:17:24] Starting CPLEX solver on instance: /home/yorig/tuner/mpils-tests/instances/miplib/medium-1/b1c1s1.mps with config: /scratch/yorig/mpils-results-grid-ticks-10000-7may/medium-1/24proc-2pils/seed-3/1_b1c1s1_seed-3_20260510_011052/expansion/config_param_CPXPARAM_Preprocessing_Relax_1_iter_6.prm
[INFO]:[01:17:30] CPLEX results. Gap: 16.110000, upper bound: 24566.520000, lower bound: 20610.054292
[INFO]:[01:17:30] CPLEX solver finished. Gap: 16.110000
[INFO]:[01:17:30] Starting CPLEX solver on instance: /home/yorig/tuner/mpils-tests/instances/miplib/medium-1/b1c1s1.mps with config: /scratch/yorig/mpils-results-grid-ticks-10000-7may/medium-1/24proc-2pils/seed-3/1_b1c1s1_seed-3_20260510_011052/expansion/config_param_CPXPARAM_Barrier_Algorithm_3_iter_6.prm
[INFO]:[01:17:36] CPLEX results. Gap: 16.110000, upper bound: 24566.520000, lower bound: 20610.054292
[INFO]:[01:17:36] CPLEX solver finished. Gap: 16.110000
[INFO]:[01:17:36] Expansion Worker 1 completed expansion.
[INFO]:[01:17:36] Worker 1 completed expansion phase.
[INFO]:[01:17:37] Worker 1 received order for step 1.
[INFO]:[01:17:37] Worker 1 running exploration phase for iteration 7.
[INFO]:[01:17:37] Worker 1 at iteration 7 will not use a MIP start file. Current best MIP-start upper bound threshold is 1.79769e+308.
[INFO]:[01:17:37] Starting local search phase...
[INFO]:[01:17:37] Worker (ils_group_rank=1) entering parallel ILS evaluation service.
[INFO]:[01:17:37] Starting CPLEX solver on instance: /home/yorig/tuner/mpils-tests/instances/miplib/medium-1/b1c1s1.mps with config: /scratch/yorig/mpils-results-grid-ticks-10000-7may/medium-1/24proc-2pils/seed-3/1_b1c1s1_seed-3_20260510_011052/iterated_local_search/run_7_worker_0/parallel_0_1.prm
[INFO]:[01:17:43] CPLEX results. Gap: 16.600000, upper bound: 25000.610000, lower bound: 20850.931397
[INFO]:[01:17:43] CPLEX solver finished. Gap: 16.600000
[INFO]:[01:17:43] Starting CPLEX solver on instance: /home/yorig/tuner/mpils-tests/instances/miplib/medium-1/b1c1s1.mps with config: /scratch/yorig/mpils-results-grid-ticks-10000-7may/medium-1/24proc-2pils/seed-3/1_b1c1s1_seed-3_20260510_011052/iterated_local_search/run_7_worker_0/parallel_2_1.prm
[INFO]:[01:17:49] CPLEX results. Gap: 16.600000, upper bound: 25000.610000, lower bound: 20850.931397
[INFO]:[01:17:49] CPLEX solver finished. Gap: 16.600000
[INFO]:[01:17:49] Starting CPLEX solver on instance: /home/yorig/tuner/mpils-tests/instances/miplib/medium-1/b1c1s1.mps with config: /scratch/yorig/mpils-results-grid-ticks-10000-7may/medium-1/24proc-2pils/seed-3/1_b1c1s1_seed-3_20260510_011052/iterated_local_search/run_7_worker_0/parallel_4_1.prm
[INFO]:[01:17:55] CPLEX results. Gap: 37.920000, upper bound: 27578.100000, lower bound: 17121.682142
[INFO]:[01:17:55] CPLEX solver finished. Gap: 37.920000
[INFO]:[01:17:55] Starting CPLEX solver on instance: /home/yorig/tuner/mpils-tests/instances/miplib/medium-1/b1c1s1.mps with config: /scratch/yorig/mpils-results-grid-ticks-10000-7may/medium-1/24proc-2pils/seed-3/1_b1c1s1_seed-3_20260510_011052/iterated_local_search/run_7_worker_0/parallel_6_1.prm
[INFO]:[01:18:01] CPLEX results. Gap: 16.600000, upper bound: 25000.610000, lower bound: 20850.931397
[INFO]:[01:18:01] CPLEX solver finished. Gap: 16.600000
[INFO]:[01:18:01] Starting CPLEX solver on instance: /home/yorig/tuner/mpils-tests/instances/miplib/medium-1/b1c1s1.mps with config: /scratch/yorig/mpils-results-grid-ticks-10000-7may/medium-1/24proc-2pils/seed-3/1_b1c1s1_seed-3_20260510_011052/iterated_local_search/run_7_worker_0/parallel_8_1.prm
[INFO]:[01:18:07] CPLEX results. Gap: 16.600000, upper bound: 25000.610000, lower bound: 20850.931397
[INFO]:[01:18:07] CPLEX solver finished. Gap: 16.600000
[INFO]:[01:18:07] Worker (ils_group_rank=1) exiting parallel ILS evaluation service.
[INFO]:[01:18:11] Worker 1 completed exploration phase.
[INFO]:[01:18:11] Worker 1 received order for step 3.
[INFO]:[01:18:11] Worker 1 finished.
