[INFO]:[04:12:00] Worker 22 starting.
[INFO]:[04:12:00] Worker 22 received order for step 1.
[INFO]:[04:12:00] Worker 22 running exploration phase for iteration 1.
[INFO]:[04:12:00] Worker 22 at iteration 1 will not use a MIP start file. Current best MIP-start upper bound threshold is 1.79769e+308.
[INFO]:[04:12:00] Starting local search phase...
[INFO]:[04:12:00] Worker (ils_group_rank=10) entering parallel ILS evaluation service.
[INFO]:[04:12:00] Starting CPLEX solver on instance: /home/yorig/tuner/mpils-tests/instances/miplib/easy/glass4.mps with config: /scratch/yorig/mpils-results-grid-ticks-10000-7may/easy/24proc-12pils/seed-1/3_glass4_seed-1_20260510_041159/iterated_local_search/run_1_worker_12/parallel_0_10.prm
[INFO]:[04:12:09] CPLEX results. Gap: 51.780000, upper bound: 1700013500.000000, lower bound: 819791508.148423
[INFO]:[04:12:09] CPLEX solver finished. Gap: 51.780000
[INFO]:[04:12:09] Starting CPLEX solver on instance: /home/yorig/tuner/mpils-tests/instances/miplib/easy/glass4.mps with config: /scratch/yorig/mpils-results-grid-ticks-10000-7may/easy/24proc-12pils/seed-1/3_glass4_seed-1_20260510_041159/iterated_local_search/run_1_worker_12/parallel_12_10.prm
[INFO]:[04:12:17] CPLEX results. Gap: 26.670000, upper bound: 1500013200.000000, lower bound: 1100005605.901317
[INFO]:[04:12:17] CPLEX solver finished. Gap: 26.670000
[INFO]:[04:12:19] Worker (ils_group_rank=10) exiting parallel ILS evaluation service.
[INFO]:[04:12:19] Worker 22 completed exploration phase.
[INFO]:[04:12:19] Worker 22 received order for step 2.
[INFO]:[04:12:19] Worker 22 running expansion phase for iteration 1.
[INFO]:[04:12:19] Worker 22 will use solver log file: /scratch/yorig/mpils-results-grid-ticks-10000-7may/easy/24proc-12pils/seed-1/3_glass4_seed-1_20260510_041159/solver/cplex.log_iteration_expansion_1_worker_22
[INFO]:[04:12:19] Expansion Worker 22 starting expansion for iteration 1.
[INFO]:[04:12:19] Starting CPLEX solver on instance: /home/yorig/tuner/mpils-tests/instances/miplib/easy/glass4.mps with config: /scratch/yorig/mpils-results-grid-ticks-10000-7may/easy/24proc-12pils/seed-1/3_glass4_seed-1_20260510_041159/expansion/config_param_CPXPARAM_MIP_Limits_ProbeTime_5_iter_1.prm
[INFO]:[04:12:27] CPLEX results. Gap: 26.040000, upper bound: 1600013400.000000, lower bound: 1183340741.666667
[INFO]:[04:12:27] CPLEX solver finished. Gap: 26.040000
[INFO]:[04:12:27] Expansion Worker 22 stopping early after global MPI expansion stop was activated.
[INFO]:[04:12:27] Expansion Worker 22 completed expansion.
[INFO]:[04:12:27] Worker 22 completed expansion phase.
[INFO]:[04:12:28] Worker 22 received order for step 1.
[INFO]:[04:12:28] Worker 22 running exploration phase for iteration 2.
[INFO]:[04:12:28] Worker 22 at iteration 2 will not use a MIP start file. Current best MIP-start upper bound threshold is 1.79769e+308.
[INFO]:[04:12:28] Starting local search phase...
[INFO]:[04:12:28] Worker (ils_group_rank=10) entering parallel ILS evaluation service.
[INFO]:[04:12:28] Starting CPLEX solver on instance: /home/yorig/tuner/mpils-tests/instances/miplib/easy/glass4.mps with config: /scratch/yorig/mpils-results-grid-ticks-10000-7may/easy/24proc-12pils/seed-1/3_glass4_seed-1_20260510_041159/iterated_local_search/run_2_worker_12/parallel_0_10.prm
[INFO]:[04:12:35] CPLEX results. Gap: 33.330000, upper bound: 1500012650.000000, lower bound: 1000007634.280135
[INFO]:[04:12:35] CPLEX solver finished. Gap: 33.330000
[INFO]:[04:12:36] Worker (ils_group_rank=10) exiting parallel ILS evaluation service.
[INFO]:[04:12:36] Worker 22 completed exploration phase.
[INFO]:[04:12:36] Worker 22 received order for step 2.
[INFO]:[04:12:36] Worker 22 running expansion phase for iteration 2.
[INFO]:[04:12:36] Worker 22 will use solver log file: /scratch/yorig/mpils-results-grid-ticks-10000-7may/easy/24proc-12pils/seed-1/3_glass4_seed-1_20260510_041159/solver/cplex.log_iteration_expansion_2_worker_22
[INFO]:[04:12:36] Expansion Worker 22 starting expansion for iteration 2.
[INFO]:[04:12:36] Starting CPLEX solver on instance: /home/yorig/tuner/mpils-tests/instances/miplib/easy/glass4.mps with config: /scratch/yorig/mpils-results-grid-ticks-10000-7may/easy/24proc-12pils/seed-1/3_glass4_seed-1_20260510_041159/expansion/config_param_CPXPARAM_MIP_Limits_ProbeTime_40_iter_2.prm
[INFO]:[04:12:45] CPLEX results. Gap: 14.290000, upper bound: 1400013669.895722, lower bound: 1200006536.666667
[INFO]:[04:12:45] CPLEX solver finished. Gap: 14.290000
[INFO]:[04:12:45] Expansion Worker 22 stopping early after global MPI expansion stop was activated.
[INFO]:[04:12:45] Expansion Worker 22 completed expansion.
[INFO]:[04:12:45] Worker 22 completed expansion phase.
[INFO]:[04:12:45] Worker 22 received order for step 3.
[INFO]:[04:12:45] Worker 22 finished.
