[INFO]:[19:37:42] Worker 23 starting.
[INFO]:[19:37:42] Worker 23 received order for step 1.
[INFO]:[19:37:42] Worker 23 running exploration phase for iteration 1.
[INFO]:[19:37:42] Worker 23 at iteration 1 will not use a MIP start file. Current best MIP-start upper bound threshold is 1.79769e+308.
[INFO]:[19:37:42] Starting local search phase...
[INFO]:[19:37:42] Worker (ils_group_rank=1) entering parallel ILS evaluation service.
[INFO]:[19:37:42] Starting CPLEX solver on instance: /home/yorig/tuner/mpils-tests/instances/miplib/medium-2/sorrell3.mps with config: /scratch/yorig/mpils-results-grid-ticks-10000-7may/medium-2/24proc-2pils/seed-6/6_sorrell3_seed-6_20260510_193741/iterated_local_search/run_1_worker_22/parallel_0_1.prm
[INFO]:[19:37:49] CPLEX results. Gap: 42.710000, upper bound: -15.000000, lower bound: -21.407033
[INFO]:[19:37:49] CPLEX solver finished. Gap: 42.710000
[INFO]:[19:37:49] Starting CPLEX solver on instance: /home/yorig/tuner/mpils-tests/instances/miplib/medium-2/sorrell3.mps with config: /scratch/yorig/mpils-results-grid-ticks-10000-7may/medium-2/24proc-2pils/seed-6/6_sorrell3_seed-6_20260510_193741/iterated_local_search/run_1_worker_22/parallel_2_1.prm
[INFO]:[19:37:55] CPLEX results. Gap: 33.370000, upper bound: -15.000000, lower bound: -20.005596
[INFO]:[19:37:55] CPLEX solver finished. Gap: 33.370000
[INFO]:[19:37:55] Starting CPLEX solver on instance: /home/yorig/tuner/mpils-tests/instances/miplib/medium-2/sorrell3.mps with config: /scratch/yorig/mpils-results-grid-ticks-10000-7may/medium-2/24proc-2pils/seed-6/6_sorrell3_seed-6_20260510_193741/iterated_local_search/run_1_worker_22/parallel_4_1.prm
[INFO]:[19:38:02] CPLEX results. Gap: 33.370000, upper bound: -15.000000, lower bound: -20.005596
[INFO]:[19:38:02] CPLEX solver finished. Gap: 33.370000
[INFO]:[19:38:02] Starting CPLEX solver on instance: /home/yorig/tuner/mpils-tests/instances/miplib/medium-2/sorrell3.mps with config: /scratch/yorig/mpils-results-grid-ticks-10000-7may/medium-2/24proc-2pils/seed-6/6_sorrell3_seed-6_20260510_193741/iterated_local_search/run_1_worker_22/parallel_6_1.prm
[INFO]:[19:38:08] CPLEX results. Gap: 33.370000, upper bound: -15.000000, lower bound: -20.005596
[INFO]:[19:38:08] CPLEX solver finished. Gap: 33.370000
[INFO]:[19:38:08] Starting CPLEX solver on instance: /home/yorig/tuner/mpils-tests/instances/miplib/medium-2/sorrell3.mps with config: /scratch/yorig/mpils-results-grid-ticks-10000-7may/medium-2/24proc-2pils/seed-6/6_sorrell3_seed-6_20260510_193741/iterated_local_search/run_1_worker_22/parallel_8_1.prm
[INFO]:[19:38:14] CPLEX results. Gap: 33.370000, upper bound: -15.000000, lower bound: -20.005596
[INFO]:[19:38:14] CPLEX solver finished. Gap: 33.370000
[INFO]:[19:38:14] Starting CPLEX solver on instance: /home/yorig/tuner/mpils-tests/instances/miplib/medium-2/sorrell3.mps with config: /scratch/yorig/mpils-results-grid-ticks-10000-7may/medium-2/24proc-2pils/seed-6/6_sorrell3_seed-6_20260510_193741/iterated_local_search/run_1_worker_22/parallel_10_1.prm
[INFO]:[19:38:21] CPLEX results. Gap: 33.370000, upper bound: -15.000000, lower bound: -20.005596
[INFO]:[19:38:21] CPLEX solver finished. Gap: 33.370000
[INFO]:[19:38:21] Starting CPLEX solver on instance: /home/yorig/tuner/mpils-tests/instances/miplib/medium-2/sorrell3.mps with config: /scratch/yorig/mpils-results-grid-ticks-10000-7may/medium-2/24proc-2pils/seed-6/6_sorrell3_seed-6_20260510_193741/iterated_local_search/run_1_worker_22/parallel_12_1.prm
[INFO]:[19:38:27] CPLEX results. Gap: 33.370000, upper bound: -15.000000, lower bound: -20.005596
[INFO]:[19:38:27] CPLEX solver finished. Gap: 33.370000
[INFO]:[19:38:27] Starting CPLEX solver on instance: /home/yorig/tuner/mpils-tests/instances/miplib/medium-2/sorrell3.mps with config: /scratch/yorig/mpils-results-grid-ticks-10000-7may/medium-2/24proc-2pils/seed-6/6_sorrell3_seed-6_20260510_193741/iterated_local_search/run_1_worker_22/parallel_14_1.prm
[INFO]:[19:38:34] CPLEX results. Gap: 33.370000, upper bound: -15.000000, lower bound: -20.005596
[INFO]:[19:38:34] CPLEX solver finished. Gap: 33.370000
[INFO]:[19:38:34] Starting CPLEX solver on instance: /home/yorig/tuner/mpils-tests/instances/miplib/medium-2/sorrell3.mps with config: /scratch/yorig/mpils-results-grid-ticks-10000-7may/medium-2/24proc-2pils/seed-6/6_sorrell3_seed-6_20260510_193741/iterated_local_search/run_1_worker_22/parallel_16_1.prm
[INFO]:[19:38:40] CPLEX results. Gap: 33.370000, upper bound: -15.000000, lower bound: -20.005596
[INFO]:[19:38:40] CPLEX solver finished. Gap: 33.370000
[INFO]:[19:38:40] Starting CPLEX solver on instance: /home/yorig/tuner/mpils-tests/instances/miplib/medium-2/sorrell3.mps with config: /scratch/yorig/mpils-results-grid-ticks-10000-7may/medium-2/24proc-2pils/seed-6/6_sorrell3_seed-6_20260510_193741/iterated_local_search/run_1_worker_22/parallel_18_1.prm
[INFO]:[19:38:46] CPLEX results. Gap: 33.370000, upper bound: -15.000000, lower bound: -20.005596
[INFO]:[19:38:46] CPLEX solver finished. Gap: 33.370000
[INFO]:[19:38:46] Worker (ils_group_rank=1) exiting parallel ILS evaluation service.
[INFO]:[19:38:48] Worker 23 completed exploration phase.
[INFO]:[19:38:48] Worker 23 received order for step 2.
[INFO]:[19:38:48] Worker 23 running expansion phase for iteration 1.
[INFO]:[19:38:48] Worker 23 will use solver log file: /scratch/yorig/mpils-results-grid-ticks-10000-7may/medium-2/24proc-2pils/seed-6/6_sorrell3_seed-6_20260510_193741/solver/cplex.log_iteration_expansion_1_worker_23
[INFO]:[19:38:48] Expansion Worker 23 starting expansion for iteration 1.
[INFO]:[19:38:48] Starting CPLEX solver on instance: /home/yorig/tuner/mpils-tests/instances/miplib/medium-2/sorrell3.mps with config: /scratch/yorig/mpils-results-grid-ticks-10000-7may/medium-2/24proc-2pils/seed-6/6_sorrell3_seed-6_20260510_193741/expansion/config_param_CPXPARAM_MIP_Limits_ProbeTime_10_iter_1.prm
[INFO]:[19:38:55] CPLEX results. Gap: 33.570000, upper bound: -15.000000, lower bound: -20.035138
[INFO]:[19:38:55] CPLEX solver finished. Gap: 33.570000
[INFO]:[19:38:55] Expansion Worker 23 stopping early after global MPI expansion stop was activated.
[INFO]:[19:38:55] Expansion Worker 23 completed expansion.
[INFO]:[19:38:55] Worker 23 completed expansion phase.
[INFO]:[19:38:55] Worker 23 received order for step 1.
[INFO]:[19:38:55] Worker 23 running exploration phase for iteration 2.
[INFO]:[19:38:55] Worker 23 at iteration 2 will not use a MIP start file. Current best MIP-start upper bound threshold is 1.79769e+308.
[INFO]:[19:38:55] Starting local search phase...
[INFO]:[19:38:55] Worker (ils_group_rank=1) entering parallel ILS evaluation service.
[INFO]:[19:38:55] Starting CPLEX solver on instance: /home/yorig/tuner/mpils-tests/instances/miplib/medium-2/sorrell3.mps with config: /scratch/yorig/mpils-results-grid-ticks-10000-7may/medium-2/24proc-2pils/seed-6/6_sorrell3_seed-6_20260510_193741/iterated_local_search/run_2_worker_22/parallel_0_1.prm
[INFO]:[19:39:01] CPLEX results. Gap: 42.790000, upper bound: -15.000000, lower bound: -21.418937
[INFO]:[19:39:01] CPLEX solver finished. Gap: 42.790000
[INFO]:[19:39:01] Starting CPLEX solver on instance: /home/yorig/tuner/mpils-tests/instances/miplib/medium-2/sorrell3.mps with config: /scratch/yorig/mpils-results-grid-ticks-10000-7may/medium-2/24proc-2pils/seed-6/6_sorrell3_seed-6_20260510_193741/iterated_local_search/run_2_worker_22/parallel_2_1.prm
[INFO]:[19:39:08] CPLEX results. Gap: 33.830000, upper bound: -15.000000, lower bound: -20.074298
[INFO]:[19:39:08] CPLEX solver finished. Gap: 33.830000
[INFO]:[19:39:08] Starting CPLEX solver on instance: /home/yorig/tuner/mpils-tests/instances/miplib/medium-2/sorrell3.mps with config: /scratch/yorig/mpils-results-grid-ticks-10000-7may/medium-2/24proc-2pils/seed-6/6_sorrell3_seed-6_20260510_193741/iterated_local_search/run_2_worker_22/parallel_4_1.prm
[INFO]:[19:39:14] CPLEX results. Gap: 33.830000, upper bound: -15.000000, lower bound: -20.074298
[INFO]:[19:39:14] CPLEX solver finished. Gap: 33.830000
[INFO]:[19:39:14] Worker (ils_group_rank=1) exiting parallel ILS evaluation service.
[INFO]:[19:39:16] Worker 23 completed exploration phase.
[INFO]:[19:39:16] Worker 23 received order for step 2.
[INFO]:[19:39:16] Worker 23 running expansion phase for iteration 2.
[INFO]:[19:39:16] Worker 23 will use solver log file: /scratch/yorig/mpils-results-grid-ticks-10000-7may/medium-2/24proc-2pils/seed-6/6_sorrell3_seed-6_20260510_193741/solver/cplex.log_iteration_expansion_2_worker_23
[INFO]:[19:39:16] Expansion Worker 23 starting expansion for iteration 2.
[INFO]:[19:39:16] Starting CPLEX solver on instance: /home/yorig/tuner/mpils-tests/instances/miplib/medium-2/sorrell3.mps with config: /scratch/yorig/mpils-results-grid-ticks-10000-7may/medium-2/24proc-2pils/seed-6/6_sorrell3_seed-6_20260510_193741/expansion/config_param_CPXPARAM_MIP_Limits_ProbeTime_50_iter_2.prm
[INFO]:[19:39:22] CPLEX results. Gap: 33.030000, upper bound: -15.000000, lower bound: -19.954964
[INFO]:[19:39:22] CPLEX solver finished. Gap: 33.030000
[INFO]:[19:39:22] Expansion Worker 23 found an improving configuration with objective value 33.03.
[INFO]:[19:39:22] Expansion Worker 23 stopping early after global MPI expansion stop was activated.
[INFO]:[19:39:22] Expansion Worker 23 completed expansion.
[INFO]:[19:39:22] Worker 23 completed expansion phase.
[INFO]:[19:39:23] Worker 23 received order for step 1.
[INFO]:[19:39:23] Worker 23 running exploration phase for iteration 3.
[INFO]:[19:39:23] Worker 23 at iteration 3 will not use a MIP start file. Current best MIP-start upper bound threshold is 1.79769e+308.
[INFO]:[19:39:23] Starting local search phase...
[INFO]:[19:39:23] Worker (ils_group_rank=1) entering parallel ILS evaluation service.
[INFO]:[19:39:23] Starting CPLEX solver on instance: /home/yorig/tuner/mpils-tests/instances/miplib/medium-2/sorrell3.mps with config: /scratch/yorig/mpils-results-grid-ticks-10000-7may/medium-2/24proc-2pils/seed-6/6_sorrell3_seed-6_20260510_193741/iterated_local_search/run_3_worker_22/parallel_0_1.prm
[INFO]:[19:39:29] CPLEX results. Gap: 42.710000, upper bound: -15.000000, lower bound: -21.407033
[INFO]:[19:39:29] CPLEX solver finished. Gap: 42.710000
[INFO]:[19:39:29] Starting CPLEX solver on instance: /home/yorig/tuner/mpils-tests/instances/miplib/medium-2/sorrell3.mps with config: /scratch/yorig/mpils-results-grid-ticks-10000-7may/medium-2/24proc-2pils/seed-6/6_sorrell3_seed-6_20260510_193741/iterated_local_search/run_3_worker_22/parallel_2_1.prm
[INFO]:[19:39:35] CPLEX results. Gap: 33.660000, upper bound: -15.000000, lower bound: -20.049610
[INFO]:[19:39:35] CPLEX solver finished. Gap: 33.660000
[INFO]:[19:39:36] Starting CPLEX solver on instance: /home/yorig/tuner/mpils-tests/instances/miplib/medium-2/sorrell3.mps with config: /scratch/yorig/mpils-results-grid-ticks-10000-7may/medium-2/24proc-2pils/seed-6/6_sorrell3_seed-6_20260510_193741/iterated_local_search/run_3_worker_22/parallel_4_1.prm
[INFO]:[19:39:42] CPLEX results. Gap: 33.300000, upper bound: -15.000000, lower bound: -19.995572
[INFO]:[19:39:42] CPLEX solver finished. Gap: 33.300000
[INFO]:[19:39:42] Starting CPLEX solver on instance: /home/yorig/tuner/mpils-tests/instances/miplib/medium-2/sorrell3.mps with config: /scratch/yorig/mpils-results-grid-ticks-10000-7may/medium-2/24proc-2pils/seed-6/6_sorrell3_seed-6_20260510_193741/iterated_local_search/run_3_worker_22/parallel_6_1.prm
[INFO]:[19:39:48] CPLEX results. Gap: 33.570000, upper bound: -15.000000, lower bound: -20.035138
[INFO]:[19:39:48] CPLEX solver finished. Gap: 33.570000
[INFO]:[19:39:48] Starting CPLEX solver on instance: /home/yorig/tuner/mpils-tests/instances/miplib/medium-2/sorrell3.mps with config: /scratch/yorig/mpils-results-grid-ticks-10000-7may/medium-2/24proc-2pils/seed-6/6_sorrell3_seed-6_20260510_193741/iterated_local_search/run_3_worker_22/parallel_8_1.prm
[INFO]:[19:39:55] CPLEX results. Gap: 33.370000, upper bound: -15.000000, lower bound: -20.005596
[INFO]:[19:39:55] CPLEX solver finished. Gap: 33.370000
[INFO]:[19:39:55] Starting CPLEX solver on instance: /home/yorig/tuner/mpils-tests/instances/miplib/medium-2/sorrell3.mps with config: /scratch/yorig/mpils-results-grid-ticks-10000-7may/medium-2/24proc-2pils/seed-6/6_sorrell3_seed-6_20260510_193741/iterated_local_search/run_3_worker_22/parallel_10_1.prm
[INFO]:[19:40:01] CPLEX results. Gap: 33.570000, upper bound: -15.000000, lower bound: -20.035138
[INFO]:[19:40:01] CPLEX solver finished. Gap: 33.570000
[INFO]:[19:40:01] Starting CPLEX solver on instance: /home/yorig/tuner/mpils-tests/instances/miplib/medium-2/sorrell3.mps with config: /scratch/yorig/mpils-results-grid-ticks-10000-7may/medium-2/24proc-2pils/seed-6/6_sorrell3_seed-6_20260510_193741/iterated_local_search/run_3_worker_22/parallel_12_1.prm
[INFO]:[19:40:08] CPLEX results. Gap: 33.300000, upper bound: -15.000000, lower bound: -19.995572
[INFO]:[19:40:08] CPLEX solver finished. Gap: 33.300000
[INFO]:[19:40:08] Starting CPLEX solver on instance: /home/yorig/tuner/mpils-tests/instances/miplib/medium-2/sorrell3.mps with config: /scratch/yorig/mpils-results-grid-ticks-10000-7may/medium-2/24proc-2pils/seed-6/6_sorrell3_seed-6_20260510_193741/iterated_local_search/run_3_worker_22/parallel_14_1.prm
[INFO]:[19:40:14] CPLEX results. Gap: 33.300000, upper bound: -15.000000, lower bound: -19.995572
[INFO]:[19:40:14] CPLEX solver finished. Gap: 33.300000
[INFO]:[19:40:14] Starting CPLEX solver on instance: /home/yorig/tuner/mpils-tests/instances/miplib/medium-2/sorrell3.mps with config: /scratch/yorig/mpils-results-grid-ticks-10000-7may/medium-2/24proc-2pils/seed-6/6_sorrell3_seed-6_20260510_193741/iterated_local_search/run_3_worker_22/parallel_16_1.prm
[INFO]:[19:40:20] CPLEX results. Gap: 33.300000, upper bound: -15.000000, lower bound: -19.995572
[INFO]:[19:40:20] CPLEX solver finished. Gap: 33.300000
[INFO]:[19:40:20] Starting CPLEX solver on instance: /home/yorig/tuner/mpils-tests/instances/miplib/medium-2/sorrell3.mps with config: /scratch/yorig/mpils-results-grid-ticks-10000-7may/medium-2/24proc-2pils/seed-6/6_sorrell3_seed-6_20260510_193741/iterated_local_search/run_3_worker_22/parallel_18_1.prm
[INFO]:[19:40:26] CPLEX results. Gap: 38.650000, upper bound: -15.000000, lower bound: -20.797318
[INFO]:[19:40:26] CPLEX solver finished. Gap: 38.650000
[INFO]:[19:40:27] Starting CPLEX solver on instance: /home/yorig/tuner/mpils-tests/instances/miplib/medium-2/sorrell3.mps with config: /scratch/yorig/mpils-results-grid-ticks-10000-7may/medium-2/24proc-2pils/seed-6/6_sorrell3_seed-6_20260510_193741/iterated_local_search/run_3_worker_22/parallel_20_1.prm
[INFO]:[19:40:33] CPLEX results. Gap: 33.300000, upper bound: -15.000000, lower bound: -19.995572
[INFO]:[19:40:33] CPLEX solver finished. Gap: 33.300000
[INFO]:[19:40:33] Starting CPLEX solver on instance: /home/yorig/tuner/mpils-tests/instances/miplib/medium-2/sorrell3.mps with config: /scratch/yorig/mpils-results-grid-ticks-10000-7may/medium-2/24proc-2pils/seed-6/6_sorrell3_seed-6_20260510_193741/iterated_local_search/run_3_worker_22/parallel_22_1.prm
[INFO]:[19:40:39] CPLEX results. Gap: 33.300000, upper bound: -15.000000, lower bound: -19.995572
[INFO]:[19:40:39] CPLEX solver finished. Gap: 33.300000
[INFO]:[19:40:40] Starting CPLEX solver on instance: /home/yorig/tuner/mpils-tests/instances/miplib/medium-2/sorrell3.mps with config: /scratch/yorig/mpils-results-grid-ticks-10000-7may/medium-2/24proc-2pils/seed-6/6_sorrell3_seed-6_20260510_193741/iterated_local_search/run_3_worker_22/parallel_24_1.prm
[INFO]:[19:40:46] CPLEX results. Gap: 33.300000, upper bound: -15.000000, lower bound: -19.995572
[INFO]:[19:40:46] CPLEX solver finished. Gap: 33.300000
[INFO]:[19:40:46] Worker (ils_group_rank=1) exiting parallel ILS evaluation service.
[INFO]:[19:40:46] Worker 23 completed exploration phase.
[INFO]:[19:40:47] Worker 23 received order for step 2.
[INFO]:[19:40:47] Worker 23 running expansion phase for iteration 3.
[INFO]:[19:40:47] Worker 23 will use solver log file: /scratch/yorig/mpils-results-grid-ticks-10000-7may/medium-2/24proc-2pils/seed-6/6_sorrell3_seed-6_20260510_193741/solver/cplex.log_iteration_expansion_3_worker_23
[INFO]:[19:40:47] Expansion Worker 23 starting expansion for iteration 3.
[INFO]:[19:40:47] Starting CPLEX solver on instance: /home/yorig/tuner/mpils-tests/instances/miplib/medium-2/sorrell3.mps with config: /scratch/yorig/mpils-results-grid-ticks-10000-7may/medium-2/24proc-2pils/seed-6/6_sorrell3_seed-6_20260510_193741/expansion/config_param_CPXPARAM_MIP_Strategy_PresolveNode_-1_iter_3.prm
[INFO]:[19:40:53] CPLEX results. Gap: 33.030000, upper bound: -15.000000, lower bound: -19.954964
[INFO]:[19:40:53] CPLEX solver finished. Gap: 33.030000
[INFO]:[19:40:53] Expansion Worker 23 stopping early after global MPI expansion stop was activated.
[INFO]:[19:40:53] Expansion Worker 23 completed expansion.
[INFO]:[19:40:53] Worker 23 completed expansion phase.
[INFO]:[19:40:53] Worker 23 received order for step 1.
[INFO]:[19:40:53] Worker 23 running exploration phase for iteration 4.
[INFO]:[19:40:53] Worker 23 at iteration 4 will not use a MIP start file. Current best MIP-start upper bound threshold is 1.79769e+308.
[INFO]:[19:40:53] Starting local search phase...
[INFO]:[19:40:53] Worker (ils_group_rank=1) entering parallel ILS evaluation service.
[INFO]:[19:40:53] Starting CPLEX solver on instance: /home/yorig/tuner/mpils-tests/instances/miplib/medium-2/sorrell3.mps with config: /scratch/yorig/mpils-results-grid-ticks-10000-7may/medium-2/24proc-2pils/seed-6/6_sorrell3_seed-6_20260510_193741/iterated_local_search/run_4_worker_22/parallel_0_1.prm
[INFO]:[19:41:00] CPLEX results. Gap: 33.090000, upper bound: -15.000000, lower bound: -19.963334
[INFO]:[19:41:00] CPLEX solver finished. Gap: 33.090000
[INFO]:[19:41:00] Starting CPLEX solver on instance: /home/yorig/tuner/mpils-tests/instances/miplib/medium-2/sorrell3.mps with config: /scratch/yorig/mpils-results-grid-ticks-10000-7may/medium-2/24proc-2pils/seed-6/6_sorrell3_seed-6_20260510_193741/iterated_local_search/run_4_worker_22/parallel_2_1.prm
[INFO]:[19:41:06] CPLEX results. Gap: 33.090000, upper bound: -15.000000, lower bound: -19.963334
[INFO]:[19:41:06] CPLEX solver finished. Gap: 33.090000
[INFO]:[19:41:06] Starting CPLEX solver on instance: /home/yorig/tuner/mpils-tests/instances/miplib/medium-2/sorrell3.mps with config: /scratch/yorig/mpils-results-grid-ticks-10000-7may/medium-2/24proc-2pils/seed-6/6_sorrell3_seed-6_20260510_193741/iterated_local_search/run_4_worker_22/parallel_4_1.prm
[INFO]:[19:41:12] CPLEX results. Gap: 33.090000, upper bound: -15.000000, lower bound: -19.963334
[INFO]:[19:41:12] CPLEX solver finished. Gap: 33.090000
[INFO]:[19:41:12] Starting CPLEX solver on instance: /home/yorig/tuner/mpils-tests/instances/miplib/medium-2/sorrell3.mps with config: /scratch/yorig/mpils-results-grid-ticks-10000-7may/medium-2/24proc-2pils/seed-6/6_sorrell3_seed-6_20260510_193741/iterated_local_search/run_4_worker_22/parallel_6_1.prm
[INFO]:[19:41:19] CPLEX results. Gap: 33.090000, upper bound: -15.000000, lower bound: -19.963334
[INFO]:[19:41:19] CPLEX solver finished. Gap: 33.090000
[INFO]:[19:41:19] Worker (ils_group_rank=1) exiting parallel ILS evaluation service.
[INFO]:[19:41:20] Worker 23 completed exploration phase.
[INFO]:[19:41:20] Worker 23 received order for step 2.
[INFO]:[19:41:20] Worker 23 running expansion phase for iteration 4.
[INFO]:[19:41:20] Worker 23 will use solver log file: /scratch/yorig/mpils-results-grid-ticks-10000-7may/medium-2/24proc-2pils/seed-6/6_sorrell3_seed-6_20260510_193741/solver/cplex.log_iteration_expansion_4_worker_23
[INFO]:[19:41:20] Expansion Worker 23 starting expansion for iteration 4.
[INFO]:[19:41:20] Starting CPLEX solver on instance: /home/yorig/tuner/mpils-tests/instances/miplib/medium-2/sorrell3.mps with config: /scratch/yorig/mpils-results-grid-ticks-10000-7may/medium-2/24proc-2pils/seed-6/6_sorrell3_seed-6_20260510_193741/expansion/config_param_CPXPARAM_Preprocessing_Symmetry_2_iter_4.prm
[INFO]:[19:41:26] CPLEX results. Gap: 32.920000, upper bound: -15.000000, lower bound: -19.937416
[INFO]:[19:41:26] CPLEX solver finished. Gap: 32.920000
[INFO]:[19:41:34] Expansion Worker 23 completed expansion.
[INFO]:[19:41:34] Worker 23 completed expansion phase.
[INFO]:[19:41:34] Worker 23 received order for step 1.
[INFO]:[19:41:34] Worker 23 running exploration phase for iteration 5.
[INFO]:[19:41:34] Worker 23 at iteration 5 will not use a MIP start file. Current best MIP-start upper bound threshold is 1.79769e+308.
[INFO]:[19:41:34] Starting local search phase...
[INFO]:[19:41:34] Worker (ils_group_rank=1) entering parallel ILS evaluation service.
[INFO]:[19:41:34] Starting CPLEX solver on instance: /home/yorig/tuner/mpils-tests/instances/miplib/medium-2/sorrell3.mps with config: /scratch/yorig/mpils-results-grid-ticks-10000-7may/medium-2/24proc-2pils/seed-6/6_sorrell3_seed-6_20260510_193741/iterated_local_search/run_5_worker_22/parallel_0_1.prm
[INFO]:[19:41:40] CPLEX results. Gap: 33.440000, upper bound: -15.000000, lower bound: -20.015956
[INFO]:[19:41:40] CPLEX solver finished. Gap: 33.440000
[INFO]:[19:41:41] Starting CPLEX solver on instance: /home/yorig/tuner/mpils-tests/instances/miplib/medium-2/sorrell3.mps with config: /scratch/yorig/mpils-results-grid-ticks-10000-7may/medium-2/24proc-2pils/seed-6/6_sorrell3_seed-6_20260510_193741/iterated_local_search/run_5_worker_22/parallel_2_1.prm
[INFO]:[19:41:47] CPLEX results. Gap: 33.360000, upper bound: -15.000000, lower bound: -20.004248
[INFO]:[19:41:47] CPLEX solver finished. Gap: 33.360000
[INFO]:[19:41:47] Starting CPLEX solver on instance: /home/yorig/tuner/mpils-tests/instances/miplib/medium-2/sorrell3.mps with config: /scratch/yorig/mpils-results-grid-ticks-10000-7may/medium-2/24proc-2pils/seed-6/6_sorrell3_seed-6_20260510_193741/iterated_local_search/run_5_worker_22/parallel_4_1.prm
[INFO]:[19:41:53] CPLEX results. Gap: 33.360000, upper bound: -15.000000, lower bound: -20.004248
[INFO]:[19:41:53] CPLEX solver finished. Gap: 33.360000
[INFO]:[19:41:53] Starting CPLEX solver on instance: /home/yorig/tuner/mpils-tests/instances/miplib/medium-2/sorrell3.mps with config: /scratch/yorig/mpils-results-grid-ticks-10000-7may/medium-2/24proc-2pils/seed-6/6_sorrell3_seed-6_20260510_193741/iterated_local_search/run_5_worker_22/parallel_6_1.prm
[INFO]:[19:42:00] CPLEX results. Gap: 33.360000, upper bound: -15.000000, lower bound: -20.004248
[INFO]:[19:42:00] CPLEX solver finished. Gap: 33.360000
[INFO]:[19:42:00] Starting CPLEX solver on instance: /home/yorig/tuner/mpils-tests/instances/miplib/medium-2/sorrell3.mps with config: /scratch/yorig/mpils-results-grid-ticks-10000-7may/medium-2/24proc-2pils/seed-6/6_sorrell3_seed-6_20260510_193741/iterated_local_search/run_5_worker_22/parallel_8_1.prm
[INFO]:[19:42:06] CPLEX results. Gap: 33.360000, upper bound: -15.000000, lower bound: -20.004248
[INFO]:[19:42:06] CPLEX solver finished. Gap: 33.360000
[INFO]:[19:42:06] Worker (ils_group_rank=1) exiting parallel ILS evaluation service.
[INFO]:[19:42:10] Worker 23 completed exploration phase.
[INFO]:[19:42:10] Worker 23 received order for step 2.
[INFO]:[19:42:10] Worker 23 running expansion phase for iteration 5.
[INFO]:[19:42:10] Worker 23 will use solver log file: /scratch/yorig/mpils-results-grid-ticks-10000-7may/medium-2/24proc-2pils/seed-6/6_sorrell3_seed-6_20260510_193741/solver/cplex.log_iteration_expansion_5_worker_23
[INFO]:[19:42:10] Expansion Worker 23 starting expansion for iteration 5.
[INFO]:[19:42:10] Starting CPLEX solver on instance: /home/yorig/tuner/mpils-tests/instances/miplib/medium-2/sorrell3.mps with config: /scratch/yorig/mpils-results-grid-ticks-10000-7may/medium-2/24proc-2pils/seed-6/6_sorrell3_seed-6_20260510_193741/expansion/config_param_CPXPARAM_MIP_Limits_AggForCut_0_iter_5.prm
[INFO]:[19:42:16] CPLEX results. Gap: 32.920000, upper bound: -15.000000, lower bound: -19.937416
[INFO]:[19:42:16] CPLEX solver finished. Gap: 32.920000
[INFO]:[19:42:16] Expansion Worker 23 stopping early after global MPI expansion stop was activated.
[INFO]:[19:42:16] Expansion Worker 23 completed expansion.
[INFO]:[19:42:16] Worker 23 completed expansion phase.
[INFO]:[19:42:17] Worker 23 received order for step 1.
[INFO]:[19:42:17] Worker 23 running exploration phase for iteration 6.
[INFO]:[19:42:17] Worker 23 at iteration 6 will not use a MIP start file. Current best MIP-start upper bound threshold is 1.79769e+308.
[INFO]:[19:42:17] Starting local search phase...
[INFO]:[19:42:17] Worker (ils_group_rank=1) entering parallel ILS evaluation service.
[INFO]:[19:42:17] Starting CPLEX solver on instance: /home/yorig/tuner/mpils-tests/instances/miplib/medium-2/sorrell3.mps with config: /scratch/yorig/mpils-results-grid-ticks-10000-7may/medium-2/24proc-2pils/seed-6/6_sorrell3_seed-6_20260510_193741/iterated_local_search/run_6_worker_22/parallel_0_1.prm
[INFO]:[19:42:23] CPLEX results. Gap: 33.520000, upper bound: -16.000000, lower bound: -21.363018
[INFO]:[19:42:23] CPLEX solver finished. Gap: 33.520000
[INFO]:[19:42:23] Starting CPLEX solver on instance: /home/yorig/tuner/mpils-tests/instances/miplib/medium-2/sorrell3.mps with config: /scratch/yorig/mpils-results-grid-ticks-10000-7may/medium-2/24proc-2pils/seed-6/6_sorrell3_seed-6_20260510_193741/iterated_local_search/run_6_worker_22/parallel_2_1.prm
[INFO]:[19:42:30] CPLEX results. Gap: 33.520000, upper bound: -16.000000, lower bound: -21.363018
[INFO]:[19:42:30] CPLEX solver finished. Gap: 33.520000
[INFO]:[19:42:30] Starting CPLEX solver on instance: /home/yorig/tuner/mpils-tests/instances/miplib/medium-2/sorrell3.mps with config: /scratch/yorig/mpils-results-grid-ticks-10000-7may/medium-2/24proc-2pils/seed-6/6_sorrell3_seed-6_20260510_193741/iterated_local_search/run_6_worker_22/parallel_4_1.prm
[INFO]:[19:42:36] CPLEX results. Gap: 33.370000, upper bound: -15.000000, lower bound: -20.005596
[INFO]:[19:42:36] CPLEX solver finished. Gap: 33.370000
[INFO]:[19:42:36] Starting CPLEX solver on instance: /home/yorig/tuner/mpils-tests/instances/miplib/medium-2/sorrell3.mps with config: /scratch/yorig/mpils-results-grid-ticks-10000-7may/medium-2/24proc-2pils/seed-6/6_sorrell3_seed-6_20260510_193741/iterated_local_search/run_6_worker_22/parallel_6_1.prm
[INFO]:[19:42:42] CPLEX results. Gap: 33.370000, upper bound: -15.000000, lower bound: -20.005596
[INFO]:[19:42:42] CPLEX solver finished. Gap: 33.370000
[INFO]:[19:42:42] Starting CPLEX solver on instance: /home/yorig/tuner/mpils-tests/instances/miplib/medium-2/sorrell3.mps with config: /scratch/yorig/mpils-results-grid-ticks-10000-7may/medium-2/24proc-2pils/seed-6/6_sorrell3_seed-6_20260510_193741/iterated_local_search/run_6_worker_22/parallel_8_1.prm
[INFO]:[19:42:49] CPLEX results. Gap: 33.370000, upper bound: -15.000000, lower bound: -20.005596
[INFO]:[19:42:49] CPLEX solver finished. Gap: 33.370000
[INFO]:[19:42:49] Worker (ils_group_rank=1) exiting parallel ILS evaluation service.
[INFO]:[19:42:51] Worker 23 completed exploration phase.
[INFO]:[19:42:51] Worker 23 received order for step 2.
[INFO]:[19:42:51] Worker 23 running expansion phase for iteration 6.
[INFO]:[19:42:51] Worker 23 will use solver log file: /scratch/yorig/mpils-results-grid-ticks-10000-7may/medium-2/24proc-2pils/seed-6/6_sorrell3_seed-6_20260510_193741/solver/cplex.log_iteration_expansion_6_worker_23
[INFO]:[19:42:51] Expansion Worker 23 starting expansion for iteration 6.
[INFO]:[19:42:51] Starting CPLEX solver on instance: /home/yorig/tuner/mpils-tests/instances/miplib/medium-2/sorrell3.mps with config: /scratch/yorig/mpils-results-grid-ticks-10000-7may/medium-2/24proc-2pils/seed-6/6_sorrell3_seed-6_20260510_193741/expansion/config_param_CPXPARAM_Preprocessing_Fill_5_iter_6.prm
[INFO]:[19:42:57] CPLEX results. Gap: 32.800000, upper bound: -15.000000, lower bound: -19.919394
[INFO]:[19:42:57] CPLEX solver finished. Gap: 32.800000
[INFO]:[19:43:04] Expansion Worker 23 completed expansion.
[INFO]:[19:43:04] Worker 23 completed expansion phase.
[INFO]:[19:43:04] Worker 23 received order for step 1.
[INFO]:[19:43:04] Worker 23 running exploration phase for iteration 7.
[INFO]:[19:43:04] Worker 23 at iteration 7 will not use a MIP start file. Current best MIP-start upper bound threshold is 1.79769e+308.
[INFO]:[19:43:04] Starting local search phase...
[INFO]:[19:43:04] Worker (ils_group_rank=1) entering parallel ILS evaluation service.
[INFO]:[19:43:04] Starting CPLEX solver on instance: /home/yorig/tuner/mpils-tests/instances/miplib/medium-2/sorrell3.mps with config: /scratch/yorig/mpils-results-grid-ticks-10000-7may/medium-2/24proc-2pils/seed-6/6_sorrell3_seed-6_20260510_193741/iterated_local_search/run_7_worker_22/parallel_0_1.prm
[INFO]:[19:43:10] CPLEX results. Gap: 33.850000, upper bound: -16.000000, lower bound: -21.416296
[INFO]:[19:43:10] CPLEX solver finished. Gap: 33.850000
[INFO]:[19:43:10] Starting CPLEX solver on instance: /home/yorig/tuner/mpils-tests/instances/miplib/medium-2/sorrell3.mps with config: /scratch/yorig/mpils-results-grid-ticks-10000-7may/medium-2/24proc-2pils/seed-6/6_sorrell3_seed-6_20260510_193741/iterated_local_search/run_7_worker_22/parallel_2_1.prm
[INFO]:[19:43:17] CPLEX results. Gap: 33.850000, upper bound: -16.000000, lower bound: -21.416296
[INFO]:[19:43:17] CPLEX solver finished. Gap: 33.850000
[INFO]:[19:43:17] Starting CPLEX solver on instance: /home/yorig/tuner/mpils-tests/instances/miplib/medium-2/sorrell3.mps with config: /scratch/yorig/mpils-results-grid-ticks-10000-7may/medium-2/24proc-2pils/seed-6/6_sorrell3_seed-6_20260510_193741/iterated_local_search/run_7_worker_22/parallel_4_1.prm
[INFO]:[19:43:23] CPLEX results. Gap: 42.780000, upper bound: -15.000000, lower bound: -21.416296
[INFO]:[19:43:23] CPLEX solver finished. Gap: 42.780000
[INFO]:[19:43:23] Starting CPLEX solver on instance: /home/yorig/tuner/mpils-tests/instances/miplib/medium-2/sorrell3.mps with config: /scratch/yorig/mpils-results-grid-ticks-10000-7may/medium-2/24proc-2pils/seed-6/6_sorrell3_seed-6_20260510_193741/iterated_local_search/run_7_worker_22/parallel_6_1.prm
[INFO]:[19:43:29] CPLEX results. Gap: 33.850000, upper bound: -16.000000, lower bound: -21.416296
[INFO]:[19:43:29] CPLEX solver finished. Gap: 33.850000
[INFO]:[19:43:29] Starting CPLEX solver on instance: /home/yorig/tuner/mpils-tests/instances/miplib/medium-2/sorrell3.mps with config: /scratch/yorig/mpils-results-grid-ticks-10000-7may/medium-2/24proc-2pils/seed-6/6_sorrell3_seed-6_20260510_193741/iterated_local_search/run_7_worker_22/parallel_8_1.prm
[INFO]:[19:43:35] CPLEX results. Gap: 33.850000, upper bound: -16.000000, lower bound: -21.416296
[INFO]:[19:43:35] CPLEX solver finished. Gap: 33.850000
[INFO]:[19:43:35] Worker (ils_group_rank=1) exiting parallel ILS evaluation service.
[INFO]:[19:43:45] Worker 23 completed exploration phase.
[INFO]:[19:43:45] Worker 23 received order for step 2.
[INFO]:[19:43:45] Worker 23 running expansion phase for iteration 7.
[INFO]:[19:43:45] Worker 23 will use solver log file: /scratch/yorig/mpils-results-grid-ticks-10000-7may/medium-2/24proc-2pils/seed-6/6_sorrell3_seed-6_20260510_193741/solver/cplex.log_iteration_expansion_7_worker_23
[INFO]:[19:43:45] Expansion Worker 23 starting expansion for iteration 7.
[INFO]:[19:43:45] Starting CPLEX solver on instance: /home/yorig/tuner/mpils-tests/instances/miplib/medium-2/sorrell3.mps with config: /scratch/yorig/mpils-results-grid-ticks-10000-7may/medium-2/24proc-2pils/seed-6/6_sorrell3_seed-6_20260510_193741/expansion/config_param_CPXPARAM_Network_Pricing_3_iter_7.prm
[INFO]:[19:43:52] CPLEX results. Gap: 32.800000, upper bound: -15.000000, lower bound: -19.919394
[INFO]:[19:43:52] CPLEX solver finished. Gap: 32.800000
[INFO]:[19:43:52] Expansion Worker 23 stopping early after global MPI expansion stop was activated.
[INFO]:[19:43:52] Expansion Worker 23 completed expansion.
[INFO]:[19:43:52] Worker 23 completed expansion phase.
[INFO]:[19:43:52] Worker 23 received order for step 1.
[INFO]:[19:43:52] Worker 23 running exploration phase for iteration 8.
[INFO]:[19:43:52] Worker 23 at iteration 8 will not use a MIP start file. Current best MIP-start upper bound threshold is 1.79769e+308.
[INFO]:[19:43:52] Starting local search phase...
[INFO]:[19:43:52] Worker (ils_group_rank=1) entering parallel ILS evaluation service.
[INFO]:[19:43:52] Starting CPLEX solver on instance: /home/yorig/tuner/mpils-tests/instances/miplib/medium-2/sorrell3.mps with config: /scratch/yorig/mpils-results-grid-ticks-10000-7may/medium-2/24proc-2pils/seed-6/6_sorrell3_seed-6_20260510_193741/iterated_local_search/run_8_worker_22/parallel_0_1.prm
[INFO]:[19:43:59] CPLEX results. Gap: 42.920000, upper bound: -15.000000, lower bound: -21.438064
[INFO]:[19:43:59] CPLEX solver finished. Gap: 42.920000
[INFO]:[19:43:59] Starting CPLEX solver on instance: /home/yorig/tuner/mpils-tests/instances/miplib/medium-2/sorrell3.mps with config: /scratch/yorig/mpils-results-grid-ticks-10000-7may/medium-2/24proc-2pils/seed-6/6_sorrell3_seed-6_20260510_193741/iterated_local_search/run_8_worker_22/parallel_2_1.prm
[INFO]:[19:44:05] CPLEX results. Gap: 29.570000, upper bound: -16.000000, lower bound: -20.731116
[INFO]:[19:44:05] CPLEX solver finished. Gap: 29.570000
[INFO]:[19:44:05] Starting CPLEX solver on instance: /home/yorig/tuner/mpils-tests/instances/miplib/medium-2/sorrell3.mps with config: /scratch/yorig/mpils-results-grid-ticks-10000-7may/medium-2/24proc-2pils/seed-6/6_sorrell3_seed-6_20260510_193741/iterated_local_search/run_8_worker_22/parallel_4_1.prm
[INFO]:[19:44:10] CPLEX results. Gap: 34.090000, upper bound: -15.000000, lower bound: -20.113493
[INFO]:[19:44:10] CPLEX solver finished. Gap: 34.090000
[INFO]:[19:44:11] Starting CPLEX solver on instance: /home/yorig/tuner/mpils-tests/instances/miplib/medium-2/sorrell3.mps with config: /scratch/yorig/mpils-results-grid-ticks-10000-7may/medium-2/24proc-2pils/seed-6/6_sorrell3_seed-6_20260510_193741/iterated_local_search/run_8_worker_22/parallel_6_1.prm
[INFO]:[19:44:17] CPLEX results. Gap: 29.570000, upper bound: -16.000000, lower bound: -20.731116
[INFO]:[19:44:17] CPLEX solver finished. Gap: 29.570000
[INFO]:[19:44:17] Starting CPLEX solver on instance: /home/yorig/tuner/mpils-tests/instances/miplib/medium-2/sorrell3.mps with config: /scratch/yorig/mpils-results-grid-ticks-10000-7may/medium-2/24proc-2pils/seed-6/6_sorrell3_seed-6_20260510_193741/iterated_local_search/run_8_worker_22/parallel_8_1.prm
[INFO]:[19:44:23] CPLEX results. Gap: 29.570000, upper bound: -16.000000, lower bound: -20.731116
[INFO]:[19:44:23] CPLEX solver finished. Gap: 29.570000
[INFO]:[19:44:23] Starting CPLEX solver on instance: /home/yorig/tuner/mpils-tests/instances/miplib/medium-2/sorrell3.mps with config: /scratch/yorig/mpils-results-grid-ticks-10000-7may/medium-2/24proc-2pils/seed-6/6_sorrell3_seed-6_20260510_193741/iterated_local_search/run_8_worker_22/parallel_10_1.prm
[INFO]:[19:44:29] CPLEX results. Gap: 29.570000, upper bound: -16.000000, lower bound: -20.731116
[INFO]:[19:44:29] CPLEX solver finished. Gap: 29.570000
[INFO]:[19:44:29] Starting CPLEX solver on instance: /home/yorig/tuner/mpils-tests/instances/miplib/medium-2/sorrell3.mps with config: /scratch/yorig/mpils-results-grid-ticks-10000-7may/medium-2/24proc-2pils/seed-6/6_sorrell3_seed-6_20260510_193741/iterated_local_search/run_8_worker_22/parallel_12_1.prm
[INFO]:[19:44:35] CPLEX results. Gap: 34.090000, upper bound: -15.000000, lower bound: -20.113493
[INFO]:[19:44:35] CPLEX solver finished. Gap: 34.090000
[INFO]:[19:44:35] Starting CPLEX solver on instance: /home/yorig/tuner/mpils-tests/instances/miplib/medium-2/sorrell3.mps with config: /scratch/yorig/mpils-results-grid-ticks-10000-7may/medium-2/24proc-2pils/seed-6/6_sorrell3_seed-6_20260510_193741/iterated_local_search/run_8_worker_22/parallel_14_1.prm
[INFO]:[19:44:42] CPLEX results. Gap: 29.570000, upper bound: -16.000000, lower bound: -20.731116
[INFO]:[19:44:42] CPLEX solver finished. Gap: 29.570000
[INFO]:[19:44:42] Starting CPLEX solver on instance: /home/yorig/tuner/mpils-tests/instances/miplib/medium-2/sorrell3.mps with config: /scratch/yorig/mpils-results-grid-ticks-10000-7may/medium-2/24proc-2pils/seed-6/6_sorrell3_seed-6_20260510_193741/iterated_local_search/run_8_worker_22/parallel_16_1.prm
[INFO]:[19:44:48] CPLEX results. Gap: 29.570000, upper bound: -16.000000, lower bound: -20.731116
[INFO]:[19:44:48] CPLEX solver finished. Gap: 29.570000
[INFO]:[19:44:48] Starting CPLEX solver on instance: /home/yorig/tuner/mpils-tests/instances/miplib/medium-2/sorrell3.mps with config: /scratch/yorig/mpils-results-grid-ticks-10000-7may/medium-2/24proc-2pils/seed-6/6_sorrell3_seed-6_20260510_193741/iterated_local_search/run_8_worker_22/parallel_18_1.prm
[INFO]:[19:44:54] CPLEX results. Gap: 29.360000, upper bound: -16.000000, lower bound: -20.696922
[INFO]:[19:44:54] CPLEX solver finished. Gap: 29.360000
[INFO]:[19:44:54] Starting CPLEX solver on instance: /home/yorig/tuner/mpils-tests/instances/miplib/medium-2/sorrell3.mps with config: /scratch/yorig/mpils-results-grid-ticks-10000-7may/medium-2/24proc-2pils/seed-6/6_sorrell3_seed-6_20260510_193741/iterated_local_search/run_8_worker_22/parallel_20_1.prm
[INFO]:[19:45:00] CPLEX results. Gap: 30.050000, upper bound: -16.000000, lower bound: -20.808581
[INFO]:[19:45:00] CPLEX solver finished. Gap: 30.050000
[INFO]:[19:45:00] Starting CPLEX solver on instance: /home/yorig/tuner/mpils-tests/instances/miplib/medium-2/sorrell3.mps with config: /scratch/yorig/mpils-results-grid-ticks-10000-7may/medium-2/24proc-2pils/seed-6/6_sorrell3_seed-6_20260510_193741/iterated_local_search/run_8_worker_22/parallel_22_1.prm
[INFO]:[19:45:06] CPLEX results. Gap: 29.360000, upper bound: -16.000000, lower bound: -20.696922
[INFO]:[19:45:06] CPLEX solver finished. Gap: 29.360000
[INFO]:[19:45:06] Starting CPLEX solver on instance: /home/yorig/tuner/mpils-tests/instances/miplib/medium-2/sorrell3.mps with config: /scratch/yorig/mpils-results-grid-ticks-10000-7may/medium-2/24proc-2pils/seed-6/6_sorrell3_seed-6_20260510_193741/iterated_local_search/run_8_worker_22/parallel_24_1.prm
[INFO]:[19:45:12] CPLEX results. Gap: 29.170000, upper bound: -16.000000, lower bound: -20.666911
[INFO]:[19:45:12] CPLEX solver finished. Gap: 29.170000
[INFO]:[19:45:13] Starting CPLEX solver on instance: /home/yorig/tuner/mpils-tests/instances/miplib/medium-2/sorrell3.mps with config: /scratch/yorig/mpils-results-grid-ticks-10000-7may/medium-2/24proc-2pils/seed-6/6_sorrell3_seed-6_20260510_193741/iterated_local_search/run_8_worker_22/parallel_26_1.prm
[INFO]:[19:45:19] CPLEX results. Gap: 29.170000, upper bound: -16.000000, lower bound: -20.666911
[INFO]:[19:45:19] CPLEX solver finished. Gap: 29.170000
[INFO]:[19:45:19] Starting CPLEX solver on instance: /home/yorig/tuner/mpils-tests/instances/miplib/medium-2/sorrell3.mps with config: /scratch/yorig/mpils-results-grid-ticks-10000-7may/medium-2/24proc-2pils/seed-6/6_sorrell3_seed-6_20260510_193741/iterated_local_search/run_8_worker_22/parallel_28_1.prm
[INFO]:[19:45:25] CPLEX results. Gap: 29.170000, upper bound: -16.000000, lower bound: -20.666911
[INFO]:[19:45:25] CPLEX solver finished. Gap: 29.170000
[INFO]:[19:45:25] Worker (ils_group_rank=1) exiting parallel ILS evaluation service.
[INFO]:[19:45:28] Worker 23 completed exploration phase.
[INFO]:[19:45:28] Worker 23 received order for step 2.
[INFO]:[19:45:28] Worker 23 running expansion phase for iteration 8.
[INFO]:[19:45:28] Worker 23 will use solver log file: /scratch/yorig/mpils-results-grid-ticks-10000-7may/medium-2/24proc-2pils/seed-6/6_sorrell3_seed-6_20260510_193741/solver/cplex.log_iteration_expansion_8_worker_23
[INFO]:[19:45:28] Expansion Worker 23 starting expansion for iteration 8.
[INFO]:[19:45:28] Starting CPLEX solver on instance: /home/yorig/tuner/mpils-tests/instances/miplib/medium-2/sorrell3.mps with config: /scratch/yorig/mpils-results-grid-ticks-10000-7may/medium-2/24proc-2pils/seed-6/6_sorrell3_seed-6_20260510_193741/expansion/config_param_CPXPARAM_LPMethod_3_iter_8.prm
[INFO]:[19:45:34] CPLEX results. Gap: 25.650000, upper bound: -16.000000, lower bound: -20.104526
[INFO]:[19:45:34] CPLEX solver finished. Gap: 25.650000
[INFO]:[19:45:34] Expansion Worker 23 stopping early after global MPI expansion stop was activated.
[INFO]:[19:45:34] Expansion Worker 23 completed expansion.
[INFO]:[19:45:34] Worker 23 completed expansion phase.
[INFO]:[19:45:35] Worker 23 received order for step 1.
[INFO]:[19:45:35] Worker 23 running exploration phase for iteration 9.
[INFO]:[19:45:35] Worker 23 at iteration 9 will not use a MIP start file. Current best MIP-start upper bound threshold is 1.79769e+308.
[INFO]:[19:45:35] Starting local search phase...
[INFO]:[19:45:35] Worker (ils_group_rank=1) entering parallel ILS evaluation service.
[INFO]:[19:45:35] Starting CPLEX solver on instance: /home/yorig/tuner/mpils-tests/instances/miplib/medium-2/sorrell3.mps with config: /scratch/yorig/mpils-results-grid-ticks-10000-7may/medium-2/24proc-2pils/seed-6/6_sorrell3_seed-6_20260510_193741/iterated_local_search/run_9_worker_22/parallel_0_1.prm
[INFO]:[19:45:41] CPLEX results. Gap: 42.430000, upper bound: -15.000000, lower bound: -21.365060
[INFO]:[19:45:41] CPLEX solver finished. Gap: 42.430000
[INFO]:[19:45:42] Starting CPLEX solver on instance: /home/yorig/tuner/mpils-tests/instances/miplib/medium-2/sorrell3.mps with config: /scratch/yorig/mpils-results-grid-ticks-10000-7may/medium-2/24proc-2pils/seed-6/6_sorrell3_seed-6_20260510_193741/iterated_local_search/run_9_worker_22/parallel_2_1.prm
[INFO]:[19:45:48] CPLEX results. Gap: 42.430000, upper bound: -15.000000, lower bound: -21.365060
[INFO]:[19:45:48] CPLEX solver finished. Gap: 42.430000
[INFO]:[19:45:48] Starting CPLEX solver on instance: /home/yorig/tuner/mpils-tests/instances/miplib/medium-2/sorrell3.mps with config: /scratch/yorig/mpils-results-grid-ticks-10000-7may/medium-2/24proc-2pils/seed-6/6_sorrell3_seed-6_20260510_193741/iterated_local_search/run_9_worker_22/parallel_4_1.prm
[INFO]:[19:45:54] CPLEX results. Gap: 42.430000, upper bound: -15.000000, lower bound: -21.364792
[INFO]:[19:45:54] CPLEX solver finished. Gap: 42.430000
[INFO]:[19:45:55] Starting CPLEX solver on instance: /home/yorig/tuner/mpils-tests/instances/miplib/medium-2/sorrell3.mps with config: /scratch/yorig/mpils-results-grid-ticks-10000-7may/medium-2/24proc-2pils/seed-6/6_sorrell3_seed-6_20260510_193741/iterated_local_search/run_9_worker_22/parallel_6_1.prm
[INFO]:[19:46:01] CPLEX results. Gap: 42.750000, upper bound: -15.000000, lower bound: -21.412908
[INFO]:[19:46:01] CPLEX solver finished. Gap: 42.750000
[INFO]:[19:46:01] Starting CPLEX solver on instance: /home/yorig/tuner/mpils-tests/instances/miplib/medium-2/sorrell3.mps with config: /scratch/yorig/mpils-results-grid-ticks-10000-7may/medium-2/24proc-2pils/seed-6/6_sorrell3_seed-6_20260510_193741/iterated_local_search/run_9_worker_22/parallel_8_1.prm
[INFO]:[19:46:06] CPLEX results. Gap: 42.920000, upper bound: -15.000000, lower bound: -21.437967
[INFO]:[19:46:06] CPLEX solver finished. Gap: 42.920000
[INFO]:[19:46:07] Starting CPLEX solver on instance: /home/yorig/tuner/mpils-tests/instances/miplib/medium-2/sorrell3.mps with config: /scratch/yorig/mpils-results-grid-ticks-10000-7may/medium-2/24proc-2pils/seed-6/6_sorrell3_seed-6_20260510_193741/iterated_local_search/run_9_worker_22/parallel_10_1.prm
[INFO]:[19:46:14] CPLEX results. Gap: 33.030000, upper bound: -15.000000, lower bound: -19.954964
[INFO]:[19:46:14] CPLEX solver finished. Gap: 33.030000
[INFO]:[19:46:14] Starting CPLEX solver on instance: /home/yorig/tuner/mpils-tests/instances/miplib/medium-2/sorrell3.mps with config: /scratch/yorig/mpils-results-grid-ticks-10000-7may/medium-2/24proc-2pils/seed-6/6_sorrell3_seed-6_20260510_193741/iterated_local_search/run_9_worker_22/parallel_12_1.prm
[INFO]:[19:46:20] CPLEX results. Gap: 42.420000, upper bound: -15.000000, lower bound: -21.363018
[INFO]:[19:46:20] CPLEX solver finished. Gap: 42.420000
[INFO]:[19:46:20] Starting CPLEX solver on instance: /home/yorig/tuner/mpils-tests/instances/miplib/medium-2/sorrell3.mps with config: /scratch/yorig/mpils-results-grid-ticks-10000-7may/medium-2/24proc-2pils/seed-6/6_sorrell3_seed-6_20260510_193741/iterated_local_search/run_9_worker_22/parallel_14_1.prm
[INFO]:[19:46:27] CPLEX results. Gap: 32.880000, upper bound: -15.000000, lower bound: -19.932606
[INFO]:[19:46:27] CPLEX solver finished. Gap: 32.880000
[INFO]:[19:46:27] Starting CPLEX solver on instance: /home/yorig/tuner/mpils-tests/instances/miplib/medium-2/sorrell3.mps with config: /scratch/yorig/mpils-results-grid-ticks-10000-7may/medium-2/24proc-2pils/seed-6/6_sorrell3_seed-6_20260510_193741/iterated_local_search/run_9_worker_22/parallel_16_1.prm
[INFO]:[19:46:33] CPLEX results. Gap: 32.880000, upper bound: -15.000000, lower bound: -19.932606
[INFO]:[19:46:33] CPLEX solver finished. Gap: 32.880000
[INFO]:[19:46:33] Worker (ils_group_rank=1) exiting parallel ILS evaluation service.
[INFO]:[19:46:33] Worker 23 completed exploration phase.
[INFO]:[19:46:33] Worker 23 received order for step 2.
[INFO]:[19:46:33] Worker 23 running expansion phase for iteration 9.
[INFO]:[19:46:33] Worker 23 will use solver log file: /scratch/yorig/mpils-results-grid-ticks-10000-7may/medium-2/24proc-2pils/seed-6/6_sorrell3_seed-6_20260510_193741/solver/cplex.log_iteration_expansion_9_worker_23
[INFO]:[19:46:33] Expansion Worker 23 starting expansion for iteration 9.
[INFO]:[19:46:33] Starting CPLEX solver on instance: /home/yorig/tuner/mpils-tests/instances/miplib/medium-2/sorrell3.mps with config: /scratch/yorig/mpils-results-grid-ticks-10000-7may/medium-2/24proc-2pils/seed-6/6_sorrell3_seed-6_20260510_193741/expansion/config_param_CPXPARAM_Read_Scale_1_iter_9.prm
[INFO]:[19:46:39] CPLEX results. Gap: 25.540000, upper bound: -16.000000, lower bound: -20.086296
[INFO]:[19:46:39] CPLEX solver finished. Gap: 25.540000
[INFO]:[19:46:43] Expansion Worker 23 stopping early after global MPI expansion stop was activated.
[INFO]:[19:46:43] Expansion Worker 23 completed expansion.
[INFO]:[19:46:43] Worker 23 completed expansion phase.
[INFO]:[19:46:44] Worker 23 received order for step 1.
[INFO]:[19:46:44] Worker 23 running exploration phase for iteration 10.
[INFO]:[19:46:44] Worker 23 at iteration 10 will not use a MIP start file. Current best MIP-start upper bound threshold is 1.79769e+308.
[INFO]:[19:46:44] Starting local search phase...
[INFO]:[19:46:44] Worker (ils_group_rank=1) entering parallel ILS evaluation service.
[INFO]:[19:46:44] Starting CPLEX solver on instance: /home/yorig/tuner/mpils-tests/instances/miplib/medium-2/sorrell3.mps with config: /scratch/yorig/mpils-results-grid-ticks-10000-7may/medium-2/24proc-2pils/seed-6/6_sorrell3_seed-6_20260510_193741/iterated_local_search/run_10_worker_22/parallel_0_1.prm
[INFO]:[19:47:51] CPLEX results. Gap: 3313.330000, upper bound: -15.000000, lower bound: -512.000000
[INFO]:[19:47:51] CPLEX solver finished. Gap: 3313.330000
[INFO]:[19:47:51] Starting CPLEX solver on instance: /home/yorig/tuner/mpils-tests/instances/miplib/medium-2/sorrell3.mps with config: /scratch/yorig/mpils-results-grid-ticks-10000-7may/medium-2/24proc-2pils/seed-6/6_sorrell3_seed-6_20260510_193741/iterated_local_search/run_10_worker_22/parallel_2_1.prm
[INFO]:[19:47:56] CPLEX results. Gap: 48.630000, upper bound: -14.000000, lower bound: -20.808515
[INFO]:[19:47:56] CPLEX solver finished. Gap: 48.630000
[INFO]:[19:47:57] Starting CPLEX solver on instance: /home/yorig/tuner/mpils-tests/instances/miplib/medium-2/sorrell3.mps with config: /scratch/yorig/mpils-results-grid-ticks-10000-7may/medium-2/24proc-2pils/seed-6/6_sorrell3_seed-6_20260510_193741/iterated_local_search/run_10_worker_22/parallel_4_1.prm
[INFO]:[19:48:02] CPLEX results. Gap: 48.630000, upper bound: -14.000000, lower bound: -20.808515
[INFO]:[19:48:02] CPLEX solver finished. Gap: 48.630000
[INFO]:[19:48:03] Starting CPLEX solver on instance: /home/yorig/tuner/mpils-tests/instances/miplib/medium-2/sorrell3.mps with config: /scratch/yorig/mpils-results-grid-ticks-10000-7may/medium-2/24proc-2pils/seed-6/6_sorrell3_seed-6_20260510_193741/iterated_local_search/run_10_worker_22/parallel_6_1.prm
[INFO]:[19:48:08] CPLEX results. Gap: 30.050000, upper bound: -16.000000, lower bound: -20.808515
[INFO]:[19:48:08] CPLEX solver finished. Gap: 30.050000
[INFO]:[19:48:08] Starting CPLEX solver on instance: /home/yorig/tuner/mpils-tests/instances/miplib/medium-2/sorrell3.mps with config: /scratch/yorig/mpils-results-grid-ticks-10000-7may/medium-2/24proc-2pils/seed-6/6_sorrell3_seed-6_20260510_193741/iterated_local_search/run_10_worker_22/parallel_8_1.prm
[INFO]:[19:48:14] CPLEX results. Gap: 30.050000, upper bound: -16.000000, lower bound: -20.808515
[INFO]:[19:48:14] CPLEX solver finished. Gap: 30.050000
[INFO]:[19:48:14] Starting CPLEX solver on instance: /home/yorig/tuner/mpils-tests/instances/miplib/medium-2/sorrell3.mps with config: /scratch/yorig/mpils-results-grid-ticks-10000-7may/medium-2/24proc-2pils/seed-6/6_sorrell3_seed-6_20260510_193741/iterated_local_search/run_10_worker_22/parallel_10_1.prm
[INFO]:[19:48:19] CPLEX results. Gap: 30.050000, upper bound: -16.000000, lower bound: -20.808515
[INFO]:[19:48:19] CPLEX solver finished. Gap: 30.050000
[INFO]:[19:48:19] Starting CPLEX solver on instance: /home/yorig/tuner/mpils-tests/instances/miplib/medium-2/sorrell3.mps with config: /scratch/yorig/mpils-results-grid-ticks-10000-7may/medium-2/24proc-2pils/seed-6/6_sorrell3_seed-6_20260510_193741/iterated_local_search/run_10_worker_22/parallel_12_1.prm
[INFO]:[19:48:24] CPLEX results. Gap: 30.050000, upper bound: -16.000000, lower bound: -20.808515
[INFO]:[19:48:24] CPLEX solver finished. Gap: 30.050000
[INFO]:[19:48:24] Starting CPLEX solver on instance: /home/yorig/tuner/mpils-tests/instances/miplib/medium-2/sorrell3.mps with config: /scratch/yorig/mpils-results-grid-ticks-10000-7may/medium-2/24proc-2pils/seed-6/6_sorrell3_seed-6_20260510_193741/iterated_local_search/run_10_worker_22/parallel_14_1.prm
[INFO]:[19:48:30] CPLEX results. Gap: 30.050000, upper bound: -16.000000, lower bound: -20.808515
[INFO]:[19:48:30] CPLEX solver finished. Gap: 30.050000
[INFO]:[19:48:30] Starting CPLEX solver on instance: /home/yorig/tuner/mpils-tests/instances/miplib/medium-2/sorrell3.mps with config: /scratch/yorig/mpils-results-grid-ticks-10000-7may/medium-2/24proc-2pils/seed-6/6_sorrell3_seed-6_20260510_193741/iterated_local_search/run_10_worker_22/parallel_16_1.prm
[INFO]:[19:48:35] CPLEX results. Gap: 30.050000, upper bound: -16.000000, lower bound: -20.808515
[INFO]:[19:48:35] CPLEX solver finished. Gap: 30.050000
[INFO]:[19:48:35] Starting CPLEX solver on instance: /home/yorig/tuner/mpils-tests/instances/miplib/medium-2/sorrell3.mps with config: /scratch/yorig/mpils-results-grid-ticks-10000-7may/medium-2/24proc-2pils/seed-6/6_sorrell3_seed-6_20260510_193741/iterated_local_search/run_10_worker_22/parallel_18_1.prm
[INFO]:[19:48:41] CPLEX results. Gap: 30.050000, upper bound: -16.000000, lower bound: -20.808515
[INFO]:[19:48:41] CPLEX solver finished. Gap: 30.050000
[INFO]:[19:48:41] Starting CPLEX solver on instance: /home/yorig/tuner/mpils-tests/instances/miplib/medium-2/sorrell3.mps with config: /scratch/yorig/mpils-results-grid-ticks-10000-7may/medium-2/24proc-2pils/seed-6/6_sorrell3_seed-6_20260510_193741/iterated_local_search/run_10_worker_22/parallel_20_1.prm
[INFO]:[19:48:46] CPLEX results. Gap: 30.050000, upper bound: -16.000000, lower bound: -20.808515
[INFO]:[19:48:46] CPLEX solver finished. Gap: 30.050000
[INFO]:[19:48:46] Starting CPLEX solver on instance: /home/yorig/tuner/mpils-tests/instances/miplib/medium-2/sorrell3.mps with config: /scratch/yorig/mpils-results-grid-ticks-10000-7may/medium-2/24proc-2pils/seed-6/6_sorrell3_seed-6_20260510_193741/iterated_local_search/run_10_worker_22/parallel_22_1.prm
[INFO]:[19:48:51] CPLEX results. Gap: 30.050000, upper bound: -16.000000, lower bound: -20.808515
[INFO]:[19:48:51] CPLEX solver finished. Gap: 30.050000
[INFO]:[19:48:52] Starting CPLEX solver on instance: /home/yorig/tuner/mpils-tests/instances/miplib/medium-2/sorrell3.mps with config: /scratch/yorig/mpils-results-grid-ticks-10000-7may/medium-2/24proc-2pils/seed-6/6_sorrell3_seed-6_20260510_193741/iterated_local_search/run_10_worker_22/parallel_24_1.prm
[INFO]:[19:48:57] CPLEX results. Gap: 30.050000, upper bound: -16.000000, lower bound: -20.808515
[INFO]:[19:48:57] CPLEX solver finished. Gap: 30.050000
[INFO]:[19:48:57] Starting CPLEX solver on instance: /home/yorig/tuner/mpils-tests/instances/miplib/medium-2/sorrell3.mps with config: /scratch/yorig/mpils-results-grid-ticks-10000-7may/medium-2/24proc-2pils/seed-6/6_sorrell3_seed-6_20260510_193741/iterated_local_search/run_10_worker_22/parallel_26_1.prm
[INFO]:[19:49:02] CPLEX results. Gap: 30.050000, upper bound: -16.000000, lower bound: -20.808515
[INFO]:[19:49:02] CPLEX solver finished. Gap: 30.050000
[INFO]:[19:49:03] Worker (ils_group_rank=1) exiting parallel ILS evaluation service.
[INFO]:[19:49:03] Worker 23 completed exploration phase.
[INFO]:[19:49:03] Worker 23 received order for step 2.
[INFO]:[19:49:03] Worker 23 running expansion phase for iteration 10.
[INFO]:[19:49:03] Worker 23 will use solver log file: /scratch/yorig/mpils-results-grid-ticks-10000-7may/medium-2/24proc-2pils/seed-6/6_sorrell3_seed-6_20260510_193741/solver/cplex.log_iteration_expansion_10_worker_23
[INFO]:[19:49:03] Expansion Worker 23 starting expansion for iteration 10.
[INFO]:[19:49:03] Starting CPLEX solver on instance: /home/yorig/tuner/mpils-tests/instances/miplib/medium-2/sorrell3.mps with config: /scratch/yorig/mpils-results-grid-ticks-10000-7may/medium-2/24proc-2pils/seed-6/6_sorrell3_seed-6_20260510_193741/expansion/config_param_CPXPARAM_MIP_Limits_StrongCand_40_iter_10.prm
[INFO]:[19:49:09] CPLEX results. Gap: 25.240000, upper bound: -16.000000, lower bound: -20.038031
[INFO]:[19:49:09] CPLEX solver finished. Gap: 25.240000
[INFO]:[19:49:15] Expansion Worker 23 completed expansion.
[INFO]:[19:49:15] Worker 23 completed expansion phase.
[INFO]:[19:49:16] Worker 23 received order for step 1.
[INFO]:[19:49:16] Worker 23 running exploration phase for iteration 11.
[INFO]:[19:49:16] Worker 23 at iteration 11 will not use a MIP start file. Current best MIP-start upper bound threshold is 1.79769e+308.
[INFO]:[19:49:16] Starting local search phase...
[INFO]:[19:49:16] Worker (ils_group_rank=1) entering parallel ILS evaluation service.
[INFO]:[19:49:16] Starting CPLEX solver on instance: /home/yorig/tuner/mpils-tests/instances/miplib/medium-2/sorrell3.mps with config: /scratch/yorig/mpils-results-grid-ticks-10000-7may/medium-2/24proc-2pils/seed-6/6_sorrell3_seed-6_20260510_193741/iterated_local_search/run_11_worker_22/parallel_0_1.prm
[INFO]:[19:49:22] CPLEX results. Gap: 53.070000, upper bound: -14.000000, lower bound: -21.430486
[INFO]:[19:49:22] CPLEX solver finished. Gap: 53.070000
[INFO]:[19:49:23] Starting CPLEX solver on instance: /home/yorig/tuner/mpils-tests/instances/miplib/medium-2/sorrell3.mps with config: /scratch/yorig/mpils-results-grid-ticks-10000-7may/medium-2/24proc-2pils/seed-6/6_sorrell3_seed-6_20260510_193741/iterated_local_search/run_11_worker_22/parallel_2_1.prm
[INFO]:[19:49:29] CPLEX results. Gap: 46.250000, upper bound: -14.000000, lower bound: -20.474697
[INFO]:[19:49:29] CPLEX solver finished. Gap: 46.250000
[INFO]:[19:49:29] Starting CPLEX solver on instance: /home/yorig/tuner/mpils-tests/instances/miplib/medium-2/sorrell3.mps with config: /scratch/yorig/mpils-results-grid-ticks-10000-7may/medium-2/24proc-2pils/seed-6/6_sorrell3_seed-6_20260510_193741/iterated_local_search/run_11_worker_22/parallel_4_1.prm
[INFO]:[19:49:35] CPLEX results. Gap: 46.250000, upper bound: -14.000000, lower bound: -20.474697
[INFO]:[19:49:35] CPLEX solver finished. Gap: 46.250000
[INFO]:[19:49:35] Starting CPLEX solver on instance: /home/yorig/tuner/mpils-tests/instances/miplib/medium-2/sorrell3.mps with config: /scratch/yorig/mpils-results-grid-ticks-10000-7may/medium-2/24proc-2pils/seed-6/6_sorrell3_seed-6_20260510_193741/iterated_local_search/run_11_worker_22/parallel_6_1.prm
[INFO]:[19:49:41] CPLEX results. Gap: 46.250000, upper bound: -14.000000, lower bound: -20.474697
[INFO]:[19:49:41] CPLEX solver finished. Gap: 46.250000
[INFO]:[19:49:42] Starting CPLEX solver on instance: /home/yorig/tuner/mpils-tests/instances/miplib/medium-2/sorrell3.mps with config: /scratch/yorig/mpils-results-grid-ticks-10000-7may/medium-2/24proc-2pils/seed-6/6_sorrell3_seed-6_20260510_193741/iterated_local_search/run_11_worker_22/parallel_8_1.prm
[INFO]:[19:49:48] CPLEX results. Gap: 44.980000, upper bound: -14.000000, lower bound: -20.296686
[INFO]:[19:49:48] CPLEX solver finished. Gap: 44.980000
[INFO]:[19:49:48] Starting CPLEX solver on instance: /home/yorig/tuner/mpils-tests/instances/miplib/medium-2/sorrell3.mps with config: /scratch/yorig/mpils-results-grid-ticks-10000-7may/medium-2/24proc-2pils/seed-6/6_sorrell3_seed-6_20260510_193741/iterated_local_search/run_11_worker_22/parallel_10_1.prm
[INFO]:[19:49:55] CPLEX results. Gap: 42.790000, upper bound: -15.000000, lower bound: -21.417914
[INFO]:[19:49:55] CPLEX solver finished. Gap: 42.790000
[INFO]:[19:49:55] Starting CPLEX solver on instance: /home/yorig/tuner/mpils-tests/instances/miplib/medium-2/sorrell3.mps with config: /scratch/yorig/mpils-results-grid-ticks-10000-7may/medium-2/24proc-2pils/seed-6/6_sorrell3_seed-6_20260510_193741/iterated_local_search/run_11_worker_22/parallel_12_1.prm
[INFO]:[19:50:01] CPLEX results. Gap: 42.790000, upper bound: -15.000000, lower bound: -21.417914
[INFO]:[19:50:01] CPLEX solver finished. Gap: 42.790000
[INFO]:[19:50:01] Starting CPLEX solver on instance: /home/yorig/tuner/mpils-tests/instances/miplib/medium-2/sorrell3.mps with config: /scratch/yorig/mpils-results-grid-ticks-10000-7may/medium-2/24proc-2pils/seed-6/6_sorrell3_seed-6_20260510_193741/iterated_local_search/run_11_worker_22/parallel_14_1.prm
[INFO]:[19:50:08] CPLEX results. Gap: 42.790000, upper bound: -15.000000, lower bound: -21.417914
[INFO]:[19:50:08] CPLEX solver finished. Gap: 42.790000
[INFO]:[19:50:08] Starting CPLEX solver on instance: /home/yorig/tuner/mpils-tests/instances/miplib/medium-2/sorrell3.mps with config: /scratch/yorig/mpils-results-grid-ticks-10000-7may/medium-2/24proc-2pils/seed-6/6_sorrell3_seed-6_20260510_193741/iterated_local_search/run_11_worker_22/parallel_16_1.prm
[INFO]:[19:50:14] CPLEX results. Gap: 38.660000, upper bound: -15.000000, lower bound: -20.798621
[INFO]:[19:50:14] CPLEX solver finished. Gap: 38.660000
[INFO]:[19:50:14] Starting CPLEX solver on instance: /home/yorig/tuner/mpils-tests/instances/miplib/medium-2/sorrell3.mps with config: /scratch/yorig/mpils-results-grid-ticks-10000-7may/medium-2/24proc-2pils/seed-6/6_sorrell3_seed-6_20260510_193741/iterated_local_search/run_11_worker_22/parallel_18_1.prm
[INFO]:[19:50:20] CPLEX results. Gap: 38.470000, upper bound: -15.000000, lower bound: -20.770065
[INFO]:[19:50:20] CPLEX solver finished. Gap: 38.470000
[INFO]:[19:50:20] Starting CPLEX solver on instance: /home/yorig/tuner/mpils-tests/instances/miplib/medium-2/sorrell3.mps with config: /scratch/yorig/mpils-results-grid-ticks-10000-7may/medium-2/24proc-2pils/seed-6/6_sorrell3_seed-6_20260510_193741/iterated_local_search/run_11_worker_22/parallel_20_1.prm
[INFO]:[19:50:27] CPLEX results. Gap: 37.910000, upper bound: -15.000000, lower bound: -20.687238
[INFO]:[19:50:27] CPLEX solver finished. Gap: 37.910000
[INFO]:[19:50:27] Starting CPLEX solver on instance: /home/yorig/tuner/mpils-tests/instances/miplib/medium-2/sorrell3.mps with config: /scratch/yorig/mpils-results-grid-ticks-10000-7may/medium-2/24proc-2pils/seed-6/6_sorrell3_seed-6_20260510_193741/iterated_local_search/run_11_worker_22/parallel_22_1.prm
[INFO]:[19:50:33] CPLEX results. Gap: 29.850000, upper bound: -16.000000, lower bound: -20.776256
[INFO]:[19:50:33] CPLEX solver finished. Gap: 29.850000
[INFO]:[19:50:33] Starting CPLEX solver on instance: /home/yorig/tuner/mpils-tests/instances/miplib/medium-2/sorrell3.mps with config: /scratch/yorig/mpils-results-grid-ticks-10000-7may/medium-2/24proc-2pils/seed-6/6_sorrell3_seed-6_20260510_193741/iterated_local_search/run_11_worker_22/parallel_24_1.prm
[INFO]:[19:50:39] CPLEX results. Gap: 29.850000, upper bound: -16.000000, lower bound: -20.776256
[INFO]:[19:50:39] CPLEX solver finished. Gap: 29.850000
[INFO]:[19:50:39] Starting CPLEX solver on instance: /home/yorig/tuner/mpils-tests/instances/miplib/medium-2/sorrell3.mps with config: /scratch/yorig/mpils-results-grid-ticks-10000-7may/medium-2/24proc-2pils/seed-6/6_sorrell3_seed-6_20260510_193741/iterated_local_search/run_11_worker_22/parallel_26_1.prm
[INFO]:[19:50:44] CPLEX results. Gap: 29.950000, upper bound: -16.000000, lower bound: -20.791598
[INFO]:[19:50:44] CPLEX solver finished. Gap: 29.950000
[INFO]:[19:50:44] Starting CPLEX solver on instance: /home/yorig/tuner/mpils-tests/instances/miplib/medium-2/sorrell3.mps with config: /scratch/yorig/mpils-results-grid-ticks-10000-7may/medium-2/24proc-2pils/seed-6/6_sorrell3_seed-6_20260510_193741/iterated_local_search/run_11_worker_22/parallel_28_1.prm
[INFO]:[19:50:50] CPLEX results. Gap: 29.850000, upper bound: -16.000000, lower bound: -20.776256
[INFO]:[19:50:50] CPLEX solver finished. Gap: 29.850000
[INFO]:[19:50:50] Worker (ils_group_rank=1) exiting parallel ILS evaluation service.
[INFO]:[20:06:42] Worker 23 completed exploration phase.
[INFO]:[20:06:42] Worker 23 received order for step 3.
[INFO]:[20:06:42] Worker 23 finished.
