[INFO]:[04:17:28] Worker 10 starting.
[INFO]:[04:17:28] Worker 10 received order for step 1.
[INFO]:[04:17:28] Worker 10 running exploration phase for iteration 1.
[INFO]:[04:17:28] Worker 10 at iteration 1 will not use a MIP start file. Current best MIP-start upper bound threshold is 1.79769e+308.
[INFO]:[04:17:28] Starting local search phase...
[INFO]:[04:17:28] Worker (ils_group_rank=10) entering parallel ILS evaluation service.
[INFO]:[04:17:28] Starting CPLEX solver on instance: /home/yorig/tuner/mpils-tests/instances/miplib/medium-2/neos-4387871-tavua.mps with config: /scratch/yorig/mpils-results-grid-ticks-10000-7may/medium-2/24proc-12pils/seed-3/1_neos-4387871-tavua_seed-3_20260510_041727/iterated_local_search/run_1_worker_0/parallel_0_10.prm
[INFO]:[04:17:35] CPLEX results. Gap: 40.050000, upper bound: 33.556310, lower bound: 20.118558
[INFO]:[04:17:35] CPLEX solver finished. Gap: 40.050000
[INFO]:[04:17:35] Starting CPLEX solver on instance: /home/yorig/tuner/mpils-tests/instances/miplib/medium-2/neos-4387871-tavua.mps with config: /scratch/yorig/mpils-results-grid-ticks-10000-7may/medium-2/24proc-12pils/seed-3/1_neos-4387871-tavua_seed-3_20260510_041727/iterated_local_search/run_1_worker_0/parallel_12_10.prm
[INFO]:[04:17:41] CPLEX results. Gap: 27.630000, upper bound: 34.142100, lower bound: 24.707199
[INFO]:[04:17:41] CPLEX solver finished. Gap: 27.630000
[INFO]:[04:17:41] Worker (ils_group_rank=10) exiting parallel ILS evaluation service.
[INFO]:[04:17:42] Worker 10 completed exploration phase.
[INFO]:[04:17:42] Worker 10 received order for step 2.
[INFO]:[04:17:42] Worker 10 running expansion phase for iteration 1.
[INFO]:[04:17:42] Worker 10 will use solver log file: /scratch/yorig/mpils-results-grid-ticks-10000-7may/medium-2/24proc-12pils/seed-3/1_neos-4387871-tavua_seed-3_20260510_041727/solver/cplex.log_iteration_expansion_1_worker_10
[INFO]:[04:17:42] Expansion Worker 10 starting expansion for iteration 1.
[INFO]:[04:17:42] Starting CPLEX solver on instance: /home/yorig/tuner/mpils-tests/instances/miplib/medium-2/neos-4387871-tavua.mps with config: /scratch/yorig/mpils-results-grid-ticks-10000-7may/medium-2/24proc-12pils/seed-3/1_neos-4387871-tavua_seed-3_20260510_041727/expansion/config_param_CPXPARAM_MIP_Strategy_VariableSelect_2_iter_1.prm
[INFO]:[04:17:48] CPLEX results. Gap: 28.780000, upper bound: 34.556310, lower bound: 24.611788
[INFO]:[04:17:48] CPLEX solver finished. Gap: 28.780000
[INFO]:[04:17:49] Starting CPLEX solver on instance: /home/yorig/tuner/mpils-tests/instances/miplib/medium-2/neos-4387871-tavua.mps with config: /scratch/yorig/mpils-results-grid-ticks-10000-7may/medium-2/24proc-12pils/seed-3/1_neos-4387871-tavua_seed-3_20260510_041727/expansion/config_param_CPXPARAM_MIP_Strategy_RINSHeur_60_iter_1.prm
[INFO]:[04:17:55] CPLEX results. Gap: 38.390000, upper bound: 33.556310, lower bound: 20.674995
[INFO]:[04:17:55] CPLEX solver finished. Gap: 38.390000
[INFO]:[04:18:01] Expansion Worker 10 completed expansion.
[INFO]:[04:18:01] Worker 10 completed expansion phase.
[INFO]:[04:18:01] Worker 10 received order for step 1.
[INFO]:[04:18:01] Worker 10 running exploration phase for iteration 2.
[INFO]:[04:18:01] Worker 10 at iteration 2 will not use a MIP start file. Current best MIP-start upper bound threshold is 1.79769e+308.
[INFO]:[04:18:01] Starting local search phase...
[INFO]:[04:18:01] Worker (ils_group_rank=10) entering parallel ILS evaluation service.
[INFO]:[04:18:01] Starting CPLEX solver on instance: /home/yorig/tuner/mpils-tests/instances/miplib/medium-2/neos-4387871-tavua.mps with config: /scratch/yorig/mpils-results-grid-ticks-10000-7may/medium-2/24proc-12pils/seed-3/1_neos-4387871-tavua_seed-3_20260510_041727/iterated_local_search/run_2_worker_0/parallel_0_10.prm
[INFO]:[04:18:07] CPLEX results. Gap: 32.700000, upper bound: 34.142100, lower bound: 22.978927
[INFO]:[04:18:07] CPLEX solver finished. Gap: 32.700000
[INFO]:[04:18:07] Worker (ils_group_rank=10) exiting parallel ILS evaluation service.
[INFO]:[04:18:08] Worker 10 completed exploration phase.
[INFO]:[04:18:08] Worker 10 received order for step 2.
[INFO]:[04:18:08] Worker 10 running expansion phase for iteration 2.
[INFO]:[04:18:08] Worker 10 will use solver log file: /scratch/yorig/mpils-results-grid-ticks-10000-7may/medium-2/24proc-12pils/seed-3/1_neos-4387871-tavua_seed-3_20260510_041727/solver/cplex.log_iteration_expansion_2_worker_10
[INFO]:[04:18:08] Expansion Worker 10 starting expansion for iteration 2.
[INFO]:[04:18:08] Starting CPLEX solver on instance: /home/yorig/tuner/mpils-tests/instances/miplib/medium-2/neos-4387871-tavua.mps with config: /scratch/yorig/mpils-results-grid-ticks-10000-7may/medium-2/24proc-12pils/seed-3/1_neos-4387871-tavua_seed-3_20260510_041727/expansion/config_param_CPXPARAM_Preprocessing_Symmetry_4_iter_2.prm
[INFO]:[04:18:14] CPLEX results. Gap: 24.370000, upper bound: 33.798940, lower bound: 25.563486
[INFO]:[04:18:14] CPLEX solver finished. Gap: 24.370000
[INFO]:[04:18:15] Starting CPLEX solver on instance: /home/yorig/tuner/mpils-tests/instances/miplib/medium-2/neos-4387871-tavua.mps with config: /scratch/yorig/mpils-results-grid-ticks-10000-7may/medium-2/24proc-12pils/seed-3/1_neos-4387871-tavua_seed-3_20260510_041727/expansion/config_param_CPXPARAM_Simplex_DGradient_3_iter_2.prm
[INFO]:[04:18:21] CPLEX results. Gap: 27.730000, upper bound: 34.142100, lower bound: 24.675992
[INFO]:[04:18:21] CPLEX solver finished. Gap: 27.730000
[INFO]:[04:18:23] Expansion Worker 10 completed expansion.
[INFO]:[04:18:23] Worker 10 completed expansion phase.
[INFO]:[04:18:23] Worker 10 received order for step 1.
[INFO]:[04:18:23] Worker 10 running exploration phase for iteration 3.
[INFO]:[04:18:23] Worker 10 at iteration 3 will not use a MIP start file. Current best MIP-start upper bound threshold is 1.79769e+308.
[INFO]:[04:18:23] Starting local search phase...
[INFO]:[04:18:23] Worker (ils_group_rank=10) entering parallel ILS evaluation service.
[INFO]:[04:18:23] Starting CPLEX solver on instance: /home/yorig/tuner/mpils-tests/instances/miplib/medium-2/neos-4387871-tavua.mps with config: /scratch/yorig/mpils-results-grid-ticks-10000-7may/medium-2/24proc-12pils/seed-3/1_neos-4387871-tavua_seed-3_20260510_041727/iterated_local_search/run_3_worker_0/parallel_0_10.prm
[INFO]:[04:18:28] CPLEX results. Gap: 27.660000, upper bound: 34.556310, lower bound: 24.998136
[INFO]:[04:18:28] CPLEX solver finished. Gap: 27.660000
[INFO]:[04:18:29] Worker (ils_group_rank=10) exiting parallel ILS evaluation service.
[INFO]:[04:18:30] Worker 10 completed exploration phase.
[INFO]:[04:18:30] Worker 10 received order for step 2.
[INFO]:[04:18:30] Worker 10 running expansion phase for iteration 3.
[INFO]:[04:18:30] Worker 10 will use solver log file: /scratch/yorig/mpils-results-grid-ticks-10000-7may/medium-2/24proc-12pils/seed-3/1_neos-4387871-tavua_seed-3_20260510_041727/solver/cplex.log_iteration_expansion_3_worker_10
[INFO]:[04:18:30] Expansion Worker 10 starting expansion for iteration 3.
[INFO]:[04:18:30] Starting CPLEX solver on instance: /home/yorig/tuner/mpils-tests/instances/miplib/medium-2/neos-4387871-tavua.mps with config: /scratch/yorig/mpils-results-grid-ticks-10000-7may/medium-2/24proc-12pils/seed-3/1_neos-4387871-tavua_seed-3_20260510_041727/expansion/config_param_CPXPARAM_MIP_Limits_AggForCut_5_iter_3.prm
[INFO]:[04:18:36] CPLEX results. Gap: 34.480000, upper bound: 33.798940, lower bound: 22.143558
[INFO]:[04:18:36] CPLEX solver finished. Gap: 34.480000
[INFO]:[04:18:36] Expansion Worker 10 stopping early after global MPI expansion stop was activated.
[INFO]:[04:18:36] Expansion Worker 10 completed expansion.
[INFO]:[04:18:36] Worker 10 completed expansion phase.
[INFO]:[04:18:37] Worker 10 received order for step 1.
[INFO]:[04:18:37] Worker 10 running exploration phase for iteration 4.
[INFO]:[04:18:37] Worker 10 at iteration 4 will not use a MIP start file. Current best MIP-start upper bound threshold is 1.79769e+308.
[INFO]:[04:18:37] Starting local search phase...
[INFO]:[04:18:37] Worker (ils_group_rank=10) entering parallel ILS evaluation service.
[INFO]:[04:18:37] Starting CPLEX solver on instance: /home/yorig/tuner/mpils-tests/instances/miplib/medium-2/neos-4387871-tavua.mps with config: /scratch/yorig/mpils-results-grid-ticks-10000-7may/medium-2/24proc-12pils/seed-3/1_neos-4387871-tavua_seed-3_20260510_041727/iterated_local_search/run_4_worker_0/parallel_0_10.prm
[INFO]:[04:18:42] CPLEX results. Gap: 25.420000, upper bound: 33.384730, lower bound: 24.897578
[INFO]:[04:18:42] CPLEX solver finished. Gap: 25.420000
[INFO]:[04:18:43] Worker (ils_group_rank=10) exiting parallel ILS evaluation service.
[INFO]:[04:18:43] Worker 10 completed exploration phase.
[INFO]:[04:18:44] Worker 10 received order for step 2.
[INFO]:[04:18:44] Worker 10 running expansion phase for iteration 4.
[INFO]:[04:18:44] Worker 10 will use solver log file: /scratch/yorig/mpils-results-grid-ticks-10000-7may/medium-2/24proc-12pils/seed-3/1_neos-4387871-tavua_seed-3_20260510_041727/solver/cplex.log_iteration_expansion_4_worker_10
[INFO]:[04:18:44] Expansion Worker 10 starting expansion for iteration 4.
[INFO]:[04:18:44] Starting CPLEX solver on instance: /home/yorig/tuner/mpils-tests/instances/miplib/medium-2/neos-4387871-tavua.mps with config: /scratch/yorig/mpils-results-grid-ticks-10000-7may/medium-2/24proc-12pils/seed-3/1_neos-4387871-tavua_seed-3_20260510_041727/expansion/config_param_CPXPARAM_Preprocessing_Fill_40_iter_4.prm
[INFO]:[04:18:50] CPLEX results. Gap: 24.160000, upper bound: 33.798940, lower bound: 25.633390
[INFO]:[04:18:50] CPLEX solver finished. Gap: 24.160000
[INFO]:[04:18:57] Expansion Worker 10 stopping early after global MPI expansion stop was activated.
[INFO]:[04:18:57] Expansion Worker 10 completed expansion.
[INFO]:[04:18:57] Worker 10 completed expansion phase.
[INFO]:[04:18:57] Worker 10 received order for step 1.
[INFO]:[04:18:57] Worker 10 running exploration phase for iteration 5.
[INFO]:[04:18:57] Worker 10 at iteration 5 will not use a MIP start file. Current best MIP-start upper bound threshold is 1.79769e+308.
[INFO]:[04:18:57] Starting local search phase...
[INFO]:[04:18:57] Worker (ils_group_rank=10) entering parallel ILS evaluation service.
[INFO]:[04:18:57] Starting CPLEX solver on instance: /home/yorig/tuner/mpils-tests/instances/miplib/medium-2/neos-4387871-tavua.mps with config: /scratch/yorig/mpils-results-grid-ticks-10000-7may/medium-2/24proc-12pils/seed-3/1_neos-4387871-tavua_seed-3_20260510_041727/iterated_local_search/run_5_worker_0/parallel_0_10.prm
[INFO]:[04:19:04] CPLEX results. Gap: 52.870000, upper bound: 35.970520, lower bound: 16.954353
[INFO]:[04:19:04] CPLEX solver finished. Gap: 52.870000
[INFO]:[04:19:04] Starting CPLEX solver on instance: /home/yorig/tuner/mpils-tests/instances/miplib/medium-2/neos-4387871-tavua.mps with config: /scratch/yorig/mpils-results-grid-ticks-10000-7may/medium-2/24proc-12pils/seed-3/1_neos-4387871-tavua_seed-3_20260510_041727/iterated_local_search/run_5_worker_0/parallel_12_10.prm
[INFO]:[04:19:10] CPLEX results. Gap: 25.420000, upper bound: 33.384730, lower bound: 24.897578
[INFO]:[04:19:10] CPLEX solver finished. Gap: 25.420000
[INFO]:[04:19:11] Starting CPLEX solver on instance: /home/yorig/tuner/mpils-tests/instances/miplib/medium-2/neos-4387871-tavua.mps with config: /scratch/yorig/mpils-results-grid-ticks-10000-7may/medium-2/24proc-12pils/seed-3/1_neos-4387871-tavua_seed-3_20260510_041727/iterated_local_search/run_5_worker_0/parallel_24_10.prm
[INFO]:[04:19:17] CPLEX results. Gap: 34.270000, upper bound: 33.970520, lower bound: 22.328297
[INFO]:[04:19:17] CPLEX solver finished. Gap: 34.270000
[INFO]:[04:19:17] Worker (ils_group_rank=10) exiting parallel ILS evaluation service.
[INFO]:[04:19:47] Worker 10 completed exploration phase.
[INFO]:[04:19:47] Worker 10 received order for step 2.
[INFO]:[04:19:47] Worker 10 running expansion phase for iteration 5.
[INFO]:[04:19:47] Worker 10 will use solver log file: /scratch/yorig/mpils-results-grid-ticks-10000-7may/medium-2/24proc-12pils/seed-3/1_neos-4387871-tavua_seed-3_20260510_041727/solver/cplex.log_iteration_expansion_5_worker_10
[INFO]:[04:19:47] Expansion Worker 10 starting expansion for iteration 5.
[INFO]:[04:19:47] Starting CPLEX solver on instance: /home/yorig/tuner/mpils-tests/instances/miplib/medium-2/neos-4387871-tavua.mps with config: /scratch/yorig/mpils-results-grid-ticks-10000-7may/medium-2/24proc-12pils/seed-3/1_neos-4387871-tavua_seed-3_20260510_041727/expansion/config_param_CPXPARAM_Network_NetFind_3_iter_5.prm
[INFO]:[04:19:54] CPLEX results. Gap: 23.710000, upper bound: 33.384730, lower bound: 25.468410
[INFO]:[04:19:54] CPLEX solver finished. Gap: 23.710000
[INFO]:[04:20:00] Expansion Worker 10 completed expansion.
[INFO]:[04:20:00] Worker 10 completed expansion phase.
[INFO]:[04:20:01] Worker 10 received order for step 1.
[INFO]:[04:20:01] Worker 10 running exploration phase for iteration 6.
[INFO]:[04:20:01] Worker 10 at iteration 6 will not use a MIP start file. Current best MIP-start upper bound threshold is 1.79769e+308.
[INFO]:[04:20:01] Starting local search phase...
[INFO]:[04:20:01] Worker (ils_group_rank=10) entering parallel ILS evaluation service.
[INFO]:[04:20:01] Starting CPLEX solver on instance: /home/yorig/tuner/mpils-tests/instances/miplib/medium-2/neos-4387871-tavua.mps with config: /scratch/yorig/mpils-results-grid-ticks-10000-7may/medium-2/24proc-12pils/seed-3/1_neos-4387871-tavua_seed-3_20260510_041727/iterated_local_search/run_6_worker_0/parallel_0_10.prm
[INFO]:[04:20:07] CPLEX results. Gap: 33.510000, upper bound: 34.556310, lower bound: 22.976739
[INFO]:[04:20:07] CPLEX solver finished. Gap: 33.510000
[INFO]:[04:20:07] Starting CPLEX solver on instance: /home/yorig/tuner/mpils-tests/instances/miplib/medium-2/neos-4387871-tavua.mps with config: /scratch/yorig/mpils-results-grid-ticks-10000-7may/medium-2/24proc-12pils/seed-3/1_neos-4387871-tavua_seed-3_20260510_041727/iterated_local_search/run_6_worker_0/parallel_12_10.prm
[INFO]:[04:20:13] CPLEX results. Gap: 25.420000, upper bound: 33.384730, lower bound: 24.897578
[INFO]:[04:20:13] CPLEX solver finished. Gap: 25.420000
[INFO]:[04:20:14] Worker (ils_group_rank=10) exiting parallel ILS evaluation service.
[INFO]:[04:20:15] Worker 10 completed exploration phase.
[INFO]:[04:20:15] Worker 10 received order for step 2.
[INFO]:[04:20:15] Worker 10 running expansion phase for iteration 6.
[INFO]:[04:20:15] Worker 10 will use solver log file: /scratch/yorig/mpils-results-grid-ticks-10000-7may/medium-2/24proc-12pils/seed-3/1_neos-4387871-tavua_seed-3_20260510_041727/solver/cplex.log_iteration_expansion_6_worker_10
[INFO]:[04:20:15] Expansion Worker 10 starting expansion for iteration 6.
[INFO]:[04:20:15] Starting CPLEX solver on instance: /home/yorig/tuner/mpils-tests/instances/miplib/medium-2/neos-4387871-tavua.mps with config: /scratch/yorig/mpils-results-grid-ticks-10000-7may/medium-2/24proc-12pils/seed-3/1_neos-4387871-tavua_seed-3_20260510_041727/expansion/config_param_CPXPARAM_Sifting_Algorithm_3_iter_6.prm
[INFO]:[04:20:22] CPLEX results. Gap: 23.710000, upper bound: 33.384730, lower bound: 25.468410
[INFO]:[04:20:22] CPLEX solver finished. Gap: 23.710000
[INFO]:[04:20:28] Expansion Worker 10 completed expansion.
[INFO]:[04:20:28] Worker 10 completed expansion phase.
[INFO]:[04:20:29] Worker 10 received order for step 1.
[INFO]:[04:20:29] Worker 10 running exploration phase for iteration 7.
[INFO]:[04:20:29] Worker 10 at iteration 7 will not use a MIP start file. Current best MIP-start upper bound threshold is 1.79769e+308.
[INFO]:[04:20:29] Starting local search phase...
[INFO]:[04:20:29] Worker (ils_group_rank=10) entering parallel ILS evaluation service.
[INFO]:[04:20:29] Starting CPLEX solver on instance: /home/yorig/tuner/mpils-tests/instances/miplib/medium-2/neos-4387871-tavua.mps with config: /scratch/yorig/mpils-results-grid-ticks-10000-7may/medium-2/24proc-12pils/seed-3/1_neos-4387871-tavua_seed-3_20260510_041727/iterated_local_search/run_7_worker_0/parallel_0_10.prm
[INFO]:[04:20:34] CPLEX results. Gap: 26.740000, upper bound: 33.384730, lower bound: 24.456374
[INFO]:[04:20:34] CPLEX solver finished. Gap: 26.740000
[INFO]:[04:20:35] Starting CPLEX solver on instance: /home/yorig/tuner/mpils-tests/instances/miplib/medium-2/neos-4387871-tavua.mps with config: /scratch/yorig/mpils-results-grid-ticks-10000-7may/medium-2/24proc-12pils/seed-3/1_neos-4387871-tavua_seed-3_20260510_041727/iterated_local_search/run_7_worker_0/parallel_12_10.prm
[INFO]:[04:20:40] CPLEX results. Gap: 26.540000, upper bound: 33.384730, lower bound: 24.524235
[INFO]:[04:20:40] CPLEX solver finished. Gap: 26.540000
[INFO]:[04:20:41] Starting CPLEX solver on instance: /home/yorig/tuner/mpils-tests/instances/miplib/medium-2/neos-4387871-tavua.mps with config: /scratch/yorig/mpils-results-grid-ticks-10000-7may/medium-2/24proc-12pils/seed-3/1_neos-4387871-tavua_seed-3_20260510_041727/iterated_local_search/run_7_worker_0/parallel_24_10.prm
[INFO]:[04:20:47] CPLEX results. Gap: 25.420000, upper bound: 33.384730, lower bound: 24.897578
[INFO]:[04:20:47] CPLEX solver finished. Gap: 25.420000
[INFO]:[04:20:47] Worker (ils_group_rank=10) exiting parallel ILS evaluation service.
[INFO]:[04:20:48] Worker 10 completed exploration phase.
[INFO]:[04:20:48] Worker 10 received order for step 3.
[INFO]:[04:20:48] Worker 10 finished.
