[INFO]:[05:54:25] Worker 2 starting.
[INFO]:[05:54:25] Worker 2 received order for step 1.
[INFO]:[05:54:25] Worker 2 running exploration phase for iteration 1.
[INFO]:[05:54:25] Worker 2 at iteration 1 will not use a MIP start file. Current best MIP-start upper bound threshold is 1.79769e+308.
[INFO]:[05:54:25] Starting local search phase...
[INFO]:[05:54:25] Creating local search space from parameter space file: /scratch/yorig/mpils-results-grid-ticks-10000-7may/easy/16proc/seed-3/10_supportcase33_seed-3_20260509_055424/iterated_local_search/search_space/search_space_file_1_worker_2.txt
[INFO]:[05:54:25] Local search space loaded from file: /scratch/yorig/mpils-results-grid-ticks-10000-7may/easy/16proc/seed-3/10_supportcase33_seed-3_20260509_055424/iterated_local_search/search_space/search_space_file_1_worker_2.txt
[INFO]:[05:54:25] Number of parameters in local search space: 71
[INFO]:[05:54:25] Number of forbidden tuples in local search space: 0
[INFO]:[05:54:25] Number of conditionals in local search space: 6
[INFO]:[05:54:25] MIP start option not enabled. Local search will proceed without MIP start.
[INFO]:[05:54:25] Evaluating initial configuration for local search phase...
[INFO]:[05:54:25] Starting CPLEX solver on instance: /home/yorig/tuner/mpils-tests/instances/miplib/easy/supportcase33.mps with config: /scratch/yorig/mpils-results-grid-ticks-10000-7may/easy/16proc/seed-3/10_supportcase33_seed-3_20260509_055424/iterated_local_search/run_1_worker_2/ils_config_15446065792237984030.prm
[INFO]:[05:54:25] Starting CPLEX solver on instance: /home/yorig/tuner/mpils-tests/instances/miplib/easy/supportcase33.mps with config: /scratch/yorig/mpils-results-grid-ticks-10000-7may/easy/16proc/seed-3/10_supportcase33_seed-3_20260509_055424/iterated_local_search/run_1_worker_2/ils_config_15446065792237984030.prm
[INFO]:[05:54:31] CPLEX results. Gap: 31.850000, upper bound: -315.000000, lower bound: -415.336957
[INFO]:[05:54:31] CPLEX solver finished. Gap: 31.850000
[INFO]:[05:54:31] Initial configuration evaluated with objective value: 31.85
[INFO]:[05:54:31] Starting CPLEX solver on instance: /home/yorig/tuner/mpils-tests/instances/miplib/easy/supportcase33.mps with config: /scratch/yorig/mpils-results-grid-ticks-10000-7may/easy/16proc/seed-3/10_supportcase33_seed-3_20260509_055424/iterated_local_search/run_1_worker_2/ils_config_4202048695090355429.prm
[INFO]:[05:54:31] Starting CPLEX solver on instance: /home/yorig/tuner/mpils-tests/instances/miplib/easy/supportcase33.mps with config: /scratch/yorig/mpils-results-grid-ticks-10000-7may/easy/16proc/seed-3/10_supportcase33_seed-3_20260509_055424/iterated_local_search/run_1_worker_2/ils_config_4202048695090355429.prm
[INFO]:[05:54:38] CPLEX results. Gap: 31.850000, upper bound: -315.000000, lower bound: -415.336957
[INFO]:[05:54:38] CPLEX solver finished. Gap: 31.850000
[INFO]:[05:54:38] Starting CPLEX solver on instance: /home/yorig/tuner/mpils-tests/instances/miplib/easy/supportcase33.mps with config: /scratch/yorig/mpils-results-grid-ticks-10000-7may/easy/16proc/seed-3/10_supportcase33_seed-3_20260509_055424/iterated_local_search/run_1_worker_2/ils_config_18348230643339525308.prm
[INFO]:[05:54:38] Starting CPLEX solver on instance: /home/yorig/tuner/mpils-tests/instances/miplib/easy/supportcase33.mps with config: /scratch/yorig/mpils-results-grid-ticks-10000-7may/easy/16proc/seed-3/10_supportcase33_seed-3_20260509_055424/iterated_local_search/run_1_worker_2/ils_config_18348230643339525308.prm
[INFO]:[05:54:44] CPLEX results. Gap: 65.760000, upper bound: -265.000000, lower bound: -439.261588
[INFO]:[05:54:44] CPLEX solver finished. Gap: 65.760000
[INFO]:[05:54:44] Starting CPLEX solver on instance: /home/yorig/tuner/mpils-tests/instances/miplib/easy/supportcase33.mps with config: /scratch/yorig/mpils-results-grid-ticks-10000-7may/easy/16proc/seed-3/10_supportcase33_seed-3_20260509_055424/iterated_local_search/run_1_worker_2/ils_config_14544539909104223643.prm
[INFO]:[05:54:44] Starting CPLEX solver on instance: /home/yorig/tuner/mpils-tests/instances/miplib/easy/supportcase33.mps with config: /scratch/yorig/mpils-results-grid-ticks-10000-7may/easy/16proc/seed-3/10_supportcase33_seed-3_20260509_055424/iterated_local_search/run_1_worker_2/ils_config_14544539909104223643.prm
[INFO]:[05:54:50] CPLEX results. Gap: 43.050000, upper bound: -305.000000, lower bound: -436.297688
[INFO]:[05:54:50] CPLEX solver finished. Gap: 43.050000
[INFO]:[05:54:50] Starting CPLEX solver on instance: /home/yorig/tuner/mpils-tests/instances/miplib/easy/supportcase33.mps with config: /scratch/yorig/mpils-results-grid-ticks-10000-7may/easy/16proc/seed-3/10_supportcase33_seed-3_20260509_055424/iterated_local_search/run_1_worker_2/ils_config_12683876133760999405.prm
[INFO]:[05:54:50] Starting CPLEX solver on instance: /home/yorig/tuner/mpils-tests/instances/miplib/easy/supportcase33.mps with config: /scratch/yorig/mpils-results-grid-ticks-10000-7may/easy/16proc/seed-3/10_supportcase33_seed-3_20260509_055424/iterated_local_search/run_1_worker_2/ils_config_12683876133760999405.prm
[INFO]:[05:54:57] CPLEX results. Gap: 31.850000, upper bound: -315.000000, lower bound: -415.336957
[INFO]:[05:54:57] CPLEX solver finished. Gap: 31.850000
[INFO]:[05:54:57] Starting CPLEX solver on instance: /home/yorig/tuner/mpils-tests/instances/miplib/easy/supportcase33.mps with config: /scratch/yorig/mpils-results-grid-ticks-10000-7may/easy/16proc/seed-3/10_supportcase33_seed-3_20260509_055424/iterated_local_search/run_1_worker_2/ils_config_11653280150158819812.prm
[INFO]:[05:54:57] Starting CPLEX solver on instance: /home/yorig/tuner/mpils-tests/instances/miplib/easy/supportcase33.mps with config: /scratch/yorig/mpils-results-grid-ticks-10000-7may/easy/16proc/seed-3/10_supportcase33_seed-3_20260509_055424/iterated_local_search/run_1_worker_2/ils_config_11653280150158819812.prm
[INFO]:[05:55:03] CPLEX results. Gap: 42.000000, upper bound: -300.000000, lower bound: -426.000000
[INFO]:[05:55:03] CPLEX solver finished. Gap: 42.000000
[INFO]:[05:55:03] Starting CPLEX solver on instance: /home/yorig/tuner/mpils-tests/instances/miplib/easy/supportcase33.mps with config: /scratch/yorig/mpils-results-grid-ticks-10000-7may/easy/16proc/seed-3/10_supportcase33_seed-3_20260509_055424/iterated_local_search/run_1_worker_2/ils_config_2449819982622964083.prm
[INFO]:[05:55:03] Starting CPLEX solver on instance: /home/yorig/tuner/mpils-tests/instances/miplib/easy/supportcase33.mps with config: /scratch/yorig/mpils-results-grid-ticks-10000-7may/easy/16proc/seed-3/10_supportcase33_seed-3_20260509_055424/iterated_local_search/run_1_worker_2/ils_config_2449819982622964083.prm
[INFO]:[05:55:09] CPLEX results. Gap: 31.850000, upper bound: -315.000000, lower bound: -415.336957
[INFO]:[05:55:09] CPLEX solver finished. Gap: 31.850000
[INFO]:[05:55:09] Starting CPLEX solver on instance: /home/yorig/tuner/mpils-tests/instances/miplib/easy/supportcase33.mps with config: /scratch/yorig/mpils-results-grid-ticks-10000-7may/easy/16proc/seed-3/10_supportcase33_seed-3_20260509_055424/iterated_local_search/run_1_worker_2/ils_config_1886657437059763913.prm
[INFO]:[05:55:09] Starting CPLEX solver on instance: /home/yorig/tuner/mpils-tests/instances/miplib/easy/supportcase33.mps with config: /scratch/yorig/mpils-results-grid-ticks-10000-7may/easy/16proc/seed-3/10_supportcase33_seed-3_20260509_055424/iterated_local_search/run_1_worker_2/ils_config_1886657437059763913.prm
[INFO]:[05:55:16] CPLEX results. Gap: 31.850000, upper bound: -315.000000, lower bound: -415.336957
[INFO]:[05:55:16] CPLEX solver finished. Gap: 31.850000
[INFO]:[05:55:16] Starting CPLEX solver on instance: /home/yorig/tuner/mpils-tests/instances/miplib/easy/supportcase33.mps with config: /scratch/yorig/mpils-results-grid-ticks-10000-7may/easy/16proc/seed-3/10_supportcase33_seed-3_20260509_055424/iterated_local_search/run_1_worker_2/ils_config_11057048612570833976.prm
[INFO]:[05:55:16] Starting CPLEX solver on instance: /home/yorig/tuner/mpils-tests/instances/miplib/easy/supportcase33.mps with config: /scratch/yorig/mpils-results-grid-ticks-10000-7may/easy/16proc/seed-3/10_supportcase33_seed-3_20260509_055424/iterated_local_search/run_1_worker_2/ils_config_11057048612570833976.prm
[INFO]:[05:55:23] CPLEX results. Gap: 39.540000, upper bound: -300.000000, lower bound: -418.614932
[INFO]:[05:55:23] CPLEX solver finished. Gap: 39.540000
[INFO]:[05:55:23] Starting CPLEX solver on instance: /home/yorig/tuner/mpils-tests/instances/miplib/easy/supportcase33.mps with config: /scratch/yorig/mpils-results-grid-ticks-10000-7may/easy/16proc/seed-3/10_supportcase33_seed-3_20260509_055424/iterated_local_search/run_1_worker_2/ils_config_5084488271151921045.prm
[INFO]:[05:55:23] Starting CPLEX solver on instance: /home/yorig/tuner/mpils-tests/instances/miplib/easy/supportcase33.mps with config: /scratch/yorig/mpils-results-grid-ticks-10000-7may/easy/16proc/seed-3/10_supportcase33_seed-3_20260509_055424/iterated_local_search/run_1_worker_2/ils_config_5084488271151921045.prm
[INFO]:[05:55:29] CPLEX results. Gap: 31.850000, upper bound: -315.000000, lower bound: -415.336957
[INFO]:[05:55:29] CPLEX solver finished. Gap: 31.850000
[INFO]:[05:55:29] Starting CPLEX solver on instance: /home/yorig/tuner/mpils-tests/instances/miplib/easy/supportcase33.mps with config: /scratch/yorig/mpils-results-grid-ticks-10000-7may/easy/16proc/seed-3/10_supportcase33_seed-3_20260509_055424/iterated_local_search/run_1_worker_2/ils_config_10475044660436077919.prm
[INFO]:[05:55:29] Starting CPLEX solver on instance: /home/yorig/tuner/mpils-tests/instances/miplib/easy/supportcase33.mps with config: /scratch/yorig/mpils-results-grid-ticks-10000-7may/easy/16proc/seed-3/10_supportcase33_seed-3_20260509_055424/iterated_local_search/run_1_worker_2/ils_config_10475044660436077919.prm
[INFO]:[05:55:36] CPLEX results. Gap: 43.050000, upper bound: -305.000000, lower bound: -436.297688
[INFO]:[05:55:36] CPLEX solver finished. Gap: 43.050000
[INFO]:[05:55:36] Starting CPLEX solver on instance: /home/yorig/tuner/mpils-tests/instances/miplib/easy/supportcase33.mps with config: /scratch/yorig/mpils-results-grid-ticks-10000-7may/easy/16proc/seed-3/10_supportcase33_seed-3_20260509_055424/iterated_local_search/run_1_worker_2/ils_config_5847089399501479146.prm
[INFO]:[05:55:36] Starting CPLEX solver on instance: /home/yorig/tuner/mpils-tests/instances/miplib/easy/supportcase33.mps with config: /scratch/yorig/mpils-results-grid-ticks-10000-7may/easy/16proc/seed-3/10_supportcase33_seed-3_20260509_055424/iterated_local_search/run_1_worker_2/ils_config_5847089399501479146.prm
[INFO]:[05:55:43] CPLEX results. Gap: 20.900000, upper bound: -335.000000, lower bound: -405.000000
[INFO]:[05:55:43] CPLEX solver finished. Gap: 20.900000
[INFO]:[05:55:43] New incumbent found with objective value: 20.9
[INFO]:[05:55:43] Starting CPLEX solver on instance: /home/yorig/tuner/mpils-tests/instances/miplib/easy/supportcase33.mps with config: /scratch/yorig/mpils-results-grid-ticks-10000-7may/easy/16proc/seed-3/10_supportcase33_seed-3_20260509_055424/iterated_local_search/run_1_worker_2/ils_config_11143382436240437937.prm
[INFO]:[05:55:43] Starting CPLEX solver on instance: /home/yorig/tuner/mpils-tests/instances/miplib/easy/supportcase33.mps with config: /scratch/yorig/mpils-results-grid-ticks-10000-7may/easy/16proc/seed-3/10_supportcase33_seed-3_20260509_055424/iterated_local_search/run_1_worker_2/ils_config_11143382436240437937.prm
[INFO]:[05:55:51] CPLEX results. Gap: 19.120000, upper bound: -340.000000, lower bound: -405.000000
[INFO]:[05:55:51] CPLEX solver finished. Gap: 19.120000
[INFO]:[05:55:51] New incumbent found with objective value: 19.12
[INFO]:[05:55:51] Starting CPLEX solver on instance: /home/yorig/tuner/mpils-tests/instances/miplib/easy/supportcase33.mps with config: /scratch/yorig/mpils-results-grid-ticks-10000-7may/easy/16proc/seed-3/10_supportcase33_seed-3_20260509_055424/iterated_local_search/run_1_worker_2/ils_config_10703217331005054585.prm
[INFO]:[05:55:51] Starting CPLEX solver on instance: /home/yorig/tuner/mpils-tests/instances/miplib/easy/supportcase33.mps with config: /scratch/yorig/mpils-results-grid-ticks-10000-7may/easy/16proc/seed-3/10_supportcase33_seed-3_20260509_055424/iterated_local_search/run_1_worker_2/ils_config_10703217331005054585.prm
[INFO]:[05:55:58] CPLEX results. Gap: 16.160000, upper bound: -340.000000, lower bound: -394.958869
[INFO]:[05:55:58] CPLEX solver finished. Gap: 16.160000
[INFO]:[05:55:58] New incumbent found with objective value: 16.16
[INFO]:[05:55:58] Starting CPLEX solver on instance: /home/yorig/tuner/mpils-tests/instances/miplib/easy/supportcase33.mps with config: /scratch/yorig/mpils-results-grid-ticks-10000-7may/easy/16proc/seed-3/10_supportcase33_seed-3_20260509_055424/iterated_local_search/run_1_worker_2/ils_config_14085215702703688300.prm
[INFO]:[05:55:58] Starting CPLEX solver on instance: /home/yorig/tuner/mpils-tests/instances/miplib/easy/supportcase33.mps with config: /scratch/yorig/mpils-results-grid-ticks-10000-7may/easy/16proc/seed-3/10_supportcase33_seed-3_20260509_055424/iterated_local_search/run_1_worker_2/ils_config_14085215702703688300.prm
[INFO]:[05:56:05] CPLEX results. Gap: 14.710000, upper bound: -340.000000, lower bound: -390.000000
[INFO]:[05:56:05] CPLEX solver finished. Gap: 14.710000
[INFO]:[05:56:05] New incumbent found with objective value: 14.71
[INFO]:[05:56:05] Starting CPLEX solver on instance: /home/yorig/tuner/mpils-tests/instances/miplib/easy/supportcase33.mps with config: /scratch/yorig/mpils-results-grid-ticks-10000-7may/easy/16proc/seed-3/10_supportcase33_seed-3_20260509_055424/iterated_local_search/run_1_worker_2/ils_config_7056212400280476921.prm
[INFO]:[05:56:05] Starting CPLEX solver on instance: /home/yorig/tuner/mpils-tests/instances/miplib/easy/supportcase33.mps with config: /scratch/yorig/mpils-results-grid-ticks-10000-7may/easy/16proc/seed-3/10_supportcase33_seed-3_20260509_055424/iterated_local_search/run_1_worker_2/ils_config_7056212400280476921.prm
[INFO]:[05:56:12] CPLEX results. Gap: 28.570000, upper bound: -315.000000, lower bound: -405.000000
[INFO]:[05:56:12] CPLEX solver finished. Gap: 28.570000
[INFO]:[05:56:12] Starting CPLEX solver on instance: /home/yorig/tuner/mpils-tests/instances/miplib/easy/supportcase33.mps with config: /scratch/yorig/mpils-results-grid-ticks-10000-7may/easy/16proc/seed-3/10_supportcase33_seed-3_20260509_055424/iterated_local_search/run_1_worker_2/ils_config_7106796079022788443.prm
[INFO]:[05:56:12] Starting CPLEX solver on instance: /home/yorig/tuner/mpils-tests/instances/miplib/easy/supportcase33.mps with config: /scratch/yorig/mpils-results-grid-ticks-10000-7may/easy/16proc/seed-3/10_supportcase33_seed-3_20260509_055424/iterated_local_search/run_1_worker_2/ils_config_7106796079022788443.prm
[INFO]:[05:56:19] CPLEX results. Gap: 14.710000, upper bound: -340.000000, lower bound: -390.000000
[INFO]:[05:56:19] CPLEX solver finished. Gap: 14.710000
[INFO]:[05:56:19] Starting CPLEX solver on instance: /home/yorig/tuner/mpils-tests/instances/miplib/easy/supportcase33.mps with config: /scratch/yorig/mpils-results-grid-ticks-10000-7may/easy/16proc/seed-3/10_supportcase33_seed-3_20260509_055424/iterated_local_search/run_1_worker_2/ils_config_12034224345448650913.prm
[INFO]:[05:56:19] Starting CPLEX solver on instance: /home/yorig/tuner/mpils-tests/instances/miplib/easy/supportcase33.mps with config: /scratch/yorig/mpils-results-grid-ticks-10000-7may/easy/16proc/seed-3/10_supportcase33_seed-3_20260509_055424/iterated_local_search/run_1_worker_2/ils_config_12034224345448650913.prm
[INFO]:[05:56:26] CPLEX results. Gap: 28.570000, upper bound: -315.000000, lower bound: -405.000000
[INFO]:[05:56:26] CPLEX solver finished. Gap: 28.570000
[INFO]:[05:56:26] Starting CPLEX solver on instance: /home/yorig/tuner/mpils-tests/instances/miplib/easy/supportcase33.mps with config: /scratch/yorig/mpils-results-grid-ticks-10000-7may/easy/16proc/seed-3/10_supportcase33_seed-3_20260509_055424/iterated_local_search/run_1_worker_2/ils_config_6882492343323586984.prm
[INFO]:[05:56:26] Starting CPLEX solver on instance: /home/yorig/tuner/mpils-tests/instances/miplib/easy/supportcase33.mps with config: /scratch/yorig/mpils-results-grid-ticks-10000-7may/easy/16proc/seed-3/10_supportcase33_seed-3_20260509_055424/iterated_local_search/run_1_worker_2/ils_config_6882492343323586984.prm
[INFO]:[05:56:33] CPLEX results. Gap: 19.120000, upper bound: -340.000000, lower bound: -405.000000
[INFO]:[05:56:33] CPLEX solver finished. Gap: 19.120000
[INFO]:[05:56:33] Starting CPLEX solver on instance: /home/yorig/tuner/mpils-tests/instances/miplib/easy/supportcase33.mps with config: /scratch/yorig/mpils-results-grid-ticks-10000-7may/easy/16proc/seed-3/10_supportcase33_seed-3_20260509_055424/iterated_local_search/run_1_worker_2/ils_config_14121819782399755891.prm
[INFO]:[05:56:33] Starting CPLEX solver on instance: /home/yorig/tuner/mpils-tests/instances/miplib/easy/supportcase33.mps with config: /scratch/yorig/mpils-results-grid-ticks-10000-7may/easy/16proc/seed-3/10_supportcase33_seed-3_20260509_055424/iterated_local_search/run_1_worker_2/ils_config_14121819782399755891.prm
[INFO]:[05:56:40] CPLEX results. Gap: 14.710000, upper bound: -340.000000, lower bound: -390.000000
[INFO]:[05:56:40] CPLEX solver finished. Gap: 14.710000
[INFO]:[05:56:40] Local search phase completed.
[INFO]:[05:56:40] Total number of new local-search evaluations: 20
[INFO]:[05:56:40] Final incumbent objective value: 14.71
[INFO]:[05:56:49] Worker 2 completed exploration phase.
[INFO]:[05:56:49] Worker 2 received order for step 2.
[INFO]:[05:56:49] Worker 2 running expansion phase for iteration 1.
[INFO]:[05:56:49] Worker 2 will use solver log file: /scratch/yorig/mpils-results-grid-ticks-10000-7may/easy/16proc/seed-3/10_supportcase33_seed-3_20260509_055424/solver/cplex.log_iteration_expansion_1_worker_2
[INFO]:[05:56:49] Expansion Worker 2 starting expansion for iteration 1.
[INFO]:[05:56:49] Starting CPLEX solver on instance: /home/yorig/tuner/mpils-tests/instances/miplib/easy/supportcase33.mps with config: /scratch/yorig/mpils-results-grid-ticks-10000-7may/easy/16proc/seed-3/10_supportcase33_seed-3_20260509_055424/expansion/config_param_CPXPARAM_MIP_Strategy_Probe_2_iter_1.prm
[INFO]:[05:56:55] CPLEX results. Gap: 47.060000, upper bound: -255.000000, lower bound: -375.000000
[INFO]:[05:56:55] CPLEX solver finished. Gap: 47.060000
[INFO]:[05:56:57] Expansion Worker 2 stopping early after global MPI expansion stop was activated.
[INFO]:[05:56:57] Expansion Worker 2 completed expansion.
[INFO]:[05:56:57] Worker 2 completed expansion phase.
[INFO]:[05:56:57] Worker 2 received order for step 3.
[INFO]:[05:56:57] Worker 2 finished.
