[INFO]:[17:30:14] Worker 7 starting.
[INFO]:[17:30:14] Worker 7 received order for step 1.
[INFO]:[17:30:14] Worker 7 running exploration phase for iteration 1.
[INFO]:[17:30:14] Worker 7 at iteration 1 will not use a MIP start file. Current best MIP-start upper bound threshold is 1.79769e+308.
[INFO]:[17:30:14] Starting local search phase...
[INFO]:[17:30:14] Worker (ils_group_rank=7) entering parallel ILS evaluation service.
[INFO]:[17:30:14] Starting CPLEX solver on instance: /home/yorig/tuner/mpils-tests/instances/miplib/medium-1/mushroom-best.mps with config: /scratch/yorig/mpils-results-grid-ticks-10000-7may/medium-1/24proc-24pils/seed-7/7_mushroom-best_seed-7_20260510_173013/iterated_local_search/run_1_worker_0/parallel_0_7.prm
[INFO]:[17:30:21] CPLEX results. Gap: 41.350000, upper bound: 0.055334, lower bound: 0.032455
[INFO]:[17:30:21] CPLEX solver finished. Gap: 41.350000
[INFO]:[17:30:21] Worker (ils_group_rank=7) exiting parallel ILS evaluation service.
[INFO]:[17:30:21] Worker 7 completed exploration phase.
[INFO]:[17:30:22] Worker 7 received order for step 2.
[INFO]:[17:30:22] Worker 7 running expansion phase for iteration 1.
[INFO]:[17:30:22] Worker 7 will use solver log file: /scratch/yorig/mpils-results-grid-ticks-10000-7may/medium-1/24proc-24pils/seed-7/7_mushroom-best_seed-7_20260510_173013/solver/cplex.log_iteration_expansion_1_worker_7
[INFO]:[17:30:22] Expansion Worker 7 starting expansion for iteration 1.
[INFO]:[17:30:22] Starting CPLEX solver on instance: /home/yorig/tuner/mpils-tests/instances/miplib/medium-1/mushroom-best.mps with config: /scratch/yorig/mpils-results-grid-ticks-10000-7may/medium-1/24proc-24pils/seed-7/7_mushroom-best_seed-7_20260510_173013/expansion/config_param_CPXPARAM_MIP_Cuts_Covers_3_iter_1.prm
[INFO]:[17:30:29] CPLEX results. Gap: 32.800000, upper bound: 0.055334, lower bound: 0.037182
[INFO]:[17:30:29] CPLEX solver finished. Gap: 32.800000
[INFO]:[17:30:30] Expansion Worker 7 stopping early after global MPI expansion stop was activated.
[INFO]:[17:30:30] Expansion Worker 7 completed expansion.
[INFO]:[17:30:30] Worker 7 completed expansion phase.
[INFO]:[17:30:30] Worker 7 received order for step 1.
[INFO]:[17:30:30] Worker 7 running exploration phase for iteration 2.
[INFO]:[17:30:30] Worker 7 at iteration 2 will not use a MIP start file. Current best MIP-start upper bound threshold is 1.79769e+308.
[INFO]:[17:30:30] Starting local search phase...
[INFO]:[17:30:30] Worker (ils_group_rank=7) entering parallel ILS evaluation service.
[INFO]:[17:30:30] Starting CPLEX solver on instance: /home/yorig/tuner/mpils-tests/instances/miplib/medium-1/mushroom-best.mps with config: /scratch/yorig/mpils-results-grid-ticks-10000-7may/medium-1/24proc-24pils/seed-7/7_mushroom-best_seed-7_20260510_173013/iterated_local_search/run_2_worker_0/parallel_0_7.prm
[INFO]:[17:30:37] CPLEX results. Gap: 32.800000, upper bound: 0.055334, lower bound: 0.037182
[INFO]:[17:30:37] CPLEX solver finished. Gap: 32.800000
[INFO]:[17:30:37] Worker (ils_group_rank=7) exiting parallel ILS evaluation service.
[INFO]:[17:30:37] Worker 7 completed exploration phase.
[INFO]:[17:30:37] Worker 7 received order for step 2.
[INFO]:[17:30:37] Worker 7 running expansion phase for iteration 2.
[INFO]:[17:30:37] Worker 7 will use solver log file: /scratch/yorig/mpils-results-grid-ticks-10000-7may/medium-1/24proc-24pils/seed-7/7_mushroom-best_seed-7_20260510_173013/solver/cplex.log_iteration_expansion_2_worker_7
[INFO]:[17:30:37] Expansion Worker 7 starting expansion for iteration 2.
[INFO]:[17:30:37] Starting CPLEX solver on instance: /home/yorig/tuner/mpils-tests/instances/miplib/medium-1/mushroom-best.mps with config: /scratch/yorig/mpils-results-grid-ticks-10000-7may/medium-1/24proc-24pils/seed-7/7_mushroom-best_seed-7_20260510_173013/expansion/config_param_CPXPARAM_MIP_Strategy_NodeSelect_3_iter_2.prm
[INFO]:[17:30:45] CPLEX results. Gap: 65.620000, upper bound: 0.055334, lower bound: 0.019024
[INFO]:[17:30:45] CPLEX solver finished. Gap: 65.620000
[INFO]:[17:30:45] Expansion Worker 7 stopping early after global MPI expansion stop was activated.
[INFO]:[17:30:45] Expansion Worker 7 completed expansion.
[INFO]:[17:30:45] Worker 7 completed expansion phase.
[INFO]:[17:30:45] Worker 7 received order for step 1.
[INFO]:[17:30:45] Worker 7 running exploration phase for iteration 3.
[INFO]:[17:30:45] Worker 7 at iteration 3 will not use a MIP start file. Current best MIP-start upper bound threshold is 1.79769e+308.
[INFO]:[17:30:45] Starting local search phase...
[INFO]:[17:30:45] Worker (ils_group_rank=7) entering parallel ILS evaluation service.
[INFO]:[17:30:45] Starting CPLEX solver on instance: /home/yorig/tuner/mpils-tests/instances/miplib/medium-1/mushroom-best.mps with config: /scratch/yorig/mpils-results-grid-ticks-10000-7may/medium-1/24proc-24pils/seed-7/7_mushroom-best_seed-7_20260510_173013/iterated_local_search/run_3_worker_0/parallel_0_7.prm
[INFO]:[17:30:53] CPLEX results. Gap: 31.350000, upper bound: 0.055334, lower bound: 0.037988
[INFO]:[17:30:53] CPLEX solver finished. Gap: 31.350000
[INFO]:[17:30:53] Worker (ils_group_rank=7) exiting parallel ILS evaluation service.
[INFO]:[17:30:53] Worker 7 completed exploration phase.
[INFO]:[17:30:53] Worker 7 received order for step 2.
[INFO]:[17:30:53] Worker 7 running expansion phase for iteration 3.
[INFO]:[17:30:53] Worker 7 will use solver log file: /scratch/yorig/mpils-results-grid-ticks-10000-7may/medium-1/24proc-24pils/seed-7/7_mushroom-best_seed-7_20260510_173013/solver/cplex.log_iteration_expansion_3_worker_7
[INFO]:[17:30:53] Expansion Worker 7 starting expansion for iteration 3.
[INFO]:[17:30:53] Starting CPLEX solver on instance: /home/yorig/tuner/mpils-tests/instances/miplib/medium-1/mushroom-best.mps with config: /scratch/yorig/mpils-results-grid-ticks-10000-7may/medium-1/24proc-24pils/seed-7/7_mushroom-best_seed-7_20260510_173013/expansion/config_param_CPXPARAM_MIP_Limits_ProbeTime_1_iter_3.prm
[INFO]:[17:31:01] CPLEX results. Gap: 25.570000, upper bound: 0.055334, lower bound: 0.041187
[INFO]:[17:31:01] CPLEX solver finished. Gap: 25.570000
[INFO]:[17:31:01] Expansion Worker 7 stopping early after global MPI expansion stop was activated.
[INFO]:[17:31:01] Expansion Worker 7 completed expansion.
[INFO]:[17:31:01] Worker 7 completed expansion phase.
[INFO]:[17:31:02] Worker 7 received order for step 1.
[INFO]:[17:31:02] Worker 7 running exploration phase for iteration 4.
[INFO]:[17:31:02] Worker 7 at iteration 4 will not use a MIP start file. Current best MIP-start upper bound threshold is 1.79769e+308.
[INFO]:[17:31:02] Starting local search phase...
[INFO]:[17:31:02] Worker (ils_group_rank=7) entering parallel ILS evaluation service.
[INFO]:[17:31:02] Starting CPLEX solver on instance: /home/yorig/tuner/mpils-tests/instances/miplib/medium-1/mushroom-best.mps with config: /scratch/yorig/mpils-results-grid-ticks-10000-7may/medium-1/24proc-24pils/seed-7/7_mushroom-best_seed-7_20260510_173013/iterated_local_search/run_4_worker_0/parallel_0_7.prm
[INFO]:[17:31:09] CPLEX results. Gap: 25.570000, upper bound: 0.055334, lower bound: 0.041187
[INFO]:[17:31:09] CPLEX solver finished. Gap: 25.570000
[INFO]:[17:31:09] Worker (ils_group_rank=7) exiting parallel ILS evaluation service.
[INFO]:[17:31:09] Worker 7 completed exploration phase.
[INFO]:[17:31:09] Worker 7 received order for step 2.
[INFO]:[17:31:09] Worker 7 running expansion phase for iteration 4.
[INFO]:[17:31:09] Worker 7 will use solver log file: /scratch/yorig/mpils-results-grid-ticks-10000-7may/medium-1/24proc-24pils/seed-7/7_mushroom-best_seed-7_20260510_173013/solver/cplex.log_iteration_expansion_4_worker_7
[INFO]:[17:31:09] Expansion Worker 7 starting expansion for iteration 4.
[INFO]:[17:31:09] Starting CPLEX solver on instance: /home/yorig/tuner/mpils-tests/instances/miplib/medium-1/mushroom-best.mps with config: /scratch/yorig/mpils-results-grid-ticks-10000-7may/medium-1/24proc-24pils/seed-7/7_mushroom-best_seed-7_20260510_173013/expansion/config_param_CPXPARAM_MIP_Limits_ProbeTime_40_iter_4.prm
[INFO]:[17:31:17] CPLEX results. Gap: 21.720000, upper bound: 0.055334, lower bound: 0.043313
[INFO]:[17:31:17] CPLEX solver finished. Gap: 21.720000
[INFO]:[17:31:17] Starting CPLEX solver on instance: /home/yorig/tuner/mpils-tests/instances/miplib/medium-1/mushroom-best.mps with config: /scratch/yorig/mpils-results-grid-ticks-10000-7may/medium-1/24proc-24pils/seed-7/7_mushroom-best_seed-7_20260510_173013/expansion/config_param_CPXPARAM_MIP_Limits_CutsFactor_2_iter_4.prm
[INFO]:[17:31:25] CPLEX results. Gap: 21.720000, upper bound: 0.055334, lower bound: 0.043313
[INFO]:[17:31:25] CPLEX solver finished. Gap: 21.720000
[INFO]:[17:31:25] Expansion Worker 7 stopping early after global MPI expansion stop was activated.
[INFO]:[17:31:25] Expansion Worker 7 completed expansion.
[INFO]:[17:31:25] Worker 7 completed expansion phase.
[INFO]:[17:31:25] Worker 7 received order for step 1.
[INFO]:[17:31:25] Worker 7 running exploration phase for iteration 5.
[INFO]:[17:31:25] Worker 7 at iteration 5 will not use a MIP start file. Current best MIP-start upper bound threshold is 1.79769e+308.
[INFO]:[17:31:25] Starting local search phase...
[INFO]:[17:31:25] Worker (ils_group_rank=7) entering parallel ILS evaluation service.
[INFO]:[17:31:25] Starting CPLEX solver on instance: /home/yorig/tuner/mpils-tests/instances/miplib/medium-1/mushroom-best.mps with config: /scratch/yorig/mpils-results-grid-ticks-10000-7may/medium-1/24proc-24pils/seed-7/7_mushroom-best_seed-7_20260510_173013/iterated_local_search/run_5_worker_0/parallel_0_7.prm
[INFO]:[17:31:32] CPLEX results. Gap: 26.060000, upper bound: 0.055334, lower bound: 0.040913
[INFO]:[17:31:32] CPLEX solver finished. Gap: 26.060000
[INFO]:[17:31:33] Starting CPLEX solver on instance: /home/yorig/tuner/mpils-tests/instances/miplib/medium-1/mushroom-best.mps with config: /scratch/yorig/mpils-results-grid-ticks-10000-7may/medium-1/24proc-24pils/seed-7/7_mushroom-best_seed-7_20260510_173013/iterated_local_search/run_5_worker_0/parallel_24_7.prm
[INFO]:[17:31:40] CPLEX results. Gap: 22.690000, upper bound: 0.055334, lower bound: 0.042779
[INFO]:[17:31:40] CPLEX solver finished. Gap: 22.690000
[INFO]:[17:31:41] Worker (ils_group_rank=7) exiting parallel ILS evaluation service.
[INFO]:[17:31:41] Worker 7 completed exploration phase.
[INFO]:[17:31:41] Worker 7 received order for step 2.
[INFO]:[17:31:41] Worker 7 running expansion phase for iteration 5.
[INFO]:[17:31:41] Worker 7 will use solver log file: /scratch/yorig/mpils-results-grid-ticks-10000-7may/medium-1/24proc-24pils/seed-7/7_mushroom-best_seed-7_20260510_173013/solver/cplex.log_iteration_expansion_5_worker_7
[INFO]:[17:31:41] Expansion Worker 7 starting expansion for iteration 5.
[INFO]:[17:31:41] Starting CPLEX solver on instance: /home/yorig/tuner/mpils-tests/instances/miplib/medium-1/mushroom-best.mps with config: /scratch/yorig/mpils-results-grid-ticks-10000-7may/medium-1/24proc-24pils/seed-7/7_mushroom-best_seed-7_20260510_173013/expansion/config_param_CPXPARAM_Preprocessing_Symmetry_5_iter_5.prm
[INFO]:[17:31:48] CPLEX results. Gap: 20.590000, upper bound: 0.055334, lower bound: 0.043943
[INFO]:[17:31:48] CPLEX solver finished. Gap: 20.590000
[INFO]:[17:31:49] Expansion Worker 7 stopping early after global MPI expansion stop was activated.
[INFO]:[17:31:49] Expansion Worker 7 completed expansion.
[INFO]:[17:31:49] Worker 7 completed expansion phase.
[INFO]:[17:31:49] Worker 7 received order for step 1.
[INFO]:[17:31:49] Worker 7 running exploration phase for iteration 6.
[INFO]:[17:31:49] Worker 7 at iteration 6 will not use a MIP start file. Current best MIP-start upper bound threshold is 1.79769e+308.
[INFO]:[17:31:49] Starting local search phase...
[INFO]:[17:31:49] Worker (ils_group_rank=7) entering parallel ILS evaluation service.
[INFO]:[17:31:49] Starting CPLEX solver on instance: /home/yorig/tuner/mpils-tests/instances/miplib/medium-1/mushroom-best.mps with config: /scratch/yorig/mpils-results-grid-ticks-10000-7may/medium-1/24proc-24pils/seed-7/7_mushroom-best_seed-7_20260510_173013/iterated_local_search/run_6_worker_0/parallel_0_7.prm
[INFO]:[17:31:56] CPLEX results. Gap: 19.890000, upper bound: 0.055334, lower bound: 0.044330
[INFO]:[17:31:56] CPLEX solver finished. Gap: 19.890000
[INFO]:[17:31:56] Worker (ils_group_rank=7) exiting parallel ILS evaluation service.
[INFO]:[17:31:56] Worker 7 completed exploration phase.
[INFO]:[17:31:56] Worker 7 received order for step 2.
[INFO]:[17:31:56] Worker 7 running expansion phase for iteration 6.
[INFO]:[17:31:56] Worker 7 will use solver log file: /scratch/yorig/mpils-results-grid-ticks-10000-7may/medium-1/24proc-24pils/seed-7/7_mushroom-best_seed-7_20260510_173013/solver/cplex.log_iteration_expansion_6_worker_7
[INFO]:[17:31:56] Expansion Worker 7 starting expansion for iteration 6.
[INFO]:[17:31:57] Starting CPLEX solver on instance: /home/yorig/tuner/mpils-tests/instances/miplib/medium-1/mushroom-best.mps with config: /scratch/yorig/mpils-results-grid-ticks-10000-7may/medium-1/24proc-24pils/seed-7/7_mushroom-best_seed-7_20260510_173013/expansion/config_param_CPXPARAM_MIP_Strategy_HeuristicFreq_500_iter_6.prm
[INFO]:[17:32:04] CPLEX results. Gap: 18.690000, upper bound: 0.055334, lower bound: 0.044993
[INFO]:[17:32:04] CPLEX solver finished. Gap: 18.690000
[INFO]:[17:32:04] Expansion Worker 7 found an improving configuration with objective value 18.69.
[INFO]:[17:32:07] Expansion Worker 7 stopping early after global MPI expansion stop was activated.
[INFO]:[17:32:07] Expansion Worker 7 completed expansion.
[INFO]:[17:32:07] Worker 7 completed expansion phase.
[INFO]:[17:32:07] Worker 7 received order for step 1.
[INFO]:[17:32:07] Worker 7 running exploration phase for iteration 7.
[INFO]:[17:32:07] Worker 7 at iteration 7 will not use a MIP start file. Current best MIP-start upper bound threshold is 1.79769e+308.
[INFO]:[17:32:07] Starting local search phase...
[INFO]:[17:32:07] Worker (ils_group_rank=7) entering parallel ILS evaluation service.
[INFO]:[17:32:07] Starting CPLEX solver on instance: /home/yorig/tuner/mpils-tests/instances/miplib/medium-1/mushroom-best.mps with config: /scratch/yorig/mpils-results-grid-ticks-10000-7may/medium-1/24proc-24pils/seed-7/7_mushroom-best_seed-7_20260510_173013/iterated_local_search/run_7_worker_0/parallel_0_7.prm
[INFO]:[17:32:14] CPLEX results. Gap: 19.550000, upper bound: 0.055334, lower bound: 0.044517
[INFO]:[17:32:14] CPLEX solver finished. Gap: 19.550000
[INFO]:[17:32:14] Worker (ils_group_rank=7) exiting parallel ILS evaluation service.
[INFO]:[17:32:14] Worker 7 completed exploration phase.
[INFO]:[17:32:14] Worker 7 received order for step 2.
[INFO]:[17:32:14] Worker 7 running expansion phase for iteration 7.
[INFO]:[17:32:14] Worker 7 will use solver log file: /scratch/yorig/mpils-results-grid-ticks-10000-7may/medium-1/24proc-24pils/seed-7/7_mushroom-best_seed-7_20260510_173013/solver/cplex.log_iteration_expansion_7_worker_7
[INFO]:[17:32:14] Expansion Worker 7 starting expansion for iteration 7.
[INFO]:[17:32:14] Starting CPLEX solver on instance: /home/yorig/tuner/mpils-tests/instances/miplib/medium-1/mushroom-best.mps with config: /scratch/yorig/mpils-results-grid-ticks-10000-7may/medium-1/24proc-24pils/seed-7/7_mushroom-best_seed-7_20260510_173013/expansion/config_param_CPXPARAM_MIP_Strategy_SubAlgorithm_2_iter_7.prm
[INFO]:[17:32:21] CPLEX results. Gap: 18.440000, upper bound: 0.055334, lower bound: 0.045128
[INFO]:[17:32:21] CPLEX solver finished. Gap: 18.440000
[INFO]:[17:32:25] Expansion Worker 7 stopping early after global MPI expansion stop was activated.
[INFO]:[17:32:25] Expansion Worker 7 completed expansion.
[INFO]:[17:32:25] Worker 7 completed expansion phase.
[INFO]:[17:32:25] Worker 7 received order for step 1.
[INFO]:[17:32:25] Worker 7 running exploration phase for iteration 8.
[INFO]:[17:32:25] Worker 7 at iteration 8 will not use a MIP start file. Current best MIP-start upper bound threshold is 1.79769e+308.
[INFO]:[17:32:25] Starting local search phase...
[INFO]:[17:32:25] Worker (ils_group_rank=7) entering parallel ILS evaluation service.
[INFO]:[17:32:25] Starting CPLEX solver on instance: /home/yorig/tuner/mpils-tests/instances/miplib/medium-1/mushroom-best.mps with config: /scratch/yorig/mpils-results-grid-ticks-10000-7may/medium-1/24proc-24pils/seed-7/7_mushroom-best_seed-7_20260510_173013/iterated_local_search/run_8_worker_0/parallel_0_7.prm
[INFO]:[17:32:32] CPLEX results. Gap: 18.690000, upper bound: 0.055334, lower bound: 0.044993
[INFO]:[17:32:32] CPLEX solver finished. Gap: 18.690000
[INFO]:[17:32:32] Worker (ils_group_rank=7) exiting parallel ILS evaluation service.
[INFO]:[17:32:32] Worker 7 completed exploration phase.
[INFO]:[17:32:32] Worker 7 received order for step 2.
[INFO]:[17:32:32] Worker 7 running expansion phase for iteration 8.
[INFO]:[17:32:32] Worker 7 will use solver log file: /scratch/yorig/mpils-results-grid-ticks-10000-7may/medium-1/24proc-24pils/seed-7/7_mushroom-best_seed-7_20260510_173013/solver/cplex.log_iteration_expansion_8_worker_7
[INFO]:[17:32:32] Expansion Worker 7 starting expansion for iteration 8.
[INFO]:[17:32:32] Starting CPLEX solver on instance: /home/yorig/tuner/mpils-tests/instances/miplib/medium-1/mushroom-best.mps with config: /scratch/yorig/mpils-results-grid-ticks-10000-7may/medium-1/24proc-24pils/seed-7/7_mushroom-best_seed-7_20260510_173013/expansion/config_param_CPXPARAM_MIP_Limits_AggForCut_0_iter_8.prm
[INFO]:[17:32:39] CPLEX results. Gap: 16.980000, upper bound: 0.055334, lower bound: 0.045937
[INFO]:[17:32:39] CPLEX solver finished. Gap: 16.980000
[INFO]:[17:32:40] Expansion Worker 7 stopping early after global MPI expansion stop was activated.
[INFO]:[17:32:40] Expansion Worker 7 completed expansion.
[INFO]:[17:32:40] Worker 7 completed expansion phase.
[INFO]:[17:32:40] Worker 7 received order for step 1.
[INFO]:[17:32:40] Worker 7 running exploration phase for iteration 9.
[INFO]:[17:32:40] Worker 7 at iteration 9 will not use a MIP start file. Current best MIP-start upper bound threshold is 1.79769e+308.
[INFO]:[17:32:40] Starting local search phase...
[INFO]:[17:32:40] Worker (ils_group_rank=7) entering parallel ILS evaluation service.
[INFO]:[17:32:40] Starting CPLEX solver on instance: /home/yorig/tuner/mpils-tests/instances/miplib/medium-1/mushroom-best.mps with config: /scratch/yorig/mpils-results-grid-ticks-10000-7may/medium-1/24proc-24pils/seed-7/7_mushroom-best_seed-7_20260510_173013/iterated_local_search/run_9_worker_0/parallel_0_7.prm
[INFO]:[17:32:47] CPLEX results. Gap: 16.980000, upper bound: 0.055334, lower bound: 0.045937
[INFO]:[17:32:47] CPLEX solver finished. Gap: 16.980000
[INFO]:[17:32:50] Worker (ils_group_rank=7) exiting parallel ILS evaluation service.
[INFO]:[17:32:50] Worker 7 completed exploration phase.
[INFO]:[17:32:50] Worker 7 received order for step 2.
[INFO]:[17:32:50] Worker 7 running expansion phase for iteration 9.
[INFO]:[17:32:50] Worker 7 will use solver log file: /scratch/yorig/mpils-results-grid-ticks-10000-7may/medium-1/24proc-24pils/seed-7/7_mushroom-best_seed-7_20260510_173013/solver/cplex.log_iteration_expansion_9_worker_7
[INFO]:[17:32:50] Expansion Worker 7 starting expansion for iteration 9.
[INFO]:[17:32:50] Starting CPLEX solver on instance: /home/yorig/tuner/mpils-tests/instances/miplib/medium-1/mushroom-best.mps with config: /scratch/yorig/mpils-results-grid-ticks-10000-7may/medium-1/24proc-24pils/seed-7/7_mushroom-best_seed-7_20260510_173013/expansion/config_param_CPXPARAM_Preprocessing_Fill_2_iter_9.prm
[INFO]:[17:32:58] CPLEX results. Gap: 15.610000, upper bound: 0.055334, lower bound: 0.046697
[INFO]:[17:32:58] CPLEX solver finished. Gap: 15.610000
[INFO]:[17:33:05] Expansion Worker 7 completed expansion.
[INFO]:[17:33:05] Worker 7 completed expansion phase.
[INFO]:[17:33:05] Worker 7 received order for step 1.
[INFO]:[17:33:05] Worker 7 running exploration phase for iteration 10.
[INFO]:[17:33:05] Worker 7 at iteration 10 will not use a MIP start file. Current best MIP-start upper bound threshold is 1.79769e+308.
[INFO]:[17:33:05] Starting local search phase...
[INFO]:[17:33:05] Worker (ils_group_rank=7) entering parallel ILS evaluation service.
[INFO]:[17:33:05] Starting CPLEX solver on instance: /home/yorig/tuner/mpils-tests/instances/miplib/medium-1/mushroom-best.mps with config: /scratch/yorig/mpils-results-grid-ticks-10000-7may/medium-1/24proc-24pils/seed-7/7_mushroom-best_seed-7_20260510_173013/iterated_local_search/run_10_worker_0/parallel_0_7.prm
[INFO]:[17:33:12] CPLEX results. Gap: 18.580000, upper bound: 0.055334, lower bound: 0.045050
[INFO]:[17:33:12] CPLEX solver finished. Gap: 18.580000
[INFO]:[17:33:12] Worker (ils_group_rank=7) exiting parallel ILS evaluation service.
[INFO]:[17:33:12] Worker 7 completed exploration phase.
[INFO]:[17:33:12] Worker 7 received order for step 2.
[INFO]:[17:33:12] Worker 7 running expansion phase for iteration 10.
[INFO]:[17:33:12] Worker 7 will use solver log file: /scratch/yorig/mpils-results-grid-ticks-10000-7may/medium-1/24proc-24pils/seed-7/7_mushroom-best_seed-7_20260510_173013/solver/cplex.log_iteration_expansion_10_worker_7
[INFO]:[17:33:12] Expansion Worker 7 starting expansion for iteration 10.
[INFO]:[17:33:12] Starting CPLEX solver on instance: /home/yorig/tuner/mpils-tests/instances/miplib/medium-1/mushroom-best.mps with config: /scratch/yorig/mpils-results-grid-ticks-10000-7may/medium-1/24proc-24pils/seed-7/7_mushroom-best_seed-7_20260510_173013/expansion/config_param_CPXPARAM_MIP_OrderType_2_iter_10.prm
[INFO]:[17:33:19] CPLEX results. Gap: 17.080000, upper bound: 0.055334, lower bound: 0.045883
[INFO]:[17:33:19] CPLEX solver finished. Gap: 17.080000
[INFO]:[17:33:20] Expansion Worker 7 stopping early after global MPI expansion stop was activated.
[INFO]:[17:33:20] Expansion Worker 7 completed expansion.
[INFO]:[17:33:20] Worker 7 completed expansion phase.
[INFO]:[17:33:20] Worker 7 received order for step 1.
[INFO]:[17:33:20] Worker 7 running exploration phase for iteration 11.
[INFO]:[17:33:20] Worker 7 at iteration 11 will not use a MIP start file. Current best MIP-start upper bound threshold is 1.79769e+308.
[INFO]:[17:33:20] Starting local search phase...
[INFO]:[17:33:20] Worker (ils_group_rank=7) entering parallel ILS evaluation service.
[INFO]:[17:33:20] Starting CPLEX solver on instance: /home/yorig/tuner/mpils-tests/instances/miplib/medium-1/mushroom-best.mps with config: /scratch/yorig/mpils-results-grid-ticks-10000-7may/medium-1/24proc-24pils/seed-7/7_mushroom-best_seed-7_20260510_173013/iterated_local_search/run_11_worker_0/parallel_0_7.prm
[INFO]:[17:33:27] CPLEX results. Gap: 85.730000, upper bound: 0.055334, lower bound: 0.007895
[INFO]:[17:33:27] CPLEX solver finished. Gap: 85.730000
[INFO]:[17:33:31] Starting CPLEX solver on instance: /home/yorig/tuner/mpils-tests/instances/miplib/medium-1/mushroom-best.mps with config: /scratch/yorig/mpils-results-grid-ticks-10000-7may/medium-1/24proc-24pils/seed-7/7_mushroom-best_seed-7_20260510_173013/iterated_local_search/run_11_worker_0/parallel_24_7.prm
[INFO]:[17:33:38] CPLEX results. Gap: 15.420000, upper bound: 0.055334, lower bound: 0.046801
[INFO]:[17:33:38] CPLEX solver finished. Gap: 15.420000
[INFO]:[17:33:42] Worker (ils_group_rank=7) exiting parallel ILS evaluation service.
[INFO]:[17:33:42] Worker 7 completed exploration phase.
[INFO]:[17:33:42] Worker 7 received order for step 2.
[INFO]:[17:33:42] Worker 7 running expansion phase for iteration 11.
[INFO]:[17:33:42] Worker 7 will use solver log file: /scratch/yorig/mpils-results-grid-ticks-10000-7may/medium-1/24proc-24pils/seed-7/7_mushroom-best_seed-7_20260510_173013/solver/cplex.log_iteration_expansion_11_worker_7
[INFO]:[17:33:42] Expansion Worker 7 starting expansion for iteration 11.
[INFO]:[17:33:42] Starting CPLEX solver on instance: /home/yorig/tuner/mpils-tests/instances/miplib/medium-1/mushroom-best.mps with config: /scratch/yorig/mpils-results-grid-ticks-10000-7may/medium-1/24proc-24pils/seed-7/7_mushroom-best_seed-7_20260510_173013/expansion/config_param_CPXPARAM_LPMethod_4_iter_11.prm
[INFO]:[17:33:49] CPLEX results. Gap: 14.220000, upper bound: 0.055334, lower bound: 0.047465
[INFO]:[17:33:49] CPLEX solver finished. Gap: 14.220000
[INFO]:[17:33:57] Expansion Worker 7 completed expansion.
[INFO]:[17:33:57] Worker 7 completed expansion phase.
[INFO]:[17:33:57] Worker 7 received order for step 1.
[INFO]:[17:33:57] Worker 7 running exploration phase for iteration 12.
[INFO]:[17:33:57] Worker 7 at iteration 12 will not use a MIP start file. Current best MIP-start upper bound threshold is 1.79769e+308.
[INFO]:[17:33:57] Starting local search phase...
[INFO]:[17:33:57] Worker (ils_group_rank=7) entering parallel ILS evaluation service.
[INFO]:[17:33:57] Starting CPLEX solver on instance: /home/yorig/tuner/mpils-tests/instances/miplib/medium-1/mushroom-best.mps with config: /scratch/yorig/mpils-results-grid-ticks-10000-7may/medium-1/24proc-24pils/seed-7/7_mushroom-best_seed-7_20260510_173013/iterated_local_search/run_12_worker_0/parallel_0_7.prm
[INFO]:[17:34:05] CPLEX results. Gap: 14.220000, upper bound: 0.055334, lower bound: 0.047465
[INFO]:[17:34:05] CPLEX solver finished. Gap: 14.220000
[INFO]:[17:34:05] Starting CPLEX solver on instance: /home/yorig/tuner/mpils-tests/instances/miplib/medium-1/mushroom-best.mps with config: /scratch/yorig/mpils-results-grid-ticks-10000-7may/medium-1/24proc-24pils/seed-7/7_mushroom-best_seed-7_20260510_173013/iterated_local_search/run_12_worker_0/parallel_24_7.prm
[INFO]:[17:34:13] CPLEX results. Gap: 14.200000, upper bound: 0.055334, lower bound: 0.047477
[INFO]:[17:34:13] CPLEX solver finished. Gap: 14.200000
[INFO]:[17:34:13] Worker (ils_group_rank=7) exiting parallel ILS evaluation service.
[INFO]:[17:34:13] Worker 7 completed exploration phase.
[INFO]:[17:34:13] Worker 7 received order for step 3.
[INFO]:[17:34:13] Worker 7 finished.
