[INFO]:[08:23:44] Worker 4 starting.
[INFO]:[08:23:44] Worker 4 received order for step 1.
[INFO]:[08:23:44] Worker 4 running exploration phase for iteration 1.
[INFO]:[08:23:44] Worker 4 at iteration 1 will not use a MIP start file. Current best MIP-start upper bound threshold is 1.79769e+308.
[INFO]:[08:23:44] Starting local search phase...
[INFO]:[08:23:44] Worker (ils_group_rank=4) entering parallel ILS evaluation service.
[INFO]:[08:23:44] Starting CPLEX solver on instance: /home/yorig/tuner/mpils-tests/instances/miplib/medium-2/rococoB10-011000.mps with config: /scratch/yorig/mpils-results-grid-ticks-10000-7may/medium-2/16proc-16pils/seed-2/5_rococoB10-011000_seed-2_20260510_082341/iterated_local_search/run_1_worker_0/parallel_0_4.prm
[INFO]:[08:23:51] CPLEX results. Gap: 35.810000, upper bound: 20846.000000, lower bound: 13381.059753
[INFO]:[08:23:51] CPLEX solver finished. Gap: 35.810000
[INFO]:[08:23:51] Starting CPLEX solver on instance: /home/yorig/tuner/mpils-tests/instances/miplib/medium-2/rococoB10-011000.mps with config: /scratch/yorig/mpils-results-grid-ticks-10000-7may/medium-2/16proc-16pils/seed-2/5_rococoB10-011000_seed-2_20260510_082341/iterated_local_search/run_1_worker_0/parallel_16_4.prm
[INFO]:[08:23:58] CPLEX results. Gap: 25.690000, upper bound: 21228.000000, lower bound: 15774.003688
[INFO]:[08:23:58] CPLEX solver finished. Gap: 25.690000
[INFO]:[08:23:58] Worker (ils_group_rank=4) exiting parallel ILS evaluation service.
[INFO]:[08:23:58] Worker 4 completed exploration phase.
[INFO]:[08:23:58] Worker 4 received order for step 2.
[INFO]:[08:23:58] Worker 4 running expansion phase for iteration 1.
[INFO]:[08:23:58] Worker 4 will use solver log file: /scratch/yorig/mpils-results-grid-ticks-10000-7may/medium-2/16proc-16pils/seed-2/5_rococoB10-011000_seed-2_20260510_082341/solver/cplex.log_iteration_expansion_1_worker_4
[INFO]:[08:23:58] Expansion Worker 4 starting expansion for iteration 1.
[INFO]:[08:23:58] Starting CPLEX solver on instance: /home/yorig/tuner/mpils-tests/instances/miplib/medium-2/rococoB10-011000.mps with config: /scratch/yorig/mpils-results-grid-ticks-10000-7may/medium-2/16proc-16pils/seed-2/5_rococoB10-011000_seed-2_20260510_082341/expansion/config_param_CPXPARAM_MIP_Cuts_Covers_-1_iter_1.prm
[INFO]:[08:24:05] CPLEX results. Gap: 26.450000, upper bound: 21228.000000, lower bound: 15612.259276
[INFO]:[08:24:05] CPLEX solver finished. Gap: 26.450000
[INFO]:[08:24:05] Starting CPLEX solver on instance: /home/yorig/tuner/mpils-tests/instances/miplib/medium-2/rococoB10-011000.mps with config: /scratch/yorig/mpils-results-grid-ticks-10000-7may/medium-2/16proc-16pils/seed-2/5_rococoB10-011000_seed-2_20260510_082341/expansion/config_param_CPXPARAM_MIP_Limits_ProbeTime_1_iter_1.prm
[INFO]:[08:24:12] CPLEX results. Gap: 24.950000, upper bound: 20944.000000, lower bound: 15717.755961
[INFO]:[08:24:12] CPLEX solver finished. Gap: 24.950000
[INFO]:[08:24:12] Starting CPLEX solver on instance: /home/yorig/tuner/mpils-tests/instances/miplib/medium-2/rococoB10-011000.mps with config: /scratch/yorig/mpils-results-grid-ticks-10000-7may/medium-2/16proc-16pils/seed-2/5_rococoB10-011000_seed-2_20260510_082341/expansion/config_param_CPXPARAM_MIP_Strategy_RINSHeur_200_iter_1.prm
[INFO]:[08:24:19] CPLEX results. Gap: 26.530000, upper bound: 21228.000000, lower bound: 15596.978960
[INFO]:[08:24:19] CPLEX solver finished. Gap: 26.530000
[INFO]:[08:24:19] Starting CPLEX solver on instance: /home/yorig/tuner/mpils-tests/instances/miplib/medium-2/rococoB10-011000.mps with config: /scratch/yorig/mpils-results-grid-ticks-10000-7may/medium-2/16proc-16pils/seed-2/5_rococoB10-011000_seed-2_20260510_082341/expansion/config_param_CPXPARAM_MIP_Limits_CutsFactor_8_iter_1.prm
[INFO]:[08:24:25] CPLEX results. Gap: 24.950000, upper bound: 20944.000000, lower bound: 15717.755961
[INFO]:[08:24:25] CPLEX solver finished. Gap: 24.950000
[INFO]:[08:24:25] Expansion Worker 4 completed expansion.
[INFO]:[08:24:25] Worker 4 completed expansion phase.
[INFO]:[08:24:25] Worker 4 received order for step 1.
[INFO]:[08:24:25] Worker 4 running exploration phase for iteration 2.
[INFO]:[08:24:25] Worker 4 at iteration 2 will not use a MIP start file. Current best MIP-start upper bound threshold is 1.79769e+308.
[INFO]:[08:24:25] Starting local search phase...
[INFO]:[08:24:25] Worker (ils_group_rank=4) entering parallel ILS evaluation service.
[INFO]:[08:24:26] Starting CPLEX solver on instance: /home/yorig/tuner/mpils-tests/instances/miplib/medium-2/rococoB10-011000.mps with config: /scratch/yorig/mpils-results-grid-ticks-10000-7may/medium-2/16proc-16pils/seed-2/5_rococoB10-011000_seed-2_20260510_082341/iterated_local_search/run_2_worker_0/parallel_0_4.prm
[INFO]:[08:24:32] CPLEX results. Gap: 25.120000, upper bound: 19884.000000, lower bound: 14888.506816
[INFO]:[08:24:32] CPLEX solver finished. Gap: 25.120000
[INFO]:[08:24:32] Worker (ils_group_rank=4) exiting parallel ILS evaluation service.
[INFO]:[08:24:32] Worker 4 completed exploration phase.
[INFO]:[08:24:33] Worker 4 received order for step 2.
[INFO]:[08:24:33] Worker 4 running expansion phase for iteration 2.
[INFO]:[08:24:33] Worker 4 will use solver log file: /scratch/yorig/mpils-results-grid-ticks-10000-7may/medium-2/16proc-16pils/seed-2/5_rococoB10-011000_seed-2_20260510_082341/solver/cplex.log_iteration_expansion_2_worker_4
[INFO]:[08:24:33] Expansion Worker 4 starting expansion for iteration 2.
[INFO]:[08:24:33] Starting CPLEX solver on instance: /home/yorig/tuner/mpils-tests/instances/miplib/medium-2/rococoB10-011000.mps with config: /scratch/yorig/mpils-results-grid-ticks-10000-7may/medium-2/16proc-16pils/seed-2/5_rococoB10-011000_seed-2_20260510_082341/expansion/config_param_CPXPARAM_MIP_Strategy_Order_0_iter_2.prm
[INFO]:[08:24:39] CPLEX results. Gap: 24.950000, upper bound: 20944.000000, lower bound: 15717.755961
[INFO]:[08:24:39] CPLEX solver finished. Gap: 24.950000
[INFO]:[08:24:40] Expansion Worker 4 stopping early after global MPI expansion stop was activated.
[INFO]:[08:24:40] Expansion Worker 4 completed expansion.
[INFO]:[08:24:40] Worker 4 completed expansion phase.
[INFO]:[08:24:40] Worker 4 received order for step 1.
[INFO]:[08:24:40] Worker 4 running exploration phase for iteration 3.
[INFO]:[08:24:40] Worker 4 at iteration 3 will not use a MIP start file. Current best MIP-start upper bound threshold is 1.79769e+308.
[INFO]:[08:24:40] Starting local search phase...
[INFO]:[08:24:40] Worker (ils_group_rank=4) entering parallel ILS evaluation service.
[INFO]:[08:24:40] Starting CPLEX solver on instance: /home/yorig/tuner/mpils-tests/instances/miplib/medium-2/rococoB10-011000.mps with config: /scratch/yorig/mpils-results-grid-ticks-10000-7may/medium-2/16proc-16pils/seed-2/5_rococoB10-011000_seed-2_20260510_082341/iterated_local_search/run_3_worker_0/parallel_0_4.prm
[INFO]:[08:24:47] CPLEX results. Gap: 26.020000, upper bound: 21228.000000, lower bound: 15704.224314
[INFO]:[08:24:47] CPLEX solver finished. Gap: 26.020000
[INFO]:[08:24:47] Starting CPLEX solver on instance: /home/yorig/tuner/mpils-tests/instances/miplib/medium-2/rococoB10-011000.mps with config: /scratch/yorig/mpils-results-grid-ticks-10000-7may/medium-2/16proc-16pils/seed-2/5_rococoB10-011000_seed-2_20260510_082341/iterated_local_search/run_3_worker_0/parallel_16_4.prm
[INFO]:[08:24:54] CPLEX results. Gap: 23.720000, upper bound: 20415.000000, lower bound: 15572.255530
[INFO]:[08:24:54] CPLEX solver finished. Gap: 23.720000
[INFO]:[08:24:54] Worker (ils_group_rank=4) exiting parallel ILS evaluation service.
[INFO]:[08:24:54] Worker 4 completed exploration phase.
[INFO]:[08:24:54] Worker 4 received order for step 2.
[INFO]:[08:24:54] Worker 4 running expansion phase for iteration 3.
[INFO]:[08:24:54] Worker 4 will use solver log file: /scratch/yorig/mpils-results-grid-ticks-10000-7may/medium-2/16proc-16pils/seed-2/5_rococoB10-011000_seed-2_20260510_082341/solver/cplex.log_iteration_expansion_3_worker_4
[INFO]:[08:24:54] Expansion Worker 4 starting expansion for iteration 3.
[INFO]:[08:24:54] Starting CPLEX solver on instance: /home/yorig/tuner/mpils-tests/instances/miplib/medium-2/rococoB10-011000.mps with config: /scratch/yorig/mpils-results-grid-ticks-10000-7may/medium-2/16proc-16pils/seed-2/5_rococoB10-011000_seed-2_20260510_082341/expansion/config_param_CPXPARAM_MIP_Strategy_HeuristicFreq_100_iter_3.prm
[INFO]:[08:25:01] CPLEX results. Gap: 22.570000, upper bound: 20415.000000, lower bound: 15806.410966
[INFO]:[08:25:01] CPLEX solver finished. Gap: 22.570000
[INFO]:[08:25:01] Expansion Worker 4 found an improving configuration with objective value 22.57.
[INFO]:[08:25:01] Expansion Worker 4 stopping early after global MPI expansion stop was activated.
[INFO]:[08:25:01] Expansion Worker 4 completed expansion.
[INFO]:[08:25:01] Worker 4 completed expansion phase.
[INFO]:[08:25:01] Worker 4 received order for step 1.
[INFO]:[08:25:01] Worker 4 running exploration phase for iteration 4.
[INFO]:[08:25:01] Worker 4 at iteration 4 will not use a MIP start file. Current best MIP-start upper bound threshold is 1.79769e+308.
[INFO]:[08:25:01] Starting local search phase...
[INFO]:[08:25:01] Worker (ils_group_rank=4) entering parallel ILS evaluation service.
[INFO]:[08:25:01] Starting CPLEX solver on instance: /home/yorig/tuner/mpils-tests/instances/miplib/medium-2/rococoB10-011000.mps with config: /scratch/yorig/mpils-results-grid-ticks-10000-7may/medium-2/16proc-16pils/seed-2/5_rococoB10-011000_seed-2_20260510_082341/iterated_local_search/run_4_worker_0/parallel_0_4.prm
[INFO]:[08:25:08] CPLEX results. Gap: 24.860000, upper bound: 20415.000000, lower bound: 15338.883126
[INFO]:[08:25:08] CPLEX solver finished. Gap: 24.860000
[INFO]:[08:25:08] Worker (ils_group_rank=4) exiting parallel ILS evaluation service.
[INFO]:[08:25:08] Worker 4 completed exploration phase.
[INFO]:[08:25:08] Worker 4 received order for step 2.
[INFO]:[08:25:08] Worker 4 running expansion phase for iteration 4.
[INFO]:[08:25:08] Worker 4 will use solver log file: /scratch/yorig/mpils-results-grid-ticks-10000-7may/medium-2/16proc-16pils/seed-2/5_rococoB10-011000_seed-2_20260510_082341/solver/cplex.log_iteration_expansion_4_worker_4
[INFO]:[08:25:08] Expansion Worker 4 starting expansion for iteration 4.
[INFO]:[08:25:08] Starting CPLEX solver on instance: /home/yorig/tuner/mpils-tests/instances/miplib/medium-2/rococoB10-011000.mps with config: /scratch/yorig/mpils-results-grid-ticks-10000-7may/medium-2/16proc-16pils/seed-2/5_rococoB10-011000_seed-2_20260510_082341/expansion/config_param_CPXPARAM_MIP_Strategy_StartAlgorithm_5_iter_4.prm
[INFO]:[08:25:14] CPLEX results. Gap: 22.610000, upper bound: 20241.000000, lower bound: 15664.422832
[INFO]:[08:25:14] CPLEX solver finished. Gap: 22.610000
[INFO]:[08:25:17] Expansion Worker 4 stopping early after global MPI expansion stop was activated.
[INFO]:[08:25:17] Expansion Worker 4 completed expansion.
[INFO]:[08:25:17] Worker 4 completed expansion phase.
[INFO]:[08:25:17] Worker 4 received order for step 1.
[INFO]:[08:25:17] Worker 4 running exploration phase for iteration 5.
[INFO]:[08:25:17] Worker 4 at iteration 5 will not use a MIP start file. Current best MIP-start upper bound threshold is 1.79769e+308.
[INFO]:[08:25:17] Starting local search phase...
[INFO]:[08:25:17] Worker (ils_group_rank=4) entering parallel ILS evaluation service.
[INFO]:[08:25:17] Starting CPLEX solver on instance: /home/yorig/tuner/mpils-tests/instances/miplib/medium-2/rococoB10-011000.mps with config: /scratch/yorig/mpils-results-grid-ticks-10000-7may/medium-2/16proc-16pils/seed-2/5_rococoB10-011000_seed-2_20260510_082341/iterated_local_search/run_5_worker_0/parallel_0_4.prm
[INFO]:[08:25:23] CPLEX results. Gap: 22.570000, upper bound: 20415.000000, lower bound: 15806.410966
[INFO]:[08:25:23] CPLEX solver finished. Gap: 22.570000
[INFO]:[08:25:26] Starting CPLEX solver on instance: /home/yorig/tuner/mpils-tests/instances/miplib/medium-2/rococoB10-011000.mps with config: /scratch/yorig/mpils-results-grid-ticks-10000-7may/medium-2/16proc-16pils/seed-2/5_rococoB10-011000_seed-2_20260510_082341/iterated_local_search/run_5_worker_0/parallel_16_4.prm
[INFO]:[08:25:33] CPLEX results. Gap: 28.650000, upper bound: 19676.000000, lower bound: 14039.674390
[INFO]:[08:25:33] CPLEX solver finished. Gap: 28.650000
[INFO]:[08:25:34] Worker (ils_group_rank=4) exiting parallel ILS evaluation service.
[INFO]:[08:25:34] Worker 4 completed exploration phase.
[INFO]:[08:25:34] Worker 4 received order for step 2.
[INFO]:[08:25:34] Worker 4 running expansion phase for iteration 5.
[INFO]:[08:25:34] Worker 4 will use solver log file: /scratch/yorig/mpils-results-grid-ticks-10000-7may/medium-2/16proc-16pils/seed-2/5_rococoB10-011000_seed-2_20260510_082341/solver/cplex.log_iteration_expansion_5_worker_4
[INFO]:[08:25:34] Expansion Worker 4 starting expansion for iteration 5.
[INFO]:[08:25:34] Starting CPLEX solver on instance: /home/yorig/tuner/mpils-tests/instances/miplib/medium-2/rococoB10-011000.mps with config: /scratch/yorig/mpils-results-grid-ticks-10000-7may/medium-2/16proc-16pils/seed-2/5_rococoB10-011000_seed-2_20260510_082341/expansion/config_param_CPXPARAM_Simplex_PGradient_4_iter_5.prm
[INFO]:[08:25:41] CPLEX results. Gap: 21.670000, upper bound: 20415.000000, lower bound: 15990.706190
[INFO]:[08:25:41] CPLEX solver finished. Gap: 21.670000
[INFO]:[08:25:41] Expansion Worker 4 found an improving configuration with objective value 21.67.
[INFO]:[08:25:41] Expansion Worker 4 stopping early after global MPI expansion stop was activated.
[INFO]:[08:25:41] Expansion Worker 4 completed expansion.
[INFO]:[08:25:41] Worker 4 completed expansion phase.
[INFO]:[08:25:41] Worker 4 received order for step 1.
[INFO]:[08:25:41] Worker 4 running exploration phase for iteration 6.
[INFO]:[08:25:41] Worker 4 at iteration 6 will not use a MIP start file. Current best MIP-start upper bound threshold is 1.79769e+308.
[INFO]:[08:25:41] Starting local search phase...
[INFO]:[08:25:41] Worker (ils_group_rank=4) entering parallel ILS evaluation service.
[INFO]:[08:25:42] Starting CPLEX solver on instance: /home/yorig/tuner/mpils-tests/instances/miplib/medium-2/rococoB10-011000.mps with config: /scratch/yorig/mpils-results-grid-ticks-10000-7may/medium-2/16proc-16pils/seed-2/5_rococoB10-011000_seed-2_20260510_082341/iterated_local_search/run_6_worker_0/parallel_0_4.prm
[INFO]:[08:25:48] CPLEX results. Gap: 21.900000, upper bound: 20415.000000, lower bound: 15944.631045
[INFO]:[08:25:48] CPLEX solver finished. Gap: 21.900000
[INFO]:[08:25:49] Worker (ils_group_rank=4) exiting parallel ILS evaluation service.
[INFO]:[08:25:49] Worker 4 completed exploration phase.
[INFO]:[08:25:49] Worker 4 received order for step 2.
[INFO]:[08:25:49] Worker 4 running expansion phase for iteration 6.
[INFO]:[08:25:49] Worker 4 will use solver log file: /scratch/yorig/mpils-results-grid-ticks-10000-7may/medium-2/16proc-16pils/seed-2/5_rococoB10-011000_seed-2_20260510_082341/solver/cplex.log_iteration_expansion_6_worker_4
[INFO]:[08:25:49] Expansion Worker 4 starting expansion for iteration 6.
[INFO]:[08:25:49] Starting CPLEX solver on instance: /home/yorig/tuner/mpils-tests/instances/miplib/medium-2/rococoB10-011000.mps with config: /scratch/yorig/mpils-results-grid-ticks-10000-7may/medium-2/16proc-16pils/seed-2/5_rococoB10-011000_seed-2_20260510_082341/expansion/config_param_CPXPARAM_MIP_Limits_AggForCut_2_iter_6.prm
[INFO]:[08:25:56] CPLEX results. Gap: 21.670000, upper bound: 20415.000000, lower bound: 15990.706190
[INFO]:[08:25:56] CPLEX solver finished. Gap: 21.670000
[INFO]:[08:25:56] Starting CPLEX solver on instance: /home/yorig/tuner/mpils-tests/instances/miplib/medium-2/rococoB10-011000.mps with config: /scratch/yorig/mpils-results-grid-ticks-10000-7may/medium-2/16proc-16pils/seed-2/5_rococoB10-011000_seed-2_20260510_082341/expansion/config_param_CPXPARAM_Preprocessing_BoundStrength_1_iter_6.prm
[INFO]:[08:26:03] CPLEX results. Gap: 21.670000, upper bound: 20415.000000, lower bound: 15990.706190
[INFO]:[08:26:03] CPLEX solver finished. Gap: 21.670000
[INFO]:[08:26:03] Expansion Worker 4 completed expansion.
[INFO]:[08:26:03] Worker 4 completed expansion phase.
[INFO]:[08:26:03] Worker 4 received order for step 1.
[INFO]:[08:26:03] Worker 4 running exploration phase for iteration 7.
[INFO]:[08:26:03] Worker 4 at iteration 7 will not use a MIP start file. Current best MIP-start upper bound threshold is 1.79769e+308.
[INFO]:[08:26:03] Starting local search phase...
[INFO]:[08:26:03] Worker (ils_group_rank=4) entering parallel ILS evaluation service.
[INFO]:[08:26:03] Starting CPLEX solver on instance: /home/yorig/tuner/mpils-tests/instances/miplib/medium-2/rococoB10-011000.mps with config: /scratch/yorig/mpils-results-grid-ticks-10000-7may/medium-2/16proc-16pils/seed-2/5_rococoB10-011000_seed-2_20260510_082341/iterated_local_search/run_7_worker_0/parallel_0_4.prm
[INFO]:[08:26:10] CPLEX results. Gap: 22.080000, upper bound: 20415.000000, lower bound: 15907.542701
[INFO]:[08:26:10] CPLEX solver finished. Gap: 22.080000
[INFO]:[08:26:11] Starting CPLEX solver on instance: /home/yorig/tuner/mpils-tests/instances/miplib/medium-2/rococoB10-011000.mps with config: /scratch/yorig/mpils-results-grid-ticks-10000-7may/medium-2/16proc-16pils/seed-2/5_rococoB10-011000_seed-2_20260510_082341/iterated_local_search/run_7_worker_0/parallel_16_4.prm
[INFO]:[08:26:18] CPLEX results. Gap: 23.690000, upper bound: 20576.000000, lower bound: 15701.324833
[INFO]:[08:26:18] CPLEX solver finished. Gap: 23.690000
[INFO]:[08:26:19] Worker (ils_group_rank=4) exiting parallel ILS evaluation service.
[INFO]:[08:26:19] Worker 4 completed exploration phase.
[INFO]:[08:26:19] Worker 4 received order for step 2.
[INFO]:[08:26:19] Worker 4 running expansion phase for iteration 7.
[INFO]:[08:26:19] Worker 4 will use solver log file: /scratch/yorig/mpils-results-grid-ticks-10000-7may/medium-2/16proc-16pils/seed-2/5_rococoB10-011000_seed-2_20260510_082341/solver/cplex.log_iteration_expansion_7_worker_4
[INFO]:[08:26:19] Expansion Worker 4 starting expansion for iteration 7.
[INFO]:[08:26:19] Starting CPLEX solver on instance: /home/yorig/tuner/mpils-tests/instances/miplib/medium-2/rococoB10-011000.mps with config: /scratch/yorig/mpils-results-grid-ticks-10000-7may/medium-2/16proc-16pils/seed-2/5_rococoB10-011000_seed-2_20260510_082341/expansion/config_param_CPXPARAM_Feasopt_Mode_5_iter_7.prm
[INFO]:[08:26:26] CPLEX results. Gap: 21.670000, upper bound: 20415.000000, lower bound: 15990.706190
[INFO]:[08:26:26] CPLEX solver finished. Gap: 21.670000
[INFO]:[08:26:26] Starting CPLEX solver on instance: /home/yorig/tuner/mpils-tests/instances/miplib/medium-2/rococoB10-011000.mps with config: /scratch/yorig/mpils-results-grid-ticks-10000-7may/medium-2/16proc-16pils/seed-2/5_rococoB10-011000_seed-2_20260510_082341/expansion/config_param_CPXPARAM_Preprocessing_Reduce_2_iter_7.prm
[INFO]:[08:26:34] CPLEX results. Gap: 34.790000, upper bound: 21265.000000, lower bound: 13866.846221
[INFO]:[08:26:34] CPLEX solver finished. Gap: 34.790000
[INFO]:[08:26:34] Expansion Worker 4 completed expansion.
[INFO]:[08:26:34] Worker 4 completed expansion phase.
[INFO]:[08:26:34] Worker 4 received order for step 1.
[INFO]:[08:26:34] Worker 4 running exploration phase for iteration 8.
[INFO]:[08:26:34] Worker 4 at iteration 8 will not use a MIP start file. Current best MIP-start upper bound threshold is 1.79769e+308.
[INFO]:[08:26:34] Starting local search phase...
[INFO]:[08:26:34] Worker (ils_group_rank=4) entering parallel ILS evaluation service.
[INFO]:[08:26:34] Starting CPLEX solver on instance: /home/yorig/tuner/mpils-tests/instances/miplib/medium-2/rococoB10-011000.mps with config: /scratch/yorig/mpils-results-grid-ticks-10000-7may/medium-2/16proc-16pils/seed-2/5_rococoB10-011000_seed-2_20260510_082341/iterated_local_search/run_8_worker_0/parallel_0_4.prm
[INFO]:[08:26:41] CPLEX results. Gap: 26.110000, upper bound: 21009.000000, lower bound: 15523.980422
[INFO]:[08:26:41] CPLEX solver finished. Gap: 26.110000
[INFO]:[08:26:42] Worker (ils_group_rank=4) exiting parallel ILS evaluation service.
[INFO]:[08:26:42] Worker 4 completed exploration phase.
[INFO]:[08:26:42] Worker 4 received order for step 2.
[INFO]:[08:26:42] Worker 4 running expansion phase for iteration 8.
[INFO]:[08:26:42] Worker 4 will use solver log file: /scratch/yorig/mpils-results-grid-ticks-10000-7may/medium-2/16proc-16pils/seed-2/5_rococoB10-011000_seed-2_20260510_082341/solver/cplex.log_iteration_expansion_8_worker_4
[INFO]:[08:26:42] Expansion Worker 4 starting expansion for iteration 8.
[INFO]:[08:26:42] Starting CPLEX solver on instance: /home/yorig/tuner/mpils-tests/instances/miplib/medium-2/rococoB10-011000.mps with config: /scratch/yorig/mpils-results-grid-ticks-10000-7may/medium-2/16proc-16pils/seed-2/5_rococoB10-011000_seed-2_20260510_082341/expansion/config_param_CPXPARAM_LPMethod_5_iter_8.prm
[INFO]:[08:26:49] CPLEX results. Gap: 21.670000, upper bound: 20415.000000, lower bound: 15990.706190
[INFO]:[08:26:49] CPLEX solver finished. Gap: 21.670000
[INFO]:[08:26:49] Starting CPLEX solver on instance: /home/yorig/tuner/mpils-tests/instances/miplib/medium-2/rococoB10-011000.mps with config: /scratch/yorig/mpils-results-grid-ticks-10000-7may/medium-2/16proc-16pils/seed-2/5_rococoB10-011000_seed-2_20260510_082341/expansion/config_param_CPXPARAM_MIP_Limits_StrongCand_2_iter_8.prm
[INFO]:[08:26:55] CPLEX results. Gap: 21.670000, upper bound: 20415.000000, lower bound: 15990.706190
[INFO]:[08:26:55] CPLEX solver finished. Gap: 21.670000
[INFO]:[08:26:55] Expansion Worker 4 completed expansion.
[INFO]:[08:26:55] Worker 4 completed expansion phase.
[INFO]:[08:26:56] Worker 4 received order for step 1.
[INFO]:[08:26:56] Worker 4 running exploration phase for iteration 9.
[INFO]:[08:26:56] Worker 4 at iteration 9 will not use a MIP start file. Current best MIP-start upper bound threshold is 1.79769e+308.
[INFO]:[08:26:56] Starting local search phase...
[INFO]:[08:26:56] Worker (ils_group_rank=4) entering parallel ILS evaluation service.
[INFO]:[08:26:56] Starting CPLEX solver on instance: /home/yorig/tuner/mpils-tests/instances/miplib/medium-2/rococoB10-011000.mps with config: /scratch/yorig/mpils-results-grid-ticks-10000-7may/medium-2/16proc-16pils/seed-2/5_rococoB10-011000_seed-2_20260510_082341/iterated_local_search/run_9_worker_0/parallel_0_4.prm
[INFO]:[08:27:02] CPLEX results. Gap: 25.070000, upper bound: 20419.000000, lower bound: 15300.204218
[INFO]:[08:27:02] CPLEX solver finished. Gap: 25.070000
[INFO]:[08:27:03] Starting CPLEX solver on instance: /home/yorig/tuner/mpils-tests/instances/miplib/medium-2/rococoB10-011000.mps with config: /scratch/yorig/mpils-results-grid-ticks-10000-7may/medium-2/16proc-16pils/seed-2/5_rococoB10-011000_seed-2_20260510_082341/iterated_local_search/run_9_worker_0/parallel_16_4.prm
[INFO]:[08:27:10] CPLEX results. Gap: 25.200000, upper bound: 20962.000000, lower bound: 15680.017457
[INFO]:[08:27:10] CPLEX solver finished. Gap: 25.200000
[INFO]:[08:27:10] Worker (ils_group_rank=4) exiting parallel ILS evaluation service.
[INFO]:[08:27:10] Worker 4 completed exploration phase.
[INFO]:[08:27:10] Worker 4 received order for step 3.
[INFO]:[08:27:10] Worker 4 finished.
