[INFO]:[04:19:47] Worker 2 starting.
[INFO]:[04:19:47] Worker 2 received order for step 1.
[INFO]:[04:19:47] Worker 2 running exploration phase for iteration 1.
[INFO]:[04:19:47] Worker 2 at iteration 1 will not use a MIP start file. Current best MIP-start upper bound threshold is 1.79769e+308.
[INFO]:[04:19:47] Starting local search phase...
[INFO]:[04:19:47] Worker (ils_group_rank=2) entering parallel ILS evaluation service.
[INFO]:[04:19:47] Starting CPLEX solver on instance: /home/yorig/tuner/mpils-tests/instances/miplib/easy/mas74.mps with config: /scratch/yorig/mpils-results-grid-ticks-10000-7may/easy/24proc-12pils/seed-4/5_mas74_seed-4_20260510_041945/iterated_local_search/run_1_worker_0/parallel_0_2.prm
[INFO]:[04:19:55] CPLEX results. Gap: 9.720000, upper bound: 11801.185729, lower bound: 10654.575709
[INFO]:[04:19:55] CPLEX solver finished. Gap: 9.720000
[INFO]:[04:19:56] Starting CPLEX solver on instance: /home/yorig/tuner/mpils-tests/instances/miplib/easy/mas74.mps with config: /scratch/yorig/mpils-results-grid-ticks-10000-7may/easy/24proc-12pils/seed-4/5_mas74_seed-4_20260510_041945/iterated_local_search/run_1_worker_0/parallel_12_2.prm
[INFO]:[04:20:04] CPLEX results. Gap: 3.120000, upper bound: 11801.185729, lower bound: 11432.770937
[INFO]:[04:20:04] CPLEX solver finished. Gap: 3.120000
[INFO]:[04:20:05] Worker (ils_group_rank=2) exiting parallel ILS evaluation service.
[INFO]:[04:20:05] Worker 2 completed exploration phase.
[INFO]:[04:20:05] Worker 2 received order for step 2.
[INFO]:[04:20:05] Worker 2 running expansion phase for iteration 1.
[INFO]:[04:20:05] Worker 2 will use solver log file: /scratch/yorig/mpils-results-grid-ticks-10000-7may/easy/24proc-12pils/seed-4/5_mas74_seed-4_20260510_041945/solver/cplex.log_iteration_expansion_1_worker_2
[INFO]:[04:20:05] Expansion Worker 2 starting expansion for iteration 1.
[INFO]:[04:20:05] Starting CPLEX solver on instance: /home/yorig/tuner/mpils-tests/instances/miplib/easy/mas74.mps with config: /scratch/yorig/mpils-results-grid-ticks-10000-7may/easy/24proc-12pils/seed-4/5_mas74_seed-4_20260510_041945/expansion/config_param_CPXPARAM_MIP_Strategy_Probe_2_iter_1.prm
[INFO]:[04:20:14] CPLEX results. Gap: 2.920000, upper bound: 11801.185729, lower bound: 11456.827980
[INFO]:[04:20:14] CPLEX solver finished. Gap: 2.920000
[INFO]:[04:20:17] Expansion Worker 2 stopping early after global MPI expansion stop was activated.
[INFO]:[04:20:17] Expansion Worker 2 completed expansion.
[INFO]:[04:20:17] Worker 2 completed expansion phase.
[INFO]:[04:20:17] Worker 2 received order for step 1.
[INFO]:[04:20:17] Worker 2 running exploration phase for iteration 2.
[INFO]:[04:20:17] Worker 2 at iteration 2 will not use a MIP start file. Current best MIP-start upper bound threshold is 1.79769e+308.
[INFO]:[04:20:17] Starting local search phase...
[INFO]:[04:20:17] Worker (ils_group_rank=2) entering parallel ILS evaluation service.
[INFO]:[04:20:17] Starting CPLEX solver on instance: /home/yorig/tuner/mpils-tests/instances/miplib/easy/mas74.mps with config: /scratch/yorig/mpils-results-grid-ticks-10000-7may/easy/24proc-12pils/seed-4/5_mas74_seed-4_20260510_041945/iterated_local_search/run_2_worker_0/parallel_0_2.prm
[INFO]:[04:20:26] CPLEX results. Gap: 2.920000, upper bound: 11801.185729, lower bound: 11456.827980
[INFO]:[04:20:26] CPLEX solver finished. Gap: 2.920000
[INFO]:[04:20:26] Worker (ils_group_rank=2) exiting parallel ILS evaluation service.
[INFO]:[04:20:28] Worker 2 completed exploration phase.
[INFO]:[04:20:28] Worker 2 received order for step 2.
[INFO]:[04:20:28] Worker 2 running expansion phase for iteration 2.
[INFO]:[04:20:28] Worker 2 will use solver log file: /scratch/yorig/mpils-results-grid-ticks-10000-7may/easy/24proc-12pils/seed-4/5_mas74_seed-4_20260510_041945/solver/cplex.log_iteration_expansion_2_worker_2
[INFO]:[04:20:28] Expansion Worker 2 starting expansion for iteration 2.
[INFO]:[04:20:28] Starting CPLEX solver on instance: /home/yorig/tuner/mpils-tests/instances/miplib/easy/mas74.mps with config: /scratch/yorig/mpils-results-grid-ticks-10000-7may/easy/24proc-12pils/seed-4/5_mas74_seed-4_20260510_041945/expansion/config_param_CPXPARAM_MIP_Strategy_VariableSelect_2_iter_2.prm
[INFO]:[04:20:40] CPLEX results. Gap: 2.390000, upper bound: 11801.185729, lower bound: 11519.649614
[INFO]:[04:20:40] CPLEX solver finished. Gap: 2.390000
[INFO]:[04:20:40] Expansion Worker 2 stopping early after global MPI expansion stop was activated.
[INFO]:[04:20:40] Expansion Worker 2 completed expansion.
[INFO]:[04:20:40] Worker 2 completed expansion phase.
[INFO]:[04:20:40] Worker 2 received order for step 1.
[INFO]:[04:20:40] Worker 2 running exploration phase for iteration 3.
[INFO]:[04:20:40] Worker 2 at iteration 3 will not use a MIP start file. Current best MIP-start upper bound threshold is 1.79769e+308.
[INFO]:[04:20:40] Starting local search phase...
[INFO]:[04:20:40] Worker (ils_group_rank=2) entering parallel ILS evaluation service.
[INFO]:[04:20:40] Starting CPLEX solver on instance: /home/yorig/tuner/mpils-tests/instances/miplib/easy/mas74.mps with config: /scratch/yorig/mpils-results-grid-ticks-10000-7may/easy/24proc-12pils/seed-4/5_mas74_seed-4_20260510_041945/iterated_local_search/run_3_worker_0/parallel_0_2.prm
[INFO]:[04:20:46] CPLEX results. Gap: 6.420000, upper bound: 12007.448580, lower bound: 11236.088018
[INFO]:[04:20:46] CPLEX solver finished. Gap: 6.420000
[INFO]:[04:20:50] Starting CPLEX solver on instance: /home/yorig/tuner/mpils-tests/instances/miplib/easy/mas74.mps with config: /scratch/yorig/mpils-results-grid-ticks-10000-7may/easy/24proc-12pils/seed-4/5_mas74_seed-4_20260510_041945/iterated_local_search/run_3_worker_0/parallel_12_2.prm
[INFO]:[04:20:58] CPLEX results. Gap: 2.920000, upper bound: 11801.185729, lower bound: 11456.827980
[INFO]:[04:20:58] CPLEX solver finished. Gap: 2.920000
[INFO]:[04:20:58] Worker (ils_group_rank=2) exiting parallel ILS evaluation service.
[INFO]:[04:21:00] Worker 2 completed exploration phase.
[INFO]:[04:21:00] Worker 2 received order for step 2.
[INFO]:[04:21:00] Worker 2 running expansion phase for iteration 3.
[INFO]:[04:21:00] Worker 2 will use solver log file: /scratch/yorig/mpils-results-grid-ticks-10000-7may/easy/24proc-12pils/seed-4/5_mas74_seed-4_20260510_041945/solver/cplex.log_iteration_expansion_3_worker_2
[INFO]:[04:21:00] Expansion Worker 2 starting expansion for iteration 3.
[INFO]:[04:21:00] Starting CPLEX solver on instance: /home/yorig/tuner/mpils-tests/instances/miplib/easy/mas74.mps with config: /scratch/yorig/mpils-results-grid-ticks-10000-7may/easy/24proc-12pils/seed-4/5_mas74_seed-4_20260510_041945/expansion/config_param_CPXPARAM_MIP_Limits_ProbeTime_2_iter_3.prm
[INFO]:[04:21:12] CPLEX results. Gap: 2.260000, upper bound: 11801.185729, lower bound: 11534.034306
[INFO]:[04:21:12] CPLEX solver finished. Gap: 2.260000
[INFO]:[04:21:12] Expansion Worker 2 stopping early after global MPI expansion stop was activated.
[INFO]:[04:21:12] Expansion Worker 2 completed expansion.
[INFO]:[04:21:12] Worker 2 completed expansion phase.
[INFO]:[04:21:12] Worker 2 received order for step 1.
[INFO]:[04:21:12] Worker 2 running exploration phase for iteration 4.
[INFO]:[04:21:12] Worker 2 at iteration 4 will not use a MIP start file. Current best MIP-start upper bound threshold is 1.79769e+308.
[INFO]:[04:21:12] Starting local search phase...
[INFO]:[04:21:12] Worker (ils_group_rank=2) entering parallel ILS evaluation service.
[INFO]:[04:21:12] Starting CPLEX solver on instance: /home/yorig/tuner/mpils-tests/instances/miplib/easy/mas74.mps with config: /scratch/yorig/mpils-results-grid-ticks-10000-7may/easy/24proc-12pils/seed-4/5_mas74_seed-4_20260510_041945/iterated_local_search/run_4_worker_0/parallel_0_2.prm
[INFO]:[04:21:21] CPLEX results. Gap: 2.920000, upper bound: 11801.185729, lower bound: 11456.827980
[INFO]:[04:21:21] CPLEX solver finished. Gap: 2.920000
[INFO]:[04:21:22] Starting CPLEX solver on instance: /home/yorig/tuner/mpils-tests/instances/miplib/easy/mas74.mps with config: /scratch/yorig/mpils-results-grid-ticks-10000-7may/easy/24proc-12pils/seed-4/5_mas74_seed-4_20260510_041945/iterated_local_search/run_4_worker_0/parallel_12_2.prm
[INFO]:[04:21:30] CPLEX results. Gap: 3.080000, upper bound: 11801.185729, lower bound: 11437.495910
[INFO]:[04:21:30] CPLEX solver finished. Gap: 3.080000
[INFO]:[04:21:33] Worker (ils_group_rank=2) exiting parallel ILS evaluation service.
[INFO]:[04:21:33] Worker 2 completed exploration phase.
[INFO]:[04:21:33] Worker 2 received order for step 2.
[INFO]:[04:21:33] Worker 2 running expansion phase for iteration 4.
[INFO]:[04:21:33] Worker 2 will use solver log file: /scratch/yorig/mpils-results-grid-ticks-10000-7may/easy/24proc-12pils/seed-4/5_mas74_seed-4_20260510_041945/solver/cplex.log_iteration_expansion_4_worker_2
[INFO]:[04:21:33] Expansion Worker 2 starting expansion for iteration 4.
[INFO]:[04:21:33] Starting CPLEX solver on instance: /home/yorig/tuner/mpils-tests/instances/miplib/easy/mas74.mps with config: /scratch/yorig/mpils-results-grid-ticks-10000-7may/easy/24proc-12pils/seed-4/5_mas74_seed-4_20260510_041945/expansion/config_param_CPXPARAM_MIP_Strategy_BBInterval_3_iter_4.prm
[INFO]:[04:21:46] CPLEX results. Gap: 2.040000, upper bound: 11801.185729, lower bound: 11559.858479
[INFO]:[04:21:46] CPLEX solver finished. Gap: 2.040000
[INFO]:[04:21:48] Expansion Worker 2 stopping early after global MPI expansion stop was activated.
[INFO]:[04:21:48] Expansion Worker 2 completed expansion.
[INFO]:[04:21:48] Worker 2 completed expansion phase.
[INFO]:[04:21:48] Worker 2 received order for step 1.
[INFO]:[04:21:48] Worker 2 running exploration phase for iteration 5.
[INFO]:[04:21:48] Worker 2 at iteration 5 will not use a MIP start file. Current best MIP-start upper bound threshold is 1.79769e+308.
[INFO]:[04:21:48] Starting local search phase...
[INFO]:[04:21:48] Worker (ils_group_rank=2) entering parallel ILS evaluation service.
[INFO]:[04:21:48] Starting CPLEX solver on instance: /home/yorig/tuner/mpils-tests/instances/miplib/easy/mas74.mps with config: /scratch/yorig/mpils-results-grid-ticks-10000-7may/easy/24proc-12pils/seed-4/5_mas74_seed-4_20260510_041945/iterated_local_search/run_5_worker_0/parallel_0_2.prm
[INFO]:[04:22:00] CPLEX results. Gap: 2.320000, upper bound: 11801.185729, lower bound: 11527.132429
[INFO]:[04:22:00] CPLEX solver finished. Gap: 2.320000
[INFO]:[04:22:00] Starting CPLEX solver on instance: /home/yorig/tuner/mpils-tests/instances/miplib/easy/mas74.mps with config: /scratch/yorig/mpils-results-grid-ticks-10000-7may/easy/24proc-12pils/seed-4/5_mas74_seed-4_20260510_041945/iterated_local_search/run_5_worker_0/parallel_12_2.prm
[INFO]:[04:22:12] CPLEX results. Gap: 2.220000, upper bound: 11801.185729, lower bound: 11538.702627
[INFO]:[04:22:12] CPLEX solver finished. Gap: 2.220000
[INFO]:[04:22:12] Starting CPLEX solver on instance: /home/yorig/tuner/mpils-tests/instances/miplib/easy/mas74.mps with config: /scratch/yorig/mpils-results-grid-ticks-10000-7may/easy/24proc-12pils/seed-4/5_mas74_seed-4_20260510_041945/iterated_local_search/run_5_worker_0/parallel_24_2.prm
[INFO]:[04:22:24] CPLEX results. Gap: 2.340000, upper bound: 11801.185729, lower bound: 11524.548660
[INFO]:[04:22:24] CPLEX solver finished. Gap: 2.340000
[INFO]:[04:22:24] Worker (ils_group_rank=2) exiting parallel ILS evaluation service.
[INFO]:[04:22:24] Worker 2 completed exploration phase.
[INFO]:[04:22:24] Worker 2 received order for step 2.
[INFO]:[04:22:24] Worker 2 running expansion phase for iteration 5.
[INFO]:[04:22:24] Worker 2 will use solver log file: /scratch/yorig/mpils-results-grid-ticks-10000-7may/easy/24proc-12pils/seed-4/5_mas74_seed-4_20260510_041945/solver/cplex.log_iteration_expansion_5_worker_2
[INFO]:[04:22:24] Expansion Worker 2 starting expansion for iteration 5.
[INFO]:[04:22:24] Starting CPLEX solver on instance: /home/yorig/tuner/mpils-tests/instances/miplib/easy/mas74.mps with config: /scratch/yorig/mpils-results-grid-ticks-10000-7may/easy/24proc-12pils/seed-4/5_mas74_seed-4_20260510_041945/expansion/config_param_CPXPARAM_MIP_Strategy_PresolveNode_2_iter_5.prm
[INFO]:[04:22:39] CPLEX results. Gap: 1.750000, upper bound: 11801.185729, lower bound: 11595.061869
[INFO]:[04:22:39] CPLEX solver finished. Gap: 1.750000
[INFO]:[04:22:40] Expansion Worker 2 stopping early after global MPI expansion stop was activated.
[INFO]:[04:22:40] Expansion Worker 2 completed expansion.
[INFO]:[04:22:40] Worker 2 completed expansion phase.
[INFO]:[04:22:40] Worker 2 received order for step 1.
[INFO]:[04:22:40] Worker 2 running exploration phase for iteration 6.
[INFO]:[04:22:40] Worker 2 at iteration 6 will not use a MIP start file. Current best MIP-start upper bound threshold is 1.79769e+308.
[INFO]:[04:22:40] Starting local search phase...
[INFO]:[04:22:40] Worker (ils_group_rank=2) entering parallel ILS evaluation service.
[INFO]:[04:22:40] Starting CPLEX solver on instance: /home/yorig/tuner/mpils-tests/instances/miplib/easy/mas74.mps with config: /scratch/yorig/mpils-results-grid-ticks-10000-7may/easy/24proc-12pils/seed-4/5_mas74_seed-4_20260510_041945/iterated_local_search/run_6_worker_0/parallel_0_2.prm
[INFO]:[04:22:51] CPLEX results. Gap: 1.760000, upper bound: 11801.185729, lower bound: 11593.662330
[INFO]:[04:22:52] CPLEX solver finished. Gap: 1.760000
[INFO]:[04:22:53] Worker (ils_group_rank=2) exiting parallel ILS evaluation service.
[INFO]:[04:22:53] Worker 2 completed exploration phase.
[INFO]:[04:22:53] Worker 2 received order for step 2.
[INFO]:[04:22:53] Worker 2 running expansion phase for iteration 6.
[INFO]:[04:22:53] Worker 2 will use solver log file: /scratch/yorig/mpils-results-grid-ticks-10000-7may/easy/24proc-12pils/seed-4/5_mas74_seed-4_20260510_041945/solver/cplex.log_iteration_expansion_6_worker_2
[INFO]:[04:22:53] Expansion Worker 2 starting expansion for iteration 6.
[INFO]:[04:22:53] Starting CPLEX solver on instance: /home/yorig/tuner/mpils-tests/instances/miplib/easy/mas74.mps with config: /scratch/yorig/mpils-results-grid-ticks-10000-7may/easy/24proc-12pils/seed-4/5_mas74_seed-4_20260510_041945/expansion/config_param_CPXPARAM_Preprocessing_Symmetry_0_iter_6.prm
[INFO]:[04:23:07] CPLEX results. Gap: 1.080000, upper bound: 11801.185729, lower bound: 11673.565048
[INFO]:[04:23:07] CPLEX solver finished. Gap: 1.080000
[INFO]:[04:23:09] Expansion Worker 2 stopping early after global MPI expansion stop was activated.
[INFO]:[04:23:09] Expansion Worker 2 completed expansion.
[INFO]:[04:23:09] Worker 2 completed expansion phase.
[INFO]:[04:23:10] Worker 2 received order for step 1.
[INFO]:[04:23:10] Worker 2 running exploration phase for iteration 7.
[INFO]:[04:23:10] Worker 2 at iteration 7 will not use a MIP start file. Current best MIP-start upper bound threshold is 1.79769e+308.
[INFO]:[04:23:10] Starting local search phase...
[INFO]:[04:23:10] Worker (ils_group_rank=2) entering parallel ILS evaluation service.
[INFO]:[04:23:10] Starting CPLEX solver on instance: /home/yorig/tuner/mpils-tests/instances/miplib/easy/mas74.mps with config: /scratch/yorig/mpils-results-grid-ticks-10000-7may/easy/24proc-12pils/seed-4/5_mas74_seed-4_20260510_041945/iterated_local_search/run_7_worker_0/parallel_0_2.prm
[INFO]:[04:23:20] CPLEX results. Gap: 1.980000, upper bound: 11801.185729, lower bound: 11567.823505
[INFO]:[04:23:20] CPLEX solver finished. Gap: 1.980000
[INFO]:[04:23:21] Starting CPLEX solver on instance: /home/yorig/tuner/mpils-tests/instances/miplib/easy/mas74.mps with config: /scratch/yorig/mpils-results-grid-ticks-10000-7may/easy/24proc-12pils/seed-4/5_mas74_seed-4_20260510_041945/iterated_local_search/run_7_worker_0/parallel_12_2.prm
[INFO]:[04:23:33] CPLEX results. Gap: 1.730000, upper bound: 11801.185729, lower bound: 11597.559998
[INFO]:[04:23:33] CPLEX solver finished. Gap: 1.730000
[INFO]:[04:23:33] Starting CPLEX solver on instance: /home/yorig/tuner/mpils-tests/instances/miplib/easy/mas74.mps with config: /scratch/yorig/mpils-results-grid-ticks-10000-7may/easy/24proc-12pils/seed-4/5_mas74_seed-4_20260510_041945/iterated_local_search/run_7_worker_0/parallel_24_2.prm
[INFO]:[04:23:45] CPLEX results. Gap: 1.730000, upper bound: 11801.185729, lower bound: 11597.559998
[INFO]:[04:23:45] CPLEX solver finished. Gap: 1.730000
[INFO]:[04:23:46] Worker (ils_group_rank=2) exiting parallel ILS evaluation service.
[INFO]:[04:23:46] Worker 2 completed exploration phase.
[INFO]:[04:23:46] Worker 2 received order for step 2.
[INFO]:[04:23:46] Worker 2 running expansion phase for iteration 7.
[INFO]:[04:23:46] Worker 2 will use solver log file: /scratch/yorig/mpils-results-grid-ticks-10000-7may/easy/24proc-12pils/seed-4/5_mas74_seed-4_20260510_041945/solver/cplex.log_iteration_expansion_7_worker_2
[INFO]:[04:23:46] Expansion Worker 2 starting expansion for iteration 7.
[INFO]:[04:23:46] Starting CPLEX solver on instance: /home/yorig/tuner/mpils-tests/instances/miplib/easy/mas74.mps with config: /scratch/yorig/mpils-results-grid-ticks-10000-7may/easy/24proc-12pils/seed-4/5_mas74_seed-4_20260510_041945/expansion/config_param_CPXPARAM_MIP_Strategy_HeuristicFreq_20_iter_7.prm
[INFO]:[04:24:00] CPLEX results. Gap: 1.020000, upper bound: 11801.185729, lower bound: 11680.543477
[INFO]:[04:24:00] CPLEX solver finished. Gap: 1.020000
[INFO]:[04:24:03] Expansion Worker 2 stopping early after global MPI expansion stop was activated.
[INFO]:[04:24:03] Expansion Worker 2 completed expansion.
[INFO]:[04:24:03] Worker 2 completed expansion phase.
[INFO]:[04:24:03] Worker 2 received order for step 1.
[INFO]:[04:24:03] Worker 2 running exploration phase for iteration 8.
[INFO]:[04:24:03] Worker 2 at iteration 8 will not use a MIP start file. Current best MIP-start upper bound threshold is 1.79769e+308.
[INFO]:[04:24:03] Starting local search phase...
[INFO]:[04:24:03] Worker (ils_group_rank=2) entering parallel ILS evaluation service.
[INFO]:[04:24:03] Starting CPLEX solver on instance: /home/yorig/tuner/mpils-tests/instances/miplib/easy/mas74.mps with config: /scratch/yorig/mpils-results-grid-ticks-10000-7may/easy/24proc-12pils/seed-4/5_mas74_seed-4_20260510_041945/iterated_local_search/run_8_worker_0/parallel_0_2.prm
[INFO]:[04:24:14] CPLEX results. Gap: 1.490000, upper bound: 11801.185729, lower bound: 11625.807022
[INFO]:[04:24:14] CPLEX solver finished. Gap: 1.490000
[INFO]:[04:24:14] Starting CPLEX solver on instance: /home/yorig/tuner/mpils-tests/instances/miplib/easy/mas74.mps with config: /scratch/yorig/mpils-results-grid-ticks-10000-7may/easy/24proc-12pils/seed-4/5_mas74_seed-4_20260510_041945/iterated_local_search/run_8_worker_0/parallel_12_2.prm
[INFO]:[04:24:23] CPLEX results. Gap: 5.680000, upper bound: 11801.185729, lower bound: 11131.071331
[INFO]:[04:24:23] CPLEX solver finished. Gap: 5.680000
[INFO]:[04:24:25] Worker (ils_group_rank=2) exiting parallel ILS evaluation service.
[INFO]:[04:24:25] Worker 2 completed exploration phase.
[INFO]:[04:24:26] Worker 2 received order for step 2.
[INFO]:[04:24:26] Worker 2 running expansion phase for iteration 8.
[INFO]:[04:24:26] Worker 2 will use solver log file: /scratch/yorig/mpils-results-grid-ticks-10000-7may/easy/24proc-12pils/seed-4/5_mas74_seed-4_20260510_041945/solver/cplex.log_iteration_expansion_8_worker_2
[INFO]:[04:24:26] Expansion Worker 2 starting expansion for iteration 8.
[INFO]:[04:24:26] Starting CPLEX solver on instance: /home/yorig/tuner/mpils-tests/instances/miplib/easy/mas74.mps with config: /scratch/yorig/mpils-results-grid-ticks-10000-7may/easy/24proc-12pils/seed-4/5_mas74_seed-4_20260510_041945/expansion/config_param_CPXPARAM_MIP_Strategy_SubAlgorithm_3_iter_8.prm
[INFO]:[04:24:34] CPLEX results. Gap: 3.110000, upper bound: 11801.185729, lower bound: 11433.733816
[INFO]:[04:24:34] CPLEX solver finished. Gap: 3.110000
[INFO]:[04:24:42] Expansion Worker 2 stopping early after global MPI expansion stop was activated.
[INFO]:[04:24:42] Expansion Worker 2 completed expansion.
[INFO]:[04:24:42] Worker 2 completed expansion phase.
[INFO]:[04:24:42] Worker 2 received order for step 1.
[INFO]:[04:24:42] Worker 2 running exploration phase for iteration 9.
[INFO]:[04:24:42] Worker 2 at iteration 9 will not use a MIP start file. Current best MIP-start upper bound threshold is 1.79769e+308.
[INFO]:[04:24:42] Starting local search phase...
[INFO]:[04:24:42] Worker (ils_group_rank=2) entering parallel ILS evaluation service.
[INFO]:[04:24:42] Starting CPLEX solver on instance: /home/yorig/tuner/mpils-tests/instances/miplib/easy/mas74.mps with config: /scratch/yorig/mpils-results-grid-ticks-10000-7may/easy/24proc-12pils/seed-4/5_mas74_seed-4_20260510_041945/iterated_local_search/run_9_worker_0/parallel_0_2.prm
[INFO]:[04:24:53] CPLEX results. Gap: 1.450000, upper bound: 11801.185729, lower bound: 11629.674422
[INFO]:[04:24:54] CPLEX solver finished. Gap: 1.450000
[INFO]:[04:24:54] Starting CPLEX solver on instance: /home/yorig/tuner/mpils-tests/instances/miplib/easy/mas74.mps with config: /scratch/yorig/mpils-results-grid-ticks-10000-7may/easy/24proc-12pils/seed-4/5_mas74_seed-4_20260510_041945/iterated_local_search/run_9_worker_0/parallel_12_2.prm
[INFO]:[04:25:05] CPLEX results. Gap: 1.600000, upper bound: 11801.185729, lower bound: 11612.611811
[INFO]:[04:25:05] CPLEX solver finished. Gap: 1.600000
[INFO]:[04:25:05] Worker (ils_group_rank=2) exiting parallel ILS evaluation service.
[INFO]:[04:25:06] Worker 2 completed exploration phase.
[INFO]:[04:25:06] Worker 2 received order for step 2.
[INFO]:[04:25:06] Worker 2 running expansion phase for iteration 9.
[INFO]:[04:25:06] Worker 2 will use solver log file: /scratch/yorig/mpils-results-grid-ticks-10000-7may/easy/24proc-12pils/seed-4/5_mas74_seed-4_20260510_041945/solver/cplex.log_iteration_expansion_9_worker_2
[INFO]:[04:25:06] Expansion Worker 2 starting expansion for iteration 9.
[INFO]:[04:25:06] Starting CPLEX solver on instance: /home/yorig/tuner/mpils-tests/instances/miplib/easy/mas74.mps with config: /scratch/yorig/mpils-results-grid-ticks-10000-7may/easy/24proc-12pils/seed-4/5_mas74_seed-4_20260510_041945/expansion/config_param_CPXPARAM_Simplex_PGradient_2_iter_9.prm
[INFO]:[04:25:22] CPLEX results. Gap: 0.690000, upper bound: 11801.185729, lower bound: 11719.540821
[INFO]:[04:25:22] CPLEX solver finished. Gap: 0.690000
[INFO]:[04:25:23] Starting CPLEX solver on instance: /home/yorig/tuner/mpils-tests/instances/miplib/easy/mas74.mps with config: /scratch/yorig/mpils-results-grid-ticks-10000-7may/easy/24proc-12pils/seed-4/5_mas74_seed-4_20260510_041945/expansion/config_param_CPXPARAM_Preprocessing_CoeffReduce_0_iter_9.prm
[INFO]:[04:25:38] CPLEX results. Gap: 0.690000, upper bound: 11801.185729, lower bound: 11719.540821
[INFO]:[04:25:39] CPLEX solver finished. Gap: 0.690000
[INFO]:[04:25:39] Expansion Worker 2 completed expansion.
[INFO]:[04:25:39] Worker 2 completed expansion phase.
[INFO]:[04:25:39] Worker 2 received order for step 1.
[INFO]:[04:25:39] Worker 2 running exploration phase for iteration 10.
[INFO]:[04:25:39] Worker 2 at iteration 10 will not use a MIP start file. Current best MIP-start upper bound threshold is 1.79769e+308.
[INFO]:[04:25:39] Starting local search phase...
[INFO]:[04:25:39] Worker (ils_group_rank=2) entering parallel ILS evaluation service.
[INFO]:[04:25:40] Starting CPLEX solver on instance: /home/yorig/tuner/mpils-tests/instances/miplib/easy/mas74.mps with config: /scratch/yorig/mpils-results-grid-ticks-10000-7may/easy/24proc-12pils/seed-4/5_mas74_seed-4_20260510_041945/iterated_local_search/run_10_worker_0/parallel_0_2.prm
[INFO]:[04:25:51] CPLEX results. Gap: 1.450000, upper bound: 11801.185729, lower bound: 11629.674422
[INFO]:[04:25:51] CPLEX solver finished. Gap: 1.450000
[INFO]:[04:25:51] Worker (ils_group_rank=2) exiting parallel ILS evaluation service.
[INFO]:[04:25:51] Worker 2 completed exploration phase.
[INFO]:[04:25:51] Worker 2 received order for step 2.
[INFO]:[04:25:51] Worker 2 running expansion phase for iteration 10.
[INFO]:[04:25:51] Worker 2 will use solver log file: /scratch/yorig/mpils-results-grid-ticks-10000-7may/easy/24proc-12pils/seed-4/5_mas74_seed-4_20260510_041945/solver/cplex.log_iteration_expansion_10_worker_2
[INFO]:[04:25:51] Expansion Worker 2 starting expansion for iteration 10.
[INFO]:[04:25:51] Starting CPLEX solver on instance: /home/yorig/tuner/mpils-tests/instances/miplib/easy/mas74.mps with config: /scratch/yorig/mpils-results-grid-ticks-10000-7may/easy/24proc-12pils/seed-4/5_mas74_seed-4_20260510_041945/expansion/config_param_CPXPARAM_Preprocessing_Dependency_2_iter_10.prm
[INFO]:[04:26:07] CPLEX results. Gap: 0.690000, upper bound: 11801.185729, lower bound: 11719.540821
[INFO]:[04:26:08] CPLEX solver finished. Gap: 0.690000
[INFO]:[04:26:08] Expansion Worker 2 stopping early after global MPI expansion stop was activated.
[INFO]:[04:26:08] Expansion Worker 2 completed expansion.
[INFO]:[04:26:08] Worker 2 completed expansion phase.
[INFO]:[04:26:08] Worker 2 received order for step 1.
[INFO]:[04:26:08] Worker 2 running exploration phase for iteration 11.
[INFO]:[04:26:08] Worker 2 at iteration 11 will not use a MIP start file. Current best MIP-start upper bound threshold is 1.79769e+308.
[INFO]:[04:26:08] Starting local search phase...
[INFO]:[04:26:08] Worker (ils_group_rank=2) entering parallel ILS evaluation service.
[INFO]:[04:26:08] Starting CPLEX solver on instance: /home/yorig/tuner/mpils-tests/instances/miplib/easy/mas74.mps with config: /scratch/yorig/mpils-results-grid-ticks-10000-7may/easy/24proc-12pils/seed-4/5_mas74_seed-4_20260510_041945/iterated_local_search/run_11_worker_0/parallel_0_2.prm
[INFO]:[04:26:19] CPLEX results. Gap: 1.450000, upper bound: 11801.185729, lower bound: 11629.674422
[INFO]:[04:26:19] CPLEX solver finished. Gap: 1.450000
[INFO]:[04:26:20] Starting CPLEX solver on instance: /home/yorig/tuner/mpils-tests/instances/miplib/easy/mas74.mps with config: /scratch/yorig/mpils-results-grid-ticks-10000-7may/easy/24proc-12pils/seed-4/5_mas74_seed-4_20260510_041945/iterated_local_search/run_11_worker_0/parallel_12_2.prm
[INFO]:[04:26:30] CPLEX results. Gap: 1.850000, upper bound: 11801.185729, lower bound: 11582.590818
[INFO]:[04:26:30] CPLEX solver finished. Gap: 1.850000
[INFO]:[04:26:31] Starting CPLEX solver on instance: /home/yorig/tuner/mpils-tests/instances/miplib/easy/mas74.mps with config: /scratch/yorig/mpils-results-grid-ticks-10000-7may/easy/24proc-12pils/seed-4/5_mas74_seed-4_20260510_041945/iterated_local_search/run_11_worker_0/parallel_24_2.prm
[INFO]:[04:26:43] CPLEX results. Gap: 1.450000, upper bound: 11801.185729, lower bound: 11629.674422
[INFO]:[04:26:43] CPLEX solver finished. Gap: 1.450000
[INFO]:[04:26:43] Worker (ils_group_rank=2) exiting parallel ILS evaluation service.
[INFO]:[04:26:43] Worker 2 completed exploration phase.
[INFO]:[04:26:43] Worker 2 received order for step 2.
[INFO]:[04:26:43] Worker 2 running expansion phase for iteration 11.
[INFO]:[04:26:43] Worker 2 will use solver log file: /scratch/yorig/mpils-results-grid-ticks-10000-7may/easy/24proc-12pils/seed-4/5_mas74_seed-4_20260510_041945/solver/cplex.log_iteration_expansion_11_worker_2
[INFO]:[04:26:43] Expansion Worker 2 starting expansion for iteration 11.
[INFO]:[04:26:43] Starting CPLEX solver on instance: /home/yorig/tuner/mpils-tests/instances/miplib/easy/mas74.mps with config: /scratch/yorig/mpils-results-grid-ticks-10000-7may/easy/24proc-12pils/seed-4/5_mas74_seed-4_20260510_041945/expansion/config_param_CPXPARAM_Network_Pricing_1_iter_11.prm
[INFO]:[04:26:59] CPLEX results. Gap: 0.640000, upper bound: 11801.185729, lower bound: 11725.353589
[INFO]:[04:27:00] CPLEX solver finished. Gap: 0.640000
[INFO]:[04:27:00] Expansion Worker 2 stopping early after global MPI expansion stop was activated.
[INFO]:[04:27:00] Expansion Worker 2 completed expansion.
[INFO]:[04:27:00] Worker 2 completed expansion phase.
[INFO]:[04:27:00] Worker 2 received order for step 1.
[INFO]:[04:27:00] Worker 2 running exploration phase for iteration 12.
[INFO]:[04:27:00] Worker 2 at iteration 12 will not use a MIP start file. Current best MIP-start upper bound threshold is 1.79769e+308.
[INFO]:[04:27:00] Starting local search phase...
[INFO]:[04:27:00] Worker (ils_group_rank=2) entering parallel ILS evaluation service.
[INFO]:[04:27:01] Starting CPLEX solver on instance: /home/yorig/tuner/mpils-tests/instances/miplib/easy/mas74.mps with config: /scratch/yorig/mpils-results-grid-ticks-10000-7may/easy/24proc-12pils/seed-4/5_mas74_seed-4_20260510_041945/iterated_local_search/run_12_worker_0/parallel_0_2.prm
[INFO]:[04:27:12] CPLEX results. Gap: 1.450000, upper bound: 11801.185729, lower bound: 11629.674422
[INFO]:[04:27:12] CPLEX solver finished. Gap: 1.450000
[INFO]:[04:27:13] Starting CPLEX solver on instance: /home/yorig/tuner/mpils-tests/instances/miplib/easy/mas74.mps with config: /scratch/yorig/mpils-results-grid-ticks-10000-7may/easy/24proc-12pils/seed-4/5_mas74_seed-4_20260510_041945/iterated_local_search/run_12_worker_0/parallel_12_2.prm
[INFO]:[04:27:24] CPLEX results. Gap: 1.440000, upper bound: 11801.185729, lower bound: 11630.843272
[INFO]:[04:27:24] CPLEX solver finished. Gap: 1.440000
[INFO]:[04:27:27] Starting CPLEX solver on instance: /home/yorig/tuner/mpils-tests/instances/miplib/easy/mas74.mps with config: /scratch/yorig/mpils-results-grid-ticks-10000-7may/easy/24proc-12pils/seed-4/5_mas74_seed-4_20260510_041945/iterated_local_search/run_12_worker_0/parallel_24_2.prm
[INFO]:[04:27:41] CPLEX results. Gap: 1.210000, upper bound: 11801.185729, lower bound: 11658.063760
[INFO]:[04:27:41] CPLEX solver finished. Gap: 1.210000
[INFO]:[04:27:41] Worker (ils_group_rank=2) exiting parallel ILS evaluation service.
[INFO]:[04:27:41] Worker 2 completed exploration phase.
[INFO]:[04:27:41] Worker 2 received order for step 2.
[INFO]:[04:27:41] Worker 2 running expansion phase for iteration 12.
[INFO]:[04:27:41] Worker 2 will use solver log file: /scratch/yorig/mpils-results-grid-ticks-10000-7may/easy/24proc-12pils/seed-4/5_mas74_seed-4_20260510_041945/solver/cplex.log_iteration_expansion_12_worker_2
[INFO]:[04:27:41] Expansion Worker 2 starting expansion for iteration 12.
[INFO]:[04:27:41] Starting CPLEX solver on instance: /home/yorig/tuner/mpils-tests/instances/miplib/easy/mas74.mps with config: /scratch/yorig/mpils-results-grid-ticks-10000-7may/easy/24proc-12pils/seed-4/5_mas74_seed-4_20260510_041945/expansion/config_param_CPXPARAM_LPMethod_3_iter_12.prm
[INFO]:[04:27:58] CPLEX results. Gap: 0.580000, upper bound: 11801.185729, lower bound: 11732.923440
[INFO]:[04:27:58] CPLEX solver finished. Gap: 0.580000
[INFO]:[04:27:59] Expansion Worker 2 stopping early after global MPI expansion stop was activated.
[INFO]:[04:27:59] Expansion Worker 2 completed expansion.
[INFO]:[04:27:59] Worker 2 completed expansion phase.
[INFO]:[04:27:59] Worker 2 received order for step 1.
[INFO]:[04:27:59] Worker 2 running exploration phase for iteration 13.
[INFO]:[04:27:59] Worker 2 at iteration 13 will not use a MIP start file. Current best MIP-start upper bound threshold is 1.79769e+308.
[INFO]:[04:27:59] Starting local search phase...
[INFO]:[04:27:59] Worker (ils_group_rank=2) entering parallel ILS evaluation service.
[INFO]:[04:27:59] Starting CPLEX solver on instance: /home/yorig/tuner/mpils-tests/instances/miplib/easy/mas74.mps with config: /scratch/yorig/mpils-results-grid-ticks-10000-7may/easy/24proc-12pils/seed-4/5_mas74_seed-4_20260510_041945/iterated_local_search/run_13_worker_0/parallel_0_2.prm
[INFO]:[04:28:14] CPLEX results. Gap: 1.060000, upper bound: 11801.185729, lower bound: 11676.078019
[INFO]:[04:28:14] CPLEX solver finished. Gap: 1.060000
[INFO]:[04:28:15] Starting CPLEX solver on instance: /home/yorig/tuner/mpils-tests/instances/miplib/easy/mas74.mps with config: /scratch/yorig/mpils-results-grid-ticks-10000-7may/easy/24proc-12pils/seed-4/5_mas74_seed-4_20260510_041945/iterated_local_search/run_13_worker_0/parallel_12_2.prm
[INFO]:[04:28:30] CPLEX results. Gap: 0.820000, upper bound: 11801.185729, lower bound: 11704.401172
[INFO]:[04:28:30] CPLEX solver finished. Gap: 0.820000
[INFO]:[04:28:31] Starting CPLEX solver on instance: /home/yorig/tuner/mpils-tests/instances/miplib/easy/mas74.mps with config: /scratch/yorig/mpils-results-grid-ticks-10000-7may/easy/24proc-12pils/seed-4/5_mas74_seed-4_20260510_041945/iterated_local_search/run_13_worker_0/parallel_24_2.prm
[INFO]:[04:28:46] CPLEX results. Gap: 0.690000, upper bound: 11801.185729, lower bound: 11719.487468
[INFO]:[04:28:47] CPLEX solver finished. Gap: 0.690000
[INFO]:[04:28:47] Worker (ils_group_rank=2) exiting parallel ILS evaluation service.
[INFO]:[04:28:47] Worker 2 completed exploration phase.
[INFO]:[04:28:47] Worker 2 received order for step 2.
[INFO]:[04:28:47] Worker 2 running expansion phase for iteration 13.
[INFO]:[04:28:47] Worker 2 will use solver log file: /scratch/yorig/mpils-results-grid-ticks-10000-7may/easy/24proc-12pils/seed-4/5_mas74_seed-4_20260510_041945/solver/cplex.log_iteration_expansion_13_worker_2
[INFO]:[04:28:47] Expansion Worker 2 starting expansion for iteration 13.
[INFO]:[04:29:03] Expansion Worker 2 completed expansion.
[INFO]:[04:29:03] Worker 2 completed expansion phase.
[INFO]:[04:29:04] Worker 2 received order for step 1.
[INFO]:[04:29:04] Worker 2 running exploration phase for iteration 14.
[INFO]:[04:29:04] Worker 2 at iteration 14 will not use a MIP start file. Current best MIP-start upper bound threshold is 1.79769e+308.
[INFO]:[04:29:04] Starting local search phase...
[INFO]:[04:29:04] Worker (ils_group_rank=2) entering parallel ILS evaluation service.
[INFO]:[04:29:04] Starting CPLEX solver on instance: /home/yorig/tuner/mpils-tests/instances/miplib/easy/mas74.mps with config: /scratch/yorig/mpils-results-grid-ticks-10000-7may/easy/24proc-12pils/seed-4/5_mas74_seed-4_20260510_041945/iterated_local_search/run_14_worker_0/parallel_0_2.prm
[INFO]:[04:29:17] CPLEX results. Gap: 1.830000, upper bound: 11857.371258, lower bound: 11640.774566
[INFO]:[04:29:17] CPLEX solver finished. Gap: 1.830000
[INFO]:[04:29:20] Worker (ils_group_rank=2) exiting parallel ILS evaluation service.
[INFO]:[04:29:20] Worker 2 completed exploration phase.
[INFO]:[04:29:20] Worker 2 received order for step 3.
[INFO]:[04:29:20] Worker 2 finished.
