[INFO]:[03:10:22] Worker 19 starting.
[INFO]:[03:10:22] Worker 19 received order for step 1.
[INFO]:[03:10:22] Worker 19 running exploration phase for iteration 1.
[INFO]:[03:10:22] Worker 19 at iteration 1 will not use a MIP start file. Current best MIP-start upper bound threshold is 1.79769e+308.
[INFO]:[03:10:22] Starting local search phase...
[INFO]:[03:10:22] Worker (ils_group_rank=1) entering parallel ILS evaluation service.
[INFO]:[03:10:22] Starting CPLEX solver on instance: /home/yorig/tuner/mpils-tests/instances/miplib/medium-2/neos-4387871-tavua.mps with config: /scratch/yorig/mpils-results-grid-ticks-10000-7may/medium-2/24proc-2pils/seed-5/1_neos-4387871-tavua_seed-5_20260510_031021/iterated_local_search/run_1_worker_18/parallel_0_1.prm
[INFO]:[03:10:28] CPLEX results. Gap: 35.960000, upper bound: 34.556310, lower bound: 22.128441
[INFO]:[03:10:28] CPLEX solver finished. Gap: 35.960000
[INFO]:[03:10:29] Starting CPLEX solver on instance: /home/yorig/tuner/mpils-tests/instances/miplib/medium-2/neos-4387871-tavua.mps with config: /scratch/yorig/mpils-results-grid-ticks-10000-7may/medium-2/24proc-2pils/seed-5/1_neos-4387871-tavua_seed-5_20260510_031021/iterated_local_search/run_1_worker_18/parallel_2_1.prm
[INFO]:[03:10:34] CPLEX results. Gap: 34.530000, upper bound: 34.556310, lower bound: 22.625329
[INFO]:[03:10:34] CPLEX solver finished. Gap: 34.530000
[INFO]:[03:10:36] Starting CPLEX solver on instance: /home/yorig/tuner/mpils-tests/instances/miplib/medium-2/neos-4387871-tavua.mps with config: /scratch/yorig/mpils-results-grid-ticks-10000-7may/medium-2/24proc-2pils/seed-5/1_neos-4387871-tavua_seed-5_20260510_031021/iterated_local_search/run_1_worker_18/parallel_4_1.prm
[INFO]:[03:10:43] CPLEX results. Gap: 31.050000, upper bound: 34.142100, lower bound: 23.541581
[INFO]:[03:10:43] CPLEX solver finished. Gap: 31.050000
[INFO]:[03:10:43] Starting CPLEX solver on instance: /home/yorig/tuner/mpils-tests/instances/miplib/medium-2/neos-4387871-tavua.mps with config: /scratch/yorig/mpils-results-grid-ticks-10000-7may/medium-2/24proc-2pils/seed-5/1_neos-4387871-tavua_seed-5_20260510_031021/iterated_local_search/run_1_worker_18/parallel_6_1.prm
[INFO]:[03:10:50] CPLEX results. Gap: 31.050000, upper bound: 34.142100, lower bound: 23.541581
[INFO]:[03:10:50] CPLEX solver finished. Gap: 31.050000
[INFO]:[03:10:50] Starting CPLEX solver on instance: /home/yorig/tuner/mpils-tests/instances/miplib/medium-2/neos-4387871-tavua.mps with config: /scratch/yorig/mpils-results-grid-ticks-10000-7may/medium-2/24proc-2pils/seed-5/1_neos-4387871-tavua_seed-5_20260510_031021/iterated_local_search/run_1_worker_18/parallel_8_1.prm
[INFO]:[03:10:56] CPLEX results. Gap: 31.030000, upper bound: 34.384730, lower bound: 23.713792
[INFO]:[03:10:56] CPLEX solver finished. Gap: 31.030000
[INFO]:[03:10:57] Starting CPLEX solver on instance: /home/yorig/tuner/mpils-tests/instances/miplib/medium-2/neos-4387871-tavua.mps with config: /scratch/yorig/mpils-results-grid-ticks-10000-7may/medium-2/24proc-2pils/seed-5/1_neos-4387871-tavua_seed-5_20260510_031021/iterated_local_search/run_1_worker_18/parallel_10_1.prm
[INFO]:[03:11:04] CPLEX results. Gap: 30.060000, upper bound: 34.142100, lower bound: 23.877652
[INFO]:[03:11:04] CPLEX solver finished. Gap: 30.060000
[INFO]:[03:11:04] Starting CPLEX solver on instance: /home/yorig/tuner/mpils-tests/instances/miplib/medium-2/neos-4387871-tavua.mps with config: /scratch/yorig/mpils-results-grid-ticks-10000-7may/medium-2/24proc-2pils/seed-5/1_neos-4387871-tavua_seed-5_20260510_031021/iterated_local_search/run_1_worker_18/parallel_12_1.prm
[INFO]:[03:11:11] CPLEX results. Gap: 29.680000, upper bound: 33.556310, lower bound: 23.597637
[INFO]:[03:11:11] CPLEX solver finished. Gap: 29.680000
[INFO]:[03:11:11] Starting CPLEX solver on instance: /home/yorig/tuner/mpils-tests/instances/miplib/medium-2/neos-4387871-tavua.mps with config: /scratch/yorig/mpils-results-grid-ticks-10000-7may/medium-2/24proc-2pils/seed-5/1_neos-4387871-tavua_seed-5_20260510_031021/iterated_local_search/run_1_worker_18/parallel_14_1.prm
[INFO]:[03:11:18] CPLEX results. Gap: 45.600000, upper bound: 34.556310, lower bound: 18.799077
[INFO]:[03:11:18] CPLEX solver finished. Gap: 45.600000
[INFO]:[03:11:18] Starting CPLEX solver on instance: /home/yorig/tuner/mpils-tests/instances/miplib/medium-2/neos-4387871-tavua.mps with config: /scratch/yorig/mpils-results-grid-ticks-10000-7may/medium-2/24proc-2pils/seed-5/1_neos-4387871-tavua_seed-5_20260510_031021/iterated_local_search/run_1_worker_18/parallel_16_1.prm
[INFO]:[03:11:25] CPLEX results. Gap: 29.680000, upper bound: 33.556310, lower bound: 23.597637
[INFO]:[03:11:25] CPLEX solver finished. Gap: 29.680000
[INFO]:[03:11:25] Starting CPLEX solver on instance: /home/yorig/tuner/mpils-tests/instances/miplib/medium-2/neos-4387871-tavua.mps with config: /scratch/yorig/mpils-results-grid-ticks-10000-7may/medium-2/24proc-2pils/seed-5/1_neos-4387871-tavua_seed-5_20260510_031021/iterated_local_search/run_1_worker_18/parallel_18_1.prm
[INFO]:[03:11:31] CPLEX results. Gap: 38.980000, upper bound: 34.727890, lower bound: 21.189867
[INFO]:[03:11:31] CPLEX solver finished. Gap: 38.980000
[INFO]:[03:11:32] Worker (ils_group_rank=1) exiting parallel ILS evaluation service.
[INFO]:[03:11:32] Worker 19 completed exploration phase.
[INFO]:[03:11:32] Worker 19 received order for step 2.
[INFO]:[03:11:32] Worker 19 running expansion phase for iteration 1.
[INFO]:[03:11:32] Worker 19 will use solver log file: /scratch/yorig/mpils-results-grid-ticks-10000-7may/medium-2/24proc-2pils/seed-5/1_neos-4387871-tavua_seed-5_20260510_031021/solver/cplex.log_iteration_expansion_1_worker_19
[INFO]:[03:11:32] Expansion Worker 19 starting expansion for iteration 1.
[INFO]:[03:11:32] Starting CPLEX solver on instance: /home/yorig/tuner/mpils-tests/instances/miplib/medium-2/neos-4387871-tavua.mps with config: /scratch/yorig/mpils-results-grid-ticks-10000-7may/medium-2/24proc-2pils/seed-5/1_neos-4387871-tavua_seed-5_20260510_031021/expansion/config_param_CPXPARAM_MIP_Limits_ProbeTime_0_iter_1.prm
[INFO]:[03:11:38] CPLEX results. Gap: 34.520000, upper bound: 34.142100, lower bound: 22.354803
[INFO]:[03:11:38] CPLEX solver finished. Gap: 34.520000
[INFO]:[03:11:38] Expansion Worker 19 stopping early after global MPI expansion stop was activated.
[INFO]:[03:11:38] Expansion Worker 19 completed expansion.
[INFO]:[03:11:38] Worker 19 completed expansion phase.
[INFO]:[03:11:38] Worker 19 received order for step 1.
[INFO]:[03:11:38] Worker 19 running exploration phase for iteration 2.
[INFO]:[03:11:38] Worker 19 at iteration 2 will not use a MIP start file. Current best MIP-start upper bound threshold is 1.79769e+308.
[INFO]:[03:11:38] Starting local search phase...
[INFO]:[03:11:38] Worker (ils_group_rank=1) entering parallel ILS evaluation service.
[INFO]:[03:11:38] Starting CPLEX solver on instance: /home/yorig/tuner/mpils-tests/instances/miplib/medium-2/neos-4387871-tavua.mps with config: /scratch/yorig/mpils-results-grid-ticks-10000-7may/medium-2/24proc-2pils/seed-5/1_neos-4387871-tavua_seed-5_20260510_031021/iterated_local_search/run_2_worker_18/parallel_0_1.prm
[INFO]:[03:11:44] CPLEX results. Gap: 33.020000, upper bound: 34.556310, lower bound: 23.144627
[INFO]:[03:11:44] CPLEX solver finished. Gap: 33.020000
[INFO]:[03:11:45] Starting CPLEX solver on instance: /home/yorig/tuner/mpils-tests/instances/miplib/medium-2/neos-4387871-tavua.mps with config: /scratch/yorig/mpils-results-grid-ticks-10000-7may/medium-2/24proc-2pils/seed-5/1_neos-4387871-tavua_seed-5_20260510_031021/iterated_local_search/run_2_worker_18/parallel_2_1.prm
[INFO]:[03:11:51] CPLEX results. Gap: 26.520000, upper bound: 33.970520, lower bound: 24.962301
[INFO]:[03:11:51] CPLEX solver finished. Gap: 26.520000
[INFO]:[03:11:51] Starting CPLEX solver on instance: /home/yorig/tuner/mpils-tests/instances/miplib/medium-2/neos-4387871-tavua.mps with config: /scratch/yorig/mpils-results-grid-ticks-10000-7may/medium-2/24proc-2pils/seed-5/1_neos-4387871-tavua_seed-5_20260510_031021/iterated_local_search/run_2_worker_18/parallel_4_1.prm
[INFO]:[03:11:57] CPLEX results. Gap: 30.890000, upper bound: 35.384730, lower bound: 24.453942
[INFO]:[03:11:57] CPLEX solver finished. Gap: 30.890000
[INFO]:[03:11:57] Worker (ils_group_rank=1) exiting parallel ILS evaluation service.
[INFO]:[03:11:59] Worker 19 completed exploration phase.
[INFO]:[03:11:59] Worker 19 received order for step 2.
[INFO]:[03:11:59] Worker 19 running expansion phase for iteration 2.
[INFO]:[03:11:59] Worker 19 will use solver log file: /scratch/yorig/mpils-results-grid-ticks-10000-7may/medium-2/24proc-2pils/seed-5/1_neos-4387871-tavua_seed-5_20260510_031021/solver/cplex.log_iteration_expansion_2_worker_19
[INFO]:[03:11:59] Expansion Worker 19 starting expansion for iteration 2.
[INFO]:[03:11:59] Starting CPLEX solver on instance: /home/yorig/tuner/mpils-tests/instances/miplib/medium-2/neos-4387871-tavua.mps with config: /scratch/yorig/mpils-results-grid-ticks-10000-7may/medium-2/24proc-2pils/seed-5/1_neos-4387871-tavua_seed-5_20260510_031021/expansion/config_param_CPXPARAM_MIP_Strategy_RINSHeur_100_iter_2.prm
[INFO]:[03:12:06] CPLEX results. Gap: 31.490000, upper bound: 33.556310, lower bound: 22.990590
[INFO]:[03:12:06] CPLEX solver finished. Gap: 31.490000
[INFO]:[03:12:06] Starting CPLEX solver on instance: /home/yorig/tuner/mpils-tests/instances/miplib/medium-2/neos-4387871-tavua.mps with config: /scratch/yorig/mpils-results-grid-ticks-10000-7may/medium-2/24proc-2pils/seed-5/1_neos-4387871-tavua_seed-5_20260510_031021/expansion/config_param_CPXPARAM_Preprocessing_Presolve_0_iter_2.prm
[INFO]:[03:12:13] CPLEX results. Gap: 48.440000, upper bound: 35.970520, lower bound: 18.545787
[INFO]:[03:12:13] CPLEX solver finished. Gap: 48.440000
[INFO]:[03:12:19] Expansion Worker 19 completed expansion.
[INFO]:[03:12:19] Worker 19 completed expansion phase.
[INFO]:[03:12:19] Worker 19 received order for step 1.
[INFO]:[03:12:19] Worker 19 running exploration phase for iteration 3.
[INFO]:[03:12:19] Worker 19 at iteration 3 will not use a MIP start file. Current best MIP-start upper bound threshold is 1.79769e+308.
[INFO]:[03:12:19] Starting local search phase...
[INFO]:[03:12:19] Worker (ils_group_rank=1) entering parallel ILS evaluation service.
[INFO]:[03:12:19] Starting CPLEX solver on instance: /home/yorig/tuner/mpils-tests/instances/miplib/medium-2/neos-4387871-tavua.mps with config: /scratch/yorig/mpils-results-grid-ticks-10000-7may/medium-2/24proc-2pils/seed-5/1_neos-4387871-tavua_seed-5_20260510_031021/iterated_local_search/run_3_worker_18/parallel_0_1.prm
[INFO]:[03:12:25] CPLEX results. Gap: 28.820000, upper bound: 33.970520, lower bound: 24.180667
[INFO]:[03:12:25] CPLEX solver finished. Gap: 28.820000
[INFO]:[03:12:26] Starting CPLEX solver on instance: /home/yorig/tuner/mpils-tests/instances/miplib/medium-2/neos-4387871-tavua.mps with config: /scratch/yorig/mpils-results-grid-ticks-10000-7may/medium-2/24proc-2pils/seed-5/1_neos-4387871-tavua_seed-5_20260510_031021/iterated_local_search/run_3_worker_18/parallel_2_1.prm
[INFO]:[03:12:32] CPLEX results. Gap: 28.820000, upper bound: 33.970520, lower bound: 24.180667
[INFO]:[03:12:32] CPLEX solver finished. Gap: 28.820000
[INFO]:[03:12:32] Starting CPLEX solver on instance: /home/yorig/tuner/mpils-tests/instances/miplib/medium-2/neos-4387871-tavua.mps with config: /scratch/yorig/mpils-results-grid-ticks-10000-7may/medium-2/24proc-2pils/seed-5/1_neos-4387871-tavua_seed-5_20260510_031021/iterated_local_search/run_3_worker_18/parallel_4_1.prm
[INFO]:[03:12:37] CPLEX results. Gap: 33.430000, upper bound: 34.142100, lower bound: 22.729412
[INFO]:[03:12:37] CPLEX solver finished. Gap: 33.430000
[INFO]:[03:12:37] Worker (ils_group_rank=1) exiting parallel ILS evaluation service.
[INFO]:[03:12:40] Worker 19 completed exploration phase.
[INFO]:[03:12:40] Worker 19 received order for step 2.
[INFO]:[03:12:40] Worker 19 running expansion phase for iteration 3.
[INFO]:[03:12:40] Worker 19 will use solver log file: /scratch/yorig/mpils-results-grid-ticks-10000-7may/medium-2/24proc-2pils/seed-5/1_neos-4387871-tavua_seed-5_20260510_031021/solver/cplex.log_iteration_expansion_3_worker_19
[INFO]:[03:12:40] Expansion Worker 19 starting expansion for iteration 3.
[INFO]:[03:12:40] Starting CPLEX solver on instance: /home/yorig/tuner/mpils-tests/instances/miplib/medium-2/neos-4387871-tavua.mps with config: /scratch/yorig/mpils-results-grid-ticks-10000-7may/medium-2/24proc-2pils/seed-5/1_neos-4387871-tavua_seed-5_20260510_031021/expansion/config_param_CPXPARAM_MIP_Strategy_SubAlgorithm_5_iter_3.prm
[INFO]:[03:13:51] CPLEX results. Gap: 53.520000, upper bound: 38.213150, lower bound: 17.760835
[INFO]:[03:13:51] CPLEX solver finished. Gap: 53.520000
[INFO]:[03:13:58] Expansion Worker 19 completed expansion.
[INFO]:[03:13:58] Worker 19 completed expansion phase.
[INFO]:[03:13:58] Worker 19 received order for step 1.
[INFO]:[03:13:58] Worker 19 running exploration phase for iteration 4.
[INFO]:[03:13:58] Worker 19 at iteration 4 will not use a MIP start file. Current best MIP-start upper bound threshold is 1.79769e+308.
[INFO]:[03:13:58] Starting local search phase...
[INFO]:[03:13:58] Worker (ils_group_rank=1) entering parallel ILS evaluation service.
[INFO]:[03:13:58] Starting CPLEX solver on instance: /home/yorig/tuner/mpils-tests/instances/miplib/medium-2/neos-4387871-tavua.mps with config: /scratch/yorig/mpils-results-grid-ticks-10000-7may/medium-2/24proc-2pils/seed-5/1_neos-4387871-tavua_seed-5_20260510_031021/iterated_local_search/run_4_worker_18/parallel_0_1.prm
[INFO]:[03:14:05] CPLEX results. Gap: 34.630000, upper bound: 35.142100, lower bound: 22.974032
[INFO]:[03:14:05] CPLEX solver finished. Gap: 34.630000
[INFO]:[03:14:40] Starting CPLEX solver on instance: /home/yorig/tuner/mpils-tests/instances/miplib/medium-2/neos-4387871-tavua.mps with config: /scratch/yorig/mpils-results-grid-ticks-10000-7may/medium-2/24proc-2pils/seed-5/1_neos-4387871-tavua_seed-5_20260510_031021/iterated_local_search/run_4_worker_18/parallel_2_1.prm
[INFO]:[03:14:48] CPLEX results. Gap: 61.110000, upper bound: 38.213150, lower bound: 14.861515
[INFO]:[03:14:48] CPLEX solver finished. Gap: 61.110000
[INFO]:[03:14:48] Starting CPLEX solver on instance: /home/yorig/tuner/mpils-tests/instances/miplib/medium-2/neos-4387871-tavua.mps with config: /scratch/yorig/mpils-results-grid-ticks-10000-7may/medium-2/24proc-2pils/seed-5/1_neos-4387871-tavua_seed-5_20260510_031021/iterated_local_search/run_4_worker_18/parallel_4_1.prm
[INFO]:[03:14:55] CPLEX results. Gap: 32.020000, upper bound: 35.142100, lower bound: 23.888817
[INFO]:[03:14:55] CPLEX solver finished. Gap: 32.020000
[INFO]:[03:14:55] Starting CPLEX solver on instance: /home/yorig/tuner/mpils-tests/instances/miplib/medium-2/neos-4387871-tavua.mps with config: /scratch/yorig/mpils-results-grid-ticks-10000-7may/medium-2/24proc-2pils/seed-5/1_neos-4387871-tavua_seed-5_20260510_031021/iterated_local_search/run_4_worker_18/parallel_6_1.prm
[INFO]:[03:15:01] CPLEX results. Gap: 32.020000, upper bound: 35.142100, lower bound: 23.888817
[INFO]:[03:15:01] CPLEX solver finished. Gap: 32.020000
[INFO]:[03:15:01] Worker (ils_group_rank=1) exiting parallel ILS evaluation service.
[INFO]:[03:16:23] Worker 19 completed exploration phase.
[INFO]:[03:16:23] Worker 19 received order for step 2.
[INFO]:[03:16:23] Worker 19 running expansion phase for iteration 4.
[INFO]:[03:16:23] Worker 19 will use solver log file: /scratch/yorig/mpils-results-grid-ticks-10000-7may/medium-2/24proc-2pils/seed-5/1_neos-4387871-tavua_seed-5_20260510_031021/solver/cplex.log_iteration_expansion_4_worker_19
[INFO]:[03:16:23] Expansion Worker 19 starting expansion for iteration 4.
[INFO]:[03:16:23] Starting CPLEX solver on instance: /home/yorig/tuner/mpils-tests/instances/miplib/medium-2/neos-4387871-tavua.mps with config: /scratch/yorig/mpils-results-grid-ticks-10000-7may/medium-2/24proc-2pils/seed-5/1_neos-4387871-tavua_seed-5_20260510_031021/expansion/config_param_CPXPARAM_Preprocessing_Dependency_3_iter_4.prm
[INFO]:[03:16:29] CPLEX results. Gap: 28.620000, upper bound: 35.384730, lower bound: 25.256929
[INFO]:[03:16:29] CPLEX solver finished. Gap: 28.620000
[INFO]:[03:16:36] Expansion Worker 19 completed expansion.
[INFO]:[03:16:36] Worker 19 completed expansion phase.
[INFO]:[03:16:36] Worker 19 received order for step 1.
[INFO]:[03:16:36] Worker 19 running exploration phase for iteration 5.
[INFO]:[03:16:36] Worker 19 at iteration 5 will not use a MIP start file. Current best MIP-start upper bound threshold is 1.79769e+308.
[INFO]:[03:16:36] Starting local search phase...
[INFO]:[03:16:36] Worker (ils_group_rank=1) entering parallel ILS evaluation service.
[INFO]:[03:16:37] Starting CPLEX solver on instance: /home/yorig/tuner/mpils-tests/instances/miplib/medium-2/neos-4387871-tavua.mps with config: /scratch/yorig/mpils-results-grid-ticks-10000-7may/medium-2/24proc-2pils/seed-5/1_neos-4387871-tavua_seed-5_20260510_031021/iterated_local_search/run_5_worker_18/parallel_0_1.prm
[INFO]:[03:16:43] CPLEX results. Gap: 28.650000, upper bound: 34.556310, lower bound: 24.657021
[INFO]:[03:16:43] CPLEX solver finished. Gap: 28.650000
[INFO]:[03:16:43] Starting CPLEX solver on instance: /home/yorig/tuner/mpils-tests/instances/miplib/medium-2/neos-4387871-tavua.mps with config: /scratch/yorig/mpils-results-grid-ticks-10000-7may/medium-2/24proc-2pils/seed-5/1_neos-4387871-tavua_seed-5_20260510_031021/iterated_local_search/run_5_worker_18/parallel_2_1.prm
[INFO]:[03:16:50] CPLEX results. Gap: 42.730000, upper bound: 33.556310, lower bound: 19.218709
[INFO]:[03:16:50] CPLEX solver finished. Gap: 42.730000
[INFO]:[03:16:50] Starting CPLEX solver on instance: /home/yorig/tuner/mpils-tests/instances/miplib/medium-2/neos-4387871-tavua.mps with config: /scratch/yorig/mpils-results-grid-ticks-10000-7may/medium-2/24proc-2pils/seed-5/1_neos-4387871-tavua_seed-5_20260510_031021/iterated_local_search/run_5_worker_18/parallel_4_1.prm
[INFO]:[03:16:57] CPLEX results. Gap: 31.430000, upper bound: 33.970520, lower bound: 23.293290
[INFO]:[03:16:57] CPLEX solver finished. Gap: 31.430000
[INFO]:[03:16:57] Starting CPLEX solver on instance: /home/yorig/tuner/mpils-tests/instances/miplib/medium-2/neos-4387871-tavua.mps with config: /scratch/yorig/mpils-results-grid-ticks-10000-7may/medium-2/24proc-2pils/seed-5/1_neos-4387871-tavua_seed-5_20260510_031021/iterated_local_search/run_5_worker_18/parallel_6_1.prm
[INFO]:[03:17:03] CPLEX results. Gap: 28.650000, upper bound: 34.556310, lower bound: 24.657021
[INFO]:[03:17:03] CPLEX solver finished. Gap: 28.650000
[INFO]:[03:17:03] Starting CPLEX solver on instance: /home/yorig/tuner/mpils-tests/instances/miplib/medium-2/neos-4387871-tavua.mps with config: /scratch/yorig/mpils-results-grid-ticks-10000-7may/medium-2/24proc-2pils/seed-5/1_neos-4387871-tavua_seed-5_20260510_031021/iterated_local_search/run_5_worker_18/parallel_8_1.prm
[INFO]:[03:17:10] CPLEX results. Gap: 31.570000, upper bound: 35.142100, lower bound: 24.047760
[INFO]:[03:17:10] CPLEX solver finished. Gap: 31.570000
[INFO]:[03:17:10] Starting CPLEX solver on instance: /home/yorig/tuner/mpils-tests/instances/miplib/medium-2/neos-4387871-tavua.mps with config: /scratch/yorig/mpils-results-grid-ticks-10000-7may/medium-2/24proc-2pils/seed-5/1_neos-4387871-tavua_seed-5_20260510_031021/iterated_local_search/run_5_worker_18/parallel_10_1.prm
[INFO]:[03:17:17] CPLEX results. Gap: 31.630000, upper bound: 34.556310, lower bound: 23.626367
[INFO]:[03:17:17] CPLEX solver finished. Gap: 31.630000
[INFO]:[03:17:17] Starting CPLEX solver on instance: /home/yorig/tuner/mpils-tests/instances/miplib/medium-2/neos-4387871-tavua.mps with config: /scratch/yorig/mpils-results-grid-ticks-10000-7may/medium-2/24proc-2pils/seed-5/1_neos-4387871-tavua_seed-5_20260510_031021/iterated_local_search/run_5_worker_18/parallel_12_1.prm
[INFO]:[03:17:23] CPLEX results. Gap: 29.480000, upper bound: 34.384730, lower bound: 24.248414
[INFO]:[03:17:23] CPLEX solver finished. Gap: 29.480000
[INFO]:[03:17:23] Starting CPLEX solver on instance: /home/yorig/tuner/mpils-tests/instances/miplib/medium-2/neos-4387871-tavua.mps with config: /scratch/yorig/mpils-results-grid-ticks-10000-7may/medium-2/24proc-2pils/seed-5/1_neos-4387871-tavua_seed-5_20260510_031021/iterated_local_search/run_5_worker_18/parallel_14_1.prm
[INFO]:[03:17:30] CPLEX results. Gap: 31.630000, upper bound: 34.556310, lower bound: 23.626367
[INFO]:[03:17:30] CPLEX solver finished. Gap: 31.630000
[INFO]:[03:17:30] Starting CPLEX solver on instance: /home/yorig/tuner/mpils-tests/instances/miplib/medium-2/neos-4387871-tavua.mps with config: /scratch/yorig/mpils-results-grid-ticks-10000-7may/medium-2/24proc-2pils/seed-5/1_neos-4387871-tavua_seed-5_20260510_031021/iterated_local_search/run_5_worker_18/parallel_16_1.prm
[INFO]:[03:17:36] CPLEX results. Gap: 28.650000, upper bound: 34.556310, lower bound: 24.657021
[INFO]:[03:17:36] CPLEX solver finished. Gap: 28.650000
[INFO]:[03:17:39] Worker (ils_group_rank=1) exiting parallel ILS evaluation service.
[INFO]:[03:18:19] Worker 19 completed exploration phase.
[INFO]:[03:18:19] Worker 19 received order for step 2.
[INFO]:[03:18:19] Worker 19 running expansion phase for iteration 5.
[INFO]:[03:18:19] Worker 19 will use solver log file: /scratch/yorig/mpils-results-grid-ticks-10000-7may/medium-2/24proc-2pils/seed-5/1_neos-4387871-tavua_seed-5_20260510_031021/solver/cplex.log_iteration_expansion_5_worker_19
[INFO]:[03:18:19] Expansion Worker 19 starting expansion for iteration 5.
[INFO]:[03:18:19] Starting CPLEX solver on instance: /home/yorig/tuner/mpils-tests/instances/miplib/medium-2/neos-4387871-tavua.mps with config: /scratch/yorig/mpils-results-grid-ticks-10000-7may/medium-2/24proc-2pils/seed-5/1_neos-4387871-tavua_seed-5_20260510_031021/expansion/config_param_CPXPARAM_LPMethod_2_iter_5.prm
[INFO]:[03:18:26] CPLEX results. Gap: 22.170000, upper bound: 33.556310, lower bound: 26.115503
[INFO]:[03:18:26] CPLEX solver finished. Gap: 22.170000
[INFO]:[03:18:26] Expansion Worker 19 stopping early after global MPI expansion stop was activated.
[INFO]:[03:18:26] Expansion Worker 19 completed expansion.
[INFO]:[03:18:26] Worker 19 completed expansion phase.
[INFO]:[03:18:27] Worker 19 received order for step 1.
[INFO]:[03:18:27] Worker 19 running exploration phase for iteration 6.
[INFO]:[03:18:27] Worker 19 at iteration 6 will not use a MIP start file. Current best MIP-start upper bound threshold is 1.79769e+308.
[INFO]:[03:18:27] Starting local search phase...
[INFO]:[03:18:27] Worker (ils_group_rank=1) entering parallel ILS evaluation service.
[INFO]:[03:18:28] Starting CPLEX solver on instance: /home/yorig/tuner/mpils-tests/instances/miplib/medium-2/neos-4387871-tavua.mps with config: /scratch/yorig/mpils-results-grid-ticks-10000-7may/medium-2/24proc-2pils/seed-5/1_neos-4387871-tavua_seed-5_20260510_031021/iterated_local_search/run_6_worker_18/parallel_0_1.prm
[INFO]:[03:18:34] CPLEX results. Gap: 60.300000, upper bound: 35.970520, lower bound: 14.281092
[INFO]:[03:18:34] CPLEX solver finished. Gap: 60.300000
[INFO]:[03:18:34] Starting CPLEX solver on instance: /home/yorig/tuner/mpils-tests/instances/miplib/medium-2/neos-4387871-tavua.mps with config: /scratch/yorig/mpils-results-grid-ticks-10000-7may/medium-2/24proc-2pils/seed-5/1_neos-4387871-tavua_seed-5_20260510_031021/iterated_local_search/run_6_worker_18/parallel_2_1.prm
[INFO]:[03:18:40] CPLEX results. Gap: 45.680000, upper bound: 34.142100, lower bound: 18.545212
[INFO]:[03:18:40] CPLEX solver finished. Gap: 45.680000
[INFO]:[03:18:40] Starting CPLEX solver on instance: /home/yorig/tuner/mpils-tests/instances/miplib/medium-2/neos-4387871-tavua.mps with config: /scratch/yorig/mpils-results-grid-ticks-10000-7may/medium-2/24proc-2pils/seed-5/1_neos-4387871-tavua_seed-5_20260510_031021/iterated_local_search/run_6_worker_18/parallel_4_1.prm
[INFO]:[03:18:46] CPLEX results. Gap: 45.680000, upper bound: 34.142100, lower bound: 18.545212
[INFO]:[03:18:46] CPLEX solver finished. Gap: 45.680000
[INFO]:[03:18:47] Starting CPLEX solver on instance: /home/yorig/tuner/mpils-tests/instances/miplib/medium-2/neos-4387871-tavua.mps with config: /scratch/yorig/mpils-results-grid-ticks-10000-7may/medium-2/24proc-2pils/seed-5/1_neos-4387871-tavua_seed-5_20260510_031021/iterated_local_search/run_6_worker_18/parallel_6_1.prm
[INFO]:[03:18:53] CPLEX results. Gap: 45.680000, upper bound: 34.142100, lower bound: 18.545212
[INFO]:[03:18:53] CPLEX solver finished. Gap: 45.680000
[INFO]:[03:18:53] Starting CPLEX solver on instance: /home/yorig/tuner/mpils-tests/instances/miplib/medium-2/neos-4387871-tavua.mps with config: /scratch/yorig/mpils-results-grid-ticks-10000-7may/medium-2/24proc-2pils/seed-5/1_neos-4387871-tavua_seed-5_20260510_031021/iterated_local_search/run_6_worker_18/parallel_8_1.prm
[INFO]:[03:18:59] CPLEX results. Gap: 40.590000, upper bound: 34.727890, lower bound: 20.633403
[INFO]:[03:18:59] CPLEX solver finished. Gap: 40.590000
[INFO]:[03:18:59] Starting CPLEX solver on instance: /home/yorig/tuner/mpils-tests/instances/miplib/medium-2/neos-4387871-tavua.mps with config: /scratch/yorig/mpils-results-grid-ticks-10000-7may/medium-2/24proc-2pils/seed-5/1_neos-4387871-tavua_seed-5_20260510_031021/iterated_local_search/run_6_worker_18/parallel_10_1.prm
[INFO]:[03:19:06] CPLEX results. Gap: 40.590000, upper bound: 34.727890, lower bound: 20.633403
[INFO]:[03:19:06] CPLEX solver finished. Gap: 40.590000
[INFO]:[03:19:06] Starting CPLEX solver on instance: /home/yorig/tuner/mpils-tests/instances/miplib/medium-2/neos-4387871-tavua.mps with config: /scratch/yorig/mpils-results-grid-ticks-10000-7may/medium-2/24proc-2pils/seed-5/1_neos-4387871-tavua_seed-5_20260510_031021/iterated_local_search/run_6_worker_18/parallel_12_1.prm
[INFO]:[03:19:12] CPLEX results. Gap: 53.350000, upper bound: 33.556310, lower bound: 15.655040
[INFO]:[03:19:12] CPLEX solver finished. Gap: 53.350000
[INFO]:[03:19:12] Starting CPLEX solver on instance: /home/yorig/tuner/mpils-tests/instances/miplib/medium-2/neos-4387871-tavua.mps with config: /scratch/yorig/mpils-results-grid-ticks-10000-7may/medium-2/24proc-2pils/seed-5/1_neos-4387871-tavua_seed-5_20260510_031021/iterated_local_search/run_6_worker_18/parallel_14_1.prm
[INFO]:[03:19:18] CPLEX results. Gap: 39.890000, upper bound: 34.727890, lower bound: 20.873965
[INFO]:[03:19:18] CPLEX solver finished. Gap: 39.890000
[INFO]:[03:19:19] Starting CPLEX solver on instance: /home/yorig/tuner/mpils-tests/instances/miplib/medium-2/neos-4387871-tavua.mps with config: /scratch/yorig/mpils-results-grid-ticks-10000-7may/medium-2/24proc-2pils/seed-5/1_neos-4387871-tavua_seed-5_20260510_031021/iterated_local_search/run_6_worker_18/parallel_16_1.prm
[INFO]:[03:19:25] CPLEX results. Gap: 45.930000, upper bound: 35.384730, lower bound: 19.133266
[INFO]:[03:19:25] CPLEX solver finished. Gap: 45.930000
[INFO]:[03:19:25] Starting CPLEX solver on instance: /home/yorig/tuner/mpils-tests/instances/miplib/medium-2/neos-4387871-tavua.mps with config: /scratch/yorig/mpils-results-grid-ticks-10000-7may/medium-2/24proc-2pils/seed-5/1_neos-4387871-tavua_seed-5_20260510_031021/iterated_local_search/run_6_worker_18/parallel_18_1.prm
[INFO]:[03:19:31] CPLEX results. Gap: 39.940000, upper bound: 34.727890, lower bound: 20.858653
[INFO]:[03:19:31] CPLEX solver finished. Gap: 39.940000
[INFO]:[03:19:32] Starting CPLEX solver on instance: /home/yorig/tuner/mpils-tests/instances/miplib/medium-2/neos-4387871-tavua.mps with config: /scratch/yorig/mpils-results-grid-ticks-10000-7may/medium-2/24proc-2pils/seed-5/1_neos-4387871-tavua_seed-5_20260510_031021/iterated_local_search/run_6_worker_18/parallel_20_1.prm
[INFO]:[03:19:37] CPLEX results. Gap: 38.820000, upper bound: 34.142100, lower bound: 20.886666
[INFO]:[03:19:38] CPLEX solver finished. Gap: 38.820000
[INFO]:[03:19:38] Starting CPLEX solver on instance: /home/yorig/tuner/mpils-tests/instances/miplib/medium-2/neos-4387871-tavua.mps with config: /scratch/yorig/mpils-results-grid-ticks-10000-7may/medium-2/24proc-2pils/seed-5/1_neos-4387871-tavua_seed-5_20260510_031021/iterated_local_search/run_6_worker_18/parallel_22_1.prm
[INFO]:[03:19:43] CPLEX results. Gap: 38.820000, upper bound: 34.142100, lower bound: 20.886666
[INFO]:[03:19:43] CPLEX solver finished. Gap: 38.820000
[INFO]:[03:19:44] Starting CPLEX solver on instance: /home/yorig/tuner/mpils-tests/instances/miplib/medium-2/neos-4387871-tavua.mps with config: /scratch/yorig/mpils-results-grid-ticks-10000-7may/medium-2/24proc-2pils/seed-5/1_neos-4387871-tavua_seed-5_20260510_031021/iterated_local_search/run_6_worker_18/parallel_24_1.prm
[INFO]:[03:19:50] CPLEX results. Gap: 39.920000, upper bound: 34.727890, lower bound: 20.865129
[INFO]:[03:19:50] CPLEX solver finished. Gap: 39.920000
[INFO]:[03:19:50] Starting CPLEX solver on instance: /home/yorig/tuner/mpils-tests/instances/miplib/medium-2/neos-4387871-tavua.mps with config: /scratch/yorig/mpils-results-grid-ticks-10000-7may/medium-2/24proc-2pils/seed-5/1_neos-4387871-tavua_seed-5_20260510_031021/iterated_local_search/run_6_worker_18/parallel_26_1.prm
[INFO]:[03:19:55] CPLEX results. Gap: 38.820000, upper bound: 34.142100, lower bound: 20.886666
[INFO]:[03:19:55] CPLEX solver finished. Gap: 38.820000
[INFO]:[03:19:55] Starting CPLEX solver on instance: /home/yorig/tuner/mpils-tests/instances/miplib/medium-2/neos-4387871-tavua.mps with config: /scratch/yorig/mpils-results-grid-ticks-10000-7may/medium-2/24proc-2pils/seed-5/1_neos-4387871-tavua_seed-5_20260510_031021/iterated_local_search/run_6_worker_18/parallel_28_1.prm
[INFO]:[03:20:01] CPLEX results. Gap: 39.890000, upper bound: 34.727890, lower bound: 20.873965
[INFO]:[03:20:01] CPLEX solver finished. Gap: 39.890000
[INFO]:[03:20:01] Worker (ils_group_rank=1) exiting parallel ILS evaluation service.
[INFO]:[03:20:11] Worker 19 completed exploration phase.
[INFO]:[03:20:12] Worker 19 received order for step 2.
[INFO]:[03:20:12] Worker 19 running expansion phase for iteration 6.
[INFO]:[03:20:12] Worker 19 will use solver log file: /scratch/yorig/mpils-results-grid-ticks-10000-7may/medium-2/24proc-2pils/seed-5/1_neos-4387871-tavua_seed-5_20260510_031021/solver/cplex.log_iteration_expansion_6_worker_19
[INFO]:[03:20:12] Expansion Worker 19 starting expansion for iteration 6.
[INFO]:[03:20:12] Starting CPLEX solver on instance: /home/yorig/tuner/mpils-tests/instances/miplib/medium-2/neos-4387871-tavua.mps with config: /scratch/yorig/mpils-results-grid-ticks-10000-7may/medium-2/24proc-2pils/seed-5/1_neos-4387871-tavua_seed-5_20260510_031021/expansion/config_param_CPXPARAM_Sifting_Algorithm_3_iter_6.prm
[INFO]:[03:20:18] CPLEX results. Gap: 22.160000, upper bound: 33.556310, lower bound: 26.121078
[INFO]:[03:20:18] CPLEX solver finished. Gap: 22.160000
[INFO]:[03:20:24] Expansion Worker 19 completed expansion.
[INFO]:[03:20:24] Worker 19 completed expansion phase.
[INFO]:[03:20:26] Worker 19 received order for step 1.
[INFO]:[03:20:26] Worker 19 running exploration phase for iteration 7.
[INFO]:[03:20:26] Worker 19 at iteration 7 will not use a MIP start file. Current best MIP-start upper bound threshold is 1.79769e+308.
[INFO]:[03:20:26] Starting local search phase...
[INFO]:[03:20:26] Worker (ils_group_rank=1) entering parallel ILS evaluation service.
[INFO]:[03:20:26] Starting CPLEX solver on instance: /home/yorig/tuner/mpils-tests/instances/miplib/medium-2/neos-4387871-tavua.mps with config: /scratch/yorig/mpils-results-grid-ticks-10000-7may/medium-2/24proc-2pils/seed-5/1_neos-4387871-tavua_seed-5_20260510_031021/iterated_local_search/run_7_worker_18/parallel_0_1.prm
[INFO]:[03:20:32] CPLEX results. Gap: 48.260000, upper bound: 36.142100, lower bound: 18.698882
[INFO]:[03:20:32] CPLEX solver finished. Gap: 48.260000
[INFO]:[03:20:32] Starting CPLEX solver on instance: /home/yorig/tuner/mpils-tests/instances/miplib/medium-2/neos-4387871-tavua.mps with config: /scratch/yorig/mpils-results-grid-ticks-10000-7may/medium-2/24proc-2pils/seed-5/1_neos-4387871-tavua_seed-5_20260510_031021/iterated_local_search/run_7_worker_18/parallel_2_1.prm
[INFO]:[03:20:39] CPLEX results. Gap: 35.730000, upper bound: 34.727890, lower bound: 22.320538
[INFO]:[03:20:39] CPLEX solver finished. Gap: 35.730000
[INFO]:[03:20:39] Starting CPLEX solver on instance: /home/yorig/tuner/mpils-tests/instances/miplib/medium-2/neos-4387871-tavua.mps with config: /scratch/yorig/mpils-results-grid-ticks-10000-7may/medium-2/24proc-2pils/seed-5/1_neos-4387871-tavua_seed-5_20260510_031021/iterated_local_search/run_7_worker_18/parallel_4_1.prm
[INFO]:[03:20:45] CPLEX results. Gap: 35.730000, upper bound: 34.727890, lower bound: 22.320538
[INFO]:[03:20:45] CPLEX solver finished. Gap: 35.730000
[INFO]:[03:20:45] Starting CPLEX solver on instance: /home/yorig/tuner/mpils-tests/instances/miplib/medium-2/neos-4387871-tavua.mps with config: /scratch/yorig/mpils-results-grid-ticks-10000-7may/medium-2/24proc-2pils/seed-5/1_neos-4387871-tavua_seed-5_20260510_031021/iterated_local_search/run_7_worker_18/parallel_6_1.prm
[INFO]:[03:20:51] CPLEX results. Gap: 35.730000, upper bound: 34.727890, lower bound: 22.320538
[INFO]:[03:20:51] CPLEX solver finished. Gap: 35.730000
[INFO]:[03:20:51] Starting CPLEX solver on instance: /home/yorig/tuner/mpils-tests/instances/miplib/medium-2/neos-4387871-tavua.mps with config: /scratch/yorig/mpils-results-grid-ticks-10000-7may/medium-2/24proc-2pils/seed-5/1_neos-4387871-tavua_seed-5_20260510_031021/iterated_local_search/run_7_worker_18/parallel_8_1.prm
[INFO]:[03:20:57] CPLEX results. Gap: 35.730000, upper bound: 34.727890, lower bound: 22.320538
[INFO]:[03:20:57] CPLEX solver finished. Gap: 35.730000
[INFO]:[03:20:57] Starting CPLEX solver on instance: /home/yorig/tuner/mpils-tests/instances/miplib/medium-2/neos-4387871-tavua.mps with config: /scratch/yorig/mpils-results-grid-ticks-10000-7may/medium-2/24proc-2pils/seed-5/1_neos-4387871-tavua_seed-5_20260510_031021/iterated_local_search/run_7_worker_18/parallel_10_1.prm
[INFO]:[03:21:03] CPLEX results. Gap: 35.730000, upper bound: 34.727890, lower bound: 22.320538
[INFO]:[03:21:03] CPLEX solver finished. Gap: 35.730000
[INFO]:[03:21:03] Starting CPLEX solver on instance: /home/yorig/tuner/mpils-tests/instances/miplib/medium-2/neos-4387871-tavua.mps with config: /scratch/yorig/mpils-results-grid-ticks-10000-7may/medium-2/24proc-2pils/seed-5/1_neos-4387871-tavua_seed-5_20260510_031021/iterated_local_search/run_7_worker_18/parallel_12_1.prm
[INFO]:[03:21:09] CPLEX results. Gap: 40.500000, upper bound: 34.727890, lower bound: 20.662478
[INFO]:[03:21:09] CPLEX solver finished. Gap: 40.500000
[INFO]:[03:21:10] Starting CPLEX solver on instance: /home/yorig/tuner/mpils-tests/instances/miplib/medium-2/neos-4387871-tavua.mps with config: /scratch/yorig/mpils-results-grid-ticks-10000-7may/medium-2/24proc-2pils/seed-5/1_neos-4387871-tavua_seed-5_20260510_031021/iterated_local_search/run_7_worker_18/parallel_14_1.prm
[INFO]:[03:21:16] CPLEX results. Gap: 34.050000, upper bound: 34.384730, lower bound: 22.676315
[INFO]:[03:21:16] CPLEX solver finished. Gap: 34.050000
[INFO]:[03:21:16] Starting CPLEX solver on instance: /home/yorig/tuner/mpils-tests/instances/miplib/medium-2/neos-4387871-tavua.mps with config: /scratch/yorig/mpils-results-grid-ticks-10000-7may/medium-2/24proc-2pils/seed-5/1_neos-4387871-tavua_seed-5_20260510_031021/iterated_local_search/run_7_worker_18/parallel_16_1.prm
[INFO]:[03:21:22] CPLEX results. Gap: 34.050000, upper bound: 34.384730, lower bound: 22.676315
[INFO]:[03:21:22] CPLEX solver finished. Gap: 34.050000
[INFO]:[03:21:22] Worker (ils_group_rank=1) exiting parallel ILS evaluation service.
[INFO]:[03:34:17] Worker 19 completed exploration phase.
[INFO]:[03:34:17] Worker 19 received order for step 2.
[INFO]:[03:34:17] Worker 19 running expansion phase for iteration 7.
[INFO]:[03:34:17] Worker 19 will use solver log file: /scratch/yorig/mpils-results-grid-ticks-10000-7may/medium-2/24proc-2pils/seed-5/1_neos-4387871-tavua_seed-5_20260510_031021/solver/cplex.log_iteration_expansion_7_worker_19
[INFO]:[03:34:17] Expansion Worker 19 starting expansion for iteration 7.
[INFO]:[03:34:18] Expansion Worker 19 completed expansion.
[INFO]:[03:34:18] Worker 19 completed expansion phase.
[INFO]:[03:34:20] Worker 19 received order for step 1.
[INFO]:[03:34:20] Worker 19 running exploration phase for iteration 8.
[INFO]:[03:34:20] Worker 19 at iteration 8 will not use a MIP start file. Current best MIP-start upper bound threshold is 1.79769e+308.
[INFO]:[03:34:20] Starting local search phase...
[INFO]:[03:34:20] Worker (ils_group_rank=1) entering parallel ILS evaluation service.
[INFO]:[03:34:22] Starting CPLEX solver on instance: /home/yorig/tuner/mpils-tests/instances/miplib/medium-2/neos-4387871-tavua.mps with config: /scratch/yorig/mpils-results-grid-ticks-10000-7may/medium-2/24proc-2pils/seed-5/1_neos-4387871-tavua_seed-5_20260510_031021/iterated_local_search/run_8_worker_18/parallel_0_1.prm
[INFO]:[03:34:27] CPLEX results. Gap: 69.460000, upper bound: 34.727890, lower bound: 10.605384
[INFO]:[03:34:27] CPLEX solver finished. Gap: 69.460000
[INFO]:[03:34:29] Starting CPLEX solver on instance: /home/yorig/tuner/mpils-tests/instances/miplib/medium-2/neos-4387871-tavua.mps with config: /scratch/yorig/mpils-results-grid-ticks-10000-7may/medium-2/24proc-2pils/seed-5/1_neos-4387871-tavua_seed-5_20260510_031021/iterated_local_search/run_8_worker_18/parallel_2_1.prm
[INFO]:[03:34:37] CPLEX results. Gap: 59.050000, upper bound: 36.970520, lower bound: 15.138265
[INFO]:[03:34:37] CPLEX solver finished. Gap: 59.050000
[INFO]:[03:34:37] Starting CPLEX solver on instance: /home/yorig/tuner/mpils-tests/instances/miplib/medium-2/neos-4387871-tavua.mps with config: /scratch/yorig/mpils-results-grid-ticks-10000-7may/medium-2/24proc-2pils/seed-5/1_neos-4387871-tavua_seed-5_20260510_031021/iterated_local_search/run_8_worker_18/parallel_4_1.prm
[INFO]:[03:34:43] CPLEX results. Gap: 70.290000, upper bound: 34.142100, lower bound: 10.143845
[INFO]:[03:34:43] CPLEX solver finished. Gap: 70.290000
[INFO]:[03:34:45] Starting CPLEX solver on instance: /home/yorig/tuner/mpils-tests/instances/miplib/medium-2/neos-4387871-tavua.mps with config: /scratch/yorig/mpils-results-grid-ticks-10000-7may/medium-2/24proc-2pils/seed-5/1_neos-4387871-tavua_seed-5_20260510_031021/iterated_local_search/run_8_worker_18/parallel_6_1.prm
[INFO]:[03:34:53] CPLEX results. Gap: 59.050000, upper bound: 36.970520, lower bound: 15.138265
[INFO]:[03:34:53] CPLEX solver finished. Gap: 59.050000
[INFO]:[03:34:53] Starting CPLEX solver on instance: /home/yorig/tuner/mpils-tests/instances/miplib/medium-2/neos-4387871-tavua.mps with config: /scratch/yorig/mpils-results-grid-ticks-10000-7may/medium-2/24proc-2pils/seed-5/1_neos-4387871-tavua_seed-5_20260510_031021/iterated_local_search/run_8_worker_18/parallel_8_1.prm
[INFO]:[03:35:00] CPLEX results. Gap: 59.050000, upper bound: 36.970520, lower bound: 15.138265
[INFO]:[03:35:00] CPLEX solver finished. Gap: 59.050000
[INFO]:[03:35:00] Worker (ils_group_rank=1) exiting parallel ILS evaluation service.
[INFO]:[03:36:35] Worker 19 completed exploration phase.
[INFO]:[03:36:35] Worker 19 received order for step 3.
[INFO]:[03:36:35] Worker 19 finished.
