[INFO]:[04:03:56] Worker 23 starting.
[INFO]:[04:03:56] Worker 23 received order for step 1.
[INFO]:[04:03:56] Worker 23 running exploration phase for iteration 1.
[INFO]:[04:03:56] Worker 23 at iteration 1 will not use a MIP start file. Current best MIP-start upper bound threshold is 1.79769e+308.
[INFO]:[04:03:56] Starting local search phase...
[INFO]:[04:03:56] Worker (ils_group_rank=3) entering parallel ILS evaluation service.
[INFO]:[04:03:56] Starting CPLEX solver on instance: /home/yorig/tuner/mpils-tests/instances/miplib/medium-1/momentum1.mps with config: /scratch/yorig/mpils-results-grid-ticks-10000-7may/medium-1/24proc-4pils/seed-3/6_momentum1_seed-3_20260510_040354/iterated_local_search/run_1_worker_20/parallel_0_3.prm
[INFO]:[04:04:02] CPLEX results. Gap: 44.520000, upper bound: 173527.713402, lower bound: 96281.374587
[INFO]:[04:04:02] CPLEX solver finished. Gap: 44.520000
[INFO]:[04:04:02] Starting CPLEX solver on instance: /home/yorig/tuner/mpils-tests/instances/miplib/medium-1/momentum1.mps with config: /scratch/yorig/mpils-results-grid-ticks-10000-7may/medium-1/24proc-4pils/seed-3/6_momentum1_seed-3_20260510_040354/iterated_local_search/run_1_worker_20/parallel_4_3.prm
[INFO]:[04:04:08] CPLEX results. Gap: 70.590000, upper bound: 327363.292473, lower bound: 96282.250418
[INFO]:[04:04:08] CPLEX solver finished. Gap: 70.590000
[INFO]:[04:04:09] Starting CPLEX solver on instance: /home/yorig/tuner/mpils-tests/instances/miplib/medium-1/momentum1.mps with config: /scratch/yorig/mpils-results-grid-ticks-10000-7may/medium-1/24proc-4pils/seed-3/6_momentum1_seed-3_20260510_040354/iterated_local_search/run_1_worker_20/parallel_8_3.prm
[INFO]:[04:04:15] CPLEX results. Gap: 25.040000, upper bound: 128444.944789, lower bound: 96287.481946
[INFO]:[04:04:15] CPLEX solver finished. Gap: 25.040000
[INFO]:[04:04:15] Starting CPLEX solver on instance: /home/yorig/tuner/mpils-tests/instances/miplib/medium-1/momentum1.mps with config: /scratch/yorig/mpils-results-grid-ticks-10000-7may/medium-1/24proc-4pils/seed-3/6_momentum1_seed-3_20260510_040354/iterated_local_search/run_1_worker_20/parallel_12_3.prm
[INFO]:[04:04:22] CPLEX results. Gap: 37.500000, upper bound: 154058.426187, lower bound: 96279.452597
[INFO]:[04:04:22] CPLEX solver finished. Gap: 37.500000
[INFO]:[04:04:22] Starting CPLEX solver on instance: /home/yorig/tuner/mpils-tests/instances/miplib/medium-1/momentum1.mps with config: /scratch/yorig/mpils-results-grid-ticks-10000-7may/medium-1/24proc-4pils/seed-3/6_momentum1_seed-3_20260510_040354/iterated_local_search/run_1_worker_20/parallel_16_3.prm
[INFO]:[04:04:28] CPLEX results. Gap: 25.010000, upper bound: 128404.509955, lower bound: 96285.325442
[INFO]:[04:04:28] CPLEX solver finished. Gap: 25.010000
[INFO]:[04:04:28] Worker (ils_group_rank=3) exiting parallel ILS evaluation service.
[INFO]:[04:04:29] Worker 23 completed exploration phase.
[INFO]:[04:04:29] Worker 23 received order for step 2.
[INFO]:[04:04:29] Worker 23 running expansion phase for iteration 1.
[INFO]:[04:04:29] Worker 23 will use solver log file: /scratch/yorig/mpils-results-grid-ticks-10000-7may/medium-1/24proc-4pils/seed-3/6_momentum1_seed-3_20260510_040354/solver/cplex.log_iteration_expansion_1_worker_23
[INFO]:[04:04:29] Expansion Worker 23 starting expansion for iteration 1.
[INFO]:[04:04:29] Starting CPLEX solver on instance: /home/yorig/tuner/mpils-tests/instances/miplib/medium-1/momentum1.mps with config: /scratch/yorig/mpils-results-grid-ticks-10000-7may/medium-1/24proc-4pils/seed-3/6_momentum1_seed-3_20260510_040354/expansion/config_param_CPXPARAM_MIP_Limits_ProbeTime_10_iter_1.prm
[INFO]:[04:04:35] CPLEX results. Gap: 70.000000, upper bound: 320933.186530, lower bound: 96266.958847
[INFO]:[04:04:35] CPLEX solver finished. Gap: 70.000000
[INFO]:[04:04:37] Starting CPLEX solver on instance: /home/yorig/tuner/mpils-tests/instances/miplib/medium-1/momentum1.mps with config: /scratch/yorig/mpils-results-grid-ticks-10000-7may/medium-1/24proc-4pils/seed-3/6_momentum1_seed-3_20260510_040354/expansion/config_param_CPXPARAM_MIP_Strategy_Branch_-1_iter_1.prm
[INFO]:[04:04:44] CPLEX results. Gap: 71.160000, upper bound: 333792.134506, lower bound: 96261.077396
[INFO]:[04:04:44] CPLEX solver finished. Gap: 71.160000
[INFO]:[04:04:45] Expansion Worker 23 stopping early after global MPI expansion stop was activated.
[INFO]:[04:04:45] Expansion Worker 23 completed expansion.
[INFO]:[04:04:45] Worker 23 completed expansion phase.
[INFO]:[04:04:45] Worker 23 received order for step 1.
[INFO]:[04:04:45] Worker 23 running exploration phase for iteration 2.
[INFO]:[04:04:45] Worker 23 at iteration 2 will not use a MIP start file. Current best MIP-start upper bound threshold is 1.79769e+308.
[INFO]:[04:04:45] Starting local search phase...
[INFO]:[04:04:45] Worker (ils_group_rank=3) entering parallel ILS evaluation service.
[INFO]:[04:04:45] Starting CPLEX solver on instance: /home/yorig/tuner/mpils-tests/instances/miplib/medium-1/momentum1.mps with config: /scratch/yorig/mpils-results-grid-ticks-10000-7may/medium-1/24proc-4pils/seed-3/6_momentum1_seed-3_20260510_040354/iterated_local_search/run_2_worker_20/parallel_0_3.prm
[INFO]:[04:04:51] CPLEX results. Gap: 69.400000, upper bound: 314561.702565, lower bound: 96260.018659
[INFO]:[04:04:51] CPLEX solver finished. Gap: 69.400000
[INFO]:[04:04:52] Starting CPLEX solver on instance: /home/yorig/tuner/mpils-tests/instances/miplib/medium-1/momentum1.mps with config: /scratch/yorig/mpils-results-grid-ticks-10000-7may/medium-1/24proc-4pils/seed-3/6_momentum1_seed-3_20260510_040354/iterated_local_search/run_2_worker_20/parallel_4_3.prm
[INFO]:[04:04:57] CPLEX results. Gap: 40.020000, upper bound: 160523.359750, lower bound: 96281.575254
[INFO]:[04:04:57] CPLEX solver finished. Gap: 40.020000
[INFO]:[04:04:58] Starting CPLEX solver on instance: /home/yorig/tuner/mpils-tests/instances/miplib/medium-1/momentum1.mps with config: /scratch/yorig/mpils-results-grid-ticks-10000-7may/medium-1/24proc-4pils/seed-3/6_momentum1_seed-3_20260510_040354/iterated_local_search/run_2_worker_20/parallel_8_3.prm
[INFO]:[04:05:04] CPLEX results. Gap: 48.290000, upper bound: 186185.553191, lower bound: 96283.814068
[INFO]:[04:05:04] CPLEX solver finished. Gap: 48.290000
[INFO]:[04:05:04] Worker (ils_group_rank=3) exiting parallel ILS evaluation service.
[INFO]:[04:05:06] Worker 23 completed exploration phase.
[INFO]:[04:05:06] Worker 23 received order for step 2.
[INFO]:[04:05:06] Worker 23 running expansion phase for iteration 2.
[INFO]:[04:05:06] Worker 23 will use solver log file: /scratch/yorig/mpils-results-grid-ticks-10000-7may/medium-1/24proc-4pils/seed-3/6_momentum1_seed-3_20260510_040354/solver/cplex.log_iteration_expansion_2_worker_23
[INFO]:[04:05:06] Expansion Worker 23 starting expansion for iteration 2.
[INFO]:[04:05:06] Starting CPLEX solver on instance: /home/yorig/tuner/mpils-tests/instances/miplib/medium-1/momentum1.mps with config: /scratch/yorig/mpils-results-grid-ticks-10000-7may/medium-1/24proc-4pils/seed-3/6_momentum1_seed-3_20260510_040354/expansion/config_param_CPXPARAM_Preprocessing_Symmetry_2_iter_2.prm
[INFO]:[04:05:13] CPLEX results. Gap: 11.840000, upper bound: 109184.001078, lower bound: 96259.992822
[INFO]:[04:05:13] CPLEX solver finished. Gap: 11.840000
[INFO]:[04:05:25] Expansion Worker 23 completed expansion.
[INFO]:[04:05:25] Worker 23 completed expansion phase.
[INFO]:[04:05:25] Worker 23 received order for step 1.
[INFO]:[04:05:25] Worker 23 running exploration phase for iteration 3.
[INFO]:[04:05:25] Worker 23 at iteration 3 will not use a MIP start file. Current best MIP-start upper bound threshold is 1.79769e+308.
[INFO]:[04:05:25] Starting local search phase...
[INFO]:[04:05:25] Worker (ils_group_rank=3) entering parallel ILS evaluation service.
[INFO]:[04:05:25] Starting CPLEX solver on instance: /home/yorig/tuner/mpils-tests/instances/miplib/medium-1/momentum1.mps with config: /scratch/yorig/mpils-results-grid-ticks-10000-7may/medium-1/24proc-4pils/seed-3/6_momentum1_seed-3_20260510_040354/iterated_local_search/run_3_worker_20/parallel_0_3.prm
[WARN]:[04:05:32] CPLEX finished without a primal feasible solution for config /scratch/yorig/mpils-results-grid-ticks-10000-7may/medium-1/24proc-4pils/seed-3/6_momentum1_seed-3_20260510_040354/iterated_local_search/run_3_worker_20/parallel_0_3.prm.
[INFO]:[04:05:32] CPLEX results. Gap: unavailable, upper bound: null, lower bound: 96295.898983
[INFO]:[04:05:32] CPLEX solver finished. Gap: 179769313486231570814527423731704356798070567525844996598917476803157260780028538760589558632766878171540458953514382464234321326889464182768467546703537516986049910576551282076245490090389328944075868508455133942304583236903222948165808559332123348274797826204144723168738177180919299881250404026184124858368.000000
[INFO]:[04:05:33] Starting CPLEX solver on instance: /home/yorig/tuner/mpils-tests/instances/miplib/medium-1/momentum1.mps with config: /scratch/yorig/mpils-results-grid-ticks-10000-7may/medium-1/24proc-4pils/seed-3/6_momentum1_seed-3_20260510_040354/iterated_local_search/run_3_worker_20/parallel_4_3.prm
[INFO]:[04:05:38] CPLEX results. Gap: 69.990000, upper bound: 320968.436283, lower bound: 96318.195499
[INFO]:[04:05:38] CPLEX solver finished. Gap: 69.990000
[INFO]:[04:05:39] Starting CPLEX solver on instance: /home/yorig/tuner/mpils-tests/instances/miplib/medium-1/momentum1.mps with config: /scratch/yorig/mpils-results-grid-ticks-10000-7may/medium-1/24proc-4pils/seed-3/6_momentum1_seed-3_20260510_040354/iterated_local_search/run_3_worker_20/parallel_8_3.prm
[INFO]:[04:05:45] CPLEX results. Gap: 71.150000, upper bound: 333808.514982, lower bound: 96296.496134
[INFO]:[04:05:45] CPLEX solver finished. Gap: 71.150000
[INFO]:[04:05:45] Starting CPLEX solver on instance: /home/yorig/tuner/mpils-tests/instances/miplib/medium-1/momentum1.mps with config: /scratch/yorig/mpils-results-grid-ticks-10000-7may/medium-1/24proc-4pils/seed-3/6_momentum1_seed-3_20260510_040354/iterated_local_search/run_3_worker_20/parallel_12_3.prm
[INFO]:[04:05:51] CPLEX results. Gap: 69.380000, upper bound: 314548.992500, lower bound: 96319.900167
[INFO]:[04:05:51] CPLEX solver finished. Gap: 69.380000
[INFO]:[04:05:52] Starting CPLEX solver on instance: /home/yorig/tuner/mpils-tests/instances/miplib/medium-1/momentum1.mps with config: /scratch/yorig/mpils-results-grid-ticks-10000-7may/medium-1/24proc-4pils/seed-3/6_momentum1_seed-3_20260510_040354/iterated_local_search/run_3_worker_20/parallel_16_3.prm
[INFO]:[04:05:58] CPLEX results. Gap: 69.380000, upper bound: 314548.992500, lower bound: 96319.900167
[INFO]:[04:05:58] CPLEX solver finished. Gap: 69.380000
[INFO]:[04:05:58] Worker (ils_group_rank=3) exiting parallel ILS evaluation service.
[INFO]:[04:06:01] Worker 23 completed exploration phase.
[INFO]:[04:06:01] Worker 23 received order for step 2.
[INFO]:[04:06:01] Worker 23 running expansion phase for iteration 3.
[INFO]:[04:06:01] Worker 23 will use solver log file: /scratch/yorig/mpils-results-grid-ticks-10000-7may/medium-1/24proc-4pils/seed-3/6_momentum1_seed-3_20260510_040354/solver/cplex.log_iteration_expansion_3_worker_23
[INFO]:[04:06:01] Expansion Worker 23 starting expansion for iteration 3.
[INFO]:[04:06:01] Starting CPLEX solver on instance: /home/yorig/tuner/mpils-tests/instances/miplib/medium-1/momentum1.mps with config: /scratch/yorig/mpils-results-grid-ticks-10000-7may/medium-1/24proc-4pils/seed-3/6_momentum1_seed-3_20260510_040354/expansion/config_param_CPXPARAM_MIP_Limits_AggForCut_0_iter_3.prm
[INFO]:[04:06:08] CPLEX results. Gap: 31.850000, upper bound: 141243.304864, lower bound: 96256.412327
[INFO]:[04:06:08] CPLEX solver finished. Gap: 31.850000
[INFO]:[04:06:09] Expansion Worker 23 stopping early after global MPI expansion stop was activated.
[INFO]:[04:06:09] Expansion Worker 23 completed expansion.
[INFO]:[04:06:09] Worker 23 completed expansion phase.
[INFO]:[04:06:09] Worker 23 received order for step 1.
[INFO]:[04:06:09] Worker 23 running exploration phase for iteration 4.
[INFO]:[04:06:09] Worker 23 at iteration 4 will not use a MIP start file. Current best MIP-start upper bound threshold is 1.79769e+308.
[INFO]:[04:06:09] Starting local search phase...
[INFO]:[04:06:09] Worker (ils_group_rank=3) entering parallel ILS evaluation service.
[INFO]:[04:06:09] Starting CPLEX solver on instance: /home/yorig/tuner/mpils-tests/instances/miplib/medium-1/momentum1.mps with config: /scratch/yorig/mpils-results-grid-ticks-10000-7may/medium-1/24proc-4pils/seed-3/6_momentum1_seed-3_20260510_040354/iterated_local_search/run_4_worker_20/parallel_0_3.prm
[WARN]:[04:06:15] CPLEX finished without a primal feasible solution for config /scratch/yorig/mpils-results-grid-ticks-10000-7may/medium-1/24proc-4pils/seed-3/6_momentum1_seed-3_20260510_040354/iterated_local_search/run_4_worker_20/parallel_0_3.prm.
[INFO]:[04:06:15] CPLEX results. Gap: unavailable, upper bound: null, lower bound: 96248.862766
[INFO]:[04:06:15] CPLEX solver finished. Gap: 179769313486231570814527423731704356798070567525844996598917476803157260780028538760589558632766878171540458953514382464234321326889464182768467546703537516986049910576551282076245490090389328944075868508455133942304583236903222948165808559332123348274797826204144723168738177180919299881250404026184124858368.000000
[INFO]:[04:06:16] Starting CPLEX solver on instance: /home/yorig/tuner/mpils-tests/instances/miplib/medium-1/momentum1.mps with config: /scratch/yorig/mpils-results-grid-ticks-10000-7may/medium-1/24proc-4pils/seed-3/6_momentum1_seed-3_20260510_040354/iterated_local_search/run_4_worker_20/parallel_4_3.prm
[INFO]:[04:06:22] CPLEX results. Gap: 67.390000, upper bound: 295298.401793, lower bound: 96286.893514
[INFO]:[04:06:22] CPLEX solver finished. Gap: 67.390000
[INFO]:[04:06:22] Worker (ils_group_rank=3) exiting parallel ILS evaluation service.
[INFO]:[04:06:25] Worker 23 completed exploration phase.
[INFO]:[04:06:25] Worker 23 received order for step 2.
[INFO]:[04:06:25] Worker 23 running expansion phase for iteration 4.
[INFO]:[04:06:25] Worker 23 will use solver log file: /scratch/yorig/mpils-results-grid-ticks-10000-7may/medium-1/24proc-4pils/seed-3/6_momentum1_seed-3_20260510_040354/solver/cplex.log_iteration_expansion_4_worker_23
[INFO]:[04:06:25] Expansion Worker 23 starting expansion for iteration 4.
[INFO]:[04:06:25] Starting CPLEX solver on instance: /home/yorig/tuner/mpils-tests/instances/miplib/medium-1/momentum1.mps with config: /scratch/yorig/mpils-results-grid-ticks-10000-7may/medium-1/24proc-4pils/seed-3/6_momentum1_seed-3_20260510_040354/expansion/config_param_CPXPARAM_Preprocessing_Fill_5_iter_4.prm
[INFO]:[04:06:31] CPLEX results. Gap: 28.600000, upper bound: 134825.288162, lower bound: 96262.125364
[INFO]:[04:06:31] CPLEX solver finished. Gap: 28.600000
[INFO]:[04:06:32] Expansion Worker 23 stopping early after global MPI expansion stop was activated.
[INFO]:[04:06:32] Expansion Worker 23 completed expansion.
[INFO]:[04:06:32] Worker 23 completed expansion phase.
[INFO]:[04:06:32] Worker 23 received order for step 1.
[INFO]:[04:06:32] Worker 23 running exploration phase for iteration 5.
[INFO]:[04:06:32] Worker 23 at iteration 5 will not use a MIP start file. Current best MIP-start upper bound threshold is 1.79769e+308.
[INFO]:[04:06:32] Starting local search phase...
[INFO]:[04:06:32] Worker (ils_group_rank=3) entering parallel ILS evaluation service.
[INFO]:[04:06:32] Starting CPLEX solver on instance: /home/yorig/tuner/mpils-tests/instances/miplib/medium-1/momentum1.mps with config: /scratch/yorig/mpils-results-grid-ticks-10000-7may/medium-1/24proc-4pils/seed-3/6_momentum1_seed-3_20260510_040354/iterated_local_search/run_5_worker_20/parallel_0_3.prm
[INFO]:[04:06:38] CPLEX results. Gap: 69.390000, upper bound: 314561.361746, lower bound: 96293.930139
[INFO]:[04:06:38] CPLEX solver finished. Gap: 69.390000
[INFO]:[04:06:40] Starting CPLEX solver on instance: /home/yorig/tuner/mpils-tests/instances/miplib/medium-1/momentum1.mps with config: /scratch/yorig/mpils-results-grid-ticks-10000-7may/medium-1/24proc-4pils/seed-3/6_momentum1_seed-3_20260510_040354/iterated_local_search/run_5_worker_20/parallel_4_3.prm
[INFO]:[04:06:46] CPLEX results. Gap: 69.390000, upper bound: 314561.361746, lower bound: 96293.930139
[INFO]:[04:06:46] CPLEX solver finished. Gap: 69.390000
[INFO]:[04:06:46] Starting CPLEX solver on instance: /home/yorig/tuner/mpils-tests/instances/miplib/medium-1/momentum1.mps with config: /scratch/yorig/mpils-results-grid-ticks-10000-7may/medium-1/24proc-4pils/seed-3/6_momentum1_seed-3_20260510_040354/iterated_local_search/run_5_worker_20/parallel_8_3.prm
[INFO]:[04:06:52] CPLEX results. Gap: 71.160000, upper bound: 333808.800973, lower bound: 96272.622424
[INFO]:[04:06:52] CPLEX solver finished. Gap: 71.160000
[INFO]:[04:06:53] Starting CPLEX solver on instance: /home/yorig/tuner/mpils-tests/instances/miplib/medium-1/momentum1.mps with config: /scratch/yorig/mpils-results-grid-ticks-10000-7may/medium-1/24proc-4pils/seed-3/6_momentum1_seed-3_20260510_040354/iterated_local_search/run_5_worker_20/parallel_12_3.prm
[INFO]:[04:06:59] CPLEX results. Gap: 34.790000, upper bound: 147672.949765, lower bound: 96291.558122
[INFO]:[04:06:59] CPLEX solver finished. Gap: 34.790000
[INFO]:[04:06:59] Starting CPLEX solver on instance: /home/yorig/tuner/mpils-tests/instances/miplib/medium-1/momentum1.mps with config: /scratch/yorig/mpils-results-grid-ticks-10000-7may/medium-1/24proc-4pils/seed-3/6_momentum1_seed-3_20260510_040354/iterated_local_search/run_5_worker_20/parallel_16_3.prm
[INFO]:[04:07:05] CPLEX results. Gap: 34.790000, upper bound: 147672.949765, lower bound: 96291.558122
[INFO]:[04:07:05] CPLEX solver finished. Gap: 34.790000
[INFO]:[04:07:05] Starting CPLEX solver on instance: /home/yorig/tuner/mpils-tests/instances/miplib/medium-1/momentum1.mps with config: /scratch/yorig/mpils-results-grid-ticks-10000-7may/medium-1/24proc-4pils/seed-3/6_momentum1_seed-3_20260510_040354/iterated_local_search/run_5_worker_20/parallel_20_3.prm
[INFO]:[04:07:12] CPLEX results. Gap: 40.000000, upper bound: 160477.004952, lower bound: 96291.558122
[INFO]:[04:07:12] CPLEX solver finished. Gap: 40.000000
[INFO]:[04:07:14] Starting CPLEX solver on instance: /home/yorig/tuner/mpils-tests/instances/miplib/medium-1/momentum1.mps with config: /scratch/yorig/mpils-results-grid-ticks-10000-7may/medium-1/24proc-4pils/seed-3/6_momentum1_seed-3_20260510_040354/iterated_local_search/run_5_worker_20/parallel_24_3.prm
[INFO]:[04:07:20] CPLEX results. Gap: 44.440000, upper bound: 173303.124213, lower bound: 96280.815527
[INFO]:[04:07:20] CPLEX solver finished. Gap: 44.440000
[INFO]:[04:07:20] Worker (ils_group_rank=3) exiting parallel ILS evaluation service.
[INFO]:[04:07:24] Worker 23 completed exploration phase.
[INFO]:[04:07:24] Worker 23 received order for step 2.
[INFO]:[04:07:24] Worker 23 running expansion phase for iteration 5.
[INFO]:[04:07:24] Worker 23 will use solver log file: /scratch/yorig/mpils-results-grid-ticks-10000-7may/medium-1/24proc-4pils/seed-3/6_momentum1_seed-3_20260510_040354/solver/cplex.log_iteration_expansion_5_worker_23
[INFO]:[04:07:24] Expansion Worker 23 starting expansion for iteration 5.
[INFO]:[04:07:24] Starting CPLEX solver on instance: /home/yorig/tuner/mpils-tests/instances/miplib/medium-1/momentum1.mps with config: /scratch/yorig/mpils-results-grid-ticks-10000-7may/medium-1/24proc-4pils/seed-3/6_momentum1_seed-3_20260510_040354/expansion/config_param_CPXPARAM_Preprocessing_Dependency_3_iter_5.prm
[INFO]:[04:07:30] CPLEX results. Gap: 16.750000, upper bound: 115626.174359, lower bound: 96261.000093
[INFO]:[04:07:30] CPLEX solver finished. Gap: 16.750000
[INFO]:[04:07:38] Expansion Worker 23 completed expansion.
[INFO]:[04:07:38] Worker 23 completed expansion phase.
[INFO]:[04:07:39] Worker 23 received order for step 1.
[INFO]:[04:07:39] Worker 23 running exploration phase for iteration 6.
[INFO]:[04:07:39] Worker 23 at iteration 6 will not use a MIP start file. Current best MIP-start upper bound threshold is 1.79769e+308.
[INFO]:[04:07:39] Starting local search phase...
[INFO]:[04:07:39] Worker (ils_group_rank=3) entering parallel ILS evaluation service.
[INFO]:[04:07:39] Starting CPLEX solver on instance: /home/yorig/tuner/mpils-tests/instances/miplib/medium-1/momentum1.mps with config: /scratch/yorig/mpils-results-grid-ticks-10000-7may/medium-1/24proc-4pils/seed-3/6_momentum1_seed-3_20260510_040354/iterated_local_search/run_6_worker_20/parallel_0_3.prm
[INFO]:[04:07:45] CPLEX results. Gap: 70.010000, upper bound: 320950.456588, lower bound: 96254.792652
[INFO]:[04:07:45] CPLEX solver finished. Gap: 70.010000
[INFO]:[04:07:45] Starting CPLEX solver on instance: /home/yorig/tuner/mpils-tests/instances/miplib/medium-1/momentum1.mps with config: /scratch/yorig/mpils-results-grid-ticks-10000-7may/medium-1/24proc-4pils/seed-3/6_momentum1_seed-3_20260510_040354/iterated_local_search/run_6_worker_20/parallel_4_3.prm
[INFO]:[04:07:51] CPLEX results. Gap: 70.010000, upper bound: 320950.456588, lower bound: 96254.792652
[INFO]:[04:07:51] CPLEX solver finished. Gap: 70.010000
[INFO]:[04:07:51] Starting CPLEX solver on instance: /home/yorig/tuner/mpils-tests/instances/miplib/medium-1/momentum1.mps with config: /scratch/yorig/mpils-results-grid-ticks-10000-7may/medium-1/24proc-4pils/seed-3/6_momentum1_seed-3_20260510_040354/iterated_local_search/run_6_worker_20/parallel_8_3.prm
[INFO]:[04:07:57] CPLEX results. Gap: 70.010000, upper bound: 320950.456588, lower bound: 96254.792652
[INFO]:[04:07:57] CPLEX solver finished. Gap: 70.010000
[INFO]:[04:07:57] Starting CPLEX solver on instance: /home/yorig/tuner/mpils-tests/instances/miplib/medium-1/momentum1.mps with config: /scratch/yorig/mpils-results-grid-ticks-10000-7may/medium-1/24proc-4pils/seed-3/6_momentum1_seed-3_20260510_040354/iterated_local_search/run_6_worker_20/parallel_12_3.prm
[INFO]:[04:08:03] CPLEX results. Gap: 70.000000, upper bound: 320967.463482, lower bound: 96285.427946
[INFO]:[04:08:03] CPLEX solver finished. Gap: 70.000000
[INFO]:[04:08:03] Starting CPLEX solver on instance: /home/yorig/tuner/mpils-tests/instances/miplib/medium-1/momentum1.mps with config: /scratch/yorig/mpils-results-grid-ticks-10000-7may/medium-1/24proc-4pils/seed-3/6_momentum1_seed-3_20260510_040354/iterated_local_search/run_6_worker_20/parallel_16_3.prm
[INFO]:[04:08:09] CPLEX results. Gap: 69.390000, upper bound: 314541.683747, lower bound: 96285.427946
[INFO]:[04:08:09] CPLEX solver finished. Gap: 69.390000
[INFO]:[04:08:10] Worker (ils_group_rank=3) exiting parallel ILS evaluation service.
[INFO]:[04:08:12] Worker 23 completed exploration phase.
[INFO]:[04:08:12] Worker 23 received order for step 2.
[INFO]:[04:08:12] Worker 23 running expansion phase for iteration 6.
[INFO]:[04:08:12] Worker 23 will use solver log file: /scratch/yorig/mpils-results-grid-ticks-10000-7may/medium-1/24proc-4pils/seed-3/6_momentum1_seed-3_20260510_040354/solver/cplex.log_iteration_expansion_6_worker_23
[INFO]:[04:08:12] Expansion Worker 23 starting expansion for iteration 6.
[INFO]:[04:08:12] Starting CPLEX solver on instance: /home/yorig/tuner/mpils-tests/instances/miplib/medium-1/momentum1.mps with config: /scratch/yorig/mpils-results-grid-ticks-10000-7may/medium-1/24proc-4pils/seed-3/6_momentum1_seed-3_20260510_040354/expansion/config_param_CPXPARAM_LPMethod_3_iter_6.prm
[INFO]:[04:08:19] CPLEX results. Gap: 11.810000, upper bound: 109155.640142, lower bound: 96260.131993
[INFO]:[04:08:19] CPLEX solver finished. Gap: 11.810000
[INFO]:[04:08:28] Expansion Worker 23 completed expansion.
[INFO]:[04:08:28] Worker 23 completed expansion phase.
[INFO]:[04:08:29] Worker 23 received order for step 1.
[INFO]:[04:08:29] Worker 23 running exploration phase for iteration 7.
[INFO]:[04:08:29] Worker 23 at iteration 7 will not use a MIP start file. Current best MIP-start upper bound threshold is 1.79769e+308.
[INFO]:[04:08:29] Starting local search phase...
[INFO]:[04:08:29] Worker (ils_group_rank=3) entering parallel ILS evaluation service.
[INFO]:[04:08:29] Starting CPLEX solver on instance: /home/yorig/tuner/mpils-tests/instances/miplib/medium-1/momentum1.mps with config: /scratch/yorig/mpils-results-grid-ticks-10000-7may/medium-1/24proc-4pils/seed-3/6_momentum1_seed-3_20260510_040354/iterated_local_search/run_7_worker_20/parallel_0_3.prm
[WARN]:[04:08:38] CPLEX finished without a primal feasible solution for config /scratch/yorig/mpils-results-grid-ticks-10000-7may/medium-1/24proc-4pils/seed-3/6_momentum1_seed-3_20260510_040354/iterated_local_search/run_7_worker_20/parallel_0_3.prm.
[INFO]:[04:08:38] CPLEX results. Gap: unavailable, upper bound: null, lower bound: 96287.730745
[INFO]:[04:08:38] CPLEX solver finished. Gap: 179769313486231570814527423731704356798070567525844996598917476803157260780028538760589558632766878171540458953514382464234321326889464182768467546703537516986049910576551282076245490090389328944075868508455133942304583236903222948165808559332123348274797826204144723168738177180919299881250404026184124858368.000000
[INFO]:[04:08:38] Starting CPLEX solver on instance: /home/yorig/tuner/mpils-tests/instances/miplib/medium-1/momentum1.mps with config: /scratch/yorig/mpils-results-grid-ticks-10000-7may/medium-1/24proc-4pils/seed-3/6_momentum1_seed-3_20260510_040354/iterated_local_search/run_7_worker_20/parallel_4_3.prm
[INFO]:[04:08:44] CPLEX results. Gap: 68.090000, upper bound: 301715.398254, lower bound: 96266.596070
[INFO]:[04:08:44] CPLEX solver finished. Gap: 68.090000
[INFO]:[04:08:44] Starting CPLEX solver on instance: /home/yorig/tuner/mpils-tests/instances/miplib/medium-1/momentum1.mps with config: /scratch/yorig/mpils-results-grid-ticks-10000-7may/medium-1/24proc-4pils/seed-3/6_momentum1_seed-3_20260510_040354/iterated_local_search/run_7_worker_20/parallel_8_3.prm
[INFO]:[04:08:50] CPLEX results. Gap: 68.090000, upper bound: 301679.658415, lower bound: 96275.966219
[INFO]:[04:08:50] CPLEX solver finished. Gap: 68.090000
[INFO]:[04:08:53] Starting CPLEX solver on instance: /home/yorig/tuner/mpils-tests/instances/miplib/medium-1/momentum1.mps with config: /scratch/yorig/mpils-results-grid-ticks-10000-7may/medium-1/24proc-4pils/seed-3/6_momentum1_seed-3_20260510_040354/iterated_local_search/run_7_worker_20/parallel_12_3.prm
[INFO]:[04:08:59] CPLEX results. Gap: 67.390000, upper bound: 295271.910996, lower bound: 96275.067599
[INFO]:[04:08:59] CPLEX solver finished. Gap: 67.390000
[INFO]:[04:08:59] Starting CPLEX solver on instance: /home/yorig/tuner/mpils-tests/instances/miplib/medium-1/momentum1.mps with config: /scratch/yorig/mpils-results-grid-ticks-10000-7may/medium-1/24proc-4pils/seed-3/6_momentum1_seed-3_20260510_040354/iterated_local_search/run_7_worker_20/parallel_16_3.prm
[INFO]:[04:09:05] CPLEX results. Gap: 66.670000, upper bound: 288870.518627, lower bound: 96271.550728
[INFO]:[04:09:05] CPLEX solver finished. Gap: 66.670000
[INFO]:[04:09:05] Worker (ils_group_rank=3) exiting parallel ILS evaluation service.
[INFO]:[04:09:09] Worker 23 completed exploration phase.
[INFO]:[04:09:09] Worker 23 received order for step 2.
[INFO]:[04:09:09] Worker 23 running expansion phase for iteration 7.
[INFO]:[04:09:09] Worker 23 will use solver log file: /scratch/yorig/mpils-results-grid-ticks-10000-7may/medium-1/24proc-4pils/seed-3/6_momentum1_seed-3_20260510_040354/solver/cplex.log_iteration_expansion_7_worker_23
[INFO]:[04:09:09] Expansion Worker 23 starting expansion for iteration 7.
[INFO]:[04:09:16] Expansion Worker 23 completed expansion.
[INFO]:[04:09:16] Worker 23 completed expansion phase.
[INFO]:[04:09:17] Worker 23 received order for step 1.
[INFO]:[04:09:17] Worker 23 running exploration phase for iteration 8.
[INFO]:[04:09:17] Worker 23 at iteration 8 will not use a MIP start file. Current best MIP-start upper bound threshold is 1.79769e+308.
[INFO]:[04:09:17] Starting local search phase...
[INFO]:[04:09:17] Worker (ils_group_rank=3) entering parallel ILS evaluation service.
[INFO]:[04:09:17] Starting CPLEX solver on instance: /home/yorig/tuner/mpils-tests/instances/miplib/medium-1/momentum1.mps with config: /scratch/yorig/mpils-results-grid-ticks-10000-7may/medium-1/24proc-4pils/seed-3/6_momentum1_seed-3_20260510_040354/iterated_local_search/run_8_worker_20/parallel_0_3.prm
[WARN]:[04:09:28] CPLEX finished without a primal feasible solution for config /scratch/yorig/mpils-results-grid-ticks-10000-7may/medium-1/24proc-4pils/seed-3/6_momentum1_seed-3_20260510_040354/iterated_local_search/run_8_worker_20/parallel_0_3.prm.
[INFO]:[04:09:28] CPLEX results. Gap: unavailable, upper bound: null, lower bound: 96260.288703
[INFO]:[04:09:28] CPLEX solver finished. Gap: 179769313486231570814527423731704356798070567525844996598917476803157260780028538760589558632766878171540458953514382464234321326889464182768467546703537516986049910576551282076245490090389328944075868508455133942304583236903222948165808559332123348274797826204144723168738177180919299881250404026184124858368.000000
[INFO]:[04:09:28] Starting CPLEX solver on instance: /home/yorig/tuner/mpils-tests/instances/miplib/medium-1/momentum1.mps with config: /scratch/yorig/mpils-results-grid-ticks-10000-7may/medium-1/24proc-4pils/seed-3/6_momentum1_seed-3_20260510_040354/iterated_local_search/run_8_worker_20/parallel_4_3.prm
[WARN]:[04:09:34] CPLEX finished without a primal feasible solution for config /scratch/yorig/mpils-results-grid-ticks-10000-7may/medium-1/24proc-4pils/seed-3/6_momentum1_seed-3_20260510_040354/iterated_local_search/run_8_worker_20/parallel_4_3.prm.
[INFO]:[04:09:34] CPLEX results. Gap: unavailable, upper bound: null, lower bound: 96282.159518
[INFO]:[04:09:34] CPLEX solver finished. Gap: 179769313486231570814527423731704356798070567525844996598917476803157260780028538760589558632766878171540458953514382464234321326889464182768467546703537516986049910576551282076245490090389328944075868508455133942304583236903222948165808559332123348274797826204144723168738177180919299881250404026184124858368.000000
[INFO]:[04:09:34] Starting CPLEX solver on instance: /home/yorig/tuner/mpils-tests/instances/miplib/medium-1/momentum1.mps with config: /scratch/yorig/mpils-results-grid-ticks-10000-7may/medium-1/24proc-4pils/seed-3/6_momentum1_seed-3_20260510_040354/iterated_local_search/run_8_worker_20/parallel_8_3.prm
[WARN]:[04:09:40] CPLEX finished without a primal feasible solution for config /scratch/yorig/mpils-results-grid-ticks-10000-7may/medium-1/24proc-4pils/seed-3/6_momentum1_seed-3_20260510_040354/iterated_local_search/run_8_worker_20/parallel_8_3.prm.
[INFO]:[04:09:40] CPLEX results. Gap: unavailable, upper bound: null, lower bound: 96282.159518
[INFO]:[04:09:40] CPLEX solver finished. Gap: 179769313486231570814527423731704356798070567525844996598917476803157260780028538760589558632766878171540458953514382464234321326889464182768467546703537516986049910576551282076245490090389328944075868508455133942304583236903222948165808559332123348274797826204144723168738177180919299881250404026184124858368.000000
[INFO]:[04:09:40] Starting CPLEX solver on instance: /home/yorig/tuner/mpils-tests/instances/miplib/medium-1/momentum1.mps with config: /scratch/yorig/mpils-results-grid-ticks-10000-7may/medium-1/24proc-4pils/seed-3/6_momentum1_seed-3_20260510_040354/iterated_local_search/run_8_worker_20/parallel_12_3.prm
[WARN]:[04:09:46] CPLEX finished without a primal feasible solution for config /scratch/yorig/mpils-results-grid-ticks-10000-7may/medium-1/24proc-4pils/seed-3/6_momentum1_seed-3_20260510_040354/iterated_local_search/run_8_worker_20/parallel_12_3.prm.
[INFO]:[04:09:46] CPLEX results. Gap: unavailable, upper bound: null, lower bound: 96302.983217
[INFO]:[04:09:46] CPLEX solver finished. Gap: 179769313486231570814527423731704356798070567525844996598917476803157260780028538760589558632766878171540458953514382464234321326889464182768467546703537516986049910576551282076245490090389328944075868508455133942304583236903222948165808559332123348274797826204144723168738177180919299881250404026184124858368.000000
[INFO]:[04:09:46] Starting CPLEX solver on instance: /home/yorig/tuner/mpils-tests/instances/miplib/medium-1/momentum1.mps with config: /scratch/yorig/mpils-results-grid-ticks-10000-7may/medium-1/24proc-4pils/seed-3/6_momentum1_seed-3_20260510_040354/iterated_local_search/run_8_worker_20/parallel_16_3.prm
[WARN]:[04:09:52] CPLEX finished without a primal feasible solution for config /scratch/yorig/mpils-results-grid-ticks-10000-7may/medium-1/24proc-4pils/seed-3/6_momentum1_seed-3_20260510_040354/iterated_local_search/run_8_worker_20/parallel_16_3.prm.
[INFO]:[04:09:52] CPLEX results. Gap: unavailable, upper bound: null, lower bound: 96282.159518
[INFO]:[04:09:52] CPLEX solver finished. Gap: 179769313486231570814527423731704356798070567525844996598917476803157260780028538760589558632766878171540458953514382464234321326889464182768467546703537516986049910576551282076245490090389328944075868508455133942304583236903222948165808559332123348274797826204144723168738177180919299881250404026184124858368.000000
[INFO]:[04:09:52] Starting CPLEX solver on instance: /home/yorig/tuner/mpils-tests/instances/miplib/medium-1/momentum1.mps with config: /scratch/yorig/mpils-results-grid-ticks-10000-7may/medium-1/24proc-4pils/seed-3/6_momentum1_seed-3_20260510_040354/iterated_local_search/run_8_worker_20/parallel_20_3.prm
[WARN]:[04:09:59] CPLEX finished without a primal feasible solution for config /scratch/yorig/mpils-results-grid-ticks-10000-7may/medium-1/24proc-4pils/seed-3/6_momentum1_seed-3_20260510_040354/iterated_local_search/run_8_worker_20/parallel_20_3.prm.
[INFO]:[04:09:59] CPLEX results. Gap: unavailable, upper bound: null, lower bound: 96260.304794
[INFO]:[04:09:59] CPLEX solver finished. Gap: 179769313486231570814527423731704356798070567525844996598917476803157260780028538760589558632766878171540458953514382464234321326889464182768467546703537516986049910576551282076245490090389328944075868508455133942304583236903222948165808559332123348274797826204144723168738177180919299881250404026184124858368.000000
[INFO]:[04:09:59] Starting CPLEX solver on instance: /home/yorig/tuner/mpils-tests/instances/miplib/medium-1/momentum1.mps with config: /scratch/yorig/mpils-results-grid-ticks-10000-7may/medium-1/24proc-4pils/seed-3/6_momentum1_seed-3_20260510_040354/iterated_local_search/run_8_worker_20/parallel_24_3.prm
[WARN]:[04:10:05] CPLEX finished without a primal feasible solution for config /scratch/yorig/mpils-results-grid-ticks-10000-7may/medium-1/24proc-4pils/seed-3/6_momentum1_seed-3_20260510_040354/iterated_local_search/run_8_worker_20/parallel_24_3.prm.
[INFO]:[04:10:05] CPLEX results. Gap: unavailable, upper bound: null, lower bound: 96257.886551
[INFO]:[04:10:05] CPLEX solver finished. Gap: 179769313486231570814527423731704356798070567525844996598917476803157260780028538760589558632766878171540458953514382464234321326889464182768467546703537516986049910576551282076245490090389328944075868508455133942304583236903222948165808559332123348274797826204144723168738177180919299881250404026184124858368.000000
[INFO]:[04:10:05] Starting CPLEX solver on instance: /home/yorig/tuner/mpils-tests/instances/miplib/medium-1/momentum1.mps with config: /scratch/yorig/mpils-results-grid-ticks-10000-7may/medium-1/24proc-4pils/seed-3/6_momentum1_seed-3_20260510_040354/iterated_local_search/run_8_worker_20/parallel_28_3.prm
[WARN]:[04:10:10] CPLEX finished without a primal feasible solution for config /scratch/yorig/mpils-results-grid-ticks-10000-7may/medium-1/24proc-4pils/seed-3/6_momentum1_seed-3_20260510_040354/iterated_local_search/run_8_worker_20/parallel_28_3.prm.
[INFO]:[04:10:10] CPLEX results. Gap: unavailable, upper bound: null, lower bound: 96255.042195
[INFO]:[04:10:10] CPLEX solver finished. Gap: 179769313486231570814527423731704356798070567525844996598917476803157260780028538760589558632766878171540458953514382464234321326889464182768467546703537516986049910576551282076245490090389328944075868508455133942304583236903222948165808559332123348274797826204144723168738177180919299881250404026184124858368.000000
[INFO]:[04:10:11] Worker (ils_group_rank=3) exiting parallel ILS evaluation service.
[INFO]:[04:10:37] Worker 23 completed exploration phase.
[INFO]:[04:10:37] Worker 23 received order for step 3.
[INFO]:[04:10:37] Worker 23 finished.
