[INFO]:[10:22:31] Worker 1 starting.
[INFO]:[10:22:31] Worker 1 received order for step 1.
[INFO]:[10:22:31] Worker 1 running exploration phase for iteration 1.
[INFO]:[10:22:31] Worker 1 at iteration 1 will not use a MIP start file. Current best MIP-start upper bound threshold is 1.79769e+308.
[INFO]:[10:22:31] Starting local search phase...
[INFO]:[10:22:31] Worker (ils_group_rank=1) entering parallel ILS evaluation service.
[INFO]:[10:22:31] Starting CPLEX solver on instance: /home/yorig/tuner/mpils-tests/instances/miplib/medium-2/supportcase40.mps with config: /scratch/yorig/mpils-results-grid-ticks-10000-7may/medium-2/4proc-4pils/seed-3/8_supportcase40_seed-3_20260510_102230/iterated_local_search/run_1_worker_0/parallel_0_1.prm
[INFO]:[10:22:38] CPLEX results. Gap: 4.250000, upper bound: 24379.571835, lower bound: 23342.341288
[INFO]:[10:22:38] CPLEX solver finished. Gap: 4.250000
[INFO]:[10:22:44] Starting CPLEX solver on instance: /home/yorig/tuner/mpils-tests/instances/miplib/medium-2/supportcase40.mps with config: /scratch/yorig/mpils-results-grid-ticks-10000-7may/medium-2/4proc-4pils/seed-3/8_supportcase40_seed-3_20260510_102230/iterated_local_search/run_1_worker_0/parallel_4_1.prm
[INFO]:[10:22:50] CPLEX results. Gap: 5.890000, upper bound: 24841.981406, lower bound: 23378.390427
[INFO]:[10:22:50] CPLEX solver finished. Gap: 5.890000
[INFO]:[10:22:57] Starting CPLEX solver on instance: /home/yorig/tuner/mpils-tests/instances/miplib/medium-2/supportcase40.mps with config: /scratch/yorig/mpils-results-grid-ticks-10000-7may/medium-2/4proc-4pils/seed-3/8_supportcase40_seed-3_20260510_102230/iterated_local_search/run_1_worker_0/parallel_8_1.prm
[INFO]:[10:23:04] CPLEX results. Gap: 4.480000, upper bound: 24579.579267, lower bound: 23478.043653
[INFO]:[10:23:04] CPLEX solver finished. Gap: 4.480000
[INFO]:[10:23:10] Starting CPLEX solver on instance: /home/yorig/tuner/mpils-tests/instances/miplib/medium-2/supportcase40.mps with config: /scratch/yorig/mpils-results-grid-ticks-10000-7may/medium-2/4proc-4pils/seed-3/8_supportcase40_seed-3_20260510_102230/iterated_local_search/run_1_worker_0/parallel_12_1.prm
[INFO]:[10:23:17] CPLEX results. Gap: 5.420000, upper bound: 24958.568079, lower bound: 23605.357409
[INFO]:[10:23:17] CPLEX solver finished. Gap: 5.420000
[INFO]:[10:23:24] Starting CPLEX solver on instance: /home/yorig/tuner/mpils-tests/instances/miplib/medium-2/supportcase40.mps with config: /scratch/yorig/mpils-results-grid-ticks-10000-7may/medium-2/4proc-4pils/seed-3/8_supportcase40_seed-3_20260510_102230/iterated_local_search/run_1_worker_0/parallel_16_1.prm
[INFO]:[10:23:31] CPLEX results. Gap: 4.130000, upper bound: 24379.571835, lower bound: 23373.313177
[INFO]:[10:23:31] CPLEX solver finished. Gap: 4.130000
[INFO]:[10:23:37] Worker (ils_group_rank=1) exiting parallel ILS evaluation service.
[INFO]:[10:23:37] Worker 1 completed exploration phase.
[INFO]:[10:23:37] Worker 1 received order for step 2.
[INFO]:[10:23:37] Worker 1 running expansion phase for iteration 1.
[INFO]:[10:23:37] Worker 1 will use solver log file: /scratch/yorig/mpils-results-grid-ticks-10000-7may/medium-2/4proc-4pils/seed-3/8_supportcase40_seed-3_20260510_102230/solver/cplex.log_iteration_expansion_1_worker_1
[INFO]:[10:23:37] Expansion Worker 1 starting expansion for iteration 1.
[INFO]:[10:23:37] Starting CPLEX solver on instance: /home/yorig/tuner/mpils-tests/instances/miplib/medium-2/supportcase40.mps with config: /scratch/yorig/mpils-results-grid-ticks-10000-7may/medium-2/4proc-4pils/seed-3/8_supportcase40_seed-3_20260510_102230/expansion/config_param_CPXPARAM_MIP_Strategy_Probe_1_iter_1.prm
[INFO]:[10:23:44] CPLEX results. Gap: 4.130000, upper bound: 24379.571835, lower bound: 23373.313177
[INFO]:[10:23:44] CPLEX solver finished. Gap: 4.130000
[INFO]:[10:23:51] Starting CPLEX solver on instance: /home/yorig/tuner/mpils-tests/instances/miplib/medium-2/supportcase40.mps with config: /scratch/yorig/mpils-results-grid-ticks-10000-7may/medium-2/4proc-4pils/seed-3/8_supportcase40_seed-3_20260510_102230/expansion/config_param_CPXPARAM_MIP_Cuts_Covers_1_iter_1.prm
[INFO]:[10:23:58] CPLEX results. Gap: 4.900000, upper bound: 24619.732421, lower bound: 23413.481612
[INFO]:[10:23:58] CPLEX solver finished. Gap: 4.900000
[INFO]:[10:24:04] Starting CPLEX solver on instance: /home/yorig/tuner/mpils-tests/instances/miplib/medium-2/supportcase40.mps with config: /scratch/yorig/mpils-results-grid-ticks-10000-7may/medium-2/4proc-4pils/seed-3/8_supportcase40_seed-3_20260510_102230/expansion/config_param_CPXPARAM_MIP_Strategy_VariableSelect_1_iter_1.prm
[INFO]:[10:24:11] CPLEX results. Gap: 5.520000, upper bound: 24793.379193, lower bound: 23423.932568
[INFO]:[10:24:11] CPLEX solver finished. Gap: 5.520000
[INFO]:[10:24:16] Starting CPLEX solver on instance: /home/yorig/tuner/mpils-tests/instances/miplib/medium-2/supportcase40.mps with config: /scratch/yorig/mpils-results-grid-ticks-10000-7may/medium-2/4proc-4pils/seed-3/8_supportcase40_seed-3_20260510_102230/expansion/config_param_CPXPARAM_MIP_Strategy_NodeSelect_0_iter_1.prm
[INFO]:[10:24:23] CPLEX results. Gap: 6.760000, upper bound: 24668.428614, lower bound: 23001.865760
[INFO]:[10:24:23] CPLEX solver finished. Gap: 6.760000
[INFO]:[10:24:29] Starting CPLEX solver on instance: /home/yorig/tuner/mpils-tests/instances/miplib/medium-2/supportcase40.mps with config: /scratch/yorig/mpils-results-grid-ticks-10000-7may/medium-2/4proc-4pils/seed-3/8_supportcase40_seed-3_20260510_102230/expansion/config_param_CPXPARAM_MIP_Strategy_Dive_2_iter_1.prm
[INFO]:[10:24:36] CPLEX results. Gap: 4.120000, upper bound: 24379.571835, lower bound: 23374.980525
[INFO]:[10:24:36] CPLEX solver finished. Gap: 4.120000
[INFO]:[10:24:36] Expansion Worker 1 found an improving configuration with objective value 4.12.
[INFO]:[10:24:43] Expansion Worker 1 stopping early after global MPI expansion stop was activated.
[INFO]:[10:24:43] Expansion Worker 1 completed expansion.
[INFO]:[10:24:43] Worker 1 completed expansion phase.
[INFO]:[10:24:43] Worker 1 received order for step 1.
[INFO]:[10:24:43] Worker 1 running exploration phase for iteration 2.
[INFO]:[10:24:43] Worker 1 at iteration 2 will not use a MIP start file. Current best MIP-start upper bound threshold is 1.79769e+308.
[INFO]:[10:24:43] Starting local search phase...
[INFO]:[10:24:43] Worker (ils_group_rank=1) entering parallel ILS evaluation service.
[INFO]:[10:24:43] Starting CPLEX solver on instance: /home/yorig/tuner/mpils-tests/instances/miplib/medium-2/supportcase40.mps with config: /scratch/yorig/mpils-results-grid-ticks-10000-7may/medium-2/4proc-4pils/seed-3/8_supportcase40_seed-3_20260510_102230/iterated_local_search/run_2_worker_0/parallel_0_1.prm
[INFO]:[10:24:50] CPLEX results. Gap: 4.130000, upper bound: 24379.571835, lower bound: 23373.313177
[INFO]:[10:24:50] CPLEX solver finished. Gap: 4.130000
[INFO]:[10:24:56] Starting CPLEX solver on instance: /home/yorig/tuner/mpils-tests/instances/miplib/medium-2/supportcase40.mps with config: /scratch/yorig/mpils-results-grid-ticks-10000-7may/medium-2/4proc-4pils/seed-3/8_supportcase40_seed-3_20260510_102230/iterated_local_search/run_2_worker_0/parallel_4_1.prm
[INFO]:[10:25:03] CPLEX results. Gap: 4.860000, upper bound: 24683.928605, lower bound: 23485.229742
[INFO]:[10:25:03] CPLEX solver finished. Gap: 4.860000
[INFO]:[10:25:10] Worker (ils_group_rank=1) exiting parallel ILS evaluation service.
[INFO]:[10:25:10] Worker 1 completed exploration phase.
[INFO]:[10:25:10] Worker 1 received order for step 2.
[INFO]:[10:25:10] Worker 1 running expansion phase for iteration 2.
[INFO]:[10:25:10] Worker 1 will use solver log file: /scratch/yorig/mpils-results-grid-ticks-10000-7may/medium-2/4proc-4pils/seed-3/8_supportcase40_seed-3_20260510_102230/solver/cplex.log_iteration_expansion_2_worker_1
[INFO]:[10:25:10] Expansion Worker 1 starting expansion for iteration 2.
[INFO]:[10:25:10] Starting CPLEX solver on instance: /home/yorig/tuner/mpils-tests/instances/miplib/medium-2/supportcase40.mps with config: /scratch/yorig/mpils-results-grid-ticks-10000-7may/medium-2/4proc-4pils/seed-3/8_supportcase40_seed-3_20260510_102230/expansion/config_param_CPXPARAM_MIP_Limits_ProbeTime_1_iter_2.prm
[INFO]:[10:25:17] CPLEX results. Gap: 4.120000, upper bound: 24379.571835, lower bound: 23374.980525
[INFO]:[10:25:17] CPLEX solver finished. Gap: 4.120000
[INFO]:[10:25:24] Starting CPLEX solver on instance: /home/yorig/tuner/mpils-tests/instances/miplib/medium-2/supportcase40.mps with config: /scratch/yorig/mpils-results-grid-ticks-10000-7may/medium-2/4proc-4pils/seed-3/8_supportcase40_seed-3_20260510_102230/expansion/config_param_CPXPARAM_MIP_Limits_ProbeTime_20_iter_2.prm
[INFO]:[10:25:31] CPLEX results. Gap: 4.120000, upper bound: 24379.571835, lower bound: 23374.980525
[INFO]:[10:25:31] CPLEX solver finished. Gap: 4.120000
[INFO]:[10:25:37] Starting CPLEX solver on instance: /home/yorig/tuner/mpils-tests/instances/miplib/medium-2/supportcase40.mps with config: /scratch/yorig/mpils-results-grid-ticks-10000-7may/medium-2/4proc-4pils/seed-3/8_supportcase40_seed-3_20260510_102230/expansion/config_param_CPXPARAM_MIP_Limits_ProbeTime_60_iter_2.prm
[INFO]:[10:25:44] CPLEX results. Gap: 4.120000, upper bound: 24379.571835, lower bound: 23374.980525
[INFO]:[10:25:44] CPLEX solver finished. Gap: 4.120000
[INFO]:[10:25:51] Starting CPLEX solver on instance: /home/yorig/tuner/mpils-tests/instances/miplib/medium-2/supportcase40.mps with config: /scratch/yorig/mpils-results-grid-ticks-10000-7may/medium-2/4proc-4pils/seed-3/8_supportcase40_seed-3_20260510_102230/expansion/config_param_CPXPARAM_MIP_Strategy_RINSHeur_20_iter_2.prm
[INFO]:[10:25:57] CPLEX results. Gap: 6.210000, upper bound: 24841.981406, lower bound: 23298.645993
[INFO]:[10:25:57] CPLEX solver finished. Gap: 6.210000
[INFO]:[10:26:04] Starting CPLEX solver on instance: /home/yorig/tuner/mpils-tests/instances/miplib/medium-2/supportcase40.mps with config: /scratch/yorig/mpils-results-grid-ticks-10000-7may/medium-2/4proc-4pils/seed-3/8_supportcase40_seed-3_20260510_102230/expansion/config_param_CPXPARAM_MIP_Strategy_RINSHeur_200_iter_2.prm
[INFO]:[10:26:11] CPLEX results. Gap: 5.560000, upper bound: 24779.815983, lower bound: 23402.312598
[INFO]:[10:26:11] CPLEX solver finished. Gap: 5.560000
[INFO]:[10:26:18] Starting CPLEX solver on instance: /home/yorig/tuner/mpils-tests/instances/miplib/medium-2/supportcase40.mps with config: /scratch/yorig/mpils-results-grid-ticks-10000-7may/medium-2/4proc-4pils/seed-3/8_supportcase40_seed-3_20260510_102230/expansion/config_param_CPXPARAM_MIP_Strategy_BBInterval_2_iter_2.prm
[INFO]:[10:26:25] CPLEX results. Gap: 4.120000, upper bound: 24379.571835, lower bound: 23374.980525
[INFO]:[10:26:25] CPLEX solver finished. Gap: 4.120000
[INFO]:[10:26:31] Starting CPLEX solver on instance: /home/yorig/tuner/mpils-tests/instances/miplib/medium-2/supportcase40.mps with config: /scratch/yorig/mpils-results-grid-ticks-10000-7may/medium-2/4proc-4pils/seed-3/8_supportcase40_seed-3_20260510_102230/expansion/config_param_CPXPARAM_MIP_Strategy_BBInterval_10_iter_2.prm
[INFO]:[10:26:38] CPLEX results. Gap: 4.120000, upper bound: 24379.571835, lower bound: 23374.980525
[INFO]:[10:26:38] CPLEX solver finished. Gap: 4.120000
[INFO]:[10:26:44] Starting CPLEX solver on instance: /home/yorig/tuner/mpils-tests/instances/miplib/medium-2/supportcase40.mps with config: /scratch/yorig/mpils-results-grid-ticks-10000-7may/medium-2/4proc-4pils/seed-3/8_supportcase40_seed-3_20260510_102230/expansion/config_param_CPXPARAM_MIP_Strategy_Branch_1_iter_2.prm
[INFO]:[10:26:51] CPLEX results. Gap: 4.680000, upper bound: 24743.865720, lower bound: 23586.530723
[INFO]:[10:26:51] CPLEX solver finished. Gap: 4.680000
[INFO]:[10:26:58] Starting CPLEX solver on instance: /home/yorig/tuner/mpils-tests/instances/miplib/medium-2/supportcase40.mps with config: /scratch/yorig/mpils-results-grid-ticks-10000-7may/medium-2/4proc-4pils/seed-3/8_supportcase40_seed-3_20260510_102230/expansion/config_param_CPXPARAM_MIP_Limits_CutsFactor_8_iter_2.prm
[INFO]:[10:27:04] CPLEX results. Gap: 4.120000, upper bound: 24379.571835, lower bound: 23374.980525
[INFO]:[10:27:04] CPLEX solver finished. Gap: 4.120000
[INFO]:[10:27:11] Expansion Worker 1 stopping early after global MPI expansion stop was activated.
[INFO]:[10:27:11] Expansion Worker 1 completed expansion.
[INFO]:[10:27:11] Worker 1 completed expansion phase.
[INFO]:[10:27:11] Worker 1 received order for step 1.
[INFO]:[10:27:11] Worker 1 running exploration phase for iteration 3.
[INFO]:[10:27:11] Worker 1 at iteration 3 will not use a MIP start file. Current best MIP-start upper bound threshold is 1.79769e+308.
[INFO]:[10:27:11] Starting local search phase...
[INFO]:[10:27:11] Worker (ils_group_rank=1) entering parallel ILS evaluation service.
[INFO]:[10:27:11] Starting CPLEX solver on instance: /home/yorig/tuner/mpils-tests/instances/miplib/medium-2/supportcase40.mps with config: /scratch/yorig/mpils-results-grid-ticks-10000-7may/medium-2/4proc-4pils/seed-3/8_supportcase40_seed-3_20260510_102230/iterated_local_search/run_3_worker_0/parallel_0_1.prm
[INFO]:[10:27:17] CPLEX results. Gap: 6.030000, upper bound: 24379.571835, lower bound: 22909.092907
[INFO]:[10:27:17] CPLEX solver finished. Gap: 6.030000
[INFO]:[10:27:25] Starting CPLEX solver on instance: /home/yorig/tuner/mpils-tests/instances/miplib/medium-2/supportcase40.mps with config: /scratch/yorig/mpils-results-grid-ticks-10000-7may/medium-2/4proc-4pils/seed-3/8_supportcase40_seed-3_20260510_102230/iterated_local_search/run_3_worker_0/parallel_4_1.prm
[INFO]:[10:27:31] CPLEX results. Gap: 5.530000, upper bound: 24779.815983, lower bound: 23410.103860
[INFO]:[10:27:31] CPLEX solver finished. Gap: 5.530000
[INFO]:[10:27:38] Starting CPLEX solver on instance: /home/yorig/tuner/mpils-tests/instances/miplib/medium-2/supportcase40.mps with config: /scratch/yorig/mpils-results-grid-ticks-10000-7may/medium-2/4proc-4pils/seed-3/8_supportcase40_seed-3_20260510_102230/iterated_local_search/run_3_worker_0/parallel_8_1.prm
[INFO]:[10:27:45] CPLEX results. Gap: 3.510000, upper bound: 24379.983046, lower bound: 23524.954716
[INFO]:[10:27:45] CPLEX solver finished. Gap: 3.510000
[INFO]:[10:27:51] Starting CPLEX solver on instance: /home/yorig/tuner/mpils-tests/instances/miplib/medium-2/supportcase40.mps with config: /scratch/yorig/mpils-results-grid-ticks-10000-7may/medium-2/4proc-4pils/seed-3/8_supportcase40_seed-3_20260510_102230/iterated_local_search/run_3_worker_0/parallel_12_1.prm
[INFO]:[10:27:58] CPLEX results. Gap: 5.310000, upper bound: 24457.888089, lower bound: 23158.224168
[INFO]:[10:27:58] CPLEX solver finished. Gap: 5.310000
[INFO]:[10:28:06] Worker (ils_group_rank=1) exiting parallel ILS evaluation service.
[INFO]:[10:28:06] Worker 1 completed exploration phase.
[INFO]:[10:28:06] Worker 1 received order for step 2.
[INFO]:[10:28:06] Worker 1 running expansion phase for iteration 3.
[INFO]:[10:28:06] Worker 1 will use solver log file: /scratch/yorig/mpils-results-grid-ticks-10000-7may/medium-2/4proc-4pils/seed-3/8_supportcase40_seed-3_20260510_102230/solver/cplex.log_iteration_expansion_3_worker_1
[INFO]:[10:28:06] Expansion Worker 1 starting expansion for iteration 3.
[INFO]:[10:28:06] Starting CPLEX solver on instance: /home/yorig/tuner/mpils-tests/instances/miplib/medium-2/supportcase40.mps with config: /scratch/yorig/mpils-results-grid-ticks-10000-7may/medium-2/4proc-4pils/seed-3/8_supportcase40_seed-3_20260510_102230/expansion/config_param_CPXPARAM_Preprocessing_Presolve_0_iter_3.prm
[INFO]:[10:28:13] CPLEX results. Gap: 8.350000, upper bound: 24950.640898, lower bound: 22866.920459
[INFO]:[10:28:13] CPLEX solver finished. Gap: 8.350000
[INFO]:[10:28:20] Starting CPLEX solver on instance: /home/yorig/tuner/mpils-tests/instances/miplib/medium-2/supportcase40.mps with config: /scratch/yorig/mpils-results-grid-ticks-10000-7may/medium-2/4proc-4pils/seed-3/8_supportcase40_seed-3_20260510_102230/expansion/config_param_CPXPARAM_Preprocessing_Symmetry_3_iter_3.prm
[INFO]:[10:28:27] CPLEX results. Gap: 3.510000, upper bound: 24379.983046, lower bound: 23524.954716
[INFO]:[10:28:27] CPLEX solver finished. Gap: 3.510000
[INFO]:[10:28:34] Starting CPLEX solver on instance: /home/yorig/tuner/mpils-tests/instances/miplib/medium-2/supportcase40.mps with config: /scratch/yorig/mpils-results-grid-ticks-10000-7may/medium-2/4proc-4pils/seed-3/8_supportcase40_seed-3_20260510_102230/expansion/config_param_CPXPARAM_Preprocessing_Dual_1_iter_3.prm
[INFO]:[10:28:41] CPLEX results. Gap: 3.510000, upper bound: 24379.983046, lower bound: 23524.954716
[INFO]:[10:28:41] CPLEX solver finished. Gap: 3.510000
[INFO]:[10:28:47] Starting CPLEX solver on instance: /home/yorig/tuner/mpils-tests/instances/miplib/medium-2/supportcase40.mps with config: /scratch/yorig/mpils-results-grid-ticks-10000-7may/medium-2/4proc-4pils/seed-3/8_supportcase40_seed-3_20260510_102230/expansion/config_param_CPXPARAM_MIP_Strategy_HeuristicFreq_40_iter_3.prm
[INFO]:[10:28:54] CPLEX results. Gap: 5.020000, upper bound: 24395.011426, lower bound: 23170.463222
[INFO]:[10:28:54] CPLEX solver finished. Gap: 5.020000
[INFO]:[10:29:01] Starting CPLEX solver on instance: /home/yorig/tuner/mpils-tests/instances/miplib/medium-2/supportcase40.mps with config: /scratch/yorig/mpils-results-grid-ticks-10000-7may/medium-2/4proc-4pils/seed-3/8_supportcase40_seed-3_20260510_102230/expansion/config_param_CPXPARAM_MIP_Strategy_StartAlgorithm_1_iter_3.prm
[INFO]:[10:29:08] CPLEX results. Gap: 5.600000, upper bound: 24463.768191, lower bound: 23095.012954
[INFO]:[10:29:08] CPLEX solver finished. Gap: 5.600000
[INFO]:[10:29:16] Starting CPLEX solver on instance: /home/yorig/tuner/mpils-tests/instances/miplib/medium-2/supportcase40.mps with config: /scratch/yorig/mpils-results-grid-ticks-10000-7may/medium-2/4proc-4pils/seed-3/8_supportcase40_seed-3_20260510_102230/expansion/config_param_CPXPARAM_MIP_Strategy_StartAlgorithm_5_iter_3.prm
[INFO]:[10:29:23] CPLEX results. Gap: 5.130000, upper bound: 24455.099467, lower bound: 23200.087956
[INFO]:[10:29:23] CPLEX solver finished. Gap: 5.130000
[INFO]:[10:29:29] Starting CPLEX solver on instance: /home/yorig/tuner/mpils-tests/instances/miplib/medium-2/supportcase40.mps with config: /scratch/yorig/mpils-results-grid-ticks-10000-7may/medium-2/4proc-4pils/seed-3/8_supportcase40_seed-3_20260510_102230/expansion/config_param_CPXPARAM_MIP_Strategy_SubAlgorithm_3_iter_3.prm
[INFO]:[10:29:36] CPLEX results. Gap: 7.780000, upper bound: 24982.214162, lower bound: 23039.614131
[INFO]:[10:29:36] CPLEX solver finished. Gap: 7.780000
[INFO]:[10:29:41] Starting CPLEX solver on instance: /home/yorig/tuner/mpils-tests/instances/miplib/medium-2/supportcase40.mps with config: /scratch/yorig/mpils-results-grid-ticks-10000-7may/medium-2/4proc-4pils/seed-3/8_supportcase40_seed-3_20260510_102230/expansion/config_param_CPXPARAM_Simplex_DGradient_2_iter_3.prm
[INFO]:[10:29:48] CPLEX results. Gap: 4.120000, upper bound: 24379.983046, lower bound: 23375.225995
[INFO]:[10:29:48] CPLEX solver finished. Gap: 4.120000
[INFO]:[10:29:53] Starting CPLEX solver on instance: /home/yorig/tuner/mpils-tests/instances/miplib/medium-2/supportcase40.mps with config: /scratch/yorig/mpils-results-grid-ticks-10000-7may/medium-2/4proc-4pils/seed-3/8_supportcase40_seed-3_20260510_102230/expansion/config_param_CPXPARAM_Simplex_PGradient_-1_iter_3.prm
[INFO]:[10:30:01] CPLEX results. Gap: 3.510000, upper bound: 24379.983046, lower bound: 23524.954716
[INFO]:[10:30:01] CPLEX solver finished. Gap: 3.510000
[INFO]:[10:30:07] Starting CPLEX solver on instance: /home/yorig/tuner/mpils-tests/instances/miplib/medium-2/supportcase40.mps with config: /scratch/yorig/mpils-results-grid-ticks-10000-7may/medium-2/4proc-4pils/seed-3/8_supportcase40_seed-3_20260510_102230/expansion/config_param_CPXPARAM_Simplex_PGradient_4_iter_3.prm
[INFO]:[10:30:15] CPLEX results. Gap: 3.510000, upper bound: 24379.983046, lower bound: 23524.954716
[INFO]:[10:30:15] CPLEX solver finished. Gap: 3.510000
[INFO]:[10:30:16] Expansion Worker 1 completed expansion.
[INFO]:[10:30:16] Worker 1 completed expansion phase.
[INFO]:[10:30:16] Worker 1 received order for step 1.
[INFO]:[10:30:16] Worker 1 running exploration phase for iteration 4.
[INFO]:[10:30:16] Worker 1 at iteration 4 will not use a MIP start file. Current best MIP-start upper bound threshold is 1.79769e+308.
[INFO]:[10:30:16] Starting local search phase...
[INFO]:[10:30:16] Worker (ils_group_rank=1) entering parallel ILS evaluation service.
[INFO]:[10:30:16] Starting CPLEX solver on instance: /home/yorig/tuner/mpils-tests/instances/miplib/medium-2/supportcase40.mps with config: /scratch/yorig/mpils-results-grid-ticks-10000-7may/medium-2/4proc-4pils/seed-3/8_supportcase40_seed-3_20260510_102230/iterated_local_search/run_4_worker_0/parallel_0_1.prm
[INFO]:[10:30:23] CPLEX results. Gap: 4.160000, upper bound: 24379.395992, lower bound: 23364.800384
[INFO]:[10:30:23] CPLEX solver finished. Gap: 4.160000
[INFO]:[10:30:30] Starting CPLEX solver on instance: /home/yorig/tuner/mpils-tests/instances/miplib/medium-2/supportcase40.mps with config: /scratch/yorig/mpils-results-grid-ticks-10000-7may/medium-2/4proc-4pils/seed-3/8_supportcase40_seed-3_20260510_102230/iterated_local_search/run_4_worker_0/parallel_4_1.prm
[INFO]:[10:30:37] CPLEX results. Gap: 4.770000, upper bound: 24468.485222, lower bound: 23301.756611
[INFO]:[10:30:37] CPLEX solver finished. Gap: 4.770000
[INFO]:[10:30:44] Worker (ils_group_rank=1) exiting parallel ILS evaluation service.
[INFO]:[10:30:44] Worker 1 completed exploration phase.
[INFO]:[10:30:44] Worker 1 received order for step 2.
[INFO]:[10:30:44] Worker 1 running expansion phase for iteration 4.
[INFO]:[10:30:44] Worker 1 will use solver log file: /scratch/yorig/mpils-results-grid-ticks-10000-7may/medium-2/4proc-4pils/seed-3/8_supportcase40_seed-3_20260510_102230/solver/cplex.log_iteration_expansion_4_worker_1
[INFO]:[10:30:44] Expansion Worker 1 starting expansion for iteration 4.
[INFO]:[10:30:44] Starting CPLEX solver on instance: /home/yorig/tuner/mpils-tests/instances/miplib/medium-2/supportcase40.mps with config: /scratch/yorig/mpils-results-grid-ticks-10000-7may/medium-2/4proc-4pils/seed-3/8_supportcase40_seed-3_20260510_102230/expansion/config_param_CPXPARAM_Advance_2_iter_4.prm
[INFO]:[10:30:51] CPLEX results. Gap: 3.500000, upper bound: 24379.983046, lower bound: 23527.662123
[INFO]:[10:30:51] CPLEX solver finished. Gap: 3.500000
[INFO]:[10:30:58] Starting CPLEX solver on instance: /home/yorig/tuner/mpils-tests/instances/miplib/medium-2/supportcase40.mps with config: /scratch/yorig/mpils-results-grid-ticks-10000-7may/medium-2/4proc-4pils/seed-3/8_supportcase40_seed-3_20260510_102230/expansion/config_param_CPXPARAM_MIP_Limits_AggForCut_5_iter_4.prm
[INFO]:[10:31:05] CPLEX results. Gap: 5.790000, upper bound: 24418.963897, lower bound: 23004.327190
[INFO]:[10:31:05] CPLEX solver finished. Gap: 5.790000
[INFO]:[10:31:13] Starting CPLEX solver on instance: /home/yorig/tuner/mpils-tests/instances/miplib/medium-2/supportcase40.mps with config: /scratch/yorig/mpils-results-grid-ticks-10000-7may/medium-2/4proc-4pils/seed-3/8_supportcase40_seed-3_20260510_102230/expansion/config_param_CPXPARAM_Preprocessing_Fill_20_iter_4.prm
[INFO]:[10:31:20] CPLEX results. Gap: 3.500000, upper bound: 24379.983046, lower bound: 23527.662123
[INFO]:[10:31:20] CPLEX solver finished. Gap: 3.500000
[INFO]:[10:31:27] Starting CPLEX solver on instance: /home/yorig/tuner/mpils-tests/instances/miplib/medium-2/supportcase40.mps with config: /scratch/yorig/mpils-results-grid-ticks-10000-7may/medium-2/4proc-4pils/seed-3/8_supportcase40_seed-3_20260510_102230/expansion/config_param_CPXPARAM_Barrier_Ordering_1_iter_4.prm
[INFO]:[10:31:34] CPLEX results. Gap: 3.500000, upper bound: 24379.983046, lower bound: 23527.662123
[INFO]:[10:31:34] CPLEX solver finished. Gap: 3.500000
[INFO]:[10:31:40] Starting CPLEX solver on instance: /home/yorig/tuner/mpils-tests/instances/miplib/medium-2/supportcase40.mps with config: /scratch/yorig/mpils-results-grid-ticks-10000-7may/medium-2/4proc-4pils/seed-3/8_supportcase40_seed-3_20260510_102230/expansion/config_param_CPXPARAM_Barrier_StartAlg_3_iter_4.prm
[INFO]:[10:31:48] CPLEX results. Gap: 3.500000, upper bound: 24379.983046, lower bound: 23527.662123
[INFO]:[10:31:48] CPLEX solver finished. Gap: 3.500000
[INFO]:[10:31:55] Expansion Worker 1 stopping early after global MPI expansion stop was activated.
[INFO]:[10:31:55] Expansion Worker 1 completed expansion.
[INFO]:[10:31:55] Worker 1 completed expansion phase.
[INFO]:[10:31:55] Worker 1 received order for step 1.
[INFO]:[10:31:55] Worker 1 running exploration phase for iteration 5.
[INFO]:[10:31:55] Worker 1 at iteration 5 will not use a MIP start file. Current best MIP-start upper bound threshold is 1.79769e+308.
[INFO]:[10:31:55] Starting local search phase...
[INFO]:[10:31:55] Worker (ils_group_rank=1) entering parallel ILS evaluation service.
[INFO]:[10:31:55] Starting CPLEX solver on instance: /home/yorig/tuner/mpils-tests/instances/miplib/medium-2/supportcase40.mps with config: /scratch/yorig/mpils-results-grid-ticks-10000-7may/medium-2/4proc-4pils/seed-3/8_supportcase40_seed-3_20260510_102230/iterated_local_search/run_5_worker_0/parallel_0_1.prm
[INFO]:[10:32:02] CPLEX results. Gap: 3.490000, upper bound: 24379.983046, lower bound: 23528.100558
[INFO]:[10:32:02] CPLEX solver finished. Gap: 3.490000
[INFO]:[10:32:09] Starting CPLEX solver on instance: /home/yorig/tuner/mpils-tests/instances/miplib/medium-2/supportcase40.mps with config: /scratch/yorig/mpils-results-grid-ticks-10000-7may/medium-2/4proc-4pils/seed-3/8_supportcase40_seed-3_20260510_102230/iterated_local_search/run_5_worker_0/parallel_4_1.prm
[INFO]:[10:32:17] CPLEX results. Gap: 6.000000, upper bound: 24341.591982, lower bound: 22880.376080
[INFO]:[10:32:17] CPLEX solver finished. Gap: 6.000000
[INFO]:[10:32:24] Starting CPLEX solver on instance: /home/yorig/tuner/mpils-tests/instances/miplib/medium-2/supportcase40.mps with config: /scratch/yorig/mpils-results-grid-ticks-10000-7may/medium-2/4proc-4pils/seed-3/8_supportcase40_seed-3_20260510_102230/iterated_local_search/run_5_worker_0/parallel_8_1.prm
[INFO]:[10:32:31] CPLEX results. Gap: 3.130000, upper bound: 24321.253073, lower bound: 23559.936258
[INFO]:[10:32:31] CPLEX solver finished. Gap: 3.130000
[INFO]:[10:32:37] Starting CPLEX solver on instance: /home/yorig/tuner/mpils-tests/instances/miplib/medium-2/supportcase40.mps with config: /scratch/yorig/mpils-results-grid-ticks-10000-7may/medium-2/4proc-4pils/seed-3/8_supportcase40_seed-3_20260510_102230/iterated_local_search/run_5_worker_0/parallel_12_1.prm
[INFO]:[10:32:44] CPLEX results. Gap: 3.830000, upper bound: 24340.432888, lower bound: 23407.508551
[INFO]:[10:32:44] CPLEX solver finished. Gap: 3.830000
[INFO]:[10:32:51] Starting CPLEX solver on instance: /home/yorig/tuner/mpils-tests/instances/miplib/medium-2/supportcase40.mps with config: /scratch/yorig/mpils-results-grid-ticks-10000-7may/medium-2/4proc-4pils/seed-3/8_supportcase40_seed-3_20260510_102230/iterated_local_search/run_5_worker_0/parallel_16_1.prm
[INFO]:[10:32:59] CPLEX results. Gap: 4.540000, upper bound: 24381.142140, lower bound: 23273.848195
[INFO]:[10:32:59] CPLEX solver finished. Gap: 4.540000
[INFO]:[10:33:05] Starting CPLEX solver on instance: /home/yorig/tuner/mpils-tests/instances/miplib/medium-2/supportcase40.mps with config: /scratch/yorig/mpils-results-grid-ticks-10000-7may/medium-2/4proc-4pils/seed-3/8_supportcase40_seed-3_20260510_102230/iterated_local_search/run_5_worker_0/parallel_20_1.prm
[INFO]:[10:33:12] CPLEX results. Gap: 3.960000, upper bound: 24340.432888, lower bound: 23377.631730
[INFO]:[10:33:12] CPLEX solver finished. Gap: 3.960000
[INFO]:[10:33:20] Starting CPLEX solver on instance: /home/yorig/tuner/mpils-tests/instances/miplib/medium-2/supportcase40.mps with config: /scratch/yorig/mpils-results-grid-ticks-10000-7may/medium-2/4proc-4pils/seed-3/8_supportcase40_seed-3_20260510_102230/iterated_local_search/run_5_worker_0/parallel_24_1.prm
[INFO]:[10:33:27] CPLEX results. Gap: 5.220000, upper bound: 24340.432888, lower bound: 23070.880948
[INFO]:[10:33:27] CPLEX solver finished. Gap: 5.220000
[INFO]:[10:33:34] Worker (ils_group_rank=1) exiting parallel ILS evaluation service.
[INFO]:[10:33:34] Worker 1 completed exploration phase.
[INFO]:[10:33:34] Worker 1 received order for step 2.
[INFO]:[10:33:34] Worker 1 running expansion phase for iteration 5.
[INFO]:[10:33:34] Worker 1 will use solver log file: /scratch/yorig/mpils-results-grid-ticks-10000-7may/medium-2/4proc-4pils/seed-3/8_supportcase40_seed-3_20260510_102230/solver/cplex.log_iteration_expansion_5_worker_1
[INFO]:[10:33:34] Expansion Worker 1 starting expansion for iteration 5.
[INFO]:[10:33:34] Starting CPLEX solver on instance: /home/yorig/tuner/mpils-tests/instances/miplib/medium-2/supportcase40.mps with config: /scratch/yorig/mpils-results-grid-ticks-10000-7may/medium-2/4proc-4pils/seed-3/8_supportcase40_seed-3_20260510_102230/expansion/config_param_CPXPARAM_Preprocessing_CoeffReduce_1_iter_5.prm
[INFO]:[10:33:41] CPLEX results. Gap: 2.960000, upper bound: 24273.793438, lower bound: 23555.571813
[INFO]:[10:33:41] CPLEX solver finished. Gap: 2.960000
[INFO]:[10:33:47] Starting CPLEX solver on instance: /home/yorig/tuner/mpils-tests/instances/miplib/medium-2/supportcase40.mps with config: /scratch/yorig/mpils-results-grid-ticks-10000-7may/medium-2/4proc-4pils/seed-3/8_supportcase40_seed-3_20260510_102230/expansion/config_param_CPXPARAM_Simplex_Crash_0_iter_5.prm
[INFO]:[10:33:55] CPLEX results. Gap: 2.960000, upper bound: 24273.793438, lower bound: 23555.571813
[INFO]:[10:33:55] CPLEX solver finished. Gap: 2.960000
[INFO]:[10:34:01] Starting CPLEX solver on instance: /home/yorig/tuner/mpils-tests/instances/miplib/medium-2/supportcase40.mps with config: /scratch/yorig/mpils-results-grid-ticks-10000-7may/medium-2/4proc-4pils/seed-3/8_supportcase40_seed-3_20260510_102230/expansion/config_param_CPXPARAM_Preprocessing_Dependency_3_iter_5.prm
[INFO]:[10:34:08] CPLEX results. Gap: 2.960000, upper bound: 24273.793438, lower bound: 23555.571813
[INFO]:[10:34:08] CPLEX solver finished. Gap: 2.960000
[INFO]:[10:34:15] Starting CPLEX solver on instance: /home/yorig/tuner/mpils-tests/instances/miplib/medium-2/supportcase40.mps with config: /scratch/yorig/mpils-results-grid-ticks-10000-7may/medium-2/4proc-4pils/seed-3/8_supportcase40_seed-3_20260510_102230/expansion/config_param_CPXPARAM_Feasopt_Mode_4_iter_5.prm
[INFO]:[10:34:22] CPLEX results. Gap: 2.960000, upper bound: 24273.793438, lower bound: 23555.571813
[INFO]:[10:34:22] CPLEX solver finished. Gap: 2.960000
[INFO]:[10:34:27] Starting CPLEX solver on instance: /home/yorig/tuner/mpils-tests/instances/miplib/medium-2/supportcase40.mps with config: /scratch/yorig/mpils-results-grid-ticks-10000-7may/medium-2/4proc-4pils/seed-3/8_supportcase40_seed-3_20260510_102230/expansion/config_param_CPXPARAM_MIP_OrderType_2_iter_5.prm
[INFO]:[10:34:34] CPLEX results. Gap: 2.960000, upper bound: 24273.793438, lower bound: 23555.571813
[INFO]:[10:34:34] CPLEX solver finished. Gap: 2.960000
[INFO]:[10:34:41] Starting CPLEX solver on instance: /home/yorig/tuner/mpils-tests/instances/miplib/medium-2/supportcase40.mps with config: /scratch/yorig/mpils-results-grid-ticks-10000-7may/medium-2/4proc-4pils/seed-3/8_supportcase40_seed-3_20260510_102230/expansion/config_param_CPXPARAM_Network_Pricing_1_iter_5.prm
[INFO]:[10:34:48] CPLEX results. Gap: 2.960000, upper bound: 24273.793438, lower bound: 23555.571813
[INFO]:[10:34:48] CPLEX solver finished. Gap: 2.960000
[INFO]:[10:34:55] Starting CPLEX solver on instance: /home/yorig/tuner/mpils-tests/instances/miplib/medium-2/supportcase40.mps with config: /scratch/yorig/mpils-results-grid-ticks-10000-7may/medium-2/4proc-4pils/seed-3/8_supportcase40_seed-3_20260510_102230/expansion/config_param_CPXPARAM_MIP_Strategy_File_2_iter_5.prm
[INFO]:[10:35:02] CPLEX results. Gap: 2.960000, upper bound: 24273.793438, lower bound: 23555.571813
[INFO]:[10:35:02] CPLEX solver finished. Gap: 2.960000
[INFO]:[10:35:08] Expansion Worker 1 completed expansion.
[INFO]:[10:35:08] Worker 1 completed expansion phase.
[INFO]:[10:35:08] Worker 1 received order for step 1.
[INFO]:[10:35:08] Worker 1 running exploration phase for iteration 6.
[INFO]:[10:35:08] Worker 1 at iteration 6 will not use a MIP start file. Current best MIP-start upper bound threshold is 1.79769e+308.
[INFO]:[10:35:08] Starting local search phase...
[INFO]:[10:35:08] Worker (ils_group_rank=1) entering parallel ILS evaluation service.
[INFO]:[10:35:08] Starting CPLEX solver on instance: /home/yorig/tuner/mpils-tests/instances/miplib/medium-2/supportcase40.mps with config: /scratch/yorig/mpils-results-grid-ticks-10000-7may/medium-2/4proc-4pils/seed-3/8_supportcase40_seed-3_20260510_102230/iterated_local_search/run_6_worker_0/parallel_0_1.prm
[INFO]:[10:35:15] CPLEX results. Gap: 3.650000, upper bound: 24393.265278, lower bound: 23503.214425
[INFO]:[10:35:15] CPLEX solver finished. Gap: 3.650000
[INFO]:[10:35:23] Starting CPLEX solver on instance: /home/yorig/tuner/mpils-tests/instances/miplib/medium-2/supportcase40.mps with config: /scratch/yorig/mpils-results-grid-ticks-10000-7may/medium-2/4proc-4pils/seed-3/8_supportcase40_seed-3_20260510_102230/iterated_local_search/run_6_worker_0/parallel_4_1.prm
[INFO]:[10:35:30] CPLEX results. Gap: 3.130000, upper bound: 24321.253073, lower bound: 23559.936258
[INFO]:[10:35:30] CPLEX solver finished. Gap: 3.130000
[INFO]:[10:35:37] Starting CPLEX solver on instance: /home/yorig/tuner/mpils-tests/instances/miplib/medium-2/supportcase40.mps with config: /scratch/yorig/mpils-results-grid-ticks-10000-7may/medium-2/4proc-4pils/seed-3/8_supportcase40_seed-3_20260510_102230/iterated_local_search/run_6_worker_0/parallel_8_1.prm
[INFO]:[10:35:44] CPLEX results. Gap: 3.960000, upper bound: 24340.432888, lower bound: 23377.631730
[INFO]:[10:35:44] CPLEX solver finished. Gap: 3.960000
[INFO]:[10:35:51] Worker (ils_group_rank=1) exiting parallel ILS evaluation service.
[INFO]:[10:35:51] Worker 1 completed exploration phase.
[INFO]:[10:35:51] Worker 1 received order for step 2.
[INFO]:[10:35:51] Worker 1 running expansion phase for iteration 6.
[INFO]:[10:35:51] Worker 1 will use solver log file: /scratch/yorig/mpils-results-grid-ticks-10000-7may/medium-2/4proc-4pils/seed-3/8_supportcase40_seed-3_20260510_102230/solver/cplex.log_iteration_expansion_6_worker_1
[INFO]:[10:35:51] Expansion Worker 1 starting expansion for iteration 6.
[INFO]:[10:35:51] Starting CPLEX solver on instance: /home/yorig/tuner/mpils-tests/instances/miplib/medium-2/supportcase40.mps with config: /scratch/yorig/mpils-results-grid-ticks-10000-7may/medium-2/4proc-4pils/seed-3/8_supportcase40_seed-3_20260510_102230/expansion/config_param_CPXPARAM_Preprocessing_Reduce_1_iter_6.prm
[INFO]:[10:35:58] CPLEX results. Gap: 5.950000, upper bound: 24606.899647, lower bound: 23142.754954
[INFO]:[10:35:58] CPLEX solver finished. Gap: 5.950000
[INFO]:[10:36:04] Starting CPLEX solver on instance: /home/yorig/tuner/mpils-tests/instances/miplib/medium-2/supportcase40.mps with config: /scratch/yorig/mpils-results-grid-ticks-10000-7may/medium-2/4proc-4pils/seed-3/8_supportcase40_seed-3_20260510_102230/expansion/config_param_CPXPARAM_Preprocessing_RepeatPresolve_0_iter_6.prm
[INFO]:[10:36:11] CPLEX results. Gap: 2.960000, upper bound: 24273.793438, lower bound: 23555.571813
[INFO]:[10:36:11] CPLEX solver finished. Gap: 2.960000
[INFO]:[10:36:17] Starting CPLEX solver on instance: /home/yorig/tuner/mpils-tests/instances/miplib/medium-2/supportcase40.mps with config: /scratch/yorig/mpils-results-grid-ticks-10000-7may/medium-2/4proc-4pils/seed-3/8_supportcase40_seed-3_20260510_102230/expansion/config_param_CPXPARAM_LPMethod_1_iter_6.prm
[INFO]:[10:36:24] CPLEX results. Gap: 2.960000, upper bound: 24273.793438, lower bound: 23555.571813
[INFO]:[10:36:24] CPLEX solver finished. Gap: 2.960000
[INFO]:[10:36:30] Starting CPLEX solver on instance: /home/yorig/tuner/mpils-tests/instances/miplib/medium-2/supportcase40.mps with config: /scratch/yorig/mpils-results-grid-ticks-10000-7may/medium-2/4proc-4pils/seed-3/8_supportcase40_seed-3_20260510_102230/expansion/config_param_CPXPARAM_LPMethod_5_iter_6.prm
[INFO]:[10:36:38] CPLEX results. Gap: 2.960000, upper bound: 24273.793438, lower bound: 23555.571813
[INFO]:[10:36:38] CPLEX solver finished. Gap: 2.960000
[INFO]:[10:36:44] Expansion Worker 1 stopping early after global MPI expansion stop was activated.
[INFO]:[10:36:44] Expansion Worker 1 completed expansion.
[INFO]:[10:36:44] Worker 1 completed expansion phase.
[INFO]:[10:36:44] Worker 1 received order for step 1.
[INFO]:[10:36:44] Worker 1 running exploration phase for iteration 7.
[INFO]:[10:36:44] Worker 1 at iteration 7 will not use a MIP start file. Current best MIP-start upper bound threshold is 1.79769e+308.
[INFO]:[10:36:44] Starting local search phase...
[INFO]:[10:36:44] Worker (ils_group_rank=1) entering parallel ILS evaluation service.
[INFO]:[10:36:44] Starting CPLEX solver on instance: /home/yorig/tuner/mpils-tests/instances/miplib/medium-2/supportcase40.mps with config: /scratch/yorig/mpils-results-grid-ticks-10000-7may/medium-2/4proc-4pils/seed-3/8_supportcase40_seed-3_20260510_102230/iterated_local_search/run_7_worker_0/parallel_0_1.prm
[INFO]:[10:36:51] CPLEX results. Gap: 5.720000, upper bound: 24381.142140, lower bound: 22986.814551
[INFO]:[10:36:51] CPLEX solver finished. Gap: 5.720000
[INFO]:[10:36:58] Starting CPLEX solver on instance: /home/yorig/tuner/mpils-tests/instances/miplib/medium-2/supportcase40.mps with config: /scratch/yorig/mpils-results-grid-ticks-10000-7may/medium-2/4proc-4pils/seed-3/8_supportcase40_seed-3_20260510_102230/iterated_local_search/run_7_worker_0/parallel_4_1.prm
[INFO]:[10:37:05] CPLEX results. Gap: 3.130000, upper bound: 24321.253073, lower bound: 23559.936258
[INFO]:[10:37:05] CPLEX solver finished. Gap: 3.130000
[INFO]:[10:37:12] Starting CPLEX solver on instance: /home/yorig/tuner/mpils-tests/instances/miplib/medium-2/supportcase40.mps with config: /scratch/yorig/mpils-results-grid-ticks-10000-7may/medium-2/4proc-4pils/seed-3/8_supportcase40_seed-3_20260510_102230/iterated_local_search/run_7_worker_0/parallel_8_1.prm
[INFO]:[10:37:19] CPLEX results. Gap: 3.130000, upper bound: 24321.253073, lower bound: 23559.936258
[INFO]:[10:37:19] CPLEX solver finished. Gap: 3.130000
[INFO]:[10:37:26] Starting CPLEX solver on instance: /home/yorig/tuner/mpils-tests/instances/miplib/medium-2/supportcase40.mps with config: /scratch/yorig/mpils-results-grid-ticks-10000-7may/medium-2/4proc-4pils/seed-3/8_supportcase40_seed-3_20260510_102230/iterated_local_search/run_7_worker_0/parallel_12_1.prm
[INFO]:[10:37:33] CPLEX results. Gap: 5.020000, upper bound: 24606.899647, lower bound: 23370.615303
[INFO]:[10:37:33] CPLEX solver finished. Gap: 5.020000
[INFO]:[10:37:39] Starting CPLEX solver on instance: /home/yorig/tuner/mpils-tests/instances/miplib/medium-2/supportcase40.mps with config: /scratch/yorig/mpils-results-grid-ticks-10000-7may/medium-2/4proc-4pils/seed-3/8_supportcase40_seed-3_20260510_102230/iterated_local_search/run_7_worker_0/parallel_16_1.prm
[INFO]:[10:37:46] CPLEX results. Gap: 3.650000, upper bound: 24393.265278, lower bound: 23503.214425
[INFO]:[10:37:46] CPLEX solver finished. Gap: 3.650000
[INFO]:[10:37:53] Starting CPLEX solver on instance: /home/yorig/tuner/mpils-tests/instances/miplib/medium-2/supportcase40.mps with config: /scratch/yorig/mpils-results-grid-ticks-10000-7may/medium-2/4proc-4pils/seed-3/8_supportcase40_seed-3_20260510_102230/iterated_local_search/run_7_worker_0/parallel_20_1.prm
[INFO]:[10:38:00] CPLEX results. Gap: 7.000000, upper bound: 24958.568079, lower bound: 23212.222405
[INFO]:[10:38:00] CPLEX solver finished. Gap: 7.000000
[INFO]:[10:38:07] Starting CPLEX solver on instance: /home/yorig/tuner/mpils-tests/instances/miplib/medium-2/supportcase40.mps with config: /scratch/yorig/mpils-results-grid-ticks-10000-7may/medium-2/4proc-4pils/seed-3/8_supportcase40_seed-3_20260510_102230/iterated_local_search/run_7_worker_0/parallel_24_1.prm
[INFO]:[10:38:14] CPLEX results. Gap: 5.490000, upper bound: 24381.142140, lower bound: 23042.139569
[INFO]:[10:38:14] CPLEX solver finished. Gap: 5.490000
[INFO]:[10:38:21] Worker (ils_group_rank=1) exiting parallel ILS evaluation service.
[INFO]:[10:38:21] Worker 1 completed exploration phase.
[INFO]:[10:38:21] Worker 1 received order for step 2.
[INFO]:[10:38:21] Worker 1 running expansion phase for iteration 7.
[INFO]:[10:38:21] Worker 1 will use solver log file: /scratch/yorig/mpils-results-grid-ticks-10000-7may/medium-2/4proc-4pils/seed-3/8_supportcase40_seed-3_20260510_102230/solver/cplex.log_iteration_expansion_7_worker_1
[INFO]:[10:38:21] Expansion Worker 1 starting expansion for iteration 7.
[INFO]:[10:38:21] Starting CPLEX solver on instance: /home/yorig/tuner/mpils-tests/instances/miplib/medium-2/supportcase40.mps with config: /scratch/yorig/mpils-results-grid-ticks-10000-7may/medium-2/4proc-4pils/seed-3/8_supportcase40_seed-3_20260510_102230/expansion/config_param_CPXPARAM_Sifting_Algorithm_2_iter_7.prm
[INFO]:[10:38:29] CPLEX results. Gap: 2.940000, upper bound: 24273.793438, lower bound: 23559.244057
[INFO]:[10:38:29] CPLEX solver finished. Gap: 2.940000
[INFO]:[10:38:35] Starting CPLEX solver on instance: /home/yorig/tuner/mpils-tests/instances/miplib/medium-2/supportcase40.mps with config: /scratch/yorig/mpils-results-grid-ticks-10000-7may/medium-2/4proc-4pils/seed-3/8_supportcase40_seed-3_20260510_102230/expansion/config_param_CPXPARAM_Simplex_Limits_Singularity_2_iter_7.prm
[INFO]:[10:38:43] CPLEX results. Gap: 2.940000, upper bound: 24273.793438, lower bound: 23559.244057
[INFO]:[10:38:43] CPLEX solver finished. Gap: 2.940000
[INFO]:[10:38:49] Starting CPLEX solver on instance: /home/yorig/tuner/mpils-tests/instances/miplib/medium-2/supportcase40.mps with config: /scratch/yorig/mpils-results-grid-ticks-10000-7may/medium-2/4proc-4pils/seed-3/8_supportcase40_seed-3_20260510_102230/expansion/config_param_CPXPARAM_Barrier_Algorithm_1_iter_7.prm
[INFO]:[10:38:57] CPLEX results. Gap: 2.940000, upper bound: 24273.793438, lower bound: 23559.244057
[INFO]:[10:38:57] CPLEX solver finished. Gap: 2.940000
[INFO]:[10:39:03] Starting CPLEX solver on instance: /home/yorig/tuner/mpils-tests/instances/miplib/medium-2/supportcase40.mps with config: /scratch/yorig/mpils-results-grid-ticks-10000-7may/medium-2/4proc-4pils/seed-3/8_supportcase40_seed-3_20260510_102230/expansion/config_param_CPXPARAM_MIP_Limits_StrongCand_5_iter_7.prm
[INFO]:[10:39:10] CPLEX results. Gap: 2.940000, upper bound: 24273.793438, lower bound: 23559.244057
[INFO]:[10:39:10] CPLEX solver finished. Gap: 2.940000
[INFO]:[10:39:17] Starting CPLEX solver on instance: /home/yorig/tuner/mpils-tests/instances/miplib/medium-2/supportcase40.mps with config: /scratch/yorig/mpils-results-grid-ticks-10000-7may/medium-2/4proc-4pils/seed-3/8_supportcase40_seed-3_20260510_102230/expansion/config_param_CPXPARAM_MIP_Limits_Nodes_0_iter_7.prm
[INFO]:[10:39:19] CPLEX results. Gap: 6.260000, upper bound: 24628.613678, lower bound: 23086.719781
[INFO]:[10:39:19] CPLEX solver finished. Gap: 6.260000
[INFO]:[10:39:25] Expansion Worker 1 completed expansion.
[INFO]:[10:39:25] Worker 1 completed expansion phase.
[INFO]:[10:39:25] Worker 1 received order for step 1.
[INFO]:[10:39:25] Worker 1 running exploration phase for iteration 8.
[INFO]:[10:39:25] Worker 1 at iteration 8 will not use a MIP start file. Current best MIP-start upper bound threshold is 1.79769e+308.
[INFO]:[10:39:25] Starting local search phase...
[INFO]:[10:39:25] Worker (ils_group_rank=1) entering parallel ILS evaluation service.
[INFO]:[10:39:25] Starting CPLEX solver on instance: /home/yorig/tuner/mpils-tests/instances/miplib/medium-2/supportcase40.mps with config: /scratch/yorig/mpils-results-grid-ticks-10000-7may/medium-2/4proc-4pils/seed-3/8_supportcase40_seed-3_20260510_102230/iterated_local_search/run_8_worker_0/parallel_0_1.prm
[INFO]:[10:39:32] CPLEX results. Gap: 3.130000, upper bound: 24321.253073, lower bound: 23559.936258
[INFO]:[10:39:32] CPLEX solver finished. Gap: 3.130000
[INFO]:[10:39:39] Starting CPLEX solver on instance: /home/yorig/tuner/mpils-tests/instances/miplib/medium-2/supportcase40.mps with config: /scratch/yorig/mpils-results-grid-ticks-10000-7may/medium-2/4proc-4pils/seed-3/8_supportcase40_seed-3_20260510_102230/iterated_local_search/run_8_worker_0/parallel_4_1.prm
[INFO]:[10:39:46] CPLEX results. Gap: 3.130000, upper bound: 24321.253073, lower bound: 23559.936258
[INFO]:[10:39:46] CPLEX solver finished. Gap: 3.130000
[INFO]:[10:39:52] Starting CPLEX solver on instance: /home/yorig/tuner/mpils-tests/instances/miplib/medium-2/supportcase40.mps with config: /scratch/yorig/mpils-results-grid-ticks-10000-7may/medium-2/4proc-4pils/seed-3/8_supportcase40_seed-3_20260510_102230/iterated_local_search/run_8_worker_0/parallel_8_1.prm
[INFO]:[10:39:59] CPLEX results. Gap: 6.270000, upper bound: 24619.326878, lower bound: 23075.288144
[INFO]:[10:39:59] CPLEX solver finished. Gap: 6.270000
[INFO]:[10:40:06] Starting CPLEX solver on instance: /home/yorig/tuner/mpils-tests/instances/miplib/medium-2/supportcase40.mps with config: /scratch/yorig/mpils-results-grid-ticks-10000-7may/medium-2/4proc-4pils/seed-3/8_supportcase40_seed-3_20260510_102230/iterated_local_search/run_8_worker_0/parallel_12_1.prm
[INFO]:[10:40:13] CPLEX results. Gap: 3.130000, upper bound: 24321.253073, lower bound: 23559.936258
[INFO]:[10:40:13] CPLEX solver finished. Gap: 3.130000
[INFO]:[10:40:20] Starting CPLEX solver on instance: /home/yorig/tuner/mpils-tests/instances/miplib/medium-2/supportcase40.mps with config: /scratch/yorig/mpils-results-grid-ticks-10000-7may/medium-2/4proc-4pils/seed-3/8_supportcase40_seed-3_20260510_102230/iterated_local_search/run_8_worker_0/parallel_16_1.prm
[INFO]:[10:40:27] CPLEX results. Gap: 5.150000, upper bound: 24680.363155, lower bound: 23409.739520
[INFO]:[10:40:27] CPLEX solver finished. Gap: 5.150000
[INFO]:[10:40:34] Starting CPLEX solver on instance: /home/yorig/tuner/mpils-tests/instances/miplib/medium-2/supportcase40.mps with config: /scratch/yorig/mpils-results-grid-ticks-10000-7may/medium-2/4proc-4pils/seed-3/8_supportcase40_seed-3_20260510_102230/iterated_local_search/run_8_worker_0/parallel_20_1.prm
[INFO]:[10:40:41] CPLEX results. Gap: 4.910000, upper bound: 24489.504943, lower bound: 23286.867869
[INFO]:[10:40:41] CPLEX solver finished. Gap: 4.910000
[INFO]:[10:40:48] Starting CPLEX solver on instance: /home/yorig/tuner/mpils-tests/instances/miplib/medium-2/supportcase40.mps with config: /scratch/yorig/mpils-results-grid-ticks-10000-7may/medium-2/4proc-4pils/seed-3/8_supportcase40_seed-3_20260510_102230/iterated_local_search/run_8_worker_0/parallel_24_1.prm
[INFO]:[10:40:55] CPLEX results. Gap: 4.930000, upper bound: 24355.058775, lower bound: 23155.053831
[INFO]:[10:40:55] CPLEX solver finished. Gap: 4.930000
[INFO]:[10:41:01] Starting CPLEX solver on instance: /home/yorig/tuner/mpils-tests/instances/miplib/medium-2/supportcase40.mps with config: /scratch/yorig/mpils-results-grid-ticks-10000-7may/medium-2/4proc-4pils/seed-3/8_supportcase40_seed-3_20260510_102230/iterated_local_search/run_8_worker_0/parallel_28_1.prm
[INFO]:[10:41:08] CPLEX results. Gap: 8.550000, upper bound: 25091.093217, lower bound: 22945.858626
[INFO]:[10:41:08] CPLEX solver finished. Gap: 8.550000
[INFO]:[10:41:15] Worker (ils_group_rank=1) exiting parallel ILS evaluation service.
[INFO]:[10:41:15] Worker 1 completed exploration phase.
[INFO]:[10:41:15] Worker 1 received order for step 3.
[INFO]:[10:41:15] Worker 1 finished.
