[INFO]:[08:09:13] Worker 3 starting.
[INFO]:[08:09:13] Worker 3 received order for step 1.
[INFO]:[08:09:13] Worker 3 running exploration phase for iteration 1.
[INFO]:[08:09:13] Worker 3 at iteration 1 will not use a MIP start file. Current best MIP-start upper bound threshold is 1.79769e+308.
[INFO]:[08:09:13] Starting local search phase...
[INFO]:[08:09:13] Worker (ils_group_rank=3) entering parallel ILS evaluation service.
[INFO]:[08:09:13] Starting CPLEX solver on instance: /home/yorig/tuner/mpils-tests/instances/miplib/medium-2/rococoB10-011000.mps with config: /scratch/yorig/mpils-results-grid-ticks-10000-7may/medium-2/16proc-16pils/seed-4/5_rococoB10-011000_seed-4_20260510_080912/iterated_local_search/run_1_worker_0/parallel_0_3.prm
[INFO]:[08:09:20] CPLEX results. Gap: 34.940000, upper bound: 21228.000000, lower bound: 13810.388529
[INFO]:[08:09:20] CPLEX solver finished. Gap: 34.940000
[INFO]:[08:09:20] Starting CPLEX solver on instance: /home/yorig/tuner/mpils-tests/instances/miplib/medium-2/rococoB10-011000.mps with config: /scratch/yorig/mpils-results-grid-ticks-10000-7may/medium-2/16proc-16pils/seed-4/5_rococoB10-011000_seed-4_20260510_080912/iterated_local_search/run_1_worker_0/parallel_16_3.prm
[INFO]:[08:09:27] CPLEX results. Gap: 26.280000, upper bound: 21228.000000, lower bound: 15648.311246
[INFO]:[08:09:27] CPLEX solver finished. Gap: 26.280000
[INFO]:[08:09:27] Worker (ils_group_rank=3) exiting parallel ILS evaluation service.
[INFO]:[08:09:27] Worker 3 completed exploration phase.
[INFO]:[08:09:27] Worker 3 received order for step 2.
[INFO]:[08:09:27] Worker 3 running expansion phase for iteration 1.
[INFO]:[08:09:27] Worker 3 will use solver log file: /scratch/yorig/mpils-results-grid-ticks-10000-7may/medium-2/16proc-16pils/seed-4/5_rococoB10-011000_seed-4_20260510_080912/solver/cplex.log_iteration_expansion_1_worker_3
[INFO]:[08:09:27] Expansion Worker 3 starting expansion for iteration 1.
[INFO]:[08:09:27] Starting CPLEX solver on instance: /home/yorig/tuner/mpils-tests/instances/miplib/medium-2/rococoB10-011000.mps with config: /scratch/yorig/mpils-results-grid-ticks-10000-7may/medium-2/16proc-16pils/seed-4/5_rococoB10-011000_seed-4_20260510_080912/expansion/config_param_CPXPARAM_MIP_Strategy_Probe_3_iter_1.prm
[INFO]:[08:09:33] CPLEX results. Gap: 25.180000, upper bound: 21228.000000, lower bound: 15882.493518
[INFO]:[08:09:33] CPLEX solver finished. Gap: 25.180000
[INFO]:[08:09:34] Starting CPLEX solver on instance: /home/yorig/tuner/mpils-tests/instances/miplib/medium-2/rococoB10-011000.mps with config: /scratch/yorig/mpils-results-grid-ticks-10000-7may/medium-2/16proc-16pils/seed-4/5_rococoB10-011000_seed-4_20260510_080912/expansion/config_param_CPXPARAM_MIP_Limits_ProbeTime_0_iter_1.prm
[INFO]:[08:09:41] CPLEX results. Gap: 29.940000, upper bound: 21081.000000, lower bound: 14769.729855
[INFO]:[08:09:41] CPLEX solver finished. Gap: 29.940000
[INFO]:[08:09:41] Expansion Worker 3 stopping early after global MPI expansion stop was activated.
[INFO]:[08:09:41] Expansion Worker 3 completed expansion.
[INFO]:[08:09:41] Worker 3 completed expansion phase.
[INFO]:[08:09:41] Worker 3 received order for step 1.
[INFO]:[08:09:41] Worker 3 running exploration phase for iteration 2.
[INFO]:[08:09:41] Worker 3 at iteration 2 will not use a MIP start file. Current best MIP-start upper bound threshold is 1.79769e+308.
[INFO]:[08:09:41] Starting local search phase...
[INFO]:[08:09:41] Worker (ils_group_rank=3) entering parallel ILS evaluation service.
[INFO]:[08:09:41] Starting CPLEX solver on instance: /home/yorig/tuner/mpils-tests/instances/miplib/medium-2/rococoB10-011000.mps with config: /scratch/yorig/mpils-results-grid-ticks-10000-7may/medium-2/16proc-16pils/seed-4/5_rococoB10-011000_seed-4_20260510_080912/iterated_local_search/run_2_worker_0/parallel_0_3.prm
[INFO]:[08:09:47] CPLEX results. Gap: 25.180000, upper bound: 21228.000000, lower bound: 15882.493518
[INFO]:[08:09:47] CPLEX solver finished. Gap: 25.180000
[INFO]:[08:09:48] Worker (ils_group_rank=3) exiting parallel ILS evaluation service.
[INFO]:[08:09:48] Worker 3 completed exploration phase.
[INFO]:[08:09:48] Worker 3 received order for step 2.
[INFO]:[08:09:48] Worker 3 running expansion phase for iteration 2.
[INFO]:[08:09:48] Worker 3 will use solver log file: /scratch/yorig/mpils-results-grid-ticks-10000-7may/medium-2/16proc-16pils/seed-4/5_rococoB10-011000_seed-4_20260510_080912/solver/cplex.log_iteration_expansion_2_worker_3
[INFO]:[08:09:48] Expansion Worker 3 starting expansion for iteration 2.
[INFO]:[08:09:48] Starting CPLEX solver on instance: /home/yorig/tuner/mpils-tests/instances/miplib/medium-2/rococoB10-011000.mps with config: /scratch/yorig/mpils-results-grid-ticks-10000-7may/medium-2/16proc-16pils/seed-4/5_rococoB10-011000_seed-4_20260510_080912/expansion/config_param_CPXPARAM_MIP_Strategy_BBInterval_4_iter_2.prm
[INFO]:[08:09:55] CPLEX results. Gap: 24.590000, upper bound: 21228.000000, lower bound: 16008.257054
[INFO]:[08:09:55] CPLEX solver finished. Gap: 24.590000
[INFO]:[08:09:55] Expansion Worker 3 stopping early after global MPI expansion stop was activated.
[INFO]:[08:09:55] Expansion Worker 3 completed expansion.
[INFO]:[08:09:55] Worker 3 completed expansion phase.
[INFO]:[08:09:55] Worker 3 received order for step 1.
[INFO]:[08:09:55] Worker 3 running exploration phase for iteration 3.
[INFO]:[08:09:55] Worker 3 at iteration 3 will not use a MIP start file. Current best MIP-start upper bound threshold is 1.79769e+308.
[INFO]:[08:09:55] Starting local search phase...
[INFO]:[08:09:55] Worker (ils_group_rank=3) entering parallel ILS evaluation service.
[INFO]:[08:09:55] Starting CPLEX solver on instance: /home/yorig/tuner/mpils-tests/instances/miplib/medium-2/rococoB10-011000.mps with config: /scratch/yorig/mpils-results-grid-ticks-10000-7may/medium-2/16proc-16pils/seed-4/5_rococoB10-011000_seed-4_20260510_080912/iterated_local_search/run_3_worker_0/parallel_0_3.prm
[INFO]:[08:10:02] CPLEX results. Gap: 26.030000, upper bound: 21228.000000, lower bound: 15702.310876
[INFO]:[08:10:02] CPLEX solver finished. Gap: 26.030000
[INFO]:[08:10:02] Worker (ils_group_rank=3) exiting parallel ILS evaluation service.
[INFO]:[08:10:02] Worker 3 completed exploration phase.
[INFO]:[08:10:02] Worker 3 received order for step 2.
[INFO]:[08:10:02] Worker 3 running expansion phase for iteration 3.
[INFO]:[08:10:02] Worker 3 will use solver log file: /scratch/yorig/mpils-results-grid-ticks-10000-7may/medium-2/16proc-16pils/seed-4/5_rococoB10-011000_seed-4_20260510_080912/solver/cplex.log_iteration_expansion_3_worker_3
[INFO]:[08:10:02] Expansion Worker 3 starting expansion for iteration 3.
[INFO]:[08:10:02] Starting CPLEX solver on instance: /home/yorig/tuner/mpils-tests/instances/miplib/medium-2/rococoB10-011000.mps with config: /scratch/yorig/mpils-results-grid-ticks-10000-7may/medium-2/16proc-16pils/seed-4/5_rococoB10-011000_seed-4_20260510_080912/expansion/config_param_CPXPARAM_MIP_Strategy_PresolveNode_3_iter_3.prm
[INFO]:[08:10:08] CPLEX results. Gap: 22.610000, upper bound: 20269.000000, lower bound: 15686.558232
[INFO]:[08:10:08] CPLEX solver finished. Gap: 22.610000
[INFO]:[08:10:10] Starting CPLEX solver on instance: /home/yorig/tuner/mpils-tests/instances/miplib/medium-2/rococoB10-011000.mps with config: /scratch/yorig/mpils-results-grid-ticks-10000-7may/medium-2/16proc-16pils/seed-4/5_rococoB10-011000_seed-4_20260510_080912/expansion/config_param_CPXPARAM_MIP_Strategy_HeuristicFreq_500_iter_3.prm
[INFO]:[08:10:16] CPLEX results. Gap: 25.490000, upper bound: 21228.000000, lower bound: 15817.927766
[INFO]:[08:10:16] CPLEX solver finished. Gap: 25.490000
[INFO]:[08:10:19] Starting CPLEX solver on instance: /home/yorig/tuner/mpils-tests/instances/miplib/medium-2/rococoB10-011000.mps with config: /scratch/yorig/mpils-results-grid-ticks-10000-7may/medium-2/16proc-16pils/seed-4/5_rococoB10-011000_seed-4_20260510_080912/expansion/config_param_CPXPARAM_Simplex_DGradient_4_iter_3.prm
[INFO]:[08:10:24] CPLEX results. Gap: 26.160000, upper bound: 21228.000000, lower bound: 15675.759823
[INFO]:[08:10:24] CPLEX solver finished. Gap: 26.160000
[INFO]:[08:10:25] Expansion Worker 3 completed expansion.
[INFO]:[08:10:25] Worker 3 completed expansion phase.
[INFO]:[08:10:25] Worker 3 received order for step 1.
[INFO]:[08:10:25] Worker 3 running exploration phase for iteration 4.
[INFO]:[08:10:25] Worker 3 at iteration 4 will not use a MIP start file. Current best MIP-start upper bound threshold is 1.79769e+308.
[INFO]:[08:10:25] Starting local search phase...
[INFO]:[08:10:25] Worker (ils_group_rank=3) entering parallel ILS evaluation service.
[INFO]:[08:10:25] Starting CPLEX solver on instance: /home/yorig/tuner/mpils-tests/instances/miplib/medium-2/rococoB10-011000.mps with config: /scratch/yorig/mpils-results-grid-ticks-10000-7may/medium-2/16proc-16pils/seed-4/5_rococoB10-011000_seed-4_20260510_080912/iterated_local_search/run_4_worker_0/parallel_0_3.prm
[INFO]:[08:10:33] CPLEX results. Gap: 35.700000, upper bound: 22519.000000, lower bound: 14478.646545
[INFO]:[08:10:33] CPLEX solver finished. Gap: 35.700000
[INFO]:[08:10:34] Worker (ils_group_rank=3) exiting parallel ILS evaluation service.
[INFO]:[08:10:34] Worker 3 completed exploration phase.
[INFO]:[08:10:34] Worker 3 received order for step 2.
[INFO]:[08:10:34] Worker 3 running expansion phase for iteration 4.
[INFO]:[08:10:34] Worker 3 will use solver log file: /scratch/yorig/mpils-results-grid-ticks-10000-7may/medium-2/16proc-16pils/seed-4/5_rococoB10-011000_seed-4_20260510_080912/solver/cplex.log_iteration_expansion_4_worker_3
[INFO]:[08:10:34] Expansion Worker 3 starting expansion for iteration 4.
[INFO]:[08:10:34] Starting CPLEX solver on instance: /home/yorig/tuner/mpils-tests/instances/miplib/medium-2/rococoB10-011000.mps with config: /scratch/yorig/mpils-results-grid-ticks-10000-7may/medium-2/16proc-16pils/seed-4/5_rococoB10-011000_seed-4_20260510_080912/expansion/config_param_CPXPARAM_Simplex_PGradient_3_iter_4.prm
[INFO]:[08:10:40] CPLEX results. Gap: 21.730000, upper bound: 20111.000000, lower bound: 15741.127976
[INFO]:[08:10:40] CPLEX solver finished. Gap: 21.730000
[INFO]:[08:10:40] Starting CPLEX solver on instance: /home/yorig/tuner/mpils-tests/instances/miplib/medium-2/rococoB10-011000.mps with config: /scratch/yorig/mpils-results-grid-ticks-10000-7may/medium-2/16proc-16pils/seed-4/5_rococoB10-011000_seed-4_20260510_080912/expansion/config_param_CPXPARAM_Barrier_Ordering_2_iter_4.prm
[INFO]:[08:10:46] CPLEX results. Gap: 21.730000, upper bound: 20111.000000, lower bound: 15741.127976
[INFO]:[08:10:46] CPLEX solver finished. Gap: 21.730000
[INFO]:[08:10:46] Expansion Worker 3 completed expansion.
[INFO]:[08:10:46] Worker 3 completed expansion phase.
[INFO]:[08:10:46] Worker 3 received order for step 1.
[INFO]:[08:10:46] Worker 3 running exploration phase for iteration 5.
[INFO]:[08:10:46] Worker 3 at iteration 5 will not use a MIP start file. Current best MIP-start upper bound threshold is 1.79769e+308.
[INFO]:[08:10:46] Starting local search phase...
[INFO]:[08:10:46] Worker (ils_group_rank=3) entering parallel ILS evaluation service.
[INFO]:[08:10:46] Starting CPLEX solver on instance: /home/yorig/tuner/mpils-tests/instances/miplib/medium-2/rococoB10-011000.mps with config: /scratch/yorig/mpils-results-grid-ticks-10000-7may/medium-2/16proc-16pils/seed-4/5_rococoB10-011000_seed-4_20260510_080912/iterated_local_search/run_5_worker_0/parallel_0_3.prm
[INFO]:[08:10:53] CPLEX results. Gap: 24.590000, upper bound: 21228.000000, lower bound: 16008.257054
[INFO]:[08:10:53] CPLEX solver finished. Gap: 24.590000
[INFO]:[08:10:53] Starting CPLEX solver on instance: /home/yorig/tuner/mpils-tests/instances/miplib/medium-2/rococoB10-011000.mps with config: /scratch/yorig/mpils-results-grid-ticks-10000-7may/medium-2/16proc-16pils/seed-4/5_rococoB10-011000_seed-4_20260510_080912/iterated_local_search/run_5_worker_0/parallel_16_3.prm
[INFO]:[08:11:00] CPLEX results. Gap: 25.510000, upper bound: 21228.000000, lower bound: 15811.842554
[INFO]:[08:11:00] CPLEX solver finished. Gap: 25.510000
[INFO]:[08:11:00] Worker (ils_group_rank=3) exiting parallel ILS evaluation service.
[INFO]:[08:11:00] Worker 3 completed exploration phase.
[INFO]:[08:11:01] Worker 3 received order for step 2.
[INFO]:[08:11:01] Worker 3 running expansion phase for iteration 5.
[INFO]:[08:11:01] Worker 3 will use solver log file: /scratch/yorig/mpils-results-grid-ticks-10000-7may/medium-2/16proc-16pils/seed-4/5_rococoB10-011000_seed-4_20260510_080912/solver/cplex.log_iteration_expansion_5_worker_3
[INFO]:[08:11:01] Expansion Worker 3 starting expansion for iteration 5.
[INFO]:[08:11:01] Starting CPLEX solver on instance: /home/yorig/tuner/mpils-tests/instances/miplib/medium-2/rococoB10-011000.mps with config: /scratch/yorig/mpils-results-grid-ticks-10000-7may/medium-2/16proc-16pils/seed-4/5_rococoB10-011000_seed-4_20260510_080912/expansion/config_param_CPXPARAM_Preprocessing_Dependency_3_iter_5.prm
[INFO]:[08:11:06] CPLEX results. Gap: 21.890000, upper bound: 20272.000000, lower bound: 15833.486710
[INFO]:[08:11:06] CPLEX solver finished. Gap: 21.890000
[INFO]:[08:11:07] Starting CPLEX solver on instance: /home/yorig/tuner/mpils-tests/instances/miplib/medium-2/rococoB10-011000.mps with config: /scratch/yorig/mpils-results-grid-ticks-10000-7may/medium-2/16proc-16pils/seed-4/5_rococoB10-011000_seed-4_20260510_080912/expansion/config_param_CPXPARAM_MIP_Strategy_File_2_iter_5.prm
[INFO]:[08:11:13] CPLEX results. Gap: 21.730000, upper bound: 20111.000000, lower bound: 15741.127976
[INFO]:[08:11:13] CPLEX solver finished. Gap: 21.730000
[INFO]:[08:11:14] Expansion Worker 3 completed expansion.
[INFO]:[08:11:14] Worker 3 completed expansion phase.
[INFO]:[08:11:14] Worker 3 received order for step 1.
[INFO]:[08:11:14] Worker 3 running exploration phase for iteration 6.
[INFO]:[08:11:14] Worker 3 at iteration 6 will not use a MIP start file. Current best MIP-start upper bound threshold is 1.79769e+308.
[INFO]:[08:11:14] Starting local search phase...
[INFO]:[08:11:14] Worker (ils_group_rank=3) entering parallel ILS evaluation service.
[INFO]:[08:11:14] Starting CPLEX solver on instance: /home/yorig/tuner/mpils-tests/instances/miplib/medium-2/rococoB10-011000.mps with config: /scratch/yorig/mpils-results-grid-ticks-10000-7may/medium-2/16proc-16pils/seed-4/5_rococoB10-011000_seed-4_20260510_080912/iterated_local_search/run_6_worker_0/parallel_0_3.prm
[INFO]:[08:11:21] CPLEX results. Gap: 24.590000, upper bound: 21228.000000, lower bound: 16008.257054
[INFO]:[08:11:21] CPLEX solver finished. Gap: 24.590000
[INFO]:[08:11:21] Starting CPLEX solver on instance: /home/yorig/tuner/mpils-tests/instances/miplib/medium-2/rococoB10-011000.mps with config: /scratch/yorig/mpils-results-grid-ticks-10000-7may/medium-2/16proc-16pils/seed-4/5_rococoB10-011000_seed-4_20260510_080912/iterated_local_search/run_6_worker_0/parallel_16_3.prm
[INFO]:[08:11:28] CPLEX results. Gap: 26.000000, upper bound: 21228.000000, lower bound: 15709.183707
[INFO]:[08:11:28] CPLEX solver finished. Gap: 26.000000
[INFO]:[08:11:29] Worker (ils_group_rank=3) exiting parallel ILS evaluation service.
[INFO]:[08:11:29] Worker 3 completed exploration phase.
[INFO]:[08:11:29] Worker 3 received order for step 2.
[INFO]:[08:11:29] Worker 3 running expansion phase for iteration 6.
[INFO]:[08:11:29] Worker 3 will use solver log file: /scratch/yorig/mpils-results-grid-ticks-10000-7may/medium-2/16proc-16pils/seed-4/5_rococoB10-011000_seed-4_20260510_080912/solver/cplex.log_iteration_expansion_6_worker_3
[INFO]:[08:11:29] Expansion Worker 3 starting expansion for iteration 6.
[INFO]:[08:11:29] Starting CPLEX solver on instance: /home/yorig/tuner/mpils-tests/instances/miplib/medium-2/rococoB10-011000.mps with config: /scratch/yorig/mpils-results-grid-ticks-10000-7may/medium-2/16proc-16pils/seed-4/5_rococoB10-011000_seed-4_20260510_080912/expansion/config_param_CPXPARAM_Preprocessing_RepeatPresolve_3_iter_6.prm
[INFO]:[08:11:35] CPLEX results. Gap: 25.580000, upper bound: 21228.000000, lower bound: 15797.829348
[INFO]:[08:11:35] CPLEX solver finished. Gap: 25.580000
[INFO]:[08:11:36] Starting CPLEX solver on instance: /home/yorig/tuner/mpils-tests/instances/miplib/medium-2/rococoB10-011000.mps with config: /scratch/yorig/mpils-results-grid-ticks-10000-7may/medium-2/16proc-16pils/seed-4/5_rococoB10-011000_seed-4_20260510_080912/expansion/config_param_CPXPARAM_Simplex_Limits_Singularity_20_iter_6.prm
[INFO]:[08:11:42] CPLEX results. Gap: 21.730000, upper bound: 20111.000000, lower bound: 15741.127976
[INFO]:[08:11:42] CPLEX solver finished. Gap: 21.730000
[INFO]:[08:11:42] Expansion Worker 3 completed expansion.
[INFO]:[08:11:42] Worker 3 completed expansion phase.
[INFO]:[08:11:42] Worker 3 received order for step 1.
[INFO]:[08:11:42] Worker 3 running exploration phase for iteration 7.
[INFO]:[08:11:42] Worker 3 at iteration 7 will not use a MIP start file. Current best MIP-start upper bound threshold is 1.79769e+308.
[INFO]:[08:11:42] Starting local search phase...
[INFO]:[08:11:42] Worker (ils_group_rank=3) entering parallel ILS evaluation service.
[INFO]:[08:11:42] Starting CPLEX solver on instance: /home/yorig/tuner/mpils-tests/instances/miplib/medium-2/rococoB10-011000.mps with config: /scratch/yorig/mpils-results-grid-ticks-10000-7may/medium-2/16proc-16pils/seed-4/5_rococoB10-011000_seed-4_20260510_080912/iterated_local_search/run_7_worker_0/parallel_0_3.prm
[INFO]:[08:11:49] CPLEX results. Gap: 23.500000, upper bound: 20908.000000, lower bound: 15995.326897
[INFO]:[08:11:49] CPLEX solver finished. Gap: 23.500000
[INFO]:[08:11:49] Starting CPLEX solver on instance: /home/yorig/tuner/mpils-tests/instances/miplib/medium-2/rococoB10-011000.mps with config: /scratch/yorig/mpils-results-grid-ticks-10000-7may/medium-2/16proc-16pils/seed-4/5_rococoB10-011000_seed-4_20260510_080912/iterated_local_search/run_7_worker_0/parallel_16_3.prm
[INFO]:[08:11:56] CPLEX results. Gap: 23.500000, upper bound: 20908.000000, lower bound: 15995.326897
[INFO]:[08:11:56] CPLEX solver finished. Gap: 23.500000
[INFO]:[08:11:56] Worker (ils_group_rank=3) exiting parallel ILS evaluation service.
[INFO]:[08:11:56] Worker 3 completed exploration phase.
[INFO]:[08:11:56] Worker 3 received order for step 3.
[INFO]:[08:11:56] Worker 3 finished.
