[INFO]:[18:28:39] Worker 1 starting.
[INFO]:[18:28:39] Worker 1 received order for step 1.
[INFO]:[18:28:39] Worker 1 running exploration phase for iteration 1.
[INFO]:[18:28:39] Worker 1 at iteration 1 will not use a MIP start file. Current best MIP-start upper bound threshold is 1.79769e+308.
[INFO]:[18:28:39] Starting local search phase...
[INFO]:[18:28:39] Worker (ils_group_rank=1) entering parallel ILS evaluation service.
[INFO]:[18:28:39] Starting CPLEX solver on instance: /home/yorig/tuner/mpils-tests/instances/miplib/medium-1/neos-1456979.mps with config: /scratch/yorig/mpils-results-grid-ticks-10000-7may/medium-1/24proc-6pils/seed-6/8_neos-1456979_seed-6_20260510_182838/iterated_local_search/run_1_worker_0/parallel_0_1.prm
[INFO]:[18:28:46] CPLEX results. Gap: 17.950000, upper bound: 202.000000, lower bound: 165.750000
[INFO]:[18:28:46] CPLEX solver finished. Gap: 17.950000
[INFO]:[18:28:46] Starting CPLEX solver on instance: /home/yorig/tuner/mpils-tests/instances/miplib/medium-1/neos-1456979.mps with config: /scratch/yorig/mpils-results-grid-ticks-10000-7may/medium-1/24proc-6pils/seed-6/8_neos-1456979_seed-6_20260510_182838/iterated_local_search/run_1_worker_0/parallel_6_1.prm
[INFO]:[18:28:53] CPLEX results. Gap: 11.730000, upper bound: 187.000000, lower bound: 165.071429
[INFO]:[18:28:53] CPLEX solver finished. Gap: 11.730000
[INFO]:[18:28:53] Starting CPLEX solver on instance: /home/yorig/tuner/mpils-tests/instances/miplib/medium-1/neos-1456979.mps with config: /scratch/yorig/mpils-results-grid-ticks-10000-7may/medium-1/24proc-6pils/seed-6/8_neos-1456979_seed-6_20260510_182838/iterated_local_search/run_1_worker_0/parallel_12_1.prm
[INFO]:[18:29:00] CPLEX results. Gap: 12.220000, upper bound: 187.000000, lower bound: 164.144172
[INFO]:[18:29:00] CPLEX solver finished. Gap: 12.220000
[INFO]:[18:29:00] Starting CPLEX solver on instance: /home/yorig/tuner/mpils-tests/instances/miplib/medium-1/neos-1456979.mps with config: /scratch/yorig/mpils-results-grid-ticks-10000-7may/medium-1/24proc-6pils/seed-6/8_neos-1456979_seed-6_20260510_182838/iterated_local_search/run_1_worker_0/parallel_18_1.prm
[INFO]:[18:29:07] CPLEX results. Gap: 11.500000, upper bound: 187.000000, lower bound: 165.500000
[INFO]:[18:29:07] CPLEX solver finished. Gap: 11.500000
[INFO]:[18:29:07] Worker (ils_group_rank=1) exiting parallel ILS evaluation service.
[INFO]:[18:29:08] Worker 1 completed exploration phase.
[INFO]:[18:29:09] Worker 1 received order for step 2.
[INFO]:[18:29:09] Worker 1 running expansion phase for iteration 1.
[INFO]:[18:29:09] Worker 1 will use solver log file: /scratch/yorig/mpils-results-grid-ticks-10000-7may/medium-1/24proc-6pils/seed-6/8_neos-1456979_seed-6_20260510_182838/solver/cplex.log_iteration_expansion_1_worker_1
[INFO]:[18:29:09] Expansion Worker 1 starting expansion for iteration 1.
[INFO]:[18:29:09] Starting CPLEX solver on instance: /home/yorig/tuner/mpils-tests/instances/miplib/medium-1/neos-1456979.mps with config: /scratch/yorig/mpils-results-grid-ticks-10000-7may/medium-1/24proc-6pils/seed-6/8_neos-1456979_seed-6_20260510_182838/expansion/config_param_CPXPARAM_MIP_Strategy_Probe_1_iter_1.prm
[INFO]:[18:29:15] CPLEX results. Gap: 15.750000, upper bound: 196.000000, lower bound: 165.122222
[INFO]:[18:29:15] CPLEX solver finished. Gap: 15.750000
[INFO]:[18:29:16] Starting CPLEX solver on instance: /home/yorig/tuner/mpils-tests/instances/miplib/medium-1/neos-1456979.mps with config: /scratch/yorig/mpils-results-grid-ticks-10000-7may/medium-1/24proc-6pils/seed-6/8_neos-1456979_seed-6_20260510_182838/expansion/config_param_CPXPARAM_MIP_Limits_ProbeTime_30_iter_1.prm
[INFO]:[18:29:23] CPLEX results. Gap: 17.340000, upper bound: 203.000000, lower bound: 167.800000
[INFO]:[18:29:23] CPLEX solver finished. Gap: 17.340000
[INFO]:[18:29:23] Expansion Worker 1 stopping early after global MPI expansion stop was activated.
[INFO]:[18:29:23] Expansion Worker 1 completed expansion.
[INFO]:[18:29:23] Worker 1 completed expansion phase.
[INFO]:[18:29:23] Worker 1 received order for step 1.
[INFO]:[18:29:23] Worker 1 running exploration phase for iteration 2.
[INFO]:[18:29:23] Worker 1 at iteration 2 will not use a MIP start file. Current best MIP-start upper bound threshold is 1.79769e+308.
[INFO]:[18:29:23] Starting local search phase...
[INFO]:[18:29:23] Worker (ils_group_rank=1) entering parallel ILS evaluation service.
[INFO]:[18:29:23] Starting CPLEX solver on instance: /home/yorig/tuner/mpils-tests/instances/miplib/medium-1/neos-1456979.mps with config: /scratch/yorig/mpils-results-grid-ticks-10000-7may/medium-1/24proc-6pils/seed-6/8_neos-1456979_seed-6_20260510_182838/iterated_local_search/run_2_worker_0/parallel_0_1.prm
[INFO]:[18:29:30] CPLEX results. Gap: 16.210000, upper bound: 199.000000, lower bound: 166.750000
[INFO]:[18:29:30] CPLEX solver finished. Gap: 16.210000
[INFO]:[18:29:30] Worker (ils_group_rank=1) exiting parallel ILS evaluation service.
[INFO]:[18:29:31] Worker 1 completed exploration phase.
[INFO]:[18:29:31] Worker 1 received order for step 2.
[INFO]:[18:29:31] Worker 1 running expansion phase for iteration 2.
[INFO]:[18:29:31] Worker 1 will use solver log file: /scratch/yorig/mpils-results-grid-ticks-10000-7may/medium-1/24proc-6pils/seed-6/8_neos-1456979_seed-6_20260510_182838/solver/cplex.log_iteration_expansion_2_worker_1
[INFO]:[18:29:31] Expansion Worker 1 starting expansion for iteration 2.
[INFO]:[18:29:31] Starting CPLEX solver on instance: /home/yorig/tuner/mpils-tests/instances/miplib/medium-1/neos-1456979.mps with config: /scratch/yorig/mpils-results-grid-ticks-10000-7may/medium-1/24proc-6pils/seed-6/8_neos-1456979_seed-6_20260510_182838/expansion/config_param_CPXPARAM_MIP_Strategy_BBInterval_2_iter_2.prm
[INFO]:[18:29:38] CPLEX results. Gap: 7.260000, upper bound: 179.000000, lower bound: 166.000000
[INFO]:[18:29:38] CPLEX solver finished. Gap: 7.260000
[INFO]:[18:29:39] Starting CPLEX solver on instance: /home/yorig/tuner/mpils-tests/instances/miplib/medium-1/neos-1456979.mps with config: /scratch/yorig/mpils-results-grid-ticks-10000-7may/medium-1/24proc-6pils/seed-6/8_neos-1456979_seed-6_20260510_182838/expansion/config_param_CPXPARAM_Preprocessing_Symmetry_4_iter_2.prm
[INFO]:[18:29:46] CPLEX results. Gap: 20.140000, upper bound: 198.000000, lower bound: 158.125000
[INFO]:[18:29:46] CPLEX solver finished. Gap: 20.140000
[INFO]:[18:29:46] Expansion Worker 1 stopping early after global MPI expansion stop was activated.
[INFO]:[18:29:46] Expansion Worker 1 completed expansion.
[INFO]:[18:29:46] Worker 1 completed expansion phase.
[INFO]:[18:29:46] Worker 1 received order for step 1.
[INFO]:[18:29:46] Worker 1 running exploration phase for iteration 3.
[INFO]:[18:29:46] Worker 1 at iteration 3 will not use a MIP start file. Current best MIP-start upper bound threshold is 1.79769e+308.
[INFO]:[18:29:46] Starting local search phase...
[INFO]:[18:29:46] Worker (ils_group_rank=1) entering parallel ILS evaluation service.
[INFO]:[18:29:46] Starting CPLEX solver on instance: /home/yorig/tuner/mpils-tests/instances/miplib/medium-1/neos-1456979.mps with config: /scratch/yorig/mpils-results-grid-ticks-10000-7may/medium-1/24proc-6pils/seed-6/8_neos-1456979_seed-6_20260510_182838/iterated_local_search/run_3_worker_0/parallel_0_1.prm
[INFO]:[18:29:53] CPLEX results. Gap: 13.470000, upper bound: 193.000000, lower bound: 167.000000
[INFO]:[18:29:53] CPLEX solver finished. Gap: 13.470000
[INFO]:[18:29:53] Starting CPLEX solver on instance: /home/yorig/tuner/mpils-tests/instances/miplib/medium-1/neos-1456979.mps with config: /scratch/yorig/mpils-results-grid-ticks-10000-7may/medium-1/24proc-6pils/seed-6/8_neos-1456979_seed-6_20260510_182838/iterated_local_search/run_3_worker_0/parallel_6_1.prm
[INFO]:[18:30:01] CPLEX results. Gap: 34.840000, upper bound: 254.000000, lower bound: 165.500000
[INFO]:[18:30:01] CPLEX solver finished. Gap: 34.840000
[INFO]:[18:30:01] Starting CPLEX solver on instance: /home/yorig/tuner/mpils-tests/instances/miplib/medium-1/neos-1456979.mps with config: /scratch/yorig/mpils-results-grid-ticks-10000-7may/medium-1/24proc-6pils/seed-6/8_neos-1456979_seed-6_20260510_182838/iterated_local_search/run_3_worker_0/parallel_12_1.prm
[INFO]:[18:30:08] CPLEX results. Gap: 11.830000, upper bound: 186.000000, lower bound: 164.000000
[INFO]:[18:30:08] CPLEX solver finished. Gap: 11.830000
[INFO]:[18:30:08] Worker (ils_group_rank=1) exiting parallel ILS evaluation service.
[INFO]:[18:30:08] Worker 1 completed exploration phase.
[INFO]:[18:30:08] Worker 1 received order for step 2.
[INFO]:[18:30:08] Worker 1 running expansion phase for iteration 3.
[INFO]:[18:30:08] Worker 1 will use solver log file: /scratch/yorig/mpils-results-grid-ticks-10000-7may/medium-1/24proc-6pils/seed-6/8_neos-1456979_seed-6_20260510_182838/solver/cplex.log_iteration_expansion_3_worker_1
[INFO]:[18:30:08] Expansion Worker 1 starting expansion for iteration 3.
[INFO]:[18:30:08] Starting CPLEX solver on instance: /home/yorig/tuner/mpils-tests/instances/miplib/medium-1/neos-1456979.mps with config: /scratch/yorig/mpils-results-grid-ticks-10000-7may/medium-1/24proc-6pils/seed-6/8_neos-1456979_seed-6_20260510_182838/expansion/config_param_CPXPARAM_MIP_Strategy_StartAlgorithm_2_iter_3.prm
[INFO]:[18:30:15] CPLEX results. Gap: 5.930000, upper bound: 177.000000, lower bound: 166.504000
[INFO]:[18:30:15] CPLEX solver finished. Gap: 5.930000
[INFO]:[18:30:16] Starting CPLEX solver on instance: /home/yorig/tuner/mpils-tests/instances/miplib/medium-1/neos-1456979.mps with config: /scratch/yorig/mpils-results-grid-ticks-10000-7may/medium-1/24proc-6pils/seed-6/8_neos-1456979_seed-6_20260510_182838/expansion/config_param_CPXPARAM_MIP_Limits_AggForCut_2_iter_3.prm
[INFO]:[18:30:23] CPLEX results. Gap: 6.070000, upper bound: 177.000000, lower bound: 166.250000
[INFO]:[18:30:23] CPLEX solver finished. Gap: 6.070000
[INFO]:[18:30:23] Expansion Worker 1 completed expansion.
[INFO]:[18:30:23] Worker 1 completed expansion phase.
[INFO]:[18:30:23] Worker 1 received order for step 1.
[INFO]:[18:30:23] Worker 1 running exploration phase for iteration 4.
[INFO]:[18:30:23] Worker 1 at iteration 4 will not use a MIP start file. Current best MIP-start upper bound threshold is 1.79769e+308.
[INFO]:[18:30:23] Starting local search phase...
[INFO]:[18:30:23] Worker (ils_group_rank=1) entering parallel ILS evaluation service.
[INFO]:[18:30:23] Starting CPLEX solver on instance: /home/yorig/tuner/mpils-tests/instances/miplib/medium-1/neos-1456979.mps with config: /scratch/yorig/mpils-results-grid-ticks-10000-7may/medium-1/24proc-6pils/seed-6/8_neos-1456979_seed-6_20260510_182838/iterated_local_search/run_4_worker_0/parallel_0_1.prm
[INFO]:[18:30:30] CPLEX results. Gap: 8.790000, upper bound: 182.000000, lower bound: 166.000000
[INFO]:[18:30:30] CPLEX solver finished. Gap: 8.790000
[INFO]:[18:30:31] Starting CPLEX solver on instance: /home/yorig/tuner/mpils-tests/instances/miplib/medium-1/neos-1456979.mps with config: /scratch/yorig/mpils-results-grid-ticks-10000-7may/medium-1/24proc-6pils/seed-6/8_neos-1456979_seed-6_20260510_182838/iterated_local_search/run_4_worker_0/parallel_6_1.prm
[INFO]:[18:30:38] CPLEX results. Gap: 4.520000, upper bound: 177.000000, lower bound: 169.000000
[INFO]:[18:30:38] CPLEX solver finished. Gap: 4.520000
[INFO]:[18:30:38] Worker (ils_group_rank=1) exiting parallel ILS evaluation service.
[INFO]:[18:30:38] Worker 1 completed exploration phase.
[INFO]:[18:30:38] Worker 1 received order for step 2.
[INFO]:[18:30:38] Worker 1 running expansion phase for iteration 4.
[INFO]:[18:30:38] Worker 1 will use solver log file: /scratch/yorig/mpils-results-grid-ticks-10000-7may/medium-1/24proc-6pils/seed-6/8_neos-1456979_seed-6_20260510_182838/solver/cplex.log_iteration_expansion_4_worker_1
[INFO]:[18:30:38] Expansion Worker 1 starting expansion for iteration 4.
[INFO]:[18:30:38] Starting CPLEX solver on instance: /home/yorig/tuner/mpils-tests/instances/miplib/medium-1/neos-1456979.mps with config: /scratch/yorig/mpils-results-grid-ticks-10000-7may/medium-1/24proc-6pils/seed-6/8_neos-1456979_seed-6_20260510_182838/expansion/config_param_CPXPARAM_Preprocessing_BoundStrength_1_iter_4.prm
[INFO]:[18:30:45] CPLEX results. Gap: 11.490000, upper bound: 188.000000, lower bound: 166.407801
[INFO]:[18:30:45] CPLEX solver finished. Gap: 11.490000
[INFO]:[18:30:46] Starting CPLEX solver on instance: /home/yorig/tuner/mpils-tests/instances/miplib/medium-1/neos-1456979.mps with config: /scratch/yorig/mpils-results-grid-ticks-10000-7may/medium-1/24proc-6pils/seed-6/8_neos-1456979_seed-6_20260510_182838/expansion/config_param_CPXPARAM_Network_Pricing_3_iter_4.prm
[INFO]:[18:30:53] CPLEX results. Gap: 4.520000, upper bound: 177.000000, lower bound: 169.000000
[INFO]:[18:30:53] CPLEX solver finished. Gap: 4.520000
[INFO]:[18:30:53] Expansion Worker 1 completed expansion.
[INFO]:[18:30:53] Worker 1 completed expansion phase.
[INFO]:[18:30:53] Worker 1 received order for step 1.
[INFO]:[18:30:53] Worker 1 running exploration phase for iteration 5.
[INFO]:[18:30:53] Worker 1 at iteration 5 will not use a MIP start file. Current best MIP-start upper bound threshold is 1.79769e+308.
[INFO]:[18:30:53] Starting local search phase...
[INFO]:[18:30:53] Worker (ils_group_rank=1) entering parallel ILS evaluation service.
[INFO]:[18:30:53] Starting CPLEX solver on instance: /home/yorig/tuner/mpils-tests/instances/miplib/medium-1/neos-1456979.mps with config: /scratch/yorig/mpils-results-grid-ticks-10000-7may/medium-1/24proc-6pils/seed-6/8_neos-1456979_seed-6_20260510_182838/iterated_local_search/run_5_worker_0/parallel_0_1.prm
[INFO]:[18:31:00] CPLEX results. Gap: 20.260000, upper bound: 207.000000, lower bound: 165.071429
[INFO]:[18:31:00] CPLEX solver finished. Gap: 20.260000
[INFO]:[18:31:00] Starting CPLEX solver on instance: /home/yorig/tuner/mpils-tests/instances/miplib/medium-1/neos-1456979.mps with config: /scratch/yorig/mpils-results-grid-ticks-10000-7may/medium-1/24proc-6pils/seed-6/8_neos-1456979_seed-6_20260510_182838/iterated_local_search/run_5_worker_0/parallel_6_1.prm
[INFO]:[18:31:07] CPLEX results. Gap: 7.110000, upper bound: 181.000000, lower bound: 168.130876
[INFO]:[18:31:07] CPLEX solver finished. Gap: 7.110000
[INFO]:[18:31:08] Worker (ils_group_rank=1) exiting parallel ILS evaluation service.
[INFO]:[18:31:08] Worker 1 completed exploration phase.
[INFO]:[18:31:08] Worker 1 received order for step 2.
[INFO]:[18:31:08] Worker 1 running expansion phase for iteration 5.
[INFO]:[18:31:08] Worker 1 will use solver log file: /scratch/yorig/mpils-results-grid-ticks-10000-7may/medium-1/24proc-6pils/seed-6/8_neos-1456979_seed-6_20260510_182838/solver/cplex.log_iteration_expansion_5_worker_1
[INFO]:[18:31:08] Expansion Worker 1 starting expansion for iteration 5.
[INFO]:[18:31:08] Starting CPLEX solver on instance: /home/yorig/tuner/mpils-tests/instances/miplib/medium-1/neos-1456979.mps with config: /scratch/yorig/mpils-results-grid-ticks-10000-7may/medium-1/24proc-6pils/seed-6/8_neos-1456979_seed-6_20260510_182838/expansion/config_param_CPXPARAM_Preprocessing_Reduce_0_iter_5.prm
[INFO]:[18:31:14] CPLEX results. Gap: 32.760000, upper bound: 234.000000, lower bound: 157.333333
[INFO]:[18:31:14] CPLEX solver finished. Gap: 32.760000
[INFO]:[18:31:15] Starting CPLEX solver on instance: /home/yorig/tuner/mpils-tests/instances/miplib/medium-1/neos-1456979.mps with config: /scratch/yorig/mpils-results-grid-ticks-10000-7may/medium-1/24proc-6pils/seed-6/8_neos-1456979_seed-6_20260510_182838/expansion/config_param_CPXPARAM_Simplex_Limits_Singularity_20_iter_5.prm
[INFO]:[18:31:22] CPLEX results. Gap: 4.520000, upper bound: 177.000000, lower bound: 169.000000
[INFO]:[18:31:22] CPLEX solver finished. Gap: 4.520000
[INFO]:[18:31:22] Expansion Worker 1 completed expansion.
[INFO]:[18:31:22] Worker 1 completed expansion phase.
[INFO]:[18:31:23] Worker 1 received order for step 1.
[INFO]:[18:31:23] Worker 1 running exploration phase for iteration 6.
[INFO]:[18:31:23] Worker 1 at iteration 6 will not use a MIP start file. Current best MIP-start upper bound threshold is 1.79769e+308.
[INFO]:[18:31:23] Starting local search phase...
[INFO]:[18:31:23] Worker (ils_group_rank=1) entering parallel ILS evaluation service.
[INFO]:[18:31:23] Starting CPLEX solver on instance: /home/yorig/tuner/mpils-tests/instances/miplib/medium-1/neos-1456979.mps with config: /scratch/yorig/mpils-results-grid-ticks-10000-7may/medium-1/24proc-6pils/seed-6/8_neos-1456979_seed-6_20260510_182838/iterated_local_search/run_6_worker_0/parallel_0_1.prm
[INFO]:[18:31:30] CPLEX results. Gap: 19.980000, upper bound: 205.000000, lower bound: 164.036620
[INFO]:[18:31:30] CPLEX solver finished. Gap: 19.980000
[INFO]:[18:31:30] Starting CPLEX solver on instance: /home/yorig/tuner/mpils-tests/instances/miplib/medium-1/neos-1456979.mps with config: /scratch/yorig/mpils-results-grid-ticks-10000-7may/medium-1/24proc-6pils/seed-6/8_neos-1456979_seed-6_20260510_182838/iterated_local_search/run_6_worker_0/parallel_6_1.prm
[INFO]:[18:31:37] CPLEX results. Gap: 12.690000, upper bound: 190.000000, lower bound: 165.892857
[INFO]:[18:31:37] CPLEX solver finished. Gap: 12.690000
[INFO]:[18:31:38] Starting CPLEX solver on instance: /home/yorig/tuner/mpils-tests/instances/miplib/medium-1/neos-1456979.mps with config: /scratch/yorig/mpils-results-grid-ticks-10000-7may/medium-1/24proc-6pils/seed-6/8_neos-1456979_seed-6_20260510_182838/iterated_local_search/run_6_worker_0/parallel_12_1.prm
[INFO]:[18:31:44] CPLEX results. Gap: 26.730000, upper bound: 216.000000, lower bound: 158.273256
[INFO]:[18:31:44] CPLEX solver finished. Gap: 26.730000
[INFO]:[18:31:45] Starting CPLEX solver on instance: /home/yorig/tuner/mpils-tests/instances/miplib/medium-1/neos-1456979.mps with config: /scratch/yorig/mpils-results-grid-ticks-10000-7may/medium-1/24proc-6pils/seed-6/8_neos-1456979_seed-6_20260510_182838/iterated_local_search/run_6_worker_0/parallel_18_1.prm
[INFO]:[18:31:51] CPLEX results. Gap: 10.480000, upper bound: 188.000000, lower bound: 168.305556
[INFO]:[18:31:51] CPLEX solver finished. Gap: 10.480000
[INFO]:[18:31:52] Starting CPLEX solver on instance: /home/yorig/tuner/mpils-tests/instances/miplib/medium-1/neos-1456979.mps with config: /scratch/yorig/mpils-results-grid-ticks-10000-7may/medium-1/24proc-6pils/seed-6/8_neos-1456979_seed-6_20260510_182838/iterated_local_search/run_6_worker_0/parallel_24_1.prm
[INFO]:[18:31:59] CPLEX results. Gap: 16.330000, upper bound: 199.000000, lower bound: 166.500000
[INFO]:[18:31:59] CPLEX solver finished. Gap: 16.330000
[INFO]:[18:31:59] Worker (ils_group_rank=1) exiting parallel ILS evaluation service.
[INFO]:[18:32:00] Worker 1 completed exploration phase.
[INFO]:[18:32:00] Worker 1 received order for step 2.
[INFO]:[18:32:00] Worker 1 running expansion phase for iteration 6.
[INFO]:[18:32:00] Worker 1 will use solver log file: /scratch/yorig/mpils-results-grid-ticks-10000-7may/medium-1/24proc-6pils/seed-6/8_neos-1456979_seed-6_20260510_182838/solver/cplex.log_iteration_expansion_6_worker_1
[INFO]:[18:32:00] Expansion Worker 1 starting expansion for iteration 6.
[INFO]:[18:32:00] Starting CPLEX solver on instance: /home/yorig/tuner/mpils-tests/instances/miplib/medium-1/neos-1456979.mps with config: /scratch/yorig/mpils-results-grid-ticks-10000-7may/medium-1/24proc-6pils/seed-6/8_neos-1456979_seed-6_20260510_182838/expansion/config_param_CPXPARAM_MIP_Limits_Nodes_0_iter_6.prm
[INFO]:[18:32:01] CPLEX results. Gap: 13.160000, upper bound: 190.000000, lower bound: 165.000000
[INFO]:[18:32:01] CPLEX solver finished. Gap: 13.160000
[INFO]:[18:32:07] Expansion Worker 1 completed expansion.
[INFO]:[18:32:07] Worker 1 completed expansion phase.
[INFO]:[18:32:07] Worker 1 received order for step 1.
[INFO]:[18:32:07] Worker 1 running exploration phase for iteration 7.
[INFO]:[18:32:07] Worker 1 at iteration 7 will not use a MIP start file. Current best MIP-start upper bound threshold is 1.79769e+308.
[INFO]:[18:32:07] Starting local search phase...
[INFO]:[18:32:07] Worker (ils_group_rank=1) entering parallel ILS evaluation service.
[INFO]:[18:32:08] Starting CPLEX solver on instance: /home/yorig/tuner/mpils-tests/instances/miplib/medium-1/neos-1456979.mps with config: /scratch/yorig/mpils-results-grid-ticks-10000-7may/medium-1/24proc-6pils/seed-6/8_neos-1456979_seed-6_20260510_182838/iterated_local_search/run_7_worker_0/parallel_0_1.prm
[INFO]:[18:32:15] CPLEX results. Gap: 4.520000, upper bound: 177.000000, lower bound: 169.000000
[INFO]:[18:32:15] CPLEX solver finished. Gap: 4.520000
[INFO]:[18:32:15] Starting CPLEX solver on instance: /home/yorig/tuner/mpils-tests/instances/miplib/medium-1/neos-1456979.mps with config: /scratch/yorig/mpils-results-grid-ticks-10000-7may/medium-1/24proc-6pils/seed-6/8_neos-1456979_seed-6_20260510_182838/iterated_local_search/run_7_worker_0/parallel_6_1.prm
[INFO]:[18:32:22] CPLEX results. Gap: 4.520000, upper bound: 177.000000, lower bound: 169.000000
[INFO]:[18:32:22] CPLEX solver finished. Gap: 4.520000
[INFO]:[18:32:22] Worker (ils_group_rank=1) exiting parallel ILS evaluation service.
[INFO]:[18:32:22] Worker 1 completed exploration phase.
[INFO]:[18:32:22] Worker 1 received order for step 3.
[INFO]:[18:32:22] Worker 1 finished.
