[INFO]:[04:17:05] Worker 11 starting.
[INFO]:[04:17:05] Worker 11 received order for step 1.
[INFO]:[04:17:05] Worker 11 running exploration phase for iteration 1.
[INFO]:[04:17:05] Worker 11 at iteration 1 will not use a MIP start file. Current best MIP-start upper bound threshold is 1.79769e+308.
[INFO]:[04:17:05] Starting local search phase...
[INFO]:[04:17:05] Worker (ils_group_rank=11) entering parallel ILS evaluation service.
[INFO]:[04:17:05] Starting CPLEX solver on instance: /home/yorig/tuner/mpils-tests/instances/miplib/medium-1/cost266-UUE.mps with config: /scratch/yorig/mpils-results-grid-ticks-10000-7may/medium-1/24proc-12pils/seed-4/2_cost266-UUE_seed-4_20260510_041704/iterated_local_search/run_1_worker_0/parallel_0_11.prm
[INFO]:[04:17:11] CPLEX results. Gap: 8.270000, upper bound: 25670587.124000, lower bound: 23548850.139936
[INFO]:[04:17:11] CPLEX solver finished. Gap: 8.270000
[INFO]:[04:17:12] Starting CPLEX solver on instance: /home/yorig/tuner/mpils-tests/instances/miplib/medium-1/cost266-UUE.mps with config: /scratch/yorig/mpils-results-grid-ticks-10000-7may/medium-1/24proc-12pils/seed-4/2_cost266-UUE_seed-4_20260510_041704/iterated_local_search/run_1_worker_0/parallel_12_11.prm
[INFO]:[04:17:17] CPLEX results. Gap: 9.520000, upper bound: 25591644.080000, lower bound: 23155709.712999
[INFO]:[04:17:17] CPLEX solver finished. Gap: 9.520000
[INFO]:[04:17:17] Worker (ils_group_rank=11) exiting parallel ILS evaluation service.
[INFO]:[04:17:18] Worker 11 completed exploration phase.
[INFO]:[04:17:18] Worker 11 received order for step 2.
[INFO]:[04:17:18] Worker 11 running expansion phase for iteration 1.
[INFO]:[04:17:18] Worker 11 will use solver log file: /scratch/yorig/mpils-results-grid-ticks-10000-7may/medium-1/24proc-12pils/seed-4/2_cost266-UUE_seed-4_20260510_041704/solver/cplex.log_iteration_expansion_1_worker_11
[INFO]:[04:17:18] Expansion Worker 11 starting expansion for iteration 1.
[INFO]:[04:17:18] Starting CPLEX solver on instance: /home/yorig/tuner/mpils-tests/instances/miplib/medium-1/cost266-UUE.mps with config: /scratch/yorig/mpils-results-grid-ticks-10000-7may/medium-1/24proc-12pils/seed-4/2_cost266-UUE_seed-4_20260510_041704/expansion/config_param_CPXPARAM_MIP_Strategy_VariableSelect_3_iter_1.prm
[INFO]:[04:17:24] CPLEX results. Gap: 13.080000, upper bound: 25988690.700000, lower bound: 22589822.156850
[INFO]:[04:17:24] CPLEX solver finished. Gap: 13.080000
[INFO]:[04:17:24] Expansion Worker 11 stopping early after global MPI expansion stop was activated.
[INFO]:[04:17:24] Expansion Worker 11 completed expansion.
[INFO]:[04:17:24] Worker 11 completed expansion phase.
[INFO]:[04:17:25] Worker 11 received order for step 1.
[INFO]:[04:17:25] Worker 11 running exploration phase for iteration 2.
[INFO]:[04:17:25] Worker 11 at iteration 2 will not use a MIP start file. Current best MIP-start upper bound threshold is 1.79769e+308.
[INFO]:[04:17:25] Starting local search phase...
[INFO]:[04:17:25] Worker (ils_group_rank=11) entering parallel ILS evaluation service.
[INFO]:[04:17:25] Starting CPLEX solver on instance: /home/yorig/tuner/mpils-tests/instances/miplib/medium-1/cost266-UUE.mps with config: /scratch/yorig/mpils-results-grid-ticks-10000-7may/medium-1/24proc-12pils/seed-4/2_cost266-UUE_seed-4_20260510_041704/iterated_local_search/run_2_worker_0/parallel_0_11.prm
[INFO]:[04:17:30] CPLEX results. Gap: 8.110000, upper bound: 25670587.124000, lower bound: 23589890.246169
[INFO]:[04:17:30] CPLEX solver finished. Gap: 8.110000
[INFO]:[04:17:30] Worker (ils_group_rank=11) exiting parallel ILS evaluation service.
[INFO]:[04:17:31] Worker 11 completed exploration phase.
[INFO]:[04:17:31] Worker 11 received order for step 2.
[INFO]:[04:17:31] Worker 11 running expansion phase for iteration 2.
[INFO]:[04:17:31] Worker 11 will use solver log file: /scratch/yorig/mpils-results-grid-ticks-10000-7may/medium-1/24proc-12pils/seed-4/2_cost266-UUE_seed-4_20260510_041704/solver/cplex.log_iteration_expansion_2_worker_11
[INFO]:[04:17:31] Expansion Worker 11 starting expansion for iteration 2.
[INFO]:[04:17:31] Starting CPLEX solver on instance: /home/yorig/tuner/mpils-tests/instances/miplib/medium-1/cost266-UUE.mps with config: /scratch/yorig/mpils-results-grid-ticks-10000-7may/medium-1/24proc-12pils/seed-4/2_cost266-UUE_seed-4_20260510_041704/expansion/config_param_CPXPARAM_MIP_Limits_ProbeTime_240_iter_2.prm
[INFO]:[04:17:37] CPLEX results. Gap: 7.830000, upper bound: 25360958.120000, lower bound: 23374766.693157
[INFO]:[04:17:37] CPLEX solver finished. Gap: 7.830000
[INFO]:[04:17:37] Starting CPLEX solver on instance: /home/yorig/tuner/mpils-tests/instances/miplib/medium-1/cost266-UUE.mps with config: /scratch/yorig/mpils-results-grid-ticks-10000-7may/medium-1/24proc-12pils/seed-4/2_cost266-UUE_seed-4_20260510_041704/expansion/config_param_CPXPARAM_MIP_Strategy_PresolveNode_-1_iter_2.prm
[INFO]:[04:17:43] CPLEX results. Gap: 8.880000, upper bound: 25268121.140000, lower bound: 23023092.353278
[INFO]:[04:17:43] CPLEX solver finished. Gap: 8.880000
[INFO]:[04:17:49] Expansion Worker 11 completed expansion.
[INFO]:[04:17:49] Worker 11 completed expansion phase.
[INFO]:[04:17:49] Worker 11 received order for step 1.
[INFO]:[04:17:49] Worker 11 running exploration phase for iteration 3.
[INFO]:[04:17:49] Worker 11 at iteration 3 will not use a MIP start file. Current best MIP-start upper bound threshold is 1.79769e+308.
[INFO]:[04:17:49] Starting local search phase...
[INFO]:[04:17:49] Worker (ils_group_rank=11) entering parallel ILS evaluation service.
[INFO]:[04:17:49] Starting CPLEX solver on instance: /home/yorig/tuner/mpils-tests/instances/miplib/medium-1/cost266-UUE.mps with config: /scratch/yorig/mpils-results-grid-ticks-10000-7may/medium-1/24proc-12pils/seed-4/2_cost266-UUE_seed-4_20260510_041704/iterated_local_search/run_3_worker_0/parallel_0_11.prm
[INFO]:[04:17:55] CPLEX results. Gap: 8.040000, upper bound: 25670587.124000, lower bound: 23605706.419114
[INFO]:[04:17:55] CPLEX solver finished. Gap: 8.040000
[INFO]:[04:17:55] Starting CPLEX solver on instance: /home/yorig/tuner/mpils-tests/instances/miplib/medium-1/cost266-UUE.mps with config: /scratch/yorig/mpils-results-grid-ticks-10000-7may/medium-1/24proc-12pils/seed-4/2_cost266-UUE_seed-4_20260510_041704/iterated_local_search/run_3_worker_0/parallel_12_11.prm
[INFO]:[04:18:01] CPLEX results. Gap: 9.520000, upper bound: 25591644.080000, lower bound: 23155709.712999
[INFO]:[04:18:01] CPLEX solver finished. Gap: 9.520000
[INFO]:[04:18:02] Worker (ils_group_rank=11) exiting parallel ILS evaluation service.
[INFO]:[04:18:02] Worker 11 completed exploration phase.
[INFO]:[04:18:02] Worker 11 received order for step 2.
[INFO]:[04:18:02] Worker 11 running expansion phase for iteration 3.
[INFO]:[04:18:02] Worker 11 will use solver log file: /scratch/yorig/mpils-results-grid-ticks-10000-7may/medium-1/24proc-12pils/seed-4/2_cost266-UUE_seed-4_20260510_041704/solver/cplex.log_iteration_expansion_3_worker_11
[INFO]:[04:18:02] Expansion Worker 11 starting expansion for iteration 3.
[INFO]:[04:18:02] Starting CPLEX solver on instance: /home/yorig/tuner/mpils-tests/instances/miplib/medium-1/cost266-UUE.mps with config: /scratch/yorig/mpils-results-grid-ticks-10000-7may/medium-1/24proc-12pils/seed-4/2_cost266-UUE_seed-4_20260510_041704/expansion/config_param_CPXPARAM_MIP_Strategy_StartAlgorithm_5_iter_3.prm
[INFO]:[04:18:07] CPLEX results. Gap: 7.850000, upper bound: 25563152.570000, lower bound: 23557017.390456
[INFO]:[04:18:07] CPLEX solver finished. Gap: 7.850000
[INFO]:[04:18:11] Expansion Worker 11 stopping early after global MPI expansion stop was activated.
[INFO]:[04:18:11] Expansion Worker 11 completed expansion.
[INFO]:[04:18:11] Worker 11 completed expansion phase.
[INFO]:[04:18:11] Worker 11 received order for step 1.
[INFO]:[04:18:11] Worker 11 running exploration phase for iteration 4.
[INFO]:[04:18:11] Worker 11 at iteration 4 will not use a MIP start file. Current best MIP-start upper bound threshold is 1.79769e+308.
[INFO]:[04:18:11] Starting local search phase...
[INFO]:[04:18:11] Worker (ils_group_rank=11) entering parallel ILS evaluation service.
[INFO]:[04:18:11] Starting CPLEX solver on instance: /home/yorig/tuner/mpils-tests/instances/miplib/medium-1/cost266-UUE.mps with config: /scratch/yorig/mpils-results-grid-ticks-10000-7may/medium-1/24proc-12pils/seed-4/2_cost266-UUE_seed-4_20260510_041704/iterated_local_search/run_4_worker_0/parallel_0_11.prm
[INFO]:[04:18:16] CPLEX results. Gap: 7.620000, upper bound: 25461887.780000, lower bound: 23521695.229694
[INFO]:[04:18:16] CPLEX solver finished. Gap: 7.620000
[INFO]:[04:18:17] Starting CPLEX solver on instance: /home/yorig/tuner/mpils-tests/instances/miplib/medium-1/cost266-UUE.mps with config: /scratch/yorig/mpils-results-grid-ticks-10000-7may/medium-1/24proc-12pils/seed-4/2_cost266-UUE_seed-4_20260510_041704/iterated_local_search/run_4_worker_0/parallel_12_11.prm
[INFO]:[04:18:22] CPLEX results. Gap: 7.580000, upper bound: 25670587.124000, lower bound: 23724014.108774
[INFO]:[04:18:22] CPLEX solver finished. Gap: 7.580000
[INFO]:[04:18:22] Worker (ils_group_rank=11) exiting parallel ILS evaluation service.
[INFO]:[04:18:23] Worker 11 completed exploration phase.
[INFO]:[04:18:23] Worker 11 received order for step 2.
[INFO]:[04:18:23] Worker 11 running expansion phase for iteration 4.
[INFO]:[04:18:23] Worker 11 will use solver log file: /scratch/yorig/mpils-results-grid-ticks-10000-7may/medium-1/24proc-12pils/seed-4/2_cost266-UUE_seed-4_20260510_041704/solver/cplex.log_iteration_expansion_4_worker_11
[INFO]:[04:18:23] Expansion Worker 11 starting expansion for iteration 4.
[INFO]:[04:18:23] Starting CPLEX solver on instance: /home/yorig/tuner/mpils-tests/instances/miplib/medium-1/cost266-UUE.mps with config: /scratch/yorig/mpils-results-grid-ticks-10000-7may/medium-1/24proc-12pils/seed-4/2_cost266-UUE_seed-4_20260510_041704/expansion/config_param_CPXPARAM_Simplex_DGradient_1_iter_4.prm
[INFO]:[04:18:28] CPLEX results. Gap: 8.810000, upper bound: 25337376.280000, lower bound: 23105685.901877
[INFO]:[04:18:28] CPLEX solver finished. Gap: 8.810000
[INFO]:[04:18:32] Expansion Worker 11 stopping early after global MPI expansion stop was activated.
[INFO]:[04:18:32] Expansion Worker 11 completed expansion.
[INFO]:[04:18:32] Worker 11 completed expansion phase.
[INFO]:[04:18:32] Worker 11 received order for step 1.
[INFO]:[04:18:32] Worker 11 running exploration phase for iteration 5.
[INFO]:[04:18:32] Worker 11 at iteration 5 will not use a MIP start file. Current best MIP-start upper bound threshold is 1.79769e+308.
[INFO]:[04:18:32] Starting local search phase...
[INFO]:[04:18:32] Worker (ils_group_rank=11) entering parallel ILS evaluation service.
[INFO]:[04:18:32] Starting CPLEX solver on instance: /home/yorig/tuner/mpils-tests/instances/miplib/medium-1/cost266-UUE.mps with config: /scratch/yorig/mpils-results-grid-ticks-10000-7may/medium-1/24proc-12pils/seed-4/2_cost266-UUE_seed-4_20260510_041704/iterated_local_search/run_5_worker_0/parallel_0_11.prm
[INFO]:[04:18:38] CPLEX results. Gap: 7.700000, upper bound: 25461887.780000, lower bound: 23500495.331764
[INFO]:[04:18:38] CPLEX solver finished. Gap: 7.700000
[INFO]:[04:18:38] Worker (ils_group_rank=11) exiting parallel ILS evaluation service.
[INFO]:[04:18:38] Worker 11 completed exploration phase.
[INFO]:[04:18:38] Worker 11 received order for step 2.
[INFO]:[04:18:38] Worker 11 running expansion phase for iteration 5.
[INFO]:[04:18:38] Worker 11 will use solver log file: /scratch/yorig/mpils-results-grid-ticks-10000-7may/medium-1/24proc-12pils/seed-4/2_cost266-UUE_seed-4_20260510_041704/solver/cplex.log_iteration_expansion_5_worker_11
[INFO]:[04:18:38] Expansion Worker 11 starting expansion for iteration 5.
[INFO]:[04:18:38] Starting CPLEX solver on instance: /home/yorig/tuner/mpils-tests/instances/miplib/medium-1/cost266-UUE.mps with config: /scratch/yorig/mpils-results-grid-ticks-10000-7may/medium-1/24proc-12pils/seed-4/2_cost266-UUE_seed-4_20260510_041704/expansion/config_param_CPXPARAM_Simplex_PGradient_1_iter_5.prm
[INFO]:[04:18:43] CPLEX results. Gap: 7.310000, upper bound: 25619399.200000, lower bound: 23747883.337958
[INFO]:[04:18:43] CPLEX solver finished. Gap: 7.310000
[INFO]:[04:18:47] Expansion Worker 11 stopping early after global MPI expansion stop was activated.
[INFO]:[04:18:47] Expansion Worker 11 completed expansion.
[INFO]:[04:18:47] Worker 11 completed expansion phase.
[INFO]:[04:18:47] Worker 11 received order for step 1.
[INFO]:[04:18:47] Worker 11 running exploration phase for iteration 6.
[INFO]:[04:18:47] Worker 11 at iteration 6 will not use a MIP start file. Current best MIP-start upper bound threshold is 1.79769e+308.
[INFO]:[04:18:47] Starting local search phase...
[INFO]:[04:18:47] Worker (ils_group_rank=11) entering parallel ILS evaluation service.
[INFO]:[04:18:47] Starting CPLEX solver on instance: /home/yorig/tuner/mpils-tests/instances/miplib/medium-1/cost266-UUE.mps with config: /scratch/yorig/mpils-results-grid-ticks-10000-7may/medium-1/24proc-12pils/seed-4/2_cost266-UUE_seed-4_20260510_041704/iterated_local_search/run_6_worker_0/parallel_0_11.prm
[INFO]:[04:18:53] CPLEX results. Gap: 7.420000, upper bound: 25657923.890000, lower bound: 23753633.090522
[INFO]:[04:18:53] CPLEX solver finished. Gap: 7.420000
[INFO]:[04:18:56] Starting CPLEX solver on instance: /home/yorig/tuner/mpils-tests/instances/miplib/medium-1/cost266-UUE.mps with config: /scratch/yorig/mpils-results-grid-ticks-10000-7may/medium-1/24proc-12pils/seed-4/2_cost266-UUE_seed-4_20260510_041704/iterated_local_search/run_6_worker_0/parallel_12_11.prm
[INFO]:[04:19:03] CPLEX results. Gap: 25.340000, upper bound: 30821086.280000, lower bound: 23010944.360984
[INFO]:[04:19:03] CPLEX solver finished. Gap: 25.340000
[INFO]:[04:19:05] Worker (ils_group_rank=11) exiting parallel ILS evaluation service.
[INFO]:[04:19:05] Worker 11 completed exploration phase.
[INFO]:[04:19:05] Worker 11 received order for step 2.
[INFO]:[04:19:05] Worker 11 running expansion phase for iteration 6.
[INFO]:[04:19:05] Worker 11 will use solver log file: /scratch/yorig/mpils-results-grid-ticks-10000-7may/medium-1/24proc-12pils/seed-4/2_cost266-UUE_seed-4_20260510_041704/solver/cplex.log_iteration_expansion_6_worker_11
[INFO]:[04:19:05] Expansion Worker 11 starting expansion for iteration 6.
[INFO]:[04:19:05] Starting CPLEX solver on instance: /home/yorig/tuner/mpils-tests/instances/miplib/medium-1/cost266-UUE.mps with config: /scratch/yorig/mpils-results-grid-ticks-10000-7may/medium-1/24proc-12pils/seed-4/2_cost266-UUE_seed-4_20260510_041704/expansion/config_param_CPXPARAM_MIP_Limits_AggForCut_10_iter_6.prm
[INFO]:[04:19:11] CPLEX results. Gap: 8.110000, upper bound: 25331134.580000, lower bound: 23277203.251580
[INFO]:[04:19:11] CPLEX solver finished. Gap: 8.110000
[INFO]:[04:19:16] Expansion Worker 11 stopping early after global MPI expansion stop was activated.
[INFO]:[04:19:16] Expansion Worker 11 completed expansion.
[INFO]:[04:19:16] Worker 11 completed expansion phase.
[INFO]:[04:19:17] Worker 11 received order for step 1.
[INFO]:[04:19:17] Worker 11 running exploration phase for iteration 7.
[INFO]:[04:19:17] Worker 11 at iteration 7 will not use a MIP start file. Current best MIP-start upper bound threshold is 1.79769e+308.
[INFO]:[04:19:17] Starting local search phase...
[INFO]:[04:19:17] Worker (ils_group_rank=11) entering parallel ILS evaluation service.
[INFO]:[04:19:17] Starting CPLEX solver on instance: /home/yorig/tuner/mpils-tests/instances/miplib/medium-1/cost266-UUE.mps with config: /scratch/yorig/mpils-results-grid-ticks-10000-7may/medium-1/24proc-12pils/seed-4/2_cost266-UUE_seed-4_20260510_041704/iterated_local_search/run_7_worker_0/parallel_0_11.prm
[INFO]:[04:19:22] CPLEX results. Gap: 7.230000, upper bound: 25333562.620000, lower bound: 23500867.533368
[INFO]:[04:19:22] CPLEX solver finished. Gap: 7.230000
[INFO]:[04:19:22] Starting CPLEX solver on instance: /home/yorig/tuner/mpils-tests/instances/miplib/medium-1/cost266-UUE.mps with config: /scratch/yorig/mpils-results-grid-ticks-10000-7may/medium-1/24proc-12pils/seed-4/2_cost266-UUE_seed-4_20260510_041704/iterated_local_search/run_7_worker_0/parallel_12_11.prm
[INFO]:[04:19:28] CPLEX results. Gap: 7.230000, upper bound: 25619399.200000, lower bound: 23767478.323028
[INFO]:[04:19:28] CPLEX solver finished. Gap: 7.230000
[INFO]:[04:19:28] Starting CPLEX solver on instance: /home/yorig/tuner/mpils-tests/instances/miplib/medium-1/cost266-UUE.mps with config: /scratch/yorig/mpils-results-grid-ticks-10000-7may/medium-1/24proc-12pils/seed-4/2_cost266-UUE_seed-4_20260510_041704/iterated_local_search/run_7_worker_0/parallel_24_11.prm
[INFO]:[04:19:33] CPLEX results. Gap: 7.400000, upper bound: 25429124.460000, lower bound: 23546277.080210
[INFO]:[04:19:33] CPLEX solver finished. Gap: 7.400000
[INFO]:[04:19:34] Worker (ils_group_rank=11) exiting parallel ILS evaluation service.
[INFO]:[04:19:34] Worker 11 completed exploration phase.
[INFO]:[04:19:34] Worker 11 received order for step 2.
[INFO]:[04:19:34] Worker 11 running expansion phase for iteration 7.
[INFO]:[04:19:34] Worker 11 will use solver log file: /scratch/yorig/mpils-results-grid-ticks-10000-7may/medium-1/24proc-12pils/seed-4/2_cost266-UUE_seed-4_20260510_041704/solver/cplex.log_iteration_expansion_7_worker_11
[INFO]:[04:19:34] Expansion Worker 11 starting expansion for iteration 7.
[INFO]:[04:19:34] Starting CPLEX solver on instance: /home/yorig/tuner/mpils-tests/instances/miplib/medium-1/cost266-UUE.mps with config: /scratch/yorig/mpils-results-grid-ticks-10000-7may/medium-1/24proc-12pils/seed-4/2_cost266-UUE_seed-4_20260510_041704/expansion/config_param_CPXPARAM_Feasopt_Mode_2_iter_7.prm
[INFO]:[04:19:39] CPLEX results. Gap: 6.530000, upper bound: 25422301.900000, lower bound: 23762977.296955
[INFO]:[04:19:39] CPLEX solver finished. Gap: 6.530000
[INFO]:[04:19:39] Expansion Worker 11 stopping early after global MPI expansion stop was activated.
[INFO]:[04:19:39] Expansion Worker 11 completed expansion.
[INFO]:[04:19:39] Worker 11 completed expansion phase.
[INFO]:[04:19:40] Worker 11 received order for step 1.
[INFO]:[04:19:40] Worker 11 running exploration phase for iteration 8.
[INFO]:[04:19:40] Worker 11 at iteration 8 will not use a MIP start file. Current best MIP-start upper bound threshold is 1.79769e+308.
[INFO]:[04:19:40] Starting local search phase...
[INFO]:[04:19:40] Worker (ils_group_rank=11) entering parallel ILS evaluation service.
[INFO]:[04:19:40] Starting CPLEX solver on instance: /home/yorig/tuner/mpils-tests/instances/miplib/medium-1/cost266-UUE.mps with config: /scratch/yorig/mpils-results-grid-ticks-10000-7may/medium-1/24proc-12pils/seed-4/2_cost266-UUE_seed-4_20260510_041704/iterated_local_search/run_8_worker_0/parallel_0_11.prm
[INFO]:[04:19:45] CPLEX results. Gap: 7.200000, upper bound: 25619399.200000, lower bound: 23775990.731301
[INFO]:[04:19:45] CPLEX solver finished. Gap: 7.200000
[INFO]:[04:19:46] Starting CPLEX solver on instance: /home/yorig/tuner/mpils-tests/instances/miplib/medium-1/cost266-UUE.mps with config: /scratch/yorig/mpils-results-grid-ticks-10000-7may/medium-1/24proc-12pils/seed-4/2_cost266-UUE_seed-4_20260510_041704/iterated_local_search/run_8_worker_0/parallel_12_11.prm
[INFO]:[04:19:51] CPLEX results. Gap: 7.180000, upper bound: 25619399.200000, lower bound: 23780657.241400
[INFO]:[04:19:51] CPLEX solver finished. Gap: 7.180000
[INFO]:[04:19:51] Worker (ils_group_rank=11) exiting parallel ILS evaluation service.
[INFO]:[04:19:52] Worker 11 completed exploration phase.
[INFO]:[04:19:52] Worker 11 received order for step 2.
[INFO]:[04:19:52] Worker 11 running expansion phase for iteration 8.
[INFO]:[04:19:52] Worker 11 will use solver log file: /scratch/yorig/mpils-results-grid-ticks-10000-7may/medium-1/24proc-12pils/seed-4/2_cost266-UUE_seed-4_20260510_041704/solver/cplex.log_iteration_expansion_8_worker_11
[INFO]:[04:19:52] Expansion Worker 11 starting expansion for iteration 8.
[INFO]:[04:19:52] Starting CPLEX solver on instance: /home/yorig/tuner/mpils-tests/instances/miplib/medium-1/cost266-UUE.mps with config: /scratch/yorig/mpils-results-grid-ticks-10000-7may/medium-1/24proc-12pils/seed-4/2_cost266-UUE_seed-4_20260510_041704/expansion/config_param_CPXPARAM_Emphasis_Numerical_1_iter_8.prm
[INFO]:[04:19:58] CPLEX results. Gap: 8.740000, upper bound: 25671654.530000, lower bound: 23427017.776701
[INFO]:[04:19:58] CPLEX solver finished. Gap: 8.740000
[INFO]:[04:20:03] Expansion Worker 11 completed expansion.
[INFO]:[04:20:03] Worker 11 completed expansion phase.
[INFO]:[04:20:04] Worker 11 received order for step 1.
[INFO]:[04:20:04] Worker 11 running exploration phase for iteration 9.
[INFO]:[04:20:04] Worker 11 at iteration 9 will not use a MIP start file. Current best MIP-start upper bound threshold is 1.79769e+308.
[INFO]:[04:20:04] Starting local search phase...
[INFO]:[04:20:04] Worker (ils_group_rank=11) entering parallel ILS evaluation service.
[INFO]:[04:20:04] Starting CPLEX solver on instance: /home/yorig/tuner/mpils-tests/instances/miplib/medium-1/cost266-UUE.mps with config: /scratch/yorig/mpils-results-grid-ticks-10000-7may/medium-1/24proc-12pils/seed-4/2_cost266-UUE_seed-4_20260510_041704/iterated_local_search/run_9_worker_0/parallel_0_11.prm
[INFO]:[04:20:09] CPLEX results. Gap: 7.200000, upper bound: 25619399.200000, lower bound: 23775990.731301
[INFO]:[04:20:09] CPLEX solver finished. Gap: 7.200000
[INFO]:[04:20:10] Starting CPLEX solver on instance: /home/yorig/tuner/mpils-tests/instances/miplib/medium-1/cost266-UUE.mps with config: /scratch/yorig/mpils-results-grid-ticks-10000-7may/medium-1/24proc-12pils/seed-4/2_cost266-UUE_seed-4_20260510_041704/iterated_local_search/run_9_worker_0/parallel_12_11.prm
[INFO]:[04:20:15] CPLEX results. Gap: 9.100000, upper bound: 25421275.620000, lower bound: 23107464.778025
[INFO]:[04:20:15] CPLEX solver finished. Gap: 9.100000
[INFO]:[04:20:15] Starting CPLEX solver on instance: /home/yorig/tuner/mpils-tests/instances/miplib/medium-1/cost266-UUE.mps with config: /scratch/yorig/mpils-results-grid-ticks-10000-7may/medium-1/24proc-12pils/seed-4/2_cost266-UUE_seed-4_20260510_041704/iterated_local_search/run_9_worker_0/parallel_24_11.prm
[INFO]:[04:20:21] CPLEX results. Gap: 8.710000, upper bound: 25472998.060000, lower bound: 23254588.208098
[INFO]:[04:20:21] CPLEX solver finished. Gap: 8.710000
[INFO]:[04:20:21] Worker (ils_group_rank=11) exiting parallel ILS evaluation service.
[INFO]:[04:20:22] Worker 11 completed exploration phase.
[INFO]:[04:20:22] Worker 11 received order for step 2.
[INFO]:[04:20:22] Worker 11 running expansion phase for iteration 9.
[INFO]:[04:20:22] Worker 11 will use solver log file: /scratch/yorig/mpils-results-grid-ticks-10000-7may/medium-1/24proc-12pils/seed-4/2_cost266-UUE_seed-4_20260510_041704/solver/cplex.log_iteration_expansion_9_worker_11
[INFO]:[04:20:22] Expansion Worker 11 starting expansion for iteration 9.
[INFO]:[04:20:22] Starting CPLEX solver on instance: /home/yorig/tuner/mpils-tests/instances/miplib/medium-1/cost266-UUE.mps with config: /scratch/yorig/mpils-results-grid-ticks-10000-7may/medium-1/24proc-12pils/seed-4/2_cost266-UUE_seed-4_20260510_041704/expansion/config_param_CPXPARAM_Barrier_Algorithm_3_iter_9.prm
[INFO]:[04:20:28] CPLEX results. Gap: 6.520000, upper bound: 25265913.220000, lower bound: 23618336.120035
[INFO]:[04:20:28] CPLEX solver finished. Gap: 6.520000
[INFO]:[04:20:28] Expansion Worker 11 completed expansion.
[INFO]:[04:20:28] Worker 11 completed expansion phase.
[INFO]:[04:20:28] Worker 11 received order for step 1.
[INFO]:[04:20:28] Worker 11 running exploration phase for iteration 10.
[INFO]:[04:20:28] Worker 11 at iteration 10 will not use a MIP start file. Current best MIP-start upper bound threshold is 1.79769e+308.
[INFO]:[04:20:28] Starting local search phase...
[INFO]:[04:20:28] Worker (ils_group_rank=11) entering parallel ILS evaluation service.
[INFO]:[04:20:29] Starting CPLEX solver on instance: /home/yorig/tuner/mpils-tests/instances/miplib/medium-1/cost266-UUE.mps with config: /scratch/yorig/mpils-results-grid-ticks-10000-7may/medium-1/24proc-12pils/seed-4/2_cost266-UUE_seed-4_20260510_041704/iterated_local_search/run_10_worker_0/parallel_0_11.prm
[INFO]:[04:20:34] CPLEX results. Gap: 8.930000, upper bound: 25376494.420000, lower bound: 23109255.593354
[INFO]:[04:20:34] CPLEX solver finished. Gap: 8.930000
[INFO]:[04:20:34] Starting CPLEX solver on instance: /home/yorig/tuner/mpils-tests/instances/miplib/medium-1/cost266-UUE.mps with config: /scratch/yorig/mpils-results-grid-ticks-10000-7may/medium-1/24proc-12pils/seed-4/2_cost266-UUE_seed-4_20260510_041704/iterated_local_search/run_10_worker_0/parallel_12_11.prm
[INFO]:[04:20:40] CPLEX results. Gap: 9.090000, upper bound: 25528802.880000, lower bound: 23208007.398886
[INFO]:[04:20:40] CPLEX solver finished. Gap: 9.090000
[INFO]:[04:20:40] Starting CPLEX solver on instance: /home/yorig/tuner/mpils-tests/instances/miplib/medium-1/cost266-UUE.mps with config: /scratch/yorig/mpils-results-grid-ticks-10000-7may/medium-1/24proc-12pils/seed-4/2_cost266-UUE_seed-4_20260510_041704/iterated_local_search/run_10_worker_0/parallel_24_11.prm
[INFO]:[04:20:45] CPLEX results. Gap: 8.680000, upper bound: 25339929.180000, lower bound: 23141404.131690
[INFO]:[04:20:45] CPLEX solver finished. Gap: 8.680000
[INFO]:[04:20:45] Worker (ils_group_rank=11) exiting parallel ILS evaluation service.
[INFO]:[04:20:47] Worker 11 completed exploration phase.
[INFO]:[04:20:47] Worker 11 received order for step 3.
[INFO]:[04:20:47] Worker 11 finished.
