[INFO]:[21:54:59] Worker 1 starting.
[INFO]:[21:54:59] Worker 1 received order for step 1.
[INFO]:[21:54:59] Worker 1 running exploration phase for iteration 1.
[INFO]:[21:54:59] Worker 1 at iteration 1 will not use a MIP start file. Current best MIP-start upper bound threshold is 1.79769e+308.
[INFO]:[21:54:59] Starting local search phase...
[INFO]:[21:54:59] Worker (ils_group_rank=1) entering parallel ILS evaluation service.
[INFO]:[21:54:59] Starting CPLEX solver on instance: /home/yorig/tuner/mpils-tests/instances/miplib/medium-2/supportcase6.mps with config: /scratch/yorig/mpils-results-grid-ticks-10000-7may/medium-2/4proc-4pils/seed-7/9_supportcase6_seed-7_20260510_215459/iterated_local_search/run_1_worker_0/parallel_0_1.prm
[INFO]:[21:55:06] CPLEX results. Gap: 13.330000, upper bound: 52112.367686, lower bound: 45165.579073
[INFO]:[21:55:06] CPLEX solver finished. Gap: 13.330000
[INFO]:[21:55:07] Starting CPLEX solver on instance: /home/yorig/tuner/mpils-tests/instances/miplib/medium-2/supportcase6.mps with config: /scratch/yorig/mpils-results-grid-ticks-10000-7may/medium-2/4proc-4pils/seed-7/9_supportcase6_seed-7_20260510_215459/iterated_local_search/run_1_worker_0/parallel_4_1.prm
[INFO]:[21:55:13] CPLEX results. Gap: 13.330000, upper bound: 52112.367686, lower bound: 45165.579073
[INFO]:[21:55:13] CPLEX solver finished. Gap: 13.330000
[INFO]:[21:55:15] Starting CPLEX solver on instance: /home/yorig/tuner/mpils-tests/instances/miplib/medium-2/supportcase6.mps with config: /scratch/yorig/mpils-results-grid-ticks-10000-7may/medium-2/4proc-4pils/seed-7/9_supportcase6_seed-7_20260510_215459/iterated_local_search/run_1_worker_0/parallel_8_1.prm
[INFO]:[21:55:21] CPLEX results. Gap: 13.330000, upper bound: 52112.367686, lower bound: 45165.579073
[INFO]:[21:55:21] CPLEX solver finished. Gap: 13.330000
[INFO]:[21:55:23] Starting CPLEX solver on instance: /home/yorig/tuner/mpils-tests/instances/miplib/medium-2/supportcase6.mps with config: /scratch/yorig/mpils-results-grid-ticks-10000-7may/medium-2/4proc-4pils/seed-7/9_supportcase6_seed-7_20260510_215459/iterated_local_search/run_1_worker_0/parallel_12_1.prm
[INFO]:[21:55:29] CPLEX results. Gap: 45.120000, upper bound: 82302.967557, lower bound: 45165.579073
[INFO]:[21:55:29] CPLEX solver finished. Gap: 45.120000
[INFO]:[21:55:30] Starting CPLEX solver on instance: /home/yorig/tuner/mpils-tests/instances/miplib/medium-2/supportcase6.mps with config: /scratch/yorig/mpils-results-grid-ticks-10000-7may/medium-2/4proc-4pils/seed-7/9_supportcase6_seed-7_20260510_215459/iterated_local_search/run_1_worker_0/parallel_16_1.prm
[INFO]:[21:55:37] CPLEX results. Gap: 55.980000, upper bound: 102597.533860, lower bound: 45165.327144
[INFO]:[21:55:37] CPLEX solver finished. Gap: 55.980000
[INFO]:[21:55:38] Worker (ils_group_rank=1) exiting parallel ILS evaluation service.
[INFO]:[21:55:38] Worker 1 completed exploration phase.
[INFO]:[21:55:38] Worker 1 received order for step 2.
[INFO]:[21:55:38] Worker 1 running expansion phase for iteration 1.
[INFO]:[21:55:38] Worker 1 will use solver log file: /scratch/yorig/mpils-results-grid-ticks-10000-7may/medium-2/4proc-4pils/seed-7/9_supportcase6_seed-7_20260510_215459/solver/cplex.log_iteration_expansion_1_worker_1
[INFO]:[21:55:38] Expansion Worker 1 starting expansion for iteration 1.
[INFO]:[21:55:38] Starting CPLEX solver on instance: /home/yorig/tuner/mpils-tests/instances/miplib/medium-2/supportcase6.mps with config: /scratch/yorig/mpils-results-grid-ticks-10000-7may/medium-2/4proc-4pils/seed-7/9_supportcase6_seed-7_20260510_215459/expansion/config_param_CPXPARAM_MIP_Strategy_Probe_1_iter_1.prm
[INFO]:[21:55:44] CPLEX results. Gap: 55.980000, upper bound: 102597.533860, lower bound: 45165.579073
[INFO]:[21:55:44] CPLEX solver finished. Gap: 55.980000
[INFO]:[21:55:48] Starting CPLEX solver on instance: /home/yorig/tuner/mpils-tests/instances/miplib/medium-2/supportcase6.mps with config: /scratch/yorig/mpils-results-grid-ticks-10000-7may/medium-2/4proc-4pils/seed-7/9_supportcase6_seed-7_20260510_215459/expansion/config_param_CPXPARAM_MIP_Cuts_Covers_1_iter_1.prm
[INFO]:[21:55:54] CPLEX results. Gap: 13.330000, upper bound: 52112.367686, lower bound: 45165.579073
[INFO]:[21:55:54] CPLEX solver finished. Gap: 13.330000
[INFO]:[21:55:56] Starting CPLEX solver on instance: /home/yorig/tuner/mpils-tests/instances/miplib/medium-2/supportcase6.mps with config: /scratch/yorig/mpils-results-grid-ticks-10000-7may/medium-2/4proc-4pils/seed-7/9_supportcase6_seed-7_20260510_215459/expansion/config_param_CPXPARAM_MIP_Strategy_VariableSelect_1_iter_1.prm
[INFO]:[21:56:02] CPLEX results. Gap: 13.330000, upper bound: 52112.367686, lower bound: 45165.579073
[INFO]:[21:56:02] CPLEX solver finished. Gap: 13.330000
[INFO]:[21:56:03] Starting CPLEX solver on instance: /home/yorig/tuner/mpils-tests/instances/miplib/medium-2/supportcase6.mps with config: /scratch/yorig/mpils-results-grid-ticks-10000-7may/medium-2/4proc-4pils/seed-7/9_supportcase6_seed-7_20260510_215459/expansion/config_param_CPXPARAM_MIP_Strategy_NodeSelect_0_iter_1.prm
[INFO]:[21:56:09] CPLEX results. Gap: 13.330000, upper bound: 52112.367686, lower bound: 45165.579073
[INFO]:[21:56:09] CPLEX solver finished. Gap: 13.330000
[INFO]:[21:56:11] Starting CPLEX solver on instance: /home/yorig/tuner/mpils-tests/instances/miplib/medium-2/supportcase6.mps with config: /scratch/yorig/mpils-results-grid-ticks-10000-7may/medium-2/4proc-4pils/seed-7/9_supportcase6_seed-7_20260510_215459/expansion/config_param_CPXPARAM_MIP_Strategy_Dive_2_iter_1.prm
[INFO]:[21:56:16] CPLEX results. Gap: 13.330000, upper bound: 52112.367686, lower bound: 45165.579073
[INFO]:[21:56:16] CPLEX solver finished. Gap: 13.330000
[INFO]:[21:56:18] Starting CPLEX solver on instance: /home/yorig/tuner/mpils-tests/instances/miplib/medium-2/supportcase6.mps with config: /scratch/yorig/mpils-results-grid-ticks-10000-7may/medium-2/4proc-4pils/seed-7/9_supportcase6_seed-7_20260510_215459/expansion/config_param_CPXPARAM_MIP_Limits_ProbeTime_2_iter_1.prm
[INFO]:[21:56:24] CPLEX results. Gap: 55.980000, upper bound: 102597.533860, lower bound: 45165.579073
[INFO]:[21:56:24] CPLEX solver finished. Gap: 55.980000
[INFO]:[21:56:29] Starting CPLEX solver on instance: /home/yorig/tuner/mpils-tests/instances/miplib/medium-2/supportcase6.mps with config: /scratch/yorig/mpils-results-grid-ticks-10000-7may/medium-2/4proc-4pils/seed-7/9_supportcase6_seed-7_20260510_215459/expansion/config_param_CPXPARAM_MIP_Limits_ProbeTime_30_iter_1.prm
[INFO]:[21:56:37] CPLEX results. Gap: 100.000000, upper bound: 102597.533860, lower bound: 0.000000
[INFO]:[21:56:37] CPLEX solver finished. Gap: 100.000000
[INFO]:[21:56:42] Starting CPLEX solver on instance: /home/yorig/tuner/mpils-tests/instances/miplib/medium-2/supportcase6.mps with config: /scratch/yorig/mpils-results-grid-ticks-10000-7may/medium-2/4proc-4pils/seed-7/9_supportcase6_seed-7_20260510_215459/expansion/config_param_CPXPARAM_MIP_Limits_ProbeTime_120_iter_1.prm
[INFO]:[21:56:50] CPLEX results. Gap: 100.000000, upper bound: 102597.533860, lower bound: 0.000000
[INFO]:[21:56:50] CPLEX solver finished. Gap: 100.000000
[INFO]:[21:56:54] Starting CPLEX solver on instance: /home/yorig/tuner/mpils-tests/instances/miplib/medium-2/supportcase6.mps with config: /scratch/yorig/mpils-results-grid-ticks-10000-7may/medium-2/4proc-4pils/seed-7/9_supportcase6_seed-7_20260510_215459/expansion/config_param_CPXPARAM_MIP_Strategy_RINSHeur_40_iter_1.prm
[INFO]:[21:56:59] CPLEX results. Gap: 13.330000, upper bound: 52112.367686, lower bound: 45165.579073
[INFO]:[21:56:59] CPLEX solver finished. Gap: 13.330000
[INFO]:[21:57:01] Starting CPLEX solver on instance: /home/yorig/tuner/mpils-tests/instances/miplib/medium-2/supportcase6.mps with config: /scratch/yorig/mpils-results-grid-ticks-10000-7may/medium-2/4proc-4pils/seed-7/9_supportcase6_seed-7_20260510_215459/expansion/config_param_CPXPARAM_MIP_Strategy_RINSHeur_500_iter_1.prm
[INFO]:[21:57:07] CPLEX results. Gap: 13.330000, upper bound: 52112.367686, lower bound: 45165.579073
[INFO]:[21:57:07] CPLEX solver finished. Gap: 13.330000
[INFO]:[21:57:08] Starting CPLEX solver on instance: /home/yorig/tuner/mpils-tests/instances/miplib/medium-2/supportcase6.mps with config: /scratch/yorig/mpils-results-grid-ticks-10000-7may/medium-2/4proc-4pils/seed-7/9_supportcase6_seed-7_20260510_215459/expansion/config_param_CPXPARAM_MIP_Strategy_BBInterval_3_iter_1.prm
[INFO]:[21:57:14] CPLEX results. Gap: 13.330000, upper bound: 52112.367686, lower bound: 45165.579073
[INFO]:[21:57:14] CPLEX solver finished. Gap: 13.330000
[INFO]:[21:57:15] Starting CPLEX solver on instance: /home/yorig/tuner/mpils-tests/instances/miplib/medium-2/supportcase6.mps with config: /scratch/yorig/mpils-results-grid-ticks-10000-7may/medium-2/4proc-4pils/seed-7/9_supportcase6_seed-7_20260510_215459/expansion/config_param_CPXPARAM_MIP_Strategy_BBInterval_15_iter_1.prm
[INFO]:[21:57:21] CPLEX results. Gap: 13.330000, upper bound: 52112.367686, lower bound: 45165.579073
[INFO]:[21:57:21] CPLEX solver finished. Gap: 13.330000
[INFO]:[21:57:23] Starting CPLEX solver on instance: /home/yorig/tuner/mpils-tests/instances/miplib/medium-2/supportcase6.mps with config: /scratch/yorig/mpils-results-grid-ticks-10000-7may/medium-2/4proc-4pils/seed-7/9_supportcase6_seed-7_20260510_215459/expansion/config_param_CPXPARAM_MIP_Limits_CutsFactor_1_iter_1.prm
[INFO]:[21:57:29] CPLEX results. Gap: 13.500000, upper bound: 52128.164183, lower bound: 45090.732163
[INFO]:[21:57:29] CPLEX solver finished. Gap: 13.500000
[INFO]:[21:57:30] Starting CPLEX solver on instance: /home/yorig/tuner/mpils-tests/instances/miplib/medium-2/supportcase6.mps with config: /scratch/yorig/mpils-results-grid-ticks-10000-7may/medium-2/4proc-4pils/seed-7/9_supportcase6_seed-7_20260510_215459/expansion/config_param_CPXPARAM_MIP_Limits_CutsFactor_16_iter_1.prm
[INFO]:[21:57:36] CPLEX results. Gap: 13.330000, upper bound: 52112.367686, lower bound: 45165.579073
[INFO]:[21:57:36] CPLEX solver finished. Gap: 13.330000
[INFO]:[21:57:36] Expansion Worker 1 completed expansion.
[INFO]:[21:57:36] Worker 1 completed expansion phase.
[INFO]:[21:57:36] Worker 1 received order for step 1.
[INFO]:[21:57:36] Worker 1 running exploration phase for iteration 2.
[INFO]:[21:57:36] Worker 1 at iteration 2 will not use a MIP start file. Current best MIP-start upper bound threshold is 1.79769e+308.
[INFO]:[21:57:36] Starting local search phase...
[INFO]:[21:57:36] Worker (ils_group_rank=1) entering parallel ILS evaluation service.
[INFO]:[21:57:36] Starting CPLEX solver on instance: /home/yorig/tuner/mpils-tests/instances/miplib/medium-2/supportcase6.mps with config: /scratch/yorig/mpils-results-grid-ticks-10000-7may/medium-2/4proc-4pils/seed-7/9_supportcase6_seed-7_20260510_215459/iterated_local_search/run_2_worker_0/parallel_0_1.prm
[INFO]:[21:57:42] CPLEX results. Gap: 13.330000, upper bound: 52112.367686, lower bound: 45165.579073
[INFO]:[21:57:42] CPLEX solver finished. Gap: 13.330000
[INFO]:[21:57:44] Starting CPLEX solver on instance: /home/yorig/tuner/mpils-tests/instances/miplib/medium-2/supportcase6.mps with config: /scratch/yorig/mpils-results-grid-ticks-10000-7may/medium-2/4proc-4pils/seed-7/9_supportcase6_seed-7_20260510_215459/iterated_local_search/run_2_worker_0/parallel_4_1.prm
[INFO]:[21:57:49] CPLEX results. Gap: 13.330000, upper bound: 52112.367686, lower bound: 45165.579073
[INFO]:[21:57:49] CPLEX solver finished. Gap: 13.330000
[INFO]:[21:57:51] Worker (ils_group_rank=1) exiting parallel ILS evaluation service.
[INFO]:[21:57:51] Worker 1 completed exploration phase.
[INFO]:[21:57:51] Worker 1 received order for step 2.
[INFO]:[21:57:51] Worker 1 running expansion phase for iteration 2.
[INFO]:[21:57:51] Worker 1 will use solver log file: /scratch/yorig/mpils-results-grid-ticks-10000-7may/medium-2/4proc-4pils/seed-7/9_supportcase6_seed-7_20260510_215459/solver/cplex.log_iteration_expansion_2_worker_1
[INFO]:[21:57:51] Expansion Worker 1 starting expansion for iteration 2.
[INFO]:[21:57:51] Starting CPLEX solver on instance: /home/yorig/tuner/mpils-tests/instances/miplib/medium-2/supportcase6.mps with config: /scratch/yorig/mpils-results-grid-ticks-10000-7may/medium-2/4proc-4pils/seed-7/9_supportcase6_seed-7_20260510_215459/expansion/config_param_CPXPARAM_MIP_Strategy_PresolveNode_1_iter_2.prm
[INFO]:[21:57:57] CPLEX results. Gap: 13.330000, upper bound: 52112.367686, lower bound: 45165.579073
[INFO]:[21:57:57] CPLEX solver finished. Gap: 13.330000
[INFO]:[21:57:58] Starting CPLEX solver on instance: /home/yorig/tuner/mpils-tests/instances/miplib/medium-2/supportcase6.mps with config: /scratch/yorig/mpils-results-grid-ticks-10000-7may/medium-2/4proc-4pils/seed-7/9_supportcase6_seed-7_20260510_215459/expansion/config_param_CPXPARAM_Preprocessing_Presolve_0_iter_2.prm
[INFO]:[21:58:04] CPLEX results. Gap: 83.420000, upper bound: 312944.728401, lower bound: 51891.352715
[INFO]:[21:58:04] CPLEX solver finished. Gap: 83.420000
[INFO]:[21:58:06] Starting CPLEX solver on instance: /home/yorig/tuner/mpils-tests/instances/miplib/medium-2/supportcase6.mps with config: /scratch/yorig/mpils-results-grid-ticks-10000-7may/medium-2/4proc-4pils/seed-7/9_supportcase6_seed-7_20260510_215459/expansion/config_param_CPXPARAM_Preprocessing_Symmetry_3_iter_2.prm
[INFO]:[21:58:11] CPLEX results. Gap: 13.330000, upper bound: 52112.367686, lower bound: 45165.579073
[INFO]:[21:58:11] CPLEX solver finished. Gap: 13.330000
[INFO]:[21:58:13] Starting CPLEX solver on instance: /home/yorig/tuner/mpils-tests/instances/miplib/medium-2/supportcase6.mps with config: /scratch/yorig/mpils-results-grid-ticks-10000-7may/medium-2/4proc-4pils/seed-7/9_supportcase6_seed-7_20260510_215459/expansion/config_param_CPXPARAM_Preprocessing_Dual_1_iter_2.prm
[INFO]:[21:58:20] CPLEX results. Gap: 55.980000, upper bound: 102597.533860, lower bound: 45160.585035
[INFO]:[21:58:20] CPLEX solver finished. Gap: 55.980000
[INFO]:[21:58:21] Starting CPLEX solver on instance: /home/yorig/tuner/mpils-tests/instances/miplib/medium-2/supportcase6.mps with config: /scratch/yorig/mpils-results-grid-ticks-10000-7may/medium-2/4proc-4pils/seed-7/9_supportcase6_seed-7_20260510_215459/expansion/config_param_CPXPARAM_MIP_Strategy_HeuristicFreq_40_iter_2.prm
[INFO]:[21:58:27] CPLEX results. Gap: 13.330000, upper bound: 52112.367686, lower bound: 45165.579073
[INFO]:[21:58:27] CPLEX solver finished. Gap: 13.330000
[INFO]:[21:58:28] Starting CPLEX solver on instance: /home/yorig/tuner/mpils-tests/instances/miplib/medium-2/supportcase6.mps with config: /scratch/yorig/mpils-results-grid-ticks-10000-7may/medium-2/4proc-4pils/seed-7/9_supportcase6_seed-7_20260510_215459/expansion/config_param_CPXPARAM_MIP_Strategy_StartAlgorithm_1_iter_2.prm
[INFO]:[21:58:34] CPLEX results. Gap: 0.050000, upper bound: 51914.831346, lower bound: 51891.352715
[INFO]:[21:58:34] CPLEX solver finished. Gap: 0.050000
[INFO]:[21:58:34] Expansion Worker 1 found an improving configuration with objective value 0.05.
[INFO]:[21:58:34] Expansion Worker 1 stopping early after global MPI expansion stop was activated.
[INFO]:[21:58:34] Expansion Worker 1 completed expansion.
[INFO]:[21:58:34] Worker 1 completed expansion phase.
[INFO]:[21:58:35] Worker 1 received order for step 1.
[INFO]:[21:58:35] Worker 1 running exploration phase for iteration 3.
[INFO]:[21:58:35] Worker 1 at iteration 3 will not use a MIP start file. Current best MIP-start upper bound threshold is 1.79769e+308.
[INFO]:[21:58:35] Starting local search phase...
[INFO]:[21:58:35] Worker (ils_group_rank=1) entering parallel ILS evaluation service.
[INFO]:[21:58:35] Starting CPLEX solver on instance: /home/yorig/tuner/mpils-tests/instances/miplib/medium-2/supportcase6.mps with config: /scratch/yorig/mpils-results-grid-ticks-10000-7may/medium-2/4proc-4pils/seed-7/9_supportcase6_seed-7_20260510_215459/iterated_local_search/run_3_worker_0/parallel_0_1.prm
[INFO]:[21:58:40] CPLEX results. Gap: 13.330000, upper bound: 52112.367686, lower bound: 45165.579073
[INFO]:[21:58:40] CPLEX solver finished. Gap: 13.330000
[INFO]:[21:58:42] Starting CPLEX solver on instance: /home/yorig/tuner/mpils-tests/instances/miplib/medium-2/supportcase6.mps with config: /scratch/yorig/mpils-results-grid-ticks-10000-7may/medium-2/4proc-4pils/seed-7/9_supportcase6_seed-7_20260510_215459/iterated_local_search/run_3_worker_0/parallel_4_1.prm
[INFO]:[21:58:48] CPLEX results. Gap: 13.330000, upper bound: 52112.367686, lower bound: 45165.579073
[INFO]:[21:58:48] CPLEX solver finished. Gap: 13.330000
[INFO]:[21:58:50] Starting CPLEX solver on instance: /home/yorig/tuner/mpils-tests/instances/miplib/medium-2/supportcase6.mps with config: /scratch/yorig/mpils-results-grid-ticks-10000-7may/medium-2/4proc-4pils/seed-7/9_supportcase6_seed-7_20260510_215459/iterated_local_search/run_3_worker_0/parallel_8_1.prm
[INFO]:[21:58:55] CPLEX results. Gap: 13.500000, upper bound: 52128.164183, lower bound: 45090.732163
[INFO]:[21:58:55] CPLEX solver finished. Gap: 13.500000
[INFO]:[21:58:57] Worker (ils_group_rank=1) exiting parallel ILS evaluation service.
[INFO]:[21:58:57] Worker 1 completed exploration phase.
[INFO]:[21:58:57] Worker 1 received order for step 2.
[INFO]:[21:58:57] Worker 1 running expansion phase for iteration 3.
[INFO]:[21:58:57] Worker 1 will use solver log file: /scratch/yorig/mpils-results-grid-ticks-10000-7may/medium-2/4proc-4pils/seed-7/9_supportcase6_seed-7_20260510_215459/solver/cplex.log_iteration_expansion_3_worker_1
[INFO]:[21:58:57] Expansion Worker 1 starting expansion for iteration 3.
[INFO]:[21:58:57] Starting CPLEX solver on instance: /home/yorig/tuner/mpils-tests/instances/miplib/medium-2/supportcase6.mps with config: /scratch/yorig/mpils-results-grid-ticks-10000-7may/medium-2/4proc-4pils/seed-7/9_supportcase6_seed-7_20260510_215459/expansion/config_param_CPXPARAM_MIP_Strategy_SubAlgorithm_2_iter_3.prm
[INFO]:[21:59:03] CPLEX results. Gap: 0.050000, upper bound: 51914.831346, lower bound: 51891.352715
[INFO]:[21:59:03] CPLEX solver finished. Gap: 0.050000
[INFO]:[21:59:03] Starting CPLEX solver on instance: /home/yorig/tuner/mpils-tests/instances/miplib/medium-2/supportcase6.mps with config: /scratch/yorig/mpils-results-grid-ticks-10000-7may/medium-2/4proc-4pils/seed-7/9_supportcase6_seed-7_20260510_215459/expansion/config_param_CPXPARAM_Simplex_DGradient_1_iter_3.prm
[INFO]:[21:59:09] CPLEX results. Gap: 13.150000, upper bound: 51999.634479, lower bound: 45163.337634
[INFO]:[21:59:09] CPLEX solver finished. Gap: 13.150000
[INFO]:[21:59:09] Starting CPLEX solver on instance: /home/yorig/tuner/mpils-tests/instances/miplib/medium-2/supportcase6.mps with config: /scratch/yorig/mpils-results-grid-ticks-10000-7may/medium-2/4proc-4pils/seed-7/9_supportcase6_seed-7_20260510_215459/expansion/config_param_CPXPARAM_Simplex_DGradient_5_iter_3.prm
[INFO]:[21:59:15] CPLEX results. Gap: 13.120000, upper bound: 51986.158044, lower bound: 45165.579073
[INFO]:[21:59:15] CPLEX solver finished. Gap: 13.120000
[INFO]:[21:59:16] Starting CPLEX solver on instance: /home/yorig/tuner/mpils-tests/instances/miplib/medium-2/supportcase6.mps with config: /scratch/yorig/mpils-results-grid-ticks-10000-7may/medium-2/4proc-4pils/seed-7/9_supportcase6_seed-7_20260510_215459/expansion/config_param_CPXPARAM_Simplex_PGradient_3_iter_3.prm
[INFO]:[21:59:22] CPLEX results. Gap: 0.160000, upper bound: 51975.058910, lower bound: 51891.352715
[INFO]:[21:59:22] CPLEX solver finished. Gap: 0.160000
[INFO]:[21:59:23] Starting CPLEX solver on instance: /home/yorig/tuner/mpils-tests/instances/miplib/medium-2/supportcase6.mps with config: /scratch/yorig/mpils-results-grid-ticks-10000-7may/medium-2/4proc-4pils/seed-7/9_supportcase6_seed-7_20260510_215459/expansion/config_param_CPXPARAM_MIP_Limits_AggForCut_0_iter_3.prm
[INFO]:[21:59:29] CPLEX results. Gap: 0.050000, upper bound: 51914.831346, lower bound: 51891.352715
[INFO]:[21:59:29] CPLEX solver finished. Gap: 0.050000
[INFO]:[21:59:31] Starting CPLEX solver on instance: /home/yorig/tuner/mpils-tests/instances/miplib/medium-2/supportcase6.mps with config: /scratch/yorig/mpils-results-grid-ticks-10000-7may/medium-2/4proc-4pils/seed-7/9_supportcase6_seed-7_20260510_215459/expansion/config_param_CPXPARAM_MIP_Limits_AggForCut_10_iter_3.prm
[INFO]:[21:59:37] CPLEX results. Gap: 0.050000, upper bound: 51914.831346, lower bound: 51891.352715
[INFO]:[21:59:37] CPLEX solver finished. Gap: 0.050000
[INFO]:[21:59:38] Starting CPLEX solver on instance: /home/yorig/tuner/mpils-tests/instances/miplib/medium-2/supportcase6.mps with config: /scratch/yorig/mpils-results-grid-ticks-10000-7may/medium-2/4proc-4pils/seed-7/9_supportcase6_seed-7_20260510_215459/expansion/config_param_CPXPARAM_Preprocessing_Fill_40_iter_3.prm
[INFO]:[21:59:44] CPLEX results. Gap: 59.880000, upper bound: 112583.582383, lower bound: 45166.193506
[INFO]:[21:59:44] CPLEX solver finished. Gap: 59.880000
[INFO]:[21:59:45] Starting CPLEX solver on instance: /home/yorig/tuner/mpils-tests/instances/miplib/medium-2/supportcase6.mps with config: /scratch/yorig/mpils-results-grid-ticks-10000-7may/medium-2/4proc-4pils/seed-7/9_supportcase6_seed-7_20260510_215459/expansion/config_param_CPXPARAM_Barrier_Ordering_2_iter_3.prm
[INFO]:[21:59:51] CPLEX results. Gap: 0.050000, upper bound: 51914.831346, lower bound: 51891.352715
[INFO]:[21:59:51] CPLEX solver finished. Gap: 0.050000
[INFO]:[21:59:52] Starting CPLEX solver on instance: /home/yorig/tuner/mpils-tests/instances/miplib/medium-2/supportcase6.mps with config: /scratch/yorig/mpils-results-grid-ticks-10000-7may/medium-2/4proc-4pils/seed-7/9_supportcase6_seed-7_20260510_215459/expansion/config_param_CPXPARAM_Barrier_StartAlg_4_iter_3.prm
[INFO]:[21:59:58] CPLEX results. Gap: 0.050000, upper bound: 51914.831346, lower bound: 51891.352715
[INFO]:[21:59:58] CPLEX solver finished. Gap: 0.050000
[INFO]:[21:59:59] Expansion Worker 1 completed expansion.
[INFO]:[21:59:59] Worker 1 completed expansion phase.
[INFO]:[21:59:59] Worker 1 received order for step 1.
[INFO]:[21:59:59] Worker 1 running exploration phase for iteration 4.
[INFO]:[21:59:59] Worker 1 at iteration 4 will not use a MIP start file. Current best MIP-start upper bound threshold is 1.79769e+308.
[INFO]:[21:59:59] Starting local search phase...
[INFO]:[21:59:59] Worker (ils_group_rank=1) entering parallel ILS evaluation service.
[INFO]:[21:59:59] Starting CPLEX solver on instance: /home/yorig/tuner/mpils-tests/instances/miplib/medium-2/supportcase6.mps with config: /scratch/yorig/mpils-results-grid-ticks-10000-7may/medium-2/4proc-4pils/seed-7/9_supportcase6_seed-7_20260510_215459/iterated_local_search/run_4_worker_0/parallel_0_1.prm
[INFO]:[22:00:05] CPLEX results. Gap: 0.050000, upper bound: 51914.831346, lower bound: 51891.352715
[INFO]:[22:00:05] CPLEX solver finished. Gap: 0.050000
[INFO]:[22:00:06] Starting CPLEX solver on instance: /home/yorig/tuner/mpils-tests/instances/miplib/medium-2/supportcase6.mps with config: /scratch/yorig/mpils-results-grid-ticks-10000-7may/medium-2/4proc-4pils/seed-7/9_supportcase6_seed-7_20260510_215459/iterated_local_search/run_4_worker_0/parallel_4_1.prm
[INFO]:[22:00:13] CPLEX results. Gap: 55.980000, upper bound: 102597.533860, lower bound: 45166.193506
[INFO]:[22:00:13] CPLEX solver finished. Gap: 55.980000
[INFO]:[22:00:14] Worker (ils_group_rank=1) exiting parallel ILS evaluation service.
[INFO]:[22:00:14] Worker 1 completed exploration phase.
[INFO]:[22:00:14] Worker 1 received order for step 2.
[INFO]:[22:00:14] Worker 1 running expansion phase for iteration 4.
[INFO]:[22:00:14] Worker 1 will use solver log file: /scratch/yorig/mpils-results-grid-ticks-10000-7may/medium-2/4proc-4pils/seed-7/9_supportcase6_seed-7_20260510_215459/solver/cplex.log_iteration_expansion_4_worker_1
[INFO]:[22:00:14] Expansion Worker 1 starting expansion for iteration 4.
[INFO]:[22:00:14] Starting CPLEX solver on instance: /home/yorig/tuner/mpils-tests/instances/miplib/medium-2/supportcase6.mps with config: /scratch/yorig/mpils-results-grid-ticks-10000-7may/medium-2/4proc-4pils/seed-7/9_supportcase6_seed-7_20260510_215459/expansion/config_param_CPXPARAM_Preprocessing_CoeffReduce_1_iter_4.prm
[INFO]:[22:00:20] CPLEX results. Gap: 0.050000, upper bound: 51914.831346, lower bound: 51891.352715
[INFO]:[22:00:20] CPLEX solver finished. Gap: 0.050000
[INFO]:[22:00:21] Starting CPLEX solver on instance: /home/yorig/tuner/mpils-tests/instances/miplib/medium-2/supportcase6.mps with config: /scratch/yorig/mpils-results-grid-ticks-10000-7may/medium-2/4proc-4pils/seed-7/9_supportcase6_seed-7_20260510_215459/expansion/config_param_CPXPARAM_Simplex_Crash_0_iter_4.prm
[INFO]:[22:00:27] CPLEX results. Gap: 55.980000, upper bound: 102597.533860, lower bound: 45164.411188
[INFO]:[22:00:27] CPLEX solver finished. Gap: 55.980000
[INFO]:[22:00:28] Starting CPLEX solver on instance: /home/yorig/tuner/mpils-tests/instances/miplib/medium-2/supportcase6.mps with config: /scratch/yorig/mpils-results-grid-ticks-10000-7may/medium-2/4proc-4pils/seed-7/9_supportcase6_seed-7_20260510_215459/expansion/config_param_CPXPARAM_Preprocessing_Dependency_3_iter_4.prm
[INFO]:[22:00:34] CPLEX results. Gap: 0.050000, upper bound: 51914.831346, lower bound: 51891.352715
[INFO]:[22:00:34] CPLEX solver finished. Gap: 0.050000
[INFO]:[22:00:36] Starting CPLEX solver on instance: /home/yorig/tuner/mpils-tests/instances/miplib/medium-2/supportcase6.mps with config: /scratch/yorig/mpils-results-grid-ticks-10000-7may/medium-2/4proc-4pils/seed-7/9_supportcase6_seed-7_20260510_215459/expansion/config_param_CPXPARAM_Feasopt_Mode_4_iter_4.prm
[INFO]:[22:00:42] CPLEX results. Gap: 0.050000, upper bound: 51914.831346, lower bound: 51891.352715
[INFO]:[22:00:42] CPLEX solver finished. Gap: 0.050000
[INFO]:[22:00:43] Starting CPLEX solver on instance: /home/yorig/tuner/mpils-tests/instances/miplib/medium-2/supportcase6.mps with config: /scratch/yorig/mpils-results-grid-ticks-10000-7may/medium-2/4proc-4pils/seed-7/9_supportcase6_seed-7_20260510_215459/expansion/config_param_CPXPARAM_MIP_OrderType_2_iter_4.prm
[INFO]:[22:00:49] CPLEX results. Gap: 0.050000, upper bound: 51914.831346, lower bound: 51891.352715
[INFO]:[22:00:49] CPLEX solver finished. Gap: 0.050000
[INFO]:[22:00:50] Starting CPLEX solver on instance: /home/yorig/tuner/mpils-tests/instances/miplib/medium-2/supportcase6.mps with config: /scratch/yorig/mpils-results-grid-ticks-10000-7may/medium-2/4proc-4pils/seed-7/9_supportcase6_seed-7_20260510_215459/expansion/config_param_CPXPARAM_Network_Pricing_1_iter_4.prm
[INFO]:[22:00:56] CPLEX results. Gap: 0.050000, upper bound: 51914.831346, lower bound: 51891.352715
[INFO]:[22:00:56] CPLEX solver finished. Gap: 0.050000
[INFO]:[22:00:58] Starting CPLEX solver on instance: /home/yorig/tuner/mpils-tests/instances/miplib/medium-2/supportcase6.mps with config: /scratch/yorig/mpils-results-grid-ticks-10000-7may/medium-2/4proc-4pils/seed-7/9_supportcase6_seed-7_20260510_215459/expansion/config_param_CPXPARAM_MIP_Strategy_File_2_iter_4.prm
[INFO]:[22:01:04] CPLEX results. Gap: 0.050000, upper bound: 51914.831346, lower bound: 51891.352715
[INFO]:[22:01:04] CPLEX solver finished. Gap: 0.050000
[INFO]:[22:01:06] Expansion Worker 1 completed expansion.
[INFO]:[22:01:06] Worker 1 completed expansion phase.
[INFO]:[22:01:06] Worker 1 received order for step 1.
[INFO]:[22:01:06] Worker 1 running exploration phase for iteration 5.
[INFO]:[22:01:06] Worker 1 at iteration 5 will not use a MIP start file. Current best MIP-start upper bound threshold is 1.79769e+308.
[INFO]:[22:01:06] Starting local search phase...
[INFO]:[22:01:06] Worker (ils_group_rank=1) entering parallel ILS evaluation service.
[INFO]:[22:01:06] Starting CPLEX solver on instance: /home/yorig/tuner/mpils-tests/instances/miplib/medium-2/supportcase6.mps with config: /scratch/yorig/mpils-results-grid-ticks-10000-7may/medium-2/4proc-4pils/seed-7/9_supportcase6_seed-7_20260510_215459/iterated_local_search/run_5_worker_0/parallel_0_1.prm
[INFO]:[22:01:12] CPLEX results. Gap: 0.050000, upper bound: 51914.831346, lower bound: 51891.352715
[INFO]:[22:01:12] CPLEX solver finished. Gap: 0.050000
[INFO]:[22:01:13] Starting CPLEX solver on instance: /home/yorig/tuner/mpils-tests/instances/miplib/medium-2/supportcase6.mps with config: /scratch/yorig/mpils-results-grid-ticks-10000-7may/medium-2/4proc-4pils/seed-7/9_supportcase6_seed-7_20260510_215459/iterated_local_search/run_5_worker_0/parallel_4_1.prm
[INFO]:[22:01:19] CPLEX results. Gap: 0.050000, upper bound: 51914.831346, lower bound: 51891.352715
[INFO]:[22:01:19] CPLEX solver finished. Gap: 0.050000
[INFO]:[22:01:20] Starting CPLEX solver on instance: /home/yorig/tuner/mpils-tests/instances/miplib/medium-2/supportcase6.mps with config: /scratch/yorig/mpils-results-grid-ticks-10000-7may/medium-2/4proc-4pils/seed-7/9_supportcase6_seed-7_20260510_215459/iterated_local_search/run_5_worker_0/parallel_8_1.prm
[INFO]:[22:01:26] CPLEX results. Gap: 13.290000, upper bound: 51999.634479, lower bound: 45090.732163
[INFO]:[22:01:26] CPLEX solver finished. Gap: 13.290000
[INFO]:[22:01:28] Starting CPLEX solver on instance: /home/yorig/tuner/mpils-tests/instances/miplib/medium-2/supportcase6.mps with config: /scratch/yorig/mpils-results-grid-ticks-10000-7may/medium-2/4proc-4pils/seed-7/9_supportcase6_seed-7_20260510_215459/iterated_local_search/run_5_worker_0/parallel_12_1.prm
[INFO]:[22:01:34] CPLEX results. Gap: 0.050000, upper bound: 51914.831346, lower bound: 51891.352715
[INFO]:[22:01:34] CPLEX solver finished. Gap: 0.050000
[INFO]:[22:01:34] Starting CPLEX solver on instance: /home/yorig/tuner/mpils-tests/instances/miplib/medium-2/supportcase6.mps with config: /scratch/yorig/mpils-results-grid-ticks-10000-7may/medium-2/4proc-4pils/seed-7/9_supportcase6_seed-7_20260510_215459/iterated_local_search/run_5_worker_0/parallel_16_1.prm
[INFO]:[22:01:40] CPLEX results. Gap: 0.050000, upper bound: 51914.831346, lower bound: 51891.352715
[INFO]:[22:01:40] CPLEX solver finished. Gap: 0.050000
[INFO]:[22:01:41] Starting CPLEX solver on instance: /home/yorig/tuner/mpils-tests/instances/miplib/medium-2/supportcase6.mps with config: /scratch/yorig/mpils-results-grid-ticks-10000-7may/medium-2/4proc-4pils/seed-7/9_supportcase6_seed-7_20260510_215459/iterated_local_search/run_5_worker_0/parallel_20_1.prm
[INFO]:[22:01:47] CPLEX results. Gap: 0.050000, upper bound: 51914.831346, lower bound: 51891.352715
[INFO]:[22:01:47] CPLEX solver finished. Gap: 0.050000
[INFO]:[22:01:49] Starting CPLEX solver on instance: /home/yorig/tuner/mpils-tests/instances/miplib/medium-2/supportcase6.mps with config: /scratch/yorig/mpils-results-grid-ticks-10000-7may/medium-2/4proc-4pils/seed-7/9_supportcase6_seed-7_20260510_215459/iterated_local_search/run_5_worker_0/parallel_24_1.prm
[INFO]:[22:01:55] CPLEX results. Gap: 0.050000, upper bound: 51914.831346, lower bound: 51891.352715
[INFO]:[22:01:55] CPLEX solver finished. Gap: 0.050000
[INFO]:[22:01:56] Starting CPLEX solver on instance: /home/yorig/tuner/mpils-tests/instances/miplib/medium-2/supportcase6.mps with config: /scratch/yorig/mpils-results-grid-ticks-10000-7may/medium-2/4proc-4pils/seed-7/9_supportcase6_seed-7_20260510_215459/iterated_local_search/run_5_worker_0/parallel_28_1.prm
[INFO]:[22:02:02] CPLEX results. Gap: 0.050000, upper bound: 51914.831346, lower bound: 51891.352715
[INFO]:[22:02:02] CPLEX solver finished. Gap: 0.050000
[INFO]:[22:02:03] Worker (ils_group_rank=1) exiting parallel ILS evaluation service.
[INFO]:[22:02:03] Worker 1 completed exploration phase.
[INFO]:[22:02:03] Worker 1 received order for step 2.
[INFO]:[22:02:03] Worker 1 running expansion phase for iteration 5.
[INFO]:[22:02:03] Worker 1 will use solver log file: /scratch/yorig/mpils-results-grid-ticks-10000-7may/medium-2/4proc-4pils/seed-7/9_supportcase6_seed-7_20260510_215459/solver/cplex.log_iteration_expansion_5_worker_1
[INFO]:[22:02:03] Expansion Worker 1 starting expansion for iteration 5.
[INFO]:[22:02:03] Starting CPLEX solver on instance: /home/yorig/tuner/mpils-tests/instances/miplib/medium-2/supportcase6.mps with config: /scratch/yorig/mpils-results-grid-ticks-10000-7may/medium-2/4proc-4pils/seed-7/9_supportcase6_seed-7_20260510_215459/expansion/config_param_CPXPARAM_Preprocessing_Reduce_1_iter_5.prm
[INFO]:[22:02:08] CPLEX results. Gap: 59.920000, upper bound: 112697.744049, lower bound: 45165.579073
[INFO]:[22:02:08] CPLEX solver finished. Gap: 59.920000
[INFO]:[22:02:10] Starting CPLEX solver on instance: /home/yorig/tuner/mpils-tests/instances/miplib/medium-2/supportcase6.mps with config: /scratch/yorig/mpils-results-grid-ticks-10000-7may/medium-2/4proc-4pils/seed-7/9_supportcase6_seed-7_20260510_215459/expansion/config_param_CPXPARAM_Preprocessing_RepeatPresolve_0_iter_5.prm
[INFO]:[22:02:17] CPLEX results. Gap: 0.210000, upper bound: 51999.634479, lower bound: 51891.352715
[INFO]:[22:02:17] CPLEX solver finished. Gap: 0.210000
[INFO]:[22:02:17] Starting CPLEX solver on instance: /home/yorig/tuner/mpils-tests/instances/miplib/medium-2/supportcase6.mps with config: /scratch/yorig/mpils-results-grid-ticks-10000-7may/medium-2/4proc-4pils/seed-7/9_supportcase6_seed-7_20260510_215459/expansion/config_param_CPXPARAM_LPMethod_1_iter_5.prm
[INFO]:[22:02:23] CPLEX results. Gap: 0.050000, upper bound: 51914.831346, lower bound: 51891.352715
[INFO]:[22:02:23] CPLEX solver finished. Gap: 0.050000
[INFO]:[22:02:24] Starting CPLEX solver on instance: /home/yorig/tuner/mpils-tests/instances/miplib/medium-2/supportcase6.mps with config: /scratch/yorig/mpils-results-grid-ticks-10000-7may/medium-2/4proc-4pils/seed-7/9_supportcase6_seed-7_20260510_215459/expansion/config_param_CPXPARAM_LPMethod_5_iter_5.prm
[INFO]:[22:02:30] CPLEX results. Gap: 0.050000, upper bound: 51914.831346, lower bound: 51891.352715
[INFO]:[22:02:30] CPLEX solver finished. Gap: 0.050000
[INFO]:[22:02:31] Starting CPLEX solver on instance: /home/yorig/tuner/mpils-tests/instances/miplib/medium-2/supportcase6.mps with config: /scratch/yorig/mpils-results-grid-ticks-10000-7may/medium-2/4proc-4pils/seed-7/9_supportcase6_seed-7_20260510_215459/expansion/config_param_CPXPARAM_Sifting_Algorithm_1_iter_5.prm
[INFO]:[22:02:37] CPLEX results. Gap: 0.050000, upper bound: 51914.831346, lower bound: 51891.352715
[INFO]:[22:02:37] CPLEX solver finished. Gap: 0.050000
[INFO]:[22:02:39] Starting CPLEX solver on instance: /home/yorig/tuner/mpils-tests/instances/miplib/medium-2/supportcase6.mps with config: /scratch/yorig/mpils-results-grid-ticks-10000-7may/medium-2/4proc-4pils/seed-7/9_supportcase6_seed-7_20260510_215459/expansion/config_param_CPXPARAM_Simplex_Limits_Singularity_0_iter_5.prm
[INFO]:[22:02:45] CPLEX results. Gap: 0.050000, upper bound: 51914.831346, lower bound: 51891.352715
[INFO]:[22:02:45] CPLEX solver finished. Gap: 0.050000
[INFO]:[22:02:46] Starting CPLEX solver on instance: /home/yorig/tuner/mpils-tests/instances/miplib/medium-2/supportcase6.mps with config: /scratch/yorig/mpils-results-grid-ticks-10000-7may/medium-2/4proc-4pils/seed-7/9_supportcase6_seed-7_20260510_215459/expansion/config_param_CPXPARAM_Simplex_Limits_Singularity_40_iter_5.prm
[INFO]:[22:02:52] CPLEX results. Gap: 0.050000, upper bound: 51914.831346, lower bound: 51891.352715
[INFO]:[22:02:52] CPLEX solver finished. Gap: 0.050000
[INFO]:[22:02:53] Starting CPLEX solver on instance: /home/yorig/tuner/mpils-tests/instances/miplib/medium-2/supportcase6.mps with config: /scratch/yorig/mpils-results-grid-ticks-10000-7may/medium-2/4proc-4pils/seed-7/9_supportcase6_seed-7_20260510_215459/expansion/config_param_CPXPARAM_MIP_Limits_StrongCand_2_iter_5.prm
[INFO]:[22:02:59] CPLEX results. Gap: 0.050000, upper bound: 51914.831346, lower bound: 51891.352715
[INFO]:[22:02:59] CPLEX solver finished. Gap: 0.050000
[INFO]:[22:03:00] Starting CPLEX solver on instance: /home/yorig/tuner/mpils-tests/instances/miplib/medium-2/supportcase6.mps with config: /scratch/yorig/mpils-results-grid-ticks-10000-7may/medium-2/4proc-4pils/seed-7/9_supportcase6_seed-7_20260510_215459/expansion/config_param_CPXPARAM_Preprocessing_QPMakePSD_0_iter_5.prm
[INFO]:[22:03:06] CPLEX results. Gap: 0.050000, upper bound: 51914.831346, lower bound: 51891.352715
[INFO]:[22:03:06] CPLEX solver finished. Gap: 0.050000
[INFO]:[22:03:06] Expansion Worker 1 completed expansion.
[INFO]:[22:03:06] Worker 1 completed expansion phase.
[INFO]:[22:03:06] Worker 1 received order for step 1.
[INFO]:[22:03:06] Worker 1 running exploration phase for iteration 6.
[INFO]:[22:03:06] Worker 1 at iteration 6 will not use a MIP start file. Current best MIP-start upper bound threshold is 1.79769e+308.
[INFO]:[22:03:06] Starting local search phase...
[INFO]:[22:03:06] Worker (ils_group_rank=1) entering parallel ILS evaluation service.
[INFO]:[22:03:06] Starting CPLEX solver on instance: /home/yorig/tuner/mpils-tests/instances/miplib/medium-2/supportcase6.mps with config: /scratch/yorig/mpils-results-grid-ticks-10000-7may/medium-2/4proc-4pils/seed-7/9_supportcase6_seed-7_20260510_215459/iterated_local_search/run_6_worker_0/parallel_0_1.prm
[INFO]:[22:03:12] CPLEX results. Gap: 0.050000, upper bound: 51914.831346, lower bound: 51891.352715
[INFO]:[22:03:12] CPLEX solver finished. Gap: 0.050000
[INFO]:[22:03:13] Starting CPLEX solver on instance: /home/yorig/tuner/mpils-tests/instances/miplib/medium-2/supportcase6.mps with config: /scratch/yorig/mpils-results-grid-ticks-10000-7may/medium-2/4proc-4pils/seed-7/9_supportcase6_seed-7_20260510_215459/iterated_local_search/run_6_worker_0/parallel_4_1.prm
[INFO]:[22:03:19] CPLEX results. Gap: 55.980000, upper bound: 102597.533860, lower bound: 45164.411188
[INFO]:[22:03:19] CPLEX solver finished. Gap: 55.980000
[INFO]:[22:03:20] Starting CPLEX solver on instance: /home/yorig/tuner/mpils-tests/instances/miplib/medium-2/supportcase6.mps with config: /scratch/yorig/mpils-results-grid-ticks-10000-7may/medium-2/4proc-4pils/seed-7/9_supportcase6_seed-7_20260510_215459/iterated_local_search/run_6_worker_0/parallel_8_1.prm
[INFO]:[22:03:26] CPLEX results. Gap: 13.100000, upper bound: 51972.057840, lower bound: 45165.579073
[INFO]:[22:03:26] CPLEX solver finished. Gap: 13.100000
[INFO]:[22:03:28] Starting CPLEX solver on instance: /home/yorig/tuner/mpils-tests/instances/miplib/medium-2/supportcase6.mps with config: /scratch/yorig/mpils-results-grid-ticks-10000-7may/medium-2/4proc-4pils/seed-7/9_supportcase6_seed-7_20260510_215459/iterated_local_search/run_6_worker_0/parallel_12_1.prm
[INFO]:[22:03:34] CPLEX results. Gap: 0.050000, upper bound: 51914.831346, lower bound: 51891.352715
[INFO]:[22:03:34] CPLEX solver finished. Gap: 0.050000
[INFO]:[22:03:35] Starting CPLEX solver on instance: /home/yorig/tuner/mpils-tests/instances/miplib/medium-2/supportcase6.mps with config: /scratch/yorig/mpils-results-grid-ticks-10000-7may/medium-2/4proc-4pils/seed-7/9_supportcase6_seed-7_20260510_215459/iterated_local_search/run_6_worker_0/parallel_16_1.prm
[INFO]:[22:03:41] CPLEX results. Gap: 0.050000, upper bound: 51914.831346, lower bound: 51891.352715
[INFO]:[22:03:41] CPLEX solver finished. Gap: 0.050000
[INFO]:[22:03:42] Worker (ils_group_rank=1) exiting parallel ILS evaluation service.
[INFO]:[22:03:42] Worker 1 completed exploration phase.
[INFO]:[22:03:42] Worker 1 received order for step 2.
[INFO]:[22:03:42] Worker 1 running expansion phase for iteration 6.
[INFO]:[22:03:42] Worker 1 will use solver log file: /scratch/yorig/mpils-results-grid-ticks-10000-7may/medium-2/4proc-4pils/seed-7/9_supportcase6_seed-7_20260510_215459/solver/cplex.log_iteration_expansion_6_worker_1
[INFO]:[22:03:42] Expansion Worker 1 starting expansion for iteration 6.
[INFO]:[22:03:47] Expansion Worker 1 completed expansion.
[INFO]:[22:03:47] Worker 1 completed expansion phase.
[INFO]:[22:03:47] Worker 1 received order for step 1.
[INFO]:[22:03:47] Worker 1 running exploration phase for iteration 7.
[INFO]:[22:03:47] Worker 1 at iteration 7 will not use a MIP start file. Current best MIP-start upper bound threshold is 1.79769e+308.
[INFO]:[22:03:47] Starting local search phase...
[INFO]:[22:03:47] Worker (ils_group_rank=1) entering parallel ILS evaluation service.
[INFO]:[22:03:47] Starting CPLEX solver on instance: /home/yorig/tuner/mpils-tests/instances/miplib/medium-2/supportcase6.mps with config: /scratch/yorig/mpils-results-grid-ticks-10000-7may/medium-2/4proc-4pils/seed-7/9_supportcase6_seed-7_20260510_215459/iterated_local_search/run_7_worker_0/parallel_0_1.prm
[INFO]:[22:03:53] CPLEX results. Gap: 0.050000, upper bound: 51914.831346, lower bound: 51891.352715
[INFO]:[22:03:53] CPLEX solver finished. Gap: 0.050000
[INFO]:[22:03:54] Starting CPLEX solver on instance: /home/yorig/tuner/mpils-tests/instances/miplib/medium-2/supportcase6.mps with config: /scratch/yorig/mpils-results-grid-ticks-10000-7may/medium-2/4proc-4pils/seed-7/9_supportcase6_seed-7_20260510_215459/iterated_local_search/run_7_worker_0/parallel_4_1.prm
[INFO]:[22:04:00] CPLEX results. Gap: 0.050000, upper bound: 51914.831346, lower bound: 51891.352715
[INFO]:[22:04:00] CPLEX solver finished. Gap: 0.050000
[INFO]:[22:04:00] Starting CPLEX solver on instance: /home/yorig/tuner/mpils-tests/instances/miplib/medium-2/supportcase6.mps with config: /scratch/yorig/mpils-results-grid-ticks-10000-7may/medium-2/4proc-4pils/seed-7/9_supportcase6_seed-7_20260510_215459/iterated_local_search/run_7_worker_0/parallel_8_1.prm
[INFO]:[22:04:06] CPLEX results. Gap: 55.980000, upper bound: 102597.533860, lower bound: 45166.193506
[INFO]:[22:04:06] CPLEX solver finished. Gap: 55.980000
[INFO]:[22:04:07] Worker (ils_group_rank=1) exiting parallel ILS evaluation service.
[INFO]:[22:04:07] Worker 1 completed exploration phase.
[INFO]:[22:04:07] Worker 1 received order for step 3.
[INFO]:[22:04:07] Worker 1 finished.
