[INFO]:[19:01:06] Worker 5 starting.
[INFO]:[19:01:06] Worker 5 received order for step 1.
[INFO]:[19:01:06] Worker 5 running exploration phase for iteration 1.
[INFO]:[19:01:06] Worker 5 at iteration 1 will not use a MIP start file. Current best MIP-start upper bound threshold is 1.79769e+308.
[INFO]:[19:01:06] Starting local search phase...
[INFO]:[19:01:06] Worker (ils_group_rank=5) entering parallel ILS evaluation service.
[INFO]:[19:01:06] Starting CPLEX solver on instance: /home/yorig/tuner/mpils-tests/instances/miplib/medium-2/supportcase40.mps with config: /scratch/yorig/mpils-results-grid-ticks-10000-7may/medium-2/16proc-16pils/seed-8/8_supportcase40_seed-8_20260510_190105/iterated_local_search/run_1_worker_0/parallel_0_5.prm
[INFO]:[19:01:13] CPLEX results. Gap: 6.030000, upper bound: 24379.571835, lower bound: 22909.092907
[INFO]:[19:01:13] CPLEX solver finished. Gap: 6.030000
[INFO]:[19:01:14] Starting CPLEX solver on instance: /home/yorig/tuner/mpils-tests/instances/miplib/medium-2/supportcase40.mps with config: /scratch/yorig/mpils-results-grid-ticks-10000-7may/medium-2/16proc-16pils/seed-8/8_supportcase40_seed-8_20260510_190105/iterated_local_search/run_1_worker_0/parallel_16_5.prm
[INFO]:[19:01:22] CPLEX results. Gap: 4.780000, upper bound: 24816.242404, lower bound: 23629.986575
[INFO]:[19:01:22] CPLEX solver finished. Gap: 4.780000
[INFO]:[19:01:23] Worker (ils_group_rank=5) exiting parallel ILS evaluation service.
[INFO]:[19:01:23] Worker 5 completed exploration phase.
[INFO]:[19:01:23] Worker 5 received order for step 2.
[INFO]:[19:01:23] Worker 5 running expansion phase for iteration 1.
[INFO]:[19:01:23] Worker 5 will use solver log file: /scratch/yorig/mpils-results-grid-ticks-10000-7may/medium-2/16proc-16pils/seed-8/8_supportcase40_seed-8_20260510_190105/solver/cplex.log_iteration_expansion_1_worker_5
[INFO]:[19:01:23] Expansion Worker 5 starting expansion for iteration 1.
[INFO]:[19:01:23] Starting CPLEX solver on instance: /home/yorig/tuner/mpils-tests/instances/miplib/medium-2/supportcase40.mps with config: /scratch/yorig/mpils-results-grid-ticks-10000-7may/medium-2/16proc-16pils/seed-8/8_supportcase40_seed-8_20260510_190105/expansion/config_param_CPXPARAM_MIP_Cuts_Covers_1_iter_1.prm
[INFO]:[19:01:31] CPLEX results. Gap: 3.160000, upper bound: 24341.591982, lower bound: 23572.288156
[INFO]:[19:01:31] CPLEX solver finished. Gap: 3.160000
[INFO]:[19:01:31] Expansion Worker 5 found an improving configuration with objective value 3.16.
[INFO]:[19:01:31] Expansion Worker 5 stopping early after global MPI expansion stop was activated.
[INFO]:[19:01:31] Expansion Worker 5 completed expansion.
[INFO]:[19:01:31] Worker 5 completed expansion phase.
[INFO]:[19:01:31] Worker 5 received order for step 1.
[INFO]:[19:01:31] Worker 5 running exploration phase for iteration 2.
[INFO]:[19:01:31] Worker 5 at iteration 2 will not use a MIP start file. Current best MIP-start upper bound threshold is 1.79769e+308.
[INFO]:[19:01:31] Starting local search phase...
[INFO]:[19:01:31] Worker (ils_group_rank=5) entering parallel ILS evaluation service.
[INFO]:[19:01:31] Starting CPLEX solver on instance: /home/yorig/tuner/mpils-tests/instances/miplib/medium-2/supportcase40.mps with config: /scratch/yorig/mpils-results-grid-ticks-10000-7may/medium-2/16proc-16pils/seed-8/8_supportcase40_seed-8_20260510_190105/iterated_local_search/run_2_worker_0/parallel_0_5.prm
[INFO]:[19:01:39] CPLEX results. Gap: 5.760000, upper bound: 24340.432888, lower bound: 22939.077625
[INFO]:[19:01:39] CPLEX solver finished. Gap: 5.760000
[INFO]:[19:01:39] Worker (ils_group_rank=5) exiting parallel ILS evaluation service.
[INFO]:[19:01:39] Worker 5 completed exploration phase.
[INFO]:[19:01:39] Worker 5 received order for step 2.
[INFO]:[19:01:39] Worker 5 running expansion phase for iteration 2.
[INFO]:[19:01:39] Worker 5 will use solver log file: /scratch/yorig/mpils-results-grid-ticks-10000-7may/medium-2/16proc-16pils/seed-8/8_supportcase40_seed-8_20260510_190105/solver/cplex.log_iteration_expansion_2_worker_5
[INFO]:[19:01:39] Expansion Worker 5 starting expansion for iteration 2.
[INFO]:[19:01:39] Starting CPLEX solver on instance: /home/yorig/tuner/mpils-tests/instances/miplib/medium-2/supportcase40.mps with config: /scratch/yorig/mpils-results-grid-ticks-10000-7may/medium-2/16proc-16pils/seed-8/8_supportcase40_seed-8_20260510_190105/expansion/config_param_CPXPARAM_MIP_Strategy_NodeSelect_0_iter_2.prm
[INFO]:[19:01:46] CPLEX results. Gap: 7.150000, upper bound: 24711.209271, lower bound: 22943.303979
[INFO]:[19:01:46] CPLEX solver finished. Gap: 7.150000
[INFO]:[19:01:48] Expansion Worker 5 stopping early after global MPI expansion stop was activated.
[INFO]:[19:01:48] Expansion Worker 5 completed expansion.
[INFO]:[19:01:48] Worker 5 completed expansion phase.
[INFO]:[19:01:48] Worker 5 received order for step 1.
[INFO]:[19:01:48] Worker 5 running exploration phase for iteration 3.
[INFO]:[19:01:48] Worker 5 at iteration 3 will not use a MIP start file. Current best MIP-start upper bound threshold is 1.79769e+308.
[INFO]:[19:01:48] Starting local search phase...
[INFO]:[19:01:48] Worker (ils_group_rank=5) entering parallel ILS evaluation service.
[INFO]:[19:01:48] Starting CPLEX solver on instance: /home/yorig/tuner/mpils-tests/instances/miplib/medium-2/supportcase40.mps with config: /scratch/yorig/mpils-results-grid-ticks-10000-7may/medium-2/16proc-16pils/seed-8/8_supportcase40_seed-8_20260510_190105/iterated_local_search/run_3_worker_0/parallel_0_5.prm
[INFO]:[19:01:56] CPLEX results. Gap: 3.090000, upper bound: 24340.432888, lower bound: 23588.219861
[INFO]:[19:01:56] CPLEX solver finished. Gap: 3.090000
[INFO]:[19:01:56] Worker (ils_group_rank=5) exiting parallel ILS evaluation service.
[INFO]:[19:01:56] Worker 5 completed exploration phase.
[INFO]:[19:01:56] Worker 5 received order for step 2.
[INFO]:[19:01:56] Worker 5 running expansion phase for iteration 3.
[INFO]:[19:01:56] Worker 5 will use solver log file: /scratch/yorig/mpils-results-grid-ticks-10000-7may/medium-2/16proc-16pils/seed-8/8_supportcase40_seed-8_20260510_190105/solver/cplex.log_iteration_expansion_3_worker_5
[INFO]:[19:01:56] Expansion Worker 5 starting expansion for iteration 3.
[INFO]:[19:01:56] Starting CPLEX solver on instance: /home/yorig/tuner/mpils-tests/instances/miplib/medium-2/supportcase40.mps with config: /scratch/yorig/mpils-results-grid-ticks-10000-7may/medium-2/16proc-16pils/seed-8/8_supportcase40_seed-8_20260510_190105/expansion/config_param_CPXPARAM_MIP_Limits_ProbeTime_20_iter_3.prm
[INFO]:[19:02:04] CPLEX results. Gap: 3.060000, upper bound: 24341.591982, lower bound: 23596.314316
[INFO]:[19:02:04] CPLEX solver finished. Gap: 3.060000
[INFO]:[19:02:04] Starting CPLEX solver on instance: /home/yorig/tuner/mpils-tests/instances/miplib/medium-2/supportcase40.mps with config: /scratch/yorig/mpils-results-grid-ticks-10000-7may/medium-2/16proc-16pils/seed-8/8_supportcase40_seed-8_20260510_190105/expansion/config_param_CPXPARAM_MIP_Strategy_BBInterval_2_iter_3.prm
[INFO]:[19:02:12] CPLEX results. Gap: 3.060000, upper bound: 24341.591982, lower bound: 23596.314316
[INFO]:[19:02:12] CPLEX solver finished. Gap: 3.060000
[INFO]:[19:02:12] Starting CPLEX solver on instance: /home/yorig/tuner/mpils-tests/instances/miplib/medium-2/supportcase40.mps with config: /scratch/yorig/mpils-results-grid-ticks-10000-7may/medium-2/16proc-16pils/seed-8/8_supportcase40_seed-8_20260510_190105/expansion/config_param_CPXPARAM_MIP_Strategy_PresolveNode_2_iter_3.prm
[INFO]:[19:02:20] CPLEX results. Gap: 3.080000, upper bound: 24341.591982, lower bound: 23591.982484
[INFO]:[19:02:20] CPLEX solver finished. Gap: 3.080000
[INFO]:[19:02:28] Expansion Worker 5 completed expansion.
[INFO]:[19:02:28] Worker 5 completed expansion phase.
[INFO]:[19:02:28] Worker 5 received order for step 1.
[INFO]:[19:02:28] Worker 5 running exploration phase for iteration 4.
[INFO]:[19:02:28] Worker 5 at iteration 4 will not use a MIP start file. Current best MIP-start upper bound threshold is 1.79769e+308.
[INFO]:[19:02:28] Starting local search phase...
[INFO]:[19:02:28] Worker (ils_group_rank=5) entering parallel ILS evaluation service.
[INFO]:[19:02:28] Starting CPLEX solver on instance: /home/yorig/tuner/mpils-tests/instances/miplib/medium-2/supportcase40.mps with config: /scratch/yorig/mpils-results-grid-ticks-10000-7may/medium-2/16proc-16pils/seed-8/8_supportcase40_seed-8_20260510_190105/iterated_local_search/run_4_worker_0/parallel_0_5.prm
[INFO]:[19:02:36] CPLEX results. Gap: 5.030000, upper bound: 24621.505744, lower bound: 23383.916511
[INFO]:[19:02:36] CPLEX solver finished. Gap: 5.030000
[INFO]:[19:02:36] Starting CPLEX solver on instance: /home/yorig/tuner/mpils-tests/instances/miplib/medium-2/supportcase40.mps with config: /scratch/yorig/mpils-results-grid-ticks-10000-7may/medium-2/16proc-16pils/seed-8/8_supportcase40_seed-8_20260510_190105/iterated_local_search/run_4_worker_0/parallel_16_5.prm
[INFO]:[19:02:44] CPLEX results. Gap: 3.810000, upper bound: 24341.591982, lower bound: 23413.135955
[INFO]:[19:02:44] CPLEX solver finished. Gap: 3.810000
[INFO]:[19:02:44] Worker (ils_group_rank=5) exiting parallel ILS evaluation service.
[INFO]:[19:02:44] Worker 5 completed exploration phase.
[INFO]:[19:02:44] Worker 5 received order for step 2.
[INFO]:[19:02:44] Worker 5 running expansion phase for iteration 4.
[INFO]:[19:02:44] Worker 5 will use solver log file: /scratch/yorig/mpils-results-grid-ticks-10000-7may/medium-2/16proc-16pils/seed-8/8_supportcase40_seed-8_20260510_190105/solver/cplex.log_iteration_expansion_4_worker_5
[INFO]:[19:02:44] Expansion Worker 5 starting expansion for iteration 4.
[INFO]:[19:02:44] Starting CPLEX solver on instance: /home/yorig/tuner/mpils-tests/instances/miplib/medium-2/supportcase40.mps with config: /scratch/yorig/mpils-results-grid-ticks-10000-7may/medium-2/16proc-16pils/seed-8/8_supportcase40_seed-8_20260510_190105/expansion/config_param_CPXPARAM_MIP_Strategy_HeuristicFreq_500_iter_4.prm
[INFO]:[19:02:53] CPLEX results. Gap: 4.600000, upper bound: 24538.688614, lower bound: 23410.575223
[INFO]:[19:02:53] CPLEX solver finished. Gap: 4.600000
[INFO]:[19:02:53] Starting CPLEX solver on instance: /home/yorig/tuner/mpils-tests/instances/miplib/medium-2/supportcase40.mps with config: /scratch/yorig/mpils-results-grid-ticks-10000-7may/medium-2/16proc-16pils/seed-8/8_supportcase40_seed-8_20260510_190105/expansion/config_param_CPXPARAM_Simplex_DGradient_4_iter_4.prm
[INFO]:[19:03:00] CPLEX results. Gap: 4.080000, upper bound: 24414.022735, lower bound: 23417.495485
[INFO]:[19:03:00] CPLEX solver finished. Gap: 4.080000
[INFO]:[19:03:01] Starting CPLEX solver on instance: /home/yorig/tuner/mpils-tests/instances/miplib/medium-2/supportcase40.mps with config: /scratch/yorig/mpils-results-grid-ticks-10000-7may/medium-2/16proc-16pils/seed-8/8_supportcase40_seed-8_20260510_190105/expansion/config_param_CPXPARAM_Preprocessing_Fill_20_iter_4.prm
[INFO]:[19:03:08] CPLEX results. Gap: 2.870000, upper bound: 24340.432888, lower bound: 23640.832370
[INFO]:[19:03:08] CPLEX solver finished. Gap: 2.870000
[INFO]:[19:03:08] Expansion Worker 5 completed expansion.
[INFO]:[19:03:08] Worker 5 completed expansion phase.
[INFO]:[19:03:08] Worker 5 received order for step 1.
[INFO]:[19:03:08] Worker 5 running exploration phase for iteration 5.
[INFO]:[19:03:08] Worker 5 at iteration 5 will not use a MIP start file. Current best MIP-start upper bound threshold is 1.79769e+308.
[INFO]:[19:03:08] Starting local search phase...
[INFO]:[19:03:08] Worker (ils_group_rank=5) entering parallel ILS evaluation service.
[INFO]:[19:03:08] Starting CPLEX solver on instance: /home/yorig/tuner/mpils-tests/instances/miplib/medium-2/supportcase40.mps with config: /scratch/yorig/mpils-results-grid-ticks-10000-7may/medium-2/16proc-16pils/seed-8/8_supportcase40_seed-8_20260510_190105/iterated_local_search/run_5_worker_0/parallel_0_5.prm
[INFO]:[19:03:16] CPLEX results. Gap: 6.660000, upper bound: 24537.921294, lower bound: 22904.358263
[INFO]:[19:03:16] CPLEX solver finished. Gap: 6.660000
[INFO]:[19:03:17] Worker (ils_group_rank=5) exiting parallel ILS evaluation service.
[INFO]:[19:03:17] Worker 5 completed exploration phase.
[INFO]:[19:03:17] Worker 5 received order for step 2.
[INFO]:[19:03:17] Worker 5 running expansion phase for iteration 5.
[INFO]:[19:03:17] Worker 5 will use solver log file: /scratch/yorig/mpils-results-grid-ticks-10000-7may/medium-2/16proc-16pils/seed-8/8_supportcase40_seed-8_20260510_190105/solver/cplex.log_iteration_expansion_5_worker_5
[INFO]:[19:03:17] Expansion Worker 5 starting expansion for iteration 5.
[INFO]:[19:03:17] Starting CPLEX solver on instance: /home/yorig/tuner/mpils-tests/instances/miplib/medium-2/supportcase40.mps with config: /scratch/yorig/mpils-results-grid-ticks-10000-7may/medium-2/16proc-16pils/seed-8/8_supportcase40_seed-8_20260510_190105/expansion/config_param_CPXPARAM_Barrier_StartAlg_4_iter_5.prm
[INFO]:[19:03:25] CPLEX results. Gap: 2.870000, upper bound: 24340.432888, lower bound: 23640.832370
[INFO]:[19:03:25] CPLEX solver finished. Gap: 2.870000
[INFO]:[19:03:25] Starting CPLEX solver on instance: /home/yorig/tuner/mpils-tests/instances/miplib/medium-2/supportcase40.mps with config: /scratch/yorig/mpils-results-grid-ticks-10000-7may/medium-2/16proc-16pils/seed-8/8_supportcase40_seed-8_20260510_190105/expansion/config_param_CPXPARAM_Feasopt_Mode_4_iter_5.prm
[INFO]:[19:03:33] CPLEX results. Gap: 2.870000, upper bound: 24340.432888, lower bound: 23640.832370
[INFO]:[19:03:33] CPLEX solver finished. Gap: 2.870000
[INFO]:[19:03:33] Expansion Worker 5 completed expansion.
[INFO]:[19:03:33] Worker 5 completed expansion phase.
[INFO]:[19:03:33] Worker 5 received order for step 1.
[INFO]:[19:03:33] Worker 5 running exploration phase for iteration 6.
[INFO]:[19:03:33] Worker 5 at iteration 6 will not use a MIP start file. Current best MIP-start upper bound threshold is 1.79769e+308.
[INFO]:[19:03:33] Starting local search phase...
[INFO]:[19:03:33] Worker (ils_group_rank=5) entering parallel ILS evaluation service.
[INFO]:[19:03:33] Starting CPLEX solver on instance: /home/yorig/tuner/mpils-tests/instances/miplib/medium-2/supportcase40.mps with config: /scratch/yorig/mpils-results-grid-ticks-10000-7may/medium-2/16proc-16pils/seed-8/8_supportcase40_seed-8_20260510_190105/iterated_local_search/run_6_worker_0/parallel_0_5.prm
[INFO]:[19:03:41] CPLEX results. Gap: 2.870000, upper bound: 24340.432888, lower bound: 23640.832370
[INFO]:[19:03:41] CPLEX solver finished. Gap: 2.870000
[INFO]:[19:03:42] Worker (ils_group_rank=5) exiting parallel ILS evaluation service.
[INFO]:[19:03:42] Worker 5 completed exploration phase.
[INFO]:[19:03:42] Worker 5 received order for step 2.
[INFO]:[19:03:42] Worker 5 running expansion phase for iteration 6.
[INFO]:[19:03:42] Worker 5 will use solver log file: /scratch/yorig/mpils-results-grid-ticks-10000-7may/medium-2/16proc-16pils/seed-8/8_supportcase40_seed-8_20260510_190105/solver/cplex.log_iteration_expansion_6_worker_5
[INFO]:[19:03:42] Expansion Worker 5 starting expansion for iteration 6.
[INFO]:[19:03:42] Starting CPLEX solver on instance: /home/yorig/tuner/mpils-tests/instances/miplib/medium-2/supportcase40.mps with config: /scratch/yorig/mpils-results-grid-ticks-10000-7may/medium-2/16proc-16pils/seed-8/8_supportcase40_seed-8_20260510_190105/expansion/config_param_CPXPARAM_MIP_Strategy_File_3_iter_6.prm
[INFO]:[19:03:50] CPLEX results. Gap: 2.870000, upper bound: 24340.432888, lower bound: 23640.832370
[INFO]:[19:03:50] CPLEX solver finished. Gap: 2.870000
[INFO]:[19:03:50] Starting CPLEX solver on instance: /home/yorig/tuner/mpils-tests/instances/miplib/medium-2/supportcase40.mps with config: /scratch/yorig/mpils-results-grid-ticks-10000-7may/medium-2/16proc-16pils/seed-8/8_supportcase40_seed-8_20260510_190105/expansion/config_param_CPXPARAM_LPMethod_6_iter_6.prm
[INFO]:[19:03:58] CPLEX results. Gap: 2.870000, upper bound: 24340.432888, lower bound: 23640.832370
[INFO]:[19:03:58] CPLEX solver finished. Gap: 2.870000
[INFO]:[19:04:05] Expansion Worker 5 completed expansion.
[INFO]:[19:04:05] Worker 5 completed expansion phase.
[INFO]:[19:04:05] Worker 5 received order for step 1.
[INFO]:[19:04:05] Worker 5 running exploration phase for iteration 7.
[INFO]:[19:04:05] Worker 5 at iteration 7 will not use a MIP start file. Current best MIP-start upper bound threshold is 1.79769e+308.
[INFO]:[19:04:05] Starting local search phase...
[INFO]:[19:04:05] Worker (ils_group_rank=5) entering parallel ILS evaluation service.
[INFO]:[19:04:05] Starting CPLEX solver on instance: /home/yorig/tuner/mpils-tests/instances/miplib/medium-2/supportcase40.mps with config: /scratch/yorig/mpils-results-grid-ticks-10000-7may/medium-2/16proc-16pils/seed-8/8_supportcase40_seed-8_20260510_190105/iterated_local_search/run_7_worker_0/parallel_0_5.prm
[INFO]:[19:04:13] CPLEX results. Gap: 2.870000, upper bound: 24340.432888, lower bound: 23640.832370
[INFO]:[19:04:13] CPLEX solver finished. Gap: 2.870000
[INFO]:[19:04:13] Starting CPLEX solver on instance: /home/yorig/tuner/mpils-tests/instances/miplib/medium-2/supportcase40.mps with config: /scratch/yorig/mpils-results-grid-ticks-10000-7may/medium-2/16proc-16pils/seed-8/8_supportcase40_seed-8_20260510_190105/iterated_local_search/run_7_worker_0/parallel_16_5.prm
[INFO]:[19:04:21] CPLEX results. Gap: 6.140000, upper bound: 24556.515802, lower bound: 23049.273203
[INFO]:[19:04:21] CPLEX solver finished. Gap: 6.140000
[INFO]:[19:04:21] Worker (ils_group_rank=5) exiting parallel ILS evaluation service.
[INFO]:[19:04:21] Worker 5 completed exploration phase.
[INFO]:[19:04:21] Worker 5 received order for step 2.
[INFO]:[19:04:21] Worker 5 running expansion phase for iteration 7.
[INFO]:[19:04:21] Worker 5 will use solver log file: /scratch/yorig/mpils-results-grid-ticks-10000-7may/medium-2/16proc-16pils/seed-8/8_supportcase40_seed-8_20260510_190105/solver/cplex.log_iteration_expansion_7_worker_5
[INFO]:[19:04:21] Expansion Worker 5 starting expansion for iteration 7.
[INFO]:[19:04:21] Starting CPLEX solver on instance: /home/yorig/tuner/mpils-tests/instances/miplib/medium-2/supportcase40.mps with config: /scratch/yorig/mpils-results-grid-ticks-10000-7may/medium-2/16proc-16pils/seed-8/8_supportcase40_seed-8_20260510_190105/expansion/config_param_CPXPARAM_MIP_Limits_StrongCand_20_iter_7.prm
[INFO]:[19:04:29] CPLEX results. Gap: 2.870000, upper bound: 24340.432888, lower bound: 23640.832370
[INFO]:[19:04:29] CPLEX solver finished. Gap: 2.870000
[INFO]:[19:04:29] Expansion Worker 5 completed expansion.
[INFO]:[19:04:29] Worker 5 completed expansion phase.
[INFO]:[19:04:29] Worker 5 received order for step 1.
[INFO]:[19:04:29] Worker 5 running exploration phase for iteration 8.
[INFO]:[19:04:29] Worker 5 at iteration 8 will not use a MIP start file. Current best MIP-start upper bound threshold is 1.79769e+308.
[INFO]:[19:04:29] Starting local search phase...
[INFO]:[19:04:29] Worker (ils_group_rank=5) entering parallel ILS evaluation service.
[INFO]:[19:04:29] Starting CPLEX solver on instance: /home/yorig/tuner/mpils-tests/instances/miplib/medium-2/supportcase40.mps with config: /scratch/yorig/mpils-results-grid-ticks-10000-7may/medium-2/16proc-16pils/seed-8/8_supportcase40_seed-8_20260510_190105/iterated_local_search/run_8_worker_0/parallel_0_5.prm
[INFO]:[19:04:37] CPLEX results. Gap: 2.870000, upper bound: 24340.432888, lower bound: 23640.832370
[INFO]:[19:04:37] CPLEX solver finished. Gap: 2.870000
[INFO]:[19:04:37] Starting CPLEX solver on instance: /home/yorig/tuner/mpils-tests/instances/miplib/medium-2/supportcase40.mps with config: /scratch/yorig/mpils-results-grid-ticks-10000-7may/medium-2/16proc-16pils/seed-8/8_supportcase40_seed-8_20260510_190105/iterated_local_search/run_8_worker_0/parallel_16_5.prm
[INFO]:[19:04:45] CPLEX results. Gap: 2.870000, upper bound: 24340.432888, lower bound: 23640.832370
[INFO]:[19:04:45] CPLEX solver finished. Gap: 2.870000
[INFO]:[19:04:45] Worker (ils_group_rank=5) exiting parallel ILS evaluation service.
[INFO]:[19:04:45] Worker 5 completed exploration phase.
[INFO]:[19:04:45] Worker 5 received order for step 3.
[INFO]:[19:04:45] Worker 5 finished.
