[INFO]:[04:32:57] Worker 9 starting.
[INFO]:[04:32:57] Worker 9 received order for step 1.
[INFO]:[04:32:57] Worker 9 running exploration phase for iteration 1.
[INFO]:[04:32:57] Worker 9 at iteration 1 will not use a MIP start file. Current best MIP-start upper bound threshold is 1.79769e+308.
[INFO]:[04:32:57] Starting local search phase...
[INFO]:[04:32:57] Worker (ils_group_rank=1) entering parallel ILS evaluation service.
[INFO]:[04:32:57] Starting CPLEX solver on instance: /home/yorig/tuner/mpils-tests/instances/miplib/medium-1/neos-3024952-loue.mps with config: /scratch/yorig/mpils-results-grid-ticks-10000-7may/medium-1/24proc-2pils/seed-5/9_neos-3024952-loue_seed-5_20260510_043256/iterated_local_search/run_1_worker_8/parallel_0_1.prm
[INFO]:[04:33:04] CPLEX results. Gap: 13.980000, upper bound: 28959.000000, lower bound: 24909.981064
[INFO]:[04:33:04] CPLEX solver finished. Gap: 13.980000
[INFO]:[04:33:04] Starting CPLEX solver on instance: /home/yorig/tuner/mpils-tests/instances/miplib/medium-1/neos-3024952-loue.mps with config: /scratch/yorig/mpils-results-grid-ticks-10000-7may/medium-1/24proc-2pils/seed-5/9_neos-3024952-loue_seed-5_20260510_043256/iterated_local_search/run_1_worker_8/parallel_2_1.prm
[INFO]:[04:33:11] CPLEX results. Gap: 8.620000, upper bound: 27858.000000, lower bound: 25456.075818
[INFO]:[04:33:11] CPLEX solver finished. Gap: 8.620000
[INFO]:[04:33:11] Starting CPLEX solver on instance: /home/yorig/tuner/mpils-tests/instances/miplib/medium-1/neos-3024952-loue.mps with config: /scratch/yorig/mpils-results-grid-ticks-10000-7may/medium-1/24proc-2pils/seed-5/9_neos-3024952-loue_seed-5_20260510_043256/iterated_local_search/run_1_worker_8/parallel_4_1.prm
[INFO]:[04:33:17] CPLEX results. Gap: 13.200000, upper bound: 28944.000000, lower bound: 25123.545732
[INFO]:[04:33:17] CPLEX solver finished. Gap: 13.200000
[INFO]:[04:33:18] Starting CPLEX solver on instance: /home/yorig/tuner/mpils-tests/instances/miplib/medium-1/neos-3024952-loue.mps with config: /scratch/yorig/mpils-results-grid-ticks-10000-7may/medium-1/24proc-2pils/seed-5/9_neos-3024952-loue_seed-5_20260510_043256/iterated_local_search/run_1_worker_8/parallel_6_1.prm
[INFO]:[04:33:24] CPLEX results. Gap: 12.020000, upper bound: 28419.000000, lower bound: 25002.350366
[INFO]:[04:33:24] CPLEX solver finished. Gap: 12.020000
[INFO]:[04:33:24] Starting CPLEX solver on instance: /home/yorig/tuner/mpils-tests/instances/miplib/medium-1/neos-3024952-loue.mps with config: /scratch/yorig/mpils-results-grid-ticks-10000-7may/medium-1/24proc-2pils/seed-5/9_neos-3024952-loue_seed-5_20260510_043256/iterated_local_search/run_1_worker_8/parallel_8_1.prm
[INFO]:[04:33:31] CPLEX results. Gap: 8.620000, upper bound: 27858.000000, lower bound: 25456.075818
[INFO]:[04:33:31] CPLEX solver finished. Gap: 8.620000
[INFO]:[04:33:31] Starting CPLEX solver on instance: /home/yorig/tuner/mpils-tests/instances/miplib/medium-1/neos-3024952-loue.mps with config: /scratch/yorig/mpils-results-grid-ticks-10000-7may/medium-1/24proc-2pils/seed-5/9_neos-3024952-loue_seed-5_20260510_043256/iterated_local_search/run_1_worker_8/parallel_10_1.prm
[INFO]:[04:33:38] CPLEX results. Gap: 8.620000, upper bound: 27858.000000, lower bound: 25456.075818
[INFO]:[04:33:38] CPLEX solver finished. Gap: 8.620000
[INFO]:[04:33:38] Starting CPLEX solver on instance: /home/yorig/tuner/mpils-tests/instances/miplib/medium-1/neos-3024952-loue.mps with config: /scratch/yorig/mpils-results-grid-ticks-10000-7may/medium-1/24proc-2pils/seed-5/9_neos-3024952-loue_seed-5_20260510_043256/iterated_local_search/run_1_worker_8/parallel_12_1.prm
[INFO]:[04:33:45] CPLEX results. Gap: 8.620000, upper bound: 27858.000000, lower bound: 25456.075818
[INFO]:[04:33:45] CPLEX solver finished. Gap: 8.620000
[INFO]:[04:33:45] Starting CPLEX solver on instance: /home/yorig/tuner/mpils-tests/instances/miplib/medium-1/neos-3024952-loue.mps with config: /scratch/yorig/mpils-results-grid-ticks-10000-7may/medium-1/24proc-2pils/seed-5/9_neos-3024952-loue_seed-5_20260510_043256/iterated_local_search/run_1_worker_8/parallel_14_1.prm
[INFO]:[04:33:52] CPLEX results. Gap: 8.620000, upper bound: 27858.000000, lower bound: 25456.075818
[INFO]:[04:33:52] CPLEX solver finished. Gap: 8.620000
[INFO]:[04:33:52] Starting CPLEX solver on instance: /home/yorig/tuner/mpils-tests/instances/miplib/medium-1/neos-3024952-loue.mps with config: /scratch/yorig/mpils-results-grid-ticks-10000-7may/medium-1/24proc-2pils/seed-5/9_neos-3024952-loue_seed-5_20260510_043256/iterated_local_search/run_1_worker_8/parallel_16_1.prm
[INFO]:[04:33:59] CPLEX results. Gap: 14.570000, upper bound: 29188.000000, lower bound: 24935.441695
[INFO]:[04:33:59] CPLEX solver finished. Gap: 14.570000
[INFO]:[04:33:59] Starting CPLEX solver on instance: /home/yorig/tuner/mpils-tests/instances/miplib/medium-1/neos-3024952-loue.mps with config: /scratch/yorig/mpils-results-grid-ticks-10000-7may/medium-1/24proc-2pils/seed-5/9_neos-3024952-loue_seed-5_20260510_043256/iterated_local_search/run_1_worker_8/parallel_18_1.prm
[INFO]:[04:34:05] CPLEX results. Gap: 8.620000, upper bound: 27858.000000, lower bound: 25456.075818
[INFO]:[04:34:05] CPLEX solver finished. Gap: 8.620000
[INFO]:[04:34:05] Worker (ils_group_rank=1) exiting parallel ILS evaluation service.
[INFO]:[04:34:14] Worker 9 completed exploration phase.
[INFO]:[04:34:14] Worker 9 received order for step 2.
[INFO]:[04:34:14] Worker 9 running expansion phase for iteration 1.
[INFO]:[04:34:14] Worker 9 will use solver log file: /scratch/yorig/mpils-results-grid-ticks-10000-7may/medium-1/24proc-2pils/seed-5/9_neos-3024952-loue_seed-5_20260510_043256/solver/cplex.log_iteration_expansion_1_worker_9
[INFO]:[04:34:14] Expansion Worker 9 starting expansion for iteration 1.
[INFO]:[04:34:14] Starting CPLEX solver on instance: /home/yorig/tuner/mpils-tests/instances/miplib/medium-1/neos-3024952-loue.mps with config: /scratch/yorig/mpils-results-grid-ticks-10000-7may/medium-1/24proc-2pils/seed-5/9_neos-3024952-loue_seed-5_20260510_043256/expansion/config_param_CPXPARAM_MIP_Strategy_VariableSelect_1_iter_1.prm
[INFO]:[04:34:21] CPLEX results. Gap: 30.170000, upper bound: 35416.000000, lower bound: 24729.551852
[INFO]:[04:34:21] CPLEX solver finished. Gap: 30.170000
[INFO]:[04:34:22] Expansion Worker 9 stopping early after global MPI expansion stop was activated.
[INFO]:[04:34:22] Expansion Worker 9 completed expansion.
[INFO]:[04:34:22] Worker 9 completed expansion phase.
[INFO]:[04:34:22] Worker 9 received order for step 1.
[INFO]:[04:34:22] Worker 9 running exploration phase for iteration 2.
[INFO]:[04:34:22] Worker 9 at iteration 2 will not use a MIP start file. Current best MIP-start upper bound threshold is 1.79769e+308.
[INFO]:[04:34:22] Starting local search phase...
[INFO]:[04:34:22] Worker (ils_group_rank=1) entering parallel ILS evaluation service.
[INFO]:[04:34:22] Starting CPLEX solver on instance: /home/yorig/tuner/mpils-tests/instances/miplib/medium-1/neos-3024952-loue.mps with config: /scratch/yorig/mpils-results-grid-ticks-10000-7may/medium-1/24proc-2pils/seed-5/9_neos-3024952-loue_seed-5_20260510_043256/iterated_local_search/run_2_worker_8/parallel_0_1.prm
[INFO]:[04:34:27] CPLEX results. Gap: 20.300000, upper bound: 30746.000000, lower bound: 24504.584458
[INFO]:[04:34:27] CPLEX solver finished. Gap: 20.300000
[INFO]:[04:34:30] Starting CPLEX solver on instance: /home/yorig/tuner/mpils-tests/instances/miplib/medium-1/neos-3024952-loue.mps with config: /scratch/yorig/mpils-results-grid-ticks-10000-7may/medium-1/24proc-2pils/seed-5/9_neos-3024952-loue_seed-5_20260510_043256/iterated_local_search/run_2_worker_8/parallel_2_1.prm
[INFO]:[04:34:35] CPLEX results. Gap: 18.910000, upper bound: 30498.000000, lower bound: 24730.777064
[INFO]:[04:34:35] CPLEX solver finished. Gap: 18.910000
[INFO]:[04:34:35] Starting CPLEX solver on instance: /home/yorig/tuner/mpils-tests/instances/miplib/medium-1/neos-3024952-loue.mps with config: /scratch/yorig/mpils-results-grid-ticks-10000-7may/medium-1/24proc-2pils/seed-5/9_neos-3024952-loue_seed-5_20260510_043256/iterated_local_search/run_2_worker_8/parallel_4_1.prm
[INFO]:[04:34:41] CPLEX results. Gap: 18.910000, upper bound: 30498.000000, lower bound: 24730.777064
[INFO]:[04:34:41] CPLEX solver finished. Gap: 18.910000
[INFO]:[04:34:41] Worker (ils_group_rank=1) exiting parallel ILS evaluation service.
[INFO]:[04:34:46] Worker 9 completed exploration phase.
[INFO]:[04:34:46] Worker 9 received order for step 2.
[INFO]:[04:34:46] Worker 9 running expansion phase for iteration 2.
[INFO]:[04:34:46] Worker 9 will use solver log file: /scratch/yorig/mpils-results-grid-ticks-10000-7may/medium-1/24proc-2pils/seed-5/9_neos-3024952-loue_seed-5_20260510_043256/solver/cplex.log_iteration_expansion_2_worker_9
[INFO]:[04:34:46] Expansion Worker 9 starting expansion for iteration 2.
[INFO]:[04:34:46] Starting CPLEX solver on instance: /home/yorig/tuner/mpils-tests/instances/miplib/medium-1/neos-3024952-loue.mps with config: /scratch/yorig/mpils-results-grid-ticks-10000-7may/medium-1/24proc-2pils/seed-5/9_neos-3024952-loue_seed-5_20260510_043256/expansion/config_param_CPXPARAM_MIP_Limits_ProbeTime_5_iter_2.prm
[INFO]:[04:34:54] CPLEX results. Gap: 6.580000, upper bound: 28198.000000, lower bound: 26342.186091
[INFO]:[04:34:54] CPLEX solver finished. Gap: 6.580000
[INFO]:[04:34:54] Starting CPLEX solver on instance: /home/yorig/tuner/mpils-tests/instances/miplib/medium-1/neos-3024952-loue.mps with config: /scratch/yorig/mpils-results-grid-ticks-10000-7may/medium-1/24proc-2pils/seed-5/9_neos-3024952-loue_seed-5_20260510_043256/expansion/config_param_CPXPARAM_MIP_Strategy_BBInterval_30_iter_2.prm
[INFO]:[04:35:01] CPLEX results. Gap: 6.580000, upper bound: 28198.000000, lower bound: 26342.186091
[INFO]:[04:35:01] CPLEX solver finished. Gap: 6.580000
[INFO]:[04:35:01] Expansion Worker 9 completed expansion.
[INFO]:[04:35:01] Worker 9 completed expansion phase.
[INFO]:[04:35:02] Worker 9 received order for step 1.
[INFO]:[04:35:02] Worker 9 running exploration phase for iteration 3.
[INFO]:[04:35:02] Worker 9 at iteration 3 will not use a MIP start file. Current best MIP-start upper bound threshold is 1.79769e+308.
[INFO]:[04:35:02] Starting local search phase...
[INFO]:[04:35:02] Worker (ils_group_rank=1) entering parallel ILS evaluation service.
[INFO]:[04:35:02] Starting CPLEX solver on instance: /home/yorig/tuner/mpils-tests/instances/miplib/medium-1/neos-3024952-loue.mps with config: /scratch/yorig/mpils-results-grid-ticks-10000-7may/medium-1/24proc-2pils/seed-5/9_neos-3024952-loue_seed-5_20260510_043256/iterated_local_search/run_3_worker_8/parallel_0_1.prm
[INFO]:[04:35:07] CPLEX results. Gap: 26.320000, upper bound: 33194.000000, lower bound: 24455.709150
[INFO]:[04:35:07] CPLEX solver finished. Gap: 26.320000
[INFO]:[04:35:08] Starting CPLEX solver on instance: /home/yorig/tuner/mpils-tests/instances/miplib/medium-1/neos-3024952-loue.mps with config: /scratch/yorig/mpils-results-grid-ticks-10000-7may/medium-1/24proc-2pils/seed-5/9_neos-3024952-loue_seed-5_20260510_043256/iterated_local_search/run_3_worker_8/parallel_2_1.prm
[INFO]:[04:35:14] CPLEX results. Gap: 19.270000, upper bound: 30382.000000, lower bound: 24527.231190
[INFO]:[04:35:14] CPLEX solver finished. Gap: 19.270000
[INFO]:[04:35:14] Starting CPLEX solver on instance: /home/yorig/tuner/mpils-tests/instances/miplib/medium-1/neos-3024952-loue.mps with config: /scratch/yorig/mpils-results-grid-ticks-10000-7may/medium-1/24proc-2pils/seed-5/9_neos-3024952-loue_seed-5_20260510_043256/iterated_local_search/run_3_worker_8/parallel_4_1.prm
[INFO]:[04:35:21] CPLEX results. Gap: 25.030000, upper bound: 32416.000000, lower bound: 24302.490506
[INFO]:[04:35:21] CPLEX solver finished. Gap: 25.030000
[INFO]:[04:35:21] Worker (ils_group_rank=1) exiting parallel ILS evaluation service.
[INFO]:[04:35:25] Worker 9 completed exploration phase.
[INFO]:[04:35:25] Worker 9 received order for step 2.
[INFO]:[04:35:25] Worker 9 running expansion phase for iteration 3.
[INFO]:[04:35:25] Worker 9 will use solver log file: /scratch/yorig/mpils-results-grid-ticks-10000-7may/medium-1/24proc-2pils/seed-5/9_neos-3024952-loue_seed-5_20260510_043256/solver/cplex.log_iteration_expansion_3_worker_9
[INFO]:[04:35:25] Expansion Worker 9 starting expansion for iteration 3.
[INFO]:[04:35:25] Starting CPLEX solver on instance: /home/yorig/tuner/mpils-tests/instances/miplib/medium-1/neos-3024952-loue.mps with config: /scratch/yorig/mpils-results-grid-ticks-10000-7may/medium-1/24proc-2pils/seed-5/9_neos-3024952-loue_seed-5_20260510_043256/expansion/config_param_CPXPARAM_MIP_Strategy_HeuristicFreq_-1_iter_3.prm
[INFO]:[04:35:32] CPLEX results. Gap: 3.970000, upper bound: 27396.000000, lower bound: 26307.348438
[INFO]:[04:35:32] CPLEX solver finished. Gap: 3.970000
[INFO]:[04:35:32] Expansion Worker 9 found an improving configuration with objective value 3.97.
[INFO]:[04:35:32] Expansion Worker 9 stopping early after global MPI expansion stop was activated.
[INFO]:[04:35:32] Expansion Worker 9 completed expansion.
[INFO]:[04:35:32] Worker 9 completed expansion phase.
[INFO]:[04:35:33] Worker 9 received order for step 1.
[INFO]:[04:35:33] Worker 9 running exploration phase for iteration 4.
[INFO]:[04:35:33] Worker 9 at iteration 4 will not use a MIP start file. Current best MIP-start upper bound threshold is 1.79769e+308.
[INFO]:[04:35:33] Starting local search phase...
[INFO]:[04:35:33] Worker (ils_group_rank=1) entering parallel ILS evaluation service.
[INFO]:[04:35:33] Starting CPLEX solver on instance: /home/yorig/tuner/mpils-tests/instances/miplib/medium-1/neos-3024952-loue.mps with config: /scratch/yorig/mpils-results-grid-ticks-10000-7may/medium-1/24proc-2pils/seed-5/9_neos-3024952-loue_seed-5_20260510_043256/iterated_local_search/run_4_worker_8/parallel_0_1.prm
[WARN]:[04:35:38] CPLEX finished without a primal feasible solution for config /scratch/yorig/mpils-results-grid-ticks-10000-7may/medium-1/24proc-2pils/seed-5/9_neos-3024952-loue_seed-5_20260510_043256/iterated_local_search/run_4_worker_8/parallel_0_1.prm.
[INFO]:[04:35:38] CPLEX results. Gap: unavailable, upper bound: null, lower bound: 23012.000000
[INFO]:[04:35:38] CPLEX solver finished. Gap: 179769313486231570814527423731704356798070567525844996598917476803157260780028538760589558632766878171540458953514382464234321326889464182768467546703537516986049910576551282076245490090389328944075868508455133942304583236903222948165808559332123348274797826204144723168738177180919299881250404026184124858368.000000
[INFO]:[04:35:40] Starting CPLEX solver on instance: /home/yorig/tuner/mpils-tests/instances/miplib/medium-1/neos-3024952-loue.mps with config: /scratch/yorig/mpils-results-grid-ticks-10000-7may/medium-1/24proc-2pils/seed-5/9_neos-3024952-loue_seed-5_20260510_043256/iterated_local_search/run_4_worker_8/parallel_2_1.prm
[INFO]:[04:35:47] CPLEX results. Gap: 27.910000, upper bound: 36282.000000, lower bound: 26156.965145
[INFO]:[04:35:47] CPLEX solver finished. Gap: 27.910000
[INFO]:[04:35:47] Starting CPLEX solver on instance: /home/yorig/tuner/mpils-tests/instances/miplib/medium-1/neos-3024952-loue.mps with config: /scratch/yorig/mpils-results-grid-ticks-10000-7may/medium-1/24proc-2pils/seed-5/9_neos-3024952-loue_seed-5_20260510_043256/iterated_local_search/run_4_worker_8/parallel_4_1.prm
[INFO]:[04:35:54] CPLEX results. Gap: 33.880000, upper bound: 39534.000000, lower bound: 26139.005369
[INFO]:[04:35:54] CPLEX solver finished. Gap: 33.880000
[INFO]:[04:35:54] Starting CPLEX solver on instance: /home/yorig/tuner/mpils-tests/instances/miplib/medium-1/neos-3024952-loue.mps with config: /scratch/yorig/mpils-results-grid-ticks-10000-7may/medium-1/24proc-2pils/seed-5/9_neos-3024952-loue_seed-5_20260510_043256/iterated_local_search/run_4_worker_8/parallel_6_1.prm
[INFO]:[04:36:00] CPLEX results. Gap: 28.890000, upper bound: 32178.000000, lower bound: 22882.000000
[INFO]:[04:36:00] CPLEX solver finished. Gap: 28.890000
[INFO]:[04:36:01] Starting CPLEX solver on instance: /home/yorig/tuner/mpils-tests/instances/miplib/medium-1/neos-3024952-loue.mps with config: /scratch/yorig/mpils-results-grid-ticks-10000-7may/medium-1/24proc-2pils/seed-5/9_neos-3024952-loue_seed-5_20260510_043256/iterated_local_search/run_4_worker_8/parallel_8_1.prm
[INFO]:[04:36:08] CPLEX results. Gap: 27.710000, upper bound: 33983.000000, lower bound: 24567.549164
[INFO]:[04:36:08] CPLEX solver finished. Gap: 27.710000
[INFO]:[04:36:08] Starting CPLEX solver on instance: /home/yorig/tuner/mpils-tests/instances/miplib/medium-1/neos-3024952-loue.mps with config: /scratch/yorig/mpils-results-grid-ticks-10000-7may/medium-1/24proc-2pils/seed-5/9_neos-3024952-loue_seed-5_20260510_043256/iterated_local_search/run_4_worker_8/parallel_10_1.prm
[INFO]:[04:36:15] CPLEX results. Gap: 24.320000, upper bound: 34504.000000, lower bound: 26113.515426
[INFO]:[04:36:15] CPLEX solver finished. Gap: 24.320000
[INFO]:[04:36:16] Starting CPLEX solver on instance: /home/yorig/tuner/mpils-tests/instances/miplib/medium-1/neos-3024952-loue.mps with config: /scratch/yorig/mpils-results-grid-ticks-10000-7may/medium-1/24proc-2pils/seed-5/9_neos-3024952-loue_seed-5_20260510_043256/iterated_local_search/run_4_worker_8/parallel_12_1.prm
[INFO]:[04:36:23] CPLEX results. Gap: 18.180000, upper bound: 31928.000000, lower bound: 26123.115912
[INFO]:[04:36:23] CPLEX solver finished. Gap: 18.180000
[INFO]:[04:36:23] Worker (ils_group_rank=1) exiting parallel ILS evaluation service.
[INFO]:[04:36:24] Worker 9 completed exploration phase.
[INFO]:[04:36:24] Worker 9 received order for step 2.
[INFO]:[04:36:24] Worker 9 running expansion phase for iteration 4.
[INFO]:[04:36:24] Worker 9 will use solver log file: /scratch/yorig/mpils-results-grid-ticks-10000-7may/medium-1/24proc-2pils/seed-5/9_neos-3024952-loue_seed-5_20260510_043256/solver/cplex.log_iteration_expansion_4_worker_9
[INFO]:[04:36:24] Expansion Worker 9 starting expansion for iteration 4.
[INFO]:[04:36:24] Starting CPLEX solver on instance: /home/yorig/tuner/mpils-tests/instances/miplib/medium-1/neos-3024952-loue.mps with config: /scratch/yorig/mpils-results-grid-ticks-10000-7may/medium-1/24proc-2pils/seed-5/9_neos-3024952-loue_seed-5_20260510_043256/expansion/config_param_CPXPARAM_MIP_Strategy_SubAlgorithm_4_iter_4.prm
[WARN]:[04:36:30] CPLEX finished without a primal feasible solution for config /scratch/yorig/mpils-results-grid-ticks-10000-7may/medium-1/24proc-2pils/seed-5/9_neos-3024952-loue_seed-5_20260510_043256/expansion/config_param_CPXPARAM_MIP_Strategy_SubAlgorithm_4_iter_4.prm.
[INFO]:[04:36:30] CPLEX results. Gap: unavailable, upper bound: null, lower bound: 24754.326743
[INFO]:[04:36:30] CPLEX solver finished. Gap: 179769313486231570814527423731704356798070567525844996598917476803157260780028538760589558632766878171540458953514382464234321326889464182768467546703537516986049910576551282076245490090389328944075868508455133942304583236903222948165808559332123348274797826204144723168738177180919299881250404026184124858368.000000
[INFO]:[04:36:33] Expansion Worker 9 stopping early after global MPI expansion stop was activated.
[INFO]:[04:36:33] Expansion Worker 9 completed expansion.
[INFO]:[04:36:33] Worker 9 completed expansion phase.
[INFO]:[04:36:34] Worker 9 received order for step 1.
[INFO]:[04:36:34] Worker 9 running exploration phase for iteration 5.
[INFO]:[04:36:34] Worker 9 at iteration 5 will not use a MIP start file. Current best MIP-start upper bound threshold is 1.79769e+308.
[INFO]:[04:36:34] Starting local search phase...
[INFO]:[04:36:34] Worker (ils_group_rank=1) entering parallel ILS evaluation service.
[INFO]:[04:36:34] Starting CPLEX solver on instance: /home/yorig/tuner/mpils-tests/instances/miplib/medium-1/neos-3024952-loue.mps with config: /scratch/yorig/mpils-results-grid-ticks-10000-7may/medium-1/24proc-2pils/seed-5/9_neos-3024952-loue_seed-5_20260510_043256/iterated_local_search/run_5_worker_8/parallel_0_1.prm
[WARN]:[04:36:42] CPLEX finished without a primal feasible solution for config /scratch/yorig/mpils-results-grid-ticks-10000-7may/medium-1/24proc-2pils/seed-5/9_neos-3024952-loue_seed-5_20260510_043256/iterated_local_search/run_5_worker_8/parallel_0_1.prm.
[INFO]:[04:36:42] CPLEX results. Gap: unavailable, upper bound: null, lower bound: 26199.447397
[INFO]:[04:36:42] CPLEX solver finished. Gap: 179769313486231570814527423731704356798070567525844996598917476803157260780028538760589558632766878171540458953514382464234321326889464182768467546703537516986049910576551282076245490090389328944075868508455133942304583236903222948165808559332123348274797826204144723168738177180919299881250404026184124858368.000000
[INFO]:[04:36:42] Starting CPLEX solver on instance: /home/yorig/tuner/mpils-tests/instances/miplib/medium-1/neos-3024952-loue.mps with config: /scratch/yorig/mpils-results-grid-ticks-10000-7may/medium-1/24proc-2pils/seed-5/9_neos-3024952-loue_seed-5_20260510_043256/iterated_local_search/run_5_worker_8/parallel_2_1.prm
[INFO]:[04:36:48] CPLEX results. Gap: 18.510000, upper bound: 29852.000000, lower bound: 24326.418832
[INFO]:[04:36:48] CPLEX solver finished. Gap: 18.510000
[INFO]:[04:36:48] Starting CPLEX solver on instance: /home/yorig/tuner/mpils-tests/instances/miplib/medium-1/neos-3024952-loue.mps with config: /scratch/yorig/mpils-results-grid-ticks-10000-7may/medium-1/24proc-2pils/seed-5/9_neos-3024952-loue_seed-5_20260510_043256/iterated_local_search/run_5_worker_8/parallel_4_1.prm
[INFO]:[04:36:53] CPLEX results. Gap: 17.200000, upper bound: 29491.000000, lower bound: 24419.167351
[INFO]:[04:36:53] CPLEX solver finished. Gap: 17.200000
[INFO]:[04:36:53] Starting CPLEX solver on instance: /home/yorig/tuner/mpils-tests/instances/miplib/medium-1/neos-3024952-loue.mps with config: /scratch/yorig/mpils-results-grid-ticks-10000-7may/medium-1/24proc-2pils/seed-5/9_neos-3024952-loue_seed-5_20260510_043256/iterated_local_search/run_5_worker_8/parallel_6_1.prm
[INFO]:[04:36:59] CPLEX results. Gap: 17.200000, upper bound: 29491.000000, lower bound: 24419.167351
[INFO]:[04:36:59] CPLEX solver finished. Gap: 17.200000
[INFO]:[04:36:59] Starting CPLEX solver on instance: /home/yorig/tuner/mpils-tests/instances/miplib/medium-1/neos-3024952-loue.mps with config: /scratch/yorig/mpils-results-grid-ticks-10000-7may/medium-1/24proc-2pils/seed-5/9_neos-3024952-loue_seed-5_20260510_043256/iterated_local_search/run_5_worker_8/parallel_8_1.prm
[INFO]:[04:37:05] CPLEX results. Gap: 17.200000, upper bound: 29491.000000, lower bound: 24419.167351
[INFO]:[04:37:05] CPLEX solver finished. Gap: 17.200000
[INFO]:[04:37:05] Worker (ils_group_rank=1) exiting parallel ILS evaluation service.
[INFO]:[04:37:11] Worker 9 completed exploration phase.
[INFO]:[04:37:11] Worker 9 received order for step 2.
[INFO]:[04:37:11] Worker 9 running expansion phase for iteration 5.
[INFO]:[04:37:11] Worker 9 will use solver log file: /scratch/yorig/mpils-results-grid-ticks-10000-7may/medium-1/24proc-2pils/seed-5/9_neos-3024952-loue_seed-5_20260510_043256/solver/cplex.log_iteration_expansion_5_worker_9
[INFO]:[04:37:11] Expansion Worker 9 starting expansion for iteration 5.
[INFO]:[04:37:11] Starting CPLEX solver on instance: /home/yorig/tuner/mpils-tests/instances/miplib/medium-1/neos-3024952-loue.mps with config: /scratch/yorig/mpils-results-grid-ticks-10000-7may/medium-1/24proc-2pils/seed-5/9_neos-3024952-loue_seed-5_20260510_043256/expansion/config_param_CPXPARAM_Simplex_DGradient_5_iter_5.prm
[INFO]:[04:37:19] CPLEX results. Gap: 4.680000, upper bound: 27578.000000, lower bound: 26287.171258
[INFO]:[04:37:19] CPLEX solver finished. Gap: 4.680000
[INFO]:[04:37:21] Expansion Worker 9 stopping early after global MPI expansion stop was activated.
[INFO]:[04:37:21] Expansion Worker 9 completed expansion.
[INFO]:[04:37:21] Worker 9 completed expansion phase.
[INFO]:[04:37:22] Worker 9 received order for step 1.
[INFO]:[04:37:22] Worker 9 running exploration phase for iteration 6.
[INFO]:[04:37:22] Worker 9 at iteration 6 will not use a MIP start file. Current best MIP-start upper bound threshold is 1.79769e+308.
[INFO]:[04:37:22] Starting local search phase...
[INFO]:[04:37:22] Worker (ils_group_rank=1) entering parallel ILS evaluation service.
[INFO]:[04:37:22] Starting CPLEX solver on instance: /home/yorig/tuner/mpils-tests/instances/miplib/medium-1/neos-3024952-loue.mps with config: /scratch/yorig/mpils-results-grid-ticks-10000-7may/medium-1/24proc-2pils/seed-5/9_neos-3024952-loue_seed-5_20260510_043256/iterated_local_search/run_6_worker_8/parallel_0_1.prm
[WARN]:[04:37:29] CPLEX finished without a primal feasible solution for config /scratch/yorig/mpils-results-grid-ticks-10000-7may/medium-1/24proc-2pils/seed-5/9_neos-3024952-loue_seed-5_20260510_043256/iterated_local_search/run_6_worker_8/parallel_0_1.prm.
[INFO]:[04:37:29] CPLEX results. Gap: unavailable, upper bound: null, lower bound: 24083.678902
[INFO]:[04:37:29] CPLEX solver finished. Gap: 179769313486231570814527423731704356798070567525844996598917476803157260780028538760589558632766878171540458953514382464234321326889464182768467546703537516986049910576551282076245490090389328944075868508455133942304583236903222948165808559332123348274797826204144723168738177180919299881250404026184124858368.000000
[INFO]:[04:37:29] Starting CPLEX solver on instance: /home/yorig/tuner/mpils-tests/instances/miplib/medium-1/neos-3024952-loue.mps with config: /scratch/yorig/mpils-results-grid-ticks-10000-7may/medium-1/24proc-2pils/seed-5/9_neos-3024952-loue_seed-5_20260510_043256/iterated_local_search/run_6_worker_8/parallel_2_1.prm
[INFO]:[04:37:35] CPLEX results. Gap: 25.800000, upper bound: 32492.000000, lower bound: 24108.100794
[INFO]:[04:37:35] CPLEX solver finished. Gap: 25.800000
[INFO]:[04:37:35] Starting CPLEX solver on instance: /home/yorig/tuner/mpils-tests/instances/miplib/medium-1/neos-3024952-loue.mps with config: /scratch/yorig/mpils-results-grid-ticks-10000-7may/medium-1/24proc-2pils/seed-5/9_neos-3024952-loue_seed-5_20260510_043256/iterated_local_search/run_6_worker_8/parallel_4_1.prm
[INFO]:[04:37:41] CPLEX results. Gap: 25.800000, upper bound: 32492.000000, lower bound: 24108.100794
[INFO]:[04:37:41] CPLEX solver finished. Gap: 25.800000
[INFO]:[04:37:41] Starting CPLEX solver on instance: /home/yorig/tuner/mpils-tests/instances/miplib/medium-1/neos-3024952-loue.mps with config: /scratch/yorig/mpils-results-grid-ticks-10000-7may/medium-1/24proc-2pils/seed-5/9_neos-3024952-loue_seed-5_20260510_043256/iterated_local_search/run_6_worker_8/parallel_6_1.prm
[INFO]:[04:37:47] CPLEX results. Gap: 25.800000, upper bound: 32492.000000, lower bound: 24108.100794
[INFO]:[04:37:47] CPLEX solver finished. Gap: 25.800000
[INFO]:[04:37:47] Starting CPLEX solver on instance: /home/yorig/tuner/mpils-tests/instances/miplib/medium-1/neos-3024952-loue.mps with config: /scratch/yorig/mpils-results-grid-ticks-10000-7may/medium-1/24proc-2pils/seed-5/9_neos-3024952-loue_seed-5_20260510_043256/iterated_local_search/run_6_worker_8/parallel_8_1.prm
[WARN]:[04:37:54] CPLEX finished without a primal feasible solution for config /scratch/yorig/mpils-results-grid-ticks-10000-7may/medium-1/24proc-2pils/seed-5/9_neos-3024952-loue_seed-5_20260510_043256/iterated_local_search/run_6_worker_8/parallel_8_1.prm.
[INFO]:[04:37:54] CPLEX results. Gap: unavailable, upper bound: null, lower bound: 24237.949162
[INFO]:[04:37:54] CPLEX solver finished. Gap: 179769313486231570814527423731704356798070567525844996598917476803157260780028538760589558632766878171540458953514382464234321326889464182768467546703537516986049910576551282076245490090389328944075868508455133942304583236903222948165808559332123348274797826204144723168738177180919299881250404026184124858368.000000
[INFO]:[04:37:55] Starting CPLEX solver on instance: /home/yorig/tuner/mpils-tests/instances/miplib/medium-1/neos-3024952-loue.mps with config: /scratch/yorig/mpils-results-grid-ticks-10000-7may/medium-1/24proc-2pils/seed-5/9_neos-3024952-loue_seed-5_20260510_043256/iterated_local_search/run_6_worker_8/parallel_10_1.prm
[INFO]:[04:38:01] CPLEX results. Gap: 21.570000, upper bound: 30801.000000, lower bound: 24158.311001
[INFO]:[04:38:01] CPLEX solver finished. Gap: 21.570000
[INFO]:[04:38:01] Starting CPLEX solver on instance: /home/yorig/tuner/mpils-tests/instances/miplib/medium-1/neos-3024952-loue.mps with config: /scratch/yorig/mpils-results-grid-ticks-10000-7may/medium-1/24proc-2pils/seed-5/9_neos-3024952-loue_seed-5_20260510_043256/iterated_local_search/run_6_worker_8/parallel_12_1.prm
[WARN]:[04:38:07] CPLEX finished without a primal feasible solution for config /scratch/yorig/mpils-results-grid-ticks-10000-7may/medium-1/24proc-2pils/seed-5/9_neos-3024952-loue_seed-5_20260510_043256/iterated_local_search/run_6_worker_8/parallel_12_1.prm.
[INFO]:[04:38:07] CPLEX results. Gap: unavailable, upper bound: null, lower bound: 22882.000000
[INFO]:[04:38:07] CPLEX solver finished. Gap: 179769313486231570814527423731704356798070567525844996598917476803157260780028538760589558632766878171540458953514382464234321326889464182768467546703537516986049910576551282076245490090389328944075868508455133942304583236903222948165808559332123348274797826204144723168738177180919299881250404026184124858368.000000
[INFO]:[04:38:08] Starting CPLEX solver on instance: /home/yorig/tuner/mpils-tests/instances/miplib/medium-1/neos-3024952-loue.mps with config: /scratch/yorig/mpils-results-grid-ticks-10000-7may/medium-1/24proc-2pils/seed-5/9_neos-3024952-loue_seed-5_20260510_043256/iterated_local_search/run_6_worker_8/parallel_14_1.prm
[INFO]:[04:38:15] CPLEX results. Gap: 23.710000, upper bound: 31484.000000, lower bound: 24019.129464
[INFO]:[04:38:15] CPLEX solver finished. Gap: 23.710000
[INFO]:[04:38:15] Starting CPLEX solver on instance: /home/yorig/tuner/mpils-tests/instances/miplib/medium-1/neos-3024952-loue.mps with config: /scratch/yorig/mpils-results-grid-ticks-10000-7may/medium-1/24proc-2pils/seed-5/9_neos-3024952-loue_seed-5_20260510_043256/iterated_local_search/run_6_worker_8/parallel_16_1.prm
[INFO]:[04:38:21] CPLEX results. Gap: 20.060000, upper bound: 30129.000000, lower bound: 24085.875000
[INFO]:[04:38:21] CPLEX solver finished. Gap: 20.060000
[INFO]:[04:38:21] Worker (ils_group_rank=1) exiting parallel ILS evaluation service.
[INFO]:[04:38:34] Worker 9 completed exploration phase.
[INFO]:[04:38:34] Worker 9 received order for step 2.
[INFO]:[04:38:34] Worker 9 running expansion phase for iteration 6.
[INFO]:[04:38:34] Worker 9 will use solver log file: /scratch/yorig/mpils-results-grid-ticks-10000-7may/medium-1/24proc-2pils/seed-5/9_neos-3024952-loue_seed-5_20260510_043256/solver/cplex.log_iteration_expansion_6_worker_9
[INFO]:[04:38:34] Expansion Worker 9 starting expansion for iteration 6.
[INFO]:[04:38:34] Starting CPLEX solver on instance: /home/yorig/tuner/mpils-tests/instances/miplib/medium-1/neos-3024952-loue.mps with config: /scratch/yorig/mpils-results-grid-ticks-10000-7may/medium-1/24proc-2pils/seed-5/9_neos-3024952-loue_seed-5_20260510_043256/expansion/config_param_CPXPARAM_MIP_Limits_AggForCut_2_iter_6.prm
[INFO]:[04:38:41] CPLEX results. Gap: 15.280000, upper bound: 29505.000000, lower bound: 24997.785126
[INFO]:[04:38:41] CPLEX solver finished. Gap: 15.280000
[INFO]:[04:38:42] Expansion Worker 9 stopping early after global MPI expansion stop was activated.
[INFO]:[04:38:42] Expansion Worker 9 completed expansion.
[INFO]:[04:38:42] Worker 9 completed expansion phase.
[INFO]:[04:38:42] Worker 9 received order for step 1.
[INFO]:[04:38:42] Worker 9 running exploration phase for iteration 7.
[INFO]:[04:38:42] Worker 9 at iteration 7 will not use a MIP start file. Current best MIP-start upper bound threshold is 1.79769e+308.
[INFO]:[04:38:42] Starting local search phase...
[INFO]:[04:38:42] Worker (ils_group_rank=1) entering parallel ILS evaluation service.
[INFO]:[04:38:42] Starting CPLEX solver on instance: /home/yorig/tuner/mpils-tests/instances/miplib/medium-1/neos-3024952-loue.mps with config: /scratch/yorig/mpils-results-grid-ticks-10000-7may/medium-1/24proc-2pils/seed-5/9_neos-3024952-loue_seed-5_20260510_043256/iterated_local_search/run_7_worker_8/parallel_0_1.prm
[INFO]:[04:38:48] CPLEX results. Gap: 22.410000, upper bound: 31108.000000, lower bound: 24137.855411
[INFO]:[04:38:48] CPLEX solver finished. Gap: 22.410000
[INFO]:[04:38:49] Starting CPLEX solver on instance: /home/yorig/tuner/mpils-tests/instances/miplib/medium-1/neos-3024952-loue.mps with config: /scratch/yorig/mpils-results-grid-ticks-10000-7may/medium-1/24proc-2pils/seed-5/9_neos-3024952-loue_seed-5_20260510_043256/iterated_local_search/run_7_worker_8/parallel_2_1.prm
[INFO]:[04:38:55] CPLEX results. Gap: 22.620000, upper bound: 31108.000000, lower bound: 24072.923288
[INFO]:[04:38:55] CPLEX solver finished. Gap: 22.620000
[INFO]:[04:38:55] Starting CPLEX solver on instance: /home/yorig/tuner/mpils-tests/instances/miplib/medium-1/neos-3024952-loue.mps with config: /scratch/yorig/mpils-results-grid-ticks-10000-7may/medium-1/24proc-2pils/seed-5/9_neos-3024952-loue_seed-5_20260510_043256/iterated_local_search/run_7_worker_8/parallel_4_1.prm
[INFO]:[04:39:00] CPLEX results. Gap: 22.410000, upper bound: 31108.000000, lower bound: 24137.855411
[INFO]:[04:39:00] CPLEX solver finished. Gap: 22.410000
[INFO]:[04:39:00] Starting CPLEX solver on instance: /home/yorig/tuner/mpils-tests/instances/miplib/medium-1/neos-3024952-loue.mps with config: /scratch/yorig/mpils-results-grid-ticks-10000-7may/medium-1/24proc-2pils/seed-5/9_neos-3024952-loue_seed-5_20260510_043256/iterated_local_search/run_7_worker_8/parallel_6_1.prm
[INFO]:[04:39:06] CPLEX results. Gap: 24.890000, upper bound: 32138.000000, lower bound: 24137.855411
[INFO]:[04:39:06] CPLEX solver finished. Gap: 24.890000
[INFO]:[04:39:06] Starting CPLEX solver on instance: /home/yorig/tuner/mpils-tests/instances/miplib/medium-1/neos-3024952-loue.mps with config: /scratch/yorig/mpils-results-grid-ticks-10000-7may/medium-1/24proc-2pils/seed-5/9_neos-3024952-loue_seed-5_20260510_043256/iterated_local_search/run_7_worker_8/parallel_8_1.prm
[INFO]:[04:39:11] CPLEX results. Gap: 20.900000, upper bound: 30516.000000, lower bound: 24137.855411
[INFO]:[04:39:11] CPLEX solver finished. Gap: 20.900000
[INFO]:[04:39:11] Worker (ils_group_rank=1) exiting parallel ILS evaluation service.
[INFO]:[04:39:24] Worker 9 completed exploration phase.
[INFO]:[04:39:24] Worker 9 received order for step 2.
[INFO]:[04:39:24] Worker 9 running expansion phase for iteration 7.
[INFO]:[04:39:24] Worker 9 will use solver log file: /scratch/yorig/mpils-results-grid-ticks-10000-7may/medium-1/24proc-2pils/seed-5/9_neos-3024952-loue_seed-5_20260510_043256/solver/cplex.log_iteration_expansion_7_worker_9
[INFO]:[04:39:24] Expansion Worker 9 starting expansion for iteration 7.
[INFO]:[04:39:24] Starting CPLEX solver on instance: /home/yorig/tuner/mpils-tests/instances/miplib/medium-1/neos-3024952-loue.mps with config: /scratch/yorig/mpils-results-grid-ticks-10000-7may/medium-1/24proc-2pils/seed-5/9_neos-3024952-loue_seed-5_20260510_043256/expansion/config_param_CPXPARAM_Preprocessing_Fill_20_iter_7.prm
[INFO]:[04:39:31] CPLEX results. Gap: 4.730000, upper bound: 27550.000000, lower bound: 26245.949576
[INFO]:[04:39:31] CPLEX solver finished. Gap: 4.730000
[INFO]:[04:39:38] Expansion Worker 9 stopping early after global MPI expansion stop was activated.
[INFO]:[04:39:38] Expansion Worker 9 completed expansion.
[INFO]:[04:39:38] Worker 9 completed expansion phase.
[INFO]:[04:39:40] Worker 9 received order for step 1.
[INFO]:[04:39:40] Worker 9 running exploration phase for iteration 8.
[INFO]:[04:39:40] Worker 9 at iteration 8 will not use a MIP start file. Current best MIP-start upper bound threshold is 1.79769e+308.
[INFO]:[04:39:40] Starting local search phase...
[INFO]:[04:39:40] Worker (ils_group_rank=1) entering parallel ILS evaluation service.
[INFO]:[04:39:40] Starting CPLEX solver on instance: /home/yorig/tuner/mpils-tests/instances/miplib/medium-1/neos-3024952-loue.mps with config: /scratch/yorig/mpils-results-grid-ticks-10000-7may/medium-1/24proc-2pils/seed-5/9_neos-3024952-loue_seed-5_20260510_043256/iterated_local_search/run_8_worker_8/parallel_0_1.prm
[INFO]:[04:39:45] CPLEX results. Gap: 22.160000, upper bound: 31642.000000, lower bound: 24629.011935
[INFO]:[04:39:45] CPLEX solver finished. Gap: 22.160000
[INFO]:[04:39:46] Starting CPLEX solver on instance: /home/yorig/tuner/mpils-tests/instances/miplib/medium-1/neos-3024952-loue.mps with config: /scratch/yorig/mpils-results-grid-ticks-10000-7may/medium-1/24proc-2pils/seed-5/9_neos-3024952-loue_seed-5_20260510_043256/iterated_local_search/run_8_worker_8/parallel_2_1.prm
[INFO]:[04:39:52] CPLEX results. Gap: 23.300000, upper bound: 31702.000000, lower bound: 24316.029600
[INFO]:[04:39:52] CPLEX solver finished. Gap: 23.300000
[INFO]:[04:39:52] Starting CPLEX solver on instance: /home/yorig/tuner/mpils-tests/instances/miplib/medium-1/neos-3024952-loue.mps with config: /scratch/yorig/mpils-results-grid-ticks-10000-7may/medium-1/24proc-2pils/seed-5/9_neos-3024952-loue_seed-5_20260510_043256/iterated_local_search/run_8_worker_8/parallel_4_1.prm
[INFO]:[04:39:58] CPLEX results. Gap: 21.070000, upper bound: 31203.000000, lower bound: 24629.011935
[INFO]:[04:39:58] CPLEX solver finished. Gap: 21.070000
[INFO]:[04:39:58] Starting CPLEX solver on instance: /home/yorig/tuner/mpils-tests/instances/miplib/medium-1/neos-3024952-loue.mps with config: /scratch/yorig/mpils-results-grid-ticks-10000-7may/medium-1/24proc-2pils/seed-5/9_neos-3024952-loue_seed-5_20260510_043256/iterated_local_search/run_8_worker_8/parallel_6_1.prm
[INFO]:[04:40:04] CPLEX results. Gap: 21.070000, upper bound: 31203.000000, lower bound: 24629.011935
[INFO]:[04:40:04] CPLEX solver finished. Gap: 21.070000
[INFO]:[04:40:04] Starting CPLEX solver on instance: /home/yorig/tuner/mpils-tests/instances/miplib/medium-1/neos-3024952-loue.mps with config: /scratch/yorig/mpils-results-grid-ticks-10000-7may/medium-1/24proc-2pils/seed-5/9_neos-3024952-loue_seed-5_20260510_043256/iterated_local_search/run_8_worker_8/parallel_8_1.prm
[INFO]:[04:40:10] CPLEX results. Gap: 22.580000, upper bound: 31083.000000, lower bound: 24064.987502
[INFO]:[04:40:10] CPLEX solver finished. Gap: 22.580000
[INFO]:[04:40:10] Starting CPLEX solver on instance: /home/yorig/tuner/mpils-tests/instances/miplib/medium-1/neos-3024952-loue.mps with config: /scratch/yorig/mpils-results-grid-ticks-10000-7may/medium-1/24proc-2pils/seed-5/9_neos-3024952-loue_seed-5_20260510_043256/iterated_local_search/run_8_worker_8/parallel_10_1.prm
[INFO]:[04:40:15] CPLEX results. Gap: 21.070000, upper bound: 31203.000000, lower bound: 24629.011935
[INFO]:[04:40:15] CPLEX solver finished. Gap: 21.070000
[INFO]:[04:40:15] Starting CPLEX solver on instance: /home/yorig/tuner/mpils-tests/instances/miplib/medium-1/neos-3024952-loue.mps with config: /scratch/yorig/mpils-results-grid-ticks-10000-7may/medium-1/24proc-2pils/seed-5/9_neos-3024952-loue_seed-5_20260510_043256/iterated_local_search/run_8_worker_8/parallel_12_1.prm
[INFO]:[04:40:21] CPLEX results. Gap: 22.620000, upper bound: 31722.000000, lower bound: 24545.433317
[INFO]:[04:40:21] CPLEX solver finished. Gap: 22.620000
[INFO]:[04:40:23] Starting CPLEX solver on instance: /home/yorig/tuner/mpils-tests/instances/miplib/medium-1/neos-3024952-loue.mps with config: /scratch/yorig/mpils-results-grid-ticks-10000-7may/medium-1/24proc-2pils/seed-5/9_neos-3024952-loue_seed-5_20260510_043256/iterated_local_search/run_8_worker_8/parallel_14_1.prm
[INFO]:[04:40:29] CPLEX results. Gap: 21.390000, upper bound: 31203.000000, lower bound: 24527.860107
[INFO]:[04:40:29] CPLEX solver finished. Gap: 21.390000
[INFO]:[04:40:29] Starting CPLEX solver on instance: /home/yorig/tuner/mpils-tests/instances/miplib/medium-1/neos-3024952-loue.mps with config: /scratch/yorig/mpils-results-grid-ticks-10000-7may/medium-1/24proc-2pils/seed-5/9_neos-3024952-loue_seed-5_20260510_043256/iterated_local_search/run_8_worker_8/parallel_16_1.prm
[INFO]:[04:40:35] CPLEX results. Gap: 21.070000, upper bound: 31203.000000, lower bound: 24629.011935
[INFO]:[04:40:35] CPLEX solver finished. Gap: 21.070000
[INFO]:[04:40:35] Starting CPLEX solver on instance: /home/yorig/tuner/mpils-tests/instances/miplib/medium-1/neos-3024952-loue.mps with config: /scratch/yorig/mpils-results-grid-ticks-10000-7may/medium-1/24proc-2pils/seed-5/9_neos-3024952-loue_seed-5_20260510_043256/iterated_local_search/run_8_worker_8/parallel_18_1.prm
[WARN]:[04:40:41] CPLEX finished without a primal feasible solution for config /scratch/yorig/mpils-results-grid-ticks-10000-7may/medium-1/24proc-2pils/seed-5/9_neos-3024952-loue_seed-5_20260510_043256/iterated_local_search/run_8_worker_8/parallel_18_1.prm.
[INFO]:[04:40:41] CPLEX results. Gap: unavailable, upper bound: null, lower bound: 24708.706354
[INFO]:[04:40:41] CPLEX solver finished. Gap: 179769313486231570814527423731704356798070567525844996598917476803157260780028538760589558632766878171540458953514382464234321326889464182768467546703537516986049910576551282076245490090389328944075868508455133942304583236903222948165808559332123348274797826204144723168738177180919299881250404026184124858368.000000
[INFO]:[04:40:41] Starting CPLEX solver on instance: /home/yorig/tuner/mpils-tests/instances/miplib/medium-1/neos-3024952-loue.mps with config: /scratch/yorig/mpils-results-grid-ticks-10000-7may/medium-1/24proc-2pils/seed-5/9_neos-3024952-loue_seed-5_20260510_043256/iterated_local_search/run_8_worker_8/parallel_20_1.prm
[INFO]:[04:40:46] CPLEX results. Gap: 21.140000, upper bound: 31144.000000, lower bound: 24559.453740
[INFO]:[04:40:46] CPLEX solver finished. Gap: 21.140000
[INFO]:[04:40:46] Starting CPLEX solver on instance: /home/yorig/tuner/mpils-tests/instances/miplib/medium-1/neos-3024952-loue.mps with config: /scratch/yorig/mpils-results-grid-ticks-10000-7may/medium-1/24proc-2pils/seed-5/9_neos-3024952-loue_seed-5_20260510_043256/iterated_local_search/run_8_worker_8/parallel_22_1.prm
[INFO]:[04:40:52] CPLEX results. Gap: 16.760000, upper bound: 29657.000000, lower bound: 24687.745784
[INFO]:[04:40:52] CPLEX solver finished. Gap: 16.760000
[INFO]:[04:40:52] Starting CPLEX solver on instance: /home/yorig/tuner/mpils-tests/instances/miplib/medium-1/neos-3024952-loue.mps with config: /scratch/yorig/mpils-results-grid-ticks-10000-7may/medium-1/24proc-2pils/seed-5/9_neos-3024952-loue_seed-5_20260510_043256/iterated_local_search/run_8_worker_8/parallel_24_1.prm
[INFO]:[04:40:58] CPLEX results. Gap: 16.760000, upper bound: 29657.000000, lower bound: 24687.745784
[INFO]:[04:40:58] CPLEX solver finished. Gap: 16.760000
[INFO]:[04:40:58] Starting CPLEX solver on instance: /home/yorig/tuner/mpils-tests/instances/miplib/medium-1/neos-3024952-loue.mps with config: /scratch/yorig/mpils-results-grid-ticks-10000-7may/medium-1/24proc-2pils/seed-5/9_neos-3024952-loue_seed-5_20260510_043256/iterated_local_search/run_8_worker_8/parallel_26_1.prm
[INFO]:[04:41:04] CPLEX results. Gap: 13.430000, upper bound: 28519.000000, lower bound: 24687.745784
[INFO]:[04:41:04] CPLEX solver finished. Gap: 13.430000
[INFO]:[04:41:04] Worker (ils_group_rank=1) exiting parallel ILS evaluation service.
[INFO]:[04:41:33] Worker 9 completed exploration phase.
[INFO]:[04:41:33] Worker 9 received order for step 2.
[INFO]:[04:41:33] Worker 9 running expansion phase for iteration 8.
[INFO]:[04:41:33] Worker 9 will use solver log file: /scratch/yorig/mpils-results-grid-ticks-10000-7may/medium-1/24proc-2pils/seed-5/9_neos-3024952-loue_seed-5_20260510_043256/solver/cplex.log_iteration_expansion_8_worker_9
[INFO]:[04:41:33] Expansion Worker 9 starting expansion for iteration 8.
[INFO]:[04:41:33] Starting CPLEX solver on instance: /home/yorig/tuner/mpils-tests/instances/miplib/medium-1/neos-3024952-loue.mps with config: /scratch/yorig/mpils-results-grid-ticks-10000-7may/medium-1/24proc-2pils/seed-5/9_neos-3024952-loue_seed-5_20260510_043256/expansion/config_param_CPXPARAM_Emphasis_Memory_1_iter_8.prm
[INFO]:[04:41:40] CPLEX results. Gap: 4.420000, upper bound: 27552.000000, lower bound: 26334.340117
[INFO]:[04:41:40] CPLEX solver finished. Gap: 4.420000
[INFO]:[04:41:40] Expansion Worker 9 stopping early after global MPI expansion stop was activated.
[INFO]:[04:41:40] Expansion Worker 9 completed expansion.
[INFO]:[04:41:40] Worker 9 completed expansion phase.
[INFO]:[04:41:42] Worker 9 received order for step 1.
[INFO]:[04:41:42] Worker 9 running exploration phase for iteration 9.
[INFO]:[04:41:42] Worker 9 at iteration 9 will not use a MIP start file. Current best MIP-start upper bound threshold is 1.79769e+308.
[INFO]:[04:41:42] Starting local search phase...
[INFO]:[04:41:42] Worker (ils_group_rank=1) entering parallel ILS evaluation service.
[INFO]:[04:41:42] Starting CPLEX solver on instance: /home/yorig/tuner/mpils-tests/instances/miplib/medium-1/neos-3024952-loue.mps with config: /scratch/yorig/mpils-results-grid-ticks-10000-7may/medium-1/24proc-2pils/seed-5/9_neos-3024952-loue_seed-5_20260510_043256/iterated_local_search/run_9_worker_8/parallel_0_1.prm
[WARN]:[04:41:49] CPLEX finished without a primal feasible solution for config /scratch/yorig/mpils-results-grid-ticks-10000-7may/medium-1/24proc-2pils/seed-5/9_neos-3024952-loue_seed-5_20260510_043256/iterated_local_search/run_9_worker_8/parallel_0_1.prm.
[INFO]:[04:41:49] CPLEX results. Gap: unavailable, upper bound: null, lower bound: 22882.000000
[INFO]:[04:41:49] CPLEX solver finished. Gap: 179769313486231570814527423731704356798070567525844996598917476803157260780028538760589558632766878171540458953514382464234321326889464182768467546703537516986049910576551282076245490090389328944075868508455133942304583236903222948165808559332123348274797826204144723168738177180919299881250404026184124858368.000000
[INFO]:[04:41:49] Starting CPLEX solver on instance: /home/yorig/tuner/mpils-tests/instances/miplib/medium-1/neos-3024952-loue.mps with config: /scratch/yorig/mpils-results-grid-ticks-10000-7may/medium-1/24proc-2pils/seed-5/9_neos-3024952-loue_seed-5_20260510_043256/iterated_local_search/run_9_worker_8/parallel_2_1.prm
[WARN]:[04:41:56] CPLEX finished without a primal feasible solution for config /scratch/yorig/mpils-results-grid-ticks-10000-7may/medium-1/24proc-2pils/seed-5/9_neos-3024952-loue_seed-5_20260510_043256/iterated_local_search/run_9_worker_8/parallel_2_1.prm.
[INFO]:[04:41:56] CPLEX results. Gap: unavailable, upper bound: null, lower bound: 24555.072222
[INFO]:[04:41:56] CPLEX solver finished. Gap: 179769313486231570814527423731704356798070567525844996598917476803157260780028538760589558632766878171540458953514382464234321326889464182768467546703537516986049910576551282076245490090389328944075868508455133942304583236903222948165808559332123348274797826204144723168738177180919299881250404026184124858368.000000
[INFO]:[04:41:56] Starting CPLEX solver on instance: /home/yorig/tuner/mpils-tests/instances/miplib/medium-1/neos-3024952-loue.mps with config: /scratch/yorig/mpils-results-grid-ticks-10000-7may/medium-1/24proc-2pils/seed-5/9_neos-3024952-loue_seed-5_20260510_043256/iterated_local_search/run_9_worker_8/parallel_4_1.prm
[WARN]:[04:42:05] CPLEX finished without a primal feasible solution for config /scratch/yorig/mpils-results-grid-ticks-10000-7may/medium-1/24proc-2pils/seed-5/9_neos-3024952-loue_seed-5_20260510_043256/iterated_local_search/run_9_worker_8/parallel_4_1.prm.
[INFO]:[04:42:05] CPLEX results. Gap: unavailable, upper bound: null, lower bound: 25014.058944
[INFO]:[04:42:05] CPLEX solver finished. Gap: 179769313486231570814527423731704356798070567525844996598917476803157260780028538760589558632766878171540458953514382464234321326889464182768467546703537516986049910576551282076245490090389328944075868508455133942304583236903222948165808559332123348274797826204144723168738177180919299881250404026184124858368.000000
[INFO]:[04:42:05] Starting CPLEX solver on instance: /home/yorig/tuner/mpils-tests/instances/miplib/medium-1/neos-3024952-loue.mps with config: /scratch/yorig/mpils-results-grid-ticks-10000-7may/medium-1/24proc-2pils/seed-5/9_neos-3024952-loue_seed-5_20260510_043256/iterated_local_search/run_9_worker_8/parallel_6_1.prm
[WARN]:[04:42:12] CPLEX finished without a primal feasible solution for config /scratch/yorig/mpils-results-grid-ticks-10000-7may/medium-1/24proc-2pils/seed-5/9_neos-3024952-loue_seed-5_20260510_043256/iterated_local_search/run_9_worker_8/parallel_6_1.prm.
[INFO]:[04:42:12] CPLEX results. Gap: unavailable, upper bound: null, lower bound: 24559.749338
[INFO]:[04:42:12] CPLEX solver finished. Gap: 179769313486231570814527423731704356798070567525844996598917476803157260780028538760589558632766878171540458953514382464234321326889464182768467546703537516986049910576551282076245490090389328944075868508455133942304583236903222948165808559332123348274797826204144723168738177180919299881250404026184124858368.000000
[INFO]:[04:42:12] Starting CPLEX solver on instance: /home/yorig/tuner/mpils-tests/instances/miplib/medium-1/neos-3024952-loue.mps with config: /scratch/yorig/mpils-results-grid-ticks-10000-7may/medium-1/24proc-2pils/seed-5/9_neos-3024952-loue_seed-5_20260510_043256/iterated_local_search/run_9_worker_8/parallel_8_1.prm
[WARN]:[04:42:18] CPLEX finished without a primal feasible solution for config /scratch/yorig/mpils-results-grid-ticks-10000-7may/medium-1/24proc-2pils/seed-5/9_neos-3024952-loue_seed-5_20260510_043256/iterated_local_search/run_9_worker_8/parallel_8_1.prm.
[INFO]:[04:42:18] CPLEX results. Gap: unavailable, upper bound: null, lower bound: 24764.586826
[INFO]:[04:42:18] CPLEX solver finished. Gap: 179769313486231570814527423731704356798070567525844996598917476803157260780028538760589558632766878171540458953514382464234321326889464182768467546703537516986049910576551282076245490090389328944075868508455133942304583236903222948165808559332123348274797826204144723168738177180919299881250404026184124858368.000000
[INFO]:[04:42:19] Worker (ils_group_rank=1) exiting parallel ILS evaluation service.
[INFO]:[04:42:29] Worker 9 completed exploration phase.
[INFO]:[04:42:30] Worker 9 received order for step 2.
[INFO]:[04:42:30] Worker 9 running expansion phase for iteration 9.
[INFO]:[04:42:30] Worker 9 will use solver log file: /scratch/yorig/mpils-results-grid-ticks-10000-7may/medium-1/24proc-2pils/seed-5/9_neos-3024952-loue_seed-5_20260510_043256/solver/cplex.log_iteration_expansion_9_worker_9
[INFO]:[04:42:30] Expansion Worker 9 starting expansion for iteration 9.
[INFO]:[04:42:30] Starting CPLEX solver on instance: /home/yorig/tuner/mpils-tests/instances/miplib/medium-1/neos-3024952-loue.mps with config: /scratch/yorig/mpils-results-grid-ticks-10000-7may/medium-1/24proc-2pils/seed-5/9_neos-3024952-loue_seed-5_20260510_043256/expansion/config_param_CPXPARAM_Network_NetFind_1_iter_9.prm
[INFO]:[04:42:37] CPLEX results. Gap: 2.340000, upper bound: 27000.000000, lower bound: 26368.624021
[INFO]:[04:42:37] CPLEX solver finished. Gap: 2.340000
[INFO]:[04:42:44] Expansion Worker 9 completed expansion.
[INFO]:[04:42:44] Worker 9 completed expansion phase.
[INFO]:[04:42:46] Worker 9 received order for step 1.
[INFO]:[04:42:46] Worker 9 running exploration phase for iteration 10.
[INFO]:[04:42:46] Worker 9 at iteration 10 will not use a MIP start file. Current best MIP-start upper bound threshold is 1.79769e+308.
[INFO]:[04:42:46] Starting local search phase...
[INFO]:[04:42:46] Worker (ils_group_rank=1) entering parallel ILS evaluation service.
[INFO]:[04:42:46] Starting CPLEX solver on instance: /home/yorig/tuner/mpils-tests/instances/miplib/medium-1/neos-3024952-loue.mps with config: /scratch/yorig/mpils-results-grid-ticks-10000-7may/medium-1/24proc-2pils/seed-5/9_neos-3024952-loue_seed-5_20260510_043256/iterated_local_search/run_10_worker_8/parallel_0_1.prm
[WARN]:[04:42:53] CPLEX finished without a primal feasible solution for config /scratch/yorig/mpils-results-grid-ticks-10000-7may/medium-1/24proc-2pils/seed-5/9_neos-3024952-loue_seed-5_20260510_043256/iterated_local_search/run_10_worker_8/parallel_0_1.prm.
[INFO]:[04:42:53] CPLEX results. Gap: unavailable, upper bound: null, lower bound: 24162.533231
[INFO]:[04:42:53] CPLEX solver finished. Gap: 179769313486231570814527423731704356798070567525844996598917476803157260780028538760589558632766878171540458953514382464234321326889464182768467546703537516986049910576551282076245490090389328944075868508455133942304583236903222948165808559332123348274797826204144723168738177180919299881250404026184124858368.000000
[INFO]:[04:42:53] Starting CPLEX solver on instance: /home/yorig/tuner/mpils-tests/instances/miplib/medium-1/neos-3024952-loue.mps with config: /scratch/yorig/mpils-results-grid-ticks-10000-7may/medium-1/24proc-2pils/seed-5/9_neos-3024952-loue_seed-5_20260510_043256/iterated_local_search/run_10_worker_8/parallel_2_1.prm
[WARN]:[04:42:59] CPLEX finished without a primal feasible solution for config /scratch/yorig/mpils-results-grid-ticks-10000-7may/medium-1/24proc-2pils/seed-5/9_neos-3024952-loue_seed-5_20260510_043256/iterated_local_search/run_10_worker_8/parallel_2_1.prm.
[INFO]:[04:42:59] CPLEX results. Gap: unavailable, upper bound: null, lower bound: 24397.523489
[INFO]:[04:42:59] CPLEX solver finished. Gap: 179769313486231570814527423731704356798070567525844996598917476803157260780028538760589558632766878171540458953514382464234321326889464182768467546703537516986049910576551282076245490090389328944075868508455133942304583236903222948165808559332123348274797826204144723168738177180919299881250404026184124858368.000000
[INFO]:[04:42:59] Starting CPLEX solver on instance: /home/yorig/tuner/mpils-tests/instances/miplib/medium-1/neos-3024952-loue.mps with config: /scratch/yorig/mpils-results-grid-ticks-10000-7may/medium-1/24proc-2pils/seed-5/9_neos-3024952-loue_seed-5_20260510_043256/iterated_local_search/run_10_worker_8/parallel_4_1.prm
[WARN]:[04:43:05] CPLEX finished without a primal feasible solution for config /scratch/yorig/mpils-results-grid-ticks-10000-7may/medium-1/24proc-2pils/seed-5/9_neos-3024952-loue_seed-5_20260510_043256/iterated_local_search/run_10_worker_8/parallel_4_1.prm.
[INFO]:[04:43:05] CPLEX results. Gap: unavailable, upper bound: null, lower bound: 24397.523489
[INFO]:[04:43:05] CPLEX solver finished. Gap: 179769313486231570814527423731704356798070567525844996598917476803157260780028538760589558632766878171540458953514382464234321326889464182768467546703537516986049910576551282076245490090389328944075868508455133942304583236903222948165808559332123348274797826204144723168738177180919299881250404026184124858368.000000
[INFO]:[04:43:05] Starting CPLEX solver on instance: /home/yorig/tuner/mpils-tests/instances/miplib/medium-1/neos-3024952-loue.mps with config: /scratch/yorig/mpils-results-grid-ticks-10000-7may/medium-1/24proc-2pils/seed-5/9_neos-3024952-loue_seed-5_20260510_043256/iterated_local_search/run_10_worker_8/parallel_6_1.prm
[WARN]:[04:43:11] CPLEX finished without a primal feasible solution for config /scratch/yorig/mpils-results-grid-ticks-10000-7may/medium-1/24proc-2pils/seed-5/9_neos-3024952-loue_seed-5_20260510_043256/iterated_local_search/run_10_worker_8/parallel_6_1.prm.
[INFO]:[04:43:11] CPLEX results. Gap: unavailable, upper bound: null, lower bound: 24397.523489
[INFO]:[04:43:11] CPLEX solver finished. Gap: 179769313486231570814527423731704356798070567525844996598917476803157260780028538760589558632766878171540458953514382464234321326889464182768467546703537516986049910576551282076245490090389328944075868508455133942304583236903222948165808559332123348274797826204144723168738177180919299881250404026184124858368.000000
[INFO]:[04:43:11] Starting CPLEX solver on instance: /home/yorig/tuner/mpils-tests/instances/miplib/medium-1/neos-3024952-loue.mps with config: /scratch/yorig/mpils-results-grid-ticks-10000-7may/medium-1/24proc-2pils/seed-5/9_neos-3024952-loue_seed-5_20260510_043256/iterated_local_search/run_10_worker_8/parallel_8_1.prm
[WARN]:[04:43:16] CPLEX finished without a primal feasible solution for config /scratch/yorig/mpils-results-grid-ticks-10000-7may/medium-1/24proc-2pils/seed-5/9_neos-3024952-loue_seed-5_20260510_043256/iterated_local_search/run_10_worker_8/parallel_8_1.prm.
[INFO]:[04:43:16] CPLEX results. Gap: unavailable, upper bound: null, lower bound: 24236.233792
[INFO]:[04:43:16] CPLEX solver finished. Gap: 179769313486231570814527423731704356798070567525844996598917476803157260780028538760589558632766878171540458953514382464234321326889464182768467546703537516986049910576551282076245490090389328944075868508455133942304583236903222948165808559332123348274797826204144723168738177180919299881250404026184124858368.000000
[INFO]:[04:43:16] Starting CPLEX solver on instance: /home/yorig/tuner/mpils-tests/instances/miplib/medium-1/neos-3024952-loue.mps with config: /scratch/yorig/mpils-results-grid-ticks-10000-7may/medium-1/24proc-2pils/seed-5/9_neos-3024952-loue_seed-5_20260510_043256/iterated_local_search/run_10_worker_8/parallel_10_1.prm
[WARN]:[04:43:22] CPLEX finished without a primal feasible solution for config /scratch/yorig/mpils-results-grid-ticks-10000-7may/medium-1/24proc-2pils/seed-5/9_neos-3024952-loue_seed-5_20260510_043256/iterated_local_search/run_10_worker_8/parallel_10_1.prm.
[INFO]:[04:43:22] CPLEX results. Gap: unavailable, upper bound: null, lower bound: 24332.938686
[INFO]:[04:43:22] CPLEX solver finished. Gap: 179769313486231570814527423731704356798070567525844996598917476803157260780028538760589558632766878171540458953514382464234321326889464182768467546703537516986049910576551282076245490090389328944075868508455133942304583236903222948165808559332123348274797826204144723168738177180919299881250404026184124858368.000000
[INFO]:[04:43:22] Starting CPLEX solver on instance: /home/yorig/tuner/mpils-tests/instances/miplib/medium-1/neos-3024952-loue.mps with config: /scratch/yorig/mpils-results-grid-ticks-10000-7may/medium-1/24proc-2pils/seed-5/9_neos-3024952-loue_seed-5_20260510_043256/iterated_local_search/run_10_worker_8/parallel_12_1.prm
[WARN]:[04:43:28] CPLEX finished without a primal feasible solution for config /scratch/yorig/mpils-results-grid-ticks-10000-7may/medium-1/24proc-2pils/seed-5/9_neos-3024952-loue_seed-5_20260510_043256/iterated_local_search/run_10_worker_8/parallel_12_1.prm.
[INFO]:[04:43:28] CPLEX results. Gap: unavailable, upper bound: null, lower bound: 24397.523489
[INFO]:[04:43:28] CPLEX solver finished. Gap: 179769313486231570814527423731704356798070567525844996598917476803157260780028538760589558632766878171540458953514382464234321326889464182768467546703537516986049910576551282076245490090389328944075868508455133942304583236903222948165808559332123348274797826204144723168738177180919299881250404026184124858368.000000
[INFO]:[04:43:28] Starting CPLEX solver on instance: /home/yorig/tuner/mpils-tests/instances/miplib/medium-1/neos-3024952-loue.mps with config: /scratch/yorig/mpils-results-grid-ticks-10000-7may/medium-1/24proc-2pils/seed-5/9_neos-3024952-loue_seed-5_20260510_043256/iterated_local_search/run_10_worker_8/parallel_14_1.prm
[WARN]:[04:43:34] CPLEX finished without a primal feasible solution for config /scratch/yorig/mpils-results-grid-ticks-10000-7may/medium-1/24proc-2pils/seed-5/9_neos-3024952-loue_seed-5_20260510_043256/iterated_local_search/run_10_worker_8/parallel_14_1.prm.
[INFO]:[04:43:34] CPLEX results. Gap: unavailable, upper bound: null, lower bound: 24355.755535
[INFO]:[04:43:34] CPLEX solver finished. Gap: 179769313486231570814527423731704356798070567525844996598917476803157260780028538760589558632766878171540458953514382464234321326889464182768467546703537516986049910576551282076245490090389328944075868508455133942304583236903222948165808559332123348274797826204144723168738177180919299881250404026184124858368.000000
[INFO]:[04:43:34] Starting CPLEX solver on instance: /home/yorig/tuner/mpils-tests/instances/miplib/medium-1/neos-3024952-loue.mps with config: /scratch/yorig/mpils-results-grid-ticks-10000-7may/medium-1/24proc-2pils/seed-5/9_neos-3024952-loue_seed-5_20260510_043256/iterated_local_search/run_10_worker_8/parallel_16_1.prm
[WARN]:[04:43:40] CPLEX finished without a primal feasible solution for config /scratch/yorig/mpils-results-grid-ticks-10000-7may/medium-1/24proc-2pils/seed-5/9_neos-3024952-loue_seed-5_20260510_043256/iterated_local_search/run_10_worker_8/parallel_16_1.prm.
[INFO]:[04:43:40] CPLEX results. Gap: unavailable, upper bound: null, lower bound: 24273.112204
[INFO]:[04:43:40] CPLEX solver finished. Gap: 179769313486231570814527423731704356798070567525844996598917476803157260780028538760589558632766878171540458953514382464234321326889464182768467546703537516986049910576551282076245490090389328944075868508455133942304583236903222948165808559332123348274797826204144723168738177180919299881250404026184124858368.000000
[INFO]:[04:43:40] Worker (ils_group_rank=1) exiting parallel ILS evaluation service.
[INFO]:[04:43:53] Worker 9 completed exploration phase.
[INFO]:[04:43:53] Worker 9 received order for step 2.
[INFO]:[04:43:53] Worker 9 running expansion phase for iteration 10.
[INFO]:[04:43:53] Worker 9 will use solver log file: /scratch/yorig/mpils-results-grid-ticks-10000-7may/medium-1/24proc-2pils/seed-5/9_neos-3024952-loue_seed-5_20260510_043256/solver/cplex.log_iteration_expansion_10_worker_9
[INFO]:[04:43:53] Expansion Worker 9 starting expansion for iteration 10.
[INFO]:[04:43:53] Starting CPLEX solver on instance: /home/yorig/tuner/mpils-tests/instances/miplib/medium-1/neos-3024952-loue.mps with config: /scratch/yorig/mpils-results-grid-ticks-10000-7may/medium-1/24proc-2pils/seed-5/9_neos-3024952-loue_seed-5_20260510_043256/expansion/config_param_CPXPARAM_Sifting_Algorithm_2_iter_10.prm
[INFO]:[04:44:00] CPLEX results. Gap: 2.340000, upper bound: 27000.000000, lower bound: 26368.624021
[INFO]:[04:44:00] CPLEX solver finished. Gap: 2.340000
[INFO]:[04:44:07] Expansion Worker 9 completed expansion.
[INFO]:[04:44:07] Worker 9 completed expansion phase.
[INFO]:[04:44:09] Worker 9 received order for step 1.
[INFO]:[04:44:09] Worker 9 running exploration phase for iteration 11.
[INFO]:[04:44:09] Worker 9 at iteration 11 will not use a MIP start file. Current best MIP-start upper bound threshold is 1.79769e+308.
[INFO]:[04:44:09] Starting local search phase...
[INFO]:[04:44:09] Worker (ils_group_rank=1) entering parallel ILS evaluation service.
[INFO]:[04:44:10] Starting CPLEX solver on instance: /home/yorig/tuner/mpils-tests/instances/miplib/medium-1/neos-3024952-loue.mps with config: /scratch/yorig/mpils-results-grid-ticks-10000-7may/medium-1/24proc-2pils/seed-5/9_neos-3024952-loue_seed-5_20260510_043256/iterated_local_search/run_11_worker_8/parallel_0_1.prm
[INFO]:[04:44:17] CPLEX results. Gap: 12.750000, upper bound: 29900.000000, lower bound: 26087.384719
[INFO]:[04:44:17] CPLEX solver finished. Gap: 12.750000
[INFO]:[04:44:18] Starting CPLEX solver on instance: /home/yorig/tuner/mpils-tests/instances/miplib/medium-1/neos-3024952-loue.mps with config: /scratch/yorig/mpils-results-grid-ticks-10000-7may/medium-1/24proc-2pils/seed-5/9_neos-3024952-loue_seed-5_20260510_043256/iterated_local_search/run_11_worker_8/parallel_2_1.prm
[INFO]:[04:44:25] CPLEX results. Gap: 12.750000, upper bound: 29900.000000, lower bound: 26087.384719
[INFO]:[04:44:25] CPLEX solver finished. Gap: 12.750000
[INFO]:[04:44:25] Starting CPLEX solver on instance: /home/yorig/tuner/mpils-tests/instances/miplib/medium-1/neos-3024952-loue.mps with config: /scratch/yorig/mpils-results-grid-ticks-10000-7may/medium-1/24proc-2pils/seed-5/9_neos-3024952-loue_seed-5_20260510_043256/iterated_local_search/run_11_worker_8/parallel_4_1.prm
[INFO]:[04:44:33] CPLEX results. Gap: 12.750000, upper bound: 29900.000000, lower bound: 26087.384719
[INFO]:[04:44:33] CPLEX solver finished. Gap: 12.750000
[INFO]:[04:44:33] Starting CPLEX solver on instance: /home/yorig/tuner/mpils-tests/instances/miplib/medium-1/neos-3024952-loue.mps with config: /scratch/yorig/mpils-results-grid-ticks-10000-7may/medium-1/24proc-2pils/seed-5/9_neos-3024952-loue_seed-5_20260510_043256/iterated_local_search/run_11_worker_8/parallel_6_1.prm
[INFO]:[04:44:40] CPLEX results. Gap: 12.750000, upper bound: 29900.000000, lower bound: 26087.384719
[INFO]:[04:44:40] CPLEX solver finished. Gap: 12.750000
[INFO]:[04:44:40] Starting CPLEX solver on instance: /home/yorig/tuner/mpils-tests/instances/miplib/medium-1/neos-3024952-loue.mps with config: /scratch/yorig/mpils-results-grid-ticks-10000-7may/medium-1/24proc-2pils/seed-5/9_neos-3024952-loue_seed-5_20260510_043256/iterated_local_search/run_11_worker_8/parallel_8_1.prm
[WARN]:[04:44:47] CPLEX finished without a primal feasible solution for config /scratch/yorig/mpils-results-grid-ticks-10000-7may/medium-1/24proc-2pils/seed-5/9_neos-3024952-loue_seed-5_20260510_043256/iterated_local_search/run_11_worker_8/parallel_8_1.prm.
[INFO]:[04:44:47] CPLEX results. Gap: unavailable, upper bound: null, lower bound: 26079.569076
[INFO]:[04:44:47] CPLEX solver finished. Gap: 179769313486231570814527423731704356798070567525844996598917476803157260780028538760589558632766878171540458953514382464234321326889464182768467546703537516986049910576551282076245490090389328944075868508455133942304583236903222948165808559332123348274797826204144723168738177180919299881250404026184124858368.000000
[INFO]:[04:44:47] Starting CPLEX solver on instance: /home/yorig/tuner/mpils-tests/instances/miplib/medium-1/neos-3024952-loue.mps with config: /scratch/yorig/mpils-results-grid-ticks-10000-7may/medium-1/24proc-2pils/seed-5/9_neos-3024952-loue_seed-5_20260510_043256/iterated_local_search/run_11_worker_8/parallel_10_1.prm
[INFO]:[04:44:53] CPLEX results. Gap: 25.840000, upper bound: 30854.000000, lower bound: 22882.000000
[INFO]:[04:44:53] CPLEX solver finished. Gap: 25.840000
[INFO]:[04:44:54] Starting CPLEX solver on instance: /home/yorig/tuner/mpils-tests/instances/miplib/medium-1/neos-3024952-loue.mps with config: /scratch/yorig/mpils-results-grid-ticks-10000-7may/medium-1/24proc-2pils/seed-5/9_neos-3024952-loue_seed-5_20260510_043256/iterated_local_search/run_11_worker_8/parallel_12_1.prm
[WARN]:[04:45:02] CPLEX finished without a primal feasible solution for config /scratch/yorig/mpils-results-grid-ticks-10000-7may/medium-1/24proc-2pils/seed-5/9_neos-3024952-loue_seed-5_20260510_043256/iterated_local_search/run_11_worker_8/parallel_12_1.prm.
[INFO]:[04:45:02] CPLEX results. Gap: unavailable, upper bound: null, lower bound: 24138.145238
[INFO]:[04:45:02] CPLEX solver finished. Gap: 179769313486231570814527423731704356798070567525844996598917476803157260780028538760589558632766878171540458953514382464234321326889464182768467546703537516986049910576551282076245490090389328944075868508455133942304583236903222948165808559332123348274797826204144723168738177180919299881250404026184124858368.000000
[INFO]:[04:45:02] Starting CPLEX solver on instance: /home/yorig/tuner/mpils-tests/instances/miplib/medium-1/neos-3024952-loue.mps with config: /scratch/yorig/mpils-results-grid-ticks-10000-7may/medium-1/24proc-2pils/seed-5/9_neos-3024952-loue_seed-5_20260510_043256/iterated_local_search/run_11_worker_8/parallel_14_1.prm
[WARN]:[04:45:09] CPLEX finished without a primal feasible solution for config /scratch/yorig/mpils-results-grid-ticks-10000-7may/medium-1/24proc-2pils/seed-5/9_neos-3024952-loue_seed-5_20260510_043256/iterated_local_search/run_11_worker_8/parallel_14_1.prm.
[INFO]:[04:45:09] CPLEX results. Gap: unavailable, upper bound: null, lower bound: 23821.842857
[INFO]:[04:45:09] CPLEX solver finished. Gap: 179769313486231570814527423731704356798070567525844996598917476803157260780028538760589558632766878171540458953514382464234321326889464182768467546703537516986049910576551282076245490090389328944075868508455133942304583236903222948165808559332123348274797826204144723168738177180919299881250404026184124858368.000000
[INFO]:[04:45:09] Starting CPLEX solver on instance: /home/yorig/tuner/mpils-tests/instances/miplib/medium-1/neos-3024952-loue.mps with config: /scratch/yorig/mpils-results-grid-ticks-10000-7may/medium-1/24proc-2pils/seed-5/9_neos-3024952-loue_seed-5_20260510_043256/iterated_local_search/run_11_worker_8/parallel_16_1.prm
[INFO]:[04:45:16] CPLEX results. Gap: 11.500000, upper bound: 29335.000000, lower bound: 25961.514717
[INFO]:[04:45:16] CPLEX solver finished. Gap: 11.500000
[INFO]:[04:45:16] Starting CPLEX solver on instance: /home/yorig/tuner/mpils-tests/instances/miplib/medium-1/neos-3024952-loue.mps with config: /scratch/yorig/mpils-results-grid-ticks-10000-7may/medium-1/24proc-2pils/seed-5/9_neos-3024952-loue_seed-5_20260510_043256/iterated_local_search/run_11_worker_8/parallel_18_1.prm
[INFO]:[04:45:23] CPLEX results. Gap: 15.370000, upper bound: 30588.000000, lower bound: 25886.587896
[INFO]:[04:45:23] CPLEX solver finished. Gap: 15.370000
[INFO]:[04:45:23] Starting CPLEX solver on instance: /home/yorig/tuner/mpils-tests/instances/miplib/medium-1/neos-3024952-loue.mps with config: /scratch/yorig/mpils-results-grid-ticks-10000-7may/medium-1/24proc-2pils/seed-5/9_neos-3024952-loue_seed-5_20260510_043256/iterated_local_search/run_11_worker_8/parallel_20_1.prm
[INFO]:[04:45:30] CPLEX results. Gap: 14.170000, upper bound: 30255.000000, lower bound: 25968.554315
[INFO]:[04:45:30] CPLEX solver finished. Gap: 14.170000
[INFO]:[04:45:30] Starting CPLEX solver on instance: /home/yorig/tuner/mpils-tests/instances/miplib/medium-1/neos-3024952-loue.mps with config: /scratch/yorig/mpils-results-grid-ticks-10000-7may/medium-1/24proc-2pils/seed-5/9_neos-3024952-loue_seed-5_20260510_043256/iterated_local_search/run_11_worker_8/parallel_22_1.prm
[INFO]:[04:45:38] CPLEX results. Gap: 13.310000, upper bound: 29975.000000, lower bound: 25986.590138
[INFO]:[04:45:38] CPLEX solver finished. Gap: 13.310000
[INFO]:[04:45:38] Starting CPLEX solver on instance: /home/yorig/tuner/mpils-tests/instances/miplib/medium-1/neos-3024952-loue.mps with config: /scratch/yorig/mpils-results-grid-ticks-10000-7may/medium-1/24proc-2pils/seed-5/9_neos-3024952-loue_seed-5_20260510_043256/iterated_local_search/run_11_worker_8/parallel_24_1.prm
[INFO]:[04:45:44] CPLEX results. Gap: 19.500000, upper bound: 29904.000000, lower bound: 24073.750340
[INFO]:[04:45:44] CPLEX solver finished. Gap: 19.500000
[INFO]:[04:45:45] Starting CPLEX solver on instance: /home/yorig/tuner/mpils-tests/instances/miplib/medium-1/neos-3024952-loue.mps with config: /scratch/yorig/mpils-results-grid-ticks-10000-7may/medium-1/24proc-2pils/seed-5/9_neos-3024952-loue_seed-5_20260510_043256/iterated_local_search/run_11_worker_8/parallel_26_1.prm
[INFO]:[04:45:52] CPLEX results. Gap: 11.500000, upper bound: 29335.000000, lower bound: 25961.514717
[INFO]:[04:45:52] CPLEX solver finished. Gap: 11.500000
[INFO]:[04:45:52] Starting CPLEX solver on instance: /home/yorig/tuner/mpils-tests/instances/miplib/medium-1/neos-3024952-loue.mps with config: /scratch/yorig/mpils-results-grid-ticks-10000-7may/medium-1/24proc-2pils/seed-5/9_neos-3024952-loue_seed-5_20260510_043256/iterated_local_search/run_11_worker_8/parallel_28_1.prm
[WARN]:[04:45:59] CPLEX finished without a primal feasible solution for config /scratch/yorig/mpils-results-grid-ticks-10000-7may/medium-1/24proc-2pils/seed-5/9_neos-3024952-loue_seed-5_20260510_043256/iterated_local_search/run_11_worker_8/parallel_28_1.prm.
[INFO]:[04:45:59] CPLEX results. Gap: unavailable, upper bound: null, lower bound: 23821.842857
[INFO]:[04:45:59] CPLEX solver finished. Gap: 179769313486231570814527423731704356798070567525844996598917476803157260780028538760589558632766878171540458953514382464234321326889464182768467546703537516986049910576551282076245490090389328944075868508455133942304583236903222948165808559332123348274797826204144723168738177180919299881250404026184124858368.000000
[INFO]:[04:45:59] Worker (ils_group_rank=1) exiting parallel ILS evaluation service.
[INFO]:[04:46:01] Worker 9 completed exploration phase.
[INFO]:[04:46:01] Worker 9 received order for step 3.
[INFO]:[04:46:01] Worker 9 finished.
