[INFO]:[18:40:07] Worker 2 starting.
[INFO]:[18:40:07] Worker 2 received order for step 1.
[INFO]:[18:40:07] Worker 2 running exploration phase for iteration 1.
[INFO]:[18:40:07] Worker 2 at iteration 1 will not use a MIP start file. Current best MIP-start upper bound threshold is 1.79769e+308.
[INFO]:[18:40:07] Starting local search phase...
[INFO]:[18:40:07] Worker (ils_group_rank=2) entering parallel ILS evaluation service.
[INFO]:[18:40:07] Starting CPLEX solver on instance: /home/yorig/tuner/mpils-tests/instances/miplib/medium-1/neos-3555904-turama.mps with config: /scratch/yorig/mpils-results-grid-ticks-10000-7may/medium-1/24proc-6pils/seed-8/10_neos-3555904-turama_seed-8_20260510_184005/iterated_local_search/run_1_worker_0/parallel_0_2.prm
[INFO]:[18:40:15] CPLEX results. Gap: 23.340000, upper bound: -33.200000, lower bound: -40.950000
[INFO]:[18:40:15] CPLEX solver finished. Gap: 23.340000
[INFO]:[18:40:15] Starting CPLEX solver on instance: /home/yorig/tuner/mpils-tests/instances/miplib/medium-1/neos-3555904-turama.mps with config: /scratch/yorig/mpils-results-grid-ticks-10000-7may/medium-1/24proc-6pils/seed-8/10_neos-3555904-turama_seed-8_20260510_184005/iterated_local_search/run_1_worker_0/parallel_6_2.prm
[INFO]:[18:40:22] CPLEX results. Gap: 23.340000, upper bound: -33.200000, lower bound: -40.950000
[INFO]:[18:40:22] CPLEX solver finished. Gap: 23.340000
[INFO]:[18:40:23] Starting CPLEX solver on instance: /home/yorig/tuner/mpils-tests/instances/miplib/medium-1/neos-3555904-turama.mps with config: /scratch/yorig/mpils-results-grid-ticks-10000-7may/medium-1/24proc-6pils/seed-8/10_neos-3555904-turama_seed-8_20260510_184005/iterated_local_search/run_1_worker_0/parallel_12_2.prm
[INFO]:[18:40:30] CPLEX results. Gap: 23.340000, upper bound: -33.200000, lower bound: -40.950000
[INFO]:[18:40:30] CPLEX solver finished. Gap: 23.340000
[INFO]:[18:40:30] Starting CPLEX solver on instance: /home/yorig/tuner/mpils-tests/instances/miplib/medium-1/neos-3555904-turama.mps with config: /scratch/yorig/mpils-results-grid-ticks-10000-7may/medium-1/24proc-6pils/seed-8/10_neos-3555904-turama_seed-8_20260510_184005/iterated_local_search/run_1_worker_0/parallel_18_2.prm
[INFO]:[18:40:38] CPLEX results. Gap: 18.010000, upper bound: -34.700000, lower bound: -40.950000
[INFO]:[18:40:38] CPLEX solver finished. Gap: 18.010000
[INFO]:[18:40:38] Worker (ils_group_rank=2) exiting parallel ILS evaluation service.
[INFO]:[18:40:38] Worker 2 completed exploration phase.
[INFO]:[18:40:38] Worker 2 received order for step 2.
[INFO]:[18:40:38] Worker 2 running expansion phase for iteration 1.
[INFO]:[18:40:38] Worker 2 will use solver log file: /scratch/yorig/mpils-results-grid-ticks-10000-7may/medium-1/24proc-6pils/seed-8/10_neos-3555904-turama_seed-8_20260510_184005/solver/cplex.log_iteration_expansion_1_worker_2
[INFO]:[18:40:38] Expansion Worker 2 starting expansion for iteration 1.
[INFO]:[18:40:38] Starting CPLEX solver on instance: /home/yorig/tuner/mpils-tests/instances/miplib/medium-1/neos-3555904-turama.mps with config: /scratch/yorig/mpils-results-grid-ticks-10000-7may/medium-1/24proc-6pils/seed-8/10_neos-3555904-turama_seed-8_20260510_184005/expansion/config_param_CPXPARAM_MIP_Strategy_Probe_2_iter_1.prm
[INFO]:[18:40:45] CPLEX results. Gap: 23.340000, upper bound: -33.200000, lower bound: -40.950000
[INFO]:[18:40:45] CPLEX solver finished. Gap: 23.340000
[INFO]:[18:40:47] Starting CPLEX solver on instance: /home/yorig/tuner/mpils-tests/instances/miplib/medium-1/neos-3555904-turama.mps with config: /scratch/yorig/mpils-results-grid-ticks-10000-7may/medium-1/24proc-6pils/seed-8/10_neos-3555904-turama_seed-8_20260510_184005/expansion/config_param_CPXPARAM_MIP_Limits_ProbeTime_40_iter_1.prm
[INFO]:[18:40:55] CPLEX results. Gap: 23.340000, upper bound: -33.200000, lower bound: -40.950000
[INFO]:[18:40:55] CPLEX solver finished. Gap: 23.340000
[INFO]:[18:40:55] Starting CPLEX solver on instance: /home/yorig/tuner/mpils-tests/instances/miplib/medium-1/neos-3555904-turama.mps with config: /scratch/yorig/mpils-results-grid-ticks-10000-7may/medium-1/24proc-6pils/seed-8/10_neos-3555904-turama_seed-8_20260510_184005/expansion/config_param_CPXPARAM_MIP_Limits_CutsFactor_2_iter_1.prm
[INFO]:[18:41:02] CPLEX results. Gap: 18.010000, upper bound: -34.700000, lower bound: -40.950000
[INFO]:[18:41:02] CPLEX solver finished. Gap: 18.010000
[INFO]:[18:41:03] Expansion Worker 2 completed expansion.
[INFO]:[18:41:03] Worker 2 completed expansion phase.
[INFO]:[18:41:03] Worker 2 received order for step 1.
[INFO]:[18:41:03] Worker 2 running exploration phase for iteration 2.
[INFO]:[18:41:03] Worker 2 at iteration 2 will not use a MIP start file. Current best MIP-start upper bound threshold is 1.79769e+308.
[INFO]:[18:41:03] Starting local search phase...
[INFO]:[18:41:03] Worker (ils_group_rank=2) entering parallel ILS evaluation service.
[INFO]:[18:41:03] Starting CPLEX solver on instance: /home/yorig/tuner/mpils-tests/instances/miplib/medium-1/neos-3555904-turama.mps with config: /scratch/yorig/mpils-results-grid-ticks-10000-7may/medium-1/24proc-6pils/seed-8/10_neos-3555904-turama_seed-8_20260510_184005/iterated_local_search/run_2_worker_0/parallel_0_2.prm
[INFO]:[18:41:10] CPLEX results. Gap: 18.010000, upper bound: -34.700000, lower bound: -40.950000
[INFO]:[18:41:10] CPLEX solver finished. Gap: 18.010000
[INFO]:[18:41:10] Worker (ils_group_rank=2) exiting parallel ILS evaluation service.
[INFO]:[18:41:12] Worker 2 completed exploration phase.
[INFO]:[18:41:12] Worker 2 received order for step 2.
[INFO]:[18:41:12] Worker 2 running expansion phase for iteration 2.
[INFO]:[18:41:12] Worker 2 will use solver log file: /scratch/yorig/mpils-results-grid-ticks-10000-7may/medium-1/24proc-6pils/seed-8/10_neos-3555904-turama_seed-8_20260510_184005/solver/cplex.log_iteration_expansion_2_worker_2
[INFO]:[18:41:12] Expansion Worker 2 starting expansion for iteration 2.
[INFO]:[18:41:12] Starting CPLEX solver on instance: /home/yorig/tuner/mpils-tests/instances/miplib/medium-1/neos-3555904-turama.mps with config: /scratch/yorig/mpils-results-grid-ticks-10000-7may/medium-1/24proc-6pils/seed-8/10_neos-3555904-turama_seed-8_20260510_184005/expansion/config_param_CPXPARAM_MIP_Strategy_PresolveNode_2_iter_2.prm
[INFO]:[18:41:20] CPLEX results. Gap: 18.010000, upper bound: -34.700000, lower bound: -40.950000
[INFO]:[18:41:20] CPLEX solver finished. Gap: 18.010000
[INFO]:[18:41:20] Starting CPLEX solver on instance: /home/yorig/tuner/mpils-tests/instances/miplib/medium-1/neos-3555904-turama.mps with config: /scratch/yorig/mpils-results-grid-ticks-10000-7may/medium-1/24proc-6pils/seed-8/10_neos-3555904-turama_seed-8_20260510_184005/expansion/config_param_CPXPARAM_MIP_Strategy_StartAlgorithm_6_iter_2.prm
[INFO]:[18:41:28] CPLEX results. Gap: 18.010000, upper bound: -34.700000, lower bound: -40.950000
[INFO]:[18:41:28] CPLEX solver finished. Gap: 18.010000
[INFO]:[18:41:56] Expansion Worker 2 completed expansion.
[INFO]:[18:41:56] Worker 2 completed expansion phase.
[INFO]:[18:41:56] Worker 2 received order for step 1.
[INFO]:[18:41:56] Worker 2 running exploration phase for iteration 3.
[INFO]:[18:41:56] Worker 2 at iteration 3 will not use a MIP start file. Current best MIP-start upper bound threshold is 1.79769e+308.
[INFO]:[18:41:56] Starting local search phase...
[INFO]:[18:41:56] Worker (ils_group_rank=2) entering parallel ILS evaluation service.
[INFO]:[18:41:56] Starting CPLEX solver on instance: /home/yorig/tuner/mpils-tests/instances/miplib/medium-1/neos-3555904-turama.mps with config: /scratch/yorig/mpils-results-grid-ticks-10000-7may/medium-1/24proc-6pils/seed-8/10_neos-3555904-turama_seed-8_20260510_184005/iterated_local_search/run_3_worker_0/parallel_0_2.prm
[INFO]:[18:42:04] CPLEX results. Gap: 18.010000, upper bound: -34.700000, lower bound: -40.950000
[INFO]:[18:42:04] CPLEX solver finished. Gap: 18.010000
[INFO]:[18:42:04] Worker (ils_group_rank=2) exiting parallel ILS evaluation service.
[INFO]:[18:42:06] Worker 2 completed exploration phase.
[INFO]:[18:42:06] Worker 2 received order for step 2.
[INFO]:[18:42:06] Worker 2 running expansion phase for iteration 3.
[INFO]:[18:42:06] Worker 2 will use solver log file: /scratch/yorig/mpils-results-grid-ticks-10000-7may/medium-1/24proc-6pils/seed-8/10_neos-3555904-turama_seed-8_20260510_184005/solver/cplex.log_iteration_expansion_3_worker_2
[INFO]:[18:42:06] Expansion Worker 2 starting expansion for iteration 3.
[INFO]:[18:42:06] Starting CPLEX solver on instance: /home/yorig/tuner/mpils-tests/instances/miplib/medium-1/neos-3555904-turama.mps with config: /scratch/yorig/mpils-results-grid-ticks-10000-7may/medium-1/24proc-6pils/seed-8/10_neos-3555904-turama_seed-8_20260510_184005/expansion/config_param_CPXPARAM_Simplex_PGradient_2_iter_3.prm
[INFO]:[18:42:13] CPLEX results. Gap: 18.010000, upper bound: -34.700000, lower bound: -40.950000
[INFO]:[18:42:13] CPLEX solver finished. Gap: 18.010000
[INFO]:[18:42:14] Starting CPLEX solver on instance: /home/yorig/tuner/mpils-tests/instances/miplib/medium-1/neos-3555904-turama.mps with config: /scratch/yorig/mpils-results-grid-ticks-10000-7may/medium-1/24proc-6pils/seed-8/10_neos-3555904-turama_seed-8_20260510_184005/expansion/config_param_CPXPARAM_Preprocessing_CoeffReduce_0_iter_3.prm
[INFO]:[18:42:21] CPLEX results. Gap: 18.010000, upper bound: -34.700000, lower bound: -40.950000
[INFO]:[18:42:21] CPLEX solver finished. Gap: 18.010000
[INFO]:[18:42:22] Expansion Worker 2 completed expansion.
[INFO]:[18:42:22] Worker 2 completed expansion phase.
[INFO]:[18:42:22] Worker 2 received order for step 1.
[INFO]:[18:42:22] Worker 2 running exploration phase for iteration 4.
[INFO]:[18:42:22] Worker 2 at iteration 4 will not use a MIP start file. Current best MIP-start upper bound threshold is 1.79769e+308.
[INFO]:[18:42:22] Starting local search phase...
[INFO]:[18:42:22] Worker (ils_group_rank=2) entering parallel ILS evaluation service.
[INFO]:[18:42:22] Starting CPLEX solver on instance: /home/yorig/tuner/mpils-tests/instances/miplib/medium-1/neos-3555904-turama.mps with config: /scratch/yorig/mpils-results-grid-ticks-10000-7may/medium-1/24proc-6pils/seed-8/10_neos-3555904-turama_seed-8_20260510_184005/iterated_local_search/run_4_worker_0/parallel_0_2.prm
[INFO]:[18:42:30] CPLEX results. Gap: 18.010000, upper bound: -34.700000, lower bound: -40.950000
[INFO]:[18:42:30] CPLEX solver finished. Gap: 18.010000
[INFO]:[18:42:30] Starting CPLEX solver on instance: /home/yorig/tuner/mpils-tests/instances/miplib/medium-1/neos-3555904-turama.mps with config: /scratch/yorig/mpils-results-grid-ticks-10000-7may/medium-1/24proc-6pils/seed-8/10_neos-3555904-turama_seed-8_20260510_184005/iterated_local_search/run_4_worker_0/parallel_6_2.prm
[INFO]:[18:42:38] CPLEX results. Gap: 18.010000, upper bound: -34.700000, lower bound: -40.950000
[INFO]:[18:42:38] CPLEX solver finished. Gap: 18.010000
[INFO]:[18:42:38] Worker (ils_group_rank=2) exiting parallel ILS evaluation service.
[INFO]:[18:42:40] Worker 2 completed exploration phase.
[INFO]:[18:42:40] Worker 2 received order for step 2.
[INFO]:[18:42:40] Worker 2 running expansion phase for iteration 4.
[INFO]:[18:42:40] Worker 2 will use solver log file: /scratch/yorig/mpils-results-grid-ticks-10000-7may/medium-1/24proc-6pils/seed-8/10_neos-3555904-turama_seed-8_20260510_184005/solver/cplex.log_iteration_expansion_4_worker_2
[INFO]:[18:42:40] Expansion Worker 2 starting expansion for iteration 4.
[INFO]:[18:42:40] Starting CPLEX solver on instance: /home/yorig/tuner/mpils-tests/instances/miplib/medium-1/neos-3555904-turama.mps with config: /scratch/yorig/mpils-results-grid-ticks-10000-7may/medium-1/24proc-6pils/seed-8/10_neos-3555904-turama_seed-8_20260510_184005/expansion/config_param_CPXPARAM_Preprocessing_Dependency_2_iter_4.prm
[INFO]:[18:42:48] CPLEX results. Gap: 18.010000, upper bound: -34.700000, lower bound: -40.950000
[INFO]:[18:42:48] CPLEX solver finished. Gap: 18.010000
[INFO]:[18:42:49] Starting CPLEX solver on instance: /home/yorig/tuner/mpils-tests/instances/miplib/medium-1/neos-3555904-turama.mps with config: /scratch/yorig/mpils-results-grid-ticks-10000-7may/medium-1/24proc-6pils/seed-8/10_neos-3555904-turama_seed-8_20260510_184005/expansion/config_param_CPXPARAM_Preprocessing_Relax_1_iter_4.prm
[INFO]:[18:42:56] CPLEX results. Gap: 18.010000, upper bound: -34.700000, lower bound: -40.950000
[INFO]:[18:42:56] CPLEX solver finished. Gap: 18.010000
[INFO]:[18:42:57] Expansion Worker 2 completed expansion.
[INFO]:[18:42:57] Worker 2 completed expansion phase.
[INFO]:[18:42:57] Worker 2 received order for step 1.
[INFO]:[18:42:57] Worker 2 running exploration phase for iteration 5.
[INFO]:[18:42:57] Worker 2 at iteration 5 will not use a MIP start file. Current best MIP-start upper bound threshold is 1.79769e+308.
[INFO]:[18:42:57] Starting local search phase...
[INFO]:[18:42:57] Worker (ils_group_rank=2) entering parallel ILS evaluation service.
[INFO]:[18:42:57] Starting CPLEX solver on instance: /home/yorig/tuner/mpils-tests/instances/miplib/medium-1/neos-3555904-turama.mps with config: /scratch/yorig/mpils-results-grid-ticks-10000-7may/medium-1/24proc-6pils/seed-8/10_neos-3555904-turama_seed-8_20260510_184005/iterated_local_search/run_5_worker_0/parallel_0_2.prm
[INFO]:[18:43:05] CPLEX results. Gap: 18.010000, upper bound: -34.700000, lower bound: -40.950000
[INFO]:[18:43:05] CPLEX solver finished. Gap: 18.010000
[INFO]:[18:43:05] Starting CPLEX solver on instance: /home/yorig/tuner/mpils-tests/instances/miplib/medium-1/neos-3555904-turama.mps with config: /scratch/yorig/mpils-results-grid-ticks-10000-7may/medium-1/24proc-6pils/seed-8/10_neos-3555904-turama_seed-8_20260510_184005/iterated_local_search/run_5_worker_0/parallel_6_2.prm
[INFO]:[18:43:12] CPLEX results. Gap: 18.010000, upper bound: -34.700000, lower bound: -40.950000
[INFO]:[18:43:12] CPLEX solver finished. Gap: 18.010000
[INFO]:[18:43:13] Starting CPLEX solver on instance: /home/yorig/tuner/mpils-tests/instances/miplib/medium-1/neos-3555904-turama.mps with config: /scratch/yorig/mpils-results-grid-ticks-10000-7may/medium-1/24proc-6pils/seed-8/10_neos-3555904-turama_seed-8_20260510_184005/iterated_local_search/run_5_worker_0/parallel_12_2.prm
[INFO]:[18:43:20] CPLEX results. Gap: 18.010000, upper bound: -34.700000, lower bound: -40.950000
[INFO]:[18:43:20] CPLEX solver finished. Gap: 18.010000
[INFO]:[18:43:21] Starting CPLEX solver on instance: /home/yorig/tuner/mpils-tests/instances/miplib/medium-1/neos-3555904-turama.mps with config: /scratch/yorig/mpils-results-grid-ticks-10000-7may/medium-1/24proc-6pils/seed-8/10_neos-3555904-turama_seed-8_20260510_184005/iterated_local_search/run_5_worker_0/parallel_18_2.prm
[INFO]:[18:43:28] CPLEX results. Gap: 18.010000, upper bound: -34.700000, lower bound: -40.950000
[INFO]:[18:43:28] CPLEX solver finished. Gap: 18.010000
[INFO]:[18:43:30] Starting CPLEX solver on instance: /home/yorig/tuner/mpils-tests/instances/miplib/medium-1/neos-3555904-turama.mps with config: /scratch/yorig/mpils-results-grid-ticks-10000-7may/medium-1/24proc-6pils/seed-8/10_neos-3555904-turama_seed-8_20260510_184005/iterated_local_search/run_5_worker_0/parallel_24_2.prm
[INFO]:[18:43:37] CPLEX results. Gap: 18.010000, upper bound: -34.700000, lower bound: -40.950000
[INFO]:[18:43:37] CPLEX solver finished. Gap: 18.010000
[INFO]:[18:43:38] Worker (ils_group_rank=2) exiting parallel ILS evaluation service.
[INFO]:[18:43:45] Worker 2 completed exploration phase.
[INFO]:[18:43:45] Worker 2 received order for step 2.
[INFO]:[18:43:45] Worker 2 running expansion phase for iteration 5.
[INFO]:[18:43:45] Worker 2 will use solver log file: /scratch/yorig/mpils-results-grid-ticks-10000-7may/medium-1/24proc-6pils/seed-8/10_neos-3555904-turama_seed-8_20260510_184005/solver/cplex.log_iteration_expansion_5_worker_2
[INFO]:[18:43:45] Expansion Worker 2 starting expansion for iteration 5.
[INFO]:[18:43:45] Starting CPLEX solver on instance: /home/yorig/tuner/mpils-tests/instances/miplib/medium-1/neos-3555904-turama.mps with config: /scratch/yorig/mpils-results-grid-ticks-10000-7may/medium-1/24proc-6pils/seed-8/10_neos-3555904-turama_seed-8_20260510_184005/expansion/config_param_CPXPARAM_Preprocessing_RepeatPresolve_2_iter_5.prm
[INFO]:[18:43:53] CPLEX results. Gap: 18.010000, upper bound: -34.700000, lower bound: -40.950000
[INFO]:[18:43:53] CPLEX solver finished. Gap: 18.010000
[INFO]:[18:43:56] Starting CPLEX solver on instance: /home/yorig/tuner/mpils-tests/instances/miplib/medium-1/neos-3555904-turama.mps with config: /scratch/yorig/mpils-results-grid-ticks-10000-7may/medium-1/24proc-6pils/seed-8/10_neos-3555904-turama_seed-8_20260510_184005/expansion/config_param_CPXPARAM_MIP_Limits_StrongCand_20_iter_5.prm
[INFO]:[18:44:04] CPLEX results. Gap: 18.010000, upper bound: -34.700000, lower bound: -40.950000
[INFO]:[18:44:04] CPLEX solver finished. Gap: 18.010000
[INFO]:[18:44:04] Expansion Worker 2 completed expansion.
[INFO]:[18:44:04] Worker 2 completed expansion phase.
[INFO]:[18:44:04] Worker 2 received order for step 1.
[INFO]:[18:44:04] Worker 2 running exploration phase for iteration 6.
[INFO]:[18:44:04] Worker 2 at iteration 6 will not use a MIP start file. Current best MIP-start upper bound threshold is 1.79769e+308.
[INFO]:[18:44:04] Starting local search phase...
[INFO]:[18:44:04] Worker (ils_group_rank=2) entering parallel ILS evaluation service.
[INFO]:[18:44:04] Starting CPLEX solver on instance: /home/yorig/tuner/mpils-tests/instances/miplib/medium-1/neos-3555904-turama.mps with config: /scratch/yorig/mpils-results-grid-ticks-10000-7may/medium-1/24proc-6pils/seed-8/10_neos-3555904-turama_seed-8_20260510_184005/iterated_local_search/run_6_worker_0/parallel_0_2.prm
[INFO]:[18:44:12] CPLEX results. Gap: 18.010000, upper bound: -34.700000, lower bound: -40.950000
[INFO]:[18:44:12] CPLEX solver finished. Gap: 18.010000
[INFO]:[18:44:12] Starting CPLEX solver on instance: /home/yorig/tuner/mpils-tests/instances/miplib/medium-1/neos-3555904-turama.mps with config: /scratch/yorig/mpils-results-grid-ticks-10000-7may/medium-1/24proc-6pils/seed-8/10_neos-3555904-turama_seed-8_20260510_184005/iterated_local_search/run_6_worker_0/parallel_6_2.prm
[INFO]:[18:44:20] CPLEX results. Gap: 23.340000, upper bound: -33.200000, lower bound: -40.950000
[INFO]:[18:44:20] CPLEX solver finished. Gap: 23.340000
[INFO]:[18:44:21] Worker (ils_group_rank=2) exiting parallel ILS evaluation service.
[INFO]:[18:44:25] Worker 2 completed exploration phase.
[INFO]:[18:44:25] Worker 2 received order for step 3.
[INFO]:[18:44:25] Worker 2 finished.
