[INFO]:[04:08:19] Worker 23 starting.
[INFO]:[04:08:19] Worker 23 received order for step 1.
[INFO]:[04:08:19] Worker 23 running exploration phase for iteration 1.
[INFO]:[04:08:19] Worker 23 at iteration 1 will not use a MIP start file. Current best MIP-start upper bound threshold is 1.79769e+308.
[INFO]:[04:08:19] Starting local search phase...
[INFO]:[04:08:19] Worker (ils_group_rank=11) entering parallel ILS evaluation service.
[INFO]:[04:08:19] Starting CPLEX solver on instance: /home/yorig/tuner/mpils-tests/instances/miplib/medium-1/b1c1s1.mps with config: /scratch/yorig/mpils-results-grid-ticks-10000-7may/medium-1/24proc-12pils/seed-1/1_b1c1s1_seed-1_20260510_040818/iterated_local_search/run_1_worker_12/parallel_0_11.prm
[INFO]:[04:08:26] CPLEX results. Gap: 19.590000, upper bound: 25393.230000, lower bound: 20419.114487
[INFO]:[04:08:26] CPLEX solver finished. Gap: 19.590000
[INFO]:[04:08:26] Starting CPLEX solver on instance: /home/yorig/tuner/mpils-tests/instances/miplib/medium-1/b1c1s1.mps with config: /scratch/yorig/mpils-results-grid-ticks-10000-7may/medium-1/24proc-12pils/seed-1/1_b1c1s1_seed-1_20260510_040818/iterated_local_search/run_1_worker_12/parallel_12_11.prm
[INFO]:[04:08:32] CPLEX results. Gap: 20.420000, upper bound: 25974.920000, lower bound: 20670.962686
[INFO]:[04:08:32] CPLEX solver finished. Gap: 20.420000
[INFO]:[04:08:32] Worker (ils_group_rank=11) exiting parallel ILS evaluation service.
[INFO]:[04:08:33] Worker 23 completed exploration phase.
[INFO]:[04:08:33] Worker 23 received order for step 2.
[INFO]:[04:08:33] Worker 23 running expansion phase for iteration 1.
[INFO]:[04:08:33] Worker 23 will use solver log file: /scratch/yorig/mpils-results-grid-ticks-10000-7may/medium-1/24proc-12pils/seed-1/1_b1c1s1_seed-1_20260510_040818/solver/cplex.log_iteration_expansion_1_worker_23
[INFO]:[04:08:33] Expansion Worker 23 starting expansion for iteration 1.
[INFO]:[04:08:33] Starting CPLEX solver on instance: /home/yorig/tuner/mpils-tests/instances/miplib/medium-1/b1c1s1.mps with config: /scratch/yorig/mpils-results-grid-ticks-10000-7may/medium-1/24proc-12pils/seed-1/1_b1c1s1_seed-1_20260510_040818/expansion/config_param_CPXPARAM_MIP_Limits_ProbeTime_10_iter_1.prm
[INFO]:[04:08:40] CPLEX results. Gap: 27.940000, upper bound: 28334.250000, lower bound: 20417.965059
[INFO]:[04:08:40] CPLEX solver finished. Gap: 27.940000
[INFO]:[04:08:40] Expansion Worker 23 stopping early after global MPI expansion stop was activated.
[INFO]:[04:08:40] Expansion Worker 23 completed expansion.
[INFO]:[04:08:40] Worker 23 completed expansion phase.
[INFO]:[04:08:40] Worker 23 received order for step 1.
[INFO]:[04:08:40] Worker 23 running exploration phase for iteration 2.
[INFO]:[04:08:40] Worker 23 at iteration 2 will not use a MIP start file. Current best MIP-start upper bound threshold is 1.79769e+308.
[INFO]:[04:08:40] Starting local search phase...
[INFO]:[04:08:40] Worker (ils_group_rank=11) entering parallel ILS evaluation service.
[INFO]:[04:08:40] Starting CPLEX solver on instance: /home/yorig/tuner/mpils-tests/instances/miplib/medium-1/b1c1s1.mps with config: /scratch/yorig/mpils-results-grid-ticks-10000-7may/medium-1/24proc-12pils/seed-1/1_b1c1s1_seed-1_20260510_040818/iterated_local_search/run_2_worker_12/parallel_0_11.prm
[INFO]:[04:08:46] CPLEX results. Gap: 29.240000, upper bound: 25164.300000, lower bound: 17807.024237
[INFO]:[04:08:46] CPLEX solver finished. Gap: 29.240000
[INFO]:[04:08:47] Worker (ils_group_rank=11) exiting parallel ILS evaluation service.
[INFO]:[04:08:47] Worker 23 completed exploration phase.
[INFO]:[04:08:47] Worker 23 received order for step 2.
[INFO]:[04:08:47] Worker 23 running expansion phase for iteration 2.
[INFO]:[04:08:47] Worker 23 will use solver log file: /scratch/yorig/mpils-results-grid-ticks-10000-7may/medium-1/24proc-12pils/seed-1/1_b1c1s1_seed-1_20260510_040818/solver/cplex.log_iteration_expansion_2_worker_23
[INFO]:[04:08:47] Expansion Worker 23 starting expansion for iteration 2.
[INFO]:[04:08:47] Starting CPLEX solver on instance: /home/yorig/tuner/mpils-tests/instances/miplib/medium-1/b1c1s1.mps with config: /scratch/yorig/mpils-results-grid-ticks-10000-7may/medium-1/24proc-12pils/seed-1/1_b1c1s1_seed-1_20260510_040818/expansion/config_param_CPXPARAM_MIP_Strategy_BBInterval_4_iter_2.prm
[INFO]:[04:08:53] CPLEX results. Gap: 19.320000, upper bound: 25393.230000, lower bound: 20487.917883
[INFO]:[04:08:53] CPLEX solver finished. Gap: 19.320000
[INFO]:[04:08:53] Starting CPLEX solver on instance: /home/yorig/tuner/mpils-tests/instances/miplib/medium-1/b1c1s1.mps with config: /scratch/yorig/mpils-results-grid-ticks-10000-7may/medium-1/24proc-12pils/seed-1/1_b1c1s1_seed-1_20260510_040818/expansion/config_param_CPXPARAM_Preprocessing_Dual_-1_iter_2.prm
[INFO]:[04:09:00] CPLEX results. Gap: 19.320000, upper bound: 25393.230000, lower bound: 20487.917883
[INFO]:[04:09:00] CPLEX solver finished. Gap: 19.320000
[INFO]:[04:09:00] Expansion Worker 23 stopping early after global MPI expansion stop was activated.
[INFO]:[04:09:00] Expansion Worker 23 completed expansion.
[INFO]:[04:09:00] Worker 23 completed expansion phase.
[INFO]:[04:09:00] Worker 23 received order for step 1.
[INFO]:[04:09:00] Worker 23 running exploration phase for iteration 3.
[INFO]:[04:09:00] Worker 23 at iteration 3 will not use a MIP start file. Current best MIP-start upper bound threshold is 1.79769e+308.
[INFO]:[04:09:00] Starting local search phase...
[INFO]:[04:09:00] Worker (ils_group_rank=11) entering parallel ILS evaluation service.
[INFO]:[04:09:00] Starting CPLEX solver on instance: /home/yorig/tuner/mpils-tests/instances/miplib/medium-1/b1c1s1.mps with config: /scratch/yorig/mpils-results-grid-ticks-10000-7may/medium-1/24proc-12pils/seed-1/1_b1c1s1_seed-1_20260510_040818/iterated_local_search/run_3_worker_12/parallel_0_11.prm
[INFO]:[04:09:07] CPLEX results. Gap: 50.350000, upper bound: 27341.280000, lower bound: 13574.339585
[INFO]:[04:09:07] CPLEX solver finished. Gap: 50.350000
[INFO]:[04:09:07] Starting CPLEX solver on instance: /home/yorig/tuner/mpils-tests/instances/miplib/medium-1/b1c1s1.mps with config: /scratch/yorig/mpils-results-grid-ticks-10000-7may/medium-1/24proc-12pils/seed-1/1_b1c1s1_seed-1_20260510_040818/iterated_local_search/run_3_worker_12/parallel_12_11.prm
[INFO]:[04:09:14] CPLEX results. Gap: 33.230000, upper bound: 26748.640000, lower bound: 17858.936068
[INFO]:[04:09:14] CPLEX solver finished. Gap: 33.230000
[INFO]:[04:09:14] Worker (ils_group_rank=11) exiting parallel ILS evaluation service.
[INFO]:[04:09:14] Worker 23 completed exploration phase.
[INFO]:[04:09:14] Worker 23 received order for step 2.
[INFO]:[04:09:14] Worker 23 running expansion phase for iteration 3.
[INFO]:[04:09:14] Worker 23 will use solver log file: /scratch/yorig/mpils-results-grid-ticks-10000-7may/medium-1/24proc-12pils/seed-1/1_b1c1s1_seed-1_20260510_040818/solver/cplex.log_iteration_expansion_3_worker_23
[INFO]:[04:09:14] Expansion Worker 23 starting expansion for iteration 3.
[INFO]:[04:09:14] Starting CPLEX solver on instance: /home/yorig/tuner/mpils-tests/instances/miplib/medium-1/b1c1s1.mps with config: /scratch/yorig/mpils-results-grid-ticks-10000-7may/medium-1/24proc-12pils/seed-1/1_b1c1s1_seed-1_20260510_040818/expansion/config_param_CPXPARAM_MIP_Strategy_HeuristicFreq_100_iter_3.prm
[INFO]:[04:09:20] CPLEX results. Gap: 18.960000, upper bound: 25393.230000, lower bound: 20579.940748
[INFO]:[04:09:20] CPLEX solver finished. Gap: 18.960000
[INFO]:[04:09:20] Expansion Worker 23 found an improving configuration with objective value 18.96.
[INFO]:[04:09:21] Expansion Worker 23 stopping early after global MPI expansion stop was activated.
[INFO]:[04:09:21] Expansion Worker 23 completed expansion.
[INFO]:[04:09:21] Worker 23 completed expansion phase.
[INFO]:[04:09:21] Worker 23 received order for step 1.
[INFO]:[04:09:21] Worker 23 running exploration phase for iteration 4.
[INFO]:[04:09:21] Worker 23 at iteration 4 will not use a MIP start file. Current best MIP-start upper bound threshold is 1.79769e+308.
[INFO]:[04:09:21] Starting local search phase...
[INFO]:[04:09:21] Worker (ils_group_rank=11) entering parallel ILS evaluation service.
[INFO]:[04:09:21] Starting CPLEX solver on instance: /home/yorig/tuner/mpils-tests/instances/miplib/medium-1/b1c1s1.mps with config: /scratch/yorig/mpils-results-grid-ticks-10000-7may/medium-1/24proc-12pils/seed-1/1_b1c1s1_seed-1_20260510_040818/iterated_local_search/run_4_worker_12/parallel_0_11.prm
[INFO]:[04:09:27] CPLEX results. Gap: 22.590000, upper bound: 26914.730000, lower bound: 20835.233646
[INFO]:[04:09:27] CPLEX solver finished. Gap: 22.590000
[INFO]:[04:09:28] Starting CPLEX solver on instance: /home/yorig/tuner/mpils-tests/instances/miplib/medium-1/b1c1s1.mps with config: /scratch/yorig/mpils-results-grid-ticks-10000-7may/medium-1/24proc-12pils/seed-1/1_b1c1s1_seed-1_20260510_040818/iterated_local_search/run_4_worker_12/parallel_12_11.prm
[INFO]:[04:09:34] CPLEX results. Gap: 18.970000, upper bound: 25400.730000, lower bound: 20582.002970
[INFO]:[04:09:34] CPLEX solver finished. Gap: 18.970000
[INFO]:[04:09:34] Worker (ils_group_rank=11) exiting parallel ILS evaluation service.
[INFO]:[04:09:34] Worker 23 completed exploration phase.
[INFO]:[04:09:34] Worker 23 received order for step 2.
[INFO]:[04:09:34] Worker 23 running expansion phase for iteration 4.
[INFO]:[04:09:34] Worker 23 will use solver log file: /scratch/yorig/mpils-results-grid-ticks-10000-7may/medium-1/24proc-12pils/seed-1/1_b1c1s1_seed-1_20260510_040818/solver/cplex.log_iteration_expansion_4_worker_23
[INFO]:[04:09:34] Expansion Worker 23 starting expansion for iteration 4.
[INFO]:[04:09:34] Starting CPLEX solver on instance: /home/yorig/tuner/mpils-tests/instances/miplib/medium-1/b1c1s1.mps with config: /scratch/yorig/mpils-results-grid-ticks-10000-7may/medium-1/24proc-12pils/seed-1/1_b1c1s1_seed-1_20260510_040818/expansion/config_param_CPXPARAM_MIP_Strategy_SubAlgorithm_1_iter_4.prm
[INFO]:[04:09:42] CPLEX results. Gap: 28.370000, upper bound: 27575.440000, lower bound: 19750.926009
[INFO]:[04:09:42] CPLEX solver finished. Gap: 28.370000
[INFO]:[04:09:49] Expansion Worker 23 completed expansion.
[INFO]:[04:09:49] Worker 23 completed expansion phase.
[INFO]:[04:09:49] Worker 23 received order for step 1.
[INFO]:[04:09:49] Worker 23 running exploration phase for iteration 5.
[INFO]:[04:09:49] Worker 23 at iteration 5 will not use a MIP start file. Current best MIP-start upper bound threshold is 1.79769e+308.
[INFO]:[04:09:49] Starting local search phase...
[INFO]:[04:09:49] Worker (ils_group_rank=11) entering parallel ILS evaluation service.
[INFO]:[04:09:49] Starting CPLEX solver on instance: /home/yorig/tuner/mpils-tests/instances/miplib/medium-1/b1c1s1.mps with config: /scratch/yorig/mpils-results-grid-ticks-10000-7may/medium-1/24proc-12pils/seed-1/1_b1c1s1_seed-1_20260510_040818/iterated_local_search/run_5_worker_12/parallel_0_11.prm
[INFO]:[04:09:55] CPLEX results. Gap: 57.570000, upper bound: 28278.760000, lower bound: 11999.512462
[INFO]:[04:09:55] CPLEX solver finished. Gap: 57.570000
[INFO]:[04:09:57] Worker (ils_group_rank=11) exiting parallel ILS evaluation service.
[INFO]:[04:09:57] Worker 23 completed exploration phase.
[INFO]:[04:09:57] Worker 23 received order for step 2.
[INFO]:[04:09:57] Worker 23 running expansion phase for iteration 5.
[INFO]:[04:09:57] Worker 23 will use solver log file: /scratch/yorig/mpils-results-grid-ticks-10000-7may/medium-1/24proc-12pils/seed-1/1_b1c1s1_seed-1_20260510_040818/solver/cplex.log_iteration_expansion_5_worker_23
[INFO]:[04:09:57] Expansion Worker 23 starting expansion for iteration 5.
[INFO]:[04:09:57] Starting CPLEX solver on instance: /home/yorig/tuner/mpils-tests/instances/miplib/medium-1/b1c1s1.mps with config: /scratch/yorig/mpils-results-grid-ticks-10000-7may/medium-1/24proc-12pils/seed-1/1_b1c1s1_seed-1_20260510_040818/expansion/config_param_CPXPARAM_Preprocessing_CoeffReduce_2_iter_5.prm
[INFO]:[04:10:03] CPLEX results. Gap: 18.140000, upper bound: 25534.490000, lower bound: 20901.374204
[INFO]:[04:10:03] CPLEX solver finished. Gap: 18.140000
[INFO]:[04:10:04] Expansion Worker 23 stopping early after global MPI expansion stop was activated.
[INFO]:[04:10:04] Expansion Worker 23 completed expansion.
[INFO]:[04:10:04] Worker 23 completed expansion phase.
[INFO]:[04:10:04] Worker 23 received order for step 1.
[INFO]:[04:10:04] Worker 23 running exploration phase for iteration 6.
[INFO]:[04:10:04] Worker 23 at iteration 6 will not use a MIP start file. Current best MIP-start upper bound threshold is 1.79769e+308.
[INFO]:[04:10:04] Starting local search phase...
[INFO]:[04:10:04] Worker (ils_group_rank=11) entering parallel ILS evaluation service.
[INFO]:[04:10:04] Starting CPLEX solver on instance: /home/yorig/tuner/mpils-tests/instances/miplib/medium-1/b1c1s1.mps with config: /scratch/yorig/mpils-results-grid-ticks-10000-7may/medium-1/24proc-12pils/seed-1/1_b1c1s1_seed-1_20260510_040818/iterated_local_search/run_6_worker_12/parallel_0_11.prm
[INFO]:[04:10:11] CPLEX results. Gap: 74.100000, upper bound: 30007.810000, lower bound: 7771.640444
[INFO]:[04:10:11] CPLEX solver finished. Gap: 74.100000
[INFO]:[04:10:13] Starting CPLEX solver on instance: /home/yorig/tuner/mpils-tests/instances/miplib/medium-1/b1c1s1.mps with config: /scratch/yorig/mpils-results-grid-ticks-10000-7may/medium-1/24proc-12pils/seed-1/1_b1c1s1_seed-1_20260510_040818/iterated_local_search/run_6_worker_12/parallel_12_11.prm
[INFO]:[04:10:19] CPLEX results. Gap: 22.800000, upper bound: 26570.250000, lower bound: 20510.989953
[INFO]:[04:10:19] CPLEX solver finished. Gap: 22.800000
[INFO]:[04:10:19] Worker (ils_group_rank=11) exiting parallel ILS evaluation service.
[INFO]:[04:10:19] Worker 23 completed exploration phase.
[INFO]:[04:10:19] Worker 23 received order for step 2.
[INFO]:[04:10:19] Worker 23 running expansion phase for iteration 6.
[INFO]:[04:10:19] Worker 23 will use solver log file: /scratch/yorig/mpils-results-grid-ticks-10000-7may/medium-1/24proc-12pils/seed-1/1_b1c1s1_seed-1_20260510_040818/solver/cplex.log_iteration_expansion_6_worker_23
[INFO]:[04:10:19] Expansion Worker 23 starting expansion for iteration 6.
[INFO]:[04:10:19] Starting CPLEX solver on instance: /home/yorig/tuner/mpils-tests/instances/miplib/medium-1/b1c1s1.mps with config: /scratch/yorig/mpils-results-grid-ticks-10000-7may/medium-1/24proc-12pils/seed-1/1_b1c1s1_seed-1_20260510_040818/expansion/config_param_CPXPARAM_Network_Pricing_3_iter_6.prm
[INFO]:[04:10:26] CPLEX results. Gap: 17.720000, upper bound: 25140.520000, lower bound: 20685.649046
[INFO]:[04:10:26] CPLEX solver finished. Gap: 17.720000
[INFO]:[04:10:26] Expansion Worker 23 stopping early after global MPI expansion stop was activated.
[INFO]:[04:10:26] Expansion Worker 23 completed expansion.
[INFO]:[04:10:26] Worker 23 completed expansion phase.
[INFO]:[04:10:26] Worker 23 received order for step 1.
[INFO]:[04:10:26] Worker 23 running exploration phase for iteration 7.
[INFO]:[04:10:26] Worker 23 at iteration 7 will not use a MIP start file. Current best MIP-start upper bound threshold is 1.79769e+308.
[INFO]:[04:10:26] Starting local search phase...
[INFO]:[04:10:26] Worker (ils_group_rank=11) entering parallel ILS evaluation service.
[INFO]:[04:10:26] Starting CPLEX solver on instance: /home/yorig/tuner/mpils-tests/instances/miplib/medium-1/b1c1s1.mps with config: /scratch/yorig/mpils-results-grid-ticks-10000-7may/medium-1/24proc-12pils/seed-1/1_b1c1s1_seed-1_20260510_040818/iterated_local_search/run_7_worker_12/parallel_0_11.prm
[INFO]:[04:10:32] CPLEX results. Gap: 64.300000, upper bound: 55468.190000, lower bound: 19801.068016
[INFO]:[04:10:32] CPLEX solver finished. Gap: 64.300000
[INFO]:[04:10:33] Starting CPLEX solver on instance: /home/yorig/tuner/mpils-tests/instances/miplib/medium-1/b1c1s1.mps with config: /scratch/yorig/mpils-results-grid-ticks-10000-7may/medium-1/24proc-12pils/seed-1/1_b1c1s1_seed-1_20260510_040818/iterated_local_search/run_7_worker_12/parallel_12_11.prm
[INFO]:[04:10:39] CPLEX results. Gap: 27.840000, upper bound: 26969.660000, lower bound: 19461.375589
[INFO]:[04:10:39] CPLEX solver finished. Gap: 27.840000
[INFO]:[04:10:40] Worker (ils_group_rank=11) exiting parallel ILS evaluation service.
[INFO]:[04:10:40] Worker 23 completed exploration phase.
[INFO]:[04:10:40] Worker 23 received order for step 2.
[INFO]:[04:10:40] Worker 23 running expansion phase for iteration 7.
[INFO]:[04:10:40] Worker 23 will use solver log file: /scratch/yorig/mpils-results-grid-ticks-10000-7may/medium-1/24proc-12pils/seed-1/1_b1c1s1_seed-1_20260510_040818/solver/cplex.log_iteration_expansion_7_worker_23
[INFO]:[04:10:40] Expansion Worker 23 starting expansion for iteration 7.
[INFO]:[04:10:40] Starting CPLEX solver on instance: /home/yorig/tuner/mpils-tests/instances/miplib/medium-1/b1c1s1.mps with config: /scratch/yorig/mpils-results-grid-ticks-10000-7may/medium-1/24proc-12pils/seed-1/1_b1c1s1_seed-1_20260510_040818/expansion/config_param_CPXPARAM_Preprocessing_RepeatPresolve_0_iter_7.prm
[INFO]:[04:10:46] CPLEX results. Gap: 22.940000, upper bound: 26852.750000, lower bound: 20692.608938
[INFO]:[04:10:46] CPLEX solver finished. Gap: 22.940000
[INFO]:[04:10:53] Expansion Worker 23 completed expansion.
[INFO]:[04:10:53] Worker 23 completed expansion phase.
[INFO]:[04:10:53] Worker 23 received order for step 1.
[INFO]:[04:10:53] Worker 23 running exploration phase for iteration 8.
[INFO]:[04:10:53] Worker 23 at iteration 8 will not use a MIP start file. Current best MIP-start upper bound threshold is 1.79769e+308.
[INFO]:[04:10:53] Starting local search phase...
[INFO]:[04:10:53] Worker (ils_group_rank=11) entering parallel ILS evaluation service.
[INFO]:[04:10:53] Starting CPLEX solver on instance: /home/yorig/tuner/mpils-tests/instances/miplib/medium-1/b1c1s1.mps with config: /scratch/yorig/mpils-results-grid-ticks-10000-7may/medium-1/24proc-12pils/seed-1/1_b1c1s1_seed-1_20260510_040818/iterated_local_search/run_8_worker_12/parallel_0_11.prm
[INFO]:[04:10:58] CPLEX results. Gap: 69.170000, upper bound: 54465.420000, lower bound: 16789.438014
[INFO]:[04:10:58] CPLEX solver finished. Gap: 69.170000
[INFO]:[04:11:00] Starting CPLEX solver on instance: /home/yorig/tuner/mpils-tests/instances/miplib/medium-1/b1c1s1.mps with config: /scratch/yorig/mpils-results-grid-ticks-10000-7may/medium-1/24proc-12pils/seed-1/1_b1c1s1_seed-1_20260510_040818/iterated_local_search/run_8_worker_12/parallel_12_11.prm
[INFO]:[04:11:07] CPLEX results. Gap: 47.290000, upper bound: 34937.310000, lower bound: 18414.534141
[INFO]:[04:11:07] CPLEX solver finished. Gap: 47.290000
[INFO]:[04:11:07] Worker (ils_group_rank=11) exiting parallel ILS evaluation service.
[INFO]:[04:11:07] Worker 23 completed exploration phase.
[INFO]:[04:11:07] Worker 23 received order for step 2.
[INFO]:[04:11:07] Worker 23 running expansion phase for iteration 8.
[INFO]:[04:11:07] Worker 23 will use solver log file: /scratch/yorig/mpils-results-grid-ticks-10000-7may/medium-1/24proc-12pils/seed-1/1_b1c1s1_seed-1_20260510_040818/solver/cplex.log_iteration_expansion_8_worker_23
[INFO]:[04:11:07] Expansion Worker 23 starting expansion for iteration 8.
[INFO]:[04:11:07] Starting CPLEX solver on instance: /home/yorig/tuner/mpils-tests/instances/miplib/medium-1/b1c1s1.mps with config: /scratch/yorig/mpils-results-grid-ticks-10000-7may/medium-1/24proc-12pils/seed-1/1_b1c1s1_seed-1_20260510_040818/expansion/config_param_CPXPARAM_MIP_Limits_StrongCand_40_iter_8.prm
[INFO]:[04:11:14] CPLEX results. Gap: 17.580000, upper bound: 25140.520000, lower bound: 20719.626548
[INFO]:[04:11:14] CPLEX solver finished. Gap: 17.580000
[INFO]:[04:11:20] Expansion Worker 23 completed expansion.
[INFO]:[04:11:20] Worker 23 completed expansion phase.
[INFO]:[04:11:20] Worker 23 received order for step 1.
[INFO]:[04:11:20] Worker 23 running exploration phase for iteration 9.
[INFO]:[04:11:20] Worker 23 at iteration 9 will not use a MIP start file. Current best MIP-start upper bound threshold is 1.79769e+308.
[INFO]:[04:11:20] Starting local search phase...
[INFO]:[04:11:20] Worker (ils_group_rank=11) entering parallel ILS evaluation service.
[INFO]:[04:11:20] Starting CPLEX solver on instance: /home/yorig/tuner/mpils-tests/instances/miplib/medium-1/b1c1s1.mps with config: /scratch/yorig/mpils-results-grid-ticks-10000-7may/medium-1/24proc-12pils/seed-1/1_b1c1s1_seed-1_20260510_040818/iterated_local_search/run_9_worker_12/parallel_0_11.prm
[INFO]:[04:11:26] CPLEX results. Gap: 60.220000, upper bound: 27560.100000, lower bound: 10962.305071
[INFO]:[04:11:26] CPLEX solver finished. Gap: 60.220000
[INFO]:[04:11:28] Starting CPLEX solver on instance: /home/yorig/tuner/mpils-tests/instances/miplib/medium-1/b1c1s1.mps with config: /scratch/yorig/mpils-results-grid-ticks-10000-7may/medium-1/24proc-12pils/seed-1/1_b1c1s1_seed-1_20260510_040818/iterated_local_search/run_9_worker_12/parallel_12_11.prm
[INFO]:[04:11:35] CPLEX results. Gap: 26.720000, upper bound: 27108.830000, lower bound: 19866.280752
[INFO]:[04:11:35] CPLEX solver finished. Gap: 26.720000
[INFO]:[04:11:35] Starting CPLEX solver on instance: /home/yorig/tuner/mpils-tests/instances/miplib/medium-1/b1c1s1.mps with config: /scratch/yorig/mpils-results-grid-ticks-10000-7may/medium-1/24proc-12pils/seed-1/1_b1c1s1_seed-1_20260510_040818/iterated_local_search/run_9_worker_12/parallel_24_11.prm
[INFO]:[04:11:43] CPLEX results. Gap: 41.650000, upper bound: 34009.600000, lower bound: 19843.435520
[INFO]:[04:11:43] CPLEX solver finished. Gap: 41.650000
[INFO]:[04:11:43] Worker (ils_group_rank=11) exiting parallel ILS evaluation service.
[INFO]:[04:11:43] Worker 23 completed exploration phase.
[INFO]:[04:11:43] Worker 23 received order for step 3.
[INFO]:[04:11:43] Worker 23 finished.
