[INFO]:[03:29:57] Worker 23 starting.
[INFO]:[03:29:57] Worker 23 received order for step 1.
[INFO]:[03:29:57] Worker 23 running exploration phase for iteration 1.
[INFO]:[03:29:57] Worker 23 at iteration 1 will not use a MIP start file. Current best MIP-start upper bound threshold is 1.79769e+308.
[INFO]:[03:29:57] Starting local search phase...
[INFO]:[03:29:57] Worker (ils_group_rank=3) entering parallel ILS evaluation service.
[INFO]:[03:29:57] Starting CPLEX solver on instance: /home/yorig/tuner/mpils-tests/instances/miplib/easy/mas74.mps with config: /scratch/yorig/mpils-results-grid-ticks-10000-7may/easy/24proc-4pils/seed-1/5_mas74_seed-1_20260510_032956/iterated_local_search/run_1_worker_20/parallel_0_3.prm
[INFO]:[03:30:05] CPLEX results. Gap: 9.530000, upper bound: 11801.185729, lower bound: 10676.022614
[INFO]:[03:30:05] CPLEX solver finished. Gap: 9.530000
[INFO]:[03:30:06] Starting CPLEX solver on instance: /home/yorig/tuner/mpils-tests/instances/miplib/easy/mas74.mps with config: /scratch/yorig/mpils-results-grid-ticks-10000-7may/easy/24proc-4pils/seed-1/5_mas74_seed-1_20260510_032956/iterated_local_search/run_1_worker_20/parallel_4_3.prm
[INFO]:[03:30:15] CPLEX results. Gap: 4.650000, upper bound: 11801.185729, lower bound: 11251.923322
[INFO]:[03:30:15] CPLEX solver finished. Gap: 4.650000
[INFO]:[03:30:15] Starting CPLEX solver on instance: /home/yorig/tuner/mpils-tests/instances/miplib/easy/mas74.mps with config: /scratch/yorig/mpils-results-grid-ticks-10000-7may/easy/24proc-4pils/seed-1/5_mas74_seed-1_20260510_032956/iterated_local_search/run_1_worker_20/parallel_8_3.prm
[INFO]:[03:30:23] CPLEX results. Gap: 5.530000, upper bound: 11801.185729, lower bound: 11148.916484
[INFO]:[03:30:23] CPLEX solver finished. Gap: 5.530000
[INFO]:[03:30:24] Starting CPLEX solver on instance: /home/yorig/tuner/mpils-tests/instances/miplib/easy/mas74.mps with config: /scratch/yorig/mpils-results-grid-ticks-10000-7may/easy/24proc-4pils/seed-1/5_mas74_seed-1_20260510_032956/iterated_local_search/run_1_worker_20/parallel_12_3.prm
[INFO]:[03:30:32] CPLEX results. Gap: 3.220000, upper bound: 11801.185729, lower bound: 11421.350730
[INFO]:[03:30:33] CPLEX solver finished. Gap: 3.220000
[INFO]:[03:30:33] Starting CPLEX solver on instance: /home/yorig/tuner/mpils-tests/instances/miplib/easy/mas74.mps with config: /scratch/yorig/mpils-results-grid-ticks-10000-7may/easy/24proc-4pils/seed-1/5_mas74_seed-1_20260510_032956/iterated_local_search/run_1_worker_20/parallel_16_3.prm
[INFO]:[03:30:41] CPLEX results. Gap: 3.190000, upper bound: 11801.185729, lower bound: 11424.473606
[INFO]:[03:30:41] CPLEX solver finished. Gap: 3.190000
[INFO]:[03:30:41] Worker (ils_group_rank=3) exiting parallel ILS evaluation service.
[INFO]:[03:30:42] Worker 23 completed exploration phase.
[INFO]:[03:30:42] Worker 23 received order for step 2.
[INFO]:[03:30:42] Worker 23 running expansion phase for iteration 1.
[INFO]:[03:30:42] Worker 23 will use solver log file: /scratch/yorig/mpils-results-grid-ticks-10000-7may/easy/24proc-4pils/seed-1/5_mas74_seed-1_20260510_032956/solver/cplex.log_iteration_expansion_1_worker_23
[INFO]:[03:30:42] Expansion Worker 23 starting expansion for iteration 1.
[INFO]:[03:30:42] Starting CPLEX solver on instance: /home/yorig/tuner/mpils-tests/instances/miplib/easy/mas74.mps with config: /scratch/yorig/mpils-results-grid-ticks-10000-7may/easy/24proc-4pils/seed-1/5_mas74_seed-1_20260510_032956/expansion/config_param_CPXPARAM_MIP_Limits_ProbeTime_10_iter_1.prm
[INFO]:[03:30:51] CPLEX results. Gap: 3.090000, upper bound: 11801.185729, lower bound: 11436.463650
[INFO]:[03:30:51] CPLEX solver finished. Gap: 3.090000
[INFO]:[03:30:52] Starting CPLEX solver on instance: /home/yorig/tuner/mpils-tests/instances/miplib/easy/mas74.mps with config: /scratch/yorig/mpils-results-grid-ticks-10000-7may/easy/24proc-4pils/seed-1/5_mas74_seed-1_20260510_032956/expansion/config_param_CPXPARAM_MIP_Strategy_Branch_-1_iter_1.prm
[INFO]:[03:31:00] CPLEX results. Gap: 3.590000, upper bound: 11801.185729, lower bound: 11377.571713
[INFO]:[03:31:00] CPLEX solver finished. Gap: 3.590000
[INFO]:[03:31:14] Expansion Worker 23 stopping early after global MPI expansion stop was activated.
[INFO]:[03:31:14] Expansion Worker 23 completed expansion.
[INFO]:[03:31:14] Worker 23 completed expansion phase.
[INFO]:[03:31:14] Worker 23 received order for step 1.
[INFO]:[03:31:14] Worker 23 running exploration phase for iteration 2.
[INFO]:[03:31:14] Worker 23 at iteration 2 will not use a MIP start file. Current best MIP-start upper bound threshold is 1.79769e+308.
[INFO]:[03:31:14] Starting local search phase...
[INFO]:[03:31:14] Worker (ils_group_rank=3) entering parallel ILS evaluation service.
[INFO]:[03:31:14] Starting CPLEX solver on instance: /home/yorig/tuner/mpils-tests/instances/miplib/easy/mas74.mps with config: /scratch/yorig/mpils-results-grid-ticks-10000-7may/easy/24proc-4pils/seed-1/5_mas74_seed-1_20260510_032956/iterated_local_search/run_2_worker_20/parallel_0_3.prm
[INFO]:[03:31:20] CPLEX results. Gap: 10.870000, upper bound: 11923.263051, lower bound: 10627.248983
[INFO]:[03:31:20] CPLEX solver finished. Gap: 10.870000
[INFO]:[03:31:33] Starting CPLEX solver on instance: /home/yorig/tuner/mpils-tests/instances/miplib/easy/mas74.mps with config: /scratch/yorig/mpils-results-grid-ticks-10000-7may/easy/24proc-4pils/seed-1/5_mas74_seed-1_20260510_032956/iterated_local_search/run_2_worker_20/parallel_4_3.prm
[INFO]:[03:31:48] CPLEX results. Gap: 10.000000, upper bound: 11801.185729, lower bound: 10620.540718
[INFO]:[03:31:48] CPLEX solver finished. Gap: 10.000000
[INFO]:[03:31:52] Starting CPLEX solver on instance: /home/yorig/tuner/mpils-tests/instances/miplib/easy/mas74.mps with config: /scratch/yorig/mpils-results-grid-ticks-10000-7may/easy/24proc-4pils/seed-1/5_mas74_seed-1_20260510_032956/iterated_local_search/run_2_worker_20/parallel_8_3.prm
[INFO]:[03:32:11] CPLEX results. Gap: 9.950000, upper bound: 11801.185729, lower bound: 10626.500403
[INFO]:[03:32:11] CPLEX solver finished. Gap: 9.950000
[INFO]:[03:32:14] Starting CPLEX solver on instance: /home/yorig/tuner/mpils-tests/instances/miplib/easy/mas74.mps with config: /scratch/yorig/mpils-results-grid-ticks-10000-7may/easy/24proc-4pils/seed-1/5_mas74_seed-1_20260510_032956/iterated_local_search/run_2_worker_20/parallel_12_3.prm
[INFO]:[03:32:36] CPLEX results. Gap: 9.600000, upper bound: 11801.185729, lower bound: 10668.474912
[INFO]:[03:32:36] CPLEX solver finished. Gap: 9.600000
[INFO]:[03:32:36] Starting CPLEX solver on instance: /home/yorig/tuner/mpils-tests/instances/miplib/easy/mas74.mps with config: /scratch/yorig/mpils-results-grid-ticks-10000-7may/easy/24proc-4pils/seed-1/5_mas74_seed-1_20260510_032956/iterated_local_search/run_2_worker_20/parallel_16_3.prm
[INFO]:[03:32:59] CPLEX results. Gap: 10.220000, upper bound: 11857.371258, lower bound: 10645.307846
[INFO]:[03:32:59] CPLEX solver finished. Gap: 10.220000
[INFO]:[03:32:59] Starting CPLEX solver on instance: /home/yorig/tuner/mpils-tests/instances/miplib/easy/mas74.mps with config: /scratch/yorig/mpils-results-grid-ticks-10000-7may/easy/24proc-4pils/seed-1/5_mas74_seed-1_20260510_032956/iterated_local_search/run_2_worker_20/parallel_20_3.prm
[INFO]:[03:33:16] CPLEX results. Gap: 10.770000, upper bound: 11857.371258, lower bound: 10580.035344
[INFO]:[03:33:16] CPLEX solver finished. Gap: 10.770000
[INFO]:[03:33:19] Worker (ils_group_rank=3) exiting parallel ILS evaluation service.
[INFO]:[03:33:19] Worker 23 completed exploration phase.
[INFO]:[03:33:19] Worker 23 received order for step 2.
[INFO]:[03:33:19] Worker 23 running expansion phase for iteration 2.
[INFO]:[03:33:19] Worker 23 will use solver log file: /scratch/yorig/mpils-results-grid-ticks-10000-7may/easy/24proc-4pils/seed-1/5_mas74_seed-1_20260510_032956/solver/cplex.log_iteration_expansion_2_worker_23
[INFO]:[03:33:19] Expansion Worker 23 starting expansion for iteration 2.
[INFO]:[03:33:19] Starting CPLEX solver on instance: /home/yorig/tuner/mpils-tests/instances/miplib/easy/mas74.mps with config: /scratch/yorig/mpils-results-grid-ticks-10000-7may/easy/24proc-4pils/seed-1/5_mas74_seed-1_20260510_032956/expansion/config_param_CPXPARAM_MIP_Strategy_StartAlgorithm_3_iter_2.prm
[INFO]:[03:33:32] CPLEX results. Gap: 1.950000, upper bound: 11801.185729, lower bound: 11571.472972
[INFO]:[03:33:32] CPLEX solver finished. Gap: 1.950000
[INFO]:[03:33:32] Expansion Worker 23 found an improving configuration with objective value 1.95.
[INFO]:[03:33:34] Expansion Worker 23 stopping early after global MPI expansion stop was activated.
[INFO]:[03:33:34] Expansion Worker 23 completed expansion.
[INFO]:[03:33:34] Worker 23 completed expansion phase.
[INFO]:[03:33:34] Worker 23 received order for step 1.
[INFO]:[03:33:34] Worker 23 running exploration phase for iteration 3.
[INFO]:[03:33:34] Worker 23 at iteration 3 will not use a MIP start file. Current best MIP-start upper bound threshold is 1.79769e+308.
[INFO]:[03:33:34] Starting local search phase...
[INFO]:[03:33:34] Worker (ils_group_rank=3) entering parallel ILS evaluation service.
[INFO]:[03:33:34] Starting CPLEX solver on instance: /home/yorig/tuner/mpils-tests/instances/miplib/easy/mas74.mps with config: /scratch/yorig/mpils-results-grid-ticks-10000-7may/easy/24proc-4pils/seed-1/5_mas74_seed-1_20260510_032956/iterated_local_search/run_3_worker_20/parallel_0_3.prm
[INFO]:[03:33:42] CPLEX results. Gap: 7.780000, upper bound: 11801.185729, lower bound: 10882.650264
[INFO]:[03:33:42] CPLEX solver finished. Gap: 7.780000
[INFO]:[03:33:43] Starting CPLEX solver on instance: /home/yorig/tuner/mpils-tests/instances/miplib/easy/mas74.mps with config: /scratch/yorig/mpils-results-grid-ticks-10000-7may/easy/24proc-4pils/seed-1/5_mas74_seed-1_20260510_032956/iterated_local_search/run_3_worker_20/parallel_4_3.prm
[INFO]:[03:33:51] CPLEX results. Gap: 7.780000, upper bound: 11801.185729, lower bound: 10882.650264
[INFO]:[03:33:51] CPLEX solver finished. Gap: 7.780000
[INFO]:[03:33:52] Worker (ils_group_rank=3) exiting parallel ILS evaluation service.
[INFO]:[03:34:36] Worker 23 completed exploration phase.
[INFO]:[03:34:36] Worker 23 received order for step 2.
[INFO]:[03:34:36] Worker 23 running expansion phase for iteration 3.
[INFO]:[03:34:36] Worker 23 will use solver log file: /scratch/yorig/mpils-results-grid-ticks-10000-7may/easy/24proc-4pils/seed-1/5_mas74_seed-1_20260510_032956/solver/cplex.log_iteration_expansion_3_worker_23
[INFO]:[03:34:36] Expansion Worker 23 starting expansion for iteration 3.
[INFO]:[03:34:36] Starting CPLEX solver on instance: /home/yorig/tuner/mpils-tests/instances/miplib/easy/mas74.mps with config: /scratch/yorig/mpils-results-grid-ticks-10000-7may/easy/24proc-4pils/seed-1/5_mas74_seed-1_20260510_032956/expansion/config_param_CPXPARAM_MIP_Strategy_SubAlgorithm_1_iter_3.prm
[INFO]:[03:34:46] CPLEX results. Gap: 3.160000, upper bound: 11857.371258, lower bound: 11482.962077
[INFO]:[03:34:46] CPLEX solver finished. Gap: 3.160000
[INFO]:[03:34:52] Expansion Worker 23 stopping early after global MPI expansion stop was activated.
[INFO]:[03:34:52] Expansion Worker 23 completed expansion.
[INFO]:[03:34:52] Worker 23 completed expansion phase.
[INFO]:[03:34:52] Worker 23 received order for step 1.
[INFO]:[03:34:52] Worker 23 running exploration phase for iteration 4.
[INFO]:[03:34:52] Worker 23 at iteration 4 will not use a MIP start file. Current best MIP-start upper bound threshold is 1.79769e+308.
[INFO]:[03:34:52] Starting local search phase...
[INFO]:[03:34:52] Worker (ils_group_rank=3) entering parallel ILS evaluation service.
[INFO]:[03:34:52] Starting CPLEX solver on instance: /home/yorig/tuner/mpils-tests/instances/miplib/easy/mas74.mps with config: /scratch/yorig/mpils-results-grid-ticks-10000-7may/easy/24proc-4pils/seed-1/5_mas74_seed-1_20260510_032956/iterated_local_search/run_4_worker_20/parallel_0_3.prm
[INFO]:[03:35:00] CPLEX results. Gap: 11.610000, upper bound: 12001.167086, lower bound: 10607.770702
[INFO]:[03:35:00] CPLEX solver finished. Gap: 11.610000
[INFO]:[03:35:01] Starting CPLEX solver on instance: /home/yorig/tuner/mpils-tests/instances/miplib/easy/mas74.mps with config: /scratch/yorig/mpils-results-grid-ticks-10000-7may/easy/24proc-4pils/seed-1/5_mas74_seed-1_20260510_032956/iterated_local_search/run_4_worker_20/parallel_4_3.prm
[INFO]:[03:35:10] CPLEX results. Gap: 9.080000, upper bound: 11801.185729, lower bound: 10729.870350
[INFO]:[03:35:10] CPLEX solver finished. Gap: 9.080000
[INFO]:[03:35:11] Starting CPLEX solver on instance: /home/yorig/tuner/mpils-tests/instances/miplib/easy/mas74.mps with config: /scratch/yorig/mpils-results-grid-ticks-10000-7may/easy/24proc-4pils/seed-1/5_mas74_seed-1_20260510_032956/iterated_local_search/run_4_worker_20/parallel_8_3.prm
[INFO]:[03:35:20] CPLEX results. Gap: 9.080000, upper bound: 11801.185729, lower bound: 10729.870350
[INFO]:[03:35:20] CPLEX solver finished. Gap: 9.080000
[INFO]:[03:35:20] Starting CPLEX solver on instance: /home/yorig/tuner/mpils-tests/instances/miplib/easy/mas74.mps with config: /scratch/yorig/mpils-results-grid-ticks-10000-7may/easy/24proc-4pils/seed-1/5_mas74_seed-1_20260510_032956/iterated_local_search/run_4_worker_20/parallel_12_3.prm
[INFO]:[03:35:29] CPLEX results. Gap: 9.080000, upper bound: 11801.185729, lower bound: 10729.870350
[INFO]:[03:35:29] CPLEX solver finished. Gap: 9.080000
[INFO]:[03:35:30] Starting CPLEX solver on instance: /home/yorig/tuner/mpils-tests/instances/miplib/easy/mas74.mps with config: /scratch/yorig/mpils-results-grid-ticks-10000-7may/easy/24proc-4pils/seed-1/5_mas74_seed-1_20260510_032956/iterated_local_search/run_4_worker_20/parallel_16_3.prm
[INFO]:[03:35:38] CPLEX results. Gap: 9.080000, upper bound: 11801.185729, lower bound: 10729.870350
[INFO]:[03:35:38] CPLEX solver finished. Gap: 9.080000
[INFO]:[03:35:38] Starting CPLEX solver on instance: /home/yorig/tuner/mpils-tests/instances/miplib/easy/mas74.mps with config: /scratch/yorig/mpils-results-grid-ticks-10000-7may/easy/24proc-4pils/seed-1/5_mas74_seed-1_20260510_032956/iterated_local_search/run_4_worker_20/parallel_20_3.prm
[INFO]:[03:35:47] CPLEX results. Gap: 9.350000, upper bound: 11801.185729, lower bound: 10698.335054
[INFO]:[03:35:47] CPLEX solver finished. Gap: 9.350000
[INFO]:[03:35:47] Worker (ils_group_rank=3) exiting parallel ILS evaluation service.
[INFO]:[03:36:01] Worker 23 completed exploration phase.
[INFO]:[03:36:01] Worker 23 received order for step 2.
[INFO]:[03:36:01] Worker 23 running expansion phase for iteration 4.
[INFO]:[03:36:01] Worker 23 will use solver log file: /scratch/yorig/mpils-results-grid-ticks-10000-7may/easy/24proc-4pils/seed-1/5_mas74_seed-1_20260510_032956/solver/cplex.log_iteration_expansion_4_worker_23
[INFO]:[03:36:01] Expansion Worker 23 starting expansion for iteration 4.
[INFO]:[03:36:01] Starting CPLEX solver on instance: /home/yorig/tuner/mpils-tests/instances/miplib/easy/mas74.mps with config: /scratch/yorig/mpils-results-grid-ticks-10000-7may/easy/24proc-4pils/seed-1/5_mas74_seed-1_20260510_032956/expansion/config_param_CPXPARAM_Simplex_PGradient_-1_iter_4.prm
[INFO]:[03:36:16] CPLEX results. Gap: 1.090000, upper bound: 11801.185729, lower bound: 11673.048963
[INFO]:[03:36:16] CPLEX solver finished. Gap: 1.090000
[INFO]:[03:36:18] Expansion Worker 23 stopping early after global MPI expansion stop was activated.
[INFO]:[03:36:18] Expansion Worker 23 completed expansion.
[INFO]:[03:36:18] Worker 23 completed expansion phase.
[INFO]:[03:36:18] Worker 23 received order for step 1.
[INFO]:[03:36:18] Worker 23 running exploration phase for iteration 5.
[INFO]:[03:36:18] Worker 23 at iteration 5 will not use a MIP start file. Current best MIP-start upper bound threshold is 1.79769e+308.
[INFO]:[03:36:18] Starting local search phase...
[INFO]:[03:36:18] Worker (ils_group_rank=3) entering parallel ILS evaluation service.
[INFO]:[03:36:18] Starting CPLEX solver on instance: /home/yorig/tuner/mpils-tests/instances/miplib/easy/mas74.mps with config: /scratch/yorig/mpils-results-grid-ticks-10000-7may/easy/24proc-4pils/seed-1/5_mas74_seed-1_20260510_032956/iterated_local_search/run_5_worker_20/parallel_0_3.prm
[INFO]:[03:36:27] CPLEX results. Gap: 9.990000, upper bound: 11801.185729, lower bound: 10622.344107
[INFO]:[03:36:27] CPLEX solver finished. Gap: 9.990000
[INFO]:[03:36:27] Starting CPLEX solver on instance: /home/yorig/tuner/mpils-tests/instances/miplib/easy/mas74.mps with config: /scratch/yorig/mpils-results-grid-ticks-10000-7may/easy/24proc-4pils/seed-1/5_mas74_seed-1_20260510_032956/iterated_local_search/run_5_worker_20/parallel_4_3.prm
[INFO]:[03:36:36] CPLEX results. Gap: 9.990000, upper bound: 11801.185729, lower bound: 10622.344107
[INFO]:[03:36:36] CPLEX solver finished. Gap: 9.990000
[INFO]:[03:36:36] Starting CPLEX solver on instance: /home/yorig/tuner/mpils-tests/instances/miplib/easy/mas74.mps with config: /scratch/yorig/mpils-results-grid-ticks-10000-7may/easy/24proc-4pils/seed-1/5_mas74_seed-1_20260510_032956/iterated_local_search/run_5_worker_20/parallel_8_3.prm
[INFO]:[03:36:45] CPLEX results. Gap: 9.990000, upper bound: 11801.185729, lower bound: 10622.344107
[INFO]:[03:36:45] CPLEX solver finished. Gap: 9.990000
[INFO]:[03:36:45] Starting CPLEX solver on instance: /home/yorig/tuner/mpils-tests/instances/miplib/easy/mas74.mps with config: /scratch/yorig/mpils-results-grid-ticks-10000-7may/easy/24proc-4pils/seed-1/5_mas74_seed-1_20260510_032956/iterated_local_search/run_5_worker_20/parallel_12_3.prm
[INFO]:[03:36:54] CPLEX results. Gap: 9.990000, upper bound: 11801.185729, lower bound: 10622.344107
[INFO]:[03:36:54] CPLEX solver finished. Gap: 9.990000
[INFO]:[03:36:54] Starting CPLEX solver on instance: /home/yorig/tuner/mpils-tests/instances/miplib/easy/mas74.mps with config: /scratch/yorig/mpils-results-grid-ticks-10000-7may/easy/24proc-4pils/seed-1/5_mas74_seed-1_20260510_032956/iterated_local_search/run_5_worker_20/parallel_16_3.prm
[INFO]:[03:37:03] CPLEX results. Gap: 11.350000, upper bound: 11939.484943, lower bound: 10584.640531
[INFO]:[03:37:03] CPLEX solver finished. Gap: 11.350000
[INFO]:[03:37:03] Worker (ils_group_rank=3) exiting parallel ILS evaluation service.
[INFO]:[03:37:08] Worker 23 completed exploration phase.
[INFO]:[03:37:08] Worker 23 received order for step 2.
[INFO]:[03:37:08] Worker 23 running expansion phase for iteration 5.
[INFO]:[03:37:08] Worker 23 will use solver log file: /scratch/yorig/mpils-results-grid-ticks-10000-7may/easy/24proc-4pils/seed-1/5_mas74_seed-1_20260510_032956/solver/cplex.log_iteration_expansion_5_worker_23
[INFO]:[03:37:08] Expansion Worker 23 starting expansion for iteration 5.
[INFO]:[03:37:08] Starting CPLEX solver on instance: /home/yorig/tuner/mpils-tests/instances/miplib/easy/mas74.mps with config: /scratch/yorig/mpils-results-grid-ticks-10000-7may/easy/24proc-4pils/seed-1/5_mas74_seed-1_20260510_032956/expansion/config_param_CPXPARAM_Barrier_StartAlg_4_iter_5.prm
[INFO]:[03:37:25] CPLEX results. Gap: 0.840000, upper bound: 11801.185729, lower bound: 11702.456356
[INFO]:[03:37:25] CPLEX solver finished. Gap: 0.840000
[INFO]:[03:37:25] Expansion Worker 23 stopping early after global MPI expansion stop was activated.
[INFO]:[03:37:25] Expansion Worker 23 completed expansion.
[INFO]:[03:37:25] Worker 23 completed expansion phase.
[INFO]:[03:37:26] Worker 23 received order for step 1.
[INFO]:[03:37:26] Worker 23 running exploration phase for iteration 6.
[INFO]:[03:37:26] Worker 23 at iteration 6 will not use a MIP start file. Current best MIP-start upper bound threshold is 1.79769e+308.
[INFO]:[03:37:26] Starting local search phase...
[INFO]:[03:37:26] Worker (ils_group_rank=3) entering parallel ILS evaluation service.
[INFO]:[03:37:26] Starting CPLEX solver on instance: /home/yorig/tuner/mpils-tests/instances/miplib/easy/mas74.mps with config: /scratch/yorig/mpils-results-grid-ticks-10000-7may/easy/24proc-4pils/seed-1/5_mas74_seed-1_20260510_032956/iterated_local_search/run_6_worker_20/parallel_0_3.prm
[INFO]:[03:37:34] CPLEX results. Gap: 11.590000, upper bound: 12015.089944, lower bound: 10622.311201
[INFO]:[03:37:34] CPLEX solver finished. Gap: 11.590000
[INFO]:[03:37:35] Starting CPLEX solver on instance: /home/yorig/tuner/mpils-tests/instances/miplib/easy/mas74.mps with config: /scratch/yorig/mpils-results-grid-ticks-10000-7may/easy/24proc-4pils/seed-1/5_mas74_seed-1_20260510_032956/iterated_local_search/run_6_worker_20/parallel_4_3.prm
[INFO]:[03:37:40] CPLEX results. Gap: 9.540000, upper bound: 11801.185729, lower bound: 10675.645981
[INFO]:[03:37:40] CPLEX solver finished. Gap: 9.540000
[INFO]:[03:37:40] Starting CPLEX solver on instance: /home/yorig/tuner/mpils-tests/instances/miplib/easy/mas74.mps with config: /scratch/yorig/mpils-results-grid-ticks-10000-7may/easy/24proc-4pils/seed-1/5_mas74_seed-1_20260510_032956/iterated_local_search/run_6_worker_20/parallel_8_3.prm
[INFO]:[03:37:46] CPLEX results. Gap: 9.300000, upper bound: 11801.185729, lower bound: 10703.236441
[INFO]:[03:37:46] CPLEX solver finished. Gap: 9.300000
[INFO]:[03:37:47] Worker (ils_group_rank=3) exiting parallel ILS evaluation service.
[INFO]:[03:38:15] Worker 23 completed exploration phase.
[INFO]:[03:38:15] Worker 23 received order for step 2.
[INFO]:[03:38:15] Worker 23 running expansion phase for iteration 6.
[INFO]:[03:38:15] Worker 23 will use solver log file: /scratch/yorig/mpils-results-grid-ticks-10000-7may/easy/24proc-4pils/seed-1/5_mas74_seed-1_20260510_032956/solver/cplex.log_iteration_expansion_6_worker_23
[INFO]:[03:38:15] Expansion Worker 23 starting expansion for iteration 6.
[INFO]:[03:38:15] Starting CPLEX solver on instance: /home/yorig/tuner/mpils-tests/instances/miplib/easy/mas74.mps with config: /scratch/yorig/mpils-results-grid-ticks-10000-7may/easy/24proc-4pils/seed-1/5_mas74_seed-1_20260510_032956/expansion/config_param_CPXPARAM_Preprocessing_CoeffReduce_2_iter_6.prm
[INFO]:[03:38:32] CPLEX results. Gap: 0.780000, upper bound: 11801.185729, lower bound: 11708.960530
[INFO]:[03:38:32] CPLEX solver finished. Gap: 0.780000
[INFO]:[03:38:50] Expansion Worker 23 completed expansion.
[INFO]:[03:38:50] Worker 23 completed expansion phase.
[INFO]:[03:38:50] Worker 23 received order for step 1.
[INFO]:[03:38:50] Worker 23 running exploration phase for iteration 7.
[INFO]:[03:38:50] Worker 23 at iteration 7 will not use a MIP start file. Current best MIP-start upper bound threshold is 1.79769e+308.
[INFO]:[03:38:50] Starting local search phase...
[INFO]:[03:38:50] Worker (ils_group_rank=3) entering parallel ILS evaluation service.
[INFO]:[03:38:50] Starting CPLEX solver on instance: /home/yorig/tuner/mpils-tests/instances/miplib/easy/mas74.mps with config: /scratch/yorig/mpils-results-grid-ticks-10000-7may/easy/24proc-4pils/seed-1/5_mas74_seed-1_20260510_032956/iterated_local_search/run_7_worker_20/parallel_0_3.prm
[INFO]:[03:38:58] CPLEX results. Gap: 12.790000, upper bound: 12128.130483, lower bound: 10576.953962
[INFO]:[03:38:58] CPLEX solver finished. Gap: 12.790000
[INFO]:[03:39:01] Starting CPLEX solver on instance: /home/yorig/tuner/mpils-tests/instances/miplib/easy/mas74.mps with config: /scratch/yorig/mpils-results-grid-ticks-10000-7may/easy/24proc-4pils/seed-1/5_mas74_seed-1_20260510_032956/iterated_local_search/run_7_worker_20/parallel_4_3.prm
[INFO]:[03:39:10] CPLEX results. Gap: 9.990000, upper bound: 11801.185729, lower bound: 10621.789049
[INFO]:[03:39:10] CPLEX solver finished. Gap: 9.990000
[INFO]:[03:39:10] Starting CPLEX solver on instance: /home/yorig/tuner/mpils-tests/instances/miplib/easy/mas74.mps with config: /scratch/yorig/mpils-results-grid-ticks-10000-7may/easy/24proc-4pils/seed-1/5_mas74_seed-1_20260510_032956/iterated_local_search/run_7_worker_20/parallel_8_3.prm
[INFO]:[03:39:18] CPLEX results. Gap: 9.990000, upper bound: 11801.185729, lower bound: 10621.789049
[INFO]:[03:39:18] CPLEX solver finished. Gap: 9.990000
[INFO]:[03:39:19] Worker (ils_group_rank=3) exiting parallel ILS evaluation service.
[INFO]:[03:39:23] Worker 23 completed exploration phase.
[INFO]:[03:39:23] Worker 23 received order for step 2.
[INFO]:[03:39:23] Worker 23 running expansion phase for iteration 7.
[INFO]:[03:39:23] Worker 23 will use solver log file: /scratch/yorig/mpils-results-grid-ticks-10000-7may/easy/24proc-4pils/seed-1/5_mas74_seed-1_20260510_032956/solver/cplex.log_iteration_expansion_7_worker_23
[INFO]:[03:39:23] Expansion Worker 23 starting expansion for iteration 7.
[INFO]:[03:39:23] Starting CPLEX solver on instance: /home/yorig/tuner/mpils-tests/instances/miplib/easy/mas74.mps with config: /scratch/yorig/mpils-results-grid-ticks-10000-7may/easy/24proc-4pils/seed-1/5_mas74_seed-1_20260510_032956/expansion/config_param_CPXPARAM_Preprocessing_RepeatPresolve_0_iter_7.prm
[INFO]:[03:39:40] CPLEX results. Gap: 0.620000, upper bound: 11801.185729, lower bound: 11728.111314
[INFO]:[03:39:40] CPLEX solver finished. Gap: 0.620000
[INFO]:[03:39:40] Expansion Worker 23 found an improving configuration with objective value 0.62.
[INFO]:[03:39:40] Expansion Worker 23 stopping early after global MPI expansion stop was activated.
[INFO]:[03:39:40] Expansion Worker 23 completed expansion.
[INFO]:[03:39:40] Worker 23 completed expansion phase.
[INFO]:[03:39:41] Worker 23 received order for step 1.
[INFO]:[03:39:41] Worker 23 running exploration phase for iteration 8.
[INFO]:[03:39:41] Worker 23 at iteration 8 will not use a MIP start file. Current best MIP-start upper bound threshold is 1.79769e+308.
[INFO]:[03:39:41] Starting local search phase...
[INFO]:[03:39:41] Worker (ils_group_rank=3) entering parallel ILS evaluation service.
[INFO]:[03:39:41] Starting CPLEX solver on instance: /home/yorig/tuner/mpils-tests/instances/miplib/easy/mas74.mps with config: /scratch/yorig/mpils-results-grid-ticks-10000-7may/easy/24proc-4pils/seed-1/5_mas74_seed-1_20260510_032956/iterated_local_search/run_8_worker_20/parallel_0_3.prm
[INFO]:[03:39:49] CPLEX results. Gap: 10.850000, upper bound: 11891.263051, lower bound: 10600.724566
[INFO]:[03:39:50] CPLEX solver finished. Gap: 10.850000
[INFO]:[03:39:50] Starting CPLEX solver on instance: /home/yorig/tuner/mpils-tests/instances/miplib/easy/mas74.mps with config: /scratch/yorig/mpils-results-grid-ticks-10000-7may/easy/24proc-4pils/seed-1/5_mas74_seed-1_20260510_032956/iterated_local_search/run_8_worker_20/parallel_4_3.prm
[INFO]:[03:39:58] CPLEX results. Gap: 12.240000, upper bound: 12081.696064, lower bound: 10602.956667
[INFO]:[03:39:58] CPLEX solver finished. Gap: 12.240000
[INFO]:[03:39:58] Starting CPLEX solver on instance: /home/yorig/tuner/mpils-tests/instances/miplib/easy/mas74.mps with config: /scratch/yorig/mpils-results-grid-ticks-10000-7may/easy/24proc-4pils/seed-1/5_mas74_seed-1_20260510_032956/iterated_local_search/run_8_worker_20/parallel_8_3.prm
[INFO]:[03:40:06] CPLEX results. Gap: 10.150000, upper bound: 11801.185729, lower bound: 10603.692155
[INFO]:[03:40:07] CPLEX solver finished. Gap: 10.150000
[INFO]:[03:40:07] Starting CPLEX solver on instance: /home/yorig/tuner/mpils-tests/instances/miplib/easy/mas74.mps with config: /scratch/yorig/mpils-results-grid-ticks-10000-7may/easy/24proc-4pils/seed-1/5_mas74_seed-1_20260510_032956/iterated_local_search/run_8_worker_20/parallel_12_3.prm
[INFO]:[03:40:14] CPLEX results. Gap: 10.310000, upper bound: 11801.185729, lower bound: 10584.279664
[INFO]:[03:40:14] CPLEX solver finished. Gap: 10.310000
[INFO]:[03:40:15] Starting CPLEX solver on instance: /home/yorig/tuner/mpils-tests/instances/miplib/easy/mas74.mps with config: /scratch/yorig/mpils-results-grid-ticks-10000-7may/easy/24proc-4pils/seed-1/5_mas74_seed-1_20260510_032956/iterated_local_search/run_8_worker_20/parallel_16_3.prm
[INFO]:[03:40:23] CPLEX results. Gap: 10.140000, upper bound: 11801.185729, lower bound: 10604.914528
[INFO]:[03:40:23] CPLEX solver finished. Gap: 10.140000
[INFO]:[03:40:23] Starting CPLEX solver on instance: /home/yorig/tuner/mpils-tests/instances/miplib/easy/mas74.mps with config: /scratch/yorig/mpils-results-grid-ticks-10000-7may/easy/24proc-4pils/seed-1/5_mas74_seed-1_20260510_032956/iterated_local_search/run_8_worker_20/parallel_20_3.prm
[INFO]:[03:40:32] CPLEX results. Gap: 10.980000, upper bound: 11891.263051, lower bound: 10585.601130
[INFO]:[03:40:32] CPLEX solver finished. Gap: 10.980000
[INFO]:[03:40:32] Starting CPLEX solver on instance: /home/yorig/tuner/mpils-tests/instances/miplib/easy/mas74.mps with config: /scratch/yorig/mpils-results-grid-ticks-10000-7may/easy/24proc-4pils/seed-1/5_mas74_seed-1_20260510_032956/iterated_local_search/run_8_worker_20/parallel_24_3.prm
[INFO]:[03:40:40] CPLEX results. Gap: 11.070000, upper bound: 11893.872575, lower bound: 10577.678875
[INFO]:[03:40:40] CPLEX solver finished. Gap: 11.070000
[INFO]:[03:40:40] Starting CPLEX solver on instance: /home/yorig/tuner/mpils-tests/instances/miplib/easy/mas74.mps with config: /scratch/yorig/mpils-results-grid-ticks-10000-7may/easy/24proc-4pils/seed-1/5_mas74_seed-1_20260510_032956/iterated_local_search/run_8_worker_20/parallel_28_3.prm
[INFO]:[03:40:49] CPLEX results. Gap: 10.120000, upper bound: 11801.185729, lower bound: 10606.796416
[INFO]:[03:40:49] CPLEX solver finished. Gap: 10.120000
[INFO]:[03:40:49] Worker (ils_group_rank=3) exiting parallel ILS evaluation service.
[INFO]:[03:41:30] Worker 23 completed exploration phase.
[INFO]:[03:41:30] Worker 23 received order for step 2.
[INFO]:[03:41:30] Worker 23 running expansion phase for iteration 8.
[INFO]:[03:41:30] Worker 23 will use solver log file: /scratch/yorig/mpils-results-grid-ticks-10000-7may/easy/24proc-4pils/seed-1/5_mas74_seed-1_20260510_032956/solver/cplex.log_iteration_expansion_8_worker_23
[INFO]:[03:41:30] Expansion Worker 23 starting expansion for iteration 8.
[INFO]:[03:41:30] Starting CPLEX solver on instance: /home/yorig/tuner/mpils-tests/instances/miplib/easy/mas74.mps with config: /scratch/yorig/mpils-results-grid-ticks-10000-7may/easy/24proc-4pils/seed-1/5_mas74_seed-1_20260510_032956/expansion/config_param_CPXPARAM_MIP_Limits_StrongCand_40_iter_8.prm
[INFO]:[03:41:46] CPLEX results. Gap: 1.020000, upper bound: 11801.185729, lower bound: 11681.336615
[INFO]:[03:41:47] CPLEX solver finished. Gap: 1.020000
[INFO]:[03:42:05] Expansion Worker 23 completed expansion.
[INFO]:[03:42:05] Worker 23 completed expansion phase.
[INFO]:[03:42:06] Worker 23 received order for step 1.
[INFO]:[03:42:06] Worker 23 running exploration phase for iteration 9.
[INFO]:[03:42:06] Worker 23 at iteration 9 will not use a MIP start file. Current best MIP-start upper bound threshold is 1.79769e+308.
[INFO]:[03:42:06] Starting local search phase...
[INFO]:[03:42:06] Worker (ils_group_rank=3) entering parallel ILS evaluation service.
[INFO]:[03:42:06] Starting CPLEX solver on instance: /home/yorig/tuner/mpils-tests/instances/miplib/easy/mas74.mps with config: /scratch/yorig/mpils-results-grid-ticks-10000-7may/easy/24proc-4pils/seed-1/5_mas74_seed-1_20260510_032956/iterated_local_search/run_9_worker_20/parallel_0_3.prm
[INFO]:[03:42:15] CPLEX results. Gap: 9.890000, upper bound: 11801.185729, lower bound: 10633.629665
[INFO]:[03:42:15] CPLEX solver finished. Gap: 9.890000
[INFO]:[03:42:15] Starting CPLEX solver on instance: /home/yorig/tuner/mpils-tests/instances/miplib/easy/mas74.mps with config: /scratch/yorig/mpils-results-grid-ticks-10000-7may/easy/24proc-4pils/seed-1/5_mas74_seed-1_20260510_032956/iterated_local_search/run_9_worker_20/parallel_4_3.prm
[INFO]:[03:42:25] CPLEX results. Gap: 9.890000, upper bound: 11801.185729, lower bound: 10633.629665
[INFO]:[03:42:25] CPLEX solver finished. Gap: 9.890000
[INFO]:[03:42:25] Starting CPLEX solver on instance: /home/yorig/tuner/mpils-tests/instances/miplib/easy/mas74.mps with config: /scratch/yorig/mpils-results-grid-ticks-10000-7may/easy/24proc-4pils/seed-1/5_mas74_seed-1_20260510_032956/iterated_local_search/run_9_worker_20/parallel_8_3.prm
[INFO]:[03:42:35] CPLEX results. Gap: 9.890000, upper bound: 11801.185729, lower bound: 10633.629665
[INFO]:[03:42:35] CPLEX solver finished. Gap: 9.890000
[INFO]:[03:42:35] Starting CPLEX solver on instance: /home/yorig/tuner/mpils-tests/instances/miplib/easy/mas74.mps with config: /scratch/yorig/mpils-results-grid-ticks-10000-7may/easy/24proc-4pils/seed-1/5_mas74_seed-1_20260510_032956/iterated_local_search/run_9_worker_20/parallel_12_3.prm
[INFO]:[03:42:45] CPLEX results. Gap: 10.710000, upper bound: 11874.763051, lower bound: 10603.527870
[INFO]:[03:42:45] CPLEX solver finished. Gap: 10.710000
[INFO]:[03:42:45] Starting CPLEX solver on instance: /home/yorig/tuner/mpils-tests/instances/miplib/easy/mas74.mps with config: /scratch/yorig/mpils-results-grid-ticks-10000-7may/easy/24proc-4pils/seed-1/5_mas74_seed-1_20260510_032956/iterated_local_search/run_9_worker_20/parallel_16_3.prm
[INFO]:[03:42:55] CPLEX results. Gap: 9.900000, upper bound: 11801.185729, lower bound: 10633.258607
[INFO]:[03:42:55] CPLEX solver finished. Gap: 9.900000
[INFO]:[03:42:55] Starting CPLEX solver on instance: /home/yorig/tuner/mpils-tests/instances/miplib/easy/mas74.mps with config: /scratch/yorig/mpils-results-grid-ticks-10000-7may/easy/24proc-4pils/seed-1/5_mas74_seed-1_20260510_032956/iterated_local_search/run_9_worker_20/parallel_20_3.prm
[INFO]:[03:43:05] CPLEX results. Gap: 9.890000, upper bound: 11801.185729, lower bound: 10633.629665
[INFO]:[03:43:05] CPLEX solver finished. Gap: 9.890000
[INFO]:[03:43:05] Starting CPLEX solver on instance: /home/yorig/tuner/mpils-tests/instances/miplib/easy/mas74.mps with config: /scratch/yorig/mpils-results-grid-ticks-10000-7may/easy/24proc-4pils/seed-1/5_mas74_seed-1_20260510_032956/iterated_local_search/run_9_worker_20/parallel_24_3.prm
[INFO]:[03:43:15] CPLEX results. Gap: 9.890000, upper bound: 11801.185729, lower bound: 10633.629665
[INFO]:[03:43:15] CPLEX solver finished. Gap: 9.890000
[INFO]:[03:43:15] Starting CPLEX solver on instance: /home/yorig/tuner/mpils-tests/instances/miplib/easy/mas74.mps with config: /scratch/yorig/mpils-results-grid-ticks-10000-7may/easy/24proc-4pils/seed-1/5_mas74_seed-1_20260510_032956/iterated_local_search/run_9_worker_20/parallel_28_3.prm
[INFO]:[03:43:24] CPLEX results. Gap: 10.290000, upper bound: 11857.371258, lower bound: 10637.231807
[INFO]:[03:43:24] CPLEX solver finished. Gap: 10.290000
[INFO]:[03:43:25] Worker (ils_group_rank=3) exiting parallel ILS evaluation service.
[INFO]:[03:43:54] Worker 23 completed exploration phase.
[INFO]:[03:43:54] Worker 23 received order for step 3.
[INFO]:[03:43:54] Worker 23 finished.
