[INFO]:[05:31:52] Worker 18 starting.
[INFO]:[05:31:52] Worker 18 received order for step 1.
[INFO]:[05:31:52] Worker 18 running exploration phase for iteration 1.
[INFO]:[05:31:52] Worker 18 at iteration 1 will not use a MIP start file. Current best MIP-start upper bound threshold is 1.79769e+308.
[INFO]:[05:31:52] Starting local search phase...
[INFO]:[05:31:52] Worker (ils_group_rank=18) entering parallel ILS evaluation service.
[INFO]:[05:31:52] Starting CPLEX solver on instance: /home/yorig/tuner/mpils-tests/instances/miplib/easy/supportcase33.mps with config: /scratch/yorig/mpils-results-grid-ticks-10000-7may/easy/24proc-24pils/seed-5/10_supportcase33_seed-5_20260510_053151/iterated_local_search/run_1_worker_0/parallel_0_18.prm
[INFO]:[05:32:00] CPLEX results. Gap: 21.320000, upper bound: -340.000000, lower bound: -412.500000
[INFO]:[05:32:00] CPLEX solver finished. Gap: 21.320000
[INFO]:[05:32:00] Worker (ils_group_rank=18) exiting parallel ILS evaluation service.
[INFO]:[05:32:00] Worker 18 completed exploration phase.
[INFO]:[05:32:00] Worker 18 received order for step 2.
[INFO]:[05:32:00] Worker 18 running expansion phase for iteration 1.
[INFO]:[05:32:00] Worker 18 will use solver log file: /scratch/yorig/mpils-results-grid-ticks-10000-7may/easy/24proc-24pils/seed-5/10_supportcase33_seed-5_20260510_053151/solver/cplex.log_iteration_expansion_1_worker_18
[INFO]:[05:32:00] Expansion Worker 18 starting expansion for iteration 1.
[INFO]:[05:32:00] Starting CPLEX solver on instance: /home/yorig/tuner/mpils-tests/instances/miplib/easy/supportcase33.mps with config: /scratch/yorig/mpils-results-grid-ticks-10000-7may/easy/24proc-24pils/seed-5/10_supportcase33_seed-5_20260510_053151/expansion/config_param_CPXPARAM_MIP_Strategy_Dive_3_iter_1.prm
[INFO]:[05:32:07] CPLEX results. Gap: 14.440000, upper bound: -340.000000, lower bound: -389.107143
[INFO]:[05:32:07] CPLEX solver finished. Gap: 14.440000
[INFO]:[05:32:08] Expansion Worker 18 stopping early after global MPI expansion stop was activated.
[INFO]:[05:32:08] Expansion Worker 18 completed expansion.
[INFO]:[05:32:08] Worker 18 completed expansion phase.
[INFO]:[05:32:08] Worker 18 received order for step 1.
[INFO]:[05:32:08] Worker 18 running exploration phase for iteration 2.
[INFO]:[05:32:08] Worker 18 at iteration 2 will not use a MIP start file. Current best MIP-start upper bound threshold is 1.79769e+308.
[INFO]:[05:32:08] Starting local search phase...
[INFO]:[05:32:08] Worker (ils_group_rank=18) entering parallel ILS evaluation service.
[INFO]:[05:32:08] Starting CPLEX solver on instance: /home/yorig/tuner/mpils-tests/instances/miplib/easy/supportcase33.mps with config: /scratch/yorig/mpils-results-grid-ticks-10000-7may/easy/24proc-24pils/seed-5/10_supportcase33_seed-5_20260510_053151/iterated_local_search/run_2_worker_0/parallel_0_18.prm
[INFO]:[05:32:15] CPLEX results. Gap: 41.380000, upper bound: -290.000000, lower bound: -410.000000
[INFO]:[05:32:15] CPLEX solver finished. Gap: 41.380000
[INFO]:[05:32:15] Worker (ils_group_rank=18) exiting parallel ILS evaluation service.
[INFO]:[05:32:15] Worker 18 completed exploration phase.
[INFO]:[05:32:15] Worker 18 received order for step 2.
[INFO]:[05:32:15] Worker 18 running expansion phase for iteration 2.
[INFO]:[05:32:15] Worker 18 will use solver log file: /scratch/yorig/mpils-results-grid-ticks-10000-7may/easy/24proc-24pils/seed-5/10_supportcase33_seed-5_20260510_053151/solver/cplex.log_iteration_expansion_2_worker_18
[INFO]:[05:32:15] Expansion Worker 18 starting expansion for iteration 2.
[INFO]:[05:32:15] Starting CPLEX solver on instance: /home/yorig/tuner/mpils-tests/instances/miplib/easy/supportcase33.mps with config: /scratch/yorig/mpils-results-grid-ticks-10000-7may/easy/24proc-24pils/seed-5/10_supportcase33_seed-5_20260510_053151/expansion/config_param_CPXPARAM_MIP_Strategy_RINSHeur_500_iter_2.prm
[INFO]:[05:32:23] CPLEX results. Gap: 3.610000, upper bound: -345.000000, lower bound: -357.449046
[INFO]:[05:32:23] CPLEX solver finished. Gap: 3.610000
[INFO]:[05:32:23] Expansion Worker 18 found an improving configuration with objective value 3.61.
[INFO]:[05:32:23] Expansion Worker 18 stopping early after global MPI expansion stop was activated.
[INFO]:[05:32:23] Expansion Worker 18 completed expansion.
[INFO]:[05:32:23] Worker 18 completed expansion phase.
[INFO]:[05:32:23] Worker 18 received order for step 1.
[INFO]:[05:32:23] Worker 18 running exploration phase for iteration 3.
[INFO]:[05:32:23] Worker 18 at iteration 3 will not use a MIP start file. Current best MIP-start upper bound threshold is 1.79769e+308.
[INFO]:[05:32:23] Starting local search phase...
[INFO]:[05:32:23] Worker (ils_group_rank=18) entering parallel ILS evaluation service.
[INFO]:[05:32:23] Starting CPLEX solver on instance: /home/yorig/tuner/mpils-tests/instances/miplib/easy/supportcase33.mps with config: /scratch/yorig/mpils-results-grid-ticks-10000-7may/easy/24proc-24pils/seed-5/10_supportcase33_seed-5_20260510_053151/iterated_local_search/run_3_worker_0/parallel_0_18.prm
[INFO]:[05:32:30] CPLEX results. Gap: 19.990000, upper bound: -335.000000, lower bound: -401.964798
[INFO]:[05:32:30] CPLEX solver finished. Gap: 19.990000
[INFO]:[05:32:30] Worker (ils_group_rank=18) exiting parallel ILS evaluation service.
[INFO]:[05:32:30] Worker 18 completed exploration phase.
[INFO]:[05:32:30] Worker 18 received order for step 2.
[INFO]:[05:32:30] Worker 18 running expansion phase for iteration 3.
[INFO]:[05:32:30] Worker 18 will use solver log file: /scratch/yorig/mpils-results-grid-ticks-10000-7may/easy/24proc-24pils/seed-5/10_supportcase33_seed-5_20260510_053151/solver/cplex.log_iteration_expansion_3_worker_18
[INFO]:[05:32:30] Expansion Worker 18 starting expansion for iteration 3.
[INFO]:[05:32:30] Starting CPLEX solver on instance: /home/yorig/tuner/mpils-tests/instances/miplib/easy/supportcase33.mps with config: /scratch/yorig/mpils-results-grid-ticks-10000-7may/easy/24proc-24pils/seed-5/10_supportcase33_seed-5_20260510_053151/expansion/config_param_CPXPARAM_MIP_Strategy_PresolveNode_3_iter_3.prm
[INFO]:[05:32:38] CPLEX results. Gap: 21.320000, upper bound: -340.000000, lower bound: -412.500000
[INFO]:[05:32:38] CPLEX solver finished. Gap: 21.320000
[INFO]:[05:32:45] Expansion Worker 18 completed expansion.
[INFO]:[05:32:45] Worker 18 completed expansion phase.
[INFO]:[05:32:45] Worker 18 received order for step 1.
[INFO]:[05:32:45] Worker 18 running exploration phase for iteration 4.
[INFO]:[05:32:45] Worker 18 at iteration 4 will not use a MIP start file. Current best MIP-start upper bound threshold is 1.79769e+308.
[INFO]:[05:32:45] Starting local search phase...
[INFO]:[05:32:45] Worker (ils_group_rank=18) entering parallel ILS evaluation service.
[INFO]:[05:32:45] Starting CPLEX solver on instance: /home/yorig/tuner/mpils-tests/instances/miplib/easy/supportcase33.mps with config: /scratch/yorig/mpils-results-grid-ticks-10000-7may/easy/24proc-24pils/seed-5/10_supportcase33_seed-5_20260510_053151/iterated_local_search/run_4_worker_0/parallel_0_18.prm
[INFO]:[05:32:52] CPLEX results. Gap: 21.560000, upper bound: -335.000000, lower bound: -407.222222
[INFO]:[05:32:52] CPLEX solver finished. Gap: 21.560000
[INFO]:[05:32:53] Worker (ils_group_rank=18) exiting parallel ILS evaluation service.
[INFO]:[05:32:53] Worker 18 completed exploration phase.
[INFO]:[05:32:53] Worker 18 received order for step 2.
[INFO]:[05:32:53] Worker 18 running expansion phase for iteration 4.
[INFO]:[05:32:53] Worker 18 will use solver log file: /scratch/yorig/mpils-results-grid-ticks-10000-7may/easy/24proc-24pils/seed-5/10_supportcase33_seed-5_20260510_053151/solver/cplex.log_iteration_expansion_4_worker_18
[INFO]:[05:32:53] Expansion Worker 18 starting expansion for iteration 4.
[INFO]:[05:32:53] Starting CPLEX solver on instance: /home/yorig/tuner/mpils-tests/instances/miplib/easy/supportcase33.mps with config: /scratch/yorig/mpils-results-grid-ticks-10000-7may/easy/24proc-24pils/seed-5/10_supportcase33_seed-5_20260510_053151/expansion/config_param_CPXPARAM_Simplex_PGradient_2_iter_4.prm
[INFO]:[05:33:00] CPLEX results. Gap: 7.350000, upper bound: -340.000000, lower bound: -365.000000
[INFO]:[05:33:00] CPLEX solver finished. Gap: 7.350000
[INFO]:[05:33:08] Expansion Worker 18 completed expansion.
[INFO]:[05:33:08] Worker 18 completed expansion phase.
[INFO]:[05:33:08] Worker 18 received order for step 1.
[INFO]:[05:33:08] Worker 18 running exploration phase for iteration 5.
[INFO]:[05:33:08] Worker 18 at iteration 5 will not use a MIP start file. Current best MIP-start upper bound threshold is 1.79769e+308.
[INFO]:[05:33:08] Starting local search phase...
[INFO]:[05:33:08] Worker (ils_group_rank=18) entering parallel ILS evaluation service.
[INFO]:[05:33:08] Starting CPLEX solver on instance: /home/yorig/tuner/mpils-tests/instances/miplib/easy/supportcase33.mps with config: /scratch/yorig/mpils-results-grid-ticks-10000-7may/easy/24proc-24pils/seed-5/10_supportcase33_seed-5_20260510_053151/iterated_local_search/run_5_worker_0/parallel_0_18.prm
[INFO]:[05:33:14] CPLEX results. Gap: 14.970000, upper bound: -335.000000, lower bound: -385.138889
[INFO]:[05:33:14] CPLEX solver finished. Gap: 14.970000
[INFO]:[05:33:16] Worker (ils_group_rank=18) exiting parallel ILS evaluation service.
[INFO]:[05:33:16] Worker 18 completed exploration phase.
[INFO]:[05:33:16] Worker 18 received order for step 2.
[INFO]:[05:33:16] Worker 18 running expansion phase for iteration 5.
[INFO]:[05:33:16] Worker 18 will use solver log file: /scratch/yorig/mpils-results-grid-ticks-10000-7may/easy/24proc-24pils/seed-5/10_supportcase33_seed-5_20260510_053151/solver/cplex.log_iteration_expansion_5_worker_18
[INFO]:[05:33:16] Expansion Worker 18 starting expansion for iteration 5.
[INFO]:[05:33:16] Starting CPLEX solver on instance: /home/yorig/tuner/mpils-tests/instances/miplib/easy/supportcase33.mps with config: /scratch/yorig/mpils-results-grid-ticks-10000-7may/easy/24proc-24pils/seed-5/10_supportcase33_seed-5_20260510_053151/expansion/config_param_CPXPARAM_MIP_OrderType_1_iter_5.prm
[INFO]:[05:33:23] CPLEX results. Gap: 21.320000, upper bound: -325.000000, lower bound: -394.305913
[INFO]:[05:33:23] CPLEX solver finished. Gap: 21.320000
[INFO]:[05:33:29] Expansion Worker 18 completed expansion.
[INFO]:[05:33:29] Worker 18 completed expansion phase.
[INFO]:[05:33:30] Worker 18 received order for step 1.
[INFO]:[05:33:30] Worker 18 running exploration phase for iteration 6.
[INFO]:[05:33:30] Worker 18 at iteration 6 will not use a MIP start file. Current best MIP-start upper bound threshold is 1.79769e+308.
[INFO]:[05:33:30] Starting local search phase...
[INFO]:[05:33:30] Worker (ils_group_rank=18) entering parallel ILS evaluation service.
[INFO]:[05:33:30] Starting CPLEX solver on instance: /home/yorig/tuner/mpils-tests/instances/miplib/easy/supportcase33.mps with config: /scratch/yorig/mpils-results-grid-ticks-10000-7may/easy/24proc-24pils/seed-5/10_supportcase33_seed-5_20260510_053151/iterated_local_search/run_6_worker_0/parallel_0_18.prm
[INFO]:[05:33:36] CPLEX results. Gap: 106.590000, upper bound: -210.000000, lower bound: -433.830508
[INFO]:[05:33:36] CPLEX solver finished. Gap: 106.590000
[INFO]:[05:33:37] Worker (ils_group_rank=18) exiting parallel ILS evaluation service.
[INFO]:[05:33:37] Worker 18 completed exploration phase.
[INFO]:[05:33:37] Worker 18 received order for step 2.
[INFO]:[05:33:37] Worker 18 running expansion phase for iteration 6.
[INFO]:[05:33:37] Worker 18 will use solver log file: /scratch/yorig/mpils-results-grid-ticks-10000-7may/easy/24proc-24pils/seed-5/10_supportcase33_seed-5_20260510_053151/solver/cplex.log_iteration_expansion_6_worker_18
[INFO]:[05:33:37] Expansion Worker 18 starting expansion for iteration 6.
[INFO]:[05:33:37] Starting CPLEX solver on instance: /home/yorig/tuner/mpils-tests/instances/miplib/easy/supportcase33.mps with config: /scratch/yorig/mpils-results-grid-ticks-10000-7may/easy/24proc-24pils/seed-5/10_supportcase33_seed-5_20260510_053151/expansion/config_param_CPXPARAM_Sifting_Algorithm_1_iter_6.prm
[INFO]:[05:33:44] CPLEX results. Gap: 2.900000, upper bound: -345.000000, lower bound: -355.000000
[INFO]:[05:33:44] CPLEX solver finished. Gap: 2.900000
[INFO]:[05:33:44] Expansion Worker 18 stopping early after global MPI expansion stop was activated.
[INFO]:[05:33:44] Expansion Worker 18 completed expansion.
[INFO]:[05:33:44] Worker 18 completed expansion phase.
[INFO]:[05:33:44] Worker 18 received order for step 3.
[INFO]:[05:33:44] Worker 18 finished.
