[INFO]:[21:55:37] Worker 4 starting.
[INFO]:[21:55:37] Worker 4 received order for step 1.
[INFO]:[21:55:37] Worker 4 running exploration phase for iteration 1.
[INFO]:[21:55:37] Worker 4 at iteration 1 will not use a MIP start file. Current best MIP-start upper bound threshold is 1.79769e+308.
[INFO]:[21:55:37] Starting local search phase...
[INFO]:[21:55:37] Creating local search space from parameter space file: /scratch/yorig/mpils-results-grid-ticks-10000-7may/medium-2/24proc-2pils/seed-8/8_supportcase40_seed-8_20260510_215536/iterated_local_search/search_space/search_space_file_1_worker_4.txt
[INFO]:[21:55:37] Local search space loaded from file: /scratch/yorig/mpils-results-grid-ticks-10000-7may/medium-2/24proc-2pils/seed-8/8_supportcase40_seed-8_20260510_215536/iterated_local_search/search_space/search_space_file_1_worker_4.txt
[INFO]:[21:55:37] Number of parameters in local search space: 71
[INFO]:[21:55:37] Number of forbidden tuples in local search space: 0
[INFO]:[21:55:37] Number of conditionals in local search space: 6
[INFO]:[21:55:37] MIP start option not enabled. Local search will proceed without MIP start.
[INFO]:[21:55:37] Starting CPLEX solver on instance: /home/yorig/tuner/mpils-tests/instances/miplib/medium-2/supportcase40.mps with config: /scratch/yorig/mpils-results-grid-ticks-10000-7may/medium-2/24proc-2pils/seed-8/8_supportcase40_seed-8_20260510_215536/iterated_local_search/run_1_worker_4/ils_config_11068368839408859286.prm
[INFO]:[21:55:37] Starting CPLEX solver on instance: /home/yorig/tuner/mpils-tests/instances/miplib/medium-2/supportcase40.mps with config: /scratch/yorig/mpils-results-grid-ticks-10000-7may/medium-2/24proc-2pils/seed-8/8_supportcase40_seed-8_20260510_215536/iterated_local_search/run_1_worker_4/ils_config_11068368839408859286.prm
[INFO]:[21:55:44] CPLEX results. Gap: 6.800000, upper bound: 24394.169216, lower bound: 22735.404746
[INFO]:[21:55:44] CPLEX solver finished. Gap: 6.800000
[INFO]:[21:55:44] New incumbent found with objective value: 6.65
[INFO]:[21:55:44] Starting CPLEX solver on instance: /home/yorig/tuner/mpils-tests/instances/miplib/medium-2/supportcase40.mps with config: /scratch/yorig/mpils-results-grid-ticks-10000-7may/medium-2/24proc-2pils/seed-8/8_supportcase40_seed-8_20260510_215536/iterated_local_search/run_1_worker_4/ils_config_14609111341041852443.prm
[INFO]:[21:55:44] Starting CPLEX solver on instance: /home/yorig/tuner/mpils-tests/instances/miplib/medium-2/supportcase40.mps with config: /scratch/yorig/mpils-results-grid-ticks-10000-7may/medium-2/24proc-2pils/seed-8/8_supportcase40_seed-8_20260510_215536/iterated_local_search/run_1_worker_4/ils_config_14609111341041852443.prm
[INFO]:[21:55:52] CPLEX results. Gap: 6.650000, upper bound: 24422.492755, lower bound: 22799.479952
[INFO]:[21:55:52] CPLEX solver finished. Gap: 6.650000
[INFO]:[21:55:52] New incumbent found with objective value: 4.97
[INFO]:[21:55:52] Starting CPLEX solver on instance: /home/yorig/tuner/mpils-tests/instances/miplib/medium-2/supportcase40.mps with config: /scratch/yorig/mpils-results-grid-ticks-10000-7may/medium-2/24proc-2pils/seed-8/8_supportcase40_seed-8_20260510_215536/iterated_local_search/run_1_worker_4/ils_config_15798673827501562279.prm
[INFO]:[21:55:52] Starting CPLEX solver on instance: /home/yorig/tuner/mpils-tests/instances/miplib/medium-2/supportcase40.mps with config: /scratch/yorig/mpils-results-grid-ticks-10000-7may/medium-2/24proc-2pils/seed-8/8_supportcase40_seed-8_20260510_215536/iterated_local_search/run_1_worker_4/ils_config_15798673827501562279.prm
[INFO]:[21:55:59] CPLEX results. Gap: 5.120000, upper bound: 24616.415604, lower bound: 23357.083052
[INFO]:[21:55:59] CPLEX solver finished. Gap: 5.120000
[INFO]:[21:55:59] Starting CPLEX solver on instance: /home/yorig/tuner/mpils-tests/instances/miplib/medium-2/supportcase40.mps with config: /scratch/yorig/mpils-results-grid-ticks-10000-7may/medium-2/24proc-2pils/seed-8/8_supportcase40_seed-8_20260510_215536/iterated_local_search/run_1_worker_4/ils_config_17162301929612271532.prm
[INFO]:[21:55:59] Starting CPLEX solver on instance: /home/yorig/tuner/mpils-tests/instances/miplib/medium-2/supportcase40.mps with config: /scratch/yorig/mpils-results-grid-ticks-10000-7may/medium-2/24proc-2pils/seed-8/8_supportcase40_seed-8_20260510_215536/iterated_local_search/run_1_worker_4/ils_config_17162301929612271532.prm
[INFO]:[21:56:07] CPLEX results. Gap: 6.650000, upper bound: 24422.492755, lower bound: 22799.479952
[INFO]:[21:56:07] CPLEX solver finished. Gap: 6.650000
[INFO]:[21:56:07] Starting CPLEX solver on instance: /home/yorig/tuner/mpils-tests/instances/miplib/medium-2/supportcase40.mps with config: /scratch/yorig/mpils-results-grid-ticks-10000-7may/medium-2/24proc-2pils/seed-8/8_supportcase40_seed-8_20260510_215536/iterated_local_search/run_1_worker_4/ils_config_2422524184653395903.prm
[INFO]:[21:56:07] Starting CPLEX solver on instance: /home/yorig/tuner/mpils-tests/instances/miplib/medium-2/supportcase40.mps with config: /scratch/yorig/mpils-results-grid-ticks-10000-7may/medium-2/24proc-2pils/seed-8/8_supportcase40_seed-8_20260510_215536/iterated_local_search/run_1_worker_4/ils_config_2422524184653395903.prm
[INFO]:[21:56:14] CPLEX results. Gap: 4.970000, upper bound: 24658.077599, lower bound: 23433.019862
[INFO]:[21:56:14] CPLEX solver finished. Gap: 4.970000
[INFO]:[21:56:14] Starting CPLEX solver on instance: /home/yorig/tuner/mpils-tests/instances/miplib/medium-2/supportcase40.mps with config: /scratch/yorig/mpils-results-grid-ticks-10000-7may/medium-2/24proc-2pils/seed-8/8_supportcase40_seed-8_20260510_215536/iterated_local_search/run_1_worker_4/ils_config_9639253102286711962.prm
[INFO]:[21:56:14] Starting CPLEX solver on instance: /home/yorig/tuner/mpils-tests/instances/miplib/medium-2/supportcase40.mps with config: /scratch/yorig/mpils-results-grid-ticks-10000-7may/medium-2/24proc-2pils/seed-8/8_supportcase40_seed-8_20260510_215536/iterated_local_search/run_1_worker_4/ils_config_9639253102286711962.prm
[INFO]:[21:56:22] CPLEX results. Gap: 4.970000, upper bound: 24658.077599, lower bound: 23433.019862
[INFO]:[21:56:22] CPLEX solver finished. Gap: 4.970000
[INFO]:[21:56:22] Starting CPLEX solver on instance: /home/yorig/tuner/mpils-tests/instances/miplib/medium-2/supportcase40.mps with config: /scratch/yorig/mpils-results-grid-ticks-10000-7may/medium-2/24proc-2pils/seed-8/8_supportcase40_seed-8_20260510_215536/iterated_local_search/run_1_worker_4/ils_config_13969133245881024129.prm
[INFO]:[21:56:22] Starting CPLEX solver on instance: /home/yorig/tuner/mpils-tests/instances/miplib/medium-2/supportcase40.mps with config: /scratch/yorig/mpils-results-grid-ticks-10000-7may/medium-2/24proc-2pils/seed-8/8_supportcase40_seed-8_20260510_215536/iterated_local_search/run_1_worker_4/ils_config_13969133245881024129.prm
[INFO]:[21:56:29] CPLEX results. Gap: 4.970000, upper bound: 24658.077599, lower bound: 23433.019862
[INFO]:[21:56:29] CPLEX solver finished. Gap: 4.970000
[INFO]:[21:56:29] Starting CPLEX solver on instance: /home/yorig/tuner/mpils-tests/instances/miplib/medium-2/supportcase40.mps with config: /scratch/yorig/mpils-results-grid-ticks-10000-7may/medium-2/24proc-2pils/seed-8/8_supportcase40_seed-8_20260510_215536/iterated_local_search/run_1_worker_4/ils_config_1846982245279114636.prm
[INFO]:[21:56:29] Starting CPLEX solver on instance: /home/yorig/tuner/mpils-tests/instances/miplib/medium-2/supportcase40.mps with config: /scratch/yorig/mpils-results-grid-ticks-10000-7may/medium-2/24proc-2pils/seed-8/8_supportcase40_seed-8_20260510_215536/iterated_local_search/run_1_worker_4/ils_config_1846982245279114636.prm
[INFO]:[21:56:36] CPLEX results. Gap: 6.890000, upper bound: 24379.571835, lower bound: 22700.688550
[INFO]:[21:56:36] CPLEX solver finished. Gap: 6.890000
[INFO]:[21:56:37] Starting CPLEX solver on instance: /home/yorig/tuner/mpils-tests/instances/miplib/medium-2/supportcase40.mps with config: /scratch/yorig/mpils-results-grid-ticks-10000-7may/medium-2/24proc-2pils/seed-8/8_supportcase40_seed-8_20260510_215536/iterated_local_search/run_1_worker_4/ils_config_12244886341071034260.prm
[INFO]:[21:56:37] Starting CPLEX solver on instance: /home/yorig/tuner/mpils-tests/instances/miplib/medium-2/supportcase40.mps with config: /scratch/yorig/mpils-results-grid-ticks-10000-7may/medium-2/24proc-2pils/seed-8/8_supportcase40_seed-8_20260510_215536/iterated_local_search/run_1_worker_4/ils_config_12244886341071034260.prm
[INFO]:[21:56:44] CPLEX results. Gap: 4.970000, upper bound: 24658.077599, lower bound: 23433.019862
[INFO]:[21:56:44] CPLEX solver finished. Gap: 4.970000
[INFO]:[21:56:44] Starting CPLEX solver on instance: /home/yorig/tuner/mpils-tests/instances/miplib/medium-2/supportcase40.mps with config: /scratch/yorig/mpils-results-grid-ticks-10000-7may/medium-2/24proc-2pils/seed-8/8_supportcase40_seed-8_20260510_215536/iterated_local_search/run_1_worker_4/ils_config_1959904803916520237.prm
[INFO]:[21:56:44] Starting CPLEX solver on instance: /home/yorig/tuner/mpils-tests/instances/miplib/medium-2/supportcase40.mps with config: /scratch/yorig/mpils-results-grid-ticks-10000-7may/medium-2/24proc-2pils/seed-8/8_supportcase40_seed-8_20260510_215536/iterated_local_search/run_1_worker_4/ils_config_1959904803916520237.prm
[INFO]:[21:56:52] CPLEX results. Gap: 4.970000, upper bound: 24658.077599, lower bound: 23433.019862
[INFO]:[21:56:52] CPLEX solver finished. Gap: 4.970000
[INFO]:[21:56:52] New incumbent found with objective value: 4.39
[INFO]:[21:56:52] Local search phase completed.
[INFO]:[21:56:52] Total number of new local-search evaluations: 20
[INFO]:[21:56:52] Final incumbent objective value: 4.39
[INFO]:[21:56:56] Worker 4 completed exploration phase.
[INFO]:[21:56:56] Worker 4 received order for step 2.
[INFO]:[21:56:56] Worker 4 running expansion phase for iteration 1.
[INFO]:[21:56:56] Worker 4 will use solver log file: /scratch/yorig/mpils-results-grid-ticks-10000-7may/medium-2/24proc-2pils/seed-8/8_supportcase40_seed-8_20260510_215536/solver/cplex.log_iteration_expansion_1_worker_4
[INFO]:[21:56:56] Expansion Worker 4 starting expansion for iteration 1.
[INFO]:[21:56:56] Starting CPLEX solver on instance: /home/yorig/tuner/mpils-tests/instances/miplib/medium-2/supportcase40.mps with config: /scratch/yorig/mpils-results-grid-ticks-10000-7may/medium-2/24proc-2pils/seed-8/8_supportcase40_seed-8_20260510_215536/expansion/config_param_CPXPARAM_MIP_Cuts_Covers_-1_iter_1.prm
[INFO]:[21:57:04] CPLEX results. Gap: 3.920000, upper bound: 24561.321225, lower bound: 23599.569178
[INFO]:[21:57:04] CPLEX solver finished. Gap: 3.920000
[INFO]:[21:57:04] Expansion Worker 4 stopping early after global MPI expansion stop was activated.
[INFO]:[21:57:04] Expansion Worker 4 completed expansion.
[INFO]:[21:57:04] Worker 4 completed expansion phase.
[INFO]:[21:57:04] Worker 4 received order for step 1.
[INFO]:[21:57:04] Worker 4 running exploration phase for iteration 2.
[INFO]:[21:57:04] Worker 4 at iteration 2 will not use a MIP start file. Current best MIP-start upper bound threshold is 1.79769e+308.
[INFO]:[21:57:04] Starting local search phase...
[INFO]:[21:57:04] Creating local search space from parameter space file: /scratch/yorig/mpils-results-grid-ticks-10000-7may/medium-2/24proc-2pils/seed-8/8_supportcase40_seed-8_20260510_215536/iterated_local_search/search_space/search_space_file_2_worker_4.txt
[INFO]:[21:57:04] Local search space loaded from file: /scratch/yorig/mpils-results-grid-ticks-10000-7may/medium-2/24proc-2pils/seed-8/8_supportcase40_seed-8_20260510_215536/iterated_local_search/search_space/search_space_file_2_worker_4.txt
[INFO]:[21:57:04] Number of parameters in local search space: 71
[INFO]:[21:57:04] Number of forbidden tuples in local search space: 27
[INFO]:[21:57:04] Number of conditionals in local search space: 6
[INFO]:[21:57:04] MIP start option not enabled. Local search will proceed without MIP start.
[INFO]:[21:57:04] Starting CPLEX solver on instance: /home/yorig/tuner/mpils-tests/instances/miplib/medium-2/supportcase40.mps with config: /scratch/yorig/mpils-results-grid-ticks-10000-7may/medium-2/24proc-2pils/seed-8/8_supportcase40_seed-8_20260510_215536/iterated_local_search/run_2_worker_4/ils_config_17594075831680565311.prm
[INFO]:[21:57:04] Starting CPLEX solver on instance: /home/yorig/tuner/mpils-tests/instances/miplib/medium-2/supportcase40.mps with config: /scratch/yorig/mpils-results-grid-ticks-10000-7may/medium-2/24proc-2pils/seed-8/8_supportcase40_seed-8_20260510_215536/iterated_local_search/run_2_worker_4/ils_config_17594075831680565311.prm
[INFO]:[21:57:12] CPLEX results. Gap: 7.040000, upper bound: 24602.297074, lower bound: 22869.173579
[INFO]:[21:57:12] CPLEX solver finished. Gap: 7.040000
[INFO]:[21:57:12] New incumbent found with objective value: 6.07
[INFO]:[21:57:12] Starting CPLEX solver on instance: /home/yorig/tuner/mpils-tests/instances/miplib/medium-2/supportcase40.mps with config: /scratch/yorig/mpils-results-grid-ticks-10000-7may/medium-2/24proc-2pils/seed-8/8_supportcase40_seed-8_20260510_215536/iterated_local_search/run_2_worker_4/ils_config_9908588791488146901.prm
[INFO]:[21:57:12] Starting CPLEX solver on instance: /home/yorig/tuner/mpils-tests/instances/miplib/medium-2/supportcase40.mps with config: /scratch/yorig/mpils-results-grid-ticks-10000-7may/medium-2/24proc-2pils/seed-8/8_supportcase40_seed-8_20260510_215536/iterated_local_search/run_2_worker_4/ils_config_9908588791488146901.prm
[INFO]:[21:57:19] CPLEX results. Gap: 5.780000, upper bound: 24461.763934, lower bound: 23048.677068
[INFO]:[21:57:19] CPLEX solver finished. Gap: 5.780000
[INFO]:[21:57:19] New incumbent found with objective value: 5.73
[INFO]:[21:57:19] Starting CPLEX solver on instance: /home/yorig/tuner/mpils-tests/instances/miplib/medium-2/supportcase40.mps with config: /scratch/yorig/mpils-results-grid-ticks-10000-7may/medium-2/24proc-2pils/seed-8/8_supportcase40_seed-8_20260510_215536/iterated_local_search/run_2_worker_4/ils_config_18256696977096232329.prm
[INFO]:[21:57:19] Starting CPLEX solver on instance: /home/yorig/tuner/mpils-tests/instances/miplib/medium-2/supportcase40.mps with config: /scratch/yorig/mpils-results-grid-ticks-10000-7may/medium-2/24proc-2pils/seed-8/8_supportcase40_seed-8_20260510_215536/iterated_local_search/run_2_worker_4/ils_config_18256696977096232329.prm
[INFO]:[21:57:26] CPLEX results. Gap: 6.090000, upper bound: 24507.649508, lower bound: 23014.456121
[INFO]:[21:57:26] CPLEX solver finished. Gap: 6.090000
[INFO]:[21:57:26] Starting CPLEX solver on instance: /home/yorig/tuner/mpils-tests/instances/miplib/medium-2/supportcase40.mps with config: /scratch/yorig/mpils-results-grid-ticks-10000-7may/medium-2/24proc-2pils/seed-8/8_supportcase40_seed-8_20260510_215536/iterated_local_search/run_2_worker_4/ils_config_17531389441093129910.prm
[INFO]:[21:57:26] Starting CPLEX solver on instance: /home/yorig/tuner/mpils-tests/instances/miplib/medium-2/supportcase40.mps with config: /scratch/yorig/mpils-results-grid-ticks-10000-7may/medium-2/24proc-2pils/seed-8/8_supportcase40_seed-8_20260510_215536/iterated_local_search/run_2_worker_4/ils_config_17531389441093129910.prm
[INFO]:[21:57:33] CPLEX results. Gap: 5.730000, upper bound: 24455.522703, lower bound: 23054.987674
[INFO]:[21:57:33] CPLEX solver finished. Gap: 5.730000
[INFO]:[21:57:33] Starting CPLEX solver on instance: /home/yorig/tuner/mpils-tests/instances/miplib/medium-2/supportcase40.mps with config: /scratch/yorig/mpils-results-grid-ticks-10000-7may/medium-2/24proc-2pils/seed-8/8_supportcase40_seed-8_20260510_215536/iterated_local_search/run_2_worker_4/ils_config_6782175497660609028.prm
[INFO]:[21:57:33] Starting CPLEX solver on instance: /home/yorig/tuner/mpils-tests/instances/miplib/medium-2/supportcase40.mps with config: /scratch/yorig/mpils-results-grid-ticks-10000-7may/medium-2/24proc-2pils/seed-8/8_supportcase40_seed-8_20260510_215536/iterated_local_search/run_2_worker_4/ils_config_6782175497660609028.prm
[INFO]:[21:57:40] CPLEX results. Gap: 6.070000, upper bound: 24538.552420, lower bound: 23049.165942
[INFO]:[21:57:40] CPLEX solver finished. Gap: 6.070000
[INFO]:[21:57:40] Local search phase completed.
[INFO]:[21:57:40] Total number of new local-search evaluations: 10
[INFO]:[21:57:40] Final incumbent objective value: 5.73
[INFO]:[21:57:43] Worker 4 completed exploration phase.
[INFO]:[21:57:43] Worker 4 received order for step 2.
[INFO]:[21:57:43] Worker 4 running expansion phase for iteration 2.
[INFO]:[21:57:43] Worker 4 will use solver log file: /scratch/yorig/mpils-results-grid-ticks-10000-7may/medium-2/24proc-2pils/seed-8/8_supportcase40_seed-8_20260510_215536/solver/cplex.log_iteration_expansion_2_worker_4
[INFO]:[21:57:43] Expansion Worker 4 starting expansion for iteration 2.
[INFO]:[21:57:43] Starting CPLEX solver on instance: /home/yorig/tuner/mpils-tests/instances/miplib/medium-2/supportcase40.mps with config: /scratch/yorig/mpils-results-grid-ticks-10000-7may/medium-2/24proc-2pils/seed-8/8_supportcase40_seed-8_20260510_215536/expansion/config_param_CPXPARAM_MIP_Limits_ProbeTime_10_iter_2.prm
[INFO]:[21:57:51] CPLEX results. Gap: 3.060000, upper bound: 24428.732422, lower bound: 23680.109221
[INFO]:[21:57:51] CPLEX solver finished. Gap: 3.060000
[INFO]:[21:57:51] Starting CPLEX solver on instance: /home/yorig/tuner/mpils-tests/instances/miplib/medium-2/supportcase40.mps with config: /scratch/yorig/mpils-results-grid-ticks-10000-7may/medium-2/24proc-2pils/seed-8/8_supportcase40_seed-8_20260510_215536/expansion/config_param_CPXPARAM_MIP_Strategy_Branch_-1_iter_2.prm
[INFO]:[21:57:58] CPLEX results. Gap: 5.980000, upper bound: 24665.511267, lower bound: 23190.862838
[INFO]:[21:57:58] CPLEX solver finished. Gap: 5.980000
[INFO]:[21:58:07] Expansion Worker 4 completed expansion.
[INFO]:[21:58:07] Worker 4 completed expansion phase.
[INFO]:[21:58:07] Worker 4 received order for step 1.
[INFO]:[21:58:07] Worker 4 running exploration phase for iteration 3.
[INFO]:[21:58:07] Worker 4 at iteration 3 will not use a MIP start file. Current best MIP-start upper bound threshold is 1.79769e+308.
[INFO]:[21:58:07] Starting local search phase...
[INFO]:[21:58:07] Creating local search space from parameter space file: /scratch/yorig/mpils-results-grid-ticks-10000-7may/medium-2/24proc-2pils/seed-8/8_supportcase40_seed-8_20260510_215536/iterated_local_search/search_space/search_space_file_3_worker_4.txt
[INFO]:[21:58:07] Local search space loaded from file: /scratch/yorig/mpils-results-grid-ticks-10000-7may/medium-2/24proc-2pils/seed-8/8_supportcase40_seed-8_20260510_215536/iterated_local_search/search_space/search_space_file_3_worker_4.txt
[INFO]:[21:58:07] Number of parameters in local search space: 71
[INFO]:[21:58:07] Number of forbidden tuples in local search space: 60
[INFO]:[21:58:07] Number of conditionals in local search space: 6
[INFO]:[21:58:07] MIP start option not enabled. Local search will proceed without MIP start.
[INFO]:[21:58:07] Starting CPLEX solver on instance: /home/yorig/tuner/mpils-tests/instances/miplib/medium-2/supportcase40.mps with config: /scratch/yorig/mpils-results-grid-ticks-10000-7may/medium-2/24proc-2pils/seed-8/8_supportcase40_seed-8_20260510_215536/iterated_local_search/run_3_worker_4/ils_config_11169493080988930518.prm
[INFO]:[21:58:07] Starting CPLEX solver on instance: /home/yorig/tuner/mpils-tests/instances/miplib/medium-2/supportcase40.mps with config: /scratch/yorig/mpils-results-grid-ticks-10000-7may/medium-2/24proc-2pils/seed-8/8_supportcase40_seed-8_20260510_215536/iterated_local_search/run_3_worker_4/ils_config_11169493080988930518.prm
[INFO]:[21:58:14] CPLEX results. Gap: 6.350000, upper bound: 24298.880095, lower bound: 22755.489399
[INFO]:[21:58:14] CPLEX solver finished. Gap: 6.350000
[INFO]:[21:58:14] Starting CPLEX solver on instance: /home/yorig/tuner/mpils-tests/instances/miplib/medium-2/supportcase40.mps with config: /scratch/yorig/mpils-results-grid-ticks-10000-7may/medium-2/24proc-2pils/seed-8/8_supportcase40_seed-8_20260510_215536/iterated_local_search/run_3_worker_4/ils_config_4797187331208674620.prm
[INFO]:[21:58:14] Starting CPLEX solver on instance: /home/yorig/tuner/mpils-tests/instances/miplib/medium-2/supportcase40.mps with config: /scratch/yorig/mpils-results-grid-ticks-10000-7may/medium-2/24proc-2pils/seed-8/8_supportcase40_seed-8_20260510_215536/iterated_local_search/run_3_worker_4/ils_config_4797187331208674620.prm
[INFO]:[21:58:21] CPLEX results. Gap: 6.350000, upper bound: 24298.880095, lower bound: 22755.489399
[INFO]:[21:58:21] CPLEX solver finished. Gap: 6.350000
[INFO]:[21:58:21] Starting CPLEX solver on instance: /home/yorig/tuner/mpils-tests/instances/miplib/medium-2/supportcase40.mps with config: /scratch/yorig/mpils-results-grid-ticks-10000-7may/medium-2/24proc-2pils/seed-8/8_supportcase40_seed-8_20260510_215536/iterated_local_search/run_3_worker_4/ils_config_10390545268975532347.prm
[INFO]:[21:58:21] Starting CPLEX solver on instance: /home/yorig/tuner/mpils-tests/instances/miplib/medium-2/supportcase40.mps with config: /scratch/yorig/mpils-results-grid-ticks-10000-7may/medium-2/24proc-2pils/seed-8/8_supportcase40_seed-8_20260510_215536/iterated_local_search/run_3_worker_4/ils_config_10390545268975532347.prm
[INFO]:[21:58:27] CPLEX results. Gap: 6.350000, upper bound: 24298.880095, lower bound: 22755.489399
[INFO]:[21:58:27] CPLEX solver finished. Gap: 6.350000
[INFO]:[21:58:27] Starting CPLEX solver on instance: /home/yorig/tuner/mpils-tests/instances/miplib/medium-2/supportcase40.mps with config: /scratch/yorig/mpils-results-grid-ticks-10000-7may/medium-2/24proc-2pils/seed-8/8_supportcase40_seed-8_20260510_215536/iterated_local_search/run_3_worker_4/ils_config_10958671679624073959.prm
[INFO]:[21:58:27] Starting CPLEX solver on instance: /home/yorig/tuner/mpils-tests/instances/miplib/medium-2/supportcase40.mps with config: /scratch/yorig/mpils-results-grid-ticks-10000-7may/medium-2/24proc-2pils/seed-8/8_supportcase40_seed-8_20260510_215536/iterated_local_search/run_3_worker_4/ils_config_10958671679624073959.prm
[INFO]:[21:58:34] CPLEX results. Gap: 6.350000, upper bound: 24298.880095, lower bound: 22755.489399
[INFO]:[21:58:34] CPLEX solver finished. Gap: 6.350000
[INFO]:[21:58:34] Starting CPLEX solver on instance: /home/yorig/tuner/mpils-tests/instances/miplib/medium-2/supportcase40.mps with config: /scratch/yorig/mpils-results-grid-ticks-10000-7may/medium-2/24proc-2pils/seed-8/8_supportcase40_seed-8_20260510_215536/iterated_local_search/run_3_worker_4/ils_config_10143389658205015313.prm
[INFO]:[21:58:34] Starting CPLEX solver on instance: /home/yorig/tuner/mpils-tests/instances/miplib/medium-2/supportcase40.mps with config: /scratch/yorig/mpils-results-grid-ticks-10000-7may/medium-2/24proc-2pils/seed-8/8_supportcase40_seed-8_20260510_215536/iterated_local_search/run_3_worker_4/ils_config_10143389658205015313.prm
[INFO]:[21:58:41] CPLEX results. Gap: 6.350000, upper bound: 24298.880095, lower bound: 22755.489399
[INFO]:[21:58:41] CPLEX solver finished. Gap: 6.350000
[INFO]:[21:58:41] Starting CPLEX solver on instance: /home/yorig/tuner/mpils-tests/instances/miplib/medium-2/supportcase40.mps with config: /scratch/yorig/mpils-results-grid-ticks-10000-7may/medium-2/24proc-2pils/seed-8/8_supportcase40_seed-8_20260510_215536/iterated_local_search/run_3_worker_4/ils_config_5262549931040121609.prm
[INFO]:[21:58:41] Starting CPLEX solver on instance: /home/yorig/tuner/mpils-tests/instances/miplib/medium-2/supportcase40.mps with config: /scratch/yorig/mpils-results-grid-ticks-10000-7may/medium-2/24proc-2pils/seed-8/8_supportcase40_seed-8_20260510_215536/iterated_local_search/run_3_worker_4/ils_config_5262549931040121609.prm
[INFO]:[21:58:48] CPLEX results. Gap: 6.350000, upper bound: 24298.880095, lower bound: 22755.489399
[INFO]:[21:58:48] CPLEX solver finished. Gap: 6.350000
[INFO]:[21:58:48] Starting CPLEX solver on instance: /home/yorig/tuner/mpils-tests/instances/miplib/medium-2/supportcase40.mps with config: /scratch/yorig/mpils-results-grid-ticks-10000-7may/medium-2/24proc-2pils/seed-8/8_supportcase40_seed-8_20260510_215536/iterated_local_search/run_3_worker_4/ils_config_5281006671320252192.prm
[INFO]:[21:58:48] Starting CPLEX solver on instance: /home/yorig/tuner/mpils-tests/instances/miplib/medium-2/supportcase40.mps with config: /scratch/yorig/mpils-results-grid-ticks-10000-7may/medium-2/24proc-2pils/seed-8/8_supportcase40_seed-8_20260510_215536/iterated_local_search/run_3_worker_4/ils_config_5281006671320252192.prm
[INFO]:[21:58:55] CPLEX results. Gap: 6.350000, upper bound: 24298.880095, lower bound: 22755.489399
[INFO]:[21:58:55] CPLEX solver finished. Gap: 6.350000
[INFO]:[21:58:55] Starting CPLEX solver on instance: /home/yorig/tuner/mpils-tests/instances/miplib/medium-2/supportcase40.mps with config: /scratch/yorig/mpils-results-grid-ticks-10000-7may/medium-2/24proc-2pils/seed-8/8_supportcase40_seed-8_20260510_215536/iterated_local_search/run_3_worker_4/ils_config_6143597739719414537.prm
[INFO]:[21:58:55] Starting CPLEX solver on instance: /home/yorig/tuner/mpils-tests/instances/miplib/medium-2/supportcase40.mps with config: /scratch/yorig/mpils-results-grid-ticks-10000-7may/medium-2/24proc-2pils/seed-8/8_supportcase40_seed-8_20260510_215536/iterated_local_search/run_3_worker_4/ils_config_6143597739719414537.prm
[INFO]:[21:59:02] CPLEX results. Gap: 6.350000, upper bound: 24298.880095, lower bound: 22755.489399
[INFO]:[21:59:02] CPLEX solver finished. Gap: 6.350000
[INFO]:[21:59:02] Starting CPLEX solver on instance: /home/yorig/tuner/mpils-tests/instances/miplib/medium-2/supportcase40.mps with config: /scratch/yorig/mpils-results-grid-ticks-10000-7may/medium-2/24proc-2pils/seed-8/8_supportcase40_seed-8_20260510_215536/iterated_local_search/run_3_worker_4/ils_config_12606963384458853995.prm
[INFO]:[21:59:02] Starting CPLEX solver on instance: /home/yorig/tuner/mpils-tests/instances/miplib/medium-2/supportcase40.mps with config: /scratch/yorig/mpils-results-grid-ticks-10000-7may/medium-2/24proc-2pils/seed-8/8_supportcase40_seed-8_20260510_215536/iterated_local_search/run_3_worker_4/ils_config_12606963384458853995.prm
[INFO]:[21:59:09] CPLEX results. Gap: 6.350000, upper bound: 24298.880095, lower bound: 22755.489399
[INFO]:[21:59:09] CPLEX solver finished. Gap: 6.350000
[INFO]:[21:59:09] Starting CPLEX solver on instance: /home/yorig/tuner/mpils-tests/instances/miplib/medium-2/supportcase40.mps with config: /scratch/yorig/mpils-results-grid-ticks-10000-7may/medium-2/24proc-2pils/seed-8/8_supportcase40_seed-8_20260510_215536/iterated_local_search/run_3_worker_4/ils_config_14840651144975554911.prm
[INFO]:[21:59:09] Starting CPLEX solver on instance: /home/yorig/tuner/mpils-tests/instances/miplib/medium-2/supportcase40.mps with config: /scratch/yorig/mpils-results-grid-ticks-10000-7may/medium-2/24proc-2pils/seed-8/8_supportcase40_seed-8_20260510_215536/iterated_local_search/run_3_worker_4/ils_config_14840651144975554911.prm
[INFO]:[21:59:16] CPLEX results. Gap: 6.350000, upper bound: 24298.880095, lower bound: 22755.489399
[INFO]:[21:59:16] CPLEX solver finished. Gap: 6.350000
[INFO]:[21:59:16] Local search phase completed.
[INFO]:[21:59:16] Total number of new local-search evaluations: 20
[INFO]:[21:59:16] Final incumbent objective value: 6.35
[INFO]:[21:59:31] Worker 4 completed exploration phase.
[INFO]:[21:59:31] Worker 4 received order for step 2.
[INFO]:[21:59:31] Worker 4 running expansion phase for iteration 3.
[INFO]:[21:59:31] Worker 4 will use solver log file: /scratch/yorig/mpils-results-grid-ticks-10000-7may/medium-2/24proc-2pils/seed-8/8_supportcase40_seed-8_20260510_215536/solver/cplex.log_iteration_expansion_3_worker_4
[INFO]:[21:59:31] Expansion Worker 4 starting expansion for iteration 3.
[INFO]:[21:59:31] Starting CPLEX solver on instance: /home/yorig/tuner/mpils-tests/instances/miplib/medium-2/supportcase40.mps with config: /scratch/yorig/mpils-results-grid-ticks-10000-7may/medium-2/24proc-2pils/seed-8/8_supportcase40_seed-8_20260510_215536/expansion/config_param_CPXPARAM_MIP_Strategy_HeuristicFreq_100_iter_3.prm
[INFO]:[21:59:39] CPLEX results. Gap: 4.910000, upper bound: 24340.432888, lower bound: 23145.690341
[INFO]:[21:59:39] CPLEX solver finished. Gap: 4.910000
[INFO]:[21:59:40] Starting CPLEX solver on instance: /home/yorig/tuner/mpils-tests/instances/miplib/medium-2/supportcase40.mps with config: /scratch/yorig/mpils-results-grid-ticks-10000-7may/medium-2/24proc-2pils/seed-8/8_supportcase40_seed-8_20260510_215536/expansion/config_param_CPXPARAM_Advance_0_iter_3.prm
[INFO]:[21:59:48] CPLEX results. Gap: 3.060000, upper bound: 24428.732422, lower bound: 23680.109221
[INFO]:[21:59:48] CPLEX solver finished. Gap: 3.060000
[INFO]:[21:59:48] Expansion Worker 4 completed expansion.
[INFO]:[21:59:48] Worker 4 completed expansion phase.
[INFO]:[21:59:49] Worker 4 received order for step 1.
[INFO]:[21:59:49] Worker 4 running exploration phase for iteration 4.
[INFO]:[21:59:49] Worker 4 at iteration 4 will not use a MIP start file. Current best MIP-start upper bound threshold is 1.79769e+308.
[INFO]:[21:59:49] Starting local search phase...
[INFO]:[21:59:49] Creating local search space from parameter space file: /scratch/yorig/mpils-results-grid-ticks-10000-7may/medium-2/24proc-2pils/seed-8/8_supportcase40_seed-8_20260510_215536/iterated_local_search/search_space/search_space_file_4_worker_4.txt
[INFO]:[21:59:49] Local search space loaded from file: /scratch/yorig/mpils-results-grid-ticks-10000-7may/medium-2/24proc-2pils/seed-8/8_supportcase40_seed-8_20260510_215536/iterated_local_search/search_space/search_space_file_4_worker_4.txt
[INFO]:[21:59:49] Number of parameters in local search space: 71
[INFO]:[21:59:49] Number of forbidden tuples in local search space: 88
[INFO]:[21:59:49] Number of conditionals in local search space: 6
[INFO]:[21:59:49] MIP start option not enabled. Local search will proceed without MIP start.
[INFO]:[21:59:49] Starting CPLEX solver on instance: /home/yorig/tuner/mpils-tests/instances/miplib/medium-2/supportcase40.mps with config: /scratch/yorig/mpils-results-grid-ticks-10000-7may/medium-2/24proc-2pils/seed-8/8_supportcase40_seed-8_20260510_215536/iterated_local_search/run_4_worker_4/ils_config_357962096322995894.prm
[INFO]:[21:59:49] Starting CPLEX solver on instance: /home/yorig/tuner/mpils-tests/instances/miplib/medium-2/supportcase40.mps with config: /scratch/yorig/mpils-results-grid-ticks-10000-7may/medium-2/24proc-2pils/seed-8/8_supportcase40_seed-8_20260510_215536/iterated_local_search/run_4_worker_4/ils_config_357962096322995894.prm
[INFO]:[21:59:55] CPLEX results. Gap: 38.870000, upper bound: 36874.213543, lower bound: 22540.148414
[INFO]:[21:59:55] CPLEX solver finished. Gap: 38.870000
[INFO]:[21:59:56] New incumbent found with objective value: 6.95
[INFO]:[21:59:56] Starting CPLEX solver on instance: /home/yorig/tuner/mpils-tests/instances/miplib/medium-2/supportcase40.mps with config: /scratch/yorig/mpils-results-grid-ticks-10000-7may/medium-2/24proc-2pils/seed-8/8_supportcase40_seed-8_20260510_215536/iterated_local_search/run_4_worker_4/ils_config_7265869475393746530.prm
[INFO]:[21:59:56] Starting CPLEX solver on instance: /home/yorig/tuner/mpils-tests/instances/miplib/medium-2/supportcase40.mps with config: /scratch/yorig/mpils-results-grid-ticks-10000-7may/medium-2/24proc-2pils/seed-8/8_supportcase40_seed-8_20260510_215536/iterated_local_search/run_4_worker_4/ils_config_7265869475393746530.prm
[INFO]:[22:00:02] CPLEX results. Gap: 6.950000, upper bound: 24862.710157, lower bound: 23133.943174
[INFO]:[22:00:02] CPLEX solver finished. Gap: 6.950000
[INFO]:[22:00:02] Starting CPLEX solver on instance: /home/yorig/tuner/mpils-tests/instances/miplib/medium-2/supportcase40.mps with config: /scratch/yorig/mpils-results-grid-ticks-10000-7may/medium-2/24proc-2pils/seed-8/8_supportcase40_seed-8_20260510_215536/iterated_local_search/run_4_worker_4/ils_config_17557303073006558066.prm
[INFO]:[22:00:02] Starting CPLEX solver on instance: /home/yorig/tuner/mpils-tests/instances/miplib/medium-2/supportcase40.mps with config: /scratch/yorig/mpils-results-grid-ticks-10000-7may/medium-2/24proc-2pils/seed-8/8_supportcase40_seed-8_20260510_215536/iterated_local_search/run_4_worker_4/ils_config_17557303073006558066.prm
[INFO]:[22:00:09] CPLEX results. Gap: 6.950000, upper bound: 24862.710157, lower bound: 23133.943174
[INFO]:[22:00:09] CPLEX solver finished. Gap: 6.950000
[INFO]:[22:00:09] New incumbent found with objective value: 6.79
[INFO]:[22:00:09] Starting CPLEX solver on instance: /home/yorig/tuner/mpils-tests/instances/miplib/medium-2/supportcase40.mps with config: /scratch/yorig/mpils-results-grid-ticks-10000-7may/medium-2/24proc-2pils/seed-8/8_supportcase40_seed-8_20260510_215536/iterated_local_search/run_4_worker_4/ils_config_7129355872978117105.prm
[INFO]:[22:00:09] Starting CPLEX solver on instance: /home/yorig/tuner/mpils-tests/instances/miplib/medium-2/supportcase40.mps with config: /scratch/yorig/mpils-results-grid-ticks-10000-7may/medium-2/24proc-2pils/seed-8/8_supportcase40_seed-8_20260510_215536/iterated_local_search/run_4_worker_4/ils_config_7129355872978117105.prm
[INFO]:[22:00:16] CPLEX results. Gap: 6.000000, upper bound: 24701.124344, lower bound: 23218.842379
[INFO]:[22:00:16] CPLEX solver finished. Gap: 6.000000
[INFO]:[22:00:16] New incumbent found with objective value: 6
[INFO]:[22:00:16] Local search phase completed.
[INFO]:[22:00:16] Total number of new local-search evaluations: 8
[INFO]:[22:00:16] Final incumbent objective value: 6
[INFO]:[22:00:20] Worker 4 completed exploration phase.
[INFO]:[22:00:20] Worker 4 received order for step 2.
[INFO]:[22:00:20] Worker 4 running expansion phase for iteration 4.
[INFO]:[22:00:20] Worker 4 will use solver log file: /scratch/yorig/mpils-results-grid-ticks-10000-7may/medium-2/24proc-2pils/seed-8/8_supportcase40_seed-8_20260510_215536/solver/cplex.log_iteration_expansion_4_worker_4
[INFO]:[22:00:20] Expansion Worker 4 starting expansion for iteration 4.
[INFO]:[22:00:20] Starting CPLEX solver on instance: /home/yorig/tuner/mpils-tests/instances/miplib/medium-2/supportcase40.mps with config: /scratch/yorig/mpils-results-grid-ticks-10000-7may/medium-2/24proc-2pils/seed-8/8_supportcase40_seed-8_20260510_215536/expansion/config_param_CPXPARAM_Barrier_StartAlg_3_iter_4.prm
[INFO]:[22:00:28] CPLEX results. Gap: 3.060000, upper bound: 24428.732422, lower bound: 23680.109221
[INFO]:[22:00:28] CPLEX solver finished. Gap: 3.060000
[INFO]:[22:00:28] Starting CPLEX solver on instance: /home/yorig/tuner/mpils-tests/instances/miplib/medium-2/supportcase40.mps with config: /scratch/yorig/mpils-results-grid-ticks-10000-7may/medium-2/24proc-2pils/seed-8/8_supportcase40_seed-8_20260510_215536/expansion/config_param_CPXPARAM_Network_NetFind_3_iter_4.prm
[INFO]:[22:00:35] CPLEX results. Gap: 3.060000, upper bound: 24428.732422, lower bound: 23680.109221
[INFO]:[22:00:35] CPLEX solver finished. Gap: 3.060000
[INFO]:[22:00:35] Expansion Worker 4 completed expansion.
[INFO]:[22:00:35] Worker 4 completed expansion phase.
[INFO]:[22:00:36] Worker 4 received order for step 1.
[INFO]:[22:00:36] Worker 4 running exploration phase for iteration 5.
[INFO]:[22:00:36] Worker 4 at iteration 5 will not use a MIP start file. Current best MIP-start upper bound threshold is 1.79769e+308.
[INFO]:[22:00:36] Starting local search phase...
[INFO]:[22:00:36] Creating local search space from parameter space file: /scratch/yorig/mpils-results-grid-ticks-10000-7may/medium-2/24proc-2pils/seed-8/8_supportcase40_seed-8_20260510_215536/iterated_local_search/search_space/search_space_file_5_worker_4.txt
[INFO]:[22:00:36] Local search space loaded from file: /scratch/yorig/mpils-results-grid-ticks-10000-7may/medium-2/24proc-2pils/seed-8/8_supportcase40_seed-8_20260510_215536/iterated_local_search/search_space/search_space_file_5_worker_4.txt
[INFO]:[22:00:36] Number of parameters in local search space: 71
[INFO]:[22:00:36] Number of forbidden tuples in local search space: 89
[INFO]:[22:00:36] Number of conditionals in local search space: 6
[INFO]:[22:00:36] MIP start option not enabled. Local search will proceed without MIP start.
[INFO]:[22:00:36] Starting CPLEX solver on instance: /home/yorig/tuner/mpils-tests/instances/miplib/medium-2/supportcase40.mps with config: /scratch/yorig/mpils-results-grid-ticks-10000-7may/medium-2/24proc-2pils/seed-8/8_supportcase40_seed-8_20260510_215536/iterated_local_search/run_5_worker_4/ils_config_1800330025651665371.prm
[INFO]:[22:00:36] Starting CPLEX solver on instance: /home/yorig/tuner/mpils-tests/instances/miplib/medium-2/supportcase40.mps with config: /scratch/yorig/mpils-results-grid-ticks-10000-7may/medium-2/24proc-2pils/seed-8/8_supportcase40_seed-8_20260510_215536/iterated_local_search/run_5_worker_4/ils_config_1800330025651665371.prm
[INFO]:[22:00:43] CPLEX results. Gap: 9.620000, upper bound: 25045.179179, lower bound: 22635.794773
[INFO]:[22:00:43] CPLEX solver finished. Gap: 9.620000
[INFO]:[22:00:43] New incumbent found with objective value: 5.93
[INFO]:[22:00:43] Starting CPLEX solver on instance: /home/yorig/tuner/mpils-tests/instances/miplib/medium-2/supportcase40.mps with config: /scratch/yorig/mpils-results-grid-ticks-10000-7may/medium-2/24proc-2pils/seed-8/8_supportcase40_seed-8_20260510_215536/iterated_local_search/run_5_worker_4/ils_config_10744935291916193423.prm
[INFO]:[22:00:43] Starting CPLEX solver on instance: /home/yorig/tuner/mpils-tests/instances/miplib/medium-2/supportcase40.mps with config: /scratch/yorig/mpils-results-grid-ticks-10000-7may/medium-2/24proc-2pils/seed-8/8_supportcase40_seed-8_20260510_215536/iterated_local_search/run_5_worker_4/ils_config_10744935291916193423.prm
[INFO]:[22:00:50] CPLEX results. Gap: 9.250000, upper bound: 25380.397277, lower bound: 23033.795379
[INFO]:[22:00:50] CPLEX solver finished. Gap: 9.250000
[INFO]:[22:00:50] Starting CPLEX solver on instance: /home/yorig/tuner/mpils-tests/instances/miplib/medium-2/supportcase40.mps with config: /scratch/yorig/mpils-results-grid-ticks-10000-7may/medium-2/24proc-2pils/seed-8/8_supportcase40_seed-8_20260510_215536/iterated_local_search/run_5_worker_4/ils_config_1897247754908740057.prm
[INFO]:[22:00:50] Starting CPLEX solver on instance: /home/yorig/tuner/mpils-tests/instances/miplib/medium-2/supportcase40.mps with config: /scratch/yorig/mpils-results-grid-ticks-10000-7may/medium-2/24proc-2pils/seed-8/8_supportcase40_seed-8_20260510_215536/iterated_local_search/run_5_worker_4/ils_config_1897247754908740057.prm
[INFO]:[22:00:57] CPLEX results. Gap: 5.930000, upper bound: 24624.578833, lower bound: 23163.357135
[INFO]:[22:00:57] CPLEX solver finished. Gap: 5.930000
[INFO]:[22:00:57] Starting CPLEX solver on instance: /home/yorig/tuner/mpils-tests/instances/miplib/medium-2/supportcase40.mps with config: /scratch/yorig/mpils-results-grid-ticks-10000-7may/medium-2/24proc-2pils/seed-8/8_supportcase40_seed-8_20260510_215536/iterated_local_search/run_5_worker_4/ils_config_3757532273041602460.prm
[INFO]:[22:00:57] Starting CPLEX solver on instance: /home/yorig/tuner/mpils-tests/instances/miplib/medium-2/supportcase40.mps with config: /scratch/yorig/mpils-results-grid-ticks-10000-7may/medium-2/24proc-2pils/seed-8/8_supportcase40_seed-8_20260510_215536/iterated_local_search/run_5_worker_4/ils_config_3757532273041602460.prm
[INFO]:[22:01:04] CPLEX results. Gap: 5.930000, upper bound: 24624.578833, lower bound: 23163.357135
[INFO]:[22:01:04] CPLEX solver finished. Gap: 5.930000
[INFO]:[22:01:04] Starting CPLEX solver on instance: /home/yorig/tuner/mpils-tests/instances/miplib/medium-2/supportcase40.mps with config: /scratch/yorig/mpils-results-grid-ticks-10000-7may/medium-2/24proc-2pils/seed-8/8_supportcase40_seed-8_20260510_215536/iterated_local_search/run_5_worker_4/ils_config_13991389617530342811.prm
[INFO]:[22:01:04] Starting CPLEX solver on instance: /home/yorig/tuner/mpils-tests/instances/miplib/medium-2/supportcase40.mps with config: /scratch/yorig/mpils-results-grid-ticks-10000-7may/medium-2/24proc-2pils/seed-8/8_supportcase40_seed-8_20260510_215536/iterated_local_search/run_5_worker_4/ils_config_13991389617530342811.prm
[INFO]:[22:01:11] CPLEX results. Gap: 6.660000, upper bound: 24755.715036, lower bound: 23107.033520
[INFO]:[22:01:11] CPLEX solver finished. Gap: 6.660000
[INFO]:[22:01:11] Local search phase completed.
[INFO]:[22:01:11] Total number of new local-search evaluations: 10
[INFO]:[22:01:11] Final incumbent objective value: 5.93
[INFO]:[22:01:17] Worker 4 completed exploration phase.
[INFO]:[22:01:17] Worker 4 received order for step 2.
[INFO]:[22:01:17] Worker 4 running expansion phase for iteration 5.
[INFO]:[22:01:17] Worker 4 will use solver log file: /scratch/yorig/mpils-results-grid-ticks-10000-7may/medium-2/24proc-2pils/seed-8/8_supportcase40_seed-8_20260510_215536/solver/cplex.log_iteration_expansion_5_worker_4
[INFO]:[22:01:17] Expansion Worker 4 starting expansion for iteration 5.
[INFO]:[22:01:17] Starting CPLEX solver on instance: /home/yorig/tuner/mpils-tests/instances/miplib/medium-2/supportcase40.mps with config: /scratch/yorig/mpils-results-grid-ticks-10000-7may/medium-2/24proc-2pils/seed-8/8_supportcase40_seed-8_20260510_215536/expansion/config_param_CPXPARAM_MIP_Strategy_File_2_iter_5.prm
[INFO]:[22:01:25] CPLEX results. Gap: 3.060000, upper bound: 24428.732422, lower bound: 23680.109221
[INFO]:[22:01:25] CPLEX solver finished. Gap: 3.060000
[INFO]:[22:01:26] Starting CPLEX solver on instance: /home/yorig/tuner/mpils-tests/instances/miplib/medium-2/supportcase40.mps with config: /scratch/yorig/mpils-results-grid-ticks-10000-7may/medium-2/24proc-2pils/seed-8/8_supportcase40_seed-8_20260510_215536/expansion/config_param_CPXPARAM_Simplex_Limits_Singularity_0_iter_5.prm
[INFO]:[22:01:33] CPLEX results. Gap: 3.060000, upper bound: 24428.732422, lower bound: 23680.109221
[INFO]:[22:01:33] CPLEX solver finished. Gap: 3.060000
[INFO]:[22:01:33] Expansion Worker 4 completed expansion.
[INFO]:[22:01:33] Worker 4 completed expansion phase.
[INFO]:[22:01:34] Worker 4 received order for step 1.
[INFO]:[22:01:34] Worker 4 running exploration phase for iteration 6.
[INFO]:[22:01:34] Worker 4 at iteration 6 will not use a MIP start file. Current best MIP-start upper bound threshold is 1.79769e+308.
[INFO]:[22:01:34] Starting local search phase...
[INFO]:[22:01:34] Creating local search space from parameter space file: /scratch/yorig/mpils-results-grid-ticks-10000-7may/medium-2/24proc-2pils/seed-8/8_supportcase40_seed-8_20260510_215536/iterated_local_search/search_space/search_space_file_6_worker_4.txt
[INFO]:[22:01:34] Local search space loaded from file: /scratch/yorig/mpils-results-grid-ticks-10000-7may/medium-2/24proc-2pils/seed-8/8_supportcase40_seed-8_20260510_215536/iterated_local_search/search_space/search_space_file_6_worker_4.txt
[INFO]:[22:01:34] Number of parameters in local search space: 71
[INFO]:[22:01:34] Number of forbidden tuples in local search space: 140
[INFO]:[22:01:34] Number of conditionals in local search space: 6
[INFO]:[22:01:34] MIP start option not enabled. Local search will proceed without MIP start.
[INFO]:[22:01:34] Starting CPLEX solver on instance: /home/yorig/tuner/mpils-tests/instances/miplib/medium-2/supportcase40.mps with config: /scratch/yorig/mpils-results-grid-ticks-10000-7may/medium-2/24proc-2pils/seed-8/8_supportcase40_seed-8_20260510_215536/iterated_local_search/run_6_worker_4/ils_config_7101084660901928190.prm
[INFO]:[22:01:34] Starting CPLEX solver on instance: /home/yorig/tuner/mpils-tests/instances/miplib/medium-2/supportcase40.mps with config: /scratch/yorig/mpils-results-grid-ticks-10000-7may/medium-2/24proc-2pils/seed-8/8_supportcase40_seed-8_20260510_215536/iterated_local_search/run_6_worker_4/ils_config_7101084660901928190.prm
[INFO]:[22:01:41] CPLEX results. Gap: 8.230000, upper bound: 24862.912221, lower bound: 22817.925578
[INFO]:[22:01:41] CPLEX solver finished. Gap: 8.230000
[INFO]:[22:01:41] New incumbent found with objective value: 7.31
[INFO]:[22:01:42] Starting CPLEX solver on instance: /home/yorig/tuner/mpils-tests/instances/miplib/medium-2/supportcase40.mps with config: /scratch/yorig/mpils-results-grid-ticks-10000-7may/medium-2/24proc-2pils/seed-8/8_supportcase40_seed-8_20260510_215536/iterated_local_search/run_6_worker_4/ils_config_315405941800469442.prm
[INFO]:[22:01:42] Starting CPLEX solver on instance: /home/yorig/tuner/mpils-tests/instances/miplib/medium-2/supportcase40.mps with config: /scratch/yorig/mpils-results-grid-ticks-10000-7may/medium-2/24proc-2pils/seed-8/8_supportcase40_seed-8_20260510_215536/iterated_local_search/run_6_worker_4/ils_config_315405941800469442.prm
[INFO]:[22:01:48] CPLEX results. Gap: 6.760000, upper bound: 24771.059629, lower bound: 23096.111904
[INFO]:[22:01:48] CPLEX solver finished. Gap: 6.760000
[INFO]:[22:01:49] New incumbent found with objective value: 6.76
[INFO]:[22:01:49] Starting CPLEX solver on instance: /home/yorig/tuner/mpils-tests/instances/miplib/medium-2/supportcase40.mps with config: /scratch/yorig/mpils-results-grid-ticks-10000-7may/medium-2/24proc-2pils/seed-8/8_supportcase40_seed-8_20260510_215536/iterated_local_search/run_6_worker_4/ils_config_9835417712659239780.prm
[INFO]:[22:01:49] Starting CPLEX solver on instance: /home/yorig/tuner/mpils-tests/instances/miplib/medium-2/supportcase40.mps with config: /scratch/yorig/mpils-results-grid-ticks-10000-7may/medium-2/24proc-2pils/seed-8/8_supportcase40_seed-8_20260510_215536/iterated_local_search/run_6_worker_4/ils_config_9835417712659239780.prm
[INFO]:[22:01:56] CPLEX results. Gap: 6.760000, upper bound: 24771.059629, lower bound: 23096.111904
[INFO]:[22:01:56] CPLEX solver finished. Gap: 6.760000
[INFO]:[22:01:56] Starting CPLEX solver on instance: /home/yorig/tuner/mpils-tests/instances/miplib/medium-2/supportcase40.mps with config: /scratch/yorig/mpils-results-grid-ticks-10000-7may/medium-2/24proc-2pils/seed-8/8_supportcase40_seed-8_20260510_215536/iterated_local_search/run_6_worker_4/ils_config_4243917554158234897.prm
[INFO]:[22:01:56] Starting CPLEX solver on instance: /home/yorig/tuner/mpils-tests/instances/miplib/medium-2/supportcase40.mps with config: /scratch/yorig/mpils-results-grid-ticks-10000-7may/medium-2/24proc-2pils/seed-8/8_supportcase40_seed-8_20260510_215536/iterated_local_search/run_6_worker_4/ils_config_4243917554158234897.prm
[INFO]:[22:02:03] CPLEX results. Gap: 6.760000, upper bound: 24771.059629, lower bound: 23096.111904
[INFO]:[22:02:03] CPLEX solver finished. Gap: 6.760000
[INFO]:[22:02:03] Starting CPLEX solver on instance: /home/yorig/tuner/mpils-tests/instances/miplib/medium-2/supportcase40.mps with config: /scratch/yorig/mpils-results-grid-ticks-10000-7may/medium-2/24proc-2pils/seed-8/8_supportcase40_seed-8_20260510_215536/iterated_local_search/run_6_worker_4/ils_config_2287689167272910941.prm
[INFO]:[22:02:03] Starting CPLEX solver on instance: /home/yorig/tuner/mpils-tests/instances/miplib/medium-2/supportcase40.mps with config: /scratch/yorig/mpils-results-grid-ticks-10000-7may/medium-2/24proc-2pils/seed-8/8_supportcase40_seed-8_20260510_215536/iterated_local_search/run_6_worker_4/ils_config_2287689167272910941.prm
[INFO]:[22:02:10] CPLEX results. Gap: 6.760000, upper bound: 24771.059629, lower bound: 23096.111904
[INFO]:[22:02:10] CPLEX solver finished. Gap: 6.760000
[INFO]:[22:02:10] Starting CPLEX solver on instance: /home/yorig/tuner/mpils-tests/instances/miplib/medium-2/supportcase40.mps with config: /scratch/yorig/mpils-results-grid-ticks-10000-7may/medium-2/24proc-2pils/seed-8/8_supportcase40_seed-8_20260510_215536/iterated_local_search/run_6_worker_4/ils_config_596480171177796310.prm
[INFO]:[22:02:10] Starting CPLEX solver on instance: /home/yorig/tuner/mpils-tests/instances/miplib/medium-2/supportcase40.mps with config: /scratch/yorig/mpils-results-grid-ticks-10000-7may/medium-2/24proc-2pils/seed-8/8_supportcase40_seed-8_20260510_215536/iterated_local_search/run_6_worker_4/ils_config_596480171177796310.prm
[INFO]:[22:02:17] CPLEX results. Gap: 7.440000, upper bound: 24824.575944, lower bound: 22977.306601
[INFO]:[22:02:17] CPLEX solver finished. Gap: 7.440000
[INFO]:[22:02:17] Starting CPLEX solver on instance: /home/yorig/tuner/mpils-tests/instances/miplib/medium-2/supportcase40.mps with config: /scratch/yorig/mpils-results-grid-ticks-10000-7may/medium-2/24proc-2pils/seed-8/8_supportcase40_seed-8_20260510_215536/iterated_local_search/run_6_worker_4/ils_config_17831220108594727698.prm
[INFO]:[22:02:17] Starting CPLEX solver on instance: /home/yorig/tuner/mpils-tests/instances/miplib/medium-2/supportcase40.mps with config: /scratch/yorig/mpils-results-grid-ticks-10000-7may/medium-2/24proc-2pils/seed-8/8_supportcase40_seed-8_20260510_215536/iterated_local_search/run_6_worker_4/ils_config_17831220108594727698.prm
[INFO]:[22:02:24] CPLEX results. Gap: 6.760000, upper bound: 24771.059629, lower bound: 23096.111904
[INFO]:[22:02:24] CPLEX solver finished. Gap: 6.760000
[INFO]:[22:02:24] New incumbent found with objective value: 6.58
[INFO]:[22:02:24] Starting CPLEX solver on instance: /home/yorig/tuner/mpils-tests/instances/miplib/medium-2/supportcase40.mps with config: /scratch/yorig/mpils-results-grid-ticks-10000-7may/medium-2/24proc-2pils/seed-8/8_supportcase40_seed-8_20260510_215536/iterated_local_search/run_6_worker_4/ils_config_13806475003066554350.prm
[INFO]:[22:02:24] Starting CPLEX solver on instance: /home/yorig/tuner/mpils-tests/instances/miplib/medium-2/supportcase40.mps with config: /scratch/yorig/mpils-results-grid-ticks-10000-7may/medium-2/24proc-2pils/seed-8/8_supportcase40_seed-8_20260510_215536/iterated_local_search/run_6_worker_4/ils_config_13806475003066554350.prm
[INFO]:[22:02:31] CPLEX results. Gap: 6.580000, upper bound: 24765.023671, lower bound: 23136.544042
[INFO]:[22:02:31] CPLEX solver finished. Gap: 6.580000
[INFO]:[22:02:31] Starting CPLEX solver on instance: /home/yorig/tuner/mpils-tests/instances/miplib/medium-2/supportcase40.mps with config: /scratch/yorig/mpils-results-grid-ticks-10000-7may/medium-2/24proc-2pils/seed-8/8_supportcase40_seed-8_20260510_215536/iterated_local_search/run_6_worker_4/ils_config_1432479673239506057.prm
[INFO]:[22:02:31] Starting CPLEX solver on instance: /home/yorig/tuner/mpils-tests/instances/miplib/medium-2/supportcase40.mps with config: /scratch/yorig/mpils-results-grid-ticks-10000-7may/medium-2/24proc-2pils/seed-8/8_supportcase40_seed-8_20260510_215536/iterated_local_search/run_6_worker_4/ils_config_1432479673239506057.prm
[INFO]:[22:02:39] CPLEX results. Gap: 20.810000, upper bound: 28782.594864, lower bound: 22792.724499
[INFO]:[22:02:39] CPLEX solver finished. Gap: 20.810000
[INFO]:[22:02:39] Starting CPLEX solver on instance: /home/yorig/tuner/mpils-tests/instances/miplib/medium-2/supportcase40.mps with config: /scratch/yorig/mpils-results-grid-ticks-10000-7may/medium-2/24proc-2pils/seed-8/8_supportcase40_seed-8_20260510_215536/iterated_local_search/run_6_worker_4/ils_config_665892423469961763.prm
[INFO]:[22:02:39] Starting CPLEX solver on instance: /home/yorig/tuner/mpils-tests/instances/miplib/medium-2/supportcase40.mps with config: /scratch/yorig/mpils-results-grid-ticks-10000-7may/medium-2/24proc-2pils/seed-8/8_supportcase40_seed-8_20260510_215536/iterated_local_search/run_6_worker_4/ils_config_665892423469961763.prm
[INFO]:[22:02:46] CPLEX results. Gap: 6.980000, upper bound: 24754.342004, lower bound: 23026.707620
[INFO]:[22:02:46] CPLEX solver finished. Gap: 6.980000
[INFO]:[22:02:46] New incumbent found with objective value: 6.28
[INFO]:[22:02:46] Starting CPLEX solver on instance: /home/yorig/tuner/mpils-tests/instances/miplib/medium-2/supportcase40.mps with config: /scratch/yorig/mpils-results-grid-ticks-10000-7may/medium-2/24proc-2pils/seed-8/8_supportcase40_seed-8_20260510_215536/iterated_local_search/run_6_worker_4/ils_config_13145236916650875583.prm
[INFO]:[22:02:46] Starting CPLEX solver on instance: /home/yorig/tuner/mpils-tests/instances/miplib/medium-2/supportcase40.mps with config: /scratch/yorig/mpils-results-grid-ticks-10000-7may/medium-2/24proc-2pils/seed-8/8_supportcase40_seed-8_20260510_215536/iterated_local_search/run_6_worker_4/ils_config_13145236916650875583.prm
[INFO]:[22:02:53] CPLEX results. Gap: 6.280000, upper bound: 24690.097979, lower bound: 23138.730081
[INFO]:[22:02:53] CPLEX solver finished. Gap: 6.280000
[INFO]:[22:02:53] Starting CPLEX solver on instance: /home/yorig/tuner/mpils-tests/instances/miplib/medium-2/supportcase40.mps with config: /scratch/yorig/mpils-results-grid-ticks-10000-7may/medium-2/24proc-2pils/seed-8/8_supportcase40_seed-8_20260510_215536/iterated_local_search/run_6_worker_4/ils_config_4587018339833439586.prm
[INFO]:[22:02:53] Starting CPLEX solver on instance: /home/yorig/tuner/mpils-tests/instances/miplib/medium-2/supportcase40.mps with config: /scratch/yorig/mpils-results-grid-ticks-10000-7may/medium-2/24proc-2pils/seed-8/8_supportcase40_seed-8_20260510_215536/iterated_local_search/run_6_worker_4/ils_config_4587018339833439586.prm
[INFO]:[22:03:00] CPLEX results. Gap: 6.300000, upper bound: 24690.097979, lower bound: 23135.819392
[INFO]:[22:03:00] CPLEX solver finished. Gap: 6.300000
[INFO]:[22:03:00] Starting CPLEX solver on instance: /home/yorig/tuner/mpils-tests/instances/miplib/medium-2/supportcase40.mps with config: /scratch/yorig/mpils-results-grid-ticks-10000-7may/medium-2/24proc-2pils/seed-8/8_supportcase40_seed-8_20260510_215536/iterated_local_search/run_6_worker_4/ils_config_1594790301707358798.prm
[INFO]:[22:03:00] Starting CPLEX solver on instance: /home/yorig/tuner/mpils-tests/instances/miplib/medium-2/supportcase40.mps with config: /scratch/yorig/mpils-results-grid-ticks-10000-7may/medium-2/24proc-2pils/seed-8/8_supportcase40_seed-8_20260510_215536/iterated_local_search/run_6_worker_4/ils_config_1594790301707358798.prm
[INFO]:[22:03:07] CPLEX results. Gap: 6.730000, upper bound: 24796.424650, lower bound: 23127.837293
[INFO]:[22:03:07] CPLEX solver finished. Gap: 6.730000
[INFO]:[22:03:07] Starting CPLEX solver on instance: /home/yorig/tuner/mpils-tests/instances/miplib/medium-2/supportcase40.mps with config: /scratch/yorig/mpils-results-grid-ticks-10000-7may/medium-2/24proc-2pils/seed-8/8_supportcase40_seed-8_20260510_215536/iterated_local_search/run_6_worker_4/ils_config_4071153994557191205.prm
[INFO]:[22:03:07] Starting CPLEX solver on instance: /home/yorig/tuner/mpils-tests/instances/miplib/medium-2/supportcase40.mps with config: /scratch/yorig/mpils-results-grid-ticks-10000-7may/medium-2/24proc-2pils/seed-8/8_supportcase40_seed-8_20260510_215536/iterated_local_search/run_6_worker_4/ils_config_4071153994557191205.prm
[INFO]:[22:03:14] CPLEX results. Gap: 6.280000, upper bound: 24690.097979, lower bound: 23138.730081
[INFO]:[22:03:14] CPLEX solver finished. Gap: 6.280000
[INFO]:[22:03:14] Starting CPLEX solver on instance: /home/yorig/tuner/mpils-tests/instances/miplib/medium-2/supportcase40.mps with config: /scratch/yorig/mpils-results-grid-ticks-10000-7may/medium-2/24proc-2pils/seed-8/8_supportcase40_seed-8_20260510_215536/iterated_local_search/run_6_worker_4/ils_config_10123180956402609830.prm
[INFO]:[22:03:14] Starting CPLEX solver on instance: /home/yorig/tuner/mpils-tests/instances/miplib/medium-2/supportcase40.mps with config: /scratch/yorig/mpils-results-grid-ticks-10000-7may/medium-2/24proc-2pils/seed-8/8_supportcase40_seed-8_20260510_215536/iterated_local_search/run_6_worker_4/ils_config_10123180956402609830.prm
[INFO]:[22:03:21] CPLEX results. Gap: 6.280000, upper bound: 24690.097979, lower bound: 23138.730081
[INFO]:[22:03:21] CPLEX solver finished. Gap: 6.280000
[INFO]:[22:03:21] Local search phase completed.
[INFO]:[22:03:21] Total number of new local-search evaluations: 30
[INFO]:[22:03:21] Final incumbent objective value: 6.28
[INFO]:[22:03:35] Worker 4 completed exploration phase.
[INFO]:[22:03:35] Worker 4 received order for step 2.
[INFO]:[22:03:35] Worker 4 running expansion phase for iteration 6.
[INFO]:[22:03:35] Worker 4 will use solver log file: /scratch/yorig/mpils-results-grid-ticks-10000-7may/medium-2/24proc-2pils/seed-8/8_supportcase40_seed-8_20260510_215536/solver/cplex.log_iteration_expansion_6_worker_4
[INFO]:[22:03:35] Expansion Worker 4 starting expansion for iteration 6.
[INFO]:[22:03:35] Starting CPLEX solver on instance: /home/yorig/tuner/mpils-tests/instances/miplib/medium-2/supportcase40.mps with config: /scratch/yorig/mpils-results-grid-ticks-10000-7may/medium-2/24proc-2pils/seed-8/8_supportcase40_seed-8_20260510_215536/expansion/config_param_CPXPARAM_MIP_Limits_StrongCand_5_iter_6.prm
[INFO]:[22:03:42] CPLEX results. Gap: 3.060000, upper bound: 24428.732422, lower bound: 23680.109221
[INFO]:[22:03:42] CPLEX solver finished. Gap: 3.060000
[INFO]:[22:03:42] Expansion Worker 4 completed expansion.
[INFO]:[22:03:42] Worker 4 completed expansion phase.
[INFO]:[22:03:44] Worker 4 received order for step 1.
[INFO]:[22:03:44] Worker 4 running exploration phase for iteration 7.
[INFO]:[22:03:44] Worker 4 at iteration 7 will not use a MIP start file. Current best MIP-start upper bound threshold is 1.79769e+308.
[INFO]:[22:03:44] Starting local search phase...
[INFO]:[22:03:44] Creating local search space from parameter space file: /scratch/yorig/mpils-results-grid-ticks-10000-7may/medium-2/24proc-2pils/seed-8/8_supportcase40_seed-8_20260510_215536/iterated_local_search/search_space/search_space_file_7_worker_4.txt
[INFO]:[22:03:44] Local search space loaded from file: /scratch/yorig/mpils-results-grid-ticks-10000-7may/medium-2/24proc-2pils/seed-8/8_supportcase40_seed-8_20260510_215536/iterated_local_search/search_space/search_space_file_7_worker_4.txt
[INFO]:[22:03:44] Number of parameters in local search space: 71
[INFO]:[22:03:44] Number of forbidden tuples in local search space: 166
[INFO]:[22:03:44] Number of conditionals in local search space: 6
[INFO]:[22:03:44] MIP start option not enabled. Local search will proceed without MIP start.
[INFO]:[22:03:44] Starting CPLEX solver on instance: /home/yorig/tuner/mpils-tests/instances/miplib/medium-2/supportcase40.mps with config: /scratch/yorig/mpils-results-grid-ticks-10000-7may/medium-2/24proc-2pils/seed-8/8_supportcase40_seed-8_20260510_215536/iterated_local_search/run_7_worker_4/ils_config_12867902857157841593.prm
[INFO]:[22:03:44] Starting CPLEX solver on instance: /home/yorig/tuner/mpils-tests/instances/miplib/medium-2/supportcase40.mps with config: /scratch/yorig/mpils-results-grid-ticks-10000-7may/medium-2/24proc-2pils/seed-8/8_supportcase40_seed-8_20260510_215536/iterated_local_search/run_7_worker_4/ils_config_12867902857157841593.prm
[INFO]:[22:03:49] CPLEX results. Gap: 21.440000, upper bound: 28996.596881, lower bound: 22779.569253
[INFO]:[22:03:49] CPLEX solver finished. Gap: 21.440000
[INFO]:[22:03:50] New incumbent found with objective value: 15.79
[INFO]:[22:03:50] Starting CPLEX solver on instance: /home/yorig/tuner/mpils-tests/instances/miplib/medium-2/supportcase40.mps with config: /scratch/yorig/mpils-results-grid-ticks-10000-7may/medium-2/24proc-2pils/seed-8/8_supportcase40_seed-8_20260510_215536/iterated_local_search/run_7_worker_4/ils_config_9673956862380935883.prm
[INFO]:[22:03:50] Starting CPLEX solver on instance: /home/yorig/tuner/mpils-tests/instances/miplib/medium-2/supportcase40.mps with config: /scratch/yorig/mpils-results-grid-ticks-10000-7may/medium-2/24proc-2pils/seed-8/8_supportcase40_seed-8_20260510_215536/iterated_local_search/run_7_worker_4/ils_config_9673956862380935883.prm
[INFO]:[22:03:57] CPLEX results. Gap: 15.790000, upper bound: 27230.937699, lower bound: 22932.177665
[INFO]:[22:03:57] CPLEX solver finished. Gap: 15.790000
[INFO]:[22:03:57] Starting CPLEX solver on instance: /home/yorig/tuner/mpils-tests/instances/miplib/medium-2/supportcase40.mps with config: /scratch/yorig/mpils-results-grid-ticks-10000-7may/medium-2/24proc-2pils/seed-8/8_supportcase40_seed-8_20260510_215536/iterated_local_search/run_7_worker_4/ils_config_1303634039746468690.prm
[INFO]:[22:03:57] Starting CPLEX solver on instance: /home/yorig/tuner/mpils-tests/instances/miplib/medium-2/supportcase40.mps with config: /scratch/yorig/mpils-results-grid-ticks-10000-7may/medium-2/24proc-2pils/seed-8/8_supportcase40_seed-8_20260510_215536/iterated_local_search/run_7_worker_4/ils_config_1303634039746468690.prm
[INFO]:[22:04:03] CPLEX results. Gap: 15.790000, upper bound: 27230.937699, lower bound: 22932.177665
[INFO]:[22:04:03] CPLEX solver finished. Gap: 15.790000
[INFO]:[22:04:03] Starting CPLEX solver on instance: /home/yorig/tuner/mpils-tests/instances/miplib/medium-2/supportcase40.mps with config: /scratch/yorig/mpils-results-grid-ticks-10000-7may/medium-2/24proc-2pils/seed-8/8_supportcase40_seed-8_20260510_215536/iterated_local_search/run_7_worker_4/ils_config_8417256345142544786.prm
[INFO]:[22:04:03] Starting CPLEX solver on instance: /home/yorig/tuner/mpils-tests/instances/miplib/medium-2/supportcase40.mps with config: /scratch/yorig/mpils-results-grid-ticks-10000-7may/medium-2/24proc-2pils/seed-8/8_supportcase40_seed-8_20260510_215536/iterated_local_search/run_7_worker_4/ils_config_8417256345142544786.prm
[INFO]:[22:04:10] CPLEX results. Gap: 15.790000, upper bound: 27230.937699, lower bound: 22932.177665
[INFO]:[22:04:10] CPLEX solver finished. Gap: 15.790000
[INFO]:[22:04:10] Starting CPLEX solver on instance: /home/yorig/tuner/mpils-tests/instances/miplib/medium-2/supportcase40.mps with config: /scratch/yorig/mpils-results-grid-ticks-10000-7may/medium-2/24proc-2pils/seed-8/8_supportcase40_seed-8_20260510_215536/iterated_local_search/run_7_worker_4/ils_config_448230323881837533.prm
[INFO]:[22:04:10] Starting CPLEX solver on instance: /home/yorig/tuner/mpils-tests/instances/miplib/medium-2/supportcase40.mps with config: /scratch/yorig/mpils-results-grid-ticks-10000-7may/medium-2/24proc-2pils/seed-8/8_supportcase40_seed-8_20260510_215536/iterated_local_search/run_7_worker_4/ils_config_448230323881837533.prm
[INFO]:[22:04:17] CPLEX results. Gap: 6.100000, upper bound: 24460.212213, lower bound: 22966.943817
[INFO]:[22:04:17] CPLEX solver finished. Gap: 6.100000
[INFO]:[22:04:17] New incumbent found with objective value: 6.1
[INFO]:[22:04:17] Starting CPLEX solver on instance: /home/yorig/tuner/mpils-tests/instances/miplib/medium-2/supportcase40.mps with config: /scratch/yorig/mpils-results-grid-ticks-10000-7may/medium-2/24proc-2pils/seed-8/8_supportcase40_seed-8_20260510_215536/iterated_local_search/run_7_worker_4/ils_config_3362883274845451498.prm
[INFO]:[22:04:17] Starting CPLEX solver on instance: /home/yorig/tuner/mpils-tests/instances/miplib/medium-2/supportcase40.mps with config: /scratch/yorig/mpils-results-grid-ticks-10000-7may/medium-2/24proc-2pils/seed-8/8_supportcase40_seed-8_20260510_215536/iterated_local_search/run_7_worker_4/ils_config_3362883274845451498.prm
[INFO]:[22:04:24] CPLEX results. Gap: 5.790000, upper bound: 24405.710423, lower bound: 22992.684420
[INFO]:[22:04:24] CPLEX solver finished. Gap: 5.790000
[INFO]:[22:04:24] New incumbent found with objective value: 5.64
[INFO]:[22:04:24] Starting CPLEX solver on instance: /home/yorig/tuner/mpils-tests/instances/miplib/medium-2/supportcase40.mps with config: /scratch/yorig/mpils-results-grid-ticks-10000-7may/medium-2/24proc-2pils/seed-8/8_supportcase40_seed-8_20260510_215536/iterated_local_search/run_7_worker_4/ils_config_13443727689665868315.prm
[INFO]:[22:04:24] Starting CPLEX solver on instance: /home/yorig/tuner/mpils-tests/instances/miplib/medium-2/supportcase40.mps with config: /scratch/yorig/mpils-results-grid-ticks-10000-7may/medium-2/24proc-2pils/seed-8/8_supportcase40_seed-8_20260510_215536/iterated_local_search/run_7_worker_4/ils_config_13443727689665868315.prm
[INFO]:[22:04:31] CPLEX results. Gap: 5.640000, upper bound: 24340.432888, lower bound: 22966.943817
[INFO]:[22:04:31] CPLEX solver finished. Gap: 5.640000
[INFO]:[22:04:32] Starting CPLEX solver on instance: /home/yorig/tuner/mpils-tests/instances/miplib/medium-2/supportcase40.mps with config: /scratch/yorig/mpils-results-grid-ticks-10000-7may/medium-2/24proc-2pils/seed-8/8_supportcase40_seed-8_20260510_215536/iterated_local_search/run_7_worker_4/ils_config_7810339982186772932.prm
[INFO]:[22:04:32] Starting CPLEX solver on instance: /home/yorig/tuner/mpils-tests/instances/miplib/medium-2/supportcase40.mps with config: /scratch/yorig/mpils-results-grid-ticks-10000-7may/medium-2/24proc-2pils/seed-8/8_supportcase40_seed-8_20260510_215536/iterated_local_search/run_7_worker_4/ils_config_7810339982186772932.prm
[INFO]:[22:04:39] CPLEX results. Gap: 5.750000, upper bound: 24324.318458, lower bound: 22926.054266
[INFO]:[22:04:39] CPLEX solver finished. Gap: 5.750000
[INFO]:[22:04:39] New incumbent found with objective value: 4.91
[INFO]:[22:04:39] Starting CPLEX solver on instance: /home/yorig/tuner/mpils-tests/instances/miplib/medium-2/supportcase40.mps with config: /scratch/yorig/mpils-results-grid-ticks-10000-7may/medium-2/24proc-2pils/seed-8/8_supportcase40_seed-8_20260510_215536/iterated_local_search/run_7_worker_4/ils_config_1103397645123517963.prm
[INFO]:[22:04:39] Starting CPLEX solver on instance: /home/yorig/tuner/mpils-tests/instances/miplib/medium-2/supportcase40.mps with config: /scratch/yorig/mpils-results-grid-ticks-10000-7may/medium-2/24proc-2pils/seed-8/8_supportcase40_seed-8_20260510_215536/iterated_local_search/run_7_worker_4/ils_config_1103397645123517963.prm
[INFO]:[22:04:46] CPLEX results. Gap: 4.910000, upper bound: 24299.343860, lower bound: 23105.436994
[INFO]:[22:04:46] CPLEX solver finished. Gap: 4.910000
[INFO]:[22:04:46] Starting CPLEX solver on instance: /home/yorig/tuner/mpils-tests/instances/miplib/medium-2/supportcase40.mps with config: /scratch/yorig/mpils-results-grid-ticks-10000-7may/medium-2/24proc-2pils/seed-8/8_supportcase40_seed-8_20260510_215536/iterated_local_search/run_7_worker_4/ils_config_15655377291411299723.prm
[INFO]:[22:04:46] Starting CPLEX solver on instance: /home/yorig/tuner/mpils-tests/instances/miplib/medium-2/supportcase40.mps with config: /scratch/yorig/mpils-results-grid-ticks-10000-7may/medium-2/24proc-2pils/seed-8/8_supportcase40_seed-8_20260510_215536/iterated_local_search/run_7_worker_4/ils_config_15655377291411299723.prm
[INFO]:[22:04:53] CPLEX results. Gap: 4.910000, upper bound: 24299.343860, lower bound: 23105.436994
[INFO]:[22:04:53] CPLEX solver finished. Gap: 4.910000
[INFO]:[22:04:53] Starting CPLEX solver on instance: /home/yorig/tuner/mpils-tests/instances/miplib/medium-2/supportcase40.mps with config: /scratch/yorig/mpils-results-grid-ticks-10000-7may/medium-2/24proc-2pils/seed-8/8_supportcase40_seed-8_20260510_215536/iterated_local_search/run_7_worker_4/ils_config_18211944300751499709.prm
[INFO]:[22:04:53] Starting CPLEX solver on instance: /home/yorig/tuner/mpils-tests/instances/miplib/medium-2/supportcase40.mps with config: /scratch/yorig/mpils-results-grid-ticks-10000-7may/medium-2/24proc-2pils/seed-8/8_supportcase40_seed-8_20260510_215536/iterated_local_search/run_7_worker_4/ils_config_18211944300751499709.prm
[INFO]:[22:05:00] CPLEX results. Gap: 7.090000, upper bound: 24546.547660, lower bound: 22807.192341
[INFO]:[22:05:00] CPLEX solver finished. Gap: 7.090000
[INFO]:[22:05:00] Starting CPLEX solver on instance: /home/yorig/tuner/mpils-tests/instances/miplib/medium-2/supportcase40.mps with config: /scratch/yorig/mpils-results-grid-ticks-10000-7may/medium-2/24proc-2pils/seed-8/8_supportcase40_seed-8_20260510_215536/iterated_local_search/run_7_worker_4/ils_config_9586098551186942959.prm
[INFO]:[22:05:00] Starting CPLEX solver on instance: /home/yorig/tuner/mpils-tests/instances/miplib/medium-2/supportcase40.mps with config: /scratch/yorig/mpils-results-grid-ticks-10000-7may/medium-2/24proc-2pils/seed-8/8_supportcase40_seed-8_20260510_215536/iterated_local_search/run_7_worker_4/ils_config_9586098551186942959.prm
[INFO]:[22:05:07] CPLEX results. Gap: 5.250000, upper bound: 24256.312290, lower bound: 22982.621632
[INFO]:[22:05:07] CPLEX solver finished. Gap: 5.250000
[INFO]:[22:05:07] Starting CPLEX solver on instance: /home/yorig/tuner/mpils-tests/instances/miplib/medium-2/supportcase40.mps with config: /scratch/yorig/mpils-results-grid-ticks-10000-7may/medium-2/24proc-2pils/seed-8/8_supportcase40_seed-8_20260510_215536/iterated_local_search/run_7_worker_4/ils_config_4813388669949128178.prm
[INFO]:[22:05:07] Starting CPLEX solver on instance: /home/yorig/tuner/mpils-tests/instances/miplib/medium-2/supportcase40.mps with config: /scratch/yorig/mpils-results-grid-ticks-10000-7may/medium-2/24proc-2pils/seed-8/8_supportcase40_seed-8_20260510_215536/iterated_local_search/run_7_worker_4/ils_config_4813388669949128178.prm
[INFO]:[22:05:14] CPLEX results. Gap: 5.420000, upper bound: 24325.940977, lower bound: 23006.262945
[INFO]:[22:05:14] CPLEX solver finished. Gap: 5.420000
[INFO]:[22:05:14] Starting CPLEX solver on instance: /home/yorig/tuner/mpils-tests/instances/miplib/medium-2/supportcase40.mps with config: /scratch/yorig/mpils-results-grid-ticks-10000-7may/medium-2/24proc-2pils/seed-8/8_supportcase40_seed-8_20260510_215536/iterated_local_search/run_7_worker_4/ils_config_1662273512020421147.prm
[INFO]:[22:05:14] Starting CPLEX solver on instance: /home/yorig/tuner/mpils-tests/instances/miplib/medium-2/supportcase40.mps with config: /scratch/yorig/mpils-results-grid-ticks-10000-7may/medium-2/24proc-2pils/seed-8/8_supportcase40_seed-8_20260510_215536/iterated_local_search/run_7_worker_4/ils_config_1662273512020421147.prm
[INFO]:[22:05:21] CPLEX results. Gap: 4.910000, upper bound: 24299.343860, lower bound: 23105.436994
[INFO]:[22:05:21] CPLEX solver finished. Gap: 4.910000
[INFO]:[22:05:21] Local search phase completed.
[INFO]:[22:05:21] Total number of new local-search evaluations: 28
[INFO]:[22:05:21] Final incumbent objective value: 4.91
[INFO]:[22:05:35] Worker 4 completed exploration phase.
[INFO]:[22:05:35] Worker 4 received order for step 3.
[INFO]:[22:05:35] Worker 4 finished.
