[INFO]:[00:53:11] Worker 1 starting.
[INFO]:[00:53:11] Worker 1 received order for step 1.
[INFO]:[00:53:11] Worker 1 running exploration phase for iteration 1.
[INFO]:[00:53:11] Worker 1 at iteration 1 will not use a MIP start file. Current best MIP-start upper bound threshold is 1.79769e+308.
[INFO]:[00:53:11] Starting local search phase...
[INFO]:[00:53:11] Creating local search space from parameter space file: /scratch/yorig/mpils-results-grid-seconds-10-4may/easy/8proc/seed-5/9_supportcase18_seed-5_20260505_005311/iterated_local_search/search_space/search_space_file_1_worker_1.txt
[INFO]:[00:53:11] Local search space loaded from file: /scratch/yorig/mpils-results-grid-seconds-10-4may/easy/8proc/seed-5/9_supportcase18_seed-5_20260505_005311/iterated_local_search/search_space/search_space_file_1_worker_1.txt
[INFO]:[00:53:11] Number of parameters in local search space: 71
[INFO]:[00:53:11] Number of forbidden tuples in local search space: 0
[INFO]:[00:53:11] Number of conditionals in local search space: 6
[INFO]:[00:53:11] MIP start option not enabled. Local search will proceed without MIP start.
[INFO]:[00:53:11] Evaluating initial configuration for local search phase...
[INFO]:[00:53:11] Starting CPLEX solver on instance: /home/yorig/tuner/mpils-tests/instances/miplib/easy/supportcase18.mps with config: /scratch/yorig/mpils-results-grid-seconds-10-4may/easy/8proc/seed-5/9_supportcase18_seed-5_20260505_005311/iterated_local_search/run_1_worker_1/ils_config_17514050945686148453.prm
[INFO]:[00:53:11] Starting CPLEX solver on instance: /home/yorig/tuner/mpils-tests/instances/miplib/easy/supportcase18.mps with config: /scratch/yorig/mpils-results-grid-seconds-10-4may/easy/8proc/seed-5/9_supportcase18_seed-5_20260505_005311/iterated_local_search/run_1_worker_1/ils_config_17514050945686148453.prm
[INFO]:[00:53:22] CPLEX results. Gap: 0.000000, upper bound: 48.000000, lower bound: 48.000000
[INFO]:[00:53:22] CPLEX solver finished. Gap: 0.000000
[INFO]:[00:53:22] Stopping local search: gap 0 reached the acceptance threshold 0.
[INFO]:[00:53:22] Initial configuration evaluated with objective value: 0
[INFO]:[00:53:22] Local search phase completed.
[INFO]:[00:53:22] Total number of new local-search evaluations: 1
[INFO]:[00:53:22] Final incumbent objective value: 0
[INFO]:[00:53:22] Worker 1 completed exploration phase.
[INFO]:[00:53:22] Worker 1 received order for step 3.
[INFO]:[00:53:22] Worker 1 finished.
