[INFO]:[07:35:00] Worker 4 starting.
[INFO]:[07:35:00] Worker 4 received order for step 1.
[INFO]:[07:35:00] Worker 4 running exploration phase for iteration 1.
[INFO]:[07:35:00] Worker 4 at iteration 1 will not use a MIP start file. Current best MIP-start upper bound threshold is 1.79769e+308.
[INFO]:[07:35:00] Starting local search phase...
[INFO]:[07:35:00] Worker (ils_group_rank=4) entering parallel ILS evaluation service.
[INFO]:[07:35:00] Starting CPLEX solver on instance: /home/yorig/tuner/mpils-tests/instances/miplib/medium-1/csched007.mps with config: /scratch/yorig/mpils-results-grid-ticks-10000-7may/medium-1/16proc-16pils/seed-5/3_csched007_seed-5_20260510_073459/iterated_local_search/run_1_worker_0/parallel_0_4.prm
[INFO]:[07:35:06] CPLEX results. Gap: 37.780000, upper bound: 475.000000, lower bound: 295.564927
[INFO]:[07:35:06] CPLEX solver finished. Gap: 37.780000
[INFO]:[07:35:08] Starting CPLEX solver on instance: /home/yorig/tuner/mpils-tests/instances/miplib/medium-1/csched007.mps with config: /scratch/yorig/mpils-results-grid-ticks-10000-7may/medium-1/16proc-16pils/seed-5/3_csched007_seed-5_20260510_073459/iterated_local_search/run_1_worker_0/parallel_16_4.prm
[INFO]:[07:35:15] CPLEX results. Gap: 20.480000, upper bound: 380.000000, lower bound: 302.193333
[INFO]:[07:35:15] CPLEX solver finished. Gap: 20.480000
[INFO]:[07:35:15] Worker (ils_group_rank=4) exiting parallel ILS evaluation service.
[INFO]:[07:35:15] Worker 4 completed exploration phase.
[INFO]:[07:35:15] Worker 4 received order for step 2.
[INFO]:[07:35:15] Worker 4 running expansion phase for iteration 1.
[INFO]:[07:35:15] Worker 4 will use solver log file: /scratch/yorig/mpils-results-grid-ticks-10000-7may/medium-1/16proc-16pils/seed-5/3_csched007_seed-5_20260510_073459/solver/cplex.log_iteration_expansion_1_worker_4
[INFO]:[07:35:15] Expansion Worker 4 starting expansion for iteration 1.
[INFO]:[07:35:15] Starting CPLEX solver on instance: /home/yorig/tuner/mpils-tests/instances/miplib/medium-1/csched007.mps with config: /scratch/yorig/mpils-results-grid-ticks-10000-7may/medium-1/16proc-16pils/seed-5/3_csched007_seed-5_20260510_073459/expansion/config_param_CPXPARAM_MIP_Cuts_Covers_-1_iter_1.prm
[INFO]:[07:35:22] CPLEX results. Gap: 19.840000, upper bound: 380.000000, lower bound: 304.607143
[INFO]:[07:35:22] CPLEX solver finished. Gap: 19.840000
[INFO]:[07:35:22] Expansion Worker 4 stopping early after global MPI expansion stop was activated.
[INFO]:[07:35:22] Expansion Worker 4 completed expansion.
[INFO]:[07:35:22] Worker 4 completed expansion phase.
[INFO]:[07:35:22] Worker 4 received order for step 1.
[INFO]:[07:35:22] Worker 4 running exploration phase for iteration 2.
[INFO]:[07:35:22] Worker 4 at iteration 2 will not use a MIP start file. Current best MIP-start upper bound threshold is 1.79769e+308.
[INFO]:[07:35:22] Starting local search phase...
[INFO]:[07:35:22] Worker (ils_group_rank=4) entering parallel ILS evaluation service.
[INFO]:[07:35:22] Starting CPLEX solver on instance: /home/yorig/tuner/mpils-tests/instances/miplib/medium-1/csched007.mps with config: /scratch/yorig/mpils-results-grid-ticks-10000-7may/medium-1/16proc-16pils/seed-5/3_csched007_seed-5_20260510_073459/iterated_local_search/run_2_worker_0/parallel_0_4.prm
[INFO]:[07:35:29] CPLEX results. Gap: 19.840000, upper bound: 380.000000, lower bound: 304.607143
[INFO]:[07:35:29] CPLEX solver finished. Gap: 19.840000
[INFO]:[07:35:29] Worker (ils_group_rank=4) exiting parallel ILS evaluation service.
[INFO]:[07:35:29] Worker 4 completed exploration phase.
[INFO]:[07:35:29] Worker 4 received order for step 2.
[INFO]:[07:35:29] Worker 4 running expansion phase for iteration 2.
[INFO]:[07:35:29] Worker 4 will use solver log file: /scratch/yorig/mpils-results-grid-ticks-10000-7may/medium-1/16proc-16pils/seed-5/3_csched007_seed-5_20260510_073459/solver/cplex.log_iteration_expansion_2_worker_4
[INFO]:[07:35:29] Expansion Worker 4 starting expansion for iteration 2.
[INFO]:[07:35:29] Starting CPLEX solver on instance: /home/yorig/tuner/mpils-tests/instances/miplib/medium-1/csched007.mps with config: /scratch/yorig/mpils-results-grid-ticks-10000-7may/medium-1/16proc-16pils/seed-5/3_csched007_seed-5_20260510_073459/expansion/config_param_CPXPARAM_MIP_Strategy_VariableSelect_-1_iter_2.prm
[INFO]:[07:35:36] CPLEX results. Gap: 35.180000, upper bound: 469.000000, lower bound: 303.997278
[INFO]:[07:35:36] CPLEX solver finished. Gap: 35.180000
[INFO]:[07:35:37] Starting CPLEX solver on instance: /home/yorig/tuner/mpils-tests/instances/miplib/medium-1/csched007.mps with config: /scratch/yorig/mpils-results-grid-ticks-10000-7may/medium-1/16proc-16pils/seed-5/3_csched007_seed-5_20260510_073459/expansion/config_param_CPXPARAM_MIP_Limits_ProbeTime_20_iter_2.prm
[INFO]:[07:35:44] CPLEX results. Gap: 22.750000, upper bound: 394.000000, lower bound: 304.383333
[INFO]:[07:35:44] CPLEX solver finished. Gap: 22.750000
[INFO]:[07:35:44] Starting CPLEX solver on instance: /home/yorig/tuner/mpils-tests/instances/miplib/medium-1/csched007.mps with config: /scratch/yorig/mpils-results-grid-ticks-10000-7may/medium-1/16proc-16pils/seed-5/3_csched007_seed-5_20260510_073459/expansion/config_param_CPXPARAM_MIP_Strategy_BBInterval_2_iter_2.prm
[INFO]:[07:35:51] CPLEX results. Gap: 13.870000, upper bound: 356.000000, lower bound: 306.631803
[INFO]:[07:35:51] CPLEX solver finished. Gap: 13.870000
[INFO]:[07:35:52] Starting CPLEX solver on instance: /home/yorig/tuner/mpils-tests/instances/miplib/medium-1/csched007.mps with config: /scratch/yorig/mpils-results-grid-ticks-10000-7may/medium-1/16proc-16pils/seed-5/3_csched007_seed-5_20260510_073459/expansion/config_param_CPXPARAM_MIP_Strategy_PresolveNode_2_iter_2.prm
[INFO]:[07:35:59] CPLEX results. Gap: 13.870000, upper bound: 356.000000, lower bound: 306.631803
[INFO]:[07:35:59] CPLEX solver finished. Gap: 13.870000
[INFO]:[07:35:59] Expansion Worker 4 completed expansion.
[INFO]:[07:35:59] Worker 4 completed expansion phase.
[INFO]:[07:35:59] Worker 4 received order for step 1.
[INFO]:[07:35:59] Worker 4 running exploration phase for iteration 3.
[INFO]:[07:35:59] Worker 4 at iteration 3 will not use a MIP start file. Current best MIP-start upper bound threshold is 1.79769e+308.
[INFO]:[07:35:59] Starting local search phase...
[INFO]:[07:35:59] Worker (ils_group_rank=4) entering parallel ILS evaluation service.
[INFO]:[07:35:59] Starting CPLEX solver on instance: /home/yorig/tuner/mpils-tests/instances/miplib/medium-1/csched007.mps with config: /scratch/yorig/mpils-results-grid-ticks-10000-7may/medium-1/16proc-16pils/seed-5/3_csched007_seed-5_20260510_073459/iterated_local_search/run_3_worker_0/parallel_0_4.prm
[INFO]:[07:36:06] CPLEX results. Gap: 13.870000, upper bound: 356.000000, lower bound: 306.631803
[INFO]:[07:36:06] CPLEX solver finished. Gap: 13.870000
[INFO]:[07:36:06] Worker (ils_group_rank=4) exiting parallel ILS evaluation service.
[INFO]:[07:36:06] Worker 4 completed exploration phase.
[INFO]:[07:36:06] Worker 4 received order for step 2.
[INFO]:[07:36:06] Worker 4 running expansion phase for iteration 3.
[INFO]:[07:36:06] Worker 4 will use solver log file: /scratch/yorig/mpils-results-grid-ticks-10000-7may/medium-1/16proc-16pils/seed-5/3_csched007_seed-5_20260510_073459/solver/cplex.log_iteration_expansion_3_worker_4
[INFO]:[07:36:06] Expansion Worker 4 starting expansion for iteration 3.
[INFO]:[07:36:06] Starting CPLEX solver on instance: /home/yorig/tuner/mpils-tests/instances/miplib/medium-1/csched007.mps with config: /scratch/yorig/mpils-results-grid-ticks-10000-7may/medium-1/16proc-16pils/seed-5/3_csched007_seed-5_20260510_073459/expansion/config_param_CPXPARAM_Preprocessing_Symmetry_2_iter_3.prm
[INFO]:[07:36:13] CPLEX results. Gap: 13.870000, upper bound: 356.000000, lower bound: 306.631803
[INFO]:[07:36:13] CPLEX solver finished. Gap: 13.870000
[INFO]:[07:36:13] Starting CPLEX solver on instance: /home/yorig/tuner/mpils-tests/instances/miplib/medium-1/csched007.mps with config: /scratch/yorig/mpils-results-grid-ticks-10000-7may/medium-1/16proc-16pils/seed-5/3_csched007_seed-5_20260510_073459/expansion/config_param_CPXPARAM_MIP_Strategy_StartAlgorithm_4_iter_3.prm
[INFO]:[07:36:19] CPLEX results. Gap: 57.030000, upper bound: 700.000000, lower bound: 300.788578
[INFO]:[07:36:19] CPLEX solver finished. Gap: 57.030000
[INFO]:[07:36:23] Starting CPLEX solver on instance: /home/yorig/tuner/mpils-tests/instances/miplib/medium-1/csched007.mps with config: /scratch/yorig/mpils-results-grid-ticks-10000-7may/medium-1/16proc-16pils/seed-5/3_csched007_seed-5_20260510_073459/expansion/config_param_CPXPARAM_Simplex_PGradient_3_iter_3.prm
[INFO]:[07:36:29] CPLEX results. Gap: 13.870000, upper bound: 356.000000, lower bound: 306.631803
[INFO]:[07:36:29] CPLEX solver finished. Gap: 13.870000
[INFO]:[07:36:29] Expansion Worker 4 completed expansion.
[INFO]:[07:36:29] Worker 4 completed expansion phase.
[INFO]:[07:36:29] Worker 4 received order for step 1.
[INFO]:[07:36:29] Worker 4 running exploration phase for iteration 4.
[INFO]:[07:36:29] Worker 4 at iteration 4 will not use a MIP start file. Current best MIP-start upper bound threshold is 1.79769e+308.
[INFO]:[07:36:29] Starting local search phase...
[INFO]:[07:36:29] Worker (ils_group_rank=4) entering parallel ILS evaluation service.
[INFO]:[07:36:30] Starting CPLEX solver on instance: /home/yorig/tuner/mpils-tests/instances/miplib/medium-1/csched007.mps with config: /scratch/yorig/mpils-results-grid-ticks-10000-7may/medium-1/16proc-16pils/seed-5/3_csched007_seed-5_20260510_073459/iterated_local_search/run_4_worker_0/parallel_0_4.prm
[INFO]:[07:36:37] CPLEX results. Gap: 13.870000, upper bound: 356.000000, lower bound: 306.631803
[INFO]:[07:36:37] CPLEX solver finished. Gap: 13.870000
[INFO]:[07:36:37] Worker (ils_group_rank=4) exiting parallel ILS evaluation service.
[INFO]:[07:36:37] Worker 4 completed exploration phase.
[INFO]:[07:36:37] Worker 4 received order for step 2.
[INFO]:[07:36:37] Worker 4 running expansion phase for iteration 4.
[INFO]:[07:36:37] Worker 4 will use solver log file: /scratch/yorig/mpils-results-grid-ticks-10000-7may/medium-1/16proc-16pils/seed-5/3_csched007_seed-5_20260510_073459/solver/cplex.log_iteration_expansion_4_worker_4
[INFO]:[07:36:37] Expansion Worker 4 starting expansion for iteration 4.
[INFO]:[07:36:37] Starting CPLEX solver on instance: /home/yorig/tuner/mpils-tests/instances/miplib/medium-1/csched007.mps with config: /scratch/yorig/mpils-results-grid-ticks-10000-7may/medium-1/16proc-16pils/seed-5/3_csched007_seed-5_20260510_073459/expansion/config_param_CPXPARAM_MIP_Limits_AggForCut_2_iter_4.prm
[INFO]:[07:36:44] CPLEX results. Gap: 21.790000, upper bound: 385.000000, lower bound: 301.117034
[INFO]:[07:36:44] CPLEX solver finished. Gap: 21.790000
[INFO]:[07:36:44] Starting CPLEX solver on instance: /home/yorig/tuner/mpils-tests/instances/miplib/medium-1/csched007.mps with config: /scratch/yorig/mpils-results-grid-ticks-10000-7may/medium-1/16proc-16pils/seed-5/3_csched007_seed-5_20260510_073459/expansion/config_param_CPXPARAM_Preprocessing_BoundStrength_1_iter_4.prm
[INFO]:[07:36:51] CPLEX results. Gap: 13.250000, upper bound: 356.000000, lower bound: 308.846059
[INFO]:[07:36:51] CPLEX solver finished. Gap: 13.250000
[INFO]:[07:36:51] Expansion Worker 4 found an improving configuration with objective value 13.25.
[INFO]:[07:36:51] Expansion Worker 4 stopping early after global MPI expansion stop was activated.
[INFO]:[07:36:51] Expansion Worker 4 completed expansion.
[INFO]:[07:36:51] Worker 4 completed expansion phase.
[INFO]:[07:36:51] Worker 4 received order for step 1.
[INFO]:[07:36:51] Worker 4 running exploration phase for iteration 5.
[INFO]:[07:36:51] Worker 4 at iteration 5 will not use a MIP start file. Current best MIP-start upper bound threshold is 1.79769e+308.
[INFO]:[07:36:51] Starting local search phase...
[INFO]:[07:36:51] Worker (ils_group_rank=4) entering parallel ILS evaluation service.
[INFO]:[07:36:51] Starting CPLEX solver on instance: /home/yorig/tuner/mpils-tests/instances/miplib/medium-1/csched007.mps with config: /scratch/yorig/mpils-results-grid-ticks-10000-7may/medium-1/16proc-16pils/seed-5/3_csched007_seed-5_20260510_073459/iterated_local_search/run_5_worker_0/parallel_0_4.prm
[INFO]:[07:36:58] CPLEX results. Gap: 13.500000, upper bound: 356.000000, lower bound: 307.948409
[INFO]:[07:36:58] CPLEX solver finished. Gap: 13.500000
[INFO]:[07:36:58] Starting CPLEX solver on instance: /home/yorig/tuner/mpils-tests/instances/miplib/medium-1/csched007.mps with config: /scratch/yorig/mpils-results-grid-ticks-10000-7may/medium-1/16proc-16pils/seed-5/3_csched007_seed-5_20260510_073459/iterated_local_search/run_5_worker_0/parallel_16_4.prm
[INFO]:[07:37:05] CPLEX results. Gap: 13.100000, upper bound: 353.000000, lower bound: 306.758333
[INFO]:[07:37:05] CPLEX solver finished. Gap: 13.100000
[INFO]:[07:37:05] Worker (ils_group_rank=4) exiting parallel ILS evaluation service.
[INFO]:[07:37:05] Worker 4 completed exploration phase.
[INFO]:[07:37:05] Worker 4 received order for step 2.
[INFO]:[07:37:05] Worker 4 running expansion phase for iteration 5.
[INFO]:[07:37:05] Worker 4 will use solver log file: /scratch/yorig/mpils-results-grid-ticks-10000-7may/medium-1/16proc-16pils/seed-5/3_csched007_seed-5_20260510_073459/solver/cplex.log_iteration_expansion_5_worker_4
[INFO]:[07:37:05] Expansion Worker 4 starting expansion for iteration 5.
[INFO]:[07:37:05] Starting CPLEX solver on instance: /home/yorig/tuner/mpils-tests/instances/miplib/medium-1/csched007.mps with config: /scratch/yorig/mpils-results-grid-ticks-10000-7may/medium-1/16proc-16pils/seed-5/3_csched007_seed-5_20260510_073459/expansion/config_param_CPXPARAM_Simplex_Crash_-1_iter_5.prm
[INFO]:[07:37:12] CPLEX results. Gap: 12.710000, upper bound: 352.000000, lower bound: 307.243333
[INFO]:[07:37:12] CPLEX solver finished. Gap: 12.710000
[INFO]:[07:37:12] Starting CPLEX solver on instance: /home/yorig/tuner/mpils-tests/instances/miplib/medium-1/csched007.mps with config: /scratch/yorig/mpils-results-grid-ticks-10000-7may/medium-1/16proc-16pils/seed-5/3_csched007_seed-5_20260510_073459/expansion/config_param_CPXPARAM_Network_NetFind_3_iter_5.prm
[INFO]:[07:37:19] CPLEX results. Gap: 12.710000, upper bound: 352.000000, lower bound: 307.243333
[INFO]:[07:37:19] CPLEX solver finished. Gap: 12.710000
[INFO]:[07:37:19] Expansion Worker 4 completed expansion.
[INFO]:[07:37:19] Worker 4 completed expansion phase.
[INFO]:[07:37:19] Worker 4 received order for step 1.
[INFO]:[07:37:19] Worker 4 running exploration phase for iteration 6.
[INFO]:[07:37:19] Worker 4 at iteration 6 will not use a MIP start file. Current best MIP-start upper bound threshold is 1.79769e+308.
[INFO]:[07:37:19] Starting local search phase...
[INFO]:[07:37:19] Worker (ils_group_rank=4) entering parallel ILS evaluation service.
[INFO]:[07:37:19] Starting CPLEX solver on instance: /home/yorig/tuner/mpils-tests/instances/miplib/medium-1/csched007.mps with config: /scratch/yorig/mpils-results-grid-ticks-10000-7may/medium-1/16proc-16pils/seed-5/3_csched007_seed-5_20260510_073459/iterated_local_search/run_6_worker_0/parallel_0_4.prm
[INFO]:[07:37:26] CPLEX results. Gap: 22.290000, upper bound: 390.000000, lower bound: 303.050000
[INFO]:[07:37:26] CPLEX solver finished. Gap: 22.290000
[INFO]:[07:37:26] Starting CPLEX solver on instance: /home/yorig/tuner/mpils-tests/instances/miplib/medium-1/csched007.mps with config: /scratch/yorig/mpils-results-grid-ticks-10000-7may/medium-1/16proc-16pils/seed-5/3_csched007_seed-5_20260510_073459/iterated_local_search/run_6_worker_0/parallel_16_4.prm
[INFO]:[07:37:34] CPLEX results. Gap: 28.290000, upper bound: 426.000000, lower bound: 305.483231
[INFO]:[07:37:34] CPLEX solver finished. Gap: 28.290000
[INFO]:[07:37:34] Worker (ils_group_rank=4) exiting parallel ILS evaluation service.
[INFO]:[07:37:34] Worker 4 completed exploration phase.
[INFO]:[07:37:34] Worker 4 received order for step 2.
[INFO]:[07:37:34] Worker 4 running expansion phase for iteration 6.
[INFO]:[07:37:34] Worker 4 will use solver log file: /scratch/yorig/mpils-results-grid-ticks-10000-7may/medium-1/16proc-16pils/seed-5/3_csched007_seed-5_20260510_073459/solver/cplex.log_iteration_expansion_6_worker_4
[INFO]:[07:37:34] Expansion Worker 4 starting expansion for iteration 6.
[INFO]:[07:37:34] Starting CPLEX solver on instance: /home/yorig/tuner/mpils-tests/instances/miplib/medium-1/csched007.mps with config: /scratch/yorig/mpils-results-grid-ticks-10000-7may/medium-1/16proc-16pils/seed-5/3_csched007_seed-5_20260510_073459/expansion/config_param_CPXPARAM_Preprocessing_Relax_1_iter_6.prm
[INFO]:[07:37:40] CPLEX results. Gap: 12.710000, upper bound: 352.000000, lower bound: 307.243333
[INFO]:[07:37:40] CPLEX solver finished. Gap: 12.710000
[INFO]:[07:37:40] Starting CPLEX solver on instance: /home/yorig/tuner/mpils-tests/instances/miplib/medium-1/csched007.mps with config: /scratch/yorig/mpils-results-grid-ticks-10000-7may/medium-1/16proc-16pils/seed-5/3_csched007_seed-5_20260510_073459/expansion/config_param_CPXPARAM_Sifting_Algorithm_4_iter_6.prm
[INFO]:[07:37:47] CPLEX results. Gap: 12.710000, upper bound: 352.000000, lower bound: 307.243333
[INFO]:[07:37:47] CPLEX solver finished. Gap: 12.710000
[INFO]:[07:37:54] Expansion Worker 4 completed expansion.
[INFO]:[07:37:54] Worker 4 completed expansion phase.
[INFO]:[07:37:54] Worker 4 received order for step 1.
[INFO]:[07:37:54] Worker 4 running exploration phase for iteration 7.
[INFO]:[07:37:54] Worker 4 at iteration 7 will not use a MIP start file. Current best MIP-start upper bound threshold is 1.79769e+308.
[INFO]:[07:37:54] Starting local search phase...
[INFO]:[07:37:54] Worker (ils_group_rank=4) entering parallel ILS evaluation service.
[INFO]:[07:37:54] Starting CPLEX solver on instance: /home/yorig/tuner/mpils-tests/instances/miplib/medium-1/csched007.mps with config: /scratch/yorig/mpils-results-grid-ticks-10000-7may/medium-1/16proc-16pils/seed-5/3_csched007_seed-5_20260510_073459/iterated_local_search/run_7_worker_0/parallel_0_4.prm
[INFO]:[07:38:01] CPLEX results. Gap: 13.100000, upper bound: 353.000000, lower bound: 306.766667
[INFO]:[07:38:01] CPLEX solver finished. Gap: 13.100000
[INFO]:[07:38:01] Starting CPLEX solver on instance: /home/yorig/tuner/mpils-tests/instances/miplib/medium-1/csched007.mps with config: /scratch/yorig/mpils-results-grid-ticks-10000-7may/medium-1/16proc-16pils/seed-5/3_csched007_seed-5_20260510_073459/iterated_local_search/run_7_worker_0/parallel_16_4.prm
[INFO]:[07:38:08] CPLEX results. Gap: 13.100000, upper bound: 353.000000, lower bound: 306.758333
[INFO]:[07:38:08] CPLEX solver finished. Gap: 13.100000
[INFO]:[07:38:08] Worker (ils_group_rank=4) exiting parallel ILS evaluation service.
[INFO]:[07:38:08] Worker 4 completed exploration phase.
[INFO]:[07:38:08] Worker 4 received order for step 2.
[INFO]:[07:38:08] Worker 4 running expansion phase for iteration 7.
[INFO]:[07:38:08] Worker 4 will use solver log file: /scratch/yorig/mpils-results-grid-ticks-10000-7may/medium-1/16proc-16pils/seed-5/3_csched007_seed-5_20260510_073459/solver/cplex.log_iteration_expansion_7_worker_4
[INFO]:[07:38:08] Expansion Worker 4 starting expansion for iteration 7.
[INFO]:[07:38:15] Expansion Worker 4 completed expansion.
[INFO]:[07:38:15] Worker 4 completed expansion phase.
[INFO]:[07:38:15] Worker 4 received order for step 1.
[INFO]:[07:38:15] Worker 4 running exploration phase for iteration 8.
[INFO]:[07:38:15] Worker 4 at iteration 8 will not use a MIP start file. Current best MIP-start upper bound threshold is 1.79769e+308.
[INFO]:[07:38:15] Starting local search phase...
[INFO]:[07:38:15] Worker (ils_group_rank=4) entering parallel ILS evaluation service.
[INFO]:[07:38:16] Starting CPLEX solver on instance: /home/yorig/tuner/mpils-tests/instances/miplib/medium-1/csched007.mps with config: /scratch/yorig/mpils-results-grid-ticks-10000-7may/medium-1/16proc-16pils/seed-5/3_csched007_seed-5_20260510_073459/iterated_local_search/run_8_worker_0/parallel_0_4.prm
[INFO]:[07:38:22] CPLEX results. Gap: 13.100000, upper bound: 353.000000, lower bound: 306.758333
[INFO]:[07:38:22] CPLEX solver finished. Gap: 13.100000
[INFO]:[07:38:23] Worker (ils_group_rank=4) exiting parallel ILS evaluation service.
[INFO]:[07:38:23] Worker 4 completed exploration phase.
[INFO]:[07:38:23] Worker 4 received order for step 3.
[INFO]:[07:38:23] Worker 4 finished.
