[INFO]:[19:10:45] Worker 3 starting.
[INFO]:[19:10:45] Worker 3 received order for step 1.
[INFO]:[19:10:45] Worker 3 running exploration phase for iteration 1.
[INFO]:[19:10:45] Worker 3 at iteration 1 will not use a MIP start file. Current best MIP-start upper bound threshold is 1.79769e+308.
[INFO]:[19:10:45] Starting local search phase...
[INFO]:[19:10:45] Worker (ils_group_rank=3) entering parallel ILS evaluation service.
[INFO]:[19:10:45] Starting CPLEX solver on instance: /home/yorig/tuner/mpils-tests/instances/miplib/medium-2/supportcase40.mps with config: /scratch/yorig/mpils-results-grid-ticks-10000-7may/medium-2/24proc-4pils/seed-9/8_supportcase40_seed-9_20260510_191044/iterated_local_search/run_1_worker_0/parallel_0_3.prm
[INFO]:[19:10:53] CPLEX results. Gap: 3.870000, upper bound: 24471.300212, lower bound: 23523.711052
[INFO]:[19:10:53] CPLEX solver finished. Gap: 3.870000
[INFO]:[19:10:53] Starting CPLEX solver on instance: /home/yorig/tuner/mpils-tests/instances/miplib/medium-2/supportcase40.mps with config: /scratch/yorig/mpils-results-grid-ticks-10000-7may/medium-2/24proc-4pils/seed-9/8_supportcase40_seed-9_20260510_191044/iterated_local_search/run_1_worker_0/parallel_4_3.prm
[INFO]:[19:11:01] CPLEX results. Gap: 5.910000, upper bound: 24319.891608, lower bound: 22883.515023
[INFO]:[19:11:01] CPLEX solver finished. Gap: 5.910000
[INFO]:[19:11:01] Starting CPLEX solver on instance: /home/yorig/tuner/mpils-tests/instances/miplib/medium-2/supportcase40.mps with config: /scratch/yorig/mpils-results-grid-ticks-10000-7may/medium-2/24proc-4pils/seed-9/8_supportcase40_seed-9_20260510_191044/iterated_local_search/run_1_worker_0/parallel_8_3.prm
[INFO]:[19:11:09] CPLEX results. Gap: 3.850000, upper bound: 24379.875138, lower bound: 23442.008400
[INFO]:[19:11:09] CPLEX solver finished. Gap: 3.850000
[INFO]:[19:11:09] Starting CPLEX solver on instance: /home/yorig/tuner/mpils-tests/instances/miplib/medium-2/supportcase40.mps with config: /scratch/yorig/mpils-results-grid-ticks-10000-7may/medium-2/24proc-4pils/seed-9/8_supportcase40_seed-9_20260510_191044/iterated_local_search/run_1_worker_0/parallel_12_3.prm
[INFO]:[19:11:16] CPLEX results. Gap: 4.090000, upper bound: 24379.875138, lower bound: 23383.051231
[INFO]:[19:11:16] CPLEX solver finished. Gap: 4.090000
[INFO]:[19:11:17] Starting CPLEX solver on instance: /home/yorig/tuner/mpils-tests/instances/miplib/medium-2/supportcase40.mps with config: /scratch/yorig/mpils-results-grid-ticks-10000-7may/medium-2/24proc-4pils/seed-9/8_supportcase40_seed-9_20260510_191044/iterated_local_search/run_1_worker_0/parallel_16_3.prm
[INFO]:[19:11:24] CPLEX results. Gap: 3.850000, upper bound: 24379.875138, lower bound: 23442.008400
[INFO]:[19:11:24] CPLEX solver finished. Gap: 3.850000
[INFO]:[19:11:24] Worker (ils_group_rank=3) exiting parallel ILS evaluation service.
[INFO]:[19:11:25] Worker 3 completed exploration phase.
[INFO]:[19:11:25] Worker 3 received order for step 2.
[INFO]:[19:11:25] Worker 3 running expansion phase for iteration 1.
[INFO]:[19:11:25] Worker 3 will use solver log file: /scratch/yorig/mpils-results-grid-ticks-10000-7may/medium-2/24proc-4pils/seed-9/8_supportcase40_seed-9_20260510_191044/solver/cplex.log_iteration_expansion_1_worker_3
[INFO]:[19:11:25] Expansion Worker 3 starting expansion for iteration 1.
[INFO]:[19:11:25] Starting CPLEX solver on instance: /home/yorig/tuner/mpils-tests/instances/miplib/medium-2/supportcase40.mps with config: /scratch/yorig/mpils-results-grid-ticks-10000-7may/medium-2/24proc-4pils/seed-9/8_supportcase40_seed-9_20260510_191044/expansion/config_param_CPXPARAM_MIP_Strategy_Probe_3_iter_1.prm
[INFO]:[19:11:33] CPLEX results. Gap: 2.880000, upper bound: 24256.517631, lower bound: 23558.872533
[INFO]:[19:11:33] CPLEX solver finished. Gap: 2.880000
[INFO]:[19:11:33] Expansion Worker 3 stopping early after global MPI expansion stop was activated.
[INFO]:[19:11:33] Expansion Worker 3 completed expansion.
[INFO]:[19:11:33] Worker 3 completed expansion phase.
[INFO]:[19:11:33] Worker 3 received order for step 1.
[INFO]:[19:11:33] Worker 3 running exploration phase for iteration 2.
[INFO]:[19:11:33] Worker 3 at iteration 2 will not use a MIP start file. Current best MIP-start upper bound threshold is 1.79769e+308.
[INFO]:[19:11:33] Starting local search phase...
[INFO]:[19:11:33] Worker (ils_group_rank=3) entering parallel ILS evaluation service.
[INFO]:[19:11:33] Starting CPLEX solver on instance: /home/yorig/tuner/mpils-tests/instances/miplib/medium-2/supportcase40.mps with config: /scratch/yorig/mpils-results-grid-ticks-10000-7may/medium-2/24proc-4pils/seed-9/8_supportcase40_seed-9_20260510_191044/iterated_local_search/run_2_worker_0/parallel_0_3.prm
[INFO]:[19:11:41] CPLEX results. Gap: 2.560000, upper bound: 24308.763972, lower bound: 23686.262340
[INFO]:[19:11:41] CPLEX solver finished. Gap: 2.560000
[INFO]:[19:11:41] Starting CPLEX solver on instance: /home/yorig/tuner/mpils-tests/instances/miplib/medium-2/supportcase40.mps with config: /scratch/yorig/mpils-results-grid-ticks-10000-7may/medium-2/24proc-4pils/seed-9/8_supportcase40_seed-9_20260510_191044/iterated_local_search/run_2_worker_0/parallel_4_3.prm
[INFO]:[19:11:49] CPLEX results. Gap: 2.560000, upper bound: 24308.763972, lower bound: 23686.262340
[INFO]:[19:11:49] CPLEX solver finished. Gap: 2.560000
[INFO]:[19:11:49] Worker (ils_group_rank=3) exiting parallel ILS evaluation service.
[INFO]:[19:11:49] Worker 3 completed exploration phase.
[INFO]:[19:11:49] Worker 3 received order for step 2.
[INFO]:[19:11:49] Worker 3 running expansion phase for iteration 2.
[INFO]:[19:11:49] Worker 3 will use solver log file: /scratch/yorig/mpils-results-grid-ticks-10000-7may/medium-2/24proc-4pils/seed-9/8_supportcase40_seed-9_20260510_191044/solver/cplex.log_iteration_expansion_2_worker_3
[INFO]:[19:11:49] Expansion Worker 3 starting expansion for iteration 2.
[INFO]:[19:11:49] Starting CPLEX solver on instance: /home/yorig/tuner/mpils-tests/instances/miplib/medium-2/supportcase40.mps with config: /scratch/yorig/mpils-results-grid-ticks-10000-7may/medium-2/24proc-4pils/seed-9/8_supportcase40_seed-9_20260510_191044/expansion/config_param_CPXPARAM_MIP_Strategy_VariableSelect_3_iter_2.prm
[INFO]:[19:11:57] CPLEX results. Gap: 5.750000, upper bound: 24611.277101, lower bound: 23196.539565
[INFO]:[19:11:57] CPLEX solver finished. Gap: 5.750000
[INFO]:[19:11:57] Starting CPLEX solver on instance: /home/yorig/tuner/mpils-tests/instances/miplib/medium-2/supportcase40.mps with config: /scratch/yorig/mpils-results-grid-ticks-10000-7may/medium-2/24proc-4pils/seed-9/8_supportcase40_seed-9_20260510_191044/expansion/config_param_CPXPARAM_MIP_Strategy_RINSHeur_100_iter_2.prm
[INFO]:[19:12:05] CPLEX results. Gap: 4.740000, upper bound: 24413.802407, lower bound: 23256.604480
[INFO]:[19:12:05] CPLEX solver finished. Gap: 4.740000
[INFO]:[19:12:12] Expansion Worker 3 completed expansion.
[INFO]:[19:12:12] Worker 3 completed expansion phase.
[INFO]:[19:12:13] Worker 3 received order for step 1.
[INFO]:[19:12:13] Worker 3 running exploration phase for iteration 3.
[INFO]:[19:12:13] Worker 3 at iteration 3 will not use a MIP start file. Current best MIP-start upper bound threshold is 1.79769e+308.
[INFO]:[19:12:13] Starting local search phase...
[INFO]:[19:12:13] Worker (ils_group_rank=3) entering parallel ILS evaluation service.
[INFO]:[19:12:13] Starting CPLEX solver on instance: /home/yorig/tuner/mpils-tests/instances/miplib/medium-2/supportcase40.mps with config: /scratch/yorig/mpils-results-grid-ticks-10000-7may/medium-2/24proc-4pils/seed-9/8_supportcase40_seed-9_20260510_191044/iterated_local_search/run_3_worker_0/parallel_0_3.prm
[INFO]:[19:12:20] CPLEX results. Gap: 6.160000, upper bound: 24687.448262, lower bound: 23167.171354
[INFO]:[19:12:20] CPLEX solver finished. Gap: 6.160000
[INFO]:[19:12:20] Starting CPLEX solver on instance: /home/yorig/tuner/mpils-tests/instances/miplib/medium-2/supportcase40.mps with config: /scratch/yorig/mpils-results-grid-ticks-10000-7may/medium-2/24proc-4pils/seed-9/8_supportcase40_seed-9_20260510_191044/iterated_local_search/run_3_worker_0/parallel_4_3.prm
[INFO]:[19:12:29] CPLEX results. Gap: 5.750000, upper bound: 24611.277101, lower bound: 23196.539565
[INFO]:[19:12:29] CPLEX solver finished. Gap: 5.750000
[INFO]:[19:12:29] Starting CPLEX solver on instance: /home/yorig/tuner/mpils-tests/instances/miplib/medium-2/supportcase40.mps with config: /scratch/yorig/mpils-results-grid-ticks-10000-7may/medium-2/24proc-4pils/seed-9/8_supportcase40_seed-9_20260510_191044/iterated_local_search/run_3_worker_0/parallel_8_3.prm
[INFO]:[19:12:37] CPLEX results. Gap: 2.560000, upper bound: 24308.763972, lower bound: 23686.262340
[INFO]:[19:12:37] CPLEX solver finished. Gap: 2.560000
[INFO]:[19:12:37] Starting CPLEX solver on instance: /home/yorig/tuner/mpils-tests/instances/miplib/medium-2/supportcase40.mps with config: /scratch/yorig/mpils-results-grid-ticks-10000-7may/medium-2/24proc-4pils/seed-9/8_supportcase40_seed-9_20260510_191044/iterated_local_search/run_3_worker_0/parallel_12_3.prm
[INFO]:[19:12:45] CPLEX results. Gap: 5.030000, upper bound: 24328.772230, lower bound: 23104.692254
[INFO]:[19:12:45] CPLEX solver finished. Gap: 5.030000
[INFO]:[19:12:45] Starting CPLEX solver on instance: /home/yorig/tuner/mpils-tests/instances/miplib/medium-2/supportcase40.mps with config: /scratch/yorig/mpils-results-grid-ticks-10000-7may/medium-2/24proc-4pils/seed-9/8_supportcase40_seed-9_20260510_191044/iterated_local_search/run_3_worker_0/parallel_16_3.prm
[INFO]:[19:12:52] CPLEX results. Gap: 2.560000, upper bound: 24308.763972, lower bound: 23685.833528
[INFO]:[19:12:53] CPLEX solver finished. Gap: 2.560000
[INFO]:[19:12:53] Worker (ils_group_rank=3) exiting parallel ILS evaluation service.
[INFO]:[19:12:53] Worker 3 completed exploration phase.
[INFO]:[19:12:53] Worker 3 received order for step 2.
[INFO]:[19:12:53] Worker 3 running expansion phase for iteration 3.
[INFO]:[19:12:53] Worker 3 will use solver log file: /scratch/yorig/mpils-results-grid-ticks-10000-7may/medium-2/24proc-4pils/seed-9/8_supportcase40_seed-9_20260510_191044/solver/cplex.log_iteration_expansion_3_worker_3
[INFO]:[19:12:53] Expansion Worker 3 starting expansion for iteration 3.
[INFO]:[19:12:53] Starting CPLEX solver on instance: /home/yorig/tuner/mpils-tests/instances/miplib/medium-2/supportcase40.mps with config: /scratch/yorig/mpils-results-grid-ticks-10000-7may/medium-2/24proc-4pils/seed-9/8_supportcase40_seed-9_20260510_191044/expansion/config_param_CPXPARAM_Preprocessing_Symmetry_2_iter_3.prm
[INFO]:[19:13:00] CPLEX results. Gap: 2.290000, upper bound: 24308.763972, lower bound: 23752.891185
[INFO]:[19:13:00] CPLEX solver finished. Gap: 2.290000
[INFO]:[19:13:01] Starting CPLEX solver on instance: /home/yorig/tuner/mpils-tests/instances/miplib/medium-2/supportcase40.mps with config: /scratch/yorig/mpils-results-grid-ticks-10000-7may/medium-2/24proc-4pils/seed-9/8_supportcase40_seed-9_20260510_191044/expansion/config_param_CPXPARAM_Simplex_DGradient_1_iter_3.prm
[INFO]:[19:13:09] CPLEX results. Gap: 4.980000, upper bound: 24388.149109, lower bound: 23174.137049
[INFO]:[19:13:09] CPLEX solver finished. Gap: 4.980000
[INFO]:[19:13:10] Expansion Worker 3 completed expansion.
[INFO]:[19:13:10] Worker 3 completed expansion phase.
[INFO]:[19:13:10] Worker 3 received order for step 1.
[INFO]:[19:13:10] Worker 3 running exploration phase for iteration 4.
[INFO]:[19:13:10] Worker 3 at iteration 4 will not use a MIP start file. Current best MIP-start upper bound threshold is 1.79769e+308.
[INFO]:[19:13:10] Starting local search phase...
[INFO]:[19:13:10] Worker (ils_group_rank=3) entering parallel ILS evaluation service.
[INFO]:[19:13:10] Starting CPLEX solver on instance: /home/yorig/tuner/mpils-tests/instances/miplib/medium-2/supportcase40.mps with config: /scratch/yorig/mpils-results-grid-ticks-10000-7may/medium-2/24proc-4pils/seed-9/8_supportcase40_seed-9_20260510_191044/iterated_local_search/run_4_worker_0/parallel_0_3.prm
[INFO]:[19:13:19] CPLEX results. Gap: 13.610000, upper bound: 26365.461720, lower bound: 22776.929542
[INFO]:[19:13:19] CPLEX solver finished. Gap: 13.610000
[INFO]:[19:13:19] Starting CPLEX solver on instance: /home/yorig/tuner/mpils-tests/instances/miplib/medium-2/supportcase40.mps with config: /scratch/yorig/mpils-results-grid-ticks-10000-7may/medium-2/24proc-4pils/seed-9/8_supportcase40_seed-9_20260510_191044/iterated_local_search/run_4_worker_0/parallel_4_3.prm
[INFO]:[19:13:27] CPLEX results. Gap: 2.290000, upper bound: 24308.763972, lower bound: 23752.891185
[INFO]:[19:13:27] CPLEX solver finished. Gap: 2.290000
[INFO]:[19:13:27] Worker (ils_group_rank=3) exiting parallel ILS evaluation service.
[INFO]:[19:13:27] Worker 3 completed exploration phase.
[INFO]:[19:13:27] Worker 3 received order for step 2.
[INFO]:[19:13:27] Worker 3 running expansion phase for iteration 4.
[INFO]:[19:13:27] Worker 3 will use solver log file: /scratch/yorig/mpils-results-grid-ticks-10000-7may/medium-2/24proc-4pils/seed-9/8_supportcase40_seed-9_20260510_191044/solver/cplex.log_iteration_expansion_4_worker_3
[INFO]:[19:13:27] Expansion Worker 3 starting expansion for iteration 4.
[INFO]:[19:13:27] Starting CPLEX solver on instance: /home/yorig/tuner/mpils-tests/instances/miplib/medium-2/supportcase40.mps with config: /scratch/yorig/mpils-results-grid-ticks-10000-7may/medium-2/24proc-4pils/seed-9/8_supportcase40_seed-9_20260510_191044/expansion/config_param_CPXPARAM_MIP_Limits_AggForCut_5_iter_4.prm
[INFO]:[19:13:35] CPLEX results. Gap: 5.000000, upper bound: 24725.102234, lower bound: 23489.513764
[INFO]:[19:13:35] CPLEX solver finished. Gap: 5.000000
[INFO]:[19:13:35] Starting CPLEX solver on instance: /home/yorig/tuner/mpils-tests/instances/miplib/medium-2/supportcase40.mps with config: /scratch/yorig/mpils-results-grid-ticks-10000-7may/medium-2/24proc-4pils/seed-9/8_supportcase40_seed-9_20260510_191044/expansion/config_param_CPXPARAM_Preprocessing_Dependency_2_iter_4.prm
[INFO]:[19:13:42] CPLEX results. Gap: 2.290000, upper bound: 24308.763972, lower bound: 23752.891185
[INFO]:[19:13:42] CPLEX solver finished. Gap: 2.290000
[INFO]:[19:13:42] Expansion Worker 3 completed expansion.
[INFO]:[19:13:42] Worker 3 completed expansion phase.
[INFO]:[19:13:42] Worker 3 received order for step 1.
[INFO]:[19:13:42] Worker 3 running exploration phase for iteration 5.
[INFO]:[19:13:42] Worker 3 at iteration 5 will not use a MIP start file. Current best MIP-start upper bound threshold is 1.79769e+308.
[INFO]:[19:13:42] Starting local search phase...
[INFO]:[19:13:42] Worker (ils_group_rank=3) entering parallel ILS evaluation service.
[INFO]:[19:13:43] Starting CPLEX solver on instance: /home/yorig/tuner/mpils-tests/instances/miplib/medium-2/supportcase40.mps with config: /scratch/yorig/mpils-results-grid-ticks-10000-7may/medium-2/24proc-4pils/seed-9/8_supportcase40_seed-9_20260510_191044/iterated_local_search/run_5_worker_0/parallel_0_3.prm
[INFO]:[19:13:50] CPLEX results. Gap: 2.290000, upper bound: 24308.763972, lower bound: 23752.891185
[INFO]:[19:13:50] CPLEX solver finished. Gap: 2.290000
[INFO]:[19:13:51] Starting CPLEX solver on instance: /home/yorig/tuner/mpils-tests/instances/miplib/medium-2/supportcase40.mps with config: /scratch/yorig/mpils-results-grid-ticks-10000-7may/medium-2/24proc-4pils/seed-9/8_supportcase40_seed-9_20260510_191044/iterated_local_search/run_5_worker_0/parallel_4_3.prm
[INFO]:[19:13:59] CPLEX results. Gap: 2.290000, upper bound: 24308.763972, lower bound: 23752.891185
[INFO]:[19:13:59] CPLEX solver finished. Gap: 2.290000
[INFO]:[19:13:59] Starting CPLEX solver on instance: /home/yorig/tuner/mpils-tests/instances/miplib/medium-2/supportcase40.mps with config: /scratch/yorig/mpils-results-grid-ticks-10000-7may/medium-2/24proc-4pils/seed-9/8_supportcase40_seed-9_20260510_191044/iterated_local_search/run_5_worker_0/parallel_8_3.prm
[INFO]:[19:14:05] CPLEX results. Gap: 33.540000, upper bound: 34296.633491, lower bound: 22795.237078
[INFO]:[19:14:05] CPLEX solver finished. Gap: 33.540000
[INFO]:[19:14:06] Starting CPLEX solver on instance: /home/yorig/tuner/mpils-tests/instances/miplib/medium-2/supportcase40.mps with config: /scratch/yorig/mpils-results-grid-ticks-10000-7may/medium-2/24proc-4pils/seed-9/8_supportcase40_seed-9_20260510_191044/iterated_local_search/run_5_worker_0/parallel_12_3.prm
[INFO]:[19:14:14] CPLEX results. Gap: 6.620000, upper bound: 24677.067314, lower bound: 23042.785338
[INFO]:[19:14:14] CPLEX solver finished. Gap: 6.620000
[INFO]:[19:14:14] Starting CPLEX solver on instance: /home/yorig/tuner/mpils-tests/instances/miplib/medium-2/supportcase40.mps with config: /scratch/yorig/mpils-results-grid-ticks-10000-7may/medium-2/24proc-4pils/seed-9/8_supportcase40_seed-9_20260510_191044/iterated_local_search/run_5_worker_0/parallel_16_3.prm
[INFO]:[19:14:21] CPLEX results. Gap: 6.160000, upper bound: 24687.448262, lower bound: 23167.171354
[INFO]:[19:14:21] CPLEX solver finished. Gap: 6.160000
[INFO]:[19:14:21] Worker (ils_group_rank=3) exiting parallel ILS evaluation service.
[INFO]:[19:14:22] Worker 3 completed exploration phase.
[INFO]:[19:14:22] Worker 3 received order for step 2.
[INFO]:[19:14:22] Worker 3 running expansion phase for iteration 5.
[INFO]:[19:14:22] Worker 3 will use solver log file: /scratch/yorig/mpils-results-grid-ticks-10000-7may/medium-2/24proc-4pils/seed-9/8_supportcase40_seed-9_20260510_191044/solver/cplex.log_iteration_expansion_5_worker_3
[INFO]:[19:14:22] Expansion Worker 3 starting expansion for iteration 5.
[INFO]:[19:14:22] Starting CPLEX solver on instance: /home/yorig/tuner/mpils-tests/instances/miplib/medium-2/supportcase40.mps with config: /scratch/yorig/mpils-results-grid-ticks-10000-7may/medium-2/24proc-4pils/seed-9/8_supportcase40_seed-9_20260510_191044/expansion/config_param_CPXPARAM_MIP_OrderType_3_iter_5.prm
[INFO]:[19:14:30] CPLEX results. Gap: 4.370000, upper bound: 24656.173266, lower bound: 23578.789349
[INFO]:[19:14:30] CPLEX solver finished. Gap: 4.370000
[INFO]:[19:14:30] Starting CPLEX solver on instance: /home/yorig/tuner/mpils-tests/instances/miplib/medium-2/supportcase40.mps with config: /scratch/yorig/mpils-results-grid-ticks-10000-7may/medium-2/24proc-4pils/seed-9/8_supportcase40_seed-9_20260510_191044/expansion/config_param_CPXPARAM_LPMethod_6_iter_5.prm
[INFO]:[19:14:38] CPLEX results. Gap: 2.290000, upper bound: 24308.763972, lower bound: 23752.891185
[INFO]:[19:14:38] CPLEX solver finished. Gap: 2.290000
[INFO]:[19:14:38] Expansion Worker 3 completed expansion.
[INFO]:[19:14:38] Worker 3 completed expansion phase.
[INFO]:[19:14:38] Worker 3 received order for step 1.
[INFO]:[19:14:38] Worker 3 running exploration phase for iteration 6.
[INFO]:[19:14:38] Worker 3 at iteration 6 will not use a MIP start file. Current best MIP-start upper bound threshold is 1.79769e+308.
[INFO]:[19:14:38] Starting local search phase...
[INFO]:[19:14:38] Worker (ils_group_rank=3) entering parallel ILS evaluation service.
[INFO]:[19:14:38] Starting CPLEX solver on instance: /home/yorig/tuner/mpils-tests/instances/miplib/medium-2/supportcase40.mps with config: /scratch/yorig/mpils-results-grid-ticks-10000-7may/medium-2/24proc-4pils/seed-9/8_supportcase40_seed-9_20260510_191044/iterated_local_search/run_6_worker_0/parallel_0_3.prm
[INFO]:[19:14:45] CPLEX results. Gap: 7.510000, upper bound: 24838.478747, lower bound: 22972.293281
[INFO]:[19:14:45] CPLEX solver finished. Gap: 7.510000
[INFO]:[19:14:46] Starting CPLEX solver on instance: /home/yorig/tuner/mpils-tests/instances/miplib/medium-2/supportcase40.mps with config: /scratch/yorig/mpils-results-grid-ticks-10000-7may/medium-2/24proc-4pils/seed-9/8_supportcase40_seed-9_20260510_191044/iterated_local_search/run_6_worker_0/parallel_4_3.prm
[INFO]:[19:14:53] CPLEX results. Gap: 5.850000, upper bound: 24590.980842, lower bound: 23153.401970
[INFO]:[19:14:53] CPLEX solver finished. Gap: 5.850000
[INFO]:[19:14:53] Starting CPLEX solver on instance: /home/yorig/tuner/mpils-tests/instances/miplib/medium-2/supportcase40.mps with config: /scratch/yorig/mpils-results-grid-ticks-10000-7may/medium-2/24proc-4pils/seed-9/8_supportcase40_seed-9_20260510_191044/iterated_local_search/run_6_worker_0/parallel_8_3.prm
[INFO]:[19:15:01] CPLEX results. Gap: 2.290000, upper bound: 24308.763972, lower bound: 23752.891185
[INFO]:[19:15:01] CPLEX solver finished. Gap: 2.290000
[INFO]:[19:15:01] Starting CPLEX solver on instance: /home/yorig/tuner/mpils-tests/instances/miplib/medium-2/supportcase40.mps with config: /scratch/yorig/mpils-results-grid-ticks-10000-7may/medium-2/24proc-4pils/seed-9/8_supportcase40_seed-9_20260510_191044/iterated_local_search/run_6_worker_0/parallel_12_3.prm
[INFO]:[19:15:08] CPLEX results. Gap: 2.290000, upper bound: 24308.763972, lower bound: 23752.891185
[INFO]:[19:15:08] CPLEX solver finished. Gap: 2.290000
[INFO]:[19:15:09] Starting CPLEX solver on instance: /home/yorig/tuner/mpils-tests/instances/miplib/medium-2/supportcase40.mps with config: /scratch/yorig/mpils-results-grid-ticks-10000-7may/medium-2/24proc-4pils/seed-9/8_supportcase40_seed-9_20260510_191044/iterated_local_search/run_6_worker_0/parallel_16_3.prm
[INFO]:[19:15:16] CPLEX results. Gap: 5.290000, upper bound: 24420.245775, lower bound: 23128.896616
[INFO]:[19:15:16] CPLEX solver finished. Gap: 5.290000
[INFO]:[19:15:16] Worker (ils_group_rank=3) exiting parallel ILS evaluation service.
[INFO]:[19:15:16] Worker 3 completed exploration phase.
[INFO]:[19:15:16] Worker 3 received order for step 2.
[INFO]:[19:15:16] Worker 3 running expansion phase for iteration 6.
[INFO]:[19:15:16] Worker 3 will use solver log file: /scratch/yorig/mpils-results-grid-ticks-10000-7may/medium-2/24proc-4pils/seed-9/8_supportcase40_seed-9_20260510_191044/solver/cplex.log_iteration_expansion_6_worker_3
[INFO]:[19:15:16] Expansion Worker 3 starting expansion for iteration 6.
[INFO]:[19:15:16] Starting CPLEX solver on instance: /home/yorig/tuner/mpils-tests/instances/miplib/medium-2/supportcase40.mps with config: /scratch/yorig/mpils-results-grid-ticks-10000-7may/medium-2/24proc-4pils/seed-9/8_supportcase40_seed-9_20260510_191044/expansion/config_param_CPXPARAM_Sifting_Algorithm_2_iter_6.prm
[INFO]:[19:15:24] CPLEX results. Gap: 2.290000, upper bound: 24308.763972, lower bound: 23752.891185
[INFO]:[19:15:24] CPLEX solver finished. Gap: 2.290000
[INFO]:[19:15:24] Expansion Worker 3 completed expansion.
[INFO]:[19:15:24] Worker 3 completed expansion phase.
[INFO]:[19:15:25] Worker 3 received order for step 1.
[INFO]:[19:15:25] Worker 3 running exploration phase for iteration 7.
[INFO]:[19:15:25] Worker 3 at iteration 7 will not use a MIP start file. Current best MIP-start upper bound threshold is 1.79769e+308.
[INFO]:[19:15:25] Starting local search phase...
[INFO]:[19:15:25] Worker (ils_group_rank=3) entering parallel ILS evaluation service.
[INFO]:[19:15:25] Starting CPLEX solver on instance: /home/yorig/tuner/mpils-tests/instances/miplib/medium-2/supportcase40.mps with config: /scratch/yorig/mpils-results-grid-ticks-10000-7may/medium-2/24proc-4pils/seed-9/8_supportcase40_seed-9_20260510_191044/iterated_local_search/run_7_worker_0/parallel_0_3.prm
[INFO]:[19:15:32] CPLEX results. Gap: 5.430000, upper bound: 24561.023088, lower bound: 23226.512892
[INFO]:[19:15:32] CPLEX solver finished. Gap: 5.430000
[INFO]:[19:15:32] Starting CPLEX solver on instance: /home/yorig/tuner/mpils-tests/instances/miplib/medium-2/supportcase40.mps with config: /scratch/yorig/mpils-results-grid-ticks-10000-7may/medium-2/24proc-4pils/seed-9/8_supportcase40_seed-9_20260510_191044/iterated_local_search/run_7_worker_0/parallel_4_3.prm
[INFO]:[19:15:40] CPLEX results. Gap: 2.290000, upper bound: 24308.763972, lower bound: 23752.891185
[INFO]:[19:15:40] CPLEX solver finished. Gap: 2.290000
[INFO]:[19:15:40] Starting CPLEX solver on instance: /home/yorig/tuner/mpils-tests/instances/miplib/medium-2/supportcase40.mps with config: /scratch/yorig/mpils-results-grid-ticks-10000-7may/medium-2/24proc-4pils/seed-9/8_supportcase40_seed-9_20260510_191044/iterated_local_search/run_7_worker_0/parallel_8_3.prm
[INFO]:[19:15:48] CPLEX results. Gap: 2.980000, upper bound: 24341.591982, lower bound: 23616.144673
[INFO]:[19:15:48] CPLEX solver finished. Gap: 2.980000
[INFO]:[19:15:48] Worker (ils_group_rank=3) exiting parallel ILS evaluation service.
[INFO]:[19:15:48] Worker 3 completed exploration phase.
[INFO]:[19:15:48] Worker 3 received order for step 3.
[INFO]:[19:15:48] Worker 3 finished.
