[INFO]:[20:28:03] Worker 16 starting.
[INFO]:[20:28:03] Worker 16 received order for step 1.
[INFO]:[20:28:03] Worker 16 running exploration phase for iteration 1.
[INFO]:[20:28:03] Worker 16 at iteration 1 will not use a MIP start file. Current best MIP-start upper bound threshold is 1.79769e+308.
[INFO]:[20:28:03] Starting local search phase...
[INFO]:[20:28:03] Creating local search space from parameter space file: /scratch/yorig/mpils-results-grid-seconds-10-4may/easy/24proc/seed-4/10_supportcase33_seed-4_20260504_202802/iterated_local_search/search_space/search_space_file_1_worker_16.txt
[INFO]:[20:28:03] Local search space loaded from file: /scratch/yorig/mpils-results-grid-seconds-10-4may/easy/24proc/seed-4/10_supportcase33_seed-4_20260504_202802/iterated_local_search/search_space/search_space_file_1_worker_16.txt
[INFO]:[20:28:03] Number of parameters in local search space: 71
[INFO]:[20:28:03] Number of forbidden tuples in local search space: 0
[INFO]:[20:28:03] Number of conditionals in local search space: 6
[INFO]:[20:28:03] MIP start option not enabled. Local search will proceed without MIP start.
[INFO]:[20:28:03] Evaluating initial configuration for local search phase...
[INFO]:[20:28:03] Starting CPLEX solver on instance: /home/yorig/tuner/mpils-tests/instances/miplib/easy/supportcase33.mps with config: /scratch/yorig/mpils-results-grid-seconds-10-4may/easy/24proc/seed-4/10_supportcase33_seed-4_20260504_202802/iterated_local_search/run_1_worker_16/ils_config_14677458569570314486.prm
[INFO]:[20:28:03] Starting CPLEX solver on instance: /home/yorig/tuner/mpils-tests/instances/miplib/easy/supportcase33.mps with config: /scratch/yorig/mpils-results-grid-seconds-10-4may/easy/24proc/seed-4/10_supportcase33_seed-4_20260504_202802/iterated_local_search/run_1_worker_16/ils_config_14677458569570314486.prm
[INFO]:[20:28:13] CPLEX results. Gap: 16.680000, upper bound: -320.000000, lower bound: -373.364394
[INFO]:[20:28:13] CPLEX solver finished. Gap: 16.680000
[INFO]:[20:28:13] Initial configuration evaluated with objective value: 16.68
[INFO]:[20:28:13] Starting CPLEX solver on instance: /home/yorig/tuner/mpils-tests/instances/miplib/easy/supportcase33.mps with config: /scratch/yorig/mpils-results-grid-seconds-10-4may/easy/24proc/seed-4/10_supportcase33_seed-4_20260504_202802/iterated_local_search/run_1_worker_16/ils_config_4631746365473316568.prm
[INFO]:[20:28:13] Starting CPLEX solver on instance: /home/yorig/tuner/mpils-tests/instances/miplib/easy/supportcase33.mps with config: /scratch/yorig/mpils-results-grid-seconds-10-4may/easy/24proc/seed-4/10_supportcase33_seed-4_20260504_202802/iterated_local_search/run_1_worker_16/ils_config_4631746365473316568.prm
[INFO]:[20:28:24] CPLEX results. Gap: 16.680000, upper bound: -320.000000, lower bound: -373.364394
[INFO]:[20:28:24] CPLEX solver finished. Gap: 16.680000
[INFO]:[20:28:24] Starting CPLEX solver on instance: /home/yorig/tuner/mpils-tests/instances/miplib/easy/supportcase33.mps with config: /scratch/yorig/mpils-results-grid-seconds-10-4may/easy/24proc/seed-4/10_supportcase33_seed-4_20260504_202802/iterated_local_search/run_1_worker_16/ils_config_6595425795474556260.prm
[INFO]:[20:28:24] Starting CPLEX solver on instance: /home/yorig/tuner/mpils-tests/instances/miplib/easy/supportcase33.mps with config: /scratch/yorig/mpils-results-grid-seconds-10-4may/easy/24proc/seed-4/10_supportcase33_seed-4_20260504_202802/iterated_local_search/run_1_worker_16/ils_config_6595425795474556260.prm
[INFO]:[20:28:34] CPLEX results. Gap: 17.740000, upper bound: -310.000000, lower bound: -365.000000
[INFO]:[20:28:34] CPLEX solver finished. Gap: 17.740000
[INFO]:[20:28:34] Starting CPLEX solver on instance: /home/yorig/tuner/mpils-tests/instances/miplib/easy/supportcase33.mps with config: /scratch/yorig/mpils-results-grid-seconds-10-4may/easy/24proc/seed-4/10_supportcase33_seed-4_20260504_202802/iterated_local_search/run_1_worker_16/ils_config_5947985051268900989.prm
[INFO]:[20:28:34] Starting CPLEX solver on instance: /home/yorig/tuner/mpils-tests/instances/miplib/easy/supportcase33.mps with config: /scratch/yorig/mpils-results-grid-seconds-10-4may/easy/24proc/seed-4/10_supportcase33_seed-4_20260504_202802/iterated_local_search/run_1_worker_16/ils_config_5947985051268900989.prm
[INFO]:[20:28:44] CPLEX results. Gap: 15.690000, upper bound: -325.000000, lower bound: -376.000000
[INFO]:[20:28:44] CPLEX solver finished. Gap: 15.690000
[INFO]:[20:28:44] New incumbent found with objective value: 15.69
[INFO]:[20:28:44] Starting CPLEX solver on instance: /home/yorig/tuner/mpils-tests/instances/miplib/easy/supportcase33.mps with config: /scratch/yorig/mpils-results-grid-seconds-10-4may/easy/24proc/seed-4/10_supportcase33_seed-4_20260504_202802/iterated_local_search/run_1_worker_16/ils_config_1483110128039394947.prm
[INFO]:[20:28:44] Starting CPLEX solver on instance: /home/yorig/tuner/mpils-tests/instances/miplib/easy/supportcase33.mps with config: /scratch/yorig/mpils-results-grid-seconds-10-4may/easy/24proc/seed-4/10_supportcase33_seed-4_20260504_202802/iterated_local_search/run_1_worker_16/ils_config_1483110128039394947.prm
[INFO]:[20:28:54] CPLEX results. Gap: 3.140000, upper bound: -345.000000, lower bound: -355.822379
[INFO]:[20:28:54] CPLEX solver finished. Gap: 3.140000
[INFO]:[20:28:54] New incumbent found with objective value: 3.14
[INFO]:[20:28:54] Starting CPLEX solver on instance: /home/yorig/tuner/mpils-tests/instances/miplib/easy/supportcase33.mps with config: /scratch/yorig/mpils-results-grid-seconds-10-4may/easy/24proc/seed-4/10_supportcase33_seed-4_20260504_202802/iterated_local_search/run_1_worker_16/ils_config_17513024493587359968.prm
[INFO]:[20:28:54] Starting CPLEX solver on instance: /home/yorig/tuner/mpils-tests/instances/miplib/easy/supportcase33.mps with config: /scratch/yorig/mpils-results-grid-seconds-10-4may/easy/24proc/seed-4/10_supportcase33_seed-4_20260504_202802/iterated_local_search/run_1_worker_16/ils_config_17513024493587359968.prm
[INFO]:[20:29:04] CPLEX results. Gap: 26.650000, upper bound: -330.000000, lower bound: -417.934211
[INFO]:[20:29:04] CPLEX solver finished. Gap: 26.650000
[INFO]:[20:29:04] Starting CPLEX solver on instance: /home/yorig/tuner/mpils-tests/instances/miplib/easy/supportcase33.mps with config: /scratch/yorig/mpils-results-grid-seconds-10-4may/easy/24proc/seed-4/10_supportcase33_seed-4_20260504_202802/iterated_local_search/run_1_worker_16/ils_config_13888390222922082461.prm
[INFO]:[20:29:04] Starting CPLEX solver on instance: /home/yorig/tuner/mpils-tests/instances/miplib/easy/supportcase33.mps with config: /scratch/yorig/mpils-results-grid-seconds-10-4may/easy/24proc/seed-4/10_supportcase33_seed-4_20260504_202802/iterated_local_search/run_1_worker_16/ils_config_13888390222922082461.prm
[INFO]:[20:29:14] CPLEX results. Gap: 11.270000, upper bound: -340.000000, lower bound: -378.333333
[INFO]:[20:29:14] CPLEX solver finished. Gap: 11.270000
[INFO]:[20:29:14] Starting CPLEX solver on instance: /home/yorig/tuner/mpils-tests/instances/miplib/easy/supportcase33.mps with config: /scratch/yorig/mpils-results-grid-seconds-10-4may/easy/24proc/seed-4/10_supportcase33_seed-4_20260504_202802/iterated_local_search/run_1_worker_16/ils_config_16294334124653277529.prm
[INFO]:[20:29:14] Starting CPLEX solver on instance: /home/yorig/tuner/mpils-tests/instances/miplib/easy/supportcase33.mps with config: /scratch/yorig/mpils-results-grid-seconds-10-4may/easy/24proc/seed-4/10_supportcase33_seed-4_20260504_202802/iterated_local_search/run_1_worker_16/ils_config_16294334124653277529.prm
[INFO]:[20:29:24] CPLEX results. Gap: 11.270000, upper bound: -340.000000, lower bound: -378.333333
[INFO]:[20:29:24] CPLEX solver finished. Gap: 11.270000
[INFO]:[20:29:24] Starting CPLEX solver on instance: /home/yorig/tuner/mpils-tests/instances/miplib/easy/supportcase33.mps with config: /scratch/yorig/mpils-results-grid-seconds-10-4may/easy/24proc/seed-4/10_supportcase33_seed-4_20260504_202802/iterated_local_search/run_1_worker_16/ils_config_16670652935999107046.prm
[INFO]:[20:29:24] Starting CPLEX solver on instance: /home/yorig/tuner/mpils-tests/instances/miplib/easy/supportcase33.mps with config: /scratch/yorig/mpils-results-grid-seconds-10-4may/easy/24proc/seed-4/10_supportcase33_seed-4_20260504_202802/iterated_local_search/run_1_worker_16/ils_config_16670652935999107046.prm
[INFO]:[20:29:34] CPLEX results. Gap: 6.620000, upper bound: -340.000000, lower bound: -362.500000
[INFO]:[20:29:34] CPLEX solver finished. Gap: 6.620000
[INFO]:[20:29:34] Received global ILS stop signal from rank 8.
[INFO]:[20:29:34] Local search phase completed.
[INFO]:[20:29:34] Total number of new local-search evaluations: 9
[INFO]:[20:29:34] Final incumbent objective value: 3.14
[INFO]:[20:29:34] Worker 16 completed exploration phase.
[INFO]:[20:29:34] Worker 16 received order for step 3.
[INFO]:[20:29:34] Worker 16 finished.
