[INFO]:[19:00:55] Worker 14 starting.
[INFO]:[19:00:55] Worker 14 received order for step 1.
[INFO]:[19:00:55] Worker 14 running exploration phase for iteration 1.
[INFO]:[19:00:55] Worker 14 at iteration 1 will not use a MIP start file. Current best MIP-start upper bound threshold is 1.79769e+308.
[INFO]:[19:00:55] Starting local search phase...
[INFO]:[19:00:55] Worker (ils_group_rank=14) entering parallel ILS evaluation service.
[INFO]:[19:00:55] Starting CPLEX solver on instance: /home/yorig/tuner/mpils-tests/instances/miplib/medium-2/supportcase26.mps with config: /scratch/yorig/mpils-results-grid-ticks-10000-7may/medium-2/16proc-16pils/seed-6/7_supportcase26_seed-6_20260510_190054/iterated_local_search/run_1_worker_0/parallel_0_14.prm
[INFO]:[19:01:01] CPLEX results. Gap: 18.840000, upper bound: 1802.190579, lower bound: 1462.701210
[INFO]:[19:01:01] CPLEX solver finished. Gap: 18.840000
[INFO]:[19:01:02] Starting CPLEX solver on instance: /home/yorig/tuner/mpils-tests/instances/miplib/medium-2/supportcase26.mps with config: /scratch/yorig/mpils-results-grid-ticks-10000-7may/medium-2/16proc-16pils/seed-6/7_supportcase26_seed-6_20260510_190054/iterated_local_search/run_1_worker_0/parallel_16_14.prm
[INFO]:[19:01:08] CPLEX results. Gap: 12.700000, upper bound: 1810.726196, lower bound: 1580.732747
[INFO]:[19:01:08] CPLEX solver finished. Gap: 12.700000
[INFO]:[19:01:09] Worker (ils_group_rank=14) exiting parallel ILS evaluation service.
[INFO]:[19:01:09] Worker 14 completed exploration phase.
[INFO]:[19:01:09] Worker 14 received order for step 2.
[INFO]:[19:01:09] Worker 14 running expansion phase for iteration 1.
[INFO]:[19:01:09] Worker 14 will use solver log file: /scratch/yorig/mpils-results-grid-ticks-10000-7may/medium-2/16proc-16pils/seed-6/7_supportcase26_seed-6_20260510_190054/solver/cplex.log_iteration_expansion_1_worker_14
[INFO]:[19:01:09] Expansion Worker 14 starting expansion for iteration 1.
[INFO]:[19:01:09] Starting CPLEX solver on instance: /home/yorig/tuner/mpils-tests/instances/miplib/medium-2/supportcase26.mps with config: /scratch/yorig/mpils-results-grid-ticks-10000-7may/medium-2/16proc-16pils/seed-6/7_supportcase26_seed-6_20260510_190054/expansion/config_param_CPXPARAM_MIP_Strategy_NodeSelect_2_iter_1.prm
[INFO]:[19:01:15] CPLEX results. Gap: 16.440000, upper bound: 1772.962523, lower bound: 1481.550722
[INFO]:[19:01:15] CPLEX solver finished. Gap: 16.440000
[INFO]:[19:01:16] Expansion Worker 14 stopping early after global MPI expansion stop was activated.
[INFO]:[19:01:16] Expansion Worker 14 completed expansion.
[INFO]:[19:01:16] Worker 14 completed expansion phase.
[INFO]:[19:01:16] Worker 14 received order for step 1.
[INFO]:[19:01:16] Worker 14 running exploration phase for iteration 2.
[INFO]:[19:01:16] Worker 14 at iteration 2 will not use a MIP start file. Current best MIP-start upper bound threshold is 1.79769e+308.
[INFO]:[19:01:16] Starting local search phase...
[INFO]:[19:01:16] Worker (ils_group_rank=14) entering parallel ILS evaluation service.
[INFO]:[19:01:16] Starting CPLEX solver on instance: /home/yorig/tuner/mpils-tests/instances/miplib/medium-2/supportcase26.mps with config: /scratch/yorig/mpils-results-grid-ticks-10000-7may/medium-2/16proc-16pils/seed-6/7_supportcase26_seed-6_20260510_190054/iterated_local_search/run_2_worker_0/parallel_0_14.prm
[INFO]:[19:01:21] CPLEX results. Gap: 11.010000, upper bound: 1827.711043, lower bound: 1626.399028
[INFO]:[19:01:21] CPLEX solver finished. Gap: 11.010000
[INFO]:[19:01:22] Worker (ils_group_rank=14) exiting parallel ILS evaluation service.
[INFO]:[19:01:22] Worker 14 completed exploration phase.
[INFO]:[19:01:22] Worker 14 received order for step 2.
[INFO]:[19:01:22] Worker 14 running expansion phase for iteration 2.
[INFO]:[19:01:22] Worker 14 will use solver log file: /scratch/yorig/mpils-results-grid-ticks-10000-7may/medium-2/16proc-16pils/seed-6/7_supportcase26_seed-6_20260510_190054/solver/cplex.log_iteration_expansion_2_worker_14
[INFO]:[19:01:22] Expansion Worker 14 starting expansion for iteration 2.
[INFO]:[19:01:22] Starting CPLEX solver on instance: /home/yorig/tuner/mpils-tests/instances/miplib/medium-2/supportcase26.mps with config: /scratch/yorig/mpils-results-grid-ticks-10000-7may/medium-2/16proc-16pils/seed-6/7_supportcase26_seed-6_20260510_190054/expansion/config_param_CPXPARAM_MIP_Strategy_Dive_3_iter_2.prm
[INFO]:[19:01:28] CPLEX results. Gap: 12.600000, upper bound: 1836.203465, lower bound: 1604.767142
[INFO]:[19:01:28] CPLEX solver finished. Gap: 12.600000
[INFO]:[19:01:29] Starting CPLEX solver on instance: /home/yorig/tuner/mpils-tests/instances/miplib/medium-2/supportcase26.mps with config: /scratch/yorig/mpils-results-grid-ticks-10000-7may/medium-2/16proc-16pils/seed-6/7_supportcase26_seed-6_20260510_190054/expansion/config_param_CPXPARAM_MIP_Strategy_RINSHeur_60_iter_2.prm
[INFO]:[19:01:35] CPLEX results. Gap: 15.330000, upper bound: 1827.711043, lower bound: 1547.521516
[INFO]:[19:01:35] CPLEX solver finished. Gap: 15.330000
[INFO]:[19:01:36] Starting CPLEX solver on instance: /home/yorig/tuner/mpils-tests/instances/miplib/medium-2/supportcase26.mps with config: /scratch/yorig/mpils-results-grid-ticks-10000-7may/medium-2/16proc-16pils/seed-6/7_supportcase26_seed-6_20260510_190054/expansion/config_param_CPXPARAM_MIP_Limits_CutsFactor_2_iter_2.prm
[INFO]:[19:01:42] CPLEX results. Gap: 16.610000, upper bound: 1874.376171, lower bound: 1563.011587
[INFO]:[19:01:42] CPLEX solver finished. Gap: 16.610000
[INFO]:[19:01:43] Expansion Worker 14 stopping early after global MPI expansion stop was activated.
[INFO]:[19:01:43] Expansion Worker 14 completed expansion.
[INFO]:[19:01:43] Worker 14 completed expansion phase.
[INFO]:[19:01:43] Worker 14 received order for step 1.
[INFO]:[19:01:43] Worker 14 running exploration phase for iteration 3.
[INFO]:[19:01:43] Worker 14 at iteration 3 will not use a MIP start file. Current best MIP-start upper bound threshold is 1.79769e+308.
[INFO]:[19:01:43] Starting local search phase...
[INFO]:[19:01:43] Worker (ils_group_rank=14) entering parallel ILS evaluation service.
[INFO]:[19:01:43] Starting CPLEX solver on instance: /home/yorig/tuner/mpils-tests/instances/miplib/medium-2/supportcase26.mps with config: /scratch/yorig/mpils-results-grid-ticks-10000-7may/medium-2/16proc-16pils/seed-6/7_supportcase26_seed-6_20260510_190054/iterated_local_search/run_3_worker_0/parallel_0_14.prm
[INFO]:[19:01:48] CPLEX results. Gap: 14.900000, upper bound: 1836.160269, lower bound: 1562.563159
[INFO]:[19:01:48] CPLEX solver finished. Gap: 14.900000
[INFO]:[19:01:49] Starting CPLEX solver on instance: /home/yorig/tuner/mpils-tests/instances/miplib/medium-2/supportcase26.mps with config: /scratch/yorig/mpils-results-grid-ticks-10000-7may/medium-2/16proc-16pils/seed-6/7_supportcase26_seed-6_20260510_190054/iterated_local_search/run_3_worker_0/parallel_16_14.prm
[INFO]:[19:01:55] CPLEX results. Gap: 9.170000, upper bound: 1802.233775, lower bound: 1636.962879
[INFO]:[19:01:55] CPLEX solver finished. Gap: 9.170000
[INFO]:[19:01:56] Worker (ils_group_rank=14) exiting parallel ILS evaluation service.
[INFO]:[19:01:56] Worker 14 completed exploration phase.
[INFO]:[19:01:56] Worker 14 received order for step 2.
[INFO]:[19:01:56] Worker 14 running expansion phase for iteration 3.
[INFO]:[19:01:56] Worker 14 will use solver log file: /scratch/yorig/mpils-results-grid-ticks-10000-7may/medium-2/16proc-16pils/seed-6/7_supportcase26_seed-6_20260510_190054/solver/cplex.log_iteration_expansion_3_worker_14
[INFO]:[19:01:56] Expansion Worker 14 starting expansion for iteration 3.
[INFO]:[19:01:56] Starting CPLEX solver on instance: /home/yorig/tuner/mpils-tests/instances/miplib/medium-2/supportcase26.mps with config: /scratch/yorig/mpils-results-grid-ticks-10000-7may/medium-2/16proc-16pils/seed-6/7_supportcase26_seed-6_20260510_190054/expansion/config_param_CPXPARAM_MIP_Strategy_LBHeur_1_iter_3.prm
[INFO]:[19:02:01] CPLEX results. Gap: 9.540000, upper bound: 1819.218621, lower bound: 1645.680940
[INFO]:[19:02:01] CPLEX solver finished. Gap: 9.540000
[INFO]:[19:02:03] Expansion Worker 14 stopping early after global MPI expansion stop was activated.
[INFO]:[19:02:03] Expansion Worker 14 completed expansion.
[INFO]:[19:02:03] Worker 14 completed expansion phase.
[INFO]:[19:02:03] Worker 14 received order for step 1.
[INFO]:[19:02:03] Worker 14 running exploration phase for iteration 4.
[INFO]:[19:02:03] Worker 14 at iteration 4 will not use a MIP start file. Current best MIP-start upper bound threshold is 1.79769e+308.
[INFO]:[19:02:03] Starting local search phase...
[INFO]:[19:02:03] Worker (ils_group_rank=14) entering parallel ILS evaluation service.
[INFO]:[19:02:03] Starting CPLEX solver on instance: /home/yorig/tuner/mpils-tests/instances/miplib/medium-2/supportcase26.mps with config: /scratch/yorig/mpils-results-grid-ticks-10000-7may/medium-2/16proc-16pils/seed-6/7_supportcase26_seed-6_20260510_190054/iterated_local_search/run_4_worker_0/parallel_0_14.prm
[INFO]:[19:02:09] CPLEX results. Gap: 9.170000, upper bound: 1802.233775, lower bound: 1636.962879
[INFO]:[19:02:09] CPLEX solver finished. Gap: 9.170000
[INFO]:[19:02:10] Starting CPLEX solver on instance: /home/yorig/tuner/mpils-tests/instances/miplib/medium-2/supportcase26.mps with config: /scratch/yorig/mpils-results-grid-ticks-10000-7may/medium-2/16proc-16pils/seed-6/7_supportcase26_seed-6_20260510_190054/iterated_local_search/run_4_worker_0/parallel_16_14.prm
[INFO]:[19:02:16] CPLEX results. Gap: 16.970000, upper bound: 1857.391325, lower bound: 1542.123755
[INFO]:[19:02:16] CPLEX solver finished. Gap: 16.970000
[INFO]:[19:02:17] Worker (ils_group_rank=14) exiting parallel ILS evaluation service.
[INFO]:[19:02:17] Worker 14 completed exploration phase.
[INFO]:[19:02:17] Worker 14 received order for step 2.
[INFO]:[19:02:17] Worker 14 running expansion phase for iteration 4.
[INFO]:[19:02:17] Worker 14 will use solver log file: /scratch/yorig/mpils-results-grid-ticks-10000-7may/medium-2/16proc-16pils/seed-6/7_supportcase26_seed-6_20260510_190054/solver/cplex.log_iteration_expansion_4_worker_14
[INFO]:[19:02:17] Expansion Worker 14 starting expansion for iteration 4.
[INFO]:[19:02:17] Starting CPLEX solver on instance: /home/yorig/tuner/mpils-tests/instances/miplib/medium-2/supportcase26.mps with config: /scratch/yorig/mpils-results-grid-ticks-10000-7may/medium-2/16proc-16pils/seed-6/7_supportcase26_seed-6_20260510_190054/expansion/config_param_CPXPARAM_MIP_Strategy_SubAlgorithm_2_iter_4.prm
[INFO]:[19:02:22] CPLEX results. Gap: 7.580000, upper bound: 1810.726198, lower bound: 1673.559493
[INFO]:[19:02:22] CPLEX solver finished. Gap: 7.580000
[INFO]:[19:02:23] Expansion Worker 14 stopping early after global MPI expansion stop was activated.
[INFO]:[19:02:23] Expansion Worker 14 completed expansion.
[INFO]:[19:02:23] Worker 14 completed expansion phase.
[INFO]:[19:02:23] Worker 14 received order for step 1.
[INFO]:[19:02:23] Worker 14 running exploration phase for iteration 5.
[INFO]:[19:02:23] Worker 14 at iteration 5 will not use a MIP start file. Current best MIP-start upper bound threshold is 1.79769e+308.
[INFO]:[19:02:23] Starting local search phase...
[INFO]:[19:02:23] Worker (ils_group_rank=14) entering parallel ILS evaluation service.
[INFO]:[19:02:23] Starting CPLEX solver on instance: /home/yorig/tuner/mpils-tests/instances/miplib/medium-2/supportcase26.mps with config: /scratch/yorig/mpils-results-grid-ticks-10000-7may/medium-2/16proc-16pils/seed-6/7_supportcase26_seed-6_20260510_190054/iterated_local_search/run_5_worker_0/parallel_0_14.prm
[INFO]:[19:02:29] CPLEX results. Gap: 15.330000, upper bound: 1827.711043, lower bound: 1547.521516
[INFO]:[19:02:29] CPLEX solver finished. Gap: 15.330000
[INFO]:[19:02:30] Worker (ils_group_rank=14) exiting parallel ILS evaluation service.
[INFO]:[19:02:30] Worker 14 completed exploration phase.
[INFO]:[19:02:30] Worker 14 received order for step 2.
[INFO]:[19:02:30] Worker 14 running expansion phase for iteration 5.
[INFO]:[19:02:30] Worker 14 will use solver log file: /scratch/yorig/mpils-results-grid-ticks-10000-7may/medium-2/16proc-16pils/seed-6/7_supportcase26_seed-6_20260510_190054/solver/cplex.log_iteration_expansion_5_worker_14
[INFO]:[19:02:30] Expansion Worker 14 starting expansion for iteration 5.
[INFO]:[19:02:30] Starting CPLEX solver on instance: /home/yorig/tuner/mpils-tests/instances/miplib/medium-2/supportcase26.mps with config: /scratch/yorig/mpils-results-grid-ticks-10000-7may/medium-2/16proc-16pils/seed-6/7_supportcase26_seed-6_20260510_190054/expansion/config_param_CPXPARAM_MIP_Strategy_SubAlgorithm_3_iter_5.prm
[INFO]:[19:02:35] CPLEX results. Gap: 18.620000, upper bound: 1776.756507, lower bound: 1445.903662
[INFO]:[19:02:35] CPLEX solver finished. Gap: 18.620000
[INFO]:[19:02:36] Expansion Worker 14 stopping early after global MPI expansion stop was activated.
[INFO]:[19:02:36] Expansion Worker 14 completed expansion.
[INFO]:[19:02:36] Worker 14 completed expansion phase.
[INFO]:[19:02:36] Worker 14 received order for step 1.
[INFO]:[19:02:36] Worker 14 running exploration phase for iteration 6.
[INFO]:[19:02:36] Worker 14 at iteration 6 will not use a MIP start file. Current best MIP-start upper bound threshold is 1.79769e+308.
[INFO]:[19:02:36] Starting local search phase...
[INFO]:[19:02:36] Worker (ils_group_rank=14) entering parallel ILS evaluation service.
[INFO]:[19:02:36] Starting CPLEX solver on instance: /home/yorig/tuner/mpils-tests/instances/miplib/medium-2/supportcase26.mps with config: /scratch/yorig/mpils-results-grid-ticks-10000-7may/medium-2/16proc-16pils/seed-6/7_supportcase26_seed-6_20260510_190054/iterated_local_search/run_6_worker_0/parallel_0_14.prm
[INFO]:[19:02:41] CPLEX results. Gap: 12.010000, upper bound: 1806.479986, lower bound: 1589.466187
[INFO]:[19:02:41] CPLEX solver finished. Gap: 12.010000
[INFO]:[19:02:43] Worker (ils_group_rank=14) exiting parallel ILS evaluation service.
[INFO]:[19:02:43] Worker 14 completed exploration phase.
[INFO]:[19:02:43] Worker 14 received order for step 2.
[INFO]:[19:02:43] Worker 14 running expansion phase for iteration 6.
[INFO]:[19:02:43] Worker 14 will use solver log file: /scratch/yorig/mpils-results-grid-ticks-10000-7may/medium-2/16proc-16pils/seed-6/7_supportcase26_seed-6_20260510_190054/solver/cplex.log_iteration_expansion_6_worker_14
[INFO]:[19:02:43] Expansion Worker 14 starting expansion for iteration 6.
[INFO]:[19:02:43] Starting CPLEX solver on instance: /home/yorig/tuner/mpils-tests/instances/miplib/medium-2/supportcase26.mps with config: /scratch/yorig/mpils-results-grid-ticks-10000-7may/medium-2/16proc-16pils/seed-6/7_supportcase26_seed-6_20260510_190054/expansion/config_param_CPXPARAM_Simplex_DGradient_4_iter_6.prm
[INFO]:[19:02:48] CPLEX results. Gap: 10.260000, upper bound: 1781.002719, lower bound: 1598.341489
[INFO]:[19:02:48] CPLEX solver finished. Gap: 10.260000
[INFO]:[19:02:49] Expansion Worker 14 stopping early after global MPI expansion stop was activated.
[INFO]:[19:02:49] Expansion Worker 14 completed expansion.
[INFO]:[19:02:49] Worker 14 completed expansion phase.
[INFO]:[19:02:49] Worker 14 received order for step 1.
[INFO]:[19:02:49] Worker 14 running exploration phase for iteration 7.
[INFO]:[19:02:49] Worker 14 at iteration 7 will not use a MIP start file. Current best MIP-start upper bound threshold is 1.79769e+308.
[INFO]:[19:02:49] Starting local search phase...
[INFO]:[19:02:49] Worker (ils_group_rank=14) entering parallel ILS evaluation service.
[INFO]:[19:02:50] Starting CPLEX solver on instance: /home/yorig/tuner/mpils-tests/instances/miplib/medium-2/supportcase26.mps with config: /scratch/yorig/mpils-results-grid-ticks-10000-7may/medium-2/16proc-16pils/seed-6/7_supportcase26_seed-6_20260510_190054/iterated_local_search/run_7_worker_0/parallel_0_14.prm
[INFO]:[19:02:55] CPLEX results. Gap: 7.730000, upper bound: 1806.479986, lower bound: 1666.757271
[INFO]:[19:02:55] CPLEX solver finished. Gap: 7.730000
[INFO]:[19:02:56] Worker (ils_group_rank=14) exiting parallel ILS evaluation service.
[INFO]:[19:02:56] Worker 14 completed exploration phase.
[INFO]:[19:02:56] Worker 14 received order for step 2.
[INFO]:[19:02:56] Worker 14 running expansion phase for iteration 7.
[INFO]:[19:02:56] Worker 14 will use solver log file: /scratch/yorig/mpils-results-grid-ticks-10000-7may/medium-2/16proc-16pils/seed-6/7_supportcase26_seed-6_20260510_190054/solver/cplex.log_iteration_expansion_7_worker_14
[INFO]:[19:02:56] Expansion Worker 14 starting expansion for iteration 7.
[INFO]:[19:02:56] Starting CPLEX solver on instance: /home/yorig/tuner/mpils-tests/instances/miplib/medium-2/supportcase26.mps with config: /scratch/yorig/mpils-results-grid-ticks-10000-7may/medium-2/16proc-16pils/seed-6/7_supportcase26_seed-6_20260510_190054/expansion/config_param_CPXPARAM_Simplex_PGradient_4_iter_7.prm
[INFO]:[19:03:01] CPLEX results. Gap: 10.360000, upper bound: 1810.726198, lower bound: 1623.210518
[INFO]:[19:03:01] CPLEX solver finished. Gap: 10.360000
[INFO]:[19:03:02] Starting CPLEX solver on instance: /home/yorig/tuner/mpils-tests/instances/miplib/medium-2/supportcase26.mps with config: /scratch/yorig/mpils-results-grid-ticks-10000-7may/medium-2/16proc-16pils/seed-6/7_supportcase26_seed-6_20260510_190054/expansion/config_param_CPXPARAM_Barrier_Ordering_3_iter_7.prm
[INFO]:[19:03:08] CPLEX results. Gap: 6.470000, upper bound: 1759.771662, lower bound: 1645.991296
[INFO]:[19:03:08] CPLEX solver finished. Gap: 6.470000
[INFO]:[19:03:14] Expansion Worker 14 completed expansion.
[INFO]:[19:03:14] Worker 14 completed expansion phase.
[INFO]:[19:03:14] Worker 14 received order for step 1.
[INFO]:[19:03:14] Worker 14 running exploration phase for iteration 8.
[INFO]:[19:03:14] Worker 14 at iteration 8 will not use a MIP start file. Current best MIP-start upper bound threshold is 1.79769e+308.
[INFO]:[19:03:14] Starting local search phase...
[INFO]:[19:03:14] Worker (ils_group_rank=14) entering parallel ILS evaluation service.
[INFO]:[19:03:14] Starting CPLEX solver on instance: /home/yorig/tuner/mpils-tests/instances/miplib/medium-2/supportcase26.mps with config: /scratch/yorig/mpils-results-grid-ticks-10000-7may/medium-2/16proc-16pils/seed-6/7_supportcase26_seed-6_20260510_190054/iterated_local_search/run_8_worker_0/parallel_0_14.prm
[INFO]:[19:03:19] CPLEX results. Gap: 20.940000, upper bound: 1836.203466, lower bound: 1451.736225
[INFO]:[19:03:19] CPLEX solver finished. Gap: 20.940000
[INFO]:[19:03:21] Worker (ils_group_rank=14) exiting parallel ILS evaluation service.
[INFO]:[19:03:21] Worker 14 completed exploration phase.
[INFO]:[19:03:21] Worker 14 received order for step 2.
[INFO]:[19:03:21] Worker 14 running expansion phase for iteration 8.
[INFO]:[19:03:21] Worker 14 will use solver log file: /scratch/yorig/mpils-results-grid-ticks-10000-7may/medium-2/16proc-16pils/seed-6/7_supportcase26_seed-6_20260510_190054/solver/cplex.log_iteration_expansion_8_worker_14
[INFO]:[19:03:21] Expansion Worker 14 starting expansion for iteration 8.
[INFO]:[19:03:21] Starting CPLEX solver on instance: /home/yorig/tuner/mpils-tests/instances/miplib/medium-2/supportcase26.mps with config: /scratch/yorig/mpils-results-grid-ticks-10000-7may/medium-2/16proc-16pils/seed-6/7_supportcase26_seed-6_20260510_190054/expansion/config_param_CPXPARAM_Feasopt_Mode_5_iter_8.prm
[INFO]:[19:03:26] CPLEX results. Gap: 6.470000, upper bound: 1759.771662, lower bound: 1645.991296
[INFO]:[19:03:26] CPLEX solver finished. Gap: 6.470000
[INFO]:[19:03:27] Expansion Worker 14 stopping early after global MPI expansion stop was activated.
[INFO]:[19:03:27] Expansion Worker 14 completed expansion.
[INFO]:[19:03:27] Worker 14 completed expansion phase.
[INFO]:[19:03:27] Worker 14 received order for step 1.
[INFO]:[19:03:27] Worker 14 running exploration phase for iteration 9.
[INFO]:[19:03:27] Worker 14 at iteration 9 will not use a MIP start file. Current best MIP-start upper bound threshold is 1.79769e+308.
[INFO]:[19:03:27] Starting local search phase...
[INFO]:[19:03:27] Worker (ils_group_rank=14) entering parallel ILS evaluation service.
[INFO]:[19:03:27] Starting CPLEX solver on instance: /home/yorig/tuner/mpils-tests/instances/miplib/medium-2/supportcase26.mps with config: /scratch/yorig/mpils-results-grid-ticks-10000-7may/medium-2/16proc-16pils/seed-6/7_supportcase26_seed-6_20260510_190054/iterated_local_search/run_9_worker_0/parallel_0_14.prm
[INFO]:[19:03:32] CPLEX results. Gap: 7.730000, upper bound: 1806.479986, lower bound: 1666.757271
[INFO]:[19:03:32] CPLEX solver finished. Gap: 7.730000
[INFO]:[19:03:33] Starting CPLEX solver on instance: /home/yorig/tuner/mpils-tests/instances/miplib/medium-2/supportcase26.mps with config: /scratch/yorig/mpils-results-grid-ticks-10000-7may/medium-2/16proc-16pils/seed-6/7_supportcase26_seed-6_20260510_190054/iterated_local_search/run_9_worker_0/parallel_16_14.prm
[INFO]:[19:03:39] CPLEX results. Gap: 9.640000, upper bound: 1789.495142, lower bound: 1617.044288
[INFO]:[19:03:39] CPLEX solver finished. Gap: 9.640000
[INFO]:[19:03:40] Worker (ils_group_rank=14) exiting parallel ILS evaluation service.
[INFO]:[19:03:40] Worker 14 completed exploration phase.
[INFO]:[19:03:40] Worker 14 received order for step 2.
[INFO]:[19:03:40] Worker 14 running expansion phase for iteration 9.
[INFO]:[19:03:40] Worker 14 will use solver log file: /scratch/yorig/mpils-results-grid-ticks-10000-7may/medium-2/16proc-16pils/seed-6/7_supportcase26_seed-6_20260510_190054/solver/cplex.log_iteration_expansion_9_worker_14
[INFO]:[19:03:40] Expansion Worker 14 starting expansion for iteration 9.
[INFO]:[19:03:40] Starting CPLEX solver on instance: /home/yorig/tuner/mpils-tests/instances/miplib/medium-2/supportcase26.mps with config: /scratch/yorig/mpils-results-grid-ticks-10000-7may/medium-2/16proc-16pils/seed-6/7_supportcase26_seed-6_20260510_190054/expansion/config_param_CPXPARAM_MIP_Strategy_File_0_iter_9.prm
[INFO]:[19:03:45] CPLEX results. Gap: 4.660000, upper bound: 1751.279240, lower bound: 1669.742250
[INFO]:[19:03:45] CPLEX solver finished. Gap: 4.660000
[INFO]:[19:03:52] Expansion Worker 14 completed expansion.
[INFO]:[19:03:52] Worker 14 completed expansion phase.
[INFO]:[19:03:52] Worker 14 received order for step 1.
[INFO]:[19:03:52] Worker 14 running exploration phase for iteration 10.
[INFO]:[19:03:52] Worker 14 at iteration 10 will not use a MIP start file. Current best MIP-start upper bound threshold is 1.79769e+308.
[INFO]:[19:03:52] Starting local search phase...
[INFO]:[19:03:52] Worker (ils_group_rank=14) entering parallel ILS evaluation service.
[INFO]:[19:03:52] Starting CPLEX solver on instance: /home/yorig/tuner/mpils-tests/instances/miplib/medium-2/supportcase26.mps with config: /scratch/yorig/mpils-results-grid-ticks-10000-7may/medium-2/16proc-16pils/seed-6/7_supportcase26_seed-6_20260510_190054/iterated_local_search/run_10_worker_0/parallel_0_14.prm
[INFO]:[19:03:57] CPLEX results. Gap: 8.980000, upper bound: 1836.203465, lower bound: 1671.354801
[INFO]:[19:03:57] CPLEX solver finished. Gap: 8.980000
[INFO]:[19:03:59] Starting CPLEX solver on instance: /home/yorig/tuner/mpils-tests/instances/miplib/medium-2/supportcase26.mps with config: /scratch/yorig/mpils-results-grid-ticks-10000-7may/medium-2/16proc-16pils/seed-6/7_supportcase26_seed-6_20260510_190054/iterated_local_search/run_10_worker_0/parallel_16_14.prm
[INFO]:[19:04:03] CPLEX results. Gap: 13.830000, upper bound: 1819.218621, lower bound: 1567.579586
[INFO]:[19:04:03] CPLEX solver finished. Gap: 13.830000
[INFO]:[19:04:06] Worker (ils_group_rank=14) exiting parallel ILS evaluation service.
[INFO]:[19:04:06] Worker 14 completed exploration phase.
[INFO]:[19:04:06] Worker 14 received order for step 2.
[INFO]:[19:04:06] Worker 14 running expansion phase for iteration 10.
[INFO]:[19:04:06] Worker 14 will use solver log file: /scratch/yorig/mpils-results-grid-ticks-10000-7may/medium-2/16proc-16pils/seed-6/7_supportcase26_seed-6_20260510_190054/solver/cplex.log_iteration_expansion_10_worker_14
[INFO]:[19:04:06] Expansion Worker 14 starting expansion for iteration 10.
[INFO]:[19:04:06] Starting CPLEX solver on instance: /home/yorig/tuner/mpils-tests/instances/miplib/medium-2/supportcase26.mps with config: /scratch/yorig/mpils-results-grid-ticks-10000-7may/medium-2/16proc-16pils/seed-6/7_supportcase26_seed-6_20260510_190054/expansion/config_param_CPXPARAM_Simplex_Limits_Singularity_5_iter_10.prm
[INFO]:[19:04:11] CPLEX results. Gap: 4.660000, upper bound: 1751.279240, lower bound: 1669.742250
[INFO]:[19:04:11] CPLEX solver finished. Gap: 4.660000
[INFO]:[19:04:17] Expansion Worker 14 completed expansion.
[INFO]:[19:04:17] Worker 14 completed expansion phase.
[INFO]:[19:04:17] Worker 14 received order for step 1.
[INFO]:[19:04:17] Worker 14 running exploration phase for iteration 11.
[INFO]:[19:04:17] Worker 14 at iteration 11 will not use a MIP start file. Current best MIP-start upper bound threshold is 1.79769e+308.
[INFO]:[19:04:17] Starting local search phase...
[INFO]:[19:04:17] Worker (ils_group_rank=14) entering parallel ILS evaluation service.
[INFO]:[19:04:17] Starting CPLEX solver on instance: /home/yorig/tuner/mpils-tests/instances/miplib/medium-2/supportcase26.mps with config: /scratch/yorig/mpils-results-grid-ticks-10000-7may/medium-2/16proc-16pils/seed-6/7_supportcase26_seed-6_20260510_190054/iterated_local_search/run_11_worker_0/parallel_0_14.prm
[INFO]:[19:04:22] CPLEX results. Gap: 13.830000, upper bound: 1819.218621, lower bound: 1567.579586
[INFO]:[19:04:22] CPLEX solver finished. Gap: 13.830000
[INFO]:[19:04:24] Starting CPLEX solver on instance: /home/yorig/tuner/mpils-tests/instances/miplib/medium-2/supportcase26.mps with config: /scratch/yorig/mpils-results-grid-ticks-10000-7may/medium-2/16proc-16pils/seed-6/7_supportcase26_seed-6_20260510_190054/iterated_local_search/run_11_worker_0/parallel_16_14.prm
[INFO]:[19:04:29] CPLEX results. Gap: 4.660000, upper bound: 1751.279240, lower bound: 1669.742250
[INFO]:[19:04:29] CPLEX solver finished. Gap: 4.660000
[INFO]:[19:04:30] Worker (ils_group_rank=14) exiting parallel ILS evaluation service.
[INFO]:[19:04:30] Worker 14 completed exploration phase.
[INFO]:[19:04:30] Worker 14 received order for step 3.
[INFO]:[19:04:30] Worker 14 finished.
