[INFO]:[03:23:45] Worker 18 starting.
[INFO]:[03:23:45] Worker 18 received order for step 1.
[INFO]:[03:23:45] Worker 18 running exploration phase for iteration 1.
[INFO]:[03:23:45] Worker 18 at iteration 1 will not use a MIP start file. Current best MIP-start upper bound threshold is 1.79769e+308.
[INFO]:[03:23:45] Starting local search phase...
[INFO]:[03:23:45] Worker (ils_group_rank=2) entering parallel ILS evaluation service.
[INFO]:[03:23:45] Starting CPLEX solver on instance: /home/yorig/tuner/mpils-tests/instances/miplib/easy/csched008.mps with config: /scratch/yorig/mpils-results-grid-ticks-10000-7may/easy/24proc-4pils/seed-5/1_csched008_seed-5_20260510_032344/iterated_local_search/run_1_worker_16/parallel_0_2.prm
[INFO]:[03:23:52] CPLEX results. Gap: 3.930000, upper bound: 178.000000, lower bound: 171.000000
[INFO]:[03:23:52] CPLEX solver finished. Gap: 3.930000
[INFO]:[03:23:52] Starting CPLEX solver on instance: /home/yorig/tuner/mpils-tests/instances/miplib/easy/csched008.mps with config: /scratch/yorig/mpils-results-grid-ticks-10000-7may/easy/24proc-4pils/seed-5/1_csched008_seed-5_20260510_032344/iterated_local_search/run_1_worker_16/parallel_4_2.prm
[INFO]:[03:23:59] CPLEX results. Gap: 2.840000, upper bound: 176.000000, lower bound: 171.000000
[INFO]:[03:23:59] CPLEX solver finished. Gap: 2.840000
[INFO]:[03:23:59] Starting CPLEX solver on instance: /home/yorig/tuner/mpils-tests/instances/miplib/easy/csched008.mps with config: /scratch/yorig/mpils-results-grid-ticks-10000-7may/easy/24proc-4pils/seed-5/1_csched008_seed-5_20260510_032344/iterated_local_search/run_1_worker_16/parallel_8_2.prm
[INFO]:[03:24:05] CPLEX results. Gap: 3.930000, upper bound: 178.000000, lower bound: 171.000000
[INFO]:[03:24:05] CPLEX solver finished. Gap: 3.930000
[INFO]:[03:24:05] Starting CPLEX solver on instance: /home/yorig/tuner/mpils-tests/instances/miplib/easy/csched008.mps with config: /scratch/yorig/mpils-results-grid-ticks-10000-7may/easy/24proc-4pils/seed-5/1_csched008_seed-5_20260510_032344/iterated_local_search/run_1_worker_16/parallel_12_2.prm
[INFO]:[03:24:12] CPLEX results. Gap: 1.710000, upper bound: 175.000000, lower bound: 172.000000
[INFO]:[03:24:12] CPLEX solver finished. Gap: 1.710000
[INFO]:[03:24:13] Starting CPLEX solver on instance: /home/yorig/tuner/mpils-tests/instances/miplib/easy/csched008.mps with config: /scratch/yorig/mpils-results-grid-ticks-10000-7may/easy/24proc-4pils/seed-5/1_csched008_seed-5_20260510_032344/iterated_local_search/run_1_worker_16/parallel_16_2.prm
[INFO]:[03:24:19] CPLEX results. Gap: 3.930000, upper bound: 178.000000, lower bound: 171.000000
[INFO]:[03:24:19] CPLEX solver finished. Gap: 3.930000
[INFO]:[03:24:19] Worker (ils_group_rank=2) exiting parallel ILS evaluation service.
[INFO]:[03:24:19] Worker 18 completed exploration phase.
[INFO]:[03:24:19] Worker 18 received order for step 2.
[INFO]:[03:24:19] Worker 18 running expansion phase for iteration 1.
[INFO]:[03:24:19] Worker 18 will use solver log file: /scratch/yorig/mpils-results-grid-ticks-10000-7may/easy/24proc-4pils/seed-5/1_csched008_seed-5_20260510_032344/solver/cplex.log_iteration_expansion_1_worker_18
[INFO]:[03:24:19] Expansion Worker 18 starting expansion for iteration 1.
[INFO]:[03:24:19] Starting CPLEX solver on instance: /home/yorig/tuner/mpils-tests/instances/miplib/easy/csched008.mps with config: /scratch/yorig/mpils-results-grid-ticks-10000-7may/easy/24proc-4pils/seed-5/1_csched008_seed-5_20260510_032344/expansion/config_param_CPXPARAM_MIP_Strategy_Dive_3_iter_1.prm
[INFO]:[03:24:26] CPLEX results. Gap: 0.580000, upper bound: 173.000000, lower bound: 172.000000
[INFO]:[03:24:26] CPLEX solver finished. Gap: 0.580000
[INFO]:[03:24:27] Starting CPLEX solver on instance: /home/yorig/tuner/mpils-tests/instances/miplib/easy/csched008.mps with config: /scratch/yorig/mpils-results-grid-ticks-10000-7may/easy/24proc-4pils/seed-5/1_csched008_seed-5_20260510_032344/expansion/config_param_CPXPARAM_MIP_Strategy_BBInterval_4_iter_1.prm
[INFO]:[03:24:33] CPLEX results. Gap: 0.580000, upper bound: 173.000000, lower bound: 172.000000
[INFO]:[03:24:33] CPLEX solver finished. Gap: 0.580000
[INFO]:[03:24:40] Expansion Worker 18 completed expansion.
[INFO]:[03:24:40] Worker 18 completed expansion phase.
[INFO]:[03:24:40] Worker 18 received order for step 1.
[INFO]:[03:24:40] Worker 18 running exploration phase for iteration 2.
[INFO]:[03:24:40] Worker 18 at iteration 2 will not use a MIP start file. Current best MIP-start upper bound threshold is 1.79769e+308.
[INFO]:[03:24:40] Starting local search phase...
[INFO]:[03:24:40] Worker (ils_group_rank=2) entering parallel ILS evaluation service.
[INFO]:[03:24:40] Starting CPLEX solver on instance: /home/yorig/tuner/mpils-tests/instances/miplib/easy/csched008.mps with config: /scratch/yorig/mpils-results-grid-ticks-10000-7may/easy/24proc-4pils/seed-5/1_csched008_seed-5_20260510_032344/iterated_local_search/run_2_worker_16/parallel_0_2.prm
[INFO]:[03:24:47] CPLEX results. Gap: 4.470000, upper bound: 179.000000, lower bound: 171.000000
[INFO]:[03:24:47] CPLEX solver finished. Gap: 4.470000
[INFO]:[03:24:47] Starting CPLEX solver on instance: /home/yorig/tuner/mpils-tests/instances/miplib/easy/csched008.mps with config: /scratch/yorig/mpils-results-grid-ticks-10000-7may/easy/24proc-4pils/seed-5/1_csched008_seed-5_20260510_032344/iterated_local_search/run_2_worker_16/parallel_4_2.prm
[INFO]:[03:24:54] CPLEX results. Gap: 2.290000, upper bound: 175.000000, lower bound: 171.000000
[INFO]:[03:24:54] CPLEX solver finished. Gap: 2.290000
[INFO]:[03:24:54] Worker (ils_group_rank=2) exiting parallel ILS evaluation service.
[INFO]:[03:24:54] Worker 18 completed exploration phase.
[INFO]:[03:24:54] Worker 18 received order for step 2.
[INFO]:[03:24:54] Worker 18 running expansion phase for iteration 2.
[INFO]:[03:24:54] Worker 18 will use solver log file: /scratch/yorig/mpils-results-grid-ticks-10000-7may/easy/24proc-4pils/seed-5/1_csched008_seed-5_20260510_032344/solver/cplex.log_iteration_expansion_2_worker_18
[INFO]:[03:24:54] Expansion Worker 18 starting expansion for iteration 2.
[INFO]:[03:24:54] Starting CPLEX solver on instance: /home/yorig/tuner/mpils-tests/instances/miplib/easy/csched008.mps with config: /scratch/yorig/mpils-results-grid-ticks-10000-7may/easy/24proc-4pils/seed-5/1_csched008_seed-5_20260510_032344/expansion/config_param_CPXPARAM_MIP_Strategy_HeuristicFreq_100_iter_2.prm
[INFO]:[03:25:01] CPLEX results. Gap: 2.160000, upper bound: 175.000000, lower bound: 171.222222
[INFO]:[03:25:01] CPLEX solver finished. Gap: 2.160000
[INFO]:[03:25:10] Expansion Worker 18 completed expansion.
[INFO]:[03:25:10] Worker 18 completed expansion phase.
[INFO]:[03:25:10] Worker 18 received order for step 1.
[INFO]:[03:25:10] Worker 18 running exploration phase for iteration 3.
[INFO]:[03:25:10] Worker 18 at iteration 3 will not use a MIP start file. Current best MIP-start upper bound threshold is 1.79769e+308.
[INFO]:[03:25:10] Starting local search phase...
[INFO]:[03:25:10] Worker (ils_group_rank=2) entering parallel ILS evaluation service.
[INFO]:[03:25:10] Starting CPLEX solver on instance: /home/yorig/tuner/mpils-tests/instances/miplib/easy/csched008.mps with config: /scratch/yorig/mpils-results-grid-ticks-10000-7may/easy/24proc-4pils/seed-5/1_csched008_seed-5_20260510_032344/iterated_local_search/run_3_worker_16/parallel_0_2.prm
[INFO]:[03:25:17] CPLEX results. Gap: 6.040000, upper bound: 182.000000, lower bound: 171.000000
[INFO]:[03:25:17] CPLEX solver finished. Gap: 6.040000
[INFO]:[03:25:17] Starting CPLEX solver on instance: /home/yorig/tuner/mpils-tests/instances/miplib/easy/csched008.mps with config: /scratch/yorig/mpils-results-grid-ticks-10000-7may/easy/24proc-4pils/seed-5/1_csched008_seed-5_20260510_032344/iterated_local_search/run_3_worker_16/parallel_4_2.prm
[INFO]:[03:25:24] CPLEX results. Gap: 6.040000, upper bound: 182.000000, lower bound: 171.000000
[INFO]:[03:25:24] CPLEX solver finished. Gap: 6.040000
[INFO]:[03:25:24] Worker (ils_group_rank=2) exiting parallel ILS evaluation service.
[INFO]:[03:25:25] Worker 18 completed exploration phase.
[INFO]:[03:25:25] Worker 18 received order for step 2.
[INFO]:[03:25:25] Worker 18 running expansion phase for iteration 3.
[INFO]:[03:25:25] Worker 18 will use solver log file: /scratch/yorig/mpils-results-grid-ticks-10000-7may/easy/24proc-4pils/seed-5/1_csched008_seed-5_20260510_032344/solver/cplex.log_iteration_expansion_3_worker_18
[INFO]:[03:25:25] Expansion Worker 18 starting expansion for iteration 3.
[INFO]:[03:25:25] Starting CPLEX solver on instance: /home/yorig/tuner/mpils-tests/instances/miplib/easy/csched008.mps with config: /scratch/yorig/mpils-results-grid-ticks-10000-7may/easy/24proc-4pils/seed-5/1_csched008_seed-5_20260510_032344/expansion/config_param_CPXPARAM_Barrier_Ordering_1_iter_3.prm
[INFO]:[03:25:32] CPLEX results. Gap: 0.580000, upper bound: 173.000000, lower bound: 172.000000
[INFO]:[03:25:32] CPLEX solver finished. Gap: 0.580000
[INFO]:[03:25:39] Expansion Worker 18 completed expansion.
[INFO]:[03:25:39] Worker 18 completed expansion phase.
[INFO]:[03:25:39] Worker 18 received order for step 1.
[INFO]:[03:25:39] Worker 18 running exploration phase for iteration 4.
[INFO]:[03:25:39] Worker 18 at iteration 4 will not use a MIP start file. Current best MIP-start upper bound threshold is 1.79769e+308.
[INFO]:[03:25:39] Starting local search phase...
[INFO]:[03:25:39] Worker (ils_group_rank=2) entering parallel ILS evaluation service.
[INFO]:[03:25:39] Starting CPLEX solver on instance: /home/yorig/tuner/mpils-tests/instances/miplib/easy/csched008.mps with config: /scratch/yorig/mpils-results-grid-ticks-10000-7may/easy/24proc-4pils/seed-5/1_csched008_seed-5_20260510_032344/iterated_local_search/run_4_worker_16/parallel_0_2.prm
[INFO]:[03:25:44] CPLEX results. Gap: 8.060000, upper bound: 186.000000, lower bound: 171.000000
[INFO]:[03:25:44] CPLEX solver finished. Gap: 8.060000
[INFO]:[03:25:46] Starting CPLEX solver on instance: /home/yorig/tuner/mpils-tests/instances/miplib/easy/csched008.mps with config: /scratch/yorig/mpils-results-grid-ticks-10000-7may/easy/24proc-4pils/seed-5/1_csched008_seed-5_20260510_032344/iterated_local_search/run_4_worker_16/parallel_4_2.prm
[INFO]:[03:25:52] CPLEX results. Gap: 6.280000, upper bound: 183.000000, lower bound: 171.508797
[INFO]:[03:25:52] CPLEX solver finished. Gap: 6.280000
[INFO]:[03:25:52] Worker (ils_group_rank=2) exiting parallel ILS evaluation service.
[INFO]:[03:25:54] Worker 18 completed exploration phase.
[INFO]:[03:25:54] Worker 18 received order for step 2.
[INFO]:[03:25:54] Worker 18 running expansion phase for iteration 4.
[INFO]:[03:25:54] Worker 18 will use solver log file: /scratch/yorig/mpils-results-grid-ticks-10000-7may/easy/24proc-4pils/seed-5/1_csched008_seed-5_20260510_032344/solver/cplex.log_iteration_expansion_4_worker_18
[INFO]:[03:25:54] Expansion Worker 18 starting expansion for iteration 4.
[INFO]:[03:25:54] Starting CPLEX solver on instance: /home/yorig/tuner/mpils-tests/instances/miplib/easy/csched008.mps with config: /scratch/yorig/mpils-results-grid-ticks-10000-7may/easy/24proc-4pils/seed-5/1_csched008_seed-5_20260510_032344/expansion/config_param_CPXPARAM_MIP_Strategy_File_0_iter_4.prm
[INFO]:[03:26:01] CPLEX results. Gap: 0.580000, upper bound: 173.000000, lower bound: 172.000000
[INFO]:[03:26:01] CPLEX solver finished. Gap: 0.580000
[INFO]:[03:26:08] Expansion Worker 18 completed expansion.
[INFO]:[03:26:08] Worker 18 completed expansion phase.
[INFO]:[03:26:08] Worker 18 received order for step 1.
[INFO]:[03:26:08] Worker 18 running exploration phase for iteration 5.
[INFO]:[03:26:08] Worker 18 at iteration 5 will not use a MIP start file. Current best MIP-start upper bound threshold is 1.79769e+308.
[INFO]:[03:26:08] Starting local search phase...
[INFO]:[03:26:08] Worker (ils_group_rank=2) entering parallel ILS evaluation service.
[INFO]:[03:26:08] Starting CPLEX solver on instance: /home/yorig/tuner/mpils-tests/instances/miplib/easy/csched008.mps with config: /scratch/yorig/mpils-results-grid-ticks-10000-7may/easy/24proc-4pils/seed-5/1_csched008_seed-5_20260510_032344/iterated_local_search/run_5_worker_16/parallel_0_2.prm
[INFO]:[03:26:14] CPLEX results. Gap: 6.040000, upper bound: 182.000000, lower bound: 171.000000
[INFO]:[03:26:14] CPLEX solver finished. Gap: 6.040000
[INFO]:[03:26:15] Starting CPLEX solver on instance: /home/yorig/tuner/mpils-tests/instances/miplib/easy/csched008.mps with config: /scratch/yorig/mpils-results-grid-ticks-10000-7may/easy/24proc-4pils/seed-5/1_csched008_seed-5_20260510_032344/iterated_local_search/run_5_worker_16/parallel_4_2.prm
[INFO]:[03:26:21] CPLEX results. Gap: 8.060000, upper bound: 186.000000, lower bound: 171.000000
[INFO]:[03:26:21] CPLEX solver finished. Gap: 8.060000
[INFO]:[03:26:22] Starting CPLEX solver on instance: /home/yorig/tuner/mpils-tests/instances/miplib/easy/csched008.mps with config: /scratch/yorig/mpils-results-grid-ticks-10000-7may/easy/24proc-4pils/seed-5/1_csched008_seed-5_20260510_032344/iterated_local_search/run_5_worker_16/parallel_8_2.prm
[INFO]:[03:26:28] CPLEX results. Gap: 2.840000, upper bound: 176.000000, lower bound: 171.000000
[INFO]:[03:26:28] CPLEX solver finished. Gap: 2.840000
[INFO]:[03:26:28] Worker (ils_group_rank=2) exiting parallel ILS evaluation service.
[INFO]:[03:26:28] Worker 18 completed exploration phase.
[INFO]:[03:26:28] Worker 18 received order for step 2.
[INFO]:[03:26:28] Worker 18 running expansion phase for iteration 5.
[INFO]:[03:26:28] Worker 18 will use solver log file: /scratch/yorig/mpils-results-grid-ticks-10000-7may/easy/24proc-4pils/seed-5/1_csched008_seed-5_20260510_032344/solver/cplex.log_iteration_expansion_5_worker_18
[INFO]:[03:26:28] Expansion Worker 18 starting expansion for iteration 5.
[INFO]:[03:26:28] Starting CPLEX solver on instance: /home/yorig/tuner/mpils-tests/instances/miplib/easy/csched008.mps with config: /scratch/yorig/mpils-results-grid-ticks-10000-7may/easy/24proc-4pils/seed-5/1_csched008_seed-5_20260510_032344/expansion/config_param_CPXPARAM_Simplex_Limits_Singularity_5_iter_5.prm
[INFO]:[03:26:35] CPLEX results. Gap: 0.580000, upper bound: 173.000000, lower bound: 172.000000
[INFO]:[03:26:35] CPLEX solver finished. Gap: 0.580000
[INFO]:[03:26:42] Expansion Worker 18 completed expansion.
[INFO]:[03:26:42] Worker 18 completed expansion phase.
[INFO]:[03:26:43] Worker 18 received order for step 1.
[INFO]:[03:26:43] Worker 18 running exploration phase for iteration 6.
[INFO]:[03:26:43] Worker 18 at iteration 6 will not use a MIP start file. Current best MIP-start upper bound threshold is 1.79769e+308.
[INFO]:[03:26:43] Starting local search phase...
[INFO]:[03:26:43] Worker (ils_group_rank=2) entering parallel ILS evaluation service.
[INFO]:[03:26:43] Starting CPLEX solver on instance: /home/yorig/tuner/mpils-tests/instances/miplib/easy/csched008.mps with config: /scratch/yorig/mpils-results-grid-ticks-10000-7may/easy/24proc-4pils/seed-5/1_csched008_seed-5_20260510_032344/iterated_local_search/run_6_worker_16/parallel_0_2.prm
[INFO]:[03:26:50] CPLEX results. Gap: 8.560000, upper bound: 187.000000, lower bound: 171.000000
[INFO]:[03:26:50] CPLEX solver finished. Gap: 8.560000
[INFO]:[03:26:50] Starting CPLEX solver on instance: /home/yorig/tuner/mpils-tests/instances/miplib/easy/csched008.mps with config: /scratch/yorig/mpils-results-grid-ticks-10000-7may/easy/24proc-4pils/seed-5/1_csched008_seed-5_20260510_032344/iterated_local_search/run_6_worker_16/parallel_4_2.prm
[INFO]:[03:26:56] CPLEX results. Gap: 9.520000, upper bound: 189.000000, lower bound: 171.000000
[INFO]:[03:26:56] CPLEX solver finished. Gap: 9.520000
[INFO]:[03:26:56] Starting CPLEX solver on instance: /home/yorig/tuner/mpils-tests/instances/miplib/easy/csched008.mps with config: /scratch/yorig/mpils-results-grid-ticks-10000-7may/easy/24proc-4pils/seed-5/1_csched008_seed-5_20260510_032344/iterated_local_search/run_6_worker_16/parallel_8_2.prm
[INFO]:[03:27:02] CPLEX results. Gap: 1.720000, upper bound: 174.000000, lower bound: 171.000000
[INFO]:[03:27:02] CPLEX solver finished. Gap: 1.720000
[INFO]:[03:27:03] Starting CPLEX solver on instance: /home/yorig/tuner/mpils-tests/instances/miplib/easy/csched008.mps with config: /scratch/yorig/mpils-results-grid-ticks-10000-7may/easy/24proc-4pils/seed-5/1_csched008_seed-5_20260510_032344/iterated_local_search/run_6_worker_16/parallel_12_2.prm
[INFO]:[03:27:10] CPLEX results. Gap: 5.520000, upper bound: 181.000000, lower bound: 171.000000
[INFO]:[03:27:10] CPLEX solver finished. Gap: 5.520000
[INFO]:[03:27:10] Starting CPLEX solver on instance: /home/yorig/tuner/mpils-tests/instances/miplib/easy/csched008.mps with config: /scratch/yorig/mpils-results-grid-ticks-10000-7may/easy/24proc-4pils/seed-5/1_csched008_seed-5_20260510_032344/iterated_local_search/run_6_worker_16/parallel_16_2.prm
[INFO]:[03:27:16] CPLEX results. Gap: 6.040000, upper bound: 182.000000, lower bound: 171.000000
[INFO]:[03:27:16] CPLEX solver finished. Gap: 6.040000
[INFO]:[03:27:16] Worker (ils_group_rank=2) exiting parallel ILS evaluation service.
[INFO]:[03:27:16] Worker 18 completed exploration phase.
[INFO]:[03:27:16] Worker 18 received order for step 3.
[INFO]:[03:27:16] Worker 18 finished.
