[INFO]:[19:35:28] Worker 3 starting.
[INFO]:[19:35:28] Worker 3 received order for step 1.
[INFO]:[19:35:28] Worker 3 running exploration phase for iteration 1.
[INFO]:[19:35:28] Worker 3 at iteration 1 will not use a MIP start file. Current best MIP-start upper bound threshold is 1.79769e+308.
[INFO]:[19:35:28] Starting local search phase...
[INFO]:[19:35:28] Creating local search space from parameter space file: /scratch/yorig/mpils-results-grid-seconds-5-4may/easy/16proc/seed-3/3_glass4_seed-3_20260504_193527/iterated_local_search/search_space/search_space_file_1_worker_3.txt
[INFO]:[19:35:28] Local search space loaded from file: /scratch/yorig/mpils-results-grid-seconds-5-4may/easy/16proc/seed-3/3_glass4_seed-3_20260504_193527/iterated_local_search/search_space/search_space_file_1_worker_3.txt
[INFO]:[19:35:28] Number of parameters in local search space: 71
[INFO]:[19:35:28] Number of forbidden tuples in local search space: 0
[INFO]:[19:35:28] Number of conditionals in local search space: 6
[INFO]:[19:35:28] MIP start option not enabled. Local search will proceed without MIP start.
[INFO]:[19:35:28] Evaluating initial configuration for local search phase...
[INFO]:[19:35:28] Starting CPLEX solver on instance: /home/yorig/tuner/mpils-tests/instances/miplib/easy/glass4.mps with config: /scratch/yorig/mpils-results-grid-seconds-5-4may/easy/16proc/seed-3/3_glass4_seed-3_20260504_193527/iterated_local_search/run_1_worker_3/ils_config_14075347302301588864.prm
[INFO]:[19:35:28] Starting CPLEX solver on instance: /home/yorig/tuner/mpils-tests/instances/miplib/easy/glass4.mps with config: /scratch/yorig/mpils-results-grid-seconds-5-4may/easy/16proc/seed-3/3_glass4_seed-3_20260504_193527/iterated_local_search/run_1_worker_3/ils_config_14075347302301588864.prm
[INFO]:[19:35:33] CPLEX results. Gap: 47.720000, upper bound: 1600014900.000000, lower bound: 836415544.859011
[INFO]:[19:35:33] CPLEX solver finished. Gap: 47.720000
[INFO]:[19:35:33] Initial configuration evaluated with objective value: 47.72
[INFO]:[19:35:33] Starting CPLEX solver on instance: /home/yorig/tuner/mpils-tests/instances/miplib/easy/glass4.mps with config: /scratch/yorig/mpils-results-grid-seconds-5-4may/easy/16proc/seed-3/3_glass4_seed-3_20260504_193527/iterated_local_search/run_1_worker_3/ils_config_13805086800485329465.prm
[INFO]:[19:35:33] Starting CPLEX solver on instance: /home/yorig/tuner/mpils-tests/instances/miplib/easy/glass4.mps with config: /scratch/yorig/mpils-results-grid-seconds-5-4may/easy/16proc/seed-3/3_glass4_seed-3_20260504_193527/iterated_local_search/run_1_worker_3/ils_config_13805086800485329465.prm
[INFO]:[19:35:38] CPLEX results. Gap: 49.610000, upper bound: 1600013400.000000, lower bound: 806258389.553907
[INFO]:[19:35:38] CPLEX solver finished. Gap: 49.610000
[INFO]:[19:35:38] Starting CPLEX solver on instance: /home/yorig/tuner/mpils-tests/instances/miplib/easy/glass4.mps with config: /scratch/yorig/mpils-results-grid-seconds-5-4may/easy/16proc/seed-3/3_glass4_seed-3_20260504_193527/iterated_local_search/run_1_worker_3/ils_config_14167589269659174657.prm
[INFO]:[19:35:38] Starting CPLEX solver on instance: /home/yorig/tuner/mpils-tests/instances/miplib/easy/glass4.mps with config: /scratch/yorig/mpils-results-grid-seconds-5-4may/easy/16proc/seed-3/3_glass4_seed-3_20260504_193527/iterated_local_search/run_1_worker_3/ils_config_14167589269659174657.prm
[INFO]:[19:35:43] CPLEX results. Gap: 37.810000, upper bound: 1366682100.000000, lower bound: 850004745.750309
[INFO]:[19:35:43] CPLEX solver finished. Gap: 37.810000
[INFO]:[19:35:43] New incumbent found with objective value: 37.81
[INFO]:[19:35:43] Starting CPLEX solver on instance: /home/yorig/tuner/mpils-tests/instances/miplib/easy/glass4.mps with config: /scratch/yorig/mpils-results-grid-seconds-5-4may/easy/16proc/seed-3/3_glass4_seed-3_20260504_193527/iterated_local_search/run_1_worker_3/ils_config_17269410059696686125.prm
[INFO]:[19:35:43] Starting CPLEX solver on instance: /home/yorig/tuner/mpils-tests/instances/miplib/easy/glass4.mps with config: /scratch/yorig/mpils-results-grid-seconds-5-4may/easy/16proc/seed-3/3_glass4_seed-3_20260504_193527/iterated_local_search/run_1_worker_3/ils_config_17269410059696686125.prm
[INFO]:[19:35:48] CPLEX results. Gap: 50.000000, upper bound: 1600013233.333334, lower bound: 800006550.317350
[INFO]:[19:35:48] CPLEX solver finished. Gap: 50.000000
[INFO]:[19:35:48] Starting CPLEX solver on instance: /home/yorig/tuner/mpils-tests/instances/miplib/easy/glass4.mps with config: /scratch/yorig/mpils-results-grid-seconds-5-4may/easy/16proc/seed-3/3_glass4_seed-3_20260504_193527/iterated_local_search/run_1_worker_3/ils_config_9518272121410403393.prm
[INFO]:[19:35:48] Starting CPLEX solver on instance: /home/yorig/tuner/mpils-tests/instances/miplib/easy/glass4.mps with config: /scratch/yorig/mpils-results-grid-seconds-5-4may/easy/16proc/seed-3/3_glass4_seed-3_20260504_193527/iterated_local_search/run_1_worker_3/ils_config_9518272121410403393.prm
[INFO]:[19:35:53] CPLEX results. Gap: 39.390000, upper bound: 1375014725.000000, lower bound: 833338140.285542
[INFO]:[19:35:53] CPLEX solver finished. Gap: 39.390000
[INFO]:[19:35:53] Starting CPLEX solver on instance: /home/yorig/tuner/mpils-tests/instances/miplib/easy/glass4.mps with config: /scratch/yorig/mpils-results-grid-seconds-5-4may/easy/16proc/seed-3/3_glass4_seed-3_20260504_193527/iterated_local_search/run_1_worker_3/ils_config_17433059571872486727.prm
[INFO]:[19:35:53] Starting CPLEX solver on instance: /home/yorig/tuner/mpils-tests/instances/miplib/easy/glass4.mps with config: /scratch/yorig/mpils-results-grid-seconds-5-4may/easy/16proc/seed-3/3_glass4_seed-3_20260504_193527/iterated_local_search/run_1_worker_3/ils_config_17433059571872486727.prm
[INFO]:[19:35:58] CPLEX results. Gap: 37.810000, upper bound: 1366682100.000000, lower bound: 850004937.170728
[INFO]:[19:35:58] CPLEX solver finished. Gap: 37.810000
[INFO]:[19:35:58] Starting CPLEX solver on instance: /home/yorig/tuner/mpils-tests/instances/miplib/easy/glass4.mps with config: /scratch/yorig/mpils-results-grid-seconds-5-4may/easy/16proc/seed-3/3_glass4_seed-3_20260504_193527/iterated_local_search/run_1_worker_3/ils_config_1596292570019657289.prm
[INFO]:[19:35:58] Starting CPLEX solver on instance: /home/yorig/tuner/mpils-tests/instances/miplib/easy/glass4.mps with config: /scratch/yorig/mpils-results-grid-seconds-5-4may/easy/16proc/seed-3/3_glass4_seed-3_20260504_193527/iterated_local_search/run_1_worker_3/ils_config_1596292570019657289.prm
[INFO]:[19:36:03] CPLEX results. Gap: 38.180000, upper bound: 1375014725.000000, lower bound: 850005234.537941
[INFO]:[19:36:03] CPLEX solver finished. Gap: 38.180000
[INFO]:[19:36:03] Starting CPLEX solver on instance: /home/yorig/tuner/mpils-tests/instances/miplib/easy/glass4.mps with config: /scratch/yorig/mpils-results-grid-seconds-5-4may/easy/16proc/seed-3/3_glass4_seed-3_20260504_193527/iterated_local_search/run_1_worker_3/ils_config_3597401242563875515.prm
[INFO]:[19:36:03] Starting CPLEX solver on instance: /home/yorig/tuner/mpils-tests/instances/miplib/easy/glass4.mps with config: /scratch/yorig/mpils-results-grid-seconds-5-4may/easy/16proc/seed-3/3_glass4_seed-3_20260504_193527/iterated_local_search/run_1_worker_3/ils_config_3597401242563875515.prm
[INFO]:[19:36:08] CPLEX results. Gap: 48.370000, upper bound: 1600015000.000000, lower bound: 826094647.431691
[INFO]:[19:36:08] CPLEX solver finished. Gap: 48.370000
[INFO]:[19:36:08] Starting CPLEX solver on instance: /home/yorig/tuner/mpils-tests/instances/miplib/easy/glass4.mps with config: /scratch/yorig/mpils-results-grid-seconds-5-4may/easy/16proc/seed-3/3_glass4_seed-3_20260504_193527/iterated_local_search/run_1_worker_3/ils_config_10796401995563952630.prm
[INFO]:[19:36:08] Starting CPLEX solver on instance: /home/yorig/tuner/mpils-tests/instances/miplib/easy/glass4.mps with config: /scratch/yorig/mpils-results-grid-seconds-5-4may/easy/16proc/seed-3/3_glass4_seed-3_20260504_193527/iterated_local_search/run_1_worker_3/ils_config_10796401995563952630.prm
[INFO]:[19:36:13] CPLEX results. Gap: 16.670000, upper bound: 1200012600.000000, lower bound: 1000006599.774561
[INFO]:[19:36:13] CPLEX solver finished. Gap: 16.670000
[INFO]:[19:36:13] New incumbent found with objective value: 16.67
[INFO]:[19:36:13] Starting CPLEX solver on instance: /home/yorig/tuner/mpils-tests/instances/miplib/easy/glass4.mps with config: /scratch/yorig/mpils-results-grid-seconds-5-4may/easy/16proc/seed-3/3_glass4_seed-3_20260504_193527/iterated_local_search/run_1_worker_3/ils_config_9991178843819577817.prm
[INFO]:[19:36:13] Starting CPLEX solver on instance: /home/yorig/tuner/mpils-tests/instances/miplib/easy/glass4.mps with config: /scratch/yorig/mpils-results-grid-seconds-5-4may/easy/16proc/seed-3/3_glass4_seed-3_20260504_193527/iterated_local_search/run_1_worker_3/ils_config_9991178843819577817.prm
[INFO]:[19:36:18] CPLEX results. Gap: 48.390000, upper bound: 1550015549.999998, lower bound: 800005121.826147
[INFO]:[19:36:18] CPLEX solver finished. Gap: 48.390000
[INFO]:[19:36:18] Starting CPLEX solver on instance: /home/yorig/tuner/mpils-tests/instances/miplib/easy/glass4.mps with config: /scratch/yorig/mpils-results-grid-seconds-5-4may/easy/16proc/seed-3/3_glass4_seed-3_20260504_193527/iterated_local_search/run_1_worker_3/ils_config_16599685387375419103.prm
[INFO]:[19:36:18] Starting CPLEX solver on instance: /home/yorig/tuner/mpils-tests/instances/miplib/easy/glass4.mps with config: /scratch/yorig/mpils-results-grid-seconds-5-4may/easy/16proc/seed-3/3_glass4_seed-3_20260504_193527/iterated_local_search/run_1_worker_3/ils_config_16599685387375419103.prm
[INFO]:[19:36:23] CPLEX results. Gap: 48.530000, upper bound: 1600013433.333333, lower bound: 823460376.235602
[INFO]:[19:36:23] CPLEX solver finished. Gap: 48.530000
[INFO]:[19:36:23] Starting CPLEX solver on instance: /home/yorig/tuner/mpils-tests/instances/miplib/easy/glass4.mps with config: /scratch/yorig/mpils-results-grid-seconds-5-4may/easy/16proc/seed-3/3_glass4_seed-3_20260504_193527/iterated_local_search/run_1_worker_3/ils_config_7147638217278423520.prm
[INFO]:[19:36:23] Starting CPLEX solver on instance: /home/yorig/tuner/mpils-tests/instances/miplib/easy/glass4.mps with config: /scratch/yorig/mpils-results-grid-seconds-5-4may/easy/16proc/seed-3/3_glass4_seed-3_20260504_193527/iterated_local_search/run_1_worker_3/ils_config_7147638217278423520.prm
[INFO]:[19:36:28] CPLEX results. Gap: 43.140000, upper bound: 1500014700.000000, lower bound: 852834406.534869
[INFO]:[19:36:28] CPLEX solver finished. Gap: 43.140000
[INFO]:[19:36:28] Starting CPLEX solver on instance: /home/yorig/tuner/mpils-tests/instances/miplib/easy/glass4.mps with config: /scratch/yorig/mpils-results-grid-seconds-5-4may/easy/16proc/seed-3/3_glass4_seed-3_20260504_193527/iterated_local_search/run_1_worker_3/ils_config_12454405580184070726.prm
[INFO]:[19:36:28] Starting CPLEX solver on instance: /home/yorig/tuner/mpils-tests/instances/miplib/easy/glass4.mps with config: /scratch/yorig/mpils-results-grid-seconds-5-4may/easy/16proc/seed-3/3_glass4_seed-3_20260504_193527/iterated_local_search/run_1_worker_3/ils_config_12454405580184070726.prm
[INFO]:[19:36:33] CPLEX results. Gap: 45.230000, upper bound: 1500013866.666667, lower bound: 821515189.265779
[INFO]:[19:36:33] CPLEX solver finished. Gap: 45.230000
[INFO]:[19:36:33] Starting CPLEX solver on instance: /home/yorig/tuner/mpils-tests/instances/miplib/easy/glass4.mps with config: /scratch/yorig/mpils-results-grid-seconds-5-4may/easy/16proc/seed-3/3_glass4_seed-3_20260504_193527/iterated_local_search/run_1_worker_3/ils_config_1666449643756043832.prm
[INFO]:[19:36:33] Starting CPLEX solver on instance: /home/yorig/tuner/mpils-tests/instances/miplib/easy/glass4.mps with config: /scratch/yorig/mpils-results-grid-seconds-5-4may/easy/16proc/seed-3/3_glass4_seed-3_20260504_193527/iterated_local_search/run_1_worker_3/ils_config_1666449643756043832.prm
[INFO]:[19:36:38] CPLEX results. Gap: 16.670000, upper bound: 1200012600.000000, lower bound: 1000006581.809405
[INFO]:[19:36:38] CPLEX solver finished. Gap: 16.670000
[INFO]:[19:36:38] Starting CPLEX solver on instance: /home/yorig/tuner/mpils-tests/instances/miplib/easy/glass4.mps with config: /scratch/yorig/mpils-results-grid-seconds-5-4may/easy/16proc/seed-3/3_glass4_seed-3_20260504_193527/iterated_local_search/run_1_worker_3/ils_config_9486206677483114767.prm
[INFO]:[19:36:38] Starting CPLEX solver on instance: /home/yorig/tuner/mpils-tests/instances/miplib/easy/glass4.mps with config: /scratch/yorig/mpils-results-grid-seconds-5-4may/easy/16proc/seed-3/3_glass4_seed-3_20260504_193527/iterated_local_search/run_1_worker_3/ils_config_9486206677483114767.prm
[INFO]:[19:36:43] CPLEX results. Gap: 16.670000, upper bound: 1200012600.000000, lower bound: 1000006599.774561
[INFO]:[19:36:43] CPLEX solver finished. Gap: 16.670000
[INFO]:[19:36:43] Starting CPLEX solver on instance: /home/yorig/tuner/mpils-tests/instances/miplib/easy/glass4.mps with config: /scratch/yorig/mpils-results-grid-seconds-5-4may/easy/16proc/seed-3/3_glass4_seed-3_20260504_193527/iterated_local_search/run_1_worker_3/ils_config_12372114454228267439.prm
[INFO]:[19:36:43] Starting CPLEX solver on instance: /home/yorig/tuner/mpils-tests/instances/miplib/easy/glass4.mps with config: /scratch/yorig/mpils-results-grid-seconds-5-4may/easy/16proc/seed-3/3_glass4_seed-3_20260504_193527/iterated_local_search/run_1_worker_3/ils_config_12372114454228267439.prm
[INFO]:[19:36:48] CPLEX results. Gap: 47.890000, upper bound: 1600013433.333332, lower bound: 833741898.987450
[INFO]:[19:36:48] CPLEX solver finished. Gap: 47.890000
[INFO]:[19:36:48] Starting CPLEX solver on instance: /home/yorig/tuner/mpils-tests/instances/miplib/easy/glass4.mps with config: /scratch/yorig/mpils-results-grid-seconds-5-4may/easy/16proc/seed-3/3_glass4_seed-3_20260504_193527/iterated_local_search/run_1_worker_3/ils_config_3037325835813364204.prm
[INFO]:[19:36:48] Starting CPLEX solver on instance: /home/yorig/tuner/mpils-tests/instances/miplib/easy/glass4.mps with config: /scratch/yorig/mpils-results-grid-seconds-5-4may/easy/16proc/seed-3/3_glass4_seed-3_20260504_193527/iterated_local_search/run_1_worker_3/ils_config_3037325835813364204.prm
[INFO]:[19:36:53] CPLEX results. Gap: 16.670000, upper bound: 1200012600.000000, lower bound: 1000006537.016085
[INFO]:[19:36:53] CPLEX solver finished. Gap: 16.670000
[INFO]:[19:36:53] Starting CPLEX solver on instance: /home/yorig/tuner/mpils-tests/instances/miplib/easy/glass4.mps with config: /scratch/yorig/mpils-results-grid-seconds-5-4may/easy/16proc/seed-3/3_glass4_seed-3_20260504_193527/iterated_local_search/run_1_worker_3/ils_config_4493653306849163447.prm
[INFO]:[19:36:53] Starting CPLEX solver on instance: /home/yorig/tuner/mpils-tests/instances/miplib/easy/glass4.mps with config: /scratch/yorig/mpils-results-grid-seconds-5-4may/easy/16proc/seed-3/3_glass4_seed-3_20260504_193527/iterated_local_search/run_1_worker_3/ils_config_4493653306849163447.prm
[INFO]:[19:36:58] CPLEX results. Gap: 49.670000, upper bound: 1600013000.000000, lower bound: 805338834.497142
[INFO]:[19:36:58] CPLEX solver finished. Gap: 49.670000
[INFO]:[19:36:58] Starting CPLEX solver on instance: /home/yorig/tuner/mpils-tests/instances/miplib/easy/glass4.mps with config: /scratch/yorig/mpils-results-grid-seconds-5-4may/easy/16proc/seed-3/3_glass4_seed-3_20260504_193527/iterated_local_search/run_1_worker_3/ils_config_14934628606578628877.prm
[INFO]:[19:36:58] Starting CPLEX solver on instance: /home/yorig/tuner/mpils-tests/instances/miplib/easy/glass4.mps with config: /scratch/yorig/mpils-results-grid-seconds-5-4may/easy/16proc/seed-3/3_glass4_seed-3_20260504_193527/iterated_local_search/run_1_worker_3/ils_config_14934628606578628877.prm
[INFO]:[19:37:03] CPLEX results. Gap: 16.670000, upper bound: 1200012600.000000, lower bound: 1000006681.243421
[INFO]:[19:37:03] CPLEX solver finished. Gap: 16.670000
[INFO]:[19:37:03] Starting CPLEX solver on instance: /home/yorig/tuner/mpils-tests/instances/miplib/easy/glass4.mps with config: /scratch/yorig/mpils-results-grid-seconds-5-4may/easy/16proc/seed-3/3_glass4_seed-3_20260504_193527/iterated_local_search/run_1_worker_3/ils_config_769729016874097292.prm
[INFO]:[19:37:03] Starting CPLEX solver on instance: /home/yorig/tuner/mpils-tests/instances/miplib/easy/glass4.mps with config: /scratch/yorig/mpils-results-grid-seconds-5-4may/easy/16proc/seed-3/3_glass4_seed-3_20260504_193527/iterated_local_search/run_1_worker_3/ils_config_769729016874097292.prm
[INFO]:[19:37:08] CPLEX results. Gap: 16.670000, upper bound: 1200012600.000000, lower bound: 1000006798.649538
[INFO]:[19:37:08] CPLEX solver finished. Gap: 16.670000
[INFO]:[19:37:08] Local search phase completed.
[INFO]:[19:37:08] Total number of new local-search evaluations: 20
[INFO]:[19:37:08] Final incumbent objective value: 16.67
[INFO]:[19:37:08] Worker 3 completed exploration phase.
[INFO]:[19:37:08] Worker 3 received order for step 2.
[INFO]:[19:37:08] Worker 3 running expansion phase for iteration 1.
[INFO]:[19:37:08] Worker 3 will use solver log file: /scratch/yorig/mpils-results-grid-seconds-5-4may/easy/16proc/seed-3/3_glass4_seed-3_20260504_193527/solver/cplex.log_iteration_expansion_1_worker_3
[INFO]:[19:37:08] Expansion Worker 3 starting expansion for iteration 1.
[INFO]:[19:37:08] Starting CPLEX solver on instance: /home/yorig/tuner/mpils-tests/instances/miplib/easy/glass4.mps with config: /scratch/yorig/mpils-results-grid-seconds-5-4may/easy/16proc/seed-3/3_glass4_seed-3_20260504_193527/expansion/config_param_CPXPARAM_MIP_Strategy_Probe_3_iter_1.prm
[INFO]:[19:37:13] CPLEX results. Gap: 47.060000, upper bound: 1700014399.999998, lower bound: 900005645.503305
[INFO]:[19:37:13] CPLEX solver finished. Gap: 47.060000
[INFO]:[19:37:13] Expansion Worker 3 stopping early after global MPI expansion stop was activated.
[INFO]:[19:37:13] Expansion Worker 3 completed expansion.
[INFO]:[19:37:13] Worker 3 completed expansion phase.
[INFO]:[19:37:13] Worker 3 received order for step 3.
[INFO]:[19:37:13] Worker 3 finished.
