[INFO]:[03:42:03] Worker 14 starting.
[INFO]:[03:42:04] Worker 14 received order for step 1.
[INFO]:[03:42:04] Worker 14 running exploration phase for iteration 1.
[INFO]:[03:42:04] Worker 14 at iteration 1 will not use a MIP start file. Current best MIP-start upper bound threshold is 1.79769e+308.
[INFO]:[03:42:04] Starting local search phase...
[INFO]:[03:42:04] Creating local search space from parameter space file: /scratch/yorig/mpils-results-grid-ticks-10000-7may/medium-1/24proc/seed-4/1_b1c1s1_seed-4_20260509_034202/iterated_local_search/search_space/search_space_file_1_worker_14.txt
[INFO]:[03:42:04] Local search space loaded from file: /scratch/yorig/mpils-results-grid-ticks-10000-7may/medium-1/24proc/seed-4/1_b1c1s1_seed-4_20260509_034202/iterated_local_search/search_space/search_space_file_1_worker_14.txt
[INFO]:[03:42:04] Number of parameters in local search space: 71
[INFO]:[03:42:04] Number of forbidden tuples in local search space: 0
[INFO]:[03:42:04] Number of conditionals in local search space: 6
[INFO]:[03:42:04] MIP start option not enabled. Local search will proceed without MIP start.
[INFO]:[03:42:04] Evaluating initial configuration for local search phase...
[INFO]:[03:42:04] Starting CPLEX solver on instance: /home/yorig/tuner/mpils-tests/instances/miplib/medium-1/b1c1s1.mps with config: /scratch/yorig/mpils-results-grid-ticks-10000-7may/medium-1/24proc/seed-4/1_b1c1s1_seed-4_20260509_034202/iterated_local_search/run_1_worker_14/ils_config_18279198599438612281.prm
[INFO]:[03:42:04] Starting CPLEX solver on instance: /home/yorig/tuner/mpils-tests/instances/miplib/medium-1/b1c1s1.mps with config: /scratch/yorig/mpils-results-grid-ticks-10000-7may/medium-1/24proc/seed-4/1_b1c1s1_seed-4_20260509_034202/iterated_local_search/run_1_worker_14/ils_config_18279198599438612281.prm
[INFO]:[03:42:10] CPLEX results. Gap: 24.280000, upper bound: 25331.370000, lower bound: 19181.048935
[INFO]:[03:42:10] CPLEX solver finished. Gap: 24.280000
[INFO]:[03:42:10] Initial configuration evaluated with objective value: 24.28
[INFO]:[03:42:10] Starting CPLEX solver on instance: /home/yorig/tuner/mpils-tests/instances/miplib/medium-1/b1c1s1.mps with config: /scratch/yorig/mpils-results-grid-ticks-10000-7may/medium-1/24proc/seed-4/1_b1c1s1_seed-4_20260509_034202/iterated_local_search/run_1_worker_14/ils_config_2563368817405349094.prm
[INFO]:[03:42:10] Starting CPLEX solver on instance: /home/yorig/tuner/mpils-tests/instances/miplib/medium-1/b1c1s1.mps with config: /scratch/yorig/mpils-results-grid-ticks-10000-7may/medium-1/24proc/seed-4/1_b1c1s1_seed-4_20260509_034202/iterated_local_search/run_1_worker_14/ils_config_2563368817405349094.prm
[INFO]:[03:42:16] CPLEX results. Gap: 21.530000, upper bound: 24986.630000, lower bound: 19607.882016
[INFO]:[03:42:16] CPLEX solver finished. Gap: 21.530000
[INFO]:[03:42:16] New incumbent found with objective value: 21.53
[INFO]:[03:42:16] Starting CPLEX solver on instance: /home/yorig/tuner/mpils-tests/instances/miplib/medium-1/b1c1s1.mps with config: /scratch/yorig/mpils-results-grid-ticks-10000-7may/medium-1/24proc/seed-4/1_b1c1s1_seed-4_20260509_034202/iterated_local_search/run_1_worker_14/ils_config_15202351994897356308.prm
[INFO]:[03:42:16] Starting CPLEX solver on instance: /home/yorig/tuner/mpils-tests/instances/miplib/medium-1/b1c1s1.mps with config: /scratch/yorig/mpils-results-grid-ticks-10000-7may/medium-1/24proc/seed-4/1_b1c1s1_seed-4_20260509_034202/iterated_local_search/run_1_worker_14/ils_config_15202351994897356308.prm
[INFO]:[03:42:22] CPLEX results. Gap: 21.530000, upper bound: 24986.630000, lower bound: 19607.882016
[INFO]:[03:42:22] CPLEX solver finished. Gap: 21.530000
[INFO]:[03:42:22] Starting CPLEX solver on instance: /home/yorig/tuner/mpils-tests/instances/miplib/medium-1/b1c1s1.mps with config: /scratch/yorig/mpils-results-grid-ticks-10000-7may/medium-1/24proc/seed-4/1_b1c1s1_seed-4_20260509_034202/iterated_local_search/run_1_worker_14/ils_config_17834262649206204390.prm
[INFO]:[03:42:22] Starting CPLEX solver on instance: /home/yorig/tuner/mpils-tests/instances/miplib/medium-1/b1c1s1.mps with config: /scratch/yorig/mpils-results-grid-ticks-10000-7may/medium-1/24proc/seed-4/1_b1c1s1_seed-4_20260509_034202/iterated_local_search/run_1_worker_14/ils_config_17834262649206204390.prm
[INFO]:[03:42:28] CPLEX results. Gap: 39.800000, upper bound: 26638.360000, lower bound: 16037.325797
[INFO]:[03:42:28] CPLEX solver finished. Gap: 39.800000
[INFO]:[03:42:28] Starting CPLEX solver on instance: /home/yorig/tuner/mpils-tests/instances/miplib/medium-1/b1c1s1.mps with config: /scratch/yorig/mpils-results-grid-ticks-10000-7may/medium-1/24proc/seed-4/1_b1c1s1_seed-4_20260509_034202/iterated_local_search/run_1_worker_14/ils_config_16313867546200502232.prm
[INFO]:[03:42:28] Starting CPLEX solver on instance: /home/yorig/tuner/mpils-tests/instances/miplib/medium-1/b1c1s1.mps with config: /scratch/yorig/mpils-results-grid-ticks-10000-7may/medium-1/24proc/seed-4/1_b1c1s1_seed-4_20260509_034202/iterated_local_search/run_1_worker_14/ils_config_16313867546200502232.prm
[INFO]:[03:42:34] CPLEX results. Gap: 26.960000, upper bound: 25585.150000, lower bound: 18686.365735
[INFO]:[03:42:34] CPLEX solver finished. Gap: 26.960000
[INFO]:[03:42:34] Starting CPLEX solver on instance: /home/yorig/tuner/mpils-tests/instances/miplib/medium-1/b1c1s1.mps with config: /scratch/yorig/mpils-results-grid-ticks-10000-7may/medium-1/24proc/seed-4/1_b1c1s1_seed-4_20260509_034202/iterated_local_search/run_1_worker_14/ils_config_8568620019498664261.prm
[INFO]:[03:42:34] Starting CPLEX solver on instance: /home/yorig/tuner/mpils-tests/instances/miplib/medium-1/b1c1s1.mps with config: /scratch/yorig/mpils-results-grid-ticks-10000-7may/medium-1/24proc/seed-4/1_b1c1s1_seed-4_20260509_034202/iterated_local_search/run_1_worker_14/ils_config_8568620019498664261.prm
[INFO]:[03:42:41] CPLEX results. Gap: 35.750000, upper bound: 26594.050000, lower bound: 17086.816288
[INFO]:[03:42:41] CPLEX solver finished. Gap: 35.750000
[INFO]:[03:42:41] Starting CPLEX solver on instance: /home/yorig/tuner/mpils-tests/instances/miplib/medium-1/b1c1s1.mps with config: /scratch/yorig/mpils-results-grid-ticks-10000-7may/medium-1/24proc/seed-4/1_b1c1s1_seed-4_20260509_034202/iterated_local_search/run_1_worker_14/ils_config_15425415438603896789.prm
[INFO]:[03:42:41] Starting CPLEX solver on instance: /home/yorig/tuner/mpils-tests/instances/miplib/medium-1/b1c1s1.mps with config: /scratch/yorig/mpils-results-grid-ticks-10000-7may/medium-1/24proc/seed-4/1_b1c1s1_seed-4_20260509_034202/iterated_local_search/run_1_worker_14/ils_config_15425415438603896789.prm
[INFO]:[03:42:47] CPLEX results. Gap: 31.570000, upper bound: 25188.380000, lower bound: 17237.064685
[INFO]:[03:42:47] CPLEX solver finished. Gap: 31.570000
[INFO]:[03:42:47] Starting CPLEX solver on instance: /home/yorig/tuner/mpils-tests/instances/miplib/medium-1/b1c1s1.mps with config: /scratch/yorig/mpils-results-grid-ticks-10000-7may/medium-1/24proc/seed-4/1_b1c1s1_seed-4_20260509_034202/iterated_local_search/run_1_worker_14/ils_config_12223435622098397522.prm
[INFO]:[03:42:47] Starting CPLEX solver on instance: /home/yorig/tuner/mpils-tests/instances/miplib/medium-1/b1c1s1.mps with config: /scratch/yorig/mpils-results-grid-ticks-10000-7may/medium-1/24proc/seed-4/1_b1c1s1_seed-4_20260509_034202/iterated_local_search/run_1_worker_14/ils_config_12223435622098397522.prm
[INFO]:[03:42:53] CPLEX results. Gap: 24.650000, upper bound: 25612.550000, lower bound: 19299.467632
[INFO]:[03:42:53] CPLEX solver finished. Gap: 24.650000
[INFO]:[03:42:53] Starting CPLEX solver on instance: /home/yorig/tuner/mpils-tests/instances/miplib/medium-1/b1c1s1.mps with config: /scratch/yorig/mpils-results-grid-ticks-10000-7may/medium-1/24proc/seed-4/1_b1c1s1_seed-4_20260509_034202/iterated_local_search/run_1_worker_14/ils_config_2627541809941853649.prm
[INFO]:[03:42:53] Starting CPLEX solver on instance: /home/yorig/tuner/mpils-tests/instances/miplib/medium-1/b1c1s1.mps with config: /scratch/yorig/mpils-results-grid-ticks-10000-7may/medium-1/24proc/seed-4/1_b1c1s1_seed-4_20260509_034202/iterated_local_search/run_1_worker_14/ils_config_2627541809941853649.prm
[INFO]:[03:43:00] CPLEX results. Gap: 23.620000, upper bound: 24996.090000, lower bound: 19091.048946
[INFO]:[03:43:00] CPLEX solver finished. Gap: 23.620000
[INFO]:[03:43:00] Starting CPLEX solver on instance: /home/yorig/tuner/mpils-tests/instances/miplib/medium-1/b1c1s1.mps with config: /scratch/yorig/mpils-results-grid-ticks-10000-7may/medium-1/24proc/seed-4/1_b1c1s1_seed-4_20260509_034202/iterated_local_search/run_1_worker_14/ils_config_14441349664633784905.prm
[INFO]:[03:43:00] Starting CPLEX solver on instance: /home/yorig/tuner/mpils-tests/instances/miplib/medium-1/b1c1s1.mps with config: /scratch/yorig/mpils-results-grid-ticks-10000-7may/medium-1/24proc/seed-4/1_b1c1s1_seed-4_20260509_034202/iterated_local_search/run_1_worker_14/ils_config_14441349664633784905.prm
[INFO]:[03:43:06] CPLEX results. Gap: 21.530000, upper bound: 24986.630000, lower bound: 19607.882016
[INFO]:[03:43:06] CPLEX solver finished. Gap: 21.530000
[INFO]:[03:43:06] Starting CPLEX solver on instance: /home/yorig/tuner/mpils-tests/instances/miplib/medium-1/b1c1s1.mps with config: /scratch/yorig/mpils-results-grid-ticks-10000-7may/medium-1/24proc/seed-4/1_b1c1s1_seed-4_20260509_034202/iterated_local_search/run_1_worker_14/ils_config_15815778868096077902.prm
[INFO]:[03:43:06] Starting CPLEX solver on instance: /home/yorig/tuner/mpils-tests/instances/miplib/medium-1/b1c1s1.mps with config: /scratch/yorig/mpils-results-grid-ticks-10000-7may/medium-1/24proc/seed-4/1_b1c1s1_seed-4_20260509_034202/iterated_local_search/run_1_worker_14/ils_config_15815778868096077902.prm
[INFO]:[03:43:12] CPLEX results. Gap: 25.560000, upper bound: 25922.200000, lower bound: 19295.702270
[INFO]:[03:43:12] CPLEX solver finished. Gap: 25.560000
[INFO]:[03:43:12] Starting CPLEX solver on instance: /home/yorig/tuner/mpils-tests/instances/miplib/medium-1/b1c1s1.mps with config: /scratch/yorig/mpils-results-grid-ticks-10000-7may/medium-1/24proc/seed-4/1_b1c1s1_seed-4_20260509_034202/iterated_local_search/run_1_worker_14/ils_config_4131374671691239095.prm
[INFO]:[03:43:12] Starting CPLEX solver on instance: /home/yorig/tuner/mpils-tests/instances/miplib/medium-1/b1c1s1.mps with config: /scratch/yorig/mpils-results-grid-ticks-10000-7may/medium-1/24proc/seed-4/1_b1c1s1_seed-4_20260509_034202/iterated_local_search/run_1_worker_14/ils_config_4131374671691239095.prm
[INFO]:[03:43:18] CPLEX results. Gap: 21.180000, upper bound: 24986.630000, lower bound: 19693.991273
[INFO]:[03:43:18] CPLEX solver finished. Gap: 21.180000
[INFO]:[03:43:18] New incumbent found with objective value: 21.18
[INFO]:[03:43:18] Starting CPLEX solver on instance: /home/yorig/tuner/mpils-tests/instances/miplib/medium-1/b1c1s1.mps with config: /scratch/yorig/mpils-results-grid-ticks-10000-7may/medium-1/24proc/seed-4/1_b1c1s1_seed-4_20260509_034202/iterated_local_search/run_1_worker_14/ils_config_7552223429340904834.prm
[INFO]:[03:43:18] Starting CPLEX solver on instance: /home/yorig/tuner/mpils-tests/instances/miplib/medium-1/b1c1s1.mps with config: /scratch/yorig/mpils-results-grid-ticks-10000-7may/medium-1/24proc/seed-4/1_b1c1s1_seed-4_20260509_034202/iterated_local_search/run_1_worker_14/ils_config_7552223429340904834.prm
[INFO]:[03:43:25] CPLEX results. Gap: 31.570000, upper bound: 25188.380000, lower bound: 17237.064685
[INFO]:[03:43:25] CPLEX solver finished. Gap: 31.570000
[INFO]:[03:43:25] Starting CPLEX solver on instance: /home/yorig/tuner/mpils-tests/instances/miplib/medium-1/b1c1s1.mps with config: /scratch/yorig/mpils-results-grid-ticks-10000-7may/medium-1/24proc/seed-4/1_b1c1s1_seed-4_20260509_034202/iterated_local_search/run_1_worker_14/ils_config_4116194131306149941.prm
[INFO]:[03:43:25] Starting CPLEX solver on instance: /home/yorig/tuner/mpils-tests/instances/miplib/medium-1/b1c1s1.mps with config: /scratch/yorig/mpils-results-grid-ticks-10000-7may/medium-1/24proc/seed-4/1_b1c1s1_seed-4_20260509_034202/iterated_local_search/run_1_worker_14/ils_config_4116194131306149941.prm
[INFO]:[03:43:31] CPLEX results. Gap: 29.000000, upper bound: 26576.900000, lower bound: 18868.450036
[INFO]:[03:43:31] CPLEX solver finished. Gap: 29.000000
[INFO]:[03:43:31] Starting CPLEX solver on instance: /home/yorig/tuner/mpils-tests/instances/miplib/medium-1/b1c1s1.mps with config: /scratch/yorig/mpils-results-grid-ticks-10000-7may/medium-1/24proc/seed-4/1_b1c1s1_seed-4_20260509_034202/iterated_local_search/run_1_worker_14/ils_config_9647791237755099850.prm
[INFO]:[03:43:31] Starting CPLEX solver on instance: /home/yorig/tuner/mpils-tests/instances/miplib/medium-1/b1c1s1.mps with config: /scratch/yorig/mpils-results-grid-ticks-10000-7may/medium-1/24proc/seed-4/1_b1c1s1_seed-4_20260509_034202/iterated_local_search/run_1_worker_14/ils_config_9647791237755099850.prm
[INFO]:[03:43:37] CPLEX results. Gap: 24.280000, upper bound: 25331.370000, lower bound: 19181.048935
[INFO]:[03:43:37] CPLEX solver finished. Gap: 24.280000
[INFO]:[03:43:37] Starting CPLEX solver on instance: /home/yorig/tuner/mpils-tests/instances/miplib/medium-1/b1c1s1.mps with config: /scratch/yorig/mpils-results-grid-ticks-10000-7may/medium-1/24proc/seed-4/1_b1c1s1_seed-4_20260509_034202/iterated_local_search/run_1_worker_14/ils_config_15114314420899797838.prm
[INFO]:[03:43:37] Starting CPLEX solver on instance: /home/yorig/tuner/mpils-tests/instances/miplib/medium-1/b1c1s1.mps with config: /scratch/yorig/mpils-results-grid-ticks-10000-7may/medium-1/24proc/seed-4/1_b1c1s1_seed-4_20260509_034202/iterated_local_search/run_1_worker_14/ils_config_15114314420899797838.prm
[INFO]:[03:43:44] CPLEX results. Gap: 24.300000, upper bound: 24971.430000, lower bound: 18904.496511
[INFO]:[03:43:44] CPLEX solver finished. Gap: 24.300000
[INFO]:[03:43:44] Starting CPLEX solver on instance: /home/yorig/tuner/mpils-tests/instances/miplib/medium-1/b1c1s1.mps with config: /scratch/yorig/mpils-results-grid-ticks-10000-7may/medium-1/24proc/seed-4/1_b1c1s1_seed-4_20260509_034202/iterated_local_search/run_1_worker_14/ils_config_2167839970822766855.prm
[INFO]:[03:43:44] Starting CPLEX solver on instance: /home/yorig/tuner/mpils-tests/instances/miplib/medium-1/b1c1s1.mps with config: /scratch/yorig/mpils-results-grid-ticks-10000-7may/medium-1/24proc/seed-4/1_b1c1s1_seed-4_20260509_034202/iterated_local_search/run_1_worker_14/ils_config_2167839970822766855.prm
[INFO]:[03:43:50] CPLEX results. Gap: 24.010000, upper bound: 25125.620000, lower bound: 19092.054242
[INFO]:[03:43:50] CPLEX solver finished. Gap: 24.010000
[INFO]:[03:43:50] Starting CPLEX solver on instance: /home/yorig/tuner/mpils-tests/instances/miplib/medium-1/b1c1s1.mps with config: /scratch/yorig/mpils-results-grid-ticks-10000-7may/medium-1/24proc/seed-4/1_b1c1s1_seed-4_20260509_034202/iterated_local_search/run_1_worker_14/ils_config_7300340485454968236.prm
[INFO]:[03:43:50] Starting CPLEX solver on instance: /home/yorig/tuner/mpils-tests/instances/miplib/medium-1/b1c1s1.mps with config: /scratch/yorig/mpils-results-grid-ticks-10000-7may/medium-1/24proc/seed-4/1_b1c1s1_seed-4_20260509_034202/iterated_local_search/run_1_worker_14/ils_config_7300340485454968236.prm
[INFO]:[03:43:57] CPLEX results. Gap: 26.190000, upper bound: 26021.820000, lower bound: 19207.494240
[INFO]:[03:43:57] CPLEX solver finished. Gap: 26.190000
[INFO]:[03:43:57] Starting CPLEX solver on instance: /home/yorig/tuner/mpils-tests/instances/miplib/medium-1/b1c1s1.mps with config: /scratch/yorig/mpils-results-grid-ticks-10000-7may/medium-1/24proc/seed-4/1_b1c1s1_seed-4_20260509_034202/iterated_local_search/run_1_worker_14/ils_config_8422078480055200923.prm
[INFO]:[03:43:57] Starting CPLEX solver on instance: /home/yorig/tuner/mpils-tests/instances/miplib/medium-1/b1c1s1.mps with config: /scratch/yorig/mpils-results-grid-ticks-10000-7may/medium-1/24proc/seed-4/1_b1c1s1_seed-4_20260509_034202/iterated_local_search/run_1_worker_14/ils_config_8422078480055200923.prm
[INFO]:[03:44:03] CPLEX results. Gap: 21.180000, upper bound: 24986.630000, lower bound: 19693.991273
[INFO]:[03:44:03] CPLEX solver finished. Gap: 21.180000
[INFO]:[03:44:03] Starting CPLEX solver on instance: /home/yorig/tuner/mpils-tests/instances/miplib/medium-1/b1c1s1.mps with config: /scratch/yorig/mpils-results-grid-ticks-10000-7may/medium-1/24proc/seed-4/1_b1c1s1_seed-4_20260509_034202/iterated_local_search/run_1_worker_14/ils_config_428276945742432402.prm
[INFO]:[03:44:03] Starting CPLEX solver on instance: /home/yorig/tuner/mpils-tests/instances/miplib/medium-1/b1c1s1.mps with config: /scratch/yorig/mpils-results-grid-ticks-10000-7may/medium-1/24proc/seed-4/1_b1c1s1_seed-4_20260509_034202/iterated_local_search/run_1_worker_14/ils_config_428276945742432402.prm
[INFO]:[03:44:09] CPLEX results. Gap: 24.650000, upper bound: 25612.550000, lower bound: 19299.467632
[INFO]:[03:44:09] CPLEX solver finished. Gap: 24.650000
[INFO]:[03:44:09] Local search phase completed.
[INFO]:[03:44:09] Total number of new local-search evaluations: 20
[INFO]:[03:44:09] Final incumbent objective value: 21.18
[INFO]:[03:44:14] Worker 14 completed exploration phase.
[INFO]:[03:44:14] Worker 14 received order for step 2.
[INFO]:[03:44:14] Worker 14 running expansion phase for iteration 1.
[INFO]:[03:44:14] Worker 14 will use solver log file: /scratch/yorig/mpils-results-grid-ticks-10000-7may/medium-1/24proc/seed-4/1_b1c1s1_seed-4_20260509_034202/solver/cplex.log_iteration_expansion_1_worker_14
[INFO]:[03:44:14] Expansion Worker 14 starting expansion for iteration 1.
[INFO]:[03:44:14] Starting CPLEX solver on instance: /home/yorig/tuner/mpils-tests/instances/miplib/medium-1/b1c1s1.mps with config: /scratch/yorig/mpils-results-grid-ticks-10000-7may/medium-1/24proc/seed-4/1_b1c1s1_seed-4_20260509_034202/expansion/config_param_CPXPARAM_MIP_Strategy_NodeSelect_2_iter_1.prm
[INFO]:[03:44:20] CPLEX results. Gap: 21.010000, upper bound: 26028.870000, lower bound: 20560.424660
[INFO]:[03:44:20] CPLEX solver finished. Gap: 21.010000
[INFO]:[03:44:21] Expansion Worker 14 stopping early after global MPI expansion stop was activated.
[INFO]:[03:44:21] Expansion Worker 14 completed expansion.
[INFO]:[03:44:21] Worker 14 completed expansion phase.
[INFO]:[03:44:21] Worker 14 received order for step 1.
[INFO]:[03:44:21] Worker 14 running exploration phase for iteration 2.
[INFO]:[03:44:21] Worker 14 at iteration 2 will not use a MIP start file. Current best MIP-start upper bound threshold is 1.79769e+308.
[INFO]:[03:44:21] Starting local search phase...
[INFO]:[03:44:21] Creating local search space from parameter space file: /scratch/yorig/mpils-results-grid-ticks-10000-7may/medium-1/24proc/seed-4/1_b1c1s1_seed-4_20260509_034202/iterated_local_search/search_space/search_space_file_2_worker_14.txt
[INFO]:[03:44:21] Local search space loaded from file: /scratch/yorig/mpils-results-grid-ticks-10000-7may/medium-1/24proc/seed-4/1_b1c1s1_seed-4_20260509_034202/iterated_local_search/search_space/search_space_file_2_worker_14.txt
[INFO]:[03:44:21] Number of parameters in local search space: 71
[INFO]:[03:44:21] Number of forbidden tuples in local search space: 29
[INFO]:[03:44:21] Number of conditionals in local search space: 6
[INFO]:[03:44:21] MIP start option not enabled. Local search will proceed without MIP start.
[INFO]:[03:44:21] Evaluating initial configuration for local search phase...
[INFO]:[03:44:21] Starting CPLEX solver on instance: /home/yorig/tuner/mpils-tests/instances/miplib/medium-1/b1c1s1.mps with config: /scratch/yorig/mpils-results-grid-ticks-10000-7may/medium-1/24proc/seed-4/1_b1c1s1_seed-4_20260509_034202/iterated_local_search/run_2_worker_14/ils_config_6486711582823653202.prm
[INFO]:[03:44:21] Starting CPLEX solver on instance: /home/yorig/tuner/mpils-tests/instances/miplib/medium-1/b1c1s1.mps with config: /scratch/yorig/mpils-results-grid-ticks-10000-7may/medium-1/24proc/seed-4/1_b1c1s1_seed-4_20260509_034202/iterated_local_search/run_2_worker_14/ils_config_6486711582823653202.prm
[INFO]:[03:44:27] CPLEX results. Gap: 25.120000, upper bound: 26555.750000, lower bound: 19884.448380
[INFO]:[03:44:27] CPLEX solver finished. Gap: 25.120000
[INFO]:[03:44:27] Initial configuration evaluated with objective value: 25.12
[INFO]:[03:44:27] Starting CPLEX solver on instance: /home/yorig/tuner/mpils-tests/instances/miplib/medium-1/b1c1s1.mps with config: /scratch/yorig/mpils-results-grid-ticks-10000-7may/medium-1/24proc/seed-4/1_b1c1s1_seed-4_20260509_034202/iterated_local_search/run_2_worker_14/ils_config_7645678910431497482.prm
[INFO]:[03:44:27] Starting CPLEX solver on instance: /home/yorig/tuner/mpils-tests/instances/miplib/medium-1/b1c1s1.mps with config: /scratch/yorig/mpils-results-grid-ticks-10000-7may/medium-1/24proc/seed-4/1_b1c1s1_seed-4_20260509_034202/iterated_local_search/run_2_worker_14/ils_config_7645678910431497482.prm
[INFO]:[03:44:34] CPLEX results. Gap: 23.590000, upper bound: 26732.350000, lower bound: 20427.103978
[INFO]:[03:44:34] CPLEX solver finished. Gap: 23.590000
[INFO]:[03:44:34] New incumbent found with objective value: 23.59
[INFO]:[03:44:34] Starting CPLEX solver on instance: /home/yorig/tuner/mpils-tests/instances/miplib/medium-1/b1c1s1.mps with config: /scratch/yorig/mpils-results-grid-ticks-10000-7may/medium-1/24proc/seed-4/1_b1c1s1_seed-4_20260509_034202/iterated_local_search/run_2_worker_14/ils_config_4837482727655082396.prm
[INFO]:[03:44:34] Starting CPLEX solver on instance: /home/yorig/tuner/mpils-tests/instances/miplib/medium-1/b1c1s1.mps with config: /scratch/yorig/mpils-results-grid-ticks-10000-7may/medium-1/24proc/seed-4/1_b1c1s1_seed-4_20260509_034202/iterated_local_search/run_2_worker_14/ils_config_4837482727655082396.prm
[INFO]:[03:44:40] CPLEX results. Gap: 23.590000, upper bound: 26732.350000, lower bound: 20427.103978
[INFO]:[03:44:40] CPLEX solver finished. Gap: 23.590000
[INFO]:[03:44:40] Starting CPLEX solver on instance: /home/yorig/tuner/mpils-tests/instances/miplib/medium-1/b1c1s1.mps with config: /scratch/yorig/mpils-results-grid-ticks-10000-7may/medium-1/24proc/seed-4/1_b1c1s1_seed-4_20260509_034202/iterated_local_search/run_2_worker_14/ils_config_7059203653071026889.prm
[INFO]:[03:44:40] Starting CPLEX solver on instance: /home/yorig/tuner/mpils-tests/instances/miplib/medium-1/b1c1s1.mps with config: /scratch/yorig/mpils-results-grid-ticks-10000-7may/medium-1/24proc/seed-4/1_b1c1s1_seed-4_20260509_034202/iterated_local_search/run_2_worker_14/ils_config_7059203653071026889.prm
[INFO]:[03:44:46] CPLEX results. Gap: 23.590000, upper bound: 26732.350000, lower bound: 20427.103978
[INFO]:[03:44:46] CPLEX solver finished. Gap: 23.590000
[INFO]:[03:44:46] Starting CPLEX solver on instance: /home/yorig/tuner/mpils-tests/instances/miplib/medium-1/b1c1s1.mps with config: /scratch/yorig/mpils-results-grid-ticks-10000-7may/medium-1/24proc/seed-4/1_b1c1s1_seed-4_20260509_034202/iterated_local_search/run_2_worker_14/ils_config_14217801479243164496.prm
[INFO]:[03:44:46] Starting CPLEX solver on instance: /home/yorig/tuner/mpils-tests/instances/miplib/medium-1/b1c1s1.mps with config: /scratch/yorig/mpils-results-grid-ticks-10000-7may/medium-1/24proc/seed-4/1_b1c1s1_seed-4_20260509_034202/iterated_local_search/run_2_worker_14/ils_config_14217801479243164496.prm
[INFO]:[03:44:53] CPLEX results. Gap: 23.340000, upper bound: 26548.880000, lower bound: 20352.031774
[INFO]:[03:44:53] CPLEX solver finished. Gap: 23.340000
[INFO]:[03:44:53] New incumbent found with objective value: 23.34
[INFO]:[03:44:53] Starting CPLEX solver on instance: /home/yorig/tuner/mpils-tests/instances/miplib/medium-1/b1c1s1.mps with config: /scratch/yorig/mpils-results-grid-ticks-10000-7may/medium-1/24proc/seed-4/1_b1c1s1_seed-4_20260509_034202/iterated_local_search/run_2_worker_14/ils_config_7765755995702270202.prm
[INFO]:[03:44:53] Starting CPLEX solver on instance: /home/yorig/tuner/mpils-tests/instances/miplib/medium-1/b1c1s1.mps with config: /scratch/yorig/mpils-results-grid-ticks-10000-7may/medium-1/24proc/seed-4/1_b1c1s1_seed-4_20260509_034202/iterated_local_search/run_2_worker_14/ils_config_7765755995702270202.prm
[INFO]:[03:44:59] CPLEX results. Gap: 23.340000, upper bound: 26548.880000, lower bound: 20352.031774
[INFO]:[03:44:59] CPLEX solver finished. Gap: 23.340000
[INFO]:[03:44:59] Local search phase completed.
[INFO]:[03:44:59] Total number of new local-search evaluations: 6
[INFO]:[03:44:59] Final incumbent objective value: 23.34
[INFO]:[03:45:00] Worker 14 completed exploration phase.
[INFO]:[03:45:00] Worker 14 received order for step 2.
[INFO]:[03:45:00] Worker 14 running expansion phase for iteration 2.
[INFO]:[03:45:00] Worker 14 will use solver log file: /scratch/yorig/mpils-results-grid-ticks-10000-7may/medium-1/24proc/seed-4/1_b1c1s1_seed-4_20260509_034202/solver/cplex.log_iteration_expansion_2_worker_14
[INFO]:[03:45:00] Expansion Worker 14 starting expansion for iteration 2.
[INFO]:[03:45:00] Starting CPLEX solver on instance: /home/yorig/tuner/mpils-tests/instances/miplib/medium-1/b1c1s1.mps with config: /scratch/yorig/mpils-results-grid-ticks-10000-7may/medium-1/24proc/seed-4/1_b1c1s1_seed-4_20260509_034202/expansion/config_param_CPXPARAM_MIP_Limits_ProbeTime_5_iter_2.prm
[INFO]:[03:45:07] CPLEX results. Gap: 19.530000, upper bound: 25703.980000, lower bound: 20684.881964
[INFO]:[03:45:07] CPLEX solver finished. Gap: 19.530000
[INFO]:[03:45:07] Starting CPLEX solver on instance: /home/yorig/tuner/mpils-tests/instances/miplib/medium-1/b1c1s1.mps with config: /scratch/yorig/mpils-results-grid-ticks-10000-7may/medium-1/24proc/seed-4/1_b1c1s1_seed-4_20260509_034202/expansion/config_param_CPXPARAM_MIP_Strategy_BBInterval_30_iter_2.prm
[INFO]:[03:45:13] CPLEX results. Gap: 16.320000, upper bound: 24960.630000, lower bound: 20886.869864
[INFO]:[03:45:13] CPLEX solver finished. Gap: 16.320000
[INFO]:[03:45:19] Expansion Worker 14 completed expansion.
[INFO]:[03:45:19] Worker 14 completed expansion phase.
[INFO]:[03:45:19] Worker 14 received order for step 1.
[INFO]:[03:45:19] Worker 14 running exploration phase for iteration 3.
[INFO]:[03:45:19] Worker 14 at iteration 3 will not use a MIP start file. Current best MIP-start upper bound threshold is 1.79769e+308.
[INFO]:[03:45:19] Starting local search phase...
[INFO]:[03:45:19] Creating local search space from parameter space file: /scratch/yorig/mpils-results-grid-ticks-10000-7may/medium-1/24proc/seed-4/1_b1c1s1_seed-4_20260509_034202/iterated_local_search/search_space/search_space_file_3_worker_14.txt
[INFO]:[03:45:19] Local search space loaded from file: /scratch/yorig/mpils-results-grid-ticks-10000-7may/medium-1/24proc/seed-4/1_b1c1s1_seed-4_20260509_034202/iterated_local_search/search_space/search_space_file_3_worker_14.txt
[INFO]:[03:45:19] Number of parameters in local search space: 71
[INFO]:[03:45:19] Number of forbidden tuples in local search space: 44
[INFO]:[03:45:19] Number of conditionals in local search space: 6
[INFO]:[03:45:19] MIP start option not enabled. Local search will proceed without MIP start.
[INFO]:[03:45:19] Evaluating initial configuration for local search phase...
[INFO]:[03:45:19] Starting CPLEX solver on instance: /home/yorig/tuner/mpils-tests/instances/miplib/medium-1/b1c1s1.mps with config: /scratch/yorig/mpils-results-grid-ticks-10000-7may/medium-1/24proc/seed-4/1_b1c1s1_seed-4_20260509_034202/iterated_local_search/run_3_worker_14/ils_config_7643273500654844161.prm
[INFO]:[03:45:19] Starting CPLEX solver on instance: /home/yorig/tuner/mpils-tests/instances/miplib/medium-1/b1c1s1.mps with config: /scratch/yorig/mpils-results-grid-ticks-10000-7may/medium-1/24proc/seed-4/1_b1c1s1_seed-4_20260509_034202/iterated_local_search/run_3_worker_14/ils_config_7643273500654844161.prm
[INFO]:[03:45:26] CPLEX results. Gap: 28.090000, upper bound: 25909.210000, lower bound: 18631.285838
[INFO]:[03:45:26] CPLEX solver finished. Gap: 28.090000
[INFO]:[03:45:26] Initial configuration evaluated with objective value: 28.09
[INFO]:[03:45:26] Starting CPLEX solver on instance: /home/yorig/tuner/mpils-tests/instances/miplib/medium-1/b1c1s1.mps with config: /scratch/yorig/mpils-results-grid-ticks-10000-7may/medium-1/24proc/seed-4/1_b1c1s1_seed-4_20260509_034202/iterated_local_search/run_3_worker_14/ils_config_4654629259741819410.prm
[INFO]:[03:45:26] Starting CPLEX solver on instance: /home/yorig/tuner/mpils-tests/instances/miplib/medium-1/b1c1s1.mps with config: /scratch/yorig/mpils-results-grid-ticks-10000-7may/medium-1/24proc/seed-4/1_b1c1s1_seed-4_20260509_034202/iterated_local_search/run_3_worker_14/ils_config_4654629259741819410.prm
[INFO]:[03:45:33] CPLEX results. Gap: 28.090000, upper bound: 25909.210000, lower bound: 18631.285838
[INFO]:[03:45:33] CPLEX solver finished. Gap: 28.090000
[INFO]:[03:45:33] Starting CPLEX solver on instance: /home/yorig/tuner/mpils-tests/instances/miplib/medium-1/b1c1s1.mps with config: /scratch/yorig/mpils-results-grid-ticks-10000-7may/medium-1/24proc/seed-4/1_b1c1s1_seed-4_20260509_034202/iterated_local_search/run_3_worker_14/ils_config_2033506569050631293.prm
[INFO]:[03:45:33] Starting CPLEX solver on instance: /home/yorig/tuner/mpils-tests/instances/miplib/medium-1/b1c1s1.mps with config: /scratch/yorig/mpils-results-grid-ticks-10000-7may/medium-1/24proc/seed-4/1_b1c1s1_seed-4_20260509_034202/iterated_local_search/run_3_worker_14/ils_config_2033506569050631293.prm
[INFO]:[03:45:39] CPLEX results. Gap: 26.440000, upper bound: 25297.190000, lower bound: 18608.118487
[INFO]:[03:45:39] CPLEX solver finished. Gap: 26.440000
[INFO]:[03:45:39] New incumbent found with objective value: 26.44
[INFO]:[03:45:39] Starting CPLEX solver on instance: /home/yorig/tuner/mpils-tests/instances/miplib/medium-1/b1c1s1.mps with config: /scratch/yorig/mpils-results-grid-ticks-10000-7may/medium-1/24proc/seed-4/1_b1c1s1_seed-4_20260509_034202/iterated_local_search/run_3_worker_14/ils_config_3396464155971064239.prm
[INFO]:[03:45:39] Starting CPLEX solver on instance: /home/yorig/tuner/mpils-tests/instances/miplib/medium-1/b1c1s1.mps with config: /scratch/yorig/mpils-results-grid-ticks-10000-7may/medium-1/24proc/seed-4/1_b1c1s1_seed-4_20260509_034202/iterated_local_search/run_3_worker_14/ils_config_3396464155971064239.prm
[INFO]:[03:45:46] CPLEX results. Gap: 25.000000, upper bound: 25271.690000, lower bound: 18955.028336
[INFO]:[03:45:46] CPLEX solver finished. Gap: 25.000000
[INFO]:[03:45:46] New incumbent found with objective value: 25
[INFO]:[03:45:46] Starting CPLEX solver on instance: /home/yorig/tuner/mpils-tests/instances/miplib/medium-1/b1c1s1.mps with config: /scratch/yorig/mpils-results-grid-ticks-10000-7may/medium-1/24proc/seed-4/1_b1c1s1_seed-4_20260509_034202/iterated_local_search/run_3_worker_14/ils_config_15486240098432105295.prm
[INFO]:[03:45:46] Starting CPLEX solver on instance: /home/yorig/tuner/mpils-tests/instances/miplib/medium-1/b1c1s1.mps with config: /scratch/yorig/mpils-results-grid-ticks-10000-7may/medium-1/24proc/seed-4/1_b1c1s1_seed-4_20260509_034202/iterated_local_search/run_3_worker_14/ils_config_15486240098432105295.prm
[INFO]:[03:45:52] CPLEX results. Gap: 24.890000, upper bound: 25039.420000, lower bound: 18806.993009
[INFO]:[03:45:52] CPLEX solver finished. Gap: 24.890000
[INFO]:[03:45:52] New incumbent found with objective value: 24.89
[INFO]:[03:45:52] Starting CPLEX solver on instance: /home/yorig/tuner/mpils-tests/instances/miplib/medium-1/b1c1s1.mps with config: /scratch/yorig/mpils-results-grid-ticks-10000-7may/medium-1/24proc/seed-4/1_b1c1s1_seed-4_20260509_034202/iterated_local_search/run_3_worker_14/ils_config_11667474758565579493.prm
[INFO]:[03:45:52] Starting CPLEX solver on instance: /home/yorig/tuner/mpils-tests/instances/miplib/medium-1/b1c1s1.mps with config: /scratch/yorig/mpils-results-grid-ticks-10000-7may/medium-1/24proc/seed-4/1_b1c1s1_seed-4_20260509_034202/iterated_local_search/run_3_worker_14/ils_config_11667474758565579493.prm
[INFO]:[03:45:59] CPLEX results. Gap: 24.890000, upper bound: 25039.420000, lower bound: 18806.993009
[INFO]:[03:45:59] CPLEX solver finished. Gap: 24.890000
[INFO]:[03:45:59] Starting CPLEX solver on instance: /home/yorig/tuner/mpils-tests/instances/miplib/medium-1/b1c1s1.mps with config: /scratch/yorig/mpils-results-grid-ticks-10000-7may/medium-1/24proc/seed-4/1_b1c1s1_seed-4_20260509_034202/iterated_local_search/run_3_worker_14/ils_config_1564052377527778522.prm
[INFO]:[03:45:59] Starting CPLEX solver on instance: /home/yorig/tuner/mpils-tests/instances/miplib/medium-1/b1c1s1.mps with config: /scratch/yorig/mpils-results-grid-ticks-10000-7may/medium-1/24proc/seed-4/1_b1c1s1_seed-4_20260509_034202/iterated_local_search/run_3_worker_14/ils_config_1564052377527778522.prm
[INFO]:[03:46:05] CPLEX results. Gap: 24.890000, upper bound: 25039.420000, lower bound: 18806.993009
[INFO]:[03:46:05] CPLEX solver finished. Gap: 24.890000
[INFO]:[03:46:05] Starting CPLEX solver on instance: /home/yorig/tuner/mpils-tests/instances/miplib/medium-1/b1c1s1.mps with config: /scratch/yorig/mpils-results-grid-ticks-10000-7may/medium-1/24proc/seed-4/1_b1c1s1_seed-4_20260509_034202/iterated_local_search/run_3_worker_14/ils_config_11246517201407649632.prm
[INFO]:[03:46:05] Starting CPLEX solver on instance: /home/yorig/tuner/mpils-tests/instances/miplib/medium-1/b1c1s1.mps with config: /scratch/yorig/mpils-results-grid-ticks-10000-7may/medium-1/24proc/seed-4/1_b1c1s1_seed-4_20260509_034202/iterated_local_search/run_3_worker_14/ils_config_11246517201407649632.prm
[INFO]:[03:46:12] CPLEX results. Gap: 29.710000, upper bound: 26545.120000, lower bound: 18658.998196
[INFO]:[03:46:12] CPLEX solver finished. Gap: 29.710000
[INFO]:[03:46:12] Starting CPLEX solver on instance: /home/yorig/tuner/mpils-tests/instances/miplib/medium-1/b1c1s1.mps with config: /scratch/yorig/mpils-results-grid-ticks-10000-7may/medium-1/24proc/seed-4/1_b1c1s1_seed-4_20260509_034202/iterated_local_search/run_3_worker_14/ils_config_14565581402553920635.prm
[INFO]:[03:46:12] Starting CPLEX solver on instance: /home/yorig/tuner/mpils-tests/instances/miplib/medium-1/b1c1s1.mps with config: /scratch/yorig/mpils-results-grid-ticks-10000-7may/medium-1/24proc/seed-4/1_b1c1s1_seed-4_20260509_034202/iterated_local_search/run_3_worker_14/ils_config_14565581402553920635.prm
[INFO]:[03:46:18] CPLEX results. Gap: 28.470000, upper bound: 26284.770000, lower bound: 18802.361570
[INFO]:[03:46:18] CPLEX solver finished. Gap: 28.470000
[INFO]:[03:46:18] Starting CPLEX solver on instance: /home/yorig/tuner/mpils-tests/instances/miplib/medium-1/b1c1s1.mps with config: /scratch/yorig/mpils-results-grid-ticks-10000-7may/medium-1/24proc/seed-4/1_b1c1s1_seed-4_20260509_034202/iterated_local_search/run_3_worker_14/ils_config_662131315070200668.prm
[INFO]:[03:46:18] Starting CPLEX solver on instance: /home/yorig/tuner/mpils-tests/instances/miplib/medium-1/b1c1s1.mps with config: /scratch/yorig/mpils-results-grid-ticks-10000-7may/medium-1/24proc/seed-4/1_b1c1s1_seed-4_20260509_034202/iterated_local_search/run_3_worker_14/ils_config_662131315070200668.prm
[INFO]:[03:46:24] CPLEX results. Gap: 25.130000, upper bound: 25447.890000, lower bound: 19053.740953
[INFO]:[03:46:24] CPLEX solver finished. Gap: 25.130000
[INFO]:[03:46:24] Local search phase completed.
[INFO]:[03:46:24] Total number of new local-search evaluations: 10
[INFO]:[03:46:24] Final incumbent objective value: 24.89
[INFO]:[03:46:26] Worker 14 completed exploration phase.
[INFO]:[03:46:26] Worker 14 received order for step 2.
[INFO]:[03:46:26] Worker 14 running expansion phase for iteration 3.
[INFO]:[03:46:26] Worker 14 will use solver log file: /scratch/yorig/mpils-results-grid-ticks-10000-7may/medium-1/24proc/seed-4/1_b1c1s1_seed-4_20260509_034202/solver/cplex.log_iteration_expansion_3_worker_14
[INFO]:[03:46:26] Expansion Worker 14 starting expansion for iteration 3.
[INFO]:[03:46:26] Starting CPLEX solver on instance: /home/yorig/tuner/mpils-tests/instances/miplib/medium-1/b1c1s1.mps with config: /scratch/yorig/mpils-results-grid-ticks-10000-7may/medium-1/24proc/seed-4/1_b1c1s1_seed-4_20260509_034202/expansion/config_param_CPXPARAM_MIP_Strategy_HeuristicFreq_500_iter_3.prm
[INFO]:[03:46:33] CPLEX results. Gap: 20.340000, upper bound: 25729.510000, lower bound: 20495.147919
[INFO]:[03:46:33] CPLEX solver finished. Gap: 20.340000
[INFO]:[03:46:33] Starting CPLEX solver on instance: /home/yorig/tuner/mpils-tests/instances/miplib/medium-1/b1c1s1.mps with config: /scratch/yorig/mpils-results-grid-ticks-10000-7may/medium-1/24proc/seed-4/1_b1c1s1_seed-4_20260509_034202/expansion/config_param_CPXPARAM_Advance_2_iter_3.prm
[INFO]:[03:46:39] CPLEX results. Gap: 16.320000, upper bound: 24960.630000, lower bound: 20886.869864
[INFO]:[03:46:39] CPLEX solver finished. Gap: 16.320000
[INFO]:[03:46:41] Expansion Worker 14 stopping early after global MPI expansion stop was activated.
[INFO]:[03:46:41] Expansion Worker 14 completed expansion.
[INFO]:[03:46:41] Worker 14 completed expansion phase.
[INFO]:[03:46:41] Worker 14 received order for step 1.
[INFO]:[03:46:41] Worker 14 running exploration phase for iteration 4.
[INFO]:[03:46:41] Worker 14 at iteration 4 will not use a MIP start file. Current best MIP-start upper bound threshold is 1.79769e+308.
[INFO]:[03:46:41] Starting local search phase...
[INFO]:[03:46:41] Creating local search space from parameter space file: /scratch/yorig/mpils-results-grid-ticks-10000-7may/medium-1/24proc/seed-4/1_b1c1s1_seed-4_20260509_034202/iterated_local_search/search_space/search_space_file_4_worker_14.txt
[INFO]:[03:46:41] Local search space loaded from file: /scratch/yorig/mpils-results-grid-ticks-10000-7may/medium-1/24proc/seed-4/1_b1c1s1_seed-4_20260509_034202/iterated_local_search/search_space/search_space_file_4_worker_14.txt
[INFO]:[03:46:41] Number of parameters in local search space: 71
[INFO]:[03:46:41] Number of forbidden tuples in local search space: 53
[INFO]:[03:46:41] Number of conditionals in local search space: 6
[INFO]:[03:46:41] MIP start option not enabled. Local search will proceed without MIP start.
[INFO]:[03:46:41] Evaluating initial configuration for local search phase...
[INFO]:[03:46:41] Starting CPLEX solver on instance: /home/yorig/tuner/mpils-tests/instances/miplib/medium-1/b1c1s1.mps with config: /scratch/yorig/mpils-results-grid-ticks-10000-7may/medium-1/24proc/seed-4/1_b1c1s1_seed-4_20260509_034202/iterated_local_search/run_4_worker_14/ils_config_7732493352797966872.prm
[INFO]:[03:46:41] Starting CPLEX solver on instance: /home/yorig/tuner/mpils-tests/instances/miplib/medium-1/b1c1s1.mps with config: /scratch/yorig/mpils-results-grid-ticks-10000-7may/medium-1/24proc/seed-4/1_b1c1s1_seed-4_20260509_034202/iterated_local_search/run_4_worker_14/ils_config_7732493352797966872.prm
[INFO]:[03:46:47] CPLEX results. Gap: 21.190000, upper bound: 26149.070000, lower bound: 20607.073321
[INFO]:[03:46:47] CPLEX solver finished. Gap: 21.190000
[INFO]:[03:46:47] Initial configuration evaluated with objective value: 21.19
[INFO]:[03:46:47] Starting CPLEX solver on instance: /home/yorig/tuner/mpils-tests/instances/miplib/medium-1/b1c1s1.mps with config: /scratch/yorig/mpils-results-grid-ticks-10000-7may/medium-1/24proc/seed-4/1_b1c1s1_seed-4_20260509_034202/iterated_local_search/run_4_worker_14/ils_config_17021633693421725607.prm
[INFO]:[03:46:47] Starting CPLEX solver on instance: /home/yorig/tuner/mpils-tests/instances/miplib/medium-1/b1c1s1.mps with config: /scratch/yorig/mpils-results-grid-ticks-10000-7may/medium-1/24proc/seed-4/1_b1c1s1_seed-4_20260509_034202/iterated_local_search/run_4_worker_14/ils_config_17021633693421725607.prm
[INFO]:[03:46:54] CPLEX results. Gap: 21.620000, upper bound: 26145.410000, lower bound: 20492.068265
[INFO]:[03:46:54] CPLEX solver finished. Gap: 21.620000
[INFO]:[03:46:54] Starting CPLEX solver on instance: /home/yorig/tuner/mpils-tests/instances/miplib/medium-1/b1c1s1.mps with config: /scratch/yorig/mpils-results-grid-ticks-10000-7may/medium-1/24proc/seed-4/1_b1c1s1_seed-4_20260509_034202/iterated_local_search/run_4_worker_14/ils_config_5544744656270260582.prm
[INFO]:[03:46:54] Starting CPLEX solver on instance: /home/yorig/tuner/mpils-tests/instances/miplib/medium-1/b1c1s1.mps with config: /scratch/yorig/mpils-results-grid-ticks-10000-7may/medium-1/24proc/seed-4/1_b1c1s1_seed-4_20260509_034202/iterated_local_search/run_4_worker_14/ils_config_5544744656270260582.prm
[INFO]:[03:47:00] CPLEX results. Gap: 20.020000, upper bound: 25084.960000, lower bound: 20063.838232
[INFO]:[03:47:00] CPLEX solver finished. Gap: 20.020000
[INFO]:[03:47:00] New incumbent found with objective value: 20.02
[INFO]:[03:47:00] Starting CPLEX solver on instance: /home/yorig/tuner/mpils-tests/instances/miplib/medium-1/b1c1s1.mps with config: /scratch/yorig/mpils-results-grid-ticks-10000-7may/medium-1/24proc/seed-4/1_b1c1s1_seed-4_20260509_034202/iterated_local_search/run_4_worker_14/ils_config_14161251556117288437.prm
[INFO]:[03:47:00] Starting CPLEX solver on instance: /home/yorig/tuner/mpils-tests/instances/miplib/medium-1/b1c1s1.mps with config: /scratch/yorig/mpils-results-grid-ticks-10000-7may/medium-1/24proc/seed-4/1_b1c1s1_seed-4_20260509_034202/iterated_local_search/run_4_worker_14/ils_config_14161251556117288437.prm
[INFO]:[03:47:07] CPLEX results. Gap: 17.660000, upper bound: 25239.450000, lower bound: 20781.789374
[INFO]:[03:47:07] CPLEX solver finished. Gap: 17.660000
[INFO]:[03:47:07] New incumbent found with objective value: 17.66
[INFO]:[03:47:07] Starting CPLEX solver on instance: /home/yorig/tuner/mpils-tests/instances/miplib/medium-1/b1c1s1.mps with config: /scratch/yorig/mpils-results-grid-ticks-10000-7may/medium-1/24proc/seed-4/1_b1c1s1_seed-4_20260509_034202/iterated_local_search/run_4_worker_14/ils_config_702350141930095911.prm
[INFO]:[03:47:07] Starting CPLEX solver on instance: /home/yorig/tuner/mpils-tests/instances/miplib/medium-1/b1c1s1.mps with config: /scratch/yorig/mpils-results-grid-ticks-10000-7may/medium-1/24proc/seed-4/1_b1c1s1_seed-4_20260509_034202/iterated_local_search/run_4_worker_14/ils_config_702350141930095911.prm
[INFO]:[03:47:13] CPLEX results. Gap: 20.650000, upper bound: 25239.450000, lower bound: 20027.446231
[INFO]:[03:47:13] CPLEX solver finished. Gap: 20.650000
[INFO]:[03:47:13] Starting CPLEX solver on instance: /home/yorig/tuner/mpils-tests/instances/miplib/medium-1/b1c1s1.mps with config: /scratch/yorig/mpils-results-grid-ticks-10000-7may/medium-1/24proc/seed-4/1_b1c1s1_seed-4_20260509_034202/iterated_local_search/run_4_worker_14/ils_config_14244167396146644914.prm
[INFO]:[03:47:13] Starting CPLEX solver on instance: /home/yorig/tuner/mpils-tests/instances/miplib/medium-1/b1c1s1.mps with config: /scratch/yorig/mpils-results-grid-ticks-10000-7may/medium-1/24proc/seed-4/1_b1c1s1_seed-4_20260509_034202/iterated_local_search/run_4_worker_14/ils_config_14244167396146644914.prm
[INFO]:[03:47:19] CPLEX results. Gap: 17.660000, upper bound: 25239.450000, lower bound: 20781.789374
[INFO]:[03:47:19] CPLEX solver finished. Gap: 17.660000
[INFO]:[03:47:19] Starting CPLEX solver on instance: /home/yorig/tuner/mpils-tests/instances/miplib/medium-1/b1c1s1.mps with config: /scratch/yorig/mpils-results-grid-ticks-10000-7may/medium-1/24proc/seed-4/1_b1c1s1_seed-4_20260509_034202/iterated_local_search/run_4_worker_14/ils_config_9510777079577258059.prm
[INFO]:[03:47:19] Starting CPLEX solver on instance: /home/yorig/tuner/mpils-tests/instances/miplib/medium-1/b1c1s1.mps with config: /scratch/yorig/mpils-results-grid-ticks-10000-7may/medium-1/24proc/seed-4/1_b1c1s1_seed-4_20260509_034202/iterated_local_search/run_4_worker_14/ils_config_9510777079577258059.prm
[INFO]:[03:47:25] CPLEX results. Gap: 17.660000, upper bound: 25239.450000, lower bound: 20781.789374
[INFO]:[03:47:25] CPLEX solver finished. Gap: 17.660000
[INFO]:[03:47:25] Starting CPLEX solver on instance: /home/yorig/tuner/mpils-tests/instances/miplib/medium-1/b1c1s1.mps with config: /scratch/yorig/mpils-results-grid-ticks-10000-7may/medium-1/24proc/seed-4/1_b1c1s1_seed-4_20260509_034202/iterated_local_search/run_4_worker_14/ils_config_3740719978327141025.prm
[INFO]:[03:47:25] Starting CPLEX solver on instance: /home/yorig/tuner/mpils-tests/instances/miplib/medium-1/b1c1s1.mps with config: /scratch/yorig/mpils-results-grid-ticks-10000-7may/medium-1/24proc/seed-4/1_b1c1s1_seed-4_20260509_034202/iterated_local_search/run_4_worker_14/ils_config_3740719978327141025.prm
[INFO]:[03:47:32] CPLEX results. Gap: 21.750000, upper bound: 26041.120000, lower bound: 20376.216282
[INFO]:[03:47:32] CPLEX solver finished. Gap: 21.750000
[INFO]:[03:47:32] Starting CPLEX solver on instance: /home/yorig/tuner/mpils-tests/instances/miplib/medium-1/b1c1s1.mps with config: /scratch/yorig/mpils-results-grid-ticks-10000-7may/medium-1/24proc/seed-4/1_b1c1s1_seed-4_20260509_034202/iterated_local_search/run_4_worker_14/ils_config_14726115386989970404.prm
[INFO]:[03:47:32] Starting CPLEX solver on instance: /home/yorig/tuner/mpils-tests/instances/miplib/medium-1/b1c1s1.mps with config: /scratch/yorig/mpils-results-grid-ticks-10000-7may/medium-1/24proc/seed-4/1_b1c1s1_seed-4_20260509_034202/iterated_local_search/run_4_worker_14/ils_config_14726115386989970404.prm
[INFO]:[03:47:38] CPLEX results. Gap: 17.660000, upper bound: 25239.450000, lower bound: 20781.789374
[INFO]:[03:47:38] CPLEX solver finished. Gap: 17.660000
[INFO]:[03:47:38] Starting CPLEX solver on instance: /home/yorig/tuner/mpils-tests/instances/miplib/medium-1/b1c1s1.mps with config: /scratch/yorig/mpils-results-grid-ticks-10000-7may/medium-1/24proc/seed-4/1_b1c1s1_seed-4_20260509_034202/iterated_local_search/run_4_worker_14/ils_config_6575608037109247837.prm
[INFO]:[03:47:38] Starting CPLEX solver on instance: /home/yorig/tuner/mpils-tests/instances/miplib/medium-1/b1c1s1.mps with config: /scratch/yorig/mpils-results-grid-ticks-10000-7may/medium-1/24proc/seed-4/1_b1c1s1_seed-4_20260509_034202/iterated_local_search/run_4_worker_14/ils_config_6575608037109247837.prm
[INFO]:[03:47:44] CPLEX results. Gap: 19.510000, upper bound: 25745.340000, lower bound: 20723.327070
[INFO]:[03:47:44] CPLEX solver finished. Gap: 19.510000
[INFO]:[03:47:44] Starting CPLEX solver on instance: /home/yorig/tuner/mpils-tests/instances/miplib/medium-1/b1c1s1.mps with config: /scratch/yorig/mpils-results-grid-ticks-10000-7may/medium-1/24proc/seed-4/1_b1c1s1_seed-4_20260509_034202/iterated_local_search/run_4_worker_14/ils_config_13464911398560810735.prm
[INFO]:[03:47:44] Starting CPLEX solver on instance: /home/yorig/tuner/mpils-tests/instances/miplib/medium-1/b1c1s1.mps with config: /scratch/yorig/mpils-results-grid-ticks-10000-7may/medium-1/24proc/seed-4/1_b1c1s1_seed-4_20260509_034202/iterated_local_search/run_4_worker_14/ils_config_13464911398560810735.prm
[INFO]:[03:47:51] CPLEX results. Gap: 18.410000, upper bound: 25239.450000, lower bound: 20591.981248
[INFO]:[03:47:51] CPLEX solver finished. Gap: 18.410000
[INFO]:[03:47:51] Starting CPLEX solver on instance: /home/yorig/tuner/mpils-tests/instances/miplib/medium-1/b1c1s1.mps with config: /scratch/yorig/mpils-results-grid-ticks-10000-7may/medium-1/24proc/seed-4/1_b1c1s1_seed-4_20260509_034202/iterated_local_search/run_4_worker_14/ils_config_5102936792981801986.prm
[INFO]:[03:47:51] Starting CPLEX solver on instance: /home/yorig/tuner/mpils-tests/instances/miplib/medium-1/b1c1s1.mps with config: /scratch/yorig/mpils-results-grid-ticks-10000-7may/medium-1/24proc/seed-4/1_b1c1s1_seed-4_20260509_034202/iterated_local_search/run_4_worker_14/ils_config_5102936792981801986.prm
[INFO]:[03:47:57] CPLEX results. Gap: 17.660000, upper bound: 25239.450000, lower bound: 20781.789374
[INFO]:[03:47:57] CPLEX solver finished. Gap: 17.660000
[INFO]:[03:47:57] Starting CPLEX solver on instance: /home/yorig/tuner/mpils-tests/instances/miplib/medium-1/b1c1s1.mps with config: /scratch/yorig/mpils-results-grid-ticks-10000-7may/medium-1/24proc/seed-4/1_b1c1s1_seed-4_20260509_034202/iterated_local_search/run_4_worker_14/ils_config_1953430788170275860.prm
[INFO]:[03:47:57] Starting CPLEX solver on instance: /home/yorig/tuner/mpils-tests/instances/miplib/medium-1/b1c1s1.mps with config: /scratch/yorig/mpils-results-grid-ticks-10000-7may/medium-1/24proc/seed-4/1_b1c1s1_seed-4_20260509_034202/iterated_local_search/run_4_worker_14/ils_config_1953430788170275860.prm
[INFO]:[03:48:03] CPLEX results. Gap: 18.530000, upper bound: 25131.850000, lower bound: 20475.060767
[INFO]:[03:48:03] CPLEX solver finished. Gap: 18.530000
[INFO]:[03:48:03] Starting CPLEX solver on instance: /home/yorig/tuner/mpils-tests/instances/miplib/medium-1/b1c1s1.mps with config: /scratch/yorig/mpils-results-grid-ticks-10000-7may/medium-1/24proc/seed-4/1_b1c1s1_seed-4_20260509_034202/iterated_local_search/run_4_worker_14/ils_config_17311032361762542533.prm
[INFO]:[03:48:03] Starting CPLEX solver on instance: /home/yorig/tuner/mpils-tests/instances/miplib/medium-1/b1c1s1.mps with config: /scratch/yorig/mpils-results-grid-ticks-10000-7may/medium-1/24proc/seed-4/1_b1c1s1_seed-4_20260509_034202/iterated_local_search/run_4_worker_14/ils_config_17311032361762542533.prm
[INFO]:[03:48:09] CPLEX results. Gap: 18.410000, upper bound: 25239.450000, lower bound: 20591.981248
[INFO]:[03:48:09] CPLEX solver finished. Gap: 18.410000
[INFO]:[03:48:09] Local search phase completed.
[INFO]:[03:48:09] Total number of new local-search evaluations: 14
[INFO]:[03:48:09] Final incumbent objective value: 17.66
[INFO]:[03:48:19] Worker 14 completed exploration phase.
[INFO]:[03:48:19] Worker 14 received order for step 2.
[INFO]:[03:48:19] Worker 14 running expansion phase for iteration 4.
[INFO]:[03:48:19] Worker 14 will use solver log file: /scratch/yorig/mpils-results-grid-ticks-10000-7may/medium-1/24proc/seed-4/1_b1c1s1_seed-4_20260509_034202/solver/cplex.log_iteration_expansion_4_worker_14
[INFO]:[03:48:19] Expansion Worker 14 starting expansion for iteration 4.
[INFO]:[03:48:19] Starting CPLEX solver on instance: /home/yorig/tuner/mpils-tests/instances/miplib/medium-1/b1c1s1.mps with config: /scratch/yorig/mpils-results-grid-ticks-10000-7may/medium-1/24proc/seed-4/1_b1c1s1_seed-4_20260509_034202/expansion/config_param_CPXPARAM_Preprocessing_Fill_20_iter_4.prm
[INFO]:[03:48:25] CPLEX results. Gap: 15.990000, upper bound: 24960.630000, lower bound: 20969.958376
[INFO]:[03:48:25] CPLEX solver finished. Gap: 15.990000
[INFO]:[03:48:32] Expansion Worker 14 completed expansion.
[INFO]:[03:48:32] Worker 14 completed expansion phase.
[INFO]:[03:48:32] Worker 14 received order for step 1.
[INFO]:[03:48:32] Worker 14 running exploration phase for iteration 5.
[INFO]:[03:48:32] Worker 14 at iteration 5 will not use a MIP start file. Current best MIP-start upper bound threshold is 1.79769e+308.
[INFO]:[03:48:32] Starting local search phase...
[INFO]:[03:48:32] Creating local search space from parameter space file: /scratch/yorig/mpils-results-grid-ticks-10000-7may/medium-1/24proc/seed-4/1_b1c1s1_seed-4_20260509_034202/iterated_local_search/search_space/search_space_file_5_worker_14.txt
[INFO]:[03:48:32] Local search space loaded from file: /scratch/yorig/mpils-results-grid-ticks-10000-7may/medium-1/24proc/seed-4/1_b1c1s1_seed-4_20260509_034202/iterated_local_search/search_space/search_space_file_5_worker_14.txt
[INFO]:[03:48:32] Number of parameters in local search space: 71
[INFO]:[03:48:32] Number of forbidden tuples in local search space: 53
[INFO]:[03:48:32] Number of conditionals in local search space: 6
[INFO]:[03:48:32] MIP start option not enabled. Local search will proceed without MIP start.
[INFO]:[03:48:32] Evaluating initial configuration for local search phase...
[INFO]:[03:48:32] Starting CPLEX solver on instance: /home/yorig/tuner/mpils-tests/instances/miplib/medium-1/b1c1s1.mps with config: /scratch/yorig/mpils-results-grid-ticks-10000-7may/medium-1/24proc/seed-4/1_b1c1s1_seed-4_20260509_034202/iterated_local_search/run_5_worker_14/ils_config_11229375590304291794.prm
[INFO]:[03:48:32] Starting CPLEX solver on instance: /home/yorig/tuner/mpils-tests/instances/miplib/medium-1/b1c1s1.mps with config: /scratch/yorig/mpils-results-grid-ticks-10000-7may/medium-1/24proc/seed-4/1_b1c1s1_seed-4_20260509_034202/iterated_local_search/run_5_worker_14/ils_config_11229375590304291794.prm
[INFO]:[03:48:38] CPLEX results. Gap: 70.770000, upper bound: 60965.710000, lower bound: 17819.977291
[INFO]:[03:48:38] CPLEX solver finished. Gap: 70.770000
[INFO]:[03:48:38] Initial configuration evaluated with objective value: 70.77
[INFO]:[03:48:38] Starting CPLEX solver on instance: /home/yorig/tuner/mpils-tests/instances/miplib/medium-1/b1c1s1.mps with config: /scratch/yorig/mpils-results-grid-ticks-10000-7may/medium-1/24proc/seed-4/1_b1c1s1_seed-4_20260509_034202/iterated_local_search/run_5_worker_14/ils_config_12407143877230881611.prm
[INFO]:[03:48:38] Starting CPLEX solver on instance: /home/yorig/tuner/mpils-tests/instances/miplib/medium-1/b1c1s1.mps with config: /scratch/yorig/mpils-results-grid-ticks-10000-7may/medium-1/24proc/seed-4/1_b1c1s1_seed-4_20260509_034202/iterated_local_search/run_5_worker_14/ils_config_12407143877230881611.prm
[INFO]:[03:48:43] CPLEX results. Gap: 70.770000, upper bound: 60965.710000, lower bound: 17819.977291
[INFO]:[03:48:43] CPLEX solver finished. Gap: 70.770000
[INFO]:[03:48:43] Starting CPLEX solver on instance: /home/yorig/tuner/mpils-tests/instances/miplib/medium-1/b1c1s1.mps with config: /scratch/yorig/mpils-results-grid-ticks-10000-7may/medium-1/24proc/seed-4/1_b1c1s1_seed-4_20260509_034202/iterated_local_search/run_5_worker_14/ils_config_7961263972358479896.prm
[INFO]:[03:48:43] Starting CPLEX solver on instance: /home/yorig/tuner/mpils-tests/instances/miplib/medium-1/b1c1s1.mps with config: /scratch/yorig/mpils-results-grid-ticks-10000-7may/medium-1/24proc/seed-4/1_b1c1s1_seed-4_20260509_034202/iterated_local_search/run_5_worker_14/ils_config_7961263972358479896.prm
[INFO]:[03:48:48] CPLEX results. Gap: 70.770000, upper bound: 60965.710000, lower bound: 17819.977291
[INFO]:[03:48:48] CPLEX solver finished. Gap: 70.770000
[INFO]:[03:48:48] Starting CPLEX solver on instance: /home/yorig/tuner/mpils-tests/instances/miplib/medium-1/b1c1s1.mps with config: /scratch/yorig/mpils-results-grid-ticks-10000-7may/medium-1/24proc/seed-4/1_b1c1s1_seed-4_20260509_034202/iterated_local_search/run_5_worker_14/ils_config_18314636630008694807.prm
[INFO]:[03:48:48] Starting CPLEX solver on instance: /home/yorig/tuner/mpils-tests/instances/miplib/medium-1/b1c1s1.mps with config: /scratch/yorig/mpils-results-grid-ticks-10000-7may/medium-1/24proc/seed-4/1_b1c1s1_seed-4_20260509_034202/iterated_local_search/run_5_worker_14/ils_config_18314636630008694807.prm
[INFO]:[03:48:54] CPLEX results. Gap: 71.730000, upper bound: 60965.710000, lower bound: 17236.527774
[INFO]:[03:48:54] CPLEX solver finished. Gap: 71.730000
[INFO]:[03:48:54] Starting CPLEX solver on instance: /home/yorig/tuner/mpils-tests/instances/miplib/medium-1/b1c1s1.mps with config: /scratch/yorig/mpils-results-grid-ticks-10000-7may/medium-1/24proc/seed-4/1_b1c1s1_seed-4_20260509_034202/iterated_local_search/run_5_worker_14/ils_config_385863756418131869.prm
[INFO]:[03:48:54] Starting CPLEX solver on instance: /home/yorig/tuner/mpils-tests/instances/miplib/medium-1/b1c1s1.mps with config: /scratch/yorig/mpils-results-grid-ticks-10000-7may/medium-1/24proc/seed-4/1_b1c1s1_seed-4_20260509_034202/iterated_local_search/run_5_worker_14/ils_config_385863756418131869.prm
[INFO]:[03:48:59] CPLEX results. Gap: 72.460000, upper bound: 60965.710000, lower bound: 16792.859516
[INFO]:[03:48:59] CPLEX solver finished. Gap: 72.460000
[INFO]:[03:48:59] Starting CPLEX solver on instance: /home/yorig/tuner/mpils-tests/instances/miplib/medium-1/b1c1s1.mps with config: /scratch/yorig/mpils-results-grid-ticks-10000-7may/medium-1/24proc/seed-4/1_b1c1s1_seed-4_20260509_034202/iterated_local_search/run_5_worker_14/ils_config_642125836605341895.prm
[INFO]:[03:48:59] Starting CPLEX solver on instance: /home/yorig/tuner/mpils-tests/instances/miplib/medium-1/b1c1s1.mps with config: /scratch/yorig/mpils-results-grid-ticks-10000-7may/medium-1/24proc/seed-4/1_b1c1s1_seed-4_20260509_034202/iterated_local_search/run_5_worker_14/ils_config_642125836605341895.prm
[INFO]:[03:49:05] CPLEX results. Gap: 79.460000, upper bound: 60965.710000, lower bound: 12521.452916
[INFO]:[03:49:05] CPLEX solver finished. Gap: 79.460000
[INFO]:[03:49:05] Starting CPLEX solver on instance: /home/yorig/tuner/mpils-tests/instances/miplib/medium-1/b1c1s1.mps with config: /scratch/yorig/mpils-results-grid-ticks-10000-7may/medium-1/24proc/seed-4/1_b1c1s1_seed-4_20260509_034202/iterated_local_search/run_5_worker_14/ils_config_6248653341201630417.prm
[INFO]:[03:49:05] Starting CPLEX solver on instance: /home/yorig/tuner/mpils-tests/instances/miplib/medium-1/b1c1s1.mps with config: /scratch/yorig/mpils-results-grid-ticks-10000-7may/medium-1/24proc/seed-4/1_b1c1s1_seed-4_20260509_034202/iterated_local_search/run_5_worker_14/ils_config_6248653341201630417.prm
[INFO]:[03:49:11] CPLEX results. Gap: 74.320000, upper bound: 62842.500000, lower bound: 16139.092155
[INFO]:[03:49:11] CPLEX solver finished. Gap: 74.320000
[INFO]:[03:49:11] Starting CPLEX solver on instance: /home/yorig/tuner/mpils-tests/instances/miplib/medium-1/b1c1s1.mps with config: /scratch/yorig/mpils-results-grid-ticks-10000-7may/medium-1/24proc/seed-4/1_b1c1s1_seed-4_20260509_034202/iterated_local_search/run_5_worker_14/ils_config_12589141024634622101.prm
[INFO]:[03:49:11] Starting CPLEX solver on instance: /home/yorig/tuner/mpils-tests/instances/miplib/medium-1/b1c1s1.mps with config: /scratch/yorig/mpils-results-grid-ticks-10000-7may/medium-1/24proc/seed-4/1_b1c1s1_seed-4_20260509_034202/iterated_local_search/run_5_worker_14/ils_config_12589141024634622101.prm
[INFO]:[03:49:16] CPLEX results. Gap: 70.770000, upper bound: 60965.710000, lower bound: 17819.977291
[INFO]:[03:49:16] CPLEX solver finished. Gap: 70.770000
[INFO]:[03:49:16] Starting CPLEX solver on instance: /home/yorig/tuner/mpils-tests/instances/miplib/medium-1/b1c1s1.mps with config: /scratch/yorig/mpils-results-grid-ticks-10000-7may/medium-1/24proc/seed-4/1_b1c1s1_seed-4_20260509_034202/iterated_local_search/run_5_worker_14/ils_config_11228913235038675630.prm
[INFO]:[03:49:16] Starting CPLEX solver on instance: /home/yorig/tuner/mpils-tests/instances/miplib/medium-1/b1c1s1.mps with config: /scratch/yorig/mpils-results-grid-ticks-10000-7may/medium-1/24proc/seed-4/1_b1c1s1_seed-4_20260509_034202/iterated_local_search/run_5_worker_14/ils_config_11228913235038675630.prm
[INFO]:[03:49:21] CPLEX results. Gap: 91.090000, upper bound: 67993.480000, lower bound: 6054.914444
[INFO]:[03:49:21] CPLEX solver finished. Gap: 91.090000
[INFO]:[03:49:21] Starting CPLEX solver on instance: /home/yorig/tuner/mpils-tests/instances/miplib/medium-1/b1c1s1.mps with config: /scratch/yorig/mpils-results-grid-ticks-10000-7may/medium-1/24proc/seed-4/1_b1c1s1_seed-4_20260509_034202/iterated_local_search/run_5_worker_14/ils_config_10293394951482942360.prm
[INFO]:[03:49:21] Starting CPLEX solver on instance: /home/yorig/tuner/mpils-tests/instances/miplib/medium-1/b1c1s1.mps with config: /scratch/yorig/mpils-results-grid-ticks-10000-7may/medium-1/24proc/seed-4/1_b1c1s1_seed-4_20260509_034202/iterated_local_search/run_5_worker_14/ils_config_10293394951482942360.prm
[INFO]:[03:49:27] CPLEX results. Gap: 70.770000, upper bound: 60965.710000, lower bound: 17819.977291
[INFO]:[03:49:27] CPLEX solver finished. Gap: 70.770000
[INFO]:[03:49:27] Starting CPLEX solver on instance: /home/yorig/tuner/mpils-tests/instances/miplib/medium-1/b1c1s1.mps with config: /scratch/yorig/mpils-results-grid-ticks-10000-7may/medium-1/24proc/seed-4/1_b1c1s1_seed-4_20260509_034202/iterated_local_search/run_5_worker_14/ils_config_5891247918064657712.prm
[INFO]:[03:49:27] Starting CPLEX solver on instance: /home/yorig/tuner/mpils-tests/instances/miplib/medium-1/b1c1s1.mps with config: /scratch/yorig/mpils-results-grid-ticks-10000-7may/medium-1/24proc/seed-4/1_b1c1s1_seed-4_20260509_034202/iterated_local_search/run_5_worker_14/ils_config_5891247918064657712.prm
[INFO]:[03:49:32] CPLEX results. Gap: 73.840000, upper bound: 68050.630000, lower bound: 17799.206433
[INFO]:[03:49:32] CPLEX solver finished. Gap: 73.840000
[INFO]:[03:49:32] Starting CPLEX solver on instance: /home/yorig/tuner/mpils-tests/instances/miplib/medium-1/b1c1s1.mps with config: /scratch/yorig/mpils-results-grid-ticks-10000-7may/medium-1/24proc/seed-4/1_b1c1s1_seed-4_20260509_034202/iterated_local_search/run_5_worker_14/ils_config_7310542916633323564.prm
[INFO]:[03:49:32] Starting CPLEX solver on instance: /home/yorig/tuner/mpils-tests/instances/miplib/medium-1/b1c1s1.mps with config: /scratch/yorig/mpils-results-grid-ticks-10000-7may/medium-1/24proc/seed-4/1_b1c1s1_seed-4_20260509_034202/iterated_local_search/run_5_worker_14/ils_config_7310542916633323564.prm
[INFO]:[03:49:37] CPLEX results. Gap: 70.770000, upper bound: 60965.710000, lower bound: 17819.977291
[INFO]:[03:49:37] CPLEX solver finished. Gap: 70.770000
[INFO]:[03:49:37] Starting CPLEX solver on instance: /home/yorig/tuner/mpils-tests/instances/miplib/medium-1/b1c1s1.mps with config: /scratch/yorig/mpils-results-grid-ticks-10000-7may/medium-1/24proc/seed-4/1_b1c1s1_seed-4_20260509_034202/iterated_local_search/run_5_worker_14/ils_config_4300282721221500658.prm
[INFO]:[03:49:37] Starting CPLEX solver on instance: /home/yorig/tuner/mpils-tests/instances/miplib/medium-1/b1c1s1.mps with config: /scratch/yorig/mpils-results-grid-ticks-10000-7may/medium-1/24proc/seed-4/1_b1c1s1_seed-4_20260509_034202/iterated_local_search/run_5_worker_14/ils_config_4300282721221500658.prm
[INFO]:[03:49:43] CPLEX results. Gap: 74.640000, upper bound: 60965.710000, lower bound: 15458.711142
[INFO]:[03:49:43] CPLEX solver finished. Gap: 74.640000
[INFO]:[03:49:43] Starting CPLEX solver on instance: /home/yorig/tuner/mpils-tests/instances/miplib/medium-1/b1c1s1.mps with config: /scratch/yorig/mpils-results-grid-ticks-10000-7may/medium-1/24proc/seed-4/1_b1c1s1_seed-4_20260509_034202/iterated_local_search/run_5_worker_14/ils_config_14212452104312739954.prm
[INFO]:[03:49:43] Starting CPLEX solver on instance: /home/yorig/tuner/mpils-tests/instances/miplib/medium-1/b1c1s1.mps with config: /scratch/yorig/mpils-results-grid-ticks-10000-7may/medium-1/24proc/seed-4/1_b1c1s1_seed-4_20260509_034202/iterated_local_search/run_5_worker_14/ils_config_14212452104312739954.prm
[INFO]:[03:49:48] CPLEX results. Gap: 79.260000, upper bound: 60965.710000, lower bound: 12641.639204
[INFO]:[03:49:48] CPLEX solver finished. Gap: 79.260000
[INFO]:[03:49:48] Starting CPLEX solver on instance: /home/yorig/tuner/mpils-tests/instances/miplib/medium-1/b1c1s1.mps with config: /scratch/yorig/mpils-results-grid-ticks-10000-7may/medium-1/24proc/seed-4/1_b1c1s1_seed-4_20260509_034202/iterated_local_search/run_5_worker_14/ils_config_16143491929575159911.prm
[INFO]:[03:49:48] Starting CPLEX solver on instance: /home/yorig/tuner/mpils-tests/instances/miplib/medium-1/b1c1s1.mps with config: /scratch/yorig/mpils-results-grid-ticks-10000-7may/medium-1/24proc/seed-4/1_b1c1s1_seed-4_20260509_034202/iterated_local_search/run_5_worker_14/ils_config_16143491929575159911.prm
[INFO]:[03:49:54] CPLEX results. Gap: 26.290000, upper bound: 27760.240000, lower bound: 20460.764465
[INFO]:[03:49:54] CPLEX solver finished. Gap: 26.290000
[INFO]:[03:49:54] New incumbent found with objective value: 26.29
[INFO]:[03:49:54] Starting CPLEX solver on instance: /home/yorig/tuner/mpils-tests/instances/miplib/medium-1/b1c1s1.mps with config: /scratch/yorig/mpils-results-grid-ticks-10000-7may/medium-1/24proc/seed-4/1_b1c1s1_seed-4_20260509_034202/iterated_local_search/run_5_worker_14/ils_config_10732200667989209546.prm
[INFO]:[03:49:54] Starting CPLEX solver on instance: /home/yorig/tuner/mpils-tests/instances/miplib/medium-1/b1c1s1.mps with config: /scratch/yorig/mpils-results-grid-ticks-10000-7may/medium-1/24proc/seed-4/1_b1c1s1_seed-4_20260509_034202/iterated_local_search/run_5_worker_14/ils_config_10732200667989209546.prm
[INFO]:[03:50:01] CPLEX results. Gap: 26.540000, upper bound: 27817.030000, lower bound: 20435.296754
[INFO]:[03:50:01] CPLEX solver finished. Gap: 26.540000
[INFO]:[03:50:01] Starting CPLEX solver on instance: /home/yorig/tuner/mpils-tests/instances/miplib/medium-1/b1c1s1.mps with config: /scratch/yorig/mpils-results-grid-ticks-10000-7may/medium-1/24proc/seed-4/1_b1c1s1_seed-4_20260509_034202/iterated_local_search/run_5_worker_14/ils_config_1719628390586309203.prm
[INFO]:[03:50:01] Starting CPLEX solver on instance: /home/yorig/tuner/mpils-tests/instances/miplib/medium-1/b1c1s1.mps with config: /scratch/yorig/mpils-results-grid-ticks-10000-7may/medium-1/24proc/seed-4/1_b1c1s1_seed-4_20260509_034202/iterated_local_search/run_5_worker_14/ils_config_1719628390586309203.prm
[INFO]:[03:50:06] CPLEX results. Gap: 23.170000, upper bound: 27049.610000, lower bound: 20781.435149
[INFO]:[03:50:06] CPLEX solver finished. Gap: 23.170000
[INFO]:[03:50:06] New incumbent found with objective value: 23.17
[INFO]:[03:50:06] Starting CPLEX solver on instance: /home/yorig/tuner/mpils-tests/instances/miplib/medium-1/b1c1s1.mps with config: /scratch/yorig/mpils-results-grid-ticks-10000-7may/medium-1/24proc/seed-4/1_b1c1s1_seed-4_20260509_034202/iterated_local_search/run_5_worker_14/ils_config_17550353186524317979.prm
[INFO]:[03:50:06] Starting CPLEX solver on instance: /home/yorig/tuner/mpils-tests/instances/miplib/medium-1/b1c1s1.mps with config: /scratch/yorig/mpils-results-grid-ticks-10000-7may/medium-1/24proc/seed-4/1_b1c1s1_seed-4_20260509_034202/iterated_local_search/run_5_worker_14/ils_config_17550353186524317979.prm
[INFO]:[03:50:12] CPLEX results. Gap: 73.580000, upper bound: 68050.630000, lower bound: 17977.254682
[INFO]:[03:50:12] CPLEX solver finished. Gap: 73.580000
[INFO]:[03:50:12] Local search phase completed.
[INFO]:[03:50:12] Total number of new local-search evaluations: 18
[INFO]:[03:50:12] Final incumbent objective value: 23.17
[INFO]:[03:51:05] Worker 14 completed exploration phase.
[INFO]:[03:51:05] Worker 14 received order for step 2.
[INFO]:[03:51:05] Worker 14 running expansion phase for iteration 5.
[INFO]:[03:51:05] Worker 14 will use solver log file: /scratch/yorig/mpils-results-grid-ticks-10000-7may/medium-1/24proc/seed-4/1_b1c1s1_seed-4_20260509_034202/solver/cplex.log_iteration_expansion_5_worker_14
[INFO]:[03:51:05] Expansion Worker 14 starting expansion for iteration 5.
[INFO]:[03:51:05] Starting CPLEX solver on instance: /home/yorig/tuner/mpils-tests/instances/miplib/medium-1/b1c1s1.mps with config: /scratch/yorig/mpils-results-grid-ticks-10000-7may/medium-1/24proc/seed-4/1_b1c1s1_seed-4_20260509_034202/expansion/config_param_CPXPARAM_Network_NetFind_3_iter_5.prm
[INFO]:[03:51:12] CPLEX results. Gap: 14.720000, upper bound: 24844.970000, lower bound: 21187.150800
[INFO]:[03:51:12] CPLEX solver finished. Gap: 14.720000
[INFO]:[03:51:18] Expansion Worker 14 completed expansion.
[INFO]:[03:51:18] Worker 14 completed expansion phase.
[INFO]:[03:51:19] Worker 14 received order for step 1.
[INFO]:[03:51:19] Worker 14 running exploration phase for iteration 6.
[INFO]:[03:51:19] Worker 14 at iteration 6 will not use a MIP start file. Current best MIP-start upper bound threshold is 1.79769e+308.
[INFO]:[03:51:19] Starting local search phase...
[INFO]:[03:51:19] Creating local search space from parameter space file: /scratch/yorig/mpils-results-grid-ticks-10000-7may/medium-1/24proc/seed-4/1_b1c1s1_seed-4_20260509_034202/iterated_local_search/search_space/search_space_file_6_worker_14.txt
[INFO]:[03:51:19] Local search space loaded from file: /scratch/yorig/mpils-results-grid-ticks-10000-7may/medium-1/24proc/seed-4/1_b1c1s1_seed-4_20260509_034202/iterated_local_search/search_space/search_space_file_6_worker_14.txt
[INFO]:[03:51:19] Number of parameters in local search space: 71
[INFO]:[03:51:19] Number of forbidden tuples in local search space: 53
[INFO]:[03:51:19] Number of conditionals in local search space: 6
[INFO]:[03:51:19] MIP start option not enabled. Local search will proceed without MIP start.
[INFO]:[03:51:19] Evaluating initial configuration for local search phase...
[INFO]:[03:51:19] Starting CPLEX solver on instance: /home/yorig/tuner/mpils-tests/instances/miplib/medium-1/b1c1s1.mps with config: /scratch/yorig/mpils-results-grid-ticks-10000-7may/medium-1/24proc/seed-4/1_b1c1s1_seed-4_20260509_034202/iterated_local_search/run_6_worker_14/ils_config_8385322761937296838.prm
[INFO]:[03:51:19] Starting CPLEX solver on instance: /home/yorig/tuner/mpils-tests/instances/miplib/medium-1/b1c1s1.mps with config: /scratch/yorig/mpils-results-grid-ticks-10000-7may/medium-1/24proc/seed-4/1_b1c1s1_seed-4_20260509_034202/iterated_local_search/run_6_worker_14/ils_config_8385322761937296838.prm
[INFO]:[03:51:25] CPLEX results. Gap: 47.010000, upper bound: 29615.400000, lower bound: 15692.987913
[INFO]:[03:51:25] CPLEX solver finished. Gap: 47.010000
[INFO]:[03:51:25] Initial configuration evaluated with objective value: 47.01
[INFO]:[03:51:25] Starting CPLEX solver on instance: /home/yorig/tuner/mpils-tests/instances/miplib/medium-1/b1c1s1.mps with config: /scratch/yorig/mpils-results-grid-ticks-10000-7may/medium-1/24proc/seed-4/1_b1c1s1_seed-4_20260509_034202/iterated_local_search/run_6_worker_14/ils_config_7257998518251673761.prm
[INFO]:[03:51:25] Starting CPLEX solver on instance: /home/yorig/tuner/mpils-tests/instances/miplib/medium-1/b1c1s1.mps with config: /scratch/yorig/mpils-results-grid-ticks-10000-7may/medium-1/24proc/seed-4/1_b1c1s1_seed-4_20260509_034202/iterated_local_search/run_6_worker_14/ils_config_7257998518251673761.prm
[INFO]:[03:51:30] CPLEX results. Gap: 75.320000, upper bound: 62474.530000, lower bound: 15419.392307
[INFO]:[03:51:30] CPLEX solver finished. Gap: 75.320000
[INFO]:[03:51:30] Starting CPLEX solver on instance: /home/yorig/tuner/mpils-tests/instances/miplib/medium-1/b1c1s1.mps with config: /scratch/yorig/mpils-results-grid-ticks-10000-7may/medium-1/24proc/seed-4/1_b1c1s1_seed-4_20260509_034202/iterated_local_search/run_6_worker_14/ils_config_2292801492998803716.prm
[INFO]:[03:51:30] Starting CPLEX solver on instance: /home/yorig/tuner/mpils-tests/instances/miplib/medium-1/b1c1s1.mps with config: /scratch/yorig/mpils-results-grid-ticks-10000-7may/medium-1/24proc/seed-4/1_b1c1s1_seed-4_20260509_034202/iterated_local_search/run_6_worker_14/ils_config_2292801492998803716.prm
[INFO]:[03:51:36] CPLEX results. Gap: 47.460000, upper bound: 29615.400000, lower bound: 15560.484423
[INFO]:[03:51:36] CPLEX solver finished. Gap: 47.460000
[INFO]:[03:51:36] Starting CPLEX solver on instance: /home/yorig/tuner/mpils-tests/instances/miplib/medium-1/b1c1s1.mps with config: /scratch/yorig/mpils-results-grid-ticks-10000-7may/medium-1/24proc/seed-4/1_b1c1s1_seed-4_20260509_034202/iterated_local_search/run_6_worker_14/ils_config_3308414825760107933.prm
[INFO]:[03:51:36] Starting CPLEX solver on instance: /home/yorig/tuner/mpils-tests/instances/miplib/medium-1/b1c1s1.mps with config: /scratch/yorig/mpils-results-grid-ticks-10000-7may/medium-1/24proc/seed-4/1_b1c1s1_seed-4_20260509_034202/iterated_local_search/run_6_worker_14/ils_config_3308414825760107933.prm
[INFO]:[03:51:42] CPLEX results. Gap: 47.010000, upper bound: 29615.400000, lower bound: 15692.987913
[INFO]:[03:51:42] CPLEX solver finished. Gap: 47.010000
[INFO]:[03:51:42] Starting CPLEX solver on instance: /home/yorig/tuner/mpils-tests/instances/miplib/medium-1/b1c1s1.mps with config: /scratch/yorig/mpils-results-grid-ticks-10000-7may/medium-1/24proc/seed-4/1_b1c1s1_seed-4_20260509_034202/iterated_local_search/run_6_worker_14/ils_config_7612625711562674546.prm
[INFO]:[03:51:42] Starting CPLEX solver on instance: /home/yorig/tuner/mpils-tests/instances/miplib/medium-1/b1c1s1.mps with config: /scratch/yorig/mpils-results-grid-ticks-10000-7may/medium-1/24proc/seed-4/1_b1c1s1_seed-4_20260509_034202/iterated_local_search/run_6_worker_14/ils_config_7612625711562674546.prm
[INFO]:[03:51:48] CPLEX results. Gap: 77.400000, upper bound: 69933.520000, lower bound: 15806.130637
[INFO]:[03:51:48] CPLEX solver finished. Gap: 77.400000
[INFO]:[03:51:48] Starting CPLEX solver on instance: /home/yorig/tuner/mpils-tests/instances/miplib/medium-1/b1c1s1.mps with config: /scratch/yorig/mpils-results-grid-ticks-10000-7may/medium-1/24proc/seed-4/1_b1c1s1_seed-4_20260509_034202/iterated_local_search/run_6_worker_14/ils_config_16124487808578271901.prm
[INFO]:[03:51:48] Starting CPLEX solver on instance: /home/yorig/tuner/mpils-tests/instances/miplib/medium-1/b1c1s1.mps with config: /scratch/yorig/mpils-results-grid-ticks-10000-7may/medium-1/24proc/seed-4/1_b1c1s1_seed-4_20260509_034202/iterated_local_search/run_6_worker_14/ils_config_16124487808578271901.prm
[INFO]:[03:51:53] CPLEX results. Gap: 81.920000, upper bound: 30179.510000, lower bound: 5457.173750
[INFO]:[03:51:53] CPLEX solver finished. Gap: 81.920000
[INFO]:[03:51:53] Starting CPLEX solver on instance: /home/yorig/tuner/mpils-tests/instances/miplib/medium-1/b1c1s1.mps with config: /scratch/yorig/mpils-results-grid-ticks-10000-7may/medium-1/24proc/seed-4/1_b1c1s1_seed-4_20260509_034202/iterated_local_search/run_6_worker_14/ils_config_6121158550434746313.prm
[INFO]:[03:51:53] Starting CPLEX solver on instance: /home/yorig/tuner/mpils-tests/instances/miplib/medium-1/b1c1s1.mps with config: /scratch/yorig/mpils-results-grid-ticks-10000-7may/medium-1/24proc/seed-4/1_b1c1s1_seed-4_20260509_034202/iterated_local_search/run_6_worker_14/ils_config_6121158550434746313.prm
[INFO]:[03:51:59] CPLEX results. Gap: 75.340000, upper bound: 62474.530000, lower bound: 15406.140653
[INFO]:[03:51:59] CPLEX solver finished. Gap: 75.340000
[INFO]:[03:51:59] Starting CPLEX solver on instance: /home/yorig/tuner/mpils-tests/instances/miplib/medium-1/b1c1s1.mps with config: /scratch/yorig/mpils-results-grid-ticks-10000-7may/medium-1/24proc/seed-4/1_b1c1s1_seed-4_20260509_034202/iterated_local_search/run_6_worker_14/ils_config_15371898061663713169.prm
[INFO]:[03:51:59] Starting CPLEX solver on instance: /home/yorig/tuner/mpils-tests/instances/miplib/medium-1/b1c1s1.mps with config: /scratch/yorig/mpils-results-grid-ticks-10000-7may/medium-1/24proc/seed-4/1_b1c1s1_seed-4_20260509_034202/iterated_local_search/run_6_worker_14/ils_config_15371898061663713169.prm
[INFO]:[03:52:04] CPLEX results. Gap: 47.010000, upper bound: 29615.400000, lower bound: 15692.987913
[INFO]:[03:52:04] CPLEX solver finished. Gap: 47.010000
[INFO]:[03:52:04] Starting CPLEX solver on instance: /home/yorig/tuner/mpils-tests/instances/miplib/medium-1/b1c1s1.mps with config: /scratch/yorig/mpils-results-grid-ticks-10000-7may/medium-1/24proc/seed-4/1_b1c1s1_seed-4_20260509_034202/iterated_local_search/run_6_worker_14/ils_config_13623741723104904169.prm
[INFO]:[03:52:04] Starting CPLEX solver on instance: /home/yorig/tuner/mpils-tests/instances/miplib/medium-1/b1c1s1.mps with config: /scratch/yorig/mpils-results-grid-ticks-10000-7may/medium-1/24proc/seed-4/1_b1c1s1_seed-4_20260509_034202/iterated_local_search/run_6_worker_14/ils_config_13623741723104904169.prm
[INFO]:[03:52:10] CPLEX results. Gap: 46.900000, upper bound: 29615.400000, lower bound: 15726.279349
[INFO]:[03:52:10] CPLEX solver finished. Gap: 46.900000
[INFO]:[03:52:10] New incumbent found with objective value: 46.9
[INFO]:[03:52:10] Starting CPLEX solver on instance: /home/yorig/tuner/mpils-tests/instances/miplib/medium-1/b1c1s1.mps with config: /scratch/yorig/mpils-results-grid-ticks-10000-7may/medium-1/24proc/seed-4/1_b1c1s1_seed-4_20260509_034202/iterated_local_search/run_6_worker_14/ils_config_1085137382817689481.prm
[INFO]:[03:52:10] Starting CPLEX solver on instance: /home/yorig/tuner/mpils-tests/instances/miplib/medium-1/b1c1s1.mps with config: /scratch/yorig/mpils-results-grid-ticks-10000-7may/medium-1/24proc/seed-4/1_b1c1s1_seed-4_20260509_034202/iterated_local_search/run_6_worker_14/ils_config_1085137382817689481.prm
[INFO]:[03:52:16] CPLEX results. Gap: 46.900000, upper bound: 29615.400000, lower bound: 15726.279349
[INFO]:[03:52:16] CPLEX solver finished. Gap: 46.900000
[INFO]:[03:52:16] Starting CPLEX solver on instance: /home/yorig/tuner/mpils-tests/instances/miplib/medium-1/b1c1s1.mps with config: /scratch/yorig/mpils-results-grid-ticks-10000-7may/medium-1/24proc/seed-4/1_b1c1s1_seed-4_20260509_034202/iterated_local_search/run_6_worker_14/ils_config_1279348330223122173.prm
[INFO]:[03:52:16] Starting CPLEX solver on instance: /home/yorig/tuner/mpils-tests/instances/miplib/medium-1/b1c1s1.mps with config: /scratch/yorig/mpils-results-grid-ticks-10000-7may/medium-1/24proc/seed-4/1_b1c1s1_seed-4_20260509_034202/iterated_local_search/run_6_worker_14/ils_config_1279348330223122173.prm
[INFO]:[03:52:22] CPLEX results. Gap: 46.900000, upper bound: 29615.400000, lower bound: 15726.279349
[INFO]:[03:52:22] CPLEX solver finished. Gap: 46.900000
[INFO]:[03:52:22] Starting CPLEX solver on instance: /home/yorig/tuner/mpils-tests/instances/miplib/medium-1/b1c1s1.mps with config: /scratch/yorig/mpils-results-grid-ticks-10000-7may/medium-1/24proc/seed-4/1_b1c1s1_seed-4_20260509_034202/iterated_local_search/run_6_worker_14/ils_config_17980523695677531893.prm
[INFO]:[03:52:22] Starting CPLEX solver on instance: /home/yorig/tuner/mpils-tests/instances/miplib/medium-1/b1c1s1.mps with config: /scratch/yorig/mpils-results-grid-ticks-10000-7may/medium-1/24proc/seed-4/1_b1c1s1_seed-4_20260509_034202/iterated_local_search/run_6_worker_14/ils_config_17980523695677531893.prm
[INFO]:[03:52:29] CPLEX results. Gap: 79.550000, upper bound: 63474.630000, lower bound: 12979.037020
[INFO]:[03:52:29] CPLEX solver finished. Gap: 79.550000
[INFO]:[03:52:29] Starting CPLEX solver on instance: /home/yorig/tuner/mpils-tests/instances/miplib/medium-1/b1c1s1.mps with config: /scratch/yorig/mpils-results-grid-ticks-10000-7may/medium-1/24proc/seed-4/1_b1c1s1_seed-4_20260509_034202/iterated_local_search/run_6_worker_14/ils_config_14416298565656192569.prm
[INFO]:[03:52:29] Starting CPLEX solver on instance: /home/yorig/tuner/mpils-tests/instances/miplib/medium-1/b1c1s1.mps with config: /scratch/yorig/mpils-results-grid-ticks-10000-7may/medium-1/24proc/seed-4/1_b1c1s1_seed-4_20260509_034202/iterated_local_search/run_6_worker_14/ils_config_14416298565656192569.prm
[INFO]:[03:52:35] CPLEX results. Gap: 46.900000, upper bound: 29615.400000, lower bound: 15726.279349
[INFO]:[03:52:35] CPLEX solver finished. Gap: 46.900000
[INFO]:[03:52:35] Starting CPLEX solver on instance: /home/yorig/tuner/mpils-tests/instances/miplib/medium-1/b1c1s1.mps with config: /scratch/yorig/mpils-results-grid-ticks-10000-7may/medium-1/24proc/seed-4/1_b1c1s1_seed-4_20260509_034202/iterated_local_search/run_6_worker_14/ils_config_6062564022523443023.prm
[INFO]:[03:52:35] Starting CPLEX solver on instance: /home/yorig/tuner/mpils-tests/instances/miplib/medium-1/b1c1s1.mps with config: /scratch/yorig/mpils-results-grid-ticks-10000-7may/medium-1/24proc/seed-4/1_b1c1s1_seed-4_20260509_034202/iterated_local_search/run_6_worker_14/ils_config_6062564022523443023.prm
[INFO]:[03:52:41] CPLEX results. Gap: 46.900000, upper bound: 29615.400000, lower bound: 15726.279349
[INFO]:[03:52:41] CPLEX solver finished. Gap: 46.900000
[INFO]:[03:52:41] Starting CPLEX solver on instance: /home/yorig/tuner/mpils-tests/instances/miplib/medium-1/b1c1s1.mps with config: /scratch/yorig/mpils-results-grid-ticks-10000-7may/medium-1/24proc/seed-4/1_b1c1s1_seed-4_20260509_034202/iterated_local_search/run_6_worker_14/ils_config_13290191602838121525.prm
[INFO]:[03:52:41] Starting CPLEX solver on instance: /home/yorig/tuner/mpils-tests/instances/miplib/medium-1/b1c1s1.mps with config: /scratch/yorig/mpils-results-grid-ticks-10000-7may/medium-1/24proc/seed-4/1_b1c1s1_seed-4_20260509_034202/iterated_local_search/run_6_worker_14/ils_config_13290191602838121525.prm
[INFO]:[03:52:47] CPLEX results. Gap: 50.400000, upper bound: 31302.540000, lower bound: 15526.324783
[INFO]:[03:52:47] CPLEX solver finished. Gap: 50.400000
[INFO]:[03:52:47] Starting CPLEX solver on instance: /home/yorig/tuner/mpils-tests/instances/miplib/medium-1/b1c1s1.mps with config: /scratch/yorig/mpils-results-grid-ticks-10000-7may/medium-1/24proc/seed-4/1_b1c1s1_seed-4_20260509_034202/iterated_local_search/run_6_worker_14/ils_config_12355918661213564208.prm
[INFO]:[03:52:47] Starting CPLEX solver on instance: /home/yorig/tuner/mpils-tests/instances/miplib/medium-1/b1c1s1.mps with config: /scratch/yorig/mpils-results-grid-ticks-10000-7may/medium-1/24proc/seed-4/1_b1c1s1_seed-4_20260509_034202/iterated_local_search/run_6_worker_14/ils_config_12355918661213564208.prm
[INFO]:[03:52:52] CPLEX results. Gap: 75.170000, upper bound: 62474.530000, lower bound: 15512.426373
[INFO]:[03:52:52] CPLEX solver finished. Gap: 75.170000
[INFO]:[03:52:52] Starting CPLEX solver on instance: /home/yorig/tuner/mpils-tests/instances/miplib/medium-1/b1c1s1.mps with config: /scratch/yorig/mpils-results-grid-ticks-10000-7may/medium-1/24proc/seed-4/1_b1c1s1_seed-4_20260509_034202/iterated_local_search/run_6_worker_14/ils_config_4323838385771320546.prm
[INFO]:[03:52:52] Starting CPLEX solver on instance: /home/yorig/tuner/mpils-tests/instances/miplib/medium-1/b1c1s1.mps with config: /scratch/yorig/mpils-results-grid-ticks-10000-7may/medium-1/24proc/seed-4/1_b1c1s1_seed-4_20260509_034202/iterated_local_search/run_6_worker_14/ils_config_4323838385771320546.prm
[INFO]:[03:52:58] CPLEX results. Gap: 41.100000, upper bound: 29115.700000, lower bound: 17149.502716
[INFO]:[03:52:58] CPLEX solver finished. Gap: 41.100000
[INFO]:[03:52:58] New incumbent found with objective value: 41.1
[INFO]:[03:52:58] Starting CPLEX solver on instance: /home/yorig/tuner/mpils-tests/instances/miplib/medium-1/b1c1s1.mps with config: /scratch/yorig/mpils-results-grid-ticks-10000-7may/medium-1/24proc/seed-4/1_b1c1s1_seed-4_20260509_034202/iterated_local_search/run_6_worker_14/ils_config_16996695507453223000.prm
[INFO]:[03:52:58] Starting CPLEX solver on instance: /home/yorig/tuner/mpils-tests/instances/miplib/medium-1/b1c1s1.mps with config: /scratch/yorig/mpils-results-grid-ticks-10000-7may/medium-1/24proc/seed-4/1_b1c1s1_seed-4_20260509_034202/iterated_local_search/run_6_worker_14/ils_config_16996695507453223000.prm
[INFO]:[03:53:04] CPLEX results. Gap: 41.100000, upper bound: 29115.700000, lower bound: 17149.502716
[INFO]:[03:53:04] CPLEX solver finished. Gap: 41.100000
[INFO]:[03:53:04] Local search phase completed.
[INFO]:[03:53:04] Total number of new local-search evaluations: 18
[INFO]:[03:53:04] Final incumbent objective value: 41.1
[INFO]:[03:54:05] Worker 14 completed exploration phase.
[INFO]:[03:54:05] Worker 14 received order for step 2.
[INFO]:[03:54:05] Worker 14 running expansion phase for iteration 6.
[INFO]:[03:54:05] Worker 14 will use solver log file: /scratch/yorig/mpils-results-grid-ticks-10000-7may/medium-1/24proc/seed-4/1_b1c1s1_seed-4_20260509_034202/solver/cplex.log_iteration_expansion_6_worker_14
[INFO]:[03:54:05] Expansion Worker 14 starting expansion for iteration 6.
[INFO]:[03:54:05] Starting CPLEX solver on instance: /home/yorig/tuner/mpils-tests/instances/miplib/medium-1/b1c1s1.mps with config: /scratch/yorig/mpils-results-grid-ticks-10000-7may/medium-1/24proc/seed-4/1_b1c1s1_seed-4_20260509_034202/expansion/config_param_CPXPARAM_Sifting_Algorithm_3_iter_6.prm
[INFO]:[03:54:12] CPLEX results. Gap: 14.720000, upper bound: 24844.970000, lower bound: 21187.150800
[INFO]:[03:54:12] CPLEX solver finished. Gap: 14.720000
[INFO]:[03:54:18] Expansion Worker 14 completed expansion.
[INFO]:[03:54:18] Worker 14 completed expansion phase.
[INFO]:[03:54:19] Worker 14 received order for step 1.
[INFO]:[03:54:19] Worker 14 running exploration phase for iteration 7.
[INFO]:[03:54:19] Worker 14 at iteration 7 will not use a MIP start file. Current best MIP-start upper bound threshold is 1.79769e+308.
[INFO]:[03:54:19] Starting local search phase...
[INFO]:[03:54:19] Creating local search space from parameter space file: /scratch/yorig/mpils-results-grid-ticks-10000-7may/medium-1/24proc/seed-4/1_b1c1s1_seed-4_20260509_034202/iterated_local_search/search_space/search_space_file_7_worker_14.txt
[INFO]:[03:54:19] Local search space loaded from file: /scratch/yorig/mpils-results-grid-ticks-10000-7may/medium-1/24proc/seed-4/1_b1c1s1_seed-4_20260509_034202/iterated_local_search/search_space/search_space_file_7_worker_14.txt
[INFO]:[03:54:19] Number of parameters in local search space: 71
[INFO]:[03:54:19] Number of forbidden tuples in local search space: 53
[INFO]:[03:54:19] Number of conditionals in local search space: 6
[INFO]:[03:54:19] MIP start option not enabled. Local search will proceed without MIP start.
[INFO]:[03:54:19] Evaluating initial configuration for local search phase...
[INFO]:[03:54:19] Starting CPLEX solver on instance: /home/yorig/tuner/mpils-tests/instances/miplib/medium-1/b1c1s1.mps with config: /scratch/yorig/mpils-results-grid-ticks-10000-7may/medium-1/24proc/seed-4/1_b1c1s1_seed-4_20260509_034202/iterated_local_search/run_7_worker_14/ils_config_5619254167875614541.prm
[INFO]:[03:54:19] Starting CPLEX solver on instance: /home/yorig/tuner/mpils-tests/instances/miplib/medium-1/b1c1s1.mps with config: /scratch/yorig/mpils-results-grid-ticks-10000-7may/medium-1/24proc/seed-4/1_b1c1s1_seed-4_20260509_034202/iterated_local_search/run_7_worker_14/ils_config_5619254167875614541.prm
[INFO]:[03:54:28] CPLEX results. Gap: 90.360000, upper bound: 39264.260000, lower bound: 3783.907105
[INFO]:[03:54:28] CPLEX solver finished. Gap: 90.360000
[INFO]:[03:54:28] Initial configuration evaluated with objective value: 90.36
[INFO]:[03:54:28] Starting CPLEX solver on instance: /home/yorig/tuner/mpils-tests/instances/miplib/medium-1/b1c1s1.mps with config: /scratch/yorig/mpils-results-grid-ticks-10000-7may/medium-1/24proc/seed-4/1_b1c1s1_seed-4_20260509_034202/iterated_local_search/run_7_worker_14/ils_config_2451050049068698149.prm
[INFO]:[03:54:28] Starting CPLEX solver on instance: /home/yorig/tuner/mpils-tests/instances/miplib/medium-1/b1c1s1.mps with config: /scratch/yorig/mpils-results-grid-ticks-10000-7may/medium-1/24proc/seed-4/1_b1c1s1_seed-4_20260509_034202/iterated_local_search/run_7_worker_14/ils_config_2451050049068698149.prm
[INFO]:[03:54:36] CPLEX results. Gap: 89.770000, upper bound: 39152.200000, lower bound: 4006.366250
[INFO]:[03:54:36] CPLEX solver finished. Gap: 89.770000
[INFO]:[03:54:36] New incumbent found with objective value: 89.77
[INFO]:[03:54:36] Starting CPLEX solver on instance: /home/yorig/tuner/mpils-tests/instances/miplib/medium-1/b1c1s1.mps with config: /scratch/yorig/mpils-results-grid-ticks-10000-7may/medium-1/24proc/seed-4/1_b1c1s1_seed-4_20260509_034202/iterated_local_search/run_7_worker_14/ils_config_18220621702804114042.prm
[INFO]:[03:54:36] Starting CPLEX solver on instance: /home/yorig/tuner/mpils-tests/instances/miplib/medium-1/b1c1s1.mps with config: /scratch/yorig/mpils-results-grid-ticks-10000-7may/medium-1/24proc/seed-4/1_b1c1s1_seed-4_20260509_034202/iterated_local_search/run_7_worker_14/ils_config_18220621702804114042.prm
[INFO]:[03:54:44] CPLEX results. Gap: 89.770000, upper bound: 39152.200000, lower bound: 4006.366250
[INFO]:[03:54:44] CPLEX solver finished. Gap: 89.770000
[INFO]:[03:54:44] Starting CPLEX solver on instance: /home/yorig/tuner/mpils-tests/instances/miplib/medium-1/b1c1s1.mps with config: /scratch/yorig/mpils-results-grid-ticks-10000-7may/medium-1/24proc/seed-4/1_b1c1s1_seed-4_20260509_034202/iterated_local_search/run_7_worker_14/ils_config_217648847861944956.prm
[INFO]:[03:54:44] Starting CPLEX solver on instance: /home/yorig/tuner/mpils-tests/instances/miplib/medium-1/b1c1s1.mps with config: /scratch/yorig/mpils-results-grid-ticks-10000-7may/medium-1/24proc/seed-4/1_b1c1s1_seed-4_20260509_034202/iterated_local_search/run_7_worker_14/ils_config_217648847861944956.prm
[INFO]:[03:54:52] CPLEX results. Gap: 89.770000, upper bound: 39152.200000, lower bound: 4006.366250
[INFO]:[03:54:52] CPLEX solver finished. Gap: 89.770000
[INFO]:[03:54:52] Starting CPLEX solver on instance: /home/yorig/tuner/mpils-tests/instances/miplib/medium-1/b1c1s1.mps with config: /scratch/yorig/mpils-results-grid-ticks-10000-7may/medium-1/24proc/seed-4/1_b1c1s1_seed-4_20260509_034202/iterated_local_search/run_7_worker_14/ils_config_10593820401673515059.prm
[INFO]:[03:54:52] Starting CPLEX solver on instance: /home/yorig/tuner/mpils-tests/instances/miplib/medium-1/b1c1s1.mps with config: /scratch/yorig/mpils-results-grid-ticks-10000-7may/medium-1/24proc/seed-4/1_b1c1s1_seed-4_20260509_034202/iterated_local_search/run_7_worker_14/ils_config_10593820401673515059.prm
[INFO]:[03:54:57] CPLEX results. Gap: 93.850000, upper bound: 69966.450000, lower bound: 4301.640417
[INFO]:[03:54:57] CPLEX solver finished. Gap: 93.850000
[INFO]:[03:54:57] Starting CPLEX solver on instance: /home/yorig/tuner/mpils-tests/instances/miplib/medium-1/b1c1s1.mps with config: /scratch/yorig/mpils-results-grid-ticks-10000-7may/medium-1/24proc/seed-4/1_b1c1s1_seed-4_20260509_034202/iterated_local_search/run_7_worker_14/ils_config_16936406511868321366.prm
[INFO]:[03:54:57] Starting CPLEX solver on instance: /home/yorig/tuner/mpils-tests/instances/miplib/medium-1/b1c1s1.mps with config: /scratch/yorig/mpils-results-grid-ticks-10000-7may/medium-1/24proc/seed-4/1_b1c1s1_seed-4_20260509_034202/iterated_local_search/run_7_worker_14/ils_config_16936406511868321366.prm
[INFO]:[03:55:05] CPLEX results. Gap: 88.940000, upper bound: 36242.020000, lower bound: 4006.856250
[INFO]:[03:55:05] CPLEX solver finished. Gap: 88.940000
[INFO]:[03:55:05] New incumbent found with objective value: 88.94
[INFO]:[03:55:06] Starting CPLEX solver on instance: /home/yorig/tuner/mpils-tests/instances/miplib/medium-1/b1c1s1.mps with config: /scratch/yorig/mpils-results-grid-ticks-10000-7may/medium-1/24proc/seed-4/1_b1c1s1_seed-4_20260509_034202/iterated_local_search/run_7_worker_14/ils_config_4330833699715553190.prm
[INFO]:[03:55:06] Starting CPLEX solver on instance: /home/yorig/tuner/mpils-tests/instances/miplib/medium-1/b1c1s1.mps with config: /scratch/yorig/mpils-results-grid-ticks-10000-7may/medium-1/24proc/seed-4/1_b1c1s1_seed-4_20260509_034202/iterated_local_search/run_7_worker_14/ils_config_4330833699715553190.prm
[INFO]:[03:55:11] CPLEX results. Gap: 94.080000, upper bound: 51016.370000, lower bound: 3018.657917
[INFO]:[03:55:11] CPLEX solver finished. Gap: 94.080000
[INFO]:[03:55:11] Starting CPLEX solver on instance: /home/yorig/tuner/mpils-tests/instances/miplib/medium-1/b1c1s1.mps with config: /scratch/yorig/mpils-results-grid-ticks-10000-7may/medium-1/24proc/seed-4/1_b1c1s1_seed-4_20260509_034202/iterated_local_search/run_7_worker_14/ils_config_5330974871883180748.prm
[INFO]:[03:55:11] Starting CPLEX solver on instance: /home/yorig/tuner/mpils-tests/instances/miplib/medium-1/b1c1s1.mps with config: /scratch/yorig/mpils-results-grid-ticks-10000-7may/medium-1/24proc/seed-4/1_b1c1s1_seed-4_20260509_034202/iterated_local_search/run_7_worker_14/ils_config_5330974871883180748.prm
[INFO]:[03:55:19] CPLEX results. Gap: 88.940000, upper bound: 36242.020000, lower bound: 4006.856250
[INFO]:[03:55:19] CPLEX solver finished. Gap: 88.940000
[INFO]:[03:55:19] Starting CPLEX solver on instance: /home/yorig/tuner/mpils-tests/instances/miplib/medium-1/b1c1s1.mps with config: /scratch/yorig/mpils-results-grid-ticks-10000-7may/medium-1/24proc/seed-4/1_b1c1s1_seed-4_20260509_034202/iterated_local_search/run_7_worker_14/ils_config_1731910531390035755.prm
[INFO]:[03:55:19] Starting CPLEX solver on instance: /home/yorig/tuner/mpils-tests/instances/miplib/medium-1/b1c1s1.mps with config: /scratch/yorig/mpils-results-grid-ticks-10000-7may/medium-1/24proc/seed-4/1_b1c1s1_seed-4_20260509_034202/iterated_local_search/run_7_worker_14/ils_config_1731910531390035755.prm
[INFO]:[03:55:27] CPLEX results. Gap: 88.940000, upper bound: 36242.020000, lower bound: 4006.856250
[INFO]:[03:55:27] CPLEX solver finished. Gap: 88.940000
[INFO]:[03:55:27] Starting CPLEX solver on instance: /home/yorig/tuner/mpils-tests/instances/miplib/medium-1/b1c1s1.mps with config: /scratch/yorig/mpils-results-grid-ticks-10000-7may/medium-1/24proc/seed-4/1_b1c1s1_seed-4_20260509_034202/iterated_local_search/run_7_worker_14/ils_config_15131065583657914553.prm
[INFO]:[03:55:27] Starting CPLEX solver on instance: /home/yorig/tuner/mpils-tests/instances/miplib/medium-1/b1c1s1.mps with config: /scratch/yorig/mpils-results-grid-ticks-10000-7may/medium-1/24proc/seed-4/1_b1c1s1_seed-4_20260509_034202/iterated_local_search/run_7_worker_14/ils_config_15131065583657914553.prm
[INFO]:[03:55:33] CPLEX results. Gap: 86.500000, upper bound: 31286.380000, lower bound: 4224.646250
[INFO]:[03:55:33] CPLEX solver finished. Gap: 86.500000
[INFO]:[03:55:33] New incumbent found with objective value: 86.5
[INFO]:[03:55:33] Starting CPLEX solver on instance: /home/yorig/tuner/mpils-tests/instances/miplib/medium-1/b1c1s1.mps with config: /scratch/yorig/mpils-results-grid-ticks-10000-7may/medium-1/24proc/seed-4/1_b1c1s1_seed-4_20260509_034202/iterated_local_search/run_7_worker_14/ils_config_1266271168210809315.prm
[INFO]:[03:55:33] Starting CPLEX solver on instance: /home/yorig/tuner/mpils-tests/instances/miplib/medium-1/b1c1s1.mps with config: /scratch/yorig/mpils-results-grid-ticks-10000-7may/medium-1/24proc/seed-4/1_b1c1s1_seed-4_20260509_034202/iterated_local_search/run_7_worker_14/ils_config_1266271168210809315.prm
[INFO]:[03:55:40] CPLEX results. Gap: 86.500000, upper bound: 31286.380000, lower bound: 4224.646250
[INFO]:[03:55:40] CPLEX solver finished. Gap: 86.500000
[INFO]:[03:55:40] Starting CPLEX solver on instance: /home/yorig/tuner/mpils-tests/instances/miplib/medium-1/b1c1s1.mps with config: /scratch/yorig/mpils-results-grid-ticks-10000-7may/medium-1/24proc/seed-4/1_b1c1s1_seed-4_20260509_034202/iterated_local_search/run_7_worker_14/ils_config_17030532706654781717.prm
[INFO]:[03:55:40] Starting CPLEX solver on instance: /home/yorig/tuner/mpils-tests/instances/miplib/medium-1/b1c1s1.mps with config: /scratch/yorig/mpils-results-grid-ticks-10000-7may/medium-1/24proc/seed-4/1_b1c1s1_seed-4_20260509_034202/iterated_local_search/run_7_worker_14/ils_config_17030532706654781717.prm
[INFO]:[03:55:46] CPLEX results. Gap: 84.780000, upper bound: 27758.040000, lower bound: 4224.646250
[INFO]:[03:55:46] CPLEX solver finished. Gap: 84.780000
[INFO]:[03:55:46] New incumbent found with objective value: 84.78
[INFO]:[03:55:46] Starting CPLEX solver on instance: /home/yorig/tuner/mpils-tests/instances/miplib/medium-1/b1c1s1.mps with config: /scratch/yorig/mpils-results-grid-ticks-10000-7may/medium-1/24proc/seed-4/1_b1c1s1_seed-4_20260509_034202/iterated_local_search/run_7_worker_14/ils_config_4550273026524698835.prm
[INFO]:[03:55:46] Starting CPLEX solver on instance: /home/yorig/tuner/mpils-tests/instances/miplib/medium-1/b1c1s1.mps with config: /scratch/yorig/mpils-results-grid-ticks-10000-7may/medium-1/24proc/seed-4/1_b1c1s1_seed-4_20260509_034202/iterated_local_search/run_7_worker_14/ils_config_4550273026524698835.prm
[INFO]:[03:55:52] CPLEX results. Gap: 84.780000, upper bound: 27758.040000, lower bound: 4224.646250
[INFO]:[03:55:52] CPLEX solver finished. Gap: 84.780000
[INFO]:[03:55:52] Starting CPLEX solver on instance: /home/yorig/tuner/mpils-tests/instances/miplib/medium-1/b1c1s1.mps with config: /scratch/yorig/mpils-results-grid-ticks-10000-7may/medium-1/24proc/seed-4/1_b1c1s1_seed-4_20260509_034202/iterated_local_search/run_7_worker_14/ils_config_11021006669057102337.prm
[INFO]:[03:55:52] Starting CPLEX solver on instance: /home/yorig/tuner/mpils-tests/instances/miplib/medium-1/b1c1s1.mps with config: /scratch/yorig/mpils-results-grid-ticks-10000-7may/medium-1/24proc/seed-4/1_b1c1s1_seed-4_20260509_034202/iterated_local_search/run_7_worker_14/ils_config_11021006669057102337.prm
[INFO]:[03:55:59] CPLEX results. Gap: 84.780000, upper bound: 27758.040000, lower bound: 4224.646250
[INFO]:[03:55:59] CPLEX solver finished. Gap: 84.780000
[INFO]:[03:55:59] Starting CPLEX solver on instance: /home/yorig/tuner/mpils-tests/instances/miplib/medium-1/b1c1s1.mps with config: /scratch/yorig/mpils-results-grid-ticks-10000-7may/medium-1/24proc/seed-4/1_b1c1s1_seed-4_20260509_034202/iterated_local_search/run_7_worker_14/ils_config_12386122940149117768.prm
[INFO]:[03:55:59] Starting CPLEX solver on instance: /home/yorig/tuner/mpils-tests/instances/miplib/medium-1/b1c1s1.mps with config: /scratch/yorig/mpils-results-grid-ticks-10000-7may/medium-1/24proc/seed-4/1_b1c1s1_seed-4_20260509_034202/iterated_local_search/run_7_worker_14/ils_config_12386122940149117768.prm
[INFO]:[03:56:05] CPLEX results. Gap: 84.780000, upper bound: 27758.040000, lower bound: 4224.646250
[INFO]:[03:56:05] CPLEX solver finished. Gap: 84.780000
[INFO]:[03:56:05] Starting CPLEX solver on instance: /home/yorig/tuner/mpils-tests/instances/miplib/medium-1/b1c1s1.mps with config: /scratch/yorig/mpils-results-grid-ticks-10000-7may/medium-1/24proc/seed-4/1_b1c1s1_seed-4_20260509_034202/iterated_local_search/run_7_worker_14/ils_config_11557329613051440419.prm
[INFO]:[03:56:05] Starting CPLEX solver on instance: /home/yorig/tuner/mpils-tests/instances/miplib/medium-1/b1c1s1.mps with config: /scratch/yorig/mpils-results-grid-ticks-10000-7may/medium-1/24proc/seed-4/1_b1c1s1_seed-4_20260509_034202/iterated_local_search/run_7_worker_14/ils_config_11557329613051440419.prm
[INFO]:[03:56:11] CPLEX results. Gap: 84.780000, upper bound: 27758.040000, lower bound: 4224.646250
[INFO]:[03:56:11] CPLEX solver finished. Gap: 84.780000
[INFO]:[03:56:11] Starting CPLEX solver on instance: /home/yorig/tuner/mpils-tests/instances/miplib/medium-1/b1c1s1.mps with config: /scratch/yorig/mpils-results-grid-ticks-10000-7may/medium-1/24proc/seed-4/1_b1c1s1_seed-4_20260509_034202/iterated_local_search/run_7_worker_14/ils_config_17174046857720101594.prm
[INFO]:[03:56:11] Starting CPLEX solver on instance: /home/yorig/tuner/mpils-tests/instances/miplib/medium-1/b1c1s1.mps with config: /scratch/yorig/mpils-results-grid-ticks-10000-7may/medium-1/24proc/seed-4/1_b1c1s1_seed-4_20260509_034202/iterated_local_search/run_7_worker_14/ils_config_17174046857720101594.prm
[INFO]:[03:56:17] CPLEX results. Gap: 84.780000, upper bound: 27758.040000, lower bound: 4224.646250
[INFO]:[03:56:17] CPLEX solver finished. Gap: 84.780000
[INFO]:[03:56:17] Starting CPLEX solver on instance: /home/yorig/tuner/mpils-tests/instances/miplib/medium-1/b1c1s1.mps with config: /scratch/yorig/mpils-results-grid-ticks-10000-7may/medium-1/24proc/seed-4/1_b1c1s1_seed-4_20260509_034202/iterated_local_search/run_7_worker_14/ils_config_4131561708837872500.prm
[INFO]:[03:56:17] Starting CPLEX solver on instance: /home/yorig/tuner/mpils-tests/instances/miplib/medium-1/b1c1s1.mps with config: /scratch/yorig/mpils-results-grid-ticks-10000-7may/medium-1/24proc/seed-4/1_b1c1s1_seed-4_20260509_034202/iterated_local_search/run_7_worker_14/ils_config_4131561708837872500.prm
[INFO]:[03:56:23] CPLEX results. Gap: 85.890000, upper bound: 28733.650000, lower bound: 4053.856250
[INFO]:[03:56:23] CPLEX solver finished. Gap: 85.890000
[INFO]:[03:56:23] Local search phase completed.
[INFO]:[03:56:23] Total number of new local-search evaluations: 18
[INFO]:[03:56:23] Final incumbent objective value: 84.78
[INFO]:[03:56:51] Worker 14 completed exploration phase.
[INFO]:[03:56:51] Worker 14 received order for step 3.
[INFO]:[03:56:51] Worker 14 finished.
