[INFO]:[17:11:49] Worker 5 starting.
[INFO]:[17:11:49] Worker 5 received order for step 1.
[INFO]:[17:11:49] Worker 5 running exploration phase for iteration 1.
[INFO]:[17:11:49] Worker 5 at iteration 1 will not use a MIP start file. Current best MIP-start upper bound threshold is 1.79769e+308.
[INFO]:[17:11:49] Starting local search phase...
[INFO]:[17:11:49] Worker (ils_group_rank=5) entering parallel ILS evaluation service.
[INFO]:[17:11:50] Starting CPLEX solver on instance: /home/yorig/tuner/mpils-tests/instances/miplib/medium-1/b1c1s1.mps with config: /scratch/yorig/mpils-results-grid-ticks-10000-7may/medium-1/24proc-24pils/seed-8/1_b1c1s1_seed-8_20260510_171147/iterated_local_search/run_1_worker_0/parallel_0_5.prm
[INFO]:[17:11:56] CPLEX results. Gap: 21.700000, upper bound: 26383.170000, lower bound: 20658.358008
[INFO]:[17:11:56] CPLEX solver finished. Gap: 21.700000
[INFO]:[17:11:56] Worker (ils_group_rank=5) exiting parallel ILS evaluation service.
[INFO]:[17:11:56] Worker 5 completed exploration phase.
[INFO]:[17:11:56] Worker 5 received order for step 2.
[INFO]:[17:11:56] Worker 5 running expansion phase for iteration 1.
[INFO]:[17:11:56] Worker 5 will use solver log file: /scratch/yorig/mpils-results-grid-ticks-10000-7may/medium-1/24proc-24pils/seed-8/1_b1c1s1_seed-8_20260510_171147/solver/cplex.log_iteration_expansion_1_worker_5
[INFO]:[17:11:56] Expansion Worker 5 starting expansion for iteration 1.
[INFO]:[17:11:56] Starting CPLEX solver on instance: /home/yorig/tuner/mpils-tests/instances/miplib/medium-1/b1c1s1.mps with config: /scratch/yorig/mpils-results-grid-ticks-10000-7may/medium-1/24proc-24pils/seed-8/1_b1c1s1_seed-8_20260510_171147/expansion/config_param_CPXPARAM_MIP_Cuts_Covers_1_iter_1.prm
[INFO]:[17:12:03] CPLEX results. Gap: 17.400000, upper bound: 24930.460000, lower bound: 20591.610477
[INFO]:[17:12:03] CPLEX solver finished. Gap: 17.400000
[INFO]:[17:12:03] Expansion Worker 5 stopping early after global MPI expansion stop was activated.
[INFO]:[17:12:03] Expansion Worker 5 completed expansion.
[INFO]:[17:12:03] Worker 5 completed expansion phase.
[INFO]:[17:12:03] Worker 5 received order for step 1.
[INFO]:[17:12:03] Worker 5 running exploration phase for iteration 2.
[INFO]:[17:12:03] Worker 5 at iteration 2 will not use a MIP start file. Current best MIP-start upper bound threshold is 1.79769e+308.
[INFO]:[17:12:03] Starting local search phase...
[INFO]:[17:12:03] Worker (ils_group_rank=5) entering parallel ILS evaluation service.
[INFO]:[17:12:03] Starting CPLEX solver on instance: /home/yorig/tuner/mpils-tests/instances/miplib/medium-1/b1c1s1.mps with config: /scratch/yorig/mpils-results-grid-ticks-10000-7may/medium-1/24proc-24pils/seed-8/1_b1c1s1_seed-8_20260510_171147/iterated_local_search/run_2_worker_0/parallel_0_5.prm
[INFO]:[17:12:09] CPLEX results. Gap: 21.010000, upper bound: 25229.910000, lower bound: 19929.477086
[INFO]:[17:12:09] CPLEX solver finished. Gap: 21.010000
[INFO]:[17:12:09] Worker (ils_group_rank=5) exiting parallel ILS evaluation service.
[INFO]:[17:12:09] Worker 5 completed exploration phase.
[INFO]:[17:12:09] Worker 5 received order for step 2.
[INFO]:[17:12:09] Worker 5 running expansion phase for iteration 2.
[INFO]:[17:12:09] Worker 5 will use solver log file: /scratch/yorig/mpils-results-grid-ticks-10000-7may/medium-1/24proc-24pils/seed-8/1_b1c1s1_seed-8_20260510_171147/solver/cplex.log_iteration_expansion_2_worker_5
[INFO]:[17:12:09] Expansion Worker 5 starting expansion for iteration 2.
[INFO]:[17:12:09] Starting CPLEX solver on instance: /home/yorig/tuner/mpils-tests/instances/miplib/medium-1/b1c1s1.mps with config: /scratch/yorig/mpils-results-grid-ticks-10000-7may/medium-1/24proc-24pils/seed-8/1_b1c1s1_seed-8_20260510_171147/expansion/config_param_CPXPARAM_MIP_Strategy_VariableSelect_1_iter_2.prm
[INFO]:[17:12:16] CPLEX results. Gap: 26.580000, upper bound: 28239.600000, lower bound: 20732.914512
[INFO]:[17:12:16] CPLEX solver finished. Gap: 26.580000
[INFO]:[17:12:16] Starting CPLEX solver on instance: /home/yorig/tuner/mpils-tests/instances/miplib/medium-1/b1c1s1.mps with config: /scratch/yorig/mpils-results-grid-ticks-10000-7may/medium-1/24proc-24pils/seed-8/1_b1c1s1_seed-8_20260510_171147/expansion/config_param_CPXPARAM_MIP_Strategy_RINSHeur_40_iter_2.prm
[INFO]:[17:12:22] CPLEX results. Gap: 17.300000, upper bound: 24942.090000, lower bound: 20627.373843
[INFO]:[17:12:22] CPLEX solver finished. Gap: 17.300000
[INFO]:[17:12:22] Starting CPLEX solver on instance: /home/yorig/tuner/mpils-tests/instances/miplib/medium-1/b1c1s1.mps with config: /scratch/yorig/mpils-results-grid-ticks-10000-7may/medium-1/24proc-24pils/seed-8/1_b1c1s1_seed-8_20260510_171147/expansion/config_param_CPXPARAM_MIP_Strategy_PresolveNode_3_iter_2.prm
[INFO]:[17:12:28] CPLEX results. Gap: 17.300000, upper bound: 24942.090000, lower bound: 20627.373843
[INFO]:[17:12:28] CPLEX solver finished. Gap: 17.300000
[INFO]:[17:12:28] Expansion Worker 5 completed expansion.
[INFO]:[17:12:28] Worker 5 completed expansion phase.
[INFO]:[17:12:28] Worker 5 received order for step 1.
[INFO]:[17:12:28] Worker 5 running exploration phase for iteration 3.
[INFO]:[17:12:28] Worker 5 at iteration 3 will not use a MIP start file. Current best MIP-start upper bound threshold is 1.79769e+308.
[INFO]:[17:12:28] Starting local search phase...
[INFO]:[17:12:28] Worker (ils_group_rank=5) entering parallel ILS evaluation service.
[INFO]:[17:12:29] Starting CPLEX solver on instance: /home/yorig/tuner/mpils-tests/instances/miplib/medium-1/b1c1s1.mps with config: /scratch/yorig/mpils-results-grid-ticks-10000-7may/medium-1/24proc-24pils/seed-8/1_b1c1s1_seed-8_20260510_171147/iterated_local_search/run_3_worker_0/parallel_0_5.prm
[INFO]:[17:12:35] CPLEX results. Gap: 17.300000, upper bound: 24942.090000, lower bound: 20627.373843
[INFO]:[17:12:35] CPLEX solver finished. Gap: 17.300000
[INFO]:[17:12:35] Worker (ils_group_rank=5) exiting parallel ILS evaluation service.
[INFO]:[17:12:35] Worker 5 completed exploration phase.
[INFO]:[17:12:35] Worker 5 received order for step 2.
[INFO]:[17:12:35] Worker 5 running expansion phase for iteration 3.
[INFO]:[17:12:35] Worker 5 will use solver log file: /scratch/yorig/mpils-results-grid-ticks-10000-7may/medium-1/24proc-24pils/seed-8/1_b1c1s1_seed-8_20260510_171147/solver/cplex.log_iteration_expansion_3_worker_5
[INFO]:[17:12:35] Expansion Worker 5 starting expansion for iteration 3.
[INFO]:[17:12:35] Starting CPLEX solver on instance: /home/yorig/tuner/mpils-tests/instances/miplib/medium-1/b1c1s1.mps with config: /scratch/yorig/mpils-results-grid-ticks-10000-7may/medium-1/24proc-24pils/seed-8/1_b1c1s1_seed-8_20260510_171147/expansion/config_param_CPXPARAM_Preprocessing_Symmetry_3_iter_3.prm
[INFO]:[17:12:41] CPLEX results. Gap: 17.300000, upper bound: 24942.090000, lower bound: 20627.373843
[INFO]:[17:12:41] CPLEX solver finished. Gap: 17.300000
[INFO]:[17:12:42] Expansion Worker 5 stopping early after global MPI expansion stop was activated.
[INFO]:[17:12:42] Expansion Worker 5 completed expansion.
[INFO]:[17:12:42] Worker 5 completed expansion phase.
[INFO]:[17:12:42] Worker 5 received order for step 1.
[INFO]:[17:12:42] Worker 5 running exploration phase for iteration 4.
[INFO]:[17:12:42] Worker 5 at iteration 4 will not use a MIP start file. Current best MIP-start upper bound threshold is 1.79769e+308.
[INFO]:[17:12:42] Starting local search phase...
[INFO]:[17:12:42] Worker (ils_group_rank=5) entering parallel ILS evaluation service.
[INFO]:[17:12:42] Starting CPLEX solver on instance: /home/yorig/tuner/mpils-tests/instances/miplib/medium-1/b1c1s1.mps with config: /scratch/yorig/mpils-results-grid-ticks-10000-7may/medium-1/24proc-24pils/seed-8/1_b1c1s1_seed-8_20260510_171147/iterated_local_search/run_4_worker_0/parallel_0_5.prm
[INFO]:[17:12:49] CPLEX results. Gap: 24.500000, upper bound: 27233.550000, lower bound: 20561.190429
[INFO]:[17:12:49] CPLEX solver finished. Gap: 24.500000
[INFO]:[17:12:49] Worker (ils_group_rank=5) exiting parallel ILS evaluation service.
[INFO]:[17:12:49] Worker 5 completed exploration phase.
[INFO]:[17:12:49] Worker 5 received order for step 2.
[INFO]:[17:12:49] Worker 5 running expansion phase for iteration 4.
[INFO]:[17:12:49] Worker 5 will use solver log file: /scratch/yorig/mpils-results-grid-ticks-10000-7may/medium-1/24proc-24pils/seed-8/1_b1c1s1_seed-8_20260510_171147/solver/cplex.log_iteration_expansion_4_worker_5
[INFO]:[17:12:49] Expansion Worker 5 starting expansion for iteration 4.
[INFO]:[17:12:49] Starting CPLEX solver on instance: /home/yorig/tuner/mpils-tests/instances/miplib/medium-1/b1c1s1.mps with config: /scratch/yorig/mpils-results-grid-ticks-10000-7may/medium-1/24proc-24pils/seed-8/1_b1c1s1_seed-8_20260510_171147/expansion/config_param_CPXPARAM_Simplex_DGradient_1_iter_4.prm
[INFO]:[17:12:55] CPLEX results. Gap: 24.540000, upper bound: 26646.600000, lower bound: 20106.960363
[INFO]:[17:12:55] CPLEX solver finished. Gap: 24.540000
[INFO]:[17:12:56] Starting CPLEX solver on instance: /home/yorig/tuner/mpils-tests/instances/miplib/medium-1/b1c1s1.mps with config: /scratch/yorig/mpils-results-grid-ticks-10000-7may/medium-1/24proc-24pils/seed-8/1_b1c1s1_seed-8_20260510_171147/expansion/config_param_CPXPARAM_Barrier_Ordering_2_iter_4.prm
[INFO]:[17:13:02] CPLEX results. Gap: 23.700000, upper bound: 26957.540000, lower bound: 20568.753291
[INFO]:[17:13:02] CPLEX solver finished. Gap: 23.700000
[INFO]:[17:13:03] Expansion Worker 5 completed expansion.
[INFO]:[17:13:03] Worker 5 completed expansion phase.
[INFO]:[17:13:03] Worker 5 received order for step 1.
[INFO]:[17:13:03] Worker 5 running exploration phase for iteration 5.
[INFO]:[17:13:03] Worker 5 at iteration 5 will not use a MIP start file. Current best MIP-start upper bound threshold is 1.79769e+308.
[INFO]:[17:13:03] Starting local search phase...
[INFO]:[17:13:03] Worker (ils_group_rank=5) entering parallel ILS evaluation service.
[INFO]:[17:13:03] Starting CPLEX solver on instance: /home/yorig/tuner/mpils-tests/instances/miplib/medium-1/b1c1s1.mps with config: /scratch/yorig/mpils-results-grid-ticks-10000-7may/medium-1/24proc-24pils/seed-8/1_b1c1s1_seed-8_20260510_171147/iterated_local_search/run_5_worker_0/parallel_0_5.prm
[INFO]:[17:13:09] CPLEX results. Gap: 23.540000, upper bound: 26704.600000, lower bound: 20418.856897
[INFO]:[17:13:09] CPLEX solver finished. Gap: 23.540000
[INFO]:[17:13:09] Worker (ils_group_rank=5) exiting parallel ILS evaluation service.
[INFO]:[17:13:09] Worker 5 completed exploration phase.
[INFO]:[17:13:09] Worker 5 received order for step 2.
[INFO]:[17:13:09] Worker 5 running expansion phase for iteration 5.
[INFO]:[17:13:09] Worker 5 will use solver log file: /scratch/yorig/mpils-results-grid-ticks-10000-7may/medium-1/24proc-24pils/seed-8/1_b1c1s1_seed-8_20260510_171147/solver/cplex.log_iteration_expansion_5_worker_5
[INFO]:[17:13:09] Expansion Worker 5 starting expansion for iteration 5.
[INFO]:[17:13:09] Starting CPLEX solver on instance: /home/yorig/tuner/mpils-tests/instances/miplib/medium-1/b1c1s1.mps with config: /scratch/yorig/mpils-results-grid-ticks-10000-7may/medium-1/24proc-24pils/seed-8/1_b1c1s1_seed-8_20260510_171147/expansion/config_param_CPXPARAM_Simplex_Crash_0_iter_5.prm
[INFO]:[17:13:16] CPLEX results. Gap: 16.810000, upper bound: 24897.820000, lower bound: 20713.685691
[INFO]:[17:13:16] CPLEX solver finished. Gap: 16.810000
[INFO]:[17:13:22] Expansion Worker 5 completed expansion.
[INFO]:[17:13:22] Worker 5 completed expansion phase.
[INFO]:[17:13:22] Worker 5 received order for step 1.
[INFO]:[17:13:22] Worker 5 running exploration phase for iteration 6.
[INFO]:[17:13:22] Worker 5 at iteration 6 will not use a MIP start file. Current best MIP-start upper bound threshold is 1.79769e+308.
[INFO]:[17:13:22] Starting local search phase...
[INFO]:[17:13:22] Worker (ils_group_rank=5) entering parallel ILS evaluation service.
[INFO]:[17:13:22] Starting CPLEX solver on instance: /home/yorig/tuner/mpils-tests/instances/miplib/medium-1/b1c1s1.mps with config: /scratch/yorig/mpils-results-grid-ticks-10000-7may/medium-1/24proc-24pils/seed-8/1_b1c1s1_seed-8_20260510_171147/iterated_local_search/run_6_worker_0/parallel_0_5.prm
[INFO]:[17:13:29] CPLEX results. Gap: 19.110000, upper bound: 25444.250000, lower bound: 20583.100214
[INFO]:[17:13:29] CPLEX solver finished. Gap: 19.110000
[INFO]:[17:13:29] Worker (ils_group_rank=5) exiting parallel ILS evaluation service.
[INFO]:[17:13:29] Worker 5 completed exploration phase.
[INFO]:[17:13:29] Worker 5 received order for step 2.
[INFO]:[17:13:29] Worker 5 running expansion phase for iteration 6.
[INFO]:[17:13:29] Worker 5 will use solver log file: /scratch/yorig/mpils-results-grid-ticks-10000-7may/medium-1/24proc-24pils/seed-8/1_b1c1s1_seed-8_20260510_171147/solver/cplex.log_iteration_expansion_6_worker_5
[INFO]:[17:13:29] Expansion Worker 5 starting expansion for iteration 6.
[INFO]:[17:13:29] Starting CPLEX solver on instance: /home/yorig/tuner/mpils-tests/instances/miplib/medium-1/b1c1s1.mps with config: /scratch/yorig/mpils-results-grid-ticks-10000-7may/medium-1/24proc-24pils/seed-8/1_b1c1s1_seed-8_20260510_171147/expansion/config_param_CPXPARAM_Preprocessing_RepeatPresolve_0_iter_6.prm
[INFO]:[17:13:35] CPLEX results. Gap: 21.890000, upper bound: 26363.380000, lower bound: 20593.405632
[INFO]:[17:13:35] CPLEX solver finished. Gap: 21.890000
[INFO]:[17:13:36] Starting CPLEX solver on instance: /home/yorig/tuner/mpils-tests/instances/miplib/medium-1/b1c1s1.mps with config: /scratch/yorig/mpils-results-grid-ticks-10000-7may/medium-1/24proc-24pils/seed-8/1_b1c1s1_seed-8_20260510_171147/expansion/config_param_CPXPARAM_MIP_Limits_StrongCand_2_iter_6.prm
[INFO]:[17:13:42] CPLEX results. Gap: 16.810000, upper bound: 24897.820000, lower bound: 20713.685691
[INFO]:[17:13:42] CPLEX solver finished. Gap: 16.810000
[INFO]:[17:13:42] Expansion Worker 5 completed expansion.
[INFO]:[17:13:42] Worker 5 completed expansion phase.
[INFO]:[17:13:42] Worker 5 received order for step 1.
[INFO]:[17:13:42] Worker 5 running exploration phase for iteration 7.
[INFO]:[17:13:42] Worker 5 at iteration 7 will not use a MIP start file. Current best MIP-start upper bound threshold is 1.79769e+308.
[INFO]:[17:13:42] Starting local search phase...
[INFO]:[17:13:42] Worker (ils_group_rank=5) entering parallel ILS evaluation service.
[INFO]:[17:13:42] Starting CPLEX solver on instance: /home/yorig/tuner/mpils-tests/instances/miplib/medium-1/b1c1s1.mps with config: /scratch/yorig/mpils-results-grid-ticks-10000-7may/medium-1/24proc-24pils/seed-8/1_b1c1s1_seed-8_20260510_171147/iterated_local_search/run_7_worker_0/parallel_0_5.prm
[INFO]:[17:13:49] CPLEX results. Gap: 16.810000, upper bound: 24897.820000, lower bound: 20713.685691
[INFO]:[17:13:49] CPLEX solver finished. Gap: 16.810000
[INFO]:[17:13:49] Starting CPLEX solver on instance: /home/yorig/tuner/mpils-tests/instances/miplib/medium-1/b1c1s1.mps with config: /scratch/yorig/mpils-results-grid-ticks-10000-7may/medium-1/24proc-24pils/seed-8/1_b1c1s1_seed-8_20260510_171147/iterated_local_search/run_7_worker_0/parallel_24_5.prm
[INFO]:[17:13:55] CPLEX results. Gap: 19.110000, upper bound: 25444.250000, lower bound: 20583.100214
[INFO]:[17:13:55] CPLEX solver finished. Gap: 19.110000
[INFO]:[17:13:56] Worker (ils_group_rank=5) exiting parallel ILS evaluation service.
[INFO]:[17:13:56] Worker 5 completed exploration phase.
[INFO]:[17:13:56] Worker 5 received order for step 2.
[INFO]:[17:13:56] Worker 5 running expansion phase for iteration 7.
[INFO]:[17:13:56] Worker 5 will use solver log file: /scratch/yorig/mpils-results-grid-ticks-10000-7may/medium-1/24proc-24pils/seed-8/1_b1c1s1_seed-8_20260510_171147/solver/cplex.log_iteration_expansion_7_worker_5
[INFO]:[17:13:56] Expansion Worker 5 starting expansion for iteration 7.
[INFO]:[17:14:02] Expansion Worker 5 completed expansion.
[INFO]:[17:14:02] Worker 5 completed expansion phase.
[INFO]:[17:14:02] Worker 5 received order for step 1.
[INFO]:[17:14:02] Worker 5 running exploration phase for iteration 8.
[INFO]:[17:14:02] Worker 5 at iteration 8 will not use a MIP start file. Current best MIP-start upper bound threshold is 1.79769e+308.
[INFO]:[17:14:02] Starting local search phase...
[INFO]:[17:14:02] Worker (ils_group_rank=5) entering parallel ILS evaluation service.
[INFO]:[17:14:02] Starting CPLEX solver on instance: /home/yorig/tuner/mpils-tests/instances/miplib/medium-1/b1c1s1.mps with config: /scratch/yorig/mpils-results-grid-ticks-10000-7may/medium-1/24proc-24pils/seed-8/1_b1c1s1_seed-8_20260510_171147/iterated_local_search/run_8_worker_0/parallel_0_5.prm
[INFO]:[17:14:08] CPLEX results. Gap: 18.070000, upper bound: 25032.850000, lower bound: 20509.869265
[INFO]:[17:14:08] CPLEX solver finished. Gap: 18.070000
[INFO]:[17:14:08] Worker (ils_group_rank=5) exiting parallel ILS evaluation service.
[INFO]:[17:14:08] Worker 5 completed exploration phase.
[INFO]:[17:14:08] Worker 5 received order for step 3.
[INFO]:[17:14:08] Worker 5 finished.
