[INFO]:[02:07:13] Worker 16 starting.
[INFO]:[02:07:13] Worker 16 received order for step 1.
[INFO]:[02:07:13] Worker 16 running exploration phase for iteration 1.
[INFO]:[02:07:13] Worker 16 at iteration 1 will not use a MIP start file. Current best MIP-start upper bound threshold is 1.79769e+308.
[INFO]:[02:07:13] Starting local search phase...
[INFO]:[02:07:13] Creating local search space from parameter space file: /scratch/yorig/mpils-results-grid-ticks-10000-7may/easy/24proc-2pils/seed-2/10_supportcase33_seed-2_20260510_020711/iterated_local_search/search_space/search_space_file_1_worker_16.txt
[INFO]:[02:07:13] Local search space loaded from file: /scratch/yorig/mpils-results-grid-ticks-10000-7may/easy/24proc-2pils/seed-2/10_supportcase33_seed-2_20260510_020711/iterated_local_search/search_space/search_space_file_1_worker_16.txt
[INFO]:[02:07:13] Number of parameters in local search space: 71
[INFO]:[02:07:13] Number of forbidden tuples in local search space: 0
[INFO]:[02:07:13] Number of conditionals in local search space: 6
[INFO]:[02:07:13] MIP start option not enabled. Local search will proceed without MIP start.
[INFO]:[02:07:13] Starting CPLEX solver on instance: /home/yorig/tuner/mpils-tests/instances/miplib/easy/supportcase33.mps with config: /scratch/yorig/mpils-results-grid-ticks-10000-7may/easy/24proc-2pils/seed-2/10_supportcase33_seed-2_20260510_020711/iterated_local_search/run_1_worker_16/ils_config_12164534061271228568.prm
[INFO]:[02:07:13] Starting CPLEX solver on instance: /home/yorig/tuner/mpils-tests/instances/miplib/easy/supportcase33.mps with config: /scratch/yorig/mpils-results-grid-ticks-10000-7may/easy/24proc-2pils/seed-2/10_supportcase33_seed-2_20260510_020711/iterated_local_search/run_1_worker_16/ils_config_12164534061271228568.prm
[INFO]:[02:07:19] CPLEX results. Gap: 40.740000, upper bound: -270.000000, lower bound: -380.000000
[INFO]:[02:07:19] CPLEX solver finished. Gap: 40.740000
[INFO]:[02:07:20] Starting CPLEX solver on instance: /home/yorig/tuner/mpils-tests/instances/miplib/easy/supportcase33.mps with config: /scratch/yorig/mpils-results-grid-ticks-10000-7may/easy/24proc-2pils/seed-2/10_supportcase33_seed-2_20260510_020711/iterated_local_search/run_1_worker_16/ils_config_14805211976241895796.prm
[INFO]:[02:07:20] Starting CPLEX solver on instance: /home/yorig/tuner/mpils-tests/instances/miplib/easy/supportcase33.mps with config: /scratch/yorig/mpils-results-grid-ticks-10000-7may/easy/24proc-2pils/seed-2/10_supportcase33_seed-2_20260510_020711/iterated_local_search/run_1_worker_16/ils_config_14805211976241895796.prm
[INFO]:[02:07:27] CPLEX results. Gap: 40.740000, upper bound: -270.000000, lower bound: -380.000000
[INFO]:[02:07:27] CPLEX solver finished. Gap: 40.740000
[INFO]:[02:07:27] New incumbent found with objective value: 33.06
[INFO]:[02:07:27] Starting CPLEX solver on instance: /home/yorig/tuner/mpils-tests/instances/miplib/easy/supportcase33.mps with config: /scratch/yorig/mpils-results-grid-ticks-10000-7may/easy/24proc-2pils/seed-2/10_supportcase33_seed-2_20260510_020711/iterated_local_search/run_1_worker_16/ils_config_12448360057052150342.prm
[INFO]:[02:07:27] Starting CPLEX solver on instance: /home/yorig/tuner/mpils-tests/instances/miplib/easy/supportcase33.mps with config: /scratch/yorig/mpils-results-grid-ticks-10000-7may/easy/24proc-2pils/seed-2/10_supportcase33_seed-2_20260510_020711/iterated_local_search/run_1_worker_16/ils_config_12448360057052150342.prm
[INFO]:[02:07:34] CPLEX results. Gap: 28.570000, upper bound: -315.000000, lower bound: -405.000000
[INFO]:[02:07:34] CPLEX solver finished. Gap: 28.570000
[INFO]:[02:07:34] New incumbent found with objective value: 28.57
[INFO]:[02:07:34] Starting CPLEX solver on instance: /home/yorig/tuner/mpils-tests/instances/miplib/easy/supportcase33.mps with config: /scratch/yorig/mpils-results-grid-ticks-10000-7may/easy/24proc-2pils/seed-2/10_supportcase33_seed-2_20260510_020711/iterated_local_search/run_1_worker_16/ils_config_502190238166006981.prm
[INFO]:[02:07:34] Starting CPLEX solver on instance: /home/yorig/tuner/mpils-tests/instances/miplib/easy/supportcase33.mps with config: /scratch/yorig/mpils-results-grid-ticks-10000-7may/easy/24proc-2pils/seed-2/10_supportcase33_seed-2_20260510_020711/iterated_local_search/run_1_worker_16/ils_config_502190238166006981.prm
[INFO]:[02:07:41] CPLEX results. Gap: 24.620000, upper bound: -325.000000, lower bound: -405.000000
[INFO]:[02:07:41] CPLEX solver finished. Gap: 24.620000
[INFO]:[02:07:41] New incumbent found with objective value: 24.62
[INFO]:[02:07:41] Starting CPLEX solver on instance: /home/yorig/tuner/mpils-tests/instances/miplib/easy/supportcase33.mps with config: /scratch/yorig/mpils-results-grid-ticks-10000-7may/easy/24proc-2pils/seed-2/10_supportcase33_seed-2_20260510_020711/iterated_local_search/run_1_worker_16/ils_config_11685586279163961863.prm
[INFO]:[02:07:41] Starting CPLEX solver on instance: /home/yorig/tuner/mpils-tests/instances/miplib/easy/supportcase33.mps with config: /scratch/yorig/mpils-results-grid-ticks-10000-7may/easy/24proc-2pils/seed-2/10_supportcase33_seed-2_20260510_020711/iterated_local_search/run_1_worker_16/ils_config_11685586279163961863.prm
[INFO]:[02:07:48] CPLEX results. Gap: 27.270000, upper bound: -330.000000, lower bound: -420.000000
[INFO]:[02:07:48] CPLEX solver finished. Gap: 27.270000
[INFO]:[02:07:48] Starting CPLEX solver on instance: /home/yorig/tuner/mpils-tests/instances/miplib/easy/supportcase33.mps with config: /scratch/yorig/mpils-results-grid-ticks-10000-7may/easy/24proc-2pils/seed-2/10_supportcase33_seed-2_20260510_020711/iterated_local_search/run_1_worker_16/ils_config_17167821224158519749.prm
[INFO]:[02:07:48] Starting CPLEX solver on instance: /home/yorig/tuner/mpils-tests/instances/miplib/easy/supportcase33.mps with config: /scratch/yorig/mpils-results-grid-ticks-10000-7may/easy/24proc-2pils/seed-2/10_supportcase33_seed-2_20260510_020711/iterated_local_search/run_1_worker_16/ils_config_17167821224158519749.prm
[INFO]:[02:07:56] CPLEX results. Gap: 1075000000000000.000000, upper bound: 0.000000, lower bound: -1075.000000
[INFO]:[02:07:56] CPLEX solver finished. Gap: 1075000000000000.000000
[INFO]:[02:07:56] Starting CPLEX solver on instance: /home/yorig/tuner/mpils-tests/instances/miplib/easy/supportcase33.mps with config: /scratch/yorig/mpils-results-grid-ticks-10000-7may/easy/24proc-2pils/seed-2/10_supportcase33_seed-2_20260510_020711/iterated_local_search/run_1_worker_16/ils_config_16541113271657604971.prm
[INFO]:[02:07:56] Starting CPLEX solver on instance: /home/yorig/tuner/mpils-tests/instances/miplib/easy/supportcase33.mps with config: /scratch/yorig/mpils-results-grid-ticks-10000-7may/easy/24proc-2pils/seed-2/10_supportcase33_seed-2_20260510_020711/iterated_local_search/run_1_worker_16/ils_config_16541113271657604971.prm
[INFO]:[02:08:03] CPLEX results. Gap: 26.560000, upper bound: -320.000000, lower bound: -405.000000
[INFO]:[02:08:03] CPLEX solver finished. Gap: 26.560000
[INFO]:[02:08:03] Starting CPLEX solver on instance: /home/yorig/tuner/mpils-tests/instances/miplib/easy/supportcase33.mps with config: /scratch/yorig/mpils-results-grid-ticks-10000-7may/easy/24proc-2pils/seed-2/10_supportcase33_seed-2_20260510_020711/iterated_local_search/run_1_worker_16/ils_config_11367358558609358199.prm
[INFO]:[02:08:03] Starting CPLEX solver on instance: /home/yorig/tuner/mpils-tests/instances/miplib/easy/supportcase33.mps with config: /scratch/yorig/mpils-results-grid-ticks-10000-7may/easy/24proc-2pils/seed-2/10_supportcase33_seed-2_20260510_020711/iterated_local_search/run_1_worker_16/ils_config_11367358558609358199.prm
[INFO]:[02:08:09] CPLEX results. Gap: 24.620000, upper bound: -325.000000, lower bound: -405.000000
[INFO]:[02:08:09] CPLEX solver finished. Gap: 24.620000
[INFO]:[02:08:09] Starting CPLEX solver on instance: /home/yorig/tuner/mpils-tests/instances/miplib/easy/supportcase33.mps with config: /scratch/yorig/mpils-results-grid-ticks-10000-7may/easy/24proc-2pils/seed-2/10_supportcase33_seed-2_20260510_020711/iterated_local_search/run_1_worker_16/ils_config_8617357036018015220.prm
[INFO]:[02:08:09] Starting CPLEX solver on instance: /home/yorig/tuner/mpils-tests/instances/miplib/easy/supportcase33.mps with config: /scratch/yorig/mpils-results-grid-ticks-10000-7may/easy/24proc-2pils/seed-2/10_supportcase33_seed-2_20260510_020711/iterated_local_search/run_1_worker_16/ils_config_8617357036018015220.prm
[INFO]:[02:08:16] CPLEX results. Gap: 24.620000, upper bound: -325.000000, lower bound: -405.000000
[INFO]:[02:08:16] CPLEX solver finished. Gap: 24.620000
[INFO]:[02:08:16] Starting CPLEX solver on instance: /home/yorig/tuner/mpils-tests/instances/miplib/easy/supportcase33.mps with config: /scratch/yorig/mpils-results-grid-ticks-10000-7may/easy/24proc-2pils/seed-2/10_supportcase33_seed-2_20260510_020711/iterated_local_search/run_1_worker_16/ils_config_12448360057052150342.prm
[INFO]:[02:08:16] Starting CPLEX solver on instance: /home/yorig/tuner/mpils-tests/instances/miplib/easy/supportcase33.mps with config: /scratch/yorig/mpils-results-grid-ticks-10000-7may/easy/24proc-2pils/seed-2/10_supportcase33_seed-2_20260510_020711/iterated_local_search/run_1_worker_16/ils_config_12448360057052150342.prm
[INFO]:[02:08:23] CPLEX results. Gap: 28.570000, upper bound: -315.000000, lower bound: -405.000000
[INFO]:[02:08:23] CPLEX solver finished. Gap: 28.570000
[INFO]:[02:08:23] Local search phase completed.
[INFO]:[02:08:23] Total number of new local-search evaluations: 20
[INFO]:[02:08:23] Final incumbent objective value: 24.62
[INFO]:[02:08:25] Worker 16 completed exploration phase.
[INFO]:[02:08:25] Worker 16 received order for step 2.
[INFO]:[02:08:25] Worker 16 running expansion phase for iteration 1.
[INFO]:[02:08:25] Worker 16 will use solver log file: /scratch/yorig/mpils-results-grid-ticks-10000-7may/easy/24proc-2pils/seed-2/10_supportcase33_seed-2_20260510_020711/solver/cplex.log_iteration_expansion_1_worker_16
[INFO]:[02:08:25] Expansion Worker 16 starting expansion for iteration 1.
[INFO]:[02:08:25] Starting CPLEX solver on instance: /home/yorig/tuner/mpils-tests/instances/miplib/easy/supportcase33.mps with config: /scratch/yorig/mpils-results-grid-ticks-10000-7may/easy/24proc-2pils/seed-2/10_supportcase33_seed-2_20260510_020711/expansion/config_param_CPXPARAM_MIP_Strategy_Dive_1_iter_1.prm
[INFO]:[02:08:32] CPLEX results. Gap: 0.000000, upper bound: -345.000000, lower bound: -345.000000
[INFO]:[02:08:32] CPLEX solver finished. Gap: 0.000000
[INFO]:[02:08:32] Expansion Worker 16 found an improving configuration with objective value 0.
[INFO]:[02:08:33] Expansion Worker 16 stopping early after global MPI expansion stop was activated.
[INFO]:[02:08:33] Expansion Worker 16 completed expansion.
[INFO]:[02:08:33] Worker 16 completed expansion phase.
[INFO]:[02:08:33] Worker 16 received order for step 1.
[INFO]:[02:08:33] Worker 16 running exploration phase for iteration 2.
[INFO]:[02:08:33] Worker 16 at iteration 2 will not use a MIP start file. Current best MIP-start upper bound threshold is 1.79769e+308.
[INFO]:[02:08:33] Starting local search phase...
[INFO]:[02:08:33] Creating local search space from parameter space file: /scratch/yorig/mpils-results-grid-ticks-10000-7may/easy/24proc-2pils/seed-2/10_supportcase33_seed-2_20260510_020711/iterated_local_search/search_space/search_space_file_2_worker_16.txt
[INFO]:[02:08:33] Local search space loaded from file: /scratch/yorig/mpils-results-grid-ticks-10000-7may/easy/24proc-2pils/seed-2/10_supportcase33_seed-2_20260510_020711/iterated_local_search/search_space/search_space_file_2_worker_16.txt
[INFO]:[02:08:33] Number of parameters in local search space: 71
[INFO]:[02:08:33] Number of forbidden tuples in local search space: 8
[INFO]:[02:08:33] Number of conditionals in local search space: 6
[INFO]:[02:08:33] MIP start option not enabled. Local search will proceed without MIP start.
[INFO]:[02:08:33] Starting CPLEX solver on instance: /home/yorig/tuner/mpils-tests/instances/miplib/easy/supportcase33.mps with config: /scratch/yorig/mpils-results-grid-ticks-10000-7may/easy/24proc-2pils/seed-2/10_supportcase33_seed-2_20260510_020711/iterated_local_search/run_2_worker_16/ils_config_13705050969286543572.prm
[INFO]:[02:08:33] Starting CPLEX solver on instance: /home/yorig/tuner/mpils-tests/instances/miplib/easy/supportcase33.mps with config: /scratch/yorig/mpils-results-grid-ticks-10000-7may/easy/24proc-2pils/seed-2/10_supportcase33_seed-2_20260510_020711/iterated_local_search/run_2_worker_16/ils_config_13705050969286543572.prm
[INFO]:[02:08:39] CPLEX results. Gap: 71.520000, upper bound: -240.000000, lower bound: -411.648746
[INFO]:[02:08:39] CPLEX solver finished. Gap: 71.520000
[INFO]:[02:08:40] New incumbent found with objective value: 29.26
[INFO]:[02:08:40] Starting CPLEX solver on instance: /home/yorig/tuner/mpils-tests/instances/miplib/easy/supportcase33.mps with config: /scratch/yorig/mpils-results-grid-ticks-10000-7may/easy/24proc-2pils/seed-2/10_supportcase33_seed-2_20260510_020711/iterated_local_search/run_2_worker_16/ils_config_2466006177904849856.prm
[INFO]:[02:08:40] Starting CPLEX solver on instance: /home/yorig/tuner/mpils-tests/instances/miplib/easy/supportcase33.mps with config: /scratch/yorig/mpils-results-grid-ticks-10000-7may/easy/24proc-2pils/seed-2/10_supportcase33_seed-2_20260510_020711/iterated_local_search/run_2_worker_16/ils_config_2466006177904849856.prm
[INFO]:[02:08:47] CPLEX results. Gap: 30.750000, upper bound: -330.000000, lower bound: -431.471996
[INFO]:[02:08:47] CPLEX solver finished. Gap: 30.750000
[INFO]:[02:08:48] New incumbent found with objective value: 27.78
[INFO]:[02:08:48] Starting CPLEX solver on instance: /home/yorig/tuner/mpils-tests/instances/miplib/easy/supportcase33.mps with config: /scratch/yorig/mpils-results-grid-ticks-10000-7may/easy/24proc-2pils/seed-2/10_supportcase33_seed-2_20260510_020711/iterated_local_search/run_2_worker_16/ils_config_16763154471545346441.prm
[INFO]:[02:08:48] Starting CPLEX solver on instance: /home/yorig/tuner/mpils-tests/instances/miplib/easy/supportcase33.mps with config: /scratch/yorig/mpils-results-grid-ticks-10000-7may/easy/24proc-2pils/seed-2/10_supportcase33_seed-2_20260510_020711/iterated_local_search/run_2_worker_16/ils_config_16763154471545346441.prm
[INFO]:[02:08:54] CPLEX results. Gap: 49.880000, upper bound: -290.000000, lower bound: -434.642857
[INFO]:[02:08:54] CPLEX solver finished. Gap: 49.880000
[INFO]:[02:08:54] Local search phase completed.
[INFO]:[02:08:54] Total number of new local-search evaluations: 6
[INFO]:[02:08:54] Final incumbent objective value: 27.78
[INFO]:[02:08:57] Worker 16 completed exploration phase.
[INFO]:[02:08:57] Worker 16 received order for step 2.
[INFO]:[02:08:57] Worker 16 running expansion phase for iteration 2.
[INFO]:[02:08:57] Worker 16 will use solver log file: /scratch/yorig/mpils-results-grid-ticks-10000-7may/easy/24proc-2pils/seed-2/10_supportcase33_seed-2_20260510_020711/solver/cplex.log_iteration_expansion_2_worker_16
[INFO]:[02:08:57] Expansion Worker 16 starting expansion for iteration 2.
[INFO]:[02:08:57] Starting CPLEX solver on instance: /home/yorig/tuner/mpils-tests/instances/miplib/easy/supportcase33.mps with config: /scratch/yorig/mpils-results-grid-ticks-10000-7may/easy/24proc-2pils/seed-2/10_supportcase33_seed-2_20260510_020711/expansion/config_param_CPXPARAM_MIP_Limits_ProbeTime_20_iter_2.prm
[INFO]:[02:09:04] CPLEX results. Gap: 32.330000, upper bound: -285.000000, lower bound: -377.148438
[INFO]:[02:09:04] CPLEX solver finished. Gap: 32.330000
[INFO]:[02:09:04] Starting CPLEX solver on instance: /home/yorig/tuner/mpils-tests/instances/miplib/easy/supportcase33.mps with config: /scratch/yorig/mpils-results-grid-ticks-10000-7may/easy/24proc-2pils/seed-2/10_supportcase33_seed-2_20260510_020711/expansion/config_param_CPXPARAM_MIP_Strategy_Branch_1_iter_2.prm
[INFO]:[02:09:11] CPLEX results. Gap: 0.000000, upper bound: -345.000000, lower bound: -345.000000
[INFO]:[02:09:11] CPLEX solver finished. Gap: 0.000000
[INFO]:[02:09:11] Expansion Worker 16 found an improving configuration with objective value 0.
[INFO]:[02:09:12] Expansion Worker 16 stopping early after global MPI expansion stop was activated.
[INFO]:[02:09:12] Expansion Worker 16 completed expansion.
[INFO]:[02:09:12] Worker 16 completed expansion phase.
[INFO]:[02:09:12] Worker 16 received order for step 3.
[INFO]:[02:09:12] Worker 16 finished.
