[INFO]:[03:31:04] Worker 6 starting.
[INFO]:[03:31:04] Worker 6 received order for step 1.
[INFO]:[03:31:04] Worker 6 running exploration phase for iteration 1.
[INFO]:[03:31:04] Worker 6 at iteration 1 will not use a MIP start file. Current best MIP-start upper bound threshold is 1.79769e+308.
[INFO]:[03:31:04] Starting local search phase...
[INFO]:[03:31:04] Creating local search space from parameter space file: /scratch/yorig/mpils-results-grid-ticks-10000-7may/easy/24proc-6pils/seed-2/1_csched008_seed-2_20260510_033103/iterated_local_search/search_space/search_space_file_1_worker_6.txt
[INFO]:[03:31:04] Local search space loaded from file: /scratch/yorig/mpils-results-grid-ticks-10000-7may/easy/24proc-6pils/seed-2/1_csched008_seed-2_20260510_033103/iterated_local_search/search_space/search_space_file_1_worker_6.txt
[INFO]:[03:31:04] Number of parameters in local search space: 71
[INFO]:[03:31:04] Number of forbidden tuples in local search space: 0
[INFO]:[03:31:04] Number of conditionals in local search space: 6
[INFO]:[03:31:04] MIP start option not enabled. Local search will proceed without MIP start.
[INFO]:[03:31:04] Starting CPLEX solver on instance: /home/yorig/tuner/mpils-tests/instances/miplib/easy/csched008.mps with config: /scratch/yorig/mpils-results-grid-ticks-10000-7may/easy/24proc-6pils/seed-2/1_csched008_seed-2_20260510_033103/iterated_local_search/run_1_worker_6/ils_config_9780203583707233689.prm
[INFO]:[03:31:04] Starting CPLEX solver on instance: /home/yorig/tuner/mpils-tests/instances/miplib/easy/csched008.mps with config: /scratch/yorig/mpils-results-grid-ticks-10000-7may/easy/24proc-6pils/seed-2/1_csched008_seed-2_20260510_033103/iterated_local_search/run_1_worker_6/ils_config_9780203583707233689.prm
[INFO]:[03:31:10] CPLEX results. Gap: 8.560000, upper bound: 187.000000, lower bound: 171.000000
[INFO]:[03:31:10] CPLEX solver finished. Gap: 8.560000
[INFO]:[03:31:11] New incumbent found with objective value: 2.84
[INFO]:[03:31:12] Starting CPLEX solver on instance: /home/yorig/tuner/mpils-tests/instances/miplib/easy/csched008.mps with config: /scratch/yorig/mpils-results-grid-ticks-10000-7may/easy/24proc-6pils/seed-2/1_csched008_seed-2_20260510_033103/iterated_local_search/run_1_worker_6/ils_config_9813334190289175438.prm
[INFO]:[03:31:12] Starting CPLEX solver on instance: /home/yorig/tuner/mpils-tests/instances/miplib/easy/csched008.mps with config: /scratch/yorig/mpils-results-grid-ticks-10000-7may/easy/24proc-6pils/seed-2/1_csched008_seed-2_20260510_033103/iterated_local_search/run_1_worker_6/ils_config_9813334190289175438.prm
[INFO]:[03:31:18] CPLEX results. Gap: 3.910000, upper bound: 179.000000, lower bound: 172.000000
[INFO]:[03:31:18] CPLEX solver finished. Gap: 3.910000
[INFO]:[03:31:18] New incumbent found with objective value: 2.29
[INFO]:[03:31:18] Starting CPLEX solver on instance: /home/yorig/tuner/mpils-tests/instances/miplib/easy/csched008.mps with config: /scratch/yorig/mpils-results-grid-ticks-10000-7may/easy/24proc-6pils/seed-2/1_csched008_seed-2_20260510_033103/iterated_local_search/run_1_worker_6/ils_config_7171027889411441572.prm
[INFO]:[03:31:18] Starting CPLEX solver on instance: /home/yorig/tuner/mpils-tests/instances/miplib/easy/csched008.mps with config: /scratch/yorig/mpils-results-grid-ticks-10000-7may/easy/24proc-6pils/seed-2/1_csched008_seed-2_20260510_033103/iterated_local_search/run_1_worker_6/ils_config_7171027889411441572.prm
[INFO]:[03:31:25] CPLEX results. Gap: 2.290000, upper bound: 175.000000, lower bound: 171.000000
[INFO]:[03:31:25] CPLEX solver finished. Gap: 2.290000
[INFO]:[03:31:25] New incumbent found with objective value: 1.15
[INFO]:[03:31:25] Starting CPLEX solver on instance: /home/yorig/tuner/mpils-tests/instances/miplib/easy/csched008.mps with config: /scratch/yorig/mpils-results-grid-ticks-10000-7may/easy/24proc-6pils/seed-2/1_csched008_seed-2_20260510_033103/iterated_local_search/run_1_worker_6/ils_config_7568672836199276253.prm
[INFO]:[03:31:25] Starting CPLEX solver on instance: /home/yorig/tuner/mpils-tests/instances/miplib/easy/csched008.mps with config: /scratch/yorig/mpils-results-grid-ticks-10000-7may/easy/24proc-6pils/seed-2/1_csched008_seed-2_20260510_033103/iterated_local_search/run_1_worker_6/ils_config_7568672836199276253.prm
[INFO]:[03:31:31] CPLEX results. Gap: 2.970000, upper bound: 177.000000, lower bound: 171.750000
[INFO]:[03:31:31] CPLEX solver finished. Gap: 2.970000
[INFO]:[03:31:31] Local search phase completed.
[INFO]:[03:31:31] Total number of new local-search evaluations: 24
[INFO]:[03:31:31] Final incumbent objective value: 1.15
[INFO]:[03:31:32] Worker 6 completed exploration phase.
[INFO]:[03:31:32] Worker 6 received order for step 2.
[INFO]:[03:31:32] Worker 6 running expansion phase for iteration 1.
[INFO]:[03:31:32] Worker 6 will use solver log file: /scratch/yorig/mpils-results-grid-ticks-10000-7may/easy/24proc-6pils/seed-2/1_csched008_seed-2_20260510_033103/solver/cplex.log_iteration_expansion_1_worker_6
[INFO]:[03:31:32] Expansion Worker 6 starting expansion for iteration 1.
[INFO]:[03:31:32] Starting CPLEX solver on instance: /home/yorig/tuner/mpils-tests/instances/miplib/easy/csched008.mps with config: /scratch/yorig/mpils-results-grid-ticks-10000-7may/easy/24proc-6pils/seed-2/1_csched008_seed-2_20260510_033103/expansion/config_param_CPXPARAM_MIP_Cuts_Covers_2_iter_1.prm
[INFO]:[03:31:38] CPLEX results. Gap: 1.710000, upper bound: 175.000000, lower bound: 172.000000
[INFO]:[03:31:38] CPLEX solver finished. Gap: 1.710000
[INFO]:[03:31:39] Starting CPLEX solver on instance: /home/yorig/tuner/mpils-tests/instances/miplib/easy/csched008.mps with config: /scratch/yorig/mpils-results-grid-ticks-10000-7may/easy/24proc-6pils/seed-2/1_csched008_seed-2_20260510_033103/expansion/config_param_CPXPARAM_MIP_Limits_ProbeTime_240_iter_1.prm
[INFO]:[03:31:45] CPLEX results. Gap: 4.370000, upper bound: 179.000000, lower bound: 171.181818
[INFO]:[03:31:45] CPLEX solver finished. Gap: 4.370000
[INFO]:[03:31:52] Expansion Worker 6 completed expansion.
[INFO]:[03:31:52] Worker 6 completed expansion phase.
[INFO]:[03:31:52] Worker 6 received order for step 1.
[INFO]:[03:31:52] Worker 6 running exploration phase for iteration 2.
[INFO]:[03:31:52] Worker 6 at iteration 2 will not use a MIP start file. Current best MIP-start upper bound threshold is 1.79769e+308.
[INFO]:[03:31:52] Starting local search phase...
[INFO]:[03:31:52] Creating local search space from parameter space file: /scratch/yorig/mpils-results-grid-ticks-10000-7may/easy/24proc-6pils/seed-2/1_csched008_seed-2_20260510_033103/iterated_local_search/search_space/search_space_file_2_worker_6.txt
[INFO]:[03:31:52] Local search space loaded from file: /scratch/yorig/mpils-results-grid-ticks-10000-7may/easy/24proc-6pils/seed-2/1_csched008_seed-2_20260510_033103/iterated_local_search/search_space/search_space_file_2_worker_6.txt
[INFO]:[03:31:52] Number of parameters in local search space: 71
[INFO]:[03:31:52] Number of forbidden tuples in local search space: 24
[INFO]:[03:31:52] Number of conditionals in local search space: 6
[INFO]:[03:31:52] MIP start option not enabled. Local search will proceed without MIP start.
[INFO]:[03:31:52] Starting CPLEX solver on instance: /home/yorig/tuner/mpils-tests/instances/miplib/easy/csched008.mps with config: /scratch/yorig/mpils-results-grid-ticks-10000-7may/easy/24proc-6pils/seed-2/1_csched008_seed-2_20260510_033103/iterated_local_search/run_2_worker_6/ils_config_10416371411953895762.prm
[INFO]:[03:31:52] Starting CPLEX solver on instance: /home/yorig/tuner/mpils-tests/instances/miplib/easy/csched008.mps with config: /scratch/yorig/mpils-results-grid-ticks-10000-7may/easy/24proc-6pils/seed-2/1_csched008_seed-2_20260510_033103/iterated_local_search/run_2_worker_6/ils_config_10416371411953895762.prm
[INFO]:[03:31:59] CPLEX results. Gap: 8.560000, upper bound: 187.000000, lower bound: 171.000000
[INFO]:[03:31:59] CPLEX solver finished. Gap: 8.560000
[INFO]:[03:31:59] New incumbent found with objective value: 3.37
[INFO]:[03:31:59] Local search phase completed.
[INFO]:[03:31:59] Total number of new local-search evaluations: 6
[INFO]:[03:31:59] Final incumbent objective value: 3.37
[INFO]:[03:32:00] Worker 6 completed exploration phase.
[INFO]:[03:32:00] Worker 6 received order for step 2.
[INFO]:[03:32:00] Worker 6 running expansion phase for iteration 2.
[INFO]:[03:32:00] Worker 6 will use solver log file: /scratch/yorig/mpils-results-grid-ticks-10000-7may/easy/24proc-6pils/seed-2/1_csched008_seed-2_20260510_033103/solver/cplex.log_iteration_expansion_2_worker_6
[INFO]:[03:32:00] Expansion Worker 6 starting expansion for iteration 2.
[INFO]:[03:32:00] Starting CPLEX solver on instance: /home/yorig/tuner/mpils-tests/instances/miplib/easy/csched008.mps with config: /scratch/yorig/mpils-results-grid-ticks-10000-7may/easy/24proc-6pils/seed-2/1_csched008_seed-2_20260510_033103/expansion/config_param_CPXPARAM_Preprocessing_Symmetry_0_iter_2.prm
[INFO]:[03:32:06] CPLEX results. Gap: 1.150000, upper bound: 174.000000, lower bound: 172.000000
[INFO]:[03:32:06] CPLEX solver finished. Gap: 1.150000
[INFO]:[03:32:08] Starting CPLEX solver on instance: /home/yorig/tuner/mpils-tests/instances/miplib/easy/csched008.mps with config: /scratch/yorig/mpils-results-grid-ticks-10000-7may/easy/24proc-6pils/seed-2/1_csched008_seed-2_20260510_033103/expansion/config_param_CPXPARAM_MIP_Strategy_SubAlgorithm_4_iter_2.prm
[INFO]:[03:32:13] CPLEX results. Gap: 8.560000, upper bound: 187.000000, lower bound: 171.000000
[INFO]:[03:32:13] CPLEX solver finished. Gap: 8.560000
[INFO]:[03:32:15] Expansion Worker 6 completed expansion.
[INFO]:[03:32:15] Worker 6 completed expansion phase.
[INFO]:[03:32:15] Worker 6 received order for step 1.
[INFO]:[03:32:15] Worker 6 running exploration phase for iteration 3.
[INFO]:[03:32:15] Worker 6 at iteration 3 will not use a MIP start file. Current best MIP-start upper bound threshold is 1.79769e+308.
[INFO]:[03:32:15] Starting local search phase...
[INFO]:[03:32:15] Creating local search space from parameter space file: /scratch/yorig/mpils-results-grid-ticks-10000-7may/easy/24proc-6pils/seed-2/1_csched008_seed-2_20260510_033103/iterated_local_search/search_space/search_space_file_3_worker_6.txt
[INFO]:[03:32:15] Local search space loaded from file: /scratch/yorig/mpils-results-grid-ticks-10000-7may/easy/24proc-6pils/seed-2/1_csched008_seed-2_20260510_033103/iterated_local_search/search_space/search_space_file_3_worker_6.txt
[INFO]:[03:32:15] Number of parameters in local search space: 71
[INFO]:[03:32:15] Number of forbidden tuples in local search space: 25
[INFO]:[03:32:15] Number of conditionals in local search space: 6
[INFO]:[03:32:15] MIP start option not enabled. Local search will proceed without MIP start.
[INFO]:[03:32:15] Starting CPLEX solver on instance: /home/yorig/tuner/mpils-tests/instances/miplib/easy/csched008.mps with config: /scratch/yorig/mpils-results-grid-ticks-10000-7may/easy/24proc-6pils/seed-2/1_csched008_seed-2_20260510_033103/iterated_local_search/run_3_worker_6/ils_config_13245174431883533755.prm
[INFO]:[03:32:15] Starting CPLEX solver on instance: /home/yorig/tuner/mpils-tests/instances/miplib/easy/csched008.mps with config: /scratch/yorig/mpils-results-grid-ticks-10000-7may/easy/24proc-6pils/seed-2/1_csched008_seed-2_20260510_033103/iterated_local_search/run_3_worker_6/ils_config_13245174431883533755.prm
[INFO]:[03:32:22] CPLEX results. Gap: 6.010000, upper bound: 183.000000, lower bound: 172.000000
[INFO]:[03:32:22] CPLEX solver finished. Gap: 6.010000
[INFO]:[03:32:22] New incumbent found with objective value: 2.28
[INFO]:[03:32:22] Starting CPLEX solver on instance: /home/yorig/tuner/mpils-tests/instances/miplib/easy/csched008.mps with config: /scratch/yorig/mpils-results-grid-ticks-10000-7may/easy/24proc-6pils/seed-2/1_csched008_seed-2_20260510_033103/iterated_local_search/run_3_worker_6/ils_config_9042416244564898854.prm
[INFO]:[03:32:22] Starting CPLEX solver on instance: /home/yorig/tuner/mpils-tests/instances/miplib/easy/csched008.mps with config: /scratch/yorig/mpils-results-grid-ticks-10000-7may/easy/24proc-6pils/seed-2/1_csched008_seed-2_20260510_033103/iterated_local_search/run_3_worker_6/ils_config_9042416244564898854.prm
[INFO]:[03:32:28] CPLEX results. Gap: 2.270000, upper bound: 175.000000, lower bound: 171.025124
[INFO]:[03:32:28] CPLEX solver finished. Gap: 2.270000
[INFO]:[03:32:28] New incumbent found with objective value: 2.24
[INFO]:[03:32:28] Local search phase completed.
[INFO]:[03:32:28] Total number of new local-search evaluations: 12
[INFO]:[03:32:28] Final incumbent objective value: 2.24
[INFO]:[03:32:30] Worker 6 completed exploration phase.
[INFO]:[03:32:30] Worker 6 received order for step 2.
[INFO]:[03:32:30] Worker 6 running expansion phase for iteration 3.
[INFO]:[03:32:30] Worker 6 will use solver log file: /scratch/yorig/mpils-results-grid-ticks-10000-7may/easy/24proc-6pils/seed-2/1_csched008_seed-2_20260510_033103/solver/cplex.log_iteration_expansion_3_worker_6
[INFO]:[03:32:30] Expansion Worker 6 starting expansion for iteration 3.
[INFO]:[03:32:30] Starting CPLEX solver on instance: /home/yorig/tuner/mpils-tests/instances/miplib/easy/csched008.mps with config: /scratch/yorig/mpils-results-grid-ticks-10000-7may/easy/24proc-6pils/seed-2/1_csched008_seed-2_20260510_033103/expansion/config_param_CPXPARAM_Advance_2_iter_3.prm
[INFO]:[03:32:36] CPLEX results. Gap: 1.150000, upper bound: 174.000000, lower bound: 172.000000
[INFO]:[03:32:36] CPLEX solver finished. Gap: 1.150000
[INFO]:[03:32:37] Starting CPLEX solver on instance: /home/yorig/tuner/mpils-tests/instances/miplib/easy/csched008.mps with config: /scratch/yorig/mpils-results-grid-ticks-10000-7may/easy/24proc-6pils/seed-2/1_csched008_seed-2_20260510_033103/expansion/config_param_CPXPARAM_Simplex_Crash_-1_iter_3.prm
[INFO]:[03:32:43] CPLEX results. Gap: 1.150000, upper bound: 174.000000, lower bound: 172.000000
[INFO]:[03:32:43] CPLEX solver finished. Gap: 1.150000
[INFO]:[03:32:43] Expansion Worker 6 completed expansion.
[INFO]:[03:32:43] Worker 6 completed expansion phase.
[INFO]:[03:32:43] Worker 6 received order for step 1.
[INFO]:[03:32:43] Worker 6 running exploration phase for iteration 4.
[INFO]:[03:32:43] Worker 6 at iteration 4 will not use a MIP start file. Current best MIP-start upper bound threshold is 1.79769e+308.
[INFO]:[03:32:43] Starting local search phase...
[INFO]:[03:32:43] Creating local search space from parameter space file: /scratch/yorig/mpils-results-grid-ticks-10000-7may/easy/24proc-6pils/seed-2/1_csched008_seed-2_20260510_033103/iterated_local_search/search_space/search_space_file_4_worker_6.txt
[INFO]:[03:32:43] Local search space loaded from file: /scratch/yorig/mpils-results-grid-ticks-10000-7may/easy/24proc-6pils/seed-2/1_csched008_seed-2_20260510_033103/iterated_local_search/search_space/search_space_file_4_worker_6.txt
[INFO]:[03:32:43] Number of parameters in local search space: 71
[INFO]:[03:32:43] Number of forbidden tuples in local search space: 51
[INFO]:[03:32:43] Number of conditionals in local search space: 6
[INFO]:[03:32:43] MIP start option not enabled. Local search will proceed without MIP start.
[INFO]:[03:32:43] Starting CPLEX solver on instance: /home/yorig/tuner/mpils-tests/instances/miplib/easy/csched008.mps with config: /scratch/yorig/mpils-results-grid-ticks-10000-7may/easy/24proc-6pils/seed-2/1_csched008_seed-2_20260510_033103/iterated_local_search/run_4_worker_6/ils_config_1329362690008306449.prm
[INFO]:[03:32:43] Starting CPLEX solver on instance: /home/yorig/tuner/mpils-tests/instances/miplib/easy/csched008.mps with config: /scratch/yorig/mpils-results-grid-ticks-10000-7may/easy/24proc-6pils/seed-2/1_csched008_seed-2_20260510_033103/iterated_local_search/run_4_worker_6/ils_config_1329362690008306449.prm
[WARN]:[03:32:49] CPLEX finished without a primal feasible solution for config /scratch/yorig/mpils-results-grid-ticks-10000-7may/easy/24proc-6pils/seed-2/1_csched008_seed-2_20260510_033103/iterated_local_search/run_4_worker_6/ils_config_1329362690008306449.prm.
[INFO]:[03:32:49] CPLEX results. Gap: unavailable, upper bound: null, lower bound: 171.000000
[INFO]:[03:32:49] CPLEX solver finished. Gap: 179769313486231570814527423731704356798070567525844996598917476803157260780028538760589558632766878171540458953514382464234321326889464182768467546703537516986049910576551282076245490090389328944075868508455133942304583236903222948165808559332123348274797826204144723168738177180919299881250404026184124858368.000000
[INFO]:[03:32:51] New incumbent found with objective value: 3.39
[INFO]:[03:32:51] Starting CPLEX solver on instance: /home/yorig/tuner/mpils-tests/instances/miplib/easy/csched008.mps with config: /scratch/yorig/mpils-results-grid-ticks-10000-7may/easy/24proc-6pils/seed-2/1_csched008_seed-2_20260510_033103/iterated_local_search/run_4_worker_6/ils_config_16546419115774203005.prm
[INFO]:[03:32:51] Starting CPLEX solver on instance: /home/yorig/tuner/mpils-tests/instances/miplib/easy/csched008.mps with config: /scratch/yorig/mpils-results-grid-ticks-10000-7may/easy/24proc-6pils/seed-2/1_csched008_seed-2_20260510_033103/iterated_local_search/run_4_worker_6/ils_config_16546419115774203005.prm
[INFO]:[03:32:58] CPLEX results. Gap: 1.720000, upper bound: 174.000000, lower bound: 171.000000
[INFO]:[03:32:58] CPLEX solver finished. Gap: 1.720000
[INFO]:[03:32:59] New incumbent found with objective value: 1.72
[INFO]:[03:32:59] Local search phase completed.
[INFO]:[03:32:59] Total number of new local-search evaluations: 12
[INFO]:[03:32:59] Final incumbent objective value: 1.72
[INFO]:[03:32:59] Worker 6 completed exploration phase.
[INFO]:[03:32:59] Worker 6 received order for step 2.
[INFO]:[03:32:59] Worker 6 running expansion phase for iteration 4.
[INFO]:[03:32:59] Worker 6 will use solver log file: /scratch/yorig/mpils-results-grid-ticks-10000-7may/easy/24proc-6pils/seed-2/1_csched008_seed-2_20260510_033103/solver/cplex.log_iteration_expansion_4_worker_6
[INFO]:[03:32:59] Expansion Worker 6 starting expansion for iteration 4.
[INFO]:[03:32:59] Starting CPLEX solver on instance: /home/yorig/tuner/mpils-tests/instances/miplib/easy/csched008.mps with config: /scratch/yorig/mpils-results-grid-ticks-10000-7may/easy/24proc-6pils/seed-2/1_csched008_seed-2_20260510_033103/expansion/config_param_CPXPARAM_Feasopt_Mode_3_iter_4.prm
[INFO]:[03:33:05] CPLEX results. Gap: 1.150000, upper bound: 174.000000, lower bound: 172.000000
[INFO]:[03:33:05] CPLEX solver finished. Gap: 1.150000
[INFO]:[03:33:12] Expansion Worker 6 completed expansion.
[INFO]:[03:33:12] Worker 6 completed expansion phase.
[INFO]:[03:33:12] Worker 6 received order for step 1.
[INFO]:[03:33:12] Worker 6 running exploration phase for iteration 5.
[INFO]:[03:33:12] Worker 6 at iteration 5 will not use a MIP start file. Current best MIP-start upper bound threshold is 1.79769e+308.
[INFO]:[03:33:12] Starting local search phase...
[INFO]:[03:33:12] Creating local search space from parameter space file: /scratch/yorig/mpils-results-grid-ticks-10000-7may/easy/24proc-6pils/seed-2/1_csched008_seed-2_20260510_033103/iterated_local_search/search_space/search_space_file_5_worker_6.txt
[INFO]:[03:33:12] Local search space loaded from file: /scratch/yorig/mpils-results-grid-ticks-10000-7may/easy/24proc-6pils/seed-2/1_csched008_seed-2_20260510_033103/iterated_local_search/search_space/search_space_file_5_worker_6.txt
[INFO]:[03:33:12] Number of parameters in local search space: 71
[INFO]:[03:33:12] Number of forbidden tuples in local search space: 79
[INFO]:[03:33:12] Number of conditionals in local search space: 6
[INFO]:[03:33:12] MIP start option not enabled. Local search will proceed without MIP start.
[INFO]:[03:33:12] Starting CPLEX solver on instance: /home/yorig/tuner/mpils-tests/instances/miplib/easy/csched008.mps with config: /scratch/yorig/mpils-results-grid-ticks-10000-7may/easy/24proc-6pils/seed-2/1_csched008_seed-2_20260510_033103/iterated_local_search/run_5_worker_6/ils_config_4526740845631739651.prm
[INFO]:[03:33:12] Starting CPLEX solver on instance: /home/yorig/tuner/mpils-tests/instances/miplib/easy/csched008.mps with config: /scratch/yorig/mpils-results-grid-ticks-10000-7may/easy/24proc-6pils/seed-2/1_csched008_seed-2_20260510_033103/iterated_local_search/run_5_worker_6/ils_config_4526740845631739651.prm
[INFO]:[03:33:18] CPLEX results. Gap: 5.520000, upper bound: 181.000000, lower bound: 171.000000
[INFO]:[03:33:18] CPLEX solver finished. Gap: 5.520000
[INFO]:[03:33:19] New incumbent found with objective value: 3.39
[INFO]:[03:33:19] Starting CPLEX solver on instance: /home/yorig/tuner/mpils-tests/instances/miplib/easy/csched008.mps with config: /scratch/yorig/mpils-results-grid-ticks-10000-7may/easy/24proc-6pils/seed-2/1_csched008_seed-2_20260510_033103/iterated_local_search/run_5_worker_6/ils_config_16884992154456565771.prm
[INFO]:[03:33:19] Starting CPLEX solver on instance: /home/yorig/tuner/mpils-tests/instances/miplib/easy/csched008.mps with config: /scratch/yorig/mpils-results-grid-ticks-10000-7may/easy/24proc-6pils/seed-2/1_csched008_seed-2_20260510_033103/iterated_local_search/run_5_worker_6/ils_config_16884992154456565771.prm
[INFO]:[03:33:26] CPLEX results. Gap: 6.040000, upper bound: 182.000000, lower bound: 171.000000
[INFO]:[03:33:26] CPLEX solver finished. Gap: 6.040000
[INFO]:[03:33:26] Starting CPLEX solver on instance: /home/yorig/tuner/mpils-tests/instances/miplib/easy/csched008.mps with config: /scratch/yorig/mpils-results-grid-ticks-10000-7may/easy/24proc-6pils/seed-2/1_csched008_seed-2_20260510_033103/iterated_local_search/run_5_worker_6/ils_config_10205514331215028673.prm
[INFO]:[03:33:26] Starting CPLEX solver on instance: /home/yorig/tuner/mpils-tests/instances/miplib/easy/csched008.mps with config: /scratch/yorig/mpils-results-grid-ticks-10000-7may/easy/24proc-6pils/seed-2/1_csched008_seed-2_20260510_033103/iterated_local_search/run_5_worker_6/ils_config_10205514331215028673.prm
[INFO]:[03:33:33] CPLEX results. Gap: 3.390000, upper bound: 177.000000, lower bound: 171.000000
[INFO]:[03:33:33] CPLEX solver finished. Gap: 3.390000
[INFO]:[03:33:34] New incumbent found with objective value: 2.84
[INFO]:[03:33:34] Local search phase completed.
[INFO]:[03:33:34] Total number of new local-search evaluations: 18
[INFO]:[03:33:34] Final incumbent objective value: 2.84
[INFO]:[03:33:34] Worker 6 completed exploration phase.
[INFO]:[03:33:34] Worker 6 received order for step 2.
[INFO]:[03:33:34] Worker 6 running expansion phase for iteration 5.
[INFO]:[03:33:34] Worker 6 will use solver log file: /scratch/yorig/mpils-results-grid-ticks-10000-7may/easy/24proc-6pils/seed-2/1_csched008_seed-2_20260510_033103/solver/cplex.log_iteration_expansion_5_worker_6
[INFO]:[03:33:34] Expansion Worker 6 starting expansion for iteration 5.
[INFO]:[03:33:34] Starting CPLEX solver on instance: /home/yorig/tuner/mpils-tests/instances/miplib/easy/csched008.mps with config: /scratch/yorig/mpils-results-grid-ticks-10000-7may/easy/24proc-6pils/seed-2/1_csched008_seed-2_20260510_033103/expansion/config_param_CPXPARAM_LPMethod_3_iter_5.prm
[INFO]:[03:33:41] CPLEX results. Gap: 1.150000, upper bound: 174.000000, lower bound: 172.000000
[INFO]:[03:33:41] CPLEX solver finished. Gap: 1.150000
[INFO]:[03:33:47] Expansion Worker 6 completed expansion.
[INFO]:[03:33:47] Worker 6 completed expansion phase.
[INFO]:[03:33:47] Worker 6 received order for step 1.
[INFO]:[03:33:47] Worker 6 running exploration phase for iteration 6.
[INFO]:[03:33:47] Worker 6 at iteration 6 will not use a MIP start file. Current best MIP-start upper bound threshold is 1.79769e+308.
[INFO]:[03:33:47] Starting local search phase...
[INFO]:[03:33:47] Creating local search space from parameter space file: /scratch/yorig/mpils-results-grid-ticks-10000-7may/easy/24proc-6pils/seed-2/1_csched008_seed-2_20260510_033103/iterated_local_search/search_space/search_space_file_6_worker_6.txt
[INFO]:[03:33:47] Local search space loaded from file: /scratch/yorig/mpils-results-grid-ticks-10000-7may/easy/24proc-6pils/seed-2/1_csched008_seed-2_20260510_033103/iterated_local_search/search_space/search_space_file_6_worker_6.txt
[INFO]:[03:33:47] Number of parameters in local search space: 71
[INFO]:[03:33:47] Number of forbidden tuples in local search space: 102
[INFO]:[03:33:47] Number of conditionals in local search space: 6
[INFO]:[03:33:47] MIP start option not enabled. Local search will proceed without MIP start.
[INFO]:[03:33:48] Starting CPLEX solver on instance: /home/yorig/tuner/mpils-tests/instances/miplib/easy/csched008.mps with config: /scratch/yorig/mpils-results-grid-ticks-10000-7may/easy/24proc-6pils/seed-2/1_csched008_seed-2_20260510_033103/iterated_local_search/run_6_worker_6/ils_config_17917554428186976781.prm
[INFO]:[03:33:48] Starting CPLEX solver on instance: /home/yorig/tuner/mpils-tests/instances/miplib/easy/csched008.mps with config: /scratch/yorig/mpils-results-grid-ticks-10000-7may/easy/24proc-6pils/seed-2/1_csched008_seed-2_20260510_033103/iterated_local_search/run_6_worker_6/ils_config_17917554428186976781.prm
[WARN]:[03:33:53] CPLEX finished without a primal feasible solution for config /scratch/yorig/mpils-results-grid-ticks-10000-7may/easy/24proc-6pils/seed-2/1_csched008_seed-2_20260510_033103/iterated_local_search/run_6_worker_6/ils_config_17917554428186976781.prm.
[INFO]:[03:33:53] CPLEX results. Gap: unavailable, upper bound: null, lower bound: 171.000000
[INFO]:[03:33:53] CPLEX solver finished. Gap: 179769313486231570814527423731704356798070567525844996598917476803157260780028538760589558632766878171540458953514382464234321326889464182768467546703537516986049910576551282076245490090389328944075868508455133942304583236903222948165808559332123348274797826204144723168738177180919299881250404026184124858368.000000
[INFO]:[03:33:55] New incumbent found with objective value: 3.93
[INFO]:[03:33:55] Starting CPLEX solver on instance: /home/yorig/tuner/mpils-tests/instances/miplib/easy/csched008.mps with config: /scratch/yorig/mpils-results-grid-ticks-10000-7may/easy/24proc-6pils/seed-2/1_csched008_seed-2_20260510_033103/iterated_local_search/run_6_worker_6/ils_config_7460022071596597294.prm
[INFO]:[03:33:55] Starting CPLEX solver on instance: /home/yorig/tuner/mpils-tests/instances/miplib/easy/csched008.mps with config: /scratch/yorig/mpils-results-grid-ticks-10000-7may/easy/24proc-6pils/seed-2/1_csched008_seed-2_20260510_033103/iterated_local_search/run_6_worker_6/ils_config_7460022071596597294.prm
[INFO]:[03:34:01] CPLEX results. Gap: 3.930000, upper bound: 178.000000, lower bound: 171.000000
[INFO]:[03:34:01] CPLEX solver finished. Gap: 3.930000
[INFO]:[03:34:01] Starting CPLEX solver on instance: /home/yorig/tuner/mpils-tests/instances/miplib/easy/csched008.mps with config: /scratch/yorig/mpils-results-grid-ticks-10000-7may/easy/24proc-6pils/seed-2/1_csched008_seed-2_20260510_033103/iterated_local_search/run_6_worker_6/ils_config_14597991603273808001.prm
[INFO]:[03:34:01] Starting CPLEX solver on instance: /home/yorig/tuner/mpils-tests/instances/miplib/easy/csched008.mps with config: /scratch/yorig/mpils-results-grid-ticks-10000-7may/easy/24proc-6pils/seed-2/1_csched008_seed-2_20260510_033103/iterated_local_search/run_6_worker_6/ils_config_14597991603273808001.prm
[INFO]:[03:34:07] CPLEX results. Gap: 3.930000, upper bound: 178.000000, lower bound: 171.000000
[INFO]:[03:34:07] CPLEX solver finished. Gap: 3.930000
[INFO]:[03:34:08] Starting CPLEX solver on instance: /home/yorig/tuner/mpils-tests/instances/miplib/easy/csched008.mps with config: /scratch/yorig/mpils-results-grid-ticks-10000-7may/easy/24proc-6pils/seed-2/1_csched008_seed-2_20260510_033103/iterated_local_search/run_6_worker_6/ils_config_1056758952035840189.prm
[INFO]:[03:34:08] Starting CPLEX solver on instance: /home/yorig/tuner/mpils-tests/instances/miplib/easy/csched008.mps with config: /scratch/yorig/mpils-results-grid-ticks-10000-7may/easy/24proc-6pils/seed-2/1_csched008_seed-2_20260510_033103/iterated_local_search/run_6_worker_6/ils_config_1056758952035840189.prm
[INFO]:[03:34:14] CPLEX results. Gap: 3.930000, upper bound: 178.000000, lower bound: 171.000000
[INFO]:[03:34:14] CPLEX solver finished. Gap: 3.930000
[INFO]:[03:34:15] Starting CPLEX solver on instance: /home/yorig/tuner/mpils-tests/instances/miplib/easy/csched008.mps with config: /scratch/yorig/mpils-results-grid-ticks-10000-7may/easy/24proc-6pils/seed-2/1_csched008_seed-2_20260510_033103/iterated_local_search/run_6_worker_6/ils_config_9663934534052027846.prm
[INFO]:[03:34:15] Starting CPLEX solver on instance: /home/yorig/tuner/mpils-tests/instances/miplib/easy/csched008.mps with config: /scratch/yorig/mpils-results-grid-ticks-10000-7may/easy/24proc-6pils/seed-2/1_csched008_seed-2_20260510_033103/iterated_local_search/run_6_worker_6/ils_config_9663934534052027846.prm
[INFO]:[03:34:21] CPLEX results. Gap: 3.930000, upper bound: 178.000000, lower bound: 171.000000
[INFO]:[03:34:21] CPLEX solver finished. Gap: 3.930000
[INFO]:[03:34:21] Local search phase completed.
[INFO]:[03:34:21] Total number of new local-search evaluations: 30
[INFO]:[03:34:21] Final incumbent objective value: 3.93
[INFO]:[03:34:25] Worker 6 completed exploration phase.
[INFO]:[03:34:25] Worker 6 received order for step 3.
[INFO]:[03:34:25] Worker 6 finished.
