[INFO]:[07:45:23] Worker 5 starting.
[INFO]:[07:45:23] Worker 5 received order for step 1.
[INFO]:[07:45:23] Worker 5 running exploration phase for iteration 1.
[INFO]:[07:45:23] Worker 5 at iteration 1 will not use a MIP start file. Current best MIP-start upper bound threshold is 1.79769e+308.
[INFO]:[07:45:23] Starting local search phase...
[INFO]:[07:45:23] Worker (ils_group_rank=5) entering parallel ILS evaluation service.
[INFO]:[07:45:23] Starting CPLEX solver on instance: /home/yorig/tuner/mpils-tests/instances/miplib/medium-1/momentum1.mps with config: /scratch/yorig/mpils-results-grid-ticks-10000-7may/medium-1/16proc-16pils/seed-2/6_momentum1_seed-2_20260510_074522/iterated_local_search/run_1_worker_0/parallel_0_5.prm
[INFO]:[07:45:30] CPLEX results. Gap: 21.150000, upper bound: 122081.583085, lower bound: 96262.386945
[INFO]:[07:45:30] CPLEX solver finished. Gap: 21.150000
[INFO]:[07:45:30] Starting CPLEX solver on instance: /home/yorig/tuner/mpils-tests/instances/miplib/medium-1/momentum1.mps with config: /scratch/yorig/mpils-results-grid-ticks-10000-7may/medium-1/16proc-16pils/seed-2/6_momentum1_seed-2_20260510_074522/iterated_local_search/run_1_worker_0/parallel_16_5.prm
[INFO]:[07:45:37] CPLEX results. Gap: 16.710000, upper bound: 115583.237219, lower bound: 96265.949969
[INFO]:[07:45:37] CPLEX solver finished. Gap: 16.710000
[INFO]:[07:45:37] Worker (ils_group_rank=5) exiting parallel ILS evaluation service.
[INFO]:[07:45:37] Worker 5 completed exploration phase.
[INFO]:[07:45:37] Worker 5 received order for step 2.
[INFO]:[07:45:37] Worker 5 running expansion phase for iteration 1.
[INFO]:[07:45:37] Worker 5 will use solver log file: /scratch/yorig/mpils-results-grid-ticks-10000-7may/medium-1/16proc-16pils/seed-2/6_momentum1_seed-2_20260510_074522/solver/cplex.log_iteration_expansion_1_worker_5
[INFO]:[07:45:37] Expansion Worker 5 starting expansion for iteration 1.
[INFO]:[07:45:37] Starting CPLEX solver on instance: /home/yorig/tuner/mpils-tests/instances/miplib/medium-1/momentum1.mps with config: /scratch/yorig/mpils-results-grid-ticks-10000-7may/medium-1/16proc-16pils/seed-2/6_momentum1_seed-2_20260510_074522/expansion/config_param_CPXPARAM_MIP_Cuts_Covers_1_iter_1.prm
[INFO]:[07:45:44] CPLEX results. Gap: 16.710000, upper bound: 115583.237219, lower bound: 96265.949969
[INFO]:[07:45:44] CPLEX solver finished. Gap: 16.710000
[INFO]:[07:45:44] Starting CPLEX solver on instance: /home/yorig/tuner/mpils-tests/instances/miplib/medium-1/momentum1.mps with config: /scratch/yorig/mpils-results-grid-ticks-10000-7may/medium-1/16proc-16pils/seed-2/6_momentum1_seed-2_20260510_074522/expansion/config_param_CPXPARAM_MIP_Limits_ProbeTime_2_iter_1.prm
[INFO]:[07:45:51] CPLEX results. Gap: 50.000000, upper bound: 192550.249142, lower bound: 96279.883981
[INFO]:[07:45:51] CPLEX solver finished. Gap: 50.000000
[INFO]:[07:45:51] Starting CPLEX solver on instance: /home/yorig/tuner/mpils-tests/instances/miplib/medium-1/momentum1.mps with config: /scratch/yorig/mpils-results-grid-ticks-10000-7may/medium-1/16proc-16pils/seed-2/6_momentum1_seed-2_20260510_074522/expansion/config_param_CPXPARAM_MIP_Strategy_RINSHeur_500_iter_1.prm
[INFO]:[07:45:57] CPLEX results. Gap: 16.710000, upper bound: 115583.297348, lower bound: 96265.949969
[INFO]:[07:45:57] CPLEX solver finished. Gap: 16.710000
[INFO]:[07:45:57] Starting CPLEX solver on instance: /home/yorig/tuner/mpils-tests/instances/miplib/medium-1/momentum1.mps with config: /scratch/yorig/mpils-results-grid-ticks-10000-7may/medium-1/16proc-16pils/seed-2/6_momentum1_seed-2_20260510_074522/expansion/config_param_CPXPARAM_MIP_Limits_CutsFactor_16_iter_1.prm
[INFO]:[07:46:04] CPLEX results. Gap: 16.710000, upper bound: 115583.237219, lower bound: 96265.949969
[INFO]:[07:46:04] CPLEX solver finished. Gap: 16.710000
[INFO]:[07:46:04] Expansion Worker 5 completed expansion.
[INFO]:[07:46:04] Worker 5 completed expansion phase.
[INFO]:[07:46:04] Worker 5 received order for step 1.
[INFO]:[07:46:04] Worker 5 running exploration phase for iteration 2.
[INFO]:[07:46:04] Worker 5 at iteration 2 will not use a MIP start file. Current best MIP-start upper bound threshold is 1.79769e+308.
[INFO]:[07:46:04] Starting local search phase...
[INFO]:[07:46:04] Worker (ils_group_rank=5) entering parallel ILS evaluation service.
[INFO]:[07:46:04] Starting CPLEX solver on instance: /home/yorig/tuner/mpils-tests/instances/miplib/medium-1/momentum1.mps with config: /scratch/yorig/mpils-results-grid-ticks-10000-7may/medium-1/16proc-16pils/seed-2/6_momentum1_seed-2_20260510_074522/iterated_local_search/run_2_worker_0/parallel_0_5.prm
[INFO]:[07:46:10] CPLEX results. Gap: 53.130000, upper bound: 205434.605870, lower bound: 96278.177373
[INFO]:[07:46:10] CPLEX solver finished. Gap: 53.130000
[INFO]:[07:46:11] Worker (ils_group_rank=5) exiting parallel ILS evaluation service.
[INFO]:[07:46:11] Worker 5 completed exploration phase.
[INFO]:[07:46:11] Worker 5 received order for step 2.
[INFO]:[07:46:11] Worker 5 running expansion phase for iteration 2.
[INFO]:[07:46:11] Worker 5 will use solver log file: /scratch/yorig/mpils-results-grid-ticks-10000-7may/medium-1/16proc-16pils/seed-2/6_momentum1_seed-2_20260510_074522/solver/cplex.log_iteration_expansion_2_worker_5
[INFO]:[07:46:11] Expansion Worker 5 starting expansion for iteration 2.
[INFO]:[07:46:11] Starting CPLEX solver on instance: /home/yorig/tuner/mpils-tests/instances/miplib/medium-1/momentum1.mps with config: /scratch/yorig/mpils-results-grid-ticks-10000-7may/medium-1/16proc-16pils/seed-2/6_momentum1_seed-2_20260510_074522/expansion/config_param_CPXPARAM_Preprocessing_Presolve_0_iter_2.prm
[INFO]:[07:46:21] CPLEX results. Gap: 80.110000, upper bound: 365999.377597, lower bound: 72793.345255
[INFO]:[07:46:21] CPLEX solver finished. Gap: 80.110000
[INFO]:[07:46:21] Starting CPLEX solver on instance: /home/yorig/tuner/mpils-tests/instances/miplib/medium-1/momentum1.mps with config: /scratch/yorig/mpils-results-grid-ticks-10000-7may/medium-1/16proc-16pils/seed-2/6_momentum1_seed-2_20260510_074522/expansion/config_param_CPXPARAM_MIP_Strategy_StartAlgorithm_1_iter_2.prm
[INFO]:[07:46:27] CPLEX results. Gap: 68.100000, upper bound: 301728.767811, lower bound: 96264.265016
[INFO]:[07:46:27] CPLEX solver finished. Gap: 68.100000
[INFO]:[07:46:35] Expansion Worker 5 completed expansion.
[INFO]:[07:46:35] Worker 5 completed expansion phase.
[INFO]:[07:46:35] Worker 5 received order for step 1.
[INFO]:[07:46:35] Worker 5 running exploration phase for iteration 3.
[INFO]:[07:46:35] Worker 5 at iteration 3 will not use a MIP start file. Current best MIP-start upper bound threshold is 1.79769e+308.
[INFO]:[07:46:35] Starting local search phase...
[INFO]:[07:46:35] Worker (ils_group_rank=5) entering parallel ILS evaluation service.
[INFO]:[07:46:35] Starting CPLEX solver on instance: /home/yorig/tuner/mpils-tests/instances/miplib/medium-1/momentum1.mps with config: /scratch/yorig/mpils-results-grid-ticks-10000-7may/medium-1/16proc-16pils/seed-2/6_momentum1_seed-2_20260510_074522/iterated_local_search/run_3_worker_0/parallel_0_5.prm
[INFO]:[07:46:42] CPLEX results. Gap: 50.000000, upper bound: 192550.249142, lower bound: 96279.883981
[INFO]:[07:46:42] CPLEX solver finished. Gap: 50.000000
[INFO]:[07:46:42] Worker (ils_group_rank=5) exiting parallel ILS evaluation service.
[INFO]:[07:46:42] Worker 5 completed exploration phase.
[INFO]:[07:46:42] Worker 5 received order for step 2.
[INFO]:[07:46:42] Worker 5 running expansion phase for iteration 3.
[INFO]:[07:46:42] Worker 5 will use solver log file: /scratch/yorig/mpils-results-grid-ticks-10000-7may/medium-1/16proc-16pils/seed-2/6_momentum1_seed-2_20260510_074522/solver/cplex.log_iteration_expansion_3_worker_5
[INFO]:[07:46:42] Expansion Worker 5 starting expansion for iteration 3.
[INFO]:[07:46:42] Starting CPLEX solver on instance: /home/yorig/tuner/mpils-tests/instances/miplib/medium-1/momentum1.mps with config: /scratch/yorig/mpils-results-grid-ticks-10000-7may/medium-1/16proc-16pils/seed-2/6_momentum1_seed-2_20260510_074522/expansion/config_param_CPXPARAM_Advance_0_iter_3.prm
[INFO]:[07:46:49] CPLEX results. Gap: 16.710000, upper bound: 115583.237219, lower bound: 96265.949969
[INFO]:[07:46:49] CPLEX solver finished. Gap: 16.710000
[INFO]:[07:46:49] Starting CPLEX solver on instance: /home/yorig/tuner/mpils-tests/instances/miplib/medium-1/momentum1.mps with config: /scratch/yorig/mpils-results-grid-ticks-10000-7may/medium-1/16proc-16pils/seed-2/6_momentum1_seed-2_20260510_074522/expansion/config_param_CPXPARAM_Barrier_StartAlg_2_iter_3.prm
[INFO]:[07:46:56] CPLEX results. Gap: 16.710000, upper bound: 115583.237219, lower bound: 96265.949969
[INFO]:[07:46:56] CPLEX solver finished. Gap: 16.710000
[INFO]:[07:46:56] Expansion Worker 5 completed expansion.
[INFO]:[07:46:56] Worker 5 completed expansion phase.
[INFO]:[07:46:56] Worker 5 received order for step 1.
[INFO]:[07:46:56] Worker 5 running exploration phase for iteration 4.
[INFO]:[07:46:56] Worker 5 at iteration 4 will not use a MIP start file. Current best MIP-start upper bound threshold is 1.79769e+308.
[INFO]:[07:46:56] Starting local search phase...
[INFO]:[07:46:56] Worker (ils_group_rank=5) entering parallel ILS evaluation service.
[INFO]:[07:46:56] Starting CPLEX solver on instance: /home/yorig/tuner/mpils-tests/instances/miplib/medium-1/momentum1.mps with config: /scratch/yorig/mpils-results-grid-ticks-10000-7may/medium-1/16proc-16pils/seed-2/6_momentum1_seed-2_20260510_074522/iterated_local_search/run_4_worker_0/parallel_0_5.prm
[INFO]:[07:47:02] CPLEX results. Gap: 50.000000, upper bound: 192550.249142, lower bound: 96279.883981
[INFO]:[07:47:02] CPLEX solver finished. Gap: 50.000000
[INFO]:[07:47:02] Worker (ils_group_rank=5) exiting parallel ILS evaluation service.
[INFO]:[07:47:02] Worker 5 completed exploration phase.
[INFO]:[07:47:02] Worker 5 received order for step 2.
[INFO]:[07:47:02] Worker 5 running expansion phase for iteration 4.
[INFO]:[07:47:02] Worker 5 will use solver log file: /scratch/yorig/mpils-results-grid-ticks-10000-7may/medium-1/16proc-16pils/seed-2/6_momentum1_seed-2_20260510_074522/solver/cplex.log_iteration_expansion_4_worker_5
[INFO]:[07:47:02] Expansion Worker 5 starting expansion for iteration 4.
[INFO]:[07:47:02] Starting CPLEX solver on instance: /home/yorig/tuner/mpils-tests/instances/miplib/medium-1/momentum1.mps with config: /scratch/yorig/mpils-results-grid-ticks-10000-7may/medium-1/16proc-16pils/seed-2/6_momentum1_seed-2_20260510_074522/expansion/config_param_CPXPARAM_Feasopt_Mode_2_iter_4.prm
[INFO]:[07:47:09] CPLEX results. Gap: 16.710000, upper bound: 115583.237219, lower bound: 96265.949969
[INFO]:[07:47:09] CPLEX solver finished. Gap: 16.710000
[INFO]:[07:47:10] Starting CPLEX solver on instance: /home/yorig/tuner/mpils-tests/instances/miplib/medium-1/momentum1.mps with config: /scratch/yorig/mpils-results-grid-ticks-10000-7may/medium-1/16proc-16pils/seed-2/6_momentum1_seed-2_20260510_074522/expansion/config_param_CPXPARAM_Emphasis_Numerical_1_iter_4.prm
[INFO]:[07:47:16] CPLEX results. Gap: 60.530000, upper bound: 243937.071351, lower bound: 96284.299012
[INFO]:[07:47:16] CPLEX solver finished. Gap: 60.530000
[INFO]:[07:47:19] Expansion Worker 5 completed expansion.
[INFO]:[07:47:19] Worker 5 completed expansion phase.
[INFO]:[07:47:19] Worker 5 received order for step 1.
[INFO]:[07:47:19] Worker 5 running exploration phase for iteration 5.
[INFO]:[07:47:19] Worker 5 at iteration 5 will not use a MIP start file. Current best MIP-start upper bound threshold is 1.79769e+308.
[INFO]:[07:47:19] Starting local search phase...
[INFO]:[07:47:19] Worker (ils_group_rank=5) entering parallel ILS evaluation service.
[INFO]:[07:47:19] Starting CPLEX solver on instance: /home/yorig/tuner/mpils-tests/instances/miplib/medium-1/momentum1.mps with config: /scratch/yorig/mpils-results-grid-ticks-10000-7may/medium-1/16proc-16pils/seed-2/6_momentum1_seed-2_20260510_074522/iterated_local_search/run_5_worker_0/parallel_0_5.prm
[INFO]:[07:47:25] CPLEX results. Gap: 50.000000, upper bound: 192541.449697, lower bound: 96264.116335
[INFO]:[07:47:25] CPLEX solver finished. Gap: 50.000000
[INFO]:[07:47:25] Starting CPLEX solver on instance: /home/yorig/tuner/mpils-tests/instances/miplib/medium-1/momentum1.mps with config: /scratch/yorig/mpils-results-grid-ticks-10000-7may/medium-1/16proc-16pils/seed-2/6_momentum1_seed-2_20260510_074522/iterated_local_search/run_5_worker_0/parallel_16_5.prm
[INFO]:[07:47:34] CPLEX results. Gap: 70.000000, upper bound: 320979.411317, lower bound: 96289.073982
[INFO]:[07:47:34] CPLEX solver finished. Gap: 70.000000
[INFO]:[07:47:34] Worker (ils_group_rank=5) exiting parallel ILS evaluation service.
[INFO]:[07:47:34] Worker 5 completed exploration phase.
[INFO]:[07:47:34] Worker 5 received order for step 2.
[INFO]:[07:47:34] Worker 5 running expansion phase for iteration 5.
[INFO]:[07:47:34] Worker 5 will use solver log file: /scratch/yorig/mpils-results-grid-ticks-10000-7may/medium-1/16proc-16pils/seed-2/6_momentum1_seed-2_20260510_074522/solver/cplex.log_iteration_expansion_5_worker_5
[INFO]:[07:47:34] Expansion Worker 5 starting expansion for iteration 5.
[INFO]:[07:47:34] Starting CPLEX solver on instance: /home/yorig/tuner/mpils-tests/instances/miplib/medium-1/momentum1.mps with config: /scratch/yorig/mpils-results-grid-ticks-10000-7may/medium-1/16proc-16pils/seed-2/6_momentum1_seed-2_20260510_074522/expansion/config_param_CPXPARAM_LPMethod_2_iter_5.prm
[INFO]:[07:47:40] CPLEX results. Gap: 16.710000, upper bound: 115583.237219, lower bound: 96265.949969
[INFO]:[07:47:40] CPLEX solver finished. Gap: 16.710000
[INFO]:[07:47:41] Starting CPLEX solver on instance: /home/yorig/tuner/mpils-tests/instances/miplib/medium-1/momentum1.mps with config: /scratch/yorig/mpils-results-grid-ticks-10000-7may/medium-1/16proc-16pils/seed-2/6_momentum1_seed-2_20260510_074522/expansion/config_param_CPXPARAM_Barrier_Algorithm_1_iter_5.prm
[INFO]:[07:47:48] CPLEX results. Gap: 16.710000, upper bound: 115583.237219, lower bound: 96265.949969
[INFO]:[07:47:48] CPLEX solver finished. Gap: 16.710000
[INFO]:[07:47:48] Expansion Worker 5 completed expansion.
[INFO]:[07:47:48] Worker 5 completed expansion phase.
[INFO]:[07:47:48] Worker 5 received order for step 1.
[INFO]:[07:47:48] Worker 5 running exploration phase for iteration 6.
[INFO]:[07:47:48] Worker 5 at iteration 6 will not use a MIP start file. Current best MIP-start upper bound threshold is 1.79769e+308.
[INFO]:[07:47:48] Starting local search phase...
[INFO]:[07:47:48] Worker (ils_group_rank=5) entering parallel ILS evaluation service.
[INFO]:[07:47:48] Starting CPLEX solver on instance: /home/yorig/tuner/mpils-tests/instances/miplib/medium-1/momentum1.mps with config: /scratch/yorig/mpils-results-grid-ticks-10000-7may/medium-1/16proc-16pils/seed-2/6_momentum1_seed-2_20260510_074522/iterated_local_search/run_6_worker_0/parallel_0_5.prm
[INFO]:[07:47:55] CPLEX results. Gap: 16.710000, upper bound: 115583.237219, lower bound: 96265.949969
[INFO]:[07:47:55] CPLEX solver finished. Gap: 16.710000
[INFO]:[07:47:56] Starting CPLEX solver on instance: /home/yorig/tuner/mpils-tests/instances/miplib/medium-1/momentum1.mps with config: /scratch/yorig/mpils-results-grid-ticks-10000-7may/medium-1/16proc-16pils/seed-2/6_momentum1_seed-2_20260510_074522/iterated_local_search/run_6_worker_0/parallel_16_5.prm
[INFO]:[07:48:03] CPLEX results. Gap: 40.010000, upper bound: 160469.309363, lower bound: 96262.819669
[INFO]:[07:48:03] CPLEX solver finished. Gap: 40.010000
[INFO]:[07:48:05] Worker (ils_group_rank=5) exiting parallel ILS evaluation service.
[INFO]:[07:48:05] Worker 5 completed exploration phase.
[INFO]:[07:48:05] Worker 5 received order for step 3.
[INFO]:[07:48:05] Worker 5 finished.
