[INFO]:[19:09:32] Worker 5 starting.
[INFO]:[19:09:32] Worker 5 received order for step 1.
[INFO]:[19:09:32] Worker 5 running exploration phase for iteration 1.
[INFO]:[19:09:32] Worker 5 at iteration 1 will not use a MIP start file. Current best MIP-start upper bound threshold is 1.79769e+308.
[INFO]:[19:09:32] Starting local search phase...
[INFO]:[19:09:32] Worker (ils_group_rank=5) entering parallel ILS evaluation service.
[INFO]:[19:09:32] Starting CPLEX solver on instance: /home/yorig/tuner/mpils-tests/instances/miplib/medium-1/neos-3555904-turama.mps with config: /scratch/yorig/mpils-results-grid-ticks-10000-7may/medium-1/16proc-16pils/seed-7/10_neos-3555904-turama_seed-7_20260510_190931/iterated_local_search/run_1_worker_0/parallel_0_5.prm
[INFO]:[19:09:40] CPLEX results. Gap: 23.340000, upper bound: -33.200000, lower bound: -40.950000
[INFO]:[19:09:40] CPLEX solver finished. Gap: 23.340000
[INFO]:[19:09:40] Starting CPLEX solver on instance: /home/yorig/tuner/mpils-tests/instances/miplib/medium-1/neos-3555904-turama.mps with config: /scratch/yorig/mpils-results-grid-ticks-10000-7may/medium-1/16proc-16pils/seed-7/10_neos-3555904-turama_seed-7_20260510_190931/iterated_local_search/run_1_worker_0/parallel_16_5.prm
[INFO]:[19:09:48] CPLEX results. Gap: 18.010000, upper bound: -34.700000, lower bound: -40.950000
[INFO]:[19:09:48] CPLEX solver finished. Gap: 18.010000
[INFO]:[19:09:48] Worker (ils_group_rank=5) exiting parallel ILS evaluation service.
[INFO]:[19:09:48] Worker 5 completed exploration phase.
[INFO]:[19:09:48] Worker 5 received order for step 2.
[INFO]:[19:09:48] Worker 5 running expansion phase for iteration 1.
[INFO]:[19:09:48] Worker 5 will use solver log file: /scratch/yorig/mpils-results-grid-ticks-10000-7may/medium-1/16proc-16pils/seed-7/10_neos-3555904-turama_seed-7_20260510_190931/solver/cplex.log_iteration_expansion_1_worker_5
[INFO]:[19:09:48] Expansion Worker 5 starting expansion for iteration 1.
[INFO]:[19:09:48] Starting CPLEX solver on instance: /home/yorig/tuner/mpils-tests/instances/miplib/medium-1/neos-3555904-turama.mps with config: /scratch/yorig/mpils-results-grid-ticks-10000-7may/medium-1/16proc-16pils/seed-7/10_neos-3555904-turama_seed-7_20260510_190931/expansion/config_param_CPXPARAM_MIP_Cuts_Covers_1_iter_1.prm
[INFO]:[19:09:55] CPLEX results. Gap: 18.010000, upper bound: -34.700000, lower bound: -40.950000
[INFO]:[19:09:55] CPLEX solver finished. Gap: 18.010000
[INFO]:[19:09:57] Starting CPLEX solver on instance: /home/yorig/tuner/mpils-tests/instances/miplib/medium-1/neos-3555904-turama.mps with config: /scratch/yorig/mpils-results-grid-ticks-10000-7may/medium-1/16proc-16pils/seed-7/10_neos-3555904-turama_seed-7_20260510_190931/expansion/config_param_CPXPARAM_MIP_Limits_ProbeTime_2_iter_1.prm
[INFO]:[19:10:05] CPLEX results. Gap: 18.010000, upper bound: -34.700000, lower bound: -40.950000
[INFO]:[19:10:05] CPLEX solver finished. Gap: 18.010000
[INFO]:[19:10:06] Starting CPLEX solver on instance: /home/yorig/tuner/mpils-tests/instances/miplib/medium-1/neos-3555904-turama.mps with config: /scratch/yorig/mpils-results-grid-ticks-10000-7may/medium-1/16proc-16pils/seed-7/10_neos-3555904-turama_seed-7_20260510_190931/expansion/config_param_CPXPARAM_MIP_Strategy_RINSHeur_500_iter_1.prm
[INFO]:[19:10:14] CPLEX results. Gap: 18.010000, upper bound: -34.700000, lower bound: -40.950000
[INFO]:[19:10:14] CPLEX solver finished. Gap: 18.010000
[INFO]:[19:10:14] Starting CPLEX solver on instance: /home/yorig/tuner/mpils-tests/instances/miplib/medium-1/neos-3555904-turama.mps with config: /scratch/yorig/mpils-results-grid-ticks-10000-7may/medium-1/16proc-16pils/seed-7/10_neos-3555904-turama_seed-7_20260510_190931/expansion/config_param_CPXPARAM_MIP_Limits_CutsFactor_16_iter_1.prm
[INFO]:[19:10:21] CPLEX results. Gap: 18.010000, upper bound: -34.700000, lower bound: -40.950000
[INFO]:[19:10:21] CPLEX solver finished. Gap: 18.010000
[INFO]:[19:10:21] Expansion Worker 5 completed expansion.
[INFO]:[19:10:21] Worker 5 completed expansion phase.
[INFO]:[19:10:21] Worker 5 received order for step 1.
[INFO]:[19:10:21] Worker 5 running exploration phase for iteration 2.
[INFO]:[19:10:21] Worker 5 at iteration 2 will not use a MIP start file. Current best MIP-start upper bound threshold is 1.79769e+308.
[INFO]:[19:10:21] Starting local search phase...
[INFO]:[19:10:21] Worker (ils_group_rank=5) entering parallel ILS evaluation service.
[INFO]:[19:10:21] Starting CPLEX solver on instance: /home/yorig/tuner/mpils-tests/instances/miplib/medium-1/neos-3555904-turama.mps with config: /scratch/yorig/mpils-results-grid-ticks-10000-7may/medium-1/16proc-16pils/seed-7/10_neos-3555904-turama_seed-7_20260510_190931/iterated_local_search/run_2_worker_0/parallel_0_5.prm
[INFO]:[19:10:29] CPLEX results. Gap: 18.010000, upper bound: -34.700000, lower bound: -40.950000
[INFO]:[19:10:29] CPLEX solver finished. Gap: 18.010000
[INFO]:[19:10:31] Worker (ils_group_rank=5) exiting parallel ILS evaluation service.
[INFO]:[19:10:31] Worker 5 completed exploration phase.
[INFO]:[19:10:31] Worker 5 received order for step 2.
[INFO]:[19:10:31] Worker 5 running expansion phase for iteration 2.
[INFO]:[19:10:31] Worker 5 will use solver log file: /scratch/yorig/mpils-results-grid-ticks-10000-7may/medium-1/16proc-16pils/seed-7/10_neos-3555904-turama_seed-7_20260510_190931/solver/cplex.log_iteration_expansion_2_worker_5
[INFO]:[19:10:31] Expansion Worker 5 starting expansion for iteration 2.
[INFO]:[19:10:31] Starting CPLEX solver on instance: /home/yorig/tuner/mpils-tests/instances/miplib/medium-1/neos-3555904-turama.mps with config: /scratch/yorig/mpils-results-grid-ticks-10000-7may/medium-1/16proc-16pils/seed-7/10_neos-3555904-turama_seed-7_20260510_190931/expansion/config_param_CPXPARAM_Preprocessing_Presolve_0_iter_2.prm
[WARN]:[19:10:37] CPLEX finished without a primal feasible solution for config /scratch/yorig/mpils-results-grid-ticks-10000-7may/medium-1/16proc-16pils/seed-7/10_neos-3555904-turama_seed-7_20260510_190931/expansion/config_param_CPXPARAM_Preprocessing_Presolve_0_iter_2.prm.
[INFO]:[19:10:37] CPLEX results. Gap: unavailable, upper bound: null, lower bound: -42186.000000
[INFO]:[19:10:37] CPLEX solver finished. Gap: 179769313486231570814527423731704356798070567525844996598917476803157260780028538760589558632766878171540458953514382464234321326889464182768467546703537516986049910576551282076245490090389328944075868508455133942304583236903222948165808559332123348274797826204144723168738177180919299881250404026184124858368.000000
[INFO]:[19:10:39] Starting CPLEX solver on instance: /home/yorig/tuner/mpils-tests/instances/miplib/medium-1/neos-3555904-turama.mps with config: /scratch/yorig/mpils-results-grid-ticks-10000-7may/medium-1/16proc-16pils/seed-7/10_neos-3555904-turama_seed-7_20260510_190931/expansion/config_param_CPXPARAM_MIP_Strategy_StartAlgorithm_1_iter_2.prm
[INFO]:[19:10:46] CPLEX results. Gap: 18.010000, upper bound: -34.700000, lower bound: -40.950000
[INFO]:[19:10:46] CPLEX solver finished. Gap: 18.010000
[INFO]:[19:11:23] Expansion Worker 5 completed expansion.
[INFO]:[19:11:23] Worker 5 completed expansion phase.
[INFO]:[19:11:23] Worker 5 received order for step 1.
[INFO]:[19:11:23] Worker 5 running exploration phase for iteration 3.
[INFO]:[19:11:23] Worker 5 at iteration 3 will not use a MIP start file. Current best MIP-start upper bound threshold is 1.79769e+308.
[INFO]:[19:11:23] Starting local search phase...
[INFO]:[19:11:23] Worker (ils_group_rank=5) entering parallel ILS evaluation service.
[INFO]:[19:11:23] Starting CPLEX solver on instance: /home/yorig/tuner/mpils-tests/instances/miplib/medium-1/neos-3555904-turama.mps with config: /scratch/yorig/mpils-results-grid-ticks-10000-7may/medium-1/16proc-16pils/seed-7/10_neos-3555904-turama_seed-7_20260510_190931/iterated_local_search/run_3_worker_0/parallel_0_5.prm
[INFO]:[19:11:31] CPLEX results. Gap: 18.010000, upper bound: -34.700000, lower bound: -40.950000
[INFO]:[19:11:31] CPLEX solver finished. Gap: 18.010000
[INFO]:[19:11:31] Worker (ils_group_rank=5) exiting parallel ILS evaluation service.
[INFO]:[19:11:31] Worker 5 completed exploration phase.
[INFO]:[19:11:31] Worker 5 received order for step 2.
[INFO]:[19:11:31] Worker 5 running expansion phase for iteration 3.
[INFO]:[19:11:31] Worker 5 will use solver log file: /scratch/yorig/mpils-results-grid-ticks-10000-7may/medium-1/16proc-16pils/seed-7/10_neos-3555904-turama_seed-7_20260510_190931/solver/cplex.log_iteration_expansion_3_worker_5
[INFO]:[19:11:31] Expansion Worker 5 starting expansion for iteration 3.
[INFO]:[19:11:31] Starting CPLEX solver on instance: /home/yorig/tuner/mpils-tests/instances/miplib/medium-1/neos-3555904-turama.mps with config: /scratch/yorig/mpils-results-grid-ticks-10000-7may/medium-1/16proc-16pils/seed-7/10_neos-3555904-turama_seed-7_20260510_190931/expansion/config_param_CPXPARAM_Advance_0_iter_3.prm
[INFO]:[19:11:39] CPLEX results. Gap: 18.010000, upper bound: -34.700000, lower bound: -40.950000
[INFO]:[19:11:39] CPLEX solver finished. Gap: 18.010000
[INFO]:[19:11:39] Starting CPLEX solver on instance: /home/yorig/tuner/mpils-tests/instances/miplib/medium-1/neos-3555904-turama.mps with config: /scratch/yorig/mpils-results-grid-ticks-10000-7may/medium-1/16proc-16pils/seed-7/10_neos-3555904-turama_seed-7_20260510_190931/expansion/config_param_CPXPARAM_Barrier_StartAlg_2_iter_3.prm
[INFO]:[19:11:47] CPLEX results. Gap: 18.010000, upper bound: -34.700000, lower bound: -40.950000
[INFO]:[19:11:47] CPLEX solver finished. Gap: 18.010000
[INFO]:[19:11:48] Expansion Worker 5 completed expansion.
[INFO]:[19:11:48] Worker 5 completed expansion phase.
[INFO]:[19:11:48] Worker 5 received order for step 1.
[INFO]:[19:11:48] Worker 5 running exploration phase for iteration 4.
[INFO]:[19:11:48] Worker 5 at iteration 4 will not use a MIP start file. Current best MIP-start upper bound threshold is 1.79769e+308.
[INFO]:[19:11:48] Starting local search phase...
[INFO]:[19:11:48] Worker (ils_group_rank=5) entering parallel ILS evaluation service.
[INFO]:[19:11:48] Starting CPLEX solver on instance: /home/yorig/tuner/mpils-tests/instances/miplib/medium-1/neos-3555904-turama.mps with config: /scratch/yorig/mpils-results-grid-ticks-10000-7may/medium-1/16proc-16pils/seed-7/10_neos-3555904-turama_seed-7_20260510_190931/iterated_local_search/run_4_worker_0/parallel_0_5.prm
[INFO]:[19:11:56] CPLEX results. Gap: 18.010000, upper bound: -34.700000, lower bound: -40.950000
[INFO]:[19:11:56] CPLEX solver finished. Gap: 18.010000
[INFO]:[19:11:57] Worker (ils_group_rank=5) exiting parallel ILS evaluation service.
[INFO]:[19:11:57] Worker 5 completed exploration phase.
[INFO]:[19:11:57] Worker 5 received order for step 2.
[INFO]:[19:11:57] Worker 5 running expansion phase for iteration 4.
[INFO]:[19:11:57] Worker 5 will use solver log file: /scratch/yorig/mpils-results-grid-ticks-10000-7may/medium-1/16proc-16pils/seed-7/10_neos-3555904-turama_seed-7_20260510_190931/solver/cplex.log_iteration_expansion_4_worker_5
[INFO]:[19:11:57] Expansion Worker 5 starting expansion for iteration 4.
[INFO]:[19:11:57] Starting CPLEX solver on instance: /home/yorig/tuner/mpils-tests/instances/miplib/medium-1/neos-3555904-turama.mps with config: /scratch/yorig/mpils-results-grid-ticks-10000-7may/medium-1/16proc-16pils/seed-7/10_neos-3555904-turama_seed-7_20260510_190931/expansion/config_param_CPXPARAM_Feasopt_Mode_2_iter_4.prm
[INFO]:[19:12:05] CPLEX results. Gap: 18.010000, upper bound: -34.700000, lower bound: -40.950000
[INFO]:[19:12:05] CPLEX solver finished. Gap: 18.010000
[INFO]:[19:12:06] Starting CPLEX solver on instance: /home/yorig/tuner/mpils-tests/instances/miplib/medium-1/neos-3555904-turama.mps with config: /scratch/yorig/mpils-results-grid-ticks-10000-7may/medium-1/16proc-16pils/seed-7/10_neos-3555904-turama_seed-7_20260510_190931/expansion/config_param_CPXPARAM_Emphasis_Numerical_1_iter_4.prm
[INFO]:[19:12:14] CPLEX results. Gap: 18.010000, upper bound: -34.700000, lower bound: -40.950000
[INFO]:[19:12:14] CPLEX solver finished. Gap: 18.010000
[INFO]:[19:12:14] Expansion Worker 5 completed expansion.
[INFO]:[19:12:14] Worker 5 completed expansion phase.
[INFO]:[19:12:14] Worker 5 received order for step 1.
[INFO]:[19:12:14] Worker 5 running exploration phase for iteration 5.
[INFO]:[19:12:14] Worker 5 at iteration 5 will not use a MIP start file. Current best MIP-start upper bound threshold is 1.79769e+308.
[INFO]:[19:12:14] Starting local search phase...
[INFO]:[19:12:14] Worker (ils_group_rank=5) entering parallel ILS evaluation service.
[INFO]:[19:12:14] Starting CPLEX solver on instance: /home/yorig/tuner/mpils-tests/instances/miplib/medium-1/neos-3555904-turama.mps with config: /scratch/yorig/mpils-results-grid-ticks-10000-7may/medium-1/16proc-16pils/seed-7/10_neos-3555904-turama_seed-7_20260510_190931/iterated_local_search/run_5_worker_0/parallel_0_5.prm
[INFO]:[19:12:22] CPLEX results. Gap: 18.010000, upper bound: -34.700000, lower bound: -40.950000
[INFO]:[19:12:22] CPLEX solver finished. Gap: 18.010000
[INFO]:[19:12:23] Starting CPLEX solver on instance: /home/yorig/tuner/mpils-tests/instances/miplib/medium-1/neos-3555904-turama.mps with config: /scratch/yorig/mpils-results-grid-ticks-10000-7may/medium-1/16proc-16pils/seed-7/10_neos-3555904-turama_seed-7_20260510_190931/iterated_local_search/run_5_worker_0/parallel_16_5.prm
[INFO]:[19:12:31] CPLEX results. Gap: 18.010000, upper bound: -34.700000, lower bound: -40.950000
[INFO]:[19:12:31] CPLEX solver finished. Gap: 18.010000
[INFO]:[19:12:31] Worker (ils_group_rank=5) exiting parallel ILS evaluation service.
[INFO]:[19:12:31] Worker 5 completed exploration phase.
[INFO]:[19:12:31] Worker 5 received order for step 2.
[INFO]:[19:12:31] Worker 5 running expansion phase for iteration 5.
[INFO]:[19:12:31] Worker 5 will use solver log file: /scratch/yorig/mpils-results-grid-ticks-10000-7may/medium-1/16proc-16pils/seed-7/10_neos-3555904-turama_seed-7_20260510_190931/solver/cplex.log_iteration_expansion_5_worker_5
[INFO]:[19:12:31] Expansion Worker 5 starting expansion for iteration 5.
[INFO]:[19:12:31] Starting CPLEX solver on instance: /home/yorig/tuner/mpils-tests/instances/miplib/medium-1/neos-3555904-turama.mps with config: /scratch/yorig/mpils-results-grid-ticks-10000-7may/medium-1/16proc-16pils/seed-7/10_neos-3555904-turama_seed-7_20260510_190931/expansion/config_param_CPXPARAM_LPMethod_2_iter_5.prm
[INFO]:[19:12:39] CPLEX results. Gap: 18.010000, upper bound: -34.700000, lower bound: -40.950000
[INFO]:[19:12:39] CPLEX solver finished. Gap: 18.010000
[INFO]:[19:12:43] Starting CPLEX solver on instance: /home/yorig/tuner/mpils-tests/instances/miplib/medium-1/neos-3555904-turama.mps with config: /scratch/yorig/mpils-results-grid-ticks-10000-7may/medium-1/16proc-16pils/seed-7/10_neos-3555904-turama_seed-7_20260510_190931/expansion/config_param_CPXPARAM_Barrier_Algorithm_1_iter_5.prm
[INFO]:[19:12:50] CPLEX results. Gap: 18.010000, upper bound: -34.700000, lower bound: -40.950000
[INFO]:[19:12:50] CPLEX solver finished. Gap: 18.010000
[INFO]:[19:12:50] Expansion Worker 5 completed expansion.
[INFO]:[19:12:50] Worker 5 completed expansion phase.
[INFO]:[19:12:50] Worker 5 received order for step 1.
[INFO]:[19:12:50] Worker 5 running exploration phase for iteration 6.
[INFO]:[19:12:50] Worker 5 at iteration 6 will not use a MIP start file. Current best MIP-start upper bound threshold is 1.79769e+308.
[INFO]:[19:12:50] Starting local search phase...
[INFO]:[19:12:50] Worker (ils_group_rank=5) entering parallel ILS evaluation service.
[INFO]:[19:12:50] Starting CPLEX solver on instance: /home/yorig/tuner/mpils-tests/instances/miplib/medium-1/neos-3555904-turama.mps with config: /scratch/yorig/mpils-results-grid-ticks-10000-7may/medium-1/16proc-16pils/seed-7/10_neos-3555904-turama_seed-7_20260510_190931/iterated_local_search/run_6_worker_0/parallel_0_5.prm
[INFO]:[19:12:59] CPLEX results. Gap: 18.010000, upper bound: -34.700000, lower bound: -40.950000
[INFO]:[19:12:59] CPLEX solver finished. Gap: 18.010000
[INFO]:[19:13:02] Worker (ils_group_rank=5) exiting parallel ILS evaluation service.
[INFO]:[19:13:02] Worker 5 completed exploration phase.
[INFO]:[19:13:02] Worker 5 received order for step 3.
[INFO]:[19:13:02] Worker 5 finished.
