[INFO]:[05:34:01] Worker 14 starting.
[INFO]:[05:34:01] Worker 14 received order for step 1.
[INFO]:[05:34:01] Worker 14 running exploration phase for iteration 1.
[INFO]:[05:34:01] Worker 14 at iteration 1 will not use a MIP start file. Current best MIP-start upper bound threshold is 1.79769e+308.
[INFO]:[05:34:01] Starting local search phase...
[INFO]:[05:34:01] Creating local search space from parameter space file: /scratch/yorig/mpils-results-grid-ticks-10000-7may/medium-2/24proc-2pils/seed-3/9_supportcase6_seed-3_20260510_053359/iterated_local_search/search_space/search_space_file_1_worker_14.txt
[INFO]:[05:34:01] Local search space loaded from file: /scratch/yorig/mpils-results-grid-ticks-10000-7may/medium-2/24proc-2pils/seed-3/9_supportcase6_seed-3_20260510_053359/iterated_local_search/search_space/search_space_file_1_worker_14.txt
[INFO]:[05:34:01] Number of parameters in local search space: 71
[INFO]:[05:34:01] Number of forbidden tuples in local search space: 0
[INFO]:[05:34:01] Number of conditionals in local search space: 6
[INFO]:[05:34:01] MIP start option not enabled. Local search will proceed without MIP start.
[INFO]:[05:34:01] Starting CPLEX solver on instance: /home/yorig/tuner/mpils-tests/instances/miplib/medium-2/supportcase6.mps with config: /scratch/yorig/mpils-results-grid-ticks-10000-7may/medium-2/24proc-2pils/seed-3/9_supportcase6_seed-3_20260510_053359/iterated_local_search/run_1_worker_14/ils_config_15541131714354554218.prm
[INFO]:[05:34:01] Starting CPLEX solver on instance: /home/yorig/tuner/mpils-tests/instances/miplib/medium-2/supportcase6.mps with config: /scratch/yorig/mpils-results-grid-ticks-10000-7may/medium-2/24proc-2pils/seed-3/9_supportcase6_seed-3_20260510_053359/iterated_local_search/run_1_worker_14/ils_config_15541131714354554218.prm
[INFO]:[05:34:08] CPLEX results. Gap: 37.560000, upper bound: 72336.336372, lower bound: 45165.579073
[INFO]:[05:34:08] CPLEX solver finished. Gap: 37.560000
[INFO]:[05:34:08] Starting CPLEX solver on instance: /home/yorig/tuner/mpils-tests/instances/miplib/medium-2/supportcase6.mps with config: /scratch/yorig/mpils-results-grid-ticks-10000-7may/medium-2/24proc-2pils/seed-3/9_supportcase6_seed-3_20260510_053359/iterated_local_search/run_1_worker_14/ils_config_5605772631571500555.prm
[INFO]:[05:34:08] Starting CPLEX solver on instance: /home/yorig/tuner/mpils-tests/instances/miplib/medium-2/supportcase6.mps with config: /scratch/yorig/mpils-results-grid-ticks-10000-7may/medium-2/24proc-2pils/seed-3/9_supportcase6_seed-3_20260510_053359/iterated_local_search/run_1_worker_14/ils_config_5605772631571500555.prm
[INFO]:[05:34:14] CPLEX results. Gap: 37.560000, upper bound: 72336.336372, lower bound: 45165.579073
[INFO]:[05:34:14] CPLEX solver finished. Gap: 37.560000
[INFO]:[05:34:14] Starting CPLEX solver on instance: /home/yorig/tuner/mpils-tests/instances/miplib/medium-2/supportcase6.mps with config: /scratch/yorig/mpils-results-grid-ticks-10000-7may/medium-2/24proc-2pils/seed-3/9_supportcase6_seed-3_20260510_053359/iterated_local_search/run_1_worker_14/ils_config_513005060861624094.prm
[INFO]:[05:34:14] Starting CPLEX solver on instance: /home/yorig/tuner/mpils-tests/instances/miplib/medium-2/supportcase6.mps with config: /scratch/yorig/mpils-results-grid-ticks-10000-7may/medium-2/24proc-2pils/seed-3/9_supportcase6_seed-3_20260510_053359/iterated_local_search/run_1_worker_14/ils_config_513005060861624094.prm
[INFO]:[05:34:21] CPLEX results. Gap: 37.560000, upper bound: 72336.336372, lower bound: 45165.579073
[INFO]:[05:34:21] CPLEX solver finished. Gap: 37.560000
[INFO]:[05:34:21] Starting CPLEX solver on instance: /home/yorig/tuner/mpils-tests/instances/miplib/medium-2/supportcase6.mps with config: /scratch/yorig/mpils-results-grid-ticks-10000-7may/medium-2/24proc-2pils/seed-3/9_supportcase6_seed-3_20260510_053359/iterated_local_search/run_1_worker_14/ils_config_8133517033374717547.prm
[INFO]:[05:34:21] Starting CPLEX solver on instance: /home/yorig/tuner/mpils-tests/instances/miplib/medium-2/supportcase6.mps with config: /scratch/yorig/mpils-results-grid-ticks-10000-7may/medium-2/24proc-2pils/seed-3/9_supportcase6_seed-3_20260510_053359/iterated_local_search/run_1_worker_14/ils_config_8133517033374717547.prm
[INFO]:[05:34:27] CPLEX results. Gap: 37.560000, upper bound: 72336.336372, lower bound: 45165.579073
[INFO]:[05:34:27] CPLEX solver finished. Gap: 37.560000
[INFO]:[05:34:27] Starting CPLEX solver on instance: /home/yorig/tuner/mpils-tests/instances/miplib/medium-2/supportcase6.mps with config: /scratch/yorig/mpils-results-grid-ticks-10000-7may/medium-2/24proc-2pils/seed-3/9_supportcase6_seed-3_20260510_053359/iterated_local_search/run_1_worker_14/ils_config_13784257509775594410.prm
[INFO]:[05:34:27] Starting CPLEX solver on instance: /home/yorig/tuner/mpils-tests/instances/miplib/medium-2/supportcase6.mps with config: /scratch/yorig/mpils-results-grid-ticks-10000-7may/medium-2/24proc-2pils/seed-3/9_supportcase6_seed-3_20260510_053359/iterated_local_search/run_1_worker_14/ils_config_13784257509775594410.prm
[INFO]:[05:34:33] CPLEX results. Gap: 37.560000, upper bound: 72336.336372, lower bound: 45165.579073
[INFO]:[05:34:33] CPLEX solver finished. Gap: 37.560000
[INFO]:[05:34:34] Starting CPLEX solver on instance: /home/yorig/tuner/mpils-tests/instances/miplib/medium-2/supportcase6.mps with config: /scratch/yorig/mpils-results-grid-ticks-10000-7may/medium-2/24proc-2pils/seed-3/9_supportcase6_seed-3_20260510_053359/iterated_local_search/run_1_worker_14/ils_config_5826280910141904081.prm
[INFO]:[05:34:34] Starting CPLEX solver on instance: /home/yorig/tuner/mpils-tests/instances/miplib/medium-2/supportcase6.mps with config: /scratch/yorig/mpils-results-grid-ticks-10000-7may/medium-2/24proc-2pils/seed-3/9_supportcase6_seed-3_20260510_053359/iterated_local_search/run_1_worker_14/ils_config_5826280910141904081.prm
[INFO]:[05:34:42] CPLEX results. Gap: 100.000000, upper bound: 102597.533860, lower bound: 0.000000
[INFO]:[05:34:42] CPLEX solver finished. Gap: 100.000000
[INFO]:[05:34:42] Starting CPLEX solver on instance: /home/yorig/tuner/mpils-tests/instances/miplib/medium-2/supportcase6.mps with config: /scratch/yorig/mpils-results-grid-ticks-10000-7may/medium-2/24proc-2pils/seed-3/9_supportcase6_seed-3_20260510_053359/iterated_local_search/run_1_worker_14/ils_config_2981886160680105098.prm
[INFO]:[05:34:42] Starting CPLEX solver on instance: /home/yorig/tuner/mpils-tests/instances/miplib/medium-2/supportcase6.mps with config: /scratch/yorig/mpils-results-grid-ticks-10000-7may/medium-2/24proc-2pils/seed-3/9_supportcase6_seed-3_20260510_053359/iterated_local_search/run_1_worker_14/ils_config_2981886160680105098.prm
[INFO]:[05:34:48] CPLEX results. Gap: 37.560000, upper bound: 72336.336372, lower bound: 45165.579073
[INFO]:[05:34:48] CPLEX solver finished. Gap: 37.560000
[INFO]:[05:34:48] Starting CPLEX solver on instance: /home/yorig/tuner/mpils-tests/instances/miplib/medium-2/supportcase6.mps with config: /scratch/yorig/mpils-results-grid-ticks-10000-7may/medium-2/24proc-2pils/seed-3/9_supportcase6_seed-3_20260510_053359/iterated_local_search/run_1_worker_14/ils_config_12049966907439215492.prm
[INFO]:[05:34:48] Starting CPLEX solver on instance: /home/yorig/tuner/mpils-tests/instances/miplib/medium-2/supportcase6.mps with config: /scratch/yorig/mpils-results-grid-ticks-10000-7may/medium-2/24proc-2pils/seed-3/9_supportcase6_seed-3_20260510_053359/iterated_local_search/run_1_worker_14/ils_config_12049966907439215492.prm
[INFO]:[05:34:55] CPLEX results. Gap: 37.560000, upper bound: 72336.336372, lower bound: 45165.579073
[INFO]:[05:34:55] CPLEX solver finished. Gap: 37.560000
[INFO]:[05:34:55] Starting CPLEX solver on instance: /home/yorig/tuner/mpils-tests/instances/miplib/medium-2/supportcase6.mps with config: /scratch/yorig/mpils-results-grid-ticks-10000-7may/medium-2/24proc-2pils/seed-3/9_supportcase6_seed-3_20260510_053359/iterated_local_search/run_1_worker_14/ils_config_9746895313277944669.prm
[INFO]:[05:34:55] Starting CPLEX solver on instance: /home/yorig/tuner/mpils-tests/instances/miplib/medium-2/supportcase6.mps with config: /scratch/yorig/mpils-results-grid-ticks-10000-7may/medium-2/24proc-2pils/seed-3/9_supportcase6_seed-3_20260510_053359/iterated_local_search/run_1_worker_14/ils_config_9746895313277944669.prm
[INFO]:[05:35:01] CPLEX results. Gap: 37.620000, upper bound: 72344.935098, lower bound: 45125.310377
[INFO]:[05:35:01] CPLEX solver finished. Gap: 37.620000
[INFO]:[05:35:01] Starting CPLEX solver on instance: /home/yorig/tuner/mpils-tests/instances/miplib/medium-2/supportcase6.mps with config: /scratch/yorig/mpils-results-grid-ticks-10000-7may/medium-2/24proc-2pils/seed-3/9_supportcase6_seed-3_20260510_053359/iterated_local_search/run_1_worker_14/ils_config_4819058511767897062.prm
[INFO]:[05:35:01] Starting CPLEX solver on instance: /home/yorig/tuner/mpils-tests/instances/miplib/medium-2/supportcase6.mps with config: /scratch/yorig/mpils-results-grid-ticks-10000-7may/medium-2/24proc-2pils/seed-3/9_supportcase6_seed-3_20260510_053359/iterated_local_search/run_1_worker_14/ils_config_4819058511767897062.prm
[INFO]:[05:35:08] CPLEX results. Gap: 37.560000, upper bound: 72336.336372, lower bound: 45165.579073
[INFO]:[05:35:08] CPLEX solver finished. Gap: 37.560000
[INFO]:[05:35:08] New incumbent found with objective value: 13.33
[INFO]:[05:35:08] Local search phase completed.
[INFO]:[05:35:08] Total number of new local-search evaluations: 20
[INFO]:[05:35:08] Final incumbent objective value: 13.33
[INFO]:[05:35:12] Worker 14 completed exploration phase.
[INFO]:[05:35:12] Worker 14 received order for step 2.
[INFO]:[05:35:12] Worker 14 running expansion phase for iteration 1.
[INFO]:[05:35:12] Worker 14 will use solver log file: /scratch/yorig/mpils-results-grid-ticks-10000-7may/medium-2/24proc-2pils/seed-3/9_supportcase6_seed-3_20260510_053359/solver/cplex.log_iteration_expansion_1_worker_14
[INFO]:[05:35:12] Expansion Worker 14 starting expansion for iteration 1.
[INFO]:[05:35:12] Starting CPLEX solver on instance: /home/yorig/tuner/mpils-tests/instances/miplib/medium-2/supportcase6.mps with config: /scratch/yorig/mpils-results-grid-ticks-10000-7may/medium-2/24proc-2pils/seed-3/9_supportcase6_seed-3_20260510_053359/expansion/config_param_CPXPARAM_MIP_Strategy_NodeSelect_2_iter_1.prm
[INFO]:[05:35:18] CPLEX results. Gap: 13.330000, upper bound: 52112.367686, lower bound: 45165.579073
[INFO]:[05:35:18] CPLEX solver finished. Gap: 13.330000
[INFO]:[05:35:20] Starting CPLEX solver on instance: /home/yorig/tuner/mpils-tests/instances/miplib/medium-2/supportcase6.mps with config: /scratch/yorig/mpils-results-grid-ticks-10000-7may/medium-2/24proc-2pils/seed-3/9_supportcase6_seed-3_20260510_053359/expansion/config_param_CPXPARAM_MIP_Strategy_RINSHeur_1000_iter_1.prm
[INFO]:[05:35:26] CPLEX results. Gap: 13.330000, upper bound: 52112.367686, lower bound: 45165.579073
[INFO]:[05:35:26] CPLEX solver finished. Gap: 13.330000
[INFO]:[05:35:34] Expansion Worker 14 completed expansion.
[INFO]:[05:35:34] Worker 14 completed expansion phase.
[INFO]:[05:35:35] Worker 14 received order for step 1.
[INFO]:[05:35:35] Worker 14 running exploration phase for iteration 2.
[INFO]:[05:35:35] Worker 14 at iteration 2 will not use a MIP start file. Current best MIP-start upper bound threshold is 1.79769e+308.
[INFO]:[05:35:35] Starting local search phase...
[INFO]:[05:35:35] Creating local search space from parameter space file: /scratch/yorig/mpils-results-grid-ticks-10000-7may/medium-2/24proc-2pils/seed-3/9_supportcase6_seed-3_20260510_053359/iterated_local_search/search_space/search_space_file_2_worker_14.txt
[INFO]:[05:35:35] Local search space loaded from file: /scratch/yorig/mpils-results-grid-ticks-10000-7may/medium-2/24proc-2pils/seed-3/9_supportcase6_seed-3_20260510_053359/iterated_local_search/search_space/search_space_file_2_worker_14.txt
[INFO]:[05:35:35] Number of parameters in local search space: 71
[INFO]:[05:35:35] Number of forbidden tuples in local search space: 25
[INFO]:[05:35:35] Number of conditionals in local search space: 6
[INFO]:[05:35:35] MIP start option not enabled. Local search will proceed without MIP start.
[INFO]:[05:35:35] Starting CPLEX solver on instance: /home/yorig/tuner/mpils-tests/instances/miplib/medium-2/supportcase6.mps with config: /scratch/yorig/mpils-results-grid-ticks-10000-7may/medium-2/24proc-2pils/seed-3/9_supportcase6_seed-3_20260510_053359/iterated_local_search/run_2_worker_14/ils_config_10503275838031714314.prm
[INFO]:[05:35:35] Starting CPLEX solver on instance: /home/yorig/tuner/mpils-tests/instances/miplib/medium-2/supportcase6.mps with config: /scratch/yorig/mpils-results-grid-ticks-10000-7may/medium-2/24proc-2pils/seed-3/9_supportcase6_seed-3_20260510_053359/iterated_local_search/run_2_worker_14/ils_config_10503275838031714314.prm
[INFO]:[05:35:42] CPLEX results. Gap: 100.000000, upper bound: 102597.533860, lower bound: 0.000000
[INFO]:[05:35:42] CPLEX solver finished. Gap: 100.000000
[INFO]:[05:35:43] Starting CPLEX solver on instance: /home/yorig/tuner/mpils-tests/instances/miplib/medium-2/supportcase6.mps with config: /scratch/yorig/mpils-results-grid-ticks-10000-7may/medium-2/24proc-2pils/seed-3/9_supportcase6_seed-3_20260510_053359/iterated_local_search/run_2_worker_14/ils_config_6271043807870941895.prm
[INFO]:[05:35:43] Starting CPLEX solver on instance: /home/yorig/tuner/mpils-tests/instances/miplib/medium-2/supportcase6.mps with config: /scratch/yorig/mpils-results-grid-ticks-10000-7may/medium-2/24proc-2pils/seed-3/9_supportcase6_seed-3_20260510_053359/iterated_local_search/run_2_worker_14/ils_config_6271043807870941895.prm
[INFO]:[05:35:50] CPLEX results. Gap: 100.000000, upper bound: 102597.533860, lower bound: 0.000000
[INFO]:[05:35:50] CPLEX solver finished. Gap: 100.000000
[INFO]:[05:35:51] Starting CPLEX solver on instance: /home/yorig/tuner/mpils-tests/instances/miplib/medium-2/supportcase6.mps with config: /scratch/yorig/mpils-results-grid-ticks-10000-7may/medium-2/24proc-2pils/seed-3/9_supportcase6_seed-3_20260510_053359/iterated_local_search/run_2_worker_14/ils_config_10318539249809439080.prm
[INFO]:[05:35:51] Starting CPLEX solver on instance: /home/yorig/tuner/mpils-tests/instances/miplib/medium-2/supportcase6.mps with config: /scratch/yorig/mpils-results-grid-ticks-10000-7may/medium-2/24proc-2pils/seed-3/9_supportcase6_seed-3_20260510_053359/iterated_local_search/run_2_worker_14/ils_config_10318539249809439080.prm
[INFO]:[05:35:58] CPLEX results. Gap: 100.000000, upper bound: 102597.533860, lower bound: 0.000000
[INFO]:[05:35:58] CPLEX solver finished. Gap: 100.000000
[INFO]:[05:35:58] Local search phase completed.
[INFO]:[05:35:58] Total number of new local-search evaluations: 6
[INFO]:[05:35:58] Final incumbent objective value: 100
[INFO]:[05:35:58] Worker 14 completed exploration phase.
[INFO]:[05:35:59] Worker 14 received order for step 2.
[INFO]:[05:35:59] Worker 14 running expansion phase for iteration 2.
[INFO]:[05:35:59] Worker 14 will use solver log file: /scratch/yorig/mpils-results-grid-ticks-10000-7may/medium-2/24proc-2pils/seed-3/9_supportcase6_seed-3_20260510_053359/solver/cplex.log_iteration_expansion_2_worker_14
[INFO]:[05:35:59] Expansion Worker 14 starting expansion for iteration 2.
[INFO]:[05:35:59] Starting CPLEX solver on instance: /home/yorig/tuner/mpils-tests/instances/miplib/medium-2/supportcase6.mps with config: /scratch/yorig/mpils-results-grid-ticks-10000-7may/medium-2/24proc-2pils/seed-3/9_supportcase6_seed-3_20260510_053359/expansion/config_param_CPXPARAM_MIP_Strategy_LBHeur_1_iter_2.prm
[INFO]:[05:36:04] CPLEX results. Gap: 13.330000, upper bound: 52112.367686, lower bound: 45165.579073
[INFO]:[05:36:04] CPLEX solver finished. Gap: 13.330000
[INFO]:[05:36:06] Expansion Worker 14 stopping early after global MPI expansion stop was activated.
[INFO]:[05:36:06] Expansion Worker 14 completed expansion.
[INFO]:[05:36:06] Worker 14 completed expansion phase.
[INFO]:[05:36:06] Worker 14 received order for step 1.
[INFO]:[05:36:06] Worker 14 running exploration phase for iteration 3.
[INFO]:[05:36:06] Worker 14 at iteration 3 will not use a MIP start file. Current best MIP-start upper bound threshold is 1.79769e+308.
[INFO]:[05:36:06] Starting local search phase...
[INFO]:[05:36:06] Creating local search space from parameter space file: /scratch/yorig/mpils-results-grid-ticks-10000-7may/medium-2/24proc-2pils/seed-3/9_supportcase6_seed-3_20260510_053359/iterated_local_search/search_space/search_space_file_3_worker_14.txt
[INFO]:[05:36:06] Local search space loaded from file: /scratch/yorig/mpils-results-grid-ticks-10000-7may/medium-2/24proc-2pils/seed-3/9_supportcase6_seed-3_20260510_053359/iterated_local_search/search_space/search_space_file_3_worker_14.txt
[INFO]:[05:36:06] Number of parameters in local search space: 71
[INFO]:[05:36:06] Number of forbidden tuples in local search space: 25
[INFO]:[05:36:06] Number of conditionals in local search space: 6
[INFO]:[05:36:06] MIP start option not enabled. Local search will proceed without MIP start.
[INFO]:[05:36:06] Starting CPLEX solver on instance: /home/yorig/tuner/mpils-tests/instances/miplib/medium-2/supportcase6.mps with config: /scratch/yorig/mpils-results-grid-ticks-10000-7may/medium-2/24proc-2pils/seed-3/9_supportcase6_seed-3_20260510_053359/iterated_local_search/run_3_worker_14/ils_config_12619994164071053981.prm
[INFO]:[05:36:06] Starting CPLEX solver on instance: /home/yorig/tuner/mpils-tests/instances/miplib/medium-2/supportcase6.mps with config: /scratch/yorig/mpils-results-grid-ticks-10000-7may/medium-2/24proc-2pils/seed-3/9_supportcase6_seed-3_20260510_053359/iterated_local_search/run_3_worker_14/ils_config_12619994164071053981.prm
[INFO]:[05:36:14] CPLEX results. Gap: 100.000000, upper bound: 102597.533860, lower bound: 0.000000
[INFO]:[05:36:14] CPLEX solver finished. Gap: 100.000000
[INFO]:[05:36:14] New incumbent found with objective value: 13.12
[INFO]:[05:36:14] Starting CPLEX solver on instance: /home/yorig/tuner/mpils-tests/instances/miplib/medium-2/supportcase6.mps with config: /scratch/yorig/mpils-results-grid-ticks-10000-7may/medium-2/24proc-2pils/seed-3/9_supportcase6_seed-3_20260510_053359/iterated_local_search/run_3_worker_14/ils_config_15324624905097080243.prm
[INFO]:[05:36:14] Starting CPLEX solver on instance: /home/yorig/tuner/mpils-tests/instances/miplib/medium-2/supportcase6.mps with config: /scratch/yorig/mpils-results-grid-ticks-10000-7may/medium-2/24proc-2pils/seed-3/9_supportcase6_seed-3_20260510_053359/iterated_local_search/run_3_worker_14/ils_config_15324624905097080243.prm
[INFO]:[05:36:20] CPLEX results. Gap: 13.220000, upper bound: 51999.634479, lower bound: 45124.740971
[INFO]:[05:36:20] CPLEX solver finished. Gap: 13.220000
[INFO]:[05:36:20] Starting CPLEX solver on instance: /home/yorig/tuner/mpils-tests/instances/miplib/medium-2/supportcase6.mps with config: /scratch/yorig/mpils-results-grid-ticks-10000-7may/medium-2/24proc-2pils/seed-3/9_supportcase6_seed-3_20260510_053359/iterated_local_search/run_3_worker_14/ils_config_4322925600280911492.prm
[INFO]:[05:36:20] Starting CPLEX solver on instance: /home/yorig/tuner/mpils-tests/instances/miplib/medium-2/supportcase6.mps with config: /scratch/yorig/mpils-results-grid-ticks-10000-7may/medium-2/24proc-2pils/seed-3/9_supportcase6_seed-3_20260510_053359/iterated_local_search/run_3_worker_14/ils_config_4322925600280911492.prm
[INFO]:[05:36:26] CPLEX results. Gap: 13.120000, upper bound: 51993.919076, lower bound: 45171.292074
[INFO]:[05:36:26] CPLEX solver finished. Gap: 13.120000
[INFO]:[05:36:26] Starting CPLEX solver on instance: /home/yorig/tuner/mpils-tests/instances/miplib/medium-2/supportcase6.mps with config: /scratch/yorig/mpils-results-grid-ticks-10000-7may/medium-2/24proc-2pils/seed-3/9_supportcase6_seed-3_20260510_053359/iterated_local_search/run_3_worker_14/ils_config_16657752743564897202.prm
[INFO]:[05:36:26] Starting CPLEX solver on instance: /home/yorig/tuner/mpils-tests/instances/miplib/medium-2/supportcase6.mps with config: /scratch/yorig/mpils-results-grid-ticks-10000-7may/medium-2/24proc-2pils/seed-3/9_supportcase6_seed-3_20260510_053359/iterated_local_search/run_3_worker_14/ils_config_16657752743564897202.prm
[INFO]:[05:36:32] CPLEX results. Gap: 13.120000, upper bound: 51993.919076, lower bound: 45171.292074
[INFO]:[05:36:32] CPLEX solver finished. Gap: 13.120000
[INFO]:[05:36:32] Starting CPLEX solver on instance: /home/yorig/tuner/mpils-tests/instances/miplib/medium-2/supportcase6.mps with config: /scratch/yorig/mpils-results-grid-ticks-10000-7may/medium-2/24proc-2pils/seed-3/9_supportcase6_seed-3_20260510_053359/iterated_local_search/run_3_worker_14/ils_config_15070158961647206612.prm
[INFO]:[05:36:32] Starting CPLEX solver on instance: /home/yorig/tuner/mpils-tests/instances/miplib/medium-2/supportcase6.mps with config: /scratch/yorig/mpils-results-grid-ticks-10000-7may/medium-2/24proc-2pils/seed-3/9_supportcase6_seed-3_20260510_053359/iterated_local_search/run_3_worker_14/ils_config_15070158961647206612.prm
[INFO]:[05:36:40] CPLEX results. Gap: 100.000000, upper bound: 102597.533860, lower bound: 0.000000
[INFO]:[05:36:40] CPLEX solver finished. Gap: 100.000000
[INFO]:[05:36:40] Local search phase completed.
[INFO]:[05:36:40] Total number of new local-search evaluations: 10
[INFO]:[05:36:40] Final incumbent objective value: 13.12
[INFO]:[05:36:46] Worker 14 completed exploration phase.
[INFO]:[05:36:46] Worker 14 received order for step 2.
[INFO]:[05:36:46] Worker 14 running expansion phase for iteration 3.
[INFO]:[05:36:46] Worker 14 will use solver log file: /scratch/yorig/mpils-results-grid-ticks-10000-7may/medium-2/24proc-2pils/seed-3/9_supportcase6_seed-3_20260510_053359/solver/cplex.log_iteration_expansion_3_worker_14
[INFO]:[05:36:46] Expansion Worker 14 starting expansion for iteration 3.
[INFO]:[05:36:46] Starting CPLEX solver on instance: /home/yorig/tuner/mpils-tests/instances/miplib/medium-2/supportcase6.mps with config: /scratch/yorig/mpils-results-grid-ticks-10000-7may/medium-2/24proc-2pils/seed-3/9_supportcase6_seed-3_20260510_053359/expansion/config_param_CPXPARAM_Simplex_PGradient_4_iter_3.prm
[INFO]:[05:36:52] CPLEX results. Gap: 0.010000, upper bound: 51906.477370, lower bound: 51903.286684
[INFO]:[05:36:52] CPLEX solver finished. Gap: 0.010000
[INFO]:[05:36:58] Expansion Worker 14 completed expansion.
[INFO]:[05:36:58] Worker 14 completed expansion phase.
[INFO]:[05:36:58] Worker 14 received order for step 1.
[INFO]:[05:36:58] Worker 14 running exploration phase for iteration 4.
[INFO]:[05:36:58] Worker 14 at iteration 4 will not use a MIP start file. Current best MIP-start upper bound threshold is 1.79769e+308.
[INFO]:[05:36:58] Starting local search phase...
[INFO]:[05:36:58] Creating local search space from parameter space file: /scratch/yorig/mpils-results-grid-ticks-10000-7may/medium-2/24proc-2pils/seed-3/9_supportcase6_seed-3_20260510_053359/iterated_local_search/search_space/search_space_file_4_worker_14.txt
[INFO]:[05:36:58] Local search space loaded from file: /scratch/yorig/mpils-results-grid-ticks-10000-7may/medium-2/24proc-2pils/seed-3/9_supportcase6_seed-3_20260510_053359/iterated_local_search/search_space/search_space_file_4_worker_14.txt
[INFO]:[05:36:58] Number of parameters in local search space: 71
[INFO]:[05:36:58] Number of forbidden tuples in local search space: 22
[INFO]:[05:36:58] Number of conditionals in local search space: 6
[INFO]:[05:36:58] MIP start option not enabled. Local search will proceed without MIP start.
[INFO]:[05:36:58] Starting CPLEX solver on instance: /home/yorig/tuner/mpils-tests/instances/miplib/medium-2/supportcase6.mps with config: /scratch/yorig/mpils-results-grid-ticks-10000-7may/medium-2/24proc-2pils/seed-3/9_supportcase6_seed-3_20260510_053359/iterated_local_search/run_4_worker_14/ils_config_15026312021140079263.prm
[INFO]:[05:36:58] Starting CPLEX solver on instance: /home/yorig/tuner/mpils-tests/instances/miplib/medium-2/supportcase6.mps with config: /scratch/yorig/mpils-results-grid-ticks-10000-7may/medium-2/24proc-2pils/seed-3/9_supportcase6_seed-3_20260510_053359/iterated_local_search/run_4_worker_14/ils_config_15026312021140079263.prm
[INFO]:[05:37:06] CPLEX results. Gap: 100.000000, upper bound: 102597.533860, lower bound: 0.000000
[INFO]:[05:37:06] CPLEX solver finished. Gap: 100.000000
[INFO]:[05:37:06] New incumbent found with objective value: 13.5
[INFO]:[05:37:06] Starting CPLEX solver on instance: /home/yorig/tuner/mpils-tests/instances/miplib/medium-2/supportcase6.mps with config: /scratch/yorig/mpils-results-grid-ticks-10000-7may/medium-2/24proc-2pils/seed-3/9_supportcase6_seed-3_20260510_053359/iterated_local_search/run_4_worker_14/ils_config_7750238129315498128.prm
[INFO]:[05:37:06] Starting CPLEX solver on instance: /home/yorig/tuner/mpils-tests/instances/miplib/medium-2/supportcase6.mps with config: /scratch/yorig/mpils-results-grid-ticks-10000-7may/medium-2/24proc-2pils/seed-3/9_supportcase6_seed-3_20260510_053359/iterated_local_search/run_4_worker_14/ils_config_7750238129315498128.prm
[INFO]:[05:37:12] CPLEX results. Gap: 13.500000, upper bound: 52128.164183, lower bound: 45090.732163
[INFO]:[05:37:12] CPLEX solver finished. Gap: 13.500000
[INFO]:[05:37:12] Starting CPLEX solver on instance: /home/yorig/tuner/mpils-tests/instances/miplib/medium-2/supportcase6.mps with config: /scratch/yorig/mpils-results-grid-ticks-10000-7may/medium-2/24proc-2pils/seed-3/9_supportcase6_seed-3_20260510_053359/iterated_local_search/run_4_worker_14/ils_config_236264162392317517.prm
[INFO]:[05:37:12] Starting CPLEX solver on instance: /home/yorig/tuner/mpils-tests/instances/miplib/medium-2/supportcase6.mps with config: /scratch/yorig/mpils-results-grid-ticks-10000-7may/medium-2/24proc-2pils/seed-3/9_supportcase6_seed-3_20260510_053359/iterated_local_search/run_4_worker_14/ils_config_236264162392317517.prm
[INFO]:[05:37:18] CPLEX results. Gap: 56.050000, upper bound: 102597.533860, lower bound: 45090.732163
[INFO]:[05:37:18] CPLEX solver finished. Gap: 56.050000
[INFO]:[05:37:20] Starting CPLEX solver on instance: /home/yorig/tuner/mpils-tests/instances/miplib/medium-2/supportcase6.mps with config: /scratch/yorig/mpils-results-grid-ticks-10000-7may/medium-2/24proc-2pils/seed-3/9_supportcase6_seed-3_20260510_053359/iterated_local_search/run_4_worker_14/ils_config_12545650476259195043.prm
[INFO]:[05:37:20] Starting CPLEX solver on instance: /home/yorig/tuner/mpils-tests/instances/miplib/medium-2/supportcase6.mps with config: /scratch/yorig/mpils-results-grid-ticks-10000-7may/medium-2/24proc-2pils/seed-3/9_supportcase6_seed-3_20260510_053359/iterated_local_search/run_4_worker_14/ils_config_12545650476259195043.prm
[INFO]:[05:37:26] CPLEX results. Gap: 13.500000, upper bound: 52128.164183, lower bound: 45090.732163
[INFO]:[05:37:26] CPLEX solver finished. Gap: 13.500000
[INFO]:[05:37:26] New incumbent found with objective value: 13.29
[INFO]:[05:37:26] Local search phase completed.
[INFO]:[05:37:26] Total number of new local-search evaluations: 8
[INFO]:[05:37:26] Final incumbent objective value: 13.29
[INFO]:[05:37:30] Worker 14 completed exploration phase.
[INFO]:[05:37:30] Worker 14 received order for step 2.
[INFO]:[05:37:30] Worker 14 running expansion phase for iteration 4.
[INFO]:[05:37:30] Worker 14 will use solver log file: /scratch/yorig/mpils-results-grid-ticks-10000-7may/medium-2/24proc-2pils/seed-3/9_supportcase6_seed-3_20260510_053359/solver/cplex.log_iteration_expansion_4_worker_14
[INFO]:[05:37:30] Expansion Worker 14 starting expansion for iteration 4.
[INFO]:[05:37:30] Starting CPLEX solver on instance: /home/yorig/tuner/mpils-tests/instances/miplib/medium-2/supportcase6.mps with config: /scratch/yorig/mpils-results-grid-ticks-10000-7may/medium-2/24proc-2pils/seed-3/9_supportcase6_seed-3_20260510_053359/expansion/config_param_CPXPARAM_Feasopt_Mode_5_iter_4.prm
[INFO]:[05:37:36] CPLEX results. Gap: 0.010000, upper bound: 51906.477370, lower bound: 51903.286684
[INFO]:[05:37:36] CPLEX solver finished. Gap: 0.010000
[INFO]:[05:37:36] Expansion Worker 14 stopping early after global MPI expansion stop was activated.
[INFO]:[05:37:36] Expansion Worker 14 completed expansion.
[INFO]:[05:37:36] Worker 14 completed expansion phase.
[INFO]:[05:37:36] Worker 14 received order for step 3.
[INFO]:[05:37:36] Worker 14 finished.
