[INFO]:[21:52:14] Worker 2 starting.
[INFO]:[21:52:14] Worker 2 received order for step 1.
[INFO]:[21:52:14] Worker 2 running exploration phase for iteration 1.
[INFO]:[21:52:14] Worker 2 at iteration 1 will not use a MIP start file. Current best MIP-start upper bound threshold is 1.79769e+308.
[INFO]:[21:52:14] Starting local search phase...
[INFO]:[21:52:14] Creating local search space from parameter space file: /scratch/yorig/mpils-results-grid-seconds-10-4may/easy/16proc/seed-3/8_rocI-4-11_seed-3_20260504_215212/iterated_local_search/search_space/search_space_file_1_worker_2.txt
[INFO]:[21:52:14] Local search space loaded from file: /scratch/yorig/mpils-results-grid-seconds-10-4may/easy/16proc/seed-3/8_rocI-4-11_seed-3_20260504_215212/iterated_local_search/search_space/search_space_file_1_worker_2.txt
[INFO]:[21:52:14] Number of parameters in local search space: 71
[INFO]:[21:52:14] Number of forbidden tuples in local search space: 0
[INFO]:[21:52:14] Number of conditionals in local search space: 6
[INFO]:[21:52:14] MIP start option not enabled. Local search will proceed without MIP start.
[INFO]:[21:52:14] Evaluating initial configuration for local search phase...
[INFO]:[21:52:14] Starting CPLEX solver on instance: /home/yorig/tuner/mpils-tests/instances/miplib/easy/rocI-4-11.mps with config: /scratch/yorig/mpils-results-grid-seconds-10-4may/easy/16proc/seed-3/8_rocI-4-11_seed-3_20260504_215212/iterated_local_search/run_1_worker_2/ils_config_15446065792237984030.prm
[INFO]:[21:52:14] Starting CPLEX solver on instance: /home/yorig/tuner/mpils-tests/instances/miplib/easy/rocI-4-11.mps with config: /scratch/yorig/mpils-results-grid-seconds-10-4may/easy/16proc/seed-3/8_rocI-4-11_seed-3_20260504_215212/iterated_local_search/run_1_worker_2/ils_config_15446065792237984030.prm
[INFO]:[21:52:24] CPLEX results. Gap: 39.600000, upper bound: -5050303.000000, lower bound: -7050403.000000
[INFO]:[21:52:24] CPLEX solver finished. Gap: 39.600000
[INFO]:[21:52:24] Initial configuration evaluated with objective value: 39.6
[INFO]:[21:52:24] Received global ILS stop signal from rank 8.
[INFO]:[21:52:24] Local search phase completed.
[INFO]:[21:52:24] Total number of new local-search evaluations: 1
[INFO]:[21:52:24] Final incumbent objective value: 39.6
[INFO]:[21:52:24] Worker 2 completed exploration phase.
[INFO]:[21:52:24] Worker 2 received order for step 3.
[INFO]:[21:52:24] Worker 2 finished.
