[INFO]:[17:55:50] Worker 21 starting.
[INFO]:[17:55:50] Worker 21 received order for step 1.
[INFO]:[17:55:50] Worker 21 running exploration phase for iteration 1.
[INFO]:[17:55:50] Worker 21 at iteration 1 will not use a MIP start file. Current best MIP-start upper bound threshold is 1.79769e+308.
[INFO]:[17:55:50] Starting local search phase...
[INFO]:[17:55:50] Worker (ils_group_rank=3) entering parallel ILS evaluation service.
[INFO]:[17:55:50] Starting CPLEX solver on instance: /home/yorig/tuner/mpils-tests/instances/miplib/medium-2/neos-4387871-tavua.mps with config: /scratch/yorig/mpils-results-grid-ticks-10000-7may/medium-2/24proc-6pils/seed-8/1_neos-4387871-tavua_seed-8_20260510_175549/iterated_local_search/run_1_worker_18/parallel_0_3.prm
[INFO]:[17:55:55] CPLEX results. Gap: 35.790000, upper bound: 34.384730, lower bound: 22.077534
[INFO]:[17:55:55] CPLEX solver finished. Gap: 35.790000
[INFO]:[17:55:57] Starting CPLEX solver on instance: /home/yorig/tuner/mpils-tests/instances/miplib/medium-2/neos-4387871-tavua.mps with config: /scratch/yorig/mpils-results-grid-ticks-10000-7may/medium-2/24proc-6pils/seed-8/1_neos-4387871-tavua_seed-8_20260510_175549/iterated_local_search/run_1_worker_18/parallel_6_3.prm
[INFO]:[17:56:03] CPLEX results. Gap: 25.490000, upper bound: 34.556310, lower bound: 25.746665
[INFO]:[17:56:03] CPLEX solver finished. Gap: 25.490000
[INFO]:[17:56:03] Starting CPLEX solver on instance: /home/yorig/tuner/mpils-tests/instances/miplib/medium-2/neos-4387871-tavua.mps with config: /scratch/yorig/mpils-results-grid-ticks-10000-7may/medium-2/24proc-6pils/seed-8/1_neos-4387871-tavua_seed-8_20260510_175549/iterated_local_search/run_1_worker_18/parallel_12_3.prm
[INFO]:[17:56:09] CPLEX results. Gap: 25.480000, upper bound: 34.556310, lower bound: 25.752586
[INFO]:[17:56:09] CPLEX solver finished. Gap: 25.480000
[INFO]:[17:56:10] Starting CPLEX solver on instance: /home/yorig/tuner/mpils-tests/instances/miplib/medium-2/neos-4387871-tavua.mps with config: /scratch/yorig/mpils-results-grid-ticks-10000-7may/medium-2/24proc-6pils/seed-8/1_neos-4387871-tavua_seed-8_20260510_175549/iterated_local_search/run_1_worker_18/parallel_18_3.prm
[INFO]:[17:56:16] CPLEX results. Gap: 32.940000, upper bound: 33.556310, lower bound: 22.502279
[INFO]:[17:56:16] CPLEX solver finished. Gap: 32.940000
[INFO]:[17:56:16] Worker (ils_group_rank=3) exiting parallel ILS evaluation service.
[INFO]:[17:56:18] Worker 21 completed exploration phase.
[INFO]:[17:56:18] Worker 21 received order for step 2.
[INFO]:[17:56:18] Worker 21 running expansion phase for iteration 1.
[INFO]:[17:56:18] Worker 21 will use solver log file: /scratch/yorig/mpils-results-grid-ticks-10000-7may/medium-2/24proc-6pils/seed-8/1_neos-4387871-tavua_seed-8_20260510_175549/solver/cplex.log_iteration_expansion_1_worker_21
[INFO]:[17:56:18] Expansion Worker 21 starting expansion for iteration 1.
[INFO]:[17:56:18] Starting CPLEX solver on instance: /home/yorig/tuner/mpils-tests/instances/miplib/medium-2/neos-4387871-tavua.mps with config: /scratch/yorig/mpils-results-grid-ticks-10000-7may/medium-2/24proc-6pils/seed-8/1_neos-4387871-tavua_seed-8_20260510_175549/expansion/config_param_CPXPARAM_MIP_Limits_ProbeTime_2_iter_1.prm
[INFO]:[17:56:24] CPLEX results. Gap: 23.370000, upper bound: 34.384730, lower bound: 26.348847
[INFO]:[17:56:24] CPLEX solver finished. Gap: 23.370000
[INFO]:[17:56:25] Starting CPLEX solver on instance: /home/yorig/tuner/mpils-tests/instances/miplib/medium-2/neos-4387871-tavua.mps with config: /scratch/yorig/mpils-results-grid-ticks-10000-7may/medium-2/24proc-6pils/seed-8/1_neos-4387871-tavua_seed-8_20260510_175549/expansion/config_param_CPXPARAM_MIP_Strategy_BBInterval_15_iter_1.prm
[INFO]:[17:56:31] CPLEX results. Gap: 23.370000, upper bound: 34.384730, lower bound: 26.348847
[INFO]:[17:56:31] CPLEX solver finished. Gap: 23.370000
[INFO]:[17:56:37] Expansion Worker 21 completed expansion.
[INFO]:[17:56:37] Worker 21 completed expansion phase.
[INFO]:[17:56:37] Worker 21 received order for step 1.
[INFO]:[17:56:37] Worker 21 running exploration phase for iteration 2.
[INFO]:[17:56:37] Worker 21 at iteration 2 will not use a MIP start file. Current best MIP-start upper bound threshold is 1.79769e+308.
[INFO]:[17:56:37] Starting local search phase...
[INFO]:[17:56:37] Worker (ils_group_rank=3) entering parallel ILS evaluation service.
[INFO]:[17:56:37] Starting CPLEX solver on instance: /home/yorig/tuner/mpils-tests/instances/miplib/medium-2/neos-4387871-tavua.mps with config: /scratch/yorig/mpils-results-grid-ticks-10000-7may/medium-2/24proc-6pils/seed-8/1_neos-4387871-tavua_seed-8_20260510_175549/iterated_local_search/run_2_worker_18/parallel_0_3.prm
[INFO]:[17:56:42] CPLEX results. Gap: 31.110000, upper bound: 33.970520, lower bound: 23.401977
[INFO]:[17:56:42] CPLEX solver finished. Gap: 31.110000
[INFO]:[17:56:44] Worker (ils_group_rank=3) exiting parallel ILS evaluation service.
[INFO]:[17:56:44] Worker 21 completed exploration phase.
[INFO]:[17:56:44] Worker 21 received order for step 2.
[INFO]:[17:56:44] Worker 21 running expansion phase for iteration 2.
[INFO]:[17:56:44] Worker 21 will use solver log file: /scratch/yorig/mpils-results-grid-ticks-10000-7may/medium-2/24proc-6pils/seed-8/1_neos-4387871-tavua_seed-8_20260510_175549/solver/cplex.log_iteration_expansion_2_worker_21
[INFO]:[17:56:44] Expansion Worker 21 starting expansion for iteration 2.
[INFO]:[17:56:44] Starting CPLEX solver on instance: /home/yorig/tuner/mpils-tests/instances/miplib/medium-2/neos-4387871-tavua.mps with config: /scratch/yorig/mpils-results-grid-ticks-10000-7may/medium-2/24proc-6pils/seed-8/1_neos-4387871-tavua_seed-8_20260510_175549/expansion/config_param_CPXPARAM_MIP_Strategy_StartAlgorithm_1_iter_2.prm
[INFO]:[17:56:50] CPLEX results. Gap: 32.340000, upper bound: 34.970520, lower bound: 23.662223
[INFO]:[17:56:50] CPLEX solver finished. Gap: 32.340000
[INFO]:[17:56:51] Expansion Worker 21 stopping early after global MPI expansion stop was activated.
[INFO]:[17:56:51] Expansion Worker 21 completed expansion.
[INFO]:[17:56:51] Worker 21 completed expansion phase.
[INFO]:[17:56:51] Worker 21 received order for step 1.
[INFO]:[17:56:51] Worker 21 running exploration phase for iteration 3.
[INFO]:[17:56:51] Worker 21 at iteration 3 will not use a MIP start file. Current best MIP-start upper bound threshold is 1.79769e+308.
[INFO]:[17:56:51] Starting local search phase...
[INFO]:[17:56:51] Worker (ils_group_rank=3) entering parallel ILS evaluation service.
[INFO]:[17:56:51] Starting CPLEX solver on instance: /home/yorig/tuner/mpils-tests/instances/miplib/medium-2/neos-4387871-tavua.mps with config: /scratch/yorig/mpils-results-grid-ticks-10000-7may/medium-2/24proc-6pils/seed-8/1_neos-4387871-tavua_seed-8_20260510_175549/iterated_local_search/run_3_worker_18/parallel_0_3.prm
[INFO]:[17:56:57] CPLEX results. Gap: 33.180000, upper bound: 34.142100, lower bound: 22.815235
[INFO]:[17:56:57] CPLEX solver finished. Gap: 33.180000
[INFO]:[17:56:59] Worker (ils_group_rank=3) exiting parallel ILS evaluation service.
[INFO]:[17:56:59] Worker 21 completed exploration phase.
[INFO]:[17:56:59] Worker 21 received order for step 2.
[INFO]:[17:56:59] Worker 21 running expansion phase for iteration 3.
[INFO]:[17:56:59] Worker 21 will use solver log file: /scratch/yorig/mpils-results-grid-ticks-10000-7may/medium-2/24proc-6pils/seed-8/1_neos-4387871-tavua_seed-8_20260510_175549/solver/cplex.log_iteration_expansion_3_worker_21
[INFO]:[17:56:59] Expansion Worker 21 starting expansion for iteration 3.
[INFO]:[17:56:59] Starting CPLEX solver on instance: /home/yorig/tuner/mpils-tests/instances/miplib/medium-2/neos-4387871-tavua.mps with config: /scratch/yorig/mpils-results-grid-ticks-10000-7may/medium-2/24proc-6pils/seed-8/1_neos-4387871-tavua_seed-8_20260510_175549/expansion/config_param_CPXPARAM_MIP_Strategy_StartAlgorithm_5_iter_3.prm
[INFO]:[17:57:06] CPLEX results. Gap: 31.270000, upper bound: 34.727890, lower bound: 23.870189
[INFO]:[17:57:06] CPLEX solver finished. Gap: 31.270000
[INFO]:[17:59:00] Expansion Worker 21 completed expansion.
[INFO]:[17:59:00] Worker 21 completed expansion phase.
[INFO]:[17:59:01] Worker 21 received order for step 1.
[INFO]:[17:59:01] Worker 21 running exploration phase for iteration 4.
[INFO]:[17:59:01] Worker 21 at iteration 4 will not use a MIP start file. Current best MIP-start upper bound threshold is 1.79769e+308.
[INFO]:[17:59:01] Starting local search phase...
[INFO]:[17:59:01] Worker (ils_group_rank=3) entering parallel ILS evaluation service.
[INFO]:[17:59:01] Starting CPLEX solver on instance: /home/yorig/tuner/mpils-tests/instances/miplib/medium-2/neos-4387871-tavua.mps with config: /scratch/yorig/mpils-results-grid-ticks-10000-7may/medium-2/24proc-6pils/seed-8/1_neos-4387871-tavua_seed-8_20260510_175549/iterated_local_search/run_4_worker_18/parallel_0_3.prm
[INFO]:[17:59:06] CPLEX results. Gap: 41.640000, upper bound: 34.384730, lower bound: 20.065210
[INFO]:[17:59:06] CPLEX solver finished. Gap: 41.640000
[INFO]:[17:59:08] Starting CPLEX solver on instance: /home/yorig/tuner/mpils-tests/instances/miplib/medium-2/neos-4387871-tavua.mps with config: /scratch/yorig/mpils-results-grid-ticks-10000-7may/medium-2/24proc-6pils/seed-8/1_neos-4387871-tavua_seed-8_20260510_175549/iterated_local_search/run_4_worker_18/parallel_6_3.prm
[INFO]:[17:59:15] CPLEX results. Gap: 30.740000, upper bound: 34.727890, lower bound: 24.051007
[INFO]:[17:59:15] CPLEX solver finished. Gap: 30.740000
[INFO]:[17:59:15] Worker (ils_group_rank=3) exiting parallel ILS evaluation service.
[INFO]:[17:59:15] Worker 21 completed exploration phase.
[INFO]:[17:59:15] Worker 21 received order for step 2.
[INFO]:[17:59:15] Worker 21 running expansion phase for iteration 4.
[INFO]:[17:59:15] Worker 21 will use solver log file: /scratch/yorig/mpils-results-grid-ticks-10000-7may/medium-2/24proc-6pils/seed-8/1_neos-4387871-tavua_seed-8_20260510_175549/solver/cplex.log_iteration_expansion_4_worker_21
[INFO]:[17:59:15] Expansion Worker 21 starting expansion for iteration 4.
[INFO]:[17:59:15] Starting CPLEX solver on instance: /home/yorig/tuner/mpils-tests/instances/miplib/medium-2/neos-4387871-tavua.mps with config: /scratch/yorig/mpils-results-grid-ticks-10000-7may/medium-2/24proc-6pils/seed-8/1_neos-4387871-tavua_seed-8_20260510_175549/expansion/config_param_CPXPARAM_Preprocessing_CoeffReduce_0_iter_4.prm
[INFO]:[17:59:21] CPLEX results. Gap: 30.530000, upper bound: 34.142100, lower bound: 23.719238
[INFO]:[17:59:21] CPLEX solver finished. Gap: 30.530000
[INFO]:[17:59:22] Expansion Worker 21 stopping early after global MPI expansion stop was activated.
[INFO]:[17:59:22] Expansion Worker 21 completed expansion.
[INFO]:[17:59:22] Worker 21 completed expansion phase.
[INFO]:[17:59:22] Worker 21 received order for step 1.
[INFO]:[17:59:22] Worker 21 running exploration phase for iteration 5.
[INFO]:[17:59:22] Worker 21 at iteration 5 will not use a MIP start file. Current best MIP-start upper bound threshold is 1.79769e+308.
[INFO]:[17:59:22] Starting local search phase...
[INFO]:[17:59:22] Worker (ils_group_rank=3) entering parallel ILS evaluation service.
[INFO]:[17:59:22] Starting CPLEX solver on instance: /home/yorig/tuner/mpils-tests/instances/miplib/medium-2/neos-4387871-tavua.mps with config: /scratch/yorig/mpils-results-grid-ticks-10000-7may/medium-2/24proc-6pils/seed-8/1_neos-4387871-tavua_seed-8_20260510_175549/iterated_local_search/run_5_worker_18/parallel_0_3.prm
[INFO]:[17:59:28] CPLEX results. Gap: 61.900000, upper bound: 37.798940, lower bound: 14.401485
[INFO]:[17:59:28] CPLEX solver finished. Gap: 61.900000
[INFO]:[17:59:30] Starting CPLEX solver on instance: /home/yorig/tuner/mpils-tests/instances/miplib/medium-2/neos-4387871-tavua.mps with config: /scratch/yorig/mpils-results-grid-ticks-10000-7may/medium-2/24proc-6pils/seed-8/1_neos-4387871-tavua_seed-8_20260510_175549/iterated_local_search/run_5_worker_18/parallel_6_3.prm
[INFO]:[17:59:37] CPLEX results. Gap: 35.770000, upper bound: 34.970520, lower bound: 22.462143
[INFO]:[17:59:37] CPLEX solver finished. Gap: 35.770000
[INFO]:[17:59:37] Starting CPLEX solver on instance: /home/yorig/tuner/mpils-tests/instances/miplib/medium-2/neos-4387871-tavua.mps with config: /scratch/yorig/mpils-results-grid-ticks-10000-7may/medium-2/24proc-6pils/seed-8/1_neos-4387871-tavua_seed-8_20260510_175549/iterated_local_search/run_5_worker_18/parallel_12_3.prm
[INFO]:[17:59:44] CPLEX results. Gap: 34.340000, upper bound: 35.970520, lower bound: 23.618626
[INFO]:[17:59:44] CPLEX solver finished. Gap: 34.340000
[INFO]:[17:59:44] Starting CPLEX solver on instance: /home/yorig/tuner/mpils-tests/instances/miplib/medium-2/neos-4387871-tavua.mps with config: /scratch/yorig/mpils-results-grid-ticks-10000-7may/medium-2/24proc-6pils/seed-8/1_neos-4387871-tavua_seed-8_20260510_175549/iterated_local_search/run_5_worker_18/parallel_18_3.prm
[INFO]:[17:59:51] CPLEX results. Gap: 32.140000, upper bound: 33.970520, lower bound: 23.051608
[INFO]:[17:59:51] CPLEX solver finished. Gap: 32.140000
[INFO]:[17:59:51] Starting CPLEX solver on instance: /home/yorig/tuner/mpils-tests/instances/miplib/medium-2/neos-4387871-tavua.mps with config: /scratch/yorig/mpils-results-grid-ticks-10000-7may/medium-2/24proc-6pils/seed-8/1_neos-4387871-tavua_seed-8_20260510_175549/iterated_local_search/run_5_worker_18/parallel_24_3.prm
[INFO]:[17:59:58] CPLEX results. Gap: 32.140000, upper bound: 33.970520, lower bound: 23.051608
[INFO]:[17:59:58] CPLEX solver finished. Gap: 32.140000
[INFO]:[17:59:58] Worker (ils_group_rank=3) exiting parallel ILS evaluation service.
[INFO]:[17:59:58] Worker 21 completed exploration phase.
[INFO]:[17:59:58] Worker 21 received order for step 2.
[INFO]:[17:59:58] Worker 21 running expansion phase for iteration 5.
[INFO]:[17:59:58] Worker 21 will use solver log file: /scratch/yorig/mpils-results-grid-ticks-10000-7may/medium-2/24proc-6pils/seed-8/1_neos-4387871-tavua_seed-8_20260510_175549/solver/cplex.log_iteration_expansion_5_worker_21
[INFO]:[17:59:58] Expansion Worker 21 starting expansion for iteration 5.
[INFO]:[17:59:58] Starting CPLEX solver on instance: /home/yorig/tuner/mpils-tests/instances/miplib/medium-2/neos-4387871-tavua.mps with config: /scratch/yorig/mpils-results-grid-ticks-10000-7may/medium-2/24proc-6pils/seed-8/1_neos-4387871-tavua_seed-8_20260510_175549/expansion/config_param_CPXPARAM_Network_Pricing_1_iter_5.prm
[INFO]:[18:00:04] CPLEX results. Gap: 21.980000, upper bound: 33.798940, lower bound: 26.371486
[INFO]:[18:00:04] CPLEX solver finished. Gap: 21.980000
[INFO]:[18:00:04] Expansion Worker 21 stopping early after global MPI expansion stop was activated.
[INFO]:[18:00:04] Expansion Worker 21 completed expansion.
[INFO]:[18:00:04] Worker 21 completed expansion phase.
[INFO]:[18:00:05] Worker 21 received order for step 1.
[INFO]:[18:00:05] Worker 21 running exploration phase for iteration 6.
[INFO]:[18:00:05] Worker 21 at iteration 6 will not use a MIP start file. Current best MIP-start upper bound threshold is 1.79769e+308.
[INFO]:[18:00:05] Starting local search phase...
[INFO]:[18:00:05] Worker (ils_group_rank=3) entering parallel ILS evaluation service.
[INFO]:[18:00:05] Starting CPLEX solver on instance: /home/yorig/tuner/mpils-tests/instances/miplib/medium-2/neos-4387871-tavua.mps with config: /scratch/yorig/mpils-results-grid-ticks-10000-7may/medium-2/24proc-6pils/seed-8/1_neos-4387871-tavua_seed-8_20260510_175549/iterated_local_search/run_6_worker_18/parallel_0_3.prm
[INFO]:[18:00:11] CPLEX results. Gap: 69.530000, upper bound: 35.384730, lower bound: 10.781092
[INFO]:[18:00:11] CPLEX solver finished. Gap: 69.530000
[INFO]:[18:00:11] Starting CPLEX solver on instance: /home/yorig/tuner/mpils-tests/instances/miplib/medium-2/neos-4387871-tavua.mps with config: /scratch/yorig/mpils-results-grid-ticks-10000-7may/medium-2/24proc-6pils/seed-8/1_neos-4387871-tavua_seed-8_20260510_175549/iterated_local_search/run_6_worker_18/parallel_6_3.prm
[INFO]:[18:00:17] CPLEX results. Gap: 46.400000, upper bound: 34.142100, lower bound: 18.301653
[INFO]:[18:00:17] CPLEX solver finished. Gap: 46.400000
[INFO]:[18:00:18] Starting CPLEX solver on instance: /home/yorig/tuner/mpils-tests/instances/miplib/medium-2/neos-4387871-tavua.mps with config: /scratch/yorig/mpils-results-grid-ticks-10000-7may/medium-2/24proc-6pils/seed-8/1_neos-4387871-tavua_seed-8_20260510_175549/iterated_local_search/run_6_worker_18/parallel_12_3.prm
[INFO]:[18:00:23] CPLEX results. Gap: 34.060000, upper bound: 34.142100, lower bound: 22.514296
[INFO]:[18:00:23] CPLEX solver finished. Gap: 34.060000
[INFO]:[18:00:24] Worker (ils_group_rank=3) exiting parallel ILS evaluation service.
[INFO]:[18:00:27] Worker 21 completed exploration phase.
[INFO]:[18:00:27] Worker 21 received order for step 2.
[INFO]:[18:00:27] Worker 21 running expansion phase for iteration 6.
[INFO]:[18:00:27] Worker 21 will use solver log file: /scratch/yorig/mpils-results-grid-ticks-10000-7may/medium-2/24proc-6pils/seed-8/1_neos-4387871-tavua_seed-8_20260510_175549/solver/cplex.log_iteration_expansion_6_worker_21
[INFO]:[18:00:27] Expansion Worker 21 starting expansion for iteration 6.
[INFO]:[18:00:27] Starting CPLEX solver on instance: /home/yorig/tuner/mpils-tests/instances/miplib/medium-2/neos-4387871-tavua.mps with config: /scratch/yorig/mpils-results-grid-ticks-10000-7may/medium-2/24proc-6pils/seed-8/1_neos-4387871-tavua_seed-8_20260510_175549/expansion/config_param_CPXPARAM_LPMethod_4_iter_6.prm
[INFO]:[18:00:32] CPLEX results. Gap: 20.670000, upper bound: 33.798940, lower bound: 26.813548
[INFO]:[18:00:32] CPLEX solver finished. Gap: 20.670000
[INFO]:[18:00:39] Expansion Worker 21 completed expansion.
[INFO]:[18:00:39] Worker 21 completed expansion phase.
[INFO]:[18:00:40] Worker 21 received order for step 1.
[INFO]:[18:00:40] Worker 21 running exploration phase for iteration 7.
[INFO]:[18:00:40] Worker 21 at iteration 7 will not use a MIP start file. Current best MIP-start upper bound threshold is 1.79769e+308.
[INFO]:[18:00:40] Starting local search phase...
[INFO]:[18:00:40] Worker (ils_group_rank=3) entering parallel ILS evaluation service.
[INFO]:[18:00:40] Starting CPLEX solver on instance: /home/yorig/tuner/mpils-tests/instances/miplib/medium-2/neos-4387871-tavua.mps with config: /scratch/yorig/mpils-results-grid-ticks-10000-7may/medium-2/24proc-6pils/seed-8/1_neos-4387871-tavua_seed-8_20260510_175549/iterated_local_search/run_7_worker_18/parallel_0_3.prm
[INFO]:[18:00:46] CPLEX results. Gap: 46.400000, upper bound: 34.727890, lower bound: 18.612673
[INFO]:[18:00:46] CPLEX solver finished. Gap: 46.400000
[INFO]:[18:00:47] Starting CPLEX solver on instance: /home/yorig/tuner/mpils-tests/instances/miplib/medium-2/neos-4387871-tavua.mps with config: /scratch/yorig/mpils-results-grid-ticks-10000-7may/medium-2/24proc-6pils/seed-8/1_neos-4387871-tavua_seed-8_20260510_175549/iterated_local_search/run_7_worker_18/parallel_6_3.prm
[INFO]:[18:00:53] CPLEX results. Gap: 37.270000, upper bound: 35.970520, lower bound: 22.562708
[INFO]:[18:00:53] CPLEX solver finished. Gap: 37.270000
[INFO]:[18:00:53] Starting CPLEX solver on instance: /home/yorig/tuner/mpils-tests/instances/miplib/medium-2/neos-4387871-tavua.mps with config: /scratch/yorig/mpils-results-grid-ticks-10000-7may/medium-2/24proc-6pils/seed-8/1_neos-4387871-tavua_seed-8_20260510_175549/iterated_local_search/run_7_worker_18/parallel_12_3.prm
[INFO]:[18:00:59] CPLEX results. Gap: 37.970000, upper bound: 35.970520, lower bound: 22.311809
[INFO]:[18:00:59] CPLEX solver finished. Gap: 37.970000
[INFO]:[18:01:00] Worker (ils_group_rank=3) exiting parallel ILS evaluation service.
[INFO]:[18:01:01] Worker 21 completed exploration phase.
[INFO]:[18:01:01] Worker 21 received order for step 2.
[INFO]:[18:01:01] Worker 21 running expansion phase for iteration 7.
[INFO]:[18:01:01] Worker 21 will use solver log file: /scratch/yorig/mpils-results-grid-ticks-10000-7may/medium-2/24proc-6pils/seed-8/1_neos-4387871-tavua_seed-8_20260510_175549/solver/cplex.log_iteration_expansion_7_worker_21
[INFO]:[18:01:01] Expansion Worker 21 starting expansion for iteration 7.
[INFO]:[18:01:07] Expansion Worker 21 completed expansion.
[INFO]:[18:01:07] Worker 21 completed expansion phase.
[INFO]:[18:01:08] Worker 21 received order for step 1.
[INFO]:[18:01:08] Worker 21 running exploration phase for iteration 8.
[INFO]:[18:01:08] Worker 21 at iteration 8 will not use a MIP start file. Current best MIP-start upper bound threshold is 1.79769e+308.
[INFO]:[18:01:08] Starting local search phase...
[INFO]:[18:01:08] Worker (ils_group_rank=3) entering parallel ILS evaluation service.
[INFO]:[18:01:08] Starting CPLEX solver on instance: /home/yorig/tuner/mpils-tests/instances/miplib/medium-2/neos-4387871-tavua.mps with config: /scratch/yorig/mpils-results-grid-ticks-10000-7may/medium-2/24proc-6pils/seed-8/1_neos-4387871-tavua_seed-8_20260510_175549/iterated_local_search/run_8_worker_18/parallel_0_3.prm
[INFO]:[18:01:14] CPLEX results. Gap: 52.610000, upper bound: 34.727890, lower bound: 16.457115
[INFO]:[18:01:14] CPLEX solver finished. Gap: 52.610000
[INFO]:[18:01:14] Starting CPLEX solver on instance: /home/yorig/tuner/mpils-tests/instances/miplib/medium-2/neos-4387871-tavua.mps with config: /scratch/yorig/mpils-results-grid-ticks-10000-7may/medium-2/24proc-6pils/seed-8/1_neos-4387871-tavua_seed-8_20260510_175549/iterated_local_search/run_8_worker_18/parallel_6_3.prm
[INFO]:[18:01:21] CPLEX results. Gap: 44.130000, upper bound: 33.970520, lower bound: 18.979394
[INFO]:[18:01:21] CPLEX solver finished. Gap: 44.130000
[INFO]:[18:01:21] Starting CPLEX solver on instance: /home/yorig/tuner/mpils-tests/instances/miplib/medium-2/neos-4387871-tavua.mps with config: /scratch/yorig/mpils-results-grid-ticks-10000-7may/medium-2/24proc-6pils/seed-8/1_neos-4387871-tavua_seed-8_20260510_175549/iterated_local_search/run_8_worker_18/parallel_12_3.prm
[INFO]:[18:01:27] CPLEX results. Gap: 42.580000, upper bound: 35.384730, lower bound: 20.318823
[INFO]:[18:01:27] CPLEX solver finished. Gap: 42.580000
[INFO]:[18:01:28] Starting CPLEX solver on instance: /home/yorig/tuner/mpils-tests/instances/miplib/medium-2/neos-4387871-tavua.mps with config: /scratch/yorig/mpils-results-grid-ticks-10000-7may/medium-2/24proc-6pils/seed-8/1_neos-4387871-tavua_seed-8_20260510_175549/iterated_local_search/run_8_worker_18/parallel_18_3.prm
[INFO]:[18:01:35] CPLEX results. Gap: 45.480000, upper bound: 36.384730, lower bound: 19.836210
[INFO]:[18:01:35] CPLEX solver finished. Gap: 45.480000
[INFO]:[18:01:35] Starting CPLEX solver on instance: /home/yorig/tuner/mpils-tests/instances/miplib/medium-2/neos-4387871-tavua.mps with config: /scratch/yorig/mpils-results-grid-ticks-10000-7may/medium-2/24proc-6pils/seed-8/1_neos-4387871-tavua_seed-8_20260510_175549/iterated_local_search/run_8_worker_18/parallel_24_3.prm
[INFO]:[18:01:42] CPLEX results. Gap: 44.540000, upper bound: 34.556310, lower bound: 19.164909
[INFO]:[18:01:42] CPLEX solver finished. Gap: 44.540000
[INFO]:[18:01:42] Worker (ils_group_rank=3) exiting parallel ILS evaluation service.
[INFO]:[18:01:44] Worker 21 completed exploration phase.
[INFO]:[18:01:44] Worker 21 received order for step 3.
[INFO]:[18:01:44] Worker 21 finished.
