[INFO]:[16:02:09] Worker 23 starting.
[INFO]:[16:02:09] Worker 23 received order for step 1.
[INFO]:[16:02:09] Worker 23 running exploration phase for iteration 1.
[INFO]:[16:02:09] Worker 23 at iteration 1 will not use a MIP start file. Current best MIP-start upper bound threshold is 1.79769e+308.
[INFO]:[16:02:09] Starting local search phase...
[INFO]:[16:02:09] Creating local search space from parameter space file: /scratch/yorig/mpils-results-grid-seconds-5-4may/easy/24proc/seed-5/1_csched008_seed-5_20260504_160208/iterated_local_search/search_space/search_space_file_1_worker_23.txt
[INFO]:[16:02:09] Local search space loaded from file: /scratch/yorig/mpils-results-grid-seconds-5-4may/easy/24proc/seed-5/1_csched008_seed-5_20260504_160208/iterated_local_search/search_space/search_space_file_1_worker_23.txt
[INFO]:[16:02:09] Number of parameters in local search space: 71
[INFO]:[16:02:09] Number of forbidden tuples in local search space: 0
[INFO]:[16:02:09] Number of conditionals in local search space: 6
[INFO]:[16:02:09] MIP start option not enabled. Local search will proceed without MIP start.
[INFO]:[16:02:09] Evaluating initial configuration for local search phase...
[INFO]:[16:02:09] Starting CPLEX solver on instance: /home/yorig/tuner/mpils-tests/instances/miplib/easy/csched008.mps with config: /scratch/yorig/mpils-results-grid-seconds-5-4may/easy/24proc/seed-5/1_csched008_seed-5_20260504_160208/iterated_local_search/run_1_worker_23/ils_config_15281337108282521976.prm
[INFO]:[16:02:09] Starting CPLEX solver on instance: /home/yorig/tuner/mpils-tests/instances/miplib/easy/csched008.mps with config: /scratch/yorig/mpils-results-grid-seconds-5-4may/easy/24proc/seed-5/1_csched008_seed-5_20260504_160208/iterated_local_search/run_1_worker_23/ils_config_15281337108282521976.prm
[INFO]:[16:02:14] CPLEX results. Gap: 4.470000, upper bound: 179.000000, lower bound: 171.000000
[INFO]:[16:02:14] CPLEX solver finished. Gap: 4.470000
[INFO]:[16:02:14] Initial configuration evaluated with objective value: 4.47
[INFO]:[16:02:14] Starting CPLEX solver on instance: /home/yorig/tuner/mpils-tests/instances/miplib/easy/csched008.mps with config: /scratch/yorig/mpils-results-grid-seconds-5-4may/easy/24proc/seed-5/1_csched008_seed-5_20260504_160208/iterated_local_search/run_1_worker_23/ils_config_18122314123292010932.prm
[INFO]:[16:02:14] Starting CPLEX solver on instance: /home/yorig/tuner/mpils-tests/instances/miplib/easy/csched008.mps with config: /scratch/yorig/mpils-results-grid-seconds-5-4may/easy/24proc/seed-5/1_csched008_seed-5_20260504_160208/iterated_local_search/run_1_worker_23/ils_config_18122314123292010932.prm
[INFO]:[16:02:19] CPLEX results. Gap: 4.470000, upper bound: 179.000000, lower bound: 171.000000
[INFO]:[16:02:19] CPLEX solver finished. Gap: 4.470000
[INFO]:[16:02:19] Starting CPLEX solver on instance: /home/yorig/tuner/mpils-tests/instances/miplib/easy/csched008.mps with config: /scratch/yorig/mpils-results-grid-seconds-5-4may/easy/24proc/seed-5/1_csched008_seed-5_20260504_160208/iterated_local_search/run_1_worker_23/ils_config_11687276490350897832.prm
[INFO]:[16:02:19] Starting CPLEX solver on instance: /home/yorig/tuner/mpils-tests/instances/miplib/easy/csched008.mps with config: /scratch/yorig/mpils-results-grid-seconds-5-4may/easy/24proc/seed-5/1_csched008_seed-5_20260504_160208/iterated_local_search/run_1_worker_23/ils_config_11687276490350897832.prm
[INFO]:[16:02:24] CPLEX results. Gap: 1.150000, upper bound: 174.000000, lower bound: 172.000000
[INFO]:[16:02:24] CPLEX solver finished. Gap: 1.150000
[INFO]:[16:02:24] New incumbent found with objective value: 1.15
[INFO]:[16:02:24] Starting CPLEX solver on instance: /home/yorig/tuner/mpils-tests/instances/miplib/easy/csched008.mps with config: /scratch/yorig/mpils-results-grid-seconds-5-4may/easy/24proc/seed-5/1_csched008_seed-5_20260504_160208/iterated_local_search/run_1_worker_23/ils_config_12018802871205923343.prm
[INFO]:[16:02:24] Starting CPLEX solver on instance: /home/yorig/tuner/mpils-tests/instances/miplib/easy/csched008.mps with config: /scratch/yorig/mpils-results-grid-seconds-5-4may/easy/24proc/seed-5/1_csched008_seed-5_20260504_160208/iterated_local_search/run_1_worker_23/ils_config_12018802871205923343.prm
[INFO]:[16:02:29] CPLEX results. Gap: 4.050000, upper bound: 179.000000, lower bound: 171.750000
[INFO]:[16:02:29] CPLEX solver finished. Gap: 4.050000
[INFO]:[16:02:29] Starting CPLEX solver on instance: /home/yorig/tuner/mpils-tests/instances/miplib/easy/csched008.mps with config: /scratch/yorig/mpils-results-grid-seconds-5-4may/easy/24proc/seed-5/1_csched008_seed-5_20260504_160208/iterated_local_search/run_1_worker_23/ils_config_11239773591650241024.prm
[INFO]:[16:02:29] Starting CPLEX solver on instance: /home/yorig/tuner/mpils-tests/instances/miplib/easy/csched008.mps with config: /scratch/yorig/mpils-results-grid-seconds-5-4may/easy/24proc/seed-5/1_csched008_seed-5_20260504_160208/iterated_local_search/run_1_worker_23/ils_config_11239773591650241024.prm
[INFO]:[16:02:34] CPLEX results. Gap: 2.840000, upper bound: 176.000000, lower bound: 171.000000
[INFO]:[16:02:34] CPLEX solver finished. Gap: 2.840000
[INFO]:[16:02:34] Starting CPLEX solver on instance: /home/yorig/tuner/mpils-tests/instances/miplib/easy/csched008.mps with config: /scratch/yorig/mpils-results-grid-seconds-5-4may/easy/24proc/seed-5/1_csched008_seed-5_20260504_160208/iterated_local_search/run_1_worker_23/ils_config_4731111440104453487.prm
[INFO]:[16:02:34] Starting CPLEX solver on instance: /home/yorig/tuner/mpils-tests/instances/miplib/easy/csched008.mps with config: /scratch/yorig/mpils-results-grid-seconds-5-4may/easy/24proc/seed-5/1_csched008_seed-5_20260504_160208/iterated_local_search/run_1_worker_23/ils_config_4731111440104453487.prm
[INFO]:[16:02:39] CPLEX results. Gap: 1.710000, upper bound: 175.000000, lower bound: 172.000000
[INFO]:[16:02:39] CPLEX solver finished. Gap: 1.710000
[INFO]:[16:02:39] Starting CPLEX solver on instance: /home/yorig/tuner/mpils-tests/instances/miplib/easy/csched008.mps with config: /scratch/yorig/mpils-results-grid-seconds-5-4may/easy/24proc/seed-5/1_csched008_seed-5_20260504_160208/iterated_local_search/run_1_worker_23/ils_config_5989159060289594782.prm
[INFO]:[16:02:39] Starting CPLEX solver on instance: /home/yorig/tuner/mpils-tests/instances/miplib/easy/csched008.mps with config: /scratch/yorig/mpils-results-grid-seconds-5-4may/easy/24proc/seed-5/1_csched008_seed-5_20260504_160208/iterated_local_search/run_1_worker_23/ils_config_5989159060289594782.prm
[INFO]:[16:02:44] CPLEX results. Gap: 3.930000, upper bound: 178.000000, lower bound: 171.000000
[INFO]:[16:02:44] CPLEX solver finished. Gap: 3.930000
[INFO]:[16:02:44] Starting CPLEX solver on instance: /home/yorig/tuner/mpils-tests/instances/miplib/easy/csched008.mps with config: /scratch/yorig/mpils-results-grid-seconds-5-4may/easy/24proc/seed-5/1_csched008_seed-5_20260504_160208/iterated_local_search/run_1_worker_23/ils_config_8759695962600778138.prm
[INFO]:[16:02:44] Starting CPLEX solver on instance: /home/yorig/tuner/mpils-tests/instances/miplib/easy/csched008.mps with config: /scratch/yorig/mpils-results-grid-seconds-5-4may/easy/24proc/seed-5/1_csched008_seed-5_20260504_160208/iterated_local_search/run_1_worker_23/ils_config_8759695962600778138.prm
[INFO]:[16:02:49] CPLEX results. Gap: 5.000000, upper bound: 180.000000, lower bound: 171.000000
[INFO]:[16:02:49] CPLEX solver finished. Gap: 5.000000
[INFO]:[16:02:49] Starting CPLEX solver on instance: /home/yorig/tuner/mpils-tests/instances/miplib/easy/csched008.mps with config: /scratch/yorig/mpils-results-grid-seconds-5-4may/easy/24proc/seed-5/1_csched008_seed-5_20260504_160208/iterated_local_search/run_1_worker_23/ils_config_9234846817197536080.prm
[INFO]:[16:02:49] Starting CPLEX solver on instance: /home/yorig/tuner/mpils-tests/instances/miplib/easy/csched008.mps with config: /scratch/yorig/mpils-results-grid-seconds-5-4may/easy/24proc/seed-5/1_csched008_seed-5_20260504_160208/iterated_local_search/run_1_worker_23/ils_config_9234846817197536080.prm
[INFO]:[16:02:55] CPLEX results. Gap: 4.470000, upper bound: 179.000000, lower bound: 171.000000
[INFO]:[16:02:55] CPLEX solver finished. Gap: 4.470000
[INFO]:[16:02:55] Starting CPLEX solver on instance: /home/yorig/tuner/mpils-tests/instances/miplib/easy/csched008.mps with config: /scratch/yorig/mpils-results-grid-seconds-5-4may/easy/24proc/seed-5/1_csched008_seed-5_20260504_160208/iterated_local_search/run_1_worker_23/ils_config_3148859119647133562.prm
[INFO]:[16:02:55] Starting CPLEX solver on instance: /home/yorig/tuner/mpils-tests/instances/miplib/easy/csched008.mps with config: /scratch/yorig/mpils-results-grid-seconds-5-4may/easy/24proc/seed-5/1_csched008_seed-5_20260504_160208/iterated_local_search/run_1_worker_23/ils_config_3148859119647133562.prm
[INFO]:[16:03:00] CPLEX results. Gap: 1.150000, upper bound: 174.000000, lower bound: 172.000000
[INFO]:[16:03:00] CPLEX solver finished. Gap: 1.150000
[INFO]:[16:03:00] Starting CPLEX solver on instance: /home/yorig/tuner/mpils-tests/instances/miplib/easy/csched008.mps with config: /scratch/yorig/mpils-results-grid-seconds-5-4may/easy/24proc/seed-5/1_csched008_seed-5_20260504_160208/iterated_local_search/run_1_worker_23/ils_config_5539663791191105483.prm
[INFO]:[16:03:00] Starting CPLEX solver on instance: /home/yorig/tuner/mpils-tests/instances/miplib/easy/csched008.mps with config: /scratch/yorig/mpils-results-grid-seconds-5-4may/easy/24proc/seed-5/1_csched008_seed-5_20260504_160208/iterated_local_search/run_1_worker_23/ils_config_5539663791191105483.prm
[INFO]:[16:03:05] CPLEX results. Gap: 1.150000, upper bound: 174.000000, lower bound: 172.000000
[INFO]:[16:03:05] CPLEX solver finished. Gap: 1.150000
[INFO]:[16:03:05] Starting CPLEX solver on instance: /home/yorig/tuner/mpils-tests/instances/miplib/easy/csched008.mps with config: /scratch/yorig/mpils-results-grid-seconds-5-4may/easy/24proc/seed-5/1_csched008_seed-5_20260504_160208/iterated_local_search/run_1_worker_23/ils_config_6335443830343752017.prm
[INFO]:[16:03:05] Starting CPLEX solver on instance: /home/yorig/tuner/mpils-tests/instances/miplib/easy/csched008.mps with config: /scratch/yorig/mpils-results-grid-seconds-5-4may/easy/24proc/seed-5/1_csched008_seed-5_20260504_160208/iterated_local_search/run_1_worker_23/ils_config_6335443830343752017.prm
[INFO]:[16:03:10] CPLEX results. Gap: 1.150000, upper bound: 174.000000, lower bound: 172.000000
[INFO]:[16:03:10] CPLEX solver finished. Gap: 1.150000
[INFO]:[16:03:10] Starting CPLEX solver on instance: /home/yorig/tuner/mpils-tests/instances/miplib/easy/csched008.mps with config: /scratch/yorig/mpils-results-grid-seconds-5-4may/easy/24proc/seed-5/1_csched008_seed-5_20260504_160208/iterated_local_search/run_1_worker_23/ils_config_7107881124755648196.prm
[INFO]:[16:03:10] Starting CPLEX solver on instance: /home/yorig/tuner/mpils-tests/instances/miplib/easy/csched008.mps with config: /scratch/yorig/mpils-results-grid-seconds-5-4may/easy/24proc/seed-5/1_csched008_seed-5_20260504_160208/iterated_local_search/run_1_worker_23/ils_config_7107881124755648196.prm
[INFO]:[16:03:15] CPLEX results. Gap: 1.150000, upper bound: 174.000000, lower bound: 172.000000
[INFO]:[16:03:15] CPLEX solver finished. Gap: 1.150000
[INFO]:[16:03:15] Starting CPLEX solver on instance: /home/yorig/tuner/mpils-tests/instances/miplib/easy/csched008.mps with config: /scratch/yorig/mpils-results-grid-seconds-5-4may/easy/24proc/seed-5/1_csched008_seed-5_20260504_160208/iterated_local_search/run_1_worker_23/ils_config_7854647641111027995.prm
[INFO]:[16:03:15] Starting CPLEX solver on instance: /home/yorig/tuner/mpils-tests/instances/miplib/easy/csched008.mps with config: /scratch/yorig/mpils-results-grid-seconds-5-4may/easy/24proc/seed-5/1_csched008_seed-5_20260504_160208/iterated_local_search/run_1_worker_23/ils_config_7854647641111027995.prm
[INFO]:[16:03:20] CPLEX results. Gap: 1.150000, upper bound: 174.000000, lower bound: 172.000000
[INFO]:[16:03:20] CPLEX solver finished. Gap: 1.150000
[INFO]:[16:03:20] Starting CPLEX solver on instance: /home/yorig/tuner/mpils-tests/instances/miplib/easy/csched008.mps with config: /scratch/yorig/mpils-results-grid-seconds-5-4may/easy/24proc/seed-5/1_csched008_seed-5_20260504_160208/iterated_local_search/run_1_worker_23/ils_config_305763053836697996.prm
[INFO]:[16:03:20] Starting CPLEX solver on instance: /home/yorig/tuner/mpils-tests/instances/miplib/easy/csched008.mps with config: /scratch/yorig/mpils-results-grid-seconds-5-4may/easy/24proc/seed-5/1_csched008_seed-5_20260504_160208/iterated_local_search/run_1_worker_23/ils_config_305763053836697996.prm
[INFO]:[16:03:25] CPLEX results. Gap: 2.290000, upper bound: 175.000000, lower bound: 171.000000
[INFO]:[16:03:25] CPLEX solver finished. Gap: 2.290000
[INFO]:[16:03:25] Starting CPLEX solver on instance: /home/yorig/tuner/mpils-tests/instances/miplib/easy/csched008.mps with config: /scratch/yorig/mpils-results-grid-seconds-5-4may/easy/24proc/seed-5/1_csched008_seed-5_20260504_160208/iterated_local_search/run_1_worker_23/ils_config_4219454575078372140.prm
[INFO]:[16:03:25] Starting CPLEX solver on instance: /home/yorig/tuner/mpils-tests/instances/miplib/easy/csched008.mps with config: /scratch/yorig/mpils-results-grid-seconds-5-4may/easy/24proc/seed-5/1_csched008_seed-5_20260504_160208/iterated_local_search/run_1_worker_23/ils_config_4219454575078372140.prm
[INFO]:[16:03:30] CPLEX results. Gap: 1.150000, upper bound: 174.000000, lower bound: 172.000000
[INFO]:[16:03:30] CPLEX solver finished. Gap: 1.150000
[INFO]:[16:03:30] Starting CPLEX solver on instance: /home/yorig/tuner/mpils-tests/instances/miplib/easy/csched008.mps with config: /scratch/yorig/mpils-results-grid-seconds-5-4may/easy/24proc/seed-5/1_csched008_seed-5_20260504_160208/iterated_local_search/run_1_worker_23/ils_config_15657142887453515295.prm
[INFO]:[16:03:30] Starting CPLEX solver on instance: /home/yorig/tuner/mpils-tests/instances/miplib/easy/csched008.mps with config: /scratch/yorig/mpils-results-grid-seconds-5-4may/easy/24proc/seed-5/1_csched008_seed-5_20260504_160208/iterated_local_search/run_1_worker_23/ils_config_15657142887453515295.prm
[INFO]:[16:03:35] CPLEX results. Gap: 5.000000, upper bound: 180.000000, lower bound: 171.000000
[INFO]:[16:03:35] CPLEX solver finished. Gap: 5.000000
[INFO]:[16:03:35] Starting CPLEX solver on instance: /home/yorig/tuner/mpils-tests/instances/miplib/easy/csched008.mps with config: /scratch/yorig/mpils-results-grid-seconds-5-4may/easy/24proc/seed-5/1_csched008_seed-5_20260504_160208/iterated_local_search/run_1_worker_23/ils_config_1555940217848017518.prm
[INFO]:[16:03:35] Starting CPLEX solver on instance: /home/yorig/tuner/mpils-tests/instances/miplib/easy/csched008.mps with config: /scratch/yorig/mpils-results-grid-seconds-5-4may/easy/24proc/seed-5/1_csched008_seed-5_20260504_160208/iterated_local_search/run_1_worker_23/ils_config_1555940217848017518.prm
[INFO]:[16:03:40] CPLEX results. Gap: 8.550000, upper bound: 187.000000, lower bound: 171.005301
[INFO]:[16:03:40] CPLEX solver finished. Gap: 8.550000
[INFO]:[16:03:40] Starting CPLEX solver on instance: /home/yorig/tuner/mpils-tests/instances/miplib/easy/csched008.mps with config: /scratch/yorig/mpils-results-grid-seconds-5-4may/easy/24proc/seed-5/1_csched008_seed-5_20260504_160208/iterated_local_search/run_1_worker_23/ils_config_13056687722673592291.prm
[INFO]:[16:03:40] Starting CPLEX solver on instance: /home/yorig/tuner/mpils-tests/instances/miplib/easy/csched008.mps with config: /scratch/yorig/mpils-results-grid-seconds-5-4may/easy/24proc/seed-5/1_csched008_seed-5_20260504_160208/iterated_local_search/run_1_worker_23/ils_config_13056687722673592291.prm
[INFO]:[16:03:45] CPLEX results. Gap: 5.000000, upper bound: 180.000000, lower bound: 171.000000
[INFO]:[16:03:45] CPLEX solver finished. Gap: 5.000000
[INFO]:[16:03:45] Starting CPLEX solver on instance: /home/yorig/tuner/mpils-tests/instances/miplib/easy/csched008.mps with config: /scratch/yorig/mpils-results-grid-seconds-5-4may/easy/24proc/seed-5/1_csched008_seed-5_20260504_160208/iterated_local_search/run_1_worker_23/ils_config_5503426520303663995.prm
[INFO]:[16:03:45] Starting CPLEX solver on instance: /home/yorig/tuner/mpils-tests/instances/miplib/easy/csched008.mps with config: /scratch/yorig/mpils-results-grid-seconds-5-4may/easy/24proc/seed-5/1_csched008_seed-5_20260504_160208/iterated_local_search/run_1_worker_23/ils_config_5503426520303663995.prm
[INFO]:[16:03:50] CPLEX results. Gap: 5.510000, upper bound: 181.000000, lower bound: 171.030919
[INFO]:[16:03:50] CPLEX solver finished. Gap: 5.510000
[INFO]:[16:03:50] Local search phase completed.
[INFO]:[16:03:50] Total number of new local-search evaluations: 20
[INFO]:[16:03:50] Final incumbent objective value: 1.15
[INFO]:[16:03:50] Worker 23 completed exploration phase.
[INFO]:[16:03:50] Worker 23 received order for step 2.
[INFO]:[16:03:50] Worker 23 running expansion phase for iteration 1.
[INFO]:[16:03:50] Worker 23 will use solver log file: /scratch/yorig/mpils-results-grid-seconds-5-4may/easy/24proc/seed-5/1_csched008_seed-5_20260504_160208/solver/cplex.log_iteration_expansion_1_worker_23
[INFO]:[16:03:50] Expansion Worker 23 starting expansion for iteration 1.
[INFO]:[16:03:50] Starting CPLEX solver on instance: /home/yorig/tuner/mpils-tests/instances/miplib/easy/csched008.mps with config: /scratch/yorig/mpils-results-grid-seconds-5-4may/easy/24proc/seed-5/1_csched008_seed-5_20260504_160208/expansion/config_param_CPXPARAM_MIP_Limits_ProbeTime_10_iter_1.prm
[INFO]:[16:03:55] CPLEX results. Gap: 4.470000, upper bound: 179.000000, lower bound: 171.000000
[INFO]:[16:03:55] CPLEX solver finished. Gap: 4.470000
[INFO]:[16:03:55] Starting CPLEX solver on instance: /home/yorig/tuner/mpils-tests/instances/miplib/easy/csched008.mps with config: /scratch/yorig/mpils-results-grid-seconds-5-4may/easy/24proc/seed-5/1_csched008_seed-5_20260504_160208/expansion/config_param_CPXPARAM_MIP_Strategy_Branch_-1_iter_1.prm
[INFO]:[16:04:00] CPLEX results. Gap: 2.290000, upper bound: 175.000000, lower bound: 171.000000
[INFO]:[16:04:00] CPLEX solver finished. Gap: 2.290000
[INFO]:[16:04:05] Expansion Worker 23 completed expansion.
[INFO]:[16:04:05] Worker 23 completed expansion phase.
[INFO]:[16:04:05] Worker 23 received order for step 1.
[INFO]:[16:04:05] Worker 23 running exploration phase for iteration 2.
[INFO]:[16:04:05] Worker 23 at iteration 2 will not use a MIP start file. Current best MIP-start upper bound threshold is 1.79769e+308.
[INFO]:[16:04:05] Starting local search phase...
[INFO]:[16:04:05] Creating local search space from parameter space file: /scratch/yorig/mpils-results-grid-seconds-5-4may/easy/24proc/seed-5/1_csched008_seed-5_20260504_160208/iterated_local_search/search_space/search_space_file_2_worker_23.txt
[INFO]:[16:04:05] Local search space loaded from file: /scratch/yorig/mpils-results-grid-seconds-5-4may/easy/24proc/seed-5/1_csched008_seed-5_20260504_160208/iterated_local_search/search_space/search_space_file_2_worker_23.txt
[INFO]:[16:04:05] Number of parameters in local search space: 71
[INFO]:[16:04:05] Number of forbidden tuples in local search space: 29
[INFO]:[16:04:05] Number of conditionals in local search space: 6
[INFO]:[16:04:05] MIP start option not enabled. Local search will proceed without MIP start.
[INFO]:[16:04:05] Evaluating initial configuration for local search phase...
[INFO]:[16:04:05] Starting CPLEX solver on instance: /home/yorig/tuner/mpils-tests/instances/miplib/easy/csched008.mps with config: /scratch/yorig/mpils-results-grid-seconds-5-4may/easy/24proc/seed-5/1_csched008_seed-5_20260504_160208/iterated_local_search/run_2_worker_23/ils_config_12962531761979944906.prm
[INFO]:[16:04:05] Starting CPLEX solver on instance: /home/yorig/tuner/mpils-tests/instances/miplib/easy/csched008.mps with config: /scratch/yorig/mpils-results-grid-seconds-5-4may/easy/24proc/seed-5/1_csched008_seed-5_20260504_160208/iterated_local_search/run_2_worker_23/ils_config_12962531761979944906.prm
[INFO]:[16:04:10] CPLEX results. Gap: 8.060000, upper bound: 186.000000, lower bound: 171.000000
[INFO]:[16:04:10] CPLEX solver finished. Gap: 8.060000
[INFO]:[16:04:10] Initial configuration evaluated with objective value: 8.06
[INFO]:[16:04:10] Starting CPLEX solver on instance: /home/yorig/tuner/mpils-tests/instances/miplib/easy/csched008.mps with config: /scratch/yorig/mpils-results-grid-seconds-5-4may/easy/24proc/seed-5/1_csched008_seed-5_20260504_160208/iterated_local_search/run_2_worker_23/ils_config_3375227097445633049.prm
[INFO]:[16:04:10] Starting CPLEX solver on instance: /home/yorig/tuner/mpils-tests/instances/miplib/easy/csched008.mps with config: /scratch/yorig/mpils-results-grid-seconds-5-4may/easy/24proc/seed-5/1_csched008_seed-5_20260504_160208/iterated_local_search/run_2_worker_23/ils_config_3375227097445633049.prm
[INFO]:[16:04:15] CPLEX results. Gap: 8.060000, upper bound: 186.000000, lower bound: 171.000000
[INFO]:[16:04:15] CPLEX solver finished. Gap: 8.060000
[INFO]:[16:04:15] Starting CPLEX solver on instance: /home/yorig/tuner/mpils-tests/instances/miplib/easy/csched008.mps with config: /scratch/yorig/mpils-results-grid-seconds-5-4may/easy/24proc/seed-5/1_csched008_seed-5_20260504_160208/iterated_local_search/run_2_worker_23/ils_config_7865436456531352558.prm
[INFO]:[16:04:15] Starting CPLEX solver on instance: /home/yorig/tuner/mpils-tests/instances/miplib/easy/csched008.mps with config: /scratch/yorig/mpils-results-grid-seconds-5-4may/easy/24proc/seed-5/1_csched008_seed-5_20260504_160208/iterated_local_search/run_2_worker_23/ils_config_7865436456531352558.prm
[INFO]:[16:04:20] CPLEX results. Gap: 7.570000, upper bound: 185.000000, lower bound: 171.000000
[INFO]:[16:04:20] CPLEX solver finished. Gap: 7.570000
[INFO]:[16:04:20] New incumbent found with objective value: 7.57
[INFO]:[16:04:20] Starting CPLEX solver on instance: /home/yorig/tuner/mpils-tests/instances/miplib/easy/csched008.mps with config: /scratch/yorig/mpils-results-grid-seconds-5-4may/easy/24proc/seed-5/1_csched008_seed-5_20260504_160208/iterated_local_search/run_2_worker_23/ils_config_6060910458229090953.prm
[INFO]:[16:04:20] Starting CPLEX solver on instance: /home/yorig/tuner/mpils-tests/instances/miplib/easy/csched008.mps with config: /scratch/yorig/mpils-results-grid-seconds-5-4may/easy/24proc/seed-5/1_csched008_seed-5_20260504_160208/iterated_local_search/run_2_worker_23/ils_config_6060910458229090953.prm
[INFO]:[16:04:25] CPLEX results. Gap: 8.060000, upper bound: 186.000000, lower bound: 171.000000
[INFO]:[16:04:25] CPLEX solver finished. Gap: 8.060000
[INFO]:[16:04:25] Starting CPLEX solver on instance: /home/yorig/tuner/mpils-tests/instances/miplib/easy/csched008.mps with config: /scratch/yorig/mpils-results-grid-seconds-5-4may/easy/24proc/seed-5/1_csched008_seed-5_20260504_160208/iterated_local_search/run_2_worker_23/ils_config_11391428583994355373.prm
[INFO]:[16:04:25] Starting CPLEX solver on instance: /home/yorig/tuner/mpils-tests/instances/miplib/easy/csched008.mps with config: /scratch/yorig/mpils-results-grid-seconds-5-4may/easy/24proc/seed-5/1_csched008_seed-5_20260504_160208/iterated_local_search/run_2_worker_23/ils_config_11391428583994355373.prm
[INFO]:[16:04:30] CPLEX results. Gap: 7.570000, upper bound: 185.000000, lower bound: 171.000000
[INFO]:[16:04:30] CPLEX solver finished. Gap: 7.570000
[INFO]:[16:04:30] Local search phase completed.
[INFO]:[16:04:30] Total number of new local-search evaluations: 5
[INFO]:[16:04:30] Final incumbent objective value: 7.57
[INFO]:[16:04:30] Worker 23 completed exploration phase.
[INFO]:[16:04:30] Worker 23 received order for step 2.
[INFO]:[16:04:30] Worker 23 running expansion phase for iteration 2.
[INFO]:[16:04:30] Worker 23 will use solver log file: /scratch/yorig/mpils-results-grid-seconds-5-4may/easy/24proc/seed-5/1_csched008_seed-5_20260504_160208/solver/cplex.log_iteration_expansion_2_worker_23
[INFO]:[16:04:30] Expansion Worker 23 starting expansion for iteration 2.
[INFO]:[16:04:30] Starting CPLEX solver on instance: /home/yorig/tuner/mpils-tests/instances/miplib/easy/csched008.mps with config: /scratch/yorig/mpils-results-grid-seconds-5-4may/easy/24proc/seed-5/1_csched008_seed-5_20260504_160208/expansion/config_param_CPXPARAM_MIP_Strategy_StartAlgorithm_3_iter_2.prm
[INFO]:[16:04:35] CPLEX results. Gap: 2.270000, upper bound: 176.000000, lower bound: 172.000000
[INFO]:[16:04:35] CPLEX solver finished. Gap: 2.270000
[INFO]:[16:04:40] Expansion Worker 23 completed expansion.
[INFO]:[16:04:40] Worker 23 completed expansion phase.
[INFO]:[16:04:41] Worker 23 received order for step 1.
[INFO]:[16:04:41] Worker 23 running exploration phase for iteration 3.
[INFO]:[16:04:41] Worker 23 at iteration 3 will not use a MIP start file. Current best MIP-start upper bound threshold is 1.79769e+308.
[INFO]:[16:04:41] Starting local search phase...
[INFO]:[16:04:41] Creating local search space from parameter space file: /scratch/yorig/mpils-results-grid-seconds-5-4may/easy/24proc/seed-5/1_csched008_seed-5_20260504_160208/iterated_local_search/search_space/search_space_file_3_worker_23.txt
[INFO]:[16:04:41] Local search space loaded from file: /scratch/yorig/mpils-results-grid-seconds-5-4may/easy/24proc/seed-5/1_csched008_seed-5_20260504_160208/iterated_local_search/search_space/search_space_file_3_worker_23.txt
[INFO]:[16:04:41] Number of parameters in local search space: 71
[INFO]:[16:04:41] Number of forbidden tuples in local search space: 29
[INFO]:[16:04:41] Number of conditionals in local search space: 6
[INFO]:[16:04:41] MIP start option not enabled. Local search will proceed without MIP start.
[INFO]:[16:04:41] Evaluating initial configuration for local search phase...
[INFO]:[16:04:41] Starting CPLEX solver on instance: /home/yorig/tuner/mpils-tests/instances/miplib/easy/csched008.mps with config: /scratch/yorig/mpils-results-grid-seconds-5-4may/easy/24proc/seed-5/1_csched008_seed-5_20260504_160208/iterated_local_search/run_3_worker_23/ils_config_2500524895775731135.prm
[INFO]:[16:04:41] Starting CPLEX solver on instance: /home/yorig/tuner/mpils-tests/instances/miplib/easy/csched008.mps with config: /scratch/yorig/mpils-results-grid-seconds-5-4may/easy/24proc/seed-5/1_csched008_seed-5_20260504_160208/iterated_local_search/run_3_worker_23/ils_config_2500524895775731135.prm
[WARN]:[16:04:46] CPLEX finished without a primal feasible solution for config /scratch/yorig/mpils-results-grid-seconds-5-4may/easy/24proc/seed-5/1_csched008_seed-5_20260504_160208/iterated_local_search/run_3_worker_23/ils_config_2500524895775731135.prm.
[INFO]:[16:04:46] CPLEX results. Gap: unavailable, upper bound: null, lower bound: 171.000000
[INFO]:[16:04:46] CPLEX solver finished. Gap: 179769313486231570814527423731704356798070567525844996598917476803157260780028538760589558632766878171540458953514382464234321326889464182768467546703537516986049910576551282076245490090389328944075868508455133942304583236903222948165808559332123348274797826204144723168738177180919299881250404026184124858368.000000
[INFO]:[16:04:46] Initial configuration evaluated with objective value: 1.79769e+308
[INFO]:[16:04:46] Starting CPLEX solver on instance: /home/yorig/tuner/mpils-tests/instances/miplib/easy/csched008.mps with config: /scratch/yorig/mpils-results-grid-seconds-5-4may/easy/24proc/seed-5/1_csched008_seed-5_20260504_160208/iterated_local_search/run_3_worker_23/ils_config_14916014227660220546.prm
[INFO]:[16:04:46] Starting CPLEX solver on instance: /home/yorig/tuner/mpils-tests/instances/miplib/easy/csched008.mps with config: /scratch/yorig/mpils-results-grid-seconds-5-4may/easy/24proc/seed-5/1_csched008_seed-5_20260504_160208/iterated_local_search/run_3_worker_23/ils_config_14916014227660220546.prm
[WARN]:[16:04:51] CPLEX finished without a primal feasible solution for config /scratch/yorig/mpils-results-grid-seconds-5-4may/easy/24proc/seed-5/1_csched008_seed-5_20260504_160208/iterated_local_search/run_3_worker_23/ils_config_14916014227660220546.prm.
[INFO]:[16:04:51] CPLEX results. Gap: unavailable, upper bound: null, lower bound: 171.000000
[INFO]:[16:04:51] CPLEX solver finished. Gap: 179769313486231570814527423731704356798070567525844996598917476803157260780028538760589558632766878171540458953514382464234321326889464182768467546703537516986049910576551282076245490090389328944075868508455133942304583236903222948165808559332123348274797826204144723168738177180919299881250404026184124858368.000000
[INFO]:[16:04:51] Starting CPLEX solver on instance: /home/yorig/tuner/mpils-tests/instances/miplib/easy/csched008.mps with config: /scratch/yorig/mpils-results-grid-seconds-5-4may/easy/24proc/seed-5/1_csched008_seed-5_20260504_160208/iterated_local_search/run_3_worker_23/ils_config_13159202355297238921.prm
[INFO]:[16:04:51] Starting CPLEX solver on instance: /home/yorig/tuner/mpils-tests/instances/miplib/easy/csched008.mps with config: /scratch/yorig/mpils-results-grid-seconds-5-4may/easy/24proc/seed-5/1_csched008_seed-5_20260504_160208/iterated_local_search/run_3_worker_23/ils_config_13159202355297238921.prm
[WARN]:[16:04:56] CPLEX finished without a primal feasible solution for config /scratch/yorig/mpils-results-grid-seconds-5-4may/easy/24proc/seed-5/1_csched008_seed-5_20260504_160208/iterated_local_search/run_3_worker_23/ils_config_13159202355297238921.prm.
[INFO]:[16:04:56] CPLEX results. Gap: unavailable, upper bound: null, lower bound: 171.000000
[INFO]:[16:04:56] CPLEX solver finished. Gap: 179769313486231570814527423731704356798070567525844996598917476803157260780028538760589558632766878171540458953514382464234321326889464182768467546703537516986049910576551282076245490090389328944075868508455133942304583236903222948165808559332123348274797826204144723168738177180919299881250404026184124858368.000000
[INFO]:[16:04:56] Starting CPLEX solver on instance: /home/yorig/tuner/mpils-tests/instances/miplib/easy/csched008.mps with config: /scratch/yorig/mpils-results-grid-seconds-5-4may/easy/24proc/seed-5/1_csched008_seed-5_20260504_160208/iterated_local_search/run_3_worker_23/ils_config_8093423523706123084.prm
[INFO]:[16:04:56] Starting CPLEX solver on instance: /home/yorig/tuner/mpils-tests/instances/miplib/easy/csched008.mps with config: /scratch/yorig/mpils-results-grid-seconds-5-4may/easy/24proc/seed-5/1_csched008_seed-5_20260504_160208/iterated_local_search/run_3_worker_23/ils_config_8093423523706123084.prm
[WARN]:[16:05:01] CPLEX finished without a primal feasible solution for config /scratch/yorig/mpils-results-grid-seconds-5-4may/easy/24proc/seed-5/1_csched008_seed-5_20260504_160208/iterated_local_search/run_3_worker_23/ils_config_8093423523706123084.prm.
[INFO]:[16:05:01] CPLEX results. Gap: unavailable, upper bound: null, lower bound: 171.000000
[INFO]:[16:05:01] CPLEX solver finished. Gap: 179769313486231570814527423731704356798070567525844996598917476803157260780028538760589558632766878171540458953514382464234321326889464182768467546703537516986049910576551282076245490090389328944075868508455133942304583236903222948165808559332123348274797826204144723168738177180919299881250404026184124858368.000000
[INFO]:[16:05:01] Starting CPLEX solver on instance: /home/yorig/tuner/mpils-tests/instances/miplib/easy/csched008.mps with config: /scratch/yorig/mpils-results-grid-seconds-5-4may/easy/24proc/seed-5/1_csched008_seed-5_20260504_160208/iterated_local_search/run_3_worker_23/ils_config_5659379674835141161.prm
[INFO]:[16:05:01] Starting CPLEX solver on instance: /home/yorig/tuner/mpils-tests/instances/miplib/easy/csched008.mps with config: /scratch/yorig/mpils-results-grid-seconds-5-4may/easy/24proc/seed-5/1_csched008_seed-5_20260504_160208/iterated_local_search/run_3_worker_23/ils_config_5659379674835141161.prm
[WARN]:[16:05:06] CPLEX finished without a primal feasible solution for config /scratch/yorig/mpils-results-grid-seconds-5-4may/easy/24proc/seed-5/1_csched008_seed-5_20260504_160208/iterated_local_search/run_3_worker_23/ils_config_5659379674835141161.prm.
[INFO]:[16:05:06] CPLEX results. Gap: unavailable, upper bound: null, lower bound: 171.000000
[INFO]:[16:05:06] CPLEX solver finished. Gap: 179769313486231570814527423731704356798070567525844996598917476803157260780028538760589558632766878171540458953514382464234321326889464182768467546703537516986049910576551282076245490090389328944075868508455133942304583236903222948165808559332123348274797826204144723168738177180919299881250404026184124858368.000000
[INFO]:[16:05:06] Local search phase completed.
[INFO]:[16:05:06] Total number of new local-search evaluations: 5
[INFO]:[16:05:06] Final incumbent objective value: 1.79769e+308
[INFO]:[16:05:06] Worker 23 completed exploration phase.
[INFO]:[16:05:06] Worker 23 received order for step 2.
[INFO]:[16:05:06] Worker 23 running expansion phase for iteration 3.
[INFO]:[16:05:06] Worker 23 will use solver log file: /scratch/yorig/mpils-results-grid-seconds-5-4may/easy/24proc/seed-5/1_csched008_seed-5_20260504_160208/solver/cplex.log_iteration_expansion_3_worker_23
[INFO]:[16:05:06] Expansion Worker 23 starting expansion for iteration 3.
[INFO]:[16:05:06] Starting CPLEX solver on instance: /home/yorig/tuner/mpils-tests/instances/miplib/easy/csched008.mps with config: /scratch/yorig/mpils-results-grid-seconds-5-4may/easy/24proc/seed-5/1_csched008_seed-5_20260504_160208/expansion/config_param_CPXPARAM_Barrier_StartAlg_4_iter_3.prm
[INFO]:[16:05:11] CPLEX results. Gap: 0.580000, upper bound: 173.000000, lower bound: 172.000000
[INFO]:[16:05:11] CPLEX solver finished. Gap: 0.580000
[INFO]:[16:05:16] Expansion Worker 23 completed expansion.
[INFO]:[16:05:16] Worker 23 completed expansion phase.
[INFO]:[16:05:17] Worker 23 received order for step 1.
[INFO]:[16:05:17] Worker 23 running exploration phase for iteration 4.
[INFO]:[16:05:17] Worker 23 at iteration 4 will not use a MIP start file. Current best MIP-start upper bound threshold is 1.79769e+308.
[INFO]:[16:05:17] Starting local search phase...
[INFO]:[16:05:17] Creating local search space from parameter space file: /scratch/yorig/mpils-results-grid-seconds-5-4may/easy/24proc/seed-5/1_csched008_seed-5_20260504_160208/iterated_local_search/search_space/search_space_file_4_worker_23.txt
[INFO]:[16:05:17] Local search space loaded from file: /scratch/yorig/mpils-results-grid-seconds-5-4may/easy/24proc/seed-5/1_csched008_seed-5_20260504_160208/iterated_local_search/search_space/search_space_file_4_worker_23.txt
[INFO]:[16:05:17] Number of parameters in local search space: 71
[INFO]:[16:05:17] Number of forbidden tuples in local search space: 48
[INFO]:[16:05:17] Number of conditionals in local search space: 6
[INFO]:[16:05:17] MIP start option not enabled. Local search will proceed without MIP start.
[INFO]:[16:05:17] Evaluating initial configuration for local search phase...
[INFO]:[16:05:17] Starting CPLEX solver on instance: /home/yorig/tuner/mpils-tests/instances/miplib/easy/csched008.mps with config: /scratch/yorig/mpils-results-grid-seconds-5-4may/easy/24proc/seed-5/1_csched008_seed-5_20260504_160208/iterated_local_search/run_4_worker_23/ils_config_9067170265665677857.prm
[INFO]:[16:05:17] Starting CPLEX solver on instance: /home/yorig/tuner/mpils-tests/instances/miplib/easy/csched008.mps with config: /scratch/yorig/mpils-results-grid-seconds-5-4may/easy/24proc/seed-5/1_csched008_seed-5_20260504_160208/iterated_local_search/run_4_worker_23/ils_config_9067170265665677857.prm
[INFO]:[16:05:22] CPLEX results. Gap: 2.270000, upper bound: 176.000000, lower bound: 172.000000
[INFO]:[16:05:22] CPLEX solver finished. Gap: 2.270000
[INFO]:[16:05:22] Initial configuration evaluated with objective value: 2.27
[INFO]:[16:05:22] Starting CPLEX solver on instance: /home/yorig/tuner/mpils-tests/instances/miplib/easy/csched008.mps with config: /scratch/yorig/mpils-results-grid-seconds-5-4may/easy/24proc/seed-5/1_csched008_seed-5_20260504_160208/iterated_local_search/run_4_worker_23/ils_config_17645096958731103955.prm
[INFO]:[16:05:22] Starting CPLEX solver on instance: /home/yorig/tuner/mpils-tests/instances/miplib/easy/csched008.mps with config: /scratch/yorig/mpils-results-grid-seconds-5-4may/easy/24proc/seed-5/1_csched008_seed-5_20260504_160208/iterated_local_search/run_4_worker_23/ils_config_17645096958731103955.prm
[INFO]:[16:05:27] CPLEX results. Gap: 5.520000, upper bound: 181.000000, lower bound: 171.000000
[INFO]:[16:05:27] CPLEX solver finished. Gap: 5.520000
[INFO]:[16:05:27] Starting CPLEX solver on instance: /home/yorig/tuner/mpils-tests/instances/miplib/easy/csched008.mps with config: /scratch/yorig/mpils-results-grid-seconds-5-4may/easy/24proc/seed-5/1_csched008_seed-5_20260504_160208/iterated_local_search/run_4_worker_23/ils_config_2569288397559208036.prm
[INFO]:[16:05:27] Starting CPLEX solver on instance: /home/yorig/tuner/mpils-tests/instances/miplib/easy/csched008.mps with config: /scratch/yorig/mpils-results-grid-seconds-5-4may/easy/24proc/seed-5/1_csched008_seed-5_20260504_160208/iterated_local_search/run_4_worker_23/ils_config_2569288397559208036.prm
[INFO]:[16:05:32] CPLEX results. Gap: 5.520000, upper bound: 181.000000, lower bound: 171.000000
[INFO]:[16:05:32] CPLEX solver finished. Gap: 5.520000
[INFO]:[16:05:32] Starting CPLEX solver on instance: /home/yorig/tuner/mpils-tests/instances/miplib/easy/csched008.mps with config: /scratch/yorig/mpils-results-grid-seconds-5-4may/easy/24proc/seed-5/1_csched008_seed-5_20260504_160208/iterated_local_search/run_4_worker_23/ils_config_4317434585902852485.prm
[INFO]:[16:05:32] Starting CPLEX solver on instance: /home/yorig/tuner/mpils-tests/instances/miplib/easy/csched008.mps with config: /scratch/yorig/mpils-results-grid-seconds-5-4may/easy/24proc/seed-5/1_csched008_seed-5_20260504_160208/iterated_local_search/run_4_worker_23/ils_config_4317434585902852485.prm
[INFO]:[16:05:37] CPLEX results. Gap: 5.520000, upper bound: 181.000000, lower bound: 171.000000
[INFO]:[16:05:37] CPLEX solver finished. Gap: 5.520000
[INFO]:[16:05:37] Starting CPLEX solver on instance: /home/yorig/tuner/mpils-tests/instances/miplib/easy/csched008.mps with config: /scratch/yorig/mpils-results-grid-seconds-5-4may/easy/24proc/seed-5/1_csched008_seed-5_20260504_160208/iterated_local_search/run_4_worker_23/ils_config_6679642720820159753.prm
[INFO]:[16:05:37] Starting CPLEX solver on instance: /home/yorig/tuner/mpils-tests/instances/miplib/easy/csched008.mps with config: /scratch/yorig/mpils-results-grid-seconds-5-4may/easy/24proc/seed-5/1_csched008_seed-5_20260504_160208/iterated_local_search/run_4_worker_23/ils_config_6679642720820159753.prm
[INFO]:[16:05:42] CPLEX results. Gap: 5.520000, upper bound: 181.000000, lower bound: 171.000000
[INFO]:[16:05:42] CPLEX solver finished. Gap: 5.520000
[INFO]:[16:05:42] Starting CPLEX solver on instance: /home/yorig/tuner/mpils-tests/instances/miplib/easy/csched008.mps with config: /scratch/yorig/mpils-results-grid-seconds-5-4may/easy/24proc/seed-5/1_csched008_seed-5_20260504_160208/iterated_local_search/run_4_worker_23/ils_config_2833592317764097658.prm
[INFO]:[16:05:42] Starting CPLEX solver on instance: /home/yorig/tuner/mpils-tests/instances/miplib/easy/csched008.mps with config: /scratch/yorig/mpils-results-grid-seconds-5-4may/easy/24proc/seed-5/1_csched008_seed-5_20260504_160208/iterated_local_search/run_4_worker_23/ils_config_2833592317764097658.prm
[INFO]:[16:05:47] CPLEX results. Gap: 8.060000, upper bound: 186.000000, lower bound: 171.000000
[INFO]:[16:05:47] CPLEX solver finished. Gap: 8.060000
[INFO]:[16:05:47] Starting CPLEX solver on instance: /home/yorig/tuner/mpils-tests/instances/miplib/easy/csched008.mps with config: /scratch/yorig/mpils-results-grid-seconds-5-4may/easy/24proc/seed-5/1_csched008_seed-5_20260504_160208/iterated_local_search/run_4_worker_23/ils_config_11141062850577938292.prm
[INFO]:[16:05:47] Starting CPLEX solver on instance: /home/yorig/tuner/mpils-tests/instances/miplib/easy/csched008.mps with config: /scratch/yorig/mpils-results-grid-seconds-5-4may/easy/24proc/seed-5/1_csched008_seed-5_20260504_160208/iterated_local_search/run_4_worker_23/ils_config_11141062850577938292.prm
[INFO]:[16:05:52] CPLEX results. Gap: 2.280000, upper bound: 175.000000, lower bound: 171.010721
[INFO]:[16:05:52] CPLEX solver finished. Gap: 2.280000
[INFO]:[16:05:52] Local search phase completed.
[INFO]:[16:05:52] Total number of new local-search evaluations: 7
[INFO]:[16:05:52] Final incumbent objective value: 2.27
[INFO]:[16:05:52] Worker 23 completed exploration phase.
[INFO]:[16:05:52] Worker 23 received order for step 2.
[INFO]:[16:05:52] Worker 23 running expansion phase for iteration 4.
[INFO]:[16:05:52] Worker 23 will use solver log file: /scratch/yorig/mpils-results-grid-seconds-5-4may/easy/24proc/seed-5/1_csched008_seed-5_20260504_160208/solver/cplex.log_iteration_expansion_4_worker_23
[INFO]:[16:05:52] Expansion Worker 23 starting expansion for iteration 4.
[INFO]:[16:05:52] Starting CPLEX solver on instance: /home/yorig/tuner/mpils-tests/instances/miplib/easy/csched008.mps with config: /scratch/yorig/mpils-results-grid-seconds-5-4may/easy/24proc/seed-5/1_csched008_seed-5_20260504_160208/expansion/config_param_CPXPARAM_Preprocessing_Reduce_1_iter_4.prm
[INFO]:[16:05:57] CPLEX results. Gap: 4.970000, upper bound: 180.000000, lower bound: 171.058140
[INFO]:[16:05:57] CPLEX solver finished. Gap: 4.970000
[INFO]:[16:06:02] Expansion Worker 23 completed expansion.
[INFO]:[16:06:02] Worker 23 completed expansion phase.
[INFO]:[16:06:03] Worker 23 received order for step 1.
[INFO]:[16:06:03] Worker 23 running exploration phase for iteration 5.
[INFO]:[16:06:03] Worker 23 at iteration 5 will not use a MIP start file. Current best MIP-start upper bound threshold is 1.79769e+308.
[INFO]:[16:06:03] Starting local search phase...
[INFO]:[16:06:03] Creating local search space from parameter space file: /scratch/yorig/mpils-results-grid-seconds-5-4may/easy/24proc/seed-5/1_csched008_seed-5_20260504_160208/iterated_local_search/search_space/search_space_file_5_worker_23.txt
[INFO]:[16:06:03] Local search space loaded from file: /scratch/yorig/mpils-results-grid-seconds-5-4may/easy/24proc/seed-5/1_csched008_seed-5_20260504_160208/iterated_local_search/search_space/search_space_file_5_worker_23.txt
[INFO]:[16:06:03] Number of parameters in local search space: 71
[INFO]:[16:06:03] Number of forbidden tuples in local search space: 76
[INFO]:[16:06:03] Number of conditionals in local search space: 6
[INFO]:[16:06:03] MIP start option not enabled. Local search will proceed without MIP start.
[INFO]:[16:06:03] Evaluating initial configuration for local search phase...
[INFO]:[16:06:03] Starting CPLEX solver on instance: /home/yorig/tuner/mpils-tests/instances/miplib/easy/csched008.mps with config: /scratch/yorig/mpils-results-grid-seconds-5-4may/easy/24proc/seed-5/1_csched008_seed-5_20260504_160208/iterated_local_search/run_5_worker_23/ils_config_18017196545770869762.prm
[INFO]:[16:06:03] Starting CPLEX solver on instance: /home/yorig/tuner/mpils-tests/instances/miplib/easy/csched008.mps with config: /scratch/yorig/mpils-results-grid-seconds-5-4may/easy/24proc/seed-5/1_csched008_seed-5_20260504_160208/iterated_local_search/run_5_worker_23/ils_config_18017196545770869762.prm
[INFO]:[16:06:09] CPLEX results. Gap: 3.390000, upper bound: 177.000000, lower bound: 171.000000
[INFO]:[16:06:09] CPLEX solver finished. Gap: 3.390000
[INFO]:[16:06:09] Initial configuration evaluated with objective value: 3.39
[INFO]:[16:06:09] Starting CPLEX solver on instance: /home/yorig/tuner/mpils-tests/instances/miplib/easy/csched008.mps with config: /scratch/yorig/mpils-results-grid-seconds-5-4may/easy/24proc/seed-5/1_csched008_seed-5_20260504_160208/iterated_local_search/run_5_worker_23/ils_config_4299555607864748395.prm
[INFO]:[16:06:09] Starting CPLEX solver on instance: /home/yorig/tuner/mpils-tests/instances/miplib/easy/csched008.mps with config: /scratch/yorig/mpils-results-grid-seconds-5-4may/easy/24proc/seed-5/1_csched008_seed-5_20260504_160208/iterated_local_search/run_5_worker_23/ils_config_4299555607864748395.prm
[INFO]:[16:06:14] CPLEX results. Gap: 5.000000, upper bound: 180.000000, lower bound: 171.000000
[INFO]:[16:06:14] CPLEX solver finished. Gap: 5.000000
[INFO]:[16:06:14] Starting CPLEX solver on instance: /home/yorig/tuner/mpils-tests/instances/miplib/easy/csched008.mps with config: /scratch/yorig/mpils-results-grid-seconds-5-4may/easy/24proc/seed-5/1_csched008_seed-5_20260504_160208/iterated_local_search/run_5_worker_23/ils_config_4070085967448679572.prm
[INFO]:[16:06:14] Starting CPLEX solver on instance: /home/yorig/tuner/mpils-tests/instances/miplib/easy/csched008.mps with config: /scratch/yorig/mpils-results-grid-seconds-5-4may/easy/24proc/seed-5/1_csched008_seed-5_20260504_160208/iterated_local_search/run_5_worker_23/ils_config_4070085967448679572.prm
[INFO]:[16:06:19] CPLEX results. Gap: 5.520000, upper bound: 181.000000, lower bound: 171.000000
[INFO]:[16:06:19] CPLEX solver finished. Gap: 5.520000
[INFO]:[16:06:19] Starting CPLEX solver on instance: /home/yorig/tuner/mpils-tests/instances/miplib/easy/csched008.mps with config: /scratch/yorig/mpils-results-grid-seconds-5-4may/easy/24proc/seed-5/1_csched008_seed-5_20260504_160208/iterated_local_search/run_5_worker_23/ils_config_13773278480035159536.prm
[INFO]:[16:06:19] Starting CPLEX solver on instance: /home/yorig/tuner/mpils-tests/instances/miplib/easy/csched008.mps with config: /scratch/yorig/mpils-results-grid-seconds-5-4may/easy/24proc/seed-5/1_csched008_seed-5_20260504_160208/iterated_local_search/run_5_worker_23/ils_config_13773278480035159536.prm
[INFO]:[16:06:24] CPLEX results. Gap: 3.390000, upper bound: 177.000000, lower bound: 171.000000
[INFO]:[16:06:24] CPLEX solver finished. Gap: 3.390000
[INFO]:[16:06:24] Starting CPLEX solver on instance: /home/yorig/tuner/mpils-tests/instances/miplib/easy/csched008.mps with config: /scratch/yorig/mpils-results-grid-seconds-5-4may/easy/24proc/seed-5/1_csched008_seed-5_20260504_160208/iterated_local_search/run_5_worker_23/ils_config_11947190425605726137.prm
[INFO]:[16:06:24] Starting CPLEX solver on instance: /home/yorig/tuner/mpils-tests/instances/miplib/easy/csched008.mps with config: /scratch/yorig/mpils-results-grid-seconds-5-4may/easy/24proc/seed-5/1_csched008_seed-5_20260504_160208/iterated_local_search/run_5_worker_23/ils_config_11947190425605726137.prm
[INFO]:[16:06:29] CPLEX results. Gap: 3.390000, upper bound: 177.000000, lower bound: 171.000000
[INFO]:[16:06:29] CPLEX solver finished. Gap: 3.390000
[INFO]:[16:06:29] Starting CPLEX solver on instance: /home/yorig/tuner/mpils-tests/instances/miplib/easy/csched008.mps with config: /scratch/yorig/mpils-results-grid-seconds-5-4may/easy/24proc/seed-5/1_csched008_seed-5_20260504_160208/iterated_local_search/run_5_worker_23/ils_config_1637605879613699694.prm
[INFO]:[16:06:29] Starting CPLEX solver on instance: /home/yorig/tuner/mpils-tests/instances/miplib/easy/csched008.mps with config: /scratch/yorig/mpils-results-grid-seconds-5-4may/easy/24proc/seed-5/1_csched008_seed-5_20260504_160208/iterated_local_search/run_5_worker_23/ils_config_1637605879613699694.prm
[INFO]:[16:06:34] CPLEX results. Gap: 8.560000, upper bound: 187.000000, lower bound: 171.000000
[INFO]:[16:06:34] CPLEX solver finished. Gap: 8.560000
[INFO]:[16:06:34] Starting CPLEX solver on instance: /home/yorig/tuner/mpils-tests/instances/miplib/easy/csched008.mps with config: /scratch/yorig/mpils-results-grid-seconds-5-4may/easy/24proc/seed-5/1_csched008_seed-5_20260504_160208/iterated_local_search/run_5_worker_23/ils_config_6505962196963674253.prm
[INFO]:[16:06:34] Starting CPLEX solver on instance: /home/yorig/tuner/mpils-tests/instances/miplib/easy/csched008.mps with config: /scratch/yorig/mpils-results-grid-seconds-5-4may/easy/24proc/seed-5/1_csched008_seed-5_20260504_160208/iterated_local_search/run_5_worker_23/ils_config_6505962196963674253.prm
[INFO]:[16:06:39] CPLEX results. Gap: 3.390000, upper bound: 177.000000, lower bound: 171.000000
[INFO]:[16:06:39] CPLEX solver finished. Gap: 3.390000
[INFO]:[16:06:39] Starting CPLEX solver on instance: /home/yorig/tuner/mpils-tests/instances/miplib/easy/csched008.mps with config: /scratch/yorig/mpils-results-grid-seconds-5-4may/easy/24proc/seed-5/1_csched008_seed-5_20260504_160208/iterated_local_search/run_5_worker_23/ils_config_6965292616620637526.prm
[INFO]:[16:06:39] Starting CPLEX solver on instance: /home/yorig/tuner/mpils-tests/instances/miplib/easy/csched008.mps with config: /scratch/yorig/mpils-results-grid-seconds-5-4may/easy/24proc/seed-5/1_csched008_seed-5_20260504_160208/iterated_local_search/run_5_worker_23/ils_config_6965292616620637526.prm
[INFO]:[16:06:44] CPLEX results. Gap: 5.520000, upper bound: 181.000000, lower bound: 171.000000
[INFO]:[16:06:44] CPLEX solver finished. Gap: 5.520000
[INFO]:[16:06:44] Starting CPLEX solver on instance: /home/yorig/tuner/mpils-tests/instances/miplib/easy/csched008.mps with config: /scratch/yorig/mpils-results-grid-seconds-5-4may/easy/24proc/seed-5/1_csched008_seed-5_20260504_160208/iterated_local_search/run_5_worker_23/ils_config_3287533315579655971.prm
[INFO]:[16:06:44] Starting CPLEX solver on instance: /home/yorig/tuner/mpils-tests/instances/miplib/easy/csched008.mps with config: /scratch/yorig/mpils-results-grid-seconds-5-4may/easy/24proc/seed-5/1_csched008_seed-5_20260504_160208/iterated_local_search/run_5_worker_23/ils_config_3287533315579655971.prm
[INFO]:[16:06:49] CPLEX results. Gap: 3.390000, upper bound: 177.000000, lower bound: 171.000000
[INFO]:[16:06:49] CPLEX solver finished. Gap: 3.390000
[INFO]:[16:06:49] Starting CPLEX solver on instance: /home/yorig/tuner/mpils-tests/instances/miplib/easy/csched008.mps with config: /scratch/yorig/mpils-results-grid-seconds-5-4may/easy/24proc/seed-5/1_csched008_seed-5_20260504_160208/iterated_local_search/run_5_worker_23/ils_config_5940647162186230066.prm
[INFO]:[16:06:49] Starting CPLEX solver on instance: /home/yorig/tuner/mpils-tests/instances/miplib/easy/csched008.mps with config: /scratch/yorig/mpils-results-grid-seconds-5-4may/easy/24proc/seed-5/1_csched008_seed-5_20260504_160208/iterated_local_search/run_5_worker_23/ils_config_5940647162186230066.prm
[INFO]:[16:06:54] CPLEX results. Gap: 7.070000, upper bound: 184.000000, lower bound: 171.000000
[INFO]:[16:06:54] CPLEX solver finished. Gap: 7.070000
[INFO]:[16:06:54] Starting CPLEX solver on instance: /home/yorig/tuner/mpils-tests/instances/miplib/easy/csched008.mps with config: /scratch/yorig/mpils-results-grid-seconds-5-4may/easy/24proc/seed-5/1_csched008_seed-5_20260504_160208/iterated_local_search/run_5_worker_23/ils_config_16160062647356606521.prm
[INFO]:[16:06:54] Starting CPLEX solver on instance: /home/yorig/tuner/mpils-tests/instances/miplib/easy/csched008.mps with config: /scratch/yorig/mpils-results-grid-seconds-5-4may/easy/24proc/seed-5/1_csched008_seed-5_20260504_160208/iterated_local_search/run_5_worker_23/ils_config_16160062647356606521.prm
[INFO]:[16:06:59] CPLEX results. Gap: 5.520000, upper bound: 181.000000, lower bound: 171.000000
[INFO]:[16:06:59] CPLEX solver finished. Gap: 5.520000
[INFO]:[16:06:59] Starting CPLEX solver on instance: /home/yorig/tuner/mpils-tests/instances/miplib/easy/csched008.mps with config: /scratch/yorig/mpils-results-grid-seconds-5-4may/easy/24proc/seed-5/1_csched008_seed-5_20260504_160208/iterated_local_search/run_5_worker_23/ils_config_6516023620971668398.prm
[INFO]:[16:06:59] Starting CPLEX solver on instance: /home/yorig/tuner/mpils-tests/instances/miplib/easy/csched008.mps with config: /scratch/yorig/mpils-results-grid-seconds-5-4may/easy/24proc/seed-5/1_csched008_seed-5_20260504_160208/iterated_local_search/run_5_worker_23/ils_config_6516023620971668398.prm
[INFO]:[16:07:04] CPLEX results. Gap: 3.390000, upper bound: 177.000000, lower bound: 171.000000
[INFO]:[16:07:04] CPLEX solver finished. Gap: 3.390000
[INFO]:[16:07:04] Starting CPLEX solver on instance: /home/yorig/tuner/mpils-tests/instances/miplib/easy/csched008.mps with config: /scratch/yorig/mpils-results-grid-seconds-5-4may/easy/24proc/seed-5/1_csched008_seed-5_20260504_160208/iterated_local_search/run_5_worker_23/ils_config_11201804211183020720.prm
[INFO]:[16:07:04] Starting CPLEX solver on instance: /home/yorig/tuner/mpils-tests/instances/miplib/easy/csched008.mps with config: /scratch/yorig/mpils-results-grid-seconds-5-4may/easy/24proc/seed-5/1_csched008_seed-5_20260504_160208/iterated_local_search/run_5_worker_23/ils_config_11201804211183020720.prm
[INFO]:[16:07:09] CPLEX results. Gap: 5.520000, upper bound: 181.000000, lower bound: 171.000000
[INFO]:[16:07:09] CPLEX solver finished. Gap: 5.520000
[INFO]:[16:07:09] Starting CPLEX solver on instance: /home/yorig/tuner/mpils-tests/instances/miplib/easy/csched008.mps with config: /scratch/yorig/mpils-results-grid-seconds-5-4may/easy/24proc/seed-5/1_csched008_seed-5_20260504_160208/iterated_local_search/run_5_worker_23/ils_config_4946741484168281251.prm
[INFO]:[16:07:09] Starting CPLEX solver on instance: /home/yorig/tuner/mpils-tests/instances/miplib/easy/csched008.mps with config: /scratch/yorig/mpils-results-grid-seconds-5-4may/easy/24proc/seed-5/1_csched008_seed-5_20260504_160208/iterated_local_search/run_5_worker_23/ils_config_4946741484168281251.prm
[INFO]:[16:07:14] CPLEX results. Gap: 5.520000, upper bound: 181.000000, lower bound: 171.000000
[INFO]:[16:07:14] CPLEX solver finished. Gap: 5.520000
[INFO]:[16:07:14] Starting CPLEX solver on instance: /home/yorig/tuner/mpils-tests/instances/miplib/easy/csched008.mps with config: /scratch/yorig/mpils-results-grid-seconds-5-4may/easy/24proc/seed-5/1_csched008_seed-5_20260504_160208/iterated_local_search/run_5_worker_23/ils_config_15442696724709858721.prm
[INFO]:[16:07:14] Starting CPLEX solver on instance: /home/yorig/tuner/mpils-tests/instances/miplib/easy/csched008.mps with config: /scratch/yorig/mpils-results-grid-seconds-5-4may/easy/24proc/seed-5/1_csched008_seed-5_20260504_160208/iterated_local_search/run_5_worker_23/ils_config_15442696724709858721.prm
[INFO]:[16:07:19] CPLEX results. Gap: 5.520000, upper bound: 181.000000, lower bound: 171.000000
[INFO]:[16:07:19] CPLEX solver finished. Gap: 5.520000
[INFO]:[16:07:19] Starting CPLEX solver on instance: /home/yorig/tuner/mpils-tests/instances/miplib/easy/csched008.mps with config: /scratch/yorig/mpils-results-grid-seconds-5-4may/easy/24proc/seed-5/1_csched008_seed-5_20260504_160208/iterated_local_search/run_5_worker_23/ils_config_563846538932463901.prm
[INFO]:[16:07:19] Starting CPLEX solver on instance: /home/yorig/tuner/mpils-tests/instances/miplib/easy/csched008.mps with config: /scratch/yorig/mpils-results-grid-seconds-5-4may/easy/24proc/seed-5/1_csched008_seed-5_20260504_160208/iterated_local_search/run_5_worker_23/ils_config_563846538932463901.prm
[INFO]:[16:07:24] CPLEX results. Gap: 5.520000, upper bound: 181.000000, lower bound: 171.000000
[INFO]:[16:07:24] CPLEX solver finished. Gap: 5.520000
[INFO]:[16:07:24] Starting CPLEX solver on instance: /home/yorig/tuner/mpils-tests/instances/miplib/easy/csched008.mps with config: /scratch/yorig/mpils-results-grid-seconds-5-4may/easy/24proc/seed-5/1_csched008_seed-5_20260504_160208/iterated_local_search/run_5_worker_23/ils_config_2188514797850586241.prm
[INFO]:[16:07:24] Starting CPLEX solver on instance: /home/yorig/tuner/mpils-tests/instances/miplib/easy/csched008.mps with config: /scratch/yorig/mpils-results-grid-seconds-5-4may/easy/24proc/seed-5/1_csched008_seed-5_20260504_160208/iterated_local_search/run_5_worker_23/ils_config_2188514797850586241.prm
[INFO]:[16:07:29] CPLEX results. Gap: 3.390000, upper bound: 177.000000, lower bound: 171.000000
[INFO]:[16:07:29] CPLEX solver finished. Gap: 3.390000
[INFO]:[16:07:29] Starting CPLEX solver on instance: /home/yorig/tuner/mpils-tests/instances/miplib/easy/csched008.mps with config: /scratch/yorig/mpils-results-grid-seconds-5-4may/easy/24proc/seed-5/1_csched008_seed-5_20260504_160208/iterated_local_search/run_5_worker_23/ils_config_13292695152164907757.prm
[INFO]:[16:07:29] Starting CPLEX solver on instance: /home/yorig/tuner/mpils-tests/instances/miplib/easy/csched008.mps with config: /scratch/yorig/mpils-results-grid-seconds-5-4may/easy/24proc/seed-5/1_csched008_seed-5_20260504_160208/iterated_local_search/run_5_worker_23/ils_config_13292695152164907757.prm
[INFO]:[16:07:34] CPLEX results. Gap: 3.390000, upper bound: 177.000000, lower bound: 171.000000
[INFO]:[16:07:34] CPLEX solver finished. Gap: 3.390000
[INFO]:[16:07:34] Local search phase completed.
[INFO]:[16:07:34] Total number of new local-search evaluations: 18
[INFO]:[16:07:34] Final incumbent objective value: 3.39
[INFO]:[16:07:34] Worker 23 completed exploration phase.
[INFO]:[16:07:34] Worker 23 received order for step 2.
[INFO]:[16:07:34] Worker 23 running expansion phase for iteration 5.
[INFO]:[16:07:34] Worker 23 will use solver log file: /scratch/yorig/mpils-results-grid-seconds-5-4may/easy/24proc/seed-5/1_csched008_seed-5_20260504_160208/solver/cplex.log_iteration_expansion_5_worker_23
[INFO]:[16:07:34] Expansion Worker 23 starting expansion for iteration 5.
[INFO]:[16:07:34] Starting CPLEX solver on instance: /home/yorig/tuner/mpils-tests/instances/miplib/easy/csched008.mps with config: /scratch/yorig/mpils-results-grid-seconds-5-4may/easy/24proc/seed-5/1_csched008_seed-5_20260504_160208/expansion/config_param_CPXPARAM_Barrier_Algorithm_3_iter_5.prm
[INFO]:[16:07:39] CPLEX results. Gap: 0.580000, upper bound: 173.000000, lower bound: 172.000000
[INFO]:[16:07:39] CPLEX solver finished. Gap: 0.580000
[INFO]:[16:07:44] Expansion Worker 23 completed expansion.
[INFO]:[16:07:44] Worker 23 completed expansion phase.
[INFO]:[16:07:46] Worker 23 received order for step 1.
[INFO]:[16:07:46] Worker 23 running exploration phase for iteration 6.
[INFO]:[16:07:46] Worker 23 at iteration 6 will not use a MIP start file. Current best MIP-start upper bound threshold is 1.79769e+308.
[INFO]:[16:07:46] Starting local search phase...
[INFO]:[16:07:46] Creating local search space from parameter space file: /scratch/yorig/mpils-results-grid-seconds-5-4may/easy/24proc/seed-5/1_csched008_seed-5_20260504_160208/iterated_local_search/search_space/search_space_file_6_worker_23.txt
[INFO]:[16:07:46] Local search space loaded from file: /scratch/yorig/mpils-results-grid-seconds-5-4may/easy/24proc/seed-5/1_csched008_seed-5_20260504_160208/iterated_local_search/search_space/search_space_file_6_worker_23.txt
[INFO]:[16:07:46] Number of parameters in local search space: 71
[INFO]:[16:07:46] Number of forbidden tuples in local search space: 109
[INFO]:[16:07:46] Number of conditionals in local search space: 6
[INFO]:[16:07:46] MIP start option not enabled. Local search will proceed without MIP start.
[INFO]:[16:07:46] Evaluating initial configuration for local search phase...
[INFO]:[16:07:46] Starting CPLEX solver on instance: /home/yorig/tuner/mpils-tests/instances/miplib/easy/csched008.mps with config: /scratch/yorig/mpils-results-grid-seconds-5-4may/easy/24proc/seed-5/1_csched008_seed-5_20260504_160208/iterated_local_search/run_6_worker_23/ils_config_7568682653174457011.prm
[INFO]:[16:07:46] Starting CPLEX solver on instance: /home/yorig/tuner/mpils-tests/instances/miplib/easy/csched008.mps with config: /scratch/yorig/mpils-results-grid-seconds-5-4may/easy/24proc/seed-5/1_csched008_seed-5_20260504_160208/iterated_local_search/run_6_worker_23/ils_config_7568682653174457011.prm
[WARN]:[16:07:51] CPLEX finished without a primal feasible solution for config /scratch/yorig/mpils-results-grid-seconds-5-4may/easy/24proc/seed-5/1_csched008_seed-5_20260504_160208/iterated_local_search/run_6_worker_23/ils_config_7568682653174457011.prm.
[INFO]:[16:07:51] CPLEX results. Gap: unavailable, upper bound: null, lower bound: 171.000000
[INFO]:[16:07:51] CPLEX solver finished. Gap: 179769313486231570814527423731704356798070567525844996598917476803157260780028538760589558632766878171540458953514382464234321326889464182768467546703537516986049910576551282076245490090389328944075868508455133942304583236903222948165808559332123348274797826204144723168738177180919299881250404026184124858368.000000
[INFO]:[16:07:51] Initial configuration evaluated with objective value: 1.79769e+308
[INFO]:[16:07:52] Starting CPLEX solver on instance: /home/yorig/tuner/mpils-tests/instances/miplib/easy/csched008.mps with config: /scratch/yorig/mpils-results-grid-seconds-5-4may/easy/24proc/seed-5/1_csched008_seed-5_20260504_160208/iterated_local_search/run_6_worker_23/ils_config_11689491653981535759.prm
[INFO]:[16:07:52] Starting CPLEX solver on instance: /home/yorig/tuner/mpils-tests/instances/miplib/easy/csched008.mps with config: /scratch/yorig/mpils-results-grid-seconds-5-4may/easy/24proc/seed-5/1_csched008_seed-5_20260504_160208/iterated_local_search/run_6_worker_23/ils_config_11689491653981535759.prm
[WARN]:[16:07:57] CPLEX finished without a primal feasible solution for config /scratch/yorig/mpils-results-grid-seconds-5-4may/easy/24proc/seed-5/1_csched008_seed-5_20260504_160208/iterated_local_search/run_6_worker_23/ils_config_11689491653981535759.prm.
[INFO]:[16:07:57] CPLEX results. Gap: unavailable, upper bound: null, lower bound: 171.000000
[INFO]:[16:07:57] CPLEX solver finished. Gap: 179769313486231570814527423731704356798070567525844996598917476803157260780028538760589558632766878171540458953514382464234321326889464182768467546703537516986049910576551282076245490090389328944075868508455133942304583236903222948165808559332123348274797826204144723168738177180919299881250404026184124858368.000000
[INFO]:[16:07:57] Starting CPLEX solver on instance: /home/yorig/tuner/mpils-tests/instances/miplib/easy/csched008.mps with config: /scratch/yorig/mpils-results-grid-seconds-5-4may/easy/24proc/seed-5/1_csched008_seed-5_20260504_160208/iterated_local_search/run_6_worker_23/ils_config_5247398874938123999.prm
[INFO]:[16:07:57] Starting CPLEX solver on instance: /home/yorig/tuner/mpils-tests/instances/miplib/easy/csched008.mps with config: /scratch/yorig/mpils-results-grid-seconds-5-4may/easy/24proc/seed-5/1_csched008_seed-5_20260504_160208/iterated_local_search/run_6_worker_23/ils_config_5247398874938123999.prm
[WARN]:[16:08:02] CPLEX finished without a primal feasible solution for config /scratch/yorig/mpils-results-grid-seconds-5-4may/easy/24proc/seed-5/1_csched008_seed-5_20260504_160208/iterated_local_search/run_6_worker_23/ils_config_5247398874938123999.prm.
[INFO]:[16:08:02] CPLEX results. Gap: unavailable, upper bound: null, lower bound: 171.000000
[INFO]:[16:08:02] CPLEX solver finished. Gap: 179769313486231570814527423731704356798070567525844996598917476803157260780028538760589558632766878171540458953514382464234321326889464182768467546703537516986049910576551282076245490090389328944075868508455133942304583236903222948165808559332123348274797826204144723168738177180919299881250404026184124858368.000000
[INFO]:[16:08:02] Starting CPLEX solver on instance: /home/yorig/tuner/mpils-tests/instances/miplib/easy/csched008.mps with config: /scratch/yorig/mpils-results-grid-seconds-5-4may/easy/24proc/seed-5/1_csched008_seed-5_20260504_160208/iterated_local_search/run_6_worker_23/ils_config_17906813615177123571.prm
[INFO]:[16:08:02] Starting CPLEX solver on instance: /home/yorig/tuner/mpils-tests/instances/miplib/easy/csched008.mps with config: /scratch/yorig/mpils-results-grid-seconds-5-4may/easy/24proc/seed-5/1_csched008_seed-5_20260504_160208/iterated_local_search/run_6_worker_23/ils_config_17906813615177123571.prm
[WARN]:[16:08:07] CPLEX finished without a primal feasible solution for config /scratch/yorig/mpils-results-grid-seconds-5-4may/easy/24proc/seed-5/1_csched008_seed-5_20260504_160208/iterated_local_search/run_6_worker_23/ils_config_17906813615177123571.prm.
[INFO]:[16:08:07] CPLEX results. Gap: unavailable, upper bound: null, lower bound: 171.000000
[INFO]:[16:08:07] CPLEX solver finished. Gap: 179769313486231570814527423731704356798070567525844996598917476803157260780028538760589558632766878171540458953514382464234321326889464182768467546703537516986049910576551282076245490090389328944075868508455133942304583236903222948165808559332123348274797826204144723168738177180919299881250404026184124858368.000000
[INFO]:[16:08:07] Starting CPLEX solver on instance: /home/yorig/tuner/mpils-tests/instances/miplib/easy/csched008.mps with config: /scratch/yorig/mpils-results-grid-seconds-5-4may/easy/24proc/seed-5/1_csched008_seed-5_20260504_160208/iterated_local_search/run_6_worker_23/ils_config_206836922298482990.prm
[INFO]:[16:08:07] Starting CPLEX solver on instance: /home/yorig/tuner/mpils-tests/instances/miplib/easy/csched008.mps with config: /scratch/yorig/mpils-results-grid-seconds-5-4may/easy/24proc/seed-5/1_csched008_seed-5_20260504_160208/iterated_local_search/run_6_worker_23/ils_config_206836922298482990.prm
[WARN]:[16:08:12] CPLEX finished without a primal feasible solution for config /scratch/yorig/mpils-results-grid-seconds-5-4may/easy/24proc/seed-5/1_csched008_seed-5_20260504_160208/iterated_local_search/run_6_worker_23/ils_config_206836922298482990.prm.
[INFO]:[16:08:12] CPLEX results. Gap: unavailable, upper bound: null, lower bound: 171.000000
[INFO]:[16:08:12] CPLEX solver finished. Gap: 179769313486231570814527423731704356798070567525844996598917476803157260780028538760589558632766878171540458953514382464234321326889464182768467546703537516986049910576551282076245490090389328944075868508455133942304583236903222948165808559332123348274797826204144723168738177180919299881250404026184124858368.000000
[INFO]:[16:08:12] Starting CPLEX solver on instance: /home/yorig/tuner/mpils-tests/instances/miplib/easy/csched008.mps with config: /scratch/yorig/mpils-results-grid-seconds-5-4may/easy/24proc/seed-5/1_csched008_seed-5_20260504_160208/iterated_local_search/run_6_worker_23/ils_config_4106757975908022967.prm
[INFO]:[16:08:12] Starting CPLEX solver on instance: /home/yorig/tuner/mpils-tests/instances/miplib/easy/csched008.mps with config: /scratch/yorig/mpils-results-grid-seconds-5-4may/easy/24proc/seed-5/1_csched008_seed-5_20260504_160208/iterated_local_search/run_6_worker_23/ils_config_4106757975908022967.prm
[WARN]:[16:08:17] CPLEX finished without a primal feasible solution for config /scratch/yorig/mpils-results-grid-seconds-5-4may/easy/24proc/seed-5/1_csched008_seed-5_20260504_160208/iterated_local_search/run_6_worker_23/ils_config_4106757975908022967.prm.
[INFO]:[16:08:17] CPLEX results. Gap: unavailable, upper bound: null, lower bound: 171.000000
[INFO]:[16:08:17] CPLEX solver finished. Gap: 179769313486231570814527423731704356798070567525844996598917476803157260780028538760589558632766878171540458953514382464234321326889464182768467546703537516986049910576551282076245490090389328944075868508455133942304583236903222948165808559332123348274797826204144723168738177180919299881250404026184124858368.000000
[INFO]:[16:08:17] Starting CPLEX solver on instance: /home/yorig/tuner/mpils-tests/instances/miplib/easy/csched008.mps with config: /scratch/yorig/mpils-results-grid-seconds-5-4may/easy/24proc/seed-5/1_csched008_seed-5_20260504_160208/iterated_local_search/run_6_worker_23/ils_config_5441954480477447055.prm
[INFO]:[16:08:17] Starting CPLEX solver on instance: /home/yorig/tuner/mpils-tests/instances/miplib/easy/csched008.mps with config: /scratch/yorig/mpils-results-grid-seconds-5-4may/easy/24proc/seed-5/1_csched008_seed-5_20260504_160208/iterated_local_search/run_6_worker_23/ils_config_5441954480477447055.prm
[INFO]:[16:08:22] CPLEX results. Gap: 7.570000, upper bound: 185.000000, lower bound: 171.000000
[INFO]:[16:08:22] CPLEX solver finished. Gap: 7.570000
[INFO]:[16:08:22] New incumbent found with objective value: 7.57
[INFO]:[16:08:22] Starting CPLEX solver on instance: /home/yorig/tuner/mpils-tests/instances/miplib/easy/csched008.mps with config: /scratch/yorig/mpils-results-grid-seconds-5-4may/easy/24proc/seed-5/1_csched008_seed-5_20260504_160208/iterated_local_search/run_6_worker_23/ils_config_8401929569427130049.prm
[INFO]:[16:08:22] Starting CPLEX solver on instance: /home/yorig/tuner/mpils-tests/instances/miplib/easy/csched008.mps with config: /scratch/yorig/mpils-results-grid-seconds-5-4may/easy/24proc/seed-5/1_csched008_seed-5_20260504_160208/iterated_local_search/run_6_worker_23/ils_config_8401929569427130049.prm
[INFO]:[16:08:27] CPLEX results. Gap: 2.840000, upper bound: 176.000000, lower bound: 171.000000
[INFO]:[16:08:27] CPLEX solver finished. Gap: 2.840000
[INFO]:[16:08:27] New incumbent found with objective value: 2.84
[INFO]:[16:08:27] Starting CPLEX solver on instance: /home/yorig/tuner/mpils-tests/instances/miplib/easy/csched008.mps with config: /scratch/yorig/mpils-results-grid-seconds-5-4may/easy/24proc/seed-5/1_csched008_seed-5_20260504_160208/iterated_local_search/run_6_worker_23/ils_config_9445548551771442695.prm
[INFO]:[16:08:27] Starting CPLEX solver on instance: /home/yorig/tuner/mpils-tests/instances/miplib/easy/csched008.mps with config: /scratch/yorig/mpils-results-grid-seconds-5-4may/easy/24proc/seed-5/1_csched008_seed-5_20260504_160208/iterated_local_search/run_6_worker_23/ils_config_9445548551771442695.prm
[INFO]:[16:08:32] CPLEX results. Gap: 2.840000, upper bound: 176.000000, lower bound: 171.000000
[INFO]:[16:08:32] CPLEX solver finished. Gap: 2.840000
[INFO]:[16:08:32] Starting CPLEX solver on instance: /home/yorig/tuner/mpils-tests/instances/miplib/easy/csched008.mps with config: /scratch/yorig/mpils-results-grid-seconds-5-4may/easy/24proc/seed-5/1_csched008_seed-5_20260504_160208/iterated_local_search/run_6_worker_23/ils_config_15806009218363754678.prm
[INFO]:[16:08:32] Starting CPLEX solver on instance: /home/yorig/tuner/mpils-tests/instances/miplib/easy/csched008.mps with config: /scratch/yorig/mpils-results-grid-seconds-5-4may/easy/24proc/seed-5/1_csched008_seed-5_20260504_160208/iterated_local_search/run_6_worker_23/ils_config_15806009218363754678.prm
[INFO]:[16:08:37] CPLEX results. Gap: 2.840000, upper bound: 176.000000, lower bound: 171.000000
[INFO]:[16:08:37] CPLEX solver finished. Gap: 2.840000
[INFO]:[16:08:37] Starting CPLEX solver on instance: /home/yorig/tuner/mpils-tests/instances/miplib/easy/csched008.mps with config: /scratch/yorig/mpils-results-grid-seconds-5-4may/easy/24proc/seed-5/1_csched008_seed-5_20260504_160208/iterated_local_search/run_6_worker_23/ils_config_17077040866931663514.prm
[INFO]:[16:08:37] Starting CPLEX solver on instance: /home/yorig/tuner/mpils-tests/instances/miplib/easy/csched008.mps with config: /scratch/yorig/mpils-results-grid-seconds-5-4may/easy/24proc/seed-5/1_csched008_seed-5_20260504_160208/iterated_local_search/run_6_worker_23/ils_config_17077040866931663514.prm
[INFO]:[16:08:42] CPLEX results. Gap: 7.070000, upper bound: 184.000000, lower bound: 171.000000
[INFO]:[16:08:42] CPLEX solver finished. Gap: 7.070000
[INFO]:[16:08:42] Starting CPLEX solver on instance: /home/yorig/tuner/mpils-tests/instances/miplib/easy/csched008.mps with config: /scratch/yorig/mpils-results-grid-seconds-5-4may/easy/24proc/seed-5/1_csched008_seed-5_20260504_160208/iterated_local_search/run_6_worker_23/ils_config_5508354400623656372.prm
[INFO]:[16:08:42] Starting CPLEX solver on instance: /home/yorig/tuner/mpils-tests/instances/miplib/easy/csched008.mps with config: /scratch/yorig/mpils-results-grid-seconds-5-4may/easy/24proc/seed-5/1_csched008_seed-5_20260504_160208/iterated_local_search/run_6_worker_23/ils_config_5508354400623656372.prm
[INFO]:[16:08:47] CPLEX results. Gap: 2.840000, upper bound: 176.000000, lower bound: 171.000000
[INFO]:[16:08:47] CPLEX solver finished. Gap: 2.840000
[INFO]:[16:08:47] Starting CPLEX solver on instance: /home/yorig/tuner/mpils-tests/instances/miplib/easy/csched008.mps with config: /scratch/yorig/mpils-results-grid-seconds-5-4may/easy/24proc/seed-5/1_csched008_seed-5_20260504_160208/iterated_local_search/run_6_worker_23/ils_config_16389545227329693292.prm
[INFO]:[16:08:47] Starting CPLEX solver on instance: /home/yorig/tuner/mpils-tests/instances/miplib/easy/csched008.mps with config: /scratch/yorig/mpils-results-grid-seconds-5-4may/easy/24proc/seed-5/1_csched008_seed-5_20260504_160208/iterated_local_search/run_6_worker_23/ils_config_16389545227329693292.prm
[INFO]:[16:08:52] CPLEX results. Gap: 7.070000, upper bound: 184.000000, lower bound: 171.000000
[INFO]:[16:08:52] CPLEX solver finished. Gap: 7.070000
[INFO]:[16:08:52] Starting CPLEX solver on instance: /home/yorig/tuner/mpils-tests/instances/miplib/easy/csched008.mps with config: /scratch/yorig/mpils-results-grid-seconds-5-4may/easy/24proc/seed-5/1_csched008_seed-5_20260504_160208/iterated_local_search/run_6_worker_23/ils_config_16242888991931411000.prm
[INFO]:[16:08:52] Starting CPLEX solver on instance: /home/yorig/tuner/mpils-tests/instances/miplib/easy/csched008.mps with config: /scratch/yorig/mpils-results-grid-seconds-5-4may/easy/24proc/seed-5/1_csched008_seed-5_20260504_160208/iterated_local_search/run_6_worker_23/ils_config_16242888991931411000.prm
[INFO]:[16:08:57] CPLEX results. Gap: 3.930000, upper bound: 178.000000, lower bound: 171.000000
[INFO]:[16:08:57] CPLEX solver finished. Gap: 3.930000
[INFO]:[16:08:57] Starting CPLEX solver on instance: /home/yorig/tuner/mpils-tests/instances/miplib/easy/csched008.mps with config: /scratch/yorig/mpils-results-grid-seconds-5-4may/easy/24proc/seed-5/1_csched008_seed-5_20260504_160208/iterated_local_search/run_6_worker_23/ils_config_7579717717517838755.prm
[INFO]:[16:08:57] Starting CPLEX solver on instance: /home/yorig/tuner/mpils-tests/instances/miplib/easy/csched008.mps with config: /scratch/yorig/mpils-results-grid-seconds-5-4may/easy/24proc/seed-5/1_csched008_seed-5_20260504_160208/iterated_local_search/run_6_worker_23/ils_config_7579717717517838755.prm
[INFO]:[16:09:02] CPLEX results. Gap: 7.070000, upper bound: 184.000000, lower bound: 171.000000
[INFO]:[16:09:02] CPLEX solver finished. Gap: 7.070000
[INFO]:[16:09:02] Starting CPLEX solver on instance: /home/yorig/tuner/mpils-tests/instances/miplib/easy/csched008.mps with config: /scratch/yorig/mpils-results-grid-seconds-5-4may/easy/24proc/seed-5/1_csched008_seed-5_20260504_160208/iterated_local_search/run_6_worker_23/ils_config_1004450515297968821.prm
[INFO]:[16:09:02] Starting CPLEX solver on instance: /home/yorig/tuner/mpils-tests/instances/miplib/easy/csched008.mps with config: /scratch/yorig/mpils-results-grid-seconds-5-4may/easy/24proc/seed-5/1_csched008_seed-5_20260504_160208/iterated_local_search/run_6_worker_23/ils_config_1004450515297968821.prm
[INFO]:[16:09:07] CPLEX results. Gap: 3.390000, upper bound: 177.000000, lower bound: 171.000000
[INFO]:[16:09:07] CPLEX solver finished. Gap: 3.390000
[INFO]:[16:09:07] Starting CPLEX solver on instance: /home/yorig/tuner/mpils-tests/instances/miplib/easy/csched008.mps with config: /scratch/yorig/mpils-results-grid-seconds-5-4may/easy/24proc/seed-5/1_csched008_seed-5_20260504_160208/iterated_local_search/run_6_worker_23/ils_config_15134669522992803750.prm
[INFO]:[16:09:07] Starting CPLEX solver on instance: /home/yorig/tuner/mpils-tests/instances/miplib/easy/csched008.mps with config: /scratch/yorig/mpils-results-grid-seconds-5-4may/easy/24proc/seed-5/1_csched008_seed-5_20260504_160208/iterated_local_search/run_6_worker_23/ils_config_15134669522992803750.prm
[WARN]:[16:09:12] CPLEX finished without a primal feasible solution for config /scratch/yorig/mpils-results-grid-seconds-5-4may/easy/24proc/seed-5/1_csched008_seed-5_20260504_160208/iterated_local_search/run_6_worker_23/ils_config_15134669522992803750.prm.
[INFO]:[16:09:12] CPLEX results. Gap: unavailable, upper bound: null, lower bound: 171.000000
[INFO]:[16:09:12] CPLEX solver finished. Gap: 179769313486231570814527423731704356798070567525844996598917476803157260780028538760589558632766878171540458953514382464234321326889464182768467546703537516986049910576551282076245490090389328944075868508455133942304583236903222948165808559332123348274797826204144723168738177180919299881250404026184124858368.000000
[INFO]:[16:09:12] Starting CPLEX solver on instance: /home/yorig/tuner/mpils-tests/instances/miplib/easy/csched008.mps with config: /scratch/yorig/mpils-results-grid-seconds-5-4may/easy/24proc/seed-5/1_csched008_seed-5_20260504_160208/iterated_local_search/run_6_worker_23/ils_config_2196842896091737825.prm
[INFO]:[16:09:12] Starting CPLEX solver on instance: /home/yorig/tuner/mpils-tests/instances/miplib/easy/csched008.mps with config: /scratch/yorig/mpils-results-grid-seconds-5-4may/easy/24proc/seed-5/1_csched008_seed-5_20260504_160208/iterated_local_search/run_6_worker_23/ils_config_2196842896091737825.prm
[INFO]:[16:09:17] CPLEX results. Gap: 7.070000, upper bound: 184.000000, lower bound: 171.000000
[INFO]:[16:09:17] CPLEX solver finished. Gap: 7.070000
[INFO]:[16:09:17] Local search phase completed.
[INFO]:[16:09:17] Total number of new local-search evaluations: 18
[INFO]:[16:09:17] Final incumbent objective value: 2.84
[INFO]:[16:09:17] Worker 23 completed exploration phase.
[INFO]:[16:09:17] Worker 23 received order for step 3.
[INFO]:[16:09:17] Worker 23 finished.
