[INFO]:[04:14:17] Worker 12 starting.
[INFO]:[04:14:17] Worker 12 received order for step 1.
[INFO]:[04:14:17] Worker 12 running exploration phase for iteration 1.
[INFO]:[04:14:17] Worker 12 at iteration 1 will not use a MIP start file. Current best MIP-start upper bound threshold is 1.79769e+308.
[INFO]:[04:14:17] Starting local search phase...
[INFO]:[04:14:17] Creating local search space from parameter space file: /scratch/yorig/mpils-results-grid-ticks-10000-7may/medium-2/24proc-6pils/seed-2/3_neos-5093327-huahum_seed-2_20260510_041416/iterated_local_search/search_space/search_space_file_1_worker_12.txt
[INFO]:[04:14:17] Local search space loaded from file: /scratch/yorig/mpils-results-grid-ticks-10000-7may/medium-2/24proc-6pils/seed-2/3_neos-5093327-huahum_seed-2_20260510_041416/iterated_local_search/search_space/search_space_file_1_worker_12.txt
[INFO]:[04:14:17] Number of parameters in local search space: 71
[INFO]:[04:14:17] Number of forbidden tuples in local search space: 0
[INFO]:[04:14:17] Number of conditionals in local search space: 6
[INFO]:[04:14:17] MIP start option not enabled. Local search will proceed without MIP start.
[INFO]:[04:14:17] Starting CPLEX solver on instance: /home/yorig/tuner/mpils-tests/instances/miplib/medium-2/neos-5093327-huahum.mps with config: /scratch/yorig/mpils-results-grid-ticks-10000-7may/medium-2/24proc-6pils/seed-2/3_neos-5093327-huahum_seed-2_20260510_041416/iterated_local_search/run_1_worker_12/ils_config_9835285789935760647.prm
[INFO]:[04:14:17] Starting CPLEX solver on instance: /home/yorig/tuner/mpils-tests/instances/miplib/medium-2/neos-5093327-huahum.mps with config: /scratch/yorig/mpils-results-grid-ticks-10000-7may/medium-2/24proc-6pils/seed-2/3_neos-5093327-huahum_seed-2_20260510_041416/iterated_local_search/run_1_worker_12/ils_config_9835285789935760647.prm
[INFO]:[04:14:22] CPLEX results. Gap: 28.590000, upper bound: 6825.999997, lower bound: 4874.325910
[INFO]:[04:14:22] CPLEX solver finished. Gap: 28.590000
[INFO]:[04:14:23] New incumbent found with objective value: 28.53
[INFO]:[04:14:23] Starting CPLEX solver on instance: /home/yorig/tuner/mpils-tests/instances/miplib/medium-2/neos-5093327-huahum.mps with config: /scratch/yorig/mpils-results-grid-ticks-10000-7may/medium-2/24proc-6pils/seed-2/3_neos-5093327-huahum_seed-2_20260510_041416/iterated_local_search/run_1_worker_12/ils_config_13405371927198775178.prm
[INFO]:[04:14:23] Starting CPLEX solver on instance: /home/yorig/tuner/mpils-tests/instances/miplib/medium-2/neos-5093327-huahum.mps with config: /scratch/yorig/mpils-results-grid-ticks-10000-7may/medium-2/24proc-6pils/seed-2/3_neos-5093327-huahum_seed-2_20260510_041416/iterated_local_search/run_1_worker_12/ils_config_13405371927198775178.prm
[INFO]:[04:14:28] CPLEX results. Gap: 28.530000, upper bound: 6825.999998, lower bound: 4878.660297
[INFO]:[04:14:28] CPLEX solver finished. Gap: 28.530000
[INFO]:[04:14:28] Starting CPLEX solver on instance: /home/yorig/tuner/mpils-tests/instances/miplib/medium-2/neos-5093327-huahum.mps with config: /scratch/yorig/mpils-results-grid-ticks-10000-7may/medium-2/24proc-6pils/seed-2/3_neos-5093327-huahum_seed-2_20260510_041416/iterated_local_search/run_1_worker_12/ils_config_13517287924964521865.prm
[INFO]:[04:14:28] Starting CPLEX solver on instance: /home/yorig/tuner/mpils-tests/instances/miplib/medium-2/neos-5093327-huahum.mps with config: /scratch/yorig/mpils-results-grid-ticks-10000-7may/medium-2/24proc-6pils/seed-2/3_neos-5093327-huahum_seed-2_20260510_041416/iterated_local_search/run_1_worker_12/ils_config_13517287924964521865.prm
[INFO]:[04:14:33] CPLEX results. Gap: 28.530000, upper bound: 6825.999998, lower bound: 4878.660297
[INFO]:[04:14:33] CPLEX solver finished. Gap: 28.530000
[INFO]:[04:14:33] Starting CPLEX solver on instance: /home/yorig/tuner/mpils-tests/instances/miplib/medium-2/neos-5093327-huahum.mps with config: /scratch/yorig/mpils-results-grid-ticks-10000-7may/medium-2/24proc-6pils/seed-2/3_neos-5093327-huahum_seed-2_20260510_041416/iterated_local_search/run_1_worker_12/ils_config_17848341949471903631.prm
[INFO]:[04:14:33] Starting CPLEX solver on instance: /home/yorig/tuner/mpils-tests/instances/miplib/medium-2/neos-5093327-huahum.mps with config: /scratch/yorig/mpils-results-grid-ticks-10000-7may/medium-2/24proc-6pils/seed-2/3_neos-5093327-huahum_seed-2_20260510_041416/iterated_local_search/run_1_worker_12/ils_config_17848341949471903631.prm
[INFO]:[04:14:38] CPLEX results. Gap: 28.530000, upper bound: 6825.999998, lower bound: 4878.660297
[INFO]:[04:14:38] CPLEX solver finished. Gap: 28.530000
[INFO]:[04:14:38] Local search phase completed.
[INFO]:[04:14:38] Total number of new local-search evaluations: 24
[INFO]:[04:14:38] Final incumbent objective value: 28.53
[INFO]:[04:14:38] Worker 12 completed exploration phase.
[INFO]:[04:14:38] Worker 12 received order for step 2.
[INFO]:[04:14:38] Worker 12 running expansion phase for iteration 1.
[INFO]:[04:14:38] Worker 12 will use solver log file: /scratch/yorig/mpils-results-grid-ticks-10000-7may/medium-2/24proc-6pils/seed-2/3_neos-5093327-huahum_seed-2_20260510_041416/solver/cplex.log_iteration_expansion_1_worker_12
[INFO]:[04:14:38] Expansion Worker 12 starting expansion for iteration 1.
[INFO]:[04:14:38] Starting CPLEX solver on instance: /home/yorig/tuner/mpils-tests/instances/miplib/medium-2/neos-5093327-huahum.mps with config: /scratch/yorig/mpils-results-grid-ticks-10000-7may/medium-2/24proc-6pils/seed-2/3_neos-5093327-huahum_seed-2_20260510_041416/expansion/config_param_CPXPARAM_MIP_Strategy_VariableSelect_4_iter_1.prm
[INFO]:[04:14:43] CPLEX results. Gap: 28.220000, upper bound: 6825.999998, lower bound: 4899.622032
[INFO]:[04:14:43] CPLEX solver finished. Gap: 28.220000
[INFO]:[04:14:44] Starting CPLEX solver on instance: /home/yorig/tuner/mpils-tests/instances/miplib/medium-2/neos-5093327-huahum.mps with config: /scratch/yorig/mpils-results-grid-ticks-10000-7may/medium-2/24proc-6pils/seed-2/3_neos-5093327-huahum_seed-2_20260510_041416/expansion/config_param_CPXPARAM_MIP_Strategy_RINSHeur_200_iter_1.prm
[INFO]:[04:14:49] CPLEX results. Gap: 28.250000, upper bound: 6826.000000, lower bound: 4897.537230
[INFO]:[04:14:49] CPLEX solver finished. Gap: 28.250000
[INFO]:[04:14:54] Expansion Worker 12 completed expansion.
[INFO]:[04:14:54] Worker 12 completed expansion phase.
[INFO]:[04:14:54] Worker 12 received order for step 1.
[INFO]:[04:14:54] Worker 12 running exploration phase for iteration 2.
[INFO]:[04:14:54] Worker 12 at iteration 2 will not use a MIP start file. Current best MIP-start upper bound threshold is 1.79769e+308.
[INFO]:[04:14:54] Starting local search phase...
[INFO]:[04:14:54] Creating local search space from parameter space file: /scratch/yorig/mpils-results-grid-ticks-10000-7may/medium-2/24proc-6pils/seed-2/3_neos-5093327-huahum_seed-2_20260510_041416/iterated_local_search/search_space/search_space_file_2_worker_12.txt
[INFO]:[04:14:54] Local search space loaded from file: /scratch/yorig/mpils-results-grid-ticks-10000-7may/medium-2/24proc-6pils/seed-2/3_neos-5093327-huahum_seed-2_20260510_041416/iterated_local_search/search_space/search_space_file_2_worker_12.txt
[INFO]:[04:14:54] Number of parameters in local search space: 71
[INFO]:[04:14:54] Number of forbidden tuples in local search space: 16
[INFO]:[04:14:54] Number of conditionals in local search space: 6
[INFO]:[04:14:54] MIP start option not enabled. Local search will proceed without MIP start.
[INFO]:[04:14:54] Starting CPLEX solver on instance: /home/yorig/tuner/mpils-tests/instances/miplib/medium-2/neos-5093327-huahum.mps with config: /scratch/yorig/mpils-results-grid-ticks-10000-7may/medium-2/24proc-6pils/seed-2/3_neos-5093327-huahum_seed-2_20260510_041416/iterated_local_search/run_2_worker_12/ils_config_982028664565400581.prm
[INFO]:[04:14:54] Starting CPLEX solver on instance: /home/yorig/tuner/mpils-tests/instances/miplib/medium-2/neos-5093327-huahum.mps with config: /scratch/yorig/mpils-results-grid-ticks-10000-7may/medium-2/24proc-6pils/seed-2/3_neos-5093327-huahum_seed-2_20260510_041416/iterated_local_search/run_2_worker_12/ils_config_982028664565400581.prm
[INFO]:[04:14:59] CPLEX results. Gap: 28.660000, upper bound: 6825.999997, lower bound: 4869.406098
[INFO]:[04:14:59] CPLEX solver finished. Gap: 28.660000
[INFO]:[04:14:59] Local search phase completed.
[INFO]:[04:14:59] Total number of new local-search evaluations: 6
[INFO]:[04:14:59] Final incumbent objective value: 28.66
[INFO]:[04:14:59] Worker 12 completed exploration phase.
[INFO]:[04:14:59] Worker 12 received order for step 2.
[INFO]:[04:14:59] Worker 12 running expansion phase for iteration 2.
[INFO]:[04:14:59] Worker 12 will use solver log file: /scratch/yorig/mpils-results-grid-ticks-10000-7may/medium-2/24proc-6pils/seed-2/3_neos-5093327-huahum_seed-2_20260510_041416/solver/cplex.log_iteration_expansion_2_worker_12
[INFO]:[04:14:59] Expansion Worker 12 starting expansion for iteration 2.
[INFO]:[04:14:59] Starting CPLEX solver on instance: /home/yorig/tuner/mpils-tests/instances/miplib/medium-2/neos-5093327-huahum.mps with config: /scratch/yorig/mpils-results-grid-ticks-10000-7may/medium-2/24proc-6pils/seed-2/3_neos-5093327-huahum_seed-2_20260510_041416/expansion/config_param_CPXPARAM_Preprocessing_Dual_-1_iter_2.prm
[INFO]:[04:15:04] CPLEX results. Gap: 28.220000, upper bound: 6825.999998, lower bound: 4899.622032
[INFO]:[04:15:04] CPLEX solver finished. Gap: 28.220000
[INFO]:[04:15:05] Expansion Worker 12 stopping early after global MPI expansion stop was activated.
[INFO]:[04:15:05] Expansion Worker 12 completed expansion.
[INFO]:[04:15:05] Worker 12 completed expansion phase.
[INFO]:[04:15:05] Worker 12 received order for step 1.
[INFO]:[04:15:05] Worker 12 running exploration phase for iteration 3.
[INFO]:[04:15:05] Worker 12 at iteration 3 will not use a MIP start file. Current best MIP-start upper bound threshold is 1.79769e+308.
[INFO]:[04:15:05] Starting local search phase...
[INFO]:[04:15:05] Creating local search space from parameter space file: /scratch/yorig/mpils-results-grid-ticks-10000-7may/medium-2/24proc-6pils/seed-2/3_neos-5093327-huahum_seed-2_20260510_041416/iterated_local_search/search_space/search_space_file_3_worker_12.txt
[INFO]:[04:15:05] Local search space loaded from file: /scratch/yorig/mpils-results-grid-ticks-10000-7may/medium-2/24proc-6pils/seed-2/3_neos-5093327-huahum_seed-2_20260510_041416/iterated_local_search/search_space/search_space_file_3_worker_12.txt
[INFO]:[04:15:05] Number of parameters in local search space: 71
[INFO]:[04:15:05] Number of forbidden tuples in local search space: 37
[INFO]:[04:15:05] Number of conditionals in local search space: 6
[INFO]:[04:15:05] MIP start option not enabled. Local search will proceed without MIP start.
[INFO]:[04:15:05] Starting CPLEX solver on instance: /home/yorig/tuner/mpils-tests/instances/miplib/medium-2/neos-5093327-huahum.mps with config: /scratch/yorig/mpils-results-grid-ticks-10000-7may/medium-2/24proc-6pils/seed-2/3_neos-5093327-huahum_seed-2_20260510_041416/iterated_local_search/run_3_worker_12/ils_config_10546069952628059369.prm
[INFO]:[04:15:05] Starting CPLEX solver on instance: /home/yorig/tuner/mpils-tests/instances/miplib/medium-2/neos-5093327-huahum.mps with config: /scratch/yorig/mpils-results-grid-ticks-10000-7may/medium-2/24proc-6pils/seed-2/3_neos-5093327-huahum_seed-2_20260510_041416/iterated_local_search/run_3_worker_12/ils_config_10546069952628059369.prm
[INFO]:[04:15:10] CPLEX results. Gap: 27.960000, upper bound: 6757.999998, lower bound: 4868.157473
[INFO]:[04:15:10] CPLEX solver finished. Gap: 27.960000
[INFO]:[04:15:10] Starting CPLEX solver on instance: /home/yorig/tuner/mpils-tests/instances/miplib/medium-2/neos-5093327-huahum.mps with config: /scratch/yorig/mpils-results-grid-ticks-10000-7may/medium-2/24proc-6pils/seed-2/3_neos-5093327-huahum_seed-2_20260510_041416/iterated_local_search/run_3_worker_12/ils_config_1319740953303397177.prm
[INFO]:[04:15:10] Starting CPLEX solver on instance: /home/yorig/tuner/mpils-tests/instances/miplib/medium-2/neos-5093327-huahum.mps with config: /scratch/yorig/mpils-results-grid-ticks-10000-7may/medium-2/24proc-6pils/seed-2/3_neos-5093327-huahum_seed-2_20260510_041416/iterated_local_search/run_3_worker_12/ils_config_1319740953303397177.prm
[INFO]:[04:15:15] CPLEX results. Gap: 27.960000, upper bound: 6757.999998, lower bound: 4868.157473
[INFO]:[04:15:15] CPLEX solver finished. Gap: 27.960000
[INFO]:[04:15:15] Starting CPLEX solver on instance: /home/yorig/tuner/mpils-tests/instances/miplib/medium-2/neos-5093327-huahum.mps with config: /scratch/yorig/mpils-results-grid-ticks-10000-7may/medium-2/24proc-6pils/seed-2/3_neos-5093327-huahum_seed-2_20260510_041416/iterated_local_search/run_3_worker_12/ils_config_10636266818167916796.prm
[INFO]:[04:15:15] Starting CPLEX solver on instance: /home/yorig/tuner/mpils-tests/instances/miplib/medium-2/neos-5093327-huahum.mps with config: /scratch/yorig/mpils-results-grid-ticks-10000-7may/medium-2/24proc-6pils/seed-2/3_neos-5093327-huahum_seed-2_20260510_041416/iterated_local_search/run_3_worker_12/ils_config_10636266818167916796.prm
[INFO]:[04:15:20] CPLEX results. Gap: 27.890000, upper bound: 6757.999998, lower bound: 4873.071048
[INFO]:[04:15:20] CPLEX solver finished. Gap: 27.890000
[INFO]:[04:15:20] New incumbent found with objective value: 27.89
[INFO]:[04:15:20] Local search phase completed.
[INFO]:[04:15:20] Total number of new local-search evaluations: 18
[INFO]:[04:15:20] Final incumbent objective value: 27.89
[INFO]:[04:15:21] Worker 12 completed exploration phase.
[INFO]:[04:15:21] Worker 12 received order for step 2.
[INFO]:[04:15:21] Worker 12 running expansion phase for iteration 3.
[INFO]:[04:15:21] Worker 12 will use solver log file: /scratch/yorig/mpils-results-grid-ticks-10000-7may/medium-2/24proc-6pils/seed-2/3_neos-5093327-huahum_seed-2_20260510_041416/solver/cplex.log_iteration_expansion_3_worker_12
[INFO]:[04:15:21] Expansion Worker 12 starting expansion for iteration 3.
[INFO]:[04:15:21] Starting CPLEX solver on instance: /home/yorig/tuner/mpils-tests/instances/miplib/medium-2/neos-5093327-huahum.mps with config: /scratch/yorig/mpils-results-grid-ticks-10000-7may/medium-2/24proc-6pils/seed-2/3_neos-5093327-huahum_seed-2_20260510_041416/expansion/config_param_CPXPARAM_MIP_Strategy_StartAlgorithm_4_iter_3.prm
[INFO]:[04:15:26] CPLEX results. Gap: 28.520000, upper bound: 6851.999998, lower bound: 4897.757699
[INFO]:[04:15:26] CPLEX solver finished. Gap: 28.520000
[INFO]:[04:15:26] Expansion Worker 12 stopping early after global MPI expansion stop was activated.
[INFO]:[04:15:26] Expansion Worker 12 completed expansion.
[INFO]:[04:15:26] Worker 12 completed expansion phase.
[INFO]:[04:15:27] Worker 12 received order for step 1.
[INFO]:[04:15:27] Worker 12 running exploration phase for iteration 4.
[INFO]:[04:15:27] Worker 12 at iteration 4 will not use a MIP start file. Current best MIP-start upper bound threshold is 1.79769e+308.
[INFO]:[04:15:27] Starting local search phase...
[INFO]:[04:15:27] Creating local search space from parameter space file: /scratch/yorig/mpils-results-grid-ticks-10000-7may/medium-2/24proc-6pils/seed-2/3_neos-5093327-huahum_seed-2_20260510_041416/iterated_local_search/search_space/search_space_file_4_worker_12.txt
[INFO]:[04:15:27] Local search space loaded from file: /scratch/yorig/mpils-results-grid-ticks-10000-7may/medium-2/24proc-6pils/seed-2/3_neos-5093327-huahum_seed-2_20260510_041416/iterated_local_search/search_space/search_space_file_4_worker_12.txt
[INFO]:[04:15:27] Number of parameters in local search space: 71
[INFO]:[04:15:27] Number of forbidden tuples in local search space: 60
[INFO]:[04:15:27] Number of conditionals in local search space: 6
[INFO]:[04:15:27] MIP start option not enabled. Local search will proceed without MIP start.
[INFO]:[04:15:27] Starting CPLEX solver on instance: /home/yorig/tuner/mpils-tests/instances/miplib/medium-2/neos-5093327-huahum.mps with config: /scratch/yorig/mpils-results-grid-ticks-10000-7may/medium-2/24proc-6pils/seed-2/3_neos-5093327-huahum_seed-2_20260510_041416/iterated_local_search/run_4_worker_12/ils_config_4558761498038988577.prm
[INFO]:[04:15:27] Starting CPLEX solver on instance: /home/yorig/tuner/mpils-tests/instances/miplib/medium-2/neos-5093327-huahum.mps with config: /scratch/yorig/mpils-results-grid-ticks-10000-7may/medium-2/24proc-6pils/seed-2/3_neos-5093327-huahum_seed-2_20260510_041416/iterated_local_search/run_4_worker_12/ils_config_4558761498038988577.prm
[INFO]:[04:15:31] CPLEX results. Gap: 69.910000, upper bound: 13074.000000, lower bound: 3934.000000
[INFO]:[04:15:31] CPLEX solver finished. Gap: 69.910000
[INFO]:[04:15:31] New incumbent found with objective value: 39.07
[INFO]:[04:15:31] Starting CPLEX solver on instance: /home/yorig/tuner/mpils-tests/instances/miplib/medium-2/neos-5093327-huahum.mps with config: /scratch/yorig/mpils-results-grid-ticks-10000-7may/medium-2/24proc-6pils/seed-2/3_neos-5093327-huahum_seed-2_20260510_041416/iterated_local_search/run_4_worker_12/ils_config_1362512395685251883.prm
[INFO]:[04:15:31] Starting CPLEX solver on instance: /home/yorig/tuner/mpils-tests/instances/miplib/medium-2/neos-5093327-huahum.mps with config: /scratch/yorig/mpils-results-grid-ticks-10000-7may/medium-2/24proc-6pils/seed-2/3_neos-5093327-huahum_seed-2_20260510_041416/iterated_local_search/run_4_worker_12/ils_config_1362512395685251883.prm
[INFO]:[04:15:36] CPLEX results. Gap: 39.070000, upper bound: 7941.999997, lower bound: 4838.908991
[INFO]:[04:15:36] CPLEX solver finished. Gap: 39.070000
[INFO]:[04:15:37] New incumbent found with objective value: 28.37
[INFO]:[04:15:37] Starting CPLEX solver on instance: /home/yorig/tuner/mpils-tests/instances/miplib/medium-2/neos-5093327-huahum.mps with config: /scratch/yorig/mpils-results-grid-ticks-10000-7may/medium-2/24proc-6pils/seed-2/3_neos-5093327-huahum_seed-2_20260510_041416/iterated_local_search/run_4_worker_12/ils_config_3636612094333986474.prm
[INFO]:[04:15:37] Starting CPLEX solver on instance: /home/yorig/tuner/mpils-tests/instances/miplib/medium-2/neos-5093327-huahum.mps with config: /scratch/yorig/mpils-results-grid-ticks-10000-7may/medium-2/24proc-6pils/seed-2/3_neos-5093327-huahum_seed-2_20260510_041416/iterated_local_search/run_4_worker_12/ils_config_3636612094333986474.prm
[INFO]:[04:15:41] CPLEX results. Gap: 38.390000, upper bound: 7422.000000, lower bound: 4572.710678
[INFO]:[04:15:41] CPLEX solver finished. Gap: 38.390000
[INFO]:[04:15:42] Starting CPLEX solver on instance: /home/yorig/tuner/mpils-tests/instances/miplib/medium-2/neos-5093327-huahum.mps with config: /scratch/yorig/mpils-results-grid-ticks-10000-7may/medium-2/24proc-6pils/seed-2/3_neos-5093327-huahum_seed-2_20260510_041416/iterated_local_search/run_4_worker_12/ils_config_18241051241813153965.prm
[INFO]:[04:15:42] Starting CPLEX solver on instance: /home/yorig/tuner/mpils-tests/instances/miplib/medium-2/neos-5093327-huahum.mps with config: /scratch/yorig/mpils-results-grid-ticks-10000-7may/medium-2/24proc-6pils/seed-2/3_neos-5093327-huahum_seed-2_20260510_041416/iterated_local_search/run_4_worker_12/ils_config_18241051241813153965.prm
[INFO]:[04:15:46] CPLEX results. Gap: 28.370000, upper bound: 6757.999998, lower bound: 4841.064232
[INFO]:[04:15:46] CPLEX solver finished. Gap: 28.370000
[INFO]:[04:15:47] Local search phase completed.
[INFO]:[04:15:47] Total number of new local-search evaluations: 24
[INFO]:[04:15:47] Final incumbent objective value: 28.37
[INFO]:[04:15:48] Worker 12 completed exploration phase.
[INFO]:[04:15:48] Worker 12 received order for step 2.
[INFO]:[04:15:48] Worker 12 running expansion phase for iteration 4.
[INFO]:[04:15:48] Worker 12 will use solver log file: /scratch/yorig/mpils-results-grid-ticks-10000-7may/medium-2/24proc-6pils/seed-2/3_neos-5093327-huahum_seed-2_20260510_041416/solver/cplex.log_iteration_expansion_4_worker_12
[INFO]:[04:15:48] Expansion Worker 12 starting expansion for iteration 4.
[INFO]:[04:15:48] Starting CPLEX solver on instance: /home/yorig/tuner/mpils-tests/instances/miplib/medium-2/neos-5093327-huahum.mps with config: /scratch/yorig/mpils-results-grid-ticks-10000-7may/medium-2/24proc-6pils/seed-2/3_neos-5093327-huahum_seed-2_20260510_041416/expansion/config_param_CPXPARAM_Preprocessing_Fill_2_iter_4.prm
[INFO]:[04:15:53] CPLEX results. Gap: 26.480000, upper bound: 6662.000000, lower bound: 4897.586385
[INFO]:[04:15:53] CPLEX solver finished. Gap: 26.480000
[INFO]:[04:15:54] Expansion Worker 12 stopping early after global MPI expansion stop was activated.
[INFO]:[04:15:54] Expansion Worker 12 completed expansion.
[INFO]:[04:15:54] Worker 12 completed expansion phase.
[INFO]:[04:15:54] Worker 12 received order for step 1.
[INFO]:[04:15:54] Worker 12 running exploration phase for iteration 5.
[INFO]:[04:15:54] Worker 12 at iteration 5 will not use a MIP start file. Current best MIP-start upper bound threshold is 1.79769e+308.
[INFO]:[04:15:54] Starting local search phase...
[INFO]:[04:15:54] Creating local search space from parameter space file: /scratch/yorig/mpils-results-grid-ticks-10000-7may/medium-2/24proc-6pils/seed-2/3_neos-5093327-huahum_seed-2_20260510_041416/iterated_local_search/search_space/search_space_file_5_worker_12.txt
[INFO]:[04:15:54] Local search space loaded from file: /scratch/yorig/mpils-results-grid-ticks-10000-7may/medium-2/24proc-6pils/seed-2/3_neos-5093327-huahum_seed-2_20260510_041416/iterated_local_search/search_space/search_space_file_5_worker_12.txt
[INFO]:[04:15:54] Number of parameters in local search space: 71
[INFO]:[04:15:54] Number of forbidden tuples in local search space: 82
[INFO]:[04:15:54] Number of conditionals in local search space: 6
[INFO]:[04:15:54] MIP start option not enabled. Local search will proceed without MIP start.
[INFO]:[04:15:54] Starting CPLEX solver on instance: /home/yorig/tuner/mpils-tests/instances/miplib/medium-2/neos-5093327-huahum.mps with config: /scratch/yorig/mpils-results-grid-ticks-10000-7may/medium-2/24proc-6pils/seed-2/3_neos-5093327-huahum_seed-2_20260510_041416/iterated_local_search/run_5_worker_12/ils_config_6311311943739076958.prm
[INFO]:[04:15:54] Starting CPLEX solver on instance: /home/yorig/tuner/mpils-tests/instances/miplib/medium-2/neos-5093327-huahum.mps with config: /scratch/yorig/mpils-results-grid-ticks-10000-7may/medium-2/24proc-6pils/seed-2/3_neos-5093327-huahum_seed-2_20260510_041416/iterated_local_search/run_5_worker_12/ils_config_6311311943739076958.prm
[INFO]:[04:16:09] CPLEX results. Gap: 69.910000, upper bound: 13074.000000, lower bound: 3934.000000
[INFO]:[04:16:09] CPLEX solver finished. Gap: 69.910000
[INFO]:[04:16:10] Starting CPLEX solver on instance: /home/yorig/tuner/mpils-tests/instances/miplib/medium-2/neos-5093327-huahum.mps with config: /scratch/yorig/mpils-results-grid-ticks-10000-7may/medium-2/24proc-6pils/seed-2/3_neos-5093327-huahum_seed-2_20260510_041416/iterated_local_search/run_5_worker_12/ils_config_249672428948750795.prm
[INFO]:[04:16:10] Starting CPLEX solver on instance: /home/yorig/tuner/mpils-tests/instances/miplib/medium-2/neos-5093327-huahum.mps with config: /scratch/yorig/mpils-results-grid-ticks-10000-7may/medium-2/24proc-6pils/seed-2/3_neos-5093327-huahum_seed-2_20260510_041416/iterated_local_search/run_5_worker_12/ils_config_249672428948750795.prm
[INFO]:[04:16:25] CPLEX results. Gap: 69.910000, upper bound: 13074.000000, lower bound: 3934.000000
[INFO]:[04:16:25] CPLEX solver finished. Gap: 69.910000
[INFO]:[04:16:25] Starting CPLEX solver on instance: /home/yorig/tuner/mpils-tests/instances/miplib/medium-2/neos-5093327-huahum.mps with config: /scratch/yorig/mpils-results-grid-ticks-10000-7may/medium-2/24proc-6pils/seed-2/3_neos-5093327-huahum_seed-2_20260510_041416/iterated_local_search/run_5_worker_12/ils_config_14432082092233929946.prm
[INFO]:[04:16:25] Starting CPLEX solver on instance: /home/yorig/tuner/mpils-tests/instances/miplib/medium-2/neos-5093327-huahum.mps with config: /scratch/yorig/mpils-results-grid-ticks-10000-7may/medium-2/24proc-6pils/seed-2/3_neos-5093327-huahum_seed-2_20260510_041416/iterated_local_search/run_5_worker_12/ils_config_14432082092233929946.prm
[INFO]:[04:16:40] CPLEX results. Gap: 69.910000, upper bound: 13074.000000, lower bound: 3934.000000
[INFO]:[04:16:40] CPLEX solver finished. Gap: 69.910000
[INFO]:[04:16:41] Local search phase completed.
[INFO]:[04:16:41] Total number of new local-search evaluations: 18
[INFO]:[04:16:41] Final incumbent objective value: 69.91
[INFO]:[04:16:41] Worker 12 completed exploration phase.
[INFO]:[04:16:41] Worker 12 received order for step 2.
[INFO]:[04:16:41] Worker 12 running expansion phase for iteration 5.
[INFO]:[04:16:41] Worker 12 will use solver log file: /scratch/yorig/mpils-results-grid-ticks-10000-7may/medium-2/24proc-6pils/seed-2/3_neos-5093327-huahum_seed-2_20260510_041416/solver/cplex.log_iteration_expansion_5_worker_12
[INFO]:[04:16:41] Expansion Worker 12 starting expansion for iteration 5.
[INFO]:[04:16:41] Starting CPLEX solver on instance: /home/yorig/tuner/mpils-tests/instances/miplib/medium-2/neos-5093327-huahum.mps with config: /scratch/yorig/mpils-results-grid-ticks-10000-7may/medium-2/24proc-6pils/seed-2/3_neos-5093327-huahum_seed-2_20260510_041416/expansion/config_param_CPXPARAM_Preprocessing_BoundStrength_0_iter_5.prm
[INFO]:[04:16:46] CPLEX results. Gap: 36.000000, upper bound: 7614.000000, lower bound: 4873.188063
[INFO]:[04:16:46] CPLEX solver finished. Gap: 36.000000
[INFO]:[04:16:51] Expansion Worker 12 completed expansion.
[INFO]:[04:16:51] Worker 12 completed expansion phase.
[INFO]:[04:16:52] Worker 12 received order for step 1.
[INFO]:[04:16:52] Worker 12 running exploration phase for iteration 6.
[INFO]:[04:16:52] Worker 12 at iteration 6 will not use a MIP start file. Current best MIP-start upper bound threshold is 1.79769e+308.
[INFO]:[04:16:52] Starting local search phase...
[INFO]:[04:16:52] Creating local search space from parameter space file: /scratch/yorig/mpils-results-grid-ticks-10000-7may/medium-2/24proc-6pils/seed-2/3_neos-5093327-huahum_seed-2_20260510_041416/iterated_local_search/search_space/search_space_file_6_worker_12.txt
[INFO]:[04:16:52] Local search space loaded from file: /scratch/yorig/mpils-results-grid-ticks-10000-7may/medium-2/24proc-6pils/seed-2/3_neos-5093327-huahum_seed-2_20260510_041416/iterated_local_search/search_space/search_space_file_6_worker_12.txt
[INFO]:[04:16:52] Number of parameters in local search space: 71
[INFO]:[04:16:52] Number of forbidden tuples in local search space: 108
[INFO]:[04:16:52] Number of conditionals in local search space: 6
[INFO]:[04:16:52] MIP start option not enabled. Local search will proceed without MIP start.
[INFO]:[04:16:52] Starting CPLEX solver on instance: /home/yorig/tuner/mpils-tests/instances/miplib/medium-2/neos-5093327-huahum.mps with config: /scratch/yorig/mpils-results-grid-ticks-10000-7may/medium-2/24proc-6pils/seed-2/3_neos-5093327-huahum_seed-2_20260510_041416/iterated_local_search/run_6_worker_12/ils_config_3426418075336064433.prm
[INFO]:[04:16:52] Starting CPLEX solver on instance: /home/yorig/tuner/mpils-tests/instances/miplib/medium-2/neos-5093327-huahum.mps with config: /scratch/yorig/mpils-results-grid-ticks-10000-7may/medium-2/24proc-6pils/seed-2/3_neos-5093327-huahum_seed-2_20260510_041416/iterated_local_search/run_6_worker_12/ils_config_3426418075336064433.prm
[INFO]:[04:16:57] CPLEX results. Gap: 69.910000, upper bound: 13074.000000, lower bound: 3934.000000
[INFO]:[04:16:57] CPLEX solver finished. Gap: 69.910000
[INFO]:[04:16:57] New incumbent found with objective value: 29.78
[INFO]:[04:16:57] Starting CPLEX solver on instance: /home/yorig/tuner/mpils-tests/instances/miplib/medium-2/neos-5093327-huahum.mps with config: /scratch/yorig/mpils-results-grid-ticks-10000-7may/medium-2/24proc-6pils/seed-2/3_neos-5093327-huahum_seed-2_20260510_041416/iterated_local_search/run_6_worker_12/ils_config_13384670727403876957.prm
[INFO]:[04:16:57] Starting CPLEX solver on instance: /home/yorig/tuner/mpils-tests/instances/miplib/medium-2/neos-5093327-huahum.mps with config: /scratch/yorig/mpils-results-grid-ticks-10000-7may/medium-2/24proc-6pils/seed-2/3_neos-5093327-huahum_seed-2_20260510_041416/iterated_local_search/run_6_worker_12/ils_config_13384670727403876957.prm
[INFO]:[04:17:02] CPLEX results. Gap: 32.410000, upper bound: 7013.999996, lower bound: 4740.433628
[INFO]:[04:17:02] CPLEX solver finished. Gap: 32.410000
[INFO]:[04:17:02] New incumbent found with objective value: 28.58
[INFO]:[04:17:02] Local search phase completed.
[INFO]:[04:17:02] Total number of new local-search evaluations: 12
[INFO]:[04:17:02] Final incumbent objective value: 28.58
[INFO]:[04:17:02] Worker 12 completed exploration phase.
[INFO]:[04:17:03] Worker 12 received order for step 2.
[INFO]:[04:17:03] Worker 12 running expansion phase for iteration 6.
[INFO]:[04:17:03] Worker 12 will use solver log file: /scratch/yorig/mpils-results-grid-ticks-10000-7may/medium-2/24proc-6pils/seed-2/3_neos-5093327-huahum_seed-2_20260510_041416/solver/cplex.log_iteration_expansion_6_worker_12
[INFO]:[04:17:03] Expansion Worker 12 starting expansion for iteration 6.
[INFO]:[04:17:03] Starting CPLEX solver on instance: /home/yorig/tuner/mpils-tests/instances/miplib/medium-2/neos-5093327-huahum.mps with config: /scratch/yorig/mpils-results-grid-ticks-10000-7may/medium-2/24proc-6pils/seed-2/3_neos-5093327-huahum_seed-2_20260510_041416/expansion/config_param_CPXPARAM_Preprocessing_Reduce_0_iter_6.prm
[WARN]:[04:17:10] CPLEX finished without a primal feasible solution for config /scratch/yorig/mpils-results-grid-ticks-10000-7may/medium-2/24proc-6pils/seed-2/3_neos-5093327-huahum_seed-2_20260510_041416/expansion/config_param_CPXPARAM_Preprocessing_Reduce_0_iter_6.prm.
[INFO]:[04:17:10] CPLEX results. Gap: unavailable, upper bound: null, lower bound: 4643.850575
[INFO]:[04:17:10] CPLEX solver finished. Gap: 179769313486231570814527423731704356798070567525844996598917476803157260780028538760589558632766878171540458953514382464234321326889464182768467546703537516986049910576551282076245490090389328944075868508455133942304583236903222948165808559332123348274797826204144723168738177180919299881250404026184124858368.000000
[INFO]:[04:17:15] Expansion Worker 12 completed expansion.
[INFO]:[04:17:15] Worker 12 completed expansion phase.
[INFO]:[04:17:15] Worker 12 received order for step 1.
[INFO]:[04:17:15] Worker 12 running exploration phase for iteration 7.
[INFO]:[04:17:15] Worker 12 at iteration 7 will not use a MIP start file. Current best MIP-start upper bound threshold is 1.79769e+308.
[INFO]:[04:17:15] Starting local search phase...
[INFO]:[04:17:15] Creating local search space from parameter space file: /scratch/yorig/mpils-results-grid-ticks-10000-7may/medium-2/24proc-6pils/seed-2/3_neos-5093327-huahum_seed-2_20260510_041416/iterated_local_search/search_space/search_space_file_7_worker_12.txt
[INFO]:[04:17:15] Local search space loaded from file: /scratch/yorig/mpils-results-grid-ticks-10000-7may/medium-2/24proc-6pils/seed-2/3_neos-5093327-huahum_seed-2_20260510_041416/iterated_local_search/search_space/search_space_file_7_worker_12.txt
[INFO]:[04:17:15] Number of parameters in local search space: 71
[INFO]:[04:17:15] Number of forbidden tuples in local search space: 139
[INFO]:[04:17:15] Number of conditionals in local search space: 6
[INFO]:[04:17:15] MIP start option not enabled. Local search will proceed without MIP start.
[INFO]:[04:17:15] Starting CPLEX solver on instance: /home/yorig/tuner/mpils-tests/instances/miplib/medium-2/neos-5093327-huahum.mps with config: /scratch/yorig/mpils-results-grid-ticks-10000-7may/medium-2/24proc-6pils/seed-2/3_neos-5093327-huahum_seed-2_20260510_041416/iterated_local_search/run_7_worker_12/ils_config_11173382118822805426.prm
[INFO]:[04:17:15] Starting CPLEX solver on instance: /home/yorig/tuner/mpils-tests/instances/miplib/medium-2/neos-5093327-huahum.mps with config: /scratch/yorig/mpils-results-grid-ticks-10000-7may/medium-2/24proc-6pils/seed-2/3_neos-5093327-huahum_seed-2_20260510_041416/iterated_local_search/run_7_worker_12/ils_config_11173382118822805426.prm
[INFO]:[04:17:20] CPLEX results. Gap: 40.720000, upper bound: 7371.999991, lower bound: 4370.460135
[INFO]:[04:17:20] CPLEX solver finished. Gap: 40.720000
[INFO]:[04:17:20] New incumbent found with objective value: 28.42
[INFO]:[04:17:20] Starting CPLEX solver on instance: /home/yorig/tuner/mpils-tests/instances/miplib/medium-2/neos-5093327-huahum.mps with config: /scratch/yorig/mpils-results-grid-ticks-10000-7may/medium-2/24proc-6pils/seed-2/3_neos-5093327-huahum_seed-2_20260510_041416/iterated_local_search/run_7_worker_12/ils_config_4833577474902458559.prm
[INFO]:[04:17:20] Starting CPLEX solver on instance: /home/yorig/tuner/mpils-tests/instances/miplib/medium-2/neos-5093327-huahum.mps with config: /scratch/yorig/mpils-results-grid-ticks-10000-7may/medium-2/24proc-6pils/seed-2/3_neos-5093327-huahum_seed-2_20260510_041416/iterated_local_search/run_7_worker_12/ils_config_4833577474902458559.prm
[INFO]:[04:17:25] CPLEX results. Gap: 31.670000, upper bound: 6805.999996, lower bound: 4650.879068
[INFO]:[04:17:25] CPLEX solver finished. Gap: 31.670000
[INFO]:[04:17:26] Local search phase completed.
[INFO]:[04:17:26] Total number of new local-search evaluations: 12
[INFO]:[04:17:26] Final incumbent objective value: 28.42
[INFO]:[04:17:27] Worker 12 completed exploration phase.
[INFO]:[04:17:27] Worker 12 received order for step 2.
[INFO]:[04:17:27] Worker 12 running expansion phase for iteration 7.
[INFO]:[04:17:27] Worker 12 will use solver log file: /scratch/yorig/mpils-results-grid-ticks-10000-7may/medium-2/24proc-6pils/seed-2/3_neos-5093327-huahum_seed-2_20260510_041416/solver/cplex.log_iteration_expansion_7_worker_12
[INFO]:[04:17:27] Expansion Worker 12 starting expansion for iteration 7.
[INFO]:[04:17:27] Starting CPLEX solver on instance: /home/yorig/tuner/mpils-tests/instances/miplib/medium-2/neos-5093327-huahum.mps with config: /scratch/yorig/mpils-results-grid-ticks-10000-7may/medium-2/24proc-6pils/seed-2/3_neos-5093327-huahum_seed-2_20260510_041416/expansion/config_param_CPXPARAM_MIP_Limits_StrongCand_2_iter_7.prm
[INFO]:[04:17:32] CPLEX results. Gap: 25.560000, upper bound: 6518.000000, lower bound: 4852.197027
[INFO]:[04:17:32] CPLEX solver finished. Gap: 25.560000
[INFO]:[04:17:32] Expansion Worker 12 completed expansion.
[INFO]:[04:17:32] Worker 12 completed expansion phase.
[INFO]:[04:17:33] Worker 12 received order for step 1.
[INFO]:[04:17:33] Worker 12 running exploration phase for iteration 8.
[INFO]:[04:17:33] Worker 12 at iteration 8 will not use a MIP start file. Current best MIP-start upper bound threshold is 1.79769e+308.
[INFO]:[04:17:33] Starting local search phase...
[INFO]:[04:17:33] Creating local search space from parameter space file: /scratch/yorig/mpils-results-grid-ticks-10000-7may/medium-2/24proc-6pils/seed-2/3_neos-5093327-huahum_seed-2_20260510_041416/iterated_local_search/search_space/search_space_file_8_worker_12.txt
[INFO]:[04:17:33] Local search space loaded from file: /scratch/yorig/mpils-results-grid-ticks-10000-7may/medium-2/24proc-6pils/seed-2/3_neos-5093327-huahum_seed-2_20260510_041416/iterated_local_search/search_space/search_space_file_8_worker_12.txt
[INFO]:[04:17:33] Number of parameters in local search space: 71
[INFO]:[04:17:33] Number of forbidden tuples in local search space: 151
[INFO]:[04:17:33] Number of conditionals in local search space: 6
[INFO]:[04:17:33] MIP start option not enabled. Local search will proceed without MIP start.
[INFO]:[04:17:33] Starting CPLEX solver on instance: /home/yorig/tuner/mpils-tests/instances/miplib/medium-2/neos-5093327-huahum.mps with config: /scratch/yorig/mpils-results-grid-ticks-10000-7may/medium-2/24proc-6pils/seed-2/3_neos-5093327-huahum_seed-2_20260510_041416/iterated_local_search/run_8_worker_12/ils_config_332952370305019122.prm
[INFO]:[04:17:33] Starting CPLEX solver on instance: /home/yorig/tuner/mpils-tests/instances/miplib/medium-2/neos-5093327-huahum.mps with config: /scratch/yorig/mpils-results-grid-ticks-10000-7may/medium-2/24proc-6pils/seed-2/3_neos-5093327-huahum_seed-2_20260510_041416/iterated_local_search/run_8_worker_12/ils_config_332952370305019122.prm
[WARN]:[04:17:35] CPLEX finished without a primal feasible solution for config /scratch/yorig/mpils-results-grid-ticks-10000-7may/medium-2/24proc-6pils/seed-2/3_neos-5093327-huahum_seed-2_20260510_041416/iterated_local_search/run_8_worker_12/ils_config_332952370305019122.prm.
[INFO]:[04:17:35] CPLEX results. Gap: unavailable, upper bound: null, lower bound: 4702.364329
[INFO]:[04:17:35] CPLEX solver finished. Gap: 179769313486231570814527423731704356798070567525844996598917476803157260780028538760589558632766878171540458953514382464234321326889464182768467546703537516986049910576551282076245490090389328944075868508455133942304583236903222948165808559332123348274797826204144723168738177180919299881250404026184124858368.000000
[INFO]:[04:17:38] New incumbent found with objective value: 41.1
[INFO]:[04:17:39] Starting CPLEX solver on instance: /home/yorig/tuner/mpils-tests/instances/miplib/medium-2/neos-5093327-huahum.mps with config: /scratch/yorig/mpils-results-grid-ticks-10000-7may/medium-2/24proc-6pils/seed-2/3_neos-5093327-huahum_seed-2_20260510_041416/iterated_local_search/run_8_worker_12/ils_config_7817429085510818884.prm
[INFO]:[04:17:39] Starting CPLEX solver on instance: /home/yorig/tuner/mpils-tests/instances/miplib/medium-2/neos-5093327-huahum.mps with config: /scratch/yorig/mpils-results-grid-ticks-10000-7may/medium-2/24proc-6pils/seed-2/3_neos-5093327-huahum_seed-2_20260510_041416/iterated_local_search/run_8_worker_12/ils_config_7817429085510818884.prm
[INFO]:[04:17:43] CPLEX results. Gap: 41.100000, upper bound: 8109.999997, lower bound: 4777.117597
[INFO]:[04:17:43] CPLEX solver finished. Gap: 41.100000
[INFO]:[04:17:43] New incumbent found with objective value: 35.88
[INFO]:[04:17:43] Starting CPLEX solver on instance: /home/yorig/tuner/mpils-tests/instances/miplib/medium-2/neos-5093327-huahum.mps with config: /scratch/yorig/mpils-results-grid-ticks-10000-7may/medium-2/24proc-6pils/seed-2/3_neos-5093327-huahum_seed-2_20260510_041416/iterated_local_search/run_8_worker_12/ils_config_118093645921225025.prm
[INFO]:[04:17:43] Starting CPLEX solver on instance: /home/yorig/tuner/mpils-tests/instances/miplib/medium-2/neos-5093327-huahum.mps with config: /scratch/yorig/mpils-results-grid-ticks-10000-7may/medium-2/24proc-6pils/seed-2/3_neos-5093327-huahum_seed-2_20260510_041416/iterated_local_search/run_8_worker_12/ils_config_118093645921225025.prm
[INFO]:[04:17:49] CPLEX results. Gap: 38.610000, upper bound: 6864.000000, lower bound: 4213.921974
[INFO]:[04:17:49] CPLEX solver finished. Gap: 38.610000
[INFO]:[04:17:49] New incumbent found with objective value: 26.73
[INFO]:[04:17:49] Starting CPLEX solver on instance: /home/yorig/tuner/mpils-tests/instances/miplib/medium-2/neos-5093327-huahum.mps with config: /scratch/yorig/mpils-results-grid-ticks-10000-7may/medium-2/24proc-6pils/seed-2/3_neos-5093327-huahum_seed-2_20260510_041416/iterated_local_search/run_8_worker_12/ils_config_9188460359111635196.prm
[INFO]:[04:17:49] Starting CPLEX solver on instance: /home/yorig/tuner/mpils-tests/instances/miplib/medium-2/neos-5093327-huahum.mps with config: /scratch/yorig/mpils-results-grid-ticks-10000-7may/medium-2/24proc-6pils/seed-2/3_neos-5093327-huahum_seed-2_20260510_041416/iterated_local_search/run_8_worker_12/ils_config_9188460359111635196.prm
[INFO]:[04:17:54] CPLEX results. Gap: 28.990000, upper bound: 6791.999996, lower bound: 4823.234718
[INFO]:[04:17:54] CPLEX solver finished. Gap: 28.990000
[INFO]:[04:17:54] Starting CPLEX solver on instance: /home/yorig/tuner/mpils-tests/instances/miplib/medium-2/neos-5093327-huahum.mps with config: /scratch/yorig/mpils-results-grid-ticks-10000-7may/medium-2/24proc-6pils/seed-2/3_neos-5093327-huahum_seed-2_20260510_041416/iterated_local_search/run_8_worker_12/ils_config_18021884728869312253.prm
[INFO]:[04:17:54] Starting CPLEX solver on instance: /home/yorig/tuner/mpils-tests/instances/miplib/medium-2/neos-5093327-huahum.mps with config: /scratch/yorig/mpils-results-grid-ticks-10000-7may/medium-2/24proc-6pils/seed-2/3_neos-5093327-huahum_seed-2_20260510_041416/iterated_local_search/run_8_worker_12/ils_config_18021884728869312253.prm
[INFO]:[04:17:59] CPLEX results. Gap: 26.730000, upper bound: 6591.999996, lower bound: 4829.705783
[INFO]:[04:17:59] CPLEX solver finished. Gap: 26.730000
[INFO]:[04:18:00] New incumbent found with objective value: 26.67
[INFO]:[04:18:00] Local search phase completed.
[INFO]:[04:18:00] Total number of new local-search evaluations: 30
[INFO]:[04:18:00] Final incumbent objective value: 26.67
[INFO]:[04:18:00] Worker 12 completed exploration phase.
[INFO]:[04:18:00] Worker 12 received order for step 3.
[INFO]:[04:18:00] Worker 12 finished.
