[INFO]:[18:59:04] Worker 14 starting.
[INFO]:[18:59:04] Worker 14 received order for step 1.
[INFO]:[18:59:04] Worker 14 running exploration phase for iteration 1.
[INFO]:[18:59:04] Worker 14 at iteration 1 will not use a MIP start file. Current best MIP-start upper bound threshold is 1.79769e+308.
[INFO]:[18:59:04] Starting local search phase...
[INFO]:[18:59:04] Worker (ils_group_rank=14) entering parallel ILS evaluation service.
[INFO]:[18:59:04] Starting CPLEX solver on instance: /home/yorig/tuner/mpils-tests/instances/miplib/medium-1/mushroom-best.mps with config: /scratch/yorig/mpils-results-grid-ticks-10000-7may/medium-1/16proc-16pils/seed-9/7_mushroom-best_seed-9_20260510_185903/iterated_local_search/run_1_worker_0/parallel_0_14.prm
[INFO]:[18:59:09] CPLEX results. Gap: 100.000000, upper bound: 22.102683, lower bound: 0.000013
[INFO]:[18:59:09] CPLEX solver finished. Gap: 100.000000
[INFO]:[18:59:11] Starting CPLEX solver on instance: /home/yorig/tuner/mpils-tests/instances/miplib/medium-1/mushroom-best.mps with config: /scratch/yorig/mpils-results-grid-ticks-10000-7may/medium-1/16proc-16pils/seed-9/7_mushroom-best_seed-9_20260510_185903/iterated_local_search/run_1_worker_0/parallel_16_14.prm
[INFO]:[18:59:18] CPLEX results. Gap: 31.380000, upper bound: 0.055334, lower bound: 0.037972
[INFO]:[18:59:18] CPLEX solver finished. Gap: 31.380000
[INFO]:[18:59:18] Worker (ils_group_rank=14) exiting parallel ILS evaluation service.
[INFO]:[18:59:18] Worker 14 completed exploration phase.
[INFO]:[18:59:18] Worker 14 received order for step 2.
[INFO]:[18:59:18] Worker 14 running expansion phase for iteration 1.
[INFO]:[18:59:18] Worker 14 will use solver log file: /scratch/yorig/mpils-results-grid-ticks-10000-7may/medium-1/16proc-16pils/seed-9/7_mushroom-best_seed-9_20260510_185903/solver/cplex.log_iteration_expansion_1_worker_14
[INFO]:[18:59:18] Expansion Worker 14 starting expansion for iteration 1.
[INFO]:[18:59:18] Starting CPLEX solver on instance: /home/yorig/tuner/mpils-tests/instances/miplib/medium-1/mushroom-best.mps with config: /scratch/yorig/mpils-results-grid-ticks-10000-7may/medium-1/16proc-16pils/seed-9/7_mushroom-best_seed-9_20260510_185903/expansion/config_param_CPXPARAM_MIP_Strategy_NodeSelect_2_iter_1.prm
[INFO]:[18:59:26] CPLEX results. Gap: 64.890000, upper bound: 0.055334, lower bound: 0.019426
[INFO]:[18:59:26] CPLEX solver finished. Gap: 64.890000
[INFO]:[18:59:26] Expansion Worker 14 stopping early after global MPI expansion stop was activated.
[INFO]:[18:59:26] Expansion Worker 14 completed expansion.
[INFO]:[18:59:26] Worker 14 completed expansion phase.
[INFO]:[18:59:26] Worker 14 received order for step 1.
[INFO]:[18:59:26] Worker 14 running exploration phase for iteration 2.
[INFO]:[18:59:26] Worker 14 at iteration 2 will not use a MIP start file. Current best MIP-start upper bound threshold is 1.79769e+308.
[INFO]:[18:59:26] Starting local search phase...
[INFO]:[18:59:26] Worker (ils_group_rank=14) entering parallel ILS evaluation service.
[INFO]:[18:59:26] Starting CPLEX solver on instance: /home/yorig/tuner/mpils-tests/instances/miplib/medium-1/mushroom-best.mps with config: /scratch/yorig/mpils-results-grid-ticks-10000-7may/medium-1/16proc-16pils/seed-9/7_mushroom-best_seed-9_20260510_185903/iterated_local_search/run_2_worker_0/parallel_0_14.prm
[INFO]:[18:59:34] CPLEX results. Gap: 31.370000, upper bound: 0.055334, lower bound: 0.037978
[INFO]:[18:59:34] CPLEX solver finished. Gap: 31.370000
[INFO]:[18:59:34] Worker (ils_group_rank=14) exiting parallel ILS evaluation service.
[INFO]:[18:59:34] Worker 14 completed exploration phase.
[INFO]:[18:59:34] Worker 14 received order for step 2.
[INFO]:[18:59:34] Worker 14 running expansion phase for iteration 2.
[INFO]:[18:59:34] Worker 14 will use solver log file: /scratch/yorig/mpils-results-grid-ticks-10000-7may/medium-1/16proc-16pils/seed-9/7_mushroom-best_seed-9_20260510_185903/solver/cplex.log_iteration_expansion_2_worker_14
[INFO]:[18:59:34] Expansion Worker 14 starting expansion for iteration 2.
[INFO]:[18:59:34] Starting CPLEX solver on instance: /home/yorig/tuner/mpils-tests/instances/miplib/medium-1/mushroom-best.mps with config: /scratch/yorig/mpils-results-grid-ticks-10000-7may/medium-1/16proc-16pils/seed-9/7_mushroom-best_seed-9_20260510_185903/expansion/config_param_CPXPARAM_MIP_Limits_ProbeTime_5_iter_2.prm
[INFO]:[18:59:42] CPLEX results. Gap: 25.250000, upper bound: 0.055334, lower bound: 0.041364
[INFO]:[18:59:42] CPLEX solver finished. Gap: 25.250000
[INFO]:[18:59:43] Starting CPLEX solver on instance: /home/yorig/tuner/mpils-tests/instances/miplib/medium-1/mushroom-best.mps with config: /scratch/yorig/mpils-results-grid-ticks-10000-7may/medium-1/16proc-16pils/seed-9/7_mushroom-best_seed-9_20260510_185903/expansion/config_param_CPXPARAM_MIP_Strategy_RINSHeur_1000_iter_2.prm
[INFO]:[18:59:50] CPLEX results. Gap: 35.650000, upper bound: 0.055334, lower bound: 0.035610
[INFO]:[18:59:50] CPLEX solver finished. Gap: 35.650000
[INFO]:[18:59:51] Starting CPLEX solver on instance: /home/yorig/tuner/mpils-tests/instances/miplib/medium-1/mushroom-best.mps with config: /scratch/yorig/mpils-results-grid-ticks-10000-7may/medium-1/16proc-16pils/seed-9/7_mushroom-best_seed-9_20260510_185903/expansion/config_param_CPXPARAM_MIP_Strategy_PresolveNode_-1_iter_2.prm
[INFO]:[18:59:58] CPLEX results. Gap: 22.770000, upper bound: 0.055334, lower bound: 0.042737
[INFO]:[18:59:58] CPLEX solver finished. Gap: 22.770000
[INFO]:[18:59:58] Expansion Worker 14 found an improving configuration with objective value 22.77.
[INFO]:[18:59:59] Expansion Worker 14 stopping early after global MPI expansion stop was activated.
[INFO]:[18:59:59] Expansion Worker 14 completed expansion.
[INFO]:[18:59:59] Worker 14 completed expansion phase.
[INFO]:[18:59:59] Worker 14 received order for step 1.
[INFO]:[18:59:59] Worker 14 running exploration phase for iteration 3.
[INFO]:[18:59:59] Worker 14 at iteration 3 will not use a MIP start file. Current best MIP-start upper bound threshold is 1.79769e+308.
[INFO]:[18:59:59] Starting local search phase...
[INFO]:[18:59:59] Worker (ils_group_rank=14) entering parallel ILS evaluation service.
[INFO]:[18:59:59] Starting CPLEX solver on instance: /home/yorig/tuner/mpils-tests/instances/miplib/medium-1/mushroom-best.mps with config: /scratch/yorig/mpils-results-grid-ticks-10000-7may/medium-1/16proc-16pils/seed-9/7_mushroom-best_seed-9_20260510_185903/iterated_local_search/run_3_worker_0/parallel_0_14.prm
[INFO]:[19:00:06] CPLEX results. Gap: 31.320000, upper bound: 0.055334, lower bound: 0.038002
[INFO]:[19:00:06] CPLEX solver finished. Gap: 31.320000
[INFO]:[19:00:07] Worker (ils_group_rank=14) exiting parallel ILS evaluation service.
[INFO]:[19:00:07] Worker 14 completed exploration phase.
[INFO]:[19:00:07] Worker 14 received order for step 2.
[INFO]:[19:00:07] Worker 14 running expansion phase for iteration 3.
[INFO]:[19:00:07] Worker 14 will use solver log file: /scratch/yorig/mpils-results-grid-ticks-10000-7may/medium-1/16proc-16pils/seed-9/7_mushroom-best_seed-9_20260510_185903/solver/cplex.log_iteration_expansion_3_worker_14
[INFO]:[19:00:07] Expansion Worker 14 starting expansion for iteration 3.
[INFO]:[19:00:07] Starting CPLEX solver on instance: /home/yorig/tuner/mpils-tests/instances/miplib/medium-1/mushroom-best.mps with config: /scratch/yorig/mpils-results-grid-ticks-10000-7may/medium-1/16proc-16pils/seed-9/7_mushroom-best_seed-9_20260510_185903/expansion/config_param_CPXPARAM_MIP_Strategy_HeuristicFreq_100_iter_3.prm
[INFO]:[19:00:14] CPLEX results. Gap: 24.940000, upper bound: 0.055334, lower bound: 0.041536
[INFO]:[19:00:14] CPLEX solver finished. Gap: 24.940000
[INFO]:[19:00:15] Starting CPLEX solver on instance: /home/yorig/tuner/mpils-tests/instances/miplib/medium-1/mushroom-best.mps with config: /scratch/yorig/mpils-results-grid-ticks-10000-7may/medium-1/16proc-16pils/seed-9/7_mushroom-best_seed-9_20260510_185903/expansion/config_param_CPXPARAM_Simplex_DGradient_3_iter_3.prm
[INFO]:[19:00:21] CPLEX results. Gap: 35.620000, upper bound: 0.055334, lower bound: 0.035626
[INFO]:[19:00:21] CPLEX solver finished. Gap: 35.620000
[INFO]:[19:00:30] Expansion Worker 14 completed expansion.
[INFO]:[19:00:30] Worker 14 completed expansion phase.
[INFO]:[19:00:30] Worker 14 received order for step 1.
[INFO]:[19:00:30] Worker 14 running exploration phase for iteration 4.
[INFO]:[19:00:30] Worker 14 at iteration 4 will not use a MIP start file. Current best MIP-start upper bound threshold is 1.79769e+308.
[INFO]:[19:00:30] Starting local search phase...
[INFO]:[19:00:30] Worker (ils_group_rank=14) entering parallel ILS evaluation service.
[INFO]:[19:00:30] Starting CPLEX solver on instance: /home/yorig/tuner/mpils-tests/instances/miplib/medium-1/mushroom-best.mps with config: /scratch/yorig/mpils-results-grid-ticks-10000-7may/medium-1/16proc-16pils/seed-9/7_mushroom-best_seed-9_20260510_185903/iterated_local_search/run_4_worker_0/parallel_0_14.prm
[INFO]:[19:00:37] CPLEX results. Gap: 25.250000, upper bound: 0.055334, lower bound: 0.041364
[INFO]:[19:00:37] CPLEX solver finished. Gap: 25.250000
[INFO]:[19:00:38] Worker (ils_group_rank=14) exiting parallel ILS evaluation service.
[INFO]:[19:00:38] Worker 14 completed exploration phase.
[INFO]:[19:00:38] Worker 14 received order for step 2.
[INFO]:[19:00:38] Worker 14 running expansion phase for iteration 4.
[INFO]:[19:00:38] Worker 14 will use solver log file: /scratch/yorig/mpils-results-grid-ticks-10000-7may/medium-1/16proc-16pils/seed-9/7_mushroom-best_seed-9_20260510_185903/solver/cplex.log_iteration_expansion_4_worker_14
[INFO]:[19:00:38] Expansion Worker 14 starting expansion for iteration 4.
[INFO]:[19:00:38] Starting CPLEX solver on instance: /home/yorig/tuner/mpils-tests/instances/miplib/medium-1/mushroom-best.mps with config: /scratch/yorig/mpils-results-grid-ticks-10000-7may/medium-1/16proc-16pils/seed-9/7_mushroom-best_seed-9_20260510_185903/expansion/config_param_CPXPARAM_Barrier_Ordering_2_iter_4.prm
[INFO]:[19:00:45] CPLEX results. Gap: 22.770000, upper bound: 0.055334, lower bound: 0.042737
[INFO]:[19:00:45] CPLEX solver finished. Gap: 22.770000
[INFO]:[19:00:46] Starting CPLEX solver on instance: /home/yorig/tuner/mpils-tests/instances/miplib/medium-1/mushroom-best.mps with config: /scratch/yorig/mpils-results-grid-ticks-10000-7may/medium-1/16proc-16pils/seed-9/7_mushroom-best_seed-9_20260510_185903/expansion/config_param_CPXPARAM_Preprocessing_Dependency_3_iter_4.prm
[INFO]:[19:00:53] CPLEX results. Gap: 22.770000, upper bound: 0.055334, lower bound: 0.042737
[INFO]:[19:00:53] CPLEX solver finished. Gap: 22.770000
[INFO]:[19:00:53] Expansion Worker 14 completed expansion.
[INFO]:[19:00:53] Worker 14 completed expansion phase.
[INFO]:[19:00:53] Worker 14 received order for step 1.
[INFO]:[19:00:53] Worker 14 running exploration phase for iteration 5.
[INFO]:[19:00:53] Worker 14 at iteration 5 will not use a MIP start file. Current best MIP-start upper bound threshold is 1.79769e+308.
[INFO]:[19:00:53] Starting local search phase...
[INFO]:[19:00:53] Worker (ils_group_rank=14) entering parallel ILS evaluation service.
[INFO]:[19:00:53] Starting CPLEX solver on instance: /home/yorig/tuner/mpils-tests/instances/miplib/medium-1/mushroom-best.mps with config: /scratch/yorig/mpils-results-grid-ticks-10000-7may/medium-1/16proc-16pils/seed-9/7_mushroom-best_seed-9_20260510_185903/iterated_local_search/run_5_worker_0/parallel_0_14.prm
[INFO]:[19:01:01] CPLEX results. Gap: 25.250000, upper bound: 0.055334, lower bound: 0.041364
[INFO]:[19:01:01] CPLEX solver finished. Gap: 25.250000
[INFO]:[19:01:02] Worker (ils_group_rank=14) exiting parallel ILS evaluation service.
[INFO]:[19:01:02] Worker 14 completed exploration phase.
[INFO]:[19:01:02] Worker 14 received order for step 2.
[INFO]:[19:01:02] Worker 14 running expansion phase for iteration 5.
[INFO]:[19:01:02] Worker 14 will use solver log file: /scratch/yorig/mpils-results-grid-ticks-10000-7may/medium-1/16proc-16pils/seed-9/7_mushroom-best_seed-9_20260510_185903/solver/cplex.log_iteration_expansion_5_worker_14
[INFO]:[19:01:02] Expansion Worker 14 starting expansion for iteration 5.
[INFO]:[19:01:02] Starting CPLEX solver on instance: /home/yorig/tuner/mpils-tests/instances/miplib/medium-1/mushroom-best.mps with config: /scratch/yorig/mpils-results-grid-ticks-10000-7may/medium-1/16proc-16pils/seed-9/7_mushroom-best_seed-9_20260510_185903/expansion/config_param_CPXPARAM_MIP_Strategy_File_0_iter_5.prm
[INFO]:[19:01:09] CPLEX results. Gap: 22.770000, upper bound: 0.055334, lower bound: 0.042737
[INFO]:[19:01:09] CPLEX solver finished. Gap: 22.770000
[INFO]:[19:01:17] Expansion Worker 14 completed expansion.
[INFO]:[19:01:17] Worker 14 completed expansion phase.
[INFO]:[19:01:17] Worker 14 received order for step 1.
[INFO]:[19:01:17] Worker 14 running exploration phase for iteration 6.
[INFO]:[19:01:17] Worker 14 at iteration 6 will not use a MIP start file. Current best MIP-start upper bound threshold is 1.79769e+308.
[INFO]:[19:01:17] Starting local search phase...
[INFO]:[19:01:17] Worker (ils_group_rank=14) entering parallel ILS evaluation service.
[INFO]:[19:01:17] Starting CPLEX solver on instance: /home/yorig/tuner/mpils-tests/instances/miplib/medium-1/mushroom-best.mps with config: /scratch/yorig/mpils-results-grid-ticks-10000-7may/medium-1/16proc-16pils/seed-9/7_mushroom-best_seed-9_20260510_185903/iterated_local_search/run_6_worker_0/parallel_0_14.prm
[INFO]:[19:01:24] CPLEX results. Gap: 26.750000, upper bound: 0.055334, lower bound: 0.040531
[INFO]:[19:01:24] CPLEX solver finished. Gap: 26.750000
[INFO]:[19:01:25] Starting CPLEX solver on instance: /home/yorig/tuner/mpils-tests/instances/miplib/medium-1/mushroom-best.mps with config: /scratch/yorig/mpils-results-grid-ticks-10000-7may/medium-1/16proc-16pils/seed-9/7_mushroom-best_seed-9_20260510_185903/iterated_local_search/run_6_worker_0/parallel_16_14.prm
[INFO]:[19:01:32] CPLEX results. Gap: 21.710000, upper bound: 0.055334, lower bound: 0.043319
[INFO]:[19:01:32] CPLEX solver finished. Gap: 21.710000
[INFO]:[19:01:33] Worker (ils_group_rank=14) exiting parallel ILS evaluation service.
[INFO]:[19:01:33] Worker 14 completed exploration phase.
[INFO]:[19:01:33] Worker 14 received order for step 2.
[INFO]:[19:01:33] Worker 14 running expansion phase for iteration 6.
[INFO]:[19:01:33] Worker 14 will use solver log file: /scratch/yorig/mpils-results-grid-ticks-10000-7may/medium-1/16proc-16pils/seed-9/7_mushroom-best_seed-9_20260510_185903/solver/cplex.log_iteration_expansion_6_worker_14
[INFO]:[19:01:33] Expansion Worker 14 starting expansion for iteration 6.
[INFO]:[19:01:33] Starting CPLEX solver on instance: /home/yorig/tuner/mpils-tests/instances/miplib/medium-1/mushroom-best.mps with config: /scratch/yorig/mpils-results-grid-ticks-10000-7may/medium-1/16proc-16pils/seed-9/7_mushroom-best_seed-9_20260510_185903/expansion/config_param_CPXPARAM_Simplex_Limits_Singularity_5_iter_6.prm
[INFO]:[19:01:40] CPLEX results. Gap: 21.480000, upper bound: 0.055334, lower bound: 0.043451
[INFO]:[19:01:40] CPLEX solver finished. Gap: 21.480000
[INFO]:[19:01:40] Expansion Worker 14 stopping early after global MPI expansion stop was activated.
[INFO]:[19:01:40] Expansion Worker 14 completed expansion.
[INFO]:[19:01:40] Worker 14 completed expansion phase.
[INFO]:[19:01:40] Worker 14 received order for step 1.
[INFO]:[19:01:40] Worker 14 running exploration phase for iteration 7.
[INFO]:[19:01:40] Worker 14 at iteration 7 will not use a MIP start file. Current best MIP-start upper bound threshold is 1.79769e+308.
[INFO]:[19:01:40] Starting local search phase...
[INFO]:[19:01:40] Worker (ils_group_rank=14) entering parallel ILS evaluation service.
[INFO]:[19:01:40] Starting CPLEX solver on instance: /home/yorig/tuner/mpils-tests/instances/miplib/medium-1/mushroom-best.mps with config: /scratch/yorig/mpils-results-grid-ticks-10000-7may/medium-1/16proc-16pils/seed-9/7_mushroom-best_seed-9_20260510_185903/iterated_local_search/run_7_worker_0/parallel_0_14.prm
[INFO]:[19:01:47] CPLEX results. Gap: 25.650000, upper bound: 0.055334, lower bound: 0.041142
[INFO]:[19:01:47] CPLEX solver finished. Gap: 25.650000
[INFO]:[19:01:48] Starting CPLEX solver on instance: /home/yorig/tuner/mpils-tests/instances/miplib/medium-1/mushroom-best.mps with config: /scratch/yorig/mpils-results-grid-ticks-10000-7may/medium-1/16proc-16pils/seed-9/7_mushroom-best_seed-9_20260510_185903/iterated_local_search/run_7_worker_0/parallel_16_14.prm
[INFO]:[19:01:56] CPLEX results. Gap: 19.990000, upper bound: 0.055334, lower bound: 0.044275
[INFO]:[19:01:56] CPLEX solver finished. Gap: 19.990000
[INFO]:[19:01:56] Worker (ils_group_rank=14) exiting parallel ILS evaluation service.
[INFO]:[19:01:56] Worker 14 completed exploration phase.
[INFO]:[19:01:56] Worker 14 received order for step 2.
[INFO]:[19:01:56] Worker 14 running expansion phase for iteration 7.
[INFO]:[19:01:56] Worker 14 will use solver log file: /scratch/yorig/mpils-results-grid-ticks-10000-7may/medium-1/16proc-16pils/seed-9/7_mushroom-best_seed-9_20260510_185903/solver/cplex.log_iteration_expansion_7_worker_14
[INFO]:[19:01:56] Expansion Worker 14 starting expansion for iteration 7.
[INFO]:[19:01:56] Starting CPLEX solver on instance: /home/yorig/tuner/mpils-tests/instances/miplib/medium-1/mushroom-best.mps with config: /scratch/yorig/mpils-results-grid-ticks-10000-7may/medium-1/16proc-16pils/seed-9/7_mushroom-best_seed-9_20260510_185903/expansion/config_param_CPXPARAM_MIP_Limits_StrongCand_20_iter_7.prm
[INFO]:[19:02:03] CPLEX results. Gap: 18.810000, upper bound: 0.055334, lower bound: 0.044926
[INFO]:[19:02:03] CPLEX solver finished. Gap: 18.810000
[INFO]:[19:02:03] Expansion Worker 14 found an improving configuration with objective value 18.81.
[INFO]:[19:02:04] Expansion Worker 14 stopping early after global MPI expansion stop was activated.
[INFO]:[19:02:04] Expansion Worker 14 completed expansion.
[INFO]:[19:02:04] Worker 14 completed expansion phase.
[INFO]:[19:02:04] Worker 14 received order for step 1.
[INFO]:[19:02:04] Worker 14 running exploration phase for iteration 8.
[INFO]:[19:02:04] Worker 14 at iteration 8 will not use a MIP start file. Current best MIP-start upper bound threshold is 1.79769e+308.
[INFO]:[19:02:04] Starting local search phase...
[INFO]:[19:02:04] Worker (ils_group_rank=14) entering parallel ILS evaluation service.
[INFO]:[19:02:04] Starting CPLEX solver on instance: /home/yorig/tuner/mpils-tests/instances/miplib/medium-1/mushroom-best.mps with config: /scratch/yorig/mpils-results-grid-ticks-10000-7may/medium-1/16proc-16pils/seed-9/7_mushroom-best_seed-9_20260510_185903/iterated_local_search/run_8_worker_0/parallel_0_14.prm
[INFO]:[19:02:11] CPLEX results. Gap: 22.700000, upper bound: 0.055334, lower bound: 0.042773
[INFO]:[19:02:11] CPLEX solver finished. Gap: 22.700000
[INFO]:[19:02:12] Starting CPLEX solver on instance: /home/yorig/tuner/mpils-tests/instances/miplib/medium-1/mushroom-best.mps with config: /scratch/yorig/mpils-results-grid-ticks-10000-7may/medium-1/16proc-16pils/seed-9/7_mushroom-best_seed-9_20260510_185903/iterated_local_search/run_8_worker_0/parallel_16_14.prm
[INFO]:[19:02:19] CPLEX results. Gap: 19.990000, upper bound: 0.055334, lower bound: 0.044275
[INFO]:[19:02:19] CPLEX solver finished. Gap: 19.990000
[INFO]:[19:02:20] Worker (ils_group_rank=14) exiting parallel ILS evaluation service.
[INFO]:[19:02:20] Worker 14 completed exploration phase.
[INFO]:[19:02:20] Worker 14 received order for step 2.
[INFO]:[19:02:20] Worker 14 running expansion phase for iteration 8.
[INFO]:[19:02:20] Worker 14 will use solver log file: /scratch/yorig/mpils-results-grid-ticks-10000-7may/medium-1/16proc-16pils/seed-9/7_mushroom-best_seed-9_20260510_185903/solver/cplex.log_iteration_expansion_8_worker_14
[INFO]:[19:02:20] Expansion Worker 14 starting expansion for iteration 8.
[INFO]:[19:02:26] Expansion Worker 14 completed expansion.
[INFO]:[19:02:26] Worker 14 completed expansion phase.
[INFO]:[19:02:26] Worker 14 received order for step 1.
[INFO]:[19:02:26] Worker 14 running exploration phase for iteration 9.
[INFO]:[19:02:26] Worker 14 at iteration 9 will not use a MIP start file. Current best MIP-start upper bound threshold is 1.79769e+308.
[INFO]:[19:02:26] Starting local search phase...
[INFO]:[19:02:26] Worker (ils_group_rank=14) entering parallel ILS evaluation service.
[INFO]:[19:02:26] Starting CPLEX solver on instance: /home/yorig/tuner/mpils-tests/instances/miplib/medium-1/mushroom-best.mps with config: /scratch/yorig/mpils-results-grid-ticks-10000-7may/medium-1/16proc-16pils/seed-9/7_mushroom-best_seed-9_20260510_185903/iterated_local_search/run_9_worker_0/parallel_0_14.prm
[INFO]:[19:02:33] CPLEX results. Gap: 22.640000, upper bound: 0.055334, lower bound: 0.042805
[INFO]:[19:02:33] CPLEX solver finished. Gap: 22.640000
[INFO]:[19:02:34] Worker (ils_group_rank=14) exiting parallel ILS evaluation service.
[INFO]:[19:02:34] Worker 14 completed exploration phase.
[INFO]:[19:02:34] Worker 14 received order for step 3.
[INFO]:[19:02:34] Worker 14 finished.
