[INFO]:[05:43:07] Worker 5 starting.
[INFO]:[05:43:07] Worker 5 received order for step 1.
[INFO]:[05:43:07] Worker 5 running exploration phase for iteration 1.
[INFO]:[05:43:07] Worker 5 at iteration 1 will not use a MIP start file. Current best MIP-start upper bound threshold is 1.79769e+308.
[INFO]:[05:43:07] Starting local search phase...
[INFO]:[05:43:07] Worker (ils_group_rank=1) entering parallel ILS evaluation service.
[INFO]:[05:43:07] Starting CPLEX solver on instance: /home/yorig/tuner/mpils-tests/instances/miplib/medium-2/supportcase40.mps with config: /scratch/yorig/mpils-results-grid-ticks-10000-7may/medium-2/24proc-2pils/seed-4/8_supportcase40_seed-4_20260510_054306/iterated_local_search/run_1_worker_4/parallel_0_1.prm
[INFO]:[05:43:14] CPLEX results. Gap: 6.890000, upper bound: 24379.571835, lower bound: 22700.688550
[INFO]:[05:43:14] CPLEX solver finished. Gap: 6.890000
[INFO]:[05:43:15] Starting CPLEX solver on instance: /home/yorig/tuner/mpils-tests/instances/miplib/medium-2/supportcase40.mps with config: /scratch/yorig/mpils-results-grid-ticks-10000-7may/medium-2/24proc-2pils/seed-4/8_supportcase40_seed-4_20260510_054306/iterated_local_search/run_1_worker_4/parallel_2_1.prm
[INFO]:[05:43:22] CPLEX results. Gap: 4.780000, upper bound: 24683.928605, lower bound: 23504.593648
[INFO]:[05:43:22] CPLEX solver finished. Gap: 4.780000
[INFO]:[05:43:22] Starting CPLEX solver on instance: /home/yorig/tuner/mpils-tests/instances/miplib/medium-2/supportcase40.mps with config: /scratch/yorig/mpils-results-grid-ticks-10000-7may/medium-2/24proc-2pils/seed-4/8_supportcase40_seed-4_20260510_054306/iterated_local_search/run_1_worker_4/parallel_4_1.prm
[INFO]:[05:43:29] CPLEX results. Gap: 4.620000, upper bound: 24675.563771, lower bound: 23534.537680
[INFO]:[05:43:29] CPLEX solver finished. Gap: 4.620000
[INFO]:[05:43:29] Starting CPLEX solver on instance: /home/yorig/tuner/mpils-tests/instances/miplib/medium-2/supportcase40.mps with config: /scratch/yorig/mpils-results-grid-ticks-10000-7may/medium-2/24proc-2pils/seed-4/8_supportcase40_seed-4_20260510_054306/iterated_local_search/run_1_worker_4/parallel_6_1.prm
[INFO]:[05:43:36] CPLEX results. Gap: 4.620000, upper bound: 24675.563771, lower bound: 23534.537680
[INFO]:[05:43:36] CPLEX solver finished. Gap: 4.620000
[INFO]:[05:43:37] Starting CPLEX solver on instance: /home/yorig/tuner/mpils-tests/instances/miplib/medium-2/supportcase40.mps with config: /scratch/yorig/mpils-results-grid-ticks-10000-7may/medium-2/24proc-2pils/seed-4/8_supportcase40_seed-4_20260510_054306/iterated_local_search/run_1_worker_4/parallel_8_1.prm
[INFO]:[05:43:44] CPLEX results. Gap: 5.050000, upper bound: 24619.732421, lower bound: 23375.695891
[INFO]:[05:43:44] CPLEX solver finished. Gap: 5.050000
[INFO]:[05:43:44] Starting CPLEX solver on instance: /home/yorig/tuner/mpils-tests/instances/miplib/medium-2/supportcase40.mps with config: /scratch/yorig/mpils-results-grid-ticks-10000-7may/medium-2/24proc-2pils/seed-4/8_supportcase40_seed-4_20260510_054306/iterated_local_search/run_1_worker_4/parallel_10_1.prm
[INFO]:[05:43:51] CPLEX results. Gap: 5.120000, upper bound: 24616.415604, lower bound: 23357.083052
[INFO]:[05:43:51] CPLEX solver finished. Gap: 5.120000
[INFO]:[05:43:51] Starting CPLEX solver on instance: /home/yorig/tuner/mpils-tests/instances/miplib/medium-2/supportcase40.mps with config: /scratch/yorig/mpils-results-grid-ticks-10000-7may/medium-2/24proc-2pils/seed-4/8_supportcase40_seed-4_20260510_054306/iterated_local_search/run_1_worker_4/parallel_12_1.prm
[INFO]:[05:43:59] CPLEX results. Gap: 5.380000, upper bound: 24256.858873, lower bound: 22953.034099
[INFO]:[05:43:59] CPLEX solver finished. Gap: 5.380000
[INFO]:[05:43:59] Starting CPLEX solver on instance: /home/yorig/tuner/mpils-tests/instances/miplib/medium-2/supportcase40.mps with config: /scratch/yorig/mpils-results-grid-ticks-10000-7may/medium-2/24proc-2pils/seed-4/8_supportcase40_seed-4_20260510_054306/iterated_local_search/run_1_worker_4/parallel_14_1.prm
[INFO]:[05:44:06] CPLEX results. Gap: 4.250000, upper bound: 24379.571835, lower bound: 23342.341288
[INFO]:[05:44:06] CPLEX solver finished. Gap: 4.250000
[INFO]:[05:44:06] Starting CPLEX solver on instance: /home/yorig/tuner/mpils-tests/instances/miplib/medium-2/supportcase40.mps with config: /scratch/yorig/mpils-results-grid-ticks-10000-7may/medium-2/24proc-2pils/seed-4/8_supportcase40_seed-4_20260510_054306/iterated_local_search/run_1_worker_4/parallel_16_1.prm
[INFO]:[05:44:13] CPLEX results. Gap: 4.250000, upper bound: 24379.571835, lower bound: 23342.341288
[INFO]:[05:44:13] CPLEX solver finished. Gap: 4.250000
[INFO]:[05:44:13] Starting CPLEX solver on instance: /home/yorig/tuner/mpils-tests/instances/miplib/medium-2/supportcase40.mps with config: /scratch/yorig/mpils-results-grid-ticks-10000-7may/medium-2/24proc-2pils/seed-4/8_supportcase40_seed-4_20260510_054306/iterated_local_search/run_1_worker_4/parallel_18_1.prm
[INFO]:[05:44:21] CPLEX results. Gap: 4.280000, upper bound: 24379.571835, lower bound: 23335.572886
[INFO]:[05:44:21] CPLEX solver finished. Gap: 4.280000
[INFO]:[05:44:21] Worker (ils_group_rank=1) exiting parallel ILS evaluation service.
[INFO]:[05:44:23] Worker 5 completed exploration phase.
[INFO]:[05:44:23] Worker 5 received order for step 2.
[INFO]:[05:44:23] Worker 5 running expansion phase for iteration 1.
[INFO]:[05:44:23] Worker 5 will use solver log file: /scratch/yorig/mpils-results-grid-ticks-10000-7may/medium-2/24proc-2pils/seed-4/8_supportcase40_seed-4_20260510_054306/solver/cplex.log_iteration_expansion_1_worker_5
[INFO]:[05:44:23] Expansion Worker 5 starting expansion for iteration 1.
[INFO]:[05:44:23] Starting CPLEX solver on instance: /home/yorig/tuner/mpils-tests/instances/miplib/medium-2/supportcase40.mps with config: /scratch/yorig/mpils-results-grid-ticks-10000-7may/medium-2/24proc-2pils/seed-4/8_supportcase40_seed-4_20260510_054306/expansion/config_param_CPXPARAM_MIP_Cuts_Covers_1_iter_1.prm
[INFO]:[05:44:31] CPLEX results. Gap: 4.610000, upper bound: 24340.432888, lower bound: 23218.559423
[INFO]:[05:44:31] CPLEX solver finished. Gap: 4.610000
[INFO]:[05:44:31] Starting CPLEX solver on instance: /home/yorig/tuner/mpils-tests/instances/miplib/medium-2/supportcase40.mps with config: /scratch/yorig/mpils-results-grid-ticks-10000-7may/medium-2/24proc-2pils/seed-4/8_supportcase40_seed-4_20260510_054306/expansion/config_param_CPXPARAM_MIP_Limits_ProbeTime_120_iter_1.prm
[INFO]:[05:44:39] CPLEX results. Gap: 3.110000, upper bound: 24369.730905, lower bound: 23611.162516
[INFO]:[05:44:40] CPLEX solver finished. Gap: 3.110000
[INFO]:[05:44:40] Starting CPLEX solver on instance: /home/yorig/tuner/mpils-tests/instances/miplib/medium-2/supportcase40.mps with config: /scratch/yorig/mpils-results-grid-ticks-10000-7may/medium-2/24proc-2pils/seed-4/8_supportcase40_seed-4_20260510_054306/expansion/config_param_CPXPARAM_MIP_Limits_CutsFactor_16_iter_1.prm
[INFO]:[05:44:47] CPLEX results. Gap: 3.110000, upper bound: 24369.730905, lower bound: 23611.162516
[INFO]:[05:44:47] CPLEX solver finished. Gap: 3.110000
[INFO]:[05:44:47] Expansion Worker 5 completed expansion.
[INFO]:[05:44:47] Worker 5 completed expansion phase.
[INFO]:[05:44:47] Worker 5 received order for step 1.
[INFO]:[05:44:47] Worker 5 running exploration phase for iteration 2.
[INFO]:[05:44:47] Worker 5 at iteration 2 will not use a MIP start file. Current best MIP-start upper bound threshold is 1.79769e+308.
[INFO]:[05:44:47] Starting local search phase...
[INFO]:[05:44:47] Worker (ils_group_rank=1) entering parallel ILS evaluation service.
[INFO]:[05:44:47] Starting CPLEX solver on instance: /home/yorig/tuner/mpils-tests/instances/miplib/medium-2/supportcase40.mps with config: /scratch/yorig/mpils-results-grid-ticks-10000-7may/medium-2/24proc-2pils/seed-4/8_supportcase40_seed-4_20260510_054306/iterated_local_search/run_2_worker_4/parallel_0_1.prm
[INFO]:[05:44:54] CPLEX results. Gap: 6.720000, upper bound: 24437.308980, lower bound: 22795.538657
[INFO]:[05:44:54] CPLEX solver finished. Gap: 6.720000
[INFO]:[05:44:54] Starting CPLEX solver on instance: /home/yorig/tuner/mpils-tests/instances/miplib/medium-2/supportcase40.mps with config: /scratch/yorig/mpils-results-grid-ticks-10000-7may/medium-2/24proc-2pils/seed-4/8_supportcase40_seed-4_20260510_054306/iterated_local_search/run_2_worker_4/parallel_2_1.prm
[INFO]:[05:45:02] CPLEX results. Gap: 6.720000, upper bound: 24437.308980, lower bound: 22795.538657
[INFO]:[05:45:02] CPLEX solver finished. Gap: 6.720000
[INFO]:[05:45:02] Starting CPLEX solver on instance: /home/yorig/tuner/mpils-tests/instances/miplib/medium-2/supportcase40.mps with config: /scratch/yorig/mpils-results-grid-ticks-10000-7may/medium-2/24proc-2pils/seed-4/8_supportcase40_seed-4_20260510_054306/iterated_local_search/run_2_worker_4/parallel_4_1.prm
[INFO]:[05:45:09] CPLEX results. Gap: 5.960000, upper bound: 24299.343860, lower bound: 22851.807056
[INFO]:[05:45:09] CPLEX solver finished. Gap: 5.960000
[INFO]:[05:45:09] Starting CPLEX solver on instance: /home/yorig/tuner/mpils-tests/instances/miplib/medium-2/supportcase40.mps with config: /scratch/yorig/mpils-results-grid-ticks-10000-7may/medium-2/24proc-2pils/seed-4/8_supportcase40_seed-4_20260510_054306/iterated_local_search/run_2_worker_4/parallel_6_1.prm
[INFO]:[05:45:16] CPLEX results. Gap: 7.070000, upper bound: 24768.448895, lower bound: 23017.200612
[INFO]:[05:45:16] CPLEX solver finished. Gap: 7.070000
[INFO]:[05:45:16] Starting CPLEX solver on instance: /home/yorig/tuner/mpils-tests/instances/miplib/medium-2/supportcase40.mps with config: /scratch/yorig/mpils-results-grid-ticks-10000-7may/medium-2/24proc-2pils/seed-4/8_supportcase40_seed-4_20260510_054306/iterated_local_search/run_2_worker_4/parallel_8_1.prm
[INFO]:[05:45:22] CPLEX results. Gap: 5.940000, upper bound: 24407.334450, lower bound: 22957.793002
[INFO]:[05:45:22] CPLEX solver finished. Gap: 5.940000
[INFO]:[05:45:22] Starting CPLEX solver on instance: /home/yorig/tuner/mpils-tests/instances/miplib/medium-2/supportcase40.mps with config: /scratch/yorig/mpils-results-grid-ticks-10000-7may/medium-2/24proc-2pils/seed-4/8_supportcase40_seed-4_20260510_054306/iterated_local_search/run_2_worker_4/parallel_10_1.prm
[INFO]:[05:45:29] CPLEX results. Gap: 5.940000, upper bound: 24438.072043, lower bound: 22987.121190
[INFO]:[05:45:29] CPLEX solver finished. Gap: 5.940000
[INFO]:[05:45:29] Worker (ils_group_rank=1) exiting parallel ILS evaluation service.
[INFO]:[05:45:32] Worker 5 completed exploration phase.
[INFO]:[05:45:32] Worker 5 received order for step 2.
[INFO]:[05:45:32] Worker 5 running expansion phase for iteration 2.
[INFO]:[05:45:32] Worker 5 will use solver log file: /scratch/yorig/mpils-results-grid-ticks-10000-7may/medium-2/24proc-2pils/seed-4/8_supportcase40_seed-4_20260510_054306/solver/cplex.log_iteration_expansion_2_worker_5
[INFO]:[05:45:32] Expansion Worker 5 starting expansion for iteration 2.
[INFO]:[05:45:32] Starting CPLEX solver on instance: /home/yorig/tuner/mpils-tests/instances/miplib/medium-2/supportcase40.mps with config: /scratch/yorig/mpils-results-grid-ticks-10000-7may/medium-2/24proc-2pils/seed-4/8_supportcase40_seed-4_20260510_054306/expansion/config_param_CPXPARAM_Preprocessing_Presolve_0_iter_2.prm
[INFO]:[05:45:40] CPLEX results. Gap: 10.310000, upper bound: 25324.974030, lower bound: 22713.352221
[INFO]:[05:45:41] CPLEX solver finished. Gap: 10.310000
[INFO]:[05:45:41] Expansion Worker 5 stopping early after global MPI expansion stop was activated.
[INFO]:[05:45:41] Expansion Worker 5 completed expansion.
[INFO]:[05:45:41] Worker 5 completed expansion phase.
[INFO]:[05:45:41] Worker 5 received order for step 1.
[INFO]:[05:45:41] Worker 5 running exploration phase for iteration 3.
[INFO]:[05:45:41] Worker 5 at iteration 3 will not use a MIP start file. Current best MIP-start upper bound threshold is 1.79769e+308.
[INFO]:[05:45:41] Starting local search phase...
[INFO]:[05:45:41] Worker (ils_group_rank=1) entering parallel ILS evaluation service.
[INFO]:[05:45:41] Starting CPLEX solver on instance: /home/yorig/tuner/mpils-tests/instances/miplib/medium-2/supportcase40.mps with config: /scratch/yorig/mpils-results-grid-ticks-10000-7may/medium-2/24proc-2pils/seed-4/8_supportcase40_seed-4_20260510_054306/iterated_local_search/run_3_worker_4/parallel_0_1.prm
[INFO]:[05:45:48] CPLEX results. Gap: 7.400000, upper bound: 24450.868711, lower bound: 22642.623423
[INFO]:[05:45:48] CPLEX solver finished. Gap: 7.400000
[INFO]:[05:45:49] Starting CPLEX solver on instance: /home/yorig/tuner/mpils-tests/instances/miplib/medium-2/supportcase40.mps with config: /scratch/yorig/mpils-results-grid-ticks-10000-7may/medium-2/24proc-2pils/seed-4/8_supportcase40_seed-4_20260510_054306/iterated_local_search/run_3_worker_4/parallel_2_1.prm
[INFO]:[05:45:56] CPLEX results. Gap: 5.660000, upper bound: 24500.488824, lower bound: 23114.298490
[INFO]:[05:45:56] CPLEX solver finished. Gap: 5.660000
[INFO]:[05:45:56] Starting CPLEX solver on instance: /home/yorig/tuner/mpils-tests/instances/miplib/medium-2/supportcase40.mps with config: /scratch/yorig/mpils-results-grid-ticks-10000-7may/medium-2/24proc-2pils/seed-4/8_supportcase40_seed-4_20260510_054306/iterated_local_search/run_3_worker_4/parallel_4_1.prm
[INFO]:[05:46:03] CPLEX results. Gap: 6.960000, upper bound: 24684.545370, lower bound: 22966.219867
[INFO]:[05:46:03] CPLEX solver finished. Gap: 6.960000
[INFO]:[05:46:03] Worker (ils_group_rank=1) exiting parallel ILS evaluation service.
[INFO]:[05:46:04] Worker 5 completed exploration phase.
[INFO]:[05:46:04] Worker 5 received order for step 2.
[INFO]:[05:46:04] Worker 5 running expansion phase for iteration 3.
[INFO]:[05:46:04] Worker 5 will use solver log file: /scratch/yorig/mpils-results-grid-ticks-10000-7may/medium-2/24proc-2pils/seed-4/8_supportcase40_seed-4_20260510_054306/solver/cplex.log_iteration_expansion_3_worker_5
[INFO]:[05:46:04] Expansion Worker 5 starting expansion for iteration 3.
[INFO]:[05:46:04] Starting CPLEX solver on instance: /home/yorig/tuner/mpils-tests/instances/miplib/medium-2/supportcase40.mps with config: /scratch/yorig/mpils-results-grid-ticks-10000-7may/medium-2/24proc-2pils/seed-4/8_supportcase40_seed-4_20260510_054306/expansion/config_param_CPXPARAM_Preprocessing_Symmetry_3_iter_3.prm
[INFO]:[05:46:12] CPLEX results. Gap: 3.000000, upper bound: 24341.591982, lower bound: 23610.714049
[INFO]:[05:46:12] CPLEX solver finished. Gap: 3.000000
[INFO]:[05:46:13] Expansion Worker 5 stopping early after global MPI expansion stop was activated.
[INFO]:[05:46:13] Expansion Worker 5 completed expansion.
[INFO]:[05:46:13] Worker 5 completed expansion phase.
[INFO]:[05:46:13] Worker 5 received order for step 1.
[INFO]:[05:46:13] Worker 5 running exploration phase for iteration 4.
[INFO]:[05:46:13] Worker 5 at iteration 4 will not use a MIP start file. Current best MIP-start upper bound threshold is 1.79769e+308.
[INFO]:[05:46:13] Starting local search phase...
[INFO]:[05:46:13] Worker (ils_group_rank=1) entering parallel ILS evaluation service.
[INFO]:[05:46:13] Starting CPLEX solver on instance: /home/yorig/tuner/mpils-tests/instances/miplib/medium-2/supportcase40.mps with config: /scratch/yorig/mpils-results-grid-ticks-10000-7may/medium-2/24proc-2pils/seed-4/8_supportcase40_seed-4_20260510_054306/iterated_local_search/run_4_worker_4/parallel_0_1.prm
[INFO]:[05:46:20] CPLEX results. Gap: 7.270000, upper bound: 24817.879893, lower bound: 23012.643195
[INFO]:[05:46:20] CPLEX solver finished. Gap: 7.270000
[INFO]:[05:46:20] Starting CPLEX solver on instance: /home/yorig/tuner/mpils-tests/instances/miplib/medium-2/supportcase40.mps with config: /scratch/yorig/mpils-results-grid-ticks-10000-7may/medium-2/24proc-2pils/seed-4/8_supportcase40_seed-4_20260510_054306/iterated_local_search/run_4_worker_4/parallel_2_1.prm
[INFO]:[05:46:27] CPLEX results. Gap: 7.270000, upper bound: 24817.879893, lower bound: 23012.643195
[INFO]:[05:46:27] CPLEX solver finished. Gap: 7.270000
[INFO]:[05:46:27] Starting CPLEX solver on instance: /home/yorig/tuner/mpils-tests/instances/miplib/medium-2/supportcase40.mps with config: /scratch/yorig/mpils-results-grid-ticks-10000-7may/medium-2/24proc-2pils/seed-4/8_supportcase40_seed-4_20260510_054306/iterated_local_search/run_4_worker_4/parallel_4_1.prm
[INFO]:[05:46:34] CPLEX results. Gap: 7.270000, upper bound: 24817.879893, lower bound: 23012.643195
[INFO]:[05:46:34] CPLEX solver finished. Gap: 7.270000
[INFO]:[05:46:34] Starting CPLEX solver on instance: /home/yorig/tuner/mpils-tests/instances/miplib/medium-2/supportcase40.mps with config: /scratch/yorig/mpils-results-grid-ticks-10000-7may/medium-2/24proc-2pils/seed-4/8_supportcase40_seed-4_20260510_054306/iterated_local_search/run_4_worker_4/parallel_6_1.prm
[INFO]:[05:46:41] CPLEX results. Gap: 7.270000, upper bound: 24817.879893, lower bound: 23012.643195
[INFO]:[05:46:41] CPLEX solver finished. Gap: 7.270000
[INFO]:[05:46:41] Starting CPLEX solver on instance: /home/yorig/tuner/mpils-tests/instances/miplib/medium-2/supportcase40.mps with config: /scratch/yorig/mpils-results-grid-ticks-10000-7may/medium-2/24proc-2pils/seed-4/8_supportcase40_seed-4_20260510_054306/iterated_local_search/run_4_worker_4/parallel_8_1.prm
[INFO]:[05:46:48] CPLEX results. Gap: 8.690000, upper bound: 25139.192566, lower bound: 22953.910354
[INFO]:[05:46:48] CPLEX solver finished. Gap: 8.690000
[INFO]:[05:46:48] Starting CPLEX solver on instance: /home/yorig/tuner/mpils-tests/instances/miplib/medium-2/supportcase40.mps with config: /scratch/yorig/mpils-results-grid-ticks-10000-7may/medium-2/24proc-2pils/seed-4/8_supportcase40_seed-4_20260510_054306/iterated_local_search/run_4_worker_4/parallel_10_1.prm
[INFO]:[05:46:54] CPLEX results. Gap: 5.560000, upper bound: 24305.281394, lower bound: 22953.333889
[INFO]:[05:46:55] CPLEX solver finished. Gap: 5.560000
[INFO]:[05:46:55] Starting CPLEX solver on instance: /home/yorig/tuner/mpils-tests/instances/miplib/medium-2/supportcase40.mps with config: /scratch/yorig/mpils-results-grid-ticks-10000-7may/medium-2/24proc-2pils/seed-4/8_supportcase40_seed-4_20260510_054306/iterated_local_search/run_4_worker_4/parallel_12_1.prm
[INFO]:[05:47:01] CPLEX results. Gap: 5.560000, upper bound: 24305.281394, lower bound: 22953.333889
[INFO]:[05:47:01] CPLEX solver finished. Gap: 5.560000
[INFO]:[05:47:01] Starting CPLEX solver on instance: /home/yorig/tuner/mpils-tests/instances/miplib/medium-2/supportcase40.mps with config: /scratch/yorig/mpils-results-grid-ticks-10000-7may/medium-2/24proc-2pils/seed-4/8_supportcase40_seed-4_20260510_054306/iterated_local_search/run_4_worker_4/parallel_14_1.prm
[INFO]:[05:47:08] CPLEX results. Gap: 5.560000, upper bound: 24305.281394, lower bound: 22953.333889
[INFO]:[05:47:08] CPLEX solver finished. Gap: 5.560000
[INFO]:[05:47:08] Starting CPLEX solver on instance: /home/yorig/tuner/mpils-tests/instances/miplib/medium-2/supportcase40.mps with config: /scratch/yorig/mpils-results-grid-ticks-10000-7may/medium-2/24proc-2pils/seed-4/8_supportcase40_seed-4_20260510_054306/iterated_local_search/run_4_worker_4/parallel_16_1.prm
[INFO]:[05:47:15] CPLEX results. Gap: 5.560000, upper bound: 24305.281394, lower bound: 22953.333889
[INFO]:[05:47:15] CPLEX solver finished. Gap: 5.560000
[INFO]:[05:47:15] Starting CPLEX solver on instance: /home/yorig/tuner/mpils-tests/instances/miplib/medium-2/supportcase40.mps with config: /scratch/yorig/mpils-results-grid-ticks-10000-7may/medium-2/24proc-2pils/seed-4/8_supportcase40_seed-4_20260510_054306/iterated_local_search/run_4_worker_4/parallel_18_1.prm
[INFO]:[05:47:21] CPLEX results. Gap: 5.560000, upper bound: 24305.281394, lower bound: 22953.333889
[INFO]:[05:47:21] CPLEX solver finished. Gap: 5.560000
[INFO]:[05:47:21] Starting CPLEX solver on instance: /home/yorig/tuner/mpils-tests/instances/miplib/medium-2/supportcase40.mps with config: /scratch/yorig/mpils-results-grid-ticks-10000-7may/medium-2/24proc-2pils/seed-4/8_supportcase40_seed-4_20260510_054306/iterated_local_search/run_4_worker_4/parallel_20_1.prm
[INFO]:[05:47:28] CPLEX results. Gap: 6.010000, upper bound: 24420.908106, lower bound: 22953.333889
[INFO]:[05:47:28] CPLEX solver finished. Gap: 6.010000
[INFO]:[05:47:28] Starting CPLEX solver on instance: /home/yorig/tuner/mpils-tests/instances/miplib/medium-2/supportcase40.mps with config: /scratch/yorig/mpils-results-grid-ticks-10000-7may/medium-2/24proc-2pils/seed-4/8_supportcase40_seed-4_20260510_054306/iterated_local_search/run_4_worker_4/parallel_22_1.prm
[INFO]:[05:47:35] CPLEX results. Gap: 9.100000, upper bound: 24874.890716, lower bound: 22610.701088
[INFO]:[05:47:35] CPLEX solver finished. Gap: 9.100000
[INFO]:[05:47:35] Starting CPLEX solver on instance: /home/yorig/tuner/mpils-tests/instances/miplib/medium-2/supportcase40.mps with config: /scratch/yorig/mpils-results-grid-ticks-10000-7may/medium-2/24proc-2pils/seed-4/8_supportcase40_seed-4_20260510_054306/iterated_local_search/run_4_worker_4/parallel_24_1.prm
[INFO]:[05:47:42] CPLEX results. Gap: 5.560000, upper bound: 24305.281394, lower bound: 22953.333889
[INFO]:[05:47:42] CPLEX solver finished. Gap: 5.560000
[INFO]:[05:47:42] Starting CPLEX solver on instance: /home/yorig/tuner/mpils-tests/instances/miplib/medium-2/supportcase40.mps with config: /scratch/yorig/mpils-results-grid-ticks-10000-7may/medium-2/24proc-2pils/seed-4/8_supportcase40_seed-4_20260510_054306/iterated_local_search/run_4_worker_4/parallel_26_1.prm
[INFO]:[05:47:49] CPLEX results. Gap: 6.080000, upper bound: 24438.933021, lower bound: 22953.333889
[INFO]:[05:47:49] CPLEX solver finished. Gap: 6.080000
[INFO]:[05:47:49] Starting CPLEX solver on instance: /home/yorig/tuner/mpils-tests/instances/miplib/medium-2/supportcase40.mps with config: /scratch/yorig/mpils-results-grid-ticks-10000-7may/medium-2/24proc-2pils/seed-4/8_supportcase40_seed-4_20260510_054306/iterated_local_search/run_4_worker_4/parallel_28_1.prm
[INFO]:[05:47:55] CPLEX results. Gap: 5.560000, upper bound: 24305.281394, lower bound: 22953.333889
[INFO]:[05:47:55] CPLEX solver finished. Gap: 5.560000
[INFO]:[05:47:55] Worker (ils_group_rank=1) exiting parallel ILS evaluation service.
[INFO]:[05:48:07] Worker 5 completed exploration phase.
[INFO]:[05:48:07] Worker 5 received order for step 2.
[INFO]:[05:48:07] Worker 5 running expansion phase for iteration 4.
[INFO]:[05:48:07] Worker 5 will use solver log file: /scratch/yorig/mpils-results-grid-ticks-10000-7may/medium-2/24proc-2pils/seed-4/8_supportcase40_seed-4_20260510_054306/solver/cplex.log_iteration_expansion_4_worker_5
[INFO]:[05:48:07] Expansion Worker 5 starting expansion for iteration 4.
[INFO]:[05:48:07] Starting CPLEX solver on instance: /home/yorig/tuner/mpils-tests/instances/miplib/medium-2/supportcase40.mps with config: /scratch/yorig/mpils-results-grid-ticks-10000-7may/medium-2/24proc-2pils/seed-4/8_supportcase40_seed-4_20260510_054306/expansion/config_param_CPXPARAM_Simplex_DGradient_1_iter_4.prm
[INFO]:[05:48:14] CPLEX results. Gap: 6.870000, upper bound: 24659.701600, lower bound: 22966.233675
[INFO]:[05:48:14] CPLEX solver finished. Gap: 6.870000
[INFO]:[05:48:15] Starting CPLEX solver on instance: /home/yorig/tuner/mpils-tests/instances/miplib/medium-2/supportcase40.mps with config: /scratch/yorig/mpils-results-grid-ticks-10000-7may/medium-2/24proc-2pils/seed-4/8_supportcase40_seed-4_20260510_054306/expansion/config_param_CPXPARAM_Barrier_Ordering_2_iter_4.prm
[INFO]:[05:48:23] CPLEX results. Gap: 2.880000, upper bound: 24340.432888, lower bound: 23639.916401
[INFO]:[05:48:23] CPLEX solver finished. Gap: 2.880000
[INFO]:[05:48:23] Expansion Worker 5 completed expansion.
[INFO]:[05:48:23] Worker 5 completed expansion phase.
[INFO]:[05:48:24] Worker 5 received order for step 1.
[INFO]:[05:48:24] Worker 5 running exploration phase for iteration 5.
[INFO]:[05:48:24] Worker 5 at iteration 5 will not use a MIP start file. Current best MIP-start upper bound threshold is 1.79769e+308.
[INFO]:[05:48:24] Starting local search phase...
[INFO]:[05:48:24] Worker (ils_group_rank=1) entering parallel ILS evaluation service.
[INFO]:[05:48:24] Starting CPLEX solver on instance: /home/yorig/tuner/mpils-tests/instances/miplib/medium-2/supportcase40.mps with config: /scratch/yorig/mpils-results-grid-ticks-10000-7may/medium-2/24proc-2pils/seed-4/8_supportcase40_seed-4_20260510_054306/iterated_local_search/run_5_worker_4/parallel_0_1.prm
[INFO]:[05:48:31] CPLEX results. Gap: 5.320000, upper bound: 24484.543974, lower bound: 23181.571939
[INFO]:[05:48:31] CPLEX solver finished. Gap: 5.320000
[INFO]:[05:48:31] Starting CPLEX solver on instance: /home/yorig/tuner/mpils-tests/instances/miplib/medium-2/supportcase40.mps with config: /scratch/yorig/mpils-results-grid-ticks-10000-7may/medium-2/24proc-2pils/seed-4/8_supportcase40_seed-4_20260510_054306/iterated_local_search/run_5_worker_4/parallel_2_1.prm
[WARN]:[05:48:37] CPLEX finished without a primal feasible solution for config /scratch/yorig/mpils-results-grid-ticks-10000-7may/medium-2/24proc-2pils/seed-4/8_supportcase40_seed-4_20260510_054306/iterated_local_search/run_5_worker_4/parallel_2_1.prm.
[INFO]:[05:48:37] CPLEX results. Gap: unavailable, upper bound: null, lower bound: 22875.940676
[INFO]:[05:48:37] CPLEX solver finished. Gap: 179769313486231570814527423731704356798070567525844996598917476803157260780028538760589558632766878171540458953514382464234321326889464182768467546703537516986049910576551282076245490090389328944075868508455133942304583236903222948165808559332123348274797826204144723168738177180919299881250404026184124858368.000000
[INFO]:[05:48:38] Starting CPLEX solver on instance: /home/yorig/tuner/mpils-tests/instances/miplib/medium-2/supportcase40.mps with config: /scratch/yorig/mpils-results-grid-ticks-10000-7may/medium-2/24proc-2pils/seed-4/8_supportcase40_seed-4_20260510_054306/iterated_local_search/run_5_worker_4/parallel_4_1.prm
[INFO]:[05:48:44] CPLEX results. Gap: 4.780000, upper bound: 24355.661323, lower bound: 23192.443861
[INFO]:[05:48:44] CPLEX solver finished. Gap: 4.780000
[INFO]:[05:48:44] Starting CPLEX solver on instance: /home/yorig/tuner/mpils-tests/instances/miplib/medium-2/supportcase40.mps with config: /scratch/yorig/mpils-results-grid-ticks-10000-7may/medium-2/24proc-2pils/seed-4/8_supportcase40_seed-4_20260510_054306/iterated_local_search/run_5_worker_4/parallel_6_1.prm
[INFO]:[05:48:51] CPLEX results. Gap: 4.730000, upper bound: 24341.591982, lower bound: 23191.363658
[INFO]:[05:48:51] CPLEX solver finished. Gap: 4.730000
[INFO]:[05:48:52] Starting CPLEX solver on instance: /home/yorig/tuner/mpils-tests/instances/miplib/medium-2/supportcase40.mps with config: /scratch/yorig/mpils-results-grid-ticks-10000-7may/medium-2/24proc-2pils/seed-4/8_supportcase40_seed-4_20260510_054306/iterated_local_search/run_5_worker_4/parallel_8_1.prm
[INFO]:[05:48:59] CPLEX results. Gap: 4.530000, upper bound: 24340.432888, lower bound: 23238.823536
[INFO]:[05:48:59] CPLEX solver finished. Gap: 4.530000
[INFO]:[05:48:59] Worker (ils_group_rank=1) exiting parallel ILS evaluation service.
[INFO]:[05:49:05] Worker 5 completed exploration phase.
[INFO]:[05:49:05] Worker 5 received order for step 2.
[INFO]:[05:49:05] Worker 5 running expansion phase for iteration 5.
[INFO]:[05:49:05] Worker 5 will use solver log file: /scratch/yorig/mpils-results-grid-ticks-10000-7may/medium-2/24proc-2pils/seed-4/8_supportcase40_seed-4_20260510_054306/solver/cplex.log_iteration_expansion_5_worker_5
[INFO]:[05:49:05] Expansion Worker 5 starting expansion for iteration 5.
[INFO]:[05:49:05] Starting CPLEX solver on instance: /home/yorig/tuner/mpils-tests/instances/miplib/medium-2/supportcase40.mps with config: /scratch/yorig/mpils-results-grid-ticks-10000-7may/medium-2/24proc-2pils/seed-4/8_supportcase40_seed-4_20260510_054306/expansion/config_param_CPXPARAM_Simplex_Crash_0_iter_5.prm
[INFO]:[05:49:13] CPLEX results. Gap: 5.740000, upper bound: 24430.501634, lower bound: 23028.156919
[INFO]:[05:49:13] CPLEX solver finished. Gap: 5.740000
[INFO]:[05:49:21] Expansion Worker 5 completed expansion.
[INFO]:[05:49:21] Worker 5 completed expansion phase.
[INFO]:[05:49:22] Worker 5 received order for step 1.
[INFO]:[05:49:22] Worker 5 running exploration phase for iteration 6.
[INFO]:[05:49:22] Worker 5 at iteration 6 will not use a MIP start file. Current best MIP-start upper bound threshold is 1.79769e+308.
[INFO]:[05:49:22] Starting local search phase...
[INFO]:[05:49:22] Worker (ils_group_rank=1) entering parallel ILS evaluation service.
[INFO]:[05:49:22] Starting CPLEX solver on instance: /home/yorig/tuner/mpils-tests/instances/miplib/medium-2/supportcase40.mps with config: /scratch/yorig/mpils-results-grid-ticks-10000-7may/medium-2/24proc-2pils/seed-4/8_supportcase40_seed-4_20260510_054306/iterated_local_search/run_6_worker_4/parallel_0_1.prm
[INFO]:[05:49:29] CPLEX results. Gap: 8.130000, upper bound: 24980.900596, lower bound: 22948.795123
[INFO]:[05:49:29] CPLEX solver finished. Gap: 8.130000
[INFO]:[05:49:29] Starting CPLEX solver on instance: /home/yorig/tuner/mpils-tests/instances/miplib/medium-2/supportcase40.mps with config: /scratch/yorig/mpils-results-grid-ticks-10000-7may/medium-2/24proc-2pils/seed-4/8_supportcase40_seed-4_20260510_054306/iterated_local_search/run_6_worker_4/parallel_2_1.prm
[INFO]:[05:49:36] CPLEX results. Gap: 7.990000, upper bound: 24952.483416, lower bound: 22959.303092
[INFO]:[05:49:36] CPLEX solver finished. Gap: 7.990000
[INFO]:[05:49:36] Starting CPLEX solver on instance: /home/yorig/tuner/mpils-tests/instances/miplib/medium-2/supportcase40.mps with config: /scratch/yorig/mpils-results-grid-ticks-10000-7may/medium-2/24proc-2pils/seed-4/8_supportcase40_seed-4_20260510_054306/iterated_local_search/run_6_worker_4/parallel_4_1.prm
[INFO]:[05:49:43] CPLEX results. Gap: 7.760000, upper bound: 24740.736127, lower bound: 22821.460970
[INFO]:[05:49:43] CPLEX solver finished. Gap: 7.760000
[INFO]:[05:49:43] Starting CPLEX solver on instance: /home/yorig/tuner/mpils-tests/instances/miplib/medium-2/supportcase40.mps with config: /scratch/yorig/mpils-results-grid-ticks-10000-7may/medium-2/24proc-2pils/seed-4/8_supportcase40_seed-4_20260510_054306/iterated_local_search/run_6_worker_4/parallel_6_1.prm
[INFO]:[05:49:49] CPLEX results. Gap: 7.750000, upper bound: 24872.948764, lower bound: 22944.231280
[INFO]:[05:49:49] CPLEX solver finished. Gap: 7.750000
[INFO]:[05:49:49] Starting CPLEX solver on instance: /home/yorig/tuner/mpils-tests/instances/miplib/medium-2/supportcase40.mps with config: /scratch/yorig/mpils-results-grid-ticks-10000-7may/medium-2/24proc-2pils/seed-4/8_supportcase40_seed-4_20260510_054306/iterated_local_search/run_6_worker_4/parallel_8_1.prm
[INFO]:[05:49:56] CPLEX results. Gap: 6.540000, upper bound: 24670.380027, lower bound: 23058.083465
[INFO]:[05:49:56] CPLEX solver finished. Gap: 6.540000
[INFO]:[05:49:56] Worker (ils_group_rank=1) exiting parallel ILS evaluation service.
[INFO]:[05:50:02] Worker 5 completed exploration phase.
[INFO]:[05:50:02] Worker 5 received order for step 2.
[INFO]:[05:50:02] Worker 5 running expansion phase for iteration 6.
[INFO]:[05:50:02] Worker 5 will use solver log file: /scratch/yorig/mpils-results-grid-ticks-10000-7may/medium-2/24proc-2pils/seed-4/8_supportcase40_seed-4_20260510_054306/solver/cplex.log_iteration_expansion_6_worker_5
[INFO]:[05:50:02] Expansion Worker 5 starting expansion for iteration 6.
[INFO]:[05:50:02] Starting CPLEX solver on instance: /home/yorig/tuner/mpils-tests/instances/miplib/medium-2/supportcase40.mps with config: /scratch/yorig/mpils-results-grid-ticks-10000-7may/medium-2/24proc-2pils/seed-4/8_supportcase40_seed-4_20260510_054306/expansion/config_param_CPXPARAM_Preprocessing_RepeatPresolve_0_iter_6.prm
[INFO]:[05:50:10] CPLEX results. Gap: 3.540000, upper bound: 24379.983046, lower bound: 23515.729582
[INFO]:[05:50:10] CPLEX solver finished. Gap: 3.540000
[INFO]:[05:50:10] Starting CPLEX solver on instance: /home/yorig/tuner/mpils-tests/instances/miplib/medium-2/supportcase40.mps with config: /scratch/yorig/mpils-results-grid-ticks-10000-7may/medium-2/24proc-2pils/seed-4/8_supportcase40_seed-4_20260510_054306/expansion/config_param_CPXPARAM_MIP_Limits_StrongCand_2_iter_6.prm
[INFO]:[05:50:18] CPLEX results. Gap: 2.880000, upper bound: 24340.432888, lower bound: 23639.916401
[INFO]:[05:50:18] CPLEX solver finished. Gap: 2.880000
[INFO]:[05:50:18] Expansion Worker 5 completed expansion.
[INFO]:[05:50:18] Worker 5 completed expansion phase.
[INFO]:[05:50:20] Worker 5 received order for step 1.
[INFO]:[05:50:20] Worker 5 running exploration phase for iteration 7.
[INFO]:[05:50:20] Worker 5 at iteration 7 will not use a MIP start file. Current best MIP-start upper bound threshold is 1.79769e+308.
[INFO]:[05:50:20] Starting local search phase...
[INFO]:[05:50:20] Worker (ils_group_rank=1) entering parallel ILS evaluation service.
[INFO]:[05:50:20] Starting CPLEX solver on instance: /home/yorig/tuner/mpils-tests/instances/miplib/medium-2/supportcase40.mps with config: /scratch/yorig/mpils-results-grid-ticks-10000-7may/medium-2/24proc-2pils/seed-4/8_supportcase40_seed-4_20260510_054306/iterated_local_search/run_7_worker_4/parallel_0_1.prm
[INFO]:[05:50:27] CPLEX results. Gap: 7.630000, upper bound: 24727.490132, lower bound: 22840.574958
[INFO]:[05:50:27] CPLEX solver finished. Gap: 7.630000
[INFO]:[05:50:27] Starting CPLEX solver on instance: /home/yorig/tuner/mpils-tests/instances/miplib/medium-2/supportcase40.mps with config: /scratch/yorig/mpils-results-grid-ticks-10000-7may/medium-2/24proc-2pils/seed-4/8_supportcase40_seed-4_20260510_054306/iterated_local_search/run_7_worker_4/parallel_2_1.prm
[INFO]:[05:50:34] CPLEX results. Gap: 22.310000, upper bound: 29365.796486, lower bound: 22814.258626
[INFO]:[05:50:34] CPLEX solver finished. Gap: 22.310000
[INFO]:[05:50:34] Starting CPLEX solver on instance: /home/yorig/tuner/mpils-tests/instances/miplib/medium-2/supportcase40.mps with config: /scratch/yorig/mpils-results-grid-ticks-10000-7may/medium-2/24proc-2pils/seed-4/8_supportcase40_seed-4_20260510_054306/iterated_local_search/run_7_worker_4/parallel_4_1.prm
[INFO]:[05:50:41] CPLEX results. Gap: 7.600000, upper bound: 24727.490132, lower bound: 22847.975445
[INFO]:[05:50:41] CPLEX solver finished. Gap: 7.600000
[INFO]:[05:50:41] Starting CPLEX solver on instance: /home/yorig/tuner/mpils-tests/instances/miplib/medium-2/supportcase40.mps with config: /scratch/yorig/mpils-results-grid-ticks-10000-7may/medium-2/24proc-2pils/seed-4/8_supportcase40_seed-4_20260510_054306/iterated_local_search/run_7_worker_4/parallel_6_1.prm
[WARN]:[05:50:47] CPLEX finished without a primal feasible solution for config /scratch/yorig/mpils-results-grid-ticks-10000-7may/medium-2/24proc-2pils/seed-4/8_supportcase40_seed-4_20260510_054306/iterated_local_search/run_7_worker_4/parallel_6_1.prm.
[INFO]:[05:50:47] CPLEX results. Gap: unavailable, upper bound: null, lower bound: 23031.466458
[INFO]:[05:50:47] CPLEX solver finished. Gap: 179769313486231570814527423731704356798070567525844996598917476803157260780028538760589558632766878171540458953514382464234321326889464182768467546703537516986049910576551282076245490090389328944075868508455133942304583236903222948165808559332123348274797826204144723168738177180919299881250404026184124858368.000000
[INFO]:[05:50:47] Starting CPLEX solver on instance: /home/yorig/tuner/mpils-tests/instances/miplib/medium-2/supportcase40.mps with config: /scratch/yorig/mpils-results-grid-ticks-10000-7may/medium-2/24proc-2pils/seed-4/8_supportcase40_seed-4_20260510_054306/iterated_local_search/run_7_worker_4/parallel_8_1.prm
[INFO]:[05:50:53] CPLEX results. Gap: 25.650000, upper bound: 30609.413656, lower bound: 22756.778465
[INFO]:[05:50:53] CPLEX solver finished. Gap: 25.650000
[INFO]:[05:50:55] Starting CPLEX solver on instance: /home/yorig/tuner/mpils-tests/instances/miplib/medium-2/supportcase40.mps with config: /scratch/yorig/mpils-results-grid-ticks-10000-7may/medium-2/24proc-2pils/seed-4/8_supportcase40_seed-4_20260510_054306/iterated_local_search/run_7_worker_4/parallel_10_1.prm
[INFO]:[05:51:01] CPLEX results. Gap: 7.600000, upper bound: 24727.490132, lower bound: 22847.975445
[INFO]:[05:51:01] CPLEX solver finished. Gap: 7.600000
[INFO]:[05:51:01] Starting CPLEX solver on instance: /home/yorig/tuner/mpils-tests/instances/miplib/medium-2/supportcase40.mps with config: /scratch/yorig/mpils-results-grid-ticks-10000-7may/medium-2/24proc-2pils/seed-4/8_supportcase40_seed-4_20260510_054306/iterated_local_search/run_7_worker_4/parallel_12_1.prm
[INFO]:[05:51:08] CPLEX results. Gap: 7.560000, upper bound: 24727.490132, lower bound: 22857.215412
[INFO]:[05:51:08] CPLEX solver finished. Gap: 7.560000
[INFO]:[05:51:08] Starting CPLEX solver on instance: /home/yorig/tuner/mpils-tests/instances/miplib/medium-2/supportcase40.mps with config: /scratch/yorig/mpils-results-grid-ticks-10000-7may/medium-2/24proc-2pils/seed-4/8_supportcase40_seed-4_20260510_054306/iterated_local_search/run_7_worker_4/parallel_14_1.prm
[INFO]:[05:51:15] CPLEX results. Gap: 7.560000, upper bound: 24727.490132, lower bound: 22857.215412
[INFO]:[05:51:15] CPLEX solver finished. Gap: 7.560000
[INFO]:[05:51:15] Starting CPLEX solver on instance: /home/yorig/tuner/mpils-tests/instances/miplib/medium-2/supportcase40.mps with config: /scratch/yorig/mpils-results-grid-ticks-10000-7may/medium-2/24proc-2pils/seed-4/8_supportcase40_seed-4_20260510_054306/iterated_local_search/run_7_worker_4/parallel_16_1.prm
[INFO]:[05:51:22] CPLEX results. Gap: 7.560000, upper bound: 24727.490132, lower bound: 22857.215412
[INFO]:[05:51:22] CPLEX solver finished. Gap: 7.560000
[INFO]:[05:51:22] Worker (ils_group_rank=1) exiting parallel ILS evaluation service.
[INFO]:[05:51:33] Worker 5 completed exploration phase.
[INFO]:[05:51:33] Worker 5 received order for step 2.
[INFO]:[05:51:33] Worker 5 running expansion phase for iteration 7.
[INFO]:[05:51:33] Worker 5 will use solver log file: /scratch/yorig/mpils-results-grid-ticks-10000-7may/medium-2/24proc-2pils/seed-4/8_supportcase40_seed-4_20260510_054306/solver/cplex.log_iteration_expansion_7_worker_5
[INFO]:[05:51:33] Expansion Worker 5 starting expansion for iteration 7.
[INFO]:[05:51:34] Expansion Worker 5 completed expansion.
[INFO]:[05:51:34] Worker 5 completed expansion phase.
[INFO]:[05:51:36] Worker 5 received order for step 1.
[INFO]:[05:51:36] Worker 5 running exploration phase for iteration 8.
[INFO]:[05:51:36] Worker 5 at iteration 8 will not use a MIP start file. Current best MIP-start upper bound threshold is 1.79769e+308.
[INFO]:[05:51:36] Starting local search phase...
[INFO]:[05:51:36] Worker (ils_group_rank=1) entering parallel ILS evaluation service.
[INFO]:[05:51:36] Starting CPLEX solver on instance: /home/yorig/tuner/mpils-tests/instances/miplib/medium-2/supportcase40.mps with config: /scratch/yorig/mpils-results-grid-ticks-10000-7may/medium-2/24proc-2pils/seed-4/8_supportcase40_seed-4_20260510_054306/iterated_local_search/run_8_worker_4/parallel_0_1.prm
[WARN]:[05:51:38] CPLEX finished without a primal feasible solution for config /scratch/yorig/mpils-results-grid-ticks-10000-7may/medium-2/24proc-2pils/seed-4/8_supportcase40_seed-4_20260510_054306/iterated_local_search/run_8_worker_4/parallel_0_1.prm.
[INFO]:[05:51:38] CPLEX results. Gap: unavailable, upper bound: null, lower bound: 22540.148414
[INFO]:[05:51:38] CPLEX solver finished. Gap: 179769313486231570814527423731704356798070567525844996598917476803157260780028538760589558632766878171540458953514382464234321326889464182768467546703537516986049910576551282076245490090389328944075868508455133942304583236903222948165808559332123348274797826204144723168738177180919299881250404026184124858368.000000
[INFO]:[05:51:39] Starting CPLEX solver on instance: /home/yorig/tuner/mpils-tests/instances/miplib/medium-2/supportcase40.mps with config: /scratch/yorig/mpils-results-grid-ticks-10000-7may/medium-2/24proc-2pils/seed-4/8_supportcase40_seed-4_20260510_054306/iterated_local_search/run_8_worker_4/parallel_2_1.prm
[INFO]:[05:51:46] CPLEX results. Gap: 15.980000, upper bound: 27460.052693, lower bound: 23071.329699
[INFO]:[05:51:46] CPLEX solver finished. Gap: 15.980000
[INFO]:[05:51:46] Starting CPLEX solver on instance: /home/yorig/tuner/mpils-tests/instances/miplib/medium-2/supportcase40.mps with config: /scratch/yorig/mpils-results-grid-ticks-10000-7may/medium-2/24proc-2pils/seed-4/8_supportcase40_seed-4_20260510_054306/iterated_local_search/run_8_worker_4/parallel_4_1.prm
[INFO]:[05:51:53] CPLEX results. Gap: 15.980000, upper bound: 27460.052693, lower bound: 23071.329699
[INFO]:[05:51:53] CPLEX solver finished. Gap: 15.980000
[INFO]:[05:51:53] Starting CPLEX solver on instance: /home/yorig/tuner/mpils-tests/instances/miplib/medium-2/supportcase40.mps with config: /scratch/yorig/mpils-results-grid-ticks-10000-7may/medium-2/24proc-2pils/seed-4/8_supportcase40_seed-4_20260510_054306/iterated_local_search/run_8_worker_4/parallel_6_1.prm
[INFO]:[05:52:00] CPLEX results. Gap: 15.980000, upper bound: 27460.052693, lower bound: 23071.329699
[INFO]:[05:52:00] CPLEX solver finished. Gap: 15.980000
[INFO]:[05:52:00] Starting CPLEX solver on instance: /home/yorig/tuner/mpils-tests/instances/miplib/medium-2/supportcase40.mps with config: /scratch/yorig/mpils-results-grid-ticks-10000-7may/medium-2/24proc-2pils/seed-4/8_supportcase40_seed-4_20260510_054306/iterated_local_search/run_8_worker_4/parallel_8_1.prm
[INFO]:[05:52:07] CPLEX results. Gap: 15.980000, upper bound: 27460.052693, lower bound: 23071.329699
[INFO]:[05:52:07] CPLEX solver finished. Gap: 15.980000
[INFO]:[05:52:07] Worker (ils_group_rank=1) exiting parallel ILS evaluation service.
[INFO]:[05:52:15] Worker 5 completed exploration phase.
[INFO]:[05:52:15] Worker 5 received order for step 3.
[INFO]:[05:52:15] Worker 5 finished.
