[INFO]:[04:06:14] Worker 21 starting.
[INFO]:[04:06:14] Worker 21 received order for step 1.
[INFO]:[04:06:14] Worker 21 running exploration phase for iteration 1.
[INFO]:[04:06:14] Worker 21 at iteration 1 will not use a MIP start file. Current best MIP-start upper bound threshold is 1.79769e+308.
[INFO]:[04:06:14] Starting local search phase...
[INFO]:[04:06:14] Worker (ils_group_rank=3) entering parallel ILS evaluation service.
[INFO]:[04:06:14] Starting CPLEX solver on instance: /home/yorig/tuner/mpils-tests/instances/miplib/easy/neos-4413714-turia.mps with config: /scratch/yorig/mpils-results-grid-ticks-10000-7may/easy/24proc-6pils/seed-5/6_neos-4413714-turia_seed-5_20260510_040612/iterated_local_search/run_1_worker_18/parallel_0_3.prm
[INFO]:[04:06:21] CPLEX results. Gap: 91.300000, upper bound: 499.635492, lower bound: 43.474651
[INFO]:[04:06:21] CPLEX solver finished. Gap: 91.300000
[INFO]:[04:06:22] Starting CPLEX solver on instance: /home/yorig/tuner/mpils-tests/instances/miplib/easy/neos-4413714-turia.mps with config: /scratch/yorig/mpils-results-grid-ticks-10000-7may/easy/24proc-6pils/seed-5/6_neos-4413714-turia_seed-5_20260510_040612/iterated_local_search/run_1_worker_18/parallel_6_3.prm
[INFO]:[04:06:29] CPLEX results. Gap: 91.300000, upper bound: 499.635492, lower bound: 43.474651
[INFO]:[04:06:29] CPLEX solver finished. Gap: 91.300000
[INFO]:[04:06:30] Starting CPLEX solver on instance: /home/yorig/tuner/mpils-tests/instances/miplib/easy/neos-4413714-turia.mps with config: /scratch/yorig/mpils-results-grid-ticks-10000-7may/easy/24proc-6pils/seed-5/6_neos-4413714-turia_seed-5_20260510_040612/iterated_local_search/run_1_worker_18/parallel_12_3.prm
[INFO]:[04:06:37] CPLEX results. Gap: 91.300000, upper bound: 499.635492, lower bound: 43.474651
[INFO]:[04:06:37] CPLEX solver finished. Gap: 91.300000
[INFO]:[04:06:39] Starting CPLEX solver on instance: /home/yorig/tuner/mpils-tests/instances/miplib/easy/neos-4413714-turia.mps with config: /scratch/yorig/mpils-results-grid-ticks-10000-7may/easy/24proc-6pils/seed-5/6_neos-4413714-turia_seed-5_20260510_040612/iterated_local_search/run_1_worker_18/parallel_18_3.prm
[INFO]:[04:06:47] CPLEX results. Gap: 21.570000, upper bound: 55.430127, lower bound: 43.474651
[INFO]:[04:06:47] CPLEX solver finished. Gap: 21.570000
[INFO]:[04:06:47] Worker (ils_group_rank=3) exiting parallel ILS evaluation service.
[INFO]:[04:06:47] Worker 21 completed exploration phase.
[INFO]:[04:06:47] Worker 21 received order for step 2.
[INFO]:[04:06:47] Worker 21 running expansion phase for iteration 1.
[INFO]:[04:06:47] Worker 21 will use solver log file: /scratch/yorig/mpils-results-grid-ticks-10000-7may/easy/24proc-6pils/seed-5/6_neos-4413714-turia_seed-5_20260510_040612/solver/cplex.log_iteration_expansion_1_worker_21
[INFO]:[04:06:47] Expansion Worker 21 starting expansion for iteration 1.
[INFO]:[04:06:47] Starting CPLEX solver on instance: /home/yorig/tuner/mpils-tests/instances/miplib/easy/neos-4413714-turia.mps with config: /scratch/yorig/mpils-results-grid-ticks-10000-7may/easy/24proc-6pils/seed-5/6_neos-4413714-turia_seed-5_20260510_040612/expansion/config_param_CPXPARAM_MIP_Limits_ProbeTime_2_iter_1.prm
[INFO]:[04:06:55] CPLEX results. Gap: 21.570000, upper bound: 55.430127, lower bound: 43.474651
[INFO]:[04:06:55] CPLEX solver finished. Gap: 21.570000
[INFO]:[04:06:55] Expansion Worker 21 stopping early after global MPI expansion stop was activated.
[INFO]:[04:06:55] Expansion Worker 21 completed expansion.
[INFO]:[04:06:55] Worker 21 completed expansion phase.
[INFO]:[04:06:55] Worker 21 received order for step 1.
[INFO]:[04:06:55] Worker 21 running exploration phase for iteration 2.
[INFO]:[04:06:55] Worker 21 at iteration 2 will not use a MIP start file. Current best MIP-start upper bound threshold is 1.79769e+308.
[INFO]:[04:06:55] Starting local search phase...
[INFO]:[04:06:55] Worker (ils_group_rank=3) entering parallel ILS evaluation service.
[INFO]:[04:06:55] Starting CPLEX solver on instance: /home/yorig/tuner/mpils-tests/instances/miplib/easy/neos-4413714-turia.mps with config: /scratch/yorig/mpils-results-grid-ticks-10000-7may/easy/24proc-6pils/seed-5/6_neos-4413714-turia_seed-5_20260510_040612/iterated_local_search/run_2_worker_18/parallel_0_3.prm
[INFO]:[04:07:03] CPLEX results. Gap: 100.000000, upper bound: 499.635492, lower bound: 0.000000
[INFO]:[04:07:03] CPLEX solver finished. Gap: 100.000000
[INFO]:[04:07:03] Worker (ils_group_rank=3) exiting parallel ILS evaluation service.
[INFO]:[04:07:04] Worker 21 completed exploration phase.
[INFO]:[04:07:04] Worker 21 received order for step 2.
[INFO]:[04:07:04] Worker 21 running expansion phase for iteration 2.
[INFO]:[04:07:04] Worker 21 will use solver log file: /scratch/yorig/mpils-results-grid-ticks-10000-7may/easy/24proc-6pils/seed-5/6_neos-4413714-turia_seed-5_20260510_040612/solver/cplex.log_iteration_expansion_2_worker_21
[INFO]:[04:07:04] Expansion Worker 21 starting expansion for iteration 2.
[INFO]:[04:07:04] Starting CPLEX solver on instance: /home/yorig/tuner/mpils-tests/instances/miplib/easy/neos-4413714-turia.mps with config: /scratch/yorig/mpils-results-grid-ticks-10000-7may/easy/24proc-6pils/seed-5/6_neos-4413714-turia_seed-5_20260510_040612/expansion/config_param_CPXPARAM_MIP_Limits_ProbeTime_30_iter_2.prm
[INFO]:[04:07:11] CPLEX results. Gap: 21.570000, upper bound: 55.430127, lower bound: 43.474651
[INFO]:[04:07:11] CPLEX solver finished. Gap: 21.570000
[INFO]:[04:07:11] Starting CPLEX solver on instance: /home/yorig/tuner/mpils-tests/instances/miplib/easy/neos-4413714-turia.mps with config: /scratch/yorig/mpils-results-grid-ticks-10000-7may/easy/24proc-6pils/seed-5/6_neos-4413714-turia_seed-5_20260510_040612/expansion/config_param_CPXPARAM_MIP_Limits_CutsFactor_1_iter_2.prm
[INFO]:[04:07:18] CPLEX results. Gap: 4.500000, upper bound: 45.521065, lower bound: 43.474651
[INFO]:[04:07:18] CPLEX solver finished. Gap: 4.500000
[INFO]:[04:07:26] Expansion Worker 21 completed expansion.
[INFO]:[04:07:26] Worker 21 completed expansion phase.
[INFO]:[04:07:26] Worker 21 received order for step 1.
[INFO]:[04:07:26] Worker 21 running exploration phase for iteration 3.
[INFO]:[04:07:26] Worker 21 at iteration 3 will not use a MIP start file. Current best MIP-start upper bound threshold is 1.79769e+308.
[INFO]:[04:07:26] Starting local search phase...
[INFO]:[04:07:26] Worker (ils_group_rank=3) entering parallel ILS evaluation service.
[INFO]:[04:07:26] Starting CPLEX solver on instance: /home/yorig/tuner/mpils-tests/instances/miplib/easy/neos-4413714-turia.mps with config: /scratch/yorig/mpils-results-grid-ticks-10000-7may/easy/24proc-6pils/seed-5/6_neos-4413714-turia_seed-5_20260510_040612/iterated_local_search/run_3_worker_18/parallel_0_3.prm
[INFO]:[04:07:32] CPLEX results. Gap: 100.000000, upper bound: 499.635492, lower bound: 0.000000
[INFO]:[04:07:32] CPLEX solver finished. Gap: 100.000000
[INFO]:[04:07:33] Worker (ils_group_rank=3) exiting parallel ILS evaluation service.
[INFO]:[04:07:33] Worker 21 completed exploration phase.
[INFO]:[04:07:33] Worker 21 received order for step 2.
[INFO]:[04:07:33] Worker 21 running expansion phase for iteration 3.
[INFO]:[04:07:33] Worker 21 will use solver log file: /scratch/yorig/mpils-results-grid-ticks-10000-7may/easy/24proc-6pils/seed-5/6_neos-4413714-turia_seed-5_20260510_040612/solver/cplex.log_iteration_expansion_3_worker_21
[INFO]:[04:07:33] Expansion Worker 21 starting expansion for iteration 3.
[INFO]:[04:07:33] Starting CPLEX solver on instance: /home/yorig/tuner/mpils-tests/instances/miplib/easy/neos-4413714-turia.mps with config: /scratch/yorig/mpils-results-grid-ticks-10000-7may/easy/24proc-6pils/seed-5/6_neos-4413714-turia_seed-5_20260510_040612/expansion/config_param_CPXPARAM_MIP_Strategy_StartAlgorithm_5_iter_3.prm
[INFO]:[04:07:39] CPLEX results. Gap: 20.570000, upper bound: 54.732815, lower bound: 43.474651
[INFO]:[04:07:39] CPLEX solver finished. Gap: 20.570000
[INFO]:[04:07:55] Expansion Worker 21 completed expansion.
[INFO]:[04:07:55] Worker 21 completed expansion phase.
[INFO]:[04:07:55] Worker 21 received order for step 1.
[INFO]:[04:07:55] Worker 21 running exploration phase for iteration 4.
[INFO]:[04:07:55] Worker 21 at iteration 4 will not use a MIP start file. Current best MIP-start upper bound threshold is 1.79769e+308.
[INFO]:[04:07:55] Starting local search phase...
[INFO]:[04:07:55] Worker (ils_group_rank=3) entering parallel ILS evaluation service.
[INFO]:[04:07:55] Starting CPLEX solver on instance: /home/yorig/tuner/mpils-tests/instances/miplib/easy/neos-4413714-turia.mps with config: /scratch/yorig/mpils-results-grid-ticks-10000-7may/easy/24proc-6pils/seed-5/6_neos-4413714-turia_seed-5_20260510_040612/iterated_local_search/run_4_worker_18/parallel_0_3.prm
[INFO]:[04:08:02] CPLEX results. Gap: 100.000000, upper bound: 59710.034081, lower bound: 0.000000
[INFO]:[04:08:02] CPLEX solver finished. Gap: 100.000000
[INFO]:[04:08:04] Starting CPLEX solver on instance: /home/yorig/tuner/mpils-tests/instances/miplib/easy/neos-4413714-turia.mps with config: /scratch/yorig/mpils-results-grid-ticks-10000-7may/easy/24proc-6pils/seed-5/6_neos-4413714-turia_seed-5_20260510_040612/iterated_local_search/run_4_worker_18/parallel_6_3.prm
[INFO]:[04:08:10] CPLEX results. Gap: 100.000000, upper bound: 499.635492, lower bound: 0.000000
[INFO]:[04:08:10] CPLEX solver finished. Gap: 100.000000
[INFO]:[04:08:11] Worker (ils_group_rank=3) exiting parallel ILS evaluation service.
[INFO]:[04:08:12] Worker 21 completed exploration phase.
[INFO]:[04:08:12] Worker 21 received order for step 2.
[INFO]:[04:08:12] Worker 21 running expansion phase for iteration 4.
[INFO]:[04:08:12] Worker 21 will use solver log file: /scratch/yorig/mpils-results-grid-ticks-10000-7may/easy/24proc-6pils/seed-5/6_neos-4413714-turia_seed-5_20260510_040612/solver/cplex.log_iteration_expansion_4_worker_21
[INFO]:[04:08:12] Expansion Worker 21 starting expansion for iteration 4.
[INFO]:[04:08:12] Starting CPLEX solver on instance: /home/yorig/tuner/mpils-tests/instances/miplib/easy/neos-4413714-turia.mps with config: /scratch/yorig/mpils-results-grid-ticks-10000-7may/easy/24proc-6pils/seed-5/6_neos-4413714-turia_seed-5_20260510_040612/expansion/config_param_CPXPARAM_Preprocessing_CoeffReduce_0_iter_4.prm
[INFO]:[04:08:19] CPLEX results. Gap: 4.500000, upper bound: 45.521065, lower bound: 43.474651
[INFO]:[04:08:19] CPLEX solver finished. Gap: 4.500000
[INFO]:[04:08:27] Expansion Worker 21 completed expansion.
[INFO]:[04:08:27] Worker 21 completed expansion phase.
[INFO]:[04:08:27] Worker 21 received order for step 1.
[INFO]:[04:08:27] Worker 21 running exploration phase for iteration 5.
[INFO]:[04:08:27] Worker 21 at iteration 5 will not use a MIP start file. Current best MIP-start upper bound threshold is 1.79769e+308.
[INFO]:[04:08:27] Starting local search phase...
[INFO]:[04:08:27] Worker (ils_group_rank=3) entering parallel ILS evaluation service.
[INFO]:[04:08:27] Starting CPLEX solver on instance: /home/yorig/tuner/mpils-tests/instances/miplib/easy/neos-4413714-turia.mps with config: /scratch/yorig/mpils-results-grid-ticks-10000-7may/easy/24proc-6pils/seed-5/6_neos-4413714-turia_seed-5_20260510_040612/iterated_local_search/run_5_worker_18/parallel_0_3.prm
[INFO]:[04:08:33] CPLEX results. Gap: 100.000000, upper bound: 499.635492, lower bound: 0.000000
[INFO]:[04:08:33] CPLEX solver finished. Gap: 100.000000
[INFO]:[04:08:35] Starting CPLEX solver on instance: /home/yorig/tuner/mpils-tests/instances/miplib/easy/neos-4413714-turia.mps with config: /scratch/yorig/mpils-results-grid-ticks-10000-7may/easy/24proc-6pils/seed-5/6_neos-4413714-turia_seed-5_20260510_040612/iterated_local_search/run_5_worker_18/parallel_6_3.prm
[INFO]:[04:08:42] CPLEX results. Gap: 21.570000, upper bound: 55.430127, lower bound: 43.474651
[INFO]:[04:08:42] CPLEX solver finished. Gap: 21.570000
[INFO]:[04:08:42] Starting CPLEX solver on instance: /home/yorig/tuner/mpils-tests/instances/miplib/easy/neos-4413714-turia.mps with config: /scratch/yorig/mpils-results-grid-ticks-10000-7may/easy/24proc-6pils/seed-5/6_neos-4413714-turia_seed-5_20260510_040612/iterated_local_search/run_5_worker_18/parallel_12_3.prm
[INFO]:[04:08:49] CPLEX results. Gap: 21.570000, upper bound: 55.430127, lower bound: 43.474651
[INFO]:[04:08:49] CPLEX solver finished. Gap: 21.570000
[INFO]:[04:08:49] Starting CPLEX solver on instance: /home/yorig/tuner/mpils-tests/instances/miplib/easy/neos-4413714-turia.mps with config: /scratch/yorig/mpils-results-grid-ticks-10000-7may/easy/24proc-6pils/seed-5/6_neos-4413714-turia_seed-5_20260510_040612/iterated_local_search/run_5_worker_18/parallel_18_3.prm
[INFO]:[04:08:56] CPLEX results. Gap: 21.570000, upper bound: 55.430127, lower bound: 43.474651
[INFO]:[04:08:56] CPLEX solver finished. Gap: 21.570000
[INFO]:[04:08:56] Starting CPLEX solver on instance: /home/yorig/tuner/mpils-tests/instances/miplib/easy/neos-4413714-turia.mps with config: /scratch/yorig/mpils-results-grid-ticks-10000-7may/easy/24proc-6pils/seed-5/6_neos-4413714-turia_seed-5_20260510_040612/iterated_local_search/run_5_worker_18/parallel_24_3.prm
[INFO]:[04:09:03] CPLEX results. Gap: 21.570000, upper bound: 55.430127, lower bound: 43.474651
[INFO]:[04:09:03] CPLEX solver finished. Gap: 21.570000
[INFO]:[04:09:03] Worker (ils_group_rank=3) exiting parallel ILS evaluation service.
[INFO]:[04:09:03] Worker 21 completed exploration phase.
[INFO]:[04:09:04] Worker 21 received order for step 2.
[INFO]:[04:09:04] Worker 21 running expansion phase for iteration 5.
[INFO]:[04:09:04] Worker 21 will use solver log file: /scratch/yorig/mpils-results-grid-ticks-10000-7may/easy/24proc-6pils/seed-5/6_neos-4413714-turia_seed-5_20260510_040612/solver/cplex.log_iteration_expansion_5_worker_21
[INFO]:[04:09:04] Expansion Worker 21 starting expansion for iteration 5.
[INFO]:[04:09:04] Starting CPLEX solver on instance: /home/yorig/tuner/mpils-tests/instances/miplib/easy/neos-4413714-turia.mps with config: /scratch/yorig/mpils-results-grid-ticks-10000-7may/easy/24proc-6pils/seed-5/6_neos-4413714-turia_seed-5_20260510_040612/expansion/config_param_CPXPARAM_Preprocessing_Relax_0_iter_5.prm
[INFO]:[04:09:11] CPLEX results. Gap: 4.500000, upper bound: 45.521065, lower bound: 43.474651
[INFO]:[04:09:11] CPLEX solver finished. Gap: 4.500000
[INFO]:[04:09:18] Expansion Worker 21 completed expansion.
[INFO]:[04:09:18] Worker 21 completed expansion phase.
[INFO]:[04:09:19] Worker 21 received order for step 1.
[INFO]:[04:09:19] Worker 21 running exploration phase for iteration 6.
[INFO]:[04:09:19] Worker 21 at iteration 6 will not use a MIP start file. Current best MIP-start upper bound threshold is 1.79769e+308.
[INFO]:[04:09:19] Starting local search phase...
[INFO]:[04:09:19] Worker (ils_group_rank=3) entering parallel ILS evaluation service.
[INFO]:[04:09:19] Starting CPLEX solver on instance: /home/yorig/tuner/mpils-tests/instances/miplib/easy/neos-4413714-turia.mps with config: /scratch/yorig/mpils-results-grid-ticks-10000-7may/easy/24proc-6pils/seed-5/6_neos-4413714-turia_seed-5_20260510_040612/iterated_local_search/run_6_worker_18/parallel_0_3.prm
[INFO]:[04:09:25] CPLEX results. Gap: 200145909570371309568081746937112459935377757408968701181671799629996359680.000000, upper bound: 499.635492, lower bound: -999999999999999926539781176481198923508803215199467887262646419780362305536.000000
[INFO]:[04:09:25] CPLEX solver finished. Gap: 200145909570371309568081746937112459935377757408968701181671799629996359680.000000
[INFO]:[04:09:27] Starting CPLEX solver on instance: /home/yorig/tuner/mpils-tests/instances/miplib/easy/neos-4413714-turia.mps with config: /scratch/yorig/mpils-results-grid-ticks-10000-7may/easy/24proc-6pils/seed-5/6_neos-4413714-turia_seed-5_20260510_040612/iterated_local_search/run_6_worker_18/parallel_6_3.prm
[INFO]:[04:09:33] CPLEX results. Gap: 69.180000, upper bound: 141.060838, lower bound: 43.474651
[INFO]:[04:09:33] CPLEX solver finished. Gap: 69.180000
[INFO]:[04:09:33] Starting CPLEX solver on instance: /home/yorig/tuner/mpils-tests/instances/miplib/easy/neos-4413714-turia.mps with config: /scratch/yorig/mpils-results-grid-ticks-10000-7may/easy/24proc-6pils/seed-5/6_neos-4413714-turia_seed-5_20260510_040612/iterated_local_search/run_6_worker_18/parallel_12_3.prm
[INFO]:[04:09:39] CPLEX results. Gap: 69.180000, upper bound: 141.060838, lower bound: 43.474651
[INFO]:[04:09:39] CPLEX solver finished. Gap: 69.180000
[INFO]:[04:09:39] Starting CPLEX solver on instance: /home/yorig/tuner/mpils-tests/instances/miplib/easy/neos-4413714-turia.mps with config: /scratch/yorig/mpils-results-grid-ticks-10000-7may/easy/24proc-6pils/seed-5/6_neos-4413714-turia_seed-5_20260510_040612/iterated_local_search/run_6_worker_18/parallel_18_3.prm
[INFO]:[04:09:45] CPLEX results. Gap: 69.180000, upper bound: 141.060838, lower bound: 43.474651
[INFO]:[04:09:45] CPLEX solver finished. Gap: 69.180000
[INFO]:[04:09:45] Starting CPLEX solver on instance: /home/yorig/tuner/mpils-tests/instances/miplib/easy/neos-4413714-turia.mps with config: /scratch/yorig/mpils-results-grid-ticks-10000-7may/easy/24proc-6pils/seed-5/6_neos-4413714-turia_seed-5_20260510_040612/iterated_local_search/run_6_worker_18/parallel_24_3.prm
[INFO]:[04:09:51] CPLEX results. Gap: 69.180000, upper bound: 141.060838, lower bound: 43.474651
[INFO]:[04:09:51] CPLEX solver finished. Gap: 69.180000
[INFO]:[04:09:51] Worker (ils_group_rank=3) exiting parallel ILS evaluation service.
[INFO]:[04:09:54] Worker 21 completed exploration phase.
[INFO]:[04:09:54] Worker 21 received order for step 2.
[INFO]:[04:09:54] Worker 21 running expansion phase for iteration 6.
[INFO]:[04:09:54] Worker 21 will use solver log file: /scratch/yorig/mpils-results-grid-ticks-10000-7may/easy/24proc-6pils/seed-5/6_neos-4413714-turia_seed-5_20260510_040612/solver/cplex.log_iteration_expansion_6_worker_21
[INFO]:[04:09:54] Expansion Worker 21 starting expansion for iteration 6.
[INFO]:[04:09:54] Starting CPLEX solver on instance: /home/yorig/tuner/mpils-tests/instances/miplib/easy/neos-4413714-turia.mps with config: /scratch/yorig/mpils-results-grid-ticks-10000-7may/easy/24proc-6pils/seed-5/6_neos-4413714-turia_seed-5_20260510_040612/expansion/config_param_CPXPARAM_MIP_Limits_StrongCand_5_iter_6.prm
[INFO]:[04:10:01] CPLEX results. Gap: 4.500000, upper bound: 45.521065, lower bound: 43.474651
[INFO]:[04:10:01] CPLEX solver finished. Gap: 4.500000
[INFO]:[04:10:09] Expansion Worker 21 completed expansion.
[INFO]:[04:10:09] Worker 21 completed expansion phase.
[INFO]:[04:10:10] Worker 21 received order for step 1.
[INFO]:[04:10:10] Worker 21 running exploration phase for iteration 7.
[INFO]:[04:10:10] Worker 21 at iteration 7 will not use a MIP start file. Current best MIP-start upper bound threshold is 1.79769e+308.
[INFO]:[04:10:10] Starting local search phase...
[INFO]:[04:10:10] Worker (ils_group_rank=3) entering parallel ILS evaluation service.
[INFO]:[04:10:10] Starting CPLEX solver on instance: /home/yorig/tuner/mpils-tests/instances/miplib/easy/neos-4413714-turia.mps with config: /scratch/yorig/mpils-results-grid-ticks-10000-7may/easy/24proc-6pils/seed-5/6_neos-4413714-turia_seed-5_20260510_040612/iterated_local_search/run_7_worker_18/parallel_0_3.prm
[INFO]:[04:10:16] CPLEX results. Gap: 100.000000, upper bound: 59710.034081, lower bound: 0.000000
[INFO]:[04:10:16] CPLEX solver finished. Gap: 100.000000
[INFO]:[04:10:17] Starting CPLEX solver on instance: /home/yorig/tuner/mpils-tests/instances/miplib/easy/neos-4413714-turia.mps with config: /scratch/yorig/mpils-results-grid-ticks-10000-7may/easy/24proc-6pils/seed-5/6_neos-4413714-turia_seed-5_20260510_040612/iterated_local_search/run_7_worker_18/parallel_6_3.prm
[INFO]:[04:10:24] CPLEX results. Gap: 21.570000, upper bound: 55.430127, lower bound: 43.474651
[INFO]:[04:10:24] CPLEX solver finished. Gap: 21.570000
[INFO]:[04:10:25] Starting CPLEX solver on instance: /home/yorig/tuner/mpils-tests/instances/miplib/easy/neos-4413714-turia.mps with config: /scratch/yorig/mpils-results-grid-ticks-10000-7may/easy/24proc-6pils/seed-5/6_neos-4413714-turia_seed-5_20260510_040612/iterated_local_search/run_7_worker_18/parallel_12_3.prm
[INFO]:[04:10:32] CPLEX results. Gap: 21.570000, upper bound: 55.430127, lower bound: 43.474651
[INFO]:[04:10:32] CPLEX solver finished. Gap: 21.570000
[INFO]:[04:10:32] Starting CPLEX solver on instance: /home/yorig/tuner/mpils-tests/instances/miplib/easy/neos-4413714-turia.mps with config: /scratch/yorig/mpils-results-grid-ticks-10000-7may/easy/24proc-6pils/seed-5/6_neos-4413714-turia_seed-5_20260510_040612/iterated_local_search/run_7_worker_18/parallel_18_3.prm
[INFO]:[04:10:39] CPLEX results. Gap: 21.570000, upper bound: 55.430127, lower bound: 43.474651
[INFO]:[04:10:39] CPLEX solver finished. Gap: 21.570000
[INFO]:[04:10:39] Starting CPLEX solver on instance: /home/yorig/tuner/mpils-tests/instances/miplib/easy/neos-4413714-turia.mps with config: /scratch/yorig/mpils-results-grid-ticks-10000-7may/easy/24proc-6pils/seed-5/6_neos-4413714-turia_seed-5_20260510_040612/iterated_local_search/run_7_worker_18/parallel_24_3.prm
[INFO]:[04:10:46] CPLEX results. Gap: 21.570000, upper bound: 55.430127, lower bound: 43.474651
[INFO]:[04:10:46] CPLEX solver finished. Gap: 21.570000
[INFO]:[04:10:46] Worker (ils_group_rank=3) exiting parallel ILS evaluation service.
[INFO]:[04:10:51] Worker 21 completed exploration phase.
[INFO]:[04:10:51] Worker 21 received order for step 3.
[INFO]:[04:10:51] Worker 21 finished.
