[INFO]:[22:24:16] Worker 4 starting.
[INFO]:[22:24:16] Worker 4 received order for step 1.
[INFO]:[22:24:16] Worker 4 running exploration phase for iteration 1.
[INFO]:[22:24:16] Worker 4 at iteration 1 will not use a MIP start file. Current best MIP-start upper bound threshold is 1.79769e+308.
[INFO]:[22:24:16] Starting local search phase...
[INFO]:[22:24:16] Creating local search space from parameter space file: /scratch/yorig/mpils-results-grid-seconds-5-4may/easy/8proc/seed-2/9_supportcase18_seed-2_20260504_222415/iterated_local_search/search_space/search_space_file_1_worker_4.txt
[INFO]:[22:24:16] Local search space loaded from file: /scratch/yorig/mpils-results-grid-seconds-5-4may/easy/8proc/seed-2/9_supportcase18_seed-2_20260504_222415/iterated_local_search/search_space/search_space_file_1_worker_4.txt
[INFO]:[22:24:16] Number of parameters in local search space: 71
[INFO]:[22:24:16] Number of forbidden tuples in local search space: 0
[INFO]:[22:24:16] Number of conditionals in local search space: 6
[INFO]:[22:24:16] MIP start option not enabled. Local search will proceed without MIP start.
[INFO]:[22:24:16] Evaluating initial configuration for local search phase...
[INFO]:[22:24:16] Starting CPLEX solver on instance: /home/yorig/tuner/mpils-tests/instances/miplib/easy/supportcase18.mps with config: /scratch/yorig/mpils-results-grid-seconds-5-4may/easy/8proc/seed-2/9_supportcase18_seed-2_20260504_222415/iterated_local_search/run_1_worker_4/ils_config_15967469245584910126.prm
[INFO]:[22:24:16] Starting CPLEX solver on instance: /home/yorig/tuner/mpils-tests/instances/miplib/easy/supportcase18.mps with config: /scratch/yorig/mpils-results-grid-seconds-5-4may/easy/8proc/seed-2/9_supportcase18_seed-2_20260504_222415/iterated_local_search/run_1_worker_4/ils_config_15967469245584910126.prm
[INFO]:[22:24:21] CPLEX results. Gap: 5.630000, upper bound: 50.000000, lower bound: 47.186667
[INFO]:[22:24:21] CPLEX solver finished. Gap: 5.630000
[INFO]:[22:24:21] Initial configuration evaluated with objective value: 5.63
[INFO]:[22:24:21] Starting CPLEX solver on instance: /home/yorig/tuner/mpils-tests/instances/miplib/easy/supportcase18.mps with config: /scratch/yorig/mpils-results-grid-seconds-5-4may/easy/8proc/seed-2/9_supportcase18_seed-2_20260504_222415/iterated_local_search/run_1_worker_4/ils_config_17398987104164056686.prm
[INFO]:[22:24:21] Starting CPLEX solver on instance: /home/yorig/tuner/mpils-tests/instances/miplib/easy/supportcase18.mps with config: /scratch/yorig/mpils-results-grid-seconds-5-4may/easy/8proc/seed-2/9_supportcase18_seed-2_20260504_222415/iterated_local_search/run_1_worker_4/ils_config_17398987104164056686.prm
[INFO]:[22:24:26] CPLEX results. Gap: 5.630000, upper bound: 50.000000, lower bound: 47.186667
[INFO]:[22:24:26] CPLEX solver finished. Gap: 5.630000
[INFO]:[22:24:26] Starting CPLEX solver on instance: /home/yorig/tuner/mpils-tests/instances/miplib/easy/supportcase18.mps with config: /scratch/yorig/mpils-results-grid-seconds-5-4may/easy/8proc/seed-2/9_supportcase18_seed-2_20260504_222415/iterated_local_search/run_1_worker_4/ils_config_10099786704224630259.prm
[INFO]:[22:24:26] Starting CPLEX solver on instance: /home/yorig/tuner/mpils-tests/instances/miplib/easy/supportcase18.mps with config: /scratch/yorig/mpils-results-grid-seconds-5-4may/easy/8proc/seed-2/9_supportcase18_seed-2_20260504_222415/iterated_local_search/run_1_worker_4/ils_config_10099786704224630259.prm
[INFO]:[22:24:31] CPLEX results. Gap: 3.700000, upper bound: 49.000000, lower bound: 47.186667
[INFO]:[22:24:31] CPLEX solver finished. Gap: 3.700000
[INFO]:[22:24:31] New incumbent found with objective value: 3.7
[INFO]:[22:24:31] Starting CPLEX solver on instance: /home/yorig/tuner/mpils-tests/instances/miplib/easy/supportcase18.mps with config: /scratch/yorig/mpils-results-grid-seconds-5-4may/easy/8proc/seed-2/9_supportcase18_seed-2_20260504_222415/iterated_local_search/run_1_worker_4/ils_config_6039570510003710187.prm
[INFO]:[22:24:31] Starting CPLEX solver on instance: /home/yorig/tuner/mpils-tests/instances/miplib/easy/supportcase18.mps with config: /scratch/yorig/mpils-results-grid-seconds-5-4may/easy/8proc/seed-2/9_supportcase18_seed-2_20260504_222415/iterated_local_search/run_1_worker_4/ils_config_6039570510003710187.prm
[INFO]:[22:24:36] CPLEX results. Gap: 3.700000, upper bound: 49.000000, lower bound: 47.186667
[INFO]:[22:24:36] CPLEX solver finished. Gap: 3.700000
[INFO]:[22:24:36] Starting CPLEX solver on instance: /home/yorig/tuner/mpils-tests/instances/miplib/easy/supportcase18.mps with config: /scratch/yorig/mpils-results-grid-seconds-5-4may/easy/8proc/seed-2/9_supportcase18_seed-2_20260504_222415/iterated_local_search/run_1_worker_4/ils_config_11217353936417669217.prm
[INFO]:[22:24:36] Starting CPLEX solver on instance: /home/yorig/tuner/mpils-tests/instances/miplib/easy/supportcase18.mps with config: /scratch/yorig/mpils-results-grid-seconds-5-4may/easy/8proc/seed-2/9_supportcase18_seed-2_20260504_222415/iterated_local_search/run_1_worker_4/ils_config_11217353936417669217.prm
[INFO]:[22:24:41] CPLEX results. Gap: 3.700000, upper bound: 49.000000, lower bound: 47.186667
[INFO]:[22:24:41] CPLEX solver finished. Gap: 3.700000
[INFO]:[22:24:41] Starting CPLEX solver on instance: /home/yorig/tuner/mpils-tests/instances/miplib/easy/supportcase18.mps with config: /scratch/yorig/mpils-results-grid-seconds-5-4may/easy/8proc/seed-2/9_supportcase18_seed-2_20260504_222415/iterated_local_search/run_1_worker_4/ils_config_12100378305347162295.prm
[INFO]:[22:24:41] Starting CPLEX solver on instance: /home/yorig/tuner/mpils-tests/instances/miplib/easy/supportcase18.mps with config: /scratch/yorig/mpils-results-grid-seconds-5-4may/easy/8proc/seed-2/9_supportcase18_seed-2_20260504_222415/iterated_local_search/run_1_worker_4/ils_config_12100378305347162295.prm
[INFO]:[22:24:46] CPLEX results. Gap: 3.700000, upper bound: 49.000000, lower bound: 47.186667
[INFO]:[22:24:46] CPLEX solver finished. Gap: 3.700000
[INFO]:[22:24:46] Starting CPLEX solver on instance: /home/yorig/tuner/mpils-tests/instances/miplib/easy/supportcase18.mps with config: /scratch/yorig/mpils-results-grid-seconds-5-4may/easy/8proc/seed-2/9_supportcase18_seed-2_20260504_222415/iterated_local_search/run_1_worker_4/ils_config_3712533205605407794.prm
[INFO]:[22:24:46] Starting CPLEX solver on instance: /home/yorig/tuner/mpils-tests/instances/miplib/easy/supportcase18.mps with config: /scratch/yorig/mpils-results-grid-seconds-5-4may/easy/8proc/seed-2/9_supportcase18_seed-2_20260504_222415/iterated_local_search/run_1_worker_4/ils_config_3712533205605407794.prm
[INFO]:[22:24:51] CPLEX results. Gap: 3.700000, upper bound: 49.000000, lower bound: 47.186667
[INFO]:[22:24:51] CPLEX solver finished. Gap: 3.700000
[INFO]:[22:24:51] Starting CPLEX solver on instance: /home/yorig/tuner/mpils-tests/instances/miplib/easy/supportcase18.mps with config: /scratch/yorig/mpils-results-grid-seconds-5-4may/easy/8proc/seed-2/9_supportcase18_seed-2_20260504_222415/iterated_local_search/run_1_worker_4/ils_config_12958004332558654968.prm
[INFO]:[22:24:51] Starting CPLEX solver on instance: /home/yorig/tuner/mpils-tests/instances/miplib/easy/supportcase18.mps with config: /scratch/yorig/mpils-results-grid-seconds-5-4may/easy/8proc/seed-2/9_supportcase18_seed-2_20260504_222415/iterated_local_search/run_1_worker_4/ils_config_12958004332558654968.prm
[INFO]:[22:24:56] CPLEX results. Gap: 5.630000, upper bound: 50.000000, lower bound: 47.186667
[INFO]:[22:24:56] CPLEX solver finished. Gap: 5.630000
[INFO]:[22:24:56] Starting CPLEX solver on instance: /home/yorig/tuner/mpils-tests/instances/miplib/easy/supportcase18.mps with config: /scratch/yorig/mpils-results-grid-seconds-5-4may/easy/8proc/seed-2/9_supportcase18_seed-2_20260504_222415/iterated_local_search/run_1_worker_4/ils_config_2807737449466418320.prm
[INFO]:[22:24:56] Starting CPLEX solver on instance: /home/yorig/tuner/mpils-tests/instances/miplib/easy/supportcase18.mps with config: /scratch/yorig/mpils-results-grid-seconds-5-4may/easy/8proc/seed-2/9_supportcase18_seed-2_20260504_222415/iterated_local_search/run_1_worker_4/ils_config_2807737449466418320.prm
[INFO]:[22:25:01] CPLEX results. Gap: 3.700000, upper bound: 49.000000, lower bound: 47.186667
[INFO]:[22:25:01] CPLEX solver finished. Gap: 3.700000
[INFO]:[22:25:01] Starting CPLEX solver on instance: /home/yorig/tuner/mpils-tests/instances/miplib/easy/supportcase18.mps with config: /scratch/yorig/mpils-results-grid-seconds-5-4may/easy/8proc/seed-2/9_supportcase18_seed-2_20260504_222415/iterated_local_search/run_1_worker_4/ils_config_9622418703583593062.prm
[INFO]:[22:25:01] Starting CPLEX solver on instance: /home/yorig/tuner/mpils-tests/instances/miplib/easy/supportcase18.mps with config: /scratch/yorig/mpils-results-grid-seconds-5-4may/easy/8proc/seed-2/9_supportcase18_seed-2_20260504_222415/iterated_local_search/run_1_worker_4/ils_config_9622418703583593062.prm
[INFO]:[22:25:06] CPLEX results. Gap: 5.630000, upper bound: 50.000000, lower bound: 47.186667
[INFO]:[22:25:06] CPLEX solver finished. Gap: 5.630000
[INFO]:[22:25:06] Starting CPLEX solver on instance: /home/yorig/tuner/mpils-tests/instances/miplib/easy/supportcase18.mps with config: /scratch/yorig/mpils-results-grid-seconds-5-4may/easy/8proc/seed-2/9_supportcase18_seed-2_20260504_222415/iterated_local_search/run_1_worker_4/ils_config_16254372753671198248.prm
[INFO]:[22:25:06] Starting CPLEX solver on instance: /home/yorig/tuner/mpils-tests/instances/miplib/easy/supportcase18.mps with config: /scratch/yorig/mpils-results-grid-seconds-5-4may/easy/8proc/seed-2/9_supportcase18_seed-2_20260504_222415/iterated_local_search/run_1_worker_4/ils_config_16254372753671198248.prm
[INFO]:[22:25:11] CPLEX results. Gap: 5.630000, upper bound: 50.000000, lower bound: 47.186667
[INFO]:[22:25:11] CPLEX solver finished. Gap: 5.630000
[INFO]:[22:25:11] Starting CPLEX solver on instance: /home/yorig/tuner/mpils-tests/instances/miplib/easy/supportcase18.mps with config: /scratch/yorig/mpils-results-grid-seconds-5-4may/easy/8proc/seed-2/9_supportcase18_seed-2_20260504_222415/iterated_local_search/run_1_worker_4/ils_config_13749057345124427731.prm
[INFO]:[22:25:11] Starting CPLEX solver on instance: /home/yorig/tuner/mpils-tests/instances/miplib/easy/supportcase18.mps with config: /scratch/yorig/mpils-results-grid-seconds-5-4may/easy/8proc/seed-2/9_supportcase18_seed-2_20260504_222415/iterated_local_search/run_1_worker_4/ils_config_13749057345124427731.prm
[INFO]:[22:25:16] CPLEX results. Gap: 3.700000, upper bound: 49.000000, lower bound: 47.186667
[INFO]:[22:25:16] CPLEX solver finished. Gap: 3.700000
[INFO]:[22:25:16] Starting CPLEX solver on instance: /home/yorig/tuner/mpils-tests/instances/miplib/easy/supportcase18.mps with config: /scratch/yorig/mpils-results-grid-seconds-5-4may/easy/8proc/seed-2/9_supportcase18_seed-2_20260504_222415/iterated_local_search/run_1_worker_4/ils_config_2224569171244363195.prm
[INFO]:[22:25:16] Starting CPLEX solver on instance: /home/yorig/tuner/mpils-tests/instances/miplib/easy/supportcase18.mps with config: /scratch/yorig/mpils-results-grid-seconds-5-4may/easy/8proc/seed-2/9_supportcase18_seed-2_20260504_222415/iterated_local_search/run_1_worker_4/ils_config_2224569171244363195.prm
[INFO]:[22:25:21] CPLEX results. Gap: 5.630000, upper bound: 50.000000, lower bound: 47.186667
[INFO]:[22:25:21] CPLEX solver finished. Gap: 5.630000
[INFO]:[22:25:21] Starting CPLEX solver on instance: /home/yorig/tuner/mpils-tests/instances/miplib/easy/supportcase18.mps with config: /scratch/yorig/mpils-results-grid-seconds-5-4may/easy/8proc/seed-2/9_supportcase18_seed-2_20260504_222415/iterated_local_search/run_1_worker_4/ils_config_1825867322500182595.prm
[INFO]:[22:25:21] Starting CPLEX solver on instance: /home/yorig/tuner/mpils-tests/instances/miplib/easy/supportcase18.mps with config: /scratch/yorig/mpils-results-grid-seconds-5-4may/easy/8proc/seed-2/9_supportcase18_seed-2_20260504_222415/iterated_local_search/run_1_worker_4/ils_config_1825867322500182595.prm
[INFO]:[22:25:26] CPLEX results. Gap: 3.700000, upper bound: 49.000000, lower bound: 47.186667
[INFO]:[22:25:26] CPLEX solver finished. Gap: 3.700000
[INFO]:[22:25:26] Starting CPLEX solver on instance: /home/yorig/tuner/mpils-tests/instances/miplib/easy/supportcase18.mps with config: /scratch/yorig/mpils-results-grid-seconds-5-4may/easy/8proc/seed-2/9_supportcase18_seed-2_20260504_222415/iterated_local_search/run_1_worker_4/ils_config_4965337544823574466.prm
[INFO]:[22:25:26] Starting CPLEX solver on instance: /home/yorig/tuner/mpils-tests/instances/miplib/easy/supportcase18.mps with config: /scratch/yorig/mpils-results-grid-seconds-5-4may/easy/8proc/seed-2/9_supportcase18_seed-2_20260504_222415/iterated_local_search/run_1_worker_4/ils_config_4965337544823574466.prm
[INFO]:[22:25:31] CPLEX results. Gap: 3.700000, upper bound: 49.000000, lower bound: 47.186667
[INFO]:[22:25:31] CPLEX solver finished. Gap: 3.700000
[INFO]:[22:25:31] Starting CPLEX solver on instance: /home/yorig/tuner/mpils-tests/instances/miplib/easy/supportcase18.mps with config: /scratch/yorig/mpils-results-grid-seconds-5-4may/easy/8proc/seed-2/9_supportcase18_seed-2_20260504_222415/iterated_local_search/run_1_worker_4/ils_config_10338896248144222420.prm
[INFO]:[22:25:31] Starting CPLEX solver on instance: /home/yorig/tuner/mpils-tests/instances/miplib/easy/supportcase18.mps with config: /scratch/yorig/mpils-results-grid-seconds-5-4may/easy/8proc/seed-2/9_supportcase18_seed-2_20260504_222415/iterated_local_search/run_1_worker_4/ils_config_10338896248144222420.prm
[INFO]:[22:25:36] CPLEX results. Gap: 3.700000, upper bound: 49.000000, lower bound: 47.186667
[INFO]:[22:25:36] CPLEX solver finished. Gap: 3.700000
[INFO]:[22:25:36] Starting CPLEX solver on instance: /home/yorig/tuner/mpils-tests/instances/miplib/easy/supportcase18.mps with config: /scratch/yorig/mpils-results-grid-seconds-5-4may/easy/8proc/seed-2/9_supportcase18_seed-2_20260504_222415/iterated_local_search/run_1_worker_4/ils_config_14926312789203454537.prm
[INFO]:[22:25:36] Starting CPLEX solver on instance: /home/yorig/tuner/mpils-tests/instances/miplib/easy/supportcase18.mps with config: /scratch/yorig/mpils-results-grid-seconds-5-4may/easy/8proc/seed-2/9_supportcase18_seed-2_20260504_222415/iterated_local_search/run_1_worker_4/ils_config_14926312789203454537.prm
[INFO]:[22:25:41] CPLEX results. Gap: 3.700000, upper bound: 49.000000, lower bound: 47.186667
[INFO]:[22:25:41] CPLEX solver finished. Gap: 3.700000
[INFO]:[22:25:41] Starting CPLEX solver on instance: /home/yorig/tuner/mpils-tests/instances/miplib/easy/supportcase18.mps with config: /scratch/yorig/mpils-results-grid-seconds-5-4may/easy/8proc/seed-2/9_supportcase18_seed-2_20260504_222415/iterated_local_search/run_1_worker_4/ils_config_5848664914500917814.prm
[INFO]:[22:25:41] Starting CPLEX solver on instance: /home/yorig/tuner/mpils-tests/instances/miplib/easy/supportcase18.mps with config: /scratch/yorig/mpils-results-grid-seconds-5-4may/easy/8proc/seed-2/9_supportcase18_seed-2_20260504_222415/iterated_local_search/run_1_worker_4/ils_config_5848664914500917814.prm
[INFO]:[22:25:46] CPLEX results. Gap: 5.630000, upper bound: 50.000000, lower bound: 47.186667
[INFO]:[22:25:46] CPLEX solver finished. Gap: 5.630000
[INFO]:[22:25:46] Starting CPLEX solver on instance: /home/yorig/tuner/mpils-tests/instances/miplib/easy/supportcase18.mps with config: /scratch/yorig/mpils-results-grid-seconds-5-4may/easy/8proc/seed-2/9_supportcase18_seed-2_20260504_222415/iterated_local_search/run_1_worker_4/ils_config_427116646808541821.prm
[INFO]:[22:25:46] Starting CPLEX solver on instance: /home/yorig/tuner/mpils-tests/instances/miplib/easy/supportcase18.mps with config: /scratch/yorig/mpils-results-grid-seconds-5-4may/easy/8proc/seed-2/9_supportcase18_seed-2_20260504_222415/iterated_local_search/run_1_worker_4/ils_config_427116646808541821.prm
[INFO]:[22:25:51] CPLEX results. Gap: 3.700000, upper bound: 49.000000, lower bound: 47.186667
[INFO]:[22:25:51] CPLEX solver finished. Gap: 3.700000
[INFO]:[22:25:51] Starting CPLEX solver on instance: /home/yorig/tuner/mpils-tests/instances/miplib/easy/supportcase18.mps with config: /scratch/yorig/mpils-results-grid-seconds-5-4may/easy/8proc/seed-2/9_supportcase18_seed-2_20260504_222415/iterated_local_search/run_1_worker_4/ils_config_15697694747429429090.prm
[INFO]:[22:25:51] Starting CPLEX solver on instance: /home/yorig/tuner/mpils-tests/instances/miplib/easy/supportcase18.mps with config: /scratch/yorig/mpils-results-grid-seconds-5-4may/easy/8proc/seed-2/9_supportcase18_seed-2_20260504_222415/iterated_local_search/run_1_worker_4/ils_config_15697694747429429090.prm
[INFO]:[22:25:56] CPLEX results. Gap: 3.700000, upper bound: 49.000000, lower bound: 47.186667
[INFO]:[22:25:56] CPLEX solver finished. Gap: 3.700000
[INFO]:[22:25:56] Local search phase completed.
[INFO]:[22:25:56] Total number of new local-search evaluations: 20
[INFO]:[22:25:56] Final incumbent objective value: 3.7
[INFO]:[22:25:56] Worker 4 completed exploration phase.
[INFO]:[22:25:56] Worker 4 received order for step 2.
[INFO]:[22:25:56] Worker 4 running expansion phase for iteration 1.
[INFO]:[22:25:56] Worker 4 will use solver log file: /scratch/yorig/mpils-results-grid-seconds-5-4may/easy/8proc/seed-2/9_supportcase18_seed-2_20260504_222415/solver/cplex.log_iteration_expansion_1_worker_4
[INFO]:[22:25:56] Expansion Worker 4 starting expansion for iteration 1.
[INFO]:[22:25:56] Starting CPLEX solver on instance: /home/yorig/tuner/mpils-tests/instances/miplib/easy/supportcase18.mps with config: /scratch/yorig/mpils-results-grid-seconds-5-4may/easy/8proc/seed-2/9_supportcase18_seed-2_20260504_222415/expansion/config_param_CPXPARAM_MIP_Cuts_Covers_-1_iter_1.prm
[INFO]:[22:26:02] CPLEX results. Gap: 5.630000, upper bound: 50.000000, lower bound: 47.186667
[INFO]:[22:26:02] CPLEX solver finished. Gap: 5.630000
[INFO]:[22:26:02] Starting CPLEX solver on instance: /home/yorig/tuner/mpils-tests/instances/miplib/easy/supportcase18.mps with config: /scratch/yorig/mpils-results-grid-seconds-5-4may/easy/8proc/seed-2/9_supportcase18_seed-2_20260504_222415/expansion/config_param_CPXPARAM_MIP_Strategy_VariableSelect_4_iter_1.prm
[INFO]:[22:26:07] CPLEX results. Gap: 3.700000, upper bound: 49.000000, lower bound: 47.186667
[INFO]:[22:26:07] CPLEX solver finished. Gap: 3.700000
[INFO]:[22:26:07] Starting CPLEX solver on instance: /home/yorig/tuner/mpils-tests/instances/miplib/easy/supportcase18.mps with config: /scratch/yorig/mpils-results-grid-seconds-5-4may/easy/8proc/seed-2/9_supportcase18_seed-2_20260504_222415/expansion/config_param_CPXPARAM_MIP_Limits_ProbeTime_1_iter_1.prm
[INFO]:[22:26:12] CPLEX results. Gap: 3.700000, upper bound: 49.000000, lower bound: 47.186667
[INFO]:[22:26:12] CPLEX solver finished. Gap: 3.700000
[INFO]:[22:26:12] Starting CPLEX solver on instance: /home/yorig/tuner/mpils-tests/instances/miplib/easy/supportcase18.mps with config: /scratch/yorig/mpils-results-grid-seconds-5-4may/easy/8proc/seed-2/9_supportcase18_seed-2_20260504_222415/expansion/config_param_CPXPARAM_MIP_Limits_ProbeTime_60_iter_1.prm
[INFO]:[22:26:17] CPLEX results. Gap: 3.700000, upper bound: 49.000000, lower bound: 47.186667
[INFO]:[22:26:17] CPLEX solver finished. Gap: 3.700000
[INFO]:[22:26:17] Starting CPLEX solver on instance: /home/yorig/tuner/mpils-tests/instances/miplib/easy/supportcase18.mps with config: /scratch/yorig/mpils-results-grid-seconds-5-4may/easy/8proc/seed-2/9_supportcase18_seed-2_20260504_222415/expansion/config_param_CPXPARAM_MIP_Strategy_RINSHeur_200_iter_1.prm
[INFO]:[22:26:22] CPLEX results. Gap: 5.630000, upper bound: 50.000000, lower bound: 47.186667
[INFO]:[22:26:22] CPLEX solver finished. Gap: 5.630000
[INFO]:[22:26:22] Starting CPLEX solver on instance: /home/yorig/tuner/mpils-tests/instances/miplib/easy/supportcase18.mps with config: /scratch/yorig/mpils-results-grid-seconds-5-4may/easy/8proc/seed-2/9_supportcase18_seed-2_20260504_222415/expansion/config_param_CPXPARAM_MIP_Strategy_BBInterval_10_iter_1.prm
[INFO]:[22:26:27] CPLEX results. Gap: 3.700000, upper bound: 49.000000, lower bound: 47.186667
[INFO]:[22:26:27] CPLEX solver finished. Gap: 3.700000
[INFO]:[22:26:27] Starting CPLEX solver on instance: /home/yorig/tuner/mpils-tests/instances/miplib/easy/supportcase18.mps with config: /scratch/yorig/mpils-results-grid-seconds-5-4may/easy/8proc/seed-2/9_supportcase18_seed-2_20260504_222415/expansion/config_param_CPXPARAM_MIP_Limits_CutsFactor_8_iter_1.prm
[INFO]:[22:26:32] CPLEX results. Gap: 3.700000, upper bound: 49.000000, lower bound: 47.186667
[INFO]:[22:26:32] CPLEX solver finished. Gap: 3.700000
[INFO]:[22:26:32] Expansion Worker 4 completed expansion.
[INFO]:[22:26:32] Worker 4 completed expansion phase.
[INFO]:[22:26:32] Worker 4 received order for step 1.
[INFO]:[22:26:32] Worker 4 running exploration phase for iteration 2.
[INFO]:[22:26:32] Worker 4 at iteration 2 will not use a MIP start file. Current best MIP-start upper bound threshold is 1.79769e+308.
[INFO]:[22:26:32] Starting local search phase...
[INFO]:[22:26:32] Creating local search space from parameter space file: /scratch/yorig/mpils-results-grid-seconds-5-4may/easy/8proc/seed-2/9_supportcase18_seed-2_20260504_222415/iterated_local_search/search_space/search_space_file_2_worker_4.txt
[INFO]:[22:26:32] Local search space loaded from file: /scratch/yorig/mpils-results-grid-seconds-5-4may/easy/8proc/seed-2/9_supportcase18_seed-2_20260504_222415/iterated_local_search/search_space/search_space_file_2_worker_4.txt
[INFO]:[22:26:32] Number of parameters in local search space: 71
[INFO]:[22:26:32] Number of forbidden tuples in local search space: 19
[INFO]:[22:26:32] Number of conditionals in local search space: 6
[INFO]:[22:26:32] MIP start option not enabled. Local search will proceed without MIP start.
[INFO]:[22:26:32] Evaluating initial configuration for local search phase...
[INFO]:[22:26:32] Starting CPLEX solver on instance: /home/yorig/tuner/mpils-tests/instances/miplib/easy/supportcase18.mps with config: /scratch/yorig/mpils-results-grid-seconds-5-4may/easy/8proc/seed-2/9_supportcase18_seed-2_20260504_222415/iterated_local_search/run_2_worker_4/ils_config_17143785208816124084.prm
[INFO]:[22:26:32] Starting CPLEX solver on instance: /home/yorig/tuner/mpils-tests/instances/miplib/easy/supportcase18.mps with config: /scratch/yorig/mpils-results-grid-seconds-5-4may/easy/8proc/seed-2/9_supportcase18_seed-2_20260504_222415/iterated_local_search/run_2_worker_4/ils_config_17143785208816124084.prm
[INFO]:[22:26:37] CPLEX results. Gap: 5.630000, upper bound: 50.000000, lower bound: 47.186667
[INFO]:[22:26:37] CPLEX solver finished. Gap: 5.630000
[INFO]:[22:26:37] Initial configuration evaluated with objective value: 5.63
[INFO]:[22:26:37] Starting CPLEX solver on instance: /home/yorig/tuner/mpils-tests/instances/miplib/easy/supportcase18.mps with config: /scratch/yorig/mpils-results-grid-seconds-5-4may/easy/8proc/seed-2/9_supportcase18_seed-2_20260504_222415/iterated_local_search/run_2_worker_4/ils_config_16702717973236154050.prm
[INFO]:[22:26:37] Starting CPLEX solver on instance: /home/yorig/tuner/mpils-tests/instances/miplib/easy/supportcase18.mps with config: /scratch/yorig/mpils-results-grid-seconds-5-4may/easy/8proc/seed-2/9_supportcase18_seed-2_20260504_222415/iterated_local_search/run_2_worker_4/ils_config_16702717973236154050.prm
[INFO]:[22:26:42] CPLEX results. Gap: 5.630000, upper bound: 50.000000, lower bound: 47.186667
[INFO]:[22:26:42] CPLEX solver finished. Gap: 5.630000
[INFO]:[22:26:42] Starting CPLEX solver on instance: /home/yorig/tuner/mpils-tests/instances/miplib/easy/supportcase18.mps with config: /scratch/yorig/mpils-results-grid-seconds-5-4may/easy/8proc/seed-2/9_supportcase18_seed-2_20260504_222415/iterated_local_search/run_2_worker_4/ils_config_359011373830107605.prm
[INFO]:[22:26:42] Starting CPLEX solver on instance: /home/yorig/tuner/mpils-tests/instances/miplib/easy/supportcase18.mps with config: /scratch/yorig/mpils-results-grid-seconds-5-4may/easy/8proc/seed-2/9_supportcase18_seed-2_20260504_222415/iterated_local_search/run_2_worker_4/ils_config_359011373830107605.prm
[INFO]:[22:26:47] CPLEX results. Gap: 5.630000, upper bound: 50.000000, lower bound: 47.186667
[INFO]:[22:26:47] CPLEX solver finished. Gap: 5.630000
[INFO]:[22:26:47] Starting CPLEX solver on instance: /home/yorig/tuner/mpils-tests/instances/miplib/easy/supportcase18.mps with config: /scratch/yorig/mpils-results-grid-seconds-5-4may/easy/8proc/seed-2/9_supportcase18_seed-2_20260504_222415/iterated_local_search/run_2_worker_4/ils_config_2522030308585473699.prm
[INFO]:[22:26:47] Starting CPLEX solver on instance: /home/yorig/tuner/mpils-tests/instances/miplib/easy/supportcase18.mps with config: /scratch/yorig/mpils-results-grid-seconds-5-4may/easy/8proc/seed-2/9_supportcase18_seed-2_20260504_222415/iterated_local_search/run_2_worker_4/ils_config_2522030308585473699.prm
[INFO]:[22:26:52] CPLEX results. Gap: 5.630000, upper bound: 50.000000, lower bound: 47.186667
[INFO]:[22:26:52] CPLEX solver finished. Gap: 5.630000
[INFO]:[22:26:52] Starting CPLEX solver on instance: /home/yorig/tuner/mpils-tests/instances/miplib/easy/supportcase18.mps with config: /scratch/yorig/mpils-results-grid-seconds-5-4may/easy/8proc/seed-2/9_supportcase18_seed-2_20260504_222415/iterated_local_search/run_2_worker_4/ils_config_651946029594583939.prm
[INFO]:[22:26:52] Starting CPLEX solver on instance: /home/yorig/tuner/mpils-tests/instances/miplib/easy/supportcase18.mps with config: /scratch/yorig/mpils-results-grid-seconds-5-4may/easy/8proc/seed-2/9_supportcase18_seed-2_20260504_222415/iterated_local_search/run_2_worker_4/ils_config_651946029594583939.prm
[INFO]:[22:26:57] CPLEX results. Gap: 5.630000, upper bound: 50.000000, lower bound: 47.186667
[INFO]:[22:26:57] CPLEX solver finished. Gap: 5.630000
[INFO]:[22:26:57] Starting CPLEX solver on instance: /home/yorig/tuner/mpils-tests/instances/miplib/easy/supportcase18.mps with config: /scratch/yorig/mpils-results-grid-seconds-5-4may/easy/8proc/seed-2/9_supportcase18_seed-2_20260504_222415/iterated_local_search/run_2_worker_4/ils_config_17217066627291764535.prm
[INFO]:[22:26:57] Starting CPLEX solver on instance: /home/yorig/tuner/mpils-tests/instances/miplib/easy/supportcase18.mps with config: /scratch/yorig/mpils-results-grid-seconds-5-4may/easy/8proc/seed-2/9_supportcase18_seed-2_20260504_222415/iterated_local_search/run_2_worker_4/ils_config_17217066627291764535.prm
[INFO]:[22:27:02] CPLEX results. Gap: 5.630000, upper bound: 50.000000, lower bound: 47.186667
[INFO]:[22:27:02] CPLEX solver finished. Gap: 5.630000
[INFO]:[22:27:02] Local search phase completed.
[INFO]:[22:27:02] Total number of new local-search evaluations: 6
[INFO]:[22:27:02] Final incumbent objective value: 5.63
[INFO]:[22:27:02] Worker 4 completed exploration phase.
[INFO]:[22:27:02] Worker 4 received order for step 2.
[INFO]:[22:27:02] Worker 4 running expansion phase for iteration 2.
[INFO]:[22:27:02] Worker 4 will use solver log file: /scratch/yorig/mpils-results-grid-seconds-5-4may/easy/8proc/seed-2/9_supportcase18_seed-2_20260504_222415/solver/cplex.log_iteration_expansion_2_worker_4
[INFO]:[22:27:02] Expansion Worker 4 starting expansion for iteration 2.
[INFO]:[22:27:02] Starting CPLEX solver on instance: /home/yorig/tuner/mpils-tests/instances/miplib/easy/supportcase18.mps with config: /scratch/yorig/mpils-results-grid-seconds-5-4may/easy/8proc/seed-2/9_supportcase18_seed-2_20260504_222415/expansion/config_param_CPXPARAM_MIP_Strategy_Order_0_iter_2.prm
[INFO]:[22:27:07] CPLEX results. Gap: 3.700000, upper bound: 49.000000, lower bound: 47.186667
[INFO]:[22:27:07] CPLEX solver finished. Gap: 3.700000
[INFO]:[22:27:07] Starting CPLEX solver on instance: /home/yorig/tuner/mpils-tests/instances/miplib/easy/supportcase18.mps with config: /scratch/yorig/mpils-results-grid-seconds-5-4may/easy/8proc/seed-2/9_supportcase18_seed-2_20260504_222415/expansion/config_param_CPXPARAM_Preprocessing_Dual_-1_iter_2.prm
[INFO]:[22:27:12] CPLEX results. Gap: 3.700000, upper bound: 49.000000, lower bound: 47.186667
[INFO]:[22:27:12] CPLEX solver finished. Gap: 3.700000
[INFO]:[22:27:12] Starting CPLEX solver on instance: /home/yorig/tuner/mpils-tests/instances/miplib/easy/supportcase18.mps with config: /scratch/yorig/mpils-results-grid-seconds-5-4may/easy/8proc/seed-2/9_supportcase18_seed-2_20260504_222415/expansion/config_param_CPXPARAM_MIP_Strategy_HeuristicFreq_1000_iter_2.prm
[INFO]:[22:27:17] CPLEX results. Gap: 5.630000, upper bound: 50.000000, lower bound: 47.186667
[INFO]:[22:27:17] CPLEX solver finished. Gap: 5.630000
[INFO]:[22:27:17] Starting CPLEX solver on instance: /home/yorig/tuner/mpils-tests/instances/miplib/easy/supportcase18.mps with config: /scratch/yorig/mpils-results-grid-seconds-5-4may/easy/8proc/seed-2/9_supportcase18_seed-2_20260504_222415/expansion/config_param_CPXPARAM_MIP_Strategy_SubAlgorithm_2_iter_2.prm
[INFO]:[22:27:22] CPLEX results. Gap: 3.700000, upper bound: 49.000000, lower bound: 47.186667
[INFO]:[22:27:22] CPLEX solver finished. Gap: 3.700000
[INFO]:[22:27:22] Starting CPLEX solver on instance: /home/yorig/tuner/mpils-tests/instances/miplib/easy/supportcase18.mps with config: /scratch/yorig/mpils-results-grid-seconds-5-4may/easy/8proc/seed-2/9_supportcase18_seed-2_20260504_222415/expansion/config_param_CPXPARAM_Simplex_DGradient_5_iter_2.prm
[INFO]:[22:27:27] CPLEX results. Gap: 5.630000, upper bound: 50.000000, lower bound: 47.186667
[INFO]:[22:27:27] CPLEX solver finished. Gap: 5.630000
[INFO]:[22:27:27] Expansion Worker 4 completed expansion.
[INFO]:[22:27:27] Worker 4 completed expansion phase.
[INFO]:[22:27:27] Worker 4 received order for step 1.
[INFO]:[22:27:27] Worker 4 running exploration phase for iteration 3.
[INFO]:[22:27:27] Worker 4 at iteration 3 will not use a MIP start file. Current best MIP-start upper bound threshold is 1.79769e+308.
[INFO]:[22:27:27] Starting local search phase...
[INFO]:[22:27:27] Creating local search space from parameter space file: /scratch/yorig/mpils-results-grid-seconds-5-4may/easy/8proc/seed-2/9_supportcase18_seed-2_20260504_222415/iterated_local_search/search_space/search_space_file_3_worker_4.txt
[INFO]:[22:27:27] Local search space loaded from file: /scratch/yorig/mpils-results-grid-seconds-5-4may/easy/8proc/seed-2/9_supportcase18_seed-2_20260504_222415/iterated_local_search/search_space/search_space_file_3_worker_4.txt
[INFO]:[22:27:27] Number of parameters in local search space: 71
[INFO]:[22:27:27] Number of forbidden tuples in local search space: 33
[INFO]:[22:27:27] Number of conditionals in local search space: 6
[INFO]:[22:27:27] MIP start option not enabled. Local search will proceed without MIP start.
[INFO]:[22:27:27] Evaluating initial configuration for local search phase...
[INFO]:[22:27:27] Starting CPLEX solver on instance: /home/yorig/tuner/mpils-tests/instances/miplib/easy/supportcase18.mps with config: /scratch/yorig/mpils-results-grid-seconds-5-4may/easy/8proc/seed-2/9_supportcase18_seed-2_20260504_222415/iterated_local_search/run_3_worker_4/ils_config_479686480218560999.prm
[INFO]:[22:27:27] Starting CPLEX solver on instance: /home/yorig/tuner/mpils-tests/instances/miplib/easy/supportcase18.mps with config: /scratch/yorig/mpils-results-grid-seconds-5-4may/easy/8proc/seed-2/9_supportcase18_seed-2_20260504_222415/iterated_local_search/run_3_worker_4/ils_config_479686480218560999.prm
[INFO]:[22:27:32] CPLEX results. Gap: 5.630000, upper bound: 50.000000, lower bound: 47.186667
[INFO]:[22:27:32] CPLEX solver finished. Gap: 5.630000
[INFO]:[22:27:32] Initial configuration evaluated with objective value: 5.63
[INFO]:[22:27:32] Starting CPLEX solver on instance: /home/yorig/tuner/mpils-tests/instances/miplib/easy/supportcase18.mps with config: /scratch/yorig/mpils-results-grid-seconds-5-4may/easy/8proc/seed-2/9_supportcase18_seed-2_20260504_222415/iterated_local_search/run_3_worker_4/ils_config_17015637247101621703.prm
[INFO]:[22:27:32] Starting CPLEX solver on instance: /home/yorig/tuner/mpils-tests/instances/miplib/easy/supportcase18.mps with config: /scratch/yorig/mpils-results-grid-seconds-5-4may/easy/8proc/seed-2/9_supportcase18_seed-2_20260504_222415/iterated_local_search/run_3_worker_4/ils_config_17015637247101621703.prm
[INFO]:[22:27:37] CPLEX results. Gap: 5.630000, upper bound: 50.000000, lower bound: 47.186667
[INFO]:[22:27:37] CPLEX solver finished. Gap: 5.630000
[INFO]:[22:27:37] Starting CPLEX solver on instance: /home/yorig/tuner/mpils-tests/instances/miplib/easy/supportcase18.mps with config: /scratch/yorig/mpils-results-grid-seconds-5-4may/easy/8proc/seed-2/9_supportcase18_seed-2_20260504_222415/iterated_local_search/run_3_worker_4/ils_config_5513767708545220392.prm
[INFO]:[22:27:37] Starting CPLEX solver on instance: /home/yorig/tuner/mpils-tests/instances/miplib/easy/supportcase18.mps with config: /scratch/yorig/mpils-results-grid-seconds-5-4may/easy/8proc/seed-2/9_supportcase18_seed-2_20260504_222415/iterated_local_search/run_3_worker_4/ils_config_5513767708545220392.prm
[INFO]:[22:27:42] CPLEX results. Gap: 5.630000, upper bound: 50.000000, lower bound: 47.186667
[INFO]:[22:27:42] CPLEX solver finished. Gap: 5.630000
[INFO]:[22:27:42] Starting CPLEX solver on instance: /home/yorig/tuner/mpils-tests/instances/miplib/easy/supportcase18.mps with config: /scratch/yorig/mpils-results-grid-seconds-5-4may/easy/8proc/seed-2/9_supportcase18_seed-2_20260504_222415/iterated_local_search/run_3_worker_4/ils_config_11226193496161492347.prm
[INFO]:[22:27:42] Starting CPLEX solver on instance: /home/yorig/tuner/mpils-tests/instances/miplib/easy/supportcase18.mps with config: /scratch/yorig/mpils-results-grid-seconds-5-4may/easy/8proc/seed-2/9_supportcase18_seed-2_20260504_222415/iterated_local_search/run_3_worker_4/ils_config_11226193496161492347.prm
[INFO]:[22:27:47] CPLEX results. Gap: 5.630000, upper bound: 50.000000, lower bound: 47.186667
[INFO]:[22:27:47] CPLEX solver finished. Gap: 5.630000
[INFO]:[22:27:47] Starting CPLEX solver on instance: /home/yorig/tuner/mpils-tests/instances/miplib/easy/supportcase18.mps with config: /scratch/yorig/mpils-results-grid-seconds-5-4may/easy/8proc/seed-2/9_supportcase18_seed-2_20260504_222415/iterated_local_search/run_3_worker_4/ils_config_5412527415405984618.prm
[INFO]:[22:27:47] Starting CPLEX solver on instance: /home/yorig/tuner/mpils-tests/instances/miplib/easy/supportcase18.mps with config: /scratch/yorig/mpils-results-grid-seconds-5-4may/easy/8proc/seed-2/9_supportcase18_seed-2_20260504_222415/iterated_local_search/run_3_worker_4/ils_config_5412527415405984618.prm
[INFO]:[22:27:52] CPLEX results. Gap: 5.630000, upper bound: 50.000000, lower bound: 47.186667
[INFO]:[22:27:52] CPLEX solver finished. Gap: 5.630000
[INFO]:[22:27:52] Local search phase completed.
[INFO]:[22:27:52] Total number of new local-search evaluations: 5
[INFO]:[22:27:52] Final incumbent objective value: 5.63
[INFO]:[22:27:52] Worker 4 completed exploration phase.
[INFO]:[22:27:52] Worker 4 received order for step 2.
[INFO]:[22:27:52] Worker 4 running expansion phase for iteration 3.
[INFO]:[22:27:52] Worker 4 will use solver log file: /scratch/yorig/mpils-results-grid-seconds-5-4may/easy/8proc/seed-2/9_supportcase18_seed-2_20260504_222415/solver/cplex.log_iteration_expansion_3_worker_4
[INFO]:[22:27:52] Expansion Worker 4 starting expansion for iteration 3.
[INFO]:[22:27:52] Starting CPLEX solver on instance: /home/yorig/tuner/mpils-tests/instances/miplib/easy/supportcase18.mps with config: /scratch/yorig/mpils-results-grid-seconds-5-4may/easy/8proc/seed-2/9_supportcase18_seed-2_20260504_222415/expansion/config_param_CPXPARAM_Simplex_PGradient_4_iter_3.prm
[INFO]:[22:27:58] CPLEX results. Gap: 5.630000, upper bound: 50.000000, lower bound: 47.186667
[INFO]:[22:27:58] CPLEX solver finished. Gap: 5.630000
[INFO]:[22:27:58] Starting CPLEX solver on instance: /home/yorig/tuner/mpils-tests/instances/miplib/easy/supportcase18.mps with config: /scratch/yorig/mpils-results-grid-seconds-5-4may/easy/8proc/seed-2/9_supportcase18_seed-2_20260504_222415/expansion/config_param_CPXPARAM_Preprocessing_Fill_2_iter_3.prm
[INFO]:[22:28:03] CPLEX results. Gap: 3.700000, upper bound: 49.000000, lower bound: 47.186667
[INFO]:[22:28:03] CPLEX solver finished. Gap: 3.700000
[INFO]:[22:28:03] Starting CPLEX solver on instance: /home/yorig/tuner/mpils-tests/instances/miplib/easy/supportcase18.mps with config: /scratch/yorig/mpils-results-grid-seconds-5-4may/easy/8proc/seed-2/9_supportcase18_seed-2_20260504_222415/expansion/config_param_CPXPARAM_Barrier_Ordering_3_iter_3.prm
[INFO]:[22:28:08] CPLEX results. Gap: 3.700000, upper bound: 49.000000, lower bound: 47.186667
[INFO]:[22:28:08] CPLEX solver finished. Gap: 3.700000
[INFO]:[22:28:08] Starting CPLEX solver on instance: /home/yorig/tuner/mpils-tests/instances/miplib/easy/supportcase18.mps with config: /scratch/yorig/mpils-results-grid-seconds-5-4may/easy/8proc/seed-2/9_supportcase18_seed-2_20260504_222415/expansion/config_param_CPXPARAM_Preprocessing_CoeffReduce_2_iter_3.prm
[INFO]:[22:28:13] CPLEX results. Gap: 3.700000, upper bound: 49.000000, lower bound: 47.186667
[INFO]:[22:28:13] CPLEX solver finished. Gap: 3.700000
[INFO]:[22:28:13] Expansion Worker 4 completed expansion.
[INFO]:[22:28:13] Worker 4 completed expansion phase.
[INFO]:[22:28:13] Worker 4 received order for step 1.
[INFO]:[22:28:13] Worker 4 running exploration phase for iteration 4.
[INFO]:[22:28:13] Worker 4 at iteration 4 will not use a MIP start file. Current best MIP-start upper bound threshold is 1.79769e+308.
[INFO]:[22:28:13] Starting local search phase...
[INFO]:[22:28:13] Creating local search space from parameter space file: /scratch/yorig/mpils-results-grid-seconds-5-4may/easy/8proc/seed-2/9_supportcase18_seed-2_20260504_222415/iterated_local_search/search_space/search_space_file_4_worker_4.txt
[INFO]:[22:28:13] Local search space loaded from file: /scratch/yorig/mpils-results-grid-seconds-5-4may/easy/8proc/seed-2/9_supportcase18_seed-2_20260504_222415/iterated_local_search/search_space/search_space_file_4_worker_4.txt
[INFO]:[22:28:13] Number of parameters in local search space: 71
[INFO]:[22:28:13] Number of forbidden tuples in local search space: 60
[INFO]:[22:28:13] Number of conditionals in local search space: 6
[INFO]:[22:28:13] MIP start option not enabled. Local search will proceed without MIP start.
[INFO]:[22:28:13] Evaluating initial configuration for local search phase...
[INFO]:[22:28:13] Starting CPLEX solver on instance: /home/yorig/tuner/mpils-tests/instances/miplib/easy/supportcase18.mps with config: /scratch/yorig/mpils-results-grid-seconds-5-4may/easy/8proc/seed-2/9_supportcase18_seed-2_20260504_222415/iterated_local_search/run_4_worker_4/ils_config_13481134686282730766.prm
[INFO]:[22:28:13] Starting CPLEX solver on instance: /home/yorig/tuner/mpils-tests/instances/miplib/easy/supportcase18.mps with config: /scratch/yorig/mpils-results-grid-seconds-5-4may/easy/8proc/seed-2/9_supportcase18_seed-2_20260504_222415/iterated_local_search/run_4_worker_4/ils_config_13481134686282730766.prm
[INFO]:[22:28:18] CPLEX results. Gap: 7.480000, upper bound: 51.000000, lower bound: 47.186667
[INFO]:[22:28:18] CPLEX solver finished. Gap: 7.480000
[INFO]:[22:28:18] Initial configuration evaluated with objective value: 7.48
[INFO]:[22:28:18] Starting CPLEX solver on instance: /home/yorig/tuner/mpils-tests/instances/miplib/easy/supportcase18.mps with config: /scratch/yorig/mpils-results-grid-seconds-5-4may/easy/8proc/seed-2/9_supportcase18_seed-2_20260504_222415/iterated_local_search/run_4_worker_4/ils_config_10001800773592547379.prm
[INFO]:[22:28:18] Starting CPLEX solver on instance: /home/yorig/tuner/mpils-tests/instances/miplib/easy/supportcase18.mps with config: /scratch/yorig/mpils-results-grid-seconds-5-4may/easy/8proc/seed-2/9_supportcase18_seed-2_20260504_222415/iterated_local_search/run_4_worker_4/ils_config_10001800773592547379.prm
[INFO]:[22:28:23] CPLEX results. Gap: 7.480000, upper bound: 51.000000, lower bound: 47.186667
[INFO]:[22:28:23] CPLEX solver finished. Gap: 7.480000
[INFO]:[22:28:23] Starting CPLEX solver on instance: /home/yorig/tuner/mpils-tests/instances/miplib/easy/supportcase18.mps with config: /scratch/yorig/mpils-results-grid-seconds-5-4may/easy/8proc/seed-2/9_supportcase18_seed-2_20260504_222415/iterated_local_search/run_4_worker_4/ils_config_17736113652183379741.prm
[INFO]:[22:28:23] Starting CPLEX solver on instance: /home/yorig/tuner/mpils-tests/instances/miplib/easy/supportcase18.mps with config: /scratch/yorig/mpils-results-grid-seconds-5-4may/easy/8proc/seed-2/9_supportcase18_seed-2_20260504_222415/iterated_local_search/run_4_worker_4/ils_config_17736113652183379741.prm
[INFO]:[22:28:28] CPLEX results. Gap: 3.700000, upper bound: 49.000000, lower bound: 47.186667
[INFO]:[22:28:28] CPLEX solver finished. Gap: 3.700000
[INFO]:[22:28:28] New incumbent found with objective value: 3.7
[INFO]:[22:28:28] Starting CPLEX solver on instance: /home/yorig/tuner/mpils-tests/instances/miplib/easy/supportcase18.mps with config: /scratch/yorig/mpils-results-grid-seconds-5-4may/easy/8proc/seed-2/9_supportcase18_seed-2_20260504_222415/iterated_local_search/run_4_worker_4/ils_config_14970361402862770833.prm
[INFO]:[22:28:28] Starting CPLEX solver on instance: /home/yorig/tuner/mpils-tests/instances/miplib/easy/supportcase18.mps with config: /scratch/yorig/mpils-results-grid-seconds-5-4may/easy/8proc/seed-2/9_supportcase18_seed-2_20260504_222415/iterated_local_search/run_4_worker_4/ils_config_14970361402862770833.prm
[INFO]:[22:28:33] CPLEX results. Gap: 5.630000, upper bound: 50.000000, lower bound: 47.186667
[INFO]:[22:28:33] CPLEX solver finished. Gap: 5.630000
[INFO]:[22:28:33] Starting CPLEX solver on instance: /home/yorig/tuner/mpils-tests/instances/miplib/easy/supportcase18.mps with config: /scratch/yorig/mpils-results-grid-seconds-5-4may/easy/8proc/seed-2/9_supportcase18_seed-2_20260504_222415/iterated_local_search/run_4_worker_4/ils_config_5407724777308674608.prm
[INFO]:[22:28:33] Starting CPLEX solver on instance: /home/yorig/tuner/mpils-tests/instances/miplib/easy/supportcase18.mps with config: /scratch/yorig/mpils-results-grid-seconds-5-4may/easy/8proc/seed-2/9_supportcase18_seed-2_20260504_222415/iterated_local_search/run_4_worker_4/ils_config_5407724777308674608.prm
[INFO]:[22:28:38] CPLEX results. Gap: 3.700000, upper bound: 49.000000, lower bound: 47.186667
[INFO]:[22:28:38] CPLEX solver finished. Gap: 3.700000
[INFO]:[22:28:38] Starting CPLEX solver on instance: /home/yorig/tuner/mpils-tests/instances/miplib/easy/supportcase18.mps with config: /scratch/yorig/mpils-results-grid-seconds-5-4may/easy/8proc/seed-2/9_supportcase18_seed-2_20260504_222415/iterated_local_search/run_4_worker_4/ils_config_10026283503523440623.prm
[INFO]:[22:28:38] Starting CPLEX solver on instance: /home/yorig/tuner/mpils-tests/instances/miplib/easy/supportcase18.mps with config: /scratch/yorig/mpils-results-grid-seconds-5-4may/easy/8proc/seed-2/9_supportcase18_seed-2_20260504_222415/iterated_local_search/run_4_worker_4/ils_config_10026283503523440623.prm
[INFO]:[22:28:43] CPLEX results. Gap: 3.700000, upper bound: 49.000000, lower bound: 47.186667
[INFO]:[22:28:43] CPLEX solver finished. Gap: 3.700000
[INFO]:[22:28:43] Starting CPLEX solver on instance: /home/yorig/tuner/mpils-tests/instances/miplib/easy/supportcase18.mps with config: /scratch/yorig/mpils-results-grid-seconds-5-4may/easy/8proc/seed-2/9_supportcase18_seed-2_20260504_222415/iterated_local_search/run_4_worker_4/ils_config_4934901977708818638.prm
[INFO]:[22:28:43] Starting CPLEX solver on instance: /home/yorig/tuner/mpils-tests/instances/miplib/easy/supportcase18.mps with config: /scratch/yorig/mpils-results-grid-seconds-5-4may/easy/8proc/seed-2/9_supportcase18_seed-2_20260504_222415/iterated_local_search/run_4_worker_4/ils_config_4934901977708818638.prm
[INFO]:[22:28:48] CPLEX results. Gap: 3.700000, upper bound: 49.000000, lower bound: 47.186667
[INFO]:[22:28:48] CPLEX solver finished. Gap: 3.700000
[INFO]:[22:28:48] Local search phase completed.
[INFO]:[22:28:48] Total number of new local-search evaluations: 7
[INFO]:[22:28:48] Final incumbent objective value: 3.7
[INFO]:[22:28:48] Worker 4 completed exploration phase.
[INFO]:[22:28:48] Worker 4 received order for step 2.
[INFO]:[22:28:48] Worker 4 running expansion phase for iteration 4.
[INFO]:[22:28:48] Worker 4 will use solver log file: /scratch/yorig/mpils-results-grid-seconds-5-4may/easy/8proc/seed-2/9_supportcase18_seed-2_20260504_222415/solver/cplex.log_iteration_expansion_4_worker_4
[INFO]:[22:28:48] Expansion Worker 4 starting expansion for iteration 4.
[INFO]:[22:28:48] Starting CPLEX solver on instance: /home/yorig/tuner/mpils-tests/instances/miplib/easy/supportcase18.mps with config: /scratch/yorig/mpils-results-grid-seconds-5-4may/easy/8proc/seed-2/9_supportcase18_seed-2_20260504_222415/expansion/config_param_CPXPARAM_Feasopt_Mode_1_iter_4.prm
[INFO]:[22:28:53] CPLEX results. Gap: 3.700000, upper bound: 49.000000, lower bound: 47.186667
[INFO]:[22:28:53] CPLEX solver finished. Gap: 3.700000
[INFO]:[22:28:53] Starting CPLEX solver on instance: /home/yorig/tuner/mpils-tests/instances/miplib/easy/supportcase18.mps with config: /scratch/yorig/mpils-results-grid-seconds-5-4may/easy/8proc/seed-2/9_supportcase18_seed-2_20260504_222415/expansion/config_param_CPXPARAM_MIP_OrderType_3_iter_4.prm
[INFO]:[22:28:58] CPLEX results. Gap: 3.700000, upper bound: 49.000000, lower bound: 47.186667
[INFO]:[22:28:58] CPLEX solver finished. Gap: 3.700000
[INFO]:[22:28:58] Starting CPLEX solver on instance: /home/yorig/tuner/mpils-tests/instances/miplib/easy/supportcase18.mps with config: /scratch/yorig/mpils-results-grid-seconds-5-4may/easy/8proc/seed-2/9_supportcase18_seed-2_20260504_222415/expansion/config_param_CPXPARAM_MIP_Strategy_File_3_iter_4.prm
[INFO]:[22:29:03] CPLEX results. Gap: 3.700000, upper bound: 49.000000, lower bound: 47.186667
[INFO]:[22:29:03] CPLEX solver finished. Gap: 3.700000
[INFO]:[22:29:08] Expansion Worker 4 completed expansion.
[INFO]:[22:29:08] Worker 4 completed expansion phase.
[INFO]:[22:29:08] Worker 4 received order for step 1.
[INFO]:[22:29:08] Worker 4 running exploration phase for iteration 5.
[INFO]:[22:29:08] Worker 4 at iteration 5 will not use a MIP start file. Current best MIP-start upper bound threshold is 1.79769e+308.
[INFO]:[22:29:08] Starting local search phase...
[INFO]:[22:29:08] Creating local search space from parameter space file: /scratch/yorig/mpils-results-grid-seconds-5-4may/easy/8proc/seed-2/9_supportcase18_seed-2_20260504_222415/iterated_local_search/search_space/search_space_file_5_worker_4.txt
[INFO]:[22:29:08] Local search space loaded from file: /scratch/yorig/mpils-results-grid-seconds-5-4may/easy/8proc/seed-2/9_supportcase18_seed-2_20260504_222415/iterated_local_search/search_space/search_space_file_5_worker_4.txt
[INFO]:[22:29:08] Number of parameters in local search space: 71
[INFO]:[22:29:08] Number of forbidden tuples in local search space: 79
[INFO]:[22:29:08] Number of conditionals in local search space: 6
[INFO]:[22:29:08] MIP start option not enabled. Local search will proceed without MIP start.
[INFO]:[22:29:08] Evaluating initial configuration for local search phase...
[INFO]:[22:29:08] Starting CPLEX solver on instance: /home/yorig/tuner/mpils-tests/instances/miplib/easy/supportcase18.mps with config: /scratch/yorig/mpils-results-grid-seconds-5-4may/easy/8proc/seed-2/9_supportcase18_seed-2_20260504_222415/iterated_local_search/run_5_worker_4/ils_config_4054365292110157507.prm
[INFO]:[22:29:08] Starting CPLEX solver on instance: /home/yorig/tuner/mpils-tests/instances/miplib/easy/supportcase18.mps with config: /scratch/yorig/mpils-results-grid-seconds-5-4may/easy/8proc/seed-2/9_supportcase18_seed-2_20260504_222415/iterated_local_search/run_5_worker_4/ils_config_4054365292110157507.prm
[INFO]:[22:29:13] CPLEX results. Gap: 5.630000, upper bound: 50.000000, lower bound: 47.186667
[INFO]:[22:29:13] CPLEX solver finished. Gap: 5.630000
[INFO]:[22:29:13] Initial configuration evaluated with objective value: 5.63
[INFO]:[22:29:13] Starting CPLEX solver on instance: /home/yorig/tuner/mpils-tests/instances/miplib/easy/supportcase18.mps with config: /scratch/yorig/mpils-results-grid-seconds-5-4may/easy/8proc/seed-2/9_supportcase18_seed-2_20260504_222415/iterated_local_search/run_5_worker_4/ils_config_7310464899209567385.prm
[INFO]:[22:29:13] Starting CPLEX solver on instance: /home/yorig/tuner/mpils-tests/instances/miplib/easy/supportcase18.mps with config: /scratch/yorig/mpils-results-grid-seconds-5-4may/easy/8proc/seed-2/9_supportcase18_seed-2_20260504_222415/iterated_local_search/run_5_worker_4/ils_config_7310464899209567385.prm
[INFO]:[22:29:18] CPLEX results. Gap: 5.630000, upper bound: 50.000000, lower bound: 47.186667
[INFO]:[22:29:18] CPLEX solver finished. Gap: 5.630000
[INFO]:[22:29:18] Starting CPLEX solver on instance: /home/yorig/tuner/mpils-tests/instances/miplib/easy/supportcase18.mps with config: /scratch/yorig/mpils-results-grid-seconds-5-4may/easy/8proc/seed-2/9_supportcase18_seed-2_20260504_222415/iterated_local_search/run_5_worker_4/ils_config_8442225003998446601.prm
[INFO]:[22:29:18] Starting CPLEX solver on instance: /home/yorig/tuner/mpils-tests/instances/miplib/easy/supportcase18.mps with config: /scratch/yorig/mpils-results-grid-seconds-5-4may/easy/8proc/seed-2/9_supportcase18_seed-2_20260504_222415/iterated_local_search/run_5_worker_4/ils_config_8442225003998446601.prm
[INFO]:[22:29:23] CPLEX results. Gap: 5.630000, upper bound: 50.000000, lower bound: 47.186667
[INFO]:[22:29:23] CPLEX solver finished. Gap: 5.630000
[INFO]:[22:29:23] Starting CPLEX solver on instance: /home/yorig/tuner/mpils-tests/instances/miplib/easy/supportcase18.mps with config: /scratch/yorig/mpils-results-grid-seconds-5-4may/easy/8proc/seed-2/9_supportcase18_seed-2_20260504_222415/iterated_local_search/run_5_worker_4/ils_config_1978471329985971102.prm
[INFO]:[22:29:23] Starting CPLEX solver on instance: /home/yorig/tuner/mpils-tests/instances/miplib/easy/supportcase18.mps with config: /scratch/yorig/mpils-results-grid-seconds-5-4may/easy/8proc/seed-2/9_supportcase18_seed-2_20260504_222415/iterated_local_search/run_5_worker_4/ils_config_1978471329985971102.prm
[INFO]:[22:29:28] CPLEX results. Gap: 5.630000, upper bound: 50.000000, lower bound: 47.186667
[INFO]:[22:29:28] CPLEX solver finished. Gap: 5.630000
[INFO]:[22:29:28] Starting CPLEX solver on instance: /home/yorig/tuner/mpils-tests/instances/miplib/easy/supportcase18.mps with config: /scratch/yorig/mpils-results-grid-seconds-5-4may/easy/8proc/seed-2/9_supportcase18_seed-2_20260504_222415/iterated_local_search/run_5_worker_4/ils_config_776282482745980592.prm
[INFO]:[22:29:28] Starting CPLEX solver on instance: /home/yorig/tuner/mpils-tests/instances/miplib/easy/supportcase18.mps with config: /scratch/yorig/mpils-results-grid-seconds-5-4may/easy/8proc/seed-2/9_supportcase18_seed-2_20260504_222415/iterated_local_search/run_5_worker_4/ils_config_776282482745980592.prm
[INFO]:[22:29:33] CPLEX results. Gap: 5.630000, upper bound: 50.000000, lower bound: 47.186667
[INFO]:[22:29:33] CPLEX solver finished. Gap: 5.630000
[INFO]:[22:29:33] Starting CPLEX solver on instance: /home/yorig/tuner/mpils-tests/instances/miplib/easy/supportcase18.mps with config: /scratch/yorig/mpils-results-grid-seconds-5-4may/easy/8proc/seed-2/9_supportcase18_seed-2_20260504_222415/iterated_local_search/run_5_worker_4/ils_config_9317663464689675118.prm
[INFO]:[22:29:33] Starting CPLEX solver on instance: /home/yorig/tuner/mpils-tests/instances/miplib/easy/supportcase18.mps with config: /scratch/yorig/mpils-results-grid-seconds-5-4may/easy/8proc/seed-2/9_supportcase18_seed-2_20260504_222415/iterated_local_search/run_5_worker_4/ils_config_9317663464689675118.prm
[INFO]:[22:29:38] CPLEX results. Gap: 5.630000, upper bound: 50.000000, lower bound: 47.186667
[INFO]:[22:29:38] CPLEX solver finished. Gap: 5.630000
[INFO]:[22:29:39] Starting CPLEX solver on instance: /home/yorig/tuner/mpils-tests/instances/miplib/easy/supportcase18.mps with config: /scratch/yorig/mpils-results-grid-seconds-5-4may/easy/8proc/seed-2/9_supportcase18_seed-2_20260504_222415/iterated_local_search/run_5_worker_4/ils_config_18232239013333333878.prm
[INFO]:[22:29:39] Starting CPLEX solver on instance: /home/yorig/tuner/mpils-tests/instances/miplib/easy/supportcase18.mps with config: /scratch/yorig/mpils-results-grid-seconds-5-4may/easy/8proc/seed-2/9_supportcase18_seed-2_20260504_222415/iterated_local_search/run_5_worker_4/ils_config_18232239013333333878.prm
[INFO]:[22:29:44] CPLEX results. Gap: 5.630000, upper bound: 50.000000, lower bound: 47.186667
[INFO]:[22:29:44] CPLEX solver finished. Gap: 5.630000
[INFO]:[22:29:44] Starting CPLEX solver on instance: /home/yorig/tuner/mpils-tests/instances/miplib/easy/supportcase18.mps with config: /scratch/yorig/mpils-results-grid-seconds-5-4may/easy/8proc/seed-2/9_supportcase18_seed-2_20260504_222415/iterated_local_search/run_5_worker_4/ils_config_10536850612855961427.prm
[INFO]:[22:29:44] Starting CPLEX solver on instance: /home/yorig/tuner/mpils-tests/instances/miplib/easy/supportcase18.mps with config: /scratch/yorig/mpils-results-grid-seconds-5-4may/easy/8proc/seed-2/9_supportcase18_seed-2_20260504_222415/iterated_local_search/run_5_worker_4/ils_config_10536850612855961427.prm
[INFO]:[22:29:49] CPLEX results. Gap: 5.630000, upper bound: 50.000000, lower bound: 47.186667
[INFO]:[22:29:49] CPLEX solver finished. Gap: 5.630000
[INFO]:[22:29:49] Starting CPLEX solver on instance: /home/yorig/tuner/mpils-tests/instances/miplib/easy/supportcase18.mps with config: /scratch/yorig/mpils-results-grid-seconds-5-4may/easy/8proc/seed-2/9_supportcase18_seed-2_20260504_222415/iterated_local_search/run_5_worker_4/ils_config_9193529184364801481.prm
[INFO]:[22:29:49] Starting CPLEX solver on instance: /home/yorig/tuner/mpils-tests/instances/miplib/easy/supportcase18.mps with config: /scratch/yorig/mpils-results-grid-seconds-5-4may/easy/8proc/seed-2/9_supportcase18_seed-2_20260504_222415/iterated_local_search/run_5_worker_4/ils_config_9193529184364801481.prm
[INFO]:[22:29:54] CPLEX results. Gap: 5.630000, upper bound: 50.000000, lower bound: 47.186667
[INFO]:[22:29:54] CPLEX solver finished. Gap: 5.630000
[INFO]:[22:29:54] Starting CPLEX solver on instance: /home/yorig/tuner/mpils-tests/instances/miplib/easy/supportcase18.mps with config: /scratch/yorig/mpils-results-grid-seconds-5-4may/easy/8proc/seed-2/9_supportcase18_seed-2_20260504_222415/iterated_local_search/run_5_worker_4/ils_config_9711056245779331032.prm
[INFO]:[22:29:54] Starting CPLEX solver on instance: /home/yorig/tuner/mpils-tests/instances/miplib/easy/supportcase18.mps with config: /scratch/yorig/mpils-results-grid-seconds-5-4may/easy/8proc/seed-2/9_supportcase18_seed-2_20260504_222415/iterated_local_search/run_5_worker_4/ils_config_9711056245779331032.prm
[INFO]:[22:29:59] CPLEX results. Gap: 5.630000, upper bound: 50.000000, lower bound: 47.186667
[INFO]:[22:29:59] CPLEX solver finished. Gap: 5.630000
[INFO]:[22:29:59] Starting CPLEX solver on instance: /home/yorig/tuner/mpils-tests/instances/miplib/easy/supportcase18.mps with config: /scratch/yorig/mpils-results-grid-seconds-5-4may/easy/8proc/seed-2/9_supportcase18_seed-2_20260504_222415/iterated_local_search/run_5_worker_4/ils_config_2199679859222925985.prm
[INFO]:[22:29:59] Starting CPLEX solver on instance: /home/yorig/tuner/mpils-tests/instances/miplib/easy/supportcase18.mps with config: /scratch/yorig/mpils-results-grid-seconds-5-4may/easy/8proc/seed-2/9_supportcase18_seed-2_20260504_222415/iterated_local_search/run_5_worker_4/ils_config_2199679859222925985.prm
[INFO]:[22:30:04] CPLEX results. Gap: 5.630000, upper bound: 50.000000, lower bound: 47.186667
[INFO]:[22:30:04] CPLEX solver finished. Gap: 5.630000
[INFO]:[22:30:04] Starting CPLEX solver on instance: /home/yorig/tuner/mpils-tests/instances/miplib/easy/supportcase18.mps with config: /scratch/yorig/mpils-results-grid-seconds-5-4may/easy/8proc/seed-2/9_supportcase18_seed-2_20260504_222415/iterated_local_search/run_5_worker_4/ils_config_5510615525376496403.prm
[INFO]:[22:30:04] Starting CPLEX solver on instance: /home/yorig/tuner/mpils-tests/instances/miplib/easy/supportcase18.mps with config: /scratch/yorig/mpils-results-grid-seconds-5-4may/easy/8proc/seed-2/9_supportcase18_seed-2_20260504_222415/iterated_local_search/run_5_worker_4/ils_config_5510615525376496403.prm
[INFO]:[22:30:09] CPLEX results. Gap: 5.630000, upper bound: 50.000000, lower bound: 47.186667
[INFO]:[22:30:09] CPLEX solver finished. Gap: 5.630000
[INFO]:[22:30:09] Starting CPLEX solver on instance: /home/yorig/tuner/mpils-tests/instances/miplib/easy/supportcase18.mps with config: /scratch/yorig/mpils-results-grid-seconds-5-4may/easy/8proc/seed-2/9_supportcase18_seed-2_20260504_222415/iterated_local_search/run_5_worker_4/ils_config_1156446394681316403.prm
[INFO]:[22:30:09] Starting CPLEX solver on instance: /home/yorig/tuner/mpils-tests/instances/miplib/easy/supportcase18.mps with config: /scratch/yorig/mpils-results-grid-seconds-5-4may/easy/8proc/seed-2/9_supportcase18_seed-2_20260504_222415/iterated_local_search/run_5_worker_4/ils_config_1156446394681316403.prm
[INFO]:[22:30:14] CPLEX results. Gap: 5.630000, upper bound: 50.000000, lower bound: 47.186667
[INFO]:[22:30:14] CPLEX solver finished. Gap: 5.630000
[INFO]:[22:30:14] Starting CPLEX solver on instance: /home/yorig/tuner/mpils-tests/instances/miplib/easy/supportcase18.mps with config: /scratch/yorig/mpils-results-grid-seconds-5-4may/easy/8proc/seed-2/9_supportcase18_seed-2_20260504_222415/iterated_local_search/run_5_worker_4/ils_config_912499819609666420.prm
[INFO]:[22:30:14] Starting CPLEX solver on instance: /home/yorig/tuner/mpils-tests/instances/miplib/easy/supportcase18.mps with config: /scratch/yorig/mpils-results-grid-seconds-5-4may/easy/8proc/seed-2/9_supportcase18_seed-2_20260504_222415/iterated_local_search/run_5_worker_4/ils_config_912499819609666420.prm
[INFO]:[22:30:19] CPLEX results. Gap: 5.630000, upper bound: 50.000000, lower bound: 47.186667
[INFO]:[22:30:19] CPLEX solver finished. Gap: 5.630000
[INFO]:[22:30:19] Starting CPLEX solver on instance: /home/yorig/tuner/mpils-tests/instances/miplib/easy/supportcase18.mps with config: /scratch/yorig/mpils-results-grid-seconds-5-4may/easy/8proc/seed-2/9_supportcase18_seed-2_20260504_222415/iterated_local_search/run_5_worker_4/ils_config_14773088316457513010.prm
[INFO]:[22:30:19] Starting CPLEX solver on instance: /home/yorig/tuner/mpils-tests/instances/miplib/easy/supportcase18.mps with config: /scratch/yorig/mpils-results-grid-seconds-5-4may/easy/8proc/seed-2/9_supportcase18_seed-2_20260504_222415/iterated_local_search/run_5_worker_4/ils_config_14773088316457513010.prm
[INFO]:[22:30:24] CPLEX results. Gap: 5.630000, upper bound: 50.000000, lower bound: 47.186667
[INFO]:[22:30:24] CPLEX solver finished. Gap: 5.630000
[INFO]:[22:30:24] Starting CPLEX solver on instance: /home/yorig/tuner/mpils-tests/instances/miplib/easy/supportcase18.mps with config: /scratch/yorig/mpils-results-grid-seconds-5-4may/easy/8proc/seed-2/9_supportcase18_seed-2_20260504_222415/iterated_local_search/run_5_worker_4/ils_config_18383689024134601315.prm
[INFO]:[22:30:24] Starting CPLEX solver on instance: /home/yorig/tuner/mpils-tests/instances/miplib/easy/supportcase18.mps with config: /scratch/yorig/mpils-results-grid-seconds-5-4may/easy/8proc/seed-2/9_supportcase18_seed-2_20260504_222415/iterated_local_search/run_5_worker_4/ils_config_18383689024134601315.prm
[INFO]:[22:30:29] CPLEX results. Gap: 5.630000, upper bound: 50.000000, lower bound: 47.186667
[INFO]:[22:30:29] CPLEX solver finished. Gap: 5.630000
[INFO]:[22:30:29] Starting CPLEX solver on instance: /home/yorig/tuner/mpils-tests/instances/miplib/easy/supportcase18.mps with config: /scratch/yorig/mpils-results-grid-seconds-5-4may/easy/8proc/seed-2/9_supportcase18_seed-2_20260504_222415/iterated_local_search/run_5_worker_4/ils_config_6874075433697614550.prm
[INFO]:[22:30:29] Starting CPLEX solver on instance: /home/yorig/tuner/mpils-tests/instances/miplib/easy/supportcase18.mps with config: /scratch/yorig/mpils-results-grid-seconds-5-4may/easy/8proc/seed-2/9_supportcase18_seed-2_20260504_222415/iterated_local_search/run_5_worker_4/ils_config_6874075433697614550.prm
[INFO]:[22:30:34] CPLEX results. Gap: 5.630000, upper bound: 50.000000, lower bound: 47.186667
[INFO]:[22:30:34] CPLEX solver finished. Gap: 5.630000
[INFO]:[22:30:34] Starting CPLEX solver on instance: /home/yorig/tuner/mpils-tests/instances/miplib/easy/supportcase18.mps with config: /scratch/yorig/mpils-results-grid-seconds-5-4may/easy/8proc/seed-2/9_supportcase18_seed-2_20260504_222415/iterated_local_search/run_5_worker_4/ils_config_17120247630845264477.prm
[INFO]:[22:30:34] Starting CPLEX solver on instance: /home/yorig/tuner/mpils-tests/instances/miplib/easy/supportcase18.mps with config: /scratch/yorig/mpils-results-grid-seconds-5-4may/easy/8proc/seed-2/9_supportcase18_seed-2_20260504_222415/iterated_local_search/run_5_worker_4/ils_config_17120247630845264477.prm
[INFO]:[22:30:39] CPLEX results. Gap: 5.630000, upper bound: 50.000000, lower bound: 47.186667
[INFO]:[22:30:39] CPLEX solver finished. Gap: 5.630000
[INFO]:[22:30:39] Local search phase completed.
[INFO]:[22:30:39] Total number of new local-search evaluations: 18
[INFO]:[22:30:39] Final incumbent objective value: 5.63
[INFO]:[22:30:39] Worker 4 completed exploration phase.
[INFO]:[22:30:39] Worker 4 received order for step 2.
[INFO]:[22:30:39] Worker 4 running expansion phase for iteration 5.
[INFO]:[22:30:39] Worker 4 will use solver log file: /scratch/yorig/mpils-results-grid-seconds-5-4may/easy/8proc/seed-2/9_supportcase18_seed-2_20260504_222415/solver/cplex.log_iteration_expansion_5_worker_4
[INFO]:[22:30:39] Expansion Worker 4 starting expansion for iteration 5.
[INFO]:[22:30:39] Starting CPLEX solver on instance: /home/yorig/tuner/mpils-tests/instances/miplib/easy/supportcase18.mps with config: /scratch/yorig/mpils-results-grid-seconds-5-4may/easy/8proc/seed-2/9_supportcase18_seed-2_20260504_222415/expansion/config_param_CPXPARAM_LPMethod_1_iter_5.prm
[INFO]:[22:30:44] CPLEX results. Gap: 3.700000, upper bound: 49.000000, lower bound: 47.186667
[INFO]:[22:30:44] CPLEX solver finished. Gap: 3.700000
[INFO]:[22:30:44] Starting CPLEX solver on instance: /home/yorig/tuner/mpils-tests/instances/miplib/easy/supportcase18.mps with config: /scratch/yorig/mpils-results-grid-seconds-5-4may/easy/8proc/seed-2/9_supportcase18_seed-2_20260504_222415/expansion/config_param_CPXPARAM_Sifting_Algorithm_1_iter_5.prm
[INFO]:[22:30:49] CPLEX results. Gap: 3.700000, upper bound: 49.000000, lower bound: 47.186667
[INFO]:[22:30:49] CPLEX solver finished. Gap: 3.700000
[INFO]:[22:30:49] Starting CPLEX solver on instance: /home/yorig/tuner/mpils-tests/instances/miplib/easy/supportcase18.mps with config: /scratch/yorig/mpils-results-grid-seconds-5-4may/easy/8proc/seed-2/9_supportcase18_seed-2_20260504_222415/expansion/config_param_CPXPARAM_Simplex_Limits_Singularity_40_iter_5.prm
[INFO]:[22:30:54] CPLEX results. Gap: 3.700000, upper bound: 49.000000, lower bound: 47.186667
[INFO]:[22:30:54] CPLEX solver finished. Gap: 3.700000
[INFO]:[22:30:54] Starting CPLEX solver on instance: /home/yorig/tuner/mpils-tests/instances/miplib/easy/supportcase18.mps with config: /scratch/yorig/mpils-results-grid-seconds-5-4may/easy/8proc/seed-2/9_supportcase18_seed-2_20260504_222415/expansion/config_param_CPXPARAM_Preprocessing_QPMakePSD_0_iter_5.prm
[INFO]:[22:30:59] CPLEX results. Gap: 3.700000, upper bound: 49.000000, lower bound: 47.186667
[INFO]:[22:30:59] CPLEX solver finished. Gap: 3.700000
[INFO]:[22:30:59] Expansion Worker 4 completed expansion.
[INFO]:[22:30:59] Worker 4 completed expansion phase.
[INFO]:[22:30:59] Worker 4 received order for step 1.
[INFO]:[22:30:59] Worker 4 running exploration phase for iteration 6.
[INFO]:[22:30:59] Worker 4 at iteration 6 will not use a MIP start file. Current best MIP-start upper bound threshold is 1.79769e+308.
[INFO]:[22:30:59] Starting local search phase...
[INFO]:[22:30:59] Creating local search space from parameter space file: /scratch/yorig/mpils-results-grid-seconds-5-4may/easy/8proc/seed-2/9_supportcase18_seed-2_20260504_222415/iterated_local_search/search_space/search_space_file_6_worker_4.txt
[INFO]:[22:30:59] Local search space loaded from file: /scratch/yorig/mpils-results-grid-seconds-5-4may/easy/8proc/seed-2/9_supportcase18_seed-2_20260504_222415/iterated_local_search/search_space/search_space_file_6_worker_4.txt
[INFO]:[22:30:59] Number of parameters in local search space: 71
[INFO]:[22:30:59] Number of forbidden tuples in local search space: 97
[INFO]:[22:30:59] Number of conditionals in local search space: 6
[INFO]:[22:30:59] MIP start option not enabled. Local search will proceed without MIP start.
[INFO]:[22:30:59] Evaluating initial configuration for local search phase...
[INFO]:[22:30:59] Starting CPLEX solver on instance: /home/yorig/tuner/mpils-tests/instances/miplib/easy/supportcase18.mps with config: /scratch/yorig/mpils-results-grid-seconds-5-4may/easy/8proc/seed-2/9_supportcase18_seed-2_20260504_222415/iterated_local_search/run_6_worker_4/ils_config_784365728854606404.prm
[INFO]:[22:30:59] Starting CPLEX solver on instance: /home/yorig/tuner/mpils-tests/instances/miplib/easy/supportcase18.mps with config: /scratch/yorig/mpils-results-grid-seconds-5-4may/easy/8proc/seed-2/9_supportcase18_seed-2_20260504_222415/iterated_local_search/run_6_worker_4/ils_config_784365728854606404.prm
[INFO]:[22:31:04] CPLEX results. Gap: 5.630000, upper bound: 50.000000, lower bound: 47.186667
[INFO]:[22:31:04] CPLEX solver finished. Gap: 5.630000
[INFO]:[22:31:04] Initial configuration evaluated with objective value: 5.63
[INFO]:[22:31:04] Starting CPLEX solver on instance: /home/yorig/tuner/mpils-tests/instances/miplib/easy/supportcase18.mps with config: /scratch/yorig/mpils-results-grid-seconds-5-4may/easy/8proc/seed-2/9_supportcase18_seed-2_20260504_222415/iterated_local_search/run_6_worker_4/ils_config_15688923710832366329.prm
[INFO]:[22:31:04] Starting CPLEX solver on instance: /home/yorig/tuner/mpils-tests/instances/miplib/easy/supportcase18.mps with config: /scratch/yorig/mpils-results-grid-seconds-5-4may/easy/8proc/seed-2/9_supportcase18_seed-2_20260504_222415/iterated_local_search/run_6_worker_4/ils_config_15688923710832366329.prm
[INFO]:[22:31:09] CPLEX results. Gap: 5.630000, upper bound: 50.000000, lower bound: 47.186667
[INFO]:[22:31:09] CPLEX solver finished. Gap: 5.630000
[INFO]:[22:31:09] Starting CPLEX solver on instance: /home/yorig/tuner/mpils-tests/instances/miplib/easy/supportcase18.mps with config: /scratch/yorig/mpils-results-grid-seconds-5-4may/easy/8proc/seed-2/9_supportcase18_seed-2_20260504_222415/iterated_local_search/run_6_worker_4/ils_config_9098213693217552976.prm
[INFO]:[22:31:09] Starting CPLEX solver on instance: /home/yorig/tuner/mpils-tests/instances/miplib/easy/supportcase18.mps with config: /scratch/yorig/mpils-results-grid-seconds-5-4may/easy/8proc/seed-2/9_supportcase18_seed-2_20260504_222415/iterated_local_search/run_6_worker_4/ils_config_9098213693217552976.prm
[INFO]:[22:31:14] CPLEX results. Gap: 5.630000, upper bound: 50.000000, lower bound: 47.186667
[INFO]:[22:31:14] CPLEX solver finished. Gap: 5.630000
[INFO]:[22:31:14] Starting CPLEX solver on instance: /home/yorig/tuner/mpils-tests/instances/miplib/easy/supportcase18.mps with config: /scratch/yorig/mpils-results-grid-seconds-5-4may/easy/8proc/seed-2/9_supportcase18_seed-2_20260504_222415/iterated_local_search/run_6_worker_4/ils_config_4699525189144417078.prm
[INFO]:[22:31:14] Starting CPLEX solver on instance: /home/yorig/tuner/mpils-tests/instances/miplib/easy/supportcase18.mps with config: /scratch/yorig/mpils-results-grid-seconds-5-4may/easy/8proc/seed-2/9_supportcase18_seed-2_20260504_222415/iterated_local_search/run_6_worker_4/ils_config_4699525189144417078.prm
[INFO]:[22:31:19] CPLEX results. Gap: 3.700000, upper bound: 49.000000, lower bound: 47.186667
[INFO]:[22:31:19] CPLEX solver finished. Gap: 3.700000
[INFO]:[22:31:19] New incumbent found with objective value: 3.7
[INFO]:[22:31:20] Starting CPLEX solver on instance: /home/yorig/tuner/mpils-tests/instances/miplib/easy/supportcase18.mps with config: /scratch/yorig/mpils-results-grid-seconds-5-4may/easy/8proc/seed-2/9_supportcase18_seed-2_20260504_222415/iterated_local_search/run_6_worker_4/ils_config_16488408833792453217.prm
[INFO]:[22:31:20] Starting CPLEX solver on instance: /home/yorig/tuner/mpils-tests/instances/miplib/easy/supportcase18.mps with config: /scratch/yorig/mpils-results-grid-seconds-5-4may/easy/8proc/seed-2/9_supportcase18_seed-2_20260504_222415/iterated_local_search/run_6_worker_4/ils_config_16488408833792453217.prm
[INFO]:[22:31:25] CPLEX results. Gap: 5.630000, upper bound: 50.000000, lower bound: 47.186667
[INFO]:[22:31:25] CPLEX solver finished. Gap: 5.630000
[INFO]:[22:31:25] Starting CPLEX solver on instance: /home/yorig/tuner/mpils-tests/instances/miplib/easy/supportcase18.mps with config: /scratch/yorig/mpils-results-grid-seconds-5-4may/easy/8proc/seed-2/9_supportcase18_seed-2_20260504_222415/iterated_local_search/run_6_worker_4/ils_config_10512857155866092197.prm
[INFO]:[22:31:25] Starting CPLEX solver on instance: /home/yorig/tuner/mpils-tests/instances/miplib/easy/supportcase18.mps with config: /scratch/yorig/mpils-results-grid-seconds-5-4may/easy/8proc/seed-2/9_supportcase18_seed-2_20260504_222415/iterated_local_search/run_6_worker_4/ils_config_10512857155866092197.prm
[INFO]:[22:31:30] CPLEX results. Gap: 3.700000, upper bound: 49.000000, lower bound: 47.186667
[INFO]:[22:31:30] CPLEX solver finished. Gap: 3.700000
[INFO]:[22:31:30] Starting CPLEX solver on instance: /home/yorig/tuner/mpils-tests/instances/miplib/easy/supportcase18.mps with config: /scratch/yorig/mpils-results-grid-seconds-5-4may/easy/8proc/seed-2/9_supportcase18_seed-2_20260504_222415/iterated_local_search/run_6_worker_4/ils_config_3710073662647886699.prm
[INFO]:[22:31:30] Starting CPLEX solver on instance: /home/yorig/tuner/mpils-tests/instances/miplib/easy/supportcase18.mps with config: /scratch/yorig/mpils-results-grid-seconds-5-4may/easy/8proc/seed-2/9_supportcase18_seed-2_20260504_222415/iterated_local_search/run_6_worker_4/ils_config_3710073662647886699.prm
[INFO]:[22:31:35] CPLEX results. Gap: 5.630000, upper bound: 50.000000, lower bound: 47.186667
[INFO]:[22:31:35] CPLEX solver finished. Gap: 5.630000
[INFO]:[22:31:35] Starting CPLEX solver on instance: /home/yorig/tuner/mpils-tests/instances/miplib/easy/supportcase18.mps with config: /scratch/yorig/mpils-results-grid-seconds-5-4may/easy/8proc/seed-2/9_supportcase18_seed-2_20260504_222415/iterated_local_search/run_6_worker_4/ils_config_10904776710579748824.prm
[INFO]:[22:31:35] Starting CPLEX solver on instance: /home/yorig/tuner/mpils-tests/instances/miplib/easy/supportcase18.mps with config: /scratch/yorig/mpils-results-grid-seconds-5-4may/easy/8proc/seed-2/9_supportcase18_seed-2_20260504_222415/iterated_local_search/run_6_worker_4/ils_config_10904776710579748824.prm
[INFO]:[22:31:40] CPLEX results. Gap: 3.700000, upper bound: 49.000000, lower bound: 47.186667
[INFO]:[22:31:40] CPLEX solver finished. Gap: 3.700000
[INFO]:[22:31:40] Starting CPLEX solver on instance: /home/yorig/tuner/mpils-tests/instances/miplib/easy/supportcase18.mps with config: /scratch/yorig/mpils-results-grid-seconds-5-4may/easy/8proc/seed-2/9_supportcase18_seed-2_20260504_222415/iterated_local_search/run_6_worker_4/ils_config_584502840869397749.prm
[INFO]:[22:31:40] Starting CPLEX solver on instance: /home/yorig/tuner/mpils-tests/instances/miplib/easy/supportcase18.mps with config: /scratch/yorig/mpils-results-grid-seconds-5-4may/easy/8proc/seed-2/9_supportcase18_seed-2_20260504_222415/iterated_local_search/run_6_worker_4/ils_config_584502840869397749.prm
[INFO]:[22:31:45] CPLEX results. Gap: 5.630000, upper bound: 50.000000, lower bound: 47.186667
[INFO]:[22:31:45] CPLEX solver finished. Gap: 5.630000
[INFO]:[22:31:45] Starting CPLEX solver on instance: /home/yorig/tuner/mpils-tests/instances/miplib/easy/supportcase18.mps with config: /scratch/yorig/mpils-results-grid-seconds-5-4may/easy/8proc/seed-2/9_supportcase18_seed-2_20260504_222415/iterated_local_search/run_6_worker_4/ils_config_16381071514456386779.prm
[INFO]:[22:31:45] Starting CPLEX solver on instance: /home/yorig/tuner/mpils-tests/instances/miplib/easy/supportcase18.mps with config: /scratch/yorig/mpils-results-grid-seconds-5-4may/easy/8proc/seed-2/9_supportcase18_seed-2_20260504_222415/iterated_local_search/run_6_worker_4/ils_config_16381071514456386779.prm
[INFO]:[22:31:50] CPLEX results. Gap: 3.700000, upper bound: 49.000000, lower bound: 47.186667
[INFO]:[22:31:50] CPLEX solver finished. Gap: 3.700000
[INFO]:[22:31:50] Starting CPLEX solver on instance: /home/yorig/tuner/mpils-tests/instances/miplib/easy/supportcase18.mps with config: /scratch/yorig/mpils-results-grid-seconds-5-4may/easy/8proc/seed-2/9_supportcase18_seed-2_20260504_222415/iterated_local_search/run_6_worker_4/ils_config_12201849501870417305.prm
[INFO]:[22:31:50] Starting CPLEX solver on instance: /home/yorig/tuner/mpils-tests/instances/miplib/easy/supportcase18.mps with config: /scratch/yorig/mpils-results-grid-seconds-5-4may/easy/8proc/seed-2/9_supportcase18_seed-2_20260504_222415/iterated_local_search/run_6_worker_4/ils_config_12201849501870417305.prm
[INFO]:[22:31:55] CPLEX results. Gap: 5.630000, upper bound: 50.000000, lower bound: 47.186667
[INFO]:[22:31:55] CPLEX solver finished. Gap: 5.630000
[INFO]:[22:31:55] Starting CPLEX solver on instance: /home/yorig/tuner/mpils-tests/instances/miplib/easy/supportcase18.mps with config: /scratch/yorig/mpils-results-grid-seconds-5-4may/easy/8proc/seed-2/9_supportcase18_seed-2_20260504_222415/iterated_local_search/run_6_worker_4/ils_config_12965774084561224782.prm
[INFO]:[22:31:55] Starting CPLEX solver on instance: /home/yorig/tuner/mpils-tests/instances/miplib/easy/supportcase18.mps with config: /scratch/yorig/mpils-results-grid-seconds-5-4may/easy/8proc/seed-2/9_supportcase18_seed-2_20260504_222415/iterated_local_search/run_6_worker_4/ils_config_12965774084561224782.prm
[INFO]:[22:32:00] CPLEX results. Gap: 3.700000, upper bound: 49.000000, lower bound: 47.186667
[INFO]:[22:32:00] CPLEX solver finished. Gap: 3.700000
[INFO]:[22:32:00] Starting CPLEX solver on instance: /home/yorig/tuner/mpils-tests/instances/miplib/easy/supportcase18.mps with config: /scratch/yorig/mpils-results-grid-seconds-5-4may/easy/8proc/seed-2/9_supportcase18_seed-2_20260504_222415/iterated_local_search/run_6_worker_4/ils_config_16755287363620014940.prm
[INFO]:[22:32:00] Starting CPLEX solver on instance: /home/yorig/tuner/mpils-tests/instances/miplib/easy/supportcase18.mps with config: /scratch/yorig/mpils-results-grid-seconds-5-4may/easy/8proc/seed-2/9_supportcase18_seed-2_20260504_222415/iterated_local_search/run_6_worker_4/ils_config_16755287363620014940.prm
[INFO]:[22:32:05] CPLEX results. Gap: 3.700000, upper bound: 49.000000, lower bound: 47.186667
[INFO]:[22:32:05] CPLEX solver finished. Gap: 3.700000
[INFO]:[22:32:05] Starting CPLEX solver on instance: /home/yorig/tuner/mpils-tests/instances/miplib/easy/supportcase18.mps with config: /scratch/yorig/mpils-results-grid-seconds-5-4may/easy/8proc/seed-2/9_supportcase18_seed-2_20260504_222415/iterated_local_search/run_6_worker_4/ils_config_5774660477668237131.prm
[INFO]:[22:32:05] Starting CPLEX solver on instance: /home/yorig/tuner/mpils-tests/instances/miplib/easy/supportcase18.mps with config: /scratch/yorig/mpils-results-grid-seconds-5-4may/easy/8proc/seed-2/9_supportcase18_seed-2_20260504_222415/iterated_local_search/run_6_worker_4/ils_config_5774660477668237131.prm
[INFO]:[22:32:10] CPLEX results. Gap: 5.630000, upper bound: 50.000000, lower bound: 47.186667
[INFO]:[22:32:10] CPLEX solver finished. Gap: 5.630000
[INFO]:[22:32:10] Starting CPLEX solver on instance: /home/yorig/tuner/mpils-tests/instances/miplib/easy/supportcase18.mps with config: /scratch/yorig/mpils-results-grid-seconds-5-4may/easy/8proc/seed-2/9_supportcase18_seed-2_20260504_222415/iterated_local_search/run_6_worker_4/ils_config_17661220138306553696.prm
[INFO]:[22:32:10] Starting CPLEX solver on instance: /home/yorig/tuner/mpils-tests/instances/miplib/easy/supportcase18.mps with config: /scratch/yorig/mpils-results-grid-seconds-5-4may/easy/8proc/seed-2/9_supportcase18_seed-2_20260504_222415/iterated_local_search/run_6_worker_4/ils_config_17661220138306553696.prm
[INFO]:[22:32:15] CPLEX results. Gap: 5.630000, upper bound: 50.000000, lower bound: 47.186667
[INFO]:[22:32:15] CPLEX solver finished. Gap: 5.630000
[INFO]:[22:32:15] Starting CPLEX solver on instance: /home/yorig/tuner/mpils-tests/instances/miplib/easy/supportcase18.mps with config: /scratch/yorig/mpils-results-grid-seconds-5-4may/easy/8proc/seed-2/9_supportcase18_seed-2_20260504_222415/iterated_local_search/run_6_worker_4/ils_config_3829091918299672363.prm
[INFO]:[22:32:15] Starting CPLEX solver on instance: /home/yorig/tuner/mpils-tests/instances/miplib/easy/supportcase18.mps with config: /scratch/yorig/mpils-results-grid-seconds-5-4may/easy/8proc/seed-2/9_supportcase18_seed-2_20260504_222415/iterated_local_search/run_6_worker_4/ils_config_3829091918299672363.prm
[INFO]:[22:32:20] CPLEX results. Gap: 5.630000, upper bound: 50.000000, lower bound: 47.186667
[INFO]:[22:32:20] CPLEX solver finished. Gap: 5.630000
[INFO]:[22:32:20] Starting CPLEX solver on instance: /home/yorig/tuner/mpils-tests/instances/miplib/easy/supportcase18.mps with config: /scratch/yorig/mpils-results-grid-seconds-5-4may/easy/8proc/seed-2/9_supportcase18_seed-2_20260504_222415/iterated_local_search/run_6_worker_4/ils_config_13526661664907124.prm
[INFO]:[22:32:20] Starting CPLEX solver on instance: /home/yorig/tuner/mpils-tests/instances/miplib/easy/supportcase18.mps with config: /scratch/yorig/mpils-results-grid-seconds-5-4may/easy/8proc/seed-2/9_supportcase18_seed-2_20260504_222415/iterated_local_search/run_6_worker_4/ils_config_13526661664907124.prm
[INFO]:[22:32:25] CPLEX results. Gap: 3.700000, upper bound: 49.000000, lower bound: 47.186667
[INFO]:[22:32:25] CPLEX solver finished. Gap: 3.700000
[INFO]:[22:32:25] Starting CPLEX solver on instance: /home/yorig/tuner/mpils-tests/instances/miplib/easy/supportcase18.mps with config: /scratch/yorig/mpils-results-grid-seconds-5-4may/easy/8proc/seed-2/9_supportcase18_seed-2_20260504_222415/iterated_local_search/run_6_worker_4/ils_config_14389664653746383352.prm
[INFO]:[22:32:25] Starting CPLEX solver on instance: /home/yorig/tuner/mpils-tests/instances/miplib/easy/supportcase18.mps with config: /scratch/yorig/mpils-results-grid-seconds-5-4may/easy/8proc/seed-2/9_supportcase18_seed-2_20260504_222415/iterated_local_search/run_6_worker_4/ils_config_14389664653746383352.prm
[INFO]:[22:32:30] CPLEX results. Gap: 5.630000, upper bound: 50.000000, lower bound: 47.186667
[INFO]:[22:32:30] CPLEX solver finished. Gap: 5.630000
[INFO]:[22:32:30] Local search phase completed.
[INFO]:[22:32:30] Total number of new local-search evaluations: 18
[INFO]:[22:32:30] Final incumbent objective value: 3.7
[INFO]:[22:32:30] Worker 4 completed exploration phase.
[INFO]:[22:32:30] Worker 4 received order for step 3.
[INFO]:[22:32:30] Worker 4 finished.
