[INFO]:[04:51:41] Worker 1 starting.
[INFO]:[04:51:41] Worker 1 received order for step 1.
[INFO]:[04:51:41] Worker 1 running exploration phase for iteration 1.
[INFO]:[04:51:41] Worker 1 at iteration 1 will not use a MIP start file. Current best MIP-start upper bound threshold is 1.79769e+308.
[INFO]:[04:51:41] Starting local search phase...
[INFO]:[04:51:41] Worker (ils_group_rank=1) entering parallel ILS evaluation service.
[INFO]:[04:51:41] Starting CPLEX solver on instance: /home/yorig/tuner/mpils-tests/instances/miplib/medium-2/rococoB10-011000.mps with config: /scratch/yorig/mpils-results-grid-ticks-10000-7may/medium-2/24proc-12pils/seed-3/5_rococoB10-011000_seed-3_20260510_045140/iterated_local_search/run_1_worker_0/parallel_0_1.prm
[INFO]:[04:51:48] CPLEX results. Gap: 29.680000, upper bound: 21228.000000, lower bound: 14926.921075
[INFO]:[04:51:48] CPLEX solver finished. Gap: 29.680000
[INFO]:[04:51:48] Starting CPLEX solver on instance: /home/yorig/tuner/mpils-tests/instances/miplib/medium-2/rococoB10-011000.mps with config: /scratch/yorig/mpils-results-grid-ticks-10000-7may/medium-2/24proc-12pils/seed-3/5_rococoB10-011000_seed-3_20260510_045140/iterated_local_search/run_1_worker_0/parallel_12_1.prm
[INFO]:[04:51:56] CPLEX results. Gap: 26.470000, upper bound: 19919.000000, lower bound: 14646.022770
[INFO]:[04:51:56] CPLEX solver finished. Gap: 26.470000
[INFO]:[04:51:56] Worker (ils_group_rank=1) exiting parallel ILS evaluation service.
[INFO]:[04:51:56] Worker 1 completed exploration phase.
[INFO]:[04:51:56] Worker 1 received order for step 2.
[INFO]:[04:51:56] Worker 1 running expansion phase for iteration 1.
[INFO]:[04:51:56] Worker 1 will use solver log file: /scratch/yorig/mpils-results-grid-ticks-10000-7may/medium-2/24proc-12pils/seed-3/5_rococoB10-011000_seed-3_20260510_045140/solver/cplex.log_iteration_expansion_1_worker_1
[INFO]:[04:51:56] Expansion Worker 1 starting expansion for iteration 1.
[INFO]:[04:51:56] Starting CPLEX solver on instance: /home/yorig/tuner/mpils-tests/instances/miplib/medium-2/rococoB10-011000.mps with config: /scratch/yorig/mpils-results-grid-ticks-10000-7may/medium-2/24proc-12pils/seed-3/5_rococoB10-011000_seed-3_20260510_045140/expansion/config_param_CPXPARAM_MIP_Strategy_Probe_1_iter_1.prm
[INFO]:[04:52:03] CPLEX results. Gap: 23.820000, upper bound: 19596.000000, lower bound: 14927.741450
[INFO]:[04:52:03] CPLEX solver finished. Gap: 23.820000
[INFO]:[04:52:04] Starting CPLEX solver on instance: /home/yorig/tuner/mpils-tests/instances/miplib/medium-2/rococoB10-011000.mps with config: /scratch/yorig/mpils-results-grid-ticks-10000-7may/medium-2/24proc-12pils/seed-3/5_rococoB10-011000_seed-3_20260510_045140/expansion/config_param_CPXPARAM_MIP_Limits_ProbeTime_30_iter_1.prm
[INFO]:[04:52:11] CPLEX results. Gap: 23.820000, upper bound: 19596.000000, lower bound: 14927.741450
[INFO]:[04:52:11] CPLEX solver finished. Gap: 23.820000
[INFO]:[04:52:11] Starting CPLEX solver on instance: /home/yorig/tuner/mpils-tests/instances/miplib/medium-2/rococoB10-011000.mps with config: /scratch/yorig/mpils-results-grid-ticks-10000-7may/medium-2/24proc-12pils/seed-3/5_rococoB10-011000_seed-3_20260510_045140/expansion/config_param_CPXPARAM_MIP_Limits_CutsFactor_1_iter_1.prm
[INFO]:[04:52:18] CPLEX results. Gap: 35.290000, upper bound: 19711.000000, lower bound: 12754.610967
[INFO]:[04:52:18] CPLEX solver finished. Gap: 35.290000
[INFO]:[04:52:18] Expansion Worker 1 stopping early after global MPI expansion stop was activated.
[INFO]:[04:52:18] Expansion Worker 1 completed expansion.
[INFO]:[04:52:18] Worker 1 completed expansion phase.
[INFO]:[04:52:18] Worker 1 received order for step 1.
[INFO]:[04:52:18] Worker 1 running exploration phase for iteration 2.
[INFO]:[04:52:18] Worker 1 at iteration 2 will not use a MIP start file. Current best MIP-start upper bound threshold is 1.79769e+308.
[INFO]:[04:52:18] Starting local search phase...
[INFO]:[04:52:18] Worker (ils_group_rank=1) entering parallel ILS evaluation service.
[INFO]:[04:52:18] Starting CPLEX solver on instance: /home/yorig/tuner/mpils-tests/instances/miplib/medium-2/rococoB10-011000.mps with config: /scratch/yorig/mpils-results-grid-ticks-10000-7may/medium-2/24proc-12pils/seed-3/5_rococoB10-011000_seed-3_20260510_045140/iterated_local_search/run_2_worker_0/parallel_0_1.prm
[INFO]:[04:52:25] CPLEX results. Gap: 23.820000, upper bound: 19596.000000, lower bound: 14927.741450
[INFO]:[04:52:25] CPLEX solver finished. Gap: 23.820000
[INFO]:[04:52:25] Worker (ils_group_rank=1) exiting parallel ILS evaluation service.
[INFO]:[04:52:25] Worker 1 completed exploration phase.
[INFO]:[04:52:25] Worker 1 received order for step 2.
[INFO]:[04:52:25] Worker 1 running expansion phase for iteration 2.
[INFO]:[04:52:25] Worker 1 will use solver log file: /scratch/yorig/mpils-results-grid-ticks-10000-7may/medium-2/24proc-12pils/seed-3/5_rococoB10-011000_seed-3_20260510_045140/solver/cplex.log_iteration_expansion_2_worker_1
[INFO]:[04:52:25] Expansion Worker 1 starting expansion for iteration 2.
[INFO]:[04:52:25] Starting CPLEX solver on instance: /home/yorig/tuner/mpils-tests/instances/miplib/medium-2/rococoB10-011000.mps with config: /scratch/yorig/mpils-results-grid-ticks-10000-7may/medium-2/24proc-12pils/seed-3/5_rococoB10-011000_seed-3_20260510_045140/expansion/config_param_CPXPARAM_MIP_Strategy_PresolveNode_1_iter_2.prm
[INFO]:[04:52:32] CPLEX results. Gap: 24.700000, upper bound: 19676.000000, lower bound: 14815.368778
[INFO]:[04:52:32] CPLEX solver finished. Gap: 24.700000
[INFO]:[04:52:32] Starting CPLEX solver on instance: /home/yorig/tuner/mpils-tests/instances/miplib/medium-2/rococoB10-011000.mps with config: /scratch/yorig/mpils-results-grid-ticks-10000-7may/medium-2/24proc-12pils/seed-3/5_rococoB10-011000_seed-3_20260510_045140/expansion/config_param_CPXPARAM_MIP_Strategy_StartAlgorithm_5_iter_2.prm
[INFO]:[04:52:39] CPLEX results. Gap: 25.360000, upper bound: 19982.000000, lower bound: 14915.165205
[INFO]:[04:52:39] CPLEX solver finished. Gap: 25.360000
[INFO]:[04:52:42] Expansion Worker 1 completed expansion.
[INFO]:[04:52:42] Worker 1 completed expansion phase.
[INFO]:[04:52:42] Worker 1 received order for step 1.
[INFO]:[04:52:42] Worker 1 running exploration phase for iteration 3.
[INFO]:[04:52:42] Worker 1 at iteration 3 will not use a MIP start file. Current best MIP-start upper bound threshold is 1.79769e+308.
[INFO]:[04:52:42] Starting local search phase...
[INFO]:[04:52:42] Worker (ils_group_rank=1) entering parallel ILS evaluation service.
[INFO]:[04:52:42] Starting CPLEX solver on instance: /home/yorig/tuner/mpils-tests/instances/miplib/medium-2/rococoB10-011000.mps with config: /scratch/yorig/mpils-results-grid-ticks-10000-7may/medium-2/24proc-12pils/seed-3/5_rococoB10-011000_seed-3_20260510_045140/iterated_local_search/run_3_worker_0/parallel_0_1.prm
[INFO]:[04:52:49] CPLEX results. Gap: 23.330000, upper bound: 19605.000000, lower bound: 15031.687894
[INFO]:[04:52:49] CPLEX solver finished. Gap: 23.330000
[INFO]:[04:52:52] Worker (ils_group_rank=1) exiting parallel ILS evaluation service.
[INFO]:[04:52:53] Worker 1 completed exploration phase.
[INFO]:[04:52:53] Worker 1 received order for step 2.
[INFO]:[04:52:53] Worker 1 running expansion phase for iteration 3.
[INFO]:[04:52:53] Worker 1 will use solver log file: /scratch/yorig/mpils-results-grid-ticks-10000-7may/medium-2/24proc-12pils/seed-3/5_rococoB10-011000_seed-3_20260510_045140/solver/cplex.log_iteration_expansion_3_worker_1
[INFO]:[04:52:53] Expansion Worker 1 starting expansion for iteration 3.
[INFO]:[04:52:53] Starting CPLEX solver on instance: /home/yorig/tuner/mpils-tests/instances/miplib/medium-2/rococoB10-011000.mps with config: /scratch/yorig/mpils-results-grid-ticks-10000-7may/medium-2/24proc-12pils/seed-3/5_rococoB10-011000_seed-3_20260510_045140/expansion/config_param_CPXPARAM_Simplex_PGradient_1_iter_3.prm
[INFO]:[04:52:59] CPLEX results. Gap: 23.330000, upper bound: 19605.000000, lower bound: 15031.687894
[INFO]:[04:52:59] CPLEX solver finished. Gap: 23.330000
[INFO]:[04:52:59] Starting CPLEX solver on instance: /home/yorig/tuner/mpils-tests/instances/miplib/medium-2/rococoB10-011000.mps with config: /scratch/yorig/mpils-results-grid-ticks-10000-7may/medium-2/24proc-12pils/seed-3/5_rococoB10-011000_seed-3_20260510_045140/expansion/config_param_CPXPARAM_Preprocessing_BoundStrength_1_iter_3.prm
[INFO]:[04:53:06] CPLEX results. Gap: 23.330000, upper bound: 19605.000000, lower bound: 15031.687894
[INFO]:[04:53:06] CPLEX solver finished. Gap: 23.330000
[INFO]:[04:53:06] Expansion Worker 1 completed expansion.
[INFO]:[04:53:06] Worker 1 completed expansion phase.
[INFO]:[04:53:06] Worker 1 received order for step 1.
[INFO]:[04:53:06] Worker 1 running exploration phase for iteration 4.
[INFO]:[04:53:06] Worker 1 at iteration 4 will not use a MIP start file. Current best MIP-start upper bound threshold is 1.79769e+308.
[INFO]:[04:53:06] Starting local search phase...
[INFO]:[04:53:06] Worker (ils_group_rank=1) entering parallel ILS evaluation service.
[INFO]:[04:53:06] Starting CPLEX solver on instance: /home/yorig/tuner/mpils-tests/instances/miplib/medium-2/rococoB10-011000.mps with config: /scratch/yorig/mpils-results-grid-ticks-10000-7may/medium-2/24proc-12pils/seed-3/5_rococoB10-011000_seed-3_20260510_045140/iterated_local_search/run_4_worker_0/parallel_0_1.prm
[INFO]:[04:53:12] CPLEX results. Gap: 23.330000, upper bound: 19605.000000, lower bound: 15031.687894
[INFO]:[04:53:12] CPLEX solver finished. Gap: 23.330000
[INFO]:[04:53:13] Starting CPLEX solver on instance: /home/yorig/tuner/mpils-tests/instances/miplib/medium-2/rococoB10-011000.mps with config: /scratch/yorig/mpils-results-grid-ticks-10000-7may/medium-2/24proc-12pils/seed-3/5_rococoB10-011000_seed-3_20260510_045140/iterated_local_search/run_4_worker_0/parallel_12_1.prm
[INFO]:[04:53:20] CPLEX results. Gap: 23.330000, upper bound: 19605.000000, lower bound: 15031.687894
[INFO]:[04:53:20] CPLEX solver finished. Gap: 23.330000
[INFO]:[04:53:20] Starting CPLEX solver on instance: /home/yorig/tuner/mpils-tests/instances/miplib/medium-2/rococoB10-011000.mps with config: /scratch/yorig/mpils-results-grid-ticks-10000-7may/medium-2/24proc-12pils/seed-3/5_rococoB10-011000_seed-3_20260510_045140/iterated_local_search/run_4_worker_0/parallel_24_1.prm
[INFO]:[04:53:27] CPLEX results. Gap: 27.450000, upper bound: 20785.000000, lower bound: 15079.682459
[INFO]:[04:53:27] CPLEX solver finished. Gap: 27.450000
[INFO]:[04:53:27] Worker (ils_group_rank=1) exiting parallel ILS evaluation service.
[INFO]:[04:53:29] Worker 1 completed exploration phase.
[INFO]:[04:53:29] Worker 1 received order for step 2.
[INFO]:[04:53:29] Worker 1 running expansion phase for iteration 4.
[INFO]:[04:53:29] Worker 1 will use solver log file: /scratch/yorig/mpils-results-grid-ticks-10000-7may/medium-2/24proc-12pils/seed-3/5_rococoB10-011000_seed-3_20260510_045140/solver/cplex.log_iteration_expansion_4_worker_1
[INFO]:[04:53:29] Expansion Worker 1 starting expansion for iteration 4.
[INFO]:[04:53:29] Starting CPLEX solver on instance: /home/yorig/tuner/mpils-tests/instances/miplib/medium-2/rococoB10-011000.mps with config: /scratch/yorig/mpils-results-grid-ticks-10000-7may/medium-2/24proc-12pils/seed-3/5_rococoB10-011000_seed-3_20260510_045140/expansion/config_param_CPXPARAM_Preprocessing_Dependency_1_iter_4.prm
[INFO]:[04:53:36] CPLEX results. Gap: 24.930000, upper bound: 19760.000000, lower bound: 14834.403509
[INFO]:[04:53:36] CPLEX solver finished. Gap: 24.930000
[INFO]:[04:53:36] Starting CPLEX solver on instance: /home/yorig/tuner/mpils-tests/instances/miplib/medium-2/rococoB10-011000.mps with config: /scratch/yorig/mpils-results-grid-ticks-10000-7may/medium-2/24proc-12pils/seed-3/5_rococoB10-011000_seed-3_20260510_045140/expansion/config_param_CPXPARAM_Preprocessing_Relax_0_iter_4.prm
[INFO]:[04:53:42] CPLEX results. Gap: 24.990000, upper bound: 19928.000000, lower bound: 14948.871194
[INFO]:[04:53:43] CPLEX solver finished. Gap: 24.990000
[INFO]:[04:53:43] Expansion Worker 1 completed expansion.
[INFO]:[04:53:43] Worker 1 completed expansion phase.
[INFO]:[04:53:43] Worker 1 received order for step 1.
[INFO]:[04:53:43] Worker 1 running exploration phase for iteration 5.
[INFO]:[04:53:43] Worker 1 at iteration 5 will not use a MIP start file. Current best MIP-start upper bound threshold is 1.79769e+308.
[INFO]:[04:53:43] Starting local search phase...
[INFO]:[04:53:43] Worker (ils_group_rank=1) entering parallel ILS evaluation service.
[INFO]:[04:53:43] Starting CPLEX solver on instance: /home/yorig/tuner/mpils-tests/instances/miplib/medium-2/rococoB10-011000.mps with config: /scratch/yorig/mpils-results-grid-ticks-10000-7may/medium-2/24proc-12pils/seed-3/5_rococoB10-011000_seed-3_20260510_045140/iterated_local_search/run_5_worker_0/parallel_0_1.prm
[INFO]:[04:53:49] CPLEX results. Gap: 23.330000, upper bound: 19605.000000, lower bound: 15031.687894
[INFO]:[04:53:49] CPLEX solver finished. Gap: 23.330000
[INFO]:[04:53:50] Starting CPLEX solver on instance: /home/yorig/tuner/mpils-tests/instances/miplib/medium-2/rococoB10-011000.mps with config: /scratch/yorig/mpils-results-grid-ticks-10000-7may/medium-2/24proc-12pils/seed-3/5_rococoB10-011000_seed-3_20260510_045140/iterated_local_search/run_5_worker_0/parallel_12_1.prm
[INFO]:[04:53:56] CPLEX results. Gap: 23.330000, upper bound: 19605.000000, lower bound: 15031.687894
[INFO]:[04:53:56] CPLEX solver finished. Gap: 23.330000
[INFO]:[04:53:57] Worker (ils_group_rank=1) exiting parallel ILS evaluation service.
[INFO]:[04:53:57] Worker 1 completed exploration phase.
[INFO]:[04:53:58] Worker 1 received order for step 2.
[INFO]:[04:53:58] Worker 1 running expansion phase for iteration 5.
[INFO]:[04:53:58] Worker 1 will use solver log file: /scratch/yorig/mpils-results-grid-ticks-10000-7may/medium-2/24proc-12pils/seed-3/5_rococoB10-011000_seed-3_20260510_045140/solver/cplex.log_iteration_expansion_5_worker_1
[INFO]:[04:53:58] Expansion Worker 1 starting expansion for iteration 5.
[INFO]:[04:53:58] Starting CPLEX solver on instance: /home/yorig/tuner/mpils-tests/instances/miplib/medium-2/rococoB10-011000.mps with config: /scratch/yorig/mpils-results-grid-ticks-10000-7may/medium-2/24proc-12pils/seed-3/5_rococoB10-011000_seed-3_20260510_045140/expansion/config_param_CPXPARAM_Preprocessing_RepeatPresolve_1_iter_5.prm
[INFO]:[04:54:05] CPLEX results. Gap: 34.270000, upper bound: 21043.000000, lower bound: 13832.006330
[INFO]:[04:54:05] CPLEX solver finished. Gap: 34.270000
[INFO]:[04:54:05] Starting CPLEX solver on instance: /home/yorig/tuner/mpils-tests/instances/miplib/medium-2/rococoB10-011000.mps with config: /scratch/yorig/mpils-results-grid-ticks-10000-7may/medium-2/24proc-12pils/seed-3/5_rococoB10-011000_seed-3_20260510_045140/expansion/config_param_CPXPARAM_MIP_Limits_StrongCand_5_iter_5.prm
[INFO]:[04:54:11] CPLEX results. Gap: 23.330000, upper bound: 19605.000000, lower bound: 15031.687894
[INFO]:[04:54:11] CPLEX solver finished. Gap: 23.330000
[INFO]:[04:54:11] Expansion Worker 1 completed expansion.
[INFO]:[04:54:11] Worker 1 completed expansion phase.
[INFO]:[04:54:11] Worker 1 received order for step 1.
[INFO]:[04:54:11] Worker 1 running exploration phase for iteration 6.
[INFO]:[04:54:11] Worker 1 at iteration 6 will not use a MIP start file. Current best MIP-start upper bound threshold is 1.79769e+308.
[INFO]:[04:54:11] Starting local search phase...
[INFO]:[04:54:11] Worker (ils_group_rank=1) entering parallel ILS evaluation service.
[INFO]:[04:54:11] Starting CPLEX solver on instance: /home/yorig/tuner/mpils-tests/instances/miplib/medium-2/rococoB10-011000.mps with config: /scratch/yorig/mpils-results-grid-ticks-10000-7may/medium-2/24proc-12pils/seed-3/5_rococoB10-011000_seed-3_20260510_045140/iterated_local_search/run_6_worker_0/parallel_0_1.prm
[INFO]:[04:54:18] CPLEX results. Gap: 34.290000, upper bound: 21228.000000, lower bound: 13948.083920
[INFO]:[04:54:18] CPLEX solver finished. Gap: 34.290000
[INFO]:[04:54:19] Starting CPLEX solver on instance: /home/yorig/tuner/mpils-tests/instances/miplib/medium-2/rococoB10-011000.mps with config: /scratch/yorig/mpils-results-grid-ticks-10000-7may/medium-2/24proc-12pils/seed-3/5_rococoB10-011000_seed-3_20260510_045140/iterated_local_search/run_6_worker_0/parallel_12_1.prm
[INFO]:[04:54:25] CPLEX results. Gap: 23.330000, upper bound: 19605.000000, lower bound: 15031.687894
[INFO]:[04:54:25] CPLEX solver finished. Gap: 23.330000
[INFO]:[04:54:26] Starting CPLEX solver on instance: /home/yorig/tuner/mpils-tests/instances/miplib/medium-2/rococoB10-011000.mps with config: /scratch/yorig/mpils-results-grid-ticks-10000-7may/medium-2/24proc-12pils/seed-3/5_rococoB10-011000_seed-3_20260510_045140/iterated_local_search/run_6_worker_0/parallel_24_1.prm
[INFO]:[04:54:33] CPLEX results. Gap: 23.330000, upper bound: 19605.000000, lower bound: 15031.687894
[INFO]:[04:54:33] CPLEX solver finished. Gap: 23.330000
[INFO]:[04:54:34] Worker (ils_group_rank=1) exiting parallel ILS evaluation service.
[INFO]:[04:54:34] Worker 1 completed exploration phase.
[INFO]:[04:54:34] Worker 1 received order for step 3.
[INFO]:[04:54:34] Worker 1 finished.
