[INFO]:[03:52:00] Worker 8 starting.
[INFO]:[03:52:00] Worker 8 received order for step 1.
[INFO]:[03:52:00] Worker 8 running exploration phase for iteration 1.
[INFO]:[03:52:00] Worker 8 at iteration 1 will not use a MIP start file. Current best MIP-start upper bound threshold is 1.79769e+308.
[INFO]:[03:52:00] Starting local search phase...
[INFO]:[03:52:00] Creating local search space from parameter space file: /scratch/yorig/mpils-results-grid-ticks-10000-7may/easy/24proc-4pils/seed-3/6_neos-4413714-turia_seed-3_20260510_035158/iterated_local_search/search_space/search_space_file_1_worker_8.txt
[INFO]:[03:52:00] Local search space loaded from file: /scratch/yorig/mpils-results-grid-ticks-10000-7may/easy/24proc-4pils/seed-3/6_neos-4413714-turia_seed-3_20260510_035158/iterated_local_search/search_space/search_space_file_1_worker_8.txt
[INFO]:[03:52:00] Number of parameters in local search space: 71
[INFO]:[03:52:00] Number of forbidden tuples in local search space: 0
[INFO]:[03:52:00] Number of conditionals in local search space: 6
[INFO]:[03:52:00] MIP start option not enabled. Local search will proceed without MIP start.
[INFO]:[03:52:00] Starting CPLEX solver on instance: /home/yorig/tuner/mpils-tests/instances/miplib/easy/neos-4413714-turia.mps with config: /scratch/yorig/mpils-results-grid-ticks-10000-7may/easy/24proc-4pils/seed-3/6_neos-4413714-turia_seed-3_20260510_035158/iterated_local_search/run_1_worker_8/ils_config_14787309470191083595.prm
[INFO]:[03:52:00] Starting CPLEX solver on instance: /home/yorig/tuner/mpils-tests/instances/miplib/easy/neos-4413714-turia.mps with config: /scratch/yorig/mpils-results-grid-ticks-10000-7may/easy/24proc-4pils/seed-3/6_neos-4413714-turia_seed-3_20260510_035158/iterated_local_search/run_1_worker_8/ils_config_14787309470191083595.prm
[INFO]:[03:52:07] CPLEX results. Gap: 91.300000, upper bound: 499.635492, lower bound: 43.474651
[INFO]:[03:52:07] CPLEX solver finished. Gap: 91.300000
[INFO]:[03:52:07] Starting CPLEX solver on instance: /home/yorig/tuner/mpils-tests/instances/miplib/easy/neos-4413714-turia.mps with config: /scratch/yorig/mpils-results-grid-ticks-10000-7may/easy/24proc-4pils/seed-3/6_neos-4413714-turia_seed-3_20260510_035158/iterated_local_search/run_1_worker_8/ils_config_3695180370588884498.prm
[INFO]:[03:52:07] Starting CPLEX solver on instance: /home/yorig/tuner/mpils-tests/instances/miplib/easy/neos-4413714-turia.mps with config: /scratch/yorig/mpils-results-grid-ticks-10000-7may/easy/24proc-4pils/seed-3/6_neos-4413714-turia_seed-3_20260510_035158/iterated_local_search/run_1_worker_8/ils_config_3695180370588884498.prm
[INFO]:[03:52:14] CPLEX results. Gap: 91.300000, upper bound: 499.635492, lower bound: 43.474651
[INFO]:[03:52:14] CPLEX solver finished. Gap: 91.300000
[INFO]:[03:52:14] Starting CPLEX solver on instance: /home/yorig/tuner/mpils-tests/instances/miplib/easy/neos-4413714-turia.mps with config: /scratch/yorig/mpils-results-grid-ticks-10000-7may/easy/24proc-4pils/seed-3/6_neos-4413714-turia_seed-3_20260510_035158/iterated_local_search/run_1_worker_8/ils_config_9463875358783603244.prm
[INFO]:[03:52:14] Starting CPLEX solver on instance: /home/yorig/tuner/mpils-tests/instances/miplib/easy/neos-4413714-turia.mps with config: /scratch/yorig/mpils-results-grid-ticks-10000-7may/easy/24proc-4pils/seed-3/6_neos-4413714-turia_seed-3_20260510_035158/iterated_local_search/run_1_worker_8/ils_config_9463875358783603244.prm
[INFO]:[03:52:21] CPLEX results. Gap: 91.300000, upper bound: 499.635492, lower bound: 43.474651
[INFO]:[03:52:21] CPLEX solver finished. Gap: 91.300000
[INFO]:[03:52:21] Starting CPLEX solver on instance: /home/yorig/tuner/mpils-tests/instances/miplib/easy/neos-4413714-turia.mps with config: /scratch/yorig/mpils-results-grid-ticks-10000-7may/easy/24proc-4pils/seed-3/6_neos-4413714-turia_seed-3_20260510_035158/iterated_local_search/run_1_worker_8/ils_config_4640282542700452146.prm
[INFO]:[03:52:21] Starting CPLEX solver on instance: /home/yorig/tuner/mpils-tests/instances/miplib/easy/neos-4413714-turia.mps with config: /scratch/yorig/mpils-results-grid-ticks-10000-7may/easy/24proc-4pils/seed-3/6_neos-4413714-turia_seed-3_20260510_035158/iterated_local_search/run_1_worker_8/ils_config_4640282542700452146.prm
[INFO]:[03:52:28] CPLEX results. Gap: 91.300000, upper bound: 499.635492, lower bound: 43.474651
[INFO]:[03:52:28] CPLEX solver finished. Gap: 91.300000
[INFO]:[03:52:28] Starting CPLEX solver on instance: /home/yorig/tuner/mpils-tests/instances/miplib/easy/neos-4413714-turia.mps with config: /scratch/yorig/mpils-results-grid-ticks-10000-7may/easy/24proc-4pils/seed-3/6_neos-4413714-turia_seed-3_20260510_035158/iterated_local_search/run_1_worker_8/ils_config_4334145482234006701.prm
[INFO]:[03:52:28] Starting CPLEX solver on instance: /home/yorig/tuner/mpils-tests/instances/miplib/easy/neos-4413714-turia.mps with config: /scratch/yorig/mpils-results-grid-ticks-10000-7may/easy/24proc-4pils/seed-3/6_neos-4413714-turia_seed-3_20260510_035158/iterated_local_search/run_1_worker_8/ils_config_4334145482234006701.prm
[INFO]:[03:52:36] CPLEX results. Gap: 21.570000, upper bound: 55.430127, lower bound: 43.474651
[INFO]:[03:52:36] CPLEX solver finished. Gap: 21.570000
[INFO]:[03:52:36] New incumbent found with objective value: 21.57
[INFO]:[03:52:36] Local search phase completed.
[INFO]:[03:52:36] Total number of new local-search evaluations: 20
[INFO]:[03:52:36] Final incumbent objective value: 21.57
[INFO]:[03:52:41] Worker 8 completed exploration phase.
[INFO]:[03:52:41] Worker 8 received order for step 2.
[INFO]:[03:52:41] Worker 8 running expansion phase for iteration 1.
[INFO]:[03:52:41] Worker 8 will use solver log file: /scratch/yorig/mpils-results-grid-ticks-10000-7may/easy/24proc-4pils/seed-3/6_neos-4413714-turia_seed-3_20260510_035158/solver/cplex.log_iteration_expansion_1_worker_8
[INFO]:[03:52:41] Expansion Worker 8 starting expansion for iteration 1.
[INFO]:[03:52:41] Starting CPLEX solver on instance: /home/yorig/tuner/mpils-tests/instances/miplib/easy/neos-4413714-turia.mps with config: /scratch/yorig/mpils-results-grid-ticks-10000-7may/easy/24proc-4pils/seed-3/6_neos-4413714-turia_seed-3_20260510_035158/expansion/config_param_CPXPARAM_MIP_Strategy_VariableSelect_-1_iter_1.prm
[INFO]:[03:52:49] CPLEX results. Gap: 21.570000, upper bound: 55.430127, lower bound: 43.474651
[INFO]:[03:52:49] CPLEX solver finished. Gap: 21.570000
[INFO]:[03:52:50] Expansion Worker 8 stopping early after global MPI expansion stop was activated.
[INFO]:[03:52:50] Expansion Worker 8 completed expansion.
[INFO]:[03:52:50] Worker 8 completed expansion phase.
[INFO]:[03:52:50] Worker 8 received order for step 1.
[INFO]:[03:52:50] Worker 8 running exploration phase for iteration 2.
[INFO]:[03:52:50] Worker 8 at iteration 2 will not use a MIP start file. Current best MIP-start upper bound threshold is 1.79769e+308.
[INFO]:[03:52:50] Starting local search phase...
[INFO]:[03:52:50] Creating local search space from parameter space file: /scratch/yorig/mpils-results-grid-ticks-10000-7may/easy/24proc-4pils/seed-3/6_neos-4413714-turia_seed-3_20260510_035158/iterated_local_search/search_space/search_space_file_2_worker_8.txt
[INFO]:[03:52:50] Local search space loaded from file: /scratch/yorig/mpils-results-grid-ticks-10000-7may/easy/24proc-4pils/seed-3/6_neos-4413714-turia_seed-3_20260510_035158/iterated_local_search/search_space/search_space_file_2_worker_8.txt
[INFO]:[03:52:50] Number of parameters in local search space: 71
[INFO]:[03:52:50] Number of forbidden tuples in local search space: 26
[INFO]:[03:52:50] Number of conditionals in local search space: 6
[INFO]:[03:52:50] MIP start option not enabled. Local search will proceed without MIP start.
[INFO]:[03:52:50] Starting CPLEX solver on instance: /home/yorig/tuner/mpils-tests/instances/miplib/easy/neos-4413714-turia.mps with config: /scratch/yorig/mpils-results-grid-ticks-10000-7may/easy/24proc-4pils/seed-3/6_neos-4413714-turia_seed-3_20260510_035158/iterated_local_search/run_2_worker_8/ils_config_16197151730137738688.prm
[INFO]:[03:52:50] Starting CPLEX solver on instance: /home/yorig/tuner/mpils-tests/instances/miplib/easy/neos-4413714-turia.mps with config: /scratch/yorig/mpils-results-grid-ticks-10000-7may/easy/24proc-4pils/seed-3/6_neos-4413714-turia_seed-3_20260510_035158/iterated_local_search/run_2_worker_8/ils_config_16197151730137738688.prm
[INFO]:[03:52:56] CPLEX results. Gap: 69.180000, upper bound: 141.060838, lower bound: 43.474651
[INFO]:[03:52:56] CPLEX solver finished. Gap: 69.180000
[INFO]:[03:52:57] Starting CPLEX solver on instance: /home/yorig/tuner/mpils-tests/instances/miplib/easy/neos-4413714-turia.mps with config: /scratch/yorig/mpils-results-grid-ticks-10000-7may/easy/24proc-4pils/seed-3/6_neos-4413714-turia_seed-3_20260510_035158/iterated_local_search/run_2_worker_8/ils_config_176851969936958922.prm
[INFO]:[03:52:57] Starting CPLEX solver on instance: /home/yorig/tuner/mpils-tests/instances/miplib/easy/neos-4413714-turia.mps with config: /scratch/yorig/mpils-results-grid-ticks-10000-7may/easy/24proc-4pils/seed-3/6_neos-4413714-turia_seed-3_20260510_035158/iterated_local_search/run_2_worker_8/ils_config_176851969936958922.prm
[INFO]:[03:53:04] CPLEX results. Gap: 69.180000, upper bound: 141.060838, lower bound: 43.474651
[INFO]:[03:53:04] CPLEX solver finished. Gap: 69.180000
[INFO]:[03:53:04] Local search phase completed.
[INFO]:[03:53:04] Total number of new local-search evaluations: 8
[INFO]:[03:53:04] Final incumbent objective value: 69.18
[INFO]:[03:53:06] Worker 8 completed exploration phase.
[INFO]:[03:53:06] Worker 8 received order for step 2.
[INFO]:[03:53:06] Worker 8 running expansion phase for iteration 2.
[INFO]:[03:53:06] Worker 8 will use solver log file: /scratch/yorig/mpils-results-grid-ticks-10000-7may/easy/24proc-4pils/seed-3/6_neos-4413714-turia_seed-3_20260510_035158/solver/cplex.log_iteration_expansion_2_worker_8
[INFO]:[03:53:06] Expansion Worker 8 starting expansion for iteration 2.
[INFO]:[03:53:06] Starting CPLEX solver on instance: /home/yorig/tuner/mpils-tests/instances/miplib/easy/neos-4413714-turia.mps with config: /scratch/yorig/mpils-results-grid-ticks-10000-7may/easy/24proc-4pils/seed-3/6_neos-4413714-turia_seed-3_20260510_035158/expansion/config_param_CPXPARAM_MIP_Strategy_VariableSelect_4_iter_2.prm
[INFO]:[03:53:14] CPLEX results. Gap: 4.500000, upper bound: 45.521065, lower bound: 43.474651
[INFO]:[03:53:14] CPLEX solver finished. Gap: 4.500000
[INFO]:[03:53:14] Starting CPLEX solver on instance: /home/yorig/tuner/mpils-tests/instances/miplib/easy/neos-4413714-turia.mps with config: /scratch/yorig/mpils-results-grid-ticks-10000-7may/easy/24proc-4pils/seed-3/6_neos-4413714-turia_seed-3_20260510_035158/expansion/config_param_CPXPARAM_MIP_Strategy_RINSHeur_200_iter_2.prm
[INFO]:[03:53:21] CPLEX results. Gap: 4.500000, upper bound: 45.521065, lower bound: 43.474651
[INFO]:[03:53:21] CPLEX solver finished. Gap: 4.500000
[INFO]:[03:53:28] Expansion Worker 8 completed expansion.
[INFO]:[03:53:28] Worker 8 completed expansion phase.
[INFO]:[03:53:28] Worker 8 received order for step 1.
[INFO]:[03:53:28] Worker 8 running exploration phase for iteration 3.
[INFO]:[03:53:28] Worker 8 at iteration 3 will not use a MIP start file. Current best MIP-start upper bound threshold is 1.79769e+308.
[INFO]:[03:53:28] Starting local search phase...
[INFO]:[03:53:28] Creating local search space from parameter space file: /scratch/yorig/mpils-results-grid-ticks-10000-7may/easy/24proc-4pils/seed-3/6_neos-4413714-turia_seed-3_20260510_035158/iterated_local_search/search_space/search_space_file_3_worker_8.txt
[INFO]:[03:53:28] Local search space loaded from file: /scratch/yorig/mpils-results-grid-ticks-10000-7may/easy/24proc-4pils/seed-3/6_neos-4413714-turia_seed-3_20260510_035158/iterated_local_search/search_space/search_space_file_3_worker_8.txt
[INFO]:[03:53:28] Number of parameters in local search space: 71
[INFO]:[03:53:28] Number of forbidden tuples in local search space: 41
[INFO]:[03:53:28] Number of conditionals in local search space: 6
[INFO]:[03:53:28] MIP start option not enabled. Local search will proceed without MIP start.
[INFO]:[03:53:29] Starting CPLEX solver on instance: /home/yorig/tuner/mpils-tests/instances/miplib/easy/neos-4413714-turia.mps with config: /scratch/yorig/mpils-results-grid-ticks-10000-7may/easy/24proc-4pils/seed-3/6_neos-4413714-turia_seed-3_20260510_035158/iterated_local_search/run_3_worker_8/ils_config_13902690180435355801.prm
[INFO]:[03:53:29] Starting CPLEX solver on instance: /home/yorig/tuner/mpils-tests/instances/miplib/easy/neos-4413714-turia.mps with config: /scratch/yorig/mpils-results-grid-ticks-10000-7may/easy/24proc-4pils/seed-3/6_neos-4413714-turia_seed-3_20260510_035158/iterated_local_search/run_3_worker_8/ils_config_13902690180435355801.prm
[INFO]:[03:53:35] CPLEX results. Gap: 69.180000, upper bound: 141.060838, lower bound: 43.474651
[INFO]:[03:53:35] CPLEX solver finished. Gap: 69.180000
[INFO]:[03:53:36] New incumbent found with objective value: 4.5
[INFO]:[03:53:36] Starting CPLEX solver on instance: /home/yorig/tuner/mpils-tests/instances/miplib/easy/neos-4413714-turia.mps with config: /scratch/yorig/mpils-results-grid-ticks-10000-7may/easy/24proc-4pils/seed-3/6_neos-4413714-turia_seed-3_20260510_035158/iterated_local_search/run_3_worker_8/ils_config_10108576522030634562.prm
[INFO]:[03:53:36] Starting CPLEX solver on instance: /home/yorig/tuner/mpils-tests/instances/miplib/easy/neos-4413714-turia.mps with config: /scratch/yorig/mpils-results-grid-ticks-10000-7may/easy/24proc-4pils/seed-3/6_neos-4413714-turia_seed-3_20260510_035158/iterated_local_search/run_3_worker_8/ils_config_10108576522030634562.prm
[INFO]:[03:53:43] CPLEX results. Gap: 21.570000, upper bound: 55.430127, lower bound: 43.474651
[INFO]:[03:53:43] CPLEX solver finished. Gap: 21.570000
[INFO]:[03:53:43] Local search phase completed.
[INFO]:[03:53:43] Total number of new local-search evaluations: 8
[INFO]:[03:53:43] Final incumbent objective value: 4.5
[INFO]:[03:53:45] Worker 8 completed exploration phase.
[INFO]:[03:53:45] Worker 8 received order for step 2.
[INFO]:[03:53:45] Worker 8 running expansion phase for iteration 3.
[INFO]:[03:53:45] Worker 8 will use solver log file: /scratch/yorig/mpils-results-grid-ticks-10000-7may/easy/24proc-4pils/seed-3/6_neos-4413714-turia_seed-3_20260510_035158/solver/cplex.log_iteration_expansion_3_worker_8
[INFO]:[03:53:45] Expansion Worker 8 starting expansion for iteration 3.
[INFO]:[03:53:45] Starting CPLEX solver on instance: /home/yorig/tuner/mpils-tests/instances/miplib/easy/neos-4413714-turia.mps with config: /scratch/yorig/mpils-results-grid-ticks-10000-7may/easy/24proc-4pils/seed-3/6_neos-4413714-turia_seed-3_20260510_035158/expansion/config_param_CPXPARAM_Preprocessing_Dual_-1_iter_3.prm
[INFO]:[03:53:52] CPLEX results. Gap: 4.500000, upper bound: 45.521065, lower bound: 43.474651
[INFO]:[03:53:52] CPLEX solver finished. Gap: 4.500000
[INFO]:[03:53:54] Starting CPLEX solver on instance: /home/yorig/tuner/mpils-tests/instances/miplib/easy/neos-4413714-turia.mps with config: /scratch/yorig/mpils-results-grid-ticks-10000-7may/easy/24proc-4pils/seed-3/6_neos-4413714-turia_seed-3_20260510_035158/expansion/config_param_CPXPARAM_Simplex_DGradient_5_iter_3.prm
[INFO]:[03:54:00] CPLEX results. Gap: 91.300000, upper bound: 499.635492, lower bound: 43.474651
[INFO]:[03:54:00] CPLEX solver finished. Gap: 91.300000
[INFO]:[03:54:07] Expansion Worker 8 completed expansion.
[INFO]:[03:54:07] Worker 8 completed expansion phase.
[INFO]:[03:54:07] Worker 8 received order for step 1.
[INFO]:[03:54:07] Worker 8 running exploration phase for iteration 4.
[INFO]:[03:54:07] Worker 8 at iteration 4 will not use a MIP start file. Current best MIP-start upper bound threshold is 1.79769e+308.
[INFO]:[03:54:07] Starting local search phase...
[INFO]:[03:54:07] Creating local search space from parameter space file: /scratch/yorig/mpils-results-grid-ticks-10000-7may/easy/24proc-4pils/seed-3/6_neos-4413714-turia_seed-3_20260510_035158/iterated_local_search/search_space/search_space_file_4_worker_8.txt
[INFO]:[03:54:07] Local search space loaded from file: /scratch/yorig/mpils-results-grid-ticks-10000-7may/easy/24proc-4pils/seed-3/6_neos-4413714-turia_seed-3_20260510_035158/iterated_local_search/search_space/search_space_file_4_worker_8.txt
[INFO]:[03:54:07] Number of parameters in local search space: 71
[INFO]:[03:54:07] Number of forbidden tuples in local search space: 61
[INFO]:[03:54:07] Number of conditionals in local search space: 6
[INFO]:[03:54:07] MIP start option not enabled. Local search will proceed without MIP start.
[INFO]:[03:54:07] Starting CPLEX solver on instance: /home/yorig/tuner/mpils-tests/instances/miplib/easy/neos-4413714-turia.mps with config: /scratch/yorig/mpils-results-grid-ticks-10000-7may/easy/24proc-4pils/seed-3/6_neos-4413714-turia_seed-3_20260510_035158/iterated_local_search/run_4_worker_8/ils_config_8711585617842556028.prm
[INFO]:[03:54:07] Starting CPLEX solver on instance: /home/yorig/tuner/mpils-tests/instances/miplib/easy/neos-4413714-turia.mps with config: /scratch/yorig/mpils-results-grid-ticks-10000-7may/easy/24proc-4pils/seed-3/6_neos-4413714-turia_seed-3_20260510_035158/iterated_local_search/run_4_worker_8/ils_config_8711585617842556028.prm
[INFO]:[03:54:15] CPLEX results. Gap: 100.000000, upper bound: 499.635492, lower bound: 0.000000
[INFO]:[03:54:15] CPLEX solver finished. Gap: 100.000000
[INFO]:[03:54:15] Starting CPLEX solver on instance: /home/yorig/tuner/mpils-tests/instances/miplib/easy/neos-4413714-turia.mps with config: /scratch/yorig/mpils-results-grid-ticks-10000-7may/easy/24proc-4pils/seed-3/6_neos-4413714-turia_seed-3_20260510_035158/iterated_local_search/run_4_worker_8/ils_config_15520756125969672917.prm
[INFO]:[03:54:15] Starting CPLEX solver on instance: /home/yorig/tuner/mpils-tests/instances/miplib/easy/neos-4413714-turia.mps with config: /scratch/yorig/mpils-results-grid-ticks-10000-7may/easy/24proc-4pils/seed-3/6_neos-4413714-turia_seed-3_20260510_035158/iterated_local_search/run_4_worker_8/ils_config_15520756125969672917.prm
[INFO]:[03:54:21] CPLEX results. Gap: 100.000000, upper bound: 499.635492, lower bound: 0.000000
[INFO]:[03:54:21] CPLEX solver finished. Gap: 100.000000
[INFO]:[03:54:22] Local search phase completed.
[INFO]:[03:54:22] Total number of new local-search evaluations: 8
[INFO]:[03:54:22] Final incumbent objective value: 100
[INFO]:[03:54:23] Worker 8 completed exploration phase.
[INFO]:[03:54:23] Worker 8 received order for step 2.
[INFO]:[03:54:23] Worker 8 running expansion phase for iteration 4.
[INFO]:[03:54:23] Worker 8 will use solver log file: /scratch/yorig/mpils-results-grid-ticks-10000-7may/easy/24proc-4pils/seed-3/6_neos-4413714-turia_seed-3_20260510_035158/solver/cplex.log_iteration_expansion_4_worker_8
[INFO]:[03:54:23] Expansion Worker 8 starting expansion for iteration 4.
[INFO]:[03:54:23] Starting CPLEX solver on instance: /home/yorig/tuner/mpils-tests/instances/miplib/easy/neos-4413714-turia.mps with config: /scratch/yorig/mpils-results-grid-ticks-10000-7may/easy/24proc-4pils/seed-3/6_neos-4413714-turia_seed-3_20260510_035158/expansion/config_param_CPXPARAM_Preprocessing_Fill_5_iter_4.prm
[INFO]:[03:54:30] CPLEX results. Gap: 4.500000, upper bound: 45.521065, lower bound: 43.474651
[INFO]:[03:54:30] CPLEX solver finished. Gap: 4.500000
[INFO]:[03:54:38] Expansion Worker 8 completed expansion.
[INFO]:[03:54:38] Worker 8 completed expansion phase.
[INFO]:[03:54:38] Worker 8 received order for step 1.
[INFO]:[03:54:38] Worker 8 running exploration phase for iteration 5.
[INFO]:[03:54:38] Worker 8 at iteration 5 will not use a MIP start file. Current best MIP-start upper bound threshold is 1.79769e+308.
[INFO]:[03:54:38] Starting local search phase...
[INFO]:[03:54:38] Creating local search space from parameter space file: /scratch/yorig/mpils-results-grid-ticks-10000-7may/easy/24proc-4pils/seed-3/6_neos-4413714-turia_seed-3_20260510_035158/iterated_local_search/search_space/search_space_file_5_worker_8.txt
[INFO]:[03:54:38] Local search space loaded from file: /scratch/yorig/mpils-results-grid-ticks-10000-7may/easy/24proc-4pils/seed-3/6_neos-4413714-turia_seed-3_20260510_035158/iterated_local_search/search_space/search_space_file_5_worker_8.txt
[INFO]:[03:54:38] Number of parameters in local search space: 71
[INFO]:[03:54:38] Number of forbidden tuples in local search space: 86
[INFO]:[03:54:38] Number of conditionals in local search space: 6
[INFO]:[03:54:38] MIP start option not enabled. Local search will proceed without MIP start.
[INFO]:[03:54:38] Starting CPLEX solver on instance: /home/yorig/tuner/mpils-tests/instances/miplib/easy/neos-4413714-turia.mps with config: /scratch/yorig/mpils-results-grid-ticks-10000-7may/easy/24proc-4pils/seed-3/6_neos-4413714-turia_seed-3_20260510_035158/iterated_local_search/run_5_worker_8/ils_config_15002047138383597549.prm
[INFO]:[03:54:38] Starting CPLEX solver on instance: /home/yorig/tuner/mpils-tests/instances/miplib/easy/neos-4413714-turia.mps with config: /scratch/yorig/mpils-results-grid-ticks-10000-7may/easy/24proc-4pils/seed-3/6_neos-4413714-turia_seed-3_20260510_035158/iterated_local_search/run_5_worker_8/ils_config_15002047138383597549.prm
[INFO]:[03:54:44] CPLEX results. Gap: 100.000000, upper bound: 500.000000, lower bound: 0.000000
[INFO]:[03:54:44] CPLEX solver finished. Gap: 100.000000
[INFO]:[03:54:45] New incumbent found with objective value: 21.57
[INFO]:[03:54:45] Starting CPLEX solver on instance: /home/yorig/tuner/mpils-tests/instances/miplib/easy/neos-4413714-turia.mps with config: /scratch/yorig/mpils-results-grid-ticks-10000-7may/easy/24proc-4pils/seed-3/6_neos-4413714-turia_seed-3_20260510_035158/iterated_local_search/run_5_worker_8/ils_config_9372024819770804927.prm
[INFO]:[03:54:45] Starting CPLEX solver on instance: /home/yorig/tuner/mpils-tests/instances/miplib/easy/neos-4413714-turia.mps with config: /scratch/yorig/mpils-results-grid-ticks-10000-7may/easy/24proc-4pils/seed-3/6_neos-4413714-turia_seed-3_20260510_035158/iterated_local_search/run_5_worker_8/ils_config_9372024819770804927.prm
[INFO]:[03:54:52] CPLEX results. Gap: 21.570000, upper bound: 55.430127, lower bound: 43.474651
[INFO]:[03:54:52] CPLEX solver finished. Gap: 21.570000
[INFO]:[03:54:52] Starting CPLEX solver on instance: /home/yorig/tuner/mpils-tests/instances/miplib/easy/neos-4413714-turia.mps with config: /scratch/yorig/mpils-results-grid-ticks-10000-7may/easy/24proc-4pils/seed-3/6_neos-4413714-turia_seed-3_20260510_035158/iterated_local_search/run_5_worker_8/ils_config_4968810492316365393.prm
[INFO]:[03:54:52] Starting CPLEX solver on instance: /home/yorig/tuner/mpils-tests/instances/miplib/easy/neos-4413714-turia.mps with config: /scratch/yorig/mpils-results-grid-ticks-10000-7may/easy/24proc-4pils/seed-3/6_neos-4413714-turia_seed-3_20260510_035158/iterated_local_search/run_5_worker_8/ils_config_4968810492316365393.prm
[INFO]:[03:54:59] CPLEX results. Gap: 21.570000, upper bound: 55.430127, lower bound: 43.474651
[INFO]:[03:54:59] CPLEX solver finished. Gap: 21.570000
[INFO]:[03:54:59] Starting CPLEX solver on instance: /home/yorig/tuner/mpils-tests/instances/miplib/easy/neos-4413714-turia.mps with config: /scratch/yorig/mpils-results-grid-ticks-10000-7may/easy/24proc-4pils/seed-3/6_neos-4413714-turia_seed-3_20260510_035158/iterated_local_search/run_5_worker_8/ils_config_2727125742935384589.prm
[INFO]:[03:54:59] Starting CPLEX solver on instance: /home/yorig/tuner/mpils-tests/instances/miplib/easy/neos-4413714-turia.mps with config: /scratch/yorig/mpils-results-grid-ticks-10000-7may/easy/24proc-4pils/seed-3/6_neos-4413714-turia_seed-3_20260510_035158/iterated_local_search/run_5_worker_8/ils_config_2727125742935384589.prm
[INFO]:[03:55:06] CPLEX results. Gap: 21.570000, upper bound: 55.430127, lower bound: 43.474651
[INFO]:[03:55:06] CPLEX solver finished. Gap: 21.570000
[INFO]:[03:55:06] Starting CPLEX solver on instance: /home/yorig/tuner/mpils-tests/instances/miplib/easy/neos-4413714-turia.mps with config: /scratch/yorig/mpils-results-grid-ticks-10000-7may/easy/24proc-4pils/seed-3/6_neos-4413714-turia_seed-3_20260510_035158/iterated_local_search/run_5_worker_8/ils_config_6456014865620083651.prm
[INFO]:[03:55:06] Starting CPLEX solver on instance: /home/yorig/tuner/mpils-tests/instances/miplib/easy/neos-4413714-turia.mps with config: /scratch/yorig/mpils-results-grid-ticks-10000-7may/easy/24proc-4pils/seed-3/6_neos-4413714-turia_seed-3_20260510_035158/iterated_local_search/run_5_worker_8/ils_config_6456014865620083651.prm
[INFO]:[03:55:13] CPLEX results. Gap: 21.570000, upper bound: 55.430127, lower bound: 43.474651
[INFO]:[03:55:13] CPLEX solver finished. Gap: 21.570000
[INFO]:[03:55:13] Starting CPLEX solver on instance: /home/yorig/tuner/mpils-tests/instances/miplib/easy/neos-4413714-turia.mps with config: /scratch/yorig/mpils-results-grid-ticks-10000-7may/easy/24proc-4pils/seed-3/6_neos-4413714-turia_seed-3_20260510_035158/iterated_local_search/run_5_worker_8/ils_config_16884496304415008344.prm
[INFO]:[03:55:13] Starting CPLEX solver on instance: /home/yorig/tuner/mpils-tests/instances/miplib/easy/neos-4413714-turia.mps with config: /scratch/yorig/mpils-results-grid-ticks-10000-7may/easy/24proc-4pils/seed-3/6_neos-4413714-turia_seed-3_20260510_035158/iterated_local_search/run_5_worker_8/ils_config_16884496304415008344.prm
[INFO]:[03:55:21] CPLEX results. Gap: 21.570000, upper bound: 55.430127, lower bound: 43.474651
[INFO]:[03:55:21] CPLEX solver finished. Gap: 21.570000
[INFO]:[03:55:21] Starting CPLEX solver on instance: /home/yorig/tuner/mpils-tests/instances/miplib/easy/neos-4413714-turia.mps with config: /scratch/yorig/mpils-results-grid-ticks-10000-7may/easy/24proc-4pils/seed-3/6_neos-4413714-turia_seed-3_20260510_035158/iterated_local_search/run_5_worker_8/ils_config_15277586778885659859.prm
[INFO]:[03:55:21] Starting CPLEX solver on instance: /home/yorig/tuner/mpils-tests/instances/miplib/easy/neos-4413714-turia.mps with config: /scratch/yorig/mpils-results-grid-ticks-10000-7may/easy/24proc-4pils/seed-3/6_neos-4413714-turia_seed-3_20260510_035158/iterated_local_search/run_5_worker_8/ils_config_15277586778885659859.prm
[INFO]:[03:55:28] CPLEX results. Gap: 21.570000, upper bound: 55.430127, lower bound: 43.474651
[INFO]:[03:55:28] CPLEX solver finished. Gap: 21.570000
[INFO]:[03:55:28] Starting CPLEX solver on instance: /home/yorig/tuner/mpils-tests/instances/miplib/easy/neos-4413714-turia.mps with config: /scratch/yorig/mpils-results-grid-ticks-10000-7may/easy/24proc-4pils/seed-3/6_neos-4413714-turia_seed-3_20260510_035158/iterated_local_search/run_5_worker_8/ils_config_839257934027065123.prm
[INFO]:[03:55:28] Starting CPLEX solver on instance: /home/yorig/tuner/mpils-tests/instances/miplib/easy/neos-4413714-turia.mps with config: /scratch/yorig/mpils-results-grid-ticks-10000-7may/easy/24proc-4pils/seed-3/6_neos-4413714-turia_seed-3_20260510_035158/iterated_local_search/run_5_worker_8/ils_config_839257934027065123.prm
[INFO]:[03:55:35] CPLEX results. Gap: 21.570000, upper bound: 55.430127, lower bound: 43.474651
[INFO]:[03:55:35] CPLEX solver finished. Gap: 21.570000
[INFO]:[03:55:35] Local search phase completed.
[INFO]:[03:55:35] Total number of new local-search evaluations: 32
[INFO]:[03:55:35] Final incumbent objective value: 21.57
[INFO]:[03:55:40] Worker 8 completed exploration phase.
[INFO]:[03:55:40] Worker 8 received order for step 2.
[INFO]:[03:55:40] Worker 8 running expansion phase for iteration 5.
[INFO]:[03:55:40] Worker 8 will use solver log file: /scratch/yorig/mpils-results-grid-ticks-10000-7may/easy/24proc-4pils/seed-3/6_neos-4413714-turia_seed-3_20260510_035158/solver/cplex.log_iteration_expansion_5_worker_8
[INFO]:[03:55:40] Expansion Worker 8 starting expansion for iteration 5.
[INFO]:[03:55:40] Starting CPLEX solver on instance: /home/yorig/tuner/mpils-tests/instances/miplib/easy/neos-4413714-turia.mps with config: /scratch/yorig/mpils-results-grid-ticks-10000-7may/easy/24proc-4pils/seed-3/6_neos-4413714-turia_seed-3_20260510_035158/expansion/config_param_CPXPARAM_MIP_OrderType_3_iter_5.prm
[INFO]:[03:55:47] CPLEX results. Gap: 4.500000, upper bound: 45.521065, lower bound: 43.474651
[INFO]:[03:55:47] CPLEX solver finished. Gap: 4.500000
[INFO]:[03:55:55] Expansion Worker 8 completed expansion.
[INFO]:[03:55:55] Worker 8 completed expansion phase.
[INFO]:[03:55:55] Worker 8 received order for step 1.
[INFO]:[03:55:55] Worker 8 running exploration phase for iteration 6.
[INFO]:[03:55:55] Worker 8 at iteration 6 will not use a MIP start file. Current best MIP-start upper bound threshold is 1.79769e+308.
[INFO]:[03:55:55] Starting local search phase...
[INFO]:[03:55:55] Creating local search space from parameter space file: /scratch/yorig/mpils-results-grid-ticks-10000-7may/easy/24proc-4pils/seed-3/6_neos-4413714-turia_seed-3_20260510_035158/iterated_local_search/search_space/search_space_file_6_worker_8.txt
[INFO]:[03:55:55] Local search space loaded from file: /scratch/yorig/mpils-results-grid-ticks-10000-7may/easy/24proc-4pils/seed-3/6_neos-4413714-turia_seed-3_20260510_035158/iterated_local_search/search_space/search_space_file_6_worker_8.txt
[INFO]:[03:55:55] Number of parameters in local search space: 71
[INFO]:[03:55:55] Number of forbidden tuples in local search space: 113
[INFO]:[03:55:55] Number of conditionals in local search space: 6
[INFO]:[03:55:55] MIP start option not enabled. Local search will proceed without MIP start.
[INFO]:[03:55:55] Starting CPLEX solver on instance: /home/yorig/tuner/mpils-tests/instances/miplib/easy/neos-4413714-turia.mps with config: /scratch/yorig/mpils-results-grid-ticks-10000-7may/easy/24proc-4pils/seed-3/6_neos-4413714-turia_seed-3_20260510_035158/iterated_local_search/run_6_worker_8/ils_config_10275221038737397850.prm
[INFO]:[03:55:55] Starting CPLEX solver on instance: /home/yorig/tuner/mpils-tests/instances/miplib/easy/neos-4413714-turia.mps with config: /scratch/yorig/mpils-results-grid-ticks-10000-7may/easy/24proc-4pils/seed-3/6_neos-4413714-turia_seed-3_20260510_035158/iterated_local_search/run_6_worker_8/ils_config_10275221038737397850.prm
[INFO]:[03:56:02] CPLEX results. Gap: 100.000000, upper bound: 499.635492, lower bound: 0.000000
[INFO]:[03:56:02] CPLEX solver finished. Gap: 100.000000
[INFO]:[03:56:04] New incumbent found with objective value: 21.57
[INFO]:[03:56:04] Starting CPLEX solver on instance: /home/yorig/tuner/mpils-tests/instances/miplib/easy/neos-4413714-turia.mps with config: /scratch/yorig/mpils-results-grid-ticks-10000-7may/easy/24proc-4pils/seed-3/6_neos-4413714-turia_seed-3_20260510_035158/iterated_local_search/run_6_worker_8/ils_config_5813695858479817853.prm
[INFO]:[03:56:04] Starting CPLEX solver on instance: /home/yorig/tuner/mpils-tests/instances/miplib/easy/neos-4413714-turia.mps with config: /scratch/yorig/mpils-results-grid-ticks-10000-7may/easy/24proc-4pils/seed-3/6_neos-4413714-turia_seed-3_20260510_035158/iterated_local_search/run_6_worker_8/ils_config_5813695858479817853.prm
[INFO]:[03:56:12] CPLEX results. Gap: 21.570000, upper bound: 55.430127, lower bound: 43.474651
[INFO]:[03:56:12] CPLEX solver finished. Gap: 21.570000
[INFO]:[03:56:12] Starting CPLEX solver on instance: /home/yorig/tuner/mpils-tests/instances/miplib/easy/neos-4413714-turia.mps with config: /scratch/yorig/mpils-results-grid-ticks-10000-7may/easy/24proc-4pils/seed-3/6_neos-4413714-turia_seed-3_20260510_035158/iterated_local_search/run_6_worker_8/ils_config_14468289014711401039.prm
[INFO]:[03:56:12] Starting CPLEX solver on instance: /home/yorig/tuner/mpils-tests/instances/miplib/easy/neos-4413714-turia.mps with config: /scratch/yorig/mpils-results-grid-ticks-10000-7may/easy/24proc-4pils/seed-3/6_neos-4413714-turia_seed-3_20260510_035158/iterated_local_search/run_6_worker_8/ils_config_14468289014711401039.prm
[INFO]:[03:56:20] CPLEX results. Gap: 21.570000, upper bound: 55.430127, lower bound: 43.474651
[INFO]:[03:56:20] CPLEX solver finished. Gap: 21.570000
[INFO]:[03:56:20] Starting CPLEX solver on instance: /home/yorig/tuner/mpils-tests/instances/miplib/easy/neos-4413714-turia.mps with config: /scratch/yorig/mpils-results-grid-ticks-10000-7may/easy/24proc-4pils/seed-3/6_neos-4413714-turia_seed-3_20260510_035158/iterated_local_search/run_6_worker_8/ils_config_15388250212402924880.prm
[INFO]:[03:56:20] Starting CPLEX solver on instance: /home/yorig/tuner/mpils-tests/instances/miplib/easy/neos-4413714-turia.mps with config: /scratch/yorig/mpils-results-grid-ticks-10000-7may/easy/24proc-4pils/seed-3/6_neos-4413714-turia_seed-3_20260510_035158/iterated_local_search/run_6_worker_8/ils_config_15388250212402924880.prm
[INFO]:[03:56:28] CPLEX results. Gap: 21.570000, upper bound: 55.430127, lower bound: 43.474651
[INFO]:[03:56:28] CPLEX solver finished. Gap: 21.570000
[INFO]:[03:56:29] Starting CPLEX solver on instance: /home/yorig/tuner/mpils-tests/instances/miplib/easy/neos-4413714-turia.mps with config: /scratch/yorig/mpils-results-grid-ticks-10000-7may/easy/24proc-4pils/seed-3/6_neos-4413714-turia_seed-3_20260510_035158/iterated_local_search/run_6_worker_8/ils_config_2903961386224467528.prm
[INFO]:[03:56:29] Starting CPLEX solver on instance: /home/yorig/tuner/mpils-tests/instances/miplib/easy/neos-4413714-turia.mps with config: /scratch/yorig/mpils-results-grid-ticks-10000-7may/easy/24proc-4pils/seed-3/6_neos-4413714-turia_seed-3_20260510_035158/iterated_local_search/run_6_worker_8/ils_config_2903961386224467528.prm
[INFO]:[03:56:37] CPLEX results. Gap: 21.570000, upper bound: 55.430127, lower bound: 43.474651
[INFO]:[03:56:37] CPLEX solver finished. Gap: 21.570000
[INFO]:[03:56:37] Starting CPLEX solver on instance: /home/yorig/tuner/mpils-tests/instances/miplib/easy/neos-4413714-turia.mps with config: /scratch/yorig/mpils-results-grid-ticks-10000-7may/easy/24proc-4pils/seed-3/6_neos-4413714-turia_seed-3_20260510_035158/iterated_local_search/run_6_worker_8/ils_config_13249895509459069905.prm
[INFO]:[03:56:37] Starting CPLEX solver on instance: /home/yorig/tuner/mpils-tests/instances/miplib/easy/neos-4413714-turia.mps with config: /scratch/yorig/mpils-results-grid-ticks-10000-7may/easy/24proc-4pils/seed-3/6_neos-4413714-turia_seed-3_20260510_035158/iterated_local_search/run_6_worker_8/ils_config_13249895509459069905.prm
[INFO]:[03:56:45] CPLEX results. Gap: 21.570000, upper bound: 55.430127, lower bound: 43.474651
[INFO]:[03:56:45] CPLEX solver finished. Gap: 21.570000
[INFO]:[03:56:45] Starting CPLEX solver on instance: /home/yorig/tuner/mpils-tests/instances/miplib/easy/neos-4413714-turia.mps with config: /scratch/yorig/mpils-results-grid-ticks-10000-7may/easy/24proc-4pils/seed-3/6_neos-4413714-turia_seed-3_20260510_035158/iterated_local_search/run_6_worker_8/ils_config_401665804478776278.prm
[INFO]:[03:56:45] Starting CPLEX solver on instance: /home/yorig/tuner/mpils-tests/instances/miplib/easy/neos-4413714-turia.mps with config: /scratch/yorig/mpils-results-grid-ticks-10000-7may/easy/24proc-4pils/seed-3/6_neos-4413714-turia_seed-3_20260510_035158/iterated_local_search/run_6_worker_8/ils_config_401665804478776278.prm
[INFO]:[03:56:54] CPLEX results. Gap: 21.570000, upper bound: 55.430127, lower bound: 43.474651
[INFO]:[03:56:54] CPLEX solver finished. Gap: 21.570000
[INFO]:[03:56:54] Starting CPLEX solver on instance: /home/yorig/tuner/mpils-tests/instances/miplib/easy/neos-4413714-turia.mps with config: /scratch/yorig/mpils-results-grid-ticks-10000-7may/easy/24proc-4pils/seed-3/6_neos-4413714-turia_seed-3_20260510_035158/iterated_local_search/run_6_worker_8/ils_config_15866300176161680651.prm
[INFO]:[03:56:54] Starting CPLEX solver on instance: /home/yorig/tuner/mpils-tests/instances/miplib/easy/neos-4413714-turia.mps with config: /scratch/yorig/mpils-results-grid-ticks-10000-7may/easy/24proc-4pils/seed-3/6_neos-4413714-turia_seed-3_20260510_035158/iterated_local_search/run_6_worker_8/ils_config_15866300176161680651.prm
[INFO]:[03:57:02] CPLEX results. Gap: 21.570000, upper bound: 55.430127, lower bound: 43.474651
[INFO]:[03:57:02] CPLEX solver finished. Gap: 21.570000
[INFO]:[03:57:02] Local search phase completed.
[INFO]:[03:57:02] Total number of new local-search evaluations: 32
[INFO]:[03:57:02] Final incumbent objective value: 21.57
[INFO]:[03:57:02] Worker 8 completed exploration phase.
[INFO]:[03:57:02] Worker 8 received order for step 2.
[INFO]:[03:57:02] Worker 8 running expansion phase for iteration 6.
[INFO]:[03:57:02] Worker 8 will use solver log file: /scratch/yorig/mpils-results-grid-ticks-10000-7may/easy/24proc-4pils/seed-3/6_neos-4413714-turia_seed-3_20260510_035158/solver/cplex.log_iteration_expansion_6_worker_8
[INFO]:[03:57:02] Expansion Worker 8 starting expansion for iteration 6.
[INFO]:[03:57:02] Starting CPLEX solver on instance: /home/yorig/tuner/mpils-tests/instances/miplib/easy/neos-4413714-turia.mps with config: /scratch/yorig/mpils-results-grid-ticks-10000-7may/easy/24proc-4pils/seed-3/6_neos-4413714-turia_seed-3_20260510_035158/expansion/config_param_CPXPARAM_Sifting_Algorithm_1_iter_6.prm
[INFO]:[03:57:09] CPLEX results. Gap: 4.500000, upper bound: 45.521065, lower bound: 43.474651
[INFO]:[03:57:09] CPLEX solver finished. Gap: 4.500000
[INFO]:[03:57:18] Expansion Worker 8 completed expansion.
[INFO]:[03:57:18] Worker 8 completed expansion phase.
[INFO]:[03:57:19] Worker 8 received order for step 1.
[INFO]:[03:57:19] Worker 8 running exploration phase for iteration 7.
[INFO]:[03:57:19] Worker 8 at iteration 7 will not use a MIP start file. Current best MIP-start upper bound threshold is 1.79769e+308.
[INFO]:[03:57:19] Starting local search phase...
[INFO]:[03:57:19] Creating local search space from parameter space file: /scratch/yorig/mpils-results-grid-ticks-10000-7may/easy/24proc-4pils/seed-3/6_neos-4413714-turia_seed-3_20260510_035158/iterated_local_search/search_space/search_space_file_7_worker_8.txt
[INFO]:[03:57:19] Local search space loaded from file: /scratch/yorig/mpils-results-grid-ticks-10000-7may/easy/24proc-4pils/seed-3/6_neos-4413714-turia_seed-3_20260510_035158/iterated_local_search/search_space/search_space_file_7_worker_8.txt
[INFO]:[03:57:19] Number of parameters in local search space: 71
[INFO]:[03:57:19] Number of forbidden tuples in local search space: 145
[INFO]:[03:57:19] Number of conditionals in local search space: 6
[INFO]:[03:57:19] MIP start option not enabled. Local search will proceed without MIP start.
[INFO]:[03:57:19] Starting CPLEX solver on instance: /home/yorig/tuner/mpils-tests/instances/miplib/easy/neos-4413714-turia.mps with config: /scratch/yorig/mpils-results-grid-ticks-10000-7may/easy/24proc-4pils/seed-3/6_neos-4413714-turia_seed-3_20260510_035158/iterated_local_search/run_7_worker_8/ils_config_1991461323775699566.prm
[INFO]:[03:57:19] Starting CPLEX solver on instance: /home/yorig/tuner/mpils-tests/instances/miplib/easy/neos-4413714-turia.mps with config: /scratch/yorig/mpils-results-grid-ticks-10000-7may/easy/24proc-4pils/seed-3/6_neos-4413714-turia_seed-3_20260510_035158/iterated_local_search/run_7_worker_8/ils_config_1991461323775699566.prm
[INFO]:[03:57:25] CPLEX results. Gap: 91.310000, upper bound: 500.000000, lower bound: 43.474651
[INFO]:[03:57:25] CPLEX solver finished. Gap: 91.310000
[INFO]:[03:57:26] New incumbent found with objective value: 91.3
[INFO]:[03:57:26] Starting CPLEX solver on instance: /home/yorig/tuner/mpils-tests/instances/miplib/easy/neos-4413714-turia.mps with config: /scratch/yorig/mpils-results-grid-ticks-10000-7may/easy/24proc-4pils/seed-3/6_neos-4413714-turia_seed-3_20260510_035158/iterated_local_search/run_7_worker_8/ils_config_16415803185421705495.prm
[INFO]:[03:57:26] Starting CPLEX solver on instance: /home/yorig/tuner/mpils-tests/instances/miplib/easy/neos-4413714-turia.mps with config: /scratch/yorig/mpils-results-grid-ticks-10000-7may/easy/24proc-4pils/seed-3/6_neos-4413714-turia_seed-3_20260510_035158/iterated_local_search/run_7_worker_8/ils_config_16415803185421705495.prm
[INFO]:[03:57:33] CPLEX results. Gap: 91.300000, upper bound: 499.635492, lower bound: 43.474651
[INFO]:[03:57:33] CPLEX solver finished. Gap: 91.300000
[INFO]:[03:57:33] Starting CPLEX solver on instance: /home/yorig/tuner/mpils-tests/instances/miplib/easy/neos-4413714-turia.mps with config: /scratch/yorig/mpils-results-grid-ticks-10000-7may/easy/24proc-4pils/seed-3/6_neos-4413714-turia_seed-3_20260510_035158/iterated_local_search/run_7_worker_8/ils_config_14289363530507185558.prm
[INFO]:[03:57:33] Starting CPLEX solver on instance: /home/yorig/tuner/mpils-tests/instances/miplib/easy/neos-4413714-turia.mps with config: /scratch/yorig/mpils-results-grid-ticks-10000-7may/easy/24proc-4pils/seed-3/6_neos-4413714-turia_seed-3_20260510_035158/iterated_local_search/run_7_worker_8/ils_config_14289363530507185558.prm
[INFO]:[03:57:39] CPLEX results. Gap: 91.300000, upper bound: 499.635492, lower bound: 43.474651
[INFO]:[03:57:39] CPLEX solver finished. Gap: 91.300000
[INFO]:[03:57:39] Starting CPLEX solver on instance: /home/yorig/tuner/mpils-tests/instances/miplib/easy/neos-4413714-turia.mps with config: /scratch/yorig/mpils-results-grid-ticks-10000-7may/easy/24proc-4pils/seed-3/6_neos-4413714-turia_seed-3_20260510_035158/iterated_local_search/run_7_worker_8/ils_config_12869946751396766312.prm
[INFO]:[03:57:39] Starting CPLEX solver on instance: /home/yorig/tuner/mpils-tests/instances/miplib/easy/neos-4413714-turia.mps with config: /scratch/yorig/mpils-results-grid-ticks-10000-7may/easy/24proc-4pils/seed-3/6_neos-4413714-turia_seed-3_20260510_035158/iterated_local_search/run_7_worker_8/ils_config_12869946751396766312.prm
[INFO]:[03:57:46] CPLEX results. Gap: 91.300000, upper bound: 499.635492, lower bound: 43.474651
[INFO]:[03:57:46] CPLEX solver finished. Gap: 91.300000
[INFO]:[03:57:46] Starting CPLEX solver on instance: /home/yorig/tuner/mpils-tests/instances/miplib/easy/neos-4413714-turia.mps with config: /scratch/yorig/mpils-results-grid-ticks-10000-7may/easy/24proc-4pils/seed-3/6_neos-4413714-turia_seed-3_20260510_035158/iterated_local_search/run_7_worker_8/ils_config_16746813058101109419.prm
[INFO]:[03:57:46] Starting CPLEX solver on instance: /home/yorig/tuner/mpils-tests/instances/miplib/easy/neos-4413714-turia.mps with config: /scratch/yorig/mpils-results-grid-ticks-10000-7may/easy/24proc-4pils/seed-3/6_neos-4413714-turia_seed-3_20260510_035158/iterated_local_search/run_7_worker_8/ils_config_16746813058101109419.prm
[INFO]:[03:57:53] CPLEX results. Gap: 91.300000, upper bound: 499.635492, lower bound: 43.474651
[INFO]:[03:57:53] CPLEX solver finished. Gap: 91.300000
[INFO]:[03:57:54] Starting CPLEX solver on instance: /home/yorig/tuner/mpils-tests/instances/miplib/easy/neos-4413714-turia.mps with config: /scratch/yorig/mpils-results-grid-ticks-10000-7may/easy/24proc-4pils/seed-3/6_neos-4413714-turia_seed-3_20260510_035158/iterated_local_search/run_7_worker_8/ils_config_11878098009144511221.prm
[INFO]:[03:57:54] Starting CPLEX solver on instance: /home/yorig/tuner/mpils-tests/instances/miplib/easy/neos-4413714-turia.mps with config: /scratch/yorig/mpils-results-grid-ticks-10000-7may/easy/24proc-4pils/seed-3/6_neos-4413714-turia_seed-3_20260510_035158/iterated_local_search/run_7_worker_8/ils_config_11878098009144511221.prm
[INFO]:[03:58:01] CPLEX results. Gap: 91.300000, upper bound: 499.635492, lower bound: 43.474651
[INFO]:[03:58:01] CPLEX solver finished. Gap: 91.300000
[INFO]:[03:58:01] Starting CPLEX solver on instance: /home/yorig/tuner/mpils-tests/instances/miplib/easy/neos-4413714-turia.mps with config: /scratch/yorig/mpils-results-grid-ticks-10000-7may/easy/24proc-4pils/seed-3/6_neos-4413714-turia_seed-3_20260510_035158/iterated_local_search/run_7_worker_8/ils_config_17694531036957690818.prm
[INFO]:[03:58:01] Starting CPLEX solver on instance: /home/yorig/tuner/mpils-tests/instances/miplib/easy/neos-4413714-turia.mps with config: /scratch/yorig/mpils-results-grid-ticks-10000-7may/easy/24proc-4pils/seed-3/6_neos-4413714-turia_seed-3_20260510_035158/iterated_local_search/run_7_worker_8/ils_config_17694531036957690818.prm
[INFO]:[03:58:07] CPLEX results. Gap: 91.300000, upper bound: 499.635492, lower bound: 43.474651
[INFO]:[03:58:07] CPLEX solver finished. Gap: 91.300000
[INFO]:[03:58:07] Starting CPLEX solver on instance: /home/yorig/tuner/mpils-tests/instances/miplib/easy/neos-4413714-turia.mps with config: /scratch/yorig/mpils-results-grid-ticks-10000-7may/easy/24proc-4pils/seed-3/6_neos-4413714-turia_seed-3_20260510_035158/iterated_local_search/run_7_worker_8/ils_config_2688971264217460434.prm
[INFO]:[03:58:07] Starting CPLEX solver on instance: /home/yorig/tuner/mpils-tests/instances/miplib/easy/neos-4413714-turia.mps with config: /scratch/yorig/mpils-results-grid-ticks-10000-7may/easy/24proc-4pils/seed-3/6_neos-4413714-turia_seed-3_20260510_035158/iterated_local_search/run_7_worker_8/ils_config_2688971264217460434.prm
[INFO]:[03:58:14] CPLEX results. Gap: 91.300000, upper bound: 499.635492, lower bound: 43.474651
[INFO]:[03:58:14] CPLEX solver finished. Gap: 91.300000
[INFO]:[03:58:14] Local search phase completed.
[INFO]:[03:58:14] Total number of new local-search evaluations: 32
[INFO]:[03:58:14] Final incumbent objective value: 91.3
[INFO]:[03:58:20] Worker 8 completed exploration phase.
[INFO]:[03:58:20] Worker 8 received order for step 3.
[INFO]:[03:58:20] Worker 8 finished.
