[INFO]:[08:22:02] Worker 14 starting.
[INFO]:[08:22:02] Worker 14 received order for step 1.
[INFO]:[08:22:02] Worker 14 running exploration phase for iteration 1.
[INFO]:[08:22:02] Worker 14 at iteration 1 will not use a MIP start file. Current best MIP-start upper bound threshold is 1.79769e+308.
[INFO]:[08:22:02] Starting local search phase...
[INFO]:[08:22:02] Worker (ils_group_rank=14) entering parallel ILS evaluation service.
[INFO]:[08:22:02] Starting CPLEX solver on instance: /home/yorig/tuner/mpils-tests/instances/miplib/medium-2/supportcase6.mps with config: /scratch/yorig/mpils-results-grid-ticks-10000-7may/medium-2/16proc-16pils/seed-4/9_supportcase6_seed-4_20260510_082201/iterated_local_search/run_1_worker_0/parallel_0_14.prm
[INFO]:[08:22:10] CPLEX results. Gap: 51.310000, upper bound: 92599.946613, lower bound: 45090.732163
[INFO]:[08:22:10] CPLEX solver finished. Gap: 51.310000
[INFO]:[08:22:11] Starting CPLEX solver on instance: /home/yorig/tuner/mpils-tests/instances/miplib/medium-2/supportcase6.mps with config: /scratch/yorig/mpils-results-grid-ticks-10000-7may/medium-2/16proc-16pils/seed-4/9_supportcase6_seed-4_20260510_082201/iterated_local_search/run_1_worker_0/parallel_16_14.prm
[INFO]:[08:22:17] CPLEX results. Gap: 13.330000, upper bound: 52112.367686, lower bound: 45165.579073
[INFO]:[08:22:17] CPLEX solver finished. Gap: 13.330000
[INFO]:[08:22:20] Worker (ils_group_rank=14) exiting parallel ILS evaluation service.
[INFO]:[08:22:20] Worker 14 completed exploration phase.
[INFO]:[08:22:20] Worker 14 received order for step 2.
[INFO]:[08:22:20] Worker 14 running expansion phase for iteration 1.
[INFO]:[08:22:20] Worker 14 will use solver log file: /scratch/yorig/mpils-results-grid-ticks-10000-7may/medium-2/16proc-16pils/seed-4/9_supportcase6_seed-4_20260510_082201/solver/cplex.log_iteration_expansion_1_worker_14
[INFO]:[08:22:20] Expansion Worker 14 starting expansion for iteration 1.
[INFO]:[08:22:20] Starting CPLEX solver on instance: /home/yorig/tuner/mpils-tests/instances/miplib/medium-2/supportcase6.mps with config: /scratch/yorig/mpils-results-grid-ticks-10000-7may/medium-2/16proc-16pils/seed-4/9_supportcase6_seed-4_20260510_082201/expansion/config_param_CPXPARAM_MIP_Strategy_NodeSelect_2_iter_1.prm
[INFO]:[08:22:26] CPLEX results. Gap: 13.330000, upper bound: 52112.367686, lower bound: 45165.579073
[INFO]:[08:22:26] CPLEX solver finished. Gap: 13.330000
[INFO]:[08:22:29] Starting CPLEX solver on instance: /home/yorig/tuner/mpils-tests/instances/miplib/medium-2/supportcase6.mps with config: /scratch/yorig/mpils-results-grid-ticks-10000-7may/medium-2/16proc-16pils/seed-4/9_supportcase6_seed-4_20260510_082201/expansion/config_param_CPXPARAM_MIP_Limits_ProbeTime_240_iter_1.prm
[INFO]:[08:22:37] CPLEX results. Gap: 100.000000, upper bound: 102597.533860, lower bound: 0.000000
[INFO]:[08:22:37] CPLEX solver finished. Gap: 100.000000
[INFO]:[08:22:37] Starting CPLEX solver on instance: /home/yorig/tuner/mpils-tests/instances/miplib/medium-2/supportcase6.mps with config: /scratch/yorig/mpils-results-grid-ticks-10000-7may/medium-2/16proc-16pils/seed-4/9_supportcase6_seed-4_20260510_082201/expansion/config_param_CPXPARAM_MIP_Strategy_BBInterval_30_iter_1.prm
[INFO]:[08:22:43] CPLEX results. Gap: 13.330000, upper bound: 52112.367686, lower bound: 45165.579073
[INFO]:[08:22:43] CPLEX solver finished. Gap: 13.330000
[INFO]:[08:22:49] Expansion Worker 14 completed expansion.
[INFO]:[08:22:49] Worker 14 completed expansion phase.
[INFO]:[08:22:49] Worker 14 received order for step 1.
[INFO]:[08:22:49] Worker 14 running exploration phase for iteration 2.
[INFO]:[08:22:49] Worker 14 at iteration 2 will not use a MIP start file. Current best MIP-start upper bound threshold is 1.79769e+308.
[INFO]:[08:22:49] Starting local search phase...
[INFO]:[08:22:49] Worker (ils_group_rank=14) entering parallel ILS evaluation service.
[INFO]:[08:22:49] Starting CPLEX solver on instance: /home/yorig/tuner/mpils-tests/instances/miplib/medium-2/supportcase6.mps with config: /scratch/yorig/mpils-results-grid-ticks-10000-7may/medium-2/16proc-16pils/seed-4/9_supportcase6_seed-4_20260510_082201/iterated_local_search/run_2_worker_0/parallel_0_14.prm
[INFO]:[08:22:56] CPLEX results. Gap: 13.420000, upper bound: 52121.593652, lower bound: 45124.740971
[INFO]:[08:22:56] CPLEX solver finished. Gap: 13.420000
[INFO]:[08:22:56] Worker (ils_group_rank=14) exiting parallel ILS evaluation service.
[INFO]:[08:22:56] Worker 14 completed exploration phase.
[INFO]:[08:22:56] Worker 14 received order for step 2.
[INFO]:[08:22:56] Worker 14 running expansion phase for iteration 2.
[INFO]:[08:22:56] Worker 14 will use solver log file: /scratch/yorig/mpils-results-grid-ticks-10000-7may/medium-2/16proc-16pils/seed-4/9_supportcase6_seed-4_20260510_082201/solver/cplex.log_iteration_expansion_2_worker_14
[INFO]:[08:22:56] Expansion Worker 14 starting expansion for iteration 2.
[INFO]:[08:22:56] Starting CPLEX solver on instance: /home/yorig/tuner/mpils-tests/instances/miplib/medium-2/supportcase6.mps with config: /scratch/yorig/mpils-results-grid-ticks-10000-7may/medium-2/16proc-16pils/seed-4/9_supportcase6_seed-4_20260510_082201/expansion/config_param_CPXPARAM_MIP_Strategy_LBHeur_1_iter_2.prm
[INFO]:[08:23:02] CPLEX results. Gap: 13.330000, upper bound: 52112.367686, lower bound: 45165.579073
[INFO]:[08:23:02] CPLEX solver finished. Gap: 13.330000
[INFO]:[08:23:04] Starting CPLEX solver on instance: /home/yorig/tuner/mpils-tests/instances/miplib/medium-2/supportcase6.mps with config: /scratch/yorig/mpils-results-grid-ticks-10000-7may/medium-2/16proc-16pils/seed-4/9_supportcase6_seed-4_20260510_082201/expansion/config_param_CPXPARAM_MIP_Strategy_SubAlgorithm_4_iter_2.prm
[INFO]:[08:23:09] CPLEX results. Gap: 55.980000, upper bound: 102597.533860, lower bound: 45163.337634
[INFO]:[08:23:09] CPLEX solver finished. Gap: 55.980000
[INFO]:[08:23:10] Expansion Worker 14 stopping early after global MPI expansion stop was activated.
[INFO]:[08:23:10] Expansion Worker 14 completed expansion.
[INFO]:[08:23:10] Worker 14 completed expansion phase.
[INFO]:[08:23:11] Worker 14 received order for step 1.
[INFO]:[08:23:11] Worker 14 running exploration phase for iteration 3.
[INFO]:[08:23:11] Worker 14 at iteration 3 will not use a MIP start file. Current best MIP-start upper bound threshold is 1.79769e+308.
[INFO]:[08:23:11] Starting local search phase...
[INFO]:[08:23:11] Worker (ils_group_rank=14) entering parallel ILS evaluation service.
[INFO]:[08:23:11] Starting CPLEX solver on instance: /home/yorig/tuner/mpils-tests/instances/miplib/medium-2/supportcase6.mps with config: /scratch/yorig/mpils-results-grid-ticks-10000-7may/medium-2/16proc-16pils/seed-4/9_supportcase6_seed-4_20260510_082201/iterated_local_search/run_3_worker_0/parallel_0_14.prm
[INFO]:[08:23:17] CPLEX results. Gap: 13.140000, upper bound: 51997.793313, lower bound: 45165.549162
[INFO]:[08:23:17] CPLEX solver finished. Gap: 13.140000
[INFO]:[08:23:19] Worker (ils_group_rank=14) exiting parallel ILS evaluation service.
[INFO]:[08:23:19] Worker 14 completed exploration phase.
[INFO]:[08:23:19] Worker 14 received order for step 2.
[INFO]:[08:23:19] Worker 14 running expansion phase for iteration 3.
[INFO]:[08:23:19] Worker 14 will use solver log file: /scratch/yorig/mpils-results-grid-ticks-10000-7may/medium-2/16proc-16pils/seed-4/9_supportcase6_seed-4_20260510_082201/solver/cplex.log_iteration_expansion_3_worker_14
[INFO]:[08:23:19] Expansion Worker 14 starting expansion for iteration 3.
[INFO]:[08:23:19] Starting CPLEX solver on instance: /home/yorig/tuner/mpils-tests/instances/miplib/medium-2/supportcase6.mps with config: /scratch/yorig/mpils-results-grid-ticks-10000-7may/medium-2/16proc-16pils/seed-4/9_supportcase6_seed-4_20260510_082201/expansion/config_param_CPXPARAM_Simplex_PGradient_4_iter_3.prm
[INFO]:[08:23:25] CPLEX results. Gap: 13.120000, upper bound: 51986.235455, lower bound: 45163.909449
[INFO]:[08:23:25] CPLEX solver finished. Gap: 13.120000
[INFO]:[08:23:25] Starting CPLEX solver on instance: /home/yorig/tuner/mpils-tests/instances/miplib/medium-2/supportcase6.mps with config: /scratch/yorig/mpils-results-grid-ticks-10000-7may/medium-2/16proc-16pils/seed-4/9_supportcase6_seed-4_20260510_082201/expansion/config_param_CPXPARAM_Barrier_Ordering_3_iter_3.prm
[INFO]:[08:23:31] CPLEX results. Gap: 13.120000, upper bound: 51986.235455, lower bound: 45163.909449
[INFO]:[08:23:31] CPLEX solver finished. Gap: 13.120000
[INFO]:[08:23:37] Expansion Worker 14 completed expansion.
[INFO]:[08:23:37] Worker 14 completed expansion phase.
[INFO]:[08:23:37] Worker 14 received order for step 1.
[INFO]:[08:23:37] Worker 14 running exploration phase for iteration 4.
[INFO]:[08:23:37] Worker 14 at iteration 4 will not use a MIP start file. Current best MIP-start upper bound threshold is 1.79769e+308.
[INFO]:[08:23:37] Starting local search phase...
[INFO]:[08:23:37] Worker (ils_group_rank=14) entering parallel ILS evaluation service.
[INFO]:[08:23:37] Starting CPLEX solver on instance: /home/yorig/tuner/mpils-tests/instances/miplib/medium-2/supportcase6.mps with config: /scratch/yorig/mpils-results-grid-ticks-10000-7may/medium-2/16proc-16pils/seed-4/9_supportcase6_seed-4_20260510_082201/iterated_local_search/run_4_worker_0/parallel_0_14.prm
[INFO]:[08:23:43] CPLEX results. Gap: 13.140000, upper bound: 51997.793313, lower bound: 45165.549162
[INFO]:[08:23:43] CPLEX solver finished. Gap: 13.140000
[INFO]:[08:23:44] Worker (ils_group_rank=14) exiting parallel ILS evaluation service.
[INFO]:[08:23:44] Worker 14 completed exploration phase.
[INFO]:[08:23:44] Worker 14 received order for step 2.
[INFO]:[08:23:44] Worker 14 running expansion phase for iteration 4.
[INFO]:[08:23:44] Worker 14 will use solver log file: /scratch/yorig/mpils-results-grid-ticks-10000-7may/medium-2/16proc-16pils/seed-4/9_supportcase6_seed-4_20260510_082201/solver/cplex.log_iteration_expansion_4_worker_14
[INFO]:[08:23:44] Expansion Worker 14 starting expansion for iteration 4.
[INFO]:[08:23:44] Starting CPLEX solver on instance: /home/yorig/tuner/mpils-tests/instances/miplib/medium-2/supportcase6.mps with config: /scratch/yorig/mpils-results-grid-ticks-10000-7may/medium-2/16proc-16pils/seed-4/9_supportcase6_seed-4_20260510_082201/expansion/config_param_CPXPARAM_Feasopt_Mode_5_iter_4.prm
[INFO]:[08:23:50] CPLEX results. Gap: 0.160000, upper bound: 51975.058910, lower bound: 51891.352715
[INFO]:[08:23:51] CPLEX solver finished. Gap: 0.160000
[INFO]:[08:23:57] Expansion Worker 14 completed expansion.
[INFO]:[08:23:57] Worker 14 completed expansion phase.
[INFO]:[08:23:57] Worker 14 received order for step 1.
[INFO]:[08:23:57] Worker 14 running exploration phase for iteration 5.
[INFO]:[08:23:57] Worker 14 at iteration 5 will not use a MIP start file. Current best MIP-start upper bound threshold is 1.79769e+308.
[INFO]:[08:23:57] Starting local search phase...
[INFO]:[08:23:57] Worker (ils_group_rank=14) entering parallel ILS evaluation service.
[INFO]:[08:23:57] Starting CPLEX solver on instance: /home/yorig/tuner/mpils-tests/instances/miplib/medium-2/supportcase6.mps with config: /scratch/yorig/mpils-results-grid-ticks-10000-7may/medium-2/16proc-16pils/seed-4/9_supportcase6_seed-4_20260510_082201/iterated_local_search/run_5_worker_0/parallel_0_14.prm
[INFO]:[08:24:03] CPLEX results. Gap: 0.160000, upper bound: 51975.058910, lower bound: 51891.352715
[INFO]:[08:24:03] CPLEX solver finished. Gap: 0.160000
[INFO]:[08:24:06] Starting CPLEX solver on instance: /home/yorig/tuner/mpils-tests/instances/miplib/medium-2/supportcase6.mps with config: /scratch/yorig/mpils-results-grid-ticks-10000-7may/medium-2/16proc-16pils/seed-4/9_supportcase6_seed-4_20260510_082201/iterated_local_search/run_5_worker_0/parallel_16_14.prm
[INFO]:[08:24:12] CPLEX results. Gap: 0.010000, upper bound: 51906.477370, lower bound: 51901.517839
[INFO]:[08:24:12] CPLEX solver finished. Gap: 0.010000
[INFO]:[08:24:12] Worker (ils_group_rank=14) exiting parallel ILS evaluation service.
[INFO]:[08:24:12] Worker 14 completed exploration phase.
[INFO]:[08:24:12] Worker 14 received order for step 2.
[INFO]:[08:24:12] Worker 14 running expansion phase for iteration 5.
[INFO]:[08:24:12] Worker 14 will use solver log file: /scratch/yorig/mpils-results-grid-ticks-10000-7may/medium-2/16proc-16pils/seed-4/9_supportcase6_seed-4_20260510_082201/solver/cplex.log_iteration_expansion_5_worker_14
[INFO]:[08:24:12] Expansion Worker 14 starting expansion for iteration 5.
[INFO]:[08:24:12] Starting CPLEX solver on instance: /home/yorig/tuner/mpils-tests/instances/miplib/medium-2/supportcase6.mps with config: /scratch/yorig/mpils-results-grid-ticks-10000-7may/medium-2/16proc-16pils/seed-4/9_supportcase6_seed-4_20260510_082201/expansion/config_param_CPXPARAM_LPMethod_6_iter_5.prm
[INFO]:[08:24:18] CPLEX results. Gap: 0.010000, upper bound: 51906.477370, lower bound: 51901.517839
[INFO]:[08:24:18] CPLEX solver finished. Gap: 0.010000
[INFO]:[08:24:19] Starting CPLEX solver on instance: /home/yorig/tuner/mpils-tests/instances/miplib/medium-2/supportcase6.mps with config: /scratch/yorig/mpils-results-grid-ticks-10000-7may/medium-2/16proc-16pils/seed-4/9_supportcase6_seed-4_20260510_082201/expansion/config_param_CPXPARAM_MIP_Limits_StrongCand_5_iter_5.prm
[INFO]:[08:24:25] CPLEX results. Gap: 0.010000, upper bound: 51906.477370, lower bound: 51901.517839
[INFO]:[08:24:25] CPLEX solver finished. Gap: 0.010000
[INFO]:[08:24:31] Expansion Worker 14 completed expansion.
[INFO]:[08:24:31] Worker 14 completed expansion phase.
[INFO]:[08:24:31] Worker 14 received order for step 1.
[INFO]:[08:24:31] Worker 14 running exploration phase for iteration 6.
[INFO]:[08:24:31] Worker 14 at iteration 6 will not use a MIP start file. Current best MIP-start upper bound threshold is 1.79769e+308.
[INFO]:[08:24:31] Starting local search phase...
[INFO]:[08:24:31] Worker (ils_group_rank=14) entering parallel ILS evaluation service.
[INFO]:[08:24:31] Starting CPLEX solver on instance: /home/yorig/tuner/mpils-tests/instances/miplib/medium-2/supportcase6.mps with config: /scratch/yorig/mpils-results-grid-ticks-10000-7may/medium-2/16proc-16pils/seed-4/9_supportcase6_seed-4_20260510_082201/iterated_local_search/run_6_worker_0/parallel_0_14.prm
[INFO]:[08:24:37] CPLEX results. Gap: 0.050000, upper bound: 51918.151905, lower bound: 51891.352715
[INFO]:[08:24:37] CPLEX solver finished. Gap: 0.050000
[INFO]:[08:24:38] Starting CPLEX solver on instance: /home/yorig/tuner/mpils-tests/instances/miplib/medium-2/supportcase6.mps with config: /scratch/yorig/mpils-results-grid-ticks-10000-7may/medium-2/16proc-16pils/seed-4/9_supportcase6_seed-4_20260510_082201/iterated_local_search/run_6_worker_0/parallel_16_14.prm
[INFO]:[08:24:44] CPLEX results. Gap: 0.010000, upper bound: 51906.477370, lower bound: 51901.517839
[INFO]:[08:24:44] CPLEX solver finished. Gap: 0.010000
[INFO]:[08:24:44] Worker (ils_group_rank=14) exiting parallel ILS evaluation service.
[INFO]:[08:24:44] Worker 14 completed exploration phase.
[INFO]:[08:24:44] Worker 14 received order for step 2.
[INFO]:[08:24:44] Worker 14 running expansion phase for iteration 6.
[INFO]:[08:24:44] Worker 14 will use solver log file: /scratch/yorig/mpils-results-grid-ticks-10000-7may/medium-2/16proc-16pils/seed-4/9_supportcase6_seed-4_20260510_082201/solver/cplex.log_iteration_expansion_6_worker_14
[INFO]:[08:24:44] Expansion Worker 14 starting expansion for iteration 6.
[INFO]:[08:24:48] Expansion Worker 14 completed expansion.
[INFO]:[08:24:48] Worker 14 completed expansion phase.
[INFO]:[08:24:49] Worker 14 received order for step 1.
[INFO]:[08:24:49] Worker 14 running exploration phase for iteration 7.
[INFO]:[08:24:49] Worker 14 at iteration 7 will not use a MIP start file. Current best MIP-start upper bound threshold is 1.79769e+308.
[INFO]:[08:24:49] Starting local search phase...
[INFO]:[08:24:49] Worker (ils_group_rank=14) entering parallel ILS evaluation service.
[INFO]:[08:24:49] Starting CPLEX solver on instance: /home/yorig/tuner/mpils-tests/instances/miplib/medium-2/supportcase6.mps with config: /scratch/yorig/mpils-results-grid-ticks-10000-7may/medium-2/16proc-16pils/seed-4/9_supportcase6_seed-4_20260510_082201/iterated_local_search/run_7_worker_0/parallel_0_14.prm
[INFO]:[08:24:55] CPLEX results. Gap: 0.160000, upper bound: 51975.058910, lower bound: 51891.352715
[INFO]:[08:24:55] CPLEX solver finished. Gap: 0.160000
[INFO]:[08:24:55] Worker (ils_group_rank=14) exiting parallel ILS evaluation service.
[INFO]:[08:24:55] Worker 14 completed exploration phase.
[INFO]:[08:24:55] Worker 14 received order for step 3.
[INFO]:[08:24:55] Worker 14 finished.
