[INFO]:[05:26:54] Worker 2 starting.
[INFO]:[05:26:54] Worker 2 received order for step 1.
[INFO]:[05:26:54] Worker 2 running exploration phase for iteration 1.
[INFO]:[05:26:54] Worker 2 at iteration 1 will not use a MIP start file. Current best MIP-start upper bound threshold is 1.79769e+308.
[INFO]:[05:26:54] Starting local search phase...
[INFO]:[05:26:54] Worker (ils_group_rank=2) entering parallel ILS evaluation service.
[INFO]:[05:26:54] Starting CPLEX solver on instance: /home/yorig/tuner/mpils-tests/instances/miplib/medium-1/eilA101-2.mps with config: /scratch/yorig/mpils-results-grid-ticks-10000-7may/medium-1/24proc-24pils/seed-3/5_eilA101-2_seed-3_20260510_052653/iterated_local_search/run_1_worker_0/parallel_0_2.prm
[INFO]:[05:27:11] CPLEX results. Gap: 66.810000, upper bound: 2420.506503, lower bound: 803.373888
[INFO]:[05:27:11] CPLEX solver finished. Gap: 66.810000
[INFO]:[05:27:31] Worker (ils_group_rank=2) exiting parallel ILS evaluation service.
[INFO]:[05:27:31] Worker 2 completed exploration phase.
[INFO]:[05:27:32] Worker 2 received order for step 2.
[INFO]:[05:27:32] Worker 2 running expansion phase for iteration 1.
[INFO]:[05:27:32] Worker 2 will use solver log file: /scratch/yorig/mpils-results-grid-ticks-10000-7may/medium-1/24proc-24pils/seed-3/5_eilA101-2_seed-3_20260510_052653/solver/cplex.log_iteration_expansion_1_worker_2
[INFO]:[05:27:32] Expansion Worker 2 starting expansion for iteration 1.
[INFO]:[05:27:32] Starting CPLEX solver on instance: /home/yorig/tuner/mpils-tests/instances/miplib/medium-1/eilA101-2.mps with config: /scratch/yorig/mpils-results-grid-ticks-10000-7may/medium-1/24proc-24pils/seed-3/5_eilA101-2_seed-3_20260510_052653/expansion/config_param_CPXPARAM_MIP_Strategy_Probe_2_iter_1.prm
[INFO]:[05:27:41] CPLEX results. Gap: 26.710000, upper bound: 1106.654996, lower bound: 811.108951
[INFO]:[05:27:41] CPLEX solver finished. Gap: 26.710000
[INFO]:[05:27:42] Expansion Worker 2 stopping early after global MPI expansion stop was activated.
[INFO]:[05:27:42] Expansion Worker 2 completed expansion.
[INFO]:[05:27:42] Worker 2 completed expansion phase.
[INFO]:[05:27:43] Worker 2 received order for step 1.
[INFO]:[05:27:43] Worker 2 running exploration phase for iteration 2.
[INFO]:[05:27:43] Worker 2 at iteration 2 will not use a MIP start file. Current best MIP-start upper bound threshold is 1.79769e+308.
[INFO]:[05:27:43] Starting local search phase...
[INFO]:[05:27:43] Worker (ils_group_rank=2) entering parallel ILS evaluation service.
[INFO]:[05:27:43] Starting CPLEX solver on instance: /home/yorig/tuner/mpils-tests/instances/miplib/medium-1/eilA101-2.mps with config: /scratch/yorig/mpils-results-grid-ticks-10000-7may/medium-1/24proc-24pils/seed-3/5_eilA101-2_seed-3_20260510_052653/iterated_local_search/run_2_worker_0/parallel_0_2.prm
[INFO]:[05:27:53] CPLEX results. Gap: 26.710000, upper bound: 1106.654996, lower bound: 811.108951
[INFO]:[05:27:53] CPLEX solver finished. Gap: 26.710000
[INFO]:[05:28:20] Worker (ils_group_rank=2) exiting parallel ILS evaluation service.
[INFO]:[05:28:20] Worker 2 completed exploration phase.
[INFO]:[05:28:20] Worker 2 received order for step 2.
[INFO]:[05:28:20] Worker 2 running expansion phase for iteration 2.
[INFO]:[05:28:20] Worker 2 will use solver log file: /scratch/yorig/mpils-results-grid-ticks-10000-7may/medium-1/24proc-24pils/seed-3/5_eilA101-2_seed-3_20260510_052653/solver/cplex.log_iteration_expansion_2_worker_2
[INFO]:[05:28:20] Expansion Worker 2 starting expansion for iteration 2.
[INFO]:[05:28:20] Starting CPLEX solver on instance: /home/yorig/tuner/mpils-tests/instances/miplib/medium-1/eilA101-2.mps with config: /scratch/yorig/mpils-results-grid-ticks-10000-7may/medium-1/24proc-24pils/seed-3/5_eilA101-2_seed-3_20260510_052653/expansion/config_param_CPXPARAM_MIP_Cuts_Covers_2_iter_2.prm
[INFO]:[05:28:30] CPLEX results. Gap: 20.380000, upper bound: 1017.727349, lower bound: 810.293175
[INFO]:[05:28:30] CPLEX solver finished. Gap: 20.380000
[INFO]:[05:28:30] Starting CPLEX solver on instance: /home/yorig/tuner/mpils-tests/instances/miplib/medium-1/eilA101-2.mps with config: /scratch/yorig/mpils-results-grid-ticks-10000-7may/medium-1/24proc-24pils/seed-3/5_eilA101-2_seed-3_20260510_052653/expansion/config_param_CPXPARAM_MIP_Limits_ProbeTime_240_iter_2.prm
[INFO]:[05:28:41] CPLEX results. Gap: 20.380000, upper bound: 1017.727349, lower bound: 810.293175
[INFO]:[05:28:41] CPLEX solver finished. Gap: 20.380000
[INFO]:[05:28:41] Starting CPLEX solver on instance: /home/yorig/tuner/mpils-tests/instances/miplib/medium-1/eilA101-2.mps with config: /scratch/yorig/mpils-results-grid-ticks-10000-7may/medium-1/24proc-24pils/seed-3/5_eilA101-2_seed-3_20260510_052653/expansion/config_param_CPXPARAM_MIP_Strategy_PresolveNode_-1_iter_2.prm
[INFO]:[05:28:51] CPLEX results. Gap: 20.380000, upper bound: 1017.727349, lower bound: 810.293175
[INFO]:[05:28:51] CPLEX solver finished. Gap: 20.380000
[INFO]:[05:28:51] Expansion Worker 2 completed expansion.
[INFO]:[05:28:51] Worker 2 completed expansion phase.
[INFO]:[05:28:51] Worker 2 received order for step 1.
[INFO]:[05:28:51] Worker 2 running exploration phase for iteration 3.
[INFO]:[05:28:51] Worker 2 at iteration 3 will not use a MIP start file. Current best MIP-start upper bound threshold is 1.79769e+308.
[INFO]:[05:28:51] Starting local search phase...
[INFO]:[05:28:51] Worker (ils_group_rank=2) entering parallel ILS evaluation service.
[INFO]:[05:28:51] Starting CPLEX solver on instance: /home/yorig/tuner/mpils-tests/instances/miplib/medium-1/eilA101-2.mps with config: /scratch/yorig/mpils-results-grid-ticks-10000-7may/medium-1/24proc-24pils/seed-3/5_eilA101-2_seed-3_20260510_052653/iterated_local_search/run_3_worker_0/parallel_0_2.prm
[INFO]:[05:29:08] CPLEX results. Gap: 58.980000, upper bound: 1958.304296, lower bound: 803.373888
[INFO]:[05:29:08] CPLEX solver finished. Gap: 58.980000
[INFO]:[05:29:08] Worker (ils_group_rank=2) exiting parallel ILS evaluation service.
[INFO]:[05:29:08] Worker 2 completed exploration phase.
[INFO]:[05:29:08] Worker 2 received order for step 2.
[INFO]:[05:29:08] Worker 2 running expansion phase for iteration 3.
[INFO]:[05:29:08] Worker 2 will use solver log file: /scratch/yorig/mpils-results-grid-ticks-10000-7may/medium-1/24proc-24pils/seed-3/5_eilA101-2_seed-3_20260510_052653/solver/cplex.log_iteration_expansion_3_worker_2
[INFO]:[05:29:08] Expansion Worker 2 starting expansion for iteration 3.
[INFO]:[05:29:08] Starting CPLEX solver on instance: /home/yorig/tuner/mpils-tests/instances/miplib/medium-1/eilA101-2.mps with config: /scratch/yorig/mpils-results-grid-ticks-10000-7may/medium-1/24proc-24pils/seed-3/5_eilA101-2_seed-3_20260510_052653/expansion/config_param_CPXPARAM_Preprocessing_Symmetry_0_iter_3.prm
[INFO]:[05:29:18] CPLEX results. Gap: 20.380000, upper bound: 1017.727349, lower bound: 810.293175
[INFO]:[05:29:18] CPLEX solver finished. Gap: 20.380000
[INFO]:[05:29:19] Starting CPLEX solver on instance: /home/yorig/tuner/mpils-tests/instances/miplib/medium-1/eilA101-2.mps with config: /scratch/yorig/mpils-results-grid-ticks-10000-7may/medium-1/24proc-24pils/seed-3/5_eilA101-2_seed-3_20260510_052653/expansion/config_param_CPXPARAM_MIP_Strategy_SubAlgorithm_4_iter_3.prm
[INFO]:[05:29:27] CPLEX results. Gap: 49.960000, upper bound: 1613.949605, lower bound: 807.563241
[INFO]:[05:29:27] CPLEX solver finished. Gap: 49.960000
[INFO]:[05:29:30] Expansion Worker 2 completed expansion.
[INFO]:[05:29:30] Worker 2 completed expansion phase.
[INFO]:[05:29:30] Worker 2 received order for step 1.
[INFO]:[05:29:30] Worker 2 running exploration phase for iteration 4.
[INFO]:[05:29:30] Worker 2 at iteration 4 will not use a MIP start file. Current best MIP-start upper bound threshold is 1.79769e+308.
[INFO]:[05:29:30] Starting local search phase...
[INFO]:[05:29:30] Worker (ils_group_rank=2) entering parallel ILS evaluation service.
[INFO]:[05:29:30] Starting CPLEX solver on instance: /home/yorig/tuner/mpils-tests/instances/miplib/medium-1/eilA101-2.mps with config: /scratch/yorig/mpils-results-grid-ticks-10000-7may/medium-1/24proc-24pils/seed-3/5_eilA101-2_seed-3_20260510_052653/iterated_local_search/run_4_worker_0/parallel_0_2.prm
[INFO]:[05:29:41] CPLEX results. Gap: 20.380000, upper bound: 1017.727349, lower bound: 810.293175
[INFO]:[05:29:41] CPLEX solver finished. Gap: 20.380000
[INFO]:[05:29:41] Worker (ils_group_rank=2) exiting parallel ILS evaluation service.
[INFO]:[05:29:41] Worker 2 completed exploration phase.
[INFO]:[05:29:41] Worker 2 received order for step 2.
[INFO]:[05:29:41] Worker 2 running expansion phase for iteration 4.
[INFO]:[05:29:41] Worker 2 will use solver log file: /scratch/yorig/mpils-results-grid-ticks-10000-7may/medium-1/24proc-24pils/seed-3/5_eilA101-2_seed-3_20260510_052653/solver/cplex.log_iteration_expansion_4_worker_2
[INFO]:[05:29:41] Expansion Worker 2 starting expansion for iteration 4.
[INFO]:[05:29:41] Starting CPLEX solver on instance: /home/yorig/tuner/mpils-tests/instances/miplib/medium-1/eilA101-2.mps with config: /scratch/yorig/mpils-results-grid-ticks-10000-7may/medium-1/24proc-24pils/seed-3/5_eilA101-2_seed-3_20260510_052653/expansion/config_param_CPXPARAM_MIP_Limits_AggForCut_0_iter_4.prm
[INFO]:[05:29:51] CPLEX results. Gap: 20.380000, upper bound: 1017.727349, lower bound: 810.293175
[INFO]:[05:29:51] CPLEX solver finished. Gap: 20.380000
[INFO]:[05:29:51] Starting CPLEX solver on instance: /home/yorig/tuner/mpils-tests/instances/miplib/medium-1/eilA101-2.mps with config: /scratch/yorig/mpils-results-grid-ticks-10000-7may/medium-1/24proc-24pils/seed-3/5_eilA101-2_seed-3_20260510_052653/expansion/config_param_CPXPARAM_Simplex_Crash_0_iter_4.prm
[INFO]:[05:30:01] CPLEX results. Gap: 20.380000, upper bound: 1017.727349, lower bound: 810.293175
[INFO]:[05:30:01] CPLEX solver finished. Gap: 20.380000
[INFO]:[05:30:01] Expansion Worker 2 completed expansion.
[INFO]:[05:30:01] Worker 2 completed expansion phase.
[INFO]:[05:30:01] Worker 2 received order for step 1.
[INFO]:[05:30:01] Worker 2 running exploration phase for iteration 5.
[INFO]:[05:30:01] Worker 2 at iteration 5 will not use a MIP start file. Current best MIP-start upper bound threshold is 1.79769e+308.
[INFO]:[05:30:01] Starting local search phase...
[INFO]:[05:30:01] Worker (ils_group_rank=2) entering parallel ILS evaluation service.
[INFO]:[05:30:01] Starting CPLEX solver on instance: /home/yorig/tuner/mpils-tests/instances/miplib/medium-1/eilA101-2.mps with config: /scratch/yorig/mpils-results-grid-ticks-10000-7may/medium-1/24proc-24pils/seed-3/5_eilA101-2_seed-3_20260510_052653/iterated_local_search/run_5_worker_0/parallel_0_2.prm
[INFO]:[05:30:11] CPLEX results. Gap: 20.380000, upper bound: 1017.727349, lower bound: 810.293175
[INFO]:[05:30:11] CPLEX solver finished. Gap: 20.380000
[INFO]:[05:30:11] Starting CPLEX solver on instance: /home/yorig/tuner/mpils-tests/instances/miplib/medium-1/eilA101-2.mps with config: /scratch/yorig/mpils-results-grid-ticks-10000-7may/medium-1/24proc-24pils/seed-3/5_eilA101-2_seed-3_20260510_052653/iterated_local_search/run_5_worker_0/parallel_24_2.prm
[INFO]:[05:30:21] CPLEX results. Gap: 20.380000, upper bound: 1017.727349, lower bound: 810.293175
[INFO]:[05:30:21] CPLEX solver finished. Gap: 20.380000
[INFO]:[05:30:22] Worker (ils_group_rank=2) exiting parallel ILS evaluation service.
[INFO]:[05:30:22] Worker 2 completed exploration phase.
[INFO]:[05:30:22] Worker 2 received order for step 2.
[INFO]:[05:30:22] Worker 2 running expansion phase for iteration 5.
[INFO]:[05:30:22] Worker 2 will use solver log file: /scratch/yorig/mpils-results-grid-ticks-10000-7may/medium-1/24proc-24pils/seed-3/5_eilA101-2_seed-3_20260510_052653/solver/cplex.log_iteration_expansion_5_worker_2
[INFO]:[05:30:22] Expansion Worker 2 starting expansion for iteration 5.
[INFO]:[05:30:22] Starting CPLEX solver on instance: /home/yorig/tuner/mpils-tests/instances/miplib/medium-1/eilA101-2.mps with config: /scratch/yorig/mpils-results-grid-ticks-10000-7may/medium-1/24proc-24pils/seed-3/5_eilA101-2_seed-3_20260510_052653/expansion/config_param_CPXPARAM_Feasopt_Mode_3_iter_5.prm
[INFO]:[05:30:32] CPLEX results. Gap: 20.380000, upper bound: 1017.727349, lower bound: 810.293175
[INFO]:[05:30:32] CPLEX solver finished. Gap: 20.380000
[INFO]:[05:30:33] Starting CPLEX solver on instance: /home/yorig/tuner/mpils-tests/instances/miplib/medium-1/eilA101-2.mps with config: /scratch/yorig/mpils-results-grid-ticks-10000-7may/medium-1/24proc-24pils/seed-3/5_eilA101-2_seed-3_20260510_052653/expansion/config_param_CPXPARAM_Preprocessing_RepeatPresolve_3_iter_5.prm
[INFO]:[05:30:43] CPLEX results. Gap: 20.380000, upper bound: 1017.727349, lower bound: 810.293175
[INFO]:[05:30:43] CPLEX solver finished. Gap: 20.380000
[INFO]:[05:30:43] Expansion Worker 2 completed expansion.
[INFO]:[05:30:43] Worker 2 completed expansion phase.
[INFO]:[05:30:43] Worker 2 received order for step 1.
[INFO]:[05:30:43] Worker 2 running exploration phase for iteration 6.
[INFO]:[05:30:43] Worker 2 at iteration 6 will not use a MIP start file. Current best MIP-start upper bound threshold is 1.79769e+308.
[INFO]:[05:30:43] Starting local search phase...
[INFO]:[05:30:43] Worker (ils_group_rank=2) entering parallel ILS evaluation service.
[INFO]:[05:30:43] Starting CPLEX solver on instance: /home/yorig/tuner/mpils-tests/instances/miplib/medium-1/eilA101-2.mps with config: /scratch/yorig/mpils-results-grid-ticks-10000-7may/medium-1/24proc-24pils/seed-3/5_eilA101-2_seed-3_20260510_052653/iterated_local_search/run_6_worker_0/parallel_0_2.prm
[INFO]:[05:30:52] CPLEX results. Gap: 58.980000, upper bound: 1958.304296, lower bound: 803.373888
[INFO]:[05:30:52] CPLEX solver finished. Gap: 58.980000
[INFO]:[05:30:59] Worker (ils_group_rank=2) exiting parallel ILS evaluation service.
[INFO]:[05:30:59] Worker 2 completed exploration phase.
[INFO]:[05:30:59] Worker 2 received order for step 2.
[INFO]:[05:30:59] Worker 2 running expansion phase for iteration 6.
[INFO]:[05:30:59] Worker 2 will use solver log file: /scratch/yorig/mpils-results-grid-ticks-10000-7may/medium-1/24proc-24pils/seed-3/5_eilA101-2_seed-3_20260510_052653/solver/cplex.log_iteration_expansion_6_worker_2
[INFO]:[05:30:59] Expansion Worker 2 starting expansion for iteration 6.
[INFO]:[05:30:59] Starting CPLEX solver on instance: /home/yorig/tuner/mpils-tests/instances/miplib/medium-1/eilA101-2.mps with config: /scratch/yorig/mpils-results-grid-ticks-10000-7may/medium-1/24proc-24pils/seed-3/5_eilA101-2_seed-3_20260510_052653/expansion/config_param_CPXPARAM_LPMethod_3_iter_6.prm
[INFO]:[05:31:09] CPLEX results. Gap: 20.380000, upper bound: 1017.727349, lower bound: 810.293175
[INFO]:[05:31:09] CPLEX solver finished. Gap: 20.380000
[INFO]:[05:31:19] Expansion Worker 2 completed expansion.
[INFO]:[05:31:19] Worker 2 completed expansion phase.
[INFO]:[05:31:19] Worker 2 received order for step 1.
[INFO]:[05:31:19] Worker 2 running exploration phase for iteration 7.
[INFO]:[05:31:19] Worker 2 at iteration 7 will not use a MIP start file. Current best MIP-start upper bound threshold is 1.79769e+308.
[INFO]:[05:31:19] Starting local search phase...
[INFO]:[05:31:19] Worker (ils_group_rank=2) entering parallel ILS evaluation service.
[INFO]:[05:31:19] Starting CPLEX solver on instance: /home/yorig/tuner/mpils-tests/instances/miplib/medium-1/eilA101-2.mps with config: /scratch/yorig/mpils-results-grid-ticks-10000-7may/medium-1/24proc-24pils/seed-3/5_eilA101-2_seed-3_20260510_052653/iterated_local_search/run_7_worker_0/parallel_0_2.prm
[INFO]:[05:31:30] CPLEX results. Gap: 20.380000, upper bound: 1017.727349, lower bound: 810.293175
[INFO]:[05:31:30] CPLEX solver finished. Gap: 20.380000
[INFO]:[05:31:30] Starting CPLEX solver on instance: /home/yorig/tuner/mpils-tests/instances/miplib/medium-1/eilA101-2.mps with config: /scratch/yorig/mpils-results-grid-ticks-10000-7may/medium-1/24proc-24pils/seed-3/5_eilA101-2_seed-3_20260510_052653/iterated_local_search/run_7_worker_0/parallel_24_2.prm
[INFO]:[05:31:40] CPLEX results. Gap: 20.380000, upper bound: 1017.727349, lower bound: 810.293175
[INFO]:[05:31:40] CPLEX solver finished. Gap: 20.380000
[INFO]:[05:31:41] Worker (ils_group_rank=2) exiting parallel ILS evaluation service.
[INFO]:[05:31:41] Worker 2 completed exploration phase.
[INFO]:[05:31:41] Worker 2 received order for step 3.
[INFO]:[05:31:41] Worker 2 finished.
