[INFO]:[03:29:55] Worker 8 starting.
[INFO]:[03:29:55] Worker 8 received order for step 1.
[INFO]:[03:29:55] Worker 8 running exploration phase for iteration 1.
[INFO]:[03:29:55] Worker 8 at iteration 1 will not use a MIP start file. Current best MIP-start upper bound threshold is 1.79769e+308.
[INFO]:[03:29:55] Starting local search phase...
[INFO]:[03:29:55] Creating local search space from parameter space file: /scratch/yorig/mpils-results-grid-ticks-10000-7may/easy/24proc/seed-5/1_csched008_seed-5_20260509_032954/iterated_local_search/search_space/search_space_file_1_worker_8.txt
[INFO]:[03:29:55] Local search space loaded from file: /scratch/yorig/mpils-results-grid-ticks-10000-7may/easy/24proc/seed-5/1_csched008_seed-5_20260509_032954/iterated_local_search/search_space/search_space_file_1_worker_8.txt
[INFO]:[03:29:55] Number of parameters in local search space: 71
[INFO]:[03:29:55] Number of forbidden tuples in local search space: 0
[INFO]:[03:29:55] Number of conditionals in local search space: 6
[INFO]:[03:29:55] MIP start option not enabled. Local search will proceed without MIP start.
[INFO]:[03:29:55] Evaluating initial configuration for local search phase...
[INFO]:[03:29:55] Starting CPLEX solver on instance: /home/yorig/tuner/mpils-tests/instances/miplib/easy/csched008.mps with config: /scratch/yorig/mpils-results-grid-ticks-10000-7may/easy/24proc/seed-5/1_csched008_seed-5_20260509_032954/iterated_local_search/run_1_worker_8/ils_config_1759042372647899908.prm
[INFO]:[03:29:55] Starting CPLEX solver on instance: /home/yorig/tuner/mpils-tests/instances/miplib/easy/csched008.mps with config: /scratch/yorig/mpils-results-grid-ticks-10000-7may/easy/24proc/seed-5/1_csched008_seed-5_20260509_032954/iterated_local_search/run_1_worker_8/ils_config_1759042372647899908.prm
[INFO]:[03:30:02] CPLEX results. Gap: 3.930000, upper bound: 178.000000, lower bound: 171.000000
[INFO]:[03:30:02] CPLEX solver finished. Gap: 3.930000
[INFO]:[03:30:02] Initial configuration evaluated with objective value: 3.93
[INFO]:[03:30:02] Starting CPLEX solver on instance: /home/yorig/tuner/mpils-tests/instances/miplib/easy/csched008.mps with config: /scratch/yorig/mpils-results-grid-ticks-10000-7may/easy/24proc/seed-5/1_csched008_seed-5_20260509_032954/iterated_local_search/run_1_worker_8/ils_config_10288063399058233429.prm
[INFO]:[03:30:02] Starting CPLEX solver on instance: /home/yorig/tuner/mpils-tests/instances/miplib/easy/csched008.mps with config: /scratch/yorig/mpils-results-grid-ticks-10000-7may/easy/24proc/seed-5/1_csched008_seed-5_20260509_032954/iterated_local_search/run_1_worker_8/ils_config_10288063399058233429.prm
[INFO]:[03:30:09] CPLEX results. Gap: 4.470000, upper bound: 179.000000, lower bound: 171.000000
[INFO]:[03:30:09] CPLEX solver finished. Gap: 4.470000
[INFO]:[03:30:09] Starting CPLEX solver on instance: /home/yorig/tuner/mpils-tests/instances/miplib/easy/csched008.mps with config: /scratch/yorig/mpils-results-grid-ticks-10000-7may/easy/24proc/seed-5/1_csched008_seed-5_20260509_032954/iterated_local_search/run_1_worker_8/ils_config_8056904220305561635.prm
[INFO]:[03:30:09] Starting CPLEX solver on instance: /home/yorig/tuner/mpils-tests/instances/miplib/easy/csched008.mps with config: /scratch/yorig/mpils-results-grid-ticks-10000-7may/easy/24proc/seed-5/1_csched008_seed-5_20260509_032954/iterated_local_search/run_1_worker_8/ils_config_8056904220305561635.prm
[INFO]:[03:30:16] CPLEX results. Gap: 3.390000, upper bound: 177.000000, lower bound: 171.000000
[INFO]:[03:30:16] CPLEX solver finished. Gap: 3.390000
[INFO]:[03:30:16] New incumbent found with objective value: 3.39
[INFO]:[03:30:16] Starting CPLEX solver on instance: /home/yorig/tuner/mpils-tests/instances/miplib/easy/csched008.mps with config: /scratch/yorig/mpils-results-grid-ticks-10000-7may/easy/24proc/seed-5/1_csched008_seed-5_20260509_032954/iterated_local_search/run_1_worker_8/ils_config_4872536900504080795.prm
[INFO]:[03:30:16] Starting CPLEX solver on instance: /home/yorig/tuner/mpils-tests/instances/miplib/easy/csched008.mps with config: /scratch/yorig/mpils-results-grid-ticks-10000-7may/easy/24proc/seed-5/1_csched008_seed-5_20260509_032954/iterated_local_search/run_1_worker_8/ils_config_4872536900504080795.prm
[INFO]:[03:30:22] CPLEX results. Gap: 2.840000, upper bound: 176.000000, lower bound: 171.000000
[INFO]:[03:30:22] CPLEX solver finished. Gap: 2.840000
[INFO]:[03:30:22] New incumbent found with objective value: 2.84
[INFO]:[03:30:22] Starting CPLEX solver on instance: /home/yorig/tuner/mpils-tests/instances/miplib/easy/csched008.mps with config: /scratch/yorig/mpils-results-grid-ticks-10000-7may/easy/24proc/seed-5/1_csched008_seed-5_20260509_032954/iterated_local_search/run_1_worker_8/ils_config_5041612189138443118.prm
[INFO]:[03:30:22] Starting CPLEX solver on instance: /home/yorig/tuner/mpils-tests/instances/miplib/easy/csched008.mps with config: /scratch/yorig/mpils-results-grid-ticks-10000-7may/easy/24proc/seed-5/1_csched008_seed-5_20260509_032954/iterated_local_search/run_1_worker_8/ils_config_5041612189138443118.prm
[INFO]:[03:30:29] CPLEX results. Gap: 5.520000, upper bound: 181.000000, lower bound: 171.000000
[INFO]:[03:30:29] CPLEX solver finished. Gap: 5.520000
[INFO]:[03:30:29] Starting CPLEX solver on instance: /home/yorig/tuner/mpils-tests/instances/miplib/easy/csched008.mps with config: /scratch/yorig/mpils-results-grid-ticks-10000-7may/easy/24proc/seed-5/1_csched008_seed-5_20260509_032954/iterated_local_search/run_1_worker_8/ils_config_8215156739549702941.prm
[INFO]:[03:30:29] Starting CPLEX solver on instance: /home/yorig/tuner/mpils-tests/instances/miplib/easy/csched008.mps with config: /scratch/yorig/mpils-results-grid-ticks-10000-7may/easy/24proc/seed-5/1_csched008_seed-5_20260509_032954/iterated_local_search/run_1_worker_8/ils_config_8215156739549702941.prm
[INFO]:[03:30:36] CPLEX results. Gap: 1.150000, upper bound: 174.000000, lower bound: 172.000000
[INFO]:[03:30:36] CPLEX solver finished. Gap: 1.150000
[INFO]:[03:30:36] New incumbent found with objective value: 1.15
[INFO]:[03:30:36] Starting CPLEX solver on instance: /home/yorig/tuner/mpils-tests/instances/miplib/easy/csched008.mps with config: /scratch/yorig/mpils-results-grid-ticks-10000-7may/easy/24proc/seed-5/1_csched008_seed-5_20260509_032954/iterated_local_search/run_1_worker_8/ils_config_15742353141199710457.prm
[INFO]:[03:30:36] Starting CPLEX solver on instance: /home/yorig/tuner/mpils-tests/instances/miplib/easy/csched008.mps with config: /scratch/yorig/mpils-results-grid-ticks-10000-7may/easy/24proc/seed-5/1_csched008_seed-5_20260509_032954/iterated_local_search/run_1_worker_8/ils_config_15742353141199710457.prm
[INFO]:[03:30:42] CPLEX results. Gap: 1.680000, upper bound: 174.000000, lower bound: 171.075949
[INFO]:[03:30:42] CPLEX solver finished. Gap: 1.680000
[INFO]:[03:30:42] Starting CPLEX solver on instance: /home/yorig/tuner/mpils-tests/instances/miplib/easy/csched008.mps with config: /scratch/yorig/mpils-results-grid-ticks-10000-7may/easy/24proc/seed-5/1_csched008_seed-5_20260509_032954/iterated_local_search/run_1_worker_8/ils_config_9684081748368363855.prm
[INFO]:[03:30:42] Starting CPLEX solver on instance: /home/yorig/tuner/mpils-tests/instances/miplib/easy/csched008.mps with config: /scratch/yorig/mpils-results-grid-ticks-10000-7may/easy/24proc/seed-5/1_csched008_seed-5_20260509_032954/iterated_local_search/run_1_worker_8/ils_config_9684081748368363855.prm
[INFO]:[03:30:49] CPLEX results. Gap: 2.730000, upper bound: 176.000000, lower bound: 171.187500
[INFO]:[03:30:49] CPLEX solver finished. Gap: 2.730000
[INFO]:[03:30:49] Starting CPLEX solver on instance: /home/yorig/tuner/mpils-tests/instances/miplib/easy/csched008.mps with config: /scratch/yorig/mpils-results-grid-ticks-10000-7may/easy/24proc/seed-5/1_csched008_seed-5_20260509_032954/iterated_local_search/run_1_worker_8/ils_config_13623479193082157870.prm
[INFO]:[03:30:49] Starting CPLEX solver on instance: /home/yorig/tuner/mpils-tests/instances/miplib/easy/csched008.mps with config: /scratch/yorig/mpils-results-grid-ticks-10000-7may/easy/24proc/seed-5/1_csched008_seed-5_20260509_032954/iterated_local_search/run_1_worker_8/ils_config_13623479193082157870.prm
[INFO]:[03:30:56] CPLEX results. Gap: 2.840000, upper bound: 176.000000, lower bound: 171.000000
[INFO]:[03:30:56] CPLEX solver finished. Gap: 2.840000
[INFO]:[03:30:56] Starting CPLEX solver on instance: /home/yorig/tuner/mpils-tests/instances/miplib/easy/csched008.mps with config: /scratch/yorig/mpils-results-grid-ticks-10000-7may/easy/24proc/seed-5/1_csched008_seed-5_20260509_032954/iterated_local_search/run_1_worker_8/ils_config_17315873465064086929.prm
[INFO]:[03:30:56] Starting CPLEX solver on instance: /home/yorig/tuner/mpils-tests/instances/miplib/easy/csched008.mps with config: /scratch/yorig/mpils-results-grid-ticks-10000-7may/easy/24proc/seed-5/1_csched008_seed-5_20260509_032954/iterated_local_search/run_1_worker_8/ils_config_17315873465064086929.prm
[INFO]:[03:31:02] CPLEX results. Gap: 3.390000, upper bound: 177.000000, lower bound: 171.000000
[INFO]:[03:31:02] CPLEX solver finished. Gap: 3.390000
[INFO]:[03:31:02] Starting CPLEX solver on instance: /home/yorig/tuner/mpils-tests/instances/miplib/easy/csched008.mps with config: /scratch/yorig/mpils-results-grid-ticks-10000-7may/easy/24proc/seed-5/1_csched008_seed-5_20260509_032954/iterated_local_search/run_1_worker_8/ils_config_17550006724548734453.prm
[INFO]:[03:31:02] Starting CPLEX solver on instance: /home/yorig/tuner/mpils-tests/instances/miplib/easy/csched008.mps with config: /scratch/yorig/mpils-results-grid-ticks-10000-7may/easy/24proc/seed-5/1_csched008_seed-5_20260509_032954/iterated_local_search/run_1_worker_8/ils_config_17550006724548734453.prm
[INFO]:[03:31:09] CPLEX results. Gap: 2.840000, upper bound: 176.000000, lower bound: 171.000000
[INFO]:[03:31:09] CPLEX solver finished. Gap: 2.840000
[INFO]:[03:31:09] Starting CPLEX solver on instance: /home/yorig/tuner/mpils-tests/instances/miplib/easy/csched008.mps with config: /scratch/yorig/mpils-results-grid-ticks-10000-7may/easy/24proc/seed-5/1_csched008_seed-5_20260509_032954/iterated_local_search/run_1_worker_8/ils_config_3956347709577173201.prm
[INFO]:[03:31:09] Starting CPLEX solver on instance: /home/yorig/tuner/mpils-tests/instances/miplib/easy/csched008.mps with config: /scratch/yorig/mpils-results-grid-ticks-10000-7may/easy/24proc/seed-5/1_csched008_seed-5_20260509_032954/iterated_local_search/run_1_worker_8/ils_config_3956347709577173201.prm
[INFO]:[03:31:15] CPLEX results. Gap: 4.470000, upper bound: 179.000000, lower bound: 171.000000
[INFO]:[03:31:15] CPLEX solver finished. Gap: 4.470000
[INFO]:[03:31:15] Starting CPLEX solver on instance: /home/yorig/tuner/mpils-tests/instances/miplib/easy/csched008.mps with config: /scratch/yorig/mpils-results-grid-ticks-10000-7may/easy/24proc/seed-5/1_csched008_seed-5_20260509_032954/iterated_local_search/run_1_worker_8/ils_config_17202908472382865370.prm
[INFO]:[03:31:15] Starting CPLEX solver on instance: /home/yorig/tuner/mpils-tests/instances/miplib/easy/csched008.mps with config: /scratch/yorig/mpils-results-grid-ticks-10000-7may/easy/24proc/seed-5/1_csched008_seed-5_20260509_032954/iterated_local_search/run_1_worker_8/ils_config_17202908472382865370.prm
[INFO]:[03:31:21] CPLEX results. Gap: 1.150000, upper bound: 174.000000, lower bound: 172.000000
[INFO]:[03:31:21] CPLEX solver finished. Gap: 1.150000
[INFO]:[03:31:21] Starting CPLEX solver on instance: /home/yorig/tuner/mpils-tests/instances/miplib/easy/csched008.mps with config: /scratch/yorig/mpils-results-grid-ticks-10000-7may/easy/24proc/seed-5/1_csched008_seed-5_20260509_032954/iterated_local_search/run_1_worker_8/ils_config_15598130302258815811.prm
[INFO]:[03:31:21] Starting CPLEX solver on instance: /home/yorig/tuner/mpils-tests/instances/miplib/easy/csched008.mps with config: /scratch/yorig/mpils-results-grid-ticks-10000-7may/easy/24proc/seed-5/1_csched008_seed-5_20260509_032954/iterated_local_search/run_1_worker_8/ils_config_15598130302258815811.prm
[INFO]:[03:31:27] CPLEX results. Gap: 8.560000, upper bound: 187.000000, lower bound: 171.000000
[INFO]:[03:31:27] CPLEX solver finished. Gap: 8.560000
[INFO]:[03:31:27] Starting CPLEX solver on instance: /home/yorig/tuner/mpils-tests/instances/miplib/easy/csched008.mps with config: /scratch/yorig/mpils-results-grid-ticks-10000-7may/easy/24proc/seed-5/1_csched008_seed-5_20260509_032954/iterated_local_search/run_1_worker_8/ils_config_14064862323681528644.prm
[INFO]:[03:31:27] Starting CPLEX solver on instance: /home/yorig/tuner/mpils-tests/instances/miplib/easy/csched008.mps with config: /scratch/yorig/mpils-results-grid-ticks-10000-7may/easy/24proc/seed-5/1_csched008_seed-5_20260509_032954/iterated_local_search/run_1_worker_8/ils_config_14064862323681528644.prm
[INFO]:[03:31:34] CPLEX results. Gap: 2.070000, upper bound: 175.000000, lower bound: 171.385998
[INFO]:[03:31:34] CPLEX solver finished. Gap: 2.070000
[INFO]:[03:31:34] Starting CPLEX solver on instance: /home/yorig/tuner/mpils-tests/instances/miplib/easy/csched008.mps with config: /scratch/yorig/mpils-results-grid-ticks-10000-7may/easy/24proc/seed-5/1_csched008_seed-5_20260509_032954/iterated_local_search/run_1_worker_8/ils_config_16744613288054089403.prm
[INFO]:[03:31:34] Starting CPLEX solver on instance: /home/yorig/tuner/mpils-tests/instances/miplib/easy/csched008.mps with config: /scratch/yorig/mpils-results-grid-ticks-10000-7may/easy/24proc/seed-5/1_csched008_seed-5_20260509_032954/iterated_local_search/run_1_worker_8/ils_config_16744613288054089403.prm
[INFO]:[03:31:40] CPLEX results. Gap: 1.150000, upper bound: 174.000000, lower bound: 172.000000
[INFO]:[03:31:40] CPLEX solver finished. Gap: 1.150000
[INFO]:[03:31:40] Starting CPLEX solver on instance: /home/yorig/tuner/mpils-tests/instances/miplib/easy/csched008.mps with config: /scratch/yorig/mpils-results-grid-ticks-10000-7may/easy/24proc/seed-5/1_csched008_seed-5_20260509_032954/iterated_local_search/run_1_worker_8/ils_config_13081425982368403442.prm
[INFO]:[03:31:40] Starting CPLEX solver on instance: /home/yorig/tuner/mpils-tests/instances/miplib/easy/csched008.mps with config: /scratch/yorig/mpils-results-grid-ticks-10000-7may/easy/24proc/seed-5/1_csched008_seed-5_20260509_032954/iterated_local_search/run_1_worker_8/ils_config_13081425982368403442.prm
[INFO]:[03:31:46] CPLEX results. Gap: 1.150000, upper bound: 174.000000, lower bound: 172.000000
[INFO]:[03:31:46] CPLEX solver finished. Gap: 1.150000
[INFO]:[03:31:46] Starting CPLEX solver on instance: /home/yorig/tuner/mpils-tests/instances/miplib/easy/csched008.mps with config: /scratch/yorig/mpils-results-grid-ticks-10000-7may/easy/24proc/seed-5/1_csched008_seed-5_20260509_032954/iterated_local_search/run_1_worker_8/ils_config_7842377086733010449.prm
[INFO]:[03:31:46] Starting CPLEX solver on instance: /home/yorig/tuner/mpils-tests/instances/miplib/easy/csched008.mps with config: /scratch/yorig/mpils-results-grid-ticks-10000-7may/easy/24proc/seed-5/1_csched008_seed-5_20260509_032954/iterated_local_search/run_1_worker_8/ils_config_7842377086733010449.prm
[INFO]:[03:31:53] CPLEX results. Gap: 4.440000, upper bound: 180.000000, lower bound: 172.000000
[INFO]:[03:31:53] CPLEX solver finished. Gap: 4.440000
[INFO]:[03:31:53] Starting CPLEX solver on instance: /home/yorig/tuner/mpils-tests/instances/miplib/easy/csched008.mps with config: /scratch/yorig/mpils-results-grid-ticks-10000-7may/easy/24proc/seed-5/1_csched008_seed-5_20260509_032954/iterated_local_search/run_1_worker_8/ils_config_8444961992790016514.prm
[INFO]:[03:31:53] Starting CPLEX solver on instance: /home/yorig/tuner/mpils-tests/instances/miplib/easy/csched008.mps with config: /scratch/yorig/mpils-results-grid-ticks-10000-7may/easy/24proc/seed-5/1_csched008_seed-5_20260509_032954/iterated_local_search/run_1_worker_8/ils_config_8444961992790016514.prm
[INFO]:[03:31:59] CPLEX results. Gap: 5.520000, upper bound: 181.000000, lower bound: 171.000000
[INFO]:[03:31:59] CPLEX solver finished. Gap: 5.520000
[INFO]:[03:31:59] Starting CPLEX solver on instance: /home/yorig/tuner/mpils-tests/instances/miplib/easy/csched008.mps with config: /scratch/yorig/mpils-results-grid-ticks-10000-7may/easy/24proc/seed-5/1_csched008_seed-5_20260509_032954/iterated_local_search/run_1_worker_8/ils_config_13431750668384945234.prm
[INFO]:[03:31:59] Starting CPLEX solver on instance: /home/yorig/tuner/mpils-tests/instances/miplib/easy/csched008.mps with config: /scratch/yorig/mpils-results-grid-ticks-10000-7may/easy/24proc/seed-5/1_csched008_seed-5_20260509_032954/iterated_local_search/run_1_worker_8/ils_config_13431750668384945234.prm
[INFO]:[03:32:06] CPLEX results. Gap: 1.150000, upper bound: 174.000000, lower bound: 172.000000
[INFO]:[03:32:06] CPLEX solver finished. Gap: 1.150000
[INFO]:[03:32:06] Local search phase completed.
[INFO]:[03:32:06] Total number of new local-search evaluations: 20
[INFO]:[03:32:06] Final incumbent objective value: 1.15
[INFO]:[03:32:20] Worker 8 completed exploration phase.
[INFO]:[03:32:20] Worker 8 received order for step 2.
[INFO]:[03:32:20] Worker 8 running expansion phase for iteration 1.
[INFO]:[03:32:20] Worker 8 will use solver log file: /scratch/yorig/mpils-results-grid-ticks-10000-7may/easy/24proc/seed-5/1_csched008_seed-5_20260509_032954/solver/cplex.log_iteration_expansion_1_worker_8
[INFO]:[03:32:20] Expansion Worker 8 starting expansion for iteration 1.
[INFO]:[03:32:20] Starting CPLEX solver on instance: /home/yorig/tuner/mpils-tests/instances/miplib/easy/csched008.mps with config: /scratch/yorig/mpils-results-grid-ticks-10000-7may/easy/24proc/seed-5/1_csched008_seed-5_20260509_032954/expansion/config_param_CPXPARAM_MIP_Strategy_VariableSelect_-1_iter_1.prm
[INFO]:[03:32:27] CPLEX results. Gap: 2.290000, upper bound: 175.000000, lower bound: 171.000000
[INFO]:[03:32:27] CPLEX solver finished. Gap: 2.290000
[INFO]:[03:32:27] Starting CPLEX solver on instance: /home/yorig/tuner/mpils-tests/instances/miplib/easy/csched008.mps with config: /scratch/yorig/mpils-results-grid-ticks-10000-7may/easy/24proc/seed-5/1_csched008_seed-5_20260509_032954/expansion/config_param_CPXPARAM_MIP_Strategy_RINSHeur_20_iter_1.prm
[INFO]:[03:32:33] CPLEX results. Gap: 3.390000, upper bound: 177.000000, lower bound: 171.000000
[INFO]:[03:32:33] CPLEX solver finished. Gap: 3.390000
[INFO]:[03:32:40] Expansion Worker 8 completed expansion.
[INFO]:[03:32:40] Worker 8 completed expansion phase.
[INFO]:[03:32:40] Worker 8 received order for step 1.
[INFO]:[03:32:40] Worker 8 running exploration phase for iteration 2.
[INFO]:[03:32:40] Worker 8 at iteration 2 will not use a MIP start file. Current best MIP-start upper bound threshold is 1.79769e+308.
[INFO]:[03:32:40] Starting local search phase...
[INFO]:[03:32:40] Creating local search space from parameter space file: /scratch/yorig/mpils-results-grid-ticks-10000-7may/easy/24proc/seed-5/1_csched008_seed-5_20260509_032954/iterated_local_search/search_space/search_space_file_2_worker_8.txt
[INFO]:[03:32:40] Local search space loaded from file: /scratch/yorig/mpils-results-grid-ticks-10000-7may/easy/24proc/seed-5/1_csched008_seed-5_20260509_032954/iterated_local_search/search_space/search_space_file_2_worker_8.txt
[INFO]:[03:32:40] Number of parameters in local search space: 71
[INFO]:[03:32:40] Number of forbidden tuples in local search space: 29
[INFO]:[03:32:40] Number of conditionals in local search space: 6
[INFO]:[03:32:40] MIP start option not enabled. Local search will proceed without MIP start.
[INFO]:[03:32:40] Evaluating initial configuration for local search phase...
[INFO]:[03:32:40] Starting CPLEX solver on instance: /home/yorig/tuner/mpils-tests/instances/miplib/easy/csched008.mps with config: /scratch/yorig/mpils-results-grid-ticks-10000-7may/easy/24proc/seed-5/1_csched008_seed-5_20260509_032954/iterated_local_search/run_2_worker_8/ils_config_17848628819959391946.prm
[INFO]:[03:32:40] Starting CPLEX solver on instance: /home/yorig/tuner/mpils-tests/instances/miplib/easy/csched008.mps with config: /scratch/yorig/mpils-results-grid-ticks-10000-7may/easy/24proc/seed-5/1_csched008_seed-5_20260509_032954/iterated_local_search/run_2_worker_8/ils_config_17848628819959391946.prm
[INFO]:[03:32:47] CPLEX results. Gap: 6.560000, upper bound: 183.000000, lower bound: 171.000000
[INFO]:[03:32:47] CPLEX solver finished. Gap: 6.560000
[INFO]:[03:32:47] Initial configuration evaluated with objective value: 6.56
[INFO]:[03:32:47] Starting CPLEX solver on instance: /home/yorig/tuner/mpils-tests/instances/miplib/easy/csched008.mps with config: /scratch/yorig/mpils-results-grid-ticks-10000-7may/easy/24proc/seed-5/1_csched008_seed-5_20260509_032954/iterated_local_search/run_2_worker_8/ils_config_9313816140691376248.prm
[INFO]:[03:32:47] Starting CPLEX solver on instance: /home/yorig/tuner/mpils-tests/instances/miplib/easy/csched008.mps with config: /scratch/yorig/mpils-results-grid-ticks-10000-7may/easy/24proc/seed-5/1_csched008_seed-5_20260509_032954/iterated_local_search/run_2_worker_8/ils_config_9313816140691376248.prm
[INFO]:[03:32:55] CPLEX results. Gap: 6.560000, upper bound: 183.000000, lower bound: 171.000000
[INFO]:[03:32:55] CPLEX solver finished. Gap: 6.560000
[INFO]:[03:32:55] Starting CPLEX solver on instance: /home/yorig/tuner/mpils-tests/instances/miplib/easy/csched008.mps with config: /scratch/yorig/mpils-results-grid-ticks-10000-7may/easy/24proc/seed-5/1_csched008_seed-5_20260509_032954/iterated_local_search/run_2_worker_8/ils_config_1908511030814276672.prm
[INFO]:[03:32:55] Starting CPLEX solver on instance: /home/yorig/tuner/mpils-tests/instances/miplib/easy/csched008.mps with config: /scratch/yorig/mpils-results-grid-ticks-10000-7may/easy/24proc/seed-5/1_csched008_seed-5_20260509_032954/iterated_local_search/run_2_worker_8/ils_config_1908511030814276672.prm
[INFO]:[03:33:01] CPLEX results. Gap: 2.290000, upper bound: 175.000000, lower bound: 171.000000
[INFO]:[03:33:01] CPLEX solver finished. Gap: 2.290000
[INFO]:[03:33:01] New incumbent found with objective value: 2.29
[INFO]:[03:33:01] Starting CPLEX solver on instance: /home/yorig/tuner/mpils-tests/instances/miplib/easy/csched008.mps with config: /scratch/yorig/mpils-results-grid-ticks-10000-7may/easy/24proc/seed-5/1_csched008_seed-5_20260509_032954/iterated_local_search/run_2_worker_8/ils_config_6725525061678690734.prm
[INFO]:[03:33:01] Starting CPLEX solver on instance: /home/yorig/tuner/mpils-tests/instances/miplib/easy/csched008.mps with config: /scratch/yorig/mpils-results-grid-ticks-10000-7may/easy/24proc/seed-5/1_csched008_seed-5_20260509_032954/iterated_local_search/run_2_worker_8/ils_config_6725525061678690734.prm
[INFO]:[03:33:08] CPLEX results. Gap: 3.930000, upper bound: 178.000000, lower bound: 171.000000
[INFO]:[03:33:08] CPLEX solver finished. Gap: 3.930000
[INFO]:[03:33:08] Starting CPLEX solver on instance: /home/yorig/tuner/mpils-tests/instances/miplib/easy/csched008.mps with config: /scratch/yorig/mpils-results-grid-ticks-10000-7may/easy/24proc/seed-5/1_csched008_seed-5_20260509_032954/iterated_local_search/run_2_worker_8/ils_config_10535114790786140874.prm
[INFO]:[03:33:08] Starting CPLEX solver on instance: /home/yorig/tuner/mpils-tests/instances/miplib/easy/csched008.mps with config: /scratch/yorig/mpils-results-grid-ticks-10000-7may/easy/24proc/seed-5/1_csched008_seed-5_20260509_032954/iterated_local_search/run_2_worker_8/ils_config_10535114790786140874.prm
[INFO]:[03:33:16] CPLEX results. Gap: 3.930000, upper bound: 178.000000, lower bound: 171.000000
[INFO]:[03:33:16] CPLEX solver finished. Gap: 3.930000
[INFO]:[03:33:16] Starting CPLEX solver on instance: /home/yorig/tuner/mpils-tests/instances/miplib/easy/csched008.mps with config: /scratch/yorig/mpils-results-grid-ticks-10000-7may/easy/24proc/seed-5/1_csched008_seed-5_20260509_032954/iterated_local_search/run_2_worker_8/ils_config_17506005461429004767.prm
[INFO]:[03:33:16] Starting CPLEX solver on instance: /home/yorig/tuner/mpils-tests/instances/miplib/easy/csched008.mps with config: /scratch/yorig/mpils-results-grid-ticks-10000-7may/easy/24proc/seed-5/1_csched008_seed-5_20260509_032954/iterated_local_search/run_2_worker_8/ils_config_17506005461429004767.prm
[INFO]:[03:33:24] CPLEX results. Gap: 7.070000, upper bound: 184.000000, lower bound: 171.000000
[INFO]:[03:33:24] CPLEX solver finished. Gap: 7.070000
[INFO]:[03:33:24] Starting CPLEX solver on instance: /home/yorig/tuner/mpils-tests/instances/miplib/easy/csched008.mps with config: /scratch/yorig/mpils-results-grid-ticks-10000-7may/easy/24proc/seed-5/1_csched008_seed-5_20260509_032954/iterated_local_search/run_2_worker_8/ils_config_2045854296770663194.prm
[INFO]:[03:33:24] Starting CPLEX solver on instance: /home/yorig/tuner/mpils-tests/instances/miplib/easy/csched008.mps with config: /scratch/yorig/mpils-results-grid-ticks-10000-7may/easy/24proc/seed-5/1_csched008_seed-5_20260509_032954/iterated_local_search/run_2_worker_8/ils_config_2045854296770663194.prm
[INFO]:[03:33:30] CPLEX results. Gap: 6.040000, upper bound: 182.000000, lower bound: 171.000000
[INFO]:[03:33:30] CPLEX solver finished. Gap: 6.040000
[INFO]:[03:33:30] Starting CPLEX solver on instance: /home/yorig/tuner/mpils-tests/instances/miplib/easy/csched008.mps with config: /scratch/yorig/mpils-results-grid-ticks-10000-7may/easy/24proc/seed-5/1_csched008_seed-5_20260509_032954/iterated_local_search/run_2_worker_8/ils_config_2827609562182527897.prm
[INFO]:[03:33:30] Starting CPLEX solver on instance: /home/yorig/tuner/mpils-tests/instances/miplib/easy/csched008.mps with config: /scratch/yorig/mpils-results-grid-ticks-10000-7may/easy/24proc/seed-5/1_csched008_seed-5_20260509_032954/iterated_local_search/run_2_worker_8/ils_config_2827609562182527897.prm
[INFO]:[03:33:37] CPLEX results. Gap: 3.390000, upper bound: 177.000000, lower bound: 171.000000
[INFO]:[03:33:37] CPLEX solver finished. Gap: 3.390000
[INFO]:[03:33:37] Starting CPLEX solver on instance: /home/yorig/tuner/mpils-tests/instances/miplib/easy/csched008.mps with config: /scratch/yorig/mpils-results-grid-ticks-10000-7may/easy/24proc/seed-5/1_csched008_seed-5_20260509_032954/iterated_local_search/run_2_worker_8/ils_config_11341174973980219193.prm
[INFO]:[03:33:37] Starting CPLEX solver on instance: /home/yorig/tuner/mpils-tests/instances/miplib/easy/csched008.mps with config: /scratch/yorig/mpils-results-grid-ticks-10000-7may/easy/24proc/seed-5/1_csched008_seed-5_20260509_032954/iterated_local_search/run_2_worker_8/ils_config_11341174973980219193.prm
[INFO]:[03:33:43] CPLEX results. Gap: 3.390000, upper bound: 177.000000, lower bound: 171.000000
[INFO]:[03:33:43] CPLEX solver finished. Gap: 3.390000
[INFO]:[03:33:43] Local search phase completed.
[INFO]:[03:33:43] Total number of new local-search evaluations: 9
[INFO]:[03:33:43] Final incumbent objective value: 2.29
[INFO]:[03:33:47] Worker 8 completed exploration phase.
[INFO]:[03:33:47] Worker 8 received order for step 2.
[INFO]:[03:33:47] Worker 8 running expansion phase for iteration 2.
[INFO]:[03:33:47] Worker 8 will use solver log file: /scratch/yorig/mpils-results-grid-ticks-10000-7may/easy/24proc/seed-5/1_csched008_seed-5_20260509_032954/solver/cplex.log_iteration_expansion_2_worker_8
[INFO]:[03:33:47] Expansion Worker 8 starting expansion for iteration 2.
[INFO]:[03:33:47] Starting CPLEX solver on instance: /home/yorig/tuner/mpils-tests/instances/miplib/easy/csched008.mps with config: /scratch/yorig/mpils-results-grid-ticks-10000-7may/easy/24proc/seed-5/1_csched008_seed-5_20260509_032954/expansion/config_param_CPXPARAM_Preprocessing_Symmetry_2_iter_2.prm
[INFO]:[03:33:54] CPLEX results. Gap: 0.580000, upper bound: 173.000000, lower bound: 172.000000
[INFO]:[03:33:54] CPLEX solver finished. Gap: 0.580000
[INFO]:[03:33:55] Starting CPLEX solver on instance: /home/yorig/tuner/mpils-tests/instances/miplib/easy/csched008.mps with config: /scratch/yorig/mpils-results-grid-ticks-10000-7may/easy/24proc/seed-5/1_csched008_seed-5_20260509_032954/expansion/config_param_CPXPARAM_Simplex_DGradient_1_iter_2.prm
[INFO]:[03:34:02] CPLEX results. Gap: 1.720000, upper bound: 174.000000, lower bound: 171.000000
[INFO]:[03:34:02] CPLEX solver finished. Gap: 1.720000
[INFO]:[03:34:02] Expansion Worker 8 completed expansion.
[INFO]:[03:34:02] Worker 8 completed expansion phase.
[INFO]:[03:34:02] Worker 8 received order for step 1.
[INFO]:[03:34:02] Worker 8 running exploration phase for iteration 3.
[INFO]:[03:34:02] Worker 8 at iteration 3 will not use a MIP start file. Current best MIP-start upper bound threshold is 1.79769e+308.
[INFO]:[03:34:02] Starting local search phase...
[INFO]:[03:34:02] Creating local search space from parameter space file: /scratch/yorig/mpils-results-grid-ticks-10000-7may/easy/24proc/seed-5/1_csched008_seed-5_20260509_032954/iterated_local_search/search_space/search_space_file_3_worker_8.txt
[INFO]:[03:34:02] Local search space loaded from file: /scratch/yorig/mpils-results-grid-ticks-10000-7may/easy/24proc/seed-5/1_csched008_seed-5_20260509_032954/iterated_local_search/search_space/search_space_file_3_worker_8.txt
[INFO]:[03:34:02] Number of parameters in local search space: 71
[INFO]:[03:34:02] Number of forbidden tuples in local search space: 27
[INFO]:[03:34:02] Number of conditionals in local search space: 6
[INFO]:[03:34:02] MIP start option not enabled. Local search will proceed without MIP start.
[INFO]:[03:34:02] Evaluating initial configuration for local search phase...
[INFO]:[03:34:02] Starting CPLEX solver on instance: /home/yorig/tuner/mpils-tests/instances/miplib/easy/csched008.mps with config: /scratch/yorig/mpils-results-grid-ticks-10000-7may/easy/24proc/seed-5/1_csched008_seed-5_20260509_032954/iterated_local_search/run_3_worker_8/ils_config_16778616808970287807.prm
[INFO]:[03:34:02] Starting CPLEX solver on instance: /home/yorig/tuner/mpils-tests/instances/miplib/easy/csched008.mps with config: /scratch/yorig/mpils-results-grid-ticks-10000-7may/easy/24proc/seed-5/1_csched008_seed-5_20260509_032954/iterated_local_search/run_3_worker_8/ils_config_16778616808970287807.prm
[WARN]:[03:34:08] CPLEX finished without a primal feasible solution for config /scratch/yorig/mpils-results-grid-ticks-10000-7may/easy/24proc/seed-5/1_csched008_seed-5_20260509_032954/iterated_local_search/run_3_worker_8/ils_config_16778616808970287807.prm.
[INFO]:[03:34:08] CPLEX results. Gap: unavailable, upper bound: null, lower bound: 171.000000
[INFO]:[03:34:08] CPLEX solver finished. Gap: 179769313486231570814527423731704356798070567525844996598917476803157260780028538760589558632766878171540458953514382464234321326889464182768467546703537516986049910576551282076245490090389328944075868508455133942304583236903222948165808559332123348274797826204144723168738177180919299881250404026184124858368.000000
[INFO]:[03:34:08] Initial configuration evaluated with objective value: 1.79769e+308
[INFO]:[03:34:08] Starting CPLEX solver on instance: /home/yorig/tuner/mpils-tests/instances/miplib/easy/csched008.mps with config: /scratch/yorig/mpils-results-grid-ticks-10000-7may/easy/24proc/seed-5/1_csched008_seed-5_20260509_032954/iterated_local_search/run_3_worker_8/ils_config_5107860220386951060.prm
[INFO]:[03:34:08] Starting CPLEX solver on instance: /home/yorig/tuner/mpils-tests/instances/miplib/easy/csched008.mps with config: /scratch/yorig/mpils-results-grid-ticks-10000-7may/easy/24proc/seed-5/1_csched008_seed-5_20260509_032954/iterated_local_search/run_3_worker_8/ils_config_5107860220386951060.prm
[INFO]:[03:34:14] CPLEX results. Gap: 9.520000, upper bound: 189.000000, lower bound: 171.000000
[INFO]:[03:34:14] CPLEX solver finished. Gap: 9.520000
[INFO]:[03:34:14] New incumbent found with objective value: 9.52
[INFO]:[03:34:14] Starting CPLEX solver on instance: /home/yorig/tuner/mpils-tests/instances/miplib/easy/csched008.mps with config: /scratch/yorig/mpils-results-grid-ticks-10000-7may/easy/24proc/seed-5/1_csched008_seed-5_20260509_032954/iterated_local_search/run_3_worker_8/ils_config_10892016171879063714.prm
[INFO]:[03:34:14] Starting CPLEX solver on instance: /home/yorig/tuner/mpils-tests/instances/miplib/easy/csched008.mps with config: /scratch/yorig/mpils-results-grid-ticks-10000-7may/easy/24proc/seed-5/1_csched008_seed-5_20260509_032954/iterated_local_search/run_3_worker_8/ils_config_10892016171879063714.prm
[INFO]:[03:34:21] CPLEX results. Gap: 6.560000, upper bound: 183.000000, lower bound: 171.000000
[INFO]:[03:34:21] CPLEX solver finished. Gap: 6.560000
[INFO]:[03:34:21] New incumbent found with objective value: 6.56
[INFO]:[03:34:21] Starting CPLEX solver on instance: /home/yorig/tuner/mpils-tests/instances/miplib/easy/csched008.mps with config: /scratch/yorig/mpils-results-grid-ticks-10000-7may/easy/24proc/seed-5/1_csched008_seed-5_20260509_032954/iterated_local_search/run_3_worker_8/ils_config_7581351401830300482.prm
[INFO]:[03:34:21] Starting CPLEX solver on instance: /home/yorig/tuner/mpils-tests/instances/miplib/easy/csched008.mps with config: /scratch/yorig/mpils-results-grid-ticks-10000-7may/easy/24proc/seed-5/1_csched008_seed-5_20260509_032954/iterated_local_search/run_3_worker_8/ils_config_7581351401830300482.prm
[INFO]:[03:34:28] CPLEX results. Gap: 7.570000, upper bound: 185.000000, lower bound: 171.000000
[INFO]:[03:34:28] CPLEX solver finished. Gap: 7.570000
[INFO]:[03:34:28] Starting CPLEX solver on instance: /home/yorig/tuner/mpils-tests/instances/miplib/easy/csched008.mps with config: /scratch/yorig/mpils-results-grid-ticks-10000-7may/easy/24proc/seed-5/1_csched008_seed-5_20260509_032954/iterated_local_search/run_3_worker_8/ils_config_12425106967585023025.prm
[INFO]:[03:34:28] Starting CPLEX solver on instance: /home/yorig/tuner/mpils-tests/instances/miplib/easy/csched008.mps with config: /scratch/yorig/mpils-results-grid-ticks-10000-7may/easy/24proc/seed-5/1_csched008_seed-5_20260509_032954/iterated_local_search/run_3_worker_8/ils_config_12425106967585023025.prm
[INFO]:[03:34:36] CPLEX results. Gap: 6.560000, upper bound: 183.000000, lower bound: 171.000000
[INFO]:[03:34:36] CPLEX solver finished. Gap: 6.560000
[INFO]:[03:34:36] Starting CPLEX solver on instance: /home/yorig/tuner/mpils-tests/instances/miplib/easy/csched008.mps with config: /scratch/yorig/mpils-results-grid-ticks-10000-7may/easy/24proc/seed-5/1_csched008_seed-5_20260509_032954/iterated_local_search/run_3_worker_8/ils_config_17584985367287681646.prm
[INFO]:[03:34:36] Starting CPLEX solver on instance: /home/yorig/tuner/mpils-tests/instances/miplib/easy/csched008.mps with config: /scratch/yorig/mpils-results-grid-ticks-10000-7may/easy/24proc/seed-5/1_csched008_seed-5_20260509_032954/iterated_local_search/run_3_worker_8/ils_config_17584985367287681646.prm
[INFO]:[03:34:43] CPLEX results. Gap: 6.560000, upper bound: 183.000000, lower bound: 171.000000
[INFO]:[03:34:43] CPLEX solver finished. Gap: 6.560000
[INFO]:[03:34:43] Starting CPLEX solver on instance: /home/yorig/tuner/mpils-tests/instances/miplib/easy/csched008.mps with config: /scratch/yorig/mpils-results-grid-ticks-10000-7may/easy/24proc/seed-5/1_csched008_seed-5_20260509_032954/iterated_local_search/run_3_worker_8/ils_config_17660932724278899197.prm
[INFO]:[03:34:43] Starting CPLEX solver on instance: /home/yorig/tuner/mpils-tests/instances/miplib/easy/csched008.mps with config: /scratch/yorig/mpils-results-grid-ticks-10000-7may/easy/24proc/seed-5/1_csched008_seed-5_20260509_032954/iterated_local_search/run_3_worker_8/ils_config_17660932724278899197.prm
[INFO]:[03:34:50] CPLEX results. Gap: 8.560000, upper bound: 187.000000, lower bound: 171.000000
[INFO]:[03:34:50] CPLEX solver finished. Gap: 8.560000
[INFO]:[03:34:50] Starting CPLEX solver on instance: /home/yorig/tuner/mpils-tests/instances/miplib/easy/csched008.mps with config: /scratch/yorig/mpils-results-grid-ticks-10000-7may/easy/24proc/seed-5/1_csched008_seed-5_20260509_032954/iterated_local_search/run_3_worker_8/ils_config_7624430215791444500.prm
[INFO]:[03:34:50] Starting CPLEX solver on instance: /home/yorig/tuner/mpils-tests/instances/miplib/easy/csched008.mps with config: /scratch/yorig/mpils-results-grid-ticks-10000-7may/easy/24proc/seed-5/1_csched008_seed-5_20260509_032954/iterated_local_search/run_3_worker_8/ils_config_7624430215791444500.prm
[WARN]:[03:34:56] CPLEX finished without a primal feasible solution for config /scratch/yorig/mpils-results-grid-ticks-10000-7may/easy/24proc/seed-5/1_csched008_seed-5_20260509_032954/iterated_local_search/run_3_worker_8/ils_config_7624430215791444500.prm.
[INFO]:[03:34:56] CPLEX results. Gap: unavailable, upper bound: null, lower bound: 171.000000
[INFO]:[03:34:56] CPLEX solver finished. Gap: 179769313486231570814527423731704356798070567525844996598917476803157260780028538760589558632766878171540458953514382464234321326889464182768467546703537516986049910576551282076245490090389328944075868508455133942304583236903222948165808559332123348274797826204144723168738177180919299881250404026184124858368.000000
[INFO]:[03:34:56] Starting CPLEX solver on instance: /home/yorig/tuner/mpils-tests/instances/miplib/easy/csched008.mps with config: /scratch/yorig/mpils-results-grid-ticks-10000-7may/easy/24proc/seed-5/1_csched008_seed-5_20260509_032954/iterated_local_search/run_3_worker_8/ils_config_6216064612994025234.prm
[INFO]:[03:34:56] Starting CPLEX solver on instance: /home/yorig/tuner/mpils-tests/instances/miplib/easy/csched008.mps with config: /scratch/yorig/mpils-results-grid-ticks-10000-7may/easy/24proc/seed-5/1_csched008_seed-5_20260509_032954/iterated_local_search/run_3_worker_8/ils_config_6216064612994025234.prm
[INFO]:[03:35:03] CPLEX results. Gap: 5.520000, upper bound: 181.000000, lower bound: 171.000000
[INFO]:[03:35:03] CPLEX solver finished. Gap: 5.520000
[INFO]:[03:35:03] New incumbent found with objective value: 5.52
[INFO]:[03:35:03] Starting CPLEX solver on instance: /home/yorig/tuner/mpils-tests/instances/miplib/easy/csched008.mps with config: /scratch/yorig/mpils-results-grid-ticks-10000-7may/easy/24proc/seed-5/1_csched008_seed-5_20260509_032954/iterated_local_search/run_3_worker_8/ils_config_5689072802633428525.prm
[INFO]:[03:35:03] Starting CPLEX solver on instance: /home/yorig/tuner/mpils-tests/instances/miplib/easy/csched008.mps with config: /scratch/yorig/mpils-results-grid-ticks-10000-7may/easy/24proc/seed-5/1_csched008_seed-5_20260509_032954/iterated_local_search/run_3_worker_8/ils_config_5689072802633428525.prm
[INFO]:[03:35:09] CPLEX results. Gap: 5.520000, upper bound: 181.000000, lower bound: 171.000000
[INFO]:[03:35:09] CPLEX solver finished. Gap: 5.520000
[INFO]:[03:35:09] Local search phase completed.
[INFO]:[03:35:09] Total number of new local-search evaluations: 10
[INFO]:[03:35:09] Final incumbent objective value: 5.52
[INFO]:[03:35:17] Worker 8 completed exploration phase.
[INFO]:[03:35:17] Worker 8 received order for step 2.
[INFO]:[03:35:17] Worker 8 running expansion phase for iteration 3.
[INFO]:[03:35:17] Worker 8 will use solver log file: /scratch/yorig/mpils-results-grid-ticks-10000-7may/easy/24proc/seed-5/1_csched008_seed-5_20260509_032954/solver/cplex.log_iteration_expansion_3_worker_8
[INFO]:[03:35:17] Expansion Worker 8 starting expansion for iteration 3.
[INFO]:[03:35:17] Starting CPLEX solver on instance: /home/yorig/tuner/mpils-tests/instances/miplib/easy/csched008.mps with config: /scratch/yorig/mpils-results-grid-ticks-10000-7may/easy/24proc/seed-5/1_csched008_seed-5_20260509_032954/expansion/config_param_CPXPARAM_MIP_Limits_AggForCut_1_iter_3.prm
[INFO]:[03:35:23] CPLEX results. Gap: 1.640000, upper bound: 174.000000, lower bound: 171.153846
[INFO]:[03:35:23] CPLEX solver finished. Gap: 1.640000
[INFO]:[03:35:30] Expansion Worker 8 completed expansion.
[INFO]:[03:35:30] Worker 8 completed expansion phase.
[INFO]:[03:35:31] Worker 8 received order for step 1.
[INFO]:[03:35:31] Worker 8 running exploration phase for iteration 4.
[INFO]:[03:35:31] Worker 8 at iteration 4 will not use a MIP start file. Current best MIP-start upper bound threshold is 1.79769e+308.
[INFO]:[03:35:31] Starting local search phase...
[INFO]:[03:35:31] Creating local search space from parameter space file: /scratch/yorig/mpils-results-grid-ticks-10000-7may/easy/24proc/seed-5/1_csched008_seed-5_20260509_032954/iterated_local_search/search_space/search_space_file_4_worker_8.txt
[INFO]:[03:35:31] Local search space loaded from file: /scratch/yorig/mpils-results-grid-ticks-10000-7may/easy/24proc/seed-5/1_csched008_seed-5_20260509_032954/iterated_local_search/search_space/search_space_file_4_worker_8.txt
[INFO]:[03:35:31] Number of parameters in local search space: 71
[INFO]:[03:35:31] Number of forbidden tuples in local search space: 50
[INFO]:[03:35:31] Number of conditionals in local search space: 6
[INFO]:[03:35:31] MIP start option not enabled. Local search will proceed without MIP start.
[INFO]:[03:35:31] Evaluating initial configuration for local search phase...
[INFO]:[03:35:31] Starting CPLEX solver on instance: /home/yorig/tuner/mpils-tests/instances/miplib/easy/csched008.mps with config: /scratch/yorig/mpils-results-grid-ticks-10000-7may/easy/24proc/seed-5/1_csched008_seed-5_20260509_032954/iterated_local_search/run_4_worker_8/ils_config_14647951451901583283.prm
[INFO]:[03:35:31] Starting CPLEX solver on instance: /home/yorig/tuner/mpils-tests/instances/miplib/easy/csched008.mps with config: /scratch/yorig/mpils-results-grid-ticks-10000-7may/easy/24proc/seed-5/1_csched008_seed-5_20260509_032954/iterated_local_search/run_4_worker_8/ils_config_14647951451901583283.prm
[INFO]:[03:35:38] CPLEX results. Gap: 7.570000, upper bound: 185.000000, lower bound: 171.000000
[INFO]:[03:35:38] CPLEX solver finished. Gap: 7.570000
[INFO]:[03:35:38] Initial configuration evaluated with objective value: 7.57
[INFO]:[03:35:38] Starting CPLEX solver on instance: /home/yorig/tuner/mpils-tests/instances/miplib/easy/csched008.mps with config: /scratch/yorig/mpils-results-grid-ticks-10000-7may/easy/24proc/seed-5/1_csched008_seed-5_20260509_032954/iterated_local_search/run_4_worker_8/ils_config_4460903221736384380.prm
[INFO]:[03:35:38] Starting CPLEX solver on instance: /home/yorig/tuner/mpils-tests/instances/miplib/easy/csched008.mps with config: /scratch/yorig/mpils-results-grid-ticks-10000-7may/easy/24proc/seed-5/1_csched008_seed-5_20260509_032954/iterated_local_search/run_4_worker_8/ils_config_4460903221736384380.prm
[INFO]:[03:35:45] CPLEX results. Gap: 8.060000, upper bound: 186.000000, lower bound: 171.000000
[INFO]:[03:35:45] CPLEX solver finished. Gap: 8.060000
[INFO]:[03:35:45] Starting CPLEX solver on instance: /home/yorig/tuner/mpils-tests/instances/miplib/easy/csched008.mps with config: /scratch/yorig/mpils-results-grid-ticks-10000-7may/easy/24proc/seed-5/1_csched008_seed-5_20260509_032954/iterated_local_search/run_4_worker_8/ils_config_848532302484227970.prm
[INFO]:[03:35:45] Starting CPLEX solver on instance: /home/yorig/tuner/mpils-tests/instances/miplib/easy/csched008.mps with config: /scratch/yorig/mpils-results-grid-ticks-10000-7may/easy/24proc/seed-5/1_csched008_seed-5_20260509_032954/iterated_local_search/run_4_worker_8/ils_config_848532302484227970.prm
[INFO]:[03:35:52] CPLEX results. Gap: 7.570000, upper bound: 185.000000, lower bound: 171.000000
[INFO]:[03:35:52] CPLEX solver finished. Gap: 7.570000
[INFO]:[03:35:52] Starting CPLEX solver on instance: /home/yorig/tuner/mpils-tests/instances/miplib/easy/csched008.mps with config: /scratch/yorig/mpils-results-grid-ticks-10000-7may/easy/24proc/seed-5/1_csched008_seed-5_20260509_032954/iterated_local_search/run_4_worker_8/ils_config_2460552678900516945.prm
[INFO]:[03:35:52] Starting CPLEX solver on instance: /home/yorig/tuner/mpils-tests/instances/miplib/easy/csched008.mps with config: /scratch/yorig/mpils-results-grid-ticks-10000-7may/easy/24proc/seed-5/1_csched008_seed-5_20260509_032954/iterated_local_search/run_4_worker_8/ils_config_2460552678900516945.prm
[INFO]:[03:35:59] CPLEX results. Gap: 5.520000, upper bound: 181.000000, lower bound: 171.000000
[INFO]:[03:35:59] CPLEX solver finished. Gap: 5.520000
[INFO]:[03:35:59] New incumbent found with objective value: 5.52
[INFO]:[03:35:59] Starting CPLEX solver on instance: /home/yorig/tuner/mpils-tests/instances/miplib/easy/csched008.mps with config: /scratch/yorig/mpils-results-grid-ticks-10000-7may/easy/24proc/seed-5/1_csched008_seed-5_20260509_032954/iterated_local_search/run_4_worker_8/ils_config_6105458036651343286.prm
[INFO]:[03:35:59] Starting CPLEX solver on instance: /home/yorig/tuner/mpils-tests/instances/miplib/easy/csched008.mps with config: /scratch/yorig/mpils-results-grid-ticks-10000-7may/easy/24proc/seed-5/1_csched008_seed-5_20260509_032954/iterated_local_search/run_4_worker_8/ils_config_6105458036651343286.prm
[INFO]:[03:36:06] CPLEX results. Gap: 7.070000, upper bound: 184.000000, lower bound: 171.000000
[INFO]:[03:36:06] CPLEX solver finished. Gap: 7.070000
[INFO]:[03:36:06] Starting CPLEX solver on instance: /home/yorig/tuner/mpils-tests/instances/miplib/easy/csched008.mps with config: /scratch/yorig/mpils-results-grid-ticks-10000-7may/easy/24proc/seed-5/1_csched008_seed-5_20260509_032954/iterated_local_search/run_4_worker_8/ils_config_16455790537443774271.prm
[INFO]:[03:36:06] Starting CPLEX solver on instance: /home/yorig/tuner/mpils-tests/instances/miplib/easy/csched008.mps with config: /scratch/yorig/mpils-results-grid-ticks-10000-7may/easy/24proc/seed-5/1_csched008_seed-5_20260509_032954/iterated_local_search/run_4_worker_8/ils_config_16455790537443774271.prm
[INFO]:[03:36:13] CPLEX results. Gap: 7.070000, upper bound: 184.000000, lower bound: 171.000000
[INFO]:[03:36:13] CPLEX solver finished. Gap: 7.070000
[INFO]:[03:36:13] Starting CPLEX solver on instance: /home/yorig/tuner/mpils-tests/instances/miplib/easy/csched008.mps with config: /scratch/yorig/mpils-results-grid-ticks-10000-7may/easy/24proc/seed-5/1_csched008_seed-5_20260509_032954/iterated_local_search/run_4_worker_8/ils_config_16208496335699800625.prm
[INFO]:[03:36:13] Starting CPLEX solver on instance: /home/yorig/tuner/mpils-tests/instances/miplib/easy/csched008.mps with config: /scratch/yorig/mpils-results-grid-ticks-10000-7may/easy/24proc/seed-5/1_csched008_seed-5_20260509_032954/iterated_local_search/run_4_worker_8/ils_config_16208496335699800625.prm
[INFO]:[03:36:20] CPLEX results. Gap: 5.520000, upper bound: 181.000000, lower bound: 171.000000
[INFO]:[03:36:20] CPLEX solver finished. Gap: 5.520000
[INFO]:[03:36:20] Starting CPLEX solver on instance: /home/yorig/tuner/mpils-tests/instances/miplib/easy/csched008.mps with config: /scratch/yorig/mpils-results-grid-ticks-10000-7may/easy/24proc/seed-5/1_csched008_seed-5_20260509_032954/iterated_local_search/run_4_worker_8/ils_config_12366331546270986161.prm
[INFO]:[03:36:20] Starting CPLEX solver on instance: /home/yorig/tuner/mpils-tests/instances/miplib/easy/csched008.mps with config: /scratch/yorig/mpils-results-grid-ticks-10000-7may/easy/24proc/seed-5/1_csched008_seed-5_20260509_032954/iterated_local_search/run_4_worker_8/ils_config_12366331546270986161.prm
[INFO]:[03:36:27] CPLEX results. Gap: 8.060000, upper bound: 186.000000, lower bound: 171.000000
[INFO]:[03:36:27] CPLEX solver finished. Gap: 8.060000
[INFO]:[03:36:27] Starting CPLEX solver on instance: /home/yorig/tuner/mpils-tests/instances/miplib/easy/csched008.mps with config: /scratch/yorig/mpils-results-grid-ticks-10000-7may/easy/24proc/seed-5/1_csched008_seed-5_20260509_032954/iterated_local_search/run_4_worker_8/ils_config_397525103738295662.prm
[INFO]:[03:36:27] Starting CPLEX solver on instance: /home/yorig/tuner/mpils-tests/instances/miplib/easy/csched008.mps with config: /scratch/yorig/mpils-results-grid-ticks-10000-7may/easy/24proc/seed-5/1_csched008_seed-5_20260509_032954/iterated_local_search/run_4_worker_8/ils_config_397525103738295662.prm
[INFO]:[03:36:34] CPLEX results. Gap: 5.520000, upper bound: 181.000000, lower bound: 171.000000
[INFO]:[03:36:34] CPLEX solver finished. Gap: 5.520000
[INFO]:[03:36:34] Starting CPLEX solver on instance: /home/yorig/tuner/mpils-tests/instances/miplib/easy/csched008.mps with config: /scratch/yorig/mpils-results-grid-ticks-10000-7may/easy/24proc/seed-5/1_csched008_seed-5_20260509_032954/iterated_local_search/run_4_worker_8/ils_config_10650256455655675648.prm
[INFO]:[03:36:34] Starting CPLEX solver on instance: /home/yorig/tuner/mpils-tests/instances/miplib/easy/csched008.mps with config: /scratch/yorig/mpils-results-grid-ticks-10000-7may/easy/24proc/seed-5/1_csched008_seed-5_20260509_032954/iterated_local_search/run_4_worker_8/ils_config_10650256455655675648.prm
[INFO]:[03:36:41] CPLEX results. Gap: 7.570000, upper bound: 185.000000, lower bound: 171.000000
[INFO]:[03:36:41] CPLEX solver finished. Gap: 7.570000
[INFO]:[03:36:41] Starting CPLEX solver on instance: /home/yorig/tuner/mpils-tests/instances/miplib/easy/csched008.mps with config: /scratch/yorig/mpils-results-grid-ticks-10000-7may/easy/24proc/seed-5/1_csched008_seed-5_20260509_032954/iterated_local_search/run_4_worker_8/ils_config_13920134811450449309.prm
[INFO]:[03:36:41] Starting CPLEX solver on instance: /home/yorig/tuner/mpils-tests/instances/miplib/easy/csched008.mps with config: /scratch/yorig/mpils-results-grid-ticks-10000-7may/easy/24proc/seed-5/1_csched008_seed-5_20260509_032954/iterated_local_search/run_4_worker_8/ils_config_13920134811450449309.prm
[INFO]:[03:36:48] CPLEX results. Gap: 7.070000, upper bound: 184.000000, lower bound: 171.000000
[INFO]:[03:36:48] CPLEX solver finished. Gap: 7.070000
[INFO]:[03:36:48] Starting CPLEX solver on instance: /home/yorig/tuner/mpils-tests/instances/miplib/easy/csched008.mps with config: /scratch/yorig/mpils-results-grid-ticks-10000-7may/easy/24proc/seed-5/1_csched008_seed-5_20260509_032954/iterated_local_search/run_4_worker_8/ils_config_9767373645410118508.prm
[INFO]:[03:36:48] Starting CPLEX solver on instance: /home/yorig/tuner/mpils-tests/instances/miplib/easy/csched008.mps with config: /scratch/yorig/mpils-results-grid-ticks-10000-7may/easy/24proc/seed-5/1_csched008_seed-5_20260509_032954/iterated_local_search/run_4_worker_8/ils_config_9767373645410118508.prm
[INFO]:[03:36:56] CPLEX results. Gap: 8.060000, upper bound: 186.000000, lower bound: 171.000000
[INFO]:[03:36:56] CPLEX solver finished. Gap: 8.060000
[INFO]:[03:36:56] Starting CPLEX solver on instance: /home/yorig/tuner/mpils-tests/instances/miplib/easy/csched008.mps with config: /scratch/yorig/mpils-results-grid-ticks-10000-7may/easy/24proc/seed-5/1_csched008_seed-5_20260509_032954/iterated_local_search/run_4_worker_8/ils_config_4073386678020864495.prm
[INFO]:[03:36:56] Starting CPLEX solver on instance: /home/yorig/tuner/mpils-tests/instances/miplib/easy/csched008.mps with config: /scratch/yorig/mpils-results-grid-ticks-10000-7may/easy/24proc/seed-5/1_csched008_seed-5_20260509_032954/iterated_local_search/run_4_worker_8/ils_config_4073386678020864495.prm
[INFO]:[03:37:02] CPLEX results. Gap: 5.520000, upper bound: 181.000000, lower bound: 171.000000
[INFO]:[03:37:02] CPLEX solver finished. Gap: 5.520000
[INFO]:[03:37:02] Starting CPLEX solver on instance: /home/yorig/tuner/mpils-tests/instances/miplib/easy/csched008.mps with config: /scratch/yorig/mpils-results-grid-ticks-10000-7may/easy/24proc/seed-5/1_csched008_seed-5_20260509_032954/iterated_local_search/run_4_worker_8/ils_config_2930852165028159520.prm
[INFO]:[03:37:02] Starting CPLEX solver on instance: /home/yorig/tuner/mpils-tests/instances/miplib/easy/csched008.mps with config: /scratch/yorig/mpils-results-grid-ticks-10000-7may/easy/24proc/seed-5/1_csched008_seed-5_20260509_032954/iterated_local_search/run_4_worker_8/ils_config_2930852165028159520.prm
[INFO]:[03:37:09] CPLEX results. Gap: 7.070000, upper bound: 184.000000, lower bound: 171.000000
[INFO]:[03:37:09] CPLEX solver finished. Gap: 7.070000
[INFO]:[03:37:09] Local search phase completed.
[INFO]:[03:37:09] Total number of new local-search evaluations: 14
[INFO]:[03:37:09] Final incumbent objective value: 5.52
[INFO]:[03:37:16] Worker 8 completed exploration phase.
[INFO]:[03:37:16] Worker 8 received order for step 2.
[INFO]:[03:37:16] Worker 8 running expansion phase for iteration 4.
[INFO]:[03:37:16] Worker 8 will use solver log file: /scratch/yorig/mpils-results-grid-ticks-10000-7may/easy/24proc/seed-5/1_csched008_seed-5_20260509_032954/solver/cplex.log_iteration_expansion_4_worker_8
[INFO]:[03:37:16] Expansion Worker 8 starting expansion for iteration 4.
[INFO]:[03:37:16] Starting CPLEX solver on instance: /home/yorig/tuner/mpils-tests/instances/miplib/easy/csched008.mps with config: /scratch/yorig/mpils-results-grid-ticks-10000-7may/easy/24proc/seed-5/1_csched008_seed-5_20260509_032954/expansion/config_param_CPXPARAM_Feasopt_Mode_5_iter_4.prm
[INFO]:[03:37:23] CPLEX results. Gap: 0.580000, upper bound: 173.000000, lower bound: 172.000000
[INFO]:[03:37:23] CPLEX solver finished. Gap: 0.580000
[INFO]:[03:37:29] Expansion Worker 8 completed expansion.
[INFO]:[03:37:29] Worker 8 completed expansion phase.
[INFO]:[03:37:31] Worker 8 received order for step 1.
[INFO]:[03:37:31] Worker 8 running exploration phase for iteration 5.
[INFO]:[03:37:31] Worker 8 at iteration 5 will not use a MIP start file. Current best MIP-start upper bound threshold is 1.79769e+308.
[INFO]:[03:37:31] Starting local search phase...
[INFO]:[03:37:31] Creating local search space from parameter space file: /scratch/yorig/mpils-results-grid-ticks-10000-7may/easy/24proc/seed-5/1_csched008_seed-5_20260509_032954/iterated_local_search/search_space/search_space_file_5_worker_8.txt
[INFO]:[03:37:31] Local search space loaded from file: /scratch/yorig/mpils-results-grid-ticks-10000-7may/easy/24proc/seed-5/1_csched008_seed-5_20260509_032954/iterated_local_search/search_space/search_space_file_5_worker_8.txt
[INFO]:[03:37:31] Number of parameters in local search space: 71
[INFO]:[03:37:31] Number of forbidden tuples in local search space: 78
[INFO]:[03:37:31] Number of conditionals in local search space: 6
[INFO]:[03:37:31] MIP start option not enabled. Local search will proceed without MIP start.
[INFO]:[03:37:31] Evaluating initial configuration for local search phase...
[INFO]:[03:37:31] Starting CPLEX solver on instance: /home/yorig/tuner/mpils-tests/instances/miplib/easy/csched008.mps with config: /scratch/yorig/mpils-results-grid-ticks-10000-7may/easy/24proc/seed-5/1_csched008_seed-5_20260509_032954/iterated_local_search/run_5_worker_8/ils_config_5971713790581631173.prm
[INFO]:[03:37:31] Starting CPLEX solver on instance: /home/yorig/tuner/mpils-tests/instances/miplib/easy/csched008.mps with config: /scratch/yorig/mpils-results-grid-ticks-10000-7may/easy/24proc/seed-5/1_csched008_seed-5_20260509_032954/iterated_local_search/run_5_worker_8/ils_config_5971713790581631173.prm
[WARN]:[03:37:39] CPLEX finished without a primal feasible solution for config /scratch/yorig/mpils-results-grid-ticks-10000-7may/easy/24proc/seed-5/1_csched008_seed-5_20260509_032954/iterated_local_search/run_5_worker_8/ils_config_5971713790581631173.prm.
[INFO]:[03:37:39] CPLEX results. Gap: unavailable, upper bound: null, lower bound: 171.000000
[INFO]:[03:37:39] CPLEX solver finished. Gap: 179769313486231570814527423731704356798070567525844996598917476803157260780028538760589558632766878171540458953514382464234321326889464182768467546703537516986049910576551282076245490090389328944075868508455133942304583236903222948165808559332123348274797826204144723168738177180919299881250404026184124858368.000000
[INFO]:[03:37:39] Initial configuration evaluated with objective value: 1.79769e+308
[INFO]:[03:37:39] Starting CPLEX solver on instance: /home/yorig/tuner/mpils-tests/instances/miplib/easy/csched008.mps with config: /scratch/yorig/mpils-results-grid-ticks-10000-7may/easy/24proc/seed-5/1_csched008_seed-5_20260509_032954/iterated_local_search/run_5_worker_8/ils_config_762679165622315310.prm
[INFO]:[03:37:39] Starting CPLEX solver on instance: /home/yorig/tuner/mpils-tests/instances/miplib/easy/csched008.mps with config: /scratch/yorig/mpils-results-grid-ticks-10000-7may/easy/24proc/seed-5/1_csched008_seed-5_20260509_032954/iterated_local_search/run_5_worker_8/ils_config_762679165622315310.prm
[WARN]:[03:37:46] CPLEX finished without a primal feasible solution for config /scratch/yorig/mpils-results-grid-ticks-10000-7may/easy/24proc/seed-5/1_csched008_seed-5_20260509_032954/iterated_local_search/run_5_worker_8/ils_config_762679165622315310.prm.
[INFO]:[03:37:46] CPLEX results. Gap: unavailable, upper bound: null, lower bound: 171.000000
[INFO]:[03:37:46] CPLEX solver finished. Gap: 179769313486231570814527423731704356798070567525844996598917476803157260780028538760589558632766878171540458953514382464234321326889464182768467546703537516986049910576551282076245490090389328944075868508455133942304583236903222948165808559332123348274797826204144723168738177180919299881250404026184124858368.000000
[INFO]:[03:37:46] Starting CPLEX solver on instance: /home/yorig/tuner/mpils-tests/instances/miplib/easy/csched008.mps with config: /scratch/yorig/mpils-results-grid-ticks-10000-7may/easy/24proc/seed-5/1_csched008_seed-5_20260509_032954/iterated_local_search/run_5_worker_8/ils_config_5495200783938198573.prm
[INFO]:[03:37:46] Starting CPLEX solver on instance: /home/yorig/tuner/mpils-tests/instances/miplib/easy/csched008.mps with config: /scratch/yorig/mpils-results-grid-ticks-10000-7may/easy/24proc/seed-5/1_csched008_seed-5_20260509_032954/iterated_local_search/run_5_worker_8/ils_config_5495200783938198573.prm
[WARN]:[03:37:53] CPLEX finished without a primal feasible solution for config /scratch/yorig/mpils-results-grid-ticks-10000-7may/easy/24proc/seed-5/1_csched008_seed-5_20260509_032954/iterated_local_search/run_5_worker_8/ils_config_5495200783938198573.prm.
[INFO]:[03:37:53] CPLEX results. Gap: unavailable, upper bound: null, lower bound: 171.000000
[INFO]:[03:37:53] CPLEX solver finished. Gap: 179769313486231570814527423731704356798070567525844996598917476803157260780028538760589558632766878171540458953514382464234321326889464182768467546703537516986049910576551282076245490090389328944075868508455133942304583236903222948165808559332123348274797826204144723168738177180919299881250404026184124858368.000000
[INFO]:[03:37:53] Starting CPLEX solver on instance: /home/yorig/tuner/mpils-tests/instances/miplib/easy/csched008.mps with config: /scratch/yorig/mpils-results-grid-ticks-10000-7may/easy/24proc/seed-5/1_csched008_seed-5_20260509_032954/iterated_local_search/run_5_worker_8/ils_config_12516925839237693254.prm
[INFO]:[03:37:53] Starting CPLEX solver on instance: /home/yorig/tuner/mpils-tests/instances/miplib/easy/csched008.mps with config: /scratch/yorig/mpils-results-grid-ticks-10000-7may/easy/24proc/seed-5/1_csched008_seed-5_20260509_032954/iterated_local_search/run_5_worker_8/ils_config_12516925839237693254.prm
[INFO]:[03:38:00] CPLEX results. Gap: 3.390000, upper bound: 177.000000, lower bound: 171.000000
[INFO]:[03:38:00] CPLEX solver finished. Gap: 3.390000
[INFO]:[03:38:00] New incumbent found with objective value: 3.39
[INFO]:[03:38:00] Starting CPLEX solver on instance: /home/yorig/tuner/mpils-tests/instances/miplib/easy/csched008.mps with config: /scratch/yorig/mpils-results-grid-ticks-10000-7may/easy/24proc/seed-5/1_csched008_seed-5_20260509_032954/iterated_local_search/run_5_worker_8/ils_config_6318552817630778218.prm
[INFO]:[03:38:00] Starting CPLEX solver on instance: /home/yorig/tuner/mpils-tests/instances/miplib/easy/csched008.mps with config: /scratch/yorig/mpils-results-grid-ticks-10000-7may/easy/24proc/seed-5/1_csched008_seed-5_20260509_032954/iterated_local_search/run_5_worker_8/ils_config_6318552817630778218.prm
[INFO]:[03:38:07] CPLEX results. Gap: 5.000000, upper bound: 180.000000, lower bound: 171.000000
[INFO]:[03:38:07] CPLEX solver finished. Gap: 5.000000
[INFO]:[03:38:07] Starting CPLEX solver on instance: /home/yorig/tuner/mpils-tests/instances/miplib/easy/csched008.mps with config: /scratch/yorig/mpils-results-grid-ticks-10000-7may/easy/24proc/seed-5/1_csched008_seed-5_20260509_032954/iterated_local_search/run_5_worker_8/ils_config_14950039732341873445.prm
[INFO]:[03:38:07] Starting CPLEX solver on instance: /home/yorig/tuner/mpils-tests/instances/miplib/easy/csched008.mps with config: /scratch/yorig/mpils-results-grid-ticks-10000-7may/easy/24proc/seed-5/1_csched008_seed-5_20260509_032954/iterated_local_search/run_5_worker_8/ils_config_14950039732341873445.prm
[INFO]:[03:38:14] CPLEX results. Gap: 5.520000, upper bound: 181.000000, lower bound: 171.000000
[INFO]:[03:38:14] CPLEX solver finished. Gap: 5.520000
[INFO]:[03:38:14] Starting CPLEX solver on instance: /home/yorig/tuner/mpils-tests/instances/miplib/easy/csched008.mps with config: /scratch/yorig/mpils-results-grid-ticks-10000-7may/easy/24proc/seed-5/1_csched008_seed-5_20260509_032954/iterated_local_search/run_5_worker_8/ils_config_808291096406227295.prm
[INFO]:[03:38:14] Starting CPLEX solver on instance: /home/yorig/tuner/mpils-tests/instances/miplib/easy/csched008.mps with config: /scratch/yorig/mpils-results-grid-ticks-10000-7may/easy/24proc/seed-5/1_csched008_seed-5_20260509_032954/iterated_local_search/run_5_worker_8/ils_config_808291096406227295.prm
[INFO]:[03:38:21] CPLEX results. Gap: 1.720000, upper bound: 174.000000, lower bound: 171.000000
[INFO]:[03:38:21] CPLEX solver finished. Gap: 1.720000
[INFO]:[03:38:21] New incumbent found with objective value: 1.72
[INFO]:[03:38:21] Starting CPLEX solver on instance: /home/yorig/tuner/mpils-tests/instances/miplib/easy/csched008.mps with config: /scratch/yorig/mpils-results-grid-ticks-10000-7may/easy/24proc/seed-5/1_csched008_seed-5_20260509_032954/iterated_local_search/run_5_worker_8/ils_config_1642383817369984373.prm
[INFO]:[03:38:21] Starting CPLEX solver on instance: /home/yorig/tuner/mpils-tests/instances/miplib/easy/csched008.mps with config: /scratch/yorig/mpils-results-grid-ticks-10000-7may/easy/24proc/seed-5/1_csched008_seed-5_20260509_032954/iterated_local_search/run_5_worker_8/ils_config_1642383817369984373.prm
[INFO]:[03:38:28] CPLEX results. Gap: 1.720000, upper bound: 174.000000, lower bound: 171.000000
[INFO]:[03:38:28] CPLEX solver finished. Gap: 1.720000
[INFO]:[03:38:28] Starting CPLEX solver on instance: /home/yorig/tuner/mpils-tests/instances/miplib/easy/csched008.mps with config: /scratch/yorig/mpils-results-grid-ticks-10000-7may/easy/24proc/seed-5/1_csched008_seed-5_20260509_032954/iterated_local_search/run_5_worker_8/ils_config_14621940189461896838.prm
[INFO]:[03:38:28] Starting CPLEX solver on instance: /home/yorig/tuner/mpils-tests/instances/miplib/easy/csched008.mps with config: /scratch/yorig/mpils-results-grid-ticks-10000-7may/easy/24proc/seed-5/1_csched008_seed-5_20260509_032954/iterated_local_search/run_5_worker_8/ils_config_14621940189461896838.prm
[INFO]:[03:38:35] CPLEX results. Gap: 6.560000, upper bound: 183.000000, lower bound: 171.000000
[INFO]:[03:38:35] CPLEX solver finished. Gap: 6.560000
[INFO]:[03:38:35] Starting CPLEX solver on instance: /home/yorig/tuner/mpils-tests/instances/miplib/easy/csched008.mps with config: /scratch/yorig/mpils-results-grid-ticks-10000-7may/easy/24proc/seed-5/1_csched008_seed-5_20260509_032954/iterated_local_search/run_5_worker_8/ils_config_12394422313263707868.prm
[INFO]:[03:38:35] Starting CPLEX solver on instance: /home/yorig/tuner/mpils-tests/instances/miplib/easy/csched008.mps with config: /scratch/yorig/mpils-results-grid-ticks-10000-7may/easy/24proc/seed-5/1_csched008_seed-5_20260509_032954/iterated_local_search/run_5_worker_8/ils_config_12394422313263707868.prm
[INFO]:[03:38:42] CPLEX results. Gap: 5.000000, upper bound: 180.000000, lower bound: 171.000000
[INFO]:[03:38:42] CPLEX solver finished. Gap: 5.000000
[INFO]:[03:38:42] Starting CPLEX solver on instance: /home/yorig/tuner/mpils-tests/instances/miplib/easy/csched008.mps with config: /scratch/yorig/mpils-results-grid-ticks-10000-7may/easy/24proc/seed-5/1_csched008_seed-5_20260509_032954/iterated_local_search/run_5_worker_8/ils_config_10126563174200912809.prm
[INFO]:[03:38:42] Starting CPLEX solver on instance: /home/yorig/tuner/mpils-tests/instances/miplib/easy/csched008.mps with config: /scratch/yorig/mpils-results-grid-ticks-10000-7may/easy/24proc/seed-5/1_csched008_seed-5_20260509_032954/iterated_local_search/run_5_worker_8/ils_config_10126563174200912809.prm
[INFO]:[03:38:48] CPLEX results. Gap: 5.520000, upper bound: 181.000000, lower bound: 171.000000
[INFO]:[03:38:48] CPLEX solver finished. Gap: 5.520000
[INFO]:[03:38:48] Starting CPLEX solver on instance: /home/yorig/tuner/mpils-tests/instances/miplib/easy/csched008.mps with config: /scratch/yorig/mpils-results-grid-ticks-10000-7may/easy/24proc/seed-5/1_csched008_seed-5_20260509_032954/iterated_local_search/run_5_worker_8/ils_config_5710434297151039521.prm
[INFO]:[03:38:48] Starting CPLEX solver on instance: /home/yorig/tuner/mpils-tests/instances/miplib/easy/csched008.mps with config: /scratch/yorig/mpils-results-grid-ticks-10000-7may/easy/24proc/seed-5/1_csched008_seed-5_20260509_032954/iterated_local_search/run_5_worker_8/ils_config_5710434297151039521.prm
[INFO]:[03:38:54] CPLEX results. Gap: 8.560000, upper bound: 187.000000, lower bound: 171.000000
[INFO]:[03:38:54] CPLEX solver finished. Gap: 8.560000
[INFO]:[03:38:54] Starting CPLEX solver on instance: /home/yorig/tuner/mpils-tests/instances/miplib/easy/csched008.mps with config: /scratch/yorig/mpils-results-grid-ticks-10000-7may/easy/24proc/seed-5/1_csched008_seed-5_20260509_032954/iterated_local_search/run_5_worker_8/ils_config_6712284582503612826.prm
[INFO]:[03:38:54] Starting CPLEX solver on instance: /home/yorig/tuner/mpils-tests/instances/miplib/easy/csched008.mps with config: /scratch/yorig/mpils-results-grid-ticks-10000-7may/easy/24proc/seed-5/1_csched008_seed-5_20260509_032954/iterated_local_search/run_5_worker_8/ils_config_6712284582503612826.prm
[INFO]:[03:39:01] CPLEX results. Gap: 2.840000, upper bound: 176.000000, lower bound: 171.000000
[INFO]:[03:39:01] CPLEX solver finished. Gap: 2.840000
[INFO]:[03:39:01] Starting CPLEX solver on instance: /home/yorig/tuner/mpils-tests/instances/miplib/easy/csched008.mps with config: /scratch/yorig/mpils-results-grid-ticks-10000-7may/easy/24proc/seed-5/1_csched008_seed-5_20260509_032954/iterated_local_search/run_5_worker_8/ils_config_6298235473769192978.prm
[INFO]:[03:39:01] Starting CPLEX solver on instance: /home/yorig/tuner/mpils-tests/instances/miplib/easy/csched008.mps with config: /scratch/yorig/mpils-results-grid-ticks-10000-7may/easy/24proc/seed-5/1_csched008_seed-5_20260509_032954/iterated_local_search/run_5_worker_8/ils_config_6298235473769192978.prm
[INFO]:[03:39:08] CPLEX results. Gap: 5.000000, upper bound: 180.000000, lower bound: 171.000000
[INFO]:[03:39:08] CPLEX solver finished. Gap: 5.000000
[INFO]:[03:39:08] Starting CPLEX solver on instance: /home/yorig/tuner/mpils-tests/instances/miplib/easy/csched008.mps with config: /scratch/yorig/mpils-results-grid-ticks-10000-7may/easy/24proc/seed-5/1_csched008_seed-5_20260509_032954/iterated_local_search/run_5_worker_8/ils_config_16111167289714847525.prm
[INFO]:[03:39:08] Starting CPLEX solver on instance: /home/yorig/tuner/mpils-tests/instances/miplib/easy/csched008.mps with config: /scratch/yorig/mpils-results-grid-ticks-10000-7may/easy/24proc/seed-5/1_csched008_seed-5_20260509_032954/iterated_local_search/run_5_worker_8/ils_config_16111167289714847525.prm
[INFO]:[03:39:14] CPLEX results. Gap: 2.290000, upper bound: 175.000000, lower bound: 171.000000
[INFO]:[03:39:14] CPLEX solver finished. Gap: 2.290000
[INFO]:[03:39:14] Starting CPLEX solver on instance: /home/yorig/tuner/mpils-tests/instances/miplib/easy/csched008.mps with config: /scratch/yorig/mpils-results-grid-ticks-10000-7may/easy/24proc/seed-5/1_csched008_seed-5_20260509_032954/iterated_local_search/run_5_worker_8/ils_config_12216976265441251435.prm
[INFO]:[03:39:14] Starting CPLEX solver on instance: /home/yorig/tuner/mpils-tests/instances/miplib/easy/csched008.mps with config: /scratch/yorig/mpils-results-grid-ticks-10000-7may/easy/24proc/seed-5/1_csched008_seed-5_20260509_032954/iterated_local_search/run_5_worker_8/ils_config_12216976265441251435.prm
[INFO]:[03:39:21] CPLEX results. Gap: 5.520000, upper bound: 181.000000, lower bound: 171.000000
[INFO]:[03:39:21] CPLEX solver finished. Gap: 5.520000
[INFO]:[03:39:21] Starting CPLEX solver on instance: /home/yorig/tuner/mpils-tests/instances/miplib/easy/csched008.mps with config: /scratch/yorig/mpils-results-grid-ticks-10000-7may/easy/24proc/seed-5/1_csched008_seed-5_20260509_032954/iterated_local_search/run_5_worker_8/ils_config_3440477034124068090.prm
[INFO]:[03:39:21] Starting CPLEX solver on instance: /home/yorig/tuner/mpils-tests/instances/miplib/easy/csched008.mps with config: /scratch/yorig/mpils-results-grid-ticks-10000-7may/easy/24proc/seed-5/1_csched008_seed-5_20260509_032954/iterated_local_search/run_5_worker_8/ils_config_3440477034124068090.prm
[INFO]:[03:39:27] CPLEX results. Gap: 6.560000, upper bound: 183.000000, lower bound: 171.000000
[INFO]:[03:39:27] CPLEX solver finished. Gap: 6.560000
[INFO]:[03:39:27] Starting CPLEX solver on instance: /home/yorig/tuner/mpils-tests/instances/miplib/easy/csched008.mps with config: /scratch/yorig/mpils-results-grid-ticks-10000-7may/easy/24proc/seed-5/1_csched008_seed-5_20260509_032954/iterated_local_search/run_5_worker_8/ils_config_3133759628435063940.prm
[INFO]:[03:39:27] Starting CPLEX solver on instance: /home/yorig/tuner/mpils-tests/instances/miplib/easy/csched008.mps with config: /scratch/yorig/mpils-results-grid-ticks-10000-7may/easy/24proc/seed-5/1_csched008_seed-5_20260509_032954/iterated_local_search/run_5_worker_8/ils_config_3133759628435063940.prm
[INFO]:[03:39:34] CPLEX results. Gap: 1.720000, upper bound: 174.000000, lower bound: 171.000000
[INFO]:[03:39:34] CPLEX solver finished. Gap: 1.720000
[INFO]:[03:39:34] Local search phase completed.
[INFO]:[03:39:34] Total number of new local-search evaluations: 18
[INFO]:[03:39:34] Final incumbent objective value: 1.72
[INFO]:[03:39:47] Worker 8 completed exploration phase.
[INFO]:[03:39:47] Worker 8 received order for step 2.
[INFO]:[03:39:47] Worker 8 running expansion phase for iteration 5.
[INFO]:[03:39:47] Worker 8 will use solver log file: /scratch/yorig/mpils-results-grid-ticks-10000-7may/easy/24proc/seed-5/1_csched008_seed-5_20260509_032954/solver/cplex.log_iteration_expansion_5_worker_8
[INFO]:[03:39:47] Expansion Worker 8 starting expansion for iteration 5.
[INFO]:[03:39:47] Starting CPLEX solver on instance: /home/yorig/tuner/mpils-tests/instances/miplib/easy/csched008.mps with config: /scratch/yorig/mpils-results-grid-ticks-10000-7may/easy/24proc/seed-5/1_csched008_seed-5_20260509_032954/expansion/config_param_CPXPARAM_LPMethod_5_iter_5.prm
[INFO]:[03:39:54] CPLEX results. Gap: 0.580000, upper bound: 173.000000, lower bound: 172.000000
[INFO]:[03:39:54] CPLEX solver finished. Gap: 0.580000
[INFO]:[03:40:00] Expansion Worker 8 completed expansion.
[INFO]:[03:40:00] Worker 8 completed expansion phase.
[INFO]:[03:40:03] Worker 8 received order for step 1.
[INFO]:[03:40:03] Worker 8 running exploration phase for iteration 6.
[INFO]:[03:40:03] Worker 8 at iteration 6 will not use a MIP start file. Current best MIP-start upper bound threshold is 1.79769e+308.
[INFO]:[03:40:03] Starting local search phase...
[INFO]:[03:40:03] Creating local search space from parameter space file: /scratch/yorig/mpils-results-grid-ticks-10000-7may/easy/24proc/seed-5/1_csched008_seed-5_20260509_032954/iterated_local_search/search_space/search_space_file_6_worker_8.txt
[INFO]:[03:40:03] Local search space loaded from file: /scratch/yorig/mpils-results-grid-ticks-10000-7may/easy/24proc/seed-5/1_csched008_seed-5_20260509_032954/iterated_local_search/search_space/search_space_file_6_worker_8.txt
[INFO]:[03:40:03] Number of parameters in local search space: 71
[INFO]:[03:40:03] Number of forbidden tuples in local search space: 102
[INFO]:[03:40:03] Number of conditionals in local search space: 6
[INFO]:[03:40:03] MIP start option not enabled. Local search will proceed without MIP start.
[INFO]:[03:40:03] Evaluating initial configuration for local search phase...
[INFO]:[03:40:03] Starting CPLEX solver on instance: /home/yorig/tuner/mpils-tests/instances/miplib/easy/csched008.mps with config: /scratch/yorig/mpils-results-grid-ticks-10000-7may/easy/24proc/seed-5/1_csched008_seed-5_20260509_032954/iterated_local_search/run_6_worker_8/ils_config_16975217617548653093.prm
[INFO]:[03:40:03] Starting CPLEX solver on instance: /home/yorig/tuner/mpils-tests/instances/miplib/easy/csched008.mps with config: /scratch/yorig/mpils-results-grid-ticks-10000-7may/easy/24proc/seed-5/1_csched008_seed-5_20260509_032954/iterated_local_search/run_6_worker_8/ils_config_16975217617548653093.prm
[INFO]:[03:40:09] CPLEX results. Gap: 7.070000, upper bound: 184.000000, lower bound: 171.000000
[INFO]:[03:40:09] CPLEX solver finished. Gap: 7.070000
[INFO]:[03:40:09] Initial configuration evaluated with objective value: 7.07
[INFO]:[03:40:09] Starting CPLEX solver on instance: /home/yorig/tuner/mpils-tests/instances/miplib/easy/csched008.mps with config: /scratch/yorig/mpils-results-grid-ticks-10000-7may/easy/24proc/seed-5/1_csched008_seed-5_20260509_032954/iterated_local_search/run_6_worker_8/ils_config_3613446330177259631.prm
[INFO]:[03:40:09] Starting CPLEX solver on instance: /home/yorig/tuner/mpils-tests/instances/miplib/easy/csched008.mps with config: /scratch/yorig/mpils-results-grid-ticks-10000-7may/easy/24proc/seed-5/1_csched008_seed-5_20260509_032954/iterated_local_search/run_6_worker_8/ils_config_3613446330177259631.prm
[INFO]:[03:40:14] CPLEX results. Gap: 6.560000, upper bound: 183.000000, lower bound: 171.000000
[INFO]:[03:40:14] CPLEX solver finished. Gap: 6.560000
[INFO]:[03:40:14] New incumbent found with objective value: 6.56
[INFO]:[03:40:14] Starting CPLEX solver on instance: /home/yorig/tuner/mpils-tests/instances/miplib/easy/csched008.mps with config: /scratch/yorig/mpils-results-grid-ticks-10000-7may/easy/24proc/seed-5/1_csched008_seed-5_20260509_032954/iterated_local_search/run_6_worker_8/ils_config_7819127521434440472.prm
[INFO]:[03:40:14] Starting CPLEX solver on instance: /home/yorig/tuner/mpils-tests/instances/miplib/easy/csched008.mps with config: /scratch/yorig/mpils-results-grid-ticks-10000-7may/easy/24proc/seed-5/1_csched008_seed-5_20260509_032954/iterated_local_search/run_6_worker_8/ils_config_7819127521434440472.prm
[INFO]:[03:40:20] CPLEX results. Gap: 6.560000, upper bound: 183.000000, lower bound: 171.000000
[INFO]:[03:40:20] CPLEX solver finished. Gap: 6.560000
[INFO]:[03:40:20] Starting CPLEX solver on instance: /home/yorig/tuner/mpils-tests/instances/miplib/easy/csched008.mps with config: /scratch/yorig/mpils-results-grid-ticks-10000-7may/easy/24proc/seed-5/1_csched008_seed-5_20260509_032954/iterated_local_search/run_6_worker_8/ils_config_5759450985538469772.prm
[INFO]:[03:40:20] Starting CPLEX solver on instance: /home/yorig/tuner/mpils-tests/instances/miplib/easy/csched008.mps with config: /scratch/yorig/mpils-results-grid-ticks-10000-7may/easy/24proc/seed-5/1_csched008_seed-5_20260509_032954/iterated_local_search/run_6_worker_8/ils_config_5759450985538469772.prm
[INFO]:[03:40:26] CPLEX results. Gap: 7.070000, upper bound: 184.000000, lower bound: 171.000000
[INFO]:[03:40:26] CPLEX solver finished. Gap: 7.070000
[INFO]:[03:40:26] Starting CPLEX solver on instance: /home/yorig/tuner/mpils-tests/instances/miplib/easy/csched008.mps with config: /scratch/yorig/mpils-results-grid-ticks-10000-7may/easy/24proc/seed-5/1_csched008_seed-5_20260509_032954/iterated_local_search/run_6_worker_8/ils_config_17302305175563711110.prm
[INFO]:[03:40:26] Starting CPLEX solver on instance: /home/yorig/tuner/mpils-tests/instances/miplib/easy/csched008.mps with config: /scratch/yorig/mpils-results-grid-ticks-10000-7may/easy/24proc/seed-5/1_csched008_seed-5_20260509_032954/iterated_local_search/run_6_worker_8/ils_config_17302305175563711110.prm
[INFO]:[03:40:31] CPLEX results. Gap: 6.560000, upper bound: 183.000000, lower bound: 171.000000
[INFO]:[03:40:31] CPLEX solver finished. Gap: 6.560000
[INFO]:[03:40:31] Starting CPLEX solver on instance: /home/yorig/tuner/mpils-tests/instances/miplib/easy/csched008.mps with config: /scratch/yorig/mpils-results-grid-ticks-10000-7may/easy/24proc/seed-5/1_csched008_seed-5_20260509_032954/iterated_local_search/run_6_worker_8/ils_config_12373518676150375569.prm
[INFO]:[03:40:31] Starting CPLEX solver on instance: /home/yorig/tuner/mpils-tests/instances/miplib/easy/csched008.mps with config: /scratch/yorig/mpils-results-grid-ticks-10000-7may/easy/24proc/seed-5/1_csched008_seed-5_20260509_032954/iterated_local_search/run_6_worker_8/ils_config_12373518676150375569.prm
[INFO]:[03:40:37] CPLEX results. Gap: 6.560000, upper bound: 183.000000, lower bound: 171.000000
[INFO]:[03:40:37] CPLEX solver finished. Gap: 6.560000
[INFO]:[03:40:37] Starting CPLEX solver on instance: /home/yorig/tuner/mpils-tests/instances/miplib/easy/csched008.mps with config: /scratch/yorig/mpils-results-grid-ticks-10000-7may/easy/24proc/seed-5/1_csched008_seed-5_20260509_032954/iterated_local_search/run_6_worker_8/ils_config_10629908506667258931.prm
[INFO]:[03:40:37] Starting CPLEX solver on instance: /home/yorig/tuner/mpils-tests/instances/miplib/easy/csched008.mps with config: /scratch/yorig/mpils-results-grid-ticks-10000-7may/easy/24proc/seed-5/1_csched008_seed-5_20260509_032954/iterated_local_search/run_6_worker_8/ils_config_10629908506667258931.prm
[INFO]:[03:40:43] CPLEX results. Gap: 6.560000, upper bound: 183.000000, lower bound: 171.000000
[INFO]:[03:40:43] CPLEX solver finished. Gap: 6.560000
[INFO]:[03:40:43] Starting CPLEX solver on instance: /home/yorig/tuner/mpils-tests/instances/miplib/easy/csched008.mps with config: /scratch/yorig/mpils-results-grid-ticks-10000-7may/easy/24proc/seed-5/1_csched008_seed-5_20260509_032954/iterated_local_search/run_6_worker_8/ils_config_14348472028734331431.prm
[INFO]:[03:40:43] Starting CPLEX solver on instance: /home/yorig/tuner/mpils-tests/instances/miplib/easy/csched008.mps with config: /scratch/yorig/mpils-results-grid-ticks-10000-7may/easy/24proc/seed-5/1_csched008_seed-5_20260509_032954/iterated_local_search/run_6_worker_8/ils_config_14348472028734331431.prm
[INFO]:[03:40:48] CPLEX results. Gap: 6.560000, upper bound: 183.000000, lower bound: 171.000000
[INFO]:[03:40:48] CPLEX solver finished. Gap: 6.560000
[INFO]:[03:40:48] Starting CPLEX solver on instance: /home/yorig/tuner/mpils-tests/instances/miplib/easy/csched008.mps with config: /scratch/yorig/mpils-results-grid-ticks-10000-7may/easy/24proc/seed-5/1_csched008_seed-5_20260509_032954/iterated_local_search/run_6_worker_8/ils_config_11754672655594470031.prm
[INFO]:[03:40:48] Starting CPLEX solver on instance: /home/yorig/tuner/mpils-tests/instances/miplib/easy/csched008.mps with config: /scratch/yorig/mpils-results-grid-ticks-10000-7may/easy/24proc/seed-5/1_csched008_seed-5_20260509_032954/iterated_local_search/run_6_worker_8/ils_config_11754672655594470031.prm
[INFO]:[03:40:54] CPLEX results. Gap: 6.560000, upper bound: 183.000000, lower bound: 171.000000
[INFO]:[03:40:54] CPLEX solver finished. Gap: 6.560000
[INFO]:[03:40:54] Starting CPLEX solver on instance: /home/yorig/tuner/mpils-tests/instances/miplib/easy/csched008.mps with config: /scratch/yorig/mpils-results-grid-ticks-10000-7may/easy/24proc/seed-5/1_csched008_seed-5_20260509_032954/iterated_local_search/run_6_worker_8/ils_config_6902798168604938260.prm
[INFO]:[03:40:54] Starting CPLEX solver on instance: /home/yorig/tuner/mpils-tests/instances/miplib/easy/csched008.mps with config: /scratch/yorig/mpils-results-grid-ticks-10000-7may/easy/24proc/seed-5/1_csched008_seed-5_20260509_032954/iterated_local_search/run_6_worker_8/ils_config_6902798168604938260.prm
[INFO]:[03:40:59] CPLEX results. Gap: 7.070000, upper bound: 184.000000, lower bound: 171.000000
[INFO]:[03:40:59] CPLEX solver finished. Gap: 7.070000
[INFO]:[03:40:59] Starting CPLEX solver on instance: /home/yorig/tuner/mpils-tests/instances/miplib/easy/csched008.mps with config: /scratch/yorig/mpils-results-grid-ticks-10000-7may/easy/24proc/seed-5/1_csched008_seed-5_20260509_032954/iterated_local_search/run_6_worker_8/ils_config_15829653240405756300.prm
[INFO]:[03:40:59] Starting CPLEX solver on instance: /home/yorig/tuner/mpils-tests/instances/miplib/easy/csched008.mps with config: /scratch/yorig/mpils-results-grid-ticks-10000-7may/easy/24proc/seed-5/1_csched008_seed-5_20260509_032954/iterated_local_search/run_6_worker_8/ils_config_15829653240405756300.prm
[INFO]:[03:41:05] CPLEX results. Gap: 6.560000, upper bound: 183.000000, lower bound: 171.000000
[INFO]:[03:41:05] CPLEX solver finished. Gap: 6.560000
[INFO]:[03:41:05] Starting CPLEX solver on instance: /home/yorig/tuner/mpils-tests/instances/miplib/easy/csched008.mps with config: /scratch/yorig/mpils-results-grid-ticks-10000-7may/easy/24proc/seed-5/1_csched008_seed-5_20260509_032954/iterated_local_search/run_6_worker_8/ils_config_2374464820411760625.prm
[INFO]:[03:41:05] Starting CPLEX solver on instance: /home/yorig/tuner/mpils-tests/instances/miplib/easy/csched008.mps with config: /scratch/yorig/mpils-results-grid-ticks-10000-7may/easy/24proc/seed-5/1_csched008_seed-5_20260509_032954/iterated_local_search/run_6_worker_8/ils_config_2374464820411760625.prm
[INFO]:[03:41:11] CPLEX results. Gap: 6.560000, upper bound: 183.000000, lower bound: 171.000000
[INFO]:[03:41:11] CPLEX solver finished. Gap: 6.560000
[INFO]:[03:41:11] Starting CPLEX solver on instance: /home/yorig/tuner/mpils-tests/instances/miplib/easy/csched008.mps with config: /scratch/yorig/mpils-results-grid-ticks-10000-7may/easy/24proc/seed-5/1_csched008_seed-5_20260509_032954/iterated_local_search/run_6_worker_8/ils_config_16471138248580657773.prm
[INFO]:[03:41:11] Starting CPLEX solver on instance: /home/yorig/tuner/mpils-tests/instances/miplib/easy/csched008.mps with config: /scratch/yorig/mpils-results-grid-ticks-10000-7may/easy/24proc/seed-5/1_csched008_seed-5_20260509_032954/iterated_local_search/run_6_worker_8/ils_config_16471138248580657773.prm
[WARN]:[03:41:17] CPLEX finished without a primal feasible solution for config /scratch/yorig/mpils-results-grid-ticks-10000-7may/easy/24proc/seed-5/1_csched008_seed-5_20260509_032954/iterated_local_search/run_6_worker_8/ils_config_16471138248580657773.prm.
[INFO]:[03:41:17] CPLEX results. Gap: unavailable, upper bound: null, lower bound: 171.000000
[INFO]:[03:41:17] CPLEX solver finished. Gap: 179769313486231570814527423731704356798070567525844996598917476803157260780028538760589558632766878171540458953514382464234321326889464182768467546703537516986049910576551282076245490090389328944075868508455133942304583236903222948165808559332123348274797826204144723168738177180919299881250404026184124858368.000000
[INFO]:[03:41:17] Starting CPLEX solver on instance: /home/yorig/tuner/mpils-tests/instances/miplib/easy/csched008.mps with config: /scratch/yorig/mpils-results-grid-ticks-10000-7may/easy/24proc/seed-5/1_csched008_seed-5_20260509_032954/iterated_local_search/run_6_worker_8/ils_config_7037386162953986617.prm
[INFO]:[03:41:17] Starting CPLEX solver on instance: /home/yorig/tuner/mpils-tests/instances/miplib/easy/csched008.mps with config: /scratch/yorig/mpils-results-grid-ticks-10000-7may/easy/24proc/seed-5/1_csched008_seed-5_20260509_032954/iterated_local_search/run_6_worker_8/ils_config_7037386162953986617.prm
[INFO]:[03:41:22] CPLEX results. Gap: 6.560000, upper bound: 183.000000, lower bound: 171.000000
[INFO]:[03:41:22] CPLEX solver finished. Gap: 6.560000
[INFO]:[03:41:22] Starting CPLEX solver on instance: /home/yorig/tuner/mpils-tests/instances/miplib/easy/csched008.mps with config: /scratch/yorig/mpils-results-grid-ticks-10000-7may/easy/24proc/seed-5/1_csched008_seed-5_20260509_032954/iterated_local_search/run_6_worker_8/ils_config_8190434008719850801.prm
[INFO]:[03:41:22] Starting CPLEX solver on instance: /home/yorig/tuner/mpils-tests/instances/miplib/easy/csched008.mps with config: /scratch/yorig/mpils-results-grid-ticks-10000-7may/easy/24proc/seed-5/1_csched008_seed-5_20260509_032954/iterated_local_search/run_6_worker_8/ils_config_8190434008719850801.prm
[INFO]:[03:41:28] CPLEX results. Gap: 7.570000, upper bound: 185.000000, lower bound: 171.000000
[INFO]:[03:41:28] CPLEX solver finished. Gap: 7.570000
[INFO]:[03:41:28] Starting CPLEX solver on instance: /home/yorig/tuner/mpils-tests/instances/miplib/easy/csched008.mps with config: /scratch/yorig/mpils-results-grid-ticks-10000-7may/easy/24proc/seed-5/1_csched008_seed-5_20260509_032954/iterated_local_search/run_6_worker_8/ils_config_3405893672066966347.prm
[INFO]:[03:41:28] Starting CPLEX solver on instance: /home/yorig/tuner/mpils-tests/instances/miplib/easy/csched008.mps with config: /scratch/yorig/mpils-results-grid-ticks-10000-7may/easy/24proc/seed-5/1_csched008_seed-5_20260509_032954/iterated_local_search/run_6_worker_8/ils_config_3405893672066966347.prm
[INFO]:[03:41:34] CPLEX results. Gap: 6.560000, upper bound: 183.000000, lower bound: 171.000000
[INFO]:[03:41:34] CPLEX solver finished. Gap: 6.560000
[INFO]:[03:41:34] Starting CPLEX solver on instance: /home/yorig/tuner/mpils-tests/instances/miplib/easy/csched008.mps with config: /scratch/yorig/mpils-results-grid-ticks-10000-7may/easy/24proc/seed-5/1_csched008_seed-5_20260509_032954/iterated_local_search/run_6_worker_8/ils_config_9405910118607346416.prm
[INFO]:[03:41:34] Starting CPLEX solver on instance: /home/yorig/tuner/mpils-tests/instances/miplib/easy/csched008.mps with config: /scratch/yorig/mpils-results-grid-ticks-10000-7may/easy/24proc/seed-5/1_csched008_seed-5_20260509_032954/iterated_local_search/run_6_worker_8/ils_config_9405910118607346416.prm
[INFO]:[03:41:40] CPLEX results. Gap: 6.560000, upper bound: 183.000000, lower bound: 171.000000
[INFO]:[03:41:40] CPLEX solver finished. Gap: 6.560000
[INFO]:[03:41:40] Starting CPLEX solver on instance: /home/yorig/tuner/mpils-tests/instances/miplib/easy/csched008.mps with config: /scratch/yorig/mpils-results-grid-ticks-10000-7may/easy/24proc/seed-5/1_csched008_seed-5_20260509_032954/iterated_local_search/run_6_worker_8/ils_config_15989847466532778643.prm
[INFO]:[03:41:40] Starting CPLEX solver on instance: /home/yorig/tuner/mpils-tests/instances/miplib/easy/csched008.mps with config: /scratch/yorig/mpils-results-grid-ticks-10000-7may/easy/24proc/seed-5/1_csched008_seed-5_20260509_032954/iterated_local_search/run_6_worker_8/ils_config_15989847466532778643.prm
[INFO]:[03:41:45] CPLEX results. Gap: 6.560000, upper bound: 183.000000, lower bound: 171.000000
[INFO]:[03:41:45] CPLEX solver finished. Gap: 6.560000
[INFO]:[03:41:45] Starting CPLEX solver on instance: /home/yorig/tuner/mpils-tests/instances/miplib/easy/csched008.mps with config: /scratch/yorig/mpils-results-grid-ticks-10000-7may/easy/24proc/seed-5/1_csched008_seed-5_20260509_032954/iterated_local_search/run_6_worker_8/ils_config_369450946608648365.prm
[INFO]:[03:41:45] Starting CPLEX solver on instance: /home/yorig/tuner/mpils-tests/instances/miplib/easy/csched008.mps with config: /scratch/yorig/mpils-results-grid-ticks-10000-7may/easy/24proc/seed-5/1_csched008_seed-5_20260509_032954/iterated_local_search/run_6_worker_8/ils_config_369450946608648365.prm
[INFO]:[03:41:51] CPLEX results. Gap: 6.560000, upper bound: 183.000000, lower bound: 171.000000
[INFO]:[03:41:51] CPLEX solver finished. Gap: 6.560000
[INFO]:[03:41:51] Starting CPLEX solver on instance: /home/yorig/tuner/mpils-tests/instances/miplib/easy/csched008.mps with config: /scratch/yorig/mpils-results-grid-ticks-10000-7may/easy/24proc/seed-5/1_csched008_seed-5_20260509_032954/iterated_local_search/run_6_worker_8/ils_config_2531648466661577798.prm
[INFO]:[03:41:51] Starting CPLEX solver on instance: /home/yorig/tuner/mpils-tests/instances/miplib/easy/csched008.mps with config: /scratch/yorig/mpils-results-grid-ticks-10000-7may/easy/24proc/seed-5/1_csched008_seed-5_20260509_032954/iterated_local_search/run_6_worker_8/ils_config_2531648466661577798.prm
[INFO]:[03:41:57] CPLEX results. Gap: 7.570000, upper bound: 185.000000, lower bound: 171.000000
[INFO]:[03:41:57] CPLEX solver finished. Gap: 7.570000
[INFO]:[03:41:57] Starting CPLEX solver on instance: /home/yorig/tuner/mpils-tests/instances/miplib/easy/csched008.mps with config: /scratch/yorig/mpils-results-grid-ticks-10000-7may/easy/24proc/seed-5/1_csched008_seed-5_20260509_032954/iterated_local_search/run_6_worker_8/ils_config_13466412636421676587.prm
[INFO]:[03:41:57] Starting CPLEX solver on instance: /home/yorig/tuner/mpils-tests/instances/miplib/easy/csched008.mps with config: /scratch/yorig/mpils-results-grid-ticks-10000-7may/easy/24proc/seed-5/1_csched008_seed-5_20260509_032954/iterated_local_search/run_6_worker_8/ils_config_13466412636421676587.prm
[INFO]:[03:42:02] CPLEX results. Gap: 6.560000, upper bound: 183.000000, lower bound: 171.000000
[INFO]:[03:42:02] CPLEX solver finished. Gap: 6.560000
[INFO]:[03:42:02] Starting CPLEX solver on instance: /home/yorig/tuner/mpils-tests/instances/miplib/easy/csched008.mps with config: /scratch/yorig/mpils-results-grid-ticks-10000-7may/easy/24proc/seed-5/1_csched008_seed-5_20260509_032954/iterated_local_search/run_6_worker_8/ils_config_3151571878825624013.prm
[INFO]:[03:42:02] Starting CPLEX solver on instance: /home/yorig/tuner/mpils-tests/instances/miplib/easy/csched008.mps with config: /scratch/yorig/mpils-results-grid-ticks-10000-7may/easy/24proc/seed-5/1_csched008_seed-5_20260509_032954/iterated_local_search/run_6_worker_8/ils_config_3151571878825624013.prm
[INFO]:[03:42:08] CPLEX results. Gap: 6.560000, upper bound: 183.000000, lower bound: 171.000000
[INFO]:[03:42:08] CPLEX solver finished. Gap: 6.560000
[INFO]:[03:42:08] Starting CPLEX solver on instance: /home/yorig/tuner/mpils-tests/instances/miplib/easy/csched008.mps with config: /scratch/yorig/mpils-results-grid-ticks-10000-7may/easy/24proc/seed-5/1_csched008_seed-5_20260509_032954/iterated_local_search/run_6_worker_8/ils_config_16055500265689400993.prm
[INFO]:[03:42:08] Starting CPLEX solver on instance: /home/yorig/tuner/mpils-tests/instances/miplib/easy/csched008.mps with config: /scratch/yorig/mpils-results-grid-ticks-10000-7may/easy/24proc/seed-5/1_csched008_seed-5_20260509_032954/iterated_local_search/run_6_worker_8/ils_config_16055500265689400993.prm
[INFO]:[03:42:14] CPLEX results. Gap: 6.560000, upper bound: 183.000000, lower bound: 171.000000
[INFO]:[03:42:14] CPLEX solver finished. Gap: 6.560000
[INFO]:[03:42:14] Starting CPLEX solver on instance: /home/yorig/tuner/mpils-tests/instances/miplib/easy/csched008.mps with config: /scratch/yorig/mpils-results-grid-ticks-10000-7may/easy/24proc/seed-5/1_csched008_seed-5_20260509_032954/iterated_local_search/run_6_worker_8/ils_config_11347223457854778960.prm
[INFO]:[03:42:14] Starting CPLEX solver on instance: /home/yorig/tuner/mpils-tests/instances/miplib/easy/csched008.mps with config: /scratch/yorig/mpils-results-grid-ticks-10000-7may/easy/24proc/seed-5/1_csched008_seed-5_20260509_032954/iterated_local_search/run_6_worker_8/ils_config_11347223457854778960.prm
[INFO]:[03:42:20] CPLEX results. Gap: 6.560000, upper bound: 183.000000, lower bound: 171.000000
[INFO]:[03:42:20] CPLEX solver finished. Gap: 6.560000
[INFO]:[03:42:20] Starting CPLEX solver on instance: /home/yorig/tuner/mpils-tests/instances/miplib/easy/csched008.mps with config: /scratch/yorig/mpils-results-grid-ticks-10000-7may/easy/24proc/seed-5/1_csched008_seed-5_20260509_032954/iterated_local_search/run_6_worker_8/ils_config_8278498774088473063.prm
[INFO]:[03:42:20] Starting CPLEX solver on instance: /home/yorig/tuner/mpils-tests/instances/miplib/easy/csched008.mps with config: /scratch/yorig/mpils-results-grid-ticks-10000-7may/easy/24proc/seed-5/1_csched008_seed-5_20260509_032954/iterated_local_search/run_6_worker_8/ils_config_8278498774088473063.prm
[INFO]:[03:42:26] CPLEX results. Gap: 7.070000, upper bound: 184.000000, lower bound: 171.000000
[INFO]:[03:42:26] CPLEX solver finished. Gap: 7.070000
[INFO]:[03:42:26] Starting CPLEX solver on instance: /home/yorig/tuner/mpils-tests/instances/miplib/easy/csched008.mps with config: /scratch/yorig/mpils-results-grid-ticks-10000-7may/easy/24proc/seed-5/1_csched008_seed-5_20260509_032954/iterated_local_search/run_6_worker_8/ils_config_16916629402328801635.prm
[INFO]:[03:42:26] Starting CPLEX solver on instance: /home/yorig/tuner/mpils-tests/instances/miplib/easy/csched008.mps with config: /scratch/yorig/mpils-results-grid-ticks-10000-7may/easy/24proc/seed-5/1_csched008_seed-5_20260509_032954/iterated_local_search/run_6_worker_8/ils_config_16916629402328801635.prm
[INFO]:[03:42:31] CPLEX results. Gap: 6.560000, upper bound: 183.000000, lower bound: 171.000000
[INFO]:[03:42:31] CPLEX solver finished. Gap: 6.560000
[INFO]:[03:42:31] Starting CPLEX solver on instance: /home/yorig/tuner/mpils-tests/instances/miplib/easy/csched008.mps with config: /scratch/yorig/mpils-results-grid-ticks-10000-7may/easy/24proc/seed-5/1_csched008_seed-5_20260509_032954/iterated_local_search/run_6_worker_8/ils_config_154306255729246074.prm
[INFO]:[03:42:31] Starting CPLEX solver on instance: /home/yorig/tuner/mpils-tests/instances/miplib/easy/csched008.mps with config: /scratch/yorig/mpils-results-grid-ticks-10000-7may/easy/24proc/seed-5/1_csched008_seed-5_20260509_032954/iterated_local_search/run_6_worker_8/ils_config_154306255729246074.prm
[INFO]:[03:42:37] CPLEX results. Gap: 6.560000, upper bound: 183.000000, lower bound: 171.000000
[INFO]:[03:42:37] CPLEX solver finished. Gap: 6.560000
[INFO]:[03:42:37] Starting CPLEX solver on instance: /home/yorig/tuner/mpils-tests/instances/miplib/easy/csched008.mps with config: /scratch/yorig/mpils-results-grid-ticks-10000-7may/easy/24proc/seed-5/1_csched008_seed-5_20260509_032954/iterated_local_search/run_6_worker_8/ils_config_424794005456928492.prm
[INFO]:[03:42:37] Starting CPLEX solver on instance: /home/yorig/tuner/mpils-tests/instances/miplib/easy/csched008.mps with config: /scratch/yorig/mpils-results-grid-ticks-10000-7may/easy/24proc/seed-5/1_csched008_seed-5_20260509_032954/iterated_local_search/run_6_worker_8/ils_config_424794005456928492.prm
[INFO]:[03:42:42] CPLEX results. Gap: 6.560000, upper bound: 183.000000, lower bound: 171.000000
[INFO]:[03:42:42] CPLEX solver finished. Gap: 6.560000
[INFO]:[03:42:42] Starting CPLEX solver on instance: /home/yorig/tuner/mpils-tests/instances/miplib/easy/csched008.mps with config: /scratch/yorig/mpils-results-grid-ticks-10000-7may/easy/24proc/seed-5/1_csched008_seed-5_20260509_032954/iterated_local_search/run_6_worker_8/ils_config_13710785885922773041.prm
[INFO]:[03:42:42] Starting CPLEX solver on instance: /home/yorig/tuner/mpils-tests/instances/miplib/easy/csched008.mps with config: /scratch/yorig/mpils-results-grid-ticks-10000-7may/easy/24proc/seed-5/1_csched008_seed-5_20260509_032954/iterated_local_search/run_6_worker_8/ils_config_13710785885922773041.prm
[INFO]:[03:42:48] CPLEX results. Gap: 6.560000, upper bound: 183.000000, lower bound: 171.000000
[INFO]:[03:42:48] CPLEX solver finished. Gap: 6.560000
[INFO]:[03:42:48] Starting CPLEX solver on instance: /home/yorig/tuner/mpils-tests/instances/miplib/easy/csched008.mps with config: /scratch/yorig/mpils-results-grid-ticks-10000-7may/easy/24proc/seed-5/1_csched008_seed-5_20260509_032954/iterated_local_search/run_6_worker_8/ils_config_5579306923197009721.prm
[INFO]:[03:42:48] Starting CPLEX solver on instance: /home/yorig/tuner/mpils-tests/instances/miplib/easy/csched008.mps with config: /scratch/yorig/mpils-results-grid-ticks-10000-7may/easy/24proc/seed-5/1_csched008_seed-5_20260509_032954/iterated_local_search/run_6_worker_8/ils_config_5579306923197009721.prm
[WARN]:[03:42:53] CPLEX finished without a primal feasible solution for config /scratch/yorig/mpils-results-grid-ticks-10000-7may/easy/24proc/seed-5/1_csched008_seed-5_20260509_032954/iterated_local_search/run_6_worker_8/ils_config_5579306923197009721.prm.
[INFO]:[03:42:53] CPLEX results. Gap: unavailable, upper bound: null, lower bound: 171.000000
[INFO]:[03:42:53] CPLEX solver finished. Gap: 179769313486231570814527423731704356798070567525844996598917476803157260780028538760589558632766878171540458953514382464234321326889464182768467546703537516986049910576551282076245490090389328944075868508455133942304583236903222948165808559332123348274797826204144723168738177180919299881250404026184124858368.000000
[INFO]:[03:42:53] Local search phase completed.
[INFO]:[03:42:53] Total number of new local-search evaluations: 30
[INFO]:[03:42:53] Final incumbent objective value: 6.56
[INFO]:[03:44:00] Worker 8 completed exploration phase.
[INFO]:[03:44:00] Worker 8 received order for step 3.
[INFO]:[03:44:00] Worker 8 finished.
