[INFO]:[17:46:26] Worker 20 starting.
[INFO]:[17:46:26] Worker 20 received order for step 1.
[INFO]:[17:46:26] Worker 20 running exploration phase for iteration 1.
[INFO]:[17:46:26] Worker 20 at iteration 1 will not use a MIP start file. Current best MIP-start upper bound threshold is 1.79769e+308.
[INFO]:[17:46:26] Starting local search phase...
[INFO]:[17:46:26] Worker (ils_group_rank=8) entering parallel ILS evaluation service.
[INFO]:[17:46:26] Starting CPLEX solver on instance: /home/yorig/tuner/mpils-tests/instances/miplib/medium-1/eilA101-2.mps with config: /scratch/yorig/mpils-results-grid-ticks-10000-7may/medium-1/24proc-12pils/seed-8/5_eilA101-2_seed-8_20260510_174624/iterated_local_search/run_1_worker_12/parallel_0_8.prm
[INFO]:[17:46:37] CPLEX results. Gap: 26.710000, upper bound: 1106.654996, lower bound: 811.108951
[INFO]:[17:46:37] CPLEX solver finished. Gap: 26.710000
[INFO]:[17:47:04] Starting CPLEX solver on instance: /home/yorig/tuner/mpils-tests/instances/miplib/medium-1/eilA101-2.mps with config: /scratch/yorig/mpils-results-grid-ticks-10000-7may/medium-1/24proc-12pils/seed-8/5_eilA101-2_seed-8_20260510_174624/iterated_local_search/run_1_worker_12/parallel_12_8.prm
[INFO]:[17:47:17] CPLEX results. Gap: 16.020000, upper bound: 957.947630, lower bound: 804.466349
[INFO]:[17:47:17] CPLEX solver finished. Gap: 16.020000
[INFO]:[17:47:41] Worker (ils_group_rank=8) exiting parallel ILS evaluation service.
[INFO]:[17:47:41] Worker 20 completed exploration phase.
[INFO]:[17:47:41] Worker 20 received order for step 2.
[INFO]:[17:47:41] Worker 20 running expansion phase for iteration 1.
[INFO]:[17:47:41] Worker 20 will use solver log file: /scratch/yorig/mpils-results-grid-ticks-10000-7may/medium-1/24proc-12pils/seed-8/5_eilA101-2_seed-8_20260510_174624/solver/cplex.log_iteration_expansion_1_worker_20
[INFO]:[17:47:41] Expansion Worker 20 starting expansion for iteration 1.
[INFO]:[17:47:41] Starting CPLEX solver on instance: /home/yorig/tuner/mpils-tests/instances/miplib/medium-1/eilA101-2.mps with config: /scratch/yorig/mpils-results-grid-ticks-10000-7may/medium-1/24proc-12pils/seed-8/5_eilA101-2_seed-8_20260510_174624/expansion/config_param_CPXPARAM_MIP_Limits_ProbeTime_1_iter_1.prm
[INFO]:[17:47:54] CPLEX results. Gap: 16.680000, upper bound: 966.817786, lower bound: 805.550355
[INFO]:[17:47:54] CPLEX solver finished. Gap: 16.680000
[INFO]:[17:47:55] Expansion Worker 20 stopping early after global MPI expansion stop was activated.
[INFO]:[17:47:55] Expansion Worker 20 completed expansion.
[INFO]:[17:47:55] Worker 20 completed expansion phase.
[INFO]:[17:47:55] Worker 20 received order for step 1.
[INFO]:[17:47:55] Worker 20 running exploration phase for iteration 2.
[INFO]:[17:47:55] Worker 20 at iteration 2 will not use a MIP start file. Current best MIP-start upper bound threshold is 1.79769e+308.
[INFO]:[17:47:55] Starting local search phase...
[INFO]:[17:47:55] Worker (ils_group_rank=8) entering parallel ILS evaluation service.
[INFO]:[17:47:55] Starting CPLEX solver on instance: /home/yorig/tuner/mpils-tests/instances/miplib/medium-1/eilA101-2.mps with config: /scratch/yorig/mpils-results-grid-ticks-10000-7may/medium-1/24proc-12pils/seed-8/5_eilA101-2_seed-8_20260510_174624/iterated_local_search/run_2_worker_12/parallel_0_8.prm
[INFO]:[17:48:08] CPLEX results. Gap: 17.150000, upper bound: 971.800589, lower bound: 805.092863
[INFO]:[17:48:08] CPLEX solver finished. Gap: 17.150000
[INFO]:[17:48:08] Worker (ils_group_rank=8) exiting parallel ILS evaluation service.
[INFO]:[17:48:08] Worker 20 completed exploration phase.
[INFO]:[17:48:08] Worker 20 received order for step 2.
[INFO]:[17:48:08] Worker 20 running expansion phase for iteration 2.
[INFO]:[17:48:08] Worker 20 will use solver log file: /scratch/yorig/mpils-results-grid-ticks-10000-7may/medium-1/24proc-12pils/seed-8/5_eilA101-2_seed-8_20260510_174624/solver/cplex.log_iteration_expansion_2_worker_20
[INFO]:[17:48:08] Expansion Worker 20 starting expansion for iteration 2.
[INFO]:[17:48:08] Starting CPLEX solver on instance: /home/yorig/tuner/mpils-tests/instances/miplib/medium-1/eilA101-2.mps with config: /scratch/yorig/mpils-results-grid-ticks-10000-7may/medium-1/24proc-12pils/seed-8/5_eilA101-2_seed-8_20260510_174624/expansion/config_param_CPXPARAM_MIP_Limits_ProbeTime_20_iter_2.prm
[INFO]:[17:48:19] CPLEX results. Gap: 14.260000, upper bound: 940.450484, lower bound: 806.326811
[INFO]:[17:48:19] CPLEX solver finished. Gap: 14.260000
[INFO]:[17:48:19] Starting CPLEX solver on instance: /home/yorig/tuner/mpils-tests/instances/miplib/medium-1/eilA101-2.mps with config: /scratch/yorig/mpils-results-grid-ticks-10000-7may/medium-1/24proc-12pils/seed-8/5_eilA101-2_seed-8_20260510_174624/expansion/config_param_CPXPARAM_MIP_Strategy_Branch_1_iter_2.prm
[INFO]:[17:48:30] CPLEX results. Gap: 16.130000, upper bound: 959.916944, lower bound: 805.101843
[INFO]:[17:48:30] CPLEX solver finished. Gap: 16.130000
[INFO]:[17:48:43] Expansion Worker 20 completed expansion.
[INFO]:[17:48:43] Worker 20 completed expansion phase.
[INFO]:[17:48:43] Worker 20 received order for step 1.
[INFO]:[17:48:43] Worker 20 running exploration phase for iteration 3.
[INFO]:[17:48:43] Worker 20 at iteration 3 will not use a MIP start file. Current best MIP-start upper bound threshold is 1.79769e+308.
[INFO]:[17:48:43] Starting local search phase...
[INFO]:[17:48:43] Worker (ils_group_rank=8) entering parallel ILS evaluation service.
[INFO]:[17:48:43] Starting CPLEX solver on instance: /home/yorig/tuner/mpils-tests/instances/miplib/medium-1/eilA101-2.mps with config: /scratch/yorig/mpils-results-grid-ticks-10000-7may/medium-1/24proc-12pils/seed-8/5_eilA101-2_seed-8_20260510_174624/iterated_local_search/run_3_worker_12/parallel_0_8.prm
[INFO]:[17:48:54] CPLEX results. Gap: 32.500000, upper bound: 1192.873821, lower bound: 805.172453
[INFO]:[17:48:54] CPLEX solver finished. Gap: 32.500000
[INFO]:[17:49:01] Worker (ils_group_rank=8) exiting parallel ILS evaluation service.
[INFO]:[17:49:01] Worker 20 completed exploration phase.
[INFO]:[17:49:01] Worker 20 received order for step 2.
[INFO]:[17:49:01] Worker 20 running expansion phase for iteration 3.
[INFO]:[17:49:01] Worker 20 will use solver log file: /scratch/yorig/mpils-results-grid-ticks-10000-7may/medium-1/24proc-12pils/seed-8/5_eilA101-2_seed-8_20260510_174624/solver/cplex.log_iteration_expansion_3_worker_20
[INFO]:[17:49:01] Expansion Worker 20 starting expansion for iteration 3.
[INFO]:[17:49:01] Starting CPLEX solver on instance: /home/yorig/tuner/mpils-tests/instances/miplib/medium-1/eilA101-2.mps with config: /scratch/yorig/mpils-results-grid-ticks-10000-7may/medium-1/24proc-12pils/seed-8/5_eilA101-2_seed-8_20260510_174624/expansion/config_param_CPXPARAM_MIP_Strategy_StartAlgorithm_4_iter_3.prm
[INFO]:[17:49:11] CPLEX results. Gap: 15.730000, upper bound: 957.947630, lower bound: 807.248752
[INFO]:[17:49:11] CPLEX solver finished. Gap: 15.730000
[INFO]:[17:49:25] Expansion Worker 20 completed expansion.
[INFO]:[17:49:25] Worker 20 completed expansion phase.
[INFO]:[17:49:25] Worker 20 received order for step 1.
[INFO]:[17:49:25] Worker 20 running exploration phase for iteration 4.
[INFO]:[17:49:25] Worker 20 at iteration 4 will not use a MIP start file. Current best MIP-start upper bound threshold is 1.79769e+308.
[INFO]:[17:49:25] Starting local search phase...
[INFO]:[17:49:25] Worker (ils_group_rank=8) entering parallel ILS evaluation service.
[INFO]:[17:49:25] Starting CPLEX solver on instance: /home/yorig/tuner/mpils-tests/instances/miplib/medium-1/eilA101-2.mps with config: /scratch/yorig/mpils-results-grid-ticks-10000-7may/medium-1/24proc-12pils/seed-8/5_eilA101-2_seed-8_20260510_174624/iterated_local_search/run_4_worker_12/parallel_0_8.prm
[INFO]:[17:49:43] CPLEX results. Gap: 66.810000, upper bound: 2420.506503, lower bound: 803.373888
[INFO]:[17:49:43] CPLEX solver finished. Gap: 66.810000
[INFO]:[17:49:43] Worker (ils_group_rank=8) exiting parallel ILS evaluation service.
[INFO]:[17:49:43] Worker 20 completed exploration phase.
[INFO]:[17:49:43] Worker 20 received order for step 2.
[INFO]:[17:49:43] Worker 20 running expansion phase for iteration 4.
[INFO]:[17:49:43] Worker 20 will use solver log file: /scratch/yorig/mpils-results-grid-ticks-10000-7may/medium-1/24proc-12pils/seed-8/5_eilA101-2_seed-8_20260510_174624/solver/cplex.log_iteration_expansion_4_worker_20
[INFO]:[17:49:43] Expansion Worker 20 starting expansion for iteration 4.
[INFO]:[17:49:43] Starting CPLEX solver on instance: /home/yorig/tuner/mpils-tests/instances/miplib/medium-1/eilA101-2.mps with config: /scratch/yorig/mpils-results-grid-ticks-10000-7may/medium-1/24proc-12pils/seed-8/5_eilA101-2_seed-8_20260510_174624/expansion/config_param_CPXPARAM_Preprocessing_BoundStrength_1_iter_4.prm
[INFO]:[17:49:55] CPLEX results. Gap: 14.260000, upper bound: 940.450484, lower bound: 806.326811
[INFO]:[17:49:55] CPLEX solver finished. Gap: 14.260000
[INFO]:[17:50:06] Expansion Worker 20 stopping early after global MPI expansion stop was activated.
[INFO]:[17:50:06] Expansion Worker 20 completed expansion.
[INFO]:[17:50:06] Worker 20 completed expansion phase.
[INFO]:[17:50:06] Worker 20 received order for step 1.
[INFO]:[17:50:06] Worker 20 running exploration phase for iteration 5.
[INFO]:[17:50:06] Worker 20 at iteration 5 will not use a MIP start file. Current best MIP-start upper bound threshold is 1.79769e+308.
[INFO]:[17:50:06] Starting local search phase...
[INFO]:[17:50:06] Worker (ils_group_rank=8) entering parallel ILS evaluation service.
[INFO]:[17:50:06] Starting CPLEX solver on instance: /home/yorig/tuner/mpils-tests/instances/miplib/medium-1/eilA101-2.mps with config: /scratch/yorig/mpils-results-grid-ticks-10000-7may/medium-1/24proc-12pils/seed-8/5_eilA101-2_seed-8_20260510_174624/iterated_local_search/run_5_worker_12/parallel_0_8.prm
[INFO]:[17:50:17] CPLEX results. Gap: 37.980000, upper bound: 1297.906223, lower bound: 804.947382
[INFO]:[17:50:17] CPLEX solver finished. Gap: 37.980000
[INFO]:[17:50:19] Starting CPLEX solver on instance: /home/yorig/tuner/mpils-tests/instances/miplib/medium-1/eilA101-2.mps with config: /scratch/yorig/mpils-results-grid-ticks-10000-7may/medium-1/24proc-12pils/seed-8/5_eilA101-2_seed-8_20260510_174624/iterated_local_search/run_5_worker_12/parallel_12_8.prm
[INFO]:[17:50:31] CPLEX results. Gap: 27.100000, upper bound: 1105.147510, lower bound: 805.631095
[INFO]:[17:50:31] CPLEX solver finished. Gap: 27.100000
[INFO]:[17:50:31] Starting CPLEX solver on instance: /home/yorig/tuner/mpils-tests/instances/miplib/medium-1/eilA101-2.mps with config: /scratch/yorig/mpils-results-grid-ticks-10000-7may/medium-1/24proc-12pils/seed-8/5_eilA101-2_seed-8_20260510_174624/iterated_local_search/run_5_worker_12/parallel_24_8.prm
[INFO]:[17:50:42] CPLEX results. Gap: 16.050000, upper bound: 960.455636, lower bound: 806.260132
[INFO]:[17:50:42] CPLEX solver finished. Gap: 16.050000
[INFO]:[17:50:43] Worker (ils_group_rank=8) exiting parallel ILS evaluation service.
[INFO]:[17:50:43] Worker 20 completed exploration phase.
[INFO]:[17:50:43] Worker 20 received order for step 2.
[INFO]:[17:50:43] Worker 20 running expansion phase for iteration 5.
[INFO]:[17:50:43] Worker 20 will use solver log file: /scratch/yorig/mpils-results-grid-ticks-10000-7may/medium-1/24proc-12pils/seed-8/5_eilA101-2_seed-8_20260510_174624/solver/cplex.log_iteration_expansion_5_worker_20
[INFO]:[17:50:43] Expansion Worker 20 starting expansion for iteration 5.
[INFO]:[17:50:43] Starting CPLEX solver on instance: /home/yorig/tuner/mpils-tests/instances/miplib/medium-1/eilA101-2.mps with config: /scratch/yorig/mpils-results-grid-ticks-10000-7may/medium-1/24proc-12pils/seed-8/5_eilA101-2_seed-8_20260510_174624/expansion/config_param_CPXPARAM_Preprocessing_Reduce_2_iter_5.prm
[INFO]:[17:50:52] CPLEX results. Gap: 58.980000, upper bound: 1958.304296, lower bound: 803.373888
[INFO]:[17:50:52] CPLEX solver finished. Gap: 58.980000
[INFO]:[17:51:05] Expansion Worker 20 completed expansion.
[INFO]:[17:51:05] Worker 20 completed expansion phase.
[INFO]:[17:51:06] Worker 20 received order for step 1.
[INFO]:[17:51:06] Worker 20 running exploration phase for iteration 6.
[INFO]:[17:51:06] Worker 20 at iteration 6 will not use a MIP start file. Current best MIP-start upper bound threshold is 1.79769e+308.
[INFO]:[17:51:06] Starting local search phase...
[INFO]:[17:51:06] Worker (ils_group_rank=8) entering parallel ILS evaluation service.
[INFO]:[17:51:06] Starting CPLEX solver on instance: /home/yorig/tuner/mpils-tests/instances/miplib/medium-1/eilA101-2.mps with config: /scratch/yorig/mpils-results-grid-ticks-10000-7may/medium-1/24proc-12pils/seed-8/5_eilA101-2_seed-8_20260510_174624/iterated_local_search/run_6_worker_12/parallel_0_8.prm
[INFO]:[17:51:15] CPLEX results. Gap: 100.000000, upper bound: 2420.506503, lower bound: 0.000000
[INFO]:[17:51:15] CPLEX solver finished. Gap: 100.000000
[INFO]:[17:51:18] Starting CPLEX solver on instance: /home/yorig/tuner/mpils-tests/instances/miplib/medium-1/eilA101-2.mps with config: /scratch/yorig/mpils-results-grid-ticks-10000-7may/medium-1/24proc-12pils/seed-8/5_eilA101-2_seed-8_20260510_174624/iterated_local_search/run_6_worker_12/parallel_12_8.prm
[INFO]:[17:51:31] CPLEX results. Gap: 21.240000, upper bound: 1022.375411, lower bound: 805.202032
[INFO]:[17:51:31] CPLEX solver finished. Gap: 21.240000
[INFO]:[17:51:31] Worker (ils_group_rank=8) exiting parallel ILS evaluation service.
[INFO]:[17:51:31] Worker 20 completed exploration phase.
[INFO]:[17:51:31] Worker 20 received order for step 2.
[INFO]:[17:51:31] Worker 20 running expansion phase for iteration 6.
[INFO]:[17:51:31] Worker 20 will use solver log file: /scratch/yorig/mpils-results-grid-ticks-10000-7may/medium-1/24proc-12pils/seed-8/5_eilA101-2_seed-8_20260510_174624/solver/cplex.log_iteration_expansion_6_worker_20
[INFO]:[17:51:31] Expansion Worker 20 starting expansion for iteration 6.
[INFO]:[17:51:31] Starting CPLEX solver on instance: /home/yorig/tuner/mpils-tests/instances/miplib/medium-1/eilA101-2.mps with config: /scratch/yorig/mpils-results-grid-ticks-10000-7may/medium-1/24proc-12pils/seed-8/5_eilA101-2_seed-8_20260510_174624/expansion/config_param_CPXPARAM_MIP_Limits_StrongCand_2_iter_6.prm
[INFO]:[17:51:42] CPLEX results. Gap: 14.140000, upper bound: 940.450484, lower bound: 807.467527
[INFO]:[17:51:42] CPLEX solver finished. Gap: 14.140000
[INFO]:[17:51:53] Expansion Worker 20 completed expansion.
[INFO]:[17:51:53] Worker 20 completed expansion phase.
[INFO]:[17:51:53] Worker 20 received order for step 1.
[INFO]:[17:51:53] Worker 20 running exploration phase for iteration 7.
[INFO]:[17:51:53] Worker 20 at iteration 7 will not use a MIP start file. Current best MIP-start upper bound threshold is 1.79769e+308.
[INFO]:[17:51:53] Starting local search phase...
[INFO]:[17:51:53] Worker (ils_group_rank=8) entering parallel ILS evaluation service.
[INFO]:[17:51:53] Starting CPLEX solver on instance: /home/yorig/tuner/mpils-tests/instances/miplib/medium-1/eilA101-2.mps with config: /scratch/yorig/mpils-results-grid-ticks-10000-7may/medium-1/24proc-12pils/seed-8/5_eilA101-2_seed-8_20260510_174624/iterated_local_search/run_7_worker_12/parallel_0_8.prm
[INFO]:[17:52:02] CPLEX results. Gap: 100.000000, upper bound: 2420.506503, lower bound: 0.000000
[INFO]:[17:52:02] CPLEX solver finished. Gap: 100.000000
[INFO]:[17:52:33] Worker (ils_group_rank=8) exiting parallel ILS evaluation service.
[INFO]:[17:52:33] Worker 20 completed exploration phase.
[INFO]:[17:52:33] Worker 20 received order for step 3.
[INFO]:[17:52:33] Worker 20 finished.
