[INFO]:[18:42:52] Worker 7 starting.
[INFO]:[18:42:52] Worker 7 received order for step 1.
[INFO]:[18:42:52] Worker 7 running exploration phase for iteration 1.
[INFO]:[18:42:52] Worker 7 at iteration 1 will not use a MIP start file. Current best MIP-start upper bound threshold is 1.79769e+308.
[INFO]:[18:42:52] Starting local search phase...
[INFO]:[18:42:52] Worker (ils_group_rank=7) entering parallel ILS evaluation service.
[INFO]:[18:42:52] Starting CPLEX solver on instance: /home/yorig/tuner/mpils-tests/instances/miplib/medium-2/neos-4954672-berkel.mps with config: /scratch/yorig/mpils-results-grid-ticks-10000-7may/medium-2/16proc-16pils/seed-9/2_neos-4954672-berkel_seed-9_20260510_184251/iterated_local_search/run_1_worker_0/parallel_0_7.prm
[INFO]:[18:43:00] CPLEX results. Gap: 33.350000, upper bound: 2653685.000000, lower bound: 1768647.887196
[INFO]:[18:43:00] CPLEX solver finished. Gap: 33.350000
[INFO]:[18:43:00] Starting CPLEX solver on instance: /home/yorig/tuner/mpils-tests/instances/miplib/medium-2/neos-4954672-berkel.mps with config: /scratch/yorig/mpils-results-grid-ticks-10000-7may/medium-2/16proc-16pils/seed-9/2_neos-4954672-berkel_seed-9_20260510_184251/iterated_local_search/run_1_worker_0/parallel_16_7.prm
[INFO]:[18:43:08] CPLEX results. Gap: 15.930000, upper bound: 2659476.000000, lower bound: 2235768.375310
[INFO]:[18:43:08] CPLEX solver finished. Gap: 15.930000
[INFO]:[18:43:08] Worker (ils_group_rank=7) exiting parallel ILS evaluation service.
[INFO]:[18:43:08] Worker 7 completed exploration phase.
[INFO]:[18:43:08] Worker 7 received order for step 2.
[INFO]:[18:43:08] Worker 7 running expansion phase for iteration 1.
[INFO]:[18:43:08] Worker 7 will use solver log file: /scratch/yorig/mpils-results-grid-ticks-10000-7may/medium-2/16proc-16pils/seed-9/2_neos-4954672-berkel_seed-9_20260510_184251/solver/cplex.log_iteration_expansion_1_worker_7
[INFO]:[18:43:08] Expansion Worker 7 starting expansion for iteration 1.
[INFO]:[18:43:08] Starting CPLEX solver on instance: /home/yorig/tuner/mpils-tests/instances/miplib/medium-2/neos-4954672-berkel.mps with config: /scratch/yorig/mpils-results-grid-ticks-10000-7may/medium-2/16proc-16pils/seed-9/2_neos-4954672-berkel_seed-9_20260510_184251/expansion/config_param_CPXPARAM_MIP_Cuts_Covers_3_iter_1.prm
[INFO]:[18:43:15] CPLEX results. Gap: 15.140000, upper bound: 2647246.000000, lower bound: 2246378.829362
[INFO]:[18:43:15] CPLEX solver finished. Gap: 15.140000
[INFO]:[18:43:15] Expansion Worker 7 found an improving configuration with objective value 15.14.
[INFO]:[18:43:15] Expansion Worker 7 stopping early after global MPI expansion stop was activated.
[INFO]:[18:43:15] Expansion Worker 7 completed expansion.
[INFO]:[18:43:15] Worker 7 completed expansion phase.
[INFO]:[18:43:15] Worker 7 received order for step 1.
[INFO]:[18:43:15] Worker 7 running exploration phase for iteration 2.
[INFO]:[18:43:15] Worker 7 at iteration 2 will not use a MIP start file. Current best MIP-start upper bound threshold is 1.79769e+308.
[INFO]:[18:43:15] Starting local search phase...
[INFO]:[18:43:15] Worker (ils_group_rank=7) entering parallel ILS evaluation service.
[INFO]:[18:43:15] Starting CPLEX solver on instance: /home/yorig/tuner/mpils-tests/instances/miplib/medium-2/neos-4954672-berkel.mps with config: /scratch/yorig/mpils-results-grid-ticks-10000-7may/medium-2/16proc-16pils/seed-9/2_neos-4954672-berkel_seed-9_20260510_184251/iterated_local_search/run_2_worker_0/parallel_0_7.prm
[INFO]:[18:43:23] CPLEX results. Gap: 16.370000, upper bound: 2659476.000000, lower bound: 2224138.817166
[INFO]:[18:43:23] CPLEX solver finished. Gap: 16.370000
[INFO]:[18:43:23] Worker (ils_group_rank=7) exiting parallel ILS evaluation service.
[INFO]:[18:43:23] Worker 7 completed exploration phase.
[INFO]:[18:43:23] Worker 7 received order for step 2.
[INFO]:[18:43:23] Worker 7 running expansion phase for iteration 2.
[INFO]:[18:43:23] Worker 7 will use solver log file: /scratch/yorig/mpils-results-grid-ticks-10000-7may/medium-2/16proc-16pils/seed-9/2_neos-4954672-berkel_seed-9_20260510_184251/solver/cplex.log_iteration_expansion_2_worker_7
[INFO]:[18:43:23] Expansion Worker 7 starting expansion for iteration 2.
[INFO]:[18:43:23] Starting CPLEX solver on instance: /home/yorig/tuner/mpils-tests/instances/miplib/medium-2/neos-4954672-berkel.mps with config: /scratch/yorig/mpils-results-grid-ticks-10000-7may/medium-2/16proc-16pils/seed-9/2_neos-4954672-berkel_seed-9_20260510_184251/expansion/config_param_CPXPARAM_MIP_Strategy_VariableSelect_3_iter_2.prm
[INFO]:[18:43:30] CPLEX results. Gap: 25.240000, upper bound: 2824436.000000, lower bound: 2111458.483730
[INFO]:[18:43:30] CPLEX solver finished. Gap: 25.240000
[INFO]:[18:43:31] Expansion Worker 7 stopping early after global MPI expansion stop was activated.
[INFO]:[18:43:31] Expansion Worker 7 completed expansion.
[INFO]:[18:43:31] Worker 7 completed expansion phase.
[INFO]:[18:43:31] Worker 7 received order for step 1.
[INFO]:[18:43:31] Worker 7 running exploration phase for iteration 3.
[INFO]:[18:43:31] Worker 7 at iteration 3 will not use a MIP start file. Current best MIP-start upper bound threshold is 1.79769e+308.
[INFO]:[18:43:31] Starting local search phase...
[INFO]:[18:43:31] Worker (ils_group_rank=7) entering parallel ILS evaluation service.
[INFO]:[18:43:31] Starting CPLEX solver on instance: /home/yorig/tuner/mpils-tests/instances/miplib/medium-2/neos-4954672-berkel.mps with config: /scratch/yorig/mpils-results-grid-ticks-10000-7may/medium-2/16proc-16pils/seed-9/2_neos-4954672-berkel_seed-9_20260510_184251/iterated_local_search/run_3_worker_0/parallel_0_7.prm
[INFO]:[18:43:39] CPLEX results. Gap: 15.540000, upper bound: 2659476.000000, lower bound: 2246170.249205
[INFO]:[18:43:39] CPLEX solver finished. Gap: 15.540000
[INFO]:[18:43:39] Worker (ils_group_rank=7) exiting parallel ILS evaluation service.
[INFO]:[18:43:39] Worker 7 completed exploration phase.
[INFO]:[18:43:39] Worker 7 received order for step 2.
[INFO]:[18:43:39] Worker 7 running expansion phase for iteration 3.
[INFO]:[18:43:39] Worker 7 will use solver log file: /scratch/yorig/mpils-results-grid-ticks-10000-7may/medium-2/16proc-16pils/seed-9/2_neos-4954672-berkel_seed-9_20260510_184251/solver/cplex.log_iteration_expansion_3_worker_7
[INFO]:[18:43:39] Expansion Worker 7 starting expansion for iteration 3.
[INFO]:[18:43:39] Starting CPLEX solver on instance: /home/yorig/tuner/mpils-tests/instances/miplib/medium-2/neos-4954672-berkel.mps with config: /scratch/yorig/mpils-results-grid-ticks-10000-7may/medium-2/16proc-16pils/seed-9/2_neos-4954672-berkel_seed-9_20260510_184251/expansion/config_param_CPXPARAM_MIP_Limits_ProbeTime_40_iter_3.prm
[INFO]:[18:43:46] CPLEX results. Gap: 14.670000, upper bound: 2659476.000000, lower bound: 2269362.612061
[INFO]:[18:43:46] CPLEX solver finished. Gap: 14.670000
[INFO]:[18:43:46] Starting CPLEX solver on instance: /home/yorig/tuner/mpils-tests/instances/miplib/medium-2/neos-4954672-berkel.mps with config: /scratch/yorig/mpils-results-grid-ticks-10000-7may/medium-2/16proc-16pils/seed-9/2_neos-4954672-berkel_seed-9_20260510_184251/expansion/config_param_CPXPARAM_MIP_Strategy_BBInterval_4_iter_3.prm
[INFO]:[18:43:53] CPLEX results. Gap: 14.670000, upper bound: 2659476.000000, lower bound: 2269362.612061
[INFO]:[18:43:53] CPLEX solver finished. Gap: 14.670000
[INFO]:[18:43:54] Starting CPLEX solver on instance: /home/yorig/tuner/mpils-tests/instances/miplib/medium-2/neos-4954672-berkel.mps with config: /scratch/yorig/mpils-results-grid-ticks-10000-7may/medium-2/16proc-16pils/seed-9/2_neos-4954672-berkel_seed-9_20260510_184251/expansion/config_param_CPXPARAM_MIP_Strategy_Order_0_iter_3.prm
[INFO]:[18:44:01] CPLEX results. Gap: 14.670000, upper bound: 2659476.000000, lower bound: 2269362.612061
[INFO]:[18:44:01] CPLEX solver finished. Gap: 14.670000
[INFO]:[18:44:01] Expansion Worker 7 stopping early after global MPI expansion stop was activated.
[INFO]:[18:44:01] Expansion Worker 7 completed expansion.
[INFO]:[18:44:01] Worker 7 completed expansion phase.
[INFO]:[18:44:01] Worker 7 received order for step 1.
[INFO]:[18:44:01] Worker 7 running exploration phase for iteration 4.
[INFO]:[18:44:01] Worker 7 at iteration 4 will not use a MIP start file. Current best MIP-start upper bound threshold is 1.79769e+308.
[INFO]:[18:44:01] Starting local search phase...
[INFO]:[18:44:01] Worker (ils_group_rank=7) entering parallel ILS evaluation service.
[INFO]:[18:44:01] Starting CPLEX solver on instance: /home/yorig/tuner/mpils-tests/instances/miplib/medium-2/neos-4954672-berkel.mps with config: /scratch/yorig/mpils-results-grid-ticks-10000-7may/medium-2/16proc-16pils/seed-9/2_neos-4954672-berkel_seed-9_20260510_184251/iterated_local_search/run_4_worker_0/parallel_0_7.prm
[INFO]:[18:44:09] CPLEX results. Gap: 14.670000, upper bound: 2659476.000000, lower bound: 2269362.612061
[INFO]:[18:44:09] CPLEX solver finished. Gap: 14.670000
[INFO]:[18:44:09] Worker (ils_group_rank=7) exiting parallel ILS evaluation service.
[INFO]:[18:44:09] Worker 7 completed exploration phase.
[INFO]:[18:44:09] Worker 7 received order for step 2.
[INFO]:[18:44:09] Worker 7 running expansion phase for iteration 4.
[INFO]:[18:44:09] Worker 7 will use solver log file: /scratch/yorig/mpils-results-grid-ticks-10000-7may/medium-2/16proc-16pils/seed-9/2_neos-4954672-berkel_seed-9_20260510_184251/solver/cplex.log_iteration_expansion_4_worker_7
[INFO]:[18:44:09] Expansion Worker 7 starting expansion for iteration 4.
[INFO]:[18:44:09] Starting CPLEX solver on instance: /home/yorig/tuner/mpils-tests/instances/miplib/medium-2/neos-4954672-berkel.mps with config: /scratch/yorig/mpils-results-grid-ticks-10000-7may/medium-2/16proc-16pils/seed-9/2_neos-4954672-berkel_seed-9_20260510_184251/expansion/config_param_CPXPARAM_MIP_Strategy_HeuristicFreq_500_iter_4.prm
[INFO]:[18:44:16] CPLEX results. Gap: 13.950000, upper bound: 2648784.000000, lower bound: 2279402.625540
[INFO]:[18:44:16] CPLEX solver finished. Gap: 13.950000
[INFO]:[18:44:16] Expansion Worker 7 found an improving configuration with objective value 13.95.
[INFO]:[18:44:16] Expansion Worker 7 stopping early after global MPI expansion stop was activated.
[INFO]:[18:44:16] Expansion Worker 7 completed expansion.
[INFO]:[18:44:16] Worker 7 completed expansion phase.
[INFO]:[18:44:16] Worker 7 received order for step 1.
[INFO]:[18:44:16] Worker 7 running exploration phase for iteration 5.
[INFO]:[18:44:16] Worker 7 at iteration 5 will not use a MIP start file. Current best MIP-start upper bound threshold is 1.79769e+308.
[INFO]:[18:44:16] Starting local search phase...
[INFO]:[18:44:16] Worker (ils_group_rank=7) entering parallel ILS evaluation service.
[INFO]:[18:44:16] Starting CPLEX solver on instance: /home/yorig/tuner/mpils-tests/instances/miplib/medium-2/neos-4954672-berkel.mps with config: /scratch/yorig/mpils-results-grid-ticks-10000-7may/medium-2/16proc-16pils/seed-9/2_neos-4954672-berkel_seed-9_20260510_184251/iterated_local_search/run_5_worker_0/parallel_0_7.prm
[INFO]:[18:44:23] CPLEX results. Gap: 18.060000, upper bound: 2667864.000000, lower bound: 2186101.763245
[INFO]:[18:44:23] CPLEX solver finished. Gap: 18.060000
[INFO]:[18:44:24] Starting CPLEX solver on instance: /home/yorig/tuner/mpils-tests/instances/miplib/medium-2/neos-4954672-berkel.mps with config: /scratch/yorig/mpils-results-grid-ticks-10000-7may/medium-2/16proc-16pils/seed-9/2_neos-4954672-berkel_seed-9_20260510_184251/iterated_local_search/run_5_worker_0/parallel_16_7.prm
[INFO]:[18:44:31] CPLEX results. Gap: 13.940000, upper bound: 2648784.000000, lower bound: 2279444.901139
[INFO]:[18:44:31] CPLEX solver finished. Gap: 13.940000
[INFO]:[18:44:31] Worker (ils_group_rank=7) exiting parallel ILS evaluation service.
[INFO]:[18:44:31] Worker 7 completed exploration phase.
[INFO]:[18:44:31] Worker 7 received order for step 2.
[INFO]:[18:44:31] Worker 7 running expansion phase for iteration 5.
[INFO]:[18:44:31] Worker 7 will use solver log file: /scratch/yorig/mpils-results-grid-ticks-10000-7may/medium-2/16proc-16pils/seed-9/2_neos-4954672-berkel_seed-9_20260510_184251/solver/cplex.log_iteration_expansion_5_worker_7
[INFO]:[18:44:31] Expansion Worker 7 starting expansion for iteration 5.
[INFO]:[18:44:31] Starting CPLEX solver on instance: /home/yorig/tuner/mpils-tests/instances/miplib/medium-2/neos-4954672-berkel.mps with config: /scratch/yorig/mpils-results-grid-ticks-10000-7may/medium-2/16proc-16pils/seed-9/2_neos-4954672-berkel_seed-9_20260510_184251/expansion/config_param_CPXPARAM_MIP_Strategy_SubAlgorithm_2_iter_5.prm
[INFO]:[18:44:39] CPLEX results. Gap: 13.840000, upper bound: 2642515.000000, lower bound: 2276715.081515
[INFO]:[18:44:39] CPLEX solver finished. Gap: 13.840000
[INFO]:[18:44:39] Starting CPLEX solver on instance: /home/yorig/tuner/mpils-tests/instances/miplib/medium-2/neos-4954672-berkel.mps with config: /scratch/yorig/mpils-results-grid-ticks-10000-7may/medium-2/16proc-16pils/seed-9/2_neos-4954672-berkel_seed-9_20260510_184251/expansion/config_param_CPXPARAM_MIP_Limits_AggForCut_0_iter_5.prm
[INFO]:[18:44:46] CPLEX results. Gap: 18.100000, upper bound: 2633683.000000, lower bound: 2157017.528242
[INFO]:[18:44:46] CPLEX solver finished. Gap: 18.100000
[INFO]:[18:44:47] Expansion Worker 7 stopping early after global MPI expansion stop was activated.
[INFO]:[18:44:47] Expansion Worker 7 completed expansion.
[INFO]:[18:44:47] Worker 7 completed expansion phase.
[INFO]:[18:44:47] Worker 7 received order for step 1.
[INFO]:[18:44:47] Worker 7 running exploration phase for iteration 6.
[INFO]:[18:44:47] Worker 7 at iteration 6 will not use a MIP start file. Current best MIP-start upper bound threshold is 1.79769e+308.
[INFO]:[18:44:47] Starting local search phase...
[INFO]:[18:44:47] Worker (ils_group_rank=7) entering parallel ILS evaluation service.
[INFO]:[18:44:47] Starting CPLEX solver on instance: /home/yorig/tuner/mpils-tests/instances/miplib/medium-2/neos-4954672-berkel.mps with config: /scratch/yorig/mpils-results-grid-ticks-10000-7may/medium-2/16proc-16pils/seed-9/2_neos-4954672-berkel_seed-9_20260510_184251/iterated_local_search/run_6_worker_0/parallel_0_7.prm
[INFO]:[18:44:54] CPLEX results. Gap: 15.030000, upper bound: 2648784.000000, lower bound: 2250727.891744
[INFO]:[18:44:54] CPLEX solver finished. Gap: 15.030000
[INFO]:[18:44:54] Starting CPLEX solver on instance: /home/yorig/tuner/mpils-tests/instances/miplib/medium-2/neos-4954672-berkel.mps with config: /scratch/yorig/mpils-results-grid-ticks-10000-7may/medium-2/16proc-16pils/seed-9/2_neos-4954672-berkel_seed-9_20260510_184251/iterated_local_search/run_6_worker_0/parallel_16_7.prm
[INFO]:[18:45:01] CPLEX results. Gap: 21.470000, upper bound: 2718059.999989, lower bound: 2134435.808941
[INFO]:[18:45:01] CPLEX solver finished. Gap: 21.470000
[INFO]:[18:45:02] Worker (ils_group_rank=7) exiting parallel ILS evaluation service.
[INFO]:[18:45:02] Worker 7 completed exploration phase.
[INFO]:[18:45:02] Worker 7 received order for step 2.
[INFO]:[18:45:02] Worker 7 running expansion phase for iteration 6.
[INFO]:[18:45:02] Worker 7 will use solver log file: /scratch/yorig/mpils-results-grid-ticks-10000-7may/medium-2/16proc-16pils/seed-9/2_neos-4954672-berkel_seed-9_20260510_184251/solver/cplex.log_iteration_expansion_6_worker_7
[INFO]:[18:45:02] Expansion Worker 7 starting expansion for iteration 6.
[INFO]:[18:45:02] Starting CPLEX solver on instance: /home/yorig/tuner/mpils-tests/instances/miplib/medium-2/neos-4954672-berkel.mps with config: /scratch/yorig/mpils-results-grid-ticks-10000-7may/medium-2/16proc-16pils/seed-9/2_neos-4954672-berkel_seed-9_20260510_184251/expansion/config_param_CPXPARAM_Preprocessing_Fill_2_iter_6.prm
[INFO]:[18:45:09] CPLEX results. Gap: 14.400000, upper bound: 2648784.000000, lower bound: 2267447.453470
[INFO]:[18:45:09] CPLEX solver finished. Gap: 14.400000
[INFO]:[18:45:09] Starting CPLEX solver on instance: /home/yorig/tuner/mpils-tests/instances/miplib/medium-2/neos-4954672-berkel.mps with config: /scratch/yorig/mpils-results-grid-ticks-10000-7may/medium-2/16proc-16pils/seed-9/2_neos-4954672-berkel_seed-9_20260510_184251/expansion/config_param_CPXPARAM_Preprocessing_CoeffReduce_2_iter_6.prm
[INFO]:[18:45:16] CPLEX results. Gap: 13.110000, upper bound: 2620225.000000, lower bound: 2276715.081515
[INFO]:[18:45:16] CPLEX solver finished. Gap: 13.110000
[INFO]:[18:45:16] Expansion Worker 7 completed expansion.
[INFO]:[18:45:16] Worker 7 completed expansion phase.
[INFO]:[18:45:16] Worker 7 received order for step 1.
[INFO]:[18:45:16] Worker 7 running exploration phase for iteration 7.
[INFO]:[18:45:16] Worker 7 at iteration 7 will not use a MIP start file. Current best MIP-start upper bound threshold is 1.79769e+308.
[INFO]:[18:45:16] Starting local search phase...
[INFO]:[18:45:16] Worker (ils_group_rank=7) entering parallel ILS evaluation service.
[INFO]:[18:45:17] Starting CPLEX solver on instance: /home/yorig/tuner/mpils-tests/instances/miplib/medium-2/neos-4954672-berkel.mps with config: /scratch/yorig/mpils-results-grid-ticks-10000-7may/medium-2/16proc-16pils/seed-9/2_neos-4954672-berkel_seed-9_20260510_184251/iterated_local_search/run_7_worker_0/parallel_0_7.prm
[INFO]:[18:45:24] CPLEX results. Gap: 13.110000, upper bound: 2620225.000000, lower bound: 2276715.081515
[INFO]:[18:45:24] CPLEX solver finished. Gap: 13.110000
[INFO]:[18:45:24] Starting CPLEX solver on instance: /home/yorig/tuner/mpils-tests/instances/miplib/medium-2/neos-4954672-berkel.mps with config: /scratch/yorig/mpils-results-grid-ticks-10000-7may/medium-2/16proc-16pils/seed-9/2_neos-4954672-berkel_seed-9_20260510_184251/iterated_local_search/run_7_worker_0/parallel_16_7.prm
[INFO]:[18:45:31] CPLEX results. Gap: 14.060000, upper bound: 2648784.000000, lower bound: 2276449.947738
[INFO]:[18:45:31] CPLEX solver finished. Gap: 14.060000
[INFO]:[18:45:32] Worker (ils_group_rank=7) exiting parallel ILS evaluation service.
[INFO]:[18:45:32] Worker 7 completed exploration phase.
[INFO]:[18:45:32] Worker 7 received order for step 2.
[INFO]:[18:45:32] Worker 7 running expansion phase for iteration 7.
[INFO]:[18:45:32] Worker 7 will use solver log file: /scratch/yorig/mpils-results-grid-ticks-10000-7may/medium-2/16proc-16pils/seed-9/2_neos-4954672-berkel_seed-9_20260510_184251/solver/cplex.log_iteration_expansion_7_worker_7
[INFO]:[18:45:32] Expansion Worker 7 starting expansion for iteration 7.
[INFO]:[18:45:32] Starting CPLEX solver on instance: /home/yorig/tuner/mpils-tests/instances/miplib/medium-2/neos-4954672-berkel.mps with config: /scratch/yorig/mpils-results-grid-ticks-10000-7may/medium-2/16proc-16pils/seed-9/2_neos-4954672-berkel_seed-9_20260510_184251/expansion/config_param_CPXPARAM_MIP_OrderType_2_iter_7.prm
[INFO]:[18:45:39] CPLEX results. Gap: 16.080000, upper bound: 2648784.000000, lower bound: 2222940.029011
[INFO]:[18:45:39] CPLEX solver finished. Gap: 16.080000
[INFO]:[18:45:39] Starting CPLEX solver on instance: /home/yorig/tuner/mpils-tests/instances/miplib/medium-2/neos-4954672-berkel.mps with config: /scratch/yorig/mpils-results-grid-ticks-10000-7may/medium-2/16proc-16pils/seed-9/2_neos-4954672-berkel_seed-9_20260510_184251/expansion/config_param_CPXPARAM_Preprocessing_RepeatPresolve_0_iter_7.prm
[INFO]:[18:45:47] CPLEX results. Gap: 13.760000, upper bound: 2648784.000000, lower bound: 2284193.669744
[INFO]:[18:45:47] CPLEX solver finished. Gap: 13.760000
[INFO]:[18:45:47] Expansion Worker 7 completed expansion.
[INFO]:[18:45:47] Worker 7 completed expansion phase.
[INFO]:[18:45:47] Worker 7 received order for step 1.
[INFO]:[18:45:47] Worker 7 running exploration phase for iteration 8.
[INFO]:[18:45:47] Worker 7 at iteration 8 will not use a MIP start file. Current best MIP-start upper bound threshold is 1.79769e+308.
[INFO]:[18:45:47] Starting local search phase...
[INFO]:[18:45:47] Worker (ils_group_rank=7) entering parallel ILS evaluation service.
[INFO]:[18:45:47] Starting CPLEX solver on instance: /home/yorig/tuner/mpils-tests/instances/miplib/medium-2/neos-4954672-berkel.mps with config: /scratch/yorig/mpils-results-grid-ticks-10000-7may/medium-2/16proc-16pils/seed-9/2_neos-4954672-berkel_seed-9_20260510_184251/iterated_local_search/run_8_worker_0/parallel_0_7.prm
[INFO]:[18:45:54] CPLEX results. Gap: 13.110000, upper bound: 2620225.000000, lower bound: 2276715.081515
[INFO]:[18:45:54] CPLEX solver finished. Gap: 13.110000
[INFO]:[18:45:54] Starting CPLEX solver on instance: /home/yorig/tuner/mpils-tests/instances/miplib/medium-2/neos-4954672-berkel.mps with config: /scratch/yorig/mpils-results-grid-ticks-10000-7may/medium-2/16proc-16pils/seed-9/2_neos-4954672-berkel_seed-9_20260510_184251/iterated_local_search/run_8_worker_0/parallel_16_7.prm
[INFO]:[18:46:02] CPLEX results. Gap: 15.320000, upper bound: 2678391.000000, lower bound: 2268022.919965
[INFO]:[18:46:02] CPLEX solver finished. Gap: 15.320000
[INFO]:[18:46:02] Worker (ils_group_rank=7) exiting parallel ILS evaluation service.
[INFO]:[18:46:02] Worker 7 completed exploration phase.
[INFO]:[18:46:02] Worker 7 received order for step 2.
[INFO]:[18:46:02] Worker 7 running expansion phase for iteration 8.
[INFO]:[18:46:02] Worker 7 will use solver log file: /scratch/yorig/mpils-results-grid-ticks-10000-7may/medium-2/16proc-16pils/seed-9/2_neos-4954672-berkel_seed-9_20260510_184251/solver/cplex.log_iteration_expansion_8_worker_7
[INFO]:[18:46:02] Expansion Worker 7 starting expansion for iteration 8.
[INFO]:[18:46:02] Starting CPLEX solver on instance: /home/yorig/tuner/mpils-tests/instances/miplib/medium-2/neos-4954672-berkel.mps with config: /scratch/yorig/mpils-results-grid-ticks-10000-7may/medium-2/16proc-16pils/seed-9/2_neos-4954672-berkel_seed-9_20260510_184251/expansion/config_param_CPXPARAM_Read_Scale_1_iter_8.prm
[INFO]:[18:46:10] CPLEX results. Gap: 18.650000, upper bound: 2688929.000000, lower bound: 2187473.175496
[INFO]:[18:46:10] CPLEX solver finished. Gap: 18.650000
[INFO]:[18:46:10] Starting CPLEX solver on instance: /home/yorig/tuner/mpils-tests/instances/miplib/medium-2/neos-4954672-berkel.mps with config: /scratch/yorig/mpils-results-grid-ticks-10000-7may/medium-2/16proc-16pils/seed-9/2_neos-4954672-berkel_seed-9_20260510_184251/expansion/config_param_CPXPARAM_MIP_Limits_StrongCand_40_iter_8.prm
[INFO]:[18:46:16] CPLEX results. Gap: 13.110000, upper bound: 2620225.000000, lower bound: 2276715.081515
[INFO]:[18:46:16] CPLEX solver finished. Gap: 13.110000
[INFO]:[18:46:16] Expansion Worker 7 completed expansion.
[INFO]:[18:46:16] Worker 7 completed expansion phase.
[INFO]:[18:46:17] Worker 7 received order for step 1.
[INFO]:[18:46:17] Worker 7 running exploration phase for iteration 9.
[INFO]:[18:46:17] Worker 7 at iteration 9 will not use a MIP start file. Current best MIP-start upper bound threshold is 1.79769e+308.
[INFO]:[18:46:17] Starting local search phase...
[INFO]:[18:46:17] Worker (ils_group_rank=7) entering parallel ILS evaluation service.
[INFO]:[18:46:17] Starting CPLEX solver on instance: /home/yorig/tuner/mpils-tests/instances/miplib/medium-2/neos-4954672-berkel.mps with config: /scratch/yorig/mpils-results-grid-ticks-10000-7may/medium-2/16proc-16pils/seed-9/2_neos-4954672-berkel_seed-9_20260510_184251/iterated_local_search/run_9_worker_0/parallel_0_7.prm
[INFO]:[18:46:24] CPLEX results. Gap: 13.110000, upper bound: 2620225.000000, lower bound: 2276715.081515
[INFO]:[18:46:24] CPLEX solver finished. Gap: 13.110000
[INFO]:[18:46:24] Starting CPLEX solver on instance: /home/yorig/tuner/mpils-tests/instances/miplib/medium-2/neos-4954672-berkel.mps with config: /scratch/yorig/mpils-results-grid-ticks-10000-7may/medium-2/16proc-16pils/seed-9/2_neos-4954672-berkel_seed-9_20260510_184251/iterated_local_search/run_9_worker_0/parallel_16_7.prm
[INFO]:[18:46:31] CPLEX results. Gap: 13.110000, upper bound: 2620225.000000, lower bound: 2276715.081515
[INFO]:[18:46:31] CPLEX solver finished. Gap: 13.110000
[INFO]:[18:46:32] Worker (ils_group_rank=7) exiting parallel ILS evaluation service.
[INFO]:[18:46:32] Worker 7 completed exploration phase.
[INFO]:[18:46:32] Worker 7 received order for step 3.
[INFO]:[18:46:32] Worker 7 finished.
