[INFO]:[03:32:11] Worker 4 starting.
[INFO]:[03:32:11] Worker 4 received order for step 1.
[INFO]:[03:32:11] Worker 4 running exploration phase for iteration 1.
[INFO]:[03:32:11] Worker 4 at iteration 1 will not use a MIP start file. Current best MIP-start upper bound threshold is 1.79769e+308.
[INFO]:[03:32:11] Starting local search phase...
[INFO]:[03:32:11] Creating local search space from parameter space file: /scratch/yorig/mpils-results-grid-ticks-10000-7may/easy/24proc-4pils/seed-3/3_glass4_seed-3_20260510_033210/iterated_local_search/search_space/search_space_file_1_worker_4.txt
[INFO]:[03:32:11] Local search space loaded from file: /scratch/yorig/mpils-results-grid-ticks-10000-7may/easy/24proc-4pils/seed-3/3_glass4_seed-3_20260510_033210/iterated_local_search/search_space/search_space_file_1_worker_4.txt
[INFO]:[03:32:11] Number of parameters in local search space: 71
[INFO]:[03:32:11] Number of forbidden tuples in local search space: 0
[INFO]:[03:32:11] Number of conditionals in local search space: 6
[INFO]:[03:32:11] MIP start option not enabled. Local search will proceed without MIP start.
[INFO]:[03:32:11] Starting CPLEX solver on instance: /home/yorig/tuner/mpils-tests/instances/miplib/easy/glass4.mps with config: /scratch/yorig/mpils-results-grid-ticks-10000-7may/easy/24proc-4pils/seed-3/3_glass4_seed-3_20260510_033210/iterated_local_search/run_1_worker_4/ils_config_4252239961952075346.prm
[INFO]:[03:32:11] Starting CPLEX solver on instance: /home/yorig/tuner/mpils-tests/instances/miplib/easy/glass4.mps with config: /scratch/yorig/mpils-results-grid-ticks-10000-7may/easy/24proc-4pils/seed-3/3_glass4_seed-3_20260510_033210/iterated_local_search/run_1_worker_4/ils_config_4252239961952075346.prm
[INFO]:[03:32:20] CPLEX results. Gap: 45.180000, upper bound: 1700014500.000000, lower bound: 932008350.937672
[INFO]:[03:32:20] CPLEX solver finished. Gap: 45.180000
[INFO]:[03:32:20] New incumbent found with objective value: 33.11
[INFO]:[03:32:20] Received global ILS stop signal from rank 12.
[INFO]:[03:32:20] Local search phase completed.
[INFO]:[03:32:20] Total number of new local-search evaluations: 4
[INFO]:[03:32:20] Final incumbent objective value: 33.11
[INFO]:[03:32:22] Worker 4 completed exploration phase.
[INFO]:[03:32:22] Worker 4 received order for step 3.
[INFO]:[03:32:22] Worker 4 finished.
