[INFO]:[17:43:13] Worker 6 starting.
[INFO]:[17:43:13] Worker 6 received order for step 1.
[INFO]:[17:43:13] Worker 6 running exploration phase for iteration 1.
[INFO]:[17:43:13] Worker 6 at iteration 1 will not use a MIP start file. Current best MIP-start upper bound threshold is 1.79769e+308.
[INFO]:[17:43:13] Starting local search phase...
[INFO]:[17:43:13] Worker (ils_group_rank=6) entering parallel ILS evaluation service.
[INFO]:[17:43:13] Starting CPLEX solver on instance: /home/yorig/tuner/mpils-tests/instances/miplib/medium-1/csched007.mps with config: /scratch/yorig/mpils-results-grid-ticks-10000-7may/medium-1/24proc-12pils/seed-9/3_csched007_seed-9_20260510_174311/iterated_local_search/run_1_worker_0/parallel_0_6.prm
[INFO]:[17:43:20] CPLEX results. Gap: 29.410000, upper bound: 440.000000, lower bound: 310.596248
[INFO]:[17:43:20] CPLEX solver finished. Gap: 29.410000
[INFO]:[17:43:20] Starting CPLEX solver on instance: /home/yorig/tuner/mpils-tests/instances/miplib/medium-1/csched007.mps with config: /scratch/yorig/mpils-results-grid-ticks-10000-7may/medium-1/24proc-12pils/seed-9/3_csched007_seed-9_20260510_174311/iterated_local_search/run_1_worker_0/parallel_12_6.prm
[INFO]:[17:43:26] CPLEX results. Gap: 13.010000, upper bound: 367.000000, lower bound: 319.241518
[INFO]:[17:43:26] CPLEX solver finished. Gap: 13.010000
[INFO]:[17:43:26] Worker (ils_group_rank=6) exiting parallel ILS evaluation service.
[INFO]:[17:43:27] Worker 6 completed exploration phase.
[INFO]:[17:43:27] Worker 6 received order for step 2.
[INFO]:[17:43:27] Worker 6 running expansion phase for iteration 1.
[INFO]:[17:43:27] Worker 6 will use solver log file: /scratch/yorig/mpils-results-grid-ticks-10000-7may/medium-1/24proc-12pils/seed-9/3_csched007_seed-9_20260510_174311/solver/cplex.log_iteration_expansion_1_worker_6
[INFO]:[17:43:27] Expansion Worker 6 starting expansion for iteration 1.
[INFO]:[17:43:27] Starting CPLEX solver on instance: /home/yorig/tuner/mpils-tests/instances/miplib/medium-1/csched007.mps with config: /scratch/yorig/mpils-results-grid-ticks-10000-7may/medium-1/24proc-12pils/seed-9/3_csched007_seed-9_20260510_174311/expansion/config_param_CPXPARAM_MIP_Cuts_Covers_2_iter_1.prm
[INFO]:[17:43:33] CPLEX results. Gap: 13.010000, upper bound: 367.000000, lower bound: 319.241518
[INFO]:[17:43:33] CPLEX solver finished. Gap: 13.010000
[INFO]:[17:43:34] Expansion Worker 6 stopping early after global MPI expansion stop was activated.
[INFO]:[17:43:34] Expansion Worker 6 completed expansion.
[INFO]:[17:43:34] Worker 6 completed expansion phase.
[INFO]:[17:43:34] Worker 6 received order for step 1.
[INFO]:[17:43:34] Worker 6 running exploration phase for iteration 2.
[INFO]:[17:43:34] Worker 6 at iteration 2 will not use a MIP start file. Current best MIP-start upper bound threshold is 1.79769e+308.
[INFO]:[17:43:34] Starting local search phase...
[INFO]:[17:43:34] Worker (ils_group_rank=6) entering parallel ILS evaluation service.
[INFO]:[17:43:34] Starting CPLEX solver on instance: /home/yorig/tuner/mpils-tests/instances/miplib/medium-1/csched007.mps with config: /scratch/yorig/mpils-results-grid-ticks-10000-7may/medium-1/24proc-12pils/seed-9/3_csched007_seed-9_20260510_174311/iterated_local_search/run_2_worker_0/parallel_0_6.prm
[INFO]:[17:43:40] CPLEX results. Gap: 13.010000, upper bound: 367.000000, lower bound: 319.241518
[INFO]:[17:43:40] CPLEX solver finished. Gap: 13.010000
[INFO]:[17:43:41] Worker (ils_group_rank=6) exiting parallel ILS evaluation service.
[INFO]:[17:43:41] Worker 6 completed exploration phase.
[INFO]:[17:43:41] Worker 6 received order for step 2.
[INFO]:[17:43:41] Worker 6 running expansion phase for iteration 2.
[INFO]:[17:43:41] Worker 6 will use solver log file: /scratch/yorig/mpils-results-grid-ticks-10000-7may/medium-1/24proc-12pils/seed-9/3_csched007_seed-9_20260510_174311/solver/cplex.log_iteration_expansion_2_worker_6
[INFO]:[17:43:41] Expansion Worker 6 starting expansion for iteration 2.
[INFO]:[17:43:41] Starting CPLEX solver on instance: /home/yorig/tuner/mpils-tests/instances/miplib/medium-1/csched007.mps with config: /scratch/yorig/mpils-results-grid-ticks-10000-7may/medium-1/24proc-12pils/seed-9/3_csched007_seed-9_20260510_174311/expansion/config_param_CPXPARAM_MIP_Limits_ProbeTime_30_iter_2.prm
[INFO]:[17:43:47] CPLEX results. Gap: 12.970000, upper bound: 367.000000, lower bound: 319.402544
[INFO]:[17:43:47] CPLEX solver finished. Gap: 12.970000
[INFO]:[17:43:48] Starting CPLEX solver on instance: /home/yorig/tuner/mpils-tests/instances/miplib/medium-1/csched007.mps with config: /scratch/yorig/mpils-results-grid-ticks-10000-7may/medium-1/24proc-12pils/seed-9/3_csched007_seed-9_20260510_174311/expansion/config_param_CPXPARAM_MIP_Limits_CutsFactor_1_iter_2.prm
[WARN]:[17:43:54] CPLEX finished without a primal feasible solution for config /scratch/yorig/mpils-results-grid-ticks-10000-7may/medium-1/24proc-12pils/seed-9/3_csched007_seed-9_20260510_174311/expansion/config_param_CPXPARAM_MIP_Limits_CutsFactor_1_iter_2.prm.
[INFO]:[17:43:54] CPLEX results. Gap: unavailable, upper bound: null, lower bound: 309.077083
[INFO]:[17:43:54] CPLEX solver finished. Gap: 179769313486231570814527423731704356798070567525844996598917476803157260780028538760589558632766878171540458953514382464234321326889464182768467546703537516986049910576551282076245490090389328944075868508455133942304583236903222948165808559332123348274797826204144723168738177180919299881250404026184124858368.000000
[INFO]:[17:43:54] Expansion Worker 6 stopping early after global MPI expansion stop was activated.
[INFO]:[17:43:54] Expansion Worker 6 completed expansion.
[INFO]:[17:43:54] Worker 6 completed expansion phase.
[INFO]:[17:43:54] Worker 6 received order for step 1.
[INFO]:[17:43:54] Worker 6 running exploration phase for iteration 3.
[INFO]:[17:43:54] Worker 6 at iteration 3 will not use a MIP start file. Current best MIP-start upper bound threshold is 1.79769e+308.
[INFO]:[17:43:54] Starting local search phase...
[INFO]:[17:43:54] Worker (ils_group_rank=6) entering parallel ILS evaluation service.
[INFO]:[17:43:54] Starting CPLEX solver on instance: /home/yorig/tuner/mpils-tests/instances/miplib/medium-1/csched007.mps with config: /scratch/yorig/mpils-results-grid-ticks-10000-7may/medium-1/24proc-12pils/seed-9/3_csched007_seed-9_20260510_174311/iterated_local_search/run_3_worker_0/parallel_0_6.prm
[INFO]:[17:44:00] CPLEX results. Gap: 12.970000, upper bound: 367.000000, lower bound: 319.402544
[INFO]:[17:44:00] CPLEX solver finished. Gap: 12.970000
[INFO]:[17:44:02] Starting CPLEX solver on instance: /home/yorig/tuner/mpils-tests/instances/miplib/medium-1/csched007.mps with config: /scratch/yorig/mpils-results-grid-ticks-10000-7may/medium-1/24proc-12pils/seed-9/3_csched007_seed-9_20260510_174311/iterated_local_search/run_3_worker_0/parallel_12_6.prm
[INFO]:[17:44:07] CPLEX results. Gap: 25.050000, upper bound: 420.000000, lower bound: 314.789415
[INFO]:[17:44:07] CPLEX solver finished. Gap: 25.050000
[INFO]:[17:44:08] Starting CPLEX solver on instance: /home/yorig/tuner/mpils-tests/instances/miplib/medium-1/csched007.mps with config: /scratch/yorig/mpils-results-grid-ticks-10000-7may/medium-1/24proc-12pils/seed-9/3_csched007_seed-9_20260510_174311/iterated_local_search/run_3_worker_0/parallel_24_6.prm
[INFO]:[17:44:13] CPLEX results. Gap: 12.970000, upper bound: 367.000000, lower bound: 319.402544
[INFO]:[17:44:13] CPLEX solver finished. Gap: 12.970000
[INFO]:[17:44:14] Worker (ils_group_rank=6) exiting parallel ILS evaluation service.
[INFO]:[17:44:16] Worker 6 completed exploration phase.
[INFO]:[17:44:16] Worker 6 received order for step 2.
[INFO]:[17:44:16] Worker 6 running expansion phase for iteration 3.
[INFO]:[17:44:16] Worker 6 will use solver log file: /scratch/yorig/mpils-results-grid-ticks-10000-7may/medium-1/24proc-12pils/seed-9/3_csched007_seed-9_20260510_174311/solver/cplex.log_iteration_expansion_3_worker_6
[INFO]:[17:44:16] Expansion Worker 6 starting expansion for iteration 3.
[INFO]:[17:44:16] Starting CPLEX solver on instance: /home/yorig/tuner/mpils-tests/instances/miplib/medium-1/csched007.mps with config: /scratch/yorig/mpils-results-grid-ticks-10000-7may/medium-1/24proc-12pils/seed-9/3_csched007_seed-9_20260510_174311/expansion/config_param_CPXPARAM_Preprocessing_Symmetry_0_iter_3.prm
[INFO]:[17:44:22] CPLEX results. Gap: 21.390000, upper bound: 411.000000, lower bound: 323.082905
[INFO]:[17:44:22] CPLEX solver finished. Gap: 21.390000
[INFO]:[17:44:22] Expansion Worker 6 stopping early after global MPI expansion stop was activated.
[INFO]:[17:44:22] Expansion Worker 6 completed expansion.
[INFO]:[17:44:22] Worker 6 completed expansion phase.
[INFO]:[17:44:23] Worker 6 received order for step 1.
[INFO]:[17:44:23] Worker 6 running exploration phase for iteration 4.
[INFO]:[17:44:23] Worker 6 at iteration 4 will not use a MIP start file. Current best MIP-start upper bound threshold is 1.79769e+308.
[INFO]:[17:44:23] Starting local search phase...
[INFO]:[17:44:23] Worker (ils_group_rank=6) entering parallel ILS evaluation service.
[INFO]:[17:44:23] Starting CPLEX solver on instance: /home/yorig/tuner/mpils-tests/instances/miplib/medium-1/csched007.mps with config: /scratch/yorig/mpils-results-grid-ticks-10000-7may/medium-1/24proc-12pils/seed-9/3_csched007_seed-9_20260510_174311/iterated_local_search/run_4_worker_0/parallel_0_6.prm
[INFO]:[17:44:28] CPLEX results. Gap: 12.970000, upper bound: 367.000000, lower bound: 319.402544
[INFO]:[17:44:28] CPLEX solver finished. Gap: 12.970000
[INFO]:[17:44:30] Worker (ils_group_rank=6) exiting parallel ILS evaluation service.
[INFO]:[17:44:30] Worker 6 completed exploration phase.
[INFO]:[17:44:30] Worker 6 received order for step 2.
[INFO]:[17:44:30] Worker 6 running expansion phase for iteration 4.
[INFO]:[17:44:30] Worker 6 will use solver log file: /scratch/yorig/mpils-results-grid-ticks-10000-7may/medium-1/24proc-12pils/seed-9/3_csched007_seed-9_20260510_174311/solver/cplex.log_iteration_expansion_4_worker_6
[INFO]:[17:44:30] Expansion Worker 6 starting expansion for iteration 4.
[INFO]:[17:44:30] Starting CPLEX solver on instance: /home/yorig/tuner/mpils-tests/instances/miplib/medium-1/csched007.mps with config: /scratch/yorig/mpils-results-grid-ticks-10000-7may/medium-1/24proc-12pils/seed-9/3_csched007_seed-9_20260510_174311/expansion/config_param_CPXPARAM_Preprocessing_Symmetry_4_iter_4.prm
[INFO]:[17:44:36] CPLEX results. Gap: 12.800000, upper bound: 367.000000, lower bound: 320.032145
[INFO]:[17:44:36] CPLEX solver finished. Gap: 12.800000
[INFO]:[17:44:36] Starting CPLEX solver on instance: /home/yorig/tuner/mpils-tests/instances/miplib/medium-1/csched007.mps with config: /scratch/yorig/mpils-results-grid-ticks-10000-7may/medium-1/24proc-12pils/seed-9/3_csched007_seed-9_20260510_174311/expansion/config_param_CPXPARAM_Simplex_DGradient_3_iter_4.prm
[INFO]:[17:44:41] CPLEX results. Gap: 11.960000, upper bound: 363.000000, lower bound: 319.591069
[INFO]:[17:44:41] CPLEX solver finished. Gap: 11.960000
[INFO]:[17:44:41] Expansion Worker 6 found an improving configuration with objective value 11.96.
[INFO]:[17:44:43] Expansion Worker 6 stopping early after global MPI expansion stop was activated.
[INFO]:[17:44:43] Expansion Worker 6 completed expansion.
[INFO]:[17:44:43] Worker 6 completed expansion phase.
[INFO]:[17:44:43] Worker 6 received order for step 1.
[INFO]:[17:44:43] Worker 6 running exploration phase for iteration 5.
[INFO]:[17:44:43] Worker 6 at iteration 5 will not use a MIP start file. Current best MIP-start upper bound threshold is 1.79769e+308.
[INFO]:[17:44:43] Starting local search phase...
[INFO]:[17:44:43] Worker (ils_group_rank=6) entering parallel ILS evaluation service.
[INFO]:[17:44:43] Starting CPLEX solver on instance: /home/yorig/tuner/mpils-tests/instances/miplib/medium-1/csched007.mps with config: /scratch/yorig/mpils-results-grid-ticks-10000-7may/medium-1/24proc-12pils/seed-9/3_csched007_seed-9_20260510_174311/iterated_local_search/run_5_worker_0/parallel_0_6.prm
[INFO]:[17:44:51] CPLEX results. Gap: 26.950000, upper bound: 414.000000, lower bound: 302.436988
[INFO]:[17:44:51] CPLEX solver finished. Gap: 26.950000
[INFO]:[17:44:51] Starting CPLEX solver on instance: /home/yorig/tuner/mpils-tests/instances/miplib/medium-1/csched007.mps with config: /scratch/yorig/mpils-results-grid-ticks-10000-7may/medium-1/24proc-12pils/seed-9/3_csched007_seed-9_20260510_174311/iterated_local_search/run_5_worker_0/parallel_12_6.prm
[INFO]:[17:44:57] CPLEX results. Gap: 13.350000, upper bound: 359.000000, lower bound: 311.061563
[INFO]:[17:44:57] CPLEX solver finished. Gap: 13.350000
[INFO]:[17:44:57] Worker (ils_group_rank=6) exiting parallel ILS evaluation service.
[INFO]:[17:44:59] Worker 6 completed exploration phase.
[INFO]:[17:44:59] Worker 6 received order for step 2.
[INFO]:[17:44:59] Worker 6 running expansion phase for iteration 5.
[INFO]:[17:44:59] Worker 6 will use solver log file: /scratch/yorig/mpils-results-grid-ticks-10000-7may/medium-1/24proc-12pils/seed-9/3_csched007_seed-9_20260510_174311/solver/cplex.log_iteration_expansion_5_worker_6
[INFO]:[17:44:59] Expansion Worker 6 starting expansion for iteration 5.
[INFO]:[17:44:59] Starting CPLEX solver on instance: /home/yorig/tuner/mpils-tests/instances/miplib/medium-1/csched007.mps with config: /scratch/yorig/mpils-results-grid-ticks-10000-7may/medium-1/24proc-12pils/seed-9/3_csched007_seed-9_20260510_174311/expansion/config_param_CPXPARAM_Advance_2_iter_5.prm
[INFO]:[17:45:05] CPLEX results. Gap: 10.970000, upper bound: 358.000000, lower bound: 318.709987
[INFO]:[17:45:05] CPLEX solver finished. Gap: 10.970000
[INFO]:[17:45:05] Starting CPLEX solver on instance: /home/yorig/tuner/mpils-tests/instances/miplib/medium-1/csched007.mps with config: /scratch/yorig/mpils-results-grid-ticks-10000-7may/medium-1/24proc-12pils/seed-9/3_csched007_seed-9_20260510_174311/expansion/config_param_CPXPARAM_Simplex_Crash_-1_iter_5.prm
[INFO]:[17:45:11] CPLEX results. Gap: 10.970000, upper bound: 358.000000, lower bound: 318.709987
[INFO]:[17:45:11] CPLEX solver finished. Gap: 10.970000
[INFO]:[17:45:11] Expansion Worker 6 completed expansion.
[INFO]:[17:45:11] Worker 6 completed expansion phase.
[INFO]:[17:45:11] Worker 6 received order for step 1.
[INFO]:[17:45:11] Worker 6 running exploration phase for iteration 6.
[INFO]:[17:45:11] Worker 6 at iteration 6 will not use a MIP start file. Current best MIP-start upper bound threshold is 1.79769e+308.
[INFO]:[17:45:11] Starting local search phase...
[INFO]:[17:45:11] Worker (ils_group_rank=6) entering parallel ILS evaluation service.
[INFO]:[17:45:11] Starting CPLEX solver on instance: /home/yorig/tuner/mpils-tests/instances/miplib/medium-1/csched007.mps with config: /scratch/yorig/mpils-results-grid-ticks-10000-7may/medium-1/24proc-12pils/seed-9/3_csched007_seed-9_20260510_174311/iterated_local_search/run_6_worker_0/parallel_0_6.prm
[INFO]:[17:45:17] CPLEX results. Gap: 12.760000, upper bound: 365.000000, lower bound: 318.424633
[INFO]:[17:45:17] CPLEX solver finished. Gap: 12.760000
[INFO]:[17:45:17] Starting CPLEX solver on instance: /home/yorig/tuner/mpils-tests/instances/miplib/medium-1/csched007.mps with config: /scratch/yorig/mpils-results-grid-ticks-10000-7may/medium-1/24proc-12pils/seed-9/3_csched007_seed-9_20260510_174311/iterated_local_search/run_6_worker_0/parallel_12_6.prm
[INFO]:[17:45:23] CPLEX results. Gap: 10.970000, upper bound: 358.000000, lower bound: 318.709987
[INFO]:[17:45:23] CPLEX solver finished. Gap: 10.970000
[INFO]:[17:45:25] Starting CPLEX solver on instance: /home/yorig/tuner/mpils-tests/instances/miplib/medium-1/csched007.mps with config: /scratch/yorig/mpils-results-grid-ticks-10000-7may/medium-1/24proc-12pils/seed-9/3_csched007_seed-9_20260510_174311/iterated_local_search/run_6_worker_0/parallel_24_6.prm
[INFO]:[17:45:31] CPLEX results. Gap: 10.820000, upper bound: 358.000000, lower bound: 319.266861
[INFO]:[17:45:31] CPLEX solver finished. Gap: 10.820000
[INFO]:[17:45:31] Worker (ils_group_rank=6) exiting parallel ILS evaluation service.
[INFO]:[17:45:31] Worker 6 completed exploration phase.
[INFO]:[17:45:31] Worker 6 received order for step 2.
[INFO]:[17:45:31] Worker 6 running expansion phase for iteration 6.
[INFO]:[17:45:31] Worker 6 will use solver log file: /scratch/yorig/mpils-results-grid-ticks-10000-7may/medium-1/24proc-12pils/seed-9/3_csched007_seed-9_20260510_174311/solver/cplex.log_iteration_expansion_6_worker_6
[INFO]:[17:45:31] Expansion Worker 6 starting expansion for iteration 6.
[INFO]:[17:45:31] Starting CPLEX solver on instance: /home/yorig/tuner/mpils-tests/instances/miplib/medium-1/csched007.mps with config: /scratch/yorig/mpils-results-grid-ticks-10000-7may/medium-1/24proc-12pils/seed-9/3_csched007_seed-9_20260510_174311/expansion/config_param_CPXPARAM_Feasopt_Mode_3_iter_6.prm
[INFO]:[17:45:37] CPLEX results. Gap: 10.820000, upper bound: 358.000000, lower bound: 319.266861
[INFO]:[17:45:37] CPLEX solver finished. Gap: 10.820000
[INFO]:[17:45:37] Expansion Worker 6 stopping early after global MPI expansion stop was activated.
[INFO]:[17:45:37] Expansion Worker 6 completed expansion.
[INFO]:[17:45:37] Worker 6 completed expansion phase.
[INFO]:[17:45:38] Worker 6 received order for step 1.
[INFO]:[17:45:38] Worker 6 running exploration phase for iteration 7.
[INFO]:[17:45:38] Worker 6 at iteration 7 will not use a MIP start file. Current best MIP-start upper bound threshold is 1.79769e+308.
[INFO]:[17:45:38] Starting local search phase...
[INFO]:[17:45:38] Worker (ils_group_rank=6) entering parallel ILS evaluation service.
[INFO]:[17:45:38] Starting CPLEX solver on instance: /home/yorig/tuner/mpils-tests/instances/miplib/medium-1/csched007.mps with config: /scratch/yorig/mpils-results-grid-ticks-10000-7may/medium-1/24proc-12pils/seed-9/3_csched007_seed-9_20260510_174311/iterated_local_search/run_7_worker_0/parallel_0_6.prm
[INFO]:[17:45:44] CPLEX results. Gap: 10.820000, upper bound: 358.000000, lower bound: 319.266861
[INFO]:[17:45:44] CPLEX solver finished. Gap: 10.820000
[INFO]:[17:45:44] Starting CPLEX solver on instance: /home/yorig/tuner/mpils-tests/instances/miplib/medium-1/csched007.mps with config: /scratch/yorig/mpils-results-grid-ticks-10000-7may/medium-1/24proc-12pils/seed-9/3_csched007_seed-9_20260510_174311/iterated_local_search/run_7_worker_0/parallel_12_6.prm
[INFO]:[17:45:50] CPLEX results. Gap: 25.020000, upper bound: 420.000000, lower bound: 314.907654
[INFO]:[17:45:50] CPLEX solver finished. Gap: 25.020000
[INFO]:[17:45:50] Starting CPLEX solver on instance: /home/yorig/tuner/mpils-tests/instances/miplib/medium-1/csched007.mps with config: /scratch/yorig/mpils-results-grid-ticks-10000-7may/medium-1/24proc-12pils/seed-9/3_csched007_seed-9_20260510_174311/iterated_local_search/run_7_worker_0/parallel_24_6.prm
[INFO]:[17:45:57] CPLEX results. Gap: 10.740000, upper bound: 358.000000, lower bound: 319.565847
[INFO]:[17:45:57] CPLEX solver finished. Gap: 10.740000
[INFO]:[17:45:57] Worker (ils_group_rank=6) exiting parallel ILS evaluation service.
[INFO]:[17:45:57] Worker 6 completed exploration phase.
[INFO]:[17:45:57] Worker 6 received order for step 2.
[INFO]:[17:45:57] Worker 6 running expansion phase for iteration 7.
[INFO]:[17:45:57] Worker 6 will use solver log file: /scratch/yorig/mpils-results-grid-ticks-10000-7may/medium-1/24proc-12pils/seed-9/3_csched007_seed-9_20260510_174311/solver/cplex.log_iteration_expansion_7_worker_6
[INFO]:[17:45:57] Expansion Worker 6 starting expansion for iteration 7.
[INFO]:[17:45:57] Starting CPLEX solver on instance: /home/yorig/tuner/mpils-tests/instances/miplib/medium-1/csched007.mps with config: /scratch/yorig/mpils-results-grid-ticks-10000-7may/medium-1/24proc-12pils/seed-9/3_csched007_seed-9_20260510_174311/expansion/config_param_CPXPARAM_Preprocessing_RepeatPresolve_1_iter_7.prm
[INFO]:[17:46:03] CPLEX results. Gap: 9.360000, upper bound: 357.000000, lower bound: 323.586204
[INFO]:[17:46:03] CPLEX solver finished. Gap: 9.360000
[INFO]:[17:46:03] Expansion Worker 6 found an improving configuration with objective value 9.36.
[INFO]:[17:46:03] Expansion Worker 6 stopping early after global MPI expansion stop was activated.
[INFO]:[17:46:03] Expansion Worker 6 completed expansion.
[INFO]:[17:46:03] Worker 6 completed expansion phase.
[INFO]:[17:46:04] Worker 6 received order for step 1.
[INFO]:[17:46:04] Worker 6 running exploration phase for iteration 8.
[INFO]:[17:46:04] Worker 6 at iteration 8 will not use a MIP start file. Current best MIP-start upper bound threshold is 1.79769e+308.
[INFO]:[17:46:04] Starting local search phase...
[INFO]:[17:46:04] Worker (ils_group_rank=6) entering parallel ILS evaluation service.
[INFO]:[17:46:04] Starting CPLEX solver on instance: /home/yorig/tuner/mpils-tests/instances/miplib/medium-1/csched007.mps with config: /scratch/yorig/mpils-results-grid-ticks-10000-7may/medium-1/24proc-12pils/seed-9/3_csched007_seed-9_20260510_174311/iterated_local_search/run_8_worker_0/parallel_0_6.prm
[INFO]:[17:46:10] CPLEX results. Gap: 10.740000, upper bound: 358.000000, lower bound: 319.565847
[INFO]:[17:46:10] CPLEX solver finished. Gap: 10.740000
[INFO]:[17:46:10] Starting CPLEX solver on instance: /home/yorig/tuner/mpils-tests/instances/miplib/medium-1/csched007.mps with config: /scratch/yorig/mpils-results-grid-ticks-10000-7may/medium-1/24proc-12pils/seed-9/3_csched007_seed-9_20260510_174311/iterated_local_search/run_8_worker_0/parallel_12_6.prm
[INFO]:[17:46:16] CPLEX results. Gap: 12.950000, upper bound: 359.000000, lower bound: 312.521931
[INFO]:[17:46:16] CPLEX solver finished. Gap: 12.950000
[INFO]:[17:46:16] Starting CPLEX solver on instance: /home/yorig/tuner/mpils-tests/instances/miplib/medium-1/csched007.mps with config: /scratch/yorig/mpils-results-grid-ticks-10000-7may/medium-1/24proc-12pils/seed-9/3_csched007_seed-9_20260510_174311/iterated_local_search/run_8_worker_0/parallel_24_6.prm
[INFO]:[17:46:23] CPLEX results. Gap: 10.740000, upper bound: 364.000000, lower bound: 324.904623
[INFO]:[17:46:23] CPLEX solver finished. Gap: 10.740000
[INFO]:[17:46:23] Worker (ils_group_rank=6) exiting parallel ILS evaluation service.
[INFO]:[17:46:23] Worker 6 completed exploration phase.
[INFO]:[17:46:23] Worker 6 received order for step 2.
[INFO]:[17:46:23] Worker 6 running expansion phase for iteration 8.
[INFO]:[17:46:23] Worker 6 will use solver log file: /scratch/yorig/mpils-results-grid-ticks-10000-7may/medium-1/24proc-12pils/seed-9/3_csched007_seed-9_20260510_174311/solver/cplex.log_iteration_expansion_8_worker_6
[INFO]:[17:46:23] Expansion Worker 6 starting expansion for iteration 8.
[INFO]:[17:46:23] Starting CPLEX solver on instance: /home/yorig/tuner/mpils-tests/instances/miplib/medium-1/csched007.mps with config: /scratch/yorig/mpils-results-grid-ticks-10000-7may/medium-1/24proc-12pils/seed-9/3_csched007_seed-9_20260510_174311/expansion/config_param_CPXPARAM_Read_Scale_-1_iter_8.prm
[WARN]:[17:46:29] CPLEX finished without a primal feasible solution for config /scratch/yorig/mpils-results-grid-ticks-10000-7may/medium-1/24proc-12pils/seed-9/3_csched007_seed-9_20260510_174311/expansion/config_param_CPXPARAM_Read_Scale_-1_iter_8.prm.
[INFO]:[17:46:29] CPLEX results. Gap: unavailable, upper bound: null, lower bound: 308.844415
[INFO]:[17:46:29] CPLEX solver finished. Gap: 179769313486231570814527423731704356798070567525844996598917476803157260780028538760589558632766878171540458953514382464234321326889464182768467546703537516986049910576551282076245490090389328944075868508455133942304583236903222948165808559332123348274797826204144723168738177180919299881250404026184124858368.000000
[INFO]:[17:46:35] Expansion Worker 6 completed expansion.
[INFO]:[17:46:35] Worker 6 completed expansion phase.
[INFO]:[17:46:36] Worker 6 received order for step 1.
[INFO]:[17:46:36] Worker 6 running exploration phase for iteration 9.
[INFO]:[17:46:36] Worker 6 at iteration 9 will not use a MIP start file. Current best MIP-start upper bound threshold is 1.79769e+308.
[INFO]:[17:46:36] Starting local search phase...
[INFO]:[17:46:36] Worker (ils_group_rank=6) entering parallel ILS evaluation service.
[INFO]:[17:46:36] Starting CPLEX solver on instance: /home/yorig/tuner/mpils-tests/instances/miplib/medium-1/csched007.mps with config: /scratch/yorig/mpils-results-grid-ticks-10000-7may/medium-1/24proc-12pils/seed-9/3_csched007_seed-9_20260510_174311/iterated_local_search/run_9_worker_0/parallel_0_6.prm
[INFO]:[17:46:43] CPLEX results. Gap: 10.710000, upper bound: 364.000000, lower bound: 325.012514
[INFO]:[17:46:43] CPLEX solver finished. Gap: 10.710000
[INFO]:[17:46:43] Starting CPLEX solver on instance: /home/yorig/tuner/mpils-tests/instances/miplib/medium-1/csched007.mps with config: /scratch/yorig/mpils-results-grid-ticks-10000-7may/medium-1/24proc-12pils/seed-9/3_csched007_seed-9_20260510_174311/iterated_local_search/run_9_worker_0/parallel_12_6.prm
[INFO]:[17:46:49] CPLEX results. Gap: 35.500000, upper bound: 495.000000, lower bound: 319.281337
[INFO]:[17:46:49] CPLEX solver finished. Gap: 35.500000
[INFO]:[17:46:49] Starting CPLEX solver on instance: /home/yorig/tuner/mpils-tests/instances/miplib/medium-1/csched007.mps with config: /scratch/yorig/mpils-results-grid-ticks-10000-7may/medium-1/24proc-12pils/seed-9/3_csched007_seed-9_20260510_174311/iterated_local_search/run_9_worker_0/parallel_24_6.prm
[INFO]:[17:46:55] CPLEX results. Gap: 9.970000, upper bound: 360.000000, lower bound: 324.122186
[INFO]:[17:46:55] CPLEX solver finished. Gap: 9.970000
[INFO]:[17:46:55] Worker (ils_group_rank=6) exiting parallel ILS evaluation service.
[INFO]:[17:46:57] Worker 6 completed exploration phase.
[INFO]:[17:46:57] Worker 6 received order for step 3.
[INFO]:[17:46:57] Worker 6 finished.
