[INFO]:[04:28:09] Worker 8 starting.
[INFO]:[04:28:09] Worker 8 received order for step 1.
[INFO]:[04:28:09] Worker 8 running exploration phase for iteration 1.
[INFO]:[04:28:09] Worker 8 at iteration 1 will not use a MIP start file. Current best MIP-start upper bound threshold is 1.79769e+308.
[INFO]:[04:28:09] Starting local search phase...
[INFO]:[04:28:09] Worker (ils_group_rank=8) entering parallel ILS evaluation service.
[INFO]:[04:28:09] Starting CPLEX solver on instance: /home/yorig/tuner/mpils-tests/instances/miplib/medium-1/momentum1.mps with config: /scratch/yorig/mpils-results-grid-ticks-10000-7may/medium-1/24proc-12pils/seed-1/6_momentum1_seed-1_20260510_042808/iterated_local_search/run_1_worker_0/parallel_0_8.prm
[INFO]:[04:28:15] CPLEX results. Gap: 68.750000, upper bound: 308157.393884, lower bound: 96292.894612
[INFO]:[04:28:15] CPLEX solver finished. Gap: 68.750000
[INFO]:[04:28:16] Starting CPLEX solver on instance: /home/yorig/tuner/mpils-tests/instances/miplib/medium-1/momentum1.mps with config: /scratch/yorig/mpils-results-grid-ticks-10000-7may/medium-1/24proc-12pils/seed-1/6_momentum1_seed-1_20260510_042808/iterated_local_search/run_1_worker_0/parallel_12_8.prm
[INFO]:[04:28:22] CPLEX results. Gap: 68.750000, upper bound: 308134.196743, lower bound: 96283.934980
[INFO]:[04:28:22] CPLEX solver finished. Gap: 68.750000
[INFO]:[04:28:22] Worker (ils_group_rank=8) exiting parallel ILS evaluation service.
[INFO]:[04:28:24] Worker 8 completed exploration phase.
[INFO]:[04:28:24] Worker 8 received order for step 2.
[INFO]:[04:28:24] Worker 8 running expansion phase for iteration 1.
[INFO]:[04:28:24] Worker 8 will use solver log file: /scratch/yorig/mpils-results-grid-ticks-10000-7may/medium-1/24proc-12pils/seed-1/6_momentum1_seed-1_20260510_042808/solver/cplex.log_iteration_expansion_1_worker_8
[INFO]:[04:28:24] Expansion Worker 8 starting expansion for iteration 1.
[INFO]:[04:28:24] Starting CPLEX solver on instance: /home/yorig/tuner/mpils-tests/instances/miplib/medium-1/momentum1.mps with config: /scratch/yorig/mpils-results-grid-ticks-10000-7may/medium-1/24proc-12pils/seed-1/6_momentum1_seed-1_20260510_042808/expansion/config_param_CPXPARAM_MIP_Strategy_VariableSelect_-1_iter_1.prm
[INFO]:[04:28:30] CPLEX results. Gap: 34.800000, upper bound: 147658.155150, lower bound: 96274.627341
[INFO]:[04:28:30] CPLEX solver finished. Gap: 34.800000
[INFO]:[04:28:31] Starting CPLEX solver on instance: /home/yorig/tuner/mpils-tests/instances/miplib/medium-1/momentum1.mps with config: /scratch/yorig/mpils-results-grid-ticks-10000-7may/medium-1/24proc-12pils/seed-1/6_momentum1_seed-1_20260510_042808/expansion/config_param_CPXPARAM_MIP_Strategy_RINSHeur_20_iter_1.prm
[INFO]:[04:28:37] CPLEX results. Gap: 16.700000, upper bound: 115582.548618, lower bound: 96274.627341
[INFO]:[04:28:37] CPLEX solver finished. Gap: 16.700000
[INFO]:[04:28:44] Expansion Worker 8 stopping early after global MPI expansion stop was activated.
[INFO]:[04:28:44] Expansion Worker 8 completed expansion.
[INFO]:[04:28:44] Worker 8 completed expansion phase.
[INFO]:[04:28:44] Worker 8 received order for step 1.
[INFO]:[04:28:44] Worker 8 running exploration phase for iteration 2.
[INFO]:[04:28:44] Worker 8 at iteration 2 will not use a MIP start file. Current best MIP-start upper bound threshold is 1.79769e+308.
[INFO]:[04:28:44] Starting local search phase...
[INFO]:[04:28:44] Worker (ils_group_rank=8) entering parallel ILS evaluation service.
[INFO]:[04:28:44] Starting CPLEX solver on instance: /home/yorig/tuner/mpils-tests/instances/miplib/medium-1/momentum1.mps with config: /scratch/yorig/mpils-results-grid-ticks-10000-7may/medium-1/24proc-12pils/seed-1/6_momentum1_seed-1_20260510_042808/iterated_local_search/run_2_worker_0/parallel_0_8.prm
[INFO]:[04:28:50] CPLEX results. Gap: 37.530000, upper bound: 154114.694906, lower bound: 96279.863191
[INFO]:[04:28:50] CPLEX solver finished. Gap: 37.530000
[INFO]:[04:28:50] Worker (ils_group_rank=8) exiting parallel ILS evaluation service.
[INFO]:[04:28:51] Worker 8 completed exploration phase.
[INFO]:[04:28:51] Worker 8 received order for step 2.
[INFO]:[04:28:51] Worker 8 running expansion phase for iteration 2.
[INFO]:[04:28:51] Worker 8 will use solver log file: /scratch/yorig/mpils-results-grid-ticks-10000-7may/medium-1/24proc-12pils/seed-1/6_momentum1_seed-1_20260510_042808/solver/cplex.log_iteration_expansion_2_worker_8
[INFO]:[04:28:51] Expansion Worker 8 starting expansion for iteration 2.
[INFO]:[04:28:51] Starting CPLEX solver on instance: /home/yorig/tuner/mpils-tests/instances/miplib/medium-1/momentum1.mps with config: /scratch/yorig/mpils-results-grid-ticks-10000-7may/medium-1/24proc-12pils/seed-1/6_momentum1_seed-1_20260510_042808/expansion/config_param_CPXPARAM_MIP_Strategy_PresolveNode_3_iter_2.prm
[INFO]:[04:28:57] CPLEX results. Gap: 11.810000, upper bound: 109169.494155, lower bound: 96276.599290
[INFO]:[04:28:57] CPLEX solver finished. Gap: 11.810000
[INFO]:[04:29:01] Starting CPLEX solver on instance: /home/yorig/tuner/mpils-tests/instances/miplib/medium-1/momentum1.mps with config: /scratch/yorig/mpils-results-grid-ticks-10000-7may/medium-1/24proc-12pils/seed-1/6_momentum1_seed-1_20260510_042808/expansion/config_param_CPXPARAM_MIP_Strategy_SubAlgorithm_1_iter_2.prm
[INFO]:[04:29:07] CPLEX results. Gap: 70.010000, upper bound: 320980.100146, lower bound: 96274.637478
[INFO]:[04:29:07] CPLEX solver finished. Gap: 70.010000
[INFO]:[04:29:09] Expansion Worker 8 completed expansion.
[INFO]:[04:29:09] Worker 8 completed expansion phase.
[INFO]:[04:29:09] Worker 8 received order for step 1.
[INFO]:[04:29:09] Worker 8 running exploration phase for iteration 3.
[INFO]:[04:29:09] Worker 8 at iteration 3 will not use a MIP start file. Current best MIP-start upper bound threshold is 1.79769e+308.
[INFO]:[04:29:09] Starting local search phase...
[INFO]:[04:29:09] Worker (ils_group_rank=8) entering parallel ILS evaluation service.
[INFO]:[04:29:09] Starting CPLEX solver on instance: /home/yorig/tuner/mpils-tests/instances/miplib/medium-1/momentum1.mps with config: /scratch/yorig/mpils-results-grid-ticks-10000-7may/medium-1/24proc-12pils/seed-1/6_momentum1_seed-1_20260510_042808/iterated_local_search/run_3_worker_0/parallel_0_8.prm
[INFO]:[04:29:15] CPLEX results. Gap: 31.870000, upper bound: 141325.459249, lower bound: 96290.881465
[INFO]:[04:29:15] CPLEX solver finished. Gap: 31.870000
[INFO]:[04:29:15] Worker (ils_group_rank=8) exiting parallel ILS evaluation service.
[INFO]:[04:29:16] Worker 8 completed exploration phase.
[INFO]:[04:29:16] Worker 8 received order for step 2.
[INFO]:[04:29:16] Worker 8 running expansion phase for iteration 3.
[INFO]:[04:29:16] Worker 8 will use solver log file: /scratch/yorig/mpils-results-grid-ticks-10000-7may/medium-1/24proc-12pils/seed-1/6_momentum1_seed-1_20260510_042808/solver/cplex.log_iteration_expansion_3_worker_8
[INFO]:[04:29:16] Expansion Worker 8 starting expansion for iteration 3.
[INFO]:[04:29:16] Starting CPLEX solver on instance: /home/yorig/tuner/mpils-tests/instances/miplib/medium-1/momentum1.mps with config: /scratch/yorig/mpils-results-grid-ticks-10000-7may/medium-1/24proc-12pils/seed-1/6_momentum1_seed-1_20260510_042808/expansion/config_param_CPXPARAM_Simplex_PGradient_3_iter_3.prm
[INFO]:[04:29:22] CPLEX results. Gap: 11.800000, upper bound: 109169.494156, lower bound: 96292.354567
[INFO]:[04:29:22] CPLEX solver finished. Gap: 11.800000
[INFO]:[04:29:23] Starting CPLEX solver on instance: /home/yorig/tuner/mpils-tests/instances/miplib/medium-1/momentum1.mps with config: /scratch/yorig/mpils-results-grid-ticks-10000-7may/medium-1/24proc-12pils/seed-1/6_momentum1_seed-1_20260510_042808/expansion/config_param_CPXPARAM_Preprocessing_CoeffReduce_1_iter_3.prm
[INFO]:[04:29:29] CPLEX results. Gap: 40.020000, upper bound: 160528.943865, lower bound: 96284.653936
[INFO]:[04:29:29] CPLEX solver finished. Gap: 40.020000
[INFO]:[04:29:29] Expansion Worker 8 completed expansion.
[INFO]:[04:29:29] Worker 8 completed expansion phase.
[INFO]:[04:29:29] Worker 8 received order for step 1.
[INFO]:[04:29:29] Worker 8 running exploration phase for iteration 4.
[INFO]:[04:29:29] Worker 8 at iteration 4 will not use a MIP start file. Current best MIP-start upper bound threshold is 1.79769e+308.
[INFO]:[04:29:29] Starting local search phase...
[INFO]:[04:29:29] Worker (ils_group_rank=8) entering parallel ILS evaluation service.
[INFO]:[04:29:29] Starting CPLEX solver on instance: /home/yorig/tuner/mpils-tests/instances/miplib/medium-1/momentum1.mps with config: /scratch/yorig/mpils-results-grid-ticks-10000-7may/medium-1/24proc-12pils/seed-1/6_momentum1_seed-1_20260510_042808/iterated_local_search/run_4_worker_0/parallel_0_8.prm
[INFO]:[04:29:36] CPLEX results. Gap: 68.760000, upper bound: 308145.038567, lower bound: 96266.034708
[INFO]:[04:29:36] CPLEX solver finished. Gap: 68.760000
[INFO]:[04:29:36] Worker (ils_group_rank=8) exiting parallel ILS evaluation service.
[INFO]:[04:29:36] Worker 8 completed exploration phase.
[INFO]:[04:29:36] Worker 8 received order for step 2.
[INFO]:[04:29:36] Worker 8 running expansion phase for iteration 4.
[INFO]:[04:29:36] Worker 8 will use solver log file: /scratch/yorig/mpils-results-grid-ticks-10000-7may/medium-1/24proc-12pils/seed-1/6_momentum1_seed-1_20260510_042808/solver/cplex.log_iteration_expansion_4_worker_8
[INFO]:[04:29:36] Expansion Worker 8 starting expansion for iteration 4.
[INFO]:[04:29:36] Starting CPLEX solver on instance: /home/yorig/tuner/mpils-tests/instances/miplib/medium-1/momentum1.mps with config: /scratch/yorig/mpils-results-grid-ticks-10000-7may/medium-1/24proc-12pils/seed-1/6_momentum1_seed-1_20260510_042808/expansion/config_param_CPXPARAM_Feasopt_Mode_3_iter_4.prm
[INFO]:[04:29:43] CPLEX results. Gap: 11.800000, upper bound: 109169.494156, lower bound: 96292.354567
[INFO]:[04:29:43] CPLEX solver finished. Gap: 11.800000
[INFO]:[04:29:53] Expansion Worker 8 completed expansion.
[INFO]:[04:29:53] Worker 8 completed expansion phase.
[INFO]:[04:29:53] Worker 8 received order for step 1.
[INFO]:[04:29:53] Worker 8 running exploration phase for iteration 5.
[INFO]:[04:29:53] Worker 8 at iteration 5 will not use a MIP start file. Current best MIP-start upper bound threshold is 1.79769e+308.
[INFO]:[04:29:53] Starting local search phase...
[INFO]:[04:29:53] Worker (ils_group_rank=8) entering parallel ILS evaluation service.
[INFO]:[04:29:53] Starting CPLEX solver on instance: /home/yorig/tuner/mpils-tests/instances/miplib/medium-1/momentum1.mps with config: /scratch/yorig/mpils-results-grid-ticks-10000-7may/medium-1/24proc-12pils/seed-1/6_momentum1_seed-1_20260510_042808/iterated_local_search/run_5_worker_0/parallel_0_8.prm
[INFO]:[04:29:59] CPLEX results. Gap: 68.750000, upper bound: 308134.196743, lower bound: 96297.454122
[INFO]:[04:29:59] CPLEX solver finished. Gap: 68.750000
[INFO]:[04:29:59] Starting CPLEX solver on instance: /home/yorig/tuner/mpils-tests/instances/miplib/medium-1/momentum1.mps with config: /scratch/yorig/mpils-results-grid-ticks-10000-7may/medium-1/24proc-12pils/seed-1/6_momentum1_seed-1_20260510_042808/iterated_local_search/run_5_worker_0/parallel_12_8.prm
[INFO]:[04:30:06] CPLEX results. Gap: 68.100000, upper bound: 301704.073609, lower bound: 96255.618024
[INFO]:[04:30:06] CPLEX solver finished. Gap: 68.100000
[INFO]:[04:30:08] Worker (ils_group_rank=8) exiting parallel ILS evaluation service.
[INFO]:[04:30:09] Worker 8 completed exploration phase.
[INFO]:[04:30:09] Worker 8 received order for step 2.
[INFO]:[04:30:09] Worker 8 running expansion phase for iteration 5.
[INFO]:[04:30:09] Worker 8 will use solver log file: /scratch/yorig/mpils-results-grid-ticks-10000-7may/medium-1/24proc-12pils/seed-1/6_momentum1_seed-1_20260510_042808/solver/cplex.log_iteration_expansion_5_worker_8
[INFO]:[04:30:09] Expansion Worker 8 starting expansion for iteration 5.
[INFO]:[04:30:09] Starting CPLEX solver on instance: /home/yorig/tuner/mpils-tests/instances/miplib/medium-1/momentum1.mps with config: /scratch/yorig/mpils-results-grid-ticks-10000-7may/medium-1/24proc-12pils/seed-1/6_momentum1_seed-1_20260510_042808/expansion/config_param_CPXPARAM_LPMethod_3_iter_5.prm
[INFO]:[04:30:15] CPLEX results. Gap: 11.800000, upper bound: 109169.494156, lower bound: 96292.354567
[INFO]:[04:30:15] CPLEX solver finished. Gap: 11.800000
[INFO]:[04:30:23] Expansion Worker 8 completed expansion.
[INFO]:[04:30:23] Worker 8 completed expansion phase.
[INFO]:[04:30:23] Worker 8 received order for step 1.
[INFO]:[04:30:23] Worker 8 running exploration phase for iteration 6.
[INFO]:[04:30:23] Worker 8 at iteration 6 will not use a MIP start file. Current best MIP-start upper bound threshold is 1.79769e+308.
[INFO]:[04:30:23] Starting local search phase...
[INFO]:[04:30:23] Worker (ils_group_rank=8) entering parallel ILS evaluation service.
[INFO]:[04:30:23] Starting CPLEX solver on instance: /home/yorig/tuner/mpils-tests/instances/miplib/medium-1/momentum1.mps with config: /scratch/yorig/mpils-results-grid-ticks-10000-7may/medium-1/24proc-12pils/seed-1/6_momentum1_seed-1_20260510_042808/iterated_local_search/run_6_worker_0/parallel_0_8.prm
[INFO]:[04:30:29] CPLEX results. Gap: 70.590000, upper bound: 327391.854041, lower bound: 96295.271411
[INFO]:[04:30:29] CPLEX solver finished. Gap: 70.590000
[INFO]:[04:30:30] Starting CPLEX solver on instance: /home/yorig/tuner/mpils-tests/instances/miplib/medium-1/momentum1.mps with config: /scratch/yorig/mpils-results-grid-ticks-10000-7may/medium-1/24proc-12pils/seed-1/6_momentum1_seed-1_20260510_042808/iterated_local_search/run_6_worker_0/parallel_12_8.prm
[INFO]:[04:30:36] CPLEX results. Gap: 68.750000, upper bound: 308134.196743, lower bound: 96283.934980
[INFO]:[04:30:36] CPLEX solver finished. Gap: 68.750000
[INFO]:[04:30:38] Worker (ils_group_rank=8) exiting parallel ILS evaluation service.
[INFO]:[04:30:40] Worker 8 completed exploration phase.
[INFO]:[04:30:40] Worker 8 received order for step 3.
[INFO]:[04:30:40] Worker 8 finished.
