[INFO]:[17:10:10] Worker 7 starting.
[INFO]:[17:10:10] Worker 7 received order for step 1.
[INFO]:[17:10:10] Worker 7 running exploration phase for iteration 1.
[INFO]:[17:10:10] Worker 7 at iteration 1 will not use a MIP start file. Current best MIP-start upper bound threshold is 1.79769e+308.
[INFO]:[17:10:10] Starting local search phase...
[INFO]:[17:10:10] Creating local search space from parameter space file: /scratch/yorig/mpils-results-grid-seconds-5-4may/easy/24proc/seed-3/8_rocI-4-11_seed-3_20260504_171009/iterated_local_search/search_space/search_space_file_1_worker_7.txt
[INFO]:[17:10:10] Local search space loaded from file: /scratch/yorig/mpils-results-grid-seconds-5-4may/easy/24proc/seed-3/8_rocI-4-11_seed-3_20260504_171009/iterated_local_search/search_space/search_space_file_1_worker_7.txt
[INFO]:[17:10:10] Number of parameters in local search space: 71
[INFO]:[17:10:10] Number of forbidden tuples in local search space: 0
[INFO]:[17:10:10] Number of conditionals in local search space: 6
[INFO]:[17:10:10] MIP start option not enabled. Local search will proceed without MIP start.
[INFO]:[17:10:10] Evaluating initial configuration for local search phase...
[INFO]:[17:10:10] Starting CPLEX solver on instance: /home/yorig/tuner/mpils-tests/instances/miplib/easy/rocI-4-11.mps with config: /scratch/yorig/mpils-results-grid-seconds-5-4may/easy/24proc/seed-3/8_rocI-4-11_seed-3_20260504_171009/iterated_local_search/run_1_worker_7/ils_config_17459231772484832906.prm
[INFO]:[17:10:10] Starting CPLEX solver on instance: /home/yorig/tuner/mpils-tests/instances/miplib/easy/rocI-4-11.mps with config: /scratch/yorig/mpils-results-grid-seconds-5-4may/easy/24proc/seed-3/8_rocI-4-11_seed-3_20260504_171009/iterated_local_search/run_1_worker_7/ils_config_17459231772484832906.prm
[INFO]:[17:10:15] CPLEX results. Gap: 124.500000, upper bound: -4040303.000000, lower bound: -9070403.000000
[INFO]:[17:10:15] CPLEX solver finished. Gap: 124.500000
[INFO]:[17:10:15] Initial configuration evaluated with objective value: 124.5
[INFO]:[17:10:15] Starting CPLEX solver on instance: /home/yorig/tuner/mpils-tests/instances/miplib/easy/rocI-4-11.mps with config: /scratch/yorig/mpils-results-grid-seconds-5-4may/easy/24proc/seed-3/8_rocI-4-11_seed-3_20260504_171009/iterated_local_search/run_1_worker_7/ils_config_3270808954000123780.prm
[INFO]:[17:10:15] Starting CPLEX solver on instance: /home/yorig/tuner/mpils-tests/instances/miplib/easy/rocI-4-11.mps with config: /scratch/yorig/mpils-results-grid-seconds-5-4may/easy/24proc/seed-3/8_rocI-4-11_seed-3_20260504_171009/iterated_local_search/run_1_worker_7/ils_config_3270808954000123780.prm
[INFO]:[17:10:20] CPLEX results. Gap: 124.500000, upper bound: -4040303.000000, lower bound: -9070403.000000
[INFO]:[17:10:20] CPLEX solver finished. Gap: 124.500000
[INFO]:[17:10:20] Starting CPLEX solver on instance: /home/yorig/tuner/mpils-tests/instances/miplib/easy/rocI-4-11.mps with config: /scratch/yorig/mpils-results-grid-seconds-5-4may/easy/24proc/seed-3/8_rocI-4-11_seed-3_20260504_171009/iterated_local_search/run_1_worker_7/ils_config_6281434940985222665.prm
[INFO]:[17:10:20] Starting CPLEX solver on instance: /home/yorig/tuner/mpils-tests/instances/miplib/easy/rocI-4-11.mps with config: /scratch/yorig/mpils-results-grid-seconds-5-4may/easy/24proc/seed-3/8_rocI-4-11_seed-3_20260504_171009/iterated_local_search/run_1_worker_7/ils_config_6281434940985222665.prm
[INFO]:[17:10:25] CPLEX results. Gap: 124.500000, upper bound: -4040303.000000, lower bound: -9070403.000000
[INFO]:[17:10:25] CPLEX solver finished. Gap: 124.500000
[INFO]:[17:10:26] Starting CPLEX solver on instance: /home/yorig/tuner/mpils-tests/instances/miplib/easy/rocI-4-11.mps with config: /scratch/yorig/mpils-results-grid-seconds-5-4may/easy/24proc/seed-3/8_rocI-4-11_seed-3_20260504_171009/iterated_local_search/run_1_worker_7/ils_config_15086307549765646742.prm
[INFO]:[17:10:26] Starting CPLEX solver on instance: /home/yorig/tuner/mpils-tests/instances/miplib/easy/rocI-4-11.mps with config: /scratch/yorig/mpils-results-grid-seconds-5-4may/easy/24proc/seed-3/8_rocI-4-11_seed-3_20260504_171009/iterated_local_search/run_1_worker_7/ils_config_15086307549765646742.prm
[INFO]:[17:10:31] CPLEX results. Gap: 79.600000, upper bound: -5050303.000000, lower bound: -9070403.000000
[INFO]:[17:10:31] CPLEX solver finished. Gap: 79.600000
[INFO]:[17:10:31] New incumbent found with objective value: 79.6
[INFO]:[17:10:31] Starting CPLEX solver on instance: /home/yorig/tuner/mpils-tests/instances/miplib/easy/rocI-4-11.mps with config: /scratch/yorig/mpils-results-grid-seconds-5-4may/easy/24proc/seed-3/8_rocI-4-11_seed-3_20260504_171009/iterated_local_search/run_1_worker_7/ils_config_12267356138023357616.prm
[INFO]:[17:10:31] Starting CPLEX solver on instance: /home/yorig/tuner/mpils-tests/instances/miplib/easy/rocI-4-11.mps with config: /scratch/yorig/mpils-results-grid-seconds-5-4may/easy/24proc/seed-3/8_rocI-4-11_seed-3_20260504_171009/iterated_local_search/run_1_worker_7/ils_config_12267356138023357616.prm
[INFO]:[17:10:36] CPLEX results. Gap: 80.670000, upper bound: -5020303.000000, lower bound: -9070403.000000
[INFO]:[17:10:36] CPLEX solver finished. Gap: 80.670000
[INFO]:[17:10:36] Starting CPLEX solver on instance: /home/yorig/tuner/mpils-tests/instances/miplib/easy/rocI-4-11.mps with config: /scratch/yorig/mpils-results-grid-seconds-5-4may/easy/24proc/seed-3/8_rocI-4-11_seed-3_20260504_171009/iterated_local_search/run_1_worker_7/ils_config_2292292547077437060.prm
[INFO]:[17:10:36] Starting CPLEX solver on instance: /home/yorig/tuner/mpils-tests/instances/miplib/easy/rocI-4-11.mps with config: /scratch/yorig/mpils-results-grid-seconds-5-4may/easy/24proc/seed-3/8_rocI-4-11_seed-3_20260504_171009/iterated_local_search/run_1_worker_7/ils_config_2292292547077437060.prm
[INFO]:[17:10:41] CPLEX results. Gap: 124.500000, upper bound: -4040303.000000, lower bound: -9070403.000000
[INFO]:[17:10:41] CPLEX solver finished. Gap: 124.500000
[INFO]:[17:10:41] Starting CPLEX solver on instance: /home/yorig/tuner/mpils-tests/instances/miplib/easy/rocI-4-11.mps with config: /scratch/yorig/mpils-results-grid-seconds-5-4may/easy/24proc/seed-3/8_rocI-4-11_seed-3_20260504_171009/iterated_local_search/run_1_worker_7/ils_config_14032669459409445124.prm
[INFO]:[17:10:41] Starting CPLEX solver on instance: /home/yorig/tuner/mpils-tests/instances/miplib/easy/rocI-4-11.mps with config: /scratch/yorig/mpils-results-grid-seconds-5-4may/easy/24proc/seed-3/8_rocI-4-11_seed-3_20260504_171009/iterated_local_search/run_1_worker_7/ils_config_14032669459409445124.prm
[INFO]:[17:10:46] CPLEX results. Gap: 79.600000, upper bound: -5050303.000000, lower bound: -9070403.000000
[INFO]:[17:10:46] CPLEX solver finished. Gap: 79.600000
[INFO]:[17:10:46] Starting CPLEX solver on instance: /home/yorig/tuner/mpils-tests/instances/miplib/easy/rocI-4-11.mps with config: /scratch/yorig/mpils-results-grid-seconds-5-4may/easy/24proc/seed-3/8_rocI-4-11_seed-3_20260504_171009/iterated_local_search/run_1_worker_7/ils_config_3818255596909037310.prm
[INFO]:[17:10:46] Starting CPLEX solver on instance: /home/yorig/tuner/mpils-tests/instances/miplib/easy/rocI-4-11.mps with config: /scratch/yorig/mpils-results-grid-seconds-5-4may/easy/24proc/seed-3/8_rocI-4-11_seed-3_20260504_171009/iterated_local_search/run_1_worker_7/ils_config_3818255596909037310.prm
[INFO]:[17:10:51] CPLEX results. Gap: 124.500000, upper bound: -4040303.000000, lower bound: -9070303.000000
[INFO]:[17:10:51] CPLEX solver finished. Gap: 124.500000
[INFO]:[17:10:51] Starting CPLEX solver on instance: /home/yorig/tuner/mpils-tests/instances/miplib/easy/rocI-4-11.mps with config: /scratch/yorig/mpils-results-grid-seconds-5-4may/easy/24proc/seed-3/8_rocI-4-11_seed-3_20260504_171009/iterated_local_search/run_1_worker_7/ils_config_410293068083295604.prm
[INFO]:[17:10:51] Starting CPLEX solver on instance: /home/yorig/tuner/mpils-tests/instances/miplib/easy/rocI-4-11.mps with config: /scratch/yorig/mpils-results-grid-seconds-5-4may/easy/24proc/seed-3/8_rocI-4-11_seed-3_20260504_171009/iterated_local_search/run_1_worker_7/ils_config_410293068083295604.prm
[INFO]:[17:10:56] CPLEX results. Gap: 124.500000, upper bound: -4040303.000000, lower bound: -9070403.000000
[INFO]:[17:10:56] CPLEX solver finished. Gap: 124.500000
[INFO]:[17:10:56] Starting CPLEX solver on instance: /home/yorig/tuner/mpils-tests/instances/miplib/easy/rocI-4-11.mps with config: /scratch/yorig/mpils-results-grid-seconds-5-4may/easy/24proc/seed-3/8_rocI-4-11_seed-3_20260504_171009/iterated_local_search/run_1_worker_7/ils_config_8602538613138209459.prm
[INFO]:[17:10:56] Starting CPLEX solver on instance: /home/yorig/tuner/mpils-tests/instances/miplib/easy/rocI-4-11.mps with config: /scratch/yorig/mpils-results-grid-seconds-5-4may/easy/24proc/seed-3/8_rocI-4-11_seed-3_20260504_171009/iterated_local_search/run_1_worker_7/ils_config_8602538613138209459.prm
[INFO]:[17:11:01] CPLEX results. Gap: 79.600000, upper bound: -5050303.000000, lower bound: -9070403.000000
[INFO]:[17:11:01] CPLEX solver finished. Gap: 79.600000
[INFO]:[17:11:01] Starting CPLEX solver on instance: /home/yorig/tuner/mpils-tests/instances/miplib/easy/rocI-4-11.mps with config: /scratch/yorig/mpils-results-grid-seconds-5-4may/easy/24proc/seed-3/8_rocI-4-11_seed-3_20260504_171009/iterated_local_search/run_1_worker_7/ils_config_1638226303073778877.prm
[INFO]:[17:11:01] Starting CPLEX solver on instance: /home/yorig/tuner/mpils-tests/instances/miplib/easy/rocI-4-11.mps with config: /scratch/yorig/mpils-results-grid-seconds-5-4may/easy/24proc/seed-3/8_rocI-4-11_seed-3_20260504_171009/iterated_local_search/run_1_worker_7/ils_config_1638226303073778877.prm
[INFO]:[17:11:06] CPLEX results. Gap: 79.600000, upper bound: -5050303.000000, lower bound: -9070403.000000
[INFO]:[17:11:06] CPLEX solver finished. Gap: 79.600000
[INFO]:[17:11:06] Starting CPLEX solver on instance: /home/yorig/tuner/mpils-tests/instances/miplib/easy/rocI-4-11.mps with config: /scratch/yorig/mpils-results-grid-seconds-5-4may/easy/24proc/seed-3/8_rocI-4-11_seed-3_20260504_171009/iterated_local_search/run_1_worker_7/ils_config_15593692433469601539.prm
[INFO]:[17:11:06] Starting CPLEX solver on instance: /home/yorig/tuner/mpils-tests/instances/miplib/easy/rocI-4-11.mps with config: /scratch/yorig/mpils-results-grid-seconds-5-4may/easy/24proc/seed-3/8_rocI-4-11_seed-3_20260504_171009/iterated_local_search/run_1_worker_7/ils_config_15593692433469601539.prm
[INFO]:[17:11:11] CPLEX results. Gap: 124.500000, upper bound: -4040303.000000, lower bound: -9070403.000000
[INFO]:[17:11:11] CPLEX solver finished. Gap: 124.500000
[INFO]:[17:11:11] Starting CPLEX solver on instance: /home/yorig/tuner/mpils-tests/instances/miplib/easy/rocI-4-11.mps with config: /scratch/yorig/mpils-results-grid-seconds-5-4may/easy/24proc/seed-3/8_rocI-4-11_seed-3_20260504_171009/iterated_local_search/run_1_worker_7/ils_config_4516325923190309688.prm
[INFO]:[17:11:11] Starting CPLEX solver on instance: /home/yorig/tuner/mpils-tests/instances/miplib/easy/rocI-4-11.mps with config: /scratch/yorig/mpils-results-grid-seconds-5-4may/easy/24proc/seed-3/8_rocI-4-11_seed-3_20260504_171009/iterated_local_search/run_1_worker_7/ils_config_4516325923190309688.prm
[INFO]:[17:11:16] CPLEX results. Gap: 79.600000, upper bound: -5050303.000000, lower bound: -9070403.000000
[INFO]:[17:11:16] CPLEX solver finished. Gap: 79.600000
[INFO]:[17:11:16] Starting CPLEX solver on instance: /home/yorig/tuner/mpils-tests/instances/miplib/easy/rocI-4-11.mps with config: /scratch/yorig/mpils-results-grid-seconds-5-4may/easy/24proc/seed-3/8_rocI-4-11_seed-3_20260504_171009/iterated_local_search/run_1_worker_7/ils_config_6042911376376944695.prm
[INFO]:[17:11:16] Starting CPLEX solver on instance: /home/yorig/tuner/mpils-tests/instances/miplib/easy/rocI-4-11.mps with config: /scratch/yorig/mpils-results-grid-seconds-5-4may/easy/24proc/seed-3/8_rocI-4-11_seed-3_20260504_171009/iterated_local_search/run_1_worker_7/ils_config_6042911376376944695.prm
[INFO]:[17:11:21] CPLEX results. Gap: 124.500000, upper bound: -4040303.000000, lower bound: -9070403.000000
[INFO]:[17:11:21] CPLEX solver finished. Gap: 124.500000
[INFO]:[17:11:21] Starting CPLEX solver on instance: /home/yorig/tuner/mpils-tests/instances/miplib/easy/rocI-4-11.mps with config: /scratch/yorig/mpils-results-grid-seconds-5-4may/easy/24proc/seed-3/8_rocI-4-11_seed-3_20260504_171009/iterated_local_search/run_1_worker_7/ils_config_17734796322070759021.prm
[INFO]:[17:11:21] Starting CPLEX solver on instance: /home/yorig/tuner/mpils-tests/instances/miplib/easy/rocI-4-11.mps with config: /scratch/yorig/mpils-results-grid-seconds-5-4may/easy/24proc/seed-3/8_rocI-4-11_seed-3_20260504_171009/iterated_local_search/run_1_worker_7/ils_config_17734796322070759021.prm
[INFO]:[17:11:26] CPLEX results. Gap: 99.200000, upper bound: -5050303.000000, lower bound: -10060303.000000
[INFO]:[17:11:26] CPLEX solver finished. Gap: 99.200000
[INFO]:[17:11:26] Starting CPLEX solver on instance: /home/yorig/tuner/mpils-tests/instances/miplib/easy/rocI-4-11.mps with config: /scratch/yorig/mpils-results-grid-seconds-5-4may/easy/24proc/seed-3/8_rocI-4-11_seed-3_20260504_171009/iterated_local_search/run_1_worker_7/ils_config_3643767160958578371.prm
[INFO]:[17:11:26] Starting CPLEX solver on instance: /home/yorig/tuner/mpils-tests/instances/miplib/easy/rocI-4-11.mps with config: /scratch/yorig/mpils-results-grid-seconds-5-4may/easy/24proc/seed-3/8_rocI-4-11_seed-3_20260504_171009/iterated_local_search/run_1_worker_7/ils_config_3643767160958578371.prm
[INFO]:[17:11:31] CPLEX results. Gap: 149.250000, upper bound: -4040303.000000, lower bound: -10070503.000000
[INFO]:[17:11:31] CPLEX solver finished. Gap: 149.250000
[INFO]:[17:11:31] Starting CPLEX solver on instance: /home/yorig/tuner/mpils-tests/instances/miplib/easy/rocI-4-11.mps with config: /scratch/yorig/mpils-results-grid-seconds-5-4may/easy/24proc/seed-3/8_rocI-4-11_seed-3_20260504_171009/iterated_local_search/run_1_worker_7/ils_config_16464512930933787091.prm
[INFO]:[17:11:31] Starting CPLEX solver on instance: /home/yorig/tuner/mpils-tests/instances/miplib/easy/rocI-4-11.mps with config: /scratch/yorig/mpils-results-grid-seconds-5-4may/easy/24proc/seed-3/8_rocI-4-11_seed-3_20260504_171009/iterated_local_search/run_1_worker_7/ils_config_16464512930933787091.prm
[INFO]:[17:11:36] CPLEX results. Gap: 124.500000, upper bound: -4040303.000000, lower bound: -9070403.000000
[INFO]:[17:11:36] CPLEX solver finished. Gap: 124.500000
[INFO]:[17:11:36] Starting CPLEX solver on instance: /home/yorig/tuner/mpils-tests/instances/miplib/easy/rocI-4-11.mps with config: /scratch/yorig/mpils-results-grid-seconds-5-4may/easy/24proc/seed-3/8_rocI-4-11_seed-3_20260504_171009/iterated_local_search/run_1_worker_7/ils_config_4627724722643838336.prm
[INFO]:[17:11:36] Starting CPLEX solver on instance: /home/yorig/tuner/mpils-tests/instances/miplib/easy/rocI-4-11.mps with config: /scratch/yorig/mpils-results-grid-seconds-5-4may/easy/24proc/seed-3/8_rocI-4-11_seed-3_20260504_171009/iterated_local_search/run_1_worker_7/ils_config_4627724722643838336.prm
[INFO]:[17:11:41] CPLEX results. Gap: 79.600000, upper bound: -5050303.000000, lower bound: -9070403.000000
[INFO]:[17:11:41] CPLEX solver finished. Gap: 79.600000
[INFO]:[17:11:41] Starting CPLEX solver on instance: /home/yorig/tuner/mpils-tests/instances/miplib/easy/rocI-4-11.mps with config: /scratch/yorig/mpils-results-grid-seconds-5-4may/easy/24proc/seed-3/8_rocI-4-11_seed-3_20260504_171009/iterated_local_search/run_1_worker_7/ils_config_783670198983314138.prm
[INFO]:[17:11:41] Starting CPLEX solver on instance: /home/yorig/tuner/mpils-tests/instances/miplib/easy/rocI-4-11.mps with config: /scratch/yorig/mpils-results-grid-seconds-5-4may/easy/24proc/seed-3/8_rocI-4-11_seed-3_20260504_171009/iterated_local_search/run_1_worker_7/ils_config_783670198983314138.prm
[INFO]:[17:11:46] CPLEX results. Gap: 99.200000, upper bound: -5050303.000000, lower bound: -10060303.000000
[INFO]:[17:11:46] CPLEX solver finished. Gap: 99.200000
[INFO]:[17:11:46] Starting CPLEX solver on instance: /home/yorig/tuner/mpils-tests/instances/miplib/easy/rocI-4-11.mps with config: /scratch/yorig/mpils-results-grid-seconds-5-4may/easy/24proc/seed-3/8_rocI-4-11_seed-3_20260504_171009/iterated_local_search/run_1_worker_7/ils_config_5899518252541370500.prm
[INFO]:[17:11:46] Starting CPLEX solver on instance: /home/yorig/tuner/mpils-tests/instances/miplib/easy/rocI-4-11.mps with config: /scratch/yorig/mpils-results-grid-seconds-5-4may/easy/24proc/seed-3/8_rocI-4-11_seed-3_20260504_171009/iterated_local_search/run_1_worker_7/ils_config_5899518252541370500.prm
[INFO]:[17:11:51] CPLEX results. Gap: 79.600000, upper bound: -5050303.000000, lower bound: -9070403.000000
[INFO]:[17:11:51] CPLEX solver finished. Gap: 79.600000
[INFO]:[17:11:51] Local search phase completed.
[INFO]:[17:11:51] Total number of new local-search evaluations: 20
[INFO]:[17:11:51] Final incumbent objective value: 79.6
[INFO]:[17:11:51] Worker 7 completed exploration phase.
[INFO]:[17:11:51] Worker 7 received order for step 2.
[INFO]:[17:11:51] Worker 7 running expansion phase for iteration 1.
[INFO]:[17:11:51] Worker 7 will use solver log file: /scratch/yorig/mpils-results-grid-seconds-5-4may/easy/24proc/seed-3/8_rocI-4-11_seed-3_20260504_171009/solver/cplex.log_iteration_expansion_1_worker_7
[INFO]:[17:11:51] Expansion Worker 7 starting expansion for iteration 1.
[INFO]:[17:11:51] Starting CPLEX solver on instance: /home/yorig/tuner/mpils-tests/instances/miplib/easy/rocI-4-11.mps with config: /scratch/yorig/mpils-results-grid-seconds-5-4may/easy/24proc/seed-3/8_rocI-4-11_seed-3_20260504_171009/expansion/config_param_CPXPARAM_MIP_Cuts_Covers_3_iter_1.prm
[INFO]:[17:11:56] CPLEX results. Gap: 79.400000, upper bound: -5050303.000000, lower bound: -9060303.000000
[INFO]:[17:11:56] CPLEX solver finished. Gap: 79.400000
[INFO]:[17:11:56] Starting CPLEX solver on instance: /home/yorig/tuner/mpils-tests/instances/miplib/easy/rocI-4-11.mps with config: /scratch/yorig/mpils-results-grid-seconds-5-4may/easy/24proc/seed-3/8_rocI-4-11_seed-3_20260504_171009/expansion/config_param_CPXPARAM_MIP_Strategy_RINSHeur_-1_iter_1.prm
[INFO]:[17:12:01] CPLEX results. Gap: 50.160000, upper bound: -6020203.000000, lower bound: -9040202.000000
[INFO]:[17:12:01] CPLEX solver finished. Gap: 50.160000
[INFO]:[17:12:01] Expansion Worker 7 found an improving configuration with objective value 50.16.
[INFO]:[17:12:01] Expansion Worker 7 stopping early after global MPI expansion stop was activated.
[INFO]:[17:12:01] Expansion Worker 7 completed expansion.
[INFO]:[17:12:01] Worker 7 completed expansion phase.
[INFO]:[17:12:01] Worker 7 received order for step 1.
[INFO]:[17:12:01] Worker 7 running exploration phase for iteration 2.
[INFO]:[17:12:01] Worker 7 at iteration 2 will not use a MIP start file. Current best MIP-start upper bound threshold is 1.79769e+308.
[INFO]:[17:12:01] Starting local search phase...
[INFO]:[17:12:01] Creating local search space from parameter space file: /scratch/yorig/mpils-results-grid-seconds-5-4may/easy/24proc/seed-3/8_rocI-4-11_seed-3_20260504_171009/iterated_local_search/search_space/search_space_file_2_worker_7.txt
[INFO]:[17:12:01] Local search space loaded from file: /scratch/yorig/mpils-results-grid-seconds-5-4may/easy/24proc/seed-3/8_rocI-4-11_seed-3_20260504_171009/iterated_local_search/search_space/search_space_file_2_worker_7.txt
[INFO]:[17:12:01] Number of parameters in local search space: 71
[INFO]:[17:12:01] Number of forbidden tuples in local search space: 0
[INFO]:[17:12:01] Number of conditionals in local search space: 6
[INFO]:[17:12:01] MIP start option not enabled. Local search will proceed without MIP start.
[INFO]:[17:12:01] Evaluating initial configuration for local search phase...
[INFO]:[17:12:02] Starting CPLEX solver on instance: /home/yorig/tuner/mpils-tests/instances/miplib/easy/rocI-4-11.mps with config: /scratch/yorig/mpils-results-grid-seconds-5-4may/easy/24proc/seed-3/8_rocI-4-11_seed-3_20260504_171009/iterated_local_search/run_2_worker_7/ils_config_7511896730354962146.prm
[INFO]:[17:12:02] Starting CPLEX solver on instance: /home/yorig/tuner/mpils-tests/instances/miplib/easy/rocI-4-11.mps with config: /scratch/yorig/mpils-results-grid-seconds-5-4may/easy/24proc/seed-3/8_rocI-4-11_seed-3_20260504_171009/iterated_local_search/run_2_worker_7/ils_config_7511896730354962146.prm
[INFO]:[17:12:07] CPLEX results. Gap: 174.430000, upper bound: -4030303.000000, lower bound: -11060303.000000
[INFO]:[17:12:07] CPLEX solver finished. Gap: 174.430000
[INFO]:[17:12:07] Initial configuration evaluated with objective value: 174.43
[INFO]:[17:12:07] Starting CPLEX solver on instance: /home/yorig/tuner/mpils-tests/instances/miplib/easy/rocI-4-11.mps with config: /scratch/yorig/mpils-results-grid-seconds-5-4may/easy/24proc/seed-3/8_rocI-4-11_seed-3_20260504_171009/iterated_local_search/run_2_worker_7/ils_config_11508022133124558616.prm
[INFO]:[17:12:07] Starting CPLEX solver on instance: /home/yorig/tuner/mpils-tests/instances/miplib/easy/rocI-4-11.mps with config: /scratch/yorig/mpils-results-grid-seconds-5-4may/easy/24proc/seed-3/8_rocI-4-11_seed-3_20260504_171009/iterated_local_search/run_2_worker_7/ils_config_11508022133124558616.prm
[INFO]:[17:12:12] CPLEX results. Gap: 119.140000, upper bound: -5050303.000000, lower bound: -11067280.318122
[INFO]:[17:12:12] CPLEX solver finished. Gap: 119.140000
[INFO]:[17:12:12] New incumbent found with objective value: 119.14
[INFO]:[17:12:12] Starting CPLEX solver on instance: /home/yorig/tuner/mpils-tests/instances/miplib/easy/rocI-4-11.mps with config: /scratch/yorig/mpils-results-grid-seconds-5-4may/easy/24proc/seed-3/8_rocI-4-11_seed-3_20260504_171009/iterated_local_search/run_2_worker_7/ils_config_4082546356683756714.prm
[INFO]:[17:12:12] Starting CPLEX solver on instance: /home/yorig/tuner/mpils-tests/instances/miplib/easy/rocI-4-11.mps with config: /scratch/yorig/mpils-results-grid-seconds-5-4may/easy/24proc/seed-3/8_rocI-4-11_seed-3_20260504_171009/iterated_local_search/run_2_worker_7/ils_config_4082546356683756714.prm
[INFO]:[17:12:17] CPLEX results. Gap: 173.960000, upper bound: -4040403.000000, lower bound: -11069181.590614
[INFO]:[17:12:17] CPLEX solver finished. Gap: 173.960000
[INFO]:[17:12:17] Starting CPLEX solver on instance: /home/yorig/tuner/mpils-tests/instances/miplib/easy/rocI-4-11.mps with config: /scratch/yorig/mpils-results-grid-seconds-5-4may/easy/24proc/seed-3/8_rocI-4-11_seed-3_20260504_171009/iterated_local_search/run_2_worker_7/ils_config_7920114514965694216.prm
[INFO]:[17:12:17] Starting CPLEX solver on instance: /home/yorig/tuner/mpils-tests/instances/miplib/easy/rocI-4-11.mps with config: /scratch/yorig/mpils-results-grid-seconds-5-4may/easy/24proc/seed-3/8_rocI-4-11_seed-3_20260504_171009/iterated_local_search/run_2_worker_7/ils_config_7920114514965694216.prm
[INFO]:[17:12:22] CPLEX results. Gap: 119.140000, upper bound: -5050303.000000, lower bound: -11067215.890599
[INFO]:[17:12:22] CPLEX solver finished. Gap: 119.140000
[INFO]:[17:12:22] Starting CPLEX solver on instance: /home/yorig/tuner/mpils-tests/instances/miplib/easy/rocI-4-11.mps with config: /scratch/yorig/mpils-results-grid-seconds-5-4may/easy/24proc/seed-3/8_rocI-4-11_seed-3_20260504_171009/iterated_local_search/run_2_worker_7/ils_config_17482149301539745756.prm
[INFO]:[17:12:22] Starting CPLEX solver on instance: /home/yorig/tuner/mpils-tests/instances/miplib/easy/rocI-4-11.mps with config: /scratch/yorig/mpils-results-grid-seconds-5-4may/easy/24proc/seed-3/8_rocI-4-11_seed-3_20260504_171009/iterated_local_search/run_2_worker_7/ils_config_17482149301539745756.prm
[INFO]:[17:12:27] CPLEX results. Gap: 119.160000, upper bound: -5050303.000000, lower bound: -11068333.249498
[INFO]:[17:12:27] CPLEX solver finished. Gap: 119.160000
[INFO]:[17:12:27] Starting CPLEX solver on instance: /home/yorig/tuner/mpils-tests/instances/miplib/easy/rocI-4-11.mps with config: /scratch/yorig/mpils-results-grid-seconds-5-4may/easy/24proc/seed-3/8_rocI-4-11_seed-3_20260504_171009/iterated_local_search/run_2_worker_7/ils_config_17748412291409058884.prm
[INFO]:[17:12:27] Starting CPLEX solver on instance: /home/yorig/tuner/mpils-tests/instances/miplib/easy/rocI-4-11.mps with config: /scratch/yorig/mpils-results-grid-seconds-5-4may/easy/24proc/seed-3/8_rocI-4-11_seed-3_20260504_171009/iterated_local_search/run_2_worker_7/ils_config_17748412291409058884.prm
[INFO]:[17:12:32] CPLEX results. Gap: 119.440000, upper bound: -5040203.000000, lower bound: -11060303.000000
[INFO]:[17:12:32] CPLEX solver finished. Gap: 119.440000
[INFO]:[17:12:32] Local search phase completed.
[INFO]:[17:12:32] Total number of new local-search evaluations: 6
[INFO]:[17:12:32] Final incumbent objective value: 119.14
[INFO]:[17:12:32] Worker 7 completed exploration phase.
[INFO]:[17:12:32] Worker 7 received order for step 2.
[INFO]:[17:12:32] Worker 7 running expansion phase for iteration 2.
[INFO]:[17:12:32] Worker 7 will use solver log file: /scratch/yorig/mpils-results-grid-seconds-5-4may/easy/24proc/seed-3/8_rocI-4-11_seed-3_20260504_171009/solver/cplex.log_iteration_expansion_2_worker_7
[INFO]:[17:12:32] Expansion Worker 7 starting expansion for iteration 2.
[INFO]:[17:12:32] Starting CPLEX solver on instance: /home/yorig/tuner/mpils-tests/instances/miplib/easy/rocI-4-11.mps with config: /scratch/yorig/mpils-results-grid-seconds-5-4may/easy/24proc/seed-3/8_rocI-4-11_seed-3_20260504_171009/expansion/config_param_CPXPARAM_MIP_Strategy_BBInterval_30_iter_2.prm
[INFO]:[17:12:37] CPLEX results. Gap: 50.160000, upper bound: -6020203.000000, lower bound: -9040202.000000
[INFO]:[17:12:37] CPLEX solver finished. Gap: 50.160000
[INFO]:[17:12:37] Expansion Worker 7 stopping early after global MPI expansion stop was activated.
[INFO]:[17:12:37] Expansion Worker 7 completed expansion.
[INFO]:[17:12:37] Worker 7 completed expansion phase.
[INFO]:[17:12:37] Worker 7 received order for step 1.
[INFO]:[17:12:37] Worker 7 running exploration phase for iteration 3.
[INFO]:[17:12:37] Worker 7 at iteration 3 will not use a MIP start file. Current best MIP-start upper bound threshold is 1.79769e+308.
[INFO]:[17:12:37] Starting local search phase...
[INFO]:[17:12:37] Creating local search space from parameter space file: /scratch/yorig/mpils-results-grid-seconds-5-4may/easy/24proc/seed-3/8_rocI-4-11_seed-3_20260504_171009/iterated_local_search/search_space/search_space_file_3_worker_7.txt
[INFO]:[17:12:37] Local search space loaded from file: /scratch/yorig/mpils-results-grid-seconds-5-4may/easy/24proc/seed-3/8_rocI-4-11_seed-3_20260504_171009/iterated_local_search/search_space/search_space_file_3_worker_7.txt
[INFO]:[17:12:37] Number of parameters in local search space: 71
[INFO]:[17:12:37] Number of forbidden tuples in local search space: 22
[INFO]:[17:12:37] Number of conditionals in local search space: 6
[INFO]:[17:12:37] MIP start option not enabled. Local search will proceed without MIP start.
[INFO]:[17:12:37] Evaluating initial configuration for local search phase...
[INFO]:[17:12:37] Starting CPLEX solver on instance: /home/yorig/tuner/mpils-tests/instances/miplib/easy/rocI-4-11.mps with config: /scratch/yorig/mpils-results-grid-seconds-5-4may/easy/24proc/seed-3/8_rocI-4-11_seed-3_20260504_171009/iterated_local_search/run_3_worker_7/ils_config_8538578551925650682.prm
[INFO]:[17:12:37] Starting CPLEX solver on instance: /home/yorig/tuner/mpils-tests/instances/miplib/easy/rocI-4-11.mps with config: /scratch/yorig/mpils-results-grid-seconds-5-4may/easy/24proc/seed-3/8_rocI-4-11_seed-3_20260504_171009/iterated_local_search/run_3_worker_7/ils_config_8538578551925650682.prm
[INFO]:[17:12:42] CPLEX results. Gap: 83.720000, upper bound: -6020203.000000, lower bound: -11060303.000000
[INFO]:[17:12:42] CPLEX solver finished. Gap: 83.720000
[INFO]:[17:12:42] Initial configuration evaluated with objective value: 83.72
[INFO]:[17:12:42] Starting CPLEX solver on instance: /home/yorig/tuner/mpils-tests/instances/miplib/easy/rocI-4-11.mps with config: /scratch/yorig/mpils-results-grid-seconds-5-4may/easy/24proc/seed-3/8_rocI-4-11_seed-3_20260504_171009/iterated_local_search/run_3_worker_7/ils_config_4979552913937551256.prm
[INFO]:[17:12:42] Starting CPLEX solver on instance: /home/yorig/tuner/mpils-tests/instances/miplib/easy/rocI-4-11.mps with config: /scratch/yorig/mpils-results-grid-seconds-5-4may/easy/24proc/seed-3/8_rocI-4-11_seed-3_20260504_171009/iterated_local_search/run_3_worker_7/ils_config_4979552913937551256.prm
[INFO]:[17:12:48] CPLEX results. Gap: 119.200000, upper bound: -5050303.000000, lower bound: -11070403.000000
[INFO]:[17:12:48] CPLEX solver finished. Gap: 119.200000
[INFO]:[17:12:48] Starting CPLEX solver on instance: /home/yorig/tuner/mpils-tests/instances/miplib/easy/rocI-4-11.mps with config: /scratch/yorig/mpils-results-grid-seconds-5-4may/easy/24proc/seed-3/8_rocI-4-11_seed-3_20260504_171009/iterated_local_search/run_3_worker_7/ils_config_7601268544930804281.prm
[INFO]:[17:12:48] Starting CPLEX solver on instance: /home/yorig/tuner/mpils-tests/instances/miplib/easy/rocI-4-11.mps with config: /scratch/yorig/mpils-results-grid-seconds-5-4may/easy/24proc/seed-3/8_rocI-4-11_seed-3_20260504_171009/iterated_local_search/run_3_worker_7/ils_config_7601268544930804281.prm
[INFO]:[17:12:53] CPLEX results. Gap: 83.720000, upper bound: -6020203.000000, lower bound: -11060303.000000
[INFO]:[17:12:53] CPLEX solver finished. Gap: 83.720000
[INFO]:[17:12:53] Starting CPLEX solver on instance: /home/yorig/tuner/mpils-tests/instances/miplib/easy/rocI-4-11.mps with config: /scratch/yorig/mpils-results-grid-seconds-5-4may/easy/24proc/seed-3/8_rocI-4-11_seed-3_20260504_171009/iterated_local_search/run_3_worker_7/ils_config_1807258923172445974.prm
[INFO]:[17:12:53] Starting CPLEX solver on instance: /home/yorig/tuner/mpils-tests/instances/miplib/easy/rocI-4-11.mps with config: /scratch/yorig/mpils-results-grid-seconds-5-4may/easy/24proc/seed-3/8_rocI-4-11_seed-3_20260504_171009/iterated_local_search/run_3_worker_7/ils_config_1807258923172445974.prm
[INFO]:[17:12:58] CPLEX results. Gap: 83.720000, upper bound: -6020203.000000, lower bound: -11060303.000000
[INFO]:[17:12:58] CPLEX solver finished. Gap: 83.720000
[INFO]:[17:12:58] Starting CPLEX solver on instance: /home/yorig/tuner/mpils-tests/instances/miplib/easy/rocI-4-11.mps with config: /scratch/yorig/mpils-results-grid-seconds-5-4may/easy/24proc/seed-3/8_rocI-4-11_seed-3_20260504_171009/iterated_local_search/run_3_worker_7/ils_config_17754691896750765097.prm
[INFO]:[17:12:58] Starting CPLEX solver on instance: /home/yorig/tuner/mpils-tests/instances/miplib/easy/rocI-4-11.mps with config: /scratch/yorig/mpils-results-grid-seconds-5-4may/easy/24proc/seed-3/8_rocI-4-11_seed-3_20260504_171009/iterated_local_search/run_3_worker_7/ils_config_17754691896750765097.prm
[INFO]:[17:13:03] CPLEX results. Gap: 83.720000, upper bound: -6020203.000000, lower bound: -11060303.000000
[INFO]:[17:13:03] CPLEX solver finished. Gap: 83.720000
[INFO]:[17:13:03] Starting CPLEX solver on instance: /home/yorig/tuner/mpils-tests/instances/miplib/easy/rocI-4-11.mps with config: /scratch/yorig/mpils-results-grid-seconds-5-4may/easy/24proc/seed-3/8_rocI-4-11_seed-3_20260504_171009/iterated_local_search/run_3_worker_7/ils_config_13820418499180666242.prm
[INFO]:[17:13:03] Starting CPLEX solver on instance: /home/yorig/tuner/mpils-tests/instances/miplib/easy/rocI-4-11.mps with config: /scratch/yorig/mpils-results-grid-seconds-5-4may/easy/24proc/seed-3/8_rocI-4-11_seed-3_20260504_171009/iterated_local_search/run_3_worker_7/ils_config_13820418499180666242.prm
[INFO]:[17:13:08] CPLEX results. Gap: 83.720000, upper bound: -6020203.000000, lower bound: -11060303.000000
[INFO]:[17:13:08] CPLEX solver finished. Gap: 83.720000
[INFO]:[17:13:08] Received global ILS stop signal from rank 13.
[INFO]:[17:13:08] Local search phase completed.
[INFO]:[17:13:08] Total number of new local-search evaluations: 6
[INFO]:[17:13:08] Final incumbent objective value: 83.72
[INFO]:[17:13:08] Worker 7 completed exploration phase.
[INFO]:[17:13:08] Worker 7 received order for step 3.
[INFO]:[17:13:08] Worker 7 finished.
