[INFO]:[18:16:18] Worker 17 starting.
[INFO]:[18:16:18] Worker 17 received order for step 1.
[INFO]:[18:16:18] Worker 17 running exploration phase for iteration 1.
[INFO]:[18:16:18] Worker 17 at iteration 1 will not use a MIP start file. Current best MIP-start upper bound threshold is 1.79769e+308.
[INFO]:[18:16:18] Starting local search phase...
[INFO]:[18:16:18] Worker (ils_group_rank=5) entering parallel ILS evaluation service.
[INFO]:[18:16:18] Starting CPLEX solver on instance: /home/yorig/tuner/mpils-tests/instances/miplib/medium-2/supportcase6.mps with config: /scratch/yorig/mpils-results-grid-ticks-10000-7may/medium-2/24proc-12pils/seed-8/9_supportcase6_seed-8_20260510_181616/iterated_local_search/run_1_worker_12/parallel_0_5.prm
[INFO]:[18:16:25] CPLEX results. Gap: 37.640000, upper bound: 72431.056266, lower bound: 45165.327144
[INFO]:[18:16:25] CPLEX solver finished. Gap: 37.640000
[INFO]:[18:16:27] Starting CPLEX solver on instance: /home/yorig/tuner/mpils-tests/instances/miplib/medium-2/supportcase6.mps with config: /scratch/yorig/mpils-results-grid-ticks-10000-7may/medium-2/24proc-12pils/seed-8/9_supportcase6_seed-8_20260510_181616/iterated_local_search/run_1_worker_12/parallel_12_5.prm
[INFO]:[18:16:35] CPLEX results. Gap: 100.000000, upper bound: 102597.533860, lower bound: 0.000000
[INFO]:[18:16:35] CPLEX solver finished. Gap: 100.000000
[INFO]:[18:16:35] Worker (ils_group_rank=5) exiting parallel ILS evaluation service.
[INFO]:[18:16:35] Worker 17 completed exploration phase.
[INFO]:[18:16:35] Worker 17 received order for step 2.
[INFO]:[18:16:35] Worker 17 running expansion phase for iteration 1.
[INFO]:[18:16:35] Worker 17 will use solver log file: /scratch/yorig/mpils-results-grid-ticks-10000-7may/medium-2/24proc-12pils/seed-8/9_supportcase6_seed-8_20260510_181616/solver/cplex.log_iteration_expansion_1_worker_17
[INFO]:[18:16:35] Expansion Worker 17 starting expansion for iteration 1.
[INFO]:[18:16:35] Starting CPLEX solver on instance: /home/yorig/tuner/mpils-tests/instances/miplib/medium-2/supportcase6.mps with config: /scratch/yorig/mpils-results-grid-ticks-10000-7may/medium-2/24proc-12pils/seed-8/9_supportcase6_seed-8_20260510_181616/expansion/config_param_CPXPARAM_MIP_Strategy_Dive_2_iter_1.prm
[INFO]:[18:16:41] CPLEX results. Gap: 13.330000, upper bound: 52112.367686, lower bound: 45165.579073
[INFO]:[18:16:41] CPLEX solver finished. Gap: 13.330000
[INFO]:[18:16:44] Starting CPLEX solver on instance: /home/yorig/tuner/mpils-tests/instances/miplib/medium-2/supportcase6.mps with config: /scratch/yorig/mpils-results-grid-ticks-10000-7may/medium-2/24proc-12pils/seed-8/9_supportcase6_seed-8_20260510_181616/expansion/config_param_CPXPARAM_MIP_Strategy_BBInterval_3_iter_1.prm
[INFO]:[18:16:50] CPLEX results. Gap: 13.330000, upper bound: 52112.367686, lower bound: 45165.579073
[INFO]:[18:16:50] CPLEX solver finished. Gap: 13.330000
[INFO]:[18:16:58] Expansion Worker 17 completed expansion.
[INFO]:[18:16:58] Worker 17 completed expansion phase.
[INFO]:[18:16:58] Worker 17 received order for step 1.
[INFO]:[18:16:58] Worker 17 running exploration phase for iteration 2.
[INFO]:[18:16:58] Worker 17 at iteration 2 will not use a MIP start file. Current best MIP-start upper bound threshold is 1.79769e+308.
[INFO]:[18:16:58] Starting local search phase...
[INFO]:[18:16:58] Worker (ils_group_rank=5) entering parallel ILS evaluation service.
[INFO]:[18:16:58] Starting CPLEX solver on instance: /home/yorig/tuner/mpils-tests/instances/miplib/medium-2/supportcase6.mps with config: /scratch/yorig/mpils-results-grid-ticks-10000-7may/medium-2/24proc-12pils/seed-8/9_supportcase6_seed-8_20260510_181616/iterated_local_search/run_2_worker_12/parallel_0_5.prm
[INFO]:[18:17:05] CPLEX results. Gap: 51.310000, upper bound: 92599.946613, lower bound: 45090.732163
[INFO]:[18:17:05] CPLEX solver finished. Gap: 51.310000
[INFO]:[18:17:06] Worker (ils_group_rank=5) exiting parallel ILS evaluation service.
[INFO]:[18:17:06] Worker 17 completed exploration phase.
[INFO]:[18:17:06] Worker 17 received order for step 2.
[INFO]:[18:17:06] Worker 17 running expansion phase for iteration 2.
[INFO]:[18:17:06] Worker 17 will use solver log file: /scratch/yorig/mpils-results-grid-ticks-10000-7may/medium-2/24proc-12pils/seed-8/9_supportcase6_seed-8_20260510_181616/solver/cplex.log_iteration_expansion_2_worker_17
[INFO]:[18:17:06] Expansion Worker 17 starting expansion for iteration 2.
[INFO]:[18:17:06] Starting CPLEX solver on instance: /home/yorig/tuner/mpils-tests/instances/miplib/medium-2/supportcase6.mps with config: /scratch/yorig/mpils-results-grid-ticks-10000-7may/medium-2/24proc-12pils/seed-8/9_supportcase6_seed-8_20260510_181616/expansion/config_param_CPXPARAM_MIP_Strategy_HeuristicFreq_40_iter_2.prm
[INFO]:[18:17:12] CPLEX results. Gap: 13.330000, upper bound: 52112.367686, lower bound: 45165.579073
[INFO]:[18:17:12] CPLEX solver finished. Gap: 13.330000
[INFO]:[18:17:14] Expansion Worker 17 stopping early after global MPI expansion stop was activated.
[INFO]:[18:17:14] Expansion Worker 17 completed expansion.
[INFO]:[18:17:14] Worker 17 completed expansion phase.
[INFO]:[18:17:14] Worker 17 received order for step 1.
[INFO]:[18:17:14] Worker 17 running exploration phase for iteration 3.
[INFO]:[18:17:14] Worker 17 at iteration 3 will not use a MIP start file. Current best MIP-start upper bound threshold is 1.79769e+308.
[INFO]:[18:17:14] Starting local search phase...
[INFO]:[18:17:14] Worker (ils_group_rank=5) entering parallel ILS evaluation service.
[INFO]:[18:17:14] Starting CPLEX solver on instance: /home/yorig/tuner/mpils-tests/instances/miplib/medium-2/supportcase6.mps with config: /scratch/yorig/mpils-results-grid-ticks-10000-7may/medium-2/24proc-12pils/seed-8/9_supportcase6_seed-8_20260510_181616/iterated_local_search/run_3_worker_12/parallel_0_5.prm
[INFO]:[18:17:21] CPLEX results. Gap: 100.000000, upper bound: 102597.533860, lower bound: 0.000000
[INFO]:[18:17:21] CPLEX solver finished. Gap: 100.000000
[INFO]:[18:17:22] Worker (ils_group_rank=5) exiting parallel ILS evaluation service.
[INFO]:[18:17:22] Worker 17 completed exploration phase.
[INFO]:[18:17:22] Worker 17 received order for step 2.
[INFO]:[18:17:22] Worker 17 running expansion phase for iteration 3.
[INFO]:[18:17:22] Worker 17 will use solver log file: /scratch/yorig/mpils-results-grid-ticks-10000-7may/medium-2/24proc-12pils/seed-8/9_supportcase6_seed-8_20260510_181616/solver/cplex.log_iteration_expansion_3_worker_17
[INFO]:[18:17:22] Expansion Worker 17 starting expansion for iteration 3.
[INFO]:[18:17:22] Starting CPLEX solver on instance: /home/yorig/tuner/mpils-tests/instances/miplib/medium-2/supportcase6.mps with config: /scratch/yorig/mpils-results-grid-ticks-10000-7may/medium-2/24proc-12pils/seed-8/9_supportcase6_seed-8_20260510_181616/expansion/config_param_CPXPARAM_MIP_Limits_AggForCut_0_iter_3.prm
[INFO]:[18:17:28] CPLEX results. Gap: 13.100000, upper bound: 51972.057840, lower bound: 45165.579073
[INFO]:[18:17:28] CPLEX solver finished. Gap: 13.100000
[INFO]:[18:17:34] Expansion Worker 17 completed expansion.
[INFO]:[18:17:34] Worker 17 completed expansion phase.
[INFO]:[18:17:34] Worker 17 received order for step 1.
[INFO]:[18:17:34] Worker 17 running exploration phase for iteration 4.
[INFO]:[18:17:34] Worker 17 at iteration 4 will not use a MIP start file. Current best MIP-start upper bound threshold is 1.79769e+308.
[INFO]:[18:17:34] Starting local search phase...
[INFO]:[18:17:34] Worker (ils_group_rank=5) entering parallel ILS evaluation service.
[INFO]:[18:17:34] Starting CPLEX solver on instance: /home/yorig/tuner/mpils-tests/instances/miplib/medium-2/supportcase6.mps with config: /scratch/yorig/mpils-results-grid-ticks-10000-7may/medium-2/24proc-12pils/seed-8/9_supportcase6_seed-8_20260510_181616/iterated_local_search/run_4_worker_12/parallel_0_5.prm
[INFO]:[18:17:42] CPLEX results. Gap: 100.000000, upper bound: 102597.533860, lower bound: 0.000000
[INFO]:[18:17:42] CPLEX solver finished. Gap: 100.000000
[INFO]:[18:17:43] Worker (ils_group_rank=5) exiting parallel ILS evaluation service.
[INFO]:[18:17:43] Worker 17 completed exploration phase.
[INFO]:[18:17:43] Worker 17 received order for step 2.
[INFO]:[18:17:43] Worker 17 running expansion phase for iteration 4.
[INFO]:[18:17:43] Worker 17 will use solver log file: /scratch/yorig/mpils-results-grid-ticks-10000-7may/medium-2/24proc-12pils/seed-8/9_supportcase6_seed-8_20260510_181616/solver/cplex.log_iteration_expansion_4_worker_17
[INFO]:[18:17:43] Expansion Worker 17 starting expansion for iteration 4.
[INFO]:[18:17:43] Starting CPLEX solver on instance: /home/yorig/tuner/mpils-tests/instances/miplib/medium-2/supportcase6.mps with config: /scratch/yorig/mpils-results-grid-ticks-10000-7may/medium-2/24proc-12pils/seed-8/9_supportcase6_seed-8_20260510_181616/expansion/config_param_CPXPARAM_MIP_OrderType_2_iter_4.prm
[INFO]:[18:17:48] CPLEX results. Gap: 13.100000, upper bound: 51972.057840, lower bound: 45165.579073
[INFO]:[18:17:48] CPLEX solver finished. Gap: 13.100000
[INFO]:[18:17:54] Expansion Worker 17 completed expansion.
[INFO]:[18:17:54] Worker 17 completed expansion phase.
[INFO]:[18:17:54] Worker 17 received order for step 1.
[INFO]:[18:17:54] Worker 17 running exploration phase for iteration 5.
[INFO]:[18:17:54] Worker 17 at iteration 5 will not use a MIP start file. Current best MIP-start upper bound threshold is 1.79769e+308.
[INFO]:[18:17:54] Starting local search phase...
[INFO]:[18:17:54] Worker (ils_group_rank=5) entering parallel ILS evaluation service.
[INFO]:[18:17:54] Starting CPLEX solver on instance: /home/yorig/tuner/mpils-tests/instances/miplib/medium-2/supportcase6.mps with config: /scratch/yorig/mpils-results-grid-ticks-10000-7may/medium-2/24proc-12pils/seed-8/9_supportcase6_seed-8_20260510_181616/iterated_local_search/run_5_worker_12/parallel_0_5.prm
[INFO]:[18:18:01] CPLEX results. Gap: 45.200000, upper bound: 82349.990840, lower bound: 45124.740971
[INFO]:[18:18:01] CPLEX solver finished. Gap: 45.200000
[INFO]:[18:18:02] Starting CPLEX solver on instance: /home/yorig/tuner/mpils-tests/instances/miplib/medium-2/supportcase6.mps with config: /scratch/yorig/mpils-results-grid-ticks-10000-7may/medium-2/24proc-12pils/seed-8/9_supportcase6_seed-8_20260510_181616/iterated_local_search/run_5_worker_12/parallel_12_5.prm
[INFO]:[18:18:06] CPLEX results. Gap: 13.150000, upper bound: 51999.634479, lower bound: 45163.337634
[INFO]:[18:18:06] CPLEX solver finished. Gap: 13.150000
[INFO]:[18:18:09] Starting CPLEX solver on instance: /home/yorig/tuner/mpils-tests/instances/miplib/medium-2/supportcase6.mps with config: /scratch/yorig/mpils-results-grid-ticks-10000-7may/medium-2/24proc-12pils/seed-8/9_supportcase6_seed-8_20260510_181616/iterated_local_search/run_5_worker_12/parallel_24_5.prm
[INFO]:[18:18:14] CPLEX results. Gap: 13.150000, upper bound: 51999.634479, lower bound: 45163.337634
[INFO]:[18:18:14] CPLEX solver finished. Gap: 13.150000
[INFO]:[18:18:15] Worker (ils_group_rank=5) exiting parallel ILS evaluation service.
[INFO]:[18:18:16] Worker 17 completed exploration phase.
[INFO]:[18:18:16] Worker 17 received order for step 2.
[INFO]:[18:18:16] Worker 17 running expansion phase for iteration 5.
[INFO]:[18:18:16] Worker 17 will use solver log file: /scratch/yorig/mpils-results-grid-ticks-10000-7may/medium-2/24proc-12pils/seed-8/9_supportcase6_seed-8_20260510_181616/solver/cplex.log_iteration_expansion_5_worker_17
[INFO]:[18:18:16] Expansion Worker 17 starting expansion for iteration 5.
[INFO]:[18:18:16] Starting CPLEX solver on instance: /home/yorig/tuner/mpils-tests/instances/miplib/medium-2/supportcase6.mps with config: /scratch/yorig/mpils-results-grid-ticks-10000-7may/medium-2/24proc-12pils/seed-8/9_supportcase6_seed-8_20260510_181616/expansion/config_param_CPXPARAM_Sifting_Algorithm_1_iter_5.prm
[INFO]:[18:18:22] CPLEX results. Gap: 13.100000, upper bound: 51972.057840, lower bound: 45165.579073
[INFO]:[18:18:22] CPLEX solver finished. Gap: 13.100000
[INFO]:[18:18:28] Expansion Worker 17 completed expansion.
[INFO]:[18:18:28] Worker 17 completed expansion phase.
[INFO]:[18:18:28] Worker 17 received order for step 1.
[INFO]:[18:18:28] Worker 17 running exploration phase for iteration 6.
[INFO]:[18:18:28] Worker 17 at iteration 6 will not use a MIP start file. Current best MIP-start upper bound threshold is 1.79769e+308.
[INFO]:[18:18:28] Starting local search phase...
[INFO]:[18:18:28] Worker (ils_group_rank=5) entering parallel ILS evaluation service.
[INFO]:[18:18:28] Starting CPLEX solver on instance: /home/yorig/tuner/mpils-tests/instances/miplib/medium-2/supportcase6.mps with config: /scratch/yorig/mpils-results-grid-ticks-10000-7may/medium-2/24proc-12pils/seed-8/9_supportcase6_seed-8_20260510_181616/iterated_local_search/run_6_worker_12/parallel_0_5.prm
[INFO]:[18:18:35] CPLEX results. Gap: 100.000000, upper bound: 112697.744049, lower bound: 0.000000
[INFO]:[18:18:35] CPLEX solver finished. Gap: 100.000000
[INFO]:[18:18:37] Starting CPLEX solver on instance: /home/yorig/tuner/mpils-tests/instances/miplib/medium-2/supportcase6.mps with config: /scratch/yorig/mpils-results-grid-ticks-10000-7may/medium-2/24proc-12pils/seed-8/9_supportcase6_seed-8_20260510_181616/iterated_local_search/run_6_worker_12/parallel_12_5.prm
[INFO]:[18:18:42] CPLEX results. Gap: 59.930000, upper bound: 112697.744049, lower bound: 45160.585035
[INFO]:[18:18:42] CPLEX solver finished. Gap: 59.930000
[INFO]:[18:18:42] Starting CPLEX solver on instance: /home/yorig/tuner/mpils-tests/instances/miplib/medium-2/supportcase6.mps with config: /scratch/yorig/mpils-results-grid-ticks-10000-7may/medium-2/24proc-12pils/seed-8/9_supportcase6_seed-8_20260510_181616/iterated_local_search/run_6_worker_12/parallel_24_5.prm
[INFO]:[18:18:48] CPLEX results. Gap: 27.570000, upper bound: 62373.552970, lower bound: 45177.152127
[INFO]:[18:18:48] CPLEX solver finished. Gap: 27.570000
[INFO]:[18:18:51] Worker (ils_group_rank=5) exiting parallel ILS evaluation service.
[INFO]:[18:18:51] Worker 17 completed exploration phase.
[INFO]:[18:18:51] Worker 17 received order for step 2.
[INFO]:[18:18:51] Worker 17 running expansion phase for iteration 6.
[INFO]:[18:18:51] Worker 17 will use solver log file: /scratch/yorig/mpils-results-grid-ticks-10000-7may/medium-2/24proc-12pils/seed-8/9_supportcase6_seed-8_20260510_181616/solver/cplex.log_iteration_expansion_6_worker_17
[INFO]:[18:18:51] Expansion Worker 17 starting expansion for iteration 6.
[INFO]:[18:18:55] Expansion Worker 17 completed expansion.
[INFO]:[18:18:55] Worker 17 completed expansion phase.
[INFO]:[18:18:55] Worker 17 received order for step 1.
[INFO]:[18:18:55] Worker 17 running exploration phase for iteration 7.
[INFO]:[18:18:55] Worker 17 at iteration 7 will not use a MIP start file. Current best MIP-start upper bound threshold is 1.79769e+308.
[INFO]:[18:18:55] Starting local search phase...
[INFO]:[18:18:55] Worker (ils_group_rank=5) entering parallel ILS evaluation service.
[INFO]:[18:18:55] Starting CPLEX solver on instance: /home/yorig/tuner/mpils-tests/instances/miplib/medium-2/supportcase6.mps with config: /scratch/yorig/mpils-results-grid-ticks-10000-7may/medium-2/24proc-12pils/seed-8/9_supportcase6_seed-8_20260510_181616/iterated_local_search/run_7_worker_12/parallel_0_5.prm
[INFO]:[18:19:03] CPLEX results. Gap: 100.000000, upper bound: 102597.533860, lower bound: 0.000000
[INFO]:[18:19:03] CPLEX solver finished. Gap: 100.000000
[INFO]:[18:19:03] Worker (ils_group_rank=5) exiting parallel ILS evaluation service.
[INFO]:[18:19:03] Worker 17 completed exploration phase.
[INFO]:[18:19:03] Worker 17 received order for step 3.
[INFO]:[18:19:03] Worker 17 finished.
