[INFO]:[04:39:21] Worker 8 starting.
[INFO]:[04:39:21] Worker 8 received order for step 1.
[INFO]:[04:39:21] Worker 8 running exploration phase for iteration 1.
[INFO]:[04:39:21] Worker 8 at iteration 1 will not use a MIP start file. Current best MIP-start upper bound threshold is 1.79769e+308.
[INFO]:[04:39:21] Starting local search phase...
[INFO]:[04:39:21] Worker (ils_group_rank=8) entering parallel ILS evaluation service.
[INFO]:[04:39:21] Starting CPLEX solver on instance: /home/yorig/tuner/mpils-tests/instances/miplib/medium-2/rococoB10-011000.mps with config: /scratch/yorig/mpils-results-grid-ticks-10000-7may/medium-2/24proc-12pils/seed-1/5_rococoB10-011000_seed-1_20260510_043920/iterated_local_search/run_1_worker_0/parallel_0_8.prm
[INFO]:[04:39:28] CPLEX results. Gap: 26.710000, upper bound: 20419.000000, lower bound: 14964.143967
[INFO]:[04:39:28] CPLEX solver finished. Gap: 26.710000
[INFO]:[04:39:28] Starting CPLEX solver on instance: /home/yorig/tuner/mpils-tests/instances/miplib/medium-2/rococoB10-011000.mps with config: /scratch/yorig/mpils-results-grid-ticks-10000-7may/medium-2/24proc-12pils/seed-1/5_rococoB10-011000_seed-1_20260510_043920/iterated_local_search/run_1_worker_0/parallel_12_8.prm
[INFO]:[04:39:35] CPLEX results. Gap: 22.970000, upper bound: 19565.000000, lower bound: 15071.304095
[INFO]:[04:39:35] CPLEX solver finished. Gap: 22.970000
[INFO]:[04:39:36] Worker (ils_group_rank=8) exiting parallel ILS evaluation service.
[INFO]:[04:39:36] Worker 8 completed exploration phase.
[INFO]:[04:39:36] Worker 8 received order for step 2.
[INFO]:[04:39:36] Worker 8 running expansion phase for iteration 1.
[INFO]:[04:39:36] Worker 8 will use solver log file: /scratch/yorig/mpils-results-grid-ticks-10000-7may/medium-2/24proc-12pils/seed-1/5_rococoB10-011000_seed-1_20260510_043920/solver/cplex.log_iteration_expansion_1_worker_8
[INFO]:[04:39:36] Expansion Worker 8 starting expansion for iteration 1.
[INFO]:[04:39:36] Starting CPLEX solver on instance: /home/yorig/tuner/mpils-tests/instances/miplib/medium-2/rococoB10-011000.mps with config: /scratch/yorig/mpils-results-grid-ticks-10000-7may/medium-2/24proc-12pils/seed-1/5_rococoB10-011000_seed-1_20260510_043920/expansion/config_param_CPXPARAM_MIP_Strategy_VariableSelect_-1_iter_1.prm
[INFO]:[04:39:42] CPLEX results. Gap: 43.810000, upper bound: 24622.000000, lower bound: 13835.628696
[INFO]:[04:39:42] CPLEX solver finished. Gap: 43.810000
[INFO]:[04:39:43] Starting CPLEX solver on instance: /home/yorig/tuner/mpils-tests/instances/miplib/medium-2/rococoB10-011000.mps with config: /scratch/yorig/mpils-results-grid-ticks-10000-7may/medium-2/24proc-12pils/seed-1/5_rococoB10-011000_seed-1_20260510_043920/expansion/config_param_CPXPARAM_MIP_Strategy_RINSHeur_20_iter_1.prm
[INFO]:[04:39:50] CPLEX results. Gap: 26.960000, upper bound: 20172.000000, lower bound: 14733.464344
[INFO]:[04:39:50] CPLEX solver finished. Gap: 26.960000
[INFO]:[04:39:57] Expansion Worker 8 completed expansion.
[INFO]:[04:39:57] Worker 8 completed expansion phase.
[INFO]:[04:39:57] Worker 8 received order for step 1.
[INFO]:[04:39:57] Worker 8 running exploration phase for iteration 2.
[INFO]:[04:39:57] Worker 8 at iteration 2 will not use a MIP start file. Current best MIP-start upper bound threshold is 1.79769e+308.
[INFO]:[04:39:57] Starting local search phase...
[INFO]:[04:39:57] Worker (ils_group_rank=8) entering parallel ILS evaluation service.
[INFO]:[04:39:57] Starting CPLEX solver on instance: /home/yorig/tuner/mpils-tests/instances/miplib/medium-2/rococoB10-011000.mps with config: /scratch/yorig/mpils-results-grid-ticks-10000-7may/medium-2/24proc-12pils/seed-1/5_rococoB10-011000_seed-1_20260510_043920/iterated_local_search/run_2_worker_0/parallel_0_8.prm
[INFO]:[04:40:03] CPLEX results. Gap: 22.930000, upper bound: 19960.000000, lower bound: 15382.970622
[INFO]:[04:40:03] CPLEX solver finished. Gap: 22.930000
[INFO]:[04:40:04] Worker (ils_group_rank=8) exiting parallel ILS evaluation service.
[INFO]:[04:40:04] Worker 8 completed exploration phase.
[INFO]:[04:40:04] Worker 8 received order for step 2.
[INFO]:[04:40:04] Worker 8 running expansion phase for iteration 2.
[INFO]:[04:40:04] Worker 8 will use solver log file: /scratch/yorig/mpils-results-grid-ticks-10000-7may/medium-2/24proc-12pils/seed-1/5_rococoB10-011000_seed-1_20260510_043920/solver/cplex.log_iteration_expansion_2_worker_8
[INFO]:[04:40:04] Expansion Worker 8 starting expansion for iteration 2.
[INFO]:[04:40:04] Starting CPLEX solver on instance: /home/yorig/tuner/mpils-tests/instances/miplib/medium-2/rococoB10-011000.mps with config: /scratch/yorig/mpils-results-grid-ticks-10000-7may/medium-2/24proc-12pils/seed-1/5_rococoB10-011000_seed-1_20260510_043920/expansion/config_param_CPXPARAM_Preprocessing_Symmetry_2_iter_2.prm
[INFO]:[04:40:11] CPLEX results. Gap: 21.990000, upper bound: 19565.000000, lower bound: 15262.862847
[INFO]:[04:40:11] CPLEX solver finished. Gap: 21.990000
[INFO]:[04:40:11] Expansion Worker 8 stopping early after global MPI expansion stop was activated.
[INFO]:[04:40:11] Expansion Worker 8 completed expansion.
[INFO]:[04:40:11] Worker 8 completed expansion phase.
[INFO]:[04:40:11] Worker 8 received order for step 1.
[INFO]:[04:40:11] Worker 8 running exploration phase for iteration 3.
[INFO]:[04:40:11] Worker 8 at iteration 3 will not use a MIP start file. Current best MIP-start upper bound threshold is 1.79769e+308.
[INFO]:[04:40:11] Starting local search phase...
[INFO]:[04:40:11] Worker (ils_group_rank=8) entering parallel ILS evaluation service.
[INFO]:[04:40:11] Starting CPLEX solver on instance: /home/yorig/tuner/mpils-tests/instances/miplib/medium-2/rococoB10-011000.mps with config: /scratch/yorig/mpils-results-grid-ticks-10000-7may/medium-2/24proc-12pils/seed-1/5_rococoB10-011000_seed-1_20260510_043920/iterated_local_search/run_3_worker_0/parallel_0_8.prm
[INFO]:[04:40:18] CPLEX results. Gap: 28.800000, upper bound: 20474.000000, lower bound: 14576.666879
[INFO]:[04:40:18] CPLEX solver finished. Gap: 28.800000
[INFO]:[04:40:18] Worker (ils_group_rank=8) exiting parallel ILS evaluation service.
[INFO]:[04:40:19] Worker 8 completed exploration phase.
[INFO]:[04:40:19] Worker 8 received order for step 2.
[INFO]:[04:40:19] Worker 8 running expansion phase for iteration 3.
[INFO]:[04:40:19] Worker 8 will use solver log file: /scratch/yorig/mpils-results-grid-ticks-10000-7may/medium-2/24proc-12pils/seed-1/5_rococoB10-011000_seed-1_20260510_043920/solver/cplex.log_iteration_expansion_3_worker_8
[INFO]:[04:40:19] Expansion Worker 8 starting expansion for iteration 3.
[INFO]:[04:40:19] Starting CPLEX solver on instance: /home/yorig/tuner/mpils-tests/instances/miplib/medium-2/rococoB10-011000.mps with config: /scratch/yorig/mpils-results-grid-ticks-10000-7may/medium-2/24proc-12pils/seed-1/5_rococoB10-011000_seed-1_20260510_043920/expansion/config_param_CPXPARAM_MIP_Strategy_SubAlgorithm_3_iter_3.prm
[INFO]:[04:40:25] CPLEX results. Gap: 39.110000, upper bound: 22485.000000, lower bound: 13691.711742
[INFO]:[04:40:25] CPLEX solver finished. Gap: 39.110000
[INFO]:[04:40:28] Starting CPLEX solver on instance: /home/yorig/tuner/mpils-tests/instances/miplib/medium-2/rococoB10-011000.mps with config: /scratch/yorig/mpils-results-grid-ticks-10000-7may/medium-2/24proc-12pils/seed-1/5_rococoB10-011000_seed-1_20260510_043920/expansion/config_param_CPXPARAM_Barrier_Crossover_1_iter_3.prm
[INFO]:[04:40:34] CPLEX results. Gap: 21.710000, upper bound: 19565.000000, lower bound: 15317.403030
[INFO]:[04:40:34] CPLEX solver finished. Gap: 21.710000
[INFO]:[04:40:34] Expansion Worker 8 completed expansion.
[INFO]:[04:40:34] Worker 8 completed expansion phase.
[INFO]:[04:40:34] Worker 8 received order for step 1.
[INFO]:[04:40:34] Worker 8 running exploration phase for iteration 4.
[INFO]:[04:40:34] Worker 8 at iteration 4 will not use a MIP start file. Current best MIP-start upper bound threshold is 1.79769e+308.
[INFO]:[04:40:34] Starting local search phase...
[INFO]:[04:40:34] Worker (ils_group_rank=8) entering parallel ILS evaluation service.
[INFO]:[04:40:34] Starting CPLEX solver on instance: /home/yorig/tuner/mpils-tests/instances/miplib/medium-2/rococoB10-011000.mps with config: /scratch/yorig/mpils-results-grid-ticks-10000-7may/medium-2/24proc-12pils/seed-1/5_rococoB10-011000_seed-1_20260510_043920/iterated_local_search/run_4_worker_0/parallel_0_8.prm
[INFO]:[04:40:41] CPLEX results. Gap: 24.540000, upper bound: 20226.000000, lower bound: 15262.956117
[INFO]:[04:40:41] CPLEX solver finished. Gap: 24.540000
[INFO]:[04:40:44] Worker (ils_group_rank=8) exiting parallel ILS evaluation service.
[INFO]:[04:40:44] Worker 8 completed exploration phase.
[INFO]:[04:40:44] Worker 8 received order for step 2.
[INFO]:[04:40:44] Worker 8 running expansion phase for iteration 4.
[INFO]:[04:40:44] Worker 8 will use solver log file: /scratch/yorig/mpils-results-grid-ticks-10000-7may/medium-2/24proc-12pils/seed-1/5_rococoB10-011000_seed-1_20260510_043920/solver/cplex.log_iteration_expansion_4_worker_8
[INFO]:[04:40:44] Expansion Worker 8 starting expansion for iteration 4.
[INFO]:[04:40:44] Starting CPLEX solver on instance: /home/yorig/tuner/mpils-tests/instances/miplib/medium-2/rococoB10-011000.mps with config: /scratch/yorig/mpils-results-grid-ticks-10000-7may/medium-2/24proc-12pils/seed-1/5_rococoB10-011000_seed-1_20260510_043920/expansion/config_param_CPXPARAM_Preprocessing_Dependency_0_iter_4.prm
[INFO]:[04:40:50] CPLEX results. Gap: 21.710000, upper bound: 19565.000000, lower bound: 15317.403030
[INFO]:[04:40:50] CPLEX solver finished. Gap: 21.710000
[INFO]:[04:40:56] Expansion Worker 8 completed expansion.
[INFO]:[04:40:56] Worker 8 completed expansion phase.
[INFO]:[04:40:57] Worker 8 received order for step 1.
[INFO]:[04:40:57] Worker 8 running exploration phase for iteration 5.
[INFO]:[04:40:57] Worker 8 at iteration 5 will not use a MIP start file. Current best MIP-start upper bound threshold is 1.79769e+308.
[INFO]:[04:40:57] Starting local search phase...
[INFO]:[04:40:57] Worker (ils_group_rank=8) entering parallel ILS evaluation service.
[INFO]:[04:40:57] Starting CPLEX solver on instance: /home/yorig/tuner/mpils-tests/instances/miplib/medium-2/rococoB10-011000.mps with config: /scratch/yorig/mpils-results-grid-ticks-10000-7may/medium-2/24proc-12pils/seed-1/5_rococoB10-011000_seed-1_20260510_043920/iterated_local_search/run_5_worker_0/parallel_0_8.prm
[INFO]:[04:41:03] CPLEX results. Gap: 23.870000, upper bound: 20246.000000, lower bound: 15412.392143
[INFO]:[04:41:03] CPLEX solver finished. Gap: 23.870000
[INFO]:[04:41:04] Worker (ils_group_rank=8) exiting parallel ILS evaluation service.
[INFO]:[04:41:04] Worker 8 completed exploration phase.
[INFO]:[04:41:04] Worker 8 received order for step 2.
[INFO]:[04:41:04] Worker 8 running expansion phase for iteration 5.
[INFO]:[04:41:04] Worker 8 will use solver log file: /scratch/yorig/mpils-results-grid-ticks-10000-7may/medium-2/24proc-12pils/seed-1/5_rococoB10-011000_seed-1_20260510_043920/solver/cplex.log_iteration_expansion_5_worker_8
[INFO]:[04:41:04] Expansion Worker 8 starting expansion for iteration 5.
[INFO]:[04:41:04] Starting CPLEX solver on instance: /home/yorig/tuner/mpils-tests/instances/miplib/medium-2/rococoB10-011000.mps with config: /scratch/yorig/mpils-results-grid-ticks-10000-7may/medium-2/24proc-12pils/seed-1/5_rococoB10-011000_seed-1_20260510_043920/expansion/config_param_CPXPARAM_Preprocessing_RepeatPresolve_2_iter_5.prm
[INFO]:[04:41:10] CPLEX results. Gap: 30.820000, upper bound: 20191.000000, lower bound: 13968.031995
[INFO]:[04:41:10] CPLEX solver finished. Gap: 30.820000
[INFO]:[04:41:11] Starting CPLEX solver on instance: /home/yorig/tuner/mpils-tests/instances/miplib/medium-2/rococoB10-011000.mps with config: /scratch/yorig/mpils-results-grid-ticks-10000-7may/medium-2/24proc-12pils/seed-1/5_rococoB10-011000_seed-1_20260510_043920/expansion/config_param_CPXPARAM_MIP_Limits_StrongCand_20_iter_5.prm
[INFO]:[04:41:18] CPLEX results. Gap: 21.710000, upper bound: 19565.000000, lower bound: 15317.403030
[INFO]:[04:41:18] CPLEX solver finished. Gap: 21.710000
[INFO]:[04:41:18] Expansion Worker 8 completed expansion.
[INFO]:[04:41:18] Worker 8 completed expansion phase.
[INFO]:[04:41:18] Worker 8 received order for step 1.
[INFO]:[04:41:18] Worker 8 running exploration phase for iteration 6.
[INFO]:[04:41:18] Worker 8 at iteration 6 will not use a MIP start file. Current best MIP-start upper bound threshold is 1.79769e+308.
[INFO]:[04:41:18] Starting local search phase...
[INFO]:[04:41:18] Worker (ils_group_rank=8) entering parallel ILS evaluation service.
[INFO]:[04:41:18] Starting CPLEX solver on instance: /home/yorig/tuner/mpils-tests/instances/miplib/medium-2/rococoB10-011000.mps with config: /scratch/yorig/mpils-results-grid-ticks-10000-7may/medium-2/24proc-12pils/seed-1/5_rococoB10-011000_seed-1_20260510_043920/iterated_local_search/run_6_worker_0/parallel_0_8.prm
[INFO]:[04:41:24] CPLEX results. Gap: 21.710000, upper bound: 19565.000000, lower bound: 15317.403030
[INFO]:[04:41:24] CPLEX solver finished. Gap: 21.710000
[INFO]:[04:41:26] Starting CPLEX solver on instance: /home/yorig/tuner/mpils-tests/instances/miplib/medium-2/rococoB10-011000.mps with config: /scratch/yorig/mpils-results-grid-ticks-10000-7may/medium-2/24proc-12pils/seed-1/5_rococoB10-011000_seed-1_20260510_043920/iterated_local_search/run_6_worker_0/parallel_12_8.prm
[INFO]:[04:41:33] CPLEX results. Gap: 26.760000, upper bound: 20760.000000, lower bound: 15205.408907
[INFO]:[04:41:33] CPLEX solver finished. Gap: 26.760000
[INFO]:[04:41:40] Starting CPLEX solver on instance: /home/yorig/tuner/mpils-tests/instances/miplib/medium-2/rococoB10-011000.mps with config: /scratch/yorig/mpils-results-grid-ticks-10000-7may/medium-2/24proc-12pils/seed-1/5_rococoB10-011000_seed-1_20260510_043920/iterated_local_search/run_6_worker_0/parallel_25_8.prm
[INFO]:[04:41:46] CPLEX results. Gap: 25.290000, upper bound: 20519.000000, lower bound: 15329.361744
[INFO]:[04:41:46] CPLEX solver finished. Gap: 25.290000
[INFO]:[04:41:47] Worker (ils_group_rank=8) exiting parallel ILS evaluation service.
[INFO]:[04:41:47] Worker 8 completed exploration phase.
[INFO]:[04:41:47] Worker 8 received order for step 2.
[INFO]:[04:41:47] Worker 8 running expansion phase for iteration 6.
[INFO]:[04:41:47] Worker 8 will use solver log file: /scratch/yorig/mpils-results-grid-ticks-10000-7may/medium-2/24proc-12pils/seed-1/5_rococoB10-011000_seed-1_20260510_043920/solver/cplex.log_iteration_expansion_6_worker_8
[INFO]:[04:41:47] Expansion Worker 8 starting expansion for iteration 6.
[INFO]:[04:41:53] Expansion Worker 8 completed expansion.
[INFO]:[04:41:53] Worker 8 completed expansion phase.
[INFO]:[04:41:54] Worker 8 received order for step 1.
[INFO]:[04:41:54] Worker 8 running exploration phase for iteration 7.
[INFO]:[04:41:54] Worker 8 at iteration 7 will not use a MIP start file. Current best MIP-start upper bound threshold is 1.79769e+308.
[INFO]:[04:41:54] Starting local search phase...
[INFO]:[04:41:54] Worker (ils_group_rank=8) entering parallel ILS evaluation service.
[INFO]:[04:41:54] Starting CPLEX solver on instance: /home/yorig/tuner/mpils-tests/instances/miplib/medium-2/rococoB10-011000.mps with config: /scratch/yorig/mpils-results-grid-ticks-10000-7may/medium-2/24proc-12pils/seed-1/5_rococoB10-011000_seed-1_20260510_043920/iterated_local_search/run_7_worker_0/parallel_0_8.prm
[INFO]:[04:42:01] CPLEX results. Gap: 29.730000, upper bound: 21228.000000, lower bound: 14916.643047
[INFO]:[04:42:01] CPLEX solver finished. Gap: 29.730000
[INFO]:[04:42:01] Worker (ils_group_rank=8) exiting parallel ILS evaluation service.
[INFO]:[04:42:02] Worker 8 completed exploration phase.
[INFO]:[04:42:02] Worker 8 received order for step 3.
[INFO]:[04:42:02] Worker 8 finished.
