[INFO]:[18:59:24] Worker 10 starting.
[INFO]:[18:59:24] Worker 10 received order for step 1.
[INFO]:[18:59:24] Worker 10 running exploration phase for iteration 1.
[INFO]:[18:59:24] Worker 10 at iteration 1 will not use a MIP start file. Current best MIP-start upper bound threshold is 1.79769e+308.
[INFO]:[18:59:24] Starting local search phase...
[INFO]:[18:59:24] Creating local search space from parameter space file: /scratch/yorig/mpils-results-grid-seconds-5-4may/medium-2/24proc/seed-5/10_var-smallemery-m6j6_seed-5_20260504_185923/iterated_local_search/search_space/search_space_file_1_worker_10.txt
[INFO]:[18:59:24] Local search space loaded from file: /scratch/yorig/mpils-results-grid-seconds-5-4may/medium-2/24proc/seed-5/10_var-smallemery-m6j6_seed-5_20260504_185923/iterated_local_search/search_space/search_space_file_1_worker_10.txt
[INFO]:[18:59:24] Number of parameters in local search space: 71
[INFO]:[18:59:24] Number of forbidden tuples in local search space: 0
[INFO]:[18:59:24] Number of conditionals in local search space: 6
[INFO]:[18:59:24] MIP start option not enabled. Local search will proceed without MIP start.
[INFO]:[18:59:24] Evaluating initial configuration for local search phase...
[INFO]:[18:59:24] Starting CPLEX solver on instance: /home/yorig/tuner/mpils-tests/instances/miplib/medium-2/var-smallemery-m6j6.mps with config: /scratch/yorig/mpils-results-grid-seconds-5-4may/medium-2/24proc/seed-5/10_var-smallemery-m6j6_seed-5_20260504_185923/iterated_local_search/run_1_worker_10/ils_config_11086909838865069335.prm
[INFO]:[18:59:24] Starting CPLEX solver on instance: /home/yorig/tuner/mpils-tests/instances/miplib/medium-2/var-smallemery-m6j6.mps with config: /scratch/yorig/mpils-results-grid-seconds-5-4may/medium-2/24proc/seed-5/10_var-smallemery-m6j6_seed-5_20260504_185923/iterated_local_search/run_1_worker_10/ils_config_11086909838865069335.prm
[INFO]:[18:59:30] CPLEX results. Gap: 6.320000, upper bound: -145.906250, lower bound: -155.124181
[INFO]:[18:59:30] CPLEX solver finished. Gap: 6.320000
[INFO]:[18:59:30] Initial configuration evaluated with objective value: 6.32
[INFO]:[18:59:30] Starting CPLEX solver on instance: /home/yorig/tuner/mpils-tests/instances/miplib/medium-2/var-smallemery-m6j6.mps with config: /scratch/yorig/mpils-results-grid-seconds-5-4may/medium-2/24proc/seed-5/10_var-smallemery-m6j6_seed-5_20260504_185923/iterated_local_search/run_1_worker_10/ils_config_1755283738800954337.prm
[INFO]:[18:59:30] Starting CPLEX solver on instance: /home/yorig/tuner/mpils-tests/instances/miplib/medium-2/var-smallemery-m6j6.mps with config: /scratch/yorig/mpils-results-grid-seconds-5-4may/medium-2/24proc/seed-5/10_var-smallemery-m6j6_seed-5_20260504_185923/iterated_local_search/run_1_worker_10/ils_config_1755283738800954337.prm
[INFO]:[18:59:35] CPLEX results. Gap: 6.920000, upper bound: -145.843750, lower bound: -155.929968
[INFO]:[18:59:35] CPLEX solver finished. Gap: 6.920000
[INFO]:[18:59:35] Starting CPLEX solver on instance: /home/yorig/tuner/mpils-tests/instances/miplib/medium-2/var-smallemery-m6j6.mps with config: /scratch/yorig/mpils-results-grid-seconds-5-4may/medium-2/24proc/seed-5/10_var-smallemery-m6j6_seed-5_20260504_185923/iterated_local_search/run_1_worker_10/ils_config_6101840740754279443.prm
[INFO]:[18:59:35] Starting CPLEX solver on instance: /home/yorig/tuner/mpils-tests/instances/miplib/medium-2/var-smallemery-m6j6.mps with config: /scratch/yorig/mpils-results-grid-seconds-5-4may/medium-2/24proc/seed-5/10_var-smallemery-m6j6_seed-5_20260504_185923/iterated_local_search/run_1_worker_10/ils_config_6101840740754279443.prm
[INFO]:[18:59:40] CPLEX results. Gap: 6.320000, upper bound: -145.906250, lower bound: -155.124181
[INFO]:[18:59:40] CPLEX solver finished. Gap: 6.320000
[INFO]:[18:59:40] Starting CPLEX solver on instance: /home/yorig/tuner/mpils-tests/instances/miplib/medium-2/var-smallemery-m6j6.mps with config: /scratch/yorig/mpils-results-grid-seconds-5-4may/medium-2/24proc/seed-5/10_var-smallemery-m6j6_seed-5_20260504_185923/iterated_local_search/run_1_worker_10/ils_config_3342256699596366814.prm
[INFO]:[18:59:40] Starting CPLEX solver on instance: /home/yorig/tuner/mpils-tests/instances/miplib/medium-2/var-smallemery-m6j6.mps with config: /scratch/yorig/mpils-results-grid-seconds-5-4may/medium-2/24proc/seed-5/10_var-smallemery-m6j6_seed-5_20260504_185923/iterated_local_search/run_1_worker_10/ils_config_3342256699596366814.prm
[INFO]:[18:59:45] CPLEX results. Gap: 9.990000, upper bound: -141.875000, lower bound: -156.048283
[INFO]:[18:59:45] CPLEX solver finished. Gap: 9.990000
[INFO]:[18:59:45] Starting CPLEX solver on instance: /home/yorig/tuner/mpils-tests/instances/miplib/medium-2/var-smallemery-m6j6.mps with config: /scratch/yorig/mpils-results-grid-seconds-5-4may/medium-2/24proc/seed-5/10_var-smallemery-m6j6_seed-5_20260504_185923/iterated_local_search/run_1_worker_10/ils_config_933219185955739546.prm
[INFO]:[18:59:45] Starting CPLEX solver on instance: /home/yorig/tuner/mpils-tests/instances/miplib/medium-2/var-smallemery-m6j6.mps with config: /scratch/yorig/mpils-results-grid-seconds-5-4may/medium-2/24proc/seed-5/10_var-smallemery-m6j6_seed-5_20260504_185923/iterated_local_search/run_1_worker_10/ils_config_933219185955739546.prm
[INFO]:[18:59:51] CPLEX results. Gap: 6.740000, upper bound: -145.906250, lower bound: -155.744312
[INFO]:[18:59:51] CPLEX solver finished. Gap: 6.740000
[INFO]:[18:59:51] Starting CPLEX solver on instance: /home/yorig/tuner/mpils-tests/instances/miplib/medium-2/var-smallemery-m6j6.mps with config: /scratch/yorig/mpils-results-grid-seconds-5-4may/medium-2/24proc/seed-5/10_var-smallemery-m6j6_seed-5_20260504_185923/iterated_local_search/run_1_worker_10/ils_config_3103360928948852202.prm
[INFO]:[18:59:51] Starting CPLEX solver on instance: /home/yorig/tuner/mpils-tests/instances/miplib/medium-2/var-smallemery-m6j6.mps with config: /scratch/yorig/mpils-results-grid-seconds-5-4may/medium-2/24proc/seed-5/10_var-smallemery-m6j6_seed-5_20260504_185923/iterated_local_search/run_1_worker_10/ils_config_3103360928948852202.prm
[INFO]:[18:59:56] CPLEX results. Gap: 6.920000, upper bound: -145.843750, lower bound: -155.929968
[INFO]:[18:59:56] CPLEX solver finished. Gap: 6.920000
[INFO]:[18:59:56] Starting CPLEX solver on instance: /home/yorig/tuner/mpils-tests/instances/miplib/medium-2/var-smallemery-m6j6.mps with config: /scratch/yorig/mpils-results-grid-seconds-5-4may/medium-2/24proc/seed-5/10_var-smallemery-m6j6_seed-5_20260504_185923/iterated_local_search/run_1_worker_10/ils_config_13669490369007727258.prm
[INFO]:[18:59:56] Starting CPLEX solver on instance: /home/yorig/tuner/mpils-tests/instances/miplib/medium-2/var-smallemery-m6j6.mps with config: /scratch/yorig/mpils-results-grid-seconds-5-4may/medium-2/24proc/seed-5/10_var-smallemery-m6j6_seed-5_20260504_185923/iterated_local_search/run_1_worker_10/ils_config_13669490369007727258.prm
[INFO]:[19:00:01] CPLEX results. Gap: 6.320000, upper bound: -145.906250, lower bound: -155.124181
[INFO]:[19:00:01] CPLEX solver finished. Gap: 6.320000
[INFO]:[19:00:01] Starting CPLEX solver on instance: /home/yorig/tuner/mpils-tests/instances/miplib/medium-2/var-smallemery-m6j6.mps with config: /scratch/yorig/mpils-results-grid-seconds-5-4may/medium-2/24proc/seed-5/10_var-smallemery-m6j6_seed-5_20260504_185923/iterated_local_search/run_1_worker_10/ils_config_182924290330978162.prm
[INFO]:[19:00:01] Starting CPLEX solver on instance: /home/yorig/tuner/mpils-tests/instances/miplib/medium-2/var-smallemery-m6j6.mps with config: /scratch/yorig/mpils-results-grid-seconds-5-4may/medium-2/24proc/seed-5/10_var-smallemery-m6j6_seed-5_20260504_185923/iterated_local_search/run_1_worker_10/ils_config_182924290330978162.prm
[INFO]:[19:00:06] CPLEX results. Gap: 6.320000, upper bound: -145.906250, lower bound: -155.124181
[INFO]:[19:00:06] CPLEX solver finished. Gap: 6.320000
[INFO]:[19:00:06] Starting CPLEX solver on instance: /home/yorig/tuner/mpils-tests/instances/miplib/medium-2/var-smallemery-m6j6.mps with config: /scratch/yorig/mpils-results-grid-seconds-5-4may/medium-2/24proc/seed-5/10_var-smallemery-m6j6_seed-5_20260504_185923/iterated_local_search/run_1_worker_10/ils_config_7594914241197565056.prm
[INFO]:[19:00:06] Starting CPLEX solver on instance: /home/yorig/tuner/mpils-tests/instances/miplib/medium-2/var-smallemery-m6j6.mps with config: /scratch/yorig/mpils-results-grid-seconds-5-4may/medium-2/24proc/seed-5/10_var-smallemery-m6j6_seed-5_20260504_185923/iterated_local_search/run_1_worker_10/ils_config_7594914241197565056.prm
[INFO]:[19:00:11] CPLEX results. Gap: 6.320000, upper bound: -145.906250, lower bound: -155.124181
[INFO]:[19:00:11] CPLEX solver finished. Gap: 6.320000
[INFO]:[19:00:11] Starting CPLEX solver on instance: /home/yorig/tuner/mpils-tests/instances/miplib/medium-2/var-smallemery-m6j6.mps with config: /scratch/yorig/mpils-results-grid-seconds-5-4may/medium-2/24proc/seed-5/10_var-smallemery-m6j6_seed-5_20260504_185923/iterated_local_search/run_1_worker_10/ils_config_13797976289982934022.prm
[INFO]:[19:00:11] Starting CPLEX solver on instance: /home/yorig/tuner/mpils-tests/instances/miplib/medium-2/var-smallemery-m6j6.mps with config: /scratch/yorig/mpils-results-grid-seconds-5-4may/medium-2/24proc/seed-5/10_var-smallemery-m6j6_seed-5_20260504_185923/iterated_local_search/run_1_worker_10/ils_config_13797976289982934022.prm
[INFO]:[19:00:17] CPLEX results. Gap: 6.740000, upper bound: -145.906250, lower bound: -155.736836
[INFO]:[19:00:17] CPLEX solver finished. Gap: 6.740000
[INFO]:[19:00:17] Starting CPLEX solver on instance: /home/yorig/tuner/mpils-tests/instances/miplib/medium-2/var-smallemery-m6j6.mps with config: /scratch/yorig/mpils-results-grid-seconds-5-4may/medium-2/24proc/seed-5/10_var-smallemery-m6j6_seed-5_20260504_185923/iterated_local_search/run_1_worker_10/ils_config_4309280485113563054.prm
[INFO]:[19:00:17] Starting CPLEX solver on instance: /home/yorig/tuner/mpils-tests/instances/miplib/medium-2/var-smallemery-m6j6.mps with config: /scratch/yorig/mpils-results-grid-seconds-5-4may/medium-2/24proc/seed-5/10_var-smallemery-m6j6_seed-5_20260504_185923/iterated_local_search/run_1_worker_10/ils_config_4309280485113563054.prm
[INFO]:[19:00:22] CPLEX results. Gap: 6.920000, upper bound: -145.843750, lower bound: -155.929968
[INFO]:[19:00:22] CPLEX solver finished. Gap: 6.920000
[INFO]:[19:00:22] Starting CPLEX solver on instance: /home/yorig/tuner/mpils-tests/instances/miplib/medium-2/var-smallemery-m6j6.mps with config: /scratch/yorig/mpils-results-grid-seconds-5-4may/medium-2/24proc/seed-5/10_var-smallemery-m6j6_seed-5_20260504_185923/iterated_local_search/run_1_worker_10/ils_config_3115302559324185955.prm
[INFO]:[19:00:22] Starting CPLEX solver on instance: /home/yorig/tuner/mpils-tests/instances/miplib/medium-2/var-smallemery-m6j6.mps with config: /scratch/yorig/mpils-results-grid-seconds-5-4may/medium-2/24proc/seed-5/10_var-smallemery-m6j6_seed-5_20260504_185923/iterated_local_search/run_1_worker_10/ils_config_3115302559324185955.prm
[INFO]:[19:00:27] CPLEX results. Gap: 14.880000, upper bound: -135.843750, lower bound: -156.056268
[INFO]:[19:00:27] CPLEX solver finished. Gap: 14.880000
[INFO]:[19:00:27] Starting CPLEX solver on instance: /home/yorig/tuner/mpils-tests/instances/miplib/medium-2/var-smallemery-m6j6.mps with config: /scratch/yorig/mpils-results-grid-seconds-5-4may/medium-2/24proc/seed-5/10_var-smallemery-m6j6_seed-5_20260504_185923/iterated_local_search/run_1_worker_10/ils_config_8016998844269968418.prm
[INFO]:[19:00:27] Starting CPLEX solver on instance: /home/yorig/tuner/mpils-tests/instances/miplib/medium-2/var-smallemery-m6j6.mps with config: /scratch/yorig/mpils-results-grid-seconds-5-4may/medium-2/24proc/seed-5/10_var-smallemery-m6j6_seed-5_20260504_185923/iterated_local_search/run_1_worker_10/ils_config_8016998844269968418.prm
[INFO]:[19:00:32] CPLEX results. Gap: 6.320000, upper bound: -145.906250, lower bound: -155.124181
[INFO]:[19:00:32] CPLEX solver finished. Gap: 6.320000
[INFO]:[19:00:32] Starting CPLEX solver on instance: /home/yorig/tuner/mpils-tests/instances/miplib/medium-2/var-smallemery-m6j6.mps with config: /scratch/yorig/mpils-results-grid-seconds-5-4may/medium-2/24proc/seed-5/10_var-smallemery-m6j6_seed-5_20260504_185923/iterated_local_search/run_1_worker_10/ils_config_5783249787657911230.prm
[INFO]:[19:00:32] Starting CPLEX solver on instance: /home/yorig/tuner/mpils-tests/instances/miplib/medium-2/var-smallemery-m6j6.mps with config: /scratch/yorig/mpils-results-grid-seconds-5-4may/medium-2/24proc/seed-5/10_var-smallemery-m6j6_seed-5_20260504_185923/iterated_local_search/run_1_worker_10/ils_config_5783249787657911230.prm
[INFO]:[19:00:37] CPLEX results. Gap: 6.350000, upper bound: -145.906250, lower bound: -155.174218
[INFO]:[19:00:37] CPLEX solver finished. Gap: 6.350000
[INFO]:[19:00:37] Starting CPLEX solver on instance: /home/yorig/tuner/mpils-tests/instances/miplib/medium-2/var-smallemery-m6j6.mps with config: /scratch/yorig/mpils-results-grid-seconds-5-4may/medium-2/24proc/seed-5/10_var-smallemery-m6j6_seed-5_20260504_185923/iterated_local_search/run_1_worker_10/ils_config_18234494434707534141.prm
[INFO]:[19:00:37] Starting CPLEX solver on instance: /home/yorig/tuner/mpils-tests/instances/miplib/medium-2/var-smallemery-m6j6.mps with config: /scratch/yorig/mpils-results-grid-seconds-5-4may/medium-2/24proc/seed-5/10_var-smallemery-m6j6_seed-5_20260504_185923/iterated_local_search/run_1_worker_10/ils_config_18234494434707534141.prm
[INFO]:[19:00:43] CPLEX results. Gap: 6.320000, upper bound: -145.906250, lower bound: -155.124181
[INFO]:[19:00:43] CPLEX solver finished. Gap: 6.320000
[INFO]:[19:00:43] Starting CPLEX solver on instance: /home/yorig/tuner/mpils-tests/instances/miplib/medium-2/var-smallemery-m6j6.mps with config: /scratch/yorig/mpils-results-grid-seconds-5-4may/medium-2/24proc/seed-5/10_var-smallemery-m6j6_seed-5_20260504_185923/iterated_local_search/run_1_worker_10/ils_config_8018538506491835733.prm
[INFO]:[19:00:43] Starting CPLEX solver on instance: /home/yorig/tuner/mpils-tests/instances/miplib/medium-2/var-smallemery-m6j6.mps with config: /scratch/yorig/mpils-results-grid-seconds-5-4may/medium-2/24proc/seed-5/10_var-smallemery-m6j6_seed-5_20260504_185923/iterated_local_search/run_1_worker_10/ils_config_8018538506491835733.prm
[INFO]:[19:00:48] CPLEX results. Gap: 6.320000, upper bound: -145.906250, lower bound: -155.124181
[INFO]:[19:00:48] CPLEX solver finished. Gap: 6.320000
[INFO]:[19:00:48] Starting CPLEX solver on instance: /home/yorig/tuner/mpils-tests/instances/miplib/medium-2/var-smallemery-m6j6.mps with config: /scratch/yorig/mpils-results-grid-seconds-5-4may/medium-2/24proc/seed-5/10_var-smallemery-m6j6_seed-5_20260504_185923/iterated_local_search/run_1_worker_10/ils_config_3484076339970305973.prm
[INFO]:[19:00:48] Starting CPLEX solver on instance: /home/yorig/tuner/mpils-tests/instances/miplib/medium-2/var-smallemery-m6j6.mps with config: /scratch/yorig/mpils-results-grid-seconds-5-4may/medium-2/24proc/seed-5/10_var-smallemery-m6j6_seed-5_20260504_185923/iterated_local_search/run_1_worker_10/ils_config_3484076339970305973.prm
[INFO]:[19:00:53] CPLEX results. Gap: 6.320000, upper bound: -145.906250, lower bound: -155.124181
[INFO]:[19:00:53] CPLEX solver finished. Gap: 6.320000
[INFO]:[19:00:53] Starting CPLEX solver on instance: /home/yorig/tuner/mpils-tests/instances/miplib/medium-2/var-smallemery-m6j6.mps with config: /scratch/yorig/mpils-results-grid-seconds-5-4may/medium-2/24proc/seed-5/10_var-smallemery-m6j6_seed-5_20260504_185923/iterated_local_search/run_1_worker_10/ils_config_14081466754177962561.prm
[INFO]:[19:00:53] Starting CPLEX solver on instance: /home/yorig/tuner/mpils-tests/instances/miplib/medium-2/var-smallemery-m6j6.mps with config: /scratch/yorig/mpils-results-grid-seconds-5-4may/medium-2/24proc/seed-5/10_var-smallemery-m6j6_seed-5_20260504_185923/iterated_local_search/run_1_worker_10/ils_config_14081466754177962561.prm
[INFO]:[19:00:58] CPLEX results. Gap: 6.360000, upper bound: -145.906250, lower bound: -155.186147
[INFO]:[19:00:58] CPLEX solver finished. Gap: 6.360000
[INFO]:[19:00:58] Starting CPLEX solver on instance: /home/yorig/tuner/mpils-tests/instances/miplib/medium-2/var-smallemery-m6j6.mps with config: /scratch/yorig/mpils-results-grid-seconds-5-4may/medium-2/24proc/seed-5/10_var-smallemery-m6j6_seed-5_20260504_185923/iterated_local_search/run_1_worker_10/ils_config_16949096717645528867.prm
[INFO]:[19:00:58] Starting CPLEX solver on instance: /home/yorig/tuner/mpils-tests/instances/miplib/medium-2/var-smallemery-m6j6.mps with config: /scratch/yorig/mpils-results-grid-seconds-5-4may/medium-2/24proc/seed-5/10_var-smallemery-m6j6_seed-5_20260504_185923/iterated_local_search/run_1_worker_10/ils_config_16949096717645528867.prm
[INFO]:[19:01:03] CPLEX results. Gap: 6.320000, upper bound: -145.906250, lower bound: -155.124181
[INFO]:[19:01:03] CPLEX solver finished. Gap: 6.320000
[INFO]:[19:01:03] Starting CPLEX solver on instance: /home/yorig/tuner/mpils-tests/instances/miplib/medium-2/var-smallemery-m6j6.mps with config: /scratch/yorig/mpils-results-grid-seconds-5-4may/medium-2/24proc/seed-5/10_var-smallemery-m6j6_seed-5_20260504_185923/iterated_local_search/run_1_worker_10/ils_config_15768524968066973080.prm
[INFO]:[19:01:03] Starting CPLEX solver on instance: /home/yorig/tuner/mpils-tests/instances/miplib/medium-2/var-smallemery-m6j6.mps with config: /scratch/yorig/mpils-results-grid-seconds-5-4may/medium-2/24proc/seed-5/10_var-smallemery-m6j6_seed-5_20260504_185923/iterated_local_search/run_1_worker_10/ils_config_15768524968066973080.prm
[INFO]:[19:01:09] CPLEX results. Gap: 6.320000, upper bound: -145.906250, lower bound: -155.124181
[INFO]:[19:01:09] CPLEX solver finished. Gap: 6.320000
[INFO]:[19:01:09] Local search phase completed.
[INFO]:[19:01:09] Total number of new local-search evaluations: 20
[INFO]:[19:01:09] Final incumbent objective value: 6.32
[INFO]:[19:01:09] Worker 10 completed exploration phase.
[INFO]:[19:01:09] Worker 10 received order for step 2.
[INFO]:[19:01:09] Worker 10 running expansion phase for iteration 1.
[INFO]:[19:01:09] Worker 10 will use solver log file: /scratch/yorig/mpils-results-grid-seconds-5-4may/medium-2/24proc/seed-5/10_var-smallemery-m6j6_seed-5_20260504_185923/solver/cplex.log_iteration_expansion_1_worker_10
[INFO]:[19:01:09] Expansion Worker 10 starting expansion for iteration 1.
[INFO]:[19:01:09] Starting CPLEX solver on instance: /home/yorig/tuner/mpils-tests/instances/miplib/medium-2/var-smallemery-m6j6.mps with config: /scratch/yorig/mpils-results-grid-seconds-5-4may/medium-2/24proc/seed-5/10_var-smallemery-m6j6_seed-5_20260504_185923/expansion/config_param_CPXPARAM_MIP_Strategy_VariableSelect_2_iter_1.prm
[INFO]:[19:01:14] CPLEX results. Gap: 6.880000, upper bound: -145.906250, lower bound: -155.938326
[INFO]:[19:01:14] CPLEX solver finished. Gap: 6.880000
[INFO]:[19:01:14] Expansion Worker 10 stopping early after global MPI expansion stop was activated.
[INFO]:[19:01:14] Expansion Worker 10 completed expansion.
[INFO]:[19:01:14] Worker 10 completed expansion phase.
[INFO]:[19:01:14] Worker 10 received order for step 1.
[INFO]:[19:01:14] Worker 10 running exploration phase for iteration 2.
[INFO]:[19:01:14] Worker 10 at iteration 2 will not use a MIP start file. Current best MIP-start upper bound threshold is 1.79769e+308.
[INFO]:[19:01:14] Starting local search phase...
[INFO]:[19:01:14] Creating local search space from parameter space file: /scratch/yorig/mpils-results-grid-seconds-5-4may/medium-2/24proc/seed-5/10_var-smallemery-m6j6_seed-5_20260504_185923/iterated_local_search/search_space/search_space_file_2_worker_10.txt
[INFO]:[19:01:14] Local search space loaded from file: /scratch/yorig/mpils-results-grid-seconds-5-4may/medium-2/24proc/seed-5/10_var-smallemery-m6j6_seed-5_20260504_185923/iterated_local_search/search_space/search_space_file_2_worker_10.txt
[INFO]:[19:01:14] Number of parameters in local search space: 71
[INFO]:[19:01:14] Number of forbidden tuples in local search space: 26
[INFO]:[19:01:14] Number of conditionals in local search space: 6
[INFO]:[19:01:14] MIP start option not enabled. Local search will proceed without MIP start.
[INFO]:[19:01:14] Evaluating initial configuration for local search phase...
[INFO]:[19:01:14] Starting CPLEX solver on instance: /home/yorig/tuner/mpils-tests/instances/miplib/medium-2/var-smallemery-m6j6.mps with config: /scratch/yorig/mpils-results-grid-seconds-5-4may/medium-2/24proc/seed-5/10_var-smallemery-m6j6_seed-5_20260504_185923/iterated_local_search/run_2_worker_10/ils_config_5504766832488962281.prm
[INFO]:[19:01:14] Starting CPLEX solver on instance: /home/yorig/tuner/mpils-tests/instances/miplib/medium-2/var-smallemery-m6j6.mps with config: /scratch/yorig/mpils-results-grid-seconds-5-4may/medium-2/24proc/seed-5/10_var-smallemery-m6j6_seed-5_20260504_185923/iterated_local_search/run_2_worker_10/ils_config_5504766832488962281.prm
[INFO]:[19:01:19] CPLEX results. Gap: 60.160000, upper bound: -97.437500, lower bound: -156.056268
[INFO]:[19:01:19] CPLEX solver finished. Gap: 60.160000
[INFO]:[19:01:19] Initial configuration evaluated with objective value: 60.16
[INFO]:[19:01:20] Starting CPLEX solver on instance: /home/yorig/tuner/mpils-tests/instances/miplib/medium-2/var-smallemery-m6j6.mps with config: /scratch/yorig/mpils-results-grid-seconds-5-4may/medium-2/24proc/seed-5/10_var-smallemery-m6j6_seed-5_20260504_185923/iterated_local_search/run_2_worker_10/ils_config_8586094295578995288.prm
[INFO]:[19:01:20] Starting CPLEX solver on instance: /home/yorig/tuner/mpils-tests/instances/miplib/medium-2/var-smallemery-m6j6.mps with config: /scratch/yorig/mpils-results-grid-seconds-5-4may/medium-2/24proc/seed-5/10_var-smallemery-m6j6_seed-5_20260504_185923/iterated_local_search/run_2_worker_10/ils_config_8586094295578995288.prm
[INFO]:[19:01:25] CPLEX results. Gap: 60.160000, upper bound: -97.437500, lower bound: -156.056268
[INFO]:[19:01:25] CPLEX solver finished. Gap: 60.160000
[INFO]:[19:01:25] Starting CPLEX solver on instance: /home/yorig/tuner/mpils-tests/instances/miplib/medium-2/var-smallemery-m6j6.mps with config: /scratch/yorig/mpils-results-grid-seconds-5-4may/medium-2/24proc/seed-5/10_var-smallemery-m6j6_seed-5_20260504_185923/iterated_local_search/run_2_worker_10/ils_config_15213420000518579399.prm
[INFO]:[19:01:25] Starting CPLEX solver on instance: /home/yorig/tuner/mpils-tests/instances/miplib/medium-2/var-smallemery-m6j6.mps with config: /scratch/yorig/mpils-results-grid-seconds-5-4may/medium-2/24proc/seed-5/10_var-smallemery-m6j6_seed-5_20260504_185923/iterated_local_search/run_2_worker_10/ils_config_15213420000518579399.prm
[INFO]:[19:01:30] CPLEX results. Gap: 60.160000, upper bound: -97.437500, lower bound: -156.056268
[INFO]:[19:01:30] CPLEX solver finished. Gap: 60.160000
[INFO]:[19:01:30] Starting CPLEX solver on instance: /home/yorig/tuner/mpils-tests/instances/miplib/medium-2/var-smallemery-m6j6.mps with config: /scratch/yorig/mpils-results-grid-seconds-5-4may/medium-2/24proc/seed-5/10_var-smallemery-m6j6_seed-5_20260504_185923/iterated_local_search/run_2_worker_10/ils_config_16099646531339041217.prm
[INFO]:[19:01:30] Starting CPLEX solver on instance: /home/yorig/tuner/mpils-tests/instances/miplib/medium-2/var-smallemery-m6j6.mps with config: /scratch/yorig/mpils-results-grid-seconds-5-4may/medium-2/24proc/seed-5/10_var-smallemery-m6j6_seed-5_20260504_185923/iterated_local_search/run_2_worker_10/ils_config_16099646531339041217.prm
[INFO]:[19:01:35] CPLEX results. Gap: 60.160000, upper bound: -97.437500, lower bound: -156.056268
[INFO]:[19:01:35] CPLEX solver finished. Gap: 60.160000
[INFO]:[19:01:35] Starting CPLEX solver on instance: /home/yorig/tuner/mpils-tests/instances/miplib/medium-2/var-smallemery-m6j6.mps with config: /scratch/yorig/mpils-results-grid-seconds-5-4may/medium-2/24proc/seed-5/10_var-smallemery-m6j6_seed-5_20260504_185923/iterated_local_search/run_2_worker_10/ils_config_6094394361272543932.prm
[INFO]:[19:01:35] Starting CPLEX solver on instance: /home/yorig/tuner/mpils-tests/instances/miplib/medium-2/var-smallemery-m6j6.mps with config: /scratch/yorig/mpils-results-grid-seconds-5-4may/medium-2/24proc/seed-5/10_var-smallemery-m6j6_seed-5_20260504_185923/iterated_local_search/run_2_worker_10/ils_config_6094394361272543932.prm
[INFO]:[19:01:40] CPLEX results. Gap: 60.160000, upper bound: -97.437500, lower bound: -156.056268
[INFO]:[19:01:40] CPLEX solver finished. Gap: 60.160000
[INFO]:[19:01:40] Starting CPLEX solver on instance: /home/yorig/tuner/mpils-tests/instances/miplib/medium-2/var-smallemery-m6j6.mps with config: /scratch/yorig/mpils-results-grid-seconds-5-4may/medium-2/24proc/seed-5/10_var-smallemery-m6j6_seed-5_20260504_185923/iterated_local_search/run_2_worker_10/ils_config_4382534555673480891.prm
[INFO]:[19:01:40] Starting CPLEX solver on instance: /home/yorig/tuner/mpils-tests/instances/miplib/medium-2/var-smallemery-m6j6.mps with config: /scratch/yorig/mpils-results-grid-seconds-5-4may/medium-2/24proc/seed-5/10_var-smallemery-m6j6_seed-5_20260504_185923/iterated_local_search/run_2_worker_10/ils_config_4382534555673480891.prm
[INFO]:[19:01:46] CPLEX results. Gap: 60.160000, upper bound: -97.437500, lower bound: -156.056268
[INFO]:[19:01:46] CPLEX solver finished. Gap: 60.160000
[INFO]:[19:01:46] Starting CPLEX solver on instance: /home/yorig/tuner/mpils-tests/instances/miplib/medium-2/var-smallemery-m6j6.mps with config: /scratch/yorig/mpils-results-grid-seconds-5-4may/medium-2/24proc/seed-5/10_var-smallemery-m6j6_seed-5_20260504_185923/iterated_local_search/run_2_worker_10/ils_config_18060616387701147139.prm
[INFO]:[19:01:46] Starting CPLEX solver on instance: /home/yorig/tuner/mpils-tests/instances/miplib/medium-2/var-smallemery-m6j6.mps with config: /scratch/yorig/mpils-results-grid-seconds-5-4may/medium-2/24proc/seed-5/10_var-smallemery-m6j6_seed-5_20260504_185923/iterated_local_search/run_2_worker_10/ils_config_18060616387701147139.prm
[INFO]:[19:01:51] CPLEX results. Gap: 60.160000, upper bound: -97.437500, lower bound: -156.056268
[INFO]:[19:01:51] CPLEX solver finished. Gap: 60.160000
[INFO]:[19:01:51] Starting CPLEX solver on instance: /home/yorig/tuner/mpils-tests/instances/miplib/medium-2/var-smallemery-m6j6.mps with config: /scratch/yorig/mpils-results-grid-seconds-5-4may/medium-2/24proc/seed-5/10_var-smallemery-m6j6_seed-5_20260504_185923/iterated_local_search/run_2_worker_10/ils_config_8878565607103915560.prm
[INFO]:[19:01:51] Starting CPLEX solver on instance: /home/yorig/tuner/mpils-tests/instances/miplib/medium-2/var-smallemery-m6j6.mps with config: /scratch/yorig/mpils-results-grid-seconds-5-4may/medium-2/24proc/seed-5/10_var-smallemery-m6j6_seed-5_20260504_185923/iterated_local_search/run_2_worker_10/ils_config_8878565607103915560.prm
[INFO]:[19:01:56] CPLEX results. Gap: 60.160000, upper bound: -97.437500, lower bound: -156.056268
[INFO]:[19:01:56] CPLEX solver finished. Gap: 60.160000
[INFO]:[19:01:56] Starting CPLEX solver on instance: /home/yorig/tuner/mpils-tests/instances/miplib/medium-2/var-smallemery-m6j6.mps with config: /scratch/yorig/mpils-results-grid-seconds-5-4may/medium-2/24proc/seed-5/10_var-smallemery-m6j6_seed-5_20260504_185923/iterated_local_search/run_2_worker_10/ils_config_14069970867494824710.prm
[INFO]:[19:01:56] Starting CPLEX solver on instance: /home/yorig/tuner/mpils-tests/instances/miplib/medium-2/var-smallemery-m6j6.mps with config: /scratch/yorig/mpils-results-grid-seconds-5-4may/medium-2/24proc/seed-5/10_var-smallemery-m6j6_seed-5_20260504_185923/iterated_local_search/run_2_worker_10/ils_config_14069970867494824710.prm
[INFO]:[19:02:01] CPLEX results. Gap: 60.160000, upper bound: -97.437500, lower bound: -156.056268
[INFO]:[19:02:01] CPLEX solver finished. Gap: 60.160000
[INFO]:[19:02:01] Local search phase completed.
[INFO]:[19:02:01] Total number of new local-search evaluations: 9
[INFO]:[19:02:01] Final incumbent objective value: 60.16
[INFO]:[19:02:01] Worker 10 completed exploration phase.
[INFO]:[19:02:01] Worker 10 received order for step 2.
[INFO]:[19:02:01] Worker 10 running expansion phase for iteration 2.
[INFO]:[19:02:01] Worker 10 will use solver log file: /scratch/yorig/mpils-results-grid-seconds-5-4may/medium-2/24proc/seed-5/10_var-smallemery-m6j6_seed-5_20260504_185923/solver/cplex.log_iteration_expansion_2_worker_10
[INFO]:[19:02:01] Expansion Worker 10 starting expansion for iteration 2.
[INFO]:[19:02:01] Starting CPLEX solver on instance: /home/yorig/tuner/mpils-tests/instances/miplib/medium-2/var-smallemery-m6j6.mps with config: /scratch/yorig/mpils-results-grid-seconds-5-4may/medium-2/24proc/seed-5/10_var-smallemery-m6j6_seed-5_20260504_185923/expansion/config_param_CPXPARAM_MIP_Limits_ProbeTime_120_iter_2.prm
[INFO]:[19:02:07] CPLEX results. Gap: 16.840000, upper bound: -133.468750, lower bound: -155.938326
[INFO]:[19:02:07] CPLEX solver finished. Gap: 16.840000
[INFO]:[19:02:07] Starting CPLEX solver on instance: /home/yorig/tuner/mpils-tests/instances/miplib/medium-2/var-smallemery-m6j6.mps with config: /scratch/yorig/mpils-results-grid-seconds-5-4may/medium-2/24proc/seed-5/10_var-smallemery-m6j6_seed-5_20260504_185923/expansion/config_param_CPXPARAM_MIP_Limits_CutsFactor_16_iter_2.prm
[INFO]:[19:02:12] CPLEX results. Gap: 4.390000, upper bound: -149.375000, lower bound: -155.938326
[INFO]:[19:02:12] CPLEX solver finished. Gap: 4.390000
[INFO]:[19:02:17] Expansion Worker 10 completed expansion.
[INFO]:[19:02:17] Worker 10 completed expansion phase.
[INFO]:[19:02:17] Worker 10 received order for step 1.
[INFO]:[19:02:17] Worker 10 running exploration phase for iteration 3.
[INFO]:[19:02:17] Worker 10 at iteration 3 will not use a MIP start file. Current best MIP-start upper bound threshold is 1.79769e+308.
[INFO]:[19:02:17] Starting local search phase...
[INFO]:[19:02:17] Creating local search space from parameter space file: /scratch/yorig/mpils-results-grid-seconds-5-4may/medium-2/24proc/seed-5/10_var-smallemery-m6j6_seed-5_20260504_185923/iterated_local_search/search_space/search_space_file_3_worker_10.txt
[INFO]:[19:02:17] Local search space loaded from file: /scratch/yorig/mpils-results-grid-seconds-5-4may/medium-2/24proc/seed-5/10_var-smallemery-m6j6_seed-5_20260504_185923/iterated_local_search/search_space/search_space_file_3_worker_10.txt
[INFO]:[19:02:17] Number of parameters in local search space: 71
[INFO]:[19:02:17] Number of forbidden tuples in local search space: 57
[INFO]:[19:02:17] Number of conditionals in local search space: 6
[INFO]:[19:02:17] MIP start option not enabled. Local search will proceed without MIP start.
[INFO]:[19:02:17] Evaluating initial configuration for local search phase...
[INFO]:[19:02:17] Starting CPLEX solver on instance: /home/yorig/tuner/mpils-tests/instances/miplib/medium-2/var-smallemery-m6j6.mps with config: /scratch/yorig/mpils-results-grid-seconds-5-4may/medium-2/24proc/seed-5/10_var-smallemery-m6j6_seed-5_20260504_185923/iterated_local_search/run_3_worker_10/ils_config_10369809762866947826.prm
[INFO]:[19:02:17] Starting CPLEX solver on instance: /home/yorig/tuner/mpils-tests/instances/miplib/medium-2/var-smallemery-m6j6.mps with config: /scratch/yorig/mpils-results-grid-seconds-5-4may/medium-2/24proc/seed-5/10_var-smallemery-m6j6_seed-5_20260504_185923/iterated_local_search/run_3_worker_10/ils_config_10369809762866947826.prm
[INFO]:[19:02:23] CPLEX results. Gap: 14.880000, upper bound: -135.843750, lower bound: -156.056268
[INFO]:[19:02:23] CPLEX solver finished. Gap: 14.880000
[INFO]:[19:02:23] Initial configuration evaluated with objective value: 14.88
[INFO]:[19:02:23] Starting CPLEX solver on instance: /home/yorig/tuner/mpils-tests/instances/miplib/medium-2/var-smallemery-m6j6.mps with config: /scratch/yorig/mpils-results-grid-seconds-5-4may/medium-2/24proc/seed-5/10_var-smallemery-m6j6_seed-5_20260504_185923/iterated_local_search/run_3_worker_10/ils_config_15369413607997415934.prm
[INFO]:[19:02:23] Starting CPLEX solver on instance: /home/yorig/tuner/mpils-tests/instances/miplib/medium-2/var-smallemery-m6j6.mps with config: /scratch/yorig/mpils-results-grid-seconds-5-4may/medium-2/24proc/seed-5/10_var-smallemery-m6j6_seed-5_20260504_185923/iterated_local_search/run_3_worker_10/ils_config_15369413607997415934.prm
[INFO]:[19:02:28] CPLEX results. Gap: 14.880000, upper bound: -135.843750, lower bound: -156.056268
[INFO]:[19:02:28] CPLEX solver finished. Gap: 14.880000
[INFO]:[19:02:28] Starting CPLEX solver on instance: /home/yorig/tuner/mpils-tests/instances/miplib/medium-2/var-smallemery-m6j6.mps with config: /scratch/yorig/mpils-results-grid-seconds-5-4may/medium-2/24proc/seed-5/10_var-smallemery-m6j6_seed-5_20260504_185923/iterated_local_search/run_3_worker_10/ils_config_4023369117805788938.prm
[INFO]:[19:02:28] Starting CPLEX solver on instance: /home/yorig/tuner/mpils-tests/instances/miplib/medium-2/var-smallemery-m6j6.mps with config: /scratch/yorig/mpils-results-grid-seconds-5-4may/medium-2/24proc/seed-5/10_var-smallemery-m6j6_seed-5_20260504_185923/iterated_local_search/run_3_worker_10/ils_config_4023369117805788938.prm
[INFO]:[19:02:33] CPLEX results. Gap: 14.880000, upper bound: -135.843750, lower bound: -156.056268
[INFO]:[19:02:33] CPLEX solver finished. Gap: 14.880000
[INFO]:[19:02:33] Starting CPLEX solver on instance: /home/yorig/tuner/mpils-tests/instances/miplib/medium-2/var-smallemery-m6j6.mps with config: /scratch/yorig/mpils-results-grid-seconds-5-4may/medium-2/24proc/seed-5/10_var-smallemery-m6j6_seed-5_20260504_185923/iterated_local_search/run_3_worker_10/ils_config_12962998918487507428.prm
[INFO]:[19:02:33] Starting CPLEX solver on instance: /home/yorig/tuner/mpils-tests/instances/miplib/medium-2/var-smallemery-m6j6.mps with config: /scratch/yorig/mpils-results-grid-seconds-5-4may/medium-2/24proc/seed-5/10_var-smallemery-m6j6_seed-5_20260504_185923/iterated_local_search/run_3_worker_10/ils_config_12962998918487507428.prm
[INFO]:[19:02:38] CPLEX results. Gap: 14.880000, upper bound: -135.843750, lower bound: -156.056268
[INFO]:[19:02:38] CPLEX solver finished. Gap: 14.880000
[INFO]:[19:02:38] Starting CPLEX solver on instance: /home/yorig/tuner/mpils-tests/instances/miplib/medium-2/var-smallemery-m6j6.mps with config: /scratch/yorig/mpils-results-grid-seconds-5-4may/medium-2/24proc/seed-5/10_var-smallemery-m6j6_seed-5_20260504_185923/iterated_local_search/run_3_worker_10/ils_config_15596192471609020048.prm
[INFO]:[19:02:38] Starting CPLEX solver on instance: /home/yorig/tuner/mpils-tests/instances/miplib/medium-2/var-smallemery-m6j6.mps with config: /scratch/yorig/mpils-results-grid-seconds-5-4may/medium-2/24proc/seed-5/10_var-smallemery-m6j6_seed-5_20260504_185923/iterated_local_search/run_3_worker_10/ils_config_15596192471609020048.prm
[INFO]:[19:02:43] CPLEX results. Gap: 14.880000, upper bound: -135.843750, lower bound: -156.056268
[INFO]:[19:02:43] CPLEX solver finished. Gap: 14.880000
[INFO]:[19:02:43] Local search phase completed.
[INFO]:[19:02:43] Total number of new local-search evaluations: 5
[INFO]:[19:02:43] Final incumbent objective value: 14.88
[INFO]:[19:02:46] Worker 10 completed exploration phase.
[INFO]:[19:02:46] Worker 10 received order for step 2.
[INFO]:[19:02:46] Worker 10 running expansion phase for iteration 3.
[INFO]:[19:02:46] Worker 10 will use solver log file: /scratch/yorig/mpils-results-grid-seconds-5-4may/medium-2/24proc/seed-5/10_var-smallemery-m6j6_seed-5_20260504_185923/solver/cplex.log_iteration_expansion_3_worker_10
[INFO]:[19:02:46] Expansion Worker 10 starting expansion for iteration 3.
[INFO]:[19:02:46] Starting CPLEX solver on instance: /home/yorig/tuner/mpils-tests/instances/miplib/medium-2/var-smallemery-m6j6.mps with config: /scratch/yorig/mpils-results-grid-seconds-5-4may/medium-2/24proc/seed-5/10_var-smallemery-m6j6_seed-5_20260504_185923/expansion/config_param_CPXPARAM_MIP_Strategy_StartAlgorithm_4_iter_3.prm
[INFO]:[19:02:51] CPLEX results. Gap: 7.210000, upper bound: -145.062500, lower bound: -155.523649
[INFO]:[19:02:51] CPLEX solver finished. Gap: 7.210000
[INFO]:[19:02:51] Starting CPLEX solver on instance: /home/yorig/tuner/mpils-tests/instances/miplib/medium-2/var-smallemery-m6j6.mps with config: /scratch/yorig/mpils-results-grid-seconds-5-4may/medium-2/24proc/seed-5/10_var-smallemery-m6j6_seed-5_20260504_185923/expansion/config_param_CPXPARAM_MIP_Limits_AggForCut_10_iter_3.prm
[INFO]:[19:02:56] CPLEX results. Gap: 4.390000, upper bound: -149.375000, lower bound: -155.938326
[INFO]:[19:02:56] CPLEX solver finished. Gap: 4.390000
[INFO]:[19:02:56] Expansion Worker 10 completed expansion.
[INFO]:[19:02:56] Worker 10 completed expansion phase.
[INFO]:[19:02:57] Worker 10 received order for step 1.
[INFO]:[19:02:57] Worker 10 running exploration phase for iteration 4.
[INFO]:[19:02:57] Worker 10 at iteration 4 will not use a MIP start file. Current best MIP-start upper bound threshold is 1.79769e+308.
[INFO]:[19:02:57] Starting local search phase...
[INFO]:[19:02:57] Creating local search space from parameter space file: /scratch/yorig/mpils-results-grid-seconds-5-4may/medium-2/24proc/seed-5/10_var-smallemery-m6j6_seed-5_20260504_185923/iterated_local_search/search_space/search_space_file_4_worker_10.txt
[INFO]:[19:02:57] Local search space loaded from file: /scratch/yorig/mpils-results-grid-seconds-5-4may/medium-2/24proc/seed-5/10_var-smallemery-m6j6_seed-5_20260504_185923/iterated_local_search/search_space/search_space_file_4_worker_10.txt
[INFO]:[19:02:57] Number of parameters in local search space: 71
[INFO]:[19:02:57] Number of forbidden tuples in local search space: 57
[INFO]:[19:02:57] Number of conditionals in local search space: 6
[INFO]:[19:02:57] MIP start option not enabled. Local search will proceed without MIP start.
[INFO]:[19:02:57] Evaluating initial configuration for local search phase...
[INFO]:[19:02:57] Starting CPLEX solver on instance: /home/yorig/tuner/mpils-tests/instances/miplib/medium-2/var-smallemery-m6j6.mps with config: /scratch/yorig/mpils-results-grid-seconds-5-4may/medium-2/24proc/seed-5/10_var-smallemery-m6j6_seed-5_20260504_185923/iterated_local_search/run_4_worker_10/ils_config_8705924440019418160.prm
[INFO]:[19:02:57] Starting CPLEX solver on instance: /home/yorig/tuner/mpils-tests/instances/miplib/medium-2/var-smallemery-m6j6.mps with config: /scratch/yorig/mpils-results-grid-seconds-5-4may/medium-2/24proc/seed-5/10_var-smallemery-m6j6_seed-5_20260504_185923/iterated_local_search/run_4_worker_10/ils_config_8705924440019418160.prm
[INFO]:[19:03:02] CPLEX results. Gap: 7.160000, upper bound: -145.343750, lower bound: -155.756715
[INFO]:[19:03:02] CPLEX solver finished. Gap: 7.160000
[INFO]:[19:03:02] Initial configuration evaluated with objective value: 7.16
[INFO]:[19:03:02] Starting CPLEX solver on instance: /home/yorig/tuner/mpils-tests/instances/miplib/medium-2/var-smallemery-m6j6.mps with config: /scratch/yorig/mpils-results-grid-seconds-5-4may/medium-2/24proc/seed-5/10_var-smallemery-m6j6_seed-5_20260504_185923/iterated_local_search/run_4_worker_10/ils_config_14433767467310574269.prm
[INFO]:[19:03:02] Starting CPLEX solver on instance: /home/yorig/tuner/mpils-tests/instances/miplib/medium-2/var-smallemery-m6j6.mps with config: /scratch/yorig/mpils-results-grid-seconds-5-4may/medium-2/24proc/seed-5/10_var-smallemery-m6j6_seed-5_20260504_185923/iterated_local_search/run_4_worker_10/ils_config_14433767467310574269.prm
[INFO]:[19:03:07] CPLEX results. Gap: 6.740000, upper bound: -146.187500, lower bound: -156.043891
[INFO]:[19:03:07] CPLEX solver finished. Gap: 6.740000
[INFO]:[19:03:07] New incumbent found with objective value: 6.74
[INFO]:[19:03:07] Starting CPLEX solver on instance: /home/yorig/tuner/mpils-tests/instances/miplib/medium-2/var-smallemery-m6j6.mps with config: /scratch/yorig/mpils-results-grid-seconds-5-4may/medium-2/24proc/seed-5/10_var-smallemery-m6j6_seed-5_20260504_185923/iterated_local_search/run_4_worker_10/ils_config_17921279572772304287.prm
[INFO]:[19:03:07] Starting CPLEX solver on instance: /home/yorig/tuner/mpils-tests/instances/miplib/medium-2/var-smallemery-m6j6.mps with config: /scratch/yorig/mpils-results-grid-seconds-5-4may/medium-2/24proc/seed-5/10_var-smallemery-m6j6_seed-5_20260504_185923/iterated_local_search/run_4_worker_10/ils_config_17921279572772304287.prm
[INFO]:[19:03:12] CPLEX results. Gap: 6.740000, upper bound: -146.187500, lower bound: -156.043891
[INFO]:[19:03:12] CPLEX solver finished. Gap: 6.740000
[INFO]:[19:03:12] Starting CPLEX solver on instance: /home/yorig/tuner/mpils-tests/instances/miplib/medium-2/var-smallemery-m6j6.mps with config: /scratch/yorig/mpils-results-grid-seconds-5-4may/medium-2/24proc/seed-5/10_var-smallemery-m6j6_seed-5_20260504_185923/iterated_local_search/run_4_worker_10/ils_config_17273132954204506596.prm
[INFO]:[19:03:12] Starting CPLEX solver on instance: /home/yorig/tuner/mpils-tests/instances/miplib/medium-2/var-smallemery-m6j6.mps with config: /scratch/yorig/mpils-results-grid-seconds-5-4may/medium-2/24proc/seed-5/10_var-smallemery-m6j6_seed-5_20260504_185923/iterated_local_search/run_4_worker_10/ils_config_17273132954204506596.prm
[INFO]:[19:03:18] CPLEX results. Gap: 6.740000, upper bound: -146.187500, lower bound: -156.043891
[INFO]:[19:03:18] CPLEX solver finished. Gap: 6.740000
[INFO]:[19:03:18] Starting CPLEX solver on instance: /home/yorig/tuner/mpils-tests/instances/miplib/medium-2/var-smallemery-m6j6.mps with config: /scratch/yorig/mpils-results-grid-seconds-5-4may/medium-2/24proc/seed-5/10_var-smallemery-m6j6_seed-5_20260504_185923/iterated_local_search/run_4_worker_10/ils_config_146472863392662369.prm
[INFO]:[19:03:18] Starting CPLEX solver on instance: /home/yorig/tuner/mpils-tests/instances/miplib/medium-2/var-smallemery-m6j6.mps with config: /scratch/yorig/mpils-results-grid-seconds-5-4may/medium-2/24proc/seed-5/10_var-smallemery-m6j6_seed-5_20260504_185923/iterated_local_search/run_4_worker_10/ils_config_146472863392662369.prm
[INFO]:[19:03:23] CPLEX results. Gap: 6.740000, upper bound: -146.187500, lower bound: -156.043891
[INFO]:[19:03:23] CPLEX solver finished. Gap: 6.740000
[INFO]:[19:03:23] Starting CPLEX solver on instance: /home/yorig/tuner/mpils-tests/instances/miplib/medium-2/var-smallemery-m6j6.mps with config: /scratch/yorig/mpils-results-grid-seconds-5-4may/medium-2/24proc/seed-5/10_var-smallemery-m6j6_seed-5_20260504_185923/iterated_local_search/run_4_worker_10/ils_config_15020343651179740615.prm
[INFO]:[19:03:23] Starting CPLEX solver on instance: /home/yorig/tuner/mpils-tests/instances/miplib/medium-2/var-smallemery-m6j6.mps with config: /scratch/yorig/mpils-results-grid-seconds-5-4may/medium-2/24proc/seed-5/10_var-smallemery-m6j6_seed-5_20260504_185923/iterated_local_search/run_4_worker_10/ils_config_15020343651179740615.prm
[INFO]:[19:03:28] CPLEX results. Gap: 6.740000, upper bound: -146.187500, lower bound: -156.043891
[INFO]:[19:03:28] CPLEX solver finished. Gap: 6.740000
[INFO]:[19:03:28] Starting CPLEX solver on instance: /home/yorig/tuner/mpils-tests/instances/miplib/medium-2/var-smallemery-m6j6.mps with config: /scratch/yorig/mpils-results-grid-seconds-5-4may/medium-2/24proc/seed-5/10_var-smallemery-m6j6_seed-5_20260504_185923/iterated_local_search/run_4_worker_10/ils_config_1199803239318035420.prm
[INFO]:[19:03:28] Starting CPLEX solver on instance: /home/yorig/tuner/mpils-tests/instances/miplib/medium-2/var-smallemery-m6j6.mps with config: /scratch/yorig/mpils-results-grid-seconds-5-4may/medium-2/24proc/seed-5/10_var-smallemery-m6j6_seed-5_20260504_185923/iterated_local_search/run_4_worker_10/ils_config_1199803239318035420.prm
[INFO]:[19:03:33] CPLEX results. Gap: 6.740000, upper bound: -146.187500, lower bound: -156.043891
[INFO]:[19:03:33] CPLEX solver finished. Gap: 6.740000
[INFO]:[19:03:33] Local search phase completed.
[INFO]:[19:03:33] Total number of new local-search evaluations: 7
[INFO]:[19:03:33] Final incumbent objective value: 6.74
[INFO]:[19:03:33] Worker 10 completed exploration phase.
[INFO]:[19:03:33] Worker 10 received order for step 2.
[INFO]:[19:03:33] Worker 10 running expansion phase for iteration 4.
[INFO]:[19:03:33] Worker 10 will use solver log file: /scratch/yorig/mpils-results-grid-seconds-5-4may/medium-2/24proc/seed-5/10_var-smallemery-m6j6_seed-5_20260504_185923/solver/cplex.log_iteration_expansion_4_worker_10
[INFO]:[19:03:33] Expansion Worker 10 starting expansion for iteration 4.
[INFO]:[19:03:33] Starting CPLEX solver on instance: /home/yorig/tuner/mpils-tests/instances/miplib/medium-2/var-smallemery-m6j6.mps with config: /scratch/yorig/mpils-results-grid-seconds-5-4may/medium-2/24proc/seed-5/10_var-smallemery-m6j6_seed-5_20260504_185923/expansion/config_param_CPXPARAM_Preprocessing_CoeffReduce_2_iter_4.prm
[INFO]:[19:03:38] CPLEX results. Gap: 4.390000, upper bound: -149.375000, lower bound: -155.938326
[INFO]:[19:03:38] CPLEX solver finished. Gap: 4.390000
[INFO]:[19:03:44] Expansion Worker 10 completed expansion.
[INFO]:[19:03:44] Worker 10 completed expansion phase.
[INFO]:[19:03:44] Worker 10 received order for step 1.
[INFO]:[19:03:44] Worker 10 running exploration phase for iteration 5.
[INFO]:[19:03:44] Worker 10 at iteration 5 will not use a MIP start file. Current best MIP-start upper bound threshold is 1.79769e+308.
[INFO]:[19:03:44] Starting local search phase...
[INFO]:[19:03:44] Creating local search space from parameter space file: /scratch/yorig/mpils-results-grid-seconds-5-4may/medium-2/24proc/seed-5/10_var-smallemery-m6j6_seed-5_20260504_185923/iterated_local_search/search_space/search_space_file_5_worker_10.txt
[INFO]:[19:03:44] Local search space loaded from file: /scratch/yorig/mpils-results-grid-seconds-5-4may/medium-2/24proc/seed-5/10_var-smallemery-m6j6_seed-5_20260504_185923/iterated_local_search/search_space/search_space_file_5_worker_10.txt
[INFO]:[19:03:44] Number of parameters in local search space: 71
[INFO]:[19:03:44] Number of forbidden tuples in local search space: 57
[INFO]:[19:03:44] Number of conditionals in local search space: 6
[INFO]:[19:03:44] MIP start option not enabled. Local search will proceed without MIP start.
[INFO]:[19:03:44] Evaluating initial configuration for local search phase...
[INFO]:[19:03:44] Starting CPLEX solver on instance: /home/yorig/tuner/mpils-tests/instances/miplib/medium-2/var-smallemery-m6j6.mps with config: /scratch/yorig/mpils-results-grid-seconds-5-4may/medium-2/24proc/seed-5/10_var-smallemery-m6j6_seed-5_20260504_185923/iterated_local_search/run_5_worker_10/ils_config_4053007553989669312.prm
[INFO]:[19:03:44] Starting CPLEX solver on instance: /home/yorig/tuner/mpils-tests/instances/miplib/medium-2/var-smallemery-m6j6.mps with config: /scratch/yorig/mpils-results-grid-seconds-5-4may/medium-2/24proc/seed-5/10_var-smallemery-m6j6_seed-5_20260504_185923/iterated_local_search/run_5_worker_10/ils_config_4053007553989669312.prm
[INFO]:[19:03:49] CPLEX results. Gap: 60.160000, upper bound: -97.437500, lower bound: -156.056268
[INFO]:[19:03:49] CPLEX solver finished. Gap: 60.160000
[INFO]:[19:03:49] Initial configuration evaluated with objective value: 60.16
[INFO]:[19:03:49] Starting CPLEX solver on instance: /home/yorig/tuner/mpils-tests/instances/miplib/medium-2/var-smallemery-m6j6.mps with config: /scratch/yorig/mpils-results-grid-seconds-5-4may/medium-2/24proc/seed-5/10_var-smallemery-m6j6_seed-5_20260504_185923/iterated_local_search/run_5_worker_10/ils_config_11691868388343983503.prm
[INFO]:[19:03:49] Starting CPLEX solver on instance: /home/yorig/tuner/mpils-tests/instances/miplib/medium-2/var-smallemery-m6j6.mps with config: /scratch/yorig/mpils-results-grid-seconds-5-4may/medium-2/24proc/seed-5/10_var-smallemery-m6j6_seed-5_20260504_185923/iterated_local_search/run_5_worker_10/ils_config_11691868388343983503.prm
[INFO]:[19:03:55] CPLEX results. Gap: 1781218750000000.000000, upper bound: 0.000000, lower bound: -1781.218750
[INFO]:[19:03:55] CPLEX solver finished. Gap: 1781218750000000.000000
[INFO]:[19:03:55] Starting CPLEX solver on instance: /home/yorig/tuner/mpils-tests/instances/miplib/medium-2/var-smallemery-m6j6.mps with config: /scratch/yorig/mpils-results-grid-seconds-5-4may/medium-2/24proc/seed-5/10_var-smallemery-m6j6_seed-5_20260504_185923/iterated_local_search/run_5_worker_10/ils_config_14414192583404608868.prm
[INFO]:[19:03:55] Starting CPLEX solver on instance: /home/yorig/tuner/mpils-tests/instances/miplib/medium-2/var-smallemery-m6j6.mps with config: /scratch/yorig/mpils-results-grid-seconds-5-4may/medium-2/24proc/seed-5/10_var-smallemery-m6j6_seed-5_20260504_185923/iterated_local_search/run_5_worker_10/ils_config_14414192583404608868.prm
[INFO]:[19:04:00] CPLEX results. Gap: 60.160000, upper bound: -97.437500, lower bound: -156.056268
[INFO]:[19:04:00] CPLEX solver finished. Gap: 60.160000
[INFO]:[19:04:00] Starting CPLEX solver on instance: /home/yorig/tuner/mpils-tests/instances/miplib/medium-2/var-smallemery-m6j6.mps with config: /scratch/yorig/mpils-results-grid-seconds-5-4may/medium-2/24proc/seed-5/10_var-smallemery-m6j6_seed-5_20260504_185923/iterated_local_search/run_5_worker_10/ils_config_3624763347120563407.prm
[INFO]:[19:04:00] Starting CPLEX solver on instance: /home/yorig/tuner/mpils-tests/instances/miplib/medium-2/var-smallemery-m6j6.mps with config: /scratch/yorig/mpils-results-grid-seconds-5-4may/medium-2/24proc/seed-5/10_var-smallemery-m6j6_seed-5_20260504_185923/iterated_local_search/run_5_worker_10/ils_config_3624763347120563407.prm
[INFO]:[19:04:05] CPLEX results. Gap: 60.160000, upper bound: -97.437500, lower bound: -156.056268
[INFO]:[19:04:05] CPLEX solver finished. Gap: 60.160000
[INFO]:[19:04:05] Starting CPLEX solver on instance: /home/yorig/tuner/mpils-tests/instances/miplib/medium-2/var-smallemery-m6j6.mps with config: /scratch/yorig/mpils-results-grid-seconds-5-4may/medium-2/24proc/seed-5/10_var-smallemery-m6j6_seed-5_20260504_185923/iterated_local_search/run_5_worker_10/ils_config_8025709660671905511.prm
[INFO]:[19:04:05] Starting CPLEX solver on instance: /home/yorig/tuner/mpils-tests/instances/miplib/medium-2/var-smallemery-m6j6.mps with config: /scratch/yorig/mpils-results-grid-seconds-5-4may/medium-2/24proc/seed-5/10_var-smallemery-m6j6_seed-5_20260504_185923/iterated_local_search/run_5_worker_10/ils_config_8025709660671905511.prm
[INFO]:[19:04:10] CPLEX results. Gap: 60.160000, upper bound: -97.437500, lower bound: -156.056268
[INFO]:[19:04:10] CPLEX solver finished. Gap: 60.160000
[INFO]:[19:04:10] Starting CPLEX solver on instance: /home/yorig/tuner/mpils-tests/instances/miplib/medium-2/var-smallemery-m6j6.mps with config: /scratch/yorig/mpils-results-grid-seconds-5-4may/medium-2/24proc/seed-5/10_var-smallemery-m6j6_seed-5_20260504_185923/iterated_local_search/run_5_worker_10/ils_config_4628419041345623786.prm
[INFO]:[19:04:10] Starting CPLEX solver on instance: /home/yorig/tuner/mpils-tests/instances/miplib/medium-2/var-smallemery-m6j6.mps with config: /scratch/yorig/mpils-results-grid-seconds-5-4may/medium-2/24proc/seed-5/10_var-smallemery-m6j6_seed-5_20260504_185923/iterated_local_search/run_5_worker_10/ils_config_4628419041345623786.prm
[INFO]:[19:04:15] CPLEX results. Gap: 6.960000, upper bound: -145.906250, lower bound: -156.055999
[INFO]:[19:04:15] CPLEX solver finished. Gap: 6.960000
[INFO]:[19:04:15] New incumbent found with objective value: 6.96
[INFO]:[19:04:15] Starting CPLEX solver on instance: /home/yorig/tuner/mpils-tests/instances/miplib/medium-2/var-smallemery-m6j6.mps with config: /scratch/yorig/mpils-results-grid-seconds-5-4may/medium-2/24proc/seed-5/10_var-smallemery-m6j6_seed-5_20260504_185923/iterated_local_search/run_5_worker_10/ils_config_7386190136153355424.prm
[INFO]:[19:04:15] Starting CPLEX solver on instance: /home/yorig/tuner/mpils-tests/instances/miplib/medium-2/var-smallemery-m6j6.mps with config: /scratch/yorig/mpils-results-grid-seconds-5-4may/medium-2/24proc/seed-5/10_var-smallemery-m6j6_seed-5_20260504_185923/iterated_local_search/run_5_worker_10/ils_config_7386190136153355424.prm
[INFO]:[19:04:21] CPLEX results. Gap: 6.960000, upper bound: -145.906250, lower bound: -156.055999
[INFO]:[19:04:21] CPLEX solver finished. Gap: 6.960000
[INFO]:[19:04:21] Starting CPLEX solver on instance: /home/yorig/tuner/mpils-tests/instances/miplib/medium-2/var-smallemery-m6j6.mps with config: /scratch/yorig/mpils-results-grid-seconds-5-4may/medium-2/24proc/seed-5/10_var-smallemery-m6j6_seed-5_20260504_185923/iterated_local_search/run_5_worker_10/ils_config_17060586513343095304.prm
[INFO]:[19:04:21] Starting CPLEX solver on instance: /home/yorig/tuner/mpils-tests/instances/miplib/medium-2/var-smallemery-m6j6.mps with config: /scratch/yorig/mpils-results-grid-seconds-5-4may/medium-2/24proc/seed-5/10_var-smallemery-m6j6_seed-5_20260504_185923/iterated_local_search/run_5_worker_10/ils_config_17060586513343095304.prm
[INFO]:[19:04:26] CPLEX results. Gap: 6.960000, upper bound: -145.906250, lower bound: -156.055999
[INFO]:[19:04:26] CPLEX solver finished. Gap: 6.960000
[INFO]:[19:04:26] Starting CPLEX solver on instance: /home/yorig/tuner/mpils-tests/instances/miplib/medium-2/var-smallemery-m6j6.mps with config: /scratch/yorig/mpils-results-grid-seconds-5-4may/medium-2/24proc/seed-5/10_var-smallemery-m6j6_seed-5_20260504_185923/iterated_local_search/run_5_worker_10/ils_config_10164686949362720820.prm
[INFO]:[19:04:26] Starting CPLEX solver on instance: /home/yorig/tuner/mpils-tests/instances/miplib/medium-2/var-smallemery-m6j6.mps with config: /scratch/yorig/mpils-results-grid-seconds-5-4may/medium-2/24proc/seed-5/10_var-smallemery-m6j6_seed-5_20260504_185923/iterated_local_search/run_5_worker_10/ils_config_10164686949362720820.prm
[INFO]:[19:04:31] CPLEX results. Gap: 6.960000, upper bound: -145.906250, lower bound: -156.056245
[INFO]:[19:04:31] CPLEX solver finished. Gap: 6.960000
[INFO]:[19:04:31] Local search phase completed.
[INFO]:[19:04:31] Total number of new local-search evaluations: 9
[INFO]:[19:04:31] Final incumbent objective value: 6.96
[INFO]:[19:04:31] Worker 10 completed exploration phase.
[INFO]:[19:04:31] Worker 10 received order for step 2.
[INFO]:[19:04:31] Worker 10 running expansion phase for iteration 5.
[INFO]:[19:04:31] Worker 10 will use solver log file: /scratch/yorig/mpils-results-grid-seconds-5-4may/medium-2/24proc/seed-5/10_var-smallemery-m6j6_seed-5_20260504_185923/solver/cplex.log_iteration_expansion_5_worker_10
[INFO]:[19:04:31] Expansion Worker 10 starting expansion for iteration 5.
[INFO]:[19:04:31] Starting CPLEX solver on instance: /home/yorig/tuner/mpils-tests/instances/miplib/medium-2/var-smallemery-m6j6.mps with config: /scratch/yorig/mpils-results-grid-seconds-5-4may/medium-2/24proc/seed-5/10_var-smallemery-m6j6_seed-5_20260504_185923/expansion/config_param_CPXPARAM_Preprocessing_Relax_0_iter_5.prm
[INFO]:[19:04:36] CPLEX results. Gap: 4.390000, upper bound: -149.375000, lower bound: -155.938326
[INFO]:[19:04:36] CPLEX solver finished. Gap: 4.390000
[INFO]:[19:04:42] Expansion Worker 10 completed expansion.
[INFO]:[19:04:42] Worker 10 completed expansion phase.
[INFO]:[19:04:42] Worker 10 received order for step 1.
[INFO]:[19:04:42] Worker 10 running exploration phase for iteration 6.
[INFO]:[19:04:42] Worker 10 at iteration 6 will not use a MIP start file. Current best MIP-start upper bound threshold is 1.79769e+308.
[INFO]:[19:04:42] Starting local search phase...
[INFO]:[19:04:42] Creating local search space from parameter space file: /scratch/yorig/mpils-results-grid-seconds-5-4may/medium-2/24proc/seed-5/10_var-smallemery-m6j6_seed-5_20260504_185923/iterated_local_search/search_space/search_space_file_6_worker_10.txt
[INFO]:[19:04:42] Local search space loaded from file: /scratch/yorig/mpils-results-grid-seconds-5-4may/medium-2/24proc/seed-5/10_var-smallemery-m6j6_seed-5_20260504_185923/iterated_local_search/search_space/search_space_file_6_worker_10.txt
[INFO]:[19:04:42] Number of parameters in local search space: 71
[INFO]:[19:04:42] Number of forbidden tuples in local search space: 57
[INFO]:[19:04:42] Number of conditionals in local search space: 6
[INFO]:[19:04:42] MIP start option not enabled. Local search will proceed without MIP start.
[INFO]:[19:04:42] Evaluating initial configuration for local search phase...
[INFO]:[19:04:42] Starting CPLEX solver on instance: /home/yorig/tuner/mpils-tests/instances/miplib/medium-2/var-smallemery-m6j6.mps with config: /scratch/yorig/mpils-results-grid-seconds-5-4may/medium-2/24proc/seed-5/10_var-smallemery-m6j6_seed-5_20260504_185923/iterated_local_search/run_6_worker_10/ils_config_12213067092704773353.prm
[INFO]:[19:04:42] Starting CPLEX solver on instance: /home/yorig/tuner/mpils-tests/instances/miplib/medium-2/var-smallemery-m6j6.mps with config: /scratch/yorig/mpils-results-grid-seconds-5-4may/medium-2/24proc/seed-5/10_var-smallemery-m6j6_seed-5_20260504_185923/iterated_local_search/run_6_worker_10/ils_config_12213067092704773353.prm
[INFO]:[19:04:47] CPLEX results. Gap: 14.880000, upper bound: -135.843750, lower bound: -156.056268
[INFO]:[19:04:47] CPLEX solver finished. Gap: 14.880000
[INFO]:[19:04:47] Initial configuration evaluated with objective value: 14.88
[INFO]:[19:04:47] Starting CPLEX solver on instance: /home/yorig/tuner/mpils-tests/instances/miplib/medium-2/var-smallemery-m6j6.mps with config: /scratch/yorig/mpils-results-grid-seconds-5-4may/medium-2/24proc/seed-5/10_var-smallemery-m6j6_seed-5_20260504_185923/iterated_local_search/run_6_worker_10/ils_config_2182840706253033083.prm
[INFO]:[19:04:47] Starting CPLEX solver on instance: /home/yorig/tuner/mpils-tests/instances/miplib/medium-2/var-smallemery-m6j6.mps with config: /scratch/yorig/mpils-results-grid-seconds-5-4may/medium-2/24proc/seed-5/10_var-smallemery-m6j6_seed-5_20260504_185923/iterated_local_search/run_6_worker_10/ils_config_2182840706253033083.prm
[INFO]:[19:04:53] CPLEX results. Gap: 14.880000, upper bound: -135.843750, lower bound: -156.056268
[INFO]:[19:04:53] CPLEX solver finished. Gap: 14.880000
[INFO]:[19:04:53] Starting CPLEX solver on instance: /home/yorig/tuner/mpils-tests/instances/miplib/medium-2/var-smallemery-m6j6.mps with config: /scratch/yorig/mpils-results-grid-seconds-5-4may/medium-2/24proc/seed-5/10_var-smallemery-m6j6_seed-5_20260504_185923/iterated_local_search/run_6_worker_10/ils_config_4279043466330379379.prm
[INFO]:[19:04:53] Starting CPLEX solver on instance: /home/yorig/tuner/mpils-tests/instances/miplib/medium-2/var-smallemery-m6j6.mps with config: /scratch/yorig/mpils-results-grid-seconds-5-4may/medium-2/24proc/seed-5/10_var-smallemery-m6j6_seed-5_20260504_185923/iterated_local_search/run_6_worker_10/ils_config_4279043466330379379.prm
[INFO]:[19:04:58] CPLEX results. Gap: 14.880000, upper bound: -135.843750, lower bound: -156.056268
[INFO]:[19:04:58] CPLEX solver finished. Gap: 14.880000
[INFO]:[19:04:58] Starting CPLEX solver on instance: /home/yorig/tuner/mpils-tests/instances/miplib/medium-2/var-smallemery-m6j6.mps with config: /scratch/yorig/mpils-results-grid-seconds-5-4may/medium-2/24proc/seed-5/10_var-smallemery-m6j6_seed-5_20260504_185923/iterated_local_search/run_6_worker_10/ils_config_2911814026258906384.prm
[INFO]:[19:04:58] Starting CPLEX solver on instance: /home/yorig/tuner/mpils-tests/instances/miplib/medium-2/var-smallemery-m6j6.mps with config: /scratch/yorig/mpils-results-grid-seconds-5-4may/medium-2/24proc/seed-5/10_var-smallemery-m6j6_seed-5_20260504_185923/iterated_local_search/run_6_worker_10/ils_config_2911814026258906384.prm
[INFO]:[19:05:03] CPLEX results. Gap: 14.880000, upper bound: -135.843750, lower bound: -156.056268
[INFO]:[19:05:03] CPLEX solver finished. Gap: 14.880000
[INFO]:[19:05:03] Starting CPLEX solver on instance: /home/yorig/tuner/mpils-tests/instances/miplib/medium-2/var-smallemery-m6j6.mps with config: /scratch/yorig/mpils-results-grid-seconds-5-4may/medium-2/24proc/seed-5/10_var-smallemery-m6j6_seed-5_20260504_185923/iterated_local_search/run_6_worker_10/ils_config_13020102889974390618.prm
[INFO]:[19:05:03] Starting CPLEX solver on instance: /home/yorig/tuner/mpils-tests/instances/miplib/medium-2/var-smallemery-m6j6.mps with config: /scratch/yorig/mpils-results-grid-seconds-5-4may/medium-2/24proc/seed-5/10_var-smallemery-m6j6_seed-5_20260504_185923/iterated_local_search/run_6_worker_10/ils_config_13020102889974390618.prm
[INFO]:[19:05:08] CPLEX results. Gap: 14.710000, upper bound: -135.843750, lower bound: -155.832090
[INFO]:[19:05:08] CPLEX solver finished. Gap: 14.710000
[INFO]:[19:05:08] New incumbent found with objective value: 14.71
[INFO]:[19:05:08] Starting CPLEX solver on instance: /home/yorig/tuner/mpils-tests/instances/miplib/medium-2/var-smallemery-m6j6.mps with config: /scratch/yorig/mpils-results-grid-seconds-5-4may/medium-2/24proc/seed-5/10_var-smallemery-m6j6_seed-5_20260504_185923/iterated_local_search/run_6_worker_10/ils_config_1689808129230684208.prm
[INFO]:[19:05:08] Starting CPLEX solver on instance: /home/yorig/tuner/mpils-tests/instances/miplib/medium-2/var-smallemery-m6j6.mps with config: /scratch/yorig/mpils-results-grid-seconds-5-4may/medium-2/24proc/seed-5/10_var-smallemery-m6j6_seed-5_20260504_185923/iterated_local_search/run_6_worker_10/ils_config_1689808129230684208.prm
[INFO]:[19:05:13] CPLEX results. Gap: 14.710000, upper bound: -135.843750, lower bound: -155.832090
[INFO]:[19:05:13] CPLEX solver finished. Gap: 14.710000
[INFO]:[19:05:13] Starting CPLEX solver on instance: /home/yorig/tuner/mpils-tests/instances/miplib/medium-2/var-smallemery-m6j6.mps with config: /scratch/yorig/mpils-results-grid-seconds-5-4may/medium-2/24proc/seed-5/10_var-smallemery-m6j6_seed-5_20260504_185923/iterated_local_search/run_6_worker_10/ils_config_7705262359629332745.prm
[INFO]:[19:05:13] Starting CPLEX solver on instance: /home/yorig/tuner/mpils-tests/instances/miplib/medium-2/var-smallemery-m6j6.mps with config: /scratch/yorig/mpils-results-grid-seconds-5-4may/medium-2/24proc/seed-5/10_var-smallemery-m6j6_seed-5_20260504_185923/iterated_local_search/run_6_worker_10/ils_config_7705262359629332745.prm
[INFO]:[19:05:19] CPLEX results. Gap: 1814562500000000.000000, upper bound: 0.000000, lower bound: -1814.562500
[INFO]:[19:05:19] CPLEX solver finished. Gap: 1814562500000000.000000
[INFO]:[19:05:19] Starting CPLEX solver on instance: /home/yorig/tuner/mpils-tests/instances/miplib/medium-2/var-smallemery-m6j6.mps with config: /scratch/yorig/mpils-results-grid-seconds-5-4may/medium-2/24proc/seed-5/10_var-smallemery-m6j6_seed-5_20260504_185923/iterated_local_search/run_6_worker_10/ils_config_5472509107302425897.prm
[INFO]:[19:05:19] Starting CPLEX solver on instance: /home/yorig/tuner/mpils-tests/instances/miplib/medium-2/var-smallemery-m6j6.mps with config: /scratch/yorig/mpils-results-grid-seconds-5-4may/medium-2/24proc/seed-5/10_var-smallemery-m6j6_seed-5_20260504_185923/iterated_local_search/run_6_worker_10/ils_config_5472509107302425897.prm
[INFO]:[19:05:24] CPLEX results. Gap: 6.370000, upper bound: -146.593750, lower bound: -155.938326
[INFO]:[19:05:24] CPLEX solver finished. Gap: 6.370000
[INFO]:[19:05:24] New incumbent found with objective value: 6.37
[INFO]:[19:05:24] Starting CPLEX solver on instance: /home/yorig/tuner/mpils-tests/instances/miplib/medium-2/var-smallemery-m6j6.mps with config: /scratch/yorig/mpils-results-grid-seconds-5-4may/medium-2/24proc/seed-5/10_var-smallemery-m6j6_seed-5_20260504_185923/iterated_local_search/run_6_worker_10/ils_config_17331588437064981611.prm
[INFO]:[19:05:24] Starting CPLEX solver on instance: /home/yorig/tuner/mpils-tests/instances/miplib/medium-2/var-smallemery-m6j6.mps with config: /scratch/yorig/mpils-results-grid-seconds-5-4may/medium-2/24proc/seed-5/10_var-smallemery-m6j6_seed-5_20260504_185923/iterated_local_search/run_6_worker_10/ils_config_17331588437064981611.prm
[INFO]:[19:05:29] CPLEX results. Gap: 6.370000, upper bound: -146.593750, lower bound: -155.938326
[INFO]:[19:05:29] CPLEX solver finished. Gap: 6.370000
[INFO]:[19:05:29] Starting CPLEX solver on instance: /home/yorig/tuner/mpils-tests/instances/miplib/medium-2/var-smallemery-m6j6.mps with config: /scratch/yorig/mpils-results-grid-seconds-5-4may/medium-2/24proc/seed-5/10_var-smallemery-m6j6_seed-5_20260504_185923/iterated_local_search/run_6_worker_10/ils_config_7707554620950379725.prm
[INFO]:[19:05:29] Starting CPLEX solver on instance: /home/yorig/tuner/mpils-tests/instances/miplib/medium-2/var-smallemery-m6j6.mps with config: /scratch/yorig/mpils-results-grid-seconds-5-4may/medium-2/24proc/seed-5/10_var-smallemery-m6j6_seed-5_20260504_185923/iterated_local_search/run_6_worker_10/ils_config_7707554620950379725.prm
[INFO]:[19:05:34] CPLEX results. Gap: 8.900000, upper bound: -143.093750, lower bound: -155.832090
[INFO]:[19:05:34] CPLEX solver finished. Gap: 8.900000
[INFO]:[19:05:34] Starting CPLEX solver on instance: /home/yorig/tuner/mpils-tests/instances/miplib/medium-2/var-smallemery-m6j6.mps with config: /scratch/yorig/mpils-results-grid-seconds-5-4may/medium-2/24proc/seed-5/10_var-smallemery-m6j6_seed-5_20260504_185923/iterated_local_search/run_6_worker_10/ils_config_6198769662192821818.prm
[INFO]:[19:05:34] Starting CPLEX solver on instance: /home/yorig/tuner/mpils-tests/instances/miplib/medium-2/var-smallemery-m6j6.mps with config: /scratch/yorig/mpils-results-grid-seconds-5-4may/medium-2/24proc/seed-5/10_var-smallemery-m6j6_seed-5_20260504_185923/iterated_local_search/run_6_worker_10/ils_config_6198769662192821818.prm
[INFO]:[19:05:39] CPLEX results. Gap: 6.420000, upper bound: -146.437500, lower bound: -155.832090
[INFO]:[19:05:39] CPLEX solver finished. Gap: 6.420000
[INFO]:[19:05:39] Starting CPLEX solver on instance: /home/yorig/tuner/mpils-tests/instances/miplib/medium-2/var-smallemery-m6j6.mps with config: /scratch/yorig/mpils-results-grid-seconds-5-4may/medium-2/24proc/seed-5/10_var-smallemery-m6j6_seed-5_20260504_185923/iterated_local_search/run_6_worker_10/ils_config_9975310712831778988.prm
[INFO]:[19:05:39] Starting CPLEX solver on instance: /home/yorig/tuner/mpils-tests/instances/miplib/medium-2/var-smallemery-m6j6.mps with config: /scratch/yorig/mpils-results-grid-seconds-5-4may/medium-2/24proc/seed-5/10_var-smallemery-m6j6_seed-5_20260504_185923/iterated_local_search/run_6_worker_10/ils_config_9975310712831778988.prm
[INFO]:[19:05:45] CPLEX results. Gap: 6.370000, upper bound: -146.593750, lower bound: -155.938326
[INFO]:[19:05:45] CPLEX solver finished. Gap: 6.370000
[INFO]:[19:05:45] Starting CPLEX solver on instance: /home/yorig/tuner/mpils-tests/instances/miplib/medium-2/var-smallemery-m6j6.mps with config: /scratch/yorig/mpils-results-grid-seconds-5-4may/medium-2/24proc/seed-5/10_var-smallemery-m6j6_seed-5_20260504_185923/iterated_local_search/run_6_worker_10/ils_config_1697836572437472148.prm
[INFO]:[19:05:45] Starting CPLEX solver on instance: /home/yorig/tuner/mpils-tests/instances/miplib/medium-2/var-smallemery-m6j6.mps with config: /scratch/yorig/mpils-results-grid-seconds-5-4may/medium-2/24proc/seed-5/10_var-smallemery-m6j6_seed-5_20260504_185923/iterated_local_search/run_6_worker_10/ils_config_1697836572437472148.prm
[INFO]:[19:05:50] CPLEX results. Gap: 6.370000, upper bound: -146.593750, lower bound: -155.938326
[INFO]:[19:05:50] CPLEX solver finished. Gap: 6.370000
[INFO]:[19:05:50] Starting CPLEX solver on instance: /home/yorig/tuner/mpils-tests/instances/miplib/medium-2/var-smallemery-m6j6.mps with config: /scratch/yorig/mpils-results-grid-seconds-5-4may/medium-2/24proc/seed-5/10_var-smallemery-m6j6_seed-5_20260504_185923/iterated_local_search/run_6_worker_10/ils_config_6471334586619865187.prm
[INFO]:[19:05:50] Starting CPLEX solver on instance: /home/yorig/tuner/mpils-tests/instances/miplib/medium-2/var-smallemery-m6j6.mps with config: /scratch/yorig/mpils-results-grid-seconds-5-4may/medium-2/24proc/seed-5/10_var-smallemery-m6j6_seed-5_20260504_185923/iterated_local_search/run_6_worker_10/ils_config_6471334586619865187.prm
[INFO]:[19:05:55] CPLEX results. Gap: 7.240000, upper bound: -145.406250, lower bound: -155.938326
[INFO]:[19:05:55] CPLEX solver finished. Gap: 7.240000
[INFO]:[19:05:55] Starting CPLEX solver on instance: /home/yorig/tuner/mpils-tests/instances/miplib/medium-2/var-smallemery-m6j6.mps with config: /scratch/yorig/mpils-results-grid-seconds-5-4may/medium-2/24proc/seed-5/10_var-smallemery-m6j6_seed-5_20260504_185923/iterated_local_search/run_6_worker_10/ils_config_8173501777160287772.prm
[INFO]:[19:05:55] Starting CPLEX solver on instance: /home/yorig/tuner/mpils-tests/instances/miplib/medium-2/var-smallemery-m6j6.mps with config: /scratch/yorig/mpils-results-grid-seconds-5-4may/medium-2/24proc/seed-5/10_var-smallemery-m6j6_seed-5_20260504_185923/iterated_local_search/run_6_worker_10/ils_config_8173501777160287772.prm
[INFO]:[19:06:00] CPLEX results. Gap: 6.370000, upper bound: -146.593750, lower bound: -155.938326
[INFO]:[19:06:00] CPLEX solver finished. Gap: 6.370000
[INFO]:[19:06:00] Starting CPLEX solver on instance: /home/yorig/tuner/mpils-tests/instances/miplib/medium-2/var-smallemery-m6j6.mps with config: /scratch/yorig/mpils-results-grid-seconds-5-4may/medium-2/24proc/seed-5/10_var-smallemery-m6j6_seed-5_20260504_185923/iterated_local_search/run_6_worker_10/ils_config_10055795324987612488.prm
[INFO]:[19:06:00] Starting CPLEX solver on instance: /home/yorig/tuner/mpils-tests/instances/miplib/medium-2/var-smallemery-m6j6.mps with config: /scratch/yorig/mpils-results-grid-seconds-5-4may/medium-2/24proc/seed-5/10_var-smallemery-m6j6_seed-5_20260504_185923/iterated_local_search/run_6_worker_10/ils_config_10055795324987612488.prm
[INFO]:[19:06:05] CPLEX results. Gap: 6.080000, upper bound: -146.906250, lower bound: -155.832090
[INFO]:[19:06:05] CPLEX solver finished. Gap: 6.080000
[INFO]:[19:06:05] New incumbent found with objective value: 6.08
[INFO]:[19:06:05] Starting CPLEX solver on instance: /home/yorig/tuner/mpils-tests/instances/miplib/medium-2/var-smallemery-m6j6.mps with config: /scratch/yorig/mpils-results-grid-seconds-5-4may/medium-2/24proc/seed-5/10_var-smallemery-m6j6_seed-5_20260504_185923/iterated_local_search/run_6_worker_10/ils_config_7516121785493556188.prm
[INFO]:[19:06:05] Starting CPLEX solver on instance: /home/yorig/tuner/mpils-tests/instances/miplib/medium-2/var-smallemery-m6j6.mps with config: /scratch/yorig/mpils-results-grid-seconds-5-4may/medium-2/24proc/seed-5/10_var-smallemery-m6j6_seed-5_20260504_185923/iterated_local_search/run_6_worker_10/ils_config_7516121785493556188.prm
[INFO]:[19:06:11] CPLEX results. Gap: 6.080000, upper bound: -146.906250, lower bound: -155.832090
[INFO]:[19:06:11] CPLEX solver finished. Gap: 6.080000
[INFO]:[19:06:11] Starting CPLEX solver on instance: /home/yorig/tuner/mpils-tests/instances/miplib/medium-2/var-smallemery-m6j6.mps with config: /scratch/yorig/mpils-results-grid-seconds-5-4may/medium-2/24proc/seed-5/10_var-smallemery-m6j6_seed-5_20260504_185923/iterated_local_search/run_6_worker_10/ils_config_11799233069209477977.prm
[INFO]:[19:06:11] Starting CPLEX solver on instance: /home/yorig/tuner/mpils-tests/instances/miplib/medium-2/var-smallemery-m6j6.mps with config: /scratch/yorig/mpils-results-grid-seconds-5-4may/medium-2/24proc/seed-5/10_var-smallemery-m6j6_seed-5_20260504_185923/iterated_local_search/run_6_worker_10/ils_config_11799233069209477977.prm
[INFO]:[19:06:16] CPLEX results. Gap: 6.080000, upper bound: -146.906250, lower bound: -155.832090
[INFO]:[19:06:16] CPLEX solver finished. Gap: 6.080000
[INFO]:[19:06:16] Starting CPLEX solver on instance: /home/yorig/tuner/mpils-tests/instances/miplib/medium-2/var-smallemery-m6j6.mps with config: /scratch/yorig/mpils-results-grid-seconds-5-4may/medium-2/24proc/seed-5/10_var-smallemery-m6j6_seed-5_20260504_185923/iterated_local_search/run_6_worker_10/ils_config_10528518177369183526.prm
[INFO]:[19:06:16] Starting CPLEX solver on instance: /home/yorig/tuner/mpils-tests/instances/miplib/medium-2/var-smallemery-m6j6.mps with config: /scratch/yorig/mpils-results-grid-seconds-5-4may/medium-2/24proc/seed-5/10_var-smallemery-m6j6_seed-5_20260504_185923/iterated_local_search/run_6_worker_10/ils_config_10528518177369183526.prm
[INFO]:[19:06:21] CPLEX results. Gap: 6.080000, upper bound: -146.906250, lower bound: -155.832090
[INFO]:[19:06:21] CPLEX solver finished. Gap: 6.080000
[INFO]:[19:06:21] Starting CPLEX solver on instance: /home/yorig/tuner/mpils-tests/instances/miplib/medium-2/var-smallemery-m6j6.mps with config: /scratch/yorig/mpils-results-grid-seconds-5-4may/medium-2/24proc/seed-5/10_var-smallemery-m6j6_seed-5_20260504_185923/iterated_local_search/run_6_worker_10/ils_config_18037457180446295537.prm
[INFO]:[19:06:21] Starting CPLEX solver on instance: /home/yorig/tuner/mpils-tests/instances/miplib/medium-2/var-smallemery-m6j6.mps with config: /scratch/yorig/mpils-results-grid-seconds-5-4may/medium-2/24proc/seed-5/10_var-smallemery-m6j6_seed-5_20260504_185923/iterated_local_search/run_6_worker_10/ils_config_18037457180446295537.prm
[INFO]:[19:06:26] CPLEX results. Gap: 6.080000, upper bound: -146.906250, lower bound: -155.832090
[INFO]:[19:06:26] CPLEX solver finished. Gap: 6.080000
[INFO]:[19:06:26] Starting CPLEX solver on instance: /home/yorig/tuner/mpils-tests/instances/miplib/medium-2/var-smallemery-m6j6.mps with config: /scratch/yorig/mpils-results-grid-seconds-5-4may/medium-2/24proc/seed-5/10_var-smallemery-m6j6_seed-5_20260504_185923/iterated_local_search/run_6_worker_10/ils_config_18029860576720765685.prm
[INFO]:[19:06:26] Starting CPLEX solver on instance: /home/yorig/tuner/mpils-tests/instances/miplib/medium-2/var-smallemery-m6j6.mps with config: /scratch/yorig/mpils-results-grid-seconds-5-4may/medium-2/24proc/seed-5/10_var-smallemery-m6j6_seed-5_20260504_185923/iterated_local_search/run_6_worker_10/ils_config_18029860576720765685.prm
[INFO]:[19:06:31] CPLEX results. Gap: 6.080000, upper bound: -146.906250, lower bound: -155.832090
[INFO]:[19:06:31] CPLEX solver finished. Gap: 6.080000
[INFO]:[19:06:31] Starting CPLEX solver on instance: /home/yorig/tuner/mpils-tests/instances/miplib/medium-2/var-smallemery-m6j6.mps with config: /scratch/yorig/mpils-results-grid-seconds-5-4may/medium-2/24proc/seed-5/10_var-smallemery-m6j6_seed-5_20260504_185923/iterated_local_search/run_6_worker_10/ils_config_10856794321607092169.prm
[INFO]:[19:06:31] Starting CPLEX solver on instance: /home/yorig/tuner/mpils-tests/instances/miplib/medium-2/var-smallemery-m6j6.mps with config: /scratch/yorig/mpils-results-grid-seconds-5-4may/medium-2/24proc/seed-5/10_var-smallemery-m6j6_seed-5_20260504_185923/iterated_local_search/run_6_worker_10/ils_config_10856794321607092169.prm
[INFO]:[19:06:37] CPLEX results. Gap: 4.320000, upper bound: -149.375000, lower bound: -155.832090
[INFO]:[19:06:37] CPLEX solver finished. Gap: 4.320000
[INFO]:[19:06:37] New incumbent found with objective value: 4.32
[INFO]:[19:06:37] Starting CPLEX solver on instance: /home/yorig/tuner/mpils-tests/instances/miplib/medium-2/var-smallemery-m6j6.mps with config: /scratch/yorig/mpils-results-grid-seconds-5-4may/medium-2/24proc/seed-5/10_var-smallemery-m6j6_seed-5_20260504_185923/iterated_local_search/run_6_worker_10/ils_config_14517422787568943571.prm
[INFO]:[19:06:37] Starting CPLEX solver on instance: /home/yorig/tuner/mpils-tests/instances/miplib/medium-2/var-smallemery-m6j6.mps with config: /scratch/yorig/mpils-results-grid-seconds-5-4may/medium-2/24proc/seed-5/10_var-smallemery-m6j6_seed-5_20260504_185923/iterated_local_search/run_6_worker_10/ils_config_14517422787568943571.prm
[INFO]:[19:06:42] CPLEX results. Gap: 4.320000, upper bound: -149.375000, lower bound: -155.832090
[INFO]:[19:06:42] CPLEX solver finished. Gap: 4.320000
[INFO]:[19:06:42] Starting CPLEX solver on instance: /home/yorig/tuner/mpils-tests/instances/miplib/medium-2/var-smallemery-m6j6.mps with config: /scratch/yorig/mpils-results-grid-seconds-5-4may/medium-2/24proc/seed-5/10_var-smallemery-m6j6_seed-5_20260504_185923/iterated_local_search/run_6_worker_10/ils_config_15272290828471112062.prm
[INFO]:[19:06:42] Starting CPLEX solver on instance: /home/yorig/tuner/mpils-tests/instances/miplib/medium-2/var-smallemery-m6j6.mps with config: /scratch/yorig/mpils-results-grid-seconds-5-4may/medium-2/24proc/seed-5/10_var-smallemery-m6j6_seed-5_20260504_185923/iterated_local_search/run_6_worker_10/ils_config_15272290828471112062.prm
[INFO]:[19:06:47] CPLEX results. Gap: 6.210000, upper bound: -146.718750, lower bound: -155.832090
[INFO]:[19:06:47] CPLEX solver finished. Gap: 6.210000
[INFO]:[19:06:47] Starting CPLEX solver on instance: /home/yorig/tuner/mpils-tests/instances/miplib/medium-2/var-smallemery-m6j6.mps with config: /scratch/yorig/mpils-results-grid-seconds-5-4may/medium-2/24proc/seed-5/10_var-smallemery-m6j6_seed-5_20260504_185923/iterated_local_search/run_6_worker_10/ils_config_13523578942837301883.prm
[INFO]:[19:06:47] Starting CPLEX solver on instance: /home/yorig/tuner/mpils-tests/instances/miplib/medium-2/var-smallemery-m6j6.mps with config: /scratch/yorig/mpils-results-grid-seconds-5-4may/medium-2/24proc/seed-5/10_var-smallemery-m6j6_seed-5_20260504_185923/iterated_local_search/run_6_worker_10/ils_config_13523578942837301883.prm
[INFO]:[19:06:52] CPLEX results. Gap: 4.320000, upper bound: -149.375000, lower bound: -155.832090
[INFO]:[19:06:52] CPLEX solver finished. Gap: 4.320000
[INFO]:[19:06:52] Starting CPLEX solver on instance: /home/yorig/tuner/mpils-tests/instances/miplib/medium-2/var-smallemery-m6j6.mps with config: /scratch/yorig/mpils-results-grid-seconds-5-4may/medium-2/24proc/seed-5/10_var-smallemery-m6j6_seed-5_20260504_185923/iterated_local_search/run_6_worker_10/ils_config_2919417312126917379.prm
[INFO]:[19:06:52] Starting CPLEX solver on instance: /home/yorig/tuner/mpils-tests/instances/miplib/medium-2/var-smallemery-m6j6.mps with config: /scratch/yorig/mpils-results-grid-seconds-5-4may/medium-2/24proc/seed-5/10_var-smallemery-m6j6_seed-5_20260504_185923/iterated_local_search/run_6_worker_10/ils_config_2919417312126917379.prm
[INFO]:[19:06:57] CPLEX results. Gap: 4.320000, upper bound: -149.375000, lower bound: -155.832090
[INFO]:[19:06:57] CPLEX solver finished. Gap: 4.320000
[INFO]:[19:06:57] Starting CPLEX solver on instance: /home/yorig/tuner/mpils-tests/instances/miplib/medium-2/var-smallemery-m6j6.mps with config: /scratch/yorig/mpils-results-grid-seconds-5-4may/medium-2/24proc/seed-5/10_var-smallemery-m6j6_seed-5_20260504_185923/iterated_local_search/run_6_worker_10/ils_config_11084425148843805029.prm
[INFO]:[19:06:57] Starting CPLEX solver on instance: /home/yorig/tuner/mpils-tests/instances/miplib/medium-2/var-smallemery-m6j6.mps with config: /scratch/yorig/mpils-results-grid-seconds-5-4may/medium-2/24proc/seed-5/10_var-smallemery-m6j6_seed-5_20260504_185923/iterated_local_search/run_6_worker_10/ils_config_11084425148843805029.prm
[INFO]:[19:07:03] CPLEX results. Gap: 14.880000, upper bound: -135.843750, lower bound: -156.056268
[INFO]:[19:07:03] CPLEX solver finished. Gap: 14.880000
[INFO]:[19:07:03] Local search phase completed.
[INFO]:[19:07:03] Total number of new local-search evaluations: 27
[INFO]:[19:07:03] Final incumbent objective value: 4.32
[INFO]:[19:07:04] Worker 10 completed exploration phase.
[INFO]:[19:07:04] Worker 10 received order for step 2.
[INFO]:[19:07:04] Worker 10 running expansion phase for iteration 6.
[INFO]:[19:07:04] Worker 10 will use solver log file: /scratch/yorig/mpils-results-grid-seconds-5-4may/medium-2/24proc/seed-5/10_var-smallemery-m6j6_seed-5_20260504_185923/solver/cplex.log_iteration_expansion_6_worker_10
[INFO]:[19:07:04] Expansion Worker 10 starting expansion for iteration 6.
[INFO]:[19:07:10] Expansion Worker 10 completed expansion.
[INFO]:[19:07:10] Worker 10 completed expansion phase.
[INFO]:[19:07:11] Worker 10 received order for step 1.
[INFO]:[19:07:11] Worker 10 running exploration phase for iteration 7.
[INFO]:[19:07:11] Worker 10 at iteration 7 will not use a MIP start file. Current best MIP-start upper bound threshold is 1.79769e+308.
[INFO]:[19:07:11] Starting local search phase...
[INFO]:[19:07:11] Creating local search space from parameter space file: /scratch/yorig/mpils-results-grid-seconds-5-4may/medium-2/24proc/seed-5/10_var-smallemery-m6j6_seed-5_20260504_185923/iterated_local_search/search_space/search_space_file_7_worker_10.txt
[INFO]:[19:07:11] Local search space loaded from file: /scratch/yorig/mpils-results-grid-seconds-5-4may/medium-2/24proc/seed-5/10_var-smallemery-m6j6_seed-5_20260504_185923/iterated_local_search/search_space/search_space_file_7_worker_10.txt
[INFO]:[19:07:11] Number of parameters in local search space: 71
[INFO]:[19:07:11] Number of forbidden tuples in local search space: 54
[INFO]:[19:07:11] Number of conditionals in local search space: 6
[INFO]:[19:07:11] MIP start option not enabled. Local search will proceed without MIP start.
[INFO]:[19:07:11] Evaluating initial configuration for local search phase...
[INFO]:[19:07:11] Starting CPLEX solver on instance: /home/yorig/tuner/mpils-tests/instances/miplib/medium-2/var-smallemery-m6j6.mps with config: /scratch/yorig/mpils-results-grid-seconds-5-4may/medium-2/24proc/seed-5/10_var-smallemery-m6j6_seed-5_20260504_185923/iterated_local_search/run_7_worker_10/ils_config_2168309297610062906.prm
[INFO]:[19:07:11] Starting CPLEX solver on instance: /home/yorig/tuner/mpils-tests/instances/miplib/medium-2/var-smallemery-m6j6.mps with config: /scratch/yorig/mpils-results-grid-seconds-5-4may/medium-2/24proc/seed-5/10_var-smallemery-m6j6_seed-5_20260504_185923/iterated_local_search/run_7_worker_10/ils_config_2168309297610062906.prm
[INFO]:[19:07:16] CPLEX results. Gap: 60.160000, upper bound: -97.437500, lower bound: -156.056268
[INFO]:[19:07:16] CPLEX solver finished. Gap: 60.160000
[INFO]:[19:07:16] Initial configuration evaluated with objective value: 60.16
[INFO]:[19:07:16] Starting CPLEX solver on instance: /home/yorig/tuner/mpils-tests/instances/miplib/medium-2/var-smallemery-m6j6.mps with config: /scratch/yorig/mpils-results-grid-seconds-5-4may/medium-2/24proc/seed-5/10_var-smallemery-m6j6_seed-5_20260504_185923/iterated_local_search/run_7_worker_10/ils_config_16391068370602266227.prm
[INFO]:[19:07:16] Starting CPLEX solver on instance: /home/yorig/tuner/mpils-tests/instances/miplib/medium-2/var-smallemery-m6j6.mps with config: /scratch/yorig/mpils-results-grid-seconds-5-4may/medium-2/24proc/seed-5/10_var-smallemery-m6j6_seed-5_20260504_185923/iterated_local_search/run_7_worker_10/ils_config_16391068370602266227.prm
[INFO]:[19:07:21] CPLEX results. Gap: 60.160000, upper bound: -97.437500, lower bound: -156.056268
[INFO]:[19:07:21] CPLEX solver finished. Gap: 60.160000
[INFO]:[19:07:21] Starting CPLEX solver on instance: /home/yorig/tuner/mpils-tests/instances/miplib/medium-2/var-smallemery-m6j6.mps with config: /scratch/yorig/mpils-results-grid-seconds-5-4may/medium-2/24proc/seed-5/10_var-smallemery-m6j6_seed-5_20260504_185923/iterated_local_search/run_7_worker_10/ils_config_8376890134795465535.prm
[INFO]:[19:07:21] Starting CPLEX solver on instance: /home/yorig/tuner/mpils-tests/instances/miplib/medium-2/var-smallemery-m6j6.mps with config: /scratch/yorig/mpils-results-grid-seconds-5-4may/medium-2/24proc/seed-5/10_var-smallemery-m6j6_seed-5_20260504_185923/iterated_local_search/run_7_worker_10/ils_config_8376890134795465535.prm
[INFO]:[19:07:26] CPLEX results. Gap: 60.160000, upper bound: -97.437500, lower bound: -156.056268
[INFO]:[19:07:26] CPLEX solver finished. Gap: 60.160000
[INFO]:[19:07:26] Starting CPLEX solver on instance: /home/yorig/tuner/mpils-tests/instances/miplib/medium-2/var-smallemery-m6j6.mps with config: /scratch/yorig/mpils-results-grid-seconds-5-4may/medium-2/24proc/seed-5/10_var-smallemery-m6j6_seed-5_20260504_185923/iterated_local_search/run_7_worker_10/ils_config_3977346059902949054.prm
[INFO]:[19:07:26] Starting CPLEX solver on instance: /home/yorig/tuner/mpils-tests/instances/miplib/medium-2/var-smallemery-m6j6.mps with config: /scratch/yorig/mpils-results-grid-seconds-5-4may/medium-2/24proc/seed-5/10_var-smallemery-m6j6_seed-5_20260504_185923/iterated_local_search/run_7_worker_10/ils_config_3977346059902949054.prm
[INFO]:[19:07:32] CPLEX results. Gap: 60.160000, upper bound: -97.437500, lower bound: -156.056268
[INFO]:[19:07:32] CPLEX solver finished. Gap: 60.160000
[INFO]:[19:07:32] Starting CPLEX solver on instance: /home/yorig/tuner/mpils-tests/instances/miplib/medium-2/var-smallemery-m6j6.mps with config: /scratch/yorig/mpils-results-grid-seconds-5-4may/medium-2/24proc/seed-5/10_var-smallemery-m6j6_seed-5_20260504_185923/iterated_local_search/run_7_worker_10/ils_config_6885259032435122236.prm
[INFO]:[19:07:32] Starting CPLEX solver on instance: /home/yorig/tuner/mpils-tests/instances/miplib/medium-2/var-smallemery-m6j6.mps with config: /scratch/yorig/mpils-results-grid-seconds-5-4may/medium-2/24proc/seed-5/10_var-smallemery-m6j6_seed-5_20260504_185923/iterated_local_search/run_7_worker_10/ils_config_6885259032435122236.prm
[INFO]:[19:07:37] CPLEX results. Gap: 60.160000, upper bound: -97.437500, lower bound: -156.056268
[INFO]:[19:07:37] CPLEX solver finished. Gap: 60.160000
[INFO]:[19:07:37] Starting CPLEX solver on instance: /home/yorig/tuner/mpils-tests/instances/miplib/medium-2/var-smallemery-m6j6.mps with config: /scratch/yorig/mpils-results-grid-seconds-5-4may/medium-2/24proc/seed-5/10_var-smallemery-m6j6_seed-5_20260504_185923/iterated_local_search/run_7_worker_10/ils_config_5545396731548622183.prm
[INFO]:[19:07:37] Starting CPLEX solver on instance: /home/yorig/tuner/mpils-tests/instances/miplib/medium-2/var-smallemery-m6j6.mps with config: /scratch/yorig/mpils-results-grid-seconds-5-4may/medium-2/24proc/seed-5/10_var-smallemery-m6j6_seed-5_20260504_185923/iterated_local_search/run_7_worker_10/ils_config_5545396731548622183.prm
[INFO]:[19:07:42] CPLEX results. Gap: 60.160000, upper bound: -97.437500, lower bound: -156.056268
[INFO]:[19:07:42] CPLEX solver finished. Gap: 60.160000
[INFO]:[19:07:42] Starting CPLEX solver on instance: /home/yorig/tuner/mpils-tests/instances/miplib/medium-2/var-smallemery-m6j6.mps with config: /scratch/yorig/mpils-results-grid-seconds-5-4may/medium-2/24proc/seed-5/10_var-smallemery-m6j6_seed-5_20260504_185923/iterated_local_search/run_7_worker_10/ils_config_14710689787471270223.prm
[INFO]:[19:07:42] Starting CPLEX solver on instance: /home/yorig/tuner/mpils-tests/instances/miplib/medium-2/var-smallemery-m6j6.mps with config: /scratch/yorig/mpils-results-grid-seconds-5-4may/medium-2/24proc/seed-5/10_var-smallemery-m6j6_seed-5_20260504_185923/iterated_local_search/run_7_worker_10/ils_config_14710689787471270223.prm
[INFO]:[19:07:47] CPLEX results. Gap: 60.160000, upper bound: -97.437500, lower bound: -156.056268
[INFO]:[19:07:47] CPLEX solver finished. Gap: 60.160000
[INFO]:[19:07:47] Starting CPLEX solver on instance: /home/yorig/tuner/mpils-tests/instances/miplib/medium-2/var-smallemery-m6j6.mps with config: /scratch/yorig/mpils-results-grid-seconds-5-4may/medium-2/24proc/seed-5/10_var-smallemery-m6j6_seed-5_20260504_185923/iterated_local_search/run_7_worker_10/ils_config_8932113046064742627.prm
[INFO]:[19:07:47] Starting CPLEX solver on instance: /home/yorig/tuner/mpils-tests/instances/miplib/medium-2/var-smallemery-m6j6.mps with config: /scratch/yorig/mpils-results-grid-seconds-5-4may/medium-2/24proc/seed-5/10_var-smallemery-m6j6_seed-5_20260504_185923/iterated_local_search/run_7_worker_10/ils_config_8932113046064742627.prm
[INFO]:[19:07:52] CPLEX results. Gap: 60.160000, upper bound: -97.437500, lower bound: -156.056268
[INFO]:[19:07:52] CPLEX solver finished. Gap: 60.160000
[INFO]:[19:07:52] Starting CPLEX solver on instance: /home/yorig/tuner/mpils-tests/instances/miplib/medium-2/var-smallemery-m6j6.mps with config: /scratch/yorig/mpils-results-grid-seconds-5-4may/medium-2/24proc/seed-5/10_var-smallemery-m6j6_seed-5_20260504_185923/iterated_local_search/run_7_worker_10/ils_config_11206779560393182035.prm
[INFO]:[19:07:52] Starting CPLEX solver on instance: /home/yorig/tuner/mpils-tests/instances/miplib/medium-2/var-smallemery-m6j6.mps with config: /scratch/yorig/mpils-results-grid-seconds-5-4may/medium-2/24proc/seed-5/10_var-smallemery-m6j6_seed-5_20260504_185923/iterated_local_search/run_7_worker_10/ils_config_11206779560393182035.prm
[INFO]:[19:07:57] CPLEX results. Gap: 60.160000, upper bound: -97.437500, lower bound: -156.056268
[INFO]:[19:07:57] CPLEX solver finished. Gap: 60.160000
[INFO]:[19:07:57] Starting CPLEX solver on instance: /home/yorig/tuner/mpils-tests/instances/miplib/medium-2/var-smallemery-m6j6.mps with config: /scratch/yorig/mpils-results-grid-seconds-5-4may/medium-2/24proc/seed-5/10_var-smallemery-m6j6_seed-5_20260504_185923/iterated_local_search/run_7_worker_10/ils_config_11955734254819823231.prm
[INFO]:[19:07:57] Starting CPLEX solver on instance: /home/yorig/tuner/mpils-tests/instances/miplib/medium-2/var-smallemery-m6j6.mps with config: /scratch/yorig/mpils-results-grid-seconds-5-4may/medium-2/24proc/seed-5/10_var-smallemery-m6j6_seed-5_20260504_185923/iterated_local_search/run_7_worker_10/ils_config_11955734254819823231.prm
[INFO]:[19:08:03] CPLEX results. Gap: 60.160000, upper bound: -97.437500, lower bound: -156.056268
[INFO]:[19:08:03] CPLEX solver finished. Gap: 60.160000
[INFO]:[19:08:03] Starting CPLEX solver on instance: /home/yorig/tuner/mpils-tests/instances/miplib/medium-2/var-smallemery-m6j6.mps with config: /scratch/yorig/mpils-results-grid-seconds-5-4may/medium-2/24proc/seed-5/10_var-smallemery-m6j6_seed-5_20260504_185923/iterated_local_search/run_7_worker_10/ils_config_14377705735884502505.prm
[INFO]:[19:08:03] Starting CPLEX solver on instance: /home/yorig/tuner/mpils-tests/instances/miplib/medium-2/var-smallemery-m6j6.mps with config: /scratch/yorig/mpils-results-grid-seconds-5-4may/medium-2/24proc/seed-5/10_var-smallemery-m6j6_seed-5_20260504_185923/iterated_local_search/run_7_worker_10/ils_config_14377705735884502505.prm
[INFO]:[19:08:08] CPLEX results. Gap: 60.160000, upper bound: -97.437500, lower bound: -156.056268
[INFO]:[19:08:08] CPLEX solver finished. Gap: 60.160000
[INFO]:[19:08:08] Starting CPLEX solver on instance: /home/yorig/tuner/mpils-tests/instances/miplib/medium-2/var-smallemery-m6j6.mps with config: /scratch/yorig/mpils-results-grid-seconds-5-4may/medium-2/24proc/seed-5/10_var-smallemery-m6j6_seed-5_20260504_185923/iterated_local_search/run_7_worker_10/ils_config_8853309451879234127.prm
[INFO]:[19:08:08] Starting CPLEX solver on instance: /home/yorig/tuner/mpils-tests/instances/miplib/medium-2/var-smallemery-m6j6.mps with config: /scratch/yorig/mpils-results-grid-seconds-5-4may/medium-2/24proc/seed-5/10_var-smallemery-m6j6_seed-5_20260504_185923/iterated_local_search/run_7_worker_10/ils_config_8853309451879234127.prm
[INFO]:[19:08:13] CPLEX results. Gap: 60.160000, upper bound: -97.437500, lower bound: -156.056268
[INFO]:[19:08:13] CPLEX solver finished. Gap: 60.160000
[INFO]:[19:08:13] Starting CPLEX solver on instance: /home/yorig/tuner/mpils-tests/instances/miplib/medium-2/var-smallemery-m6j6.mps with config: /scratch/yorig/mpils-results-grid-seconds-5-4may/medium-2/24proc/seed-5/10_var-smallemery-m6j6_seed-5_20260504_185923/iterated_local_search/run_7_worker_10/ils_config_9084157838597916263.prm
[INFO]:[19:08:13] Starting CPLEX solver on instance: /home/yorig/tuner/mpils-tests/instances/miplib/medium-2/var-smallemery-m6j6.mps with config: /scratch/yorig/mpils-results-grid-seconds-5-4may/medium-2/24proc/seed-5/10_var-smallemery-m6j6_seed-5_20260504_185923/iterated_local_search/run_7_worker_10/ils_config_9084157838597916263.prm
[INFO]:[19:08:18] CPLEX results. Gap: 60.160000, upper bound: -97.437500, lower bound: -156.056268
[INFO]:[19:08:18] CPLEX solver finished. Gap: 60.160000
[INFO]:[19:08:18] Starting CPLEX solver on instance: /home/yorig/tuner/mpils-tests/instances/miplib/medium-2/var-smallemery-m6j6.mps with config: /scratch/yorig/mpils-results-grid-seconds-5-4may/medium-2/24proc/seed-5/10_var-smallemery-m6j6_seed-5_20260504_185923/iterated_local_search/run_7_worker_10/ils_config_7850036926604726627.prm
[INFO]:[19:08:18] Starting CPLEX solver on instance: /home/yorig/tuner/mpils-tests/instances/miplib/medium-2/var-smallemery-m6j6.mps with config: /scratch/yorig/mpils-results-grid-seconds-5-4may/medium-2/24proc/seed-5/10_var-smallemery-m6j6_seed-5_20260504_185923/iterated_local_search/run_7_worker_10/ils_config_7850036926604726627.prm
[INFO]:[19:08:23] CPLEX results. Gap: 60.160000, upper bound: -97.437500, lower bound: -156.056268
[INFO]:[19:08:23] CPLEX solver finished. Gap: 60.160000
[INFO]:[19:08:23] Starting CPLEX solver on instance: /home/yorig/tuner/mpils-tests/instances/miplib/medium-2/var-smallemery-m6j6.mps with config: /scratch/yorig/mpils-results-grid-seconds-5-4may/medium-2/24proc/seed-5/10_var-smallemery-m6j6_seed-5_20260504_185923/iterated_local_search/run_7_worker_10/ils_config_10612322492253267553.prm
[INFO]:[19:08:23] Starting CPLEX solver on instance: /home/yorig/tuner/mpils-tests/instances/miplib/medium-2/var-smallemery-m6j6.mps with config: /scratch/yorig/mpils-results-grid-seconds-5-4may/medium-2/24proc/seed-5/10_var-smallemery-m6j6_seed-5_20260504_185923/iterated_local_search/run_7_worker_10/ils_config_10612322492253267553.prm
[INFO]:[19:08:29] CPLEX results. Gap: 60.160000, upper bound: -97.437500, lower bound: -156.056268
[INFO]:[19:08:29] CPLEX solver finished. Gap: 60.160000
[INFO]:[19:08:29] Starting CPLEX solver on instance: /home/yorig/tuner/mpils-tests/instances/miplib/medium-2/var-smallemery-m6j6.mps with config: /scratch/yorig/mpils-results-grid-seconds-5-4may/medium-2/24proc/seed-5/10_var-smallemery-m6j6_seed-5_20260504_185923/iterated_local_search/run_7_worker_10/ils_config_5264183058989622996.prm
[INFO]:[19:08:29] Starting CPLEX solver on instance: /home/yorig/tuner/mpils-tests/instances/miplib/medium-2/var-smallemery-m6j6.mps with config: /scratch/yorig/mpils-results-grid-seconds-5-4may/medium-2/24proc/seed-5/10_var-smallemery-m6j6_seed-5_20260504_185923/iterated_local_search/run_7_worker_10/ils_config_5264183058989622996.prm
[INFO]:[19:08:34] CPLEX results. Gap: 60.160000, upper bound: -97.437500, lower bound: -156.056268
[INFO]:[19:08:34] CPLEX solver finished. Gap: 60.160000
[INFO]:[19:08:34] Starting CPLEX solver on instance: /home/yorig/tuner/mpils-tests/instances/miplib/medium-2/var-smallemery-m6j6.mps with config: /scratch/yorig/mpils-results-grid-seconds-5-4may/medium-2/24proc/seed-5/10_var-smallemery-m6j6_seed-5_20260504_185923/iterated_local_search/run_7_worker_10/ils_config_14155071521905783599.prm
[INFO]:[19:08:34] Starting CPLEX solver on instance: /home/yorig/tuner/mpils-tests/instances/miplib/medium-2/var-smallemery-m6j6.mps with config: /scratch/yorig/mpils-results-grid-seconds-5-4may/medium-2/24proc/seed-5/10_var-smallemery-m6j6_seed-5_20260504_185923/iterated_local_search/run_7_worker_10/ils_config_14155071521905783599.prm
[INFO]:[19:08:39] CPLEX results. Gap: 60.160000, upper bound: -97.437500, lower bound: -156.056268
[INFO]:[19:08:39] CPLEX solver finished. Gap: 60.160000
[INFO]:[19:08:39] Starting CPLEX solver on instance: /home/yorig/tuner/mpils-tests/instances/miplib/medium-2/var-smallemery-m6j6.mps with config: /scratch/yorig/mpils-results-grid-seconds-5-4may/medium-2/24proc/seed-5/10_var-smallemery-m6j6_seed-5_20260504_185923/iterated_local_search/run_7_worker_10/ils_config_8345801967954540964.prm
[INFO]:[19:08:39] Starting CPLEX solver on instance: /home/yorig/tuner/mpils-tests/instances/miplib/medium-2/var-smallemery-m6j6.mps with config: /scratch/yorig/mpils-results-grid-seconds-5-4may/medium-2/24proc/seed-5/10_var-smallemery-m6j6_seed-5_20260504_185923/iterated_local_search/run_7_worker_10/ils_config_8345801967954540964.prm
[INFO]:[19:08:44] CPLEX results. Gap: 60.160000, upper bound: -97.437500, lower bound: -156.056268
[INFO]:[19:08:44] CPLEX solver finished. Gap: 60.160000
[INFO]:[19:08:44] Local search phase completed.
[INFO]:[19:08:44] Total number of new local-search evaluations: 18
[INFO]:[19:08:44] Final incumbent objective value: 60.16
[INFO]:[19:08:52] Worker 10 completed exploration phase.
[INFO]:[19:08:52] Worker 10 received order for step 3.
[INFO]:[19:08:52] Worker 10 finished.
