[INFO]:[22:28:10] Worker 11 starting.
[INFO]:[22:28:10] Worker 11 received order for step 1.
[INFO]:[22:28:10] Worker 11 running exploration phase for iteration 1.
[INFO]:[22:28:10] Worker 11 at iteration 1 will not use a MIP start file. Current best MIP-start upper bound threshold is 1.79769e+308.
[INFO]:[22:28:10] Starting local search phase...
[INFO]:[22:28:10] Creating local search space from parameter space file: /scratch/yorig/mpils-results-grid-seconds-10-4may/medium-2/16proc/seed-5/4_nexp-150-20-8-5_seed-5_20260504_222809/iterated_local_search/search_space/search_space_file_1_worker_11.txt
[INFO]:[22:28:10] Local search space loaded from file: /scratch/yorig/mpils-results-grid-seconds-10-4may/medium-2/16proc/seed-5/4_nexp-150-20-8-5_seed-5_20260504_222809/iterated_local_search/search_space/search_space_file_1_worker_11.txt
[INFO]:[22:28:10] Number of parameters in local search space: 71
[INFO]:[22:28:10] Number of forbidden tuples in local search space: 0
[INFO]:[22:28:10] Number of conditionals in local search space: 6
[INFO]:[22:28:10] MIP start option not enabled. Local search will proceed without MIP start.
[INFO]:[22:28:10] Evaluating initial configuration for local search phase...
[INFO]:[22:28:10] Starting CPLEX solver on instance: /home/yorig/tuner/mpils-tests/instances/miplib/medium-2/nexp-150-20-8-5.mps with config: /scratch/yorig/mpils-results-grid-seconds-10-4may/medium-2/16proc/seed-5/4_nexp-150-20-8-5_seed-5_20260504_222809/iterated_local_search/run_1_worker_11/ils_config_14801619877118583923.prm
[INFO]:[22:28:10] Starting CPLEX solver on instance: /home/yorig/tuner/mpils-tests/instances/miplib/medium-2/nexp-150-20-8-5.mps with config: /scratch/yorig/mpils-results-grid-seconds-10-4may/medium-2/16proc/seed-5/4_nexp-150-20-8-5_seed-5_20260504_222809/iterated_local_search/run_1_worker_11/ils_config_14801619877118583923.prm
[INFO]:[22:28:21] CPLEX results. Gap: 6.440000, upper bound: 240.000000, lower bound: 224.548841
[INFO]:[22:28:21] CPLEX solver finished. Gap: 6.440000
[INFO]:[22:28:21] Initial configuration evaluated with objective value: 6.44
[INFO]:[22:28:21] Starting CPLEX solver on instance: /home/yorig/tuner/mpils-tests/instances/miplib/medium-2/nexp-150-20-8-5.mps with config: /scratch/yorig/mpils-results-grid-seconds-10-4may/medium-2/16proc/seed-5/4_nexp-150-20-8-5_seed-5_20260504_222809/iterated_local_search/run_1_worker_11/ils_config_10591762434973011696.prm
[INFO]:[22:28:21] Starting CPLEX solver on instance: /home/yorig/tuner/mpils-tests/instances/miplib/medium-2/nexp-150-20-8-5.mps with config: /scratch/yorig/mpils-results-grid-seconds-10-4may/medium-2/16proc/seed-5/4_nexp-150-20-8-5_seed-5_20260504_222809/iterated_local_search/run_1_worker_11/ils_config_10591762434973011696.prm
[INFO]:[22:28:31] CPLEX results. Gap: 6.440000, upper bound: 240.000000, lower bound: 224.548841
[INFO]:[22:28:31] CPLEX solver finished. Gap: 6.440000
[INFO]:[22:28:31] Starting CPLEX solver on instance: /home/yorig/tuner/mpils-tests/instances/miplib/medium-2/nexp-150-20-8-5.mps with config: /scratch/yorig/mpils-results-grid-seconds-10-4may/medium-2/16proc/seed-5/4_nexp-150-20-8-5_seed-5_20260504_222809/iterated_local_search/run_1_worker_11/ils_config_18323350142720403339.prm
[INFO]:[22:28:31] Starting CPLEX solver on instance: /home/yorig/tuner/mpils-tests/instances/miplib/medium-2/nexp-150-20-8-5.mps with config: /scratch/yorig/mpils-results-grid-seconds-10-4may/medium-2/16proc/seed-5/4_nexp-150-20-8-5_seed-5_20260504_222809/iterated_local_search/run_1_worker_11/ils_config_18323350142720403339.prm
[INFO]:[22:28:41] CPLEX results. Gap: 6.440000, upper bound: 240.000000, lower bound: 224.548841
[INFO]:[22:28:41] CPLEX solver finished. Gap: 6.440000
[INFO]:[22:28:41] Starting CPLEX solver on instance: /home/yorig/tuner/mpils-tests/instances/miplib/medium-2/nexp-150-20-8-5.mps with config: /scratch/yorig/mpils-results-grid-seconds-10-4may/medium-2/16proc/seed-5/4_nexp-150-20-8-5_seed-5_20260504_222809/iterated_local_search/run_1_worker_11/ils_config_4190663344138468035.prm
[INFO]:[22:28:41] Starting CPLEX solver on instance: /home/yorig/tuner/mpils-tests/instances/miplib/medium-2/nexp-150-20-8-5.mps with config: /scratch/yorig/mpils-results-grid-seconds-10-4may/medium-2/16proc/seed-5/4_nexp-150-20-8-5_seed-5_20260504_222809/iterated_local_search/run_1_worker_11/ils_config_4190663344138468035.prm
[INFO]:[22:28:51] CPLEX results. Gap: 7.170000, upper bound: 244.000000, lower bound: 226.510348
[INFO]:[22:28:51] CPLEX solver finished. Gap: 7.170000
[INFO]:[22:28:51] Starting CPLEX solver on instance: /home/yorig/tuner/mpils-tests/instances/miplib/medium-2/nexp-150-20-8-5.mps with config: /scratch/yorig/mpils-results-grid-seconds-10-4may/medium-2/16proc/seed-5/4_nexp-150-20-8-5_seed-5_20260504_222809/iterated_local_search/run_1_worker_11/ils_config_16819902601989404586.prm
[INFO]:[22:28:51] Starting CPLEX solver on instance: /home/yorig/tuner/mpils-tests/instances/miplib/medium-2/nexp-150-20-8-5.mps with config: /scratch/yorig/mpils-results-grid-seconds-10-4may/medium-2/16proc/seed-5/4_nexp-150-20-8-5_seed-5_20260504_222809/iterated_local_search/run_1_worker_11/ils_config_16819902601989404586.prm
[INFO]:[22:29:01] CPLEX results. Gap: 6.440000, upper bound: 240.000000, lower bound: 224.548841
[INFO]:[22:29:01] CPLEX solver finished. Gap: 6.440000
[INFO]:[22:29:01] Starting CPLEX solver on instance: /home/yorig/tuner/mpils-tests/instances/miplib/medium-2/nexp-150-20-8-5.mps with config: /scratch/yorig/mpils-results-grid-seconds-10-4may/medium-2/16proc/seed-5/4_nexp-150-20-8-5_seed-5_20260504_222809/iterated_local_search/run_1_worker_11/ils_config_14315331741575848975.prm
[INFO]:[22:29:01] Starting CPLEX solver on instance: /home/yorig/tuner/mpils-tests/instances/miplib/medium-2/nexp-150-20-8-5.mps with config: /scratch/yorig/mpils-results-grid-seconds-10-4may/medium-2/16proc/seed-5/4_nexp-150-20-8-5_seed-5_20260504_222809/iterated_local_search/run_1_worker_11/ils_config_14315331741575848975.prm
[INFO]:[22:29:11] CPLEX results. Gap: 12.310000, upper bound: 252.000000, lower bound: 220.983663
[INFO]:[22:29:11] CPLEX solver finished. Gap: 12.310000
[INFO]:[22:29:11] Starting CPLEX solver on instance: /home/yorig/tuner/mpils-tests/instances/miplib/medium-2/nexp-150-20-8-5.mps with config: /scratch/yorig/mpils-results-grid-seconds-10-4may/medium-2/16proc/seed-5/4_nexp-150-20-8-5_seed-5_20260504_222809/iterated_local_search/run_1_worker_11/ils_config_1301198577569996760.prm
[INFO]:[22:29:11] Starting CPLEX solver on instance: /home/yorig/tuner/mpils-tests/instances/miplib/medium-2/nexp-150-20-8-5.mps with config: /scratch/yorig/mpils-results-grid-seconds-10-4may/medium-2/16proc/seed-5/4_nexp-150-20-8-5_seed-5_20260504_222809/iterated_local_search/run_1_worker_11/ils_config_1301198577569996760.prm
[INFO]:[22:29:21] CPLEX results. Gap: 6.440000, upper bound: 240.000000, lower bound: 224.548841
[INFO]:[22:29:21] CPLEX solver finished. Gap: 6.440000
[INFO]:[22:29:21] Starting CPLEX solver on instance: /home/yorig/tuner/mpils-tests/instances/miplib/medium-2/nexp-150-20-8-5.mps with config: /scratch/yorig/mpils-results-grid-seconds-10-4may/medium-2/16proc/seed-5/4_nexp-150-20-8-5_seed-5_20260504_222809/iterated_local_search/run_1_worker_11/ils_config_14138470984721055823.prm
[INFO]:[22:29:21] Starting CPLEX solver on instance: /home/yorig/tuner/mpils-tests/instances/miplib/medium-2/nexp-150-20-8-5.mps with config: /scratch/yorig/mpils-results-grid-seconds-10-4may/medium-2/16proc/seed-5/4_nexp-150-20-8-5_seed-5_20260504_222809/iterated_local_search/run_1_worker_11/ils_config_14138470984721055823.prm
[INFO]:[22:29:31] CPLEX results. Gap: 6.440000, upper bound: 240.000000, lower bound: 224.548841
[INFO]:[22:29:31] CPLEX solver finished. Gap: 6.440000
[INFO]:[22:29:31] Starting CPLEX solver on instance: /home/yorig/tuner/mpils-tests/instances/miplib/medium-2/nexp-150-20-8-5.mps with config: /scratch/yorig/mpils-results-grid-seconds-10-4may/medium-2/16proc/seed-5/4_nexp-150-20-8-5_seed-5_20260504_222809/iterated_local_search/run_1_worker_11/ils_config_12381134312306008140.prm
[INFO]:[22:29:31] Starting CPLEX solver on instance: /home/yorig/tuner/mpils-tests/instances/miplib/medium-2/nexp-150-20-8-5.mps with config: /scratch/yorig/mpils-results-grid-seconds-10-4may/medium-2/16proc/seed-5/4_nexp-150-20-8-5_seed-5_20260504_222809/iterated_local_search/run_1_worker_11/ils_config_12381134312306008140.prm
[INFO]:[22:29:41] CPLEX results. Gap: 5.250000, upper bound: 241.000000, lower bound: 228.346720
[INFO]:[22:29:41] CPLEX solver finished. Gap: 5.250000
[INFO]:[22:29:41] New incumbent found with objective value: 5.25
[INFO]:[22:29:41] Starting CPLEX solver on instance: /home/yorig/tuner/mpils-tests/instances/miplib/medium-2/nexp-150-20-8-5.mps with config: /scratch/yorig/mpils-results-grid-seconds-10-4may/medium-2/16proc/seed-5/4_nexp-150-20-8-5_seed-5_20260504_222809/iterated_local_search/run_1_worker_11/ils_config_6128881128436042669.prm
[INFO]:[22:29:41] Starting CPLEX solver on instance: /home/yorig/tuner/mpils-tests/instances/miplib/medium-2/nexp-150-20-8-5.mps with config: /scratch/yorig/mpils-results-grid-seconds-10-4may/medium-2/16proc/seed-5/4_nexp-150-20-8-5_seed-5_20260504_222809/iterated_local_search/run_1_worker_11/ils_config_6128881128436042669.prm
[INFO]:[22:29:51] CPLEX results. Gap: 5.250000, upper bound: 241.000000, lower bound: 228.346720
[INFO]:[22:29:51] CPLEX solver finished. Gap: 5.250000
[INFO]:[22:29:51] Starting CPLEX solver on instance: /home/yorig/tuner/mpils-tests/instances/miplib/medium-2/nexp-150-20-8-5.mps with config: /scratch/yorig/mpils-results-grid-seconds-10-4may/medium-2/16proc/seed-5/4_nexp-150-20-8-5_seed-5_20260504_222809/iterated_local_search/run_1_worker_11/ils_config_14526601706586545791.prm
[INFO]:[22:29:51] Starting CPLEX solver on instance: /home/yorig/tuner/mpils-tests/instances/miplib/medium-2/nexp-150-20-8-5.mps with config: /scratch/yorig/mpils-results-grid-seconds-10-4may/medium-2/16proc/seed-5/4_nexp-150-20-8-5_seed-5_20260504_222809/iterated_local_search/run_1_worker_11/ils_config_14526601706586545791.prm
[INFO]:[22:30:01] CPLEX results. Gap: 1.480000, upper bound: 233.000000, lower bound: 229.556353
[INFO]:[22:30:01] CPLEX solver finished. Gap: 1.480000
[INFO]:[22:30:01] New incumbent found with objective value: 1.48
[INFO]:[22:30:01] Starting CPLEX solver on instance: /home/yorig/tuner/mpils-tests/instances/miplib/medium-2/nexp-150-20-8-5.mps with config: /scratch/yorig/mpils-results-grid-seconds-10-4may/medium-2/16proc/seed-5/4_nexp-150-20-8-5_seed-5_20260504_222809/iterated_local_search/run_1_worker_11/ils_config_11395304906451960057.prm
[INFO]:[22:30:01] Starting CPLEX solver on instance: /home/yorig/tuner/mpils-tests/instances/miplib/medium-2/nexp-150-20-8-5.mps with config: /scratch/yorig/mpils-results-grid-seconds-10-4may/medium-2/16proc/seed-5/4_nexp-150-20-8-5_seed-5_20260504_222809/iterated_local_search/run_1_worker_11/ils_config_11395304906451960057.prm
[INFO]:[22:30:11] CPLEX results. Gap: 1.480000, upper bound: 233.000000, lower bound: 229.556353
[INFO]:[22:30:11] CPLEX solver finished. Gap: 1.480000
[INFO]:[22:30:11] Starting CPLEX solver on instance: /home/yorig/tuner/mpils-tests/instances/miplib/medium-2/nexp-150-20-8-5.mps with config: /scratch/yorig/mpils-results-grid-seconds-10-4may/medium-2/16proc/seed-5/4_nexp-150-20-8-5_seed-5_20260504_222809/iterated_local_search/run_1_worker_11/ils_config_2178336503143014311.prm
[INFO]:[22:30:11] Starting CPLEX solver on instance: /home/yorig/tuner/mpils-tests/instances/miplib/medium-2/nexp-150-20-8-5.mps with config: /scratch/yorig/mpils-results-grid-seconds-10-4may/medium-2/16proc/seed-5/4_nexp-150-20-8-5_seed-5_20260504_222809/iterated_local_search/run_1_worker_11/ils_config_2178336503143014311.prm
[INFO]:[22:30:21] CPLEX results. Gap: 1.480000, upper bound: 233.000000, lower bound: 229.556353
[INFO]:[22:30:21] CPLEX solver finished. Gap: 1.480000
[INFO]:[22:30:21] Starting CPLEX solver on instance: /home/yorig/tuner/mpils-tests/instances/miplib/medium-2/nexp-150-20-8-5.mps with config: /scratch/yorig/mpils-results-grid-seconds-10-4may/medium-2/16proc/seed-5/4_nexp-150-20-8-5_seed-5_20260504_222809/iterated_local_search/run_1_worker_11/ils_config_15337207458386783147.prm
[INFO]:[22:30:21] Starting CPLEX solver on instance: /home/yorig/tuner/mpils-tests/instances/miplib/medium-2/nexp-150-20-8-5.mps with config: /scratch/yorig/mpils-results-grid-seconds-10-4may/medium-2/16proc/seed-5/4_nexp-150-20-8-5_seed-5_20260504_222809/iterated_local_search/run_1_worker_11/ils_config_15337207458386783147.prm
[INFO]:[22:30:31] CPLEX results. Gap: 1.480000, upper bound: 233.000000, lower bound: 229.556353
[INFO]:[22:30:31] CPLEX solver finished. Gap: 1.480000
[INFO]:[22:30:31] Starting CPLEX solver on instance: /home/yorig/tuner/mpils-tests/instances/miplib/medium-2/nexp-150-20-8-5.mps with config: /scratch/yorig/mpils-results-grid-seconds-10-4may/medium-2/16proc/seed-5/4_nexp-150-20-8-5_seed-5_20260504_222809/iterated_local_search/run_1_worker_11/ils_config_4925074971160686780.prm
[INFO]:[22:30:31] Starting CPLEX solver on instance: /home/yorig/tuner/mpils-tests/instances/miplib/medium-2/nexp-150-20-8-5.mps with config: /scratch/yorig/mpils-results-grid-seconds-10-4may/medium-2/16proc/seed-5/4_nexp-150-20-8-5_seed-5_20260504_222809/iterated_local_search/run_1_worker_11/ils_config_4925074971160686780.prm
[INFO]:[22:30:41] CPLEX results. Gap: 1.480000, upper bound: 233.000000, lower bound: 229.556353
[INFO]:[22:30:41] CPLEX solver finished. Gap: 1.480000
[INFO]:[22:30:41] Starting CPLEX solver on instance: /home/yorig/tuner/mpils-tests/instances/miplib/medium-2/nexp-150-20-8-5.mps with config: /scratch/yorig/mpils-results-grid-seconds-10-4may/medium-2/16proc/seed-5/4_nexp-150-20-8-5_seed-5_20260504_222809/iterated_local_search/run_1_worker_11/ils_config_10972156307360665588.prm
[INFO]:[22:30:41] Starting CPLEX solver on instance: /home/yorig/tuner/mpils-tests/instances/miplib/medium-2/nexp-150-20-8-5.mps with config: /scratch/yorig/mpils-results-grid-seconds-10-4may/medium-2/16proc/seed-5/4_nexp-150-20-8-5_seed-5_20260504_222809/iterated_local_search/run_1_worker_11/ils_config_10972156307360665588.prm
[INFO]:[22:30:51] CPLEX results. Gap: 1.480000, upper bound: 233.000000, lower bound: 229.556353
[INFO]:[22:30:51] CPLEX solver finished. Gap: 1.480000
[INFO]:[22:30:51] Starting CPLEX solver on instance: /home/yorig/tuner/mpils-tests/instances/miplib/medium-2/nexp-150-20-8-5.mps with config: /scratch/yorig/mpils-results-grid-seconds-10-4may/medium-2/16proc/seed-5/4_nexp-150-20-8-5_seed-5_20260504_222809/iterated_local_search/run_1_worker_11/ils_config_16347944881807362537.prm
[INFO]:[22:30:51] Starting CPLEX solver on instance: /home/yorig/tuner/mpils-tests/instances/miplib/medium-2/nexp-150-20-8-5.mps with config: /scratch/yorig/mpils-results-grid-seconds-10-4may/medium-2/16proc/seed-5/4_nexp-150-20-8-5_seed-5_20260504_222809/iterated_local_search/run_1_worker_11/ils_config_16347944881807362537.prm
[INFO]:[22:31:01] CPLEX results. Gap: 2.160000, upper bound: 234.000000, lower bound: 228.950188
[INFO]:[22:31:01] CPLEX solver finished. Gap: 2.160000
[INFO]:[22:31:01] Starting CPLEX solver on instance: /home/yorig/tuner/mpils-tests/instances/miplib/medium-2/nexp-150-20-8-5.mps with config: /scratch/yorig/mpils-results-grid-seconds-10-4may/medium-2/16proc/seed-5/4_nexp-150-20-8-5_seed-5_20260504_222809/iterated_local_search/run_1_worker_11/ils_config_11103960270026389942.prm
[INFO]:[22:31:01] Starting CPLEX solver on instance: /home/yorig/tuner/mpils-tests/instances/miplib/medium-2/nexp-150-20-8-5.mps with config: /scratch/yorig/mpils-results-grid-seconds-10-4may/medium-2/16proc/seed-5/4_nexp-150-20-8-5_seed-5_20260504_222809/iterated_local_search/run_1_worker_11/ils_config_11103960270026389942.prm
[INFO]:[22:31:12] CPLEX results. Gap: 2.590000, upper bound: 234.000000, lower bound: 227.949631
[INFO]:[22:31:12] CPLEX solver finished. Gap: 2.590000
[INFO]:[22:31:12] Starting CPLEX solver on instance: /home/yorig/tuner/mpils-tests/instances/miplib/medium-2/nexp-150-20-8-5.mps with config: /scratch/yorig/mpils-results-grid-seconds-10-4may/medium-2/16proc/seed-5/4_nexp-150-20-8-5_seed-5_20260504_222809/iterated_local_search/run_1_worker_11/ils_config_6680774612654992324.prm
[INFO]:[22:31:12] Starting CPLEX solver on instance: /home/yorig/tuner/mpils-tests/instances/miplib/medium-2/nexp-150-20-8-5.mps with config: /scratch/yorig/mpils-results-grid-seconds-10-4may/medium-2/16proc/seed-5/4_nexp-150-20-8-5_seed-5_20260504_222809/iterated_local_search/run_1_worker_11/ils_config_6680774612654992324.prm
[INFO]:[22:31:22] CPLEX results. Gap: 1.480000, upper bound: 233.000000, lower bound: 229.556353
[INFO]:[22:31:22] CPLEX solver finished. Gap: 1.480000
[INFO]:[22:31:22] Starting CPLEX solver on instance: /home/yorig/tuner/mpils-tests/instances/miplib/medium-2/nexp-150-20-8-5.mps with config: /scratch/yorig/mpils-results-grid-seconds-10-4may/medium-2/16proc/seed-5/4_nexp-150-20-8-5_seed-5_20260504_222809/iterated_local_search/run_1_worker_11/ils_config_4532364591275282026.prm
[INFO]:[22:31:22] Starting CPLEX solver on instance: /home/yorig/tuner/mpils-tests/instances/miplib/medium-2/nexp-150-20-8-5.mps with config: /scratch/yorig/mpils-results-grid-seconds-10-4may/medium-2/16proc/seed-5/4_nexp-150-20-8-5_seed-5_20260504_222809/iterated_local_search/run_1_worker_11/ils_config_4532364591275282026.prm
[INFO]:[22:31:32] CPLEX results. Gap: 1.480000, upper bound: 233.000000, lower bound: 229.556353
[INFO]:[22:31:32] CPLEX solver finished. Gap: 1.480000
[INFO]:[22:31:32] Local search phase completed.
[INFO]:[22:31:32] Total number of new local-search evaluations: 20
[INFO]:[22:31:32] Final incumbent objective value: 1.48
[INFO]:[22:31:32] Worker 11 completed exploration phase.
[INFO]:[22:31:32] Worker 11 received order for step 2.
[INFO]:[22:31:32] Worker 11 running expansion phase for iteration 1.
[INFO]:[22:31:32] Worker 11 will use solver log file: /scratch/yorig/mpils-results-grid-seconds-10-4may/medium-2/16proc/seed-5/4_nexp-150-20-8-5_seed-5_20260504_222809/solver/cplex.log_iteration_expansion_1_worker_11
[INFO]:[22:31:32] Expansion Worker 11 starting expansion for iteration 1.
[INFO]:[22:31:32] Starting CPLEX solver on instance: /home/yorig/tuner/mpils-tests/instances/miplib/medium-2/nexp-150-20-8-5.mps with config: /scratch/yorig/mpils-results-grid-seconds-10-4may/medium-2/16proc/seed-5/4_nexp-150-20-8-5_seed-5_20260504_222809/expansion/config_param_CPXPARAM_MIP_Strategy_VariableSelect_3_iter_1.prm
[INFO]:[22:31:42] CPLEX results. Gap: 4.250000, upper bound: 240.000000, lower bound: 229.791186
[INFO]:[22:31:42] CPLEX solver finished. Gap: 4.250000
[INFO]:[22:31:42] Expansion Worker 11 stopping early after global MPI expansion stop was activated.
[INFO]:[22:31:42] Expansion Worker 11 completed expansion.
[INFO]:[22:31:42] Worker 11 completed expansion phase.
[INFO]:[22:31:42] Worker 11 received order for step 1.
[INFO]:[22:31:42] Worker 11 running exploration phase for iteration 2.
[INFO]:[22:31:42] Worker 11 at iteration 2 will not use a MIP start file. Current best MIP-start upper bound threshold is 1.79769e+308.
[INFO]:[22:31:42] Starting local search phase...
[INFO]:[22:31:42] Creating local search space from parameter space file: /scratch/yorig/mpils-results-grid-seconds-10-4may/medium-2/16proc/seed-5/4_nexp-150-20-8-5_seed-5_20260504_222809/iterated_local_search/search_space/search_space_file_2_worker_11.txt
[INFO]:[22:31:42] Local search space loaded from file: /scratch/yorig/mpils-results-grid-seconds-10-4may/medium-2/16proc/seed-5/4_nexp-150-20-8-5_seed-5_20260504_222809/iterated_local_search/search_space/search_space_file_2_worker_11.txt
[INFO]:[22:31:42] Number of parameters in local search space: 71
[INFO]:[22:31:42] Number of forbidden tuples in local search space: 24
[INFO]:[22:31:42] Number of conditionals in local search space: 6
[INFO]:[22:31:42] MIP start option not enabled. Local search will proceed without MIP start.
[INFO]:[22:31:42] Evaluating initial configuration for local search phase...
[INFO]:[22:31:42] Starting CPLEX solver on instance: /home/yorig/tuner/mpils-tests/instances/miplib/medium-2/nexp-150-20-8-5.mps with config: /scratch/yorig/mpils-results-grid-seconds-10-4may/medium-2/16proc/seed-5/4_nexp-150-20-8-5_seed-5_20260504_222809/iterated_local_search/run_2_worker_11/ils_config_3298341389397816565.prm
[INFO]:[22:31:42] Starting CPLEX solver on instance: /home/yorig/tuner/mpils-tests/instances/miplib/medium-2/nexp-150-20-8-5.mps with config: /scratch/yorig/mpils-results-grid-seconds-10-4may/medium-2/16proc/seed-5/4_nexp-150-20-8-5_seed-5_20260504_222809/iterated_local_search/run_2_worker_11/ils_config_3298341389397816565.prm
[INFO]:[22:31:52] CPLEX results. Gap: 75.380000, upper bound: 247.000000, lower bound: 60.820335
[INFO]:[22:31:52] CPLEX solver finished. Gap: 75.380000
[INFO]:[22:31:52] Initial configuration evaluated with objective value: 75.38
[INFO]:[22:31:52] Starting CPLEX solver on instance: /home/yorig/tuner/mpils-tests/instances/miplib/medium-2/nexp-150-20-8-5.mps with config: /scratch/yorig/mpils-results-grid-seconds-10-4may/medium-2/16proc/seed-5/4_nexp-150-20-8-5_seed-5_20260504_222809/iterated_local_search/run_2_worker_11/ils_config_17673513746009257651.prm
[INFO]:[22:31:52] Starting CPLEX solver on instance: /home/yorig/tuner/mpils-tests/instances/miplib/medium-2/nexp-150-20-8-5.mps with config: /scratch/yorig/mpils-results-grid-seconds-10-4may/medium-2/16proc/seed-5/4_nexp-150-20-8-5_seed-5_20260504_222809/iterated_local_search/run_2_worker_11/ils_config_17673513746009257651.prm
[INFO]:[22:32:02] CPLEX results. Gap: 75.380000, upper bound: 247.000000, lower bound: 60.820335
[INFO]:[22:32:02] CPLEX solver finished. Gap: 75.380000
[INFO]:[22:32:02] Starting CPLEX solver on instance: /home/yorig/tuner/mpils-tests/instances/miplib/medium-2/nexp-150-20-8-5.mps with config: /scratch/yorig/mpils-results-grid-seconds-10-4may/medium-2/16proc/seed-5/4_nexp-150-20-8-5_seed-5_20260504_222809/iterated_local_search/run_2_worker_11/ils_config_4680811474556574780.prm
[INFO]:[22:32:02] Starting CPLEX solver on instance: /home/yorig/tuner/mpils-tests/instances/miplib/medium-2/nexp-150-20-8-5.mps with config: /scratch/yorig/mpils-results-grid-seconds-10-4may/medium-2/16proc/seed-5/4_nexp-150-20-8-5_seed-5_20260504_222809/iterated_local_search/run_2_worker_11/ils_config_4680811474556574780.prm
[INFO]:[22:32:12] CPLEX results. Gap: 86.060000, upper bound: 248.000000, lower bound: 34.579271
[INFO]:[22:32:12] CPLEX solver finished. Gap: 86.060000
[INFO]:[22:32:12] Starting CPLEX solver on instance: /home/yorig/tuner/mpils-tests/instances/miplib/medium-2/nexp-150-20-8-5.mps with config: /scratch/yorig/mpils-results-grid-seconds-10-4may/medium-2/16proc/seed-5/4_nexp-150-20-8-5_seed-5_20260504_222809/iterated_local_search/run_2_worker_11/ils_config_13006038839270588610.prm
[INFO]:[22:32:12] Starting CPLEX solver on instance: /home/yorig/tuner/mpils-tests/instances/miplib/medium-2/nexp-150-20-8-5.mps with config: /scratch/yorig/mpils-results-grid-seconds-10-4may/medium-2/16proc/seed-5/4_nexp-150-20-8-5_seed-5_20260504_222809/iterated_local_search/run_2_worker_11/ils_config_13006038839270588610.prm
[INFO]:[22:32:22] CPLEX results. Gap: 75.380000, upper bound: 247.000000, lower bound: 60.820335
[INFO]:[22:32:22] CPLEX solver finished. Gap: 75.380000
[INFO]:[22:32:22] Starting CPLEX solver on instance: /home/yorig/tuner/mpils-tests/instances/miplib/medium-2/nexp-150-20-8-5.mps with config: /scratch/yorig/mpils-results-grid-seconds-10-4may/medium-2/16proc/seed-5/4_nexp-150-20-8-5_seed-5_20260504_222809/iterated_local_search/run_2_worker_11/ils_config_11903022803793009706.prm
[INFO]:[22:32:22] Starting CPLEX solver on instance: /home/yorig/tuner/mpils-tests/instances/miplib/medium-2/nexp-150-20-8-5.mps with config: /scratch/yorig/mpils-results-grid-seconds-10-4may/medium-2/16proc/seed-5/4_nexp-150-20-8-5_seed-5_20260504_222809/iterated_local_search/run_2_worker_11/ils_config_11903022803793009706.prm
[INFO]:[22:32:32] CPLEX results. Gap: 75.380000, upper bound: 247.000000, lower bound: 60.820335
[INFO]:[22:32:32] CPLEX solver finished. Gap: 75.380000
[INFO]:[22:32:32] Local search phase completed.
[INFO]:[22:32:32] Total number of new local-search evaluations: 5
[INFO]:[22:32:32] Final incumbent objective value: 75.38
[INFO]:[22:32:32] Worker 11 completed exploration phase.
[INFO]:[22:32:33] Worker 11 received order for step 2.
[INFO]:[22:32:33] Worker 11 running expansion phase for iteration 2.
[INFO]:[22:32:33] Worker 11 will use solver log file: /scratch/yorig/mpils-results-grid-seconds-10-4may/medium-2/16proc/seed-5/4_nexp-150-20-8-5_seed-5_20260504_222809/solver/cplex.log_iteration_expansion_2_worker_11
[INFO]:[22:32:33] Expansion Worker 11 starting expansion for iteration 2.
[INFO]:[22:32:33] Starting CPLEX solver on instance: /home/yorig/tuner/mpils-tests/instances/miplib/medium-2/nexp-150-20-8-5.mps with config: /scratch/yorig/mpils-results-grid-seconds-10-4may/medium-2/16proc/seed-5/4_nexp-150-20-8-5_seed-5_20260504_222809/expansion/config_param_CPXPARAM_MIP_Strategy_NodeSelect_3_iter_2.prm
[INFO]:[22:32:43] CPLEX results. Gap: 2.430000, upper bound: 235.000000, lower bound: 229.298942
[INFO]:[22:32:43] CPLEX solver finished. Gap: 2.430000
[INFO]:[22:32:43] Expansion Worker 11 stopping early after global MPI expansion stop was activated.
[INFO]:[22:32:43] Expansion Worker 11 completed expansion.
[INFO]:[22:32:43] Worker 11 completed expansion phase.
[INFO]:[22:32:43] Worker 11 received order for step 1.
[INFO]:[22:32:43] Worker 11 running exploration phase for iteration 3.
[INFO]:[22:32:43] Worker 11 at iteration 3 will not use a MIP start file. Current best MIP-start upper bound threshold is 1.79769e+308.
[INFO]:[22:32:43] Starting local search phase...
[INFO]:[22:32:43] Creating local search space from parameter space file: /scratch/yorig/mpils-results-grid-seconds-10-4may/medium-2/16proc/seed-5/4_nexp-150-20-8-5_seed-5_20260504_222809/iterated_local_search/search_space/search_space_file_3_worker_11.txt
[INFO]:[22:32:43] Local search space loaded from file: /scratch/yorig/mpils-results-grid-seconds-10-4may/medium-2/16proc/seed-5/4_nexp-150-20-8-5_seed-5_20260504_222809/iterated_local_search/search_space/search_space_file_3_worker_11.txt
[INFO]:[22:32:43] Number of parameters in local search space: 71
[INFO]:[22:32:43] Number of forbidden tuples in local search space: 56
[INFO]:[22:32:43] Number of conditionals in local search space: 6
[INFO]:[22:32:43] MIP start option not enabled. Local search will proceed without MIP start.
[INFO]:[22:32:43] Evaluating initial configuration for local search phase...
[INFO]:[22:32:43] Starting CPLEX solver on instance: /home/yorig/tuner/mpils-tests/instances/miplib/medium-2/nexp-150-20-8-5.mps with config: /scratch/yorig/mpils-results-grid-seconds-10-4may/medium-2/16proc/seed-5/4_nexp-150-20-8-5_seed-5_20260504_222809/iterated_local_search/run_3_worker_11/ils_config_5294968171704932037.prm
[INFO]:[22:32:43] Starting CPLEX solver on instance: /home/yorig/tuner/mpils-tests/instances/miplib/medium-2/nexp-150-20-8-5.mps with config: /scratch/yorig/mpils-results-grid-seconds-10-4may/medium-2/16proc/seed-5/4_nexp-150-20-8-5_seed-5_20260504_222809/iterated_local_search/run_3_worker_11/ils_config_5294968171704932037.prm
[INFO]:[22:32:53] CPLEX results. Gap: 59.220000, upper bound: 243.000000, lower bound: 99.084010
[INFO]:[22:32:53] CPLEX solver finished. Gap: 59.220000
[INFO]:[22:32:53] Initial configuration evaluated with objective value: 59.22
[INFO]:[22:32:53] Starting CPLEX solver on instance: /home/yorig/tuner/mpils-tests/instances/miplib/medium-2/nexp-150-20-8-5.mps with config: /scratch/yorig/mpils-results-grid-seconds-10-4may/medium-2/16proc/seed-5/4_nexp-150-20-8-5_seed-5_20260504_222809/iterated_local_search/run_3_worker_11/ils_config_12441718634455439431.prm
[INFO]:[22:32:53] Starting CPLEX solver on instance: /home/yorig/tuner/mpils-tests/instances/miplib/medium-2/nexp-150-20-8-5.mps with config: /scratch/yorig/mpils-results-grid-seconds-10-4may/medium-2/16proc/seed-5/4_nexp-150-20-8-5_seed-5_20260504_222809/iterated_local_search/run_3_worker_11/ils_config_12441718634455439431.prm
[INFO]:[22:33:03] CPLEX results. Gap: 59.220000, upper bound: 243.000000, lower bound: 99.084010
[INFO]:[22:33:03] CPLEX solver finished. Gap: 59.220000
[INFO]:[22:33:03] Starting CPLEX solver on instance: /home/yorig/tuner/mpils-tests/instances/miplib/medium-2/nexp-150-20-8-5.mps with config: /scratch/yorig/mpils-results-grid-seconds-10-4may/medium-2/16proc/seed-5/4_nexp-150-20-8-5_seed-5_20260504_222809/iterated_local_search/run_3_worker_11/ils_config_17913605934223746990.prm
[INFO]:[22:33:03] Starting CPLEX solver on instance: /home/yorig/tuner/mpils-tests/instances/miplib/medium-2/nexp-150-20-8-5.mps with config: /scratch/yorig/mpils-results-grid-seconds-10-4may/medium-2/16proc/seed-5/4_nexp-150-20-8-5_seed-5_20260504_222809/iterated_local_search/run_3_worker_11/ils_config_17913605934223746990.prm
[INFO]:[22:33:13] CPLEX results. Gap: 59.220000, upper bound: 243.000000, lower bound: 99.084010
[INFO]:[22:33:13] CPLEX solver finished. Gap: 59.220000
[INFO]:[22:33:13] Starting CPLEX solver on instance: /home/yorig/tuner/mpils-tests/instances/miplib/medium-2/nexp-150-20-8-5.mps with config: /scratch/yorig/mpils-results-grid-seconds-10-4may/medium-2/16proc/seed-5/4_nexp-150-20-8-5_seed-5_20260504_222809/iterated_local_search/run_3_worker_11/ils_config_16079601599989222757.prm
[INFO]:[22:33:13] Starting CPLEX solver on instance: /home/yorig/tuner/mpils-tests/instances/miplib/medium-2/nexp-150-20-8-5.mps with config: /scratch/yorig/mpils-results-grid-seconds-10-4may/medium-2/16proc/seed-5/4_nexp-150-20-8-5_seed-5_20260504_222809/iterated_local_search/run_3_worker_11/ils_config_16079601599989222757.prm
[INFO]:[22:33:23] CPLEX results. Gap: 59.220000, upper bound: 243.000000, lower bound: 99.084010
[INFO]:[22:33:23] CPLEX solver finished. Gap: 59.220000
[INFO]:[22:33:23] Starting CPLEX solver on instance: /home/yorig/tuner/mpils-tests/instances/miplib/medium-2/nexp-150-20-8-5.mps with config: /scratch/yorig/mpils-results-grid-seconds-10-4may/medium-2/16proc/seed-5/4_nexp-150-20-8-5_seed-5_20260504_222809/iterated_local_search/run_3_worker_11/ils_config_12774832780271429061.prm
[INFO]:[22:33:23] Starting CPLEX solver on instance: /home/yorig/tuner/mpils-tests/instances/miplib/medium-2/nexp-150-20-8-5.mps with config: /scratch/yorig/mpils-results-grid-seconds-10-4may/medium-2/16proc/seed-5/4_nexp-150-20-8-5_seed-5_20260504_222809/iterated_local_search/run_3_worker_11/ils_config_12774832780271429061.prm
[INFO]:[22:33:33] CPLEX results. Gap: 62.790000, upper bound: 254.000000, lower bound: 94.523835
[INFO]:[22:33:33] CPLEX solver finished. Gap: 62.790000
[INFO]:[22:33:33] Starting CPLEX solver on instance: /home/yorig/tuner/mpils-tests/instances/miplib/medium-2/nexp-150-20-8-5.mps with config: /scratch/yorig/mpils-results-grid-seconds-10-4may/medium-2/16proc/seed-5/4_nexp-150-20-8-5_seed-5_20260504_222809/iterated_local_search/run_3_worker_11/ils_config_12237003741760069308.prm
[INFO]:[22:33:33] Starting CPLEX solver on instance: /home/yorig/tuner/mpils-tests/instances/miplib/medium-2/nexp-150-20-8-5.mps with config: /scratch/yorig/mpils-results-grid-seconds-10-4may/medium-2/16proc/seed-5/4_nexp-150-20-8-5_seed-5_20260504_222809/iterated_local_search/run_3_worker_11/ils_config_12237003741760069308.prm
[INFO]:[22:33:43] CPLEX results. Gap: 59.220000, upper bound: 243.000000, lower bound: 99.084010
[INFO]:[22:33:43] CPLEX solver finished. Gap: 59.220000
[INFO]:[22:33:43] Starting CPLEX solver on instance: /home/yorig/tuner/mpils-tests/instances/miplib/medium-2/nexp-150-20-8-5.mps with config: /scratch/yorig/mpils-results-grid-seconds-10-4may/medium-2/16proc/seed-5/4_nexp-150-20-8-5_seed-5_20260504_222809/iterated_local_search/run_3_worker_11/ils_config_3614037782095734989.prm
[INFO]:[22:33:43] Starting CPLEX solver on instance: /home/yorig/tuner/mpils-tests/instances/miplib/medium-2/nexp-150-20-8-5.mps with config: /scratch/yorig/mpils-results-grid-seconds-10-4may/medium-2/16proc/seed-5/4_nexp-150-20-8-5_seed-5_20260504_222809/iterated_local_search/run_3_worker_11/ils_config_3614037782095734989.prm
[INFO]:[22:33:53] CPLEX results. Gap: 58.450000, upper bound: 251.000000, lower bound: 104.299766
[INFO]:[22:33:53] CPLEX solver finished. Gap: 58.450000
[INFO]:[22:33:53] New incumbent found with objective value: 58.45
[INFO]:[22:33:53] Starting CPLEX solver on instance: /home/yorig/tuner/mpils-tests/instances/miplib/medium-2/nexp-150-20-8-5.mps with config: /scratch/yorig/mpils-results-grid-seconds-10-4may/medium-2/16proc/seed-5/4_nexp-150-20-8-5_seed-5_20260504_222809/iterated_local_search/run_3_worker_11/ils_config_3807680719470602957.prm
[INFO]:[22:33:53] Starting CPLEX solver on instance: /home/yorig/tuner/mpils-tests/instances/miplib/medium-2/nexp-150-20-8-5.mps with config: /scratch/yorig/mpils-results-grid-seconds-10-4may/medium-2/16proc/seed-5/4_nexp-150-20-8-5_seed-5_20260504_222809/iterated_local_search/run_3_worker_11/ils_config_3807680719470602957.prm
[INFO]:[22:34:03] CPLEX results. Gap: 62.320000, upper bound: 251.000000, lower bound: 94.566100
[INFO]:[22:34:03] CPLEX solver finished. Gap: 62.320000
[INFO]:[22:34:03] Starting CPLEX solver on instance: /home/yorig/tuner/mpils-tests/instances/miplib/medium-2/nexp-150-20-8-5.mps with config: /scratch/yorig/mpils-results-grid-seconds-10-4may/medium-2/16proc/seed-5/4_nexp-150-20-8-5_seed-5_20260504_222809/iterated_local_search/run_3_worker_11/ils_config_5140945437721397431.prm
[INFO]:[22:34:03] Starting CPLEX solver on instance: /home/yorig/tuner/mpils-tests/instances/miplib/medium-2/nexp-150-20-8-5.mps with config: /scratch/yorig/mpils-results-grid-seconds-10-4may/medium-2/16proc/seed-5/4_nexp-150-20-8-5_seed-5_20260504_222809/iterated_local_search/run_3_worker_11/ils_config_5140945437721397431.prm
[INFO]:[22:34:13] CPLEX results. Gap: 57.850000, upper bound: 244.000000, lower bound: 102.847341
[INFO]:[22:34:13] CPLEX solver finished. Gap: 57.850000
[INFO]:[22:34:13] New incumbent found with objective value: 57.85
[INFO]:[22:34:13] Starting CPLEX solver on instance: /home/yorig/tuner/mpils-tests/instances/miplib/medium-2/nexp-150-20-8-5.mps with config: /scratch/yorig/mpils-results-grid-seconds-10-4may/medium-2/16proc/seed-5/4_nexp-150-20-8-5_seed-5_20260504_222809/iterated_local_search/run_3_worker_11/ils_config_8889859522394351501.prm
[INFO]:[22:34:13] Starting CPLEX solver on instance: /home/yorig/tuner/mpils-tests/instances/miplib/medium-2/nexp-150-20-8-5.mps with config: /scratch/yorig/mpils-results-grid-seconds-10-4may/medium-2/16proc/seed-5/4_nexp-150-20-8-5_seed-5_20260504_222809/iterated_local_search/run_3_worker_11/ils_config_8889859522394351501.prm
[INFO]:[22:34:23] CPLEX results. Gap: 62.440000, upper bound: 246.000000, lower bound: 92.409524
[INFO]:[22:34:23] CPLEX solver finished. Gap: 62.440000
[INFO]:[22:34:23] Local search phase completed.
[INFO]:[22:34:23] Total number of new local-search evaluations: 10
[INFO]:[22:34:23] Final incumbent objective value: 57.85
[INFO]:[22:34:23] Worker 11 completed exploration phase.
[INFO]:[22:34:24] Worker 11 received order for step 2.
[INFO]:[22:34:24] Worker 11 running expansion phase for iteration 3.
[INFO]:[22:34:24] Worker 11 will use solver log file: /scratch/yorig/mpils-results-grid-seconds-10-4may/medium-2/16proc/seed-5/4_nexp-150-20-8-5_seed-5_20260504_222809/solver/cplex.log_iteration_expansion_3_worker_11
[INFO]:[22:34:24] Expansion Worker 11 starting expansion for iteration 3.
[INFO]:[22:34:24] Starting CPLEX solver on instance: /home/yorig/tuner/mpils-tests/instances/miplib/medium-2/nexp-150-20-8-5.mps with config: /scratch/yorig/mpils-results-grid-seconds-10-4may/medium-2/16proc/seed-5/4_nexp-150-20-8-5_seed-5_20260504_222809/expansion/config_param_CPXPARAM_MIP_Limits_ProbeTime_240_iter_3.prm
[INFO]:[22:34:34] CPLEX results. Gap: 0.860000, upper bound: 232.000000, lower bound: 229.998243
[INFO]:[22:34:34] CPLEX solver finished. Gap: 0.860000
[INFO]:[22:34:34] Starting CPLEX solver on instance: /home/yorig/tuner/mpils-tests/instances/miplib/medium-2/nexp-150-20-8-5.mps with config: /scratch/yorig/mpils-results-grid-seconds-10-4may/medium-2/16proc/seed-5/4_nexp-150-20-8-5_seed-5_20260504_222809/expansion/config_param_CPXPARAM_MIP_Strategy_BBInterval_30_iter_3.prm
[INFO]:[22:34:44] CPLEX results. Gap: 0.860000, upper bound: 232.000000, lower bound: 229.998243
[INFO]:[22:34:44] CPLEX solver finished. Gap: 0.860000
[INFO]:[22:34:44] Starting CPLEX solver on instance: /home/yorig/tuner/mpils-tests/instances/miplib/medium-2/nexp-150-20-8-5.mps with config: /scratch/yorig/mpils-results-grid-seconds-10-4may/medium-2/16proc/seed-5/4_nexp-150-20-8-5_seed-5_20260504_222809/expansion/config_param_CPXPARAM_Preprocessing_Symmetry_2_iter_3.prm
[INFO]:[22:34:54] CPLEX results. Gap: 0.860000, upper bound: 232.000000, lower bound: 229.998243
[INFO]:[22:34:54] CPLEX solver finished. Gap: 0.860000
[INFO]:[22:35:04] Expansion Worker 11 completed expansion.
[INFO]:[22:35:04] Worker 11 completed expansion phase.
[INFO]:[22:35:04] Worker 11 received order for step 1.
[INFO]:[22:35:04] Worker 11 running exploration phase for iteration 4.
[INFO]:[22:35:04] Worker 11 at iteration 4 will not use a MIP start file. Current best MIP-start upper bound threshold is 1.79769e+308.
[INFO]:[22:35:04] Starting local search phase...
[INFO]:[22:35:04] Creating local search space from parameter space file: /scratch/yorig/mpils-results-grid-seconds-10-4may/medium-2/16proc/seed-5/4_nexp-150-20-8-5_seed-5_20260504_222809/iterated_local_search/search_space/search_space_file_4_worker_11.txt
[INFO]:[22:35:04] Local search space loaded from file: /scratch/yorig/mpils-results-grid-seconds-10-4may/medium-2/16proc/seed-5/4_nexp-150-20-8-5_seed-5_20260504_222809/iterated_local_search/search_space/search_space_file_4_worker_11.txt
[INFO]:[22:35:04] Number of parameters in local search space: 71
[INFO]:[22:35:04] Number of forbidden tuples in local search space: 82
[INFO]:[22:35:04] Number of conditionals in local search space: 6
[INFO]:[22:35:04] MIP start option not enabled. Local search will proceed without MIP start.
[INFO]:[22:35:04] Evaluating initial configuration for local search phase...
[INFO]:[22:35:04] Starting CPLEX solver on instance: /home/yorig/tuner/mpils-tests/instances/miplib/medium-2/nexp-150-20-8-5.mps with config: /scratch/yorig/mpils-results-grid-seconds-10-4may/medium-2/16proc/seed-5/4_nexp-150-20-8-5_seed-5_20260504_222809/iterated_local_search/run_4_worker_11/ils_config_4905166868218240227.prm
[INFO]:[22:35:04] Starting CPLEX solver on instance: /home/yorig/tuner/mpils-tests/instances/miplib/medium-2/nexp-150-20-8-5.mps with config: /scratch/yorig/mpils-results-grid-seconds-10-4may/medium-2/16proc/seed-5/4_nexp-150-20-8-5_seed-5_20260504_222809/iterated_local_search/run_4_worker_11/ils_config_4905166868218240227.prm
[INFO]:[22:35:14] CPLEX results. Gap: 70.210000, upper bound: 245.000000, lower bound: 72.984015
[INFO]:[22:35:14] CPLEX solver finished. Gap: 70.210000
[INFO]:[22:35:14] Initial configuration evaluated with objective value: 70.21
[INFO]:[22:35:14] Starting CPLEX solver on instance: /home/yorig/tuner/mpils-tests/instances/miplib/medium-2/nexp-150-20-8-5.mps with config: /scratch/yorig/mpils-results-grid-seconds-10-4may/medium-2/16proc/seed-5/4_nexp-150-20-8-5_seed-5_20260504_222809/iterated_local_search/run_4_worker_11/ils_config_5902195726553187450.prm
[INFO]:[22:35:14] Starting CPLEX solver on instance: /home/yorig/tuner/mpils-tests/instances/miplib/medium-2/nexp-150-20-8-5.mps with config: /scratch/yorig/mpils-results-grid-seconds-10-4may/medium-2/16proc/seed-5/4_nexp-150-20-8-5_seed-5_20260504_222809/iterated_local_search/run_4_worker_11/ils_config_5902195726553187450.prm
[INFO]:[22:35:24] CPLEX results. Gap: 2.560000, upper bound: 234.000000, lower bound: 228.006543
[INFO]:[22:35:24] CPLEX solver finished. Gap: 2.560000
[INFO]:[22:35:24] New incumbent found with objective value: 2.56
[INFO]:[22:35:24] Starting CPLEX solver on instance: /home/yorig/tuner/mpils-tests/instances/miplib/medium-2/nexp-150-20-8-5.mps with config: /scratch/yorig/mpils-results-grid-seconds-10-4may/medium-2/16proc/seed-5/4_nexp-150-20-8-5_seed-5_20260504_222809/iterated_local_search/run_4_worker_11/ils_config_17779647058502083683.prm
[INFO]:[22:35:24] Starting CPLEX solver on instance: /home/yorig/tuner/mpils-tests/instances/miplib/medium-2/nexp-150-20-8-5.mps with config: /scratch/yorig/mpils-results-grid-seconds-10-4may/medium-2/16proc/seed-5/4_nexp-150-20-8-5_seed-5_20260504_222809/iterated_local_search/run_4_worker_11/ils_config_17779647058502083683.prm
[INFO]:[22:35:34] CPLEX results. Gap: 2.560000, upper bound: 234.000000, lower bound: 228.006543
[INFO]:[22:35:34] CPLEX solver finished. Gap: 2.560000
[INFO]:[22:35:34] Starting CPLEX solver on instance: /home/yorig/tuner/mpils-tests/instances/miplib/medium-2/nexp-150-20-8-5.mps with config: /scratch/yorig/mpils-results-grid-seconds-10-4may/medium-2/16proc/seed-5/4_nexp-150-20-8-5_seed-5_20260504_222809/iterated_local_search/run_4_worker_11/ils_config_12499244689905231706.prm
[INFO]:[22:35:34] Starting CPLEX solver on instance: /home/yorig/tuner/mpils-tests/instances/miplib/medium-2/nexp-150-20-8-5.mps with config: /scratch/yorig/mpils-results-grid-seconds-10-4may/medium-2/16proc/seed-5/4_nexp-150-20-8-5_seed-5_20260504_222809/iterated_local_search/run_4_worker_11/ils_config_12499244689905231706.prm
[INFO]:[22:35:44] CPLEX results. Gap: 61.210000, upper bound: 272.000000, lower bound: 105.505067
[INFO]:[22:35:44] CPLEX solver finished. Gap: 61.210000
[INFO]:[22:35:44] Starting CPLEX solver on instance: /home/yorig/tuner/mpils-tests/instances/miplib/medium-2/nexp-150-20-8-5.mps with config: /scratch/yorig/mpils-results-grid-seconds-10-4may/medium-2/16proc/seed-5/4_nexp-150-20-8-5_seed-5_20260504_222809/iterated_local_search/run_4_worker_11/ils_config_3945721741284836104.prm
[INFO]:[22:35:44] Starting CPLEX solver on instance: /home/yorig/tuner/mpils-tests/instances/miplib/medium-2/nexp-150-20-8-5.mps with config: /scratch/yorig/mpils-results-grid-seconds-10-4may/medium-2/16proc/seed-5/4_nexp-150-20-8-5_seed-5_20260504_222809/iterated_local_search/run_4_worker_11/ils_config_3945721741284836104.prm
[INFO]:[22:35:54] CPLEX results. Gap: 2.620000, upper bound: 234.000000, lower bound: 227.872835
[INFO]:[22:35:54] CPLEX solver finished. Gap: 2.620000
[INFO]:[22:35:54] Starting CPLEX solver on instance: /home/yorig/tuner/mpils-tests/instances/miplib/medium-2/nexp-150-20-8-5.mps with config: /scratch/yorig/mpils-results-grid-seconds-10-4may/medium-2/16proc/seed-5/4_nexp-150-20-8-5_seed-5_20260504_222809/iterated_local_search/run_4_worker_11/ils_config_1231281930544457034.prm
[INFO]:[22:35:54] Starting CPLEX solver on instance: /home/yorig/tuner/mpils-tests/instances/miplib/medium-2/nexp-150-20-8-5.mps with config: /scratch/yorig/mpils-results-grid-seconds-10-4may/medium-2/16proc/seed-5/4_nexp-150-20-8-5_seed-5_20260504_222809/iterated_local_search/run_4_worker_11/ils_config_1231281930544457034.prm
[INFO]:[22:36:04] CPLEX results. Gap: 3.910000, upper bound: 236.000000, lower bound: 226.767322
[INFO]:[22:36:04] CPLEX solver finished. Gap: 3.910000
[INFO]:[22:36:04] Starting CPLEX solver on instance: /home/yorig/tuner/mpils-tests/instances/miplib/medium-2/nexp-150-20-8-5.mps with config: /scratch/yorig/mpils-results-grid-seconds-10-4may/medium-2/16proc/seed-5/4_nexp-150-20-8-5_seed-5_20260504_222809/iterated_local_search/run_4_worker_11/ils_config_7668982500280593103.prm
[INFO]:[22:36:04] Starting CPLEX solver on instance: /home/yorig/tuner/mpils-tests/instances/miplib/medium-2/nexp-150-20-8-5.mps with config: /scratch/yorig/mpils-results-grid-seconds-10-4may/medium-2/16proc/seed-5/4_nexp-150-20-8-5_seed-5_20260504_222809/iterated_local_search/run_4_worker_11/ils_config_7668982500280593103.prm
[INFO]:[22:36:15] CPLEX results. Gap: 2.770000, upper bound: 236.000000, lower bound: 229.468243
[INFO]:[22:36:15] CPLEX solver finished. Gap: 2.770000
[INFO]:[22:36:15] Local search phase completed.
[INFO]:[22:36:15] Total number of new local-search evaluations: 7
[INFO]:[22:36:15] Final incumbent objective value: 2.56
[INFO]:[22:36:15] Worker 11 completed exploration phase.
[INFO]:[22:36:15] Worker 11 received order for step 2.
[INFO]:[22:36:15] Worker 11 running expansion phase for iteration 4.
[INFO]:[22:36:15] Worker 11 will use solver log file: /scratch/yorig/mpils-results-grid-seconds-10-4may/medium-2/16proc/seed-5/4_nexp-150-20-8-5_seed-5_20260504_222809/solver/cplex.log_iteration_expansion_4_worker_11
[INFO]:[22:36:15] Expansion Worker 11 starting expansion for iteration 4.
[INFO]:[22:36:15] Starting CPLEX solver on instance: /home/yorig/tuner/mpils-tests/instances/miplib/medium-2/nexp-150-20-8-5.mps with config: /scratch/yorig/mpils-results-grid-seconds-10-4may/medium-2/16proc/seed-5/4_nexp-150-20-8-5_seed-5_20260504_222809/expansion/config_param_CPXPARAM_MIP_Strategy_StartAlgorithm_5_iter_4.prm
[INFO]:[22:36:25] CPLEX results. Gap: 6.200000, upper bound: 241.000000, lower bound: 226.060866
[INFO]:[22:36:25] CPLEX solver finished. Gap: 6.200000
[INFO]:[22:36:25] Expansion Worker 11 stopping early after global MPI expansion stop was activated.
[INFO]:[22:36:25] Expansion Worker 11 completed expansion.
[INFO]:[22:36:25] Worker 11 completed expansion phase.
[INFO]:[22:36:25] Worker 11 received order for step 1.
[INFO]:[22:36:25] Worker 11 running exploration phase for iteration 5.
[INFO]:[22:36:25] Worker 11 at iteration 5 will not use a MIP start file. Current best MIP-start upper bound threshold is 1.79769e+308.
[INFO]:[22:36:25] Starting local search phase...
[INFO]:[22:36:25] Creating local search space from parameter space file: /scratch/yorig/mpils-results-grid-seconds-10-4may/medium-2/16proc/seed-5/4_nexp-150-20-8-5_seed-5_20260504_222809/iterated_local_search/search_space/search_space_file_5_worker_11.txt
[INFO]:[22:36:25] Local search space loaded from file: /scratch/yorig/mpils-results-grid-seconds-10-4may/medium-2/16proc/seed-5/4_nexp-150-20-8-5_seed-5_20260504_222809/iterated_local_search/search_space/search_space_file_5_worker_11.txt
[INFO]:[22:36:25] Number of parameters in local search space: 71
[INFO]:[22:36:25] Number of forbidden tuples in local search space: 84
[INFO]:[22:36:25] Number of conditionals in local search space: 6
[INFO]:[22:36:25] MIP start option not enabled. Local search will proceed without MIP start.
[INFO]:[22:36:25] Evaluating initial configuration for local search phase...
[INFO]:[22:36:25] Starting CPLEX solver on instance: /home/yorig/tuner/mpils-tests/instances/miplib/medium-2/nexp-150-20-8-5.mps with config: /scratch/yorig/mpils-results-grid-seconds-10-4may/medium-2/16proc/seed-5/4_nexp-150-20-8-5_seed-5_20260504_222809/iterated_local_search/run_5_worker_11/ils_config_11974169448148156309.prm
[INFO]:[22:36:25] Starting CPLEX solver on instance: /home/yorig/tuner/mpils-tests/instances/miplib/medium-2/nexp-150-20-8-5.mps with config: /scratch/yorig/mpils-results-grid-seconds-10-4may/medium-2/16proc/seed-5/4_nexp-150-20-8-5_seed-5_20260504_222809/iterated_local_search/run_5_worker_11/ils_config_11974169448148156309.prm
[INFO]:[22:36:35] CPLEX results. Gap: 3.530000, upper bound: 235.000000, lower bound: 226.708406
[INFO]:[22:36:35] CPLEX solver finished. Gap: 3.530000
[INFO]:[22:36:35] Initial configuration evaluated with objective value: 3.53
[INFO]:[22:36:35] Starting CPLEX solver on instance: /home/yorig/tuner/mpils-tests/instances/miplib/medium-2/nexp-150-20-8-5.mps with config: /scratch/yorig/mpils-results-grid-seconds-10-4may/medium-2/16proc/seed-5/4_nexp-150-20-8-5_seed-5_20260504_222809/iterated_local_search/run_5_worker_11/ils_config_8700581252162306642.prm
[INFO]:[22:36:35] Starting CPLEX solver on instance: /home/yorig/tuner/mpils-tests/instances/miplib/medium-2/nexp-150-20-8-5.mps with config: /scratch/yorig/mpils-results-grid-seconds-10-4may/medium-2/16proc/seed-5/4_nexp-150-20-8-5_seed-5_20260504_222809/iterated_local_search/run_5_worker_11/ils_config_8700581252162306642.prm
[INFO]:[22:36:45] CPLEX results. Gap: 5.620000, upper bound: 243.000000, lower bound: 229.342443
[INFO]:[22:36:45] CPLEX solver finished. Gap: 5.620000
[INFO]:[22:36:45] Starting CPLEX solver on instance: /home/yorig/tuner/mpils-tests/instances/miplib/medium-2/nexp-150-20-8-5.mps with config: /scratch/yorig/mpils-results-grid-seconds-10-4may/medium-2/16proc/seed-5/4_nexp-150-20-8-5_seed-5_20260504_222809/iterated_local_search/run_5_worker_11/ils_config_16476162786124611841.prm
[INFO]:[22:36:45] Starting CPLEX solver on instance: /home/yorig/tuner/mpils-tests/instances/miplib/medium-2/nexp-150-20-8-5.mps with config: /scratch/yorig/mpils-results-grid-seconds-10-4may/medium-2/16proc/seed-5/4_nexp-150-20-8-5_seed-5_20260504_222809/iterated_local_search/run_5_worker_11/ils_config_16476162786124611841.prm
[INFO]:[22:36:55] CPLEX results. Gap: 6.630000, upper bound: 245.000000, lower bound: 228.764100
[INFO]:[22:36:55] CPLEX solver finished. Gap: 6.630000
[INFO]:[22:36:55] Starting CPLEX solver on instance: /home/yorig/tuner/mpils-tests/instances/miplib/medium-2/nexp-150-20-8-5.mps with config: /scratch/yorig/mpils-results-grid-seconds-10-4may/medium-2/16proc/seed-5/4_nexp-150-20-8-5_seed-5_20260504_222809/iterated_local_search/run_5_worker_11/ils_config_16735764970103240677.prm
[INFO]:[22:36:55] Starting CPLEX solver on instance: /home/yorig/tuner/mpils-tests/instances/miplib/medium-2/nexp-150-20-8-5.mps with config: /scratch/yorig/mpils-results-grid-seconds-10-4may/medium-2/16proc/seed-5/4_nexp-150-20-8-5_seed-5_20260504_222809/iterated_local_search/run_5_worker_11/ils_config_16735764970103240677.prm
[INFO]:[22:37:05] CPLEX results. Gap: 3.530000, upper bound: 235.000000, lower bound: 226.708406
[INFO]:[22:37:05] CPLEX solver finished. Gap: 3.530000
[INFO]:[22:37:05] Starting CPLEX solver on instance: /home/yorig/tuner/mpils-tests/instances/miplib/medium-2/nexp-150-20-8-5.mps with config: /scratch/yorig/mpils-results-grid-seconds-10-4may/medium-2/16proc/seed-5/4_nexp-150-20-8-5_seed-5_20260504_222809/iterated_local_search/run_5_worker_11/ils_config_1731006879955075410.prm
[INFO]:[22:37:05] Starting CPLEX solver on instance: /home/yorig/tuner/mpils-tests/instances/miplib/medium-2/nexp-150-20-8-5.mps with config: /scratch/yorig/mpils-results-grid-seconds-10-4may/medium-2/16proc/seed-5/4_nexp-150-20-8-5_seed-5_20260504_222809/iterated_local_search/run_5_worker_11/ils_config_1731006879955075410.prm
[INFO]:[22:37:15] CPLEX results. Gap: 3.530000, upper bound: 235.000000, lower bound: 226.708406
[INFO]:[22:37:15] CPLEX solver finished. Gap: 3.530000
[INFO]:[22:37:15] Starting CPLEX solver on instance: /home/yorig/tuner/mpils-tests/instances/miplib/medium-2/nexp-150-20-8-5.mps with config: /scratch/yorig/mpils-results-grid-seconds-10-4may/medium-2/16proc/seed-5/4_nexp-150-20-8-5_seed-5_20260504_222809/iterated_local_search/run_5_worker_11/ils_config_8872099887983305822.prm
[INFO]:[22:37:15] Starting CPLEX solver on instance: /home/yorig/tuner/mpils-tests/instances/miplib/medium-2/nexp-150-20-8-5.mps with config: /scratch/yorig/mpils-results-grid-seconds-10-4may/medium-2/16proc/seed-5/4_nexp-150-20-8-5_seed-5_20260504_222809/iterated_local_search/run_5_worker_11/ils_config_8872099887983305822.prm
[INFO]:[22:37:25] CPLEX results. Gap: 2.840000, upper bound: 234.000000, lower bound: 227.349689
[INFO]:[22:37:25] CPLEX solver finished. Gap: 2.840000
[INFO]:[22:37:25] New incumbent found with objective value: 2.84
[INFO]:[22:37:25] Starting CPLEX solver on instance: /home/yorig/tuner/mpils-tests/instances/miplib/medium-2/nexp-150-20-8-5.mps with config: /scratch/yorig/mpils-results-grid-seconds-10-4may/medium-2/16proc/seed-5/4_nexp-150-20-8-5_seed-5_20260504_222809/iterated_local_search/run_5_worker_11/ils_config_16826399209369228123.prm
[INFO]:[22:37:25] Starting CPLEX solver on instance: /home/yorig/tuner/mpils-tests/instances/miplib/medium-2/nexp-150-20-8-5.mps with config: /scratch/yorig/mpils-results-grid-seconds-10-4may/medium-2/16proc/seed-5/4_nexp-150-20-8-5_seed-5_20260504_222809/iterated_local_search/run_5_worker_11/ils_config_16826399209369228123.prm
[INFO]:[22:37:35] CPLEX results. Gap: 2.700000, upper bound: 234.000000, lower bound: 227.670730
[INFO]:[22:37:35] CPLEX solver finished. Gap: 2.700000
[INFO]:[22:37:35] New incumbent found with objective value: 2.7
[INFO]:[22:37:36] Starting CPLEX solver on instance: /home/yorig/tuner/mpils-tests/instances/miplib/medium-2/nexp-150-20-8-5.mps with config: /scratch/yorig/mpils-results-grid-seconds-10-4may/medium-2/16proc/seed-5/4_nexp-150-20-8-5_seed-5_20260504_222809/iterated_local_search/run_5_worker_11/ils_config_2167555501189280569.prm
[INFO]:[22:37:36] Starting CPLEX solver on instance: /home/yorig/tuner/mpils-tests/instances/miplib/medium-2/nexp-150-20-8-5.mps with config: /scratch/yorig/mpils-results-grid-seconds-10-4may/medium-2/16proc/seed-5/4_nexp-150-20-8-5_seed-5_20260504_222809/iterated_local_search/run_5_worker_11/ils_config_2167555501189280569.prm
[INFO]:[22:37:46] CPLEX results. Gap: 3.600000, upper bound: 237.000000, lower bound: 228.460760
[INFO]:[22:37:46] CPLEX solver finished. Gap: 3.600000
[INFO]:[22:37:46] Starting CPLEX solver on instance: /home/yorig/tuner/mpils-tests/instances/miplib/medium-2/nexp-150-20-8-5.mps with config: /scratch/yorig/mpils-results-grid-seconds-10-4may/medium-2/16proc/seed-5/4_nexp-150-20-8-5_seed-5_20260504_222809/iterated_local_search/run_5_worker_11/ils_config_16998367529420588164.prm
[INFO]:[22:37:46] Starting CPLEX solver on instance: /home/yorig/tuner/mpils-tests/instances/miplib/medium-2/nexp-150-20-8-5.mps with config: /scratch/yorig/mpils-results-grid-seconds-10-4may/medium-2/16proc/seed-5/4_nexp-150-20-8-5_seed-5_20260504_222809/iterated_local_search/run_5_worker_11/ils_config_16998367529420588164.prm
[INFO]:[22:37:56] CPLEX results. Gap: 1.410000, upper bound: 233.000000, lower bound: 229.720942
[INFO]:[22:37:56] CPLEX solver finished. Gap: 1.410000
[INFO]:[22:37:56] New incumbent found with objective value: 1.41
[INFO]:[22:37:56] Starting CPLEX solver on instance: /home/yorig/tuner/mpils-tests/instances/miplib/medium-2/nexp-150-20-8-5.mps with config: /scratch/yorig/mpils-results-grid-seconds-10-4may/medium-2/16proc/seed-5/4_nexp-150-20-8-5_seed-5_20260504_222809/iterated_local_search/run_5_worker_11/ils_config_1756313496993414307.prm
[INFO]:[22:37:56] Starting CPLEX solver on instance: /home/yorig/tuner/mpils-tests/instances/miplib/medium-2/nexp-150-20-8-5.mps with config: /scratch/yorig/mpils-results-grid-seconds-10-4may/medium-2/16proc/seed-5/4_nexp-150-20-8-5_seed-5_20260504_222809/iterated_local_search/run_5_worker_11/ils_config_1756313496993414307.prm
[INFO]:[22:38:06] CPLEX results. Gap: 1.410000, upper bound: 233.000000, lower bound: 229.720942
[INFO]:[22:38:06] CPLEX solver finished. Gap: 1.410000
[INFO]:[22:38:06] Starting CPLEX solver on instance: /home/yorig/tuner/mpils-tests/instances/miplib/medium-2/nexp-150-20-8-5.mps with config: /scratch/yorig/mpils-results-grid-seconds-10-4may/medium-2/16proc/seed-5/4_nexp-150-20-8-5_seed-5_20260504_222809/iterated_local_search/run_5_worker_11/ils_config_946502865283422130.prm
[INFO]:[22:38:06] Starting CPLEX solver on instance: /home/yorig/tuner/mpils-tests/instances/miplib/medium-2/nexp-150-20-8-5.mps with config: /scratch/yorig/mpils-results-grid-seconds-10-4may/medium-2/16proc/seed-5/4_nexp-150-20-8-5_seed-5_20260504_222809/iterated_local_search/run_5_worker_11/ils_config_946502865283422130.prm
[INFO]:[22:38:16] CPLEX results. Gap: 1.410000, upper bound: 233.000000, lower bound: 229.720942
[INFO]:[22:38:16] CPLEX solver finished. Gap: 1.410000
[INFO]:[22:38:16] Starting CPLEX solver on instance: /home/yorig/tuner/mpils-tests/instances/miplib/medium-2/nexp-150-20-8-5.mps with config: /scratch/yorig/mpils-results-grid-seconds-10-4may/medium-2/16proc/seed-5/4_nexp-150-20-8-5_seed-5_20260504_222809/iterated_local_search/run_5_worker_11/ils_config_11625239932063151267.prm
[INFO]:[22:38:16] Starting CPLEX solver on instance: /home/yorig/tuner/mpils-tests/instances/miplib/medium-2/nexp-150-20-8-5.mps with config: /scratch/yorig/mpils-results-grid-seconds-10-4may/medium-2/16proc/seed-5/4_nexp-150-20-8-5_seed-5_20260504_222809/iterated_local_search/run_5_worker_11/ils_config_11625239932063151267.prm
[INFO]:[22:38:26] CPLEX results. Gap: 3.580000, upper bound: 238.000000, lower bound: 229.470310
[INFO]:[22:38:26] CPLEX solver finished. Gap: 3.580000
[INFO]:[22:38:26] Starting CPLEX solver on instance: /home/yorig/tuner/mpils-tests/instances/miplib/medium-2/nexp-150-20-8-5.mps with config: /scratch/yorig/mpils-results-grid-seconds-10-4may/medium-2/16proc/seed-5/4_nexp-150-20-8-5_seed-5_20260504_222809/iterated_local_search/run_5_worker_11/ils_config_18073145911494545242.prm
[INFO]:[22:38:26] Starting CPLEX solver on instance: /home/yorig/tuner/mpils-tests/instances/miplib/medium-2/nexp-150-20-8-5.mps with config: /scratch/yorig/mpils-results-grid-seconds-10-4may/medium-2/16proc/seed-5/4_nexp-150-20-8-5_seed-5_20260504_222809/iterated_local_search/run_5_worker_11/ils_config_18073145911494545242.prm
[INFO]:[22:38:36] CPLEX results. Gap: 5.170000, upper bound: 239.000000, lower bound: 226.646085
[INFO]:[22:38:36] CPLEX solver finished. Gap: 5.170000
[INFO]:[22:38:36] Starting CPLEX solver on instance: /home/yorig/tuner/mpils-tests/instances/miplib/medium-2/nexp-150-20-8-5.mps with config: /scratch/yorig/mpils-results-grid-seconds-10-4may/medium-2/16proc/seed-5/4_nexp-150-20-8-5_seed-5_20260504_222809/iterated_local_search/run_5_worker_11/ils_config_17566909818973835197.prm
[INFO]:[22:38:36] Starting CPLEX solver on instance: /home/yorig/tuner/mpils-tests/instances/miplib/medium-2/nexp-150-20-8-5.mps with config: /scratch/yorig/mpils-results-grid-seconds-10-4may/medium-2/16proc/seed-5/4_nexp-150-20-8-5_seed-5_20260504_222809/iterated_local_search/run_5_worker_11/ils_config_17566909818973835197.prm
[INFO]:[22:38:46] CPLEX results. Gap: 4.280000, upper bound: 240.000000, lower bound: 229.719500
[INFO]:[22:38:46] CPLEX solver finished. Gap: 4.280000
[INFO]:[22:38:46] Starting CPLEX solver on instance: /home/yorig/tuner/mpils-tests/instances/miplib/medium-2/nexp-150-20-8-5.mps with config: /scratch/yorig/mpils-results-grid-seconds-10-4may/medium-2/16proc/seed-5/4_nexp-150-20-8-5_seed-5_20260504_222809/iterated_local_search/run_5_worker_11/ils_config_8768920355066111741.prm
[INFO]:[22:38:46] Starting CPLEX solver on instance: /home/yorig/tuner/mpils-tests/instances/miplib/medium-2/nexp-150-20-8-5.mps with config: /scratch/yorig/mpils-results-grid-seconds-10-4may/medium-2/16proc/seed-5/4_nexp-150-20-8-5_seed-5_20260504_222809/iterated_local_search/run_5_worker_11/ils_config_8768920355066111741.prm
[INFO]:[22:38:56] CPLEX results. Gap: 5.420000, upper bound: 242.000000, lower bound: 228.893277
[INFO]:[22:38:56] CPLEX solver finished. Gap: 5.420000
[INFO]:[22:38:56] Starting CPLEX solver on instance: /home/yorig/tuner/mpils-tests/instances/miplib/medium-2/nexp-150-20-8-5.mps with config: /scratch/yorig/mpils-results-grid-seconds-10-4may/medium-2/16proc/seed-5/4_nexp-150-20-8-5_seed-5_20260504_222809/iterated_local_search/run_5_worker_11/ils_config_14490586546186217764.prm
[INFO]:[22:38:56] Starting CPLEX solver on instance: /home/yorig/tuner/mpils-tests/instances/miplib/medium-2/nexp-150-20-8-5.mps with config: /scratch/yorig/mpils-results-grid-seconds-10-4may/medium-2/16proc/seed-5/4_nexp-150-20-8-5_seed-5_20260504_222809/iterated_local_search/run_5_worker_11/ils_config_14490586546186217764.prm
[INFO]:[22:39:06] CPLEX results. Gap: 70.670000, upper bound: 249.000000, lower bound: 73.025089
[INFO]:[22:39:06] CPLEX solver finished. Gap: 70.670000
[INFO]:[22:39:06] Starting CPLEX solver on instance: /home/yorig/tuner/mpils-tests/instances/miplib/medium-2/nexp-150-20-8-5.mps with config: /scratch/yorig/mpils-results-grid-seconds-10-4may/medium-2/16proc/seed-5/4_nexp-150-20-8-5_seed-5_20260504_222809/iterated_local_search/run_5_worker_11/ils_config_4896287561675182626.prm
[INFO]:[22:39:06] Starting CPLEX solver on instance: /home/yorig/tuner/mpils-tests/instances/miplib/medium-2/nexp-150-20-8-5.mps with config: /scratch/yorig/mpils-results-grid-seconds-10-4may/medium-2/16proc/seed-5/4_nexp-150-20-8-5_seed-5_20260504_222809/iterated_local_search/run_5_worker_11/ils_config_4896287561675182626.prm
[INFO]:[22:39:16] CPLEX results. Gap: 1.410000, upper bound: 233.000000, lower bound: 229.720942
[INFO]:[22:39:16] CPLEX solver finished. Gap: 1.410000
[INFO]:[22:39:16] Starting CPLEX solver on instance: /home/yorig/tuner/mpils-tests/instances/miplib/medium-2/nexp-150-20-8-5.mps with config: /scratch/yorig/mpils-results-grid-seconds-10-4may/medium-2/16proc/seed-5/4_nexp-150-20-8-5_seed-5_20260504_222809/iterated_local_search/run_5_worker_11/ils_config_1796341051394730622.prm
[INFO]:[22:39:16] Starting CPLEX solver on instance: /home/yorig/tuner/mpils-tests/instances/miplib/medium-2/nexp-150-20-8-5.mps with config: /scratch/yorig/mpils-results-grid-seconds-10-4may/medium-2/16proc/seed-5/4_nexp-150-20-8-5_seed-5_20260504_222809/iterated_local_search/run_5_worker_11/ils_config_1796341051394730622.prm
[INFO]:[22:39:26] CPLEX results. Gap: 1.140000, upper bound: 232.000000, lower bound: 229.345804
[INFO]:[22:39:26] CPLEX solver finished. Gap: 1.140000
[INFO]:[22:39:26] New incumbent found with objective value: 1.14
[INFO]:[22:39:26] Starting CPLEX solver on instance: /home/yorig/tuner/mpils-tests/instances/miplib/medium-2/nexp-150-20-8-5.mps with config: /scratch/yorig/mpils-results-grid-seconds-10-4may/medium-2/16proc/seed-5/4_nexp-150-20-8-5_seed-5_20260504_222809/iterated_local_search/run_5_worker_11/ils_config_10118248540251535674.prm
[INFO]:[22:39:26] Starting CPLEX solver on instance: /home/yorig/tuner/mpils-tests/instances/miplib/medium-2/nexp-150-20-8-5.mps with config: /scratch/yorig/mpils-results-grid-seconds-10-4may/medium-2/16proc/seed-5/4_nexp-150-20-8-5_seed-5_20260504_222809/iterated_local_search/run_5_worker_11/ils_config_10118248540251535674.prm
[INFO]:[22:39:36] CPLEX results. Gap: 1.140000, upper bound: 232.000000, lower bound: 229.345804
[INFO]:[22:39:36] CPLEX solver finished. Gap: 1.140000
[INFO]:[22:39:36] Starting CPLEX solver on instance: /home/yorig/tuner/mpils-tests/instances/miplib/medium-2/nexp-150-20-8-5.mps with config: /scratch/yorig/mpils-results-grid-seconds-10-4may/medium-2/16proc/seed-5/4_nexp-150-20-8-5_seed-5_20260504_222809/iterated_local_search/run_5_worker_11/ils_config_5736490090046713429.prm
[INFO]:[22:39:36] Starting CPLEX solver on instance: /home/yorig/tuner/mpils-tests/instances/miplib/medium-2/nexp-150-20-8-5.mps with config: /scratch/yorig/mpils-results-grid-seconds-10-4may/medium-2/16proc/seed-5/4_nexp-150-20-8-5_seed-5_20260504_222809/iterated_local_search/run_5_worker_11/ils_config_5736490090046713429.prm
[INFO]:[22:39:46] CPLEX results. Gap: 1.140000, upper bound: 232.000000, lower bound: 229.345804
[INFO]:[22:39:46] CPLEX solver finished. Gap: 1.140000
[INFO]:[22:39:46] Starting CPLEX solver on instance: /home/yorig/tuner/mpils-tests/instances/miplib/medium-2/nexp-150-20-8-5.mps with config: /scratch/yorig/mpils-results-grid-seconds-10-4may/medium-2/16proc/seed-5/4_nexp-150-20-8-5_seed-5_20260504_222809/iterated_local_search/run_5_worker_11/ils_config_12254738629571539714.prm
[INFO]:[22:39:46] Starting CPLEX solver on instance: /home/yorig/tuner/mpils-tests/instances/miplib/medium-2/nexp-150-20-8-5.mps with config: /scratch/yorig/mpils-results-grid-seconds-10-4may/medium-2/16proc/seed-5/4_nexp-150-20-8-5_seed-5_20260504_222809/iterated_local_search/run_5_worker_11/ils_config_12254738629571539714.prm
[INFO]:[22:39:56] CPLEX results. Gap: 1.140000, upper bound: 232.000000, lower bound: 229.345804
[INFO]:[22:39:56] CPLEX solver finished. Gap: 1.140000
[INFO]:[22:39:56] Starting CPLEX solver on instance: /home/yorig/tuner/mpils-tests/instances/miplib/medium-2/nexp-150-20-8-5.mps with config: /scratch/yorig/mpils-results-grid-seconds-10-4may/medium-2/16proc/seed-5/4_nexp-150-20-8-5_seed-5_20260504_222809/iterated_local_search/run_5_worker_11/ils_config_7090664803569495470.prm
[INFO]:[22:39:56] Starting CPLEX solver on instance: /home/yorig/tuner/mpils-tests/instances/miplib/medium-2/nexp-150-20-8-5.mps with config: /scratch/yorig/mpils-results-grid-seconds-10-4may/medium-2/16proc/seed-5/4_nexp-150-20-8-5_seed-5_20260504_222809/iterated_local_search/run_5_worker_11/ils_config_7090664803569495470.prm
[INFO]:[22:40:06] CPLEX results. Gap: 1.140000, upper bound: 232.000000, lower bound: 229.345804
[INFO]:[22:40:06] CPLEX solver finished. Gap: 1.140000
[INFO]:[22:40:07] Starting CPLEX solver on instance: /home/yorig/tuner/mpils-tests/instances/miplib/medium-2/nexp-150-20-8-5.mps with config: /scratch/yorig/mpils-results-grid-seconds-10-4may/medium-2/16proc/seed-5/4_nexp-150-20-8-5_seed-5_20260504_222809/iterated_local_search/run_5_worker_11/ils_config_12746376829796044052.prm
[INFO]:[22:40:07] Starting CPLEX solver on instance: /home/yorig/tuner/mpils-tests/instances/miplib/medium-2/nexp-150-20-8-5.mps with config: /scratch/yorig/mpils-results-grid-seconds-10-4may/medium-2/16proc/seed-5/4_nexp-150-20-8-5_seed-5_20260504_222809/iterated_local_search/run_5_worker_11/ils_config_12746376829796044052.prm
[INFO]:[22:40:17] CPLEX results. Gap: 1.140000, upper bound: 232.000000, lower bound: 229.345804
[INFO]:[22:40:17] CPLEX solver finished. Gap: 1.140000
[INFO]:[22:40:17] Starting CPLEX solver on instance: /home/yorig/tuner/mpils-tests/instances/miplib/medium-2/nexp-150-20-8-5.mps with config: /scratch/yorig/mpils-results-grid-seconds-10-4may/medium-2/16proc/seed-5/4_nexp-150-20-8-5_seed-5_20260504_222809/iterated_local_search/run_5_worker_11/ils_config_14306993530219774282.prm
[INFO]:[22:40:17] Starting CPLEX solver on instance: /home/yorig/tuner/mpils-tests/instances/miplib/medium-2/nexp-150-20-8-5.mps with config: /scratch/yorig/mpils-results-grid-seconds-10-4may/medium-2/16proc/seed-5/4_nexp-150-20-8-5_seed-5_20260504_222809/iterated_local_search/run_5_worker_11/ils_config_14306993530219774282.prm
[INFO]:[22:40:27] CPLEX results. Gap: 1.140000, upper bound: 232.000000, lower bound: 229.345804
[INFO]:[22:40:27] CPLEX solver finished. Gap: 1.140000
[INFO]:[22:40:27] Starting CPLEX solver on instance: /home/yorig/tuner/mpils-tests/instances/miplib/medium-2/nexp-150-20-8-5.mps with config: /scratch/yorig/mpils-results-grid-seconds-10-4may/medium-2/16proc/seed-5/4_nexp-150-20-8-5_seed-5_20260504_222809/iterated_local_search/run_5_worker_11/ils_config_8818480088031050971.prm
[INFO]:[22:40:27] Starting CPLEX solver on instance: /home/yorig/tuner/mpils-tests/instances/miplib/medium-2/nexp-150-20-8-5.mps with config: /scratch/yorig/mpils-results-grid-seconds-10-4may/medium-2/16proc/seed-5/4_nexp-150-20-8-5_seed-5_20260504_222809/iterated_local_search/run_5_worker_11/ils_config_8818480088031050971.prm
[INFO]:[22:40:37] CPLEX results. Gap: 20.590000, upper bound: 240.000000, lower bound: 190.578346
[INFO]:[22:40:37] CPLEX solver finished. Gap: 20.590000
[INFO]:[22:40:37] Starting CPLEX solver on instance: /home/yorig/tuner/mpils-tests/instances/miplib/medium-2/nexp-150-20-8-5.mps with config: /scratch/yorig/mpils-results-grid-seconds-10-4may/medium-2/16proc/seed-5/4_nexp-150-20-8-5_seed-5_20260504_222809/iterated_local_search/run_5_worker_11/ils_config_259141824958466043.prm
[INFO]:[22:40:37] Starting CPLEX solver on instance: /home/yorig/tuner/mpils-tests/instances/miplib/medium-2/nexp-150-20-8-5.mps with config: /scratch/yorig/mpils-results-grid-seconds-10-4may/medium-2/16proc/seed-5/4_nexp-150-20-8-5_seed-5_20260504_222809/iterated_local_search/run_5_worker_11/ils_config_259141824958466043.prm
[INFO]:[22:40:47] CPLEX results. Gap: 0.970000, upper bound: 232.000000, lower bound: 229.746866
[INFO]:[22:40:47] CPLEX solver finished. Gap: 0.970000
[INFO]:[22:40:47] New incumbent found with objective value: 0.97
[INFO]:[22:40:47] Starting CPLEX solver on instance: /home/yorig/tuner/mpils-tests/instances/miplib/medium-2/nexp-150-20-8-5.mps with config: /scratch/yorig/mpils-results-grid-seconds-10-4may/medium-2/16proc/seed-5/4_nexp-150-20-8-5_seed-5_20260504_222809/iterated_local_search/run_5_worker_11/ils_config_11030041630309823148.prm
[INFO]:[22:40:47] Starting CPLEX solver on instance: /home/yorig/tuner/mpils-tests/instances/miplib/medium-2/nexp-150-20-8-5.mps with config: /scratch/yorig/mpils-results-grid-seconds-10-4may/medium-2/16proc/seed-5/4_nexp-150-20-8-5_seed-5_20260504_222809/iterated_local_search/run_5_worker_11/ils_config_11030041630309823148.prm
[INFO]:[22:40:57] CPLEX results. Gap: 0.970000, upper bound: 232.000000, lower bound: 229.746866
[INFO]:[22:40:57] CPLEX solver finished. Gap: 0.970000
[INFO]:[22:40:57] Local search phase completed.
[INFO]:[22:40:57] Total number of new local-search evaluations: 27
[INFO]:[22:40:57] Final incumbent objective value: 0.97
[INFO]:[22:40:57] Worker 11 completed exploration phase.
[INFO]:[22:40:57] Worker 11 received order for step 2.
[INFO]:[22:40:57] Worker 11 running expansion phase for iteration 5.
[INFO]:[22:40:57] Worker 11 will use solver log file: /scratch/yorig/mpils-results-grid-seconds-10-4may/medium-2/16proc/seed-5/4_nexp-150-20-8-5_seed-5_20260504_222809/solver/cplex.log_iteration_expansion_5_worker_11
[INFO]:[22:40:57] Expansion Worker 11 starting expansion for iteration 5.
[INFO]:[22:40:57] Starting CPLEX solver on instance: /home/yorig/tuner/mpils-tests/instances/miplib/medium-2/nexp-150-20-8-5.mps with config: /scratch/yorig/mpils-results-grid-seconds-10-4may/medium-2/16proc/seed-5/4_nexp-150-20-8-5_seed-5_20260504_222809/expansion/config_param_CPXPARAM_Simplex_PGradient_1_iter_5.prm
[INFO]:[22:41:07] CPLEX results. Gap: 3.300000, upper bound: 235.000000, lower bound: 227.233973
[INFO]:[22:41:07] CPLEX solver finished. Gap: 3.300000
[INFO]:[22:41:10] Starting CPLEX solver on instance: /home/yorig/tuner/mpils-tests/instances/miplib/medium-2/nexp-150-20-8-5.mps with config: /scratch/yorig/mpils-results-grid-seconds-10-4may/medium-2/16proc/seed-5/4_nexp-150-20-8-5_seed-5_20260504_222809/expansion/config_param_CPXPARAM_Barrier_Crossover_2_iter_5.prm
[INFO]:[22:41:20] CPLEX results. Gap: 0.860000, upper bound: 232.000000, lower bound: 230.007177
[INFO]:[22:41:20] CPLEX solver finished. Gap: 0.860000
[INFO]:[22:41:20] Expansion Worker 11 stopping early after global MPI expansion stop was activated.
[INFO]:[22:41:20] Expansion Worker 11 completed expansion.
[INFO]:[22:41:20] Worker 11 completed expansion phase.
[INFO]:[22:41:21] Worker 11 received order for step 1.
[INFO]:[22:41:21] Worker 11 running exploration phase for iteration 6.
[INFO]:[22:41:21] Worker 11 at iteration 6 will not use a MIP start file. Current best MIP-start upper bound threshold is 1.79769e+308.
[INFO]:[22:41:21] Starting local search phase...
[INFO]:[22:41:21] Creating local search space from parameter space file: /scratch/yorig/mpils-results-grid-seconds-10-4may/medium-2/16proc/seed-5/4_nexp-150-20-8-5_seed-5_20260504_222809/iterated_local_search/search_space/search_space_file_6_worker_11.txt
[INFO]:[22:41:21] Local search space loaded from file: /scratch/yorig/mpils-results-grid-seconds-10-4may/medium-2/16proc/seed-5/4_nexp-150-20-8-5_seed-5_20260504_222809/iterated_local_search/search_space/search_space_file_6_worker_11.txt
[INFO]:[22:41:21] Number of parameters in local search space: 71
[INFO]:[22:41:21] Number of forbidden tuples in local search space: 105
[INFO]:[22:41:21] Number of conditionals in local search space: 6
[INFO]:[22:41:21] MIP start option not enabled. Local search will proceed without MIP start.
[INFO]:[22:41:21] Evaluating initial configuration for local search phase...
[INFO]:[22:41:21] Starting CPLEX solver on instance: /home/yorig/tuner/mpils-tests/instances/miplib/medium-2/nexp-150-20-8-5.mps with config: /scratch/yorig/mpils-results-grid-seconds-10-4may/medium-2/16proc/seed-5/4_nexp-150-20-8-5_seed-5_20260504_222809/iterated_local_search/run_6_worker_11/ils_config_14465668232565590988.prm
[INFO]:[22:41:21] Starting CPLEX solver on instance: /home/yorig/tuner/mpils-tests/instances/miplib/medium-2/nexp-150-20-8-5.mps with config: /scratch/yorig/mpils-results-grid-seconds-10-4may/medium-2/16proc/seed-5/4_nexp-150-20-8-5_seed-5_20260504_222809/iterated_local_search/run_6_worker_11/ils_config_14465668232565590988.prm
[INFO]:[22:41:31] CPLEX results. Gap: 7.910000, upper bound: 248.000000, lower bound: 228.392071
[INFO]:[22:41:31] CPLEX solver finished. Gap: 7.910000
[INFO]:[22:41:31] Initial configuration evaluated with objective value: 7.91
[INFO]:[22:41:31] Starting CPLEX solver on instance: /home/yorig/tuner/mpils-tests/instances/miplib/medium-2/nexp-150-20-8-5.mps with config: /scratch/yorig/mpils-results-grid-seconds-10-4may/medium-2/16proc/seed-5/4_nexp-150-20-8-5_seed-5_20260504_222809/iterated_local_search/run_6_worker_11/ils_config_1860062833474182305.prm
[INFO]:[22:41:31] Starting CPLEX solver on instance: /home/yorig/tuner/mpils-tests/instances/miplib/medium-2/nexp-150-20-8-5.mps with config: /scratch/yorig/mpils-results-grid-seconds-10-4may/medium-2/16proc/seed-5/4_nexp-150-20-8-5_seed-5_20260504_222809/iterated_local_search/run_6_worker_11/ils_config_1860062833474182305.prm
[INFO]:[22:41:41] CPLEX results. Gap: 7.910000, upper bound: 248.000000, lower bound: 228.392071
[INFO]:[22:41:41] CPLEX solver finished. Gap: 7.910000
[INFO]:[22:41:41] Starting CPLEX solver on instance: /home/yorig/tuner/mpils-tests/instances/miplib/medium-2/nexp-150-20-8-5.mps with config: /scratch/yorig/mpils-results-grid-seconds-10-4may/medium-2/16proc/seed-5/4_nexp-150-20-8-5_seed-5_20260504_222809/iterated_local_search/run_6_worker_11/ils_config_7889455540600071485.prm
[INFO]:[22:41:41] Starting CPLEX solver on instance: /home/yorig/tuner/mpils-tests/instances/miplib/medium-2/nexp-150-20-8-5.mps with config: /scratch/yorig/mpils-results-grid-seconds-10-4may/medium-2/16proc/seed-5/4_nexp-150-20-8-5_seed-5_20260504_222809/iterated_local_search/run_6_worker_11/ils_config_7889455540600071485.prm
[INFO]:[22:41:51] CPLEX results. Gap: 7.980000, upper bound: 248.000000, lower bound: 228.204341
[INFO]:[22:41:51] CPLEX solver finished. Gap: 7.980000
[INFO]:[22:41:51] Received global ILS stop signal from rank 5.
[INFO]:[22:41:51] Local search phase completed.
[INFO]:[22:41:51] Total number of new local-search evaluations: 3
[INFO]:[22:41:51] Final incumbent objective value: 7.91
[INFO]:[22:41:51] Worker 11 completed exploration phase.
[INFO]:[22:41:51] Worker 11 received order for step 3.
[INFO]:[22:41:51] Worker 11 finished.
