[INFO]:[04:45:04] Worker 9 starting.
[INFO]:[04:45:05] Worker 9 received order for step 1.
[INFO]:[04:45:05] Worker 9 running exploration phase for iteration 1.
[INFO]:[04:45:05] Worker 9 at iteration 1 will not use a MIP start file. Current best MIP-start upper bound threshold is 1.79769e+308.
[INFO]:[04:45:05] Starting local search phase...
[INFO]:[04:45:05] Worker (ils_group_rank=3) entering parallel ILS evaluation service.
[INFO]:[04:45:05] Starting CPLEX solver on instance: /home/yorig/tuner/mpils-tests/instances/miplib/medium-2/supportcase40.mps with config: /scratch/yorig/mpils-results-grid-ticks-10000-7may/medium-2/24proc-6pils/seed-3/8_supportcase40_seed-3_20260510_044503/iterated_local_search/run_1_worker_6/parallel_0_3.prm
[INFO]:[04:45:12] CPLEX results. Gap: 3.870000, upper bound: 24471.300212, lower bound: 23523.711052
[INFO]:[04:45:12] CPLEX solver finished. Gap: 3.870000
[INFO]:[04:45:12] Starting CPLEX solver on instance: /home/yorig/tuner/mpils-tests/instances/miplib/medium-2/supportcase40.mps with config: /scratch/yorig/mpils-results-grid-ticks-10000-7may/medium-2/24proc-6pils/seed-3/8_supportcase40_seed-3_20260510_044503/iterated_local_search/run_1_worker_6/parallel_6_3.prm
[INFO]:[04:45:20] CPLEX results. Gap: 3.850000, upper bound: 24379.875138, lower bound: 23442.008400
[INFO]:[04:45:20] CPLEX solver finished. Gap: 3.850000
[INFO]:[04:45:20] Starting CPLEX solver on instance: /home/yorig/tuner/mpils-tests/instances/miplib/medium-2/supportcase40.mps with config: /scratch/yorig/mpils-results-grid-ticks-10000-7may/medium-2/24proc-6pils/seed-3/8_supportcase40_seed-3_20260510_044503/iterated_local_search/run_1_worker_6/parallel_12_3.prm
[INFO]:[04:45:27] CPLEX results. Gap: 6.880000, upper bound: 24379.571835, lower bound: 22702.379139
[INFO]:[04:45:27] CPLEX solver finished. Gap: 6.880000
[INFO]:[04:45:28] Starting CPLEX solver on instance: /home/yorig/tuner/mpils-tests/instances/miplib/medium-2/supportcase40.mps with config: /scratch/yorig/mpils-results-grid-ticks-10000-7may/medium-2/24proc-6pils/seed-3/8_supportcase40_seed-3_20260510_044503/iterated_local_search/run_1_worker_6/parallel_18_3.prm
[INFO]:[04:45:36] CPLEX results. Gap: 3.850000, upper bound: 24379.875138, lower bound: 23442.008400
[INFO]:[04:45:36] CPLEX solver finished. Gap: 3.850000
[INFO]:[04:45:36] Worker (ils_group_rank=3) exiting parallel ILS evaluation service.
[INFO]:[04:45:36] Worker 9 completed exploration phase.
[INFO]:[04:45:36] Worker 9 received order for step 2.
[INFO]:[04:45:36] Worker 9 running expansion phase for iteration 1.
[INFO]:[04:45:36] Worker 9 will use solver log file: /scratch/yorig/mpils-results-grid-ticks-10000-7may/medium-2/24proc-6pils/seed-3/8_supportcase40_seed-3_20260510_044503/solver/cplex.log_iteration_expansion_1_worker_9
[INFO]:[04:45:36] Expansion Worker 9 starting expansion for iteration 1.
[INFO]:[04:45:36] Starting CPLEX solver on instance: /home/yorig/tuner/mpils-tests/instances/miplib/medium-2/supportcase40.mps with config: /scratch/yorig/mpils-results-grid-ticks-10000-7may/medium-2/24proc-6pils/seed-3/8_supportcase40_seed-3_20260510_044503/expansion/config_param_CPXPARAM_MIP_Strategy_VariableSelect_1_iter_1.prm
[INFO]:[04:45:43] CPLEX results. Gap: 4.300000, upper bound: 24478.707267, lower bound: 23427.305126
[INFO]:[04:45:43] CPLEX solver finished. Gap: 4.300000
[INFO]:[04:45:44] Expansion Worker 9 stopping early after global MPI expansion stop was activated.
[INFO]:[04:45:44] Expansion Worker 9 completed expansion.
[INFO]:[04:45:44] Worker 9 completed expansion phase.
[INFO]:[04:45:44] Worker 9 received order for step 1.
[INFO]:[04:45:44] Worker 9 running exploration phase for iteration 2.
[INFO]:[04:45:44] Worker 9 at iteration 2 will not use a MIP start file. Current best MIP-start upper bound threshold is 1.79769e+308.
[INFO]:[04:45:44] Starting local search phase...
[INFO]:[04:45:44] Worker (ils_group_rank=3) entering parallel ILS evaluation service.
[INFO]:[04:45:44] Starting CPLEX solver on instance: /home/yorig/tuner/mpils-tests/instances/miplib/medium-2/supportcase40.mps with config: /scratch/yorig/mpils-results-grid-ticks-10000-7may/medium-2/24proc-6pils/seed-3/8_supportcase40_seed-3_20260510_044503/iterated_local_search/run_2_worker_6/parallel_0_3.prm
[INFO]:[04:45:51] CPLEX results. Gap: 6.050000, upper bound: 24340.432888, lower bound: 22866.644889
[INFO]:[04:45:51] CPLEX solver finished. Gap: 6.050000
[INFO]:[04:45:51] Worker (ils_group_rank=3) exiting parallel ILS evaluation service.
[INFO]:[04:45:52] Worker 9 completed exploration phase.
[INFO]:[04:45:52] Worker 9 received order for step 2.
[INFO]:[04:45:52] Worker 9 running expansion phase for iteration 2.
[INFO]:[04:45:52] Worker 9 will use solver log file: /scratch/yorig/mpils-results-grid-ticks-10000-7may/medium-2/24proc-6pils/seed-3/8_supportcase40_seed-3_20260510_044503/solver/cplex.log_iteration_expansion_2_worker_9
[INFO]:[04:45:52] Expansion Worker 9 starting expansion for iteration 2.
[INFO]:[04:45:52] Starting CPLEX solver on instance: /home/yorig/tuner/mpils-tests/instances/miplib/medium-2/supportcase40.mps with config: /scratch/yorig/mpils-results-grid-ticks-10000-7may/medium-2/24proc-6pils/seed-3/8_supportcase40_seed-3_20260510_044503/expansion/config_param_CPXPARAM_MIP_Strategy_Dive_2_iter_2.prm
[INFO]:[04:45:59] CPLEX results. Gap: 5.800000, upper bound: 24693.768337, lower bound: 23261.419178
[INFO]:[04:45:59] CPLEX solver finished. Gap: 5.800000
[INFO]:[04:46:00] Starting CPLEX solver on instance: /home/yorig/tuner/mpils-tests/instances/miplib/medium-2/supportcase40.mps with config: /scratch/yorig/mpils-results-grid-ticks-10000-7may/medium-2/24proc-6pils/seed-3/8_supportcase40_seed-3_20260510_044503/expansion/config_param_CPXPARAM_MIP_Strategy_BBInterval_3_iter_2.prm
[INFO]:[04:46:07] CPLEX results. Gap: 2.290000, upper bound: 24308.763972, lower bound: 23752.891185
[INFO]:[04:46:07] CPLEX solver finished. Gap: 2.290000
[INFO]:[04:46:15] Expansion Worker 9 completed expansion.
[INFO]:[04:46:15] Worker 9 completed expansion phase.
[INFO]:[04:46:15] Worker 9 received order for step 1.
[INFO]:[04:46:15] Worker 9 running exploration phase for iteration 3.
[INFO]:[04:46:15] Worker 9 at iteration 3 will not use a MIP start file. Current best MIP-start upper bound threshold is 1.79769e+308.
[INFO]:[04:46:15] Starting local search phase...
[INFO]:[04:46:15] Worker (ils_group_rank=3) entering parallel ILS evaluation service.
[INFO]:[04:46:15] Starting CPLEX solver on instance: /home/yorig/tuner/mpils-tests/instances/miplib/medium-2/supportcase40.mps with config: /scratch/yorig/mpils-results-grid-ticks-10000-7may/medium-2/24proc-6pils/seed-3/8_supportcase40_seed-3_20260510_044503/iterated_local_search/run_3_worker_6/parallel_0_3.prm
[INFO]:[04:46:22] CPLEX results. Gap: 6.410000, upper bound: 24742.651886, lower bound: 23157.574848
[INFO]:[04:46:22] CPLEX solver finished. Gap: 6.410000
[INFO]:[04:46:23] Starting CPLEX solver on instance: /home/yorig/tuner/mpils-tests/instances/miplib/medium-2/supportcase40.mps with config: /scratch/yorig/mpils-results-grid-ticks-10000-7may/medium-2/24proc-6pils/seed-3/8_supportcase40_seed-3_20260510_044503/iterated_local_search/run_3_worker_6/parallel_6_3.prm
[INFO]:[04:46:31] CPLEX results. Gap: 7.190000, upper bound: 24855.222460, lower bound: 23068.800109
[INFO]:[04:46:31] CPLEX solver finished. Gap: 7.190000
[INFO]:[04:46:31] Starting CPLEX solver on instance: /home/yorig/tuner/mpils-tests/instances/miplib/medium-2/supportcase40.mps with config: /scratch/yorig/mpils-results-grid-ticks-10000-7may/medium-2/24proc-6pils/seed-3/8_supportcase40_seed-3_20260510_044503/iterated_local_search/run_3_worker_6/parallel_12_3.prm
[INFO]:[04:46:38] CPLEX results. Gap: 6.910000, upper bound: 24670.220647, lower bound: 22965.744261
[INFO]:[04:46:38] CPLEX solver finished. Gap: 6.910000
[INFO]:[04:46:39] Starting CPLEX solver on instance: /home/yorig/tuner/mpils-tests/instances/miplib/medium-2/supportcase40.mps with config: /scratch/yorig/mpils-results-grid-ticks-10000-7may/medium-2/24proc-6pils/seed-3/8_supportcase40_seed-3_20260510_044503/iterated_local_search/run_3_worker_6/parallel_18_3.prm
[INFO]:[04:46:46] CPLEX results. Gap: 8.380000, upper bound: 24885.124485, lower bound: 22799.757979
[INFO]:[04:46:46] CPLEX solver finished. Gap: 8.380000
[INFO]:[04:46:46] Worker (ils_group_rank=3) exiting parallel ILS evaluation service.
[INFO]:[04:46:46] Worker 9 completed exploration phase.
[INFO]:[04:46:46] Worker 9 received order for step 2.
[INFO]:[04:46:46] Worker 9 running expansion phase for iteration 3.
[INFO]:[04:46:46] Worker 9 will use solver log file: /scratch/yorig/mpils-results-grid-ticks-10000-7may/medium-2/24proc-6pils/seed-3/8_supportcase40_seed-3_20260510_044503/solver/cplex.log_iteration_expansion_3_worker_9
[INFO]:[04:46:46] Expansion Worker 9 starting expansion for iteration 3.
[INFO]:[04:46:46] Starting CPLEX solver on instance: /home/yorig/tuner/mpils-tests/instances/miplib/medium-2/supportcase40.mps with config: /scratch/yorig/mpils-results-grid-ticks-10000-7may/medium-2/24proc-6pils/seed-3/8_supportcase40_seed-3_20260510_044503/expansion/config_param_CPXPARAM_MIP_Strategy_LBHeur_1_iter_3.prm
[INFO]:[04:46:54] CPLEX results. Gap: 4.220000, upper bound: 24579.579267, lower bound: 23543.538424
[INFO]:[04:46:54] CPLEX solver finished. Gap: 4.220000
[INFO]:[04:46:55] Starting CPLEX solver on instance: /home/yorig/tuner/mpils-tests/instances/miplib/medium-2/supportcase40.mps with config: /scratch/yorig/mpils-results-grid-ticks-10000-7may/medium-2/24proc-6pils/seed-3/8_supportcase40_seed-3_20260510_044503/expansion/config_param_CPXPARAM_Simplex_PGradient_1_iter_3.prm
[INFO]:[04:47:02] CPLEX results. Gap: 2.290000, upper bound: 24308.763972, lower bound: 23752.891185
[INFO]:[04:47:02] CPLEX solver finished. Gap: 2.290000
[INFO]:[04:47:04] Expansion Worker 9 completed expansion.
[INFO]:[04:47:04] Worker 9 completed expansion phase.
[INFO]:[04:47:04] Worker 9 received order for step 1.
[INFO]:[04:47:04] Worker 9 running exploration phase for iteration 4.
[INFO]:[04:47:04] Worker 9 at iteration 4 will not use a MIP start file. Current best MIP-start upper bound threshold is 1.79769e+308.
[INFO]:[04:47:04] Starting local search phase...
[INFO]:[04:47:04] Worker (ils_group_rank=3) entering parallel ILS evaluation service.
[INFO]:[04:47:04] Starting CPLEX solver on instance: /home/yorig/tuner/mpils-tests/instances/miplib/medium-2/supportcase40.mps with config: /scratch/yorig/mpils-results-grid-ticks-10000-7may/medium-2/24proc-6pils/seed-3/8_supportcase40_seed-3_20260510_044503/iterated_local_search/run_4_worker_6/parallel_0_3.prm
[INFO]:[04:47:12] CPLEX results. Gap: 25.260000, upper bound: 30485.248518, lower bound: 22786.134774
[INFO]:[04:47:12] CPLEX solver finished. Gap: 25.260000
[INFO]:[04:47:12] Starting CPLEX solver on instance: /home/yorig/tuner/mpils-tests/instances/miplib/medium-2/supportcase40.mps with config: /scratch/yorig/mpils-results-grid-ticks-10000-7may/medium-2/24proc-6pils/seed-3/8_supportcase40_seed-3_20260510_044503/iterated_local_search/run_4_worker_6/parallel_6_3.prm
[INFO]:[04:47:20] CPLEX results. Gap: 5.200000, upper bound: 24356.840340, lower bound: 23090.352678
[INFO]:[04:47:20] CPLEX solver finished. Gap: 5.200000
[INFO]:[04:47:20] Worker (ils_group_rank=3) exiting parallel ILS evaluation service.
[INFO]:[04:47:20] Worker 9 completed exploration phase.
[INFO]:[04:47:20] Worker 9 received order for step 2.
[INFO]:[04:47:20] Worker 9 running expansion phase for iteration 4.
[INFO]:[04:47:20] Worker 9 will use solver log file: /scratch/yorig/mpils-results-grid-ticks-10000-7may/medium-2/24proc-6pils/seed-3/8_supportcase40_seed-3_20260510_044503/solver/cplex.log_iteration_expansion_4_worker_9
[INFO]:[04:47:20] Expansion Worker 9 starting expansion for iteration 4.
[INFO]:[04:47:20] Starting CPLEX solver on instance: /home/yorig/tuner/mpils-tests/instances/miplib/medium-2/supportcase40.mps with config: /scratch/yorig/mpils-results-grid-ticks-10000-7may/medium-2/24proc-6pils/seed-3/8_supportcase40_seed-3_20260510_044503/expansion/config_param_CPXPARAM_Barrier_Crossover_1_iter_4.prm
[INFO]:[04:47:28] CPLEX results. Gap: 2.290000, upper bound: 24308.763972, lower bound: 23752.891185
[INFO]:[04:47:28] CPLEX solver finished. Gap: 2.290000
[INFO]:[04:47:28] Starting CPLEX solver on instance: /home/yorig/tuner/mpils-tests/instances/miplib/medium-2/supportcase40.mps with config: /scratch/yorig/mpils-results-grid-ticks-10000-7may/medium-2/24proc-6pils/seed-3/8_supportcase40_seed-3_20260510_044503/expansion/config_param_CPXPARAM_Feasopt_Mode_5_iter_4.prm
[INFO]:[04:47:36] CPLEX results. Gap: 2.290000, upper bound: 24308.763972, lower bound: 23752.891185
[INFO]:[04:47:36] CPLEX solver finished. Gap: 2.290000
[INFO]:[04:47:36] Expansion Worker 9 completed expansion.
[INFO]:[04:47:36] Worker 9 completed expansion phase.
[INFO]:[04:47:36] Worker 9 received order for step 1.
[INFO]:[04:47:36] Worker 9 running exploration phase for iteration 5.
[INFO]:[04:47:36] Worker 9 at iteration 5 will not use a MIP start file. Current best MIP-start upper bound threshold is 1.79769e+308.
[INFO]:[04:47:36] Starting local search phase...
[INFO]:[04:47:36] Worker (ils_group_rank=3) entering parallel ILS evaluation service.
[INFO]:[04:47:36] Starting CPLEX solver on instance: /home/yorig/tuner/mpils-tests/instances/miplib/medium-2/supportcase40.mps with config: /scratch/yorig/mpils-results-grid-ticks-10000-7may/medium-2/24proc-6pils/seed-3/8_supportcase40_seed-3_20260510_044503/iterated_local_search/run_5_worker_6/parallel_0_3.prm
[INFO]:[04:47:45] CPLEX results. Gap: 25.150000, upper bound: 30485.248518, lower bound: 22819.139842
[INFO]:[04:47:45] CPLEX solver finished. Gap: 25.150000
[INFO]:[04:47:45] Starting CPLEX solver on instance: /home/yorig/tuner/mpils-tests/instances/miplib/medium-2/supportcase40.mps with config: /scratch/yorig/mpils-results-grid-ticks-10000-7may/medium-2/24proc-6pils/seed-3/8_supportcase40_seed-3_20260510_044503/iterated_local_search/run_5_worker_6/parallel_6_3.prm
[INFO]:[04:47:52] CPLEX results. Gap: 6.060000, upper bound: 24432.865920, lower bound: 22951.293220
[INFO]:[04:47:52] CPLEX solver finished. Gap: 6.060000
[INFO]:[04:47:52] Starting CPLEX solver on instance: /home/yorig/tuner/mpils-tests/instances/miplib/medium-2/supportcase40.mps with config: /scratch/yorig/mpils-results-grid-ticks-10000-7may/medium-2/24proc-6pils/seed-3/8_supportcase40_seed-3_20260510_044503/iterated_local_search/run_5_worker_6/parallel_12_3.prm
[INFO]:[04:48:00] CPLEX results. Gap: 7.200000, upper bound: 24674.945979, lower bound: 22897.339664
[INFO]:[04:48:00] CPLEX solver finished. Gap: 7.200000
[INFO]:[04:48:00] Worker (ils_group_rank=3) exiting parallel ILS evaluation service.
[INFO]:[04:48:00] Worker 9 completed exploration phase.
[INFO]:[04:48:00] Worker 9 received order for step 2.
[INFO]:[04:48:00] Worker 9 running expansion phase for iteration 5.
[INFO]:[04:48:00] Worker 9 will use solver log file: /scratch/yorig/mpils-results-grid-ticks-10000-7may/medium-2/24proc-6pils/seed-3/8_supportcase40_seed-3_20260510_044503/solver/cplex.log_iteration_expansion_5_worker_9
[INFO]:[04:48:00] Expansion Worker 9 starting expansion for iteration 5.
[INFO]:[04:48:00] Starting CPLEX solver on instance: /home/yorig/tuner/mpils-tests/instances/miplib/medium-2/supportcase40.mps with config: /scratch/yorig/mpils-results-grid-ticks-10000-7may/medium-2/24proc-6pils/seed-3/8_supportcase40_seed-3_20260510_044503/expansion/config_param_CPXPARAM_MIP_Strategy_File_0_iter_5.prm
[INFO]:[04:48:07] CPLEX results. Gap: 2.290000, upper bound: 24308.763972, lower bound: 23752.891185
[INFO]:[04:48:07] CPLEX solver finished. Gap: 2.290000
[INFO]:[04:48:15] Expansion Worker 9 completed expansion.
[INFO]:[04:48:15] Worker 9 completed expansion phase.
[INFO]:[04:48:15] Worker 9 received order for step 1.
[INFO]:[04:48:15] Worker 9 running exploration phase for iteration 6.
[INFO]:[04:48:15] Worker 9 at iteration 6 will not use a MIP start file. Current best MIP-start upper bound threshold is 1.79769e+308.
[INFO]:[04:48:15] Starting local search phase...
[INFO]:[04:48:15] Worker (ils_group_rank=3) entering parallel ILS evaluation service.
[INFO]:[04:48:15] Starting CPLEX solver on instance: /home/yorig/tuner/mpils-tests/instances/miplib/medium-2/supportcase40.mps with config: /scratch/yorig/mpils-results-grid-ticks-10000-7may/medium-2/24proc-6pils/seed-3/8_supportcase40_seed-3_20260510_044503/iterated_local_search/run_6_worker_6/parallel_0_3.prm
[INFO]:[04:48:22] CPLEX results. Gap: 7.540000, upper bound: 24723.007289, lower bound: 22858.456268
[INFO]:[04:48:22] CPLEX solver finished. Gap: 7.540000
[INFO]:[04:48:24] Starting CPLEX solver on instance: /home/yorig/tuner/mpils-tests/instances/miplib/medium-2/supportcase40.mps with config: /scratch/yorig/mpils-results-grid-ticks-10000-7may/medium-2/24proc-6pils/seed-3/8_supportcase40_seed-3_20260510_044503/iterated_local_search/run_6_worker_6/parallel_6_3.prm
[INFO]:[04:48:31] CPLEX results. Gap: 6.710000, upper bound: 24561.421697, lower bound: 22914.295685
[INFO]:[04:48:31] CPLEX solver finished. Gap: 6.710000
[INFO]:[04:48:31] Starting CPLEX solver on instance: /home/yorig/tuner/mpils-tests/instances/miplib/medium-2/supportcase40.mps with config: /scratch/yorig/mpils-results-grid-ticks-10000-7may/medium-2/24proc-6pils/seed-3/8_supportcase40_seed-3_20260510_044503/iterated_local_search/run_6_worker_6/parallel_12_3.prm
[INFO]:[04:48:38] CPLEX results. Gap: 6.710000, upper bound: 24561.421697, lower bound: 22913.425127
[INFO]:[04:48:38] CPLEX solver finished. Gap: 6.710000
[INFO]:[04:48:38] Starting CPLEX solver on instance: /home/yorig/tuner/mpils-tests/instances/miplib/medium-2/supportcase40.mps with config: /scratch/yorig/mpils-results-grid-ticks-10000-7may/medium-2/24proc-6pils/seed-3/8_supportcase40_seed-3_20260510_044503/iterated_local_search/run_6_worker_6/parallel_18_3.prm
[INFO]:[04:48:45] CPLEX results. Gap: 6.520000, upper bound: 24561.421697, lower bound: 22959.364029
[INFO]:[04:48:45] CPLEX solver finished. Gap: 6.520000
[INFO]:[04:48:45] Starting CPLEX solver on instance: /home/yorig/tuner/mpils-tests/instances/miplib/medium-2/supportcase40.mps with config: /scratch/yorig/mpils-results-grid-ticks-10000-7may/medium-2/24proc-6pils/seed-3/8_supportcase40_seed-3_20260510_044503/iterated_local_search/run_6_worker_6/parallel_24_3.prm
[INFO]:[04:48:52] CPLEX results. Gap: 5.920000, upper bound: 24401.005427, lower bound: 22957.591883
[INFO]:[04:48:52] CPLEX solver finished. Gap: 5.920000
[INFO]:[04:48:52] Worker (ils_group_rank=3) exiting parallel ILS evaluation service.
[INFO]:[04:48:55] Worker 9 completed exploration phase.
[INFO]:[04:48:55] Worker 9 received order for step 2.
[INFO]:[04:48:55] Worker 9 running expansion phase for iteration 6.
[INFO]:[04:48:55] Worker 9 will use solver log file: /scratch/yorig/mpils-results-grid-ticks-10000-7may/medium-2/24proc-6pils/seed-3/8_supportcase40_seed-3_20260510_044503/solver/cplex.log_iteration_expansion_6_worker_9
[INFO]:[04:48:55] Expansion Worker 9 starting expansion for iteration 6.
[INFO]:[04:48:55] Starting CPLEX solver on instance: /home/yorig/tuner/mpils-tests/instances/miplib/medium-2/supportcase40.mps with config: /scratch/yorig/mpils-results-grid-ticks-10000-7may/medium-2/24proc-6pils/seed-3/8_supportcase40_seed-3_20260510_044503/expansion/config_param_CPXPARAM_Simplex_Limits_Singularity_20_iter_6.prm
[INFO]:[04:49:03] CPLEX results. Gap: 2.290000, upper bound: 24308.763972, lower bound: 23752.891185
[INFO]:[04:49:03] CPLEX solver finished. Gap: 2.290000
[INFO]:[04:49:03] Expansion Worker 9 completed expansion.
[INFO]:[04:49:03] Worker 9 completed expansion phase.
[INFO]:[04:49:03] Worker 9 received order for step 1.
[INFO]:[04:49:03] Worker 9 running exploration phase for iteration 7.
[INFO]:[04:49:03] Worker 9 at iteration 7 will not use a MIP start file. Current best MIP-start upper bound threshold is 1.79769e+308.
[INFO]:[04:49:03] Starting local search phase...
[INFO]:[04:49:03] Worker (ils_group_rank=3) entering parallel ILS evaluation service.
[INFO]:[04:49:03] Starting CPLEX solver on instance: /home/yorig/tuner/mpils-tests/instances/miplib/medium-2/supportcase40.mps with config: /scratch/yorig/mpils-results-grid-ticks-10000-7may/medium-2/24proc-6pils/seed-3/8_supportcase40_seed-3_20260510_044503/iterated_local_search/run_7_worker_6/parallel_0_3.prm
[INFO]:[04:49:10] CPLEX results. Gap: 7.560000, upper bound: 24893.946549, lower bound: 23011.554889
[INFO]:[04:49:10] CPLEX solver finished. Gap: 7.560000
[INFO]:[04:49:12] Starting CPLEX solver on instance: /home/yorig/tuner/mpils-tests/instances/miplib/medium-2/supportcase40.mps with config: /scratch/yorig/mpils-results-grid-ticks-10000-7may/medium-2/24proc-6pils/seed-3/8_supportcase40_seed-3_20260510_044503/iterated_local_search/run_7_worker_6/parallel_6_3.prm
[INFO]:[04:49:19] CPLEX results. Gap: 6.760000, upper bound: 24723.007289, lower bound: 23050.984058
[INFO]:[04:49:19] CPLEX solver finished. Gap: 6.760000
[INFO]:[04:49:19] Worker (ils_group_rank=3) exiting parallel ILS evaluation service.
[INFO]:[04:49:19] Worker 9 completed exploration phase.
[INFO]:[04:49:19] Worker 9 received order for step 3.
[INFO]:[04:49:19] Worker 9 finished.
