[INFO]:[05:43:48] Worker 12 starting.
[INFO]:[05:43:48] Worker 12 received order for step 1.
[INFO]:[05:43:48] Worker 12 running exploration phase for iteration 1.
[INFO]:[05:43:48] Worker 12 at iteration 1 will not use a MIP start file. Current best MIP-start upper bound threshold is 1.79769e+308.
[INFO]:[05:43:48] Starting local search phase...
[INFO]:[05:43:48] Creating local search space from parameter space file: /scratch/yorig/mpils-results-grid-ticks-10000-7may/easy/24proc/seed-1/9_supportcase18_seed-1_20260509_054346/iterated_local_search/search_space/search_space_file_1_worker_12.txt
[INFO]:[05:43:48] Local search space loaded from file: /scratch/yorig/mpils-results-grid-ticks-10000-7may/easy/24proc/seed-1/9_supportcase18_seed-1_20260509_054346/iterated_local_search/search_space/search_space_file_1_worker_12.txt
[INFO]:[05:43:48] Number of parameters in local search space: 71
[INFO]:[05:43:48] Number of forbidden tuples in local search space: 0
[INFO]:[05:43:48] Number of conditionals in local search space: 6
[INFO]:[05:43:48] MIP start option not enabled. Local search will proceed without MIP start.
[INFO]:[05:43:48] Evaluating initial configuration for local search phase...
[INFO]:[05:43:48] Starting CPLEX solver on instance: /home/yorig/tuner/mpils-tests/instances/miplib/easy/supportcase18.mps with config: /scratch/yorig/mpils-results-grid-ticks-10000-7may/easy/24proc/seed-1/9_supportcase18_seed-1_20260509_054346/iterated_local_search/run_1_worker_12/ils_config_5856144687181584429.prm
[INFO]:[05:43:48] Starting CPLEX solver on instance: /home/yorig/tuner/mpils-tests/instances/miplib/easy/supportcase18.mps with config: /scratch/yorig/mpils-results-grid-ticks-10000-7may/easy/24proc/seed-1/9_supportcase18_seed-1_20260509_054346/iterated_local_search/run_1_worker_12/ils_config_5856144687181584429.prm
[INFO]:[05:43:54] CPLEX results. Gap: 3.700000, upper bound: 49.000000, lower bound: 47.186667
[INFO]:[05:43:54] CPLEX solver finished. Gap: 3.700000
[INFO]:[05:43:54] Initial configuration evaluated with objective value: 3.7
[INFO]:[05:43:54] Starting CPLEX solver on instance: /home/yorig/tuner/mpils-tests/instances/miplib/easy/supportcase18.mps with config: /scratch/yorig/mpils-results-grid-ticks-10000-7may/easy/24proc/seed-1/9_supportcase18_seed-1_20260509_054346/iterated_local_search/run_1_worker_12/ils_config_14785420528417267844.prm
[INFO]:[05:43:54] Starting CPLEX solver on instance: /home/yorig/tuner/mpils-tests/instances/miplib/easy/supportcase18.mps with config: /scratch/yorig/mpils-results-grid-ticks-10000-7may/easy/24proc/seed-1/9_supportcase18_seed-1_20260509_054346/iterated_local_search/run_1_worker_12/ils_config_14785420528417267844.prm
[INFO]:[05:44:00] CPLEX results. Gap: 3.700000, upper bound: 49.000000, lower bound: 47.186667
[INFO]:[05:44:00] CPLEX solver finished. Gap: 3.700000
[INFO]:[05:44:00] Starting CPLEX solver on instance: /home/yorig/tuner/mpils-tests/instances/miplib/easy/supportcase18.mps with config: /scratch/yorig/mpils-results-grid-ticks-10000-7may/easy/24proc/seed-1/9_supportcase18_seed-1_20260509_054346/iterated_local_search/run_1_worker_12/ils_config_17326735007136970488.prm
[INFO]:[05:44:00] Starting CPLEX solver on instance: /home/yorig/tuner/mpils-tests/instances/miplib/easy/supportcase18.mps with config: /scratch/yorig/mpils-results-grid-ticks-10000-7may/easy/24proc/seed-1/9_supportcase18_seed-1_20260509_054346/iterated_local_search/run_1_worker_12/ils_config_17326735007136970488.prm
[INFO]:[05:44:05] CPLEX results. Gap: 3.700000, upper bound: 49.000000, lower bound: 47.186667
[INFO]:[05:44:06] CPLEX solver finished. Gap: 3.700000
[INFO]:[05:44:06] Starting CPLEX solver on instance: /home/yorig/tuner/mpils-tests/instances/miplib/easy/supportcase18.mps with config: /scratch/yorig/mpils-results-grid-ticks-10000-7may/easy/24proc/seed-1/9_supportcase18_seed-1_20260509_054346/iterated_local_search/run_1_worker_12/ils_config_16443154162274264568.prm
[INFO]:[05:44:06] Starting CPLEX solver on instance: /home/yorig/tuner/mpils-tests/instances/miplib/easy/supportcase18.mps with config: /scratch/yorig/mpils-results-grid-ticks-10000-7may/easy/24proc/seed-1/9_supportcase18_seed-1_20260509_054346/iterated_local_search/run_1_worker_12/ils_config_16443154162274264568.prm
[INFO]:[05:44:11] CPLEX results. Gap: 3.700000, upper bound: 49.000000, lower bound: 47.186667
[INFO]:[05:44:11] CPLEX solver finished. Gap: 3.700000
[INFO]:[05:44:11] Starting CPLEX solver on instance: /home/yorig/tuner/mpils-tests/instances/miplib/easy/supportcase18.mps with config: /scratch/yorig/mpils-results-grid-ticks-10000-7may/easy/24proc/seed-1/9_supportcase18_seed-1_20260509_054346/iterated_local_search/run_1_worker_12/ils_config_9911978948740009168.prm
[INFO]:[05:44:11] Starting CPLEX solver on instance: /home/yorig/tuner/mpils-tests/instances/miplib/easy/supportcase18.mps with config: /scratch/yorig/mpils-results-grid-ticks-10000-7may/easy/24proc/seed-1/9_supportcase18_seed-1_20260509_054346/iterated_local_search/run_1_worker_12/ils_config_9911978948740009168.prm
[INFO]:[05:44:18] CPLEX results. Gap: 3.700000, upper bound: 49.000000, lower bound: 47.186667
[INFO]:[05:44:18] CPLEX solver finished. Gap: 3.700000
[INFO]:[05:44:18] Starting CPLEX solver on instance: /home/yorig/tuner/mpils-tests/instances/miplib/easy/supportcase18.mps with config: /scratch/yorig/mpils-results-grid-ticks-10000-7may/easy/24proc/seed-1/9_supportcase18_seed-1_20260509_054346/iterated_local_search/run_1_worker_12/ils_config_5098357328361796988.prm
[INFO]:[05:44:18] Starting CPLEX solver on instance: /home/yorig/tuner/mpils-tests/instances/miplib/easy/supportcase18.mps with config: /scratch/yorig/mpils-results-grid-ticks-10000-7may/easy/24proc/seed-1/9_supportcase18_seed-1_20260509_054346/iterated_local_search/run_1_worker_12/ils_config_5098357328361796988.prm
[INFO]:[05:44:23] CPLEX results. Gap: 5.630000, upper bound: 50.000000, lower bound: 47.186667
[INFO]:[05:44:23] CPLEX solver finished. Gap: 5.630000
[INFO]:[05:44:23] Starting CPLEX solver on instance: /home/yorig/tuner/mpils-tests/instances/miplib/easy/supportcase18.mps with config: /scratch/yorig/mpils-results-grid-ticks-10000-7may/easy/24proc/seed-1/9_supportcase18_seed-1_20260509_054346/iterated_local_search/run_1_worker_12/ils_config_8117818939593596024.prm
[INFO]:[05:44:23] Starting CPLEX solver on instance: /home/yorig/tuner/mpils-tests/instances/miplib/easy/supportcase18.mps with config: /scratch/yorig/mpils-results-grid-ticks-10000-7may/easy/24proc/seed-1/9_supportcase18_seed-1_20260509_054346/iterated_local_search/run_1_worker_12/ils_config_8117818939593596024.prm
[INFO]:[05:44:29] CPLEX results. Gap: 3.700000, upper bound: 49.000000, lower bound: 47.186667
[INFO]:[05:44:29] CPLEX solver finished. Gap: 3.700000
[INFO]:[05:44:29] Starting CPLEX solver on instance: /home/yorig/tuner/mpils-tests/instances/miplib/easy/supportcase18.mps with config: /scratch/yorig/mpils-results-grid-ticks-10000-7may/easy/24proc/seed-1/9_supportcase18_seed-1_20260509_054346/iterated_local_search/run_1_worker_12/ils_config_9167881294804809341.prm
[INFO]:[05:44:29] Starting CPLEX solver on instance: /home/yorig/tuner/mpils-tests/instances/miplib/easy/supportcase18.mps with config: /scratch/yorig/mpils-results-grid-ticks-10000-7may/easy/24proc/seed-1/9_supportcase18_seed-1_20260509_054346/iterated_local_search/run_1_worker_12/ils_config_9167881294804809341.prm
[INFO]:[05:44:35] CPLEX results. Gap: 3.700000, upper bound: 49.000000, lower bound: 47.186667
[INFO]:[05:44:35] CPLEX solver finished. Gap: 3.700000
[INFO]:[05:44:35] Starting CPLEX solver on instance: /home/yorig/tuner/mpils-tests/instances/miplib/easy/supportcase18.mps with config: /scratch/yorig/mpils-results-grid-ticks-10000-7may/easy/24proc/seed-1/9_supportcase18_seed-1_20260509_054346/iterated_local_search/run_1_worker_12/ils_config_10171630591735150237.prm
[INFO]:[05:44:35] Starting CPLEX solver on instance: /home/yorig/tuner/mpils-tests/instances/miplib/easy/supportcase18.mps with config: /scratch/yorig/mpils-results-grid-ticks-10000-7may/easy/24proc/seed-1/9_supportcase18_seed-1_20260509_054346/iterated_local_search/run_1_worker_12/ils_config_10171630591735150237.prm
[INFO]:[05:44:41] CPLEX results. Gap: 3.700000, upper bound: 49.000000, lower bound: 47.186667
[INFO]:[05:44:41] CPLEX solver finished. Gap: 3.700000
[INFO]:[05:44:41] Starting CPLEX solver on instance: /home/yorig/tuner/mpils-tests/instances/miplib/easy/supportcase18.mps with config: /scratch/yorig/mpils-results-grid-ticks-10000-7may/easy/24proc/seed-1/9_supportcase18_seed-1_20260509_054346/iterated_local_search/run_1_worker_12/ils_config_10270725940445805978.prm
[INFO]:[05:44:41] Starting CPLEX solver on instance: /home/yorig/tuner/mpils-tests/instances/miplib/easy/supportcase18.mps with config: /scratch/yorig/mpils-results-grid-ticks-10000-7may/easy/24proc/seed-1/9_supportcase18_seed-1_20260509_054346/iterated_local_search/run_1_worker_12/ils_config_10270725940445805978.prm
[INFO]:[05:44:47] CPLEX results. Gap: 3.700000, upper bound: 49.000000, lower bound: 47.186667
[INFO]:[05:44:47] CPLEX solver finished. Gap: 3.700000
[INFO]:[05:44:47] Starting CPLEX solver on instance: /home/yorig/tuner/mpils-tests/instances/miplib/easy/supportcase18.mps with config: /scratch/yorig/mpils-results-grid-ticks-10000-7may/easy/24proc/seed-1/9_supportcase18_seed-1_20260509_054346/iterated_local_search/run_1_worker_12/ils_config_10907779863315454111.prm
[INFO]:[05:44:47] Starting CPLEX solver on instance: /home/yorig/tuner/mpils-tests/instances/miplib/easy/supportcase18.mps with config: /scratch/yorig/mpils-results-grid-ticks-10000-7may/easy/24proc/seed-1/9_supportcase18_seed-1_20260509_054346/iterated_local_search/run_1_worker_12/ils_config_10907779863315454111.prm
[INFO]:[05:44:53] CPLEX results. Gap: 3.700000, upper bound: 49.000000, lower bound: 47.186667
[INFO]:[05:44:53] CPLEX solver finished. Gap: 3.700000
[INFO]:[05:44:53] Starting CPLEX solver on instance: /home/yorig/tuner/mpils-tests/instances/miplib/easy/supportcase18.mps with config: /scratch/yorig/mpils-results-grid-ticks-10000-7may/easy/24proc/seed-1/9_supportcase18_seed-1_20260509_054346/iterated_local_search/run_1_worker_12/ils_config_3089268268425936280.prm
[INFO]:[05:44:53] Starting CPLEX solver on instance: /home/yorig/tuner/mpils-tests/instances/miplib/easy/supportcase18.mps with config: /scratch/yorig/mpils-results-grid-ticks-10000-7may/easy/24proc/seed-1/9_supportcase18_seed-1_20260509_054346/iterated_local_search/run_1_worker_12/ils_config_3089268268425936280.prm
[INFO]:[05:44:59] CPLEX results. Gap: 3.700000, upper bound: 49.000000, lower bound: 47.186667
[INFO]:[05:44:59] CPLEX solver finished. Gap: 3.700000
[INFO]:[05:44:59] Received global ILS stop signal from rank 2.
[INFO]:[05:44:59] Local search phase completed.
[INFO]:[05:44:59] Total number of new local-search evaluations: 12
[INFO]:[05:44:59] Final incumbent objective value: 3.7
[INFO]:[05:45:05] Worker 12 completed exploration phase.
[INFO]:[05:45:05] Worker 12 received order for step 3.
[INFO]:[05:45:05] Worker 12 finished.
