[INFO]:[03:32:24] Worker 16 starting.
[INFO]:[03:32:24] Worker 16 received order for step 1.
[INFO]:[03:32:24] Worker 16 running exploration phase for iteration 1.
[INFO]:[03:32:24] Worker 16 at iteration 1 will not use a MIP start file. Current best MIP-start upper bound threshold is 1.79769e+308.
[INFO]:[03:32:24] Starting local search phase...
[INFO]:[03:32:24] Creating local search space from parameter space file: /scratch/yorig/mpils-results-grid-ticks-10000-7may/easy/24proc-4pils/seed-3/4_lotsize_seed-3_20260510_033223/iterated_local_search/search_space/search_space_file_1_worker_16.txt
[INFO]:[03:32:24] Local search space loaded from file: /scratch/yorig/mpils-results-grid-ticks-10000-7may/easy/24proc-4pils/seed-3/4_lotsize_seed-3_20260510_033223/iterated_local_search/search_space/search_space_file_1_worker_16.txt
[INFO]:[03:32:24] Number of parameters in local search space: 71
[INFO]:[03:32:24] Number of forbidden tuples in local search space: 0
[INFO]:[03:32:24] Number of conditionals in local search space: 6
[INFO]:[03:32:24] MIP start option not enabled. Local search will proceed without MIP start.
[INFO]:[03:32:24] Starting CPLEX solver on instance: /home/yorig/tuner/mpils-tests/instances/miplib/easy/lotsize.mps with config: /scratch/yorig/mpils-results-grid-ticks-10000-7may/easy/24proc-4pils/seed-3/4_lotsize_seed-3_20260510_033223/iterated_local_search/run_1_worker_16/ils_config_638895054080268985.prm
[INFO]:[03:32:24] Starting CPLEX solver on instance: /home/yorig/tuner/mpils-tests/instances/miplib/easy/lotsize.mps with config: /scratch/yorig/mpils-results-grid-ticks-10000-7may/easy/24proc-4pils/seed-3/4_lotsize_seed-3_20260510_033223/iterated_local_search/run_1_worker_16/ils_config_638895054080268985.prm
[INFO]:[03:32:29] CPLEX results. Gap: 37.760000, upper bound: 1915573.999995, lower bound: 1192307.024155
[INFO]:[03:32:29] CPLEX solver finished. Gap: 37.760000
[INFO]:[03:32:31] New incumbent found with objective value: 19.17
[INFO]:[03:32:31] Starting CPLEX solver on instance: /home/yorig/tuner/mpils-tests/instances/miplib/easy/lotsize.mps with config: /scratch/yorig/mpils-results-grid-ticks-10000-7may/easy/24proc-4pils/seed-3/4_lotsize_seed-3_20260510_033223/iterated_local_search/run_1_worker_16/ils_config_322903141837734982.prm
[INFO]:[03:32:31] Starting CPLEX solver on instance: /home/yorig/tuner/mpils-tests/instances/miplib/easy/lotsize.mps with config: /scratch/yorig/mpils-results-grid-ticks-10000-7may/easy/24proc-4pils/seed-3/4_lotsize_seed-3_20260510_033223/iterated_local_search/run_1_worker_16/ils_config_322903141837734982.prm
[INFO]:[03:32:37] CPLEX results. Gap: 19.170000, upper bound: 1575796.000000, lower bound: 1273689.738594
[INFO]:[03:32:37] CPLEX solver finished. Gap: 19.170000
[INFO]:[03:32:39] New incumbent found with objective value: 18.13
[INFO]:[03:32:39] Starting CPLEX solver on instance: /home/yorig/tuner/mpils-tests/instances/miplib/easy/lotsize.mps with config: /scratch/yorig/mpils-results-grid-ticks-10000-7may/easy/24proc-4pils/seed-3/4_lotsize_seed-3_20260510_033223/iterated_local_search/run_1_worker_16/ils_config_11575727556507690786.prm
[INFO]:[03:32:39] Starting CPLEX solver on instance: /home/yorig/tuner/mpils-tests/instances/miplib/easy/lotsize.mps with config: /scratch/yorig/mpils-results-grid-ticks-10000-7may/easy/24proc-4pils/seed-3/4_lotsize_seed-3_20260510_033223/iterated_local_search/run_1_worker_16/ils_config_11575727556507690786.prm
[INFO]:[03:32:46] CPLEX results. Gap: 21.820000, upper bound: 1691609.000000, lower bound: 1322484.777773
[INFO]:[03:32:46] CPLEX solver finished. Gap: 21.820000
[INFO]:[03:32:48] Starting CPLEX solver on instance: /home/yorig/tuner/mpils-tests/instances/miplib/easy/lotsize.mps with config: /scratch/yorig/mpils-results-grid-ticks-10000-7may/easy/24proc-4pils/seed-3/4_lotsize_seed-3_20260510_033223/iterated_local_search/run_1_worker_16/ils_config_7094251766228989627.prm
[INFO]:[03:32:48] Starting CPLEX solver on instance: /home/yorig/tuner/mpils-tests/instances/miplib/easy/lotsize.mps with config: /scratch/yorig/mpils-results-grid-ticks-10000-7may/easy/24proc-4pils/seed-3/4_lotsize_seed-3_20260510_033223/iterated_local_search/run_1_worker_16/ils_config_7094251766228989627.prm
[INFO]:[03:32:55] CPLEX results. Gap: 18.130000, upper bound: 1542941.000000, lower bound: 1263223.950208
[INFO]:[03:32:55] CPLEX solver finished. Gap: 18.130000
[INFO]:[03:32:55] Starting CPLEX solver on instance: /home/yorig/tuner/mpils-tests/instances/miplib/easy/lotsize.mps with config: /scratch/yorig/mpils-results-grid-ticks-10000-7may/easy/24proc-4pils/seed-3/4_lotsize_seed-3_20260510_033223/iterated_local_search/run_1_worker_16/ils_config_6147964582557833981.prm
[INFO]:[03:32:55] Starting CPLEX solver on instance: /home/yorig/tuner/mpils-tests/instances/miplib/easy/lotsize.mps with config: /scratch/yorig/mpils-results-grid-ticks-10000-7may/easy/24proc-4pils/seed-3/4_lotsize_seed-3_20260510_033223/iterated_local_search/run_1_worker_16/ils_config_6147964582557833981.prm
[INFO]:[03:33:03] CPLEX results. Gap: 18.950000, upper bound: 1610271.000000, lower bound: 1305047.817317
[INFO]:[03:33:03] CPLEX solver finished. Gap: 18.950000
[INFO]:[03:33:03] Local search phase completed.
[INFO]:[03:33:03] Total number of new local-search evaluations: 20
[INFO]:[03:33:03] Final incumbent objective value: 18.13
[INFO]:[03:33:03] Worker 16 completed exploration phase.
[INFO]:[03:33:04] Worker 16 received order for step 2.
[INFO]:[03:33:04] Worker 16 running expansion phase for iteration 1.
[INFO]:[03:33:04] Worker 16 will use solver log file: /scratch/yorig/mpils-results-grid-ticks-10000-7may/easy/24proc-4pils/seed-3/4_lotsize_seed-3_20260510_033223/solver/cplex.log_iteration_expansion_1_worker_16
[INFO]:[03:33:04] Expansion Worker 16 starting expansion for iteration 1.
[INFO]:[03:33:04] Starting CPLEX solver on instance: /home/yorig/tuner/mpils-tests/instances/miplib/easy/lotsize.mps with config: /scratch/yorig/mpils-results-grid-ticks-10000-7may/easy/24proc-4pils/seed-3/4_lotsize_seed-3_20260510_033223/expansion/config_param_CPXPARAM_MIP_Strategy_Dive_1_iter_1.prm
[INFO]:[03:33:11] CPLEX results. Gap: 22.900000, upper bound: 1667397.000000, lower bound: 1285512.496173
[INFO]:[03:33:11] CPLEX solver finished. Gap: 22.900000
[INFO]:[03:33:13] Expansion Worker 16 stopping early after global MPI expansion stop was activated.
[INFO]:[03:33:13] Expansion Worker 16 completed expansion.
[INFO]:[03:33:13] Worker 16 completed expansion phase.
[INFO]:[03:33:13] Worker 16 received order for step 1.
[INFO]:[03:33:13] Worker 16 running exploration phase for iteration 2.
[INFO]:[03:33:13] Worker 16 at iteration 2 will not use a MIP start file. Current best MIP-start upper bound threshold is 1.79769e+308.
[INFO]:[03:33:13] Starting local search phase...
[INFO]:[03:33:13] Creating local search space from parameter space file: /scratch/yorig/mpils-results-grid-ticks-10000-7may/easy/24proc-4pils/seed-3/4_lotsize_seed-3_20260510_033223/iterated_local_search/search_space/search_space_file_2_worker_16.txt
[INFO]:[03:33:13] Local search space loaded from file: /scratch/yorig/mpils-results-grid-ticks-10000-7may/easy/24proc-4pils/seed-3/4_lotsize_seed-3_20260510_033223/iterated_local_search/search_space/search_space_file_2_worker_16.txt
[INFO]:[03:33:13] Number of parameters in local search space: 71
[INFO]:[03:33:13] Number of forbidden tuples in local search space: 25
[INFO]:[03:33:13] Number of conditionals in local search space: 6
[INFO]:[03:33:13] MIP start option not enabled. Local search will proceed without MIP start.
[INFO]:[03:33:13] Starting CPLEX solver on instance: /home/yorig/tuner/mpils-tests/instances/miplib/easy/lotsize.mps with config: /scratch/yorig/mpils-results-grid-ticks-10000-7may/easy/24proc-4pils/seed-3/4_lotsize_seed-3_20260510_033223/iterated_local_search/run_2_worker_16/ils_config_10359492916938203709.prm
[INFO]:[03:33:13] Starting CPLEX solver on instance: /home/yorig/tuner/mpils-tests/instances/miplib/easy/lotsize.mps with config: /scratch/yorig/mpils-results-grid-ticks-10000-7may/easy/24proc-4pils/seed-3/4_lotsize_seed-3_20260510_033223/iterated_local_search/run_2_worker_16/ils_config_10359492916938203709.prm
[INFO]:[03:33:19] CPLEX results. Gap: 30.870000, upper bound: 1891390.999995, lower bound: 1307513.427227
[INFO]:[03:33:19] CPLEX solver finished. Gap: 30.870000
[INFO]:[03:33:19] Starting CPLEX solver on instance: /home/yorig/tuner/mpils-tests/instances/miplib/easy/lotsize.mps with config: /scratch/yorig/mpils-results-grid-ticks-10000-7may/easy/24proc-4pils/seed-3/4_lotsize_seed-3_20260510_033223/iterated_local_search/run_2_worker_16/ils_config_15277837807607903884.prm
[INFO]:[03:33:19] Starting CPLEX solver on instance: /home/yorig/tuner/mpils-tests/instances/miplib/easy/lotsize.mps with config: /scratch/yorig/mpils-results-grid-ticks-10000-7may/easy/24proc-4pils/seed-3/4_lotsize_seed-3_20260510_033223/iterated_local_search/run_2_worker_16/ils_config_15277837807607903884.prm
[INFO]:[03:33:25] CPLEX results. Gap: 30.870000, upper bound: 1891390.999995, lower bound: 1307513.427227
[INFO]:[03:33:25] CPLEX solver finished. Gap: 30.870000
[INFO]:[03:33:25] Local search phase completed.
[INFO]:[03:33:25] Total number of new local-search evaluations: 8
[INFO]:[03:33:25] Final incumbent objective value: 30.87
[INFO]:[03:33:26] Worker 16 completed exploration phase.
[INFO]:[03:33:26] Worker 16 received order for step 2.
[INFO]:[03:33:26] Worker 16 running expansion phase for iteration 2.
[INFO]:[03:33:26] Worker 16 will use solver log file: /scratch/yorig/mpils-results-grid-ticks-10000-7may/easy/24proc-4pils/seed-3/4_lotsize_seed-3_20260510_033223/solver/cplex.log_iteration_expansion_2_worker_16
[INFO]:[03:33:26] Expansion Worker 16 starting expansion for iteration 2.
[INFO]:[03:33:26] Starting CPLEX solver on instance: /home/yorig/tuner/mpils-tests/instances/miplib/easy/lotsize.mps with config: /scratch/yorig/mpils-results-grid-ticks-10000-7may/easy/24proc-4pils/seed-3/4_lotsize_seed-3_20260510_033223/expansion/config_param_CPXPARAM_MIP_Limits_ProbeTime_1_iter_2.prm
[INFO]:[03:33:32] CPLEX results. Gap: 15.170000, upper bound: 1576006.000000, lower bound: 1336909.487395
[INFO]:[03:33:32] CPLEX solver finished. Gap: 15.170000
[INFO]:[03:33:33] Starting CPLEX solver on instance: /home/yorig/tuner/mpils-tests/instances/miplib/easy/lotsize.mps with config: /scratch/yorig/mpils-results-grid-ticks-10000-7may/easy/24proc-4pils/seed-3/4_lotsize_seed-3_20260510_033223/expansion/config_param_CPXPARAM_MIP_Strategy_BBInterval_10_iter_2.prm
[INFO]:[03:33:39] CPLEX results. Gap: 15.170000, upper bound: 1576006.000000, lower bound: 1336909.487395
[INFO]:[03:33:39] CPLEX solver finished. Gap: 15.170000
[INFO]:[03:33:44] Expansion Worker 16 completed expansion.
[INFO]:[03:33:44] Worker 16 completed expansion phase.
[INFO]:[03:33:45] Worker 16 received order for step 1.
[INFO]:[03:33:45] Worker 16 running exploration phase for iteration 3.
[INFO]:[03:33:45] Worker 16 at iteration 3 will not use a MIP start file. Current best MIP-start upper bound threshold is 1.79769e+308.
[INFO]:[03:33:45] Starting local search phase...
[INFO]:[03:33:45] Creating local search space from parameter space file: /scratch/yorig/mpils-results-grid-ticks-10000-7may/easy/24proc-4pils/seed-3/4_lotsize_seed-3_20260510_033223/iterated_local_search/search_space/search_space_file_3_worker_16.txt
[INFO]:[03:33:45] Local search space loaded from file: /scratch/yorig/mpils-results-grid-ticks-10000-7may/easy/24proc-4pils/seed-3/4_lotsize_seed-3_20260510_033223/iterated_local_search/search_space/search_space_file_3_worker_16.txt
[INFO]:[03:33:45] Number of parameters in local search space: 71
[INFO]:[03:33:45] Number of forbidden tuples in local search space: 46
[INFO]:[03:33:45] Number of conditionals in local search space: 6
[INFO]:[03:33:45] MIP start option not enabled. Local search will proceed without MIP start.
[INFO]:[03:33:45] Starting CPLEX solver on instance: /home/yorig/tuner/mpils-tests/instances/miplib/easy/lotsize.mps with config: /scratch/yorig/mpils-results-grid-ticks-10000-7may/easy/24proc-4pils/seed-3/4_lotsize_seed-3_20260510_033223/iterated_local_search/run_3_worker_16/ils_config_10604913018813318371.prm
[INFO]:[03:33:45] Starting CPLEX solver on instance: /home/yorig/tuner/mpils-tests/instances/miplib/easy/lotsize.mps with config: /scratch/yorig/mpils-results-grid-ticks-10000-7may/easy/24proc-4pils/seed-3/4_lotsize_seed-3_20260510_033223/iterated_local_search/run_3_worker_16/ils_config_10604913018813318371.prm
[INFO]:[03:33:52] CPLEX results. Gap: 27.160000, upper bound: 1572157.000000, lower bound: 1145223.791189
[INFO]:[03:33:52] CPLEX solver finished. Gap: 27.160000
[INFO]:[03:33:52] New incumbent found with objective value: 22.93
[INFO]:[03:33:52] Starting CPLEX solver on instance: /home/yorig/tuner/mpils-tests/instances/miplib/easy/lotsize.mps with config: /scratch/yorig/mpils-results-grid-ticks-10000-7may/easy/24proc-4pils/seed-3/4_lotsize_seed-3_20260510_033223/iterated_local_search/run_3_worker_16/ils_config_3841281945738413666.prm
[INFO]:[03:33:52] Starting CPLEX solver on instance: /home/yorig/tuner/mpils-tests/instances/miplib/easy/lotsize.mps with config: /scratch/yorig/mpils-results-grid-ticks-10000-7may/easy/24proc-4pils/seed-3/4_lotsize_seed-3_20260510_033223/iterated_local_search/run_3_worker_16/ils_config_3841281945738413666.prm
[INFO]:[03:33:58] CPLEX results. Gap: 30.160000, upper bound: 1923262.999995, lower bound: 1343164.703753
[INFO]:[03:33:58] CPLEX solver finished. Gap: 30.160000
[INFO]:[03:33:58] New incumbent found with objective value: 21.48
[INFO]:[03:33:58] Local search phase completed.
[INFO]:[03:33:58] Total number of new local-search evaluations: 8
[INFO]:[03:33:58] Final incumbent objective value: 21.48
[INFO]:[03:33:58] Worker 16 completed exploration phase.
[INFO]:[03:33:58] Worker 16 received order for step 2.
[INFO]:[03:33:58] Worker 16 running expansion phase for iteration 3.
[INFO]:[03:33:58] Worker 16 will use solver log file: /scratch/yorig/mpils-results-grid-ticks-10000-7may/easy/24proc-4pils/seed-3/4_lotsize_seed-3_20260510_033223/solver/cplex.log_iteration_expansion_3_worker_16
[INFO]:[03:33:58] Expansion Worker 16 starting expansion for iteration 3.
[INFO]:[03:33:58] Starting CPLEX solver on instance: /home/yorig/tuner/mpils-tests/instances/miplib/easy/lotsize.mps with config: /scratch/yorig/mpils-results-grid-ticks-10000-7may/easy/24proc-4pils/seed-3/4_lotsize_seed-3_20260510_033223/expansion/config_param_CPXPARAM_MIP_Strategy_HeuristicFreq_1000_iter_3.prm
[INFO]:[03:34:04] CPLEX results. Gap: 32.740000, upper bound: 1987651.000000, lower bound: 1336909.487395
[INFO]:[03:34:04] CPLEX solver finished. Gap: 32.740000
[INFO]:[03:34:15] Expansion Worker 16 completed expansion.
[INFO]:[03:34:15] Worker 16 completed expansion phase.
[INFO]:[03:34:15] Worker 16 received order for step 1.
[INFO]:[03:34:15] Worker 16 running exploration phase for iteration 4.
[INFO]:[03:34:15] Worker 16 at iteration 4 will not use a MIP start file. Current best MIP-start upper bound threshold is 1.79769e+308.
[INFO]:[03:34:15] Starting local search phase...
[INFO]:[03:34:15] Creating local search space from parameter space file: /scratch/yorig/mpils-results-grid-ticks-10000-7may/easy/24proc-4pils/seed-3/4_lotsize_seed-3_20260510_033223/iterated_local_search/search_space/search_space_file_4_worker_16.txt
[INFO]:[03:34:15] Local search space loaded from file: /scratch/yorig/mpils-results-grid-ticks-10000-7may/easy/24proc-4pils/seed-3/4_lotsize_seed-3_20260510_033223/iterated_local_search/search_space/search_space_file_4_worker_16.txt
[INFO]:[03:34:15] Number of parameters in local search space: 71
[INFO]:[03:34:15] Number of forbidden tuples in local search space: 75
[INFO]:[03:34:15] Number of conditionals in local search space: 6
[INFO]:[03:34:15] MIP start option not enabled. Local search will proceed without MIP start.
[INFO]:[03:34:15] Starting CPLEX solver on instance: /home/yorig/tuner/mpils-tests/instances/miplib/easy/lotsize.mps with config: /scratch/yorig/mpils-results-grid-ticks-10000-7may/easy/24proc-4pils/seed-3/4_lotsize_seed-3_20260510_033223/iterated_local_search/run_4_worker_16/ils_config_1134294584691511642.prm
[INFO]:[03:34:15] Starting CPLEX solver on instance: /home/yorig/tuner/mpils-tests/instances/miplib/easy/lotsize.mps with config: /scratch/yorig/mpils-results-grid-ticks-10000-7may/easy/24proc-4pils/seed-3/4_lotsize_seed-3_20260510_033223/iterated_local_search/run_4_worker_16/ils_config_1134294584691511642.prm
[INFO]:[03:34:22] CPLEX results. Gap: 87.640000, upper bound: 9068565.999969, lower bound: 1120948.904452
[INFO]:[03:34:22] CPLEX solver finished. Gap: 87.640000
[INFO]:[03:34:22] New incumbent found with objective value: 46.33
[INFO]:[03:34:22] Starting CPLEX solver on instance: /home/yorig/tuner/mpils-tests/instances/miplib/easy/lotsize.mps with config: /scratch/yorig/mpils-results-grid-ticks-10000-7may/easy/24proc-4pils/seed-3/4_lotsize_seed-3_20260510_033223/iterated_local_search/run_4_worker_16/ils_config_10417062801233360491.prm
[INFO]:[03:34:22] Starting CPLEX solver on instance: /home/yorig/tuner/mpils-tests/instances/miplib/easy/lotsize.mps with config: /scratch/yorig/mpils-results-grid-ticks-10000-7may/easy/24proc-4pils/seed-3/4_lotsize_seed-3_20260510_033223/iterated_local_search/run_4_worker_16/ils_config_10417062801233360491.prm
[INFO]:[03:34:28] CPLEX results. Gap: 51.070000, upper bound: 2328271.000000, lower bound: 1139280.371984
[INFO]:[03:34:28] CPLEX solver finished. Gap: 51.070000
[INFO]:[03:34:29] New incumbent found with objective value: 34.75
[INFO]:[03:34:29] Local search phase completed.
[INFO]:[03:34:29] Total number of new local-search evaluations: 8
[INFO]:[03:34:29] Final incumbent objective value: 34.75
[INFO]:[03:34:32] Worker 16 completed exploration phase.
[INFO]:[03:34:32] Worker 16 received order for step 2.
[INFO]:[03:34:32] Worker 16 running expansion phase for iteration 4.
[INFO]:[03:34:32] Worker 16 will use solver log file: /scratch/yorig/mpils-results-grid-ticks-10000-7may/easy/24proc-4pils/seed-3/4_lotsize_seed-3_20260510_033223/solver/cplex.log_iteration_expansion_4_worker_16
[INFO]:[03:34:32] Expansion Worker 16 starting expansion for iteration 4.
[INFO]:[03:34:32] Starting CPLEX solver on instance: /home/yorig/tuner/mpils-tests/instances/miplib/easy/lotsize.mps with config: /scratch/yorig/mpils-results-grid-ticks-10000-7may/easy/24proc-4pils/seed-3/4_lotsize_seed-3_20260510_033223/expansion/config_param_CPXPARAM_Barrier_StartAlg_2_iter_4.prm
[INFO]:[03:34:38] CPLEX results. Gap: 15.170000, upper bound: 1576006.000000, lower bound: 1336909.487395
[INFO]:[03:34:38] CPLEX solver finished. Gap: 15.170000
[INFO]:[03:34:45] Expansion Worker 16 completed expansion.
[INFO]:[03:34:45] Worker 16 completed expansion phase.
[INFO]:[03:34:45] Worker 16 received order for step 1.
[INFO]:[03:34:45] Worker 16 running exploration phase for iteration 5.
[INFO]:[03:34:45] Worker 16 at iteration 5 will not use a MIP start file. Current best MIP-start upper bound threshold is 1.79769e+308.
[INFO]:[03:34:45] Starting local search phase...
[INFO]:[03:34:45] Creating local search space from parameter space file: /scratch/yorig/mpils-results-grid-ticks-10000-7may/easy/24proc-4pils/seed-3/4_lotsize_seed-3_20260510_033223/iterated_local_search/search_space/search_space_file_5_worker_16.txt
[INFO]:[03:34:45] Local search space loaded from file: /scratch/yorig/mpils-results-grid-ticks-10000-7may/easy/24proc-4pils/seed-3/4_lotsize_seed-3_20260510_033223/iterated_local_search/search_space/search_space_file_5_worker_16.txt
[INFO]:[03:34:45] Number of parameters in local search space: 71
[INFO]:[03:34:45] Number of forbidden tuples in local search space: 94
[INFO]:[03:34:45] Number of conditionals in local search space: 6
[INFO]:[03:34:45] MIP start option not enabled. Local search will proceed without MIP start.
[INFO]:[03:34:45] Starting CPLEX solver on instance: /home/yorig/tuner/mpils-tests/instances/miplib/easy/lotsize.mps with config: /scratch/yorig/mpils-results-grid-ticks-10000-7may/easy/24proc-4pils/seed-3/4_lotsize_seed-3_20260510_033223/iterated_local_search/run_5_worker_16/ils_config_7427606523691124295.prm
[INFO]:[03:34:45] Starting CPLEX solver on instance: /home/yorig/tuner/mpils-tests/instances/miplib/easy/lotsize.mps with config: /scratch/yorig/mpils-results-grid-ticks-10000-7may/easy/24proc-4pils/seed-3/4_lotsize_seed-3_20260510_033223/iterated_local_search/run_5_worker_16/ils_config_7427606523691124295.prm
[INFO]:[03:34:51] CPLEX results. Gap: 56.810000, upper bound: 1991614.999993, lower bound: 860086.653647
[INFO]:[03:34:51] CPLEX solver finished. Gap: 56.810000
[INFO]:[03:34:52] New incumbent found with objective value: 34.5
[INFO]:[03:34:52] Starting CPLEX solver on instance: /home/yorig/tuner/mpils-tests/instances/miplib/easy/lotsize.mps with config: /scratch/yorig/mpils-results-grid-ticks-10000-7may/easy/24proc-4pils/seed-3/4_lotsize_seed-3_20260510_033223/iterated_local_search/run_5_worker_16/ils_config_3823482475313620234.prm
[INFO]:[03:34:52] Starting CPLEX solver on instance: /home/yorig/tuner/mpils-tests/instances/miplib/easy/lotsize.mps with config: /scratch/yorig/mpils-results-grid-ticks-10000-7may/easy/24proc-4pils/seed-3/4_lotsize_seed-3_20260510_033223/iterated_local_search/run_5_worker_16/ils_config_3823482475313620234.prm
[INFO]:[03:34:59] CPLEX results. Gap: 34.230000, upper bound: 2057455.000000, lower bound: 1353254.717017
[INFO]:[03:34:59] CPLEX solver finished. Gap: 34.230000
[INFO]:[03:34:59] New incumbent found with objective value: 31.78
[INFO]:[03:34:59] Starting CPLEX solver on instance: /home/yorig/tuner/mpils-tests/instances/miplib/easy/lotsize.mps with config: /scratch/yorig/mpils-results-grid-ticks-10000-7may/easy/24proc-4pils/seed-3/4_lotsize_seed-3_20260510_033223/iterated_local_search/run_5_worker_16/ils_config_5409931836135390979.prm
[INFO]:[03:34:59] Starting CPLEX solver on instance: /home/yorig/tuner/mpils-tests/instances/miplib/easy/lotsize.mps with config: /scratch/yorig/mpils-results-grid-ticks-10000-7may/easy/24proc-4pils/seed-3/4_lotsize_seed-3_20260510_033223/iterated_local_search/run_5_worker_16/ils_config_5409931836135390979.prm
[INFO]:[03:35:05] CPLEX results. Gap: 35.400000, upper bound: 2077753.000000, lower bound: 1342238.912277
[INFO]:[03:35:05] CPLEX solver finished. Gap: 35.400000
[INFO]:[03:35:05] Starting CPLEX solver on instance: /home/yorig/tuner/mpils-tests/instances/miplib/easy/lotsize.mps with config: /scratch/yorig/mpils-results-grid-ticks-10000-7may/easy/24proc-4pils/seed-3/4_lotsize_seed-3_20260510_033223/iterated_local_search/run_5_worker_16/ils_config_12400550244292030241.prm
[INFO]:[03:35:05] Starting CPLEX solver on instance: /home/yorig/tuner/mpils-tests/instances/miplib/easy/lotsize.mps with config: /scratch/yorig/mpils-results-grid-ticks-10000-7may/easy/24proc-4pils/seed-3/4_lotsize_seed-3_20260510_033223/iterated_local_search/run_5_worker_16/ils_config_12400550244292030241.prm
[INFO]:[03:35:12] CPLEX results. Gap: 34.500000, upper bound: 2073707.000000, lower bound: 1358328.829962
[INFO]:[03:35:12] CPLEX solver finished. Gap: 34.500000
[INFO]:[03:35:12] Starting CPLEX solver on instance: /home/yorig/tuner/mpils-tests/instances/miplib/easy/lotsize.mps with config: /scratch/yorig/mpils-results-grid-ticks-10000-7may/easy/24proc-4pils/seed-3/4_lotsize_seed-3_20260510_033223/iterated_local_search/run_5_worker_16/ils_config_15190838537144317232.prm
[INFO]:[03:35:12] Starting CPLEX solver on instance: /home/yorig/tuner/mpils-tests/instances/miplib/easy/lotsize.mps with config: /scratch/yorig/mpils-results-grid-ticks-10000-7may/easy/24proc-4pils/seed-3/4_lotsize_seed-3_20260510_033223/iterated_local_search/run_5_worker_16/ils_config_15190838537144317232.prm
[INFO]:[03:35:18] CPLEX results. Gap: 67.660000, upper bound: 2073707.000000, lower bound: 670635.593028
[INFO]:[03:35:18] CPLEX solver finished. Gap: 67.660000
[INFO]:[03:35:18] Local search phase completed.
[INFO]:[03:35:18] Total number of new local-search evaluations: 20
[INFO]:[03:35:18] Final incumbent objective value: 31.78
[INFO]:[03:35:19] Worker 16 completed exploration phase.
[INFO]:[03:35:19] Worker 16 received order for step 2.
[INFO]:[03:35:19] Worker 16 running expansion phase for iteration 5.
[INFO]:[03:35:19] Worker 16 will use solver log file: /scratch/yorig/mpils-results-grid-ticks-10000-7may/easy/24proc-4pils/seed-3/4_lotsize_seed-3_20260510_033223/solver/cplex.log_iteration_expansion_5_worker_16
[INFO]:[03:35:19] Expansion Worker 16 starting expansion for iteration 5.
[INFO]:[03:35:19] Starting CPLEX solver on instance: /home/yorig/tuner/mpils-tests/instances/miplib/easy/lotsize.mps with config: /scratch/yorig/mpils-results-grid-ticks-10000-7may/easy/24proc-4pils/seed-3/4_lotsize_seed-3_20260510_033223/expansion/config_param_CPXPARAM_MIP_Strategy_File_3_iter_5.prm
[INFO]:[03:35:25] CPLEX results. Gap: 11.150000, upper bound: 1614857.999994, lower bound: 1434875.418218
[INFO]:[03:35:25] CPLEX solver finished. Gap: 11.150000
[INFO]:[03:35:25] Expansion Worker 16 stopping early after global MPI expansion stop was activated.
[INFO]:[03:35:25] Expansion Worker 16 completed expansion.
[INFO]:[03:35:25] Worker 16 completed expansion phase.
[INFO]:[03:35:26] Worker 16 received order for step 1.
[INFO]:[03:35:26] Worker 16 running exploration phase for iteration 6.
[INFO]:[03:35:26] Worker 16 at iteration 6 will not use a MIP start file. Current best MIP-start upper bound threshold is 1.79769e+308.
[INFO]:[03:35:26] Starting local search phase...
[INFO]:[03:35:26] Creating local search space from parameter space file: /scratch/yorig/mpils-results-grid-ticks-10000-7may/easy/24proc-4pils/seed-3/4_lotsize_seed-3_20260510_033223/iterated_local_search/search_space/search_space_file_6_worker_16.txt
[INFO]:[03:35:26] Local search space loaded from file: /scratch/yorig/mpils-results-grid-ticks-10000-7may/easy/24proc-4pils/seed-3/4_lotsize_seed-3_20260510_033223/iterated_local_search/search_space/search_space_file_6_worker_16.txt
[INFO]:[03:35:26] Number of parameters in local search space: 71
[INFO]:[03:35:26] Number of forbidden tuples in local search space: 118
[INFO]:[03:35:26] Number of conditionals in local search space: 6
[INFO]:[03:35:26] MIP start option not enabled. Local search will proceed without MIP start.
[INFO]:[03:35:26] Starting CPLEX solver on instance: /home/yorig/tuner/mpils-tests/instances/miplib/easy/lotsize.mps with config: /scratch/yorig/mpils-results-grid-ticks-10000-7may/easy/24proc-4pils/seed-3/4_lotsize_seed-3_20260510_033223/iterated_local_search/run_6_worker_16/ils_config_11672626228270550202.prm
[INFO]:[03:35:26] Starting CPLEX solver on instance: /home/yorig/tuner/mpils-tests/instances/miplib/easy/lotsize.mps with config: /scratch/yorig/mpils-results-grid-ticks-10000-7may/easy/24proc-4pils/seed-3/4_lotsize_seed-3_20260510_033223/iterated_local_search/run_6_worker_16/ils_config_11672626228270550202.prm
[WARN]:[03:35:34] CPLEX finished without a primal feasible solution for config /scratch/yorig/mpils-results-grid-ticks-10000-7may/easy/24proc-4pils/seed-3/4_lotsize_seed-3_20260510_033223/iterated_local_search/run_6_worker_16/ils_config_11672626228270550202.prm.
[INFO]:[03:35:34] CPLEX results. Gap: unavailable, upper bound: null, lower bound: 1400123.999277
[INFO]:[03:35:34] CPLEX solver finished. Gap: 179769313486231570814527423731704356798070567525844996598917476803157260780028538760589558632766878171540458953514382464234321326889464182768467546703537516986049910576551282076245490090389328944075868508455133942304583236903222948165808559332123348274797826204144723168738177180919299881250404026184124858368.000000
[INFO]:[03:35:34] New incumbent found with objective value: 29.46
[INFO]:[03:35:34] Starting CPLEX solver on instance: /home/yorig/tuner/mpils-tests/instances/miplib/easy/lotsize.mps with config: /scratch/yorig/mpils-results-grid-ticks-10000-7may/easy/24proc-4pils/seed-3/4_lotsize_seed-3_20260510_033223/iterated_local_search/run_6_worker_16/ils_config_6248059030534133414.prm
[INFO]:[03:35:34] Starting CPLEX solver on instance: /home/yorig/tuner/mpils-tests/instances/miplib/easy/lotsize.mps with config: /scratch/yorig/mpils-results-grid-ticks-10000-7may/easy/24proc-4pils/seed-3/4_lotsize_seed-3_20260510_033223/iterated_local_search/run_6_worker_16/ils_config_6248059030534133414.prm
[INFO]:[03:35:41] CPLEX results. Gap: 90.730000, upper bound: 13896089.000000, lower bound: 1288201.756320
[INFO]:[03:35:41] CPLEX solver finished. Gap: 90.730000
[INFO]:[03:35:41] New incumbent found with objective value: 17.39
[INFO]:[03:35:41] Starting CPLEX solver on instance: /home/yorig/tuner/mpils-tests/instances/miplib/easy/lotsize.mps with config: /scratch/yorig/mpils-results-grid-ticks-10000-7may/easy/24proc-4pils/seed-3/4_lotsize_seed-3_20260510_033223/iterated_local_search/run_6_worker_16/ils_config_412295028107676500.prm
[INFO]:[03:35:41] Starting CPLEX solver on instance: /home/yorig/tuner/mpils-tests/instances/miplib/easy/lotsize.mps with config: /scratch/yorig/mpils-results-grid-ticks-10000-7may/easy/24proc-4pils/seed-3/4_lotsize_seed-3_20260510_033223/iterated_local_search/run_6_worker_16/ils_config_412295028107676500.prm
[INFO]:[03:35:47] CPLEX results. Gap: 88.680000, upper bound: 7973370.000000, lower bound: 902606.391001
[INFO]:[03:35:47] CPLEX solver finished. Gap: 88.680000
[INFO]:[03:35:48] Starting CPLEX solver on instance: /home/yorig/tuner/mpils-tests/instances/miplib/easy/lotsize.mps with config: /scratch/yorig/mpils-results-grid-ticks-10000-7may/easy/24proc-4pils/seed-3/4_lotsize_seed-3_20260510_033223/iterated_local_search/run_6_worker_16/ils_config_8470855620102812483.prm
[INFO]:[03:35:48] Starting CPLEX solver on instance: /home/yorig/tuner/mpils-tests/instances/miplib/easy/lotsize.mps with config: /scratch/yorig/mpils-results-grid-ticks-10000-7may/easy/24proc-4pils/seed-3/4_lotsize_seed-3_20260510_033223/iterated_local_search/run_6_worker_16/ils_config_8470855620102812483.prm
[INFO]:[03:35:54] CPLEX results. Gap: 17.390000, upper bound: 1692690.000000, lower bound: 1398382.970554
[INFO]:[03:35:54] CPLEX solver finished. Gap: 17.390000
[INFO]:[03:35:55] Starting CPLEX solver on instance: /home/yorig/tuner/mpils-tests/instances/miplib/easy/lotsize.mps with config: /scratch/yorig/mpils-results-grid-ticks-10000-7may/easy/24proc-4pils/seed-3/4_lotsize_seed-3_20260510_033223/iterated_local_search/run_6_worker_16/ils_config_7395824543849557920.prm
[INFO]:[03:35:55] Starting CPLEX solver on instance: /home/yorig/tuner/mpils-tests/instances/miplib/easy/lotsize.mps with config: /scratch/yorig/mpils-results-grid-ticks-10000-7may/easy/24proc-4pils/seed-3/4_lotsize_seed-3_20260510_033223/iterated_local_search/run_6_worker_16/ils_config_7395824543849557920.prm
[INFO]:[03:36:01] CPLEX results. Gap: 17.390000, upper bound: 1692690.000000, lower bound: 1398382.970554
[INFO]:[03:36:01] CPLEX solver finished. Gap: 17.390000
[INFO]:[03:36:03] Local search phase completed.
[INFO]:[03:36:03] Total number of new local-search evaluations: 20
[INFO]:[03:36:03] Final incumbent objective value: 17.39
[INFO]:[03:36:03] Worker 16 completed exploration phase.
[INFO]:[03:36:04] Worker 16 received order for step 2.
[INFO]:[03:36:04] Worker 16 running expansion phase for iteration 6.
[INFO]:[03:36:04] Worker 16 will use solver log file: /scratch/yorig/mpils-results-grid-ticks-10000-7may/easy/24proc-4pils/seed-3/4_lotsize_seed-3_20260510_033223/solver/cplex.log_iteration_expansion_6_worker_16
[INFO]:[03:36:04] Expansion Worker 16 starting expansion for iteration 6.
[INFO]:[03:36:04] Starting CPLEX solver on instance: /home/yorig/tuner/mpils-tests/instances/miplib/easy/lotsize.mps with config: /scratch/yorig/mpils-results-grid-ticks-10000-7may/easy/24proc-4pils/seed-3/4_lotsize_seed-3_20260510_033223/expansion/config_param_CPXPARAM_Preprocessing_RepeatPresolve_2_iter_6.prm
[INFO]:[03:36:10] CPLEX results. Gap: 8.570000, upper bound: 1525566.000000, lower bound: 1394876.473571
[INFO]:[03:36:10] CPLEX solver finished. Gap: 8.570000
[INFO]:[03:36:16] Expansion Worker 16 completed expansion.
[INFO]:[03:36:16] Worker 16 completed expansion phase.
[INFO]:[03:36:17] Worker 16 received order for step 1.
[INFO]:[03:36:17] Worker 16 running exploration phase for iteration 7.
[INFO]:[03:36:17] Worker 16 at iteration 7 will not use a MIP start file. Current best MIP-start upper bound threshold is 1.79769e+308.
[INFO]:[03:36:17] Starting local search phase...
[INFO]:[03:36:17] Creating local search space from parameter space file: /scratch/yorig/mpils-results-grid-ticks-10000-7may/easy/24proc-4pils/seed-3/4_lotsize_seed-3_20260510_033223/iterated_local_search/search_space/search_space_file_7_worker_16.txt
[INFO]:[03:36:17] Local search space loaded from file: /scratch/yorig/mpils-results-grid-ticks-10000-7may/easy/24proc-4pils/seed-3/4_lotsize_seed-3_20260510_033223/iterated_local_search/search_space/search_space_file_7_worker_16.txt
[INFO]:[03:36:17] Number of parameters in local search space: 71
[INFO]:[03:36:17] Number of forbidden tuples in local search space: 151
[INFO]:[03:36:17] Number of conditionals in local search space: 6
[INFO]:[03:36:17] MIP start option not enabled. Local search will proceed without MIP start.
[INFO]:[03:36:19] Starting CPLEX solver on instance: /home/yorig/tuner/mpils-tests/instances/miplib/easy/lotsize.mps with config: /scratch/yorig/mpils-results-grid-ticks-10000-7may/easy/24proc-4pils/seed-3/4_lotsize_seed-3_20260510_033223/iterated_local_search/run_7_worker_16/ils_config_9895717759926967310.prm
[INFO]:[03:36:19] Starting CPLEX solver on instance: /home/yorig/tuner/mpils-tests/instances/miplib/easy/lotsize.mps with config: /scratch/yorig/mpils-results-grid-ticks-10000-7may/easy/24proc-4pils/seed-3/4_lotsize_seed-3_20260510_033223/iterated_local_search/run_7_worker_16/ils_config_9895717759926967310.prm
[INFO]:[03:36:25] CPLEX results. Gap: 58.910000, upper bound: 1826137.000000, lower bound: 750273.658963
[INFO]:[03:36:25] CPLEX solver finished. Gap: 58.910000
[INFO]:[03:36:26] Starting CPLEX solver on instance: /home/yorig/tuner/mpils-tests/instances/miplib/easy/lotsize.mps with config: /scratch/yorig/mpils-results-grid-ticks-10000-7may/easy/24proc-4pils/seed-3/4_lotsize_seed-3_20260510_033223/iterated_local_search/run_7_worker_16/ils_config_14606053210287434602.prm
[INFO]:[03:36:26] Starting CPLEX solver on instance: /home/yorig/tuner/mpils-tests/instances/miplib/easy/lotsize.mps with config: /scratch/yorig/mpils-results-grid-ticks-10000-7may/easy/24proc-4pils/seed-3/4_lotsize_seed-3_20260510_033223/iterated_local_search/run_7_worker_16/ils_config_14606053210287434602.prm
[INFO]:[03:36:32] CPLEX results. Gap: 50.510000, upper bound: 1657390.000000, lower bound: 820247.913365
[INFO]:[03:36:32] CPLEX solver finished. Gap: 50.510000
[INFO]:[03:36:33] New incumbent found with objective value: 50.51
[INFO]:[03:36:33] Starting CPLEX solver on instance: /home/yorig/tuner/mpils-tests/instances/miplib/easy/lotsize.mps with config: /scratch/yorig/mpils-results-grid-ticks-10000-7may/easy/24proc-4pils/seed-3/4_lotsize_seed-3_20260510_033223/iterated_local_search/run_7_worker_16/ils_config_3639591957618132806.prm
[INFO]:[03:36:33] Starting CPLEX solver on instance: /home/yorig/tuner/mpils-tests/instances/miplib/easy/lotsize.mps with config: /scratch/yorig/mpils-results-grid-ticks-10000-7may/easy/24proc-4pils/seed-3/4_lotsize_seed-3_20260510_033223/iterated_local_search/run_7_worker_16/ils_config_3639591957618132806.prm
[INFO]:[03:36:39] CPLEX results. Gap: 56.600000, upper bound: 1540243.000000, lower bound: 668391.138869
[INFO]:[03:36:39] CPLEX solver finished. Gap: 56.600000
[INFO]:[03:36:39] Starting CPLEX solver on instance: /home/yorig/tuner/mpils-tests/instances/miplib/easy/lotsize.mps with config: /scratch/yorig/mpils-results-grid-ticks-10000-7may/easy/24proc-4pils/seed-3/4_lotsize_seed-3_20260510_033223/iterated_local_search/run_7_worker_16/ils_config_2469660065406862481.prm
[INFO]:[03:36:39] Starting CPLEX solver on instance: /home/yorig/tuner/mpils-tests/instances/miplib/easy/lotsize.mps with config: /scratch/yorig/mpils-results-grid-ticks-10000-7may/easy/24proc-4pils/seed-3/4_lotsize_seed-3_20260510_033223/iterated_local_search/run_7_worker_16/ils_config_2469660065406862481.prm
[INFO]:[03:36:45] CPLEX results. Gap: 50.810000, upper bound: 1637638.000000, lower bound: 805582.170339
[INFO]:[03:36:45] CPLEX solver finished. Gap: 50.810000
[INFO]:[03:36:46] Starting CPLEX solver on instance: /home/yorig/tuner/mpils-tests/instances/miplib/easy/lotsize.mps with config: /scratch/yorig/mpils-results-grid-ticks-10000-7may/easy/24proc-4pils/seed-3/4_lotsize_seed-3_20260510_033223/iterated_local_search/run_7_worker_16/ils_config_6960547736108855613.prm
[INFO]:[03:36:46] Starting CPLEX solver on instance: /home/yorig/tuner/mpils-tests/instances/miplib/easy/lotsize.mps with config: /scratch/yorig/mpils-results-grid-ticks-10000-7may/easy/24proc-4pils/seed-3/4_lotsize_seed-3_20260510_033223/iterated_local_search/run_7_worker_16/ils_config_6960547736108855613.prm
[INFO]:[03:36:52] CPLEX results. Gap: 50.510000, upper bound: 1657390.000000, lower bound: 820247.913365
[INFO]:[03:36:52] CPLEX solver finished. Gap: 50.510000
[INFO]:[03:36:52] Local search phase completed.
[INFO]:[03:36:52] Total number of new local-search evaluations: 20
[INFO]:[03:36:52] Final incumbent objective value: 50.51
[INFO]:[03:36:52] Worker 16 completed exploration phase.
[INFO]:[03:36:52] Worker 16 received order for step 2.
[INFO]:[03:36:52] Worker 16 running expansion phase for iteration 7.
[INFO]:[03:36:52] Worker 16 will use solver log file: /scratch/yorig/mpils-results-grid-ticks-10000-7may/easy/24proc-4pils/seed-3/4_lotsize_seed-3_20260510_033223/solver/cplex.log_iteration_expansion_7_worker_16
[INFO]:[03:36:52] Expansion Worker 16 starting expansion for iteration 7.
[INFO]:[03:36:59] Expansion Worker 16 completed expansion.
[INFO]:[03:36:59] Worker 16 completed expansion phase.
[INFO]:[03:37:00] Worker 16 received order for step 1.
[INFO]:[03:37:00] Worker 16 running exploration phase for iteration 8.
[INFO]:[03:37:00] Worker 16 at iteration 8 will not use a MIP start file. Current best MIP-start upper bound threshold is 1.79769e+308.
[INFO]:[03:37:00] Starting local search phase...
[INFO]:[03:37:00] Creating local search space from parameter space file: /scratch/yorig/mpils-results-grid-ticks-10000-7may/easy/24proc-4pils/seed-3/4_lotsize_seed-3_20260510_033223/iterated_local_search/search_space/search_space_file_8_worker_16.txt
[INFO]:[03:37:00] Local search space loaded from file: /scratch/yorig/mpils-results-grid-ticks-10000-7may/easy/24proc-4pils/seed-3/4_lotsize_seed-3_20260510_033223/iterated_local_search/search_space/search_space_file_8_worker_16.txt
[INFO]:[03:37:00] Number of parameters in local search space: 71
[INFO]:[03:37:00] Number of forbidden tuples in local search space: 173
[INFO]:[03:37:00] Number of conditionals in local search space: 6
[INFO]:[03:37:00] MIP start option not enabled. Local search will proceed without MIP start.
[INFO]:[03:37:01] Starting CPLEX solver on instance: /home/yorig/tuner/mpils-tests/instances/miplib/easy/lotsize.mps with config: /scratch/yorig/mpils-results-grid-ticks-10000-7may/easy/24proc-4pils/seed-3/4_lotsize_seed-3_20260510_033223/iterated_local_search/run_8_worker_16/ils_config_13356644552050077790.prm
[INFO]:[03:37:01] Starting CPLEX solver on instance: /home/yorig/tuner/mpils-tests/instances/miplib/easy/lotsize.mps with config: /scratch/yorig/mpils-results-grid-ticks-10000-7may/easy/24proc-4pils/seed-3/4_lotsize_seed-3_20260510_033223/iterated_local_search/run_8_worker_16/ils_config_13356644552050077790.prm
[INFO]:[03:37:07] CPLEX results. Gap: 57.910000, upper bound: 2719279.000000, lower bound: 1144441.616952
[INFO]:[03:37:07] CPLEX solver finished. Gap: 57.910000
[INFO]:[03:37:08] New incumbent found with objective value: 43.98
[INFO]:[03:37:08] Starting CPLEX solver on instance: /home/yorig/tuner/mpils-tests/instances/miplib/easy/lotsize.mps with config: /scratch/yorig/mpils-results-grid-ticks-10000-7may/easy/24proc-4pils/seed-3/4_lotsize_seed-3_20260510_033223/iterated_local_search/run_8_worker_16/ils_config_5422486254846331042.prm
[INFO]:[03:37:08] Starting CPLEX solver on instance: /home/yorig/tuner/mpils-tests/instances/miplib/easy/lotsize.mps with config: /scratch/yorig/mpils-results-grid-ticks-10000-7may/easy/24proc-4pils/seed-3/4_lotsize_seed-3_20260510_033223/iterated_local_search/run_8_worker_16/ils_config_5422486254846331042.prm
[INFO]:[03:37:14] CPLEX results. Gap: 43.980000, upper bound: 2053708.000000, lower bound: 1150536.615493
[INFO]:[03:37:14] CPLEX solver finished. Gap: 43.980000
[INFO]:[03:37:14] New incumbent found with objective value: 34.67
[INFO]:[03:37:14] Starting CPLEX solver on instance: /home/yorig/tuner/mpils-tests/instances/miplib/easy/lotsize.mps with config: /scratch/yorig/mpils-results-grid-ticks-10000-7may/easy/24proc-4pils/seed-3/4_lotsize_seed-3_20260510_033223/iterated_local_search/run_8_worker_16/ils_config_9440318559383506609.prm
[INFO]:[03:37:14] Starting CPLEX solver on instance: /home/yorig/tuner/mpils-tests/instances/miplib/easy/lotsize.mps with config: /scratch/yorig/mpils-results-grid-ticks-10000-7may/easy/24proc-4pils/seed-3/4_lotsize_seed-3_20260510_033223/iterated_local_search/run_8_worker_16/ils_config_9440318559383506609.prm
[INFO]:[03:37:20] CPLEX results. Gap: 34.670000, upper bound: 1775703.000000, lower bound: 1160085.267761
[INFO]:[03:37:20] CPLEX solver finished. Gap: 34.670000
[INFO]:[03:37:20] New incumbent found with objective value: 33.77
[INFO]:[03:37:20] Starting CPLEX solver on instance: /home/yorig/tuner/mpils-tests/instances/miplib/easy/lotsize.mps with config: /scratch/yorig/mpils-results-grid-ticks-10000-7may/easy/24proc-4pils/seed-3/4_lotsize_seed-3_20260510_033223/iterated_local_search/run_8_worker_16/ils_config_2359326522923202883.prm
[INFO]:[03:37:20] Starting CPLEX solver on instance: /home/yorig/tuner/mpils-tests/instances/miplib/easy/lotsize.mps with config: /scratch/yorig/mpils-results-grid-ticks-10000-7may/easy/24proc-4pils/seed-3/4_lotsize_seed-3_20260510_033223/iterated_local_search/run_8_worker_16/ils_config_2359326522923202883.prm
[INFO]:[03:37:27] CPLEX results. Gap: 51.240000, upper bound: 2271635.000000, lower bound: 1107603.677359
[INFO]:[03:37:27] CPLEX solver finished. Gap: 51.240000
[INFO]:[03:37:27] New incumbent found with objective value: 33.54
[INFO]:[03:37:27] Starting CPLEX solver on instance: /home/yorig/tuner/mpils-tests/instances/miplib/easy/lotsize.mps with config: /scratch/yorig/mpils-results-grid-ticks-10000-7may/easy/24proc-4pils/seed-3/4_lotsize_seed-3_20260510_033223/iterated_local_search/run_8_worker_16/ils_config_13849726141371936722.prm
[INFO]:[03:37:27] Starting CPLEX solver on instance: /home/yorig/tuner/mpils-tests/instances/miplib/easy/lotsize.mps with config: /scratch/yorig/mpils-results-grid-ticks-10000-7may/easy/24proc-4pils/seed-3/4_lotsize_seed-3_20260510_033223/iterated_local_search/run_8_worker_16/ils_config_13849726141371936722.prm
[INFO]:[03:37:33] CPLEX results. Gap: 33.540000, upper bound: 1770266.000000, lower bound: 1176509.937812
[INFO]:[03:37:33] CPLEX solver finished. Gap: 33.540000
[INFO]:[03:37:33] Starting CPLEX solver on instance: /home/yorig/tuner/mpils-tests/instances/miplib/easy/lotsize.mps with config: /scratch/yorig/mpils-results-grid-ticks-10000-7may/easy/24proc-4pils/seed-3/4_lotsize_seed-3_20260510_033223/iterated_local_search/run_8_worker_16/ils_config_6709958803911455073.prm
[INFO]:[03:37:33] Starting CPLEX solver on instance: /home/yorig/tuner/mpils-tests/instances/miplib/easy/lotsize.mps with config: /scratch/yorig/mpils-results-grid-ticks-10000-7may/easy/24proc-4pils/seed-3/4_lotsize_seed-3_20260510_033223/iterated_local_search/run_8_worker_16/ils_config_6709958803911455073.prm
[INFO]:[03:37:39] CPLEX results. Gap: 27.760000, upper bound: 1779522.000000, lower bound: 1285485.077586
[INFO]:[03:37:39] CPLEX solver finished. Gap: 27.760000
[INFO]:[03:37:39] New incumbent found with objective value: 27.76
[INFO]:[03:37:39] Starting CPLEX solver on instance: /home/yorig/tuner/mpils-tests/instances/miplib/easy/lotsize.mps with config: /scratch/yorig/mpils-results-grid-ticks-10000-7may/easy/24proc-4pils/seed-3/4_lotsize_seed-3_20260510_033223/iterated_local_search/run_8_worker_16/ils_config_3470588468295201554.prm
[INFO]:[03:37:39] Starting CPLEX solver on instance: /home/yorig/tuner/mpils-tests/instances/miplib/easy/lotsize.mps with config: /scratch/yorig/mpils-results-grid-ticks-10000-7may/easy/24proc-4pils/seed-3/4_lotsize_seed-3_20260510_033223/iterated_local_search/run_8_worker_16/ils_config_3470588468295201554.prm
[INFO]:[03:37:45] CPLEX results. Gap: 27.760000, upper bound: 1779522.000000, lower bound: 1285485.077586
[INFO]:[03:37:45] CPLEX solver finished. Gap: 27.760000
[INFO]:[03:37:45] New incumbent found with objective value: 27.46
[INFO]:[03:37:45] Starting CPLEX solver on instance: /home/yorig/tuner/mpils-tests/instances/miplib/easy/lotsize.mps with config: /scratch/yorig/mpils-results-grid-ticks-10000-7may/easy/24proc-4pils/seed-3/4_lotsize_seed-3_20260510_033223/iterated_local_search/run_8_worker_16/ils_config_2003792469897579397.prm
[INFO]:[03:37:45] Starting CPLEX solver on instance: /home/yorig/tuner/mpils-tests/instances/miplib/easy/lotsize.mps with config: /scratch/yorig/mpils-results-grid-ticks-10000-7may/easy/24proc-4pils/seed-3/4_lotsize_seed-3_20260510_033223/iterated_local_search/run_8_worker_16/ils_config_2003792469897579397.prm
[INFO]:[03:37:52] CPLEX results. Gap: 27.460000, upper bound: 1775703.000000, lower bound: 1288129.922158
[INFO]:[03:37:52] CPLEX solver finished. Gap: 27.460000
[INFO]:[03:37:52] Local search phase completed.
[INFO]:[03:37:52] Total number of new local-search evaluations: 32
[INFO]:[03:37:52] Final incumbent objective value: 27.46
[INFO]:[03:38:03] Worker 16 completed exploration phase.
[INFO]:[03:38:03] Worker 16 received order for step 3.
[INFO]:[03:38:03] Worker 16 finished.
