[INFO]:[05:31:02] Worker 4 starting.
[INFO]:[05:31:02] Worker 4 received order for step 1.
[INFO]:[05:31:02] Worker 4 running exploration phase for iteration 1.
[INFO]:[05:31:02] Worker 4 at iteration 1 will not use a MIP start file. Current best MIP-start upper bound threshold is 1.79769e+308.
[INFO]:[05:31:02] Starting local search phase...
[INFO]:[05:31:02] Creating local search space from parameter space file: /scratch/yorig/mpils-results-grid-ticks-10000-7may/medium-1/24proc/seed-1/6_momentum1_seed-1_20260509_053100/iterated_local_search/search_space/search_space_file_1_worker_4.txt
[INFO]:[05:31:02] Local search space loaded from file: /scratch/yorig/mpils-results-grid-ticks-10000-7may/medium-1/24proc/seed-1/6_momentum1_seed-1_20260509_053100/iterated_local_search/search_space/search_space_file_1_worker_4.txt
[INFO]:[05:31:02] Number of parameters in local search space: 71
[INFO]:[05:31:02] Number of forbidden tuples in local search space: 0
[INFO]:[05:31:02] Number of conditionals in local search space: 6
[INFO]:[05:31:02] MIP start option not enabled. Local search will proceed without MIP start.
[INFO]:[05:31:02] Evaluating initial configuration for local search phase...
[INFO]:[05:31:02] Starting CPLEX solver on instance: /home/yorig/tuner/mpils-tests/instances/miplib/medium-1/momentum1.mps with config: /scratch/yorig/mpils-results-grid-ticks-10000-7may/medium-1/24proc/seed-1/6_momentum1_seed-1_20260509_053100/iterated_local_search/run_1_worker_4/ils_config_4646249020595888442.prm
[INFO]:[05:31:02] Starting CPLEX solver on instance: /home/yorig/tuner/mpils-tests/instances/miplib/medium-1/momentum1.mps with config: /scratch/yorig/mpils-results-grid-ticks-10000-7may/medium-1/24proc/seed-1/6_momentum1_seed-1_20260509_053100/iterated_local_search/run_1_worker_4/ils_config_4646249020595888442.prm
[INFO]:[05:31:08] CPLEX results. Gap: 68.080000, upper bound: 301723.753373, lower bound: 96310.654687
[INFO]:[05:31:08] CPLEX solver finished. Gap: 68.080000
[INFO]:[05:31:08] Initial configuration evaluated with objective value: 68.08
[INFO]:[05:31:08] Starting CPLEX solver on instance: /home/yorig/tuner/mpils-tests/instances/miplib/medium-1/momentum1.mps with config: /scratch/yorig/mpils-results-grid-ticks-10000-7may/medium-1/24proc/seed-1/6_momentum1_seed-1_20260509_053100/iterated_local_search/run_1_worker_4/ils_config_4598238589271301244.prm
[INFO]:[05:31:08] Starting CPLEX solver on instance: /home/yorig/tuner/mpils-tests/instances/miplib/medium-1/momentum1.mps with config: /scratch/yorig/mpils-results-grid-ticks-10000-7may/medium-1/24proc/seed-1/6_momentum1_seed-1_20260509_053100/iterated_local_search/run_1_worker_4/ils_config_4598238589271301244.prm
[INFO]:[05:31:14] CPLEX results. Gap: 70.000000, upper bound: 320968.753831, lower bound: 96280.864849
[INFO]:[05:31:14] CPLEX solver finished. Gap: 70.000000
[INFO]:[05:31:14] Starting CPLEX solver on instance: /home/yorig/tuner/mpils-tests/instances/miplib/medium-1/momentum1.mps with config: /scratch/yorig/mpils-results-grid-ticks-10000-7may/medium-1/24proc/seed-1/6_momentum1_seed-1_20260509_053100/iterated_local_search/run_1_worker_4/ils_config_9014085691120480209.prm
[INFO]:[05:31:14] Starting CPLEX solver on instance: /home/yorig/tuner/mpils-tests/instances/miplib/medium-1/momentum1.mps with config: /scratch/yorig/mpils-results-grid-ticks-10000-7may/medium-1/24proc/seed-1/6_momentum1_seed-1_20260509_053100/iterated_local_search/run_1_worker_4/ils_config_9014085691120480209.prm
[INFO]:[05:31:21] CPLEX results. Gap: 68.750000, upper bound: 308156.489120, lower bound: 96300.127738
[INFO]:[05:31:21] CPLEX solver finished. Gap: 68.750000
[INFO]:[05:31:21] Starting CPLEX solver on instance: /home/yorig/tuner/mpils-tests/instances/miplib/medium-1/momentum1.mps with config: /scratch/yorig/mpils-results-grid-ticks-10000-7may/medium-1/24proc/seed-1/6_momentum1_seed-1_20260509_053100/iterated_local_search/run_1_worker_4/ils_config_1891546483236032261.prm
[INFO]:[05:31:21] Starting CPLEX solver on instance: /home/yorig/tuner/mpils-tests/instances/miplib/medium-1/momentum1.mps with config: /scratch/yorig/mpils-results-grid-ticks-10000-7may/medium-1/24proc/seed-1/6_momentum1_seed-1_20260509_053100/iterated_local_search/run_1_worker_4/ils_config_1891546483236032261.prm
[INFO]:[05:31:27] CPLEX results. Gap: 68.080000, upper bound: 301694.763341, lower bound: 96304.964787
[INFO]:[05:31:27] CPLEX solver finished. Gap: 68.080000
[INFO]:[05:31:27] Starting CPLEX solver on instance: /home/yorig/tuner/mpils-tests/instances/miplib/medium-1/momentum1.mps with config: /scratch/yorig/mpils-results-grid-ticks-10000-7may/medium-1/24proc/seed-1/6_momentum1_seed-1_20260509_053100/iterated_local_search/run_1_worker_4/ils_config_8912950089924505633.prm
[INFO]:[05:31:27] Starting CPLEX solver on instance: /home/yorig/tuner/mpils-tests/instances/miplib/medium-1/momentum1.mps with config: /scratch/yorig/mpils-results-grid-ticks-10000-7may/medium-1/24proc/seed-1/6_momentum1_seed-1_20260509_053100/iterated_local_search/run_1_worker_4/ils_config_8912950089924505633.prm
[INFO]:[05:31:33] CPLEX results. Gap: 68.080000, upper bound: 301723.753373, lower bound: 96310.654687
[INFO]:[05:31:33] CPLEX solver finished. Gap: 68.080000
[INFO]:[05:31:33] Starting CPLEX solver on instance: /home/yorig/tuner/mpils-tests/instances/miplib/medium-1/momentum1.mps with config: /scratch/yorig/mpils-results-grid-ticks-10000-7may/medium-1/24proc/seed-1/6_momentum1_seed-1_20260509_053100/iterated_local_search/run_1_worker_4/ils_config_2018204586815896198.prm
[INFO]:[05:31:33] Starting CPLEX solver on instance: /home/yorig/tuner/mpils-tests/instances/miplib/medium-1/momentum1.mps with config: /scratch/yorig/mpils-results-grid-ticks-10000-7may/medium-1/24proc/seed-1/6_momentum1_seed-1_20260509_053100/iterated_local_search/run_1_worker_4/ils_config_2018204586815896198.prm
[INFO]:[05:31:39] CPLEX results. Gap: 68.740000, upper bound: 308140.807124, lower bound: 96314.389295
[INFO]:[05:31:39] CPLEX solver finished. Gap: 68.740000
[INFO]:[05:31:39] Starting CPLEX solver on instance: /home/yorig/tuner/mpils-tests/instances/miplib/medium-1/momentum1.mps with config: /scratch/yorig/mpils-results-grid-ticks-10000-7may/medium-1/24proc/seed-1/6_momentum1_seed-1_20260509_053100/iterated_local_search/run_1_worker_4/ils_config_6097723546578382501.prm
[INFO]:[05:31:39] Starting CPLEX solver on instance: /home/yorig/tuner/mpils-tests/instances/miplib/medium-1/momentum1.mps with config: /scratch/yorig/mpils-results-grid-ticks-10000-7may/medium-1/24proc/seed-1/6_momentum1_seed-1_20260509_053100/iterated_local_search/run_1_worker_4/ils_config_6097723546578382501.prm
[INFO]:[05:31:45] CPLEX results. Gap: 68.080000, upper bound: 301723.753373, lower bound: 96310.654687
[INFO]:[05:31:45] CPLEX solver finished. Gap: 68.080000
[INFO]:[05:31:45] Starting CPLEX solver on instance: /home/yorig/tuner/mpils-tests/instances/miplib/medium-1/momentum1.mps with config: /scratch/yorig/mpils-results-grid-ticks-10000-7may/medium-1/24proc/seed-1/6_momentum1_seed-1_20260509_053100/iterated_local_search/run_1_worker_4/ils_config_1467289974127103924.prm
[INFO]:[05:31:45] Starting CPLEX solver on instance: /home/yorig/tuner/mpils-tests/instances/miplib/medium-1/momentum1.mps with config: /scratch/yorig/mpils-results-grid-ticks-10000-7may/medium-1/24proc/seed-1/6_momentum1_seed-1_20260509_053100/iterated_local_search/run_1_worker_4/ils_config_1467289974127103924.prm
[INFO]:[05:31:51] CPLEX results. Gap: 68.090000, upper bound: 301723.753373, lower bound: 96287.194474
[INFO]:[05:31:51] CPLEX solver finished. Gap: 68.090000
[INFO]:[05:31:51] Starting CPLEX solver on instance: /home/yorig/tuner/mpils-tests/instances/miplib/medium-1/momentum1.mps with config: /scratch/yorig/mpils-results-grid-ticks-10000-7may/medium-1/24proc/seed-1/6_momentum1_seed-1_20260509_053100/iterated_local_search/run_1_worker_4/ils_config_17659067838198581863.prm
[INFO]:[05:31:51] Starting CPLEX solver on instance: /home/yorig/tuner/mpils-tests/instances/miplib/medium-1/momentum1.mps with config: /scratch/yorig/mpils-results-grid-ticks-10000-7may/medium-1/24proc/seed-1/6_momentum1_seed-1_20260509_053100/iterated_local_search/run_1_worker_4/ils_config_17659067838198581863.prm
[INFO]:[05:31:57] CPLEX results. Gap: 68.080000, upper bound: 301723.753373, lower bound: 96310.654687
[INFO]:[05:31:57] CPLEX solver finished. Gap: 68.080000
[INFO]:[05:31:57] Starting CPLEX solver on instance: /home/yorig/tuner/mpils-tests/instances/miplib/medium-1/momentum1.mps with config: /scratch/yorig/mpils-results-grid-ticks-10000-7may/medium-1/24proc/seed-1/6_momentum1_seed-1_20260509_053100/iterated_local_search/run_1_worker_4/ils_config_5133243324169150630.prm
[INFO]:[05:31:57] Starting CPLEX solver on instance: /home/yorig/tuner/mpils-tests/instances/miplib/medium-1/momentum1.mps with config: /scratch/yorig/mpils-results-grid-ticks-10000-7may/medium-1/24proc/seed-1/6_momentum1_seed-1_20260509_053100/iterated_local_search/run_1_worker_4/ils_config_5133243324169150630.prm
[INFO]:[05:32:03] CPLEX results. Gap: 68.080000, upper bound: 301723.753373, lower bound: 96310.654687
[INFO]:[05:32:03] CPLEX solver finished. Gap: 68.080000
[INFO]:[05:32:03] Starting CPLEX solver on instance: /home/yorig/tuner/mpils-tests/instances/miplib/medium-1/momentum1.mps with config: /scratch/yorig/mpils-results-grid-ticks-10000-7may/medium-1/24proc/seed-1/6_momentum1_seed-1_20260509_053100/iterated_local_search/run_1_worker_4/ils_config_11954280886631190276.prm
[INFO]:[05:32:03] Starting CPLEX solver on instance: /home/yorig/tuner/mpils-tests/instances/miplib/medium-1/momentum1.mps with config: /scratch/yorig/mpils-results-grid-ticks-10000-7may/medium-1/24proc/seed-1/6_momentum1_seed-1_20260509_053100/iterated_local_search/run_1_worker_4/ils_config_11954280886631190276.prm
[INFO]:[05:32:09] CPLEX results. Gap: 68.090000, upper bound: 301747.038409, lower bound: 96282.354576
[INFO]:[05:32:09] CPLEX solver finished. Gap: 68.090000
[INFO]:[05:32:09] Starting CPLEX solver on instance: /home/yorig/tuner/mpils-tests/instances/miplib/medium-1/momentum1.mps with config: /scratch/yorig/mpils-results-grid-ticks-10000-7may/medium-1/24proc/seed-1/6_momentum1_seed-1_20260509_053100/iterated_local_search/run_1_worker_4/ils_config_17403405648429913974.prm
[INFO]:[05:32:09] Starting CPLEX solver on instance: /home/yorig/tuner/mpils-tests/instances/miplib/medium-1/momentum1.mps with config: /scratch/yorig/mpils-results-grid-ticks-10000-7may/medium-1/24proc/seed-1/6_momentum1_seed-1_20260509_053100/iterated_local_search/run_1_worker_4/ils_config_17403405648429913974.prm
[INFO]:[05:32:15] CPLEX results. Gap: 25.050000, upper bound: 128445.801121, lower bound: 96264.032858
[INFO]:[05:32:15] CPLEX solver finished. Gap: 25.050000
[INFO]:[05:32:15] New incumbent found with objective value: 25.05
[INFO]:[05:32:15] Starting CPLEX solver on instance: /home/yorig/tuner/mpils-tests/instances/miplib/medium-1/momentum1.mps with config: /scratch/yorig/mpils-results-grid-ticks-10000-7may/medium-1/24proc/seed-1/6_momentum1_seed-1_20260509_053100/iterated_local_search/run_1_worker_4/ils_config_9813926242283947882.prm
[INFO]:[05:32:15] Starting CPLEX solver on instance: /home/yorig/tuner/mpils-tests/instances/miplib/medium-1/momentum1.mps with config: /scratch/yorig/mpils-results-grid-ticks-10000-7may/medium-1/24proc/seed-1/6_momentum1_seed-1_20260509_053100/iterated_local_search/run_1_worker_4/ils_config_9813926242283947882.prm
[INFO]:[05:32:22] CPLEX results. Gap: 25.040000, upper bound: 128431.320984, lower bound: 96271.763114
[INFO]:[05:32:22] CPLEX solver finished. Gap: 25.040000
[INFO]:[05:32:22] New incumbent found with objective value: 25.04
[INFO]:[05:32:22] Starting CPLEX solver on instance: /home/yorig/tuner/mpils-tests/instances/miplib/medium-1/momentum1.mps with config: /scratch/yorig/mpils-results-grid-ticks-10000-7may/medium-1/24proc/seed-1/6_momentum1_seed-1_20260509_053100/iterated_local_search/run_1_worker_4/ils_config_3109390159769546110.prm
[INFO]:[05:32:22] Starting CPLEX solver on instance: /home/yorig/tuner/mpils-tests/instances/miplib/medium-1/momentum1.mps with config: /scratch/yorig/mpils-results-grid-ticks-10000-7may/medium-1/24proc/seed-1/6_momentum1_seed-1_20260509_053100/iterated_local_search/run_1_worker_4/ils_config_3109390159769546110.prm
[INFO]:[05:32:28] CPLEX results. Gap: 25.040000, upper bound: 128431.320984, lower bound: 96271.763114
[INFO]:[05:32:28] CPLEX solver finished. Gap: 25.040000
[INFO]:[05:32:28] Starting CPLEX solver on instance: /home/yorig/tuner/mpils-tests/instances/miplib/medium-1/momentum1.mps with config: /scratch/yorig/mpils-results-grid-ticks-10000-7may/medium-1/24proc/seed-1/6_momentum1_seed-1_20260509_053100/iterated_local_search/run_1_worker_4/ils_config_15619700665857496047.prm
[INFO]:[05:32:28] Starting CPLEX solver on instance: /home/yorig/tuner/mpils-tests/instances/miplib/medium-1/momentum1.mps with config: /scratch/yorig/mpils-results-grid-ticks-10000-7may/medium-1/24proc/seed-1/6_momentum1_seed-1_20260509_053100/iterated_local_search/run_1_worker_4/ils_config_15619700665857496047.prm
[INFO]:[05:32:35] CPLEX results. Gap: 21.070000, upper bound: 121994.450109, lower bound: 96289.434964
[INFO]:[05:32:35] CPLEX solver finished. Gap: 21.070000
[INFO]:[05:32:35] New incumbent found with objective value: 21.07
[INFO]:[05:32:35] Starting CPLEX solver on instance: /home/yorig/tuner/mpils-tests/instances/miplib/medium-1/momentum1.mps with config: /scratch/yorig/mpils-results-grid-ticks-10000-7may/medium-1/24proc/seed-1/6_momentum1_seed-1_20260509_053100/iterated_local_search/run_1_worker_4/ils_config_11442999140759672199.prm
[INFO]:[05:32:35] Starting CPLEX solver on instance: /home/yorig/tuner/mpils-tests/instances/miplib/medium-1/momentum1.mps with config: /scratch/yorig/mpils-results-grid-ticks-10000-7may/medium-1/24proc/seed-1/6_momentum1_seed-1_20260509_053100/iterated_local_search/run_1_worker_4/ils_config_11442999140759672199.prm
[INFO]:[05:32:41] CPLEX results. Gap: 11.800000, upper bound: 109185.899972, lower bound: 96297.595491
[INFO]:[05:32:41] CPLEX solver finished. Gap: 11.800000
[INFO]:[05:32:41] New incumbent found with objective value: 11.8
[INFO]:[05:32:41] Starting CPLEX solver on instance: /home/yorig/tuner/mpils-tests/instances/miplib/medium-1/momentum1.mps with config: /scratch/yorig/mpils-results-grid-ticks-10000-7may/medium-1/24proc/seed-1/6_momentum1_seed-1_20260509_053100/iterated_local_search/run_1_worker_4/ils_config_15904390030343485203.prm
[INFO]:[05:32:41] Starting CPLEX solver on instance: /home/yorig/tuner/mpils-tests/instances/miplib/medium-1/momentum1.mps with config: /scratch/yorig/mpils-results-grid-ticks-10000-7may/medium-1/24proc/seed-1/6_momentum1_seed-1_20260509_053100/iterated_local_search/run_1_worker_4/ils_config_15904390030343485203.prm
[INFO]:[05:32:48] CPLEX results. Gap: 25.010000, upper bound: 128392.133665, lower bound: 96285.325442
[INFO]:[05:32:48] CPLEX solver finished. Gap: 25.010000
[INFO]:[05:32:48] Starting CPLEX solver on instance: /home/yorig/tuner/mpils-tests/instances/miplib/medium-1/momentum1.mps with config: /scratch/yorig/mpils-results-grid-ticks-10000-7may/medium-1/24proc/seed-1/6_momentum1_seed-1_20260509_053100/iterated_local_search/run_1_worker_4/ils_config_8310290473780955938.prm
[INFO]:[05:32:48] Starting CPLEX solver on instance: /home/yorig/tuner/mpils-tests/instances/miplib/medium-1/momentum1.mps with config: /scratch/yorig/mpils-results-grid-ticks-10000-7may/medium-1/24proc/seed-1/6_momentum1_seed-1_20260509_053100/iterated_local_search/run_1_worker_4/ils_config_8310290473780955938.prm
[INFO]:[05:32:54] CPLEX results. Gap: 11.800000, upper bound: 109185.899972, lower bound: 96297.595491
[INFO]:[05:32:54] CPLEX solver finished. Gap: 11.800000
[INFO]:[05:32:54] Starting CPLEX solver on instance: /home/yorig/tuner/mpils-tests/instances/miplib/medium-1/momentum1.mps with config: /scratch/yorig/mpils-results-grid-ticks-10000-7may/medium-1/24proc/seed-1/6_momentum1_seed-1_20260509_053100/iterated_local_search/run_1_worker_4/ils_config_17828528723228983504.prm
[INFO]:[05:32:54] Starting CPLEX solver on instance: /home/yorig/tuner/mpils-tests/instances/miplib/medium-1/momentum1.mps with config: /scratch/yorig/mpils-results-grid-ticks-10000-7may/medium-1/24proc/seed-1/6_momentum1_seed-1_20260509_053100/iterated_local_search/run_1_worker_4/ils_config_17828528723228983504.prm
[INFO]:[05:33:01] CPLEX results. Gap: 25.010000, upper bound: 128392.133665, lower bound: 96285.304838
[INFO]:[05:33:01] CPLEX solver finished. Gap: 25.010000
[INFO]:[05:33:01] Starting CPLEX solver on instance: /home/yorig/tuner/mpils-tests/instances/miplib/medium-1/momentum1.mps with config: /scratch/yorig/mpils-results-grid-ticks-10000-7may/medium-1/24proc/seed-1/6_momentum1_seed-1_20260509_053100/iterated_local_search/run_1_worker_4/ils_config_18022311097827909699.prm
[INFO]:[05:33:01] Starting CPLEX solver on instance: /home/yorig/tuner/mpils-tests/instances/miplib/medium-1/momentum1.mps with config: /scratch/yorig/mpils-results-grid-ticks-10000-7may/medium-1/24proc/seed-1/6_momentum1_seed-1_20260509_053100/iterated_local_search/run_1_worker_4/ils_config_18022311097827909699.prm
[INFO]:[05:33:07] CPLEX results. Gap: 18.540000, upper bound: 115594.752771, lower bound: 94166.835436
[INFO]:[05:33:07] CPLEX solver finished. Gap: 18.540000
[INFO]:[05:33:07] Local search phase completed.
[INFO]:[05:33:07] Total number of new local-search evaluations: 20
[INFO]:[05:33:07] Final incumbent objective value: 11.8
[INFO]:[05:33:14] Worker 4 completed exploration phase.
[INFO]:[05:33:15] Worker 4 received order for step 2.
[INFO]:[05:33:15] Worker 4 running expansion phase for iteration 1.
[INFO]:[05:33:15] Worker 4 will use solver log file: /scratch/yorig/mpils-results-grid-ticks-10000-7may/medium-1/24proc/seed-1/6_momentum1_seed-1_20260509_053100/solver/cplex.log_iteration_expansion_1_worker_4
[INFO]:[05:33:15] Expansion Worker 4 starting expansion for iteration 1.
[INFO]:[05:33:15] Starting CPLEX solver on instance: /home/yorig/tuner/mpils-tests/instances/miplib/medium-1/momentum1.mps with config: /scratch/yorig/mpils-results-grid-ticks-10000-7may/medium-1/24proc/seed-1/6_momentum1_seed-1_20260509_053100/expansion/config_param_CPXPARAM_MIP_Cuts_Covers_-1_iter_1.prm
[INFO]:[05:33:21] CPLEX results. Gap: 11.800000, upper bound: 109185.899972, lower bound: 96297.595491
[INFO]:[05:33:21] CPLEX solver finished. Gap: 11.800000
[INFO]:[05:33:22] Starting CPLEX solver on instance: /home/yorig/tuner/mpils-tests/instances/miplib/medium-1/momentum1.mps with config: /scratch/yorig/mpils-results-grid-ticks-10000-7may/medium-1/24proc/seed-1/6_momentum1_seed-1_20260509_053100/expansion/config_param_CPXPARAM_MIP_Limits_ProbeTime_60_iter_1.prm
[INFO]:[05:33:28] CPLEX results. Gap: 44.440000, upper bound: 173293.054755, lower bound: 96286.455982
[INFO]:[05:33:28] CPLEX solver finished. Gap: 44.440000
[INFO]:[05:33:28] Starting CPLEX solver on instance: /home/yorig/tuner/mpils-tests/instances/miplib/medium-1/momentum1.mps with config: /scratch/yorig/mpils-results-grid-ticks-10000-7may/medium-1/24proc/seed-1/6_momentum1_seed-1_20260509_053100/expansion/config_param_CPXPARAM_MIP_Limits_CutsFactor_8_iter_1.prm
[INFO]:[05:33:34] CPLEX results. Gap: 11.800000, upper bound: 109185.899972, lower bound: 96297.595491
[INFO]:[05:33:34] CPLEX solver finished. Gap: 11.800000
[INFO]:[05:33:35] Expansion Worker 4 completed expansion.
[INFO]:[05:33:35] Worker 4 completed expansion phase.
[INFO]:[05:33:35] Worker 4 received order for step 1.
[INFO]:[05:33:35] Worker 4 running exploration phase for iteration 2.
[INFO]:[05:33:35] Worker 4 at iteration 2 will not use a MIP start file. Current best MIP-start upper bound threshold is 1.79769e+308.
[INFO]:[05:33:35] Starting local search phase...
[INFO]:[05:33:35] Creating local search space from parameter space file: /scratch/yorig/mpils-results-grid-ticks-10000-7may/medium-1/24proc/seed-1/6_momentum1_seed-1_20260509_053100/iterated_local_search/search_space/search_space_file_2_worker_4.txt
[INFO]:[05:33:35] Local search space loaded from file: /scratch/yorig/mpils-results-grid-ticks-10000-7may/medium-1/24proc/seed-1/6_momentum1_seed-1_20260509_053100/iterated_local_search/search_space/search_space_file_2_worker_4.txt
[INFO]:[05:33:35] Number of parameters in local search space: 71
[INFO]:[05:33:35] Number of forbidden tuples in local search space: 28
[INFO]:[05:33:35] Number of conditionals in local search space: 6
[INFO]:[05:33:35] MIP start option not enabled. Local search will proceed without MIP start.
[INFO]:[05:33:35] Evaluating initial configuration for local search phase...
[INFO]:[05:33:35] Starting CPLEX solver on instance: /home/yorig/tuner/mpils-tests/instances/miplib/medium-1/momentum1.mps with config: /scratch/yorig/mpils-results-grid-ticks-10000-7may/medium-1/24proc/seed-1/6_momentum1_seed-1_20260509_053100/iterated_local_search/run_2_worker_4/ils_config_5026471546780142402.prm
[INFO]:[05:33:35] Starting CPLEX solver on instance: /home/yorig/tuner/mpils-tests/instances/miplib/medium-1/momentum1.mps with config: /scratch/yorig/mpils-results-grid-ticks-10000-7may/medium-1/24proc/seed-1/6_momentum1_seed-1_20260509_053100/iterated_local_search/run_2_worker_4/ils_config_5026471546780142402.prm
[INFO]:[05:33:42] CPLEX results. Gap: 65.910000, upper bound: 282462.638172, lower bound: 96284.790982
[INFO]:[05:33:42] CPLEX solver finished. Gap: 65.910000
[INFO]:[05:33:42] Initial configuration evaluated with objective value: 65.91
[INFO]:[05:33:42] Starting CPLEX solver on instance: /home/yorig/tuner/mpils-tests/instances/miplib/medium-1/momentum1.mps with config: /scratch/yorig/mpils-results-grid-ticks-10000-7may/medium-1/24proc/seed-1/6_momentum1_seed-1_20260509_053100/iterated_local_search/run_2_worker_4/ils_config_17340528909954375738.prm
[INFO]:[05:33:42] Starting CPLEX solver on instance: /home/yorig/tuner/mpils-tests/instances/miplib/medium-1/momentum1.mps with config: /scratch/yorig/mpils-results-grid-ticks-10000-7may/medium-1/24proc/seed-1/6_momentum1_seed-1_20260509_053100/iterated_local_search/run_2_worker_4/ils_config_17340528909954375738.prm
[INFO]:[05:33:49] CPLEX results. Gap: 65.910000, upper bound: 282462.638172, lower bound: 96285.453165
[INFO]:[05:33:49] CPLEX solver finished. Gap: 65.910000
[INFO]:[05:33:49] Starting CPLEX solver on instance: /home/yorig/tuner/mpils-tests/instances/miplib/medium-1/momentum1.mps with config: /scratch/yorig/mpils-results-grid-ticks-10000-7may/medium-1/24proc/seed-1/6_momentum1_seed-1_20260509_053100/iterated_local_search/run_2_worker_4/ils_config_4705045326374583770.prm
[INFO]:[05:33:49] Starting CPLEX solver on instance: /home/yorig/tuner/mpils-tests/instances/miplib/medium-1/momentum1.mps with config: /scratch/yorig/mpils-results-grid-ticks-10000-7may/medium-1/24proc/seed-1/6_momentum1_seed-1_20260509_053100/iterated_local_search/run_2_worker_4/ils_config_4705045326374583770.prm
[INFO]:[05:33:55] CPLEX results. Gap: 65.910000, upper bound: 282462.638172, lower bound: 96284.790982
[INFO]:[05:33:55] CPLEX solver finished. Gap: 65.910000
[INFO]:[05:33:55] Starting CPLEX solver on instance: /home/yorig/tuner/mpils-tests/instances/miplib/medium-1/momentum1.mps with config: /scratch/yorig/mpils-results-grid-ticks-10000-7may/medium-1/24proc/seed-1/6_momentum1_seed-1_20260509_053100/iterated_local_search/run_2_worker_4/ils_config_4786190225707825076.prm
[INFO]:[05:33:55] Starting CPLEX solver on instance: /home/yorig/tuner/mpils-tests/instances/miplib/medium-1/momentum1.mps with config: /scratch/yorig/mpils-results-grid-ticks-10000-7may/medium-1/24proc/seed-1/6_momentum1_seed-1_20260509_053100/iterated_local_search/run_2_worker_4/ils_config_4786190225707825076.prm
[INFO]:[05:34:02] CPLEX results. Gap: 69.390000, upper bound: 314531.500302, lower bound: 96284.136900
[INFO]:[05:34:02] CPLEX solver finished. Gap: 69.390000
[INFO]:[05:34:02] Starting CPLEX solver on instance: /home/yorig/tuner/mpils-tests/instances/miplib/medium-1/momentum1.mps with config: /scratch/yorig/mpils-results-grid-ticks-10000-7may/medium-1/24proc/seed-1/6_momentum1_seed-1_20260509_053100/iterated_local_search/run_2_worker_4/ils_config_1515772334223615611.prm
[INFO]:[05:34:02] Starting CPLEX solver on instance: /home/yorig/tuner/mpils-tests/instances/miplib/medium-1/momentum1.mps with config: /scratch/yorig/mpils-results-grid-ticks-10000-7may/medium-1/24proc/seed-1/6_momentum1_seed-1_20260509_053100/iterated_local_search/run_2_worker_4/ils_config_1515772334223615611.prm
[INFO]:[05:34:08] CPLEX results. Gap: 58.340000, upper bound: 231117.715275, lower bound: 96277.708547
[INFO]:[05:34:08] CPLEX solver finished. Gap: 58.340000
[INFO]:[05:34:08] New incumbent found with objective value: 58.34
[INFO]:[05:34:08] Starting CPLEX solver on instance: /home/yorig/tuner/mpils-tests/instances/miplib/medium-1/momentum1.mps with config: /scratch/yorig/mpils-results-grid-ticks-10000-7may/medium-1/24proc/seed-1/6_momentum1_seed-1_20260509_053100/iterated_local_search/run_2_worker_4/ils_config_7269035367532820000.prm
[INFO]:[05:34:08] Starting CPLEX solver on instance: /home/yorig/tuner/mpils-tests/instances/miplib/medium-1/momentum1.mps with config: /scratch/yorig/mpils-results-grid-ticks-10000-7may/medium-1/24proc/seed-1/6_momentum1_seed-1_20260509_053100/iterated_local_search/run_2_worker_4/ils_config_7269035367532820000.prm
[INFO]:[05:34:15] CPLEX results. Gap: 64.300000, upper bound: 269692.100312, lower bound: 96269.741862
[INFO]:[05:34:15] CPLEX solver finished. Gap: 64.300000
[INFO]:[05:34:15] Local search phase completed.
[INFO]:[05:34:15] Total number of new local-search evaluations: 6
[INFO]:[05:34:15] Final incumbent objective value: 58.34
[INFO]:[05:34:15] Worker 4 completed exploration phase.
[INFO]:[05:34:15] Worker 4 received order for step 2.
[INFO]:[05:34:15] Worker 4 running expansion phase for iteration 2.
[INFO]:[05:34:15] Worker 4 will use solver log file: /scratch/yorig/mpils-results-grid-ticks-10000-7may/medium-1/24proc/seed-1/6_momentum1_seed-1_20260509_053100/solver/cplex.log_iteration_expansion_2_worker_4
[INFO]:[05:34:15] Expansion Worker 4 starting expansion for iteration 2.
[INFO]:[05:34:15] Starting CPLEX solver on instance: /home/yorig/tuner/mpils-tests/instances/miplib/medium-1/momentum1.mps with config: /scratch/yorig/mpils-results-grid-ticks-10000-7may/medium-1/24proc/seed-1/6_momentum1_seed-1_20260509_053100/expansion/config_param_CPXPARAM_MIP_Strategy_Order_0_iter_2.prm
[INFO]:[05:34:21] CPLEX results. Gap: 11.800000, upper bound: 109185.899972, lower bound: 96297.595491
[INFO]:[05:34:21] CPLEX solver finished. Gap: 11.800000
[INFO]:[05:34:25] Starting CPLEX solver on instance: /home/yorig/tuner/mpils-tests/instances/miplib/medium-1/momentum1.mps with config: /scratch/yorig/mpils-results-grid-ticks-10000-7may/medium-1/24proc/seed-1/6_momentum1_seed-1_20260509_053100/expansion/config_param_CPXPARAM_MIP_Strategy_SubAlgorithm_2_iter_2.prm
[INFO]:[05:34:31] CPLEX results. Gap: 11.800000, upper bound: 109185.899972, lower bound: 96297.595491
[INFO]:[05:34:31] CPLEX solver finished. Gap: 11.800000
[INFO]:[05:34:33] Expansion Worker 4 completed expansion.
[INFO]:[05:34:33] Worker 4 completed expansion phase.
[INFO]:[05:34:33] Worker 4 received order for step 1.
[INFO]:[05:34:33] Worker 4 running exploration phase for iteration 3.
[INFO]:[05:34:33] Worker 4 at iteration 3 will not use a MIP start file. Current best MIP-start upper bound threshold is 1.79769e+308.
[INFO]:[05:34:33] Starting local search phase...
[INFO]:[05:34:33] Creating local search space from parameter space file: /scratch/yorig/mpils-results-grid-ticks-10000-7may/medium-1/24proc/seed-1/6_momentum1_seed-1_20260509_053100/iterated_local_search/search_space/search_space_file_3_worker_4.txt
[INFO]:[05:34:33] Local search space loaded from file: /scratch/yorig/mpils-results-grid-ticks-10000-7may/medium-1/24proc/seed-1/6_momentum1_seed-1_20260509_053100/iterated_local_search/search_space/search_space_file_3_worker_4.txt
[INFO]:[05:34:33] Number of parameters in local search space: 71
[INFO]:[05:34:33] Number of forbidden tuples in local search space: 29
[INFO]:[05:34:33] Number of conditionals in local search space: 6
[INFO]:[05:34:33] MIP start option not enabled. Local search will proceed without MIP start.
[INFO]:[05:34:33] Evaluating initial configuration for local search phase...
[INFO]:[05:34:33] Starting CPLEX solver on instance: /home/yorig/tuner/mpils-tests/instances/miplib/medium-1/momentum1.mps with config: /scratch/yorig/mpils-results-grid-ticks-10000-7may/medium-1/24proc/seed-1/6_momentum1_seed-1_20260509_053100/iterated_local_search/run_3_worker_4/ils_config_4195057981777132296.prm
[INFO]:[05:34:33] Starting CPLEX solver on instance: /home/yorig/tuner/mpils-tests/instances/miplib/medium-1/momentum1.mps with config: /scratch/yorig/mpils-results-grid-ticks-10000-7may/medium-1/24proc/seed-1/6_momentum1_seed-1_20260509_053100/iterated_local_search/run_3_worker_4/ils_config_4195057981777132296.prm
[INFO]:[05:34:40] CPLEX results. Gap: 70.590000, upper bound: 327340.896852, lower bound: 96263.806682
[INFO]:[05:34:40] CPLEX solver finished. Gap: 70.590000
[INFO]:[05:34:40] Initial configuration evaluated with objective value: 70.59
[INFO]:[05:34:40] Starting CPLEX solver on instance: /home/yorig/tuner/mpils-tests/instances/miplib/medium-1/momentum1.mps with config: /scratch/yorig/mpils-results-grid-ticks-10000-7may/medium-1/24proc/seed-1/6_momentum1_seed-1_20260509_053100/iterated_local_search/run_3_worker_4/ils_config_15271640391744434709.prm
[INFO]:[05:34:40] Starting CPLEX solver on instance: /home/yorig/tuner/mpils-tests/instances/miplib/medium-1/momentum1.mps with config: /scratch/yorig/mpils-results-grid-ticks-10000-7may/medium-1/24proc/seed-1/6_momentum1_seed-1_20260509_053100/iterated_local_search/run_3_worker_4/ils_config_15271640391744434709.prm
[INFO]:[05:34:46] CPLEX results. Gap: 70.590000, upper bound: 327340.896852, lower bound: 96263.806682
[INFO]:[05:34:46] CPLEX solver finished. Gap: 70.590000
[INFO]:[05:34:46] Starting CPLEX solver on instance: /home/yorig/tuner/mpils-tests/instances/miplib/medium-1/momentum1.mps with config: /scratch/yorig/mpils-results-grid-ticks-10000-7may/medium-1/24proc/seed-1/6_momentum1_seed-1_20260509_053100/iterated_local_search/run_3_worker_4/ils_config_11704194798358754321.prm
[INFO]:[05:34:46] Starting CPLEX solver on instance: /home/yorig/tuner/mpils-tests/instances/miplib/medium-1/momentum1.mps with config: /scratch/yorig/mpils-results-grid-ticks-10000-7may/medium-1/24proc/seed-1/6_momentum1_seed-1_20260509_053100/iterated_local_search/run_3_worker_4/ils_config_11704194798358754321.prm
[INFO]:[05:34:53] CPLEX results. Gap: 70.010000, upper bound: 320979.471595, lower bound: 96265.421284
[INFO]:[05:34:53] CPLEX solver finished. Gap: 70.010000
[INFO]:[05:34:53] New incumbent found with objective value: 70.01
[INFO]:[05:34:53] Starting CPLEX solver on instance: /home/yorig/tuner/mpils-tests/instances/miplib/medium-1/momentum1.mps with config: /scratch/yorig/mpils-results-grid-ticks-10000-7may/medium-1/24proc/seed-1/6_momentum1_seed-1_20260509_053100/iterated_local_search/run_3_worker_4/ils_config_13483791666772135668.prm
[INFO]:[05:34:53] Starting CPLEX solver on instance: /home/yorig/tuner/mpils-tests/instances/miplib/medium-1/momentum1.mps with config: /scratch/yorig/mpils-results-grid-ticks-10000-7may/medium-1/24proc/seed-1/6_momentum1_seed-1_20260509_053100/iterated_local_search/run_3_worker_4/ils_config_13483791666772135668.prm
[INFO]:[05:35:00] CPLEX results. Gap: 70.010000, upper bound: 320979.471595, lower bound: 96265.421284
[INFO]:[05:35:00] CPLEX solver finished. Gap: 70.010000
[INFO]:[05:35:00] Starting CPLEX solver on instance: /home/yorig/tuner/mpils-tests/instances/miplib/medium-1/momentum1.mps with config: /scratch/yorig/mpils-results-grid-ticks-10000-7may/medium-1/24proc/seed-1/6_momentum1_seed-1_20260509_053100/iterated_local_search/run_3_worker_4/ils_config_7481358919351805907.prm
[INFO]:[05:35:00] Starting CPLEX solver on instance: /home/yorig/tuner/mpils-tests/instances/miplib/medium-1/momentum1.mps with config: /scratch/yorig/mpils-results-grid-ticks-10000-7may/medium-1/24proc/seed-1/6_momentum1_seed-1_20260509_053100/iterated_local_search/run_3_worker_4/ils_config_7481358919351805907.prm
[INFO]:[05:35:06] CPLEX results. Gap: 70.010000, upper bound: 320979.471595, lower bound: 96265.421284
[INFO]:[05:35:06] CPLEX solver finished. Gap: 70.010000
[INFO]:[05:35:06] Local search phase completed.
[INFO]:[05:35:06] Total number of new local-search evaluations: 5
[INFO]:[05:35:06] Final incumbent objective value: 70.01
[INFO]:[05:35:08] Worker 4 completed exploration phase.
[INFO]:[05:35:08] Worker 4 received order for step 2.
[INFO]:[05:35:08] Worker 4 running expansion phase for iteration 3.
[INFO]:[05:35:08] Worker 4 will use solver log file: /scratch/yorig/mpils-results-grid-ticks-10000-7may/medium-1/24proc/seed-1/6_momentum1_seed-1_20260509_053100/solver/cplex.log_iteration_expansion_3_worker_4
[INFO]:[05:35:08] Expansion Worker 4 starting expansion for iteration 3.
[INFO]:[05:35:08] Starting CPLEX solver on instance: /home/yorig/tuner/mpils-tests/instances/miplib/medium-1/momentum1.mps with config: /scratch/yorig/mpils-results-grid-ticks-10000-7may/medium-1/24proc/seed-1/6_momentum1_seed-1_20260509_053100/expansion/config_param_CPXPARAM_Simplex_PGradient_4_iter_3.prm
[INFO]:[05:35:14] CPLEX results. Gap: 11.800000, upper bound: 109185.899972, lower bound: 96297.595491
[INFO]:[05:35:14] CPLEX solver finished. Gap: 11.800000
[INFO]:[05:35:14] Starting CPLEX solver on instance: /home/yorig/tuner/mpils-tests/instances/miplib/medium-1/momentum1.mps with config: /scratch/yorig/mpils-results-grid-ticks-10000-7may/medium-1/24proc/seed-1/6_momentum1_seed-1_20260509_053100/expansion/config_param_CPXPARAM_Preprocessing_CoeffReduce_2_iter_3.prm
[INFO]:[05:35:20] CPLEX results. Gap: 11.800000, upper bound: 109185.899972, lower bound: 96297.595491
[INFO]:[05:35:20] CPLEX solver finished. Gap: 11.800000
[INFO]:[05:35:21] Expansion Worker 4 completed expansion.
[INFO]:[05:35:21] Worker 4 completed expansion phase.
[INFO]:[05:35:21] Worker 4 received order for step 1.
[INFO]:[05:35:21] Worker 4 running exploration phase for iteration 4.
[INFO]:[05:35:21] Worker 4 at iteration 4 will not use a MIP start file. Current best MIP-start upper bound threshold is 1.79769e+308.
[INFO]:[05:35:21] Starting local search phase...
[INFO]:[05:35:21] Creating local search space from parameter space file: /scratch/yorig/mpils-results-grid-ticks-10000-7may/medium-1/24proc/seed-1/6_momentum1_seed-1_20260509_053100/iterated_local_search/search_space/search_space_file_4_worker_4.txt
[INFO]:[05:35:21] Local search space loaded from file: /scratch/yorig/mpils-results-grid-ticks-10000-7may/medium-1/24proc/seed-1/6_momentum1_seed-1_20260509_053100/iterated_local_search/search_space/search_space_file_4_worker_4.txt
[INFO]:[05:35:21] Number of parameters in local search space: 71
[INFO]:[05:35:21] Number of forbidden tuples in local search space: 29
[INFO]:[05:35:21] Number of conditionals in local search space: 6
[INFO]:[05:35:21] MIP start option not enabled. Local search will proceed without MIP start.
[INFO]:[05:35:21] Evaluating initial configuration for local search phase...
[INFO]:[05:35:21] Starting CPLEX solver on instance: /home/yorig/tuner/mpils-tests/instances/miplib/medium-1/momentum1.mps with config: /scratch/yorig/mpils-results-grid-ticks-10000-7may/medium-1/24proc/seed-1/6_momentum1_seed-1_20260509_053100/iterated_local_search/run_4_worker_4/ils_config_16651309645196116321.prm
[INFO]:[05:35:21] Starting CPLEX solver on instance: /home/yorig/tuner/mpils-tests/instances/miplib/medium-1/momentum1.mps with config: /scratch/yorig/mpils-results-grid-ticks-10000-7may/medium-1/24proc/seed-1/6_momentum1_seed-1_20260509_053100/iterated_local_search/run_4_worker_4/ils_config_16651309645196116321.prm
[INFO]:[05:35:27] CPLEX results. Gap: 57.150000, upper bound: 224688.231788, lower bound: 96289.260174
[INFO]:[05:35:27] CPLEX solver finished. Gap: 57.150000
[INFO]:[05:35:27] Initial configuration evaluated with objective value: 57.15
[INFO]:[05:35:27] Starting CPLEX solver on instance: /home/yorig/tuner/mpils-tests/instances/miplib/medium-1/momentum1.mps with config: /scratch/yorig/mpils-results-grid-ticks-10000-7may/medium-1/24proc/seed-1/6_momentum1_seed-1_20260509_053100/iterated_local_search/run_4_worker_4/ils_config_11189372126459035733.prm
[INFO]:[05:35:27] Starting CPLEX solver on instance: /home/yorig/tuner/mpils-tests/instances/miplib/medium-1/momentum1.mps with config: /scratch/yorig/mpils-results-grid-ticks-10000-7may/medium-1/24proc/seed-1/6_momentum1_seed-1_20260509_053100/iterated_local_search/run_4_worker_4/ils_config_11189372126459035733.prm
[INFO]:[05:35:34] CPLEX results. Gap: 57.150000, upper bound: 224688.231788, lower bound: 96289.260174
[INFO]:[05:35:34] CPLEX solver finished. Gap: 57.150000
[INFO]:[05:35:34] Starting CPLEX solver on instance: /home/yorig/tuner/mpils-tests/instances/miplib/medium-1/momentum1.mps with config: /scratch/yorig/mpils-results-grid-ticks-10000-7may/medium-1/24proc/seed-1/6_momentum1_seed-1_20260509_053100/iterated_local_search/run_4_worker_4/ils_config_8358282665601840470.prm
[INFO]:[05:35:34] Starting CPLEX solver on instance: /home/yorig/tuner/mpils-tests/instances/miplib/medium-1/momentum1.mps with config: /scratch/yorig/mpils-results-grid-ticks-10000-7may/medium-1/24proc/seed-1/6_momentum1_seed-1_20260509_053100/iterated_local_search/run_4_worker_4/ils_config_8358282665601840470.prm
[INFO]:[05:35:40] CPLEX results. Gap: 57.150000, upper bound: 224688.231788, lower bound: 96289.260174
[INFO]:[05:35:40] CPLEX solver finished. Gap: 57.150000
[INFO]:[05:35:40] Starting CPLEX solver on instance: /home/yorig/tuner/mpils-tests/instances/miplib/medium-1/momentum1.mps with config: /scratch/yorig/mpils-results-grid-ticks-10000-7may/medium-1/24proc/seed-1/6_momentum1_seed-1_20260509_053100/iterated_local_search/run_4_worker_4/ils_config_1573230686089843296.prm
[INFO]:[05:35:40] Starting CPLEX solver on instance: /home/yorig/tuner/mpils-tests/instances/miplib/medium-1/momentum1.mps with config: /scratch/yorig/mpils-results-grid-ticks-10000-7may/medium-1/24proc/seed-1/6_momentum1_seed-1_20260509_053100/iterated_local_search/run_4_worker_4/ils_config_1573230686089843296.prm
[INFO]:[05:35:46] CPLEX results. Gap: 57.150000, upper bound: 224688.231788, lower bound: 96289.260174
[INFO]:[05:35:46] CPLEX solver finished. Gap: 57.150000
[INFO]:[05:35:46] Starting CPLEX solver on instance: /home/yorig/tuner/mpils-tests/instances/miplib/medium-1/momentum1.mps with config: /scratch/yorig/mpils-results-grid-ticks-10000-7may/medium-1/24proc/seed-1/6_momentum1_seed-1_20260509_053100/iterated_local_search/run_4_worker_4/ils_config_6792895177560102366.prm
[INFO]:[05:35:46] Starting CPLEX solver on instance: /home/yorig/tuner/mpils-tests/instances/miplib/medium-1/momentum1.mps with config: /scratch/yorig/mpils-results-grid-ticks-10000-7may/medium-1/24proc/seed-1/6_momentum1_seed-1_20260509_053100/iterated_local_search/run_4_worker_4/ils_config_6792895177560102366.prm
[INFO]:[05:35:53] CPLEX results. Gap: 44.460000, upper bound: 173348.529458, lower bound: 96276.388283
[INFO]:[05:35:53] CPLEX solver finished. Gap: 44.460000
[INFO]:[05:35:53] New incumbent found with objective value: 44.46
[INFO]:[05:35:53] Starting CPLEX solver on instance: /home/yorig/tuner/mpils-tests/instances/miplib/medium-1/momentum1.mps with config: /scratch/yorig/mpils-results-grid-ticks-10000-7may/medium-1/24proc/seed-1/6_momentum1_seed-1_20260509_053100/iterated_local_search/run_4_worker_4/ils_config_2014132478205375382.prm
[INFO]:[05:35:53] Starting CPLEX solver on instance: /home/yorig/tuner/mpils-tests/instances/miplib/medium-1/momentum1.mps with config: /scratch/yorig/mpils-results-grid-ticks-10000-7may/medium-1/24proc/seed-1/6_momentum1_seed-1_20260509_053100/iterated_local_search/run_4_worker_4/ils_config_2014132478205375382.prm
[INFO]:[05:35:59] CPLEX results. Gap: 46.440000, upper bound: 179727.238186, lower bound: 96266.732475
[INFO]:[05:35:59] CPLEX solver finished. Gap: 46.440000
[INFO]:[05:35:59] Starting CPLEX solver on instance: /home/yorig/tuner/mpils-tests/instances/miplib/medium-1/momentum1.mps with config: /scratch/yorig/mpils-results-grid-ticks-10000-7may/medium-1/24proc/seed-1/6_momentum1_seed-1_20260509_053100/iterated_local_search/run_4_worker_4/ils_config_17041566708411413983.prm
[INFO]:[05:35:59] Starting CPLEX solver on instance: /home/yorig/tuner/mpils-tests/instances/miplib/medium-1/momentum1.mps with config: /scratch/yorig/mpils-results-grid-ticks-10000-7may/medium-1/24proc/seed-1/6_momentum1_seed-1_20260509_053100/iterated_local_search/run_4_worker_4/ils_config_17041566708411413983.prm
[INFO]:[05:36:05] CPLEX results. Gap: 70.000000, upper bound: 320913.124326, lower bound: 96288.720773
[INFO]:[05:36:05] CPLEX solver finished. Gap: 70.000000
[INFO]:[05:36:05] Local search phase completed.
[INFO]:[05:36:05] Total number of new local-search evaluations: 7
[INFO]:[05:36:05] Final incumbent objective value: 44.46
[INFO]:[05:36:11] Worker 4 completed exploration phase.
[INFO]:[05:36:11] Worker 4 received order for step 2.
[INFO]:[05:36:11] Worker 4 running expansion phase for iteration 4.
[INFO]:[05:36:11] Worker 4 will use solver log file: /scratch/yorig/mpils-results-grid-ticks-10000-7may/medium-1/24proc/seed-1/6_momentum1_seed-1_20260509_053100/solver/cplex.log_iteration_expansion_4_worker_4
[INFO]:[05:36:11] Expansion Worker 4 starting expansion for iteration 4.
[INFO]:[05:36:11] Starting CPLEX solver on instance: /home/yorig/tuner/mpils-tests/instances/miplib/medium-1/momentum1.mps with config: /scratch/yorig/mpils-results-grid-ticks-10000-7may/medium-1/24proc/seed-1/6_momentum1_seed-1_20260509_053100/expansion/config_param_CPXPARAM_Feasopt_Mode_1_iter_4.prm
[INFO]:[05:36:17] CPLEX results. Gap: 11.800000, upper bound: 109185.899972, lower bound: 96297.595491
[INFO]:[05:36:17] CPLEX solver finished. Gap: 11.800000
[INFO]:[05:36:27] Expansion Worker 4 completed expansion.
[INFO]:[05:36:27] Worker 4 completed expansion phase.
[INFO]:[05:36:28] Worker 4 received order for step 1.
[INFO]:[05:36:28] Worker 4 running exploration phase for iteration 5.
[INFO]:[05:36:28] Worker 4 at iteration 5 will not use a MIP start file. Current best MIP-start upper bound threshold is 1.79769e+308.
[INFO]:[05:36:28] Starting local search phase...
[INFO]:[05:36:28] Creating local search space from parameter space file: /scratch/yorig/mpils-results-grid-ticks-10000-7may/medium-1/24proc/seed-1/6_momentum1_seed-1_20260509_053100/iterated_local_search/search_space/search_space_file_5_worker_4.txt
[INFO]:[05:36:28] Local search space loaded from file: /scratch/yorig/mpils-results-grid-ticks-10000-7may/medium-1/24proc/seed-1/6_momentum1_seed-1_20260509_053100/iterated_local_search/search_space/search_space_file_5_worker_4.txt
[INFO]:[05:36:28] Number of parameters in local search space: 71
[INFO]:[05:36:28] Number of forbidden tuples in local search space: 29
[INFO]:[05:36:28] Number of conditionals in local search space: 6
[INFO]:[05:36:28] MIP start option not enabled. Local search will proceed without MIP start.
[INFO]:[05:36:28] Evaluating initial configuration for local search phase...
[INFO]:[05:36:28] Starting CPLEX solver on instance: /home/yorig/tuner/mpils-tests/instances/miplib/medium-1/momentum1.mps with config: /scratch/yorig/mpils-results-grid-ticks-10000-7may/medium-1/24proc/seed-1/6_momentum1_seed-1_20260509_053100/iterated_local_search/run_5_worker_4/ils_config_5729142813454282689.prm
[INFO]:[05:36:28] Starting CPLEX solver on instance: /home/yorig/tuner/mpils-tests/instances/miplib/medium-1/momentum1.mps with config: /scratch/yorig/mpils-results-grid-ticks-10000-7may/medium-1/24proc/seed-1/6_momentum1_seed-1_20260509_053100/iterated_local_search/run_5_worker_4/ils_config_5729142813454282689.prm
[INFO]:[05:36:34] CPLEX results. Gap: 71.150000, upper bound: 333793.990348, lower bound: 96288.342527
[INFO]:[05:36:34] CPLEX solver finished. Gap: 71.150000
[INFO]:[05:36:34] Initial configuration evaluated with objective value: 71.15
[INFO]:[05:36:34] Starting CPLEX solver on instance: /home/yorig/tuner/mpils-tests/instances/miplib/medium-1/momentum1.mps with config: /scratch/yorig/mpils-results-grid-ticks-10000-7may/medium-1/24proc/seed-1/6_momentum1_seed-1_20260509_053100/iterated_local_search/run_5_worker_4/ils_config_13955383399314040165.prm
[INFO]:[05:36:34] Starting CPLEX solver on instance: /home/yorig/tuner/mpils-tests/instances/miplib/medium-1/momentum1.mps with config: /scratch/yorig/mpils-results-grid-ticks-10000-7may/medium-1/24proc/seed-1/6_momentum1_seed-1_20260509_053100/iterated_local_search/run_5_worker_4/ils_config_13955383399314040165.prm
[INFO]:[05:36:41] CPLEX results. Gap: 71.150000, upper bound: 333793.990348, lower bound: 96288.342527
[INFO]:[05:36:41] CPLEX solver finished. Gap: 71.150000
[INFO]:[05:36:41] Starting CPLEX solver on instance: /home/yorig/tuner/mpils-tests/instances/miplib/medium-1/momentum1.mps with config: /scratch/yorig/mpils-results-grid-ticks-10000-7may/medium-1/24proc/seed-1/6_momentum1_seed-1_20260509_053100/iterated_local_search/run_5_worker_4/ils_config_14858538628265117176.prm
[INFO]:[05:36:41] Starting CPLEX solver on instance: /home/yorig/tuner/mpils-tests/instances/miplib/medium-1/momentum1.mps with config: /scratch/yorig/mpils-results-grid-ticks-10000-7may/medium-1/24proc/seed-1/6_momentum1_seed-1_20260509_053100/iterated_local_search/run_5_worker_4/ils_config_14858538628265117176.prm
[INFO]:[05:36:47] CPLEX results. Gap: 68.750000, upper bound: 308160.109569, lower bound: 96285.193212
[INFO]:[05:36:47] CPLEX solver finished. Gap: 68.750000
[INFO]:[05:36:47] New incumbent found with objective value: 68.75
[INFO]:[05:36:47] Starting CPLEX solver on instance: /home/yorig/tuner/mpils-tests/instances/miplib/medium-1/momentum1.mps with config: /scratch/yorig/mpils-results-grid-ticks-10000-7may/medium-1/24proc/seed-1/6_momentum1_seed-1_20260509_053100/iterated_local_search/run_5_worker_4/ils_config_15763420960013335599.prm
[INFO]:[05:36:47] Starting CPLEX solver on instance: /home/yorig/tuner/mpils-tests/instances/miplib/medium-1/momentum1.mps with config: /scratch/yorig/mpils-results-grid-ticks-10000-7may/medium-1/24proc/seed-1/6_momentum1_seed-1_20260509_053100/iterated_local_search/run_5_worker_4/ils_config_15763420960013335599.prm
[INFO]:[05:36:54] CPLEX results. Gap: 68.100000, upper bound: 301760.792282, lower bound: 96276.246524
[INFO]:[05:36:54] CPLEX solver finished. Gap: 68.100000
[INFO]:[05:36:54] New incumbent found with objective value: 68.1
[INFO]:[05:36:54] Starting CPLEX solver on instance: /home/yorig/tuner/mpils-tests/instances/miplib/medium-1/momentum1.mps with config: /scratch/yorig/mpils-results-grid-ticks-10000-7may/medium-1/24proc/seed-1/6_momentum1_seed-1_20260509_053100/iterated_local_search/run_5_worker_4/ils_config_5759546605344271675.prm
[INFO]:[05:36:54] Starting CPLEX solver on instance: /home/yorig/tuner/mpils-tests/instances/miplib/medium-1/momentum1.mps with config: /scratch/yorig/mpils-results-grid-ticks-10000-7may/medium-1/24proc/seed-1/6_momentum1_seed-1_20260509_053100/iterated_local_search/run_5_worker_4/ils_config_5759546605344271675.prm
[INFO]:[05:37:00] CPLEX results. Gap: 68.760000, upper bound: 308135.150366, lower bound: 96275.486574
[INFO]:[05:37:00] CPLEX solver finished. Gap: 68.760000
[INFO]:[05:37:00] Starting CPLEX solver on instance: /home/yorig/tuner/mpils-tests/instances/miplib/medium-1/momentum1.mps with config: /scratch/yorig/mpils-results-grid-ticks-10000-7may/medium-1/24proc/seed-1/6_momentum1_seed-1_20260509_053100/iterated_local_search/run_5_worker_4/ils_config_7910508335821224866.prm
[INFO]:[05:37:00] Starting CPLEX solver on instance: /home/yorig/tuner/mpils-tests/instances/miplib/medium-1/momentum1.mps with config: /scratch/yorig/mpils-results-grid-ticks-10000-7may/medium-1/24proc/seed-1/6_momentum1_seed-1_20260509_053100/iterated_local_search/run_5_worker_4/ils_config_7910508335821224866.prm
[INFO]:[05:37:06] CPLEX results. Gap: 69.390000, upper bound: 314559.536582, lower bound: 96275.195142
[INFO]:[05:37:06] CPLEX solver finished. Gap: 69.390000
[INFO]:[05:37:06] Starting CPLEX solver on instance: /home/yorig/tuner/mpils-tests/instances/miplib/medium-1/momentum1.mps with config: /scratch/yorig/mpils-results-grid-ticks-10000-7may/medium-1/24proc/seed-1/6_momentum1_seed-1_20260509_053100/iterated_local_search/run_5_worker_4/ils_config_15415713218409452104.prm
[INFO]:[05:37:06] Starting CPLEX solver on instance: /home/yorig/tuner/mpils-tests/instances/miplib/medium-1/momentum1.mps with config: /scratch/yorig/mpils-results-grid-ticks-10000-7may/medium-1/24proc/seed-1/6_momentum1_seed-1_20260509_053100/iterated_local_search/run_5_worker_4/ils_config_15415713218409452104.prm
[INFO]:[05:37:13] CPLEX results. Gap: 77.290000, upper bound: 423851.412229, lower bound: 96250.062245
[INFO]:[05:37:13] CPLEX solver finished. Gap: 77.290000
[INFO]:[05:37:13] Starting CPLEX solver on instance: /home/yorig/tuner/mpils-tests/instances/miplib/medium-1/momentum1.mps with config: /scratch/yorig/mpils-results-grid-ticks-10000-7may/medium-1/24proc/seed-1/6_momentum1_seed-1_20260509_053100/iterated_local_search/run_5_worker_4/ils_config_3461073266968350715.prm
[INFO]:[05:37:13] Starting CPLEX solver on instance: /home/yorig/tuner/mpils-tests/instances/miplib/medium-1/momentum1.mps with config: /scratch/yorig/mpils-results-grid-ticks-10000-7may/medium-1/24proc/seed-1/6_momentum1_seed-1_20260509_053100/iterated_local_search/run_5_worker_4/ils_config_3461073266968350715.prm
[INFO]:[05:37:20] CPLEX results. Gap: 40.000000, upper bound: 160431.944526, lower bound: 96254.805607
[INFO]:[05:37:20] CPLEX solver finished. Gap: 40.000000
[INFO]:[05:37:20] New incumbent found with objective value: 40
[INFO]:[05:37:20] Starting CPLEX solver on instance: /home/yorig/tuner/mpils-tests/instances/miplib/medium-1/momentum1.mps with config: /scratch/yorig/mpils-results-grid-ticks-10000-7may/medium-1/24proc/seed-1/6_momentum1_seed-1_20260509_053100/iterated_local_search/run_5_worker_4/ils_config_7020948572654828670.prm
[INFO]:[05:37:20] Starting CPLEX solver on instance: /home/yorig/tuner/mpils-tests/instances/miplib/medium-1/momentum1.mps with config: /scratch/yorig/mpils-results-grid-ticks-10000-7may/medium-1/24proc/seed-1/6_momentum1_seed-1_20260509_053100/iterated_local_search/run_5_worker_4/ils_config_7020948572654828670.prm
[INFO]:[05:37:26] CPLEX results. Gap: 70.010000, upper bound: 320968.121519, lower bound: 96254.863403
[INFO]:[05:37:26] CPLEX solver finished. Gap: 70.010000
[INFO]:[05:37:26] Starting CPLEX solver on instance: /home/yorig/tuner/mpils-tests/instances/miplib/medium-1/momentum1.mps with config: /scratch/yorig/mpils-results-grid-ticks-10000-7may/medium-1/24proc/seed-1/6_momentum1_seed-1_20260509_053100/iterated_local_search/run_5_worker_4/ils_config_6605221501012447160.prm
[INFO]:[05:37:26] Starting CPLEX solver on instance: /home/yorig/tuner/mpils-tests/instances/miplib/medium-1/momentum1.mps with config: /scratch/yorig/mpils-results-grid-ticks-10000-7may/medium-1/24proc/seed-1/6_momentum1_seed-1_20260509_053100/iterated_local_search/run_5_worker_4/ils_config_6605221501012447160.prm
[INFO]:[05:37:32] CPLEX results. Gap: 68.760000, upper bound: 308155.106379, lower bound: 96258.894386
[INFO]:[05:37:32] CPLEX solver finished. Gap: 68.760000
[INFO]:[05:37:32] Starting CPLEX solver on instance: /home/yorig/tuner/mpils-tests/instances/miplib/medium-1/momentum1.mps with config: /scratch/yorig/mpils-results-grid-ticks-10000-7may/medium-1/24proc/seed-1/6_momentum1_seed-1_20260509_053100/iterated_local_search/run_5_worker_4/ils_config_13432711349911396362.prm
[INFO]:[05:37:32] Starting CPLEX solver on instance: /home/yorig/tuner/mpils-tests/instances/miplib/medium-1/momentum1.mps with config: /scratch/yorig/mpils-results-grid-ticks-10000-7may/medium-1/24proc/seed-1/6_momentum1_seed-1_20260509_053100/iterated_local_search/run_5_worker_4/ils_config_13432711349911396362.prm
[INFO]:[05:37:38] CPLEX results. Gap: 68.100000, upper bound: 301760.792282, lower bound: 96276.246524
[INFO]:[05:37:38] CPLEX solver finished. Gap: 68.100000
[INFO]:[05:37:38] Starting CPLEX solver on instance: /home/yorig/tuner/mpils-tests/instances/miplib/medium-1/momentum1.mps with config: /scratch/yorig/mpils-results-grid-ticks-10000-7may/medium-1/24proc/seed-1/6_momentum1_seed-1_20260509_053100/iterated_local_search/run_5_worker_4/ils_config_12537137099863068029.prm
[INFO]:[05:37:38] Starting CPLEX solver on instance: /home/yorig/tuner/mpils-tests/instances/miplib/medium-1/momentum1.mps with config: /scratch/yorig/mpils-results-grid-ticks-10000-7may/medium-1/24proc/seed-1/6_momentum1_seed-1_20260509_053100/iterated_local_search/run_5_worker_4/ils_config_12537137099863068029.prm
[INFO]:[05:37:45] CPLEX results. Gap: 40.000000, upper bound: 160431.944526, lower bound: 96254.805607
[INFO]:[05:37:45] CPLEX solver finished. Gap: 40.000000
[INFO]:[05:37:45] Starting CPLEX solver on instance: /home/yorig/tuner/mpils-tests/instances/miplib/medium-1/momentum1.mps with config: /scratch/yorig/mpils-results-grid-ticks-10000-7may/medium-1/24proc/seed-1/6_momentum1_seed-1_20260509_053100/iterated_local_search/run_5_worker_4/ils_config_13521622222571711917.prm
[INFO]:[05:37:45] Starting CPLEX solver on instance: /home/yorig/tuner/mpils-tests/instances/miplib/medium-1/momentum1.mps with config: /scratch/yorig/mpils-results-grid-ticks-10000-7may/medium-1/24proc/seed-1/6_momentum1_seed-1_20260509_053100/iterated_local_search/run_5_worker_4/ils_config_13521622222571711917.prm
[INFO]:[05:37:51] CPLEX results. Gap: 69.400000, upper bound: 314559.485592, lower bound: 96254.812238
[INFO]:[05:37:51] CPLEX solver finished. Gap: 69.400000
[INFO]:[05:37:51] Starting CPLEX solver on instance: /home/yorig/tuner/mpils-tests/instances/miplib/medium-1/momentum1.mps with config: /scratch/yorig/mpils-results-grid-ticks-10000-7may/medium-1/24proc/seed-1/6_momentum1_seed-1_20260509_053100/iterated_local_search/run_5_worker_4/ils_config_2215262990397040828.prm
[INFO]:[05:37:51] Starting CPLEX solver on instance: /home/yorig/tuner/mpils-tests/instances/miplib/medium-1/momentum1.mps with config: /scratch/yorig/mpils-results-grid-ticks-10000-7may/medium-1/24proc/seed-1/6_momentum1_seed-1_20260509_053100/iterated_local_search/run_5_worker_4/ils_config_2215262990397040828.prm
[INFO]:[05:37:57] CPLEX results. Gap: 69.790000, upper bound: 308176.868953, lower bound: 93110.380952
[INFO]:[05:37:57] CPLEX solver finished. Gap: 69.790000
[INFO]:[05:37:57] Starting CPLEX solver on instance: /home/yorig/tuner/mpils-tests/instances/miplib/medium-1/momentum1.mps with config: /scratch/yorig/mpils-results-grid-ticks-10000-7may/medium-1/24proc/seed-1/6_momentum1_seed-1_20260509_053100/iterated_local_search/run_5_worker_4/ils_config_16815186911204593867.prm
[INFO]:[05:37:57] Starting CPLEX solver on instance: /home/yorig/tuner/mpils-tests/instances/miplib/medium-1/momentum1.mps with config: /scratch/yorig/mpils-results-grid-ticks-10000-7may/medium-1/24proc/seed-1/6_momentum1_seed-1_20260509_053100/iterated_local_search/run_5_worker_4/ils_config_16815186911204593867.prm
[INFO]:[05:38:03] CPLEX results. Gap: 70.010000, upper bound: 320941.759540, lower bound: 96259.195420
[INFO]:[05:38:03] CPLEX solver finished. Gap: 70.010000
[INFO]:[05:38:03] Starting CPLEX solver on instance: /home/yorig/tuner/mpils-tests/instances/miplib/medium-1/momentum1.mps with config: /scratch/yorig/mpils-results-grid-ticks-10000-7may/medium-1/24proc/seed-1/6_momentum1_seed-1_20260509_053100/iterated_local_search/run_5_worker_4/ils_config_10616688718343557371.prm
[INFO]:[05:38:03] Starting CPLEX solver on instance: /home/yorig/tuner/mpils-tests/instances/miplib/medium-1/momentum1.mps with config: /scratch/yorig/mpils-results-grid-ticks-10000-7may/medium-1/24proc/seed-1/6_momentum1_seed-1_20260509_053100/iterated_local_search/run_5_worker_4/ils_config_10616688718343557371.prm
[INFO]:[05:38:09] CPLEX results. Gap: 71.160000, upper bound: 333765.139387, lower bound: 96254.805607
[INFO]:[05:38:09] CPLEX solver finished. Gap: 71.160000
[INFO]:[05:38:09] Starting CPLEX solver on instance: /home/yorig/tuner/mpils-tests/instances/miplib/medium-1/momentum1.mps with config: /scratch/yorig/mpils-results-grid-ticks-10000-7may/medium-1/24proc/seed-1/6_momentum1_seed-1_20260509_053100/iterated_local_search/run_5_worker_4/ils_config_12192047739280948186.prm
[INFO]:[05:38:09] Starting CPLEX solver on instance: /home/yorig/tuner/mpils-tests/instances/miplib/medium-1/momentum1.mps with config: /scratch/yorig/mpils-results-grid-ticks-10000-7may/medium-1/24proc/seed-1/6_momentum1_seed-1_20260509_053100/iterated_local_search/run_5_worker_4/ils_config_12192047739280948186.prm
[INFO]:[05:38:16] CPLEX results. Gap: 70.910000, upper bound: 327367.148463, lower bound: 95214.862239
[INFO]:[05:38:16] CPLEX solver finished. Gap: 70.910000
[INFO]:[05:38:16] Starting CPLEX solver on instance: /home/yorig/tuner/mpils-tests/instances/miplib/medium-1/momentum1.mps with config: /scratch/yorig/mpils-results-grid-ticks-10000-7may/medium-1/24proc/seed-1/6_momentum1_seed-1_20260509_053100/iterated_local_search/run_5_worker_4/ils_config_15127141171120682623.prm
[INFO]:[05:38:16] Starting CPLEX solver on instance: /home/yorig/tuner/mpils-tests/instances/miplib/medium-1/momentum1.mps with config: /scratch/yorig/mpils-results-grid-ticks-10000-7may/medium-1/24proc/seed-1/6_momentum1_seed-1_20260509_053100/iterated_local_search/run_5_worker_4/ils_config_15127141171120682623.prm
[INFO]:[05:38:22] CPLEX results. Gap: 69.400000, upper bound: 314557.460217, lower bound: 96254.796240
[INFO]:[05:38:22] CPLEX solver finished. Gap: 69.400000
[INFO]:[05:38:22] Local search phase completed.
[INFO]:[05:38:22] Total number of new local-search evaluations: 18
[INFO]:[05:38:22] Final incumbent objective value: 40
[INFO]:[05:39:36] Worker 4 completed exploration phase.
[INFO]:[05:39:36] Worker 4 received order for step 2.
[INFO]:[05:39:36] Worker 4 running expansion phase for iteration 5.
[INFO]:[05:39:36] Worker 4 will use solver log file: /scratch/yorig/mpils-results-grid-ticks-10000-7may/medium-1/24proc/seed-1/6_momentum1_seed-1_20260509_053100/solver/cplex.log_iteration_expansion_5_worker_4
[INFO]:[05:39:36] Expansion Worker 4 starting expansion for iteration 5.
[INFO]:[05:39:36] Starting CPLEX solver on instance: /home/yorig/tuner/mpils-tests/instances/miplib/medium-1/momentum1.mps with config: /scratch/yorig/mpils-results-grid-ticks-10000-7may/medium-1/24proc/seed-1/6_momentum1_seed-1_20260509_053100/expansion/config_param_CPXPARAM_LPMethod_1_iter_5.prm
[INFO]:[05:39:42] CPLEX results. Gap: 11.800000, upper bound: 109185.899972, lower bound: 96297.595491
[INFO]:[05:39:42] CPLEX solver finished. Gap: 11.800000
[INFO]:[05:39:44] Starting CPLEX solver on instance: /home/yorig/tuner/mpils-tests/instances/miplib/medium-1/momentum1.mps with config: /scratch/yorig/mpils-results-grid-ticks-10000-7may/medium-1/24proc/seed-1/6_momentum1_seed-1_20260509_053100/expansion/config_param_CPXPARAM_Preprocessing_QPMakePSD_0_iter_5.prm
[INFO]:[05:39:50] CPLEX results. Gap: 11.800000, upper bound: 109185.899972, lower bound: 96297.595491
[INFO]:[05:39:50] CPLEX solver finished. Gap: 11.800000
[INFO]:[05:39:50] Expansion Worker 4 completed expansion.
[INFO]:[05:39:50] Worker 4 completed expansion phase.
[INFO]:[05:39:50] Worker 4 received order for step 1.
[INFO]:[05:39:50] Worker 4 running exploration phase for iteration 6.
[INFO]:[05:39:50] Worker 4 at iteration 6 will not use a MIP start file. Current best MIP-start upper bound threshold is 1.79769e+308.
[INFO]:[05:39:50] Starting local search phase...
[INFO]:[05:39:50] Creating local search space from parameter space file: /scratch/yorig/mpils-results-grid-ticks-10000-7may/medium-1/24proc/seed-1/6_momentum1_seed-1_20260509_053100/iterated_local_search/search_space/search_space_file_6_worker_4.txt
[INFO]:[05:39:50] Local search space loaded from file: /scratch/yorig/mpils-results-grid-ticks-10000-7may/medium-1/24proc/seed-1/6_momentum1_seed-1_20260509_053100/iterated_local_search/search_space/search_space_file_6_worker_4.txt
[INFO]:[05:39:50] Number of parameters in local search space: 71
[INFO]:[05:39:50] Number of forbidden tuples in local search space: 29
[INFO]:[05:39:50] Number of conditionals in local search space: 6
[INFO]:[05:39:50] MIP start option not enabled. Local search will proceed without MIP start.
[INFO]:[05:39:50] Evaluating initial configuration for local search phase...
[INFO]:[05:39:50] Starting CPLEX solver on instance: /home/yorig/tuner/mpils-tests/instances/miplib/medium-1/momentum1.mps with config: /scratch/yorig/mpils-results-grid-ticks-10000-7may/medium-1/24proc/seed-1/6_momentum1_seed-1_20260509_053100/iterated_local_search/run_6_worker_4/ils_config_8884680337395289445.prm
[INFO]:[05:39:50] Starting CPLEX solver on instance: /home/yorig/tuner/mpils-tests/instances/miplib/medium-1/momentum1.mps with config: /scratch/yorig/mpils-results-grid-ticks-10000-7may/medium-1/24proc/seed-1/6_momentum1_seed-1_20260509_053100/iterated_local_search/run_6_worker_4/ils_config_8884680337395289445.prm
[INFO]:[05:39:57] CPLEX results. Gap: 72.240000, upper bound: 346724.651858, lower bound: 96243.627860
[INFO]:[05:39:57] CPLEX solver finished. Gap: 72.240000
[INFO]:[05:39:57] Initial configuration evaluated with objective value: 72.24
[INFO]:[05:39:58] Starting CPLEX solver on instance: /home/yorig/tuner/mpils-tests/instances/miplib/medium-1/momentum1.mps with config: /scratch/yorig/mpils-results-grid-ticks-10000-7may/medium-1/24proc/seed-1/6_momentum1_seed-1_20260509_053100/iterated_local_search/run_6_worker_4/ils_config_2485065232111295766.prm
[INFO]:[05:39:58] Starting CPLEX solver on instance: /home/yorig/tuner/mpils-tests/instances/miplib/medium-1/momentum1.mps with config: /scratch/yorig/mpils-results-grid-ticks-10000-7may/medium-1/24proc/seed-1/6_momentum1_seed-1_20260509_053100/iterated_local_search/run_6_worker_4/ils_config_2485065232111295766.prm
[INFO]:[05:40:05] CPLEX results. Gap: 72.240000, upper bound: 346724.651858, lower bound: 96243.627860
[INFO]:[05:40:05] CPLEX solver finished. Gap: 72.240000
[INFO]:[05:40:05] Starting CPLEX solver on instance: /home/yorig/tuner/mpils-tests/instances/miplib/medium-1/momentum1.mps with config: /scratch/yorig/mpils-results-grid-ticks-10000-7may/medium-1/24proc/seed-1/6_momentum1_seed-1_20260509_053100/iterated_local_search/run_6_worker_4/ils_config_17876481179399899764.prm
[INFO]:[05:40:05] Starting CPLEX solver on instance: /home/yorig/tuner/mpils-tests/instances/miplib/medium-1/momentum1.mps with config: /scratch/yorig/mpils-results-grid-ticks-10000-7may/medium-1/24proc/seed-1/6_momentum1_seed-1_20260509_053100/iterated_local_search/run_6_worker_4/ils_config_17876481179399899764.prm
[INFO]:[05:40:12] CPLEX results. Gap: 72.240000, upper bound: 346724.651858, lower bound: 96243.627860
[INFO]:[05:40:12] CPLEX solver finished. Gap: 72.240000
[INFO]:[05:40:12] Starting CPLEX solver on instance: /home/yorig/tuner/mpils-tests/instances/miplib/medium-1/momentum1.mps with config: /scratch/yorig/mpils-results-grid-ticks-10000-7may/medium-1/24proc/seed-1/6_momentum1_seed-1_20260509_053100/iterated_local_search/run_6_worker_4/ils_config_17808235016866219233.prm
[INFO]:[05:40:12] Starting CPLEX solver on instance: /home/yorig/tuner/mpils-tests/instances/miplib/medium-1/momentum1.mps with config: /scratch/yorig/mpils-results-grid-ticks-10000-7may/medium-1/24proc/seed-1/6_momentum1_seed-1_20260509_053100/iterated_local_search/run_6_worker_4/ils_config_17808235016866219233.prm
[INFO]:[05:40:19] CPLEX results. Gap: 72.240000, upper bound: 346724.651858, lower bound: 96243.627860
[INFO]:[05:40:19] CPLEX solver finished. Gap: 72.240000
[INFO]:[05:40:19] Starting CPLEX solver on instance: /home/yorig/tuner/mpils-tests/instances/miplib/medium-1/momentum1.mps with config: /scratch/yorig/mpils-results-grid-ticks-10000-7may/medium-1/24proc/seed-1/6_momentum1_seed-1_20260509_053100/iterated_local_search/run_6_worker_4/ils_config_12684325689364614781.prm
[INFO]:[05:40:19] Starting CPLEX solver on instance: /home/yorig/tuner/mpils-tests/instances/miplib/medium-1/momentum1.mps with config: /scratch/yorig/mpils-results-grid-ticks-10000-7may/medium-1/24proc/seed-1/6_momentum1_seed-1_20260509_053100/iterated_local_search/run_6_worker_4/ils_config_12684325689364614781.prm
[INFO]:[05:40:26] CPLEX results. Gap: 72.240000, upper bound: 346724.651858, lower bound: 96243.627860
[INFO]:[05:40:26] CPLEX solver finished. Gap: 72.240000
[INFO]:[05:40:26] Starting CPLEX solver on instance: /home/yorig/tuner/mpils-tests/instances/miplib/medium-1/momentum1.mps with config: /scratch/yorig/mpils-results-grid-ticks-10000-7may/medium-1/24proc/seed-1/6_momentum1_seed-1_20260509_053100/iterated_local_search/run_6_worker_4/ils_config_820516347018182061.prm
[INFO]:[05:40:26] Starting CPLEX solver on instance: /home/yorig/tuner/mpils-tests/instances/miplib/medium-1/momentum1.mps with config: /scratch/yorig/mpils-results-grid-ticks-10000-7may/medium-1/24proc/seed-1/6_momentum1_seed-1_20260509_053100/iterated_local_search/run_6_worker_4/ils_config_820516347018182061.prm
[INFO]:[05:40:33] CPLEX results. Gap: 72.240000, upper bound: 346724.651858, lower bound: 96243.627860
[INFO]:[05:40:33] CPLEX solver finished. Gap: 72.240000
[INFO]:[05:40:33] Starting CPLEX solver on instance: /home/yorig/tuner/mpils-tests/instances/miplib/medium-1/momentum1.mps with config: /scratch/yorig/mpils-results-grid-ticks-10000-7may/medium-1/24proc/seed-1/6_momentum1_seed-1_20260509_053100/iterated_local_search/run_6_worker_4/ils_config_4828744291833615627.prm
[INFO]:[05:40:33] Starting CPLEX solver on instance: /home/yorig/tuner/mpils-tests/instances/miplib/medium-1/momentum1.mps with config: /scratch/yorig/mpils-results-grid-ticks-10000-7may/medium-1/24proc/seed-1/6_momentum1_seed-1_20260509_053100/iterated_local_search/run_6_worker_4/ils_config_4828744291833615627.prm
[INFO]:[05:40:40] CPLEX results. Gap: 72.240000, upper bound: 346724.651858, lower bound: 96243.627860
[INFO]:[05:40:40] CPLEX solver finished. Gap: 72.240000
[INFO]:[05:40:40] Starting CPLEX solver on instance: /home/yorig/tuner/mpils-tests/instances/miplib/medium-1/momentum1.mps with config: /scratch/yorig/mpils-results-grid-ticks-10000-7may/medium-1/24proc/seed-1/6_momentum1_seed-1_20260509_053100/iterated_local_search/run_6_worker_4/ils_config_6087088794619443538.prm
[INFO]:[05:40:40] Starting CPLEX solver on instance: /home/yorig/tuner/mpils-tests/instances/miplib/medium-1/momentum1.mps with config: /scratch/yorig/mpils-results-grid-ticks-10000-7may/medium-1/24proc/seed-1/6_momentum1_seed-1_20260509_053100/iterated_local_search/run_6_worker_4/ils_config_6087088794619443538.prm
[INFO]:[05:40:46] CPLEX results. Gap: 80.110000, upper bound: 365999.377747, lower bound: 72793.345255
[INFO]:[05:40:46] CPLEX solver finished. Gap: 80.110000
[INFO]:[05:40:46] Starting CPLEX solver on instance: /home/yorig/tuner/mpils-tests/instances/miplib/medium-1/momentum1.mps with config: /scratch/yorig/mpils-results-grid-ticks-10000-7may/medium-1/24proc/seed-1/6_momentum1_seed-1_20260509_053100/iterated_local_search/run_6_worker_4/ils_config_11730564635149592655.prm
[INFO]:[05:40:46] Starting CPLEX solver on instance: /home/yorig/tuner/mpils-tests/instances/miplib/medium-1/momentum1.mps with config: /scratch/yorig/mpils-results-grid-ticks-10000-7may/medium-1/24proc/seed-1/6_momentum1_seed-1_20260509_053100/iterated_local_search/run_6_worker_4/ils_config_11730564635149592655.prm
[INFO]:[05:40:53] CPLEX results. Gap: 72.240000, upper bound: 346724.651858, lower bound: 96243.627860
[INFO]:[05:40:53] CPLEX solver finished. Gap: 72.240000
[INFO]:[05:40:53] Starting CPLEX solver on instance: /home/yorig/tuner/mpils-tests/instances/miplib/medium-1/momentum1.mps with config: /scratch/yorig/mpils-results-grid-ticks-10000-7may/medium-1/24proc/seed-1/6_momentum1_seed-1_20260509_053100/iterated_local_search/run_6_worker_4/ils_config_13082638738382902094.prm
[INFO]:[05:40:53] Starting CPLEX solver on instance: /home/yorig/tuner/mpils-tests/instances/miplib/medium-1/momentum1.mps with config: /scratch/yorig/mpils-results-grid-ticks-10000-7may/medium-1/24proc/seed-1/6_momentum1_seed-1_20260509_053100/iterated_local_search/run_6_worker_4/ils_config_13082638738382902094.prm
[INFO]:[05:41:03] CPLEX results. Gap: 72.240000, upper bound: 346724.651501, lower bound: 96252.764851
[INFO]:[05:41:03] CPLEX solver finished. Gap: 72.240000
[INFO]:[05:41:03] Starting CPLEX solver on instance: /home/yorig/tuner/mpils-tests/instances/miplib/medium-1/momentum1.mps with config: /scratch/yorig/mpils-results-grid-ticks-10000-7may/medium-1/24proc/seed-1/6_momentum1_seed-1_20260509_053100/iterated_local_search/run_6_worker_4/ils_config_18284419676150253210.prm
[INFO]:[05:41:03] Starting CPLEX solver on instance: /home/yorig/tuner/mpils-tests/instances/miplib/medium-1/momentum1.mps with config: /scratch/yorig/mpils-results-grid-ticks-10000-7may/medium-1/24proc/seed-1/6_momentum1_seed-1_20260509_053100/iterated_local_search/run_6_worker_4/ils_config_18284419676150253210.prm
[INFO]:[05:41:10] CPLEX results. Gap: 72.240000, upper bound: 346724.651858, lower bound: 96243.627860
[INFO]:[05:41:10] CPLEX solver finished. Gap: 72.240000
[INFO]:[05:41:10] Starting CPLEX solver on instance: /home/yorig/tuner/mpils-tests/instances/miplib/medium-1/momentum1.mps with config: /scratch/yorig/mpils-results-grid-ticks-10000-7may/medium-1/24proc/seed-1/6_momentum1_seed-1_20260509_053100/iterated_local_search/run_6_worker_4/ils_config_8699957201514677242.prm
[INFO]:[05:41:10] Starting CPLEX solver on instance: /home/yorig/tuner/mpils-tests/instances/miplib/medium-1/momentum1.mps with config: /scratch/yorig/mpils-results-grid-ticks-10000-7may/medium-1/24proc/seed-1/6_momentum1_seed-1_20260509_053100/iterated_local_search/run_6_worker_4/ils_config_8699957201514677242.prm
[INFO]:[05:41:17] CPLEX results. Gap: 72.240000, upper bound: 346724.651858, lower bound: 96241.668075
[INFO]:[05:41:17] CPLEX solver finished. Gap: 72.240000
[INFO]:[05:41:17] Starting CPLEX solver on instance: /home/yorig/tuner/mpils-tests/instances/miplib/medium-1/momentum1.mps with config: /scratch/yorig/mpils-results-grid-ticks-10000-7may/medium-1/24proc/seed-1/6_momentum1_seed-1_20260509_053100/iterated_local_search/run_6_worker_4/ils_config_2765054581724355799.prm
[INFO]:[05:41:17] Starting CPLEX solver on instance: /home/yorig/tuner/mpils-tests/instances/miplib/medium-1/momentum1.mps with config: /scratch/yorig/mpils-results-grid-ticks-10000-7may/medium-1/24proc/seed-1/6_momentum1_seed-1_20260509_053100/iterated_local_search/run_6_worker_4/ils_config_2765054581724355799.prm
[INFO]:[05:41:24] CPLEX results. Gap: 72.240000, upper bound: 346724.651858, lower bound: 96243.627860
[INFO]:[05:41:24] CPLEX solver finished. Gap: 72.240000
[INFO]:[05:41:24] Starting CPLEX solver on instance: /home/yorig/tuner/mpils-tests/instances/miplib/medium-1/momentum1.mps with config: /scratch/yorig/mpils-results-grid-ticks-10000-7may/medium-1/24proc/seed-1/6_momentum1_seed-1_20260509_053100/iterated_local_search/run_6_worker_4/ils_config_9893046420305827830.prm
[INFO]:[05:41:24] Starting CPLEX solver on instance: /home/yorig/tuner/mpils-tests/instances/miplib/medium-1/momentum1.mps with config: /scratch/yorig/mpils-results-grid-ticks-10000-7may/medium-1/24proc/seed-1/6_momentum1_seed-1_20260509_053100/iterated_local_search/run_6_worker_4/ils_config_9893046420305827830.prm
[INFO]:[05:41:31] CPLEX results. Gap: 75.310000, upper bound: 346724.651858, lower bound: 85596.061773
[INFO]:[05:41:31] CPLEX solver finished. Gap: 75.310000
[INFO]:[05:41:31] Starting CPLEX solver on instance: /home/yorig/tuner/mpils-tests/instances/miplib/medium-1/momentum1.mps with config: /scratch/yorig/mpils-results-grid-ticks-10000-7may/medium-1/24proc/seed-1/6_momentum1_seed-1_20260509_053100/iterated_local_search/run_6_worker_4/ils_config_4683770632022557349.prm
[INFO]:[05:41:31] Starting CPLEX solver on instance: /home/yorig/tuner/mpils-tests/instances/miplib/medium-1/momentum1.mps with config: /scratch/yorig/mpils-results-grid-ticks-10000-7may/medium-1/24proc/seed-1/6_momentum1_seed-1_20260509_053100/iterated_local_search/run_6_worker_4/ils_config_4683770632022557349.prm
[INFO]:[05:41:41] CPLEX results. Gap: 72.240000, upper bound: 346724.651501, lower bound: 96252.764851
[INFO]:[05:41:41] CPLEX solver finished. Gap: 72.240000
[INFO]:[05:41:41] Starting CPLEX solver on instance: /home/yorig/tuner/mpils-tests/instances/miplib/medium-1/momentum1.mps with config: /scratch/yorig/mpils-results-grid-ticks-10000-7may/medium-1/24proc/seed-1/6_momentum1_seed-1_20260509_053100/iterated_local_search/run_6_worker_4/ils_config_14322706916521378029.prm
[INFO]:[05:41:41] Starting CPLEX solver on instance: /home/yorig/tuner/mpils-tests/instances/miplib/medium-1/momentum1.mps with config: /scratch/yorig/mpils-results-grid-ticks-10000-7may/medium-1/24proc/seed-1/6_momentum1_seed-1_20260509_053100/iterated_local_search/run_6_worker_4/ils_config_14322706916521378029.prm
[INFO]:[05:41:48] CPLEX results. Gap: 72.240000, upper bound: 346724.651858, lower bound: 96243.627860
[INFO]:[05:41:48] CPLEX solver finished. Gap: 72.240000
[INFO]:[05:41:48] Starting CPLEX solver on instance: /home/yorig/tuner/mpils-tests/instances/miplib/medium-1/momentum1.mps with config: /scratch/yorig/mpils-results-grid-ticks-10000-7may/medium-1/24proc/seed-1/6_momentum1_seed-1_20260509_053100/iterated_local_search/run_6_worker_4/ils_config_9036687178099084826.prm
[INFO]:[05:41:48] Starting CPLEX solver on instance: /home/yorig/tuner/mpils-tests/instances/miplib/medium-1/momentum1.mps with config: /scratch/yorig/mpils-results-grid-ticks-10000-7may/medium-1/24proc/seed-1/6_momentum1_seed-1_20260509_053100/iterated_local_search/run_6_worker_4/ils_config_9036687178099084826.prm
[INFO]:[05:41:55] CPLEX results. Gap: 72.240000, upper bound: 346724.651858, lower bound: 96243.627860
[INFO]:[05:41:55] CPLEX solver finished. Gap: 72.240000
[INFO]:[05:41:55] Starting CPLEX solver on instance: /home/yorig/tuner/mpils-tests/instances/miplib/medium-1/momentum1.mps with config: /scratch/yorig/mpils-results-grid-ticks-10000-7may/medium-1/24proc/seed-1/6_momentum1_seed-1_20260509_053100/iterated_local_search/run_6_worker_4/ils_config_6671530726967219795.prm
[INFO]:[05:41:55] Starting CPLEX solver on instance: /home/yorig/tuner/mpils-tests/instances/miplib/medium-1/momentum1.mps with config: /scratch/yorig/mpils-results-grid-ticks-10000-7may/medium-1/24proc/seed-1/6_momentum1_seed-1_20260509_053100/iterated_local_search/run_6_worker_4/ils_config_6671530726967219795.prm
[INFO]:[05:42:02] CPLEX results. Gap: 73.160000, upper bound: 346724.651858, lower bound: 93054.308554
[INFO]:[05:42:02] CPLEX solver finished. Gap: 73.160000
[INFO]:[05:42:02] Local search phase completed.
[INFO]:[05:42:02] Total number of new local-search evaluations: 18
[INFO]:[05:42:02] Final incumbent objective value: 72.24
[INFO]:[05:42:31] Worker 4 completed exploration phase.
[INFO]:[05:42:31] Worker 4 received order for step 3.
[INFO]:[05:42:31] Worker 4 finished.
