[INFO]:[03:30:53] Worker 18 starting.
[INFO]:[03:30:53] Worker 18 received order for step 1.
[INFO]:[03:30:53] Worker 18 running exploration phase for iteration 1.
[INFO]:[03:30:53] Worker 18 at iteration 1 will not use a MIP start file. Current best MIP-start upper bound threshold is 1.79769e+308.
[INFO]:[03:30:53] Starting local search phase...
[INFO]:[03:30:53] Worker (ils_group_rank=2) entering parallel ILS evaluation service.
[INFO]:[03:30:53] Starting CPLEX solver on instance: /home/yorig/tuner/mpils-tests/instances/miplib/medium-2/neos-4387871-tavua.mps with config: /scratch/yorig/mpils-results-grid-ticks-10000-7may/medium-2/24proc-4pils/seed-2/1_neos-4387871-tavua_seed-2_20260510_033052/iterated_local_search/run_1_worker_16/parallel_0_2.prm
[INFO]:[03:30:59] CPLEX results. Gap: 29.720000, upper bound: 34.142100, lower bound: 23.994974
[INFO]:[03:30:59] CPLEX solver finished. Gap: 29.720000
[INFO]:[03:31:00] Starting CPLEX solver on instance: /home/yorig/tuner/mpils-tests/instances/miplib/medium-2/neos-4387871-tavua.mps with config: /scratch/yorig/mpils-results-grid-ticks-10000-7may/medium-2/24proc-4pils/seed-2/1_neos-4387871-tavua_seed-2_20260510_033052/iterated_local_search/run_1_worker_16/parallel_4_2.prm
[INFO]:[03:31:07] CPLEX results. Gap: 32.660000, upper bound: 34.556310, lower bound: 23.271423
[INFO]:[03:31:07] CPLEX solver finished. Gap: 32.660000
[INFO]:[03:31:07] Starting CPLEX solver on instance: /home/yorig/tuner/mpils-tests/instances/miplib/medium-2/neos-4387871-tavua.mps with config: /scratch/yorig/mpils-results-grid-ticks-10000-7may/medium-2/24proc-4pils/seed-2/1_neos-4387871-tavua_seed-2_20260510_033052/iterated_local_search/run_1_worker_16/parallel_8_2.prm
[INFO]:[03:31:14] CPLEX results. Gap: 31.260000, upper bound: 33.798940, lower bound: 23.232392
[INFO]:[03:31:14] CPLEX solver finished. Gap: 31.260000
[INFO]:[03:31:14] Starting CPLEX solver on instance: /home/yorig/tuner/mpils-tests/instances/miplib/medium-2/neos-4387871-tavua.mps with config: /scratch/yorig/mpils-results-grid-ticks-10000-7may/medium-2/24proc-4pils/seed-2/1_neos-4387871-tavua_seed-2_20260510_033052/iterated_local_search/run_1_worker_16/parallel_12_2.prm
[INFO]:[03:31:20] CPLEX results. Gap: 25.890000, upper bound: 33.384730, lower bound: 24.742588
[INFO]:[03:31:20] CPLEX solver finished. Gap: 25.890000
[INFO]:[03:31:21] Starting CPLEX solver on instance: /home/yorig/tuner/mpils-tests/instances/miplib/medium-2/neos-4387871-tavua.mps with config: /scratch/yorig/mpils-results-grid-ticks-10000-7may/medium-2/24proc-4pils/seed-2/1_neos-4387871-tavua_seed-2_20260510_033052/iterated_local_search/run_1_worker_16/parallel_16_2.prm
[INFO]:[03:31:27] CPLEX results. Gap: 31.640000, upper bound: 34.556310, lower bound: 23.622044
[INFO]:[03:31:27] CPLEX solver finished. Gap: 31.640000
[INFO]:[03:31:27] Worker (ils_group_rank=2) exiting parallel ILS evaluation service.
[INFO]:[03:31:27] Worker 18 completed exploration phase.
[INFO]:[03:31:27] Worker 18 received order for step 2.
[INFO]:[03:31:27] Worker 18 running expansion phase for iteration 1.
[INFO]:[03:31:27] Worker 18 will use solver log file: /scratch/yorig/mpils-results-grid-ticks-10000-7may/medium-2/24proc-4pils/seed-2/1_neos-4387871-tavua_seed-2_20260510_033052/solver/cplex.log_iteration_expansion_1_worker_18
[INFO]:[03:31:27] Expansion Worker 18 starting expansion for iteration 1.
[INFO]:[03:31:27] Starting CPLEX solver on instance: /home/yorig/tuner/mpils-tests/instances/miplib/medium-2/neos-4387871-tavua.mps with config: /scratch/yorig/mpils-results-grid-ticks-10000-7may/medium-2/24proc-4pils/seed-2/1_neos-4387871-tavua_seed-2_20260510_033052/expansion/config_param_CPXPARAM_MIP_Strategy_Dive_3_iter_1.prm
[INFO]:[03:31:33] CPLEX results. Gap: 24.030000, upper bound: 33.556310, lower bound: 25.492236
[INFO]:[03:31:33] CPLEX solver finished. Gap: 24.030000
[INFO]:[03:31:33] Expansion Worker 18 found an improving configuration with objective value 24.03.
[INFO]:[03:31:33] Expansion Worker 18 stopping early after global MPI expansion stop was activated.
[INFO]:[03:31:33] Expansion Worker 18 completed expansion.
[INFO]:[03:31:33] Worker 18 completed expansion phase.
[INFO]:[03:31:33] Worker 18 received order for step 1.
[INFO]:[03:31:33] Worker 18 running exploration phase for iteration 2.
[INFO]:[03:31:33] Worker 18 at iteration 2 will not use a MIP start file. Current best MIP-start upper bound threshold is 1.79769e+308.
[INFO]:[03:31:33] Starting local search phase...
[INFO]:[03:31:33] Worker (ils_group_rank=2) entering parallel ILS evaluation service.
[INFO]:[03:31:33] Starting CPLEX solver on instance: /home/yorig/tuner/mpils-tests/instances/miplib/medium-2/neos-4387871-tavua.mps with config: /scratch/yorig/mpils-results-grid-ticks-10000-7may/medium-2/24proc-4pils/seed-2/1_neos-4387871-tavua_seed-2_20260510_033052/iterated_local_search/run_2_worker_16/parallel_0_2.prm
[INFO]:[03:31:39] CPLEX results. Gap: 50.000000, upper bound: 35.970520, lower bound: 17.984979
[INFO]:[03:31:39] CPLEX solver finished. Gap: 50.000000
[INFO]:[03:31:40] Starting CPLEX solver on instance: /home/yorig/tuner/mpils-tests/instances/miplib/medium-2/neos-4387871-tavua.mps with config: /scratch/yorig/mpils-results-grid-ticks-10000-7may/medium-2/24proc-4pils/seed-2/1_neos-4387871-tavua_seed-2_20260510_033052/iterated_local_search/run_2_worker_16/parallel_4_2.prm
[INFO]:[03:31:45] CPLEX results. Gap: 31.360000, upper bound: 33.798940, lower bound: 23.200403
[INFO]:[03:31:45] CPLEX solver finished. Gap: 31.360000
[INFO]:[03:31:45] Starting CPLEX solver on instance: /home/yorig/tuner/mpils-tests/instances/miplib/medium-2/neos-4387871-tavua.mps with config: /scratch/yorig/mpils-results-grid-ticks-10000-7may/medium-2/24proc-4pils/seed-2/1_neos-4387871-tavua_seed-2_20260510_033052/iterated_local_search/run_2_worker_16/parallel_8_2.prm
[INFO]:[03:31:50] CPLEX results. Gap: 32.960000, upper bound: 33.798940, lower bound: 22.659722
[INFO]:[03:31:50] CPLEX solver finished. Gap: 32.960000
[INFO]:[03:31:51] Worker (ils_group_rank=2) exiting parallel ILS evaluation service.
[INFO]:[03:31:55] Worker 18 completed exploration phase.
[INFO]:[03:31:55] Worker 18 received order for step 2.
[INFO]:[03:31:55] Worker 18 running expansion phase for iteration 2.
[INFO]:[03:31:55] Worker 18 will use solver log file: /scratch/yorig/mpils-results-grid-ticks-10000-7may/medium-2/24proc-4pils/seed-2/1_neos-4387871-tavua_seed-2_20260510_033052/solver/cplex.log_iteration_expansion_2_worker_18
[INFO]:[03:31:55] Expansion Worker 18 starting expansion for iteration 2.
[INFO]:[03:31:55] Starting CPLEX solver on instance: /home/yorig/tuner/mpils-tests/instances/miplib/medium-2/neos-4387871-tavua.mps with config: /scratch/yorig/mpils-results-grid-ticks-10000-7may/medium-2/24proc-4pils/seed-2/1_neos-4387871-tavua_seed-2_20260510_033052/expansion/config_param_CPXPARAM_MIP_Strategy_RINSHeur_500_iter_2.prm
[INFO]:[03:32:01] CPLEX results. Gap: 27.120000, upper bound: 34.142100, lower bound: 24.883815
[INFO]:[03:32:01] CPLEX solver finished. Gap: 27.120000
[INFO]:[03:32:01] Starting CPLEX solver on instance: /home/yorig/tuner/mpils-tests/instances/miplib/medium-2/neos-4387871-tavua.mps with config: /scratch/yorig/mpils-results-grid-ticks-10000-7may/medium-2/24proc-4pils/seed-2/1_neos-4387871-tavua_seed-2_20260510_033052/expansion/config_param_CPXPARAM_Preprocessing_Symmetry_1_iter_2.prm
[INFO]:[03:32:07] CPLEX results. Gap: 23.750000, upper bound: 34.384730, lower bound: 26.218788
[INFO]:[03:32:07] CPLEX solver finished. Gap: 23.750000
[INFO]:[03:32:09] Expansion Worker 18 stopping early after global MPI expansion stop was activated.
[INFO]:[03:32:09] Expansion Worker 18 completed expansion.
[INFO]:[03:32:09] Worker 18 completed expansion phase.
[INFO]:[03:32:09] Worker 18 received order for step 1.
[INFO]:[03:32:09] Worker 18 running exploration phase for iteration 3.
[INFO]:[03:32:09] Worker 18 at iteration 3 will not use a MIP start file. Current best MIP-start upper bound threshold is 1.79769e+308.
[INFO]:[03:32:09] Starting local search phase...
[INFO]:[03:32:09] Worker (ils_group_rank=2) entering parallel ILS evaluation service.
[INFO]:[03:32:09] Starting CPLEX solver on instance: /home/yorig/tuner/mpils-tests/instances/miplib/medium-2/neos-4387871-tavua.mps with config: /scratch/yorig/mpils-results-grid-ticks-10000-7may/medium-2/24proc-4pils/seed-2/1_neos-4387871-tavua_seed-2_20260510_033052/iterated_local_search/run_3_worker_16/parallel_0_2.prm
[INFO]:[03:32:15] CPLEX results. Gap: 48.090000, upper bound: 34.384730, lower bound: 17.848487
[INFO]:[03:32:15] CPLEX solver finished. Gap: 48.090000
[INFO]:[03:32:15] Starting CPLEX solver on instance: /home/yorig/tuner/mpils-tests/instances/miplib/medium-2/neos-4387871-tavua.mps with config: /scratch/yorig/mpils-results-grid-ticks-10000-7may/medium-2/24proc-4pils/seed-2/1_neos-4387871-tavua_seed-2_20260510_033052/iterated_local_search/run_3_worker_16/parallel_4_2.prm
[INFO]:[03:32:21] CPLEX results. Gap: 37.000000, upper bound: 35.970520, lower bound: 22.662887
[INFO]:[03:32:21] CPLEX solver finished. Gap: 37.000000
[INFO]:[03:32:21] Starting CPLEX solver on instance: /home/yorig/tuner/mpils-tests/instances/miplib/medium-2/neos-4387871-tavua.mps with config: /scratch/yorig/mpils-results-grid-ticks-10000-7may/medium-2/24proc-4pils/seed-2/1_neos-4387871-tavua_seed-2_20260510_033052/iterated_local_search/run_3_worker_16/parallel_8_2.prm
[INFO]:[03:32:27] CPLEX results. Gap: 28.140000, upper bound: 33.970520, lower bound: 24.412462
[INFO]:[03:32:27] CPLEX solver finished. Gap: 28.140000
[INFO]:[03:32:27] Worker (ils_group_rank=2) exiting parallel ILS evaluation service.
[INFO]:[03:32:30] Worker 18 completed exploration phase.
[INFO]:[03:32:30] Worker 18 received order for step 2.
[INFO]:[03:32:30] Worker 18 running expansion phase for iteration 3.
[INFO]:[03:32:30] Worker 18 will use solver log file: /scratch/yorig/mpils-results-grid-ticks-10000-7may/medium-2/24proc-4pils/seed-2/1_neos-4387871-tavua_seed-2_20260510_033052/solver/cplex.log_iteration_expansion_3_worker_18
[INFO]:[03:32:30] Expansion Worker 18 starting expansion for iteration 3.
[INFO]:[03:32:30] Starting CPLEX solver on instance: /home/yorig/tuner/mpils-tests/instances/miplib/medium-2/neos-4387871-tavua.mps with config: /scratch/yorig/mpils-results-grid-ticks-10000-7may/medium-2/24proc-4pils/seed-2/1_neos-4387871-tavua_seed-2_20260510_033052/expansion/config_param_CPXPARAM_MIP_Strategy_StartAlgorithm_2_iter_3.prm
[INFO]:[03:32:36] CPLEX results. Gap: 22.300000, upper bound: 33.798940, lower bound: 26.260870
[INFO]:[03:32:36] CPLEX solver finished. Gap: 22.300000
[INFO]:[03:34:12] Expansion Worker 18 stopping early after global MPI expansion stop was activated.
[INFO]:[03:34:12] Expansion Worker 18 completed expansion.
[INFO]:[03:34:12] Worker 18 completed expansion phase.
[INFO]:[03:34:12] Worker 18 received order for step 1.
[INFO]:[03:34:12] Worker 18 running exploration phase for iteration 4.
[INFO]:[03:34:12] Worker 18 at iteration 4 will not use a MIP start file. Current best MIP-start upper bound threshold is 1.79769e+308.
[INFO]:[03:34:12] Starting local search phase...
[INFO]:[03:34:12] Worker (ils_group_rank=2) entering parallel ILS evaluation service.
[INFO]:[03:34:12] Starting CPLEX solver on instance: /home/yorig/tuner/mpils-tests/instances/miplib/medium-2/neos-4387871-tavua.mps with config: /scratch/yorig/mpils-results-grid-ticks-10000-7may/medium-2/24proc-4pils/seed-2/1_neos-4387871-tavua_seed-2_20260510_033052/iterated_local_search/run_4_worker_16/parallel_0_2.prm
[INFO]:[03:34:19] CPLEX results. Gap: 51.320000, upper bound: 36.556310, lower bound: 17.795220
[INFO]:[03:34:19] CPLEX solver finished. Gap: 51.320000
[INFO]:[03:34:19] Starting CPLEX solver on instance: /home/yorig/tuner/mpils-tests/instances/miplib/medium-2/neos-4387871-tavua.mps with config: /scratch/yorig/mpils-results-grid-ticks-10000-7may/medium-2/24proc-4pils/seed-2/1_neos-4387871-tavua_seed-2_20260510_033052/iterated_local_search/run_4_worker_16/parallel_4_2.prm
[INFO]:[03:34:26] CPLEX results. Gap: 40.060000, upper bound: 34.384730, lower bound: 20.609007
[INFO]:[03:34:26] CPLEX solver finished. Gap: 40.060000
[INFO]:[03:34:26] Starting CPLEX solver on instance: /home/yorig/tuner/mpils-tests/instances/miplib/medium-2/neos-4387871-tavua.mps with config: /scratch/yorig/mpils-results-grid-ticks-10000-7may/medium-2/24proc-4pils/seed-2/1_neos-4387871-tavua_seed-2_20260510_033052/iterated_local_search/run_4_worker_16/parallel_8_2.prm
[INFO]:[03:34:32] CPLEX results. Gap: 55.490000, upper bound: 35.798940, lower bound: 15.932615
[INFO]:[03:34:32] CPLEX solver finished. Gap: 55.490000
[INFO]:[03:34:34] Starting CPLEX solver on instance: /home/yorig/tuner/mpils-tests/instances/miplib/medium-2/neos-4387871-tavua.mps with config: /scratch/yorig/mpils-results-grid-ticks-10000-7may/medium-2/24proc-4pils/seed-2/1_neos-4387871-tavua_seed-2_20260510_033052/iterated_local_search/run_4_worker_16/parallel_12_2.prm
[INFO]:[03:34:40] CPLEX results. Gap: 27.310000, upper bound: 35.384730, lower bound: 25.720062
[INFO]:[03:34:40] CPLEX solver finished. Gap: 27.310000
[INFO]:[03:34:40] Worker (ils_group_rank=2) exiting parallel ILS evaluation service.
[INFO]:[03:34:42] Worker 18 completed exploration phase.
[INFO]:[03:34:43] Worker 18 received order for step 2.
[INFO]:[03:34:43] Worker 18 running expansion phase for iteration 4.
[INFO]:[03:34:43] Worker 18 will use solver log file: /scratch/yorig/mpils-results-grid-ticks-10000-7may/medium-2/24proc-4pils/seed-2/1_neos-4387871-tavua_seed-2_20260510_033052/solver/cplex.log_iteration_expansion_4_worker_18
[INFO]:[03:34:43] Expansion Worker 18 starting expansion for iteration 4.
[INFO]:[03:34:43] Starting CPLEX solver on instance: /home/yorig/tuner/mpils-tests/instances/miplib/medium-2/neos-4387871-tavua.mps with config: /scratch/yorig/mpils-results-grid-ticks-10000-7may/medium-2/24proc-4pils/seed-2/1_neos-4387871-tavua_seed-2_20260510_033052/expansion/config_param_CPXPARAM_Barrier_StartAlg_4_iter_4.prm
[INFO]:[03:34:49] CPLEX results. Gap: 22.060000, upper bound: 33.798940, lower bound: 26.343662
[INFO]:[03:34:49] CPLEX solver finished. Gap: 22.060000
[INFO]:[03:34:55] Expansion Worker 18 completed expansion.
[INFO]:[03:34:55] Worker 18 completed expansion phase.
[INFO]:[03:34:55] Worker 18 received order for step 1.
[INFO]:[03:34:55] Worker 18 running exploration phase for iteration 5.
[INFO]:[03:34:55] Worker 18 at iteration 5 will not use a MIP start file. Current best MIP-start upper bound threshold is 1.79769e+308.
[INFO]:[03:34:55] Starting local search phase...
[INFO]:[03:34:55] Worker (ils_group_rank=2) entering parallel ILS evaluation service.
[INFO]:[03:34:55] Starting CPLEX solver on instance: /home/yorig/tuner/mpils-tests/instances/miplib/medium-2/neos-4387871-tavua.mps with config: /scratch/yorig/mpils-results-grid-ticks-10000-7may/medium-2/24proc-4pils/seed-2/1_neos-4387871-tavua_seed-2_20260510_033052/iterated_local_search/run_5_worker_16/parallel_0_2.prm
[INFO]:[03:35:03] CPLEX results. Gap: 55.080000, upper bound: 33.556310, lower bound: 15.073213
[INFO]:[03:35:03] CPLEX solver finished. Gap: 55.080000
[INFO]:[03:35:03] Starting CPLEX solver on instance: /home/yorig/tuner/mpils-tests/instances/miplib/medium-2/neos-4387871-tavua.mps with config: /scratch/yorig/mpils-results-grid-ticks-10000-7may/medium-2/24proc-4pils/seed-2/1_neos-4387871-tavua_seed-2_20260510_033052/iterated_local_search/run_5_worker_16/parallel_4_2.prm
[INFO]:[03:35:09] CPLEX results. Gap: 54.120000, upper bound: 34.556310, lower bound: 15.853247
[INFO]:[03:35:09] CPLEX solver finished. Gap: 54.120000
[INFO]:[03:35:10] Starting CPLEX solver on instance: /home/yorig/tuner/mpils-tests/instances/miplib/medium-2/neos-4387871-tavua.mps with config: /scratch/yorig/mpils-results-grid-ticks-10000-7may/medium-2/24proc-4pils/seed-2/1_neos-4387871-tavua_seed-2_20260510_033052/iterated_local_search/run_5_worker_16/parallel_8_2.prm
[INFO]:[03:35:16] CPLEX results. Gap: 41.270000, upper bound: 34.556310, lower bound: 20.294436
[INFO]:[03:35:16] CPLEX solver finished. Gap: 41.270000
[INFO]:[03:35:16] Starting CPLEX solver on instance: /home/yorig/tuner/mpils-tests/instances/miplib/medium-2/neos-4387871-tavua.mps with config: /scratch/yorig/mpils-results-grid-ticks-10000-7may/medium-2/24proc-4pils/seed-2/1_neos-4387871-tavua_seed-2_20260510_033052/iterated_local_search/run_5_worker_16/parallel_12_2.prm
[INFO]:[03:35:23] CPLEX results. Gap: 37.830000, upper bound: 33.970520, lower bound: 21.119040
[INFO]:[03:35:23] CPLEX solver finished. Gap: 37.830000
[INFO]:[03:35:23] Starting CPLEX solver on instance: /home/yorig/tuner/mpils-tests/instances/miplib/medium-2/neos-4387871-tavua.mps with config: /scratch/yorig/mpils-results-grid-ticks-10000-7may/medium-2/24proc-4pils/seed-2/1_neos-4387871-tavua_seed-2_20260510_033052/iterated_local_search/run_5_worker_16/parallel_16_2.prm
[INFO]:[03:35:30] CPLEX results. Gap: 37.940000, upper bound: 33.556310, lower bound: 20.825110
[INFO]:[03:35:30] CPLEX solver finished. Gap: 37.940000
[INFO]:[03:35:31] Worker (ils_group_rank=2) exiting parallel ILS evaluation service.
[INFO]:[03:35:32] Worker 18 completed exploration phase.
[INFO]:[03:35:32] Worker 18 received order for step 2.
[INFO]:[03:35:32] Worker 18 running expansion phase for iteration 5.
[INFO]:[03:35:32] Worker 18 will use solver log file: /scratch/yorig/mpils-results-grid-ticks-10000-7may/medium-2/24proc-4pils/seed-2/1_neos-4387871-tavua_seed-2_20260510_033052/solver/cplex.log_iteration_expansion_5_worker_18
[INFO]:[03:35:32] Expansion Worker 18 starting expansion for iteration 5.
[INFO]:[03:35:32] Starting CPLEX solver on instance: /home/yorig/tuner/mpils-tests/instances/miplib/medium-2/neos-4387871-tavua.mps with config: /scratch/yorig/mpils-results-grid-ticks-10000-7may/medium-2/24proc-4pils/seed-2/1_neos-4387871-tavua_seed-2_20260510_033052/expansion/config_param_CPXPARAM_Preprocessing_Reduce_0_iter_5.prm
[INFO]:[03:35:39] CPLEX results. Gap: 47.460000, upper bound: 35.142100, lower bound: 18.462730
[INFO]:[03:35:39] CPLEX solver finished. Gap: 47.460000
[INFO]:[03:35:45] Expansion Worker 18 completed expansion.
[INFO]:[03:35:45] Worker 18 completed expansion phase.
[INFO]:[03:35:46] Worker 18 received order for step 1.
[INFO]:[03:35:46] Worker 18 running exploration phase for iteration 6.
[INFO]:[03:35:46] Worker 18 at iteration 6 will not use a MIP start file. Current best MIP-start upper bound threshold is 1.79769e+308.
[INFO]:[03:35:46] Starting local search phase...
[INFO]:[03:35:46] Worker (ils_group_rank=2) entering parallel ILS evaluation service.
[INFO]:[03:35:46] Starting CPLEX solver on instance: /home/yorig/tuner/mpils-tests/instances/miplib/medium-2/neos-4387871-tavua.mps with config: /scratch/yorig/mpils-results-grid-ticks-10000-7may/medium-2/24proc-4pils/seed-2/1_neos-4387871-tavua_seed-2_20260510_033052/iterated_local_search/run_6_worker_16/parallel_0_2.prm
[INFO]:[03:35:52] CPLEX results. Gap: 69.310000, upper bound: 34.556310, lower bound: 10.605384
[INFO]:[03:35:52] CPLEX solver finished. Gap: 69.310000
[INFO]:[03:35:52] Starting CPLEX solver on instance: /home/yorig/tuner/mpils-tests/instances/miplib/medium-2/neos-4387871-tavua.mps with config: /scratch/yorig/mpils-results-grid-ticks-10000-7may/medium-2/24proc-4pils/seed-2/1_neos-4387871-tavua_seed-2_20260510_033052/iterated_local_search/run_6_worker_16/parallel_4_2.prm
[INFO]:[03:35:58] CPLEX results. Gap: 46.560000, upper bound: 36.142100, lower bound: 19.315822
[INFO]:[03:35:58] CPLEX solver finished. Gap: 46.560000
[INFO]:[03:35:59] Starting CPLEX solver on instance: /home/yorig/tuner/mpils-tests/instances/miplib/medium-2/neos-4387871-tavua.mps with config: /scratch/yorig/mpils-results-grid-ticks-10000-7may/medium-2/24proc-4pils/seed-2/1_neos-4387871-tavua_seed-2_20260510_033052/iterated_local_search/run_6_worker_16/parallel_8_2.prm
[INFO]:[03:36:05] CPLEX results. Gap: 33.300000, upper bound: 34.556310, lower bound: 23.047501
[INFO]:[03:36:05] CPLEX solver finished. Gap: 33.300000
[INFO]:[03:36:05] Starting CPLEX solver on instance: /home/yorig/tuner/mpils-tests/instances/miplib/medium-2/neos-4387871-tavua.mps with config: /scratch/yorig/mpils-results-grid-ticks-10000-7may/medium-2/24proc-4pils/seed-2/1_neos-4387871-tavua_seed-2_20260510_033052/iterated_local_search/run_6_worker_16/parallel_12_2.prm
[INFO]:[03:36:11] CPLEX results. Gap: 33.330000, upper bound: 34.556310, lower bound: 23.037189
[INFO]:[03:36:11] CPLEX solver finished. Gap: 33.330000
[INFO]:[03:36:11] Starting CPLEX solver on instance: /home/yorig/tuner/mpils-tests/instances/miplib/medium-2/neos-4387871-tavua.mps with config: /scratch/yorig/mpils-results-grid-ticks-10000-7may/medium-2/24proc-4pils/seed-2/1_neos-4387871-tavua_seed-2_20260510_033052/iterated_local_search/run_6_worker_16/parallel_16_2.prm
[INFO]:[03:36:17] CPLEX results. Gap: 46.560000, upper bound: 36.142100, lower bound: 19.315822
[INFO]:[03:36:17] CPLEX solver finished. Gap: 46.560000
[INFO]:[03:36:17] Worker (ils_group_rank=2) exiting parallel ILS evaluation service.
[INFO]:[03:36:19] Worker 18 completed exploration phase.
[INFO]:[03:36:19] Worker 18 received order for step 2.
[INFO]:[03:36:19] Worker 18 running expansion phase for iteration 6.
[INFO]:[03:36:19] Worker 18 will use solver log file: /scratch/yorig/mpils-results-grid-ticks-10000-7may/medium-2/24proc-4pils/seed-2/1_neos-4387871-tavua_seed-2_20260510_033052/solver/cplex.log_iteration_expansion_6_worker_18
[INFO]:[03:36:19] Expansion Worker 18 starting expansion for iteration 6.
[INFO]:[03:36:19] Starting CPLEX solver on instance: /home/yorig/tuner/mpils-tests/instances/miplib/medium-2/neos-4387871-tavua.mps with config: /scratch/yorig/mpils-results-grid-ticks-10000-7may/medium-2/24proc-4pils/seed-2/1_neos-4387871-tavua_seed-2_20260510_033052/expansion/config_param_CPXPARAM_Barrier_Algorithm_2_iter_6.prm
[INFO]:[03:36:25] CPLEX results. Gap: 22.060000, upper bound: 33.798940, lower bound: 26.343662
[INFO]:[03:36:25] CPLEX solver finished. Gap: 22.060000
[INFO]:[03:36:30] Expansion Worker 18 completed expansion.
[INFO]:[03:36:30] Worker 18 completed expansion phase.
[INFO]:[03:36:31] Worker 18 received order for step 1.
[INFO]:[03:36:31] Worker 18 running exploration phase for iteration 7.
[INFO]:[03:36:31] Worker 18 at iteration 7 will not use a MIP start file. Current best MIP-start upper bound threshold is 1.79769e+308.
[INFO]:[03:36:31] Starting local search phase...
[INFO]:[03:36:31] Worker (ils_group_rank=2) entering parallel ILS evaluation service.
[INFO]:[03:36:32] Starting CPLEX solver on instance: /home/yorig/tuner/mpils-tests/instances/miplib/medium-2/neos-4387871-tavua.mps with config: /scratch/yorig/mpils-results-grid-ticks-10000-7may/medium-2/24proc-4pils/seed-2/1_neos-4387871-tavua_seed-2_20260510_033052/iterated_local_search/run_7_worker_16/parallel_0_2.prm
[INFO]:[03:36:37] CPLEX results. Gap: 68.960000, upper bound: 34.727890, lower bound: 10.781092
[INFO]:[03:36:37] CPLEX solver finished. Gap: 68.960000
[INFO]:[03:36:38] Starting CPLEX solver on instance: /home/yorig/tuner/mpils-tests/instances/miplib/medium-2/neos-4387871-tavua.mps with config: /scratch/yorig/mpils-results-grid-ticks-10000-7may/medium-2/24proc-4pils/seed-2/1_neos-4387871-tavua_seed-2_20260510_033052/iterated_local_search/run_7_worker_16/parallel_4_2.prm
[INFO]:[03:36:44] CPLEX results. Gap: 59.260000, upper bound: 34.727890, lower bound: 14.146787
[INFO]:[03:36:44] CPLEX solver finished. Gap: 59.260000
[INFO]:[03:36:44] Starting CPLEX solver on instance: /home/yorig/tuner/mpils-tests/instances/miplib/medium-2/neos-4387871-tavua.mps with config: /scratch/yorig/mpils-results-grid-ticks-10000-7may/medium-2/24proc-4pils/seed-2/1_neos-4387871-tavua_seed-2_20260510_033052/iterated_local_search/run_7_worker_16/parallel_8_2.prm
[INFO]:[03:36:51] CPLEX results. Gap: 53.730000, upper bound: 33.970520, lower bound: 15.717832
[INFO]:[03:36:51] CPLEX solver finished. Gap: 53.730000
[INFO]:[03:36:51] Starting CPLEX solver on instance: /home/yorig/tuner/mpils-tests/instances/miplib/medium-2/neos-4387871-tavua.mps with config: /scratch/yorig/mpils-results-grid-ticks-10000-7may/medium-2/24proc-4pils/seed-2/1_neos-4387871-tavua_seed-2_20260510_033052/iterated_local_search/run_7_worker_16/parallel_12_2.prm
[INFO]:[03:36:57] CPLEX results. Gap: 47.880000, upper bound: 35.384730, lower bound: 18.443479
[INFO]:[03:36:57] CPLEX solver finished. Gap: 47.880000
[INFO]:[03:36:57] Starting CPLEX solver on instance: /home/yorig/tuner/mpils-tests/instances/miplib/medium-2/neos-4387871-tavua.mps with config: /scratch/yorig/mpils-results-grid-ticks-10000-7may/medium-2/24proc-4pils/seed-2/1_neos-4387871-tavua_seed-2_20260510_033052/iterated_local_search/run_7_worker_16/parallel_16_2.prm
[INFO]:[03:37:04] CPLEX results. Gap: 44.220000, upper bound: 34.556310, lower bound: 19.276970
[INFO]:[03:37:04] CPLEX solver finished. Gap: 44.220000
[INFO]:[03:37:04] Starting CPLEX solver on instance: /home/yorig/tuner/mpils-tests/instances/miplib/medium-2/neos-4387871-tavua.mps with config: /scratch/yorig/mpils-results-grid-ticks-10000-7may/medium-2/24proc-4pils/seed-2/1_neos-4387871-tavua_seed-2_20260510_033052/iterated_local_search/run_7_worker_16/parallel_20_2.prm
[INFO]:[03:37:11] CPLEX results. Gap: 36.410000, upper bound: 35.142100, lower bound: 22.348441
[INFO]:[03:37:11] CPLEX solver finished. Gap: 36.410000
[INFO]:[03:37:11] Starting CPLEX solver on instance: /home/yorig/tuner/mpils-tests/instances/miplib/medium-2/neos-4387871-tavua.mps with config: /scratch/yorig/mpils-results-grid-ticks-10000-7may/medium-2/24proc-4pils/seed-2/1_neos-4387871-tavua_seed-2_20260510_033052/iterated_local_search/run_7_worker_16/parallel_24_2.prm
[INFO]:[03:37:17] CPLEX results. Gap: 36.410000, upper bound: 35.142100, lower bound: 22.348441
[INFO]:[03:37:17] CPLEX solver finished. Gap: 36.410000
[INFO]:[03:37:18] Starting CPLEX solver on instance: /home/yorig/tuner/mpils-tests/instances/miplib/medium-2/neos-4387871-tavua.mps with config: /scratch/yorig/mpils-results-grid-ticks-10000-7may/medium-2/24proc-4pils/seed-2/1_neos-4387871-tavua_seed-2_20260510_033052/iterated_local_search/run_7_worker_16/parallel_28_2.prm
[INFO]:[03:37:24] CPLEX results. Gap: 48.440000, upper bound: 35.556310, lower bound: 18.333144
[INFO]:[03:37:24] CPLEX solver finished. Gap: 48.440000
[INFO]:[03:37:24] Worker (ils_group_rank=2) exiting parallel ILS evaluation service.
[INFO]:[03:37:32] Worker 18 completed exploration phase.
[INFO]:[03:37:32] Worker 18 received order for step 3.
[INFO]:[03:37:32] Worker 18 finished.
