[INFO]:[07:54:36] Worker 9 starting.
[INFO]:[07:54:36] Worker 9 received order for step 1.
[INFO]:[07:54:36] Worker 9 running exploration phase for iteration 1.
[INFO]:[07:54:36] Worker 9 at iteration 1 will not use a MIP start file. Current best MIP-start upper bound threshold is 1.79769e+308.
[INFO]:[07:54:36] Starting local search phase...
[INFO]:[07:54:36] Worker (ils_group_rank=9) entering parallel ILS evaluation service.
[INFO]:[07:54:36] Starting CPLEX solver on instance: /home/yorig/tuner/mpils-tests/instances/miplib/easy/supportcase33.mps with config: /scratch/yorig/mpils-results-grid-ticks-10000-7may/easy/16proc-16pils/seed-5/10_supportcase33_seed-5_20260510_075435/iterated_local_search/run_1_worker_0/parallel_0_9.prm
[INFO]:[07:54:43] CPLEX results. Gap: 35.000000, upper bound: -300.000000, lower bound: -405.000000
[INFO]:[07:54:43] CPLEX solver finished. Gap: 35.000000
[INFO]:[07:54:44] Starting CPLEX solver on instance: /home/yorig/tuner/mpils-tests/instances/miplib/easy/supportcase33.mps with config: /scratch/yorig/mpils-results-grid-ticks-10000-7may/easy/16proc-16pils/seed-5/10_supportcase33_seed-5_20260510_075435/iterated_local_search/run_1_worker_0/parallel_16_9.prm
[INFO]:[07:54:51] CPLEX results. Gap: 14.550000, upper bound: -340.000000, lower bound: -389.482759
[INFO]:[07:54:51] CPLEX solver finished. Gap: 14.550000
[INFO]:[07:54:52] Worker (ils_group_rank=9) exiting parallel ILS evaluation service.
[INFO]:[07:54:52] Worker 9 completed exploration phase.
[INFO]:[07:54:52] Worker 9 received order for step 2.
[INFO]:[07:54:52] Worker 9 running expansion phase for iteration 1.
[INFO]:[07:54:52] Worker 9 will use solver log file: /scratch/yorig/mpils-results-grid-ticks-10000-7may/easy/16proc-16pils/seed-5/10_supportcase33_seed-5_20260510_075435/solver/cplex.log_iteration_expansion_1_worker_9
[INFO]:[07:54:52] Expansion Worker 9 starting expansion for iteration 1.
[INFO]:[07:54:52] Starting CPLEX solver on instance: /home/yorig/tuner/mpils-tests/instances/miplib/easy/supportcase33.mps with config: /scratch/yorig/mpils-results-grid-ticks-10000-7may/easy/16proc-16pils/seed-5/10_supportcase33_seed-5_20260510_075435/expansion/config_param_CPXPARAM_MIP_Strategy_VariableSelect_1_iter_1.prm
[INFO]:[07:54:59] CPLEX results. Gap: 28.790000, upper bound: -325.000000, lower bound: -418.571429
[INFO]:[07:54:59] CPLEX solver finished. Gap: 28.790000
[INFO]:[07:55:00] Starting CPLEX solver on instance: /home/yorig/tuner/mpils-tests/instances/miplib/easy/supportcase33.mps with config: /scratch/yorig/mpils-results-grid-ticks-10000-7may/easy/16proc-16pils/seed-5/10_supportcase33_seed-5_20260510_075435/expansion/config_param_CPXPARAM_MIP_Limits_ProbeTime_30_iter_1.prm
[INFO]:[07:55:07] CPLEX results. Gap: 21.560000, upper bound: -335.000000, lower bound: -407.222222
[INFO]:[07:55:07] CPLEX solver finished. Gap: 21.560000
[INFO]:[07:55:07] Expansion Worker 9 stopping early after global MPI expansion stop was activated.
[INFO]:[07:55:07] Expansion Worker 9 completed expansion.
[INFO]:[07:55:07] Worker 9 completed expansion phase.
[INFO]:[07:55:07] Worker 9 received order for step 1.
[INFO]:[07:55:07] Worker 9 running exploration phase for iteration 2.
[INFO]:[07:55:07] Worker 9 at iteration 2 will not use a MIP start file. Current best MIP-start upper bound threshold is 1.79769e+308.
[INFO]:[07:55:07] Starting local search phase...
[INFO]:[07:55:07] Worker (ils_group_rank=9) entering parallel ILS evaluation service.
[INFO]:[07:55:07] Starting CPLEX solver on instance: /home/yorig/tuner/mpils-tests/instances/miplib/easy/supportcase33.mps with config: /scratch/yorig/mpils-results-grid-ticks-10000-7may/easy/16proc-16pils/seed-5/10_supportcase33_seed-5_20260510_075435/iterated_local_search/run_2_worker_0/parallel_0_9.prm
[INFO]:[07:55:14] CPLEX results. Gap: 5.800000, upper bound: -345.000000, lower bound: -365.000000
[INFO]:[07:55:14] CPLEX solver finished. Gap: 5.800000
[INFO]:[07:55:14] Worker (ils_group_rank=9) exiting parallel ILS evaluation service.
[INFO]:[07:55:14] Worker 9 completed exploration phase.
[INFO]:[07:55:14] Worker 9 received order for step 2.
[INFO]:[07:55:14] Worker 9 running expansion phase for iteration 2.
[INFO]:[07:55:14] Worker 9 will use solver log file: /scratch/yorig/mpils-results-grid-ticks-10000-7may/easy/16proc-16pils/seed-5/10_supportcase33_seed-5_20260510_075435/solver/cplex.log_iteration_expansion_2_worker_9
[INFO]:[07:55:14] Expansion Worker 9 starting expansion for iteration 2.
[INFO]:[07:55:14] Starting CPLEX solver on instance: /home/yorig/tuner/mpils-tests/instances/miplib/easy/supportcase33.mps with config: /scratch/yorig/mpils-results-grid-ticks-10000-7may/easy/16proc-16pils/seed-5/10_supportcase33_seed-5_20260510_075435/expansion/config_param_CPXPARAM_MIP_Limits_ProbeTime_60_iter_2.prm
[INFO]:[07:55:21] CPLEX results. Gap: 14.970000, upper bound: -335.000000, lower bound: -385.138889
[INFO]:[07:55:21] CPLEX solver finished. Gap: 14.970000
[INFO]:[07:55:22] Expansion Worker 9 stopping early after global MPI expansion stop was activated.
[INFO]:[07:55:22] Expansion Worker 9 completed expansion.
[INFO]:[07:55:22] Worker 9 completed expansion phase.
[INFO]:[07:55:22] Worker 9 received order for step 1.
[INFO]:[07:55:22] Worker 9 running exploration phase for iteration 3.
[INFO]:[07:55:22] Worker 9 at iteration 3 will not use a MIP start file. Current best MIP-start upper bound threshold is 1.79769e+308.
[INFO]:[07:55:22] Starting local search phase...
[INFO]:[07:55:22] Worker (ils_group_rank=9) entering parallel ILS evaluation service.
[INFO]:[07:55:22] Starting CPLEX solver on instance: /home/yorig/tuner/mpils-tests/instances/miplib/easy/supportcase33.mps with config: /scratch/yorig/mpils-results-grid-ticks-10000-7may/easy/16proc-16pils/seed-5/10_supportcase33_seed-5_20260510_075435/iterated_local_search/run_3_worker_0/parallel_0_9.prm
[INFO]:[07:55:29] CPLEX results. Gap: 5.880000, upper bound: -340.000000, lower bound: -360.000000
[INFO]:[07:55:29] CPLEX solver finished. Gap: 5.880000
[INFO]:[07:55:29] Worker (ils_group_rank=9) exiting parallel ILS evaluation service.
[INFO]:[07:55:29] Worker 9 completed exploration phase.
[INFO]:[07:55:29] Worker 9 received order for step 2.
[INFO]:[07:55:29] Worker 9 running expansion phase for iteration 3.
[INFO]:[07:55:29] Worker 9 will use solver log file: /scratch/yorig/mpils-results-grid-ticks-10000-7may/easy/16proc-16pils/seed-5/10_supportcase33_seed-5_20260510_075435/solver/cplex.log_iteration_expansion_3_worker_9
[INFO]:[07:55:29] Expansion Worker 9 starting expansion for iteration 3.
[INFO]:[07:55:29] Starting CPLEX solver on instance: /home/yorig/tuner/mpils-tests/instances/miplib/easy/supportcase33.mps with config: /scratch/yorig/mpils-results-grid-ticks-10000-7may/easy/16proc-16pils/seed-5/10_supportcase33_seed-5_20260510_075435/expansion/config_param_CPXPARAM_MIP_Strategy_Branch_1_iter_3.prm
[INFO]:[07:55:36] CPLEX results. Gap: 4.410000, upper bound: -340.000000, lower bound: -355.000000
[INFO]:[07:55:36] CPLEX solver finished. Gap: 4.410000
[INFO]:[07:55:36] Starting CPLEX solver on instance: /home/yorig/tuner/mpils-tests/instances/miplib/easy/supportcase33.mps with config: /scratch/yorig/mpils-results-grid-ticks-10000-7may/easy/16proc-16pils/seed-5/10_supportcase33_seed-5_20260510_075435/expansion/config_param_CPXPARAM_Preprocessing_Symmetry_4_iter_3.prm
[INFO]:[07:55:43] CPLEX results. Gap: 2.900000, upper bound: -345.000000, lower bound: -355.000000
[INFO]:[07:55:43] CPLEX solver finished. Gap: 2.900000
[INFO]:[07:55:50] Expansion Worker 9 completed expansion.
[INFO]:[07:55:50] Worker 9 completed expansion phase.
[INFO]:[07:55:50] Worker 9 received order for step 1.
[INFO]:[07:55:50] Worker 9 running exploration phase for iteration 4.
[INFO]:[07:55:50] Worker 9 at iteration 4 will not use a MIP start file. Current best MIP-start upper bound threshold is 1.79769e+308.
[INFO]:[07:55:50] Starting local search phase...
[INFO]:[07:55:50] Worker (ils_group_rank=9) entering parallel ILS evaluation service.
[INFO]:[07:55:50] Starting CPLEX solver on instance: /home/yorig/tuner/mpils-tests/instances/miplib/easy/supportcase33.mps with config: /scratch/yorig/mpils-results-grid-ticks-10000-7may/easy/16proc-16pils/seed-5/10_supportcase33_seed-5_20260510_075435/iterated_local_search/run_4_worker_0/parallel_0_9.prm
[INFO]:[07:55:58] CPLEX results. Gap: 32.790000, upper bound: -305.000000, lower bound: -405.000000
[INFO]:[07:55:58] CPLEX solver finished. Gap: 32.790000
[INFO]:[07:55:58] Worker (ils_group_rank=9) exiting parallel ILS evaluation service.
[INFO]:[07:55:58] Worker 9 completed exploration phase.
[INFO]:[07:55:58] Worker 9 received order for step 2.
[INFO]:[07:55:58] Worker 9 running expansion phase for iteration 4.
[INFO]:[07:55:58] Worker 9 will use solver log file: /scratch/yorig/mpils-results-grid-ticks-10000-7may/easy/16proc-16pils/seed-5/10_supportcase33_seed-5_20260510_075435/solver/cplex.log_iteration_expansion_4_worker_9
[INFO]:[07:55:58] Expansion Worker 9 starting expansion for iteration 4.
[INFO]:[07:55:58] Starting CPLEX solver on instance: /home/yorig/tuner/mpils-tests/instances/miplib/easy/supportcase33.mps with config: /scratch/yorig/mpils-results-grid-ticks-10000-7may/easy/16proc-16pils/seed-5/10_supportcase33_seed-5_20260510_075435/expansion/config_param_CPXPARAM_MIP_Strategy_SubAlgorithm_4_iter_4.prm
[INFO]:[07:56:02] CPLEX results. Gap: 183.870000, upper bound: -155.000000, lower bound: -440.000000
[INFO]:[07:56:02] CPLEX solver finished. Gap: 183.870000
[INFO]:[07:56:05] Starting CPLEX solver on instance: /home/yorig/tuner/mpils-tests/instances/miplib/easy/supportcase33.mps with config: /scratch/yorig/mpils-results-grid-ticks-10000-7may/easy/16proc-16pils/seed-5/10_supportcase33_seed-5_20260510_075435/expansion/config_param_CPXPARAM_MIP_Limits_AggForCut_2_iter_4.prm
[INFO]:[07:56:12] CPLEX results. Gap: 2.900000, upper bound: -345.000000, lower bound: -355.000000
[INFO]:[07:56:12] CPLEX solver finished. Gap: 2.900000
[INFO]:[07:56:19] Expansion Worker 9 completed expansion.
[INFO]:[07:56:19] Worker 9 completed expansion phase.
[INFO]:[07:56:19] Worker 9 received order for step 1.
[INFO]:[07:56:19] Worker 9 running exploration phase for iteration 5.
[INFO]:[07:56:19] Worker 9 at iteration 5 will not use a MIP start file. Current best MIP-start upper bound threshold is 1.79769e+308.
[INFO]:[07:56:19] Starting local search phase...
[INFO]:[07:56:19] Worker (ils_group_rank=9) entering parallel ILS evaluation service.
[INFO]:[07:56:19] Starting CPLEX solver on instance: /home/yorig/tuner/mpils-tests/instances/miplib/easy/supportcase33.mps with config: /scratch/yorig/mpils-results-grid-ticks-10000-7may/easy/16proc-16pils/seed-5/10_supportcase33_seed-5_20260510_075435/iterated_local_search/run_5_worker_0/parallel_0_9.prm
[INFO]:[07:56:26] CPLEX results. Gap: 7.980000, upper bound: -340.000000, lower bound: -367.143458
[INFO]:[07:56:26] CPLEX solver finished. Gap: 7.980000
[INFO]:[07:56:26] Worker (ils_group_rank=9) exiting parallel ILS evaluation service.
[INFO]:[07:56:26] Worker 9 completed exploration phase.
[INFO]:[07:56:27] Worker 9 received order for step 2.
[INFO]:[07:56:27] Worker 9 running expansion phase for iteration 5.
[INFO]:[07:56:27] Worker 9 will use solver log file: /scratch/yorig/mpils-results-grid-ticks-10000-7may/easy/16proc-16pils/seed-5/10_supportcase33_seed-5_20260510_075435/solver/cplex.log_iteration_expansion_5_worker_9
[INFO]:[07:56:27] Expansion Worker 9 starting expansion for iteration 5.
[INFO]:[07:56:27] Starting CPLEX solver on instance: /home/yorig/tuner/mpils-tests/instances/miplib/easy/supportcase33.mps with config: /scratch/yorig/mpils-results-grid-ticks-10000-7may/easy/16proc-16pils/seed-5/10_supportcase33_seed-5_20260510_075435/expansion/config_param_CPXPARAM_Preprocessing_Dependency_1_iter_5.prm
[INFO]:[07:56:33] CPLEX results. Gap: 2.920000, upper bound: -345.000000, lower bound: -355.087719
[INFO]:[07:56:33] CPLEX solver finished. Gap: 2.920000
[INFO]:[07:56:34] Starting CPLEX solver on instance: /home/yorig/tuner/mpils-tests/instances/miplib/easy/supportcase33.mps with config: /scratch/yorig/mpils-results-grid-ticks-10000-7may/easy/16proc-16pils/seed-5/10_supportcase33_seed-5_20260510_075435/expansion/config_param_CPXPARAM_Network_Pricing_3_iter_5.prm
[INFO]:[07:56:41] CPLEX results. Gap: 2.900000, upper bound: -345.000000, lower bound: -355.000000
[INFO]:[07:56:41] CPLEX solver finished. Gap: 2.900000
[INFO]:[07:56:41] Expansion Worker 9 completed expansion.
[INFO]:[07:56:41] Worker 9 completed expansion phase.
[INFO]:[07:56:41] Worker 9 received order for step 1.
[INFO]:[07:56:41] Worker 9 running exploration phase for iteration 6.
[INFO]:[07:56:41] Worker 9 at iteration 6 will not use a MIP start file. Current best MIP-start upper bound threshold is 1.79769e+308.
[INFO]:[07:56:41] Starting local search phase...
[INFO]:[07:56:41] Worker (ils_group_rank=9) entering parallel ILS evaluation service.
[INFO]:[07:56:41] Starting CPLEX solver on instance: /home/yorig/tuner/mpils-tests/instances/miplib/easy/supportcase33.mps with config: /scratch/yorig/mpils-results-grid-ticks-10000-7may/easy/16proc-16pils/seed-5/10_supportcase33_seed-5_20260510_075435/iterated_local_search/run_6_worker_0/parallel_0_9.prm
[INFO]:[07:56:48] CPLEX results. Gap: 5.800000, upper bound: -345.000000, lower bound: -365.000000
[INFO]:[07:56:48] CPLEX solver finished. Gap: 5.800000
[INFO]:[07:56:48] Starting CPLEX solver on instance: /home/yorig/tuner/mpils-tests/instances/miplib/easy/supportcase33.mps with config: /scratch/yorig/mpils-results-grid-ticks-10000-7may/easy/16proc-16pils/seed-5/10_supportcase33_seed-5_20260510_075435/iterated_local_search/run_6_worker_0/parallel_16_9.prm
[INFO]:[07:56:55] CPLEX results. Gap: 2.900000, upper bound: -345.000000, lower bound: -355.000000
[INFO]:[07:56:55] CPLEX solver finished. Gap: 2.900000
[INFO]:[07:56:56] Worker (ils_group_rank=9) exiting parallel ILS evaluation service.
[INFO]:[07:56:56] Worker 9 completed exploration phase.
[INFO]:[07:56:56] Worker 9 received order for step 2.
[INFO]:[07:56:56] Worker 9 running expansion phase for iteration 6.
[INFO]:[07:56:56] Worker 9 will use solver log file: /scratch/yorig/mpils-results-grid-ticks-10000-7may/easy/16proc-16pils/seed-5/10_supportcase33_seed-5_20260510_075435/solver/cplex.log_iteration_expansion_6_worker_9
[INFO]:[07:56:56] Expansion Worker 9 starting expansion for iteration 6.
[INFO]:[07:56:56] Starting CPLEX solver on instance: /home/yorig/tuner/mpils-tests/instances/miplib/easy/supportcase33.mps with config: /scratch/yorig/mpils-results-grid-ticks-10000-7may/easy/16proc-16pils/seed-5/10_supportcase33_seed-5_20260510_075435/expansion/config_param_CPXPARAM_Preprocessing_RepeatPresolve_3_iter_6.prm
[INFO]:[07:57:02] CPLEX results. Gap: 0.000000, upper bound: -345.000000, lower bound: -345.000000
[INFO]:[07:57:02] CPLEX solver finished. Gap: 0.000000
[INFO]:[07:57:02] Expansion Worker 9 found an improving configuration with objective value 0.
[INFO]:[07:57:03] Expansion Worker 9 stopping early after global MPI expansion stop was activated.
[INFO]:[07:57:03] Expansion Worker 9 completed expansion.
[INFO]:[07:57:03] Worker 9 completed expansion phase.
[INFO]:[07:57:03] Worker 9 received order for step 3.
[INFO]:[07:57:03] Worker 9 finished.
