[INFO]:[05:32:01] Worker 15 starting.
[INFO]:[05:32:01] Worker 15 received order for step 1.
[INFO]:[05:32:01] Worker 15 running exploration phase for iteration 1.
[INFO]:[05:32:01] Worker 15 at iteration 1 will not use a MIP start file. Current best MIP-start upper bound threshold is 1.79769e+308.
[INFO]:[05:32:01] Starting local search phase...
[INFO]:[05:32:01] Worker (ils_group_rank=15) entering parallel ILS evaluation service.
[INFO]:[05:32:01] Starting CPLEX solver on instance: /home/yorig/tuner/mpils-tests/instances/miplib/medium-2/rococoB10-011000.mps with config: /scratch/yorig/mpils-results-grid-ticks-10000-7may/medium-2/24proc-24pils/seed-2/5_rococoB10-011000_seed-2_20260510_053200/iterated_local_search/run_1_worker_0/parallel_0_15.prm
[INFO]:[05:32:08] CPLEX results. Gap: 25.690000, upper bound: 21228.000000, lower bound: 15774.003688
[INFO]:[05:32:08] CPLEX solver finished. Gap: 25.690000
[INFO]:[05:32:09] Worker (ils_group_rank=15) exiting parallel ILS evaluation service.
[INFO]:[05:32:09] Worker 15 completed exploration phase.
[INFO]:[05:32:09] Worker 15 received order for step 2.
[INFO]:[05:32:09] Worker 15 running expansion phase for iteration 1.
[INFO]:[05:32:09] Worker 15 will use solver log file: /scratch/yorig/mpils-results-grid-ticks-10000-7may/medium-2/24proc-24pils/seed-2/5_rococoB10-011000_seed-2_20260510_053200/solver/cplex.log_iteration_expansion_1_worker_15
[INFO]:[05:32:09] Expansion Worker 15 starting expansion for iteration 1.
[INFO]:[05:32:09] Starting CPLEX solver on instance: /home/yorig/tuner/mpils-tests/instances/miplib/medium-2/rococoB10-011000.mps with config: /scratch/yorig/mpils-results-grid-ticks-10000-7may/medium-2/24proc-24pils/seed-2/5_rococoB10-011000_seed-2_20260510_053200/expansion/config_param_CPXPARAM_MIP_Strategy_NodeSelect_3_iter_1.prm
[INFO]:[05:32:16] CPLEX results. Gap: 29.850000, upper bound: 20177.000000, lower bound: 14154.796758
[INFO]:[05:32:16] CPLEX solver finished. Gap: 29.850000
[INFO]:[05:32:16] Expansion Worker 15 stopping early after global MPI expansion stop was activated.
[INFO]:[05:32:16] Expansion Worker 15 completed expansion.
[INFO]:[05:32:16] Worker 15 completed expansion phase.
[INFO]:[05:32:16] Worker 15 received order for step 1.
[INFO]:[05:32:16] Worker 15 running exploration phase for iteration 2.
[INFO]:[05:32:16] Worker 15 at iteration 2 will not use a MIP start file. Current best MIP-start upper bound threshold is 1.79769e+308.
[INFO]:[05:32:16] Starting local search phase...
[INFO]:[05:32:16] Worker (ils_group_rank=15) entering parallel ILS evaluation service.
[INFO]:[05:32:16] Starting CPLEX solver on instance: /home/yorig/tuner/mpils-tests/instances/miplib/medium-2/rococoB10-011000.mps with config: /scratch/yorig/mpils-results-grid-ticks-10000-7may/medium-2/24proc-24pils/seed-2/5_rococoB10-011000_seed-2_20260510_053200/iterated_local_search/run_2_worker_0/parallel_0_15.prm
[INFO]:[05:32:22] CPLEX results. Gap: 25.240000, upper bound: 21228.000000, lower bound: 15869.024971
[INFO]:[05:32:22] CPLEX solver finished. Gap: 25.240000
[INFO]:[05:32:23] Worker (ils_group_rank=15) exiting parallel ILS evaluation service.
[INFO]:[05:32:23] Worker 15 completed exploration phase.
[INFO]:[05:32:23] Worker 15 received order for step 2.
[INFO]:[05:32:23] Worker 15 running expansion phase for iteration 2.
[INFO]:[05:32:23] Worker 15 will use solver log file: /scratch/yorig/mpils-results-grid-ticks-10000-7may/medium-2/24proc-24pils/seed-2/5_rococoB10-011000_seed-2_20260510_053200/solver/cplex.log_iteration_expansion_2_worker_15
[INFO]:[05:32:23] Expansion Worker 15 starting expansion for iteration 2.
[INFO]:[05:32:23] Starting CPLEX solver on instance: /home/yorig/tuner/mpils-tests/instances/miplib/medium-2/rococoB10-011000.mps with config: /scratch/yorig/mpils-results-grid-ticks-10000-7may/medium-2/24proc-24pils/seed-2/5_rococoB10-011000_seed-2_20260510_053200/expansion/config_param_CPXPARAM_MIP_Limits_ProbeTime_10_iter_2.prm
[INFO]:[05:32:29] CPLEX results. Gap: 24.950000, upper bound: 20944.000000, lower bound: 15717.755961
[INFO]:[05:32:29] CPLEX solver finished. Gap: 24.950000
[INFO]:[05:32:30] Starting CPLEX solver on instance: /home/yorig/tuner/mpils-tests/instances/miplib/medium-2/rococoB10-011000.mps with config: /scratch/yorig/mpils-results-grid-ticks-10000-7may/medium-2/24proc-24pils/seed-2/5_rococoB10-011000_seed-2_20260510_053200/expansion/config_param_CPXPARAM_MIP_Strategy_Branch_-1_iter_2.prm
[INFO]:[05:32:37] CPLEX results. Gap: 26.360000, upper bound: 21228.000000, lower bound: 15631.447962
[INFO]:[05:32:37] CPLEX solver finished. Gap: 26.360000
[INFO]:[05:32:43] Expansion Worker 15 completed expansion.
[INFO]:[05:32:43] Worker 15 completed expansion phase.
[INFO]:[05:32:44] Worker 15 received order for step 1.
[INFO]:[05:32:44] Worker 15 running exploration phase for iteration 3.
[INFO]:[05:32:44] Worker 15 at iteration 3 will not use a MIP start file. Current best MIP-start upper bound threshold is 1.79769e+308.
[INFO]:[05:32:44] Starting local search phase...
[INFO]:[05:32:44] Worker (ils_group_rank=15) entering parallel ILS evaluation service.
[INFO]:[05:32:44] Starting CPLEX solver on instance: /home/yorig/tuner/mpils-tests/instances/miplib/medium-2/rococoB10-011000.mps with config: /scratch/yorig/mpils-results-grid-ticks-10000-7may/medium-2/24proc-24pils/seed-2/5_rococoB10-011000_seed-2_20260510_053200/iterated_local_search/run_3_worker_0/parallel_0_15.prm
[INFO]:[05:32:50] CPLEX results. Gap: 24.950000, upper bound: 20944.000000, lower bound: 15717.755961
[INFO]:[05:32:50] CPLEX solver finished. Gap: 24.950000
[INFO]:[05:32:50] Worker (ils_group_rank=15) exiting parallel ILS evaluation service.
[INFO]:[05:32:50] Worker 15 completed exploration phase.
[INFO]:[05:32:50] Worker 15 received order for step 2.
[INFO]:[05:32:50] Worker 15 running expansion phase for iteration 3.
[INFO]:[05:32:50] Worker 15 will use solver log file: /scratch/yorig/mpils-results-grid-ticks-10000-7may/medium-2/24proc-24pils/seed-2/5_rococoB10-011000_seed-2_20260510_053200/solver/cplex.log_iteration_expansion_3_worker_15
[INFO]:[05:32:50] Expansion Worker 15 starting expansion for iteration 3.
[INFO]:[05:32:50] Starting CPLEX solver on instance: /home/yorig/tuner/mpils-tests/instances/miplib/medium-2/rococoB10-011000.mps with config: /scratch/yorig/mpils-results-grid-ticks-10000-7may/medium-2/24proc-24pils/seed-2/5_rococoB10-011000_seed-2_20260510_053200/expansion/config_param_CPXPARAM_MIP_Strategy_HeuristicFreq_1000_iter_3.prm
[INFO]:[05:32:57] CPLEX results. Gap: 25.850000, upper bound: 21228.000000, lower bound: 15740.916383
[INFO]:[05:32:57] CPLEX solver finished. Gap: 25.850000
[INFO]:[05:32:58] Expansion Worker 15 stopping early after global MPI expansion stop was activated.
[INFO]:[05:32:58] Expansion Worker 15 completed expansion.
[INFO]:[05:32:58] Worker 15 completed expansion phase.
[INFO]:[05:32:58] Worker 15 received order for step 1.
[INFO]:[05:32:58] Worker 15 running exploration phase for iteration 4.
[INFO]:[05:32:58] Worker 15 at iteration 4 will not use a MIP start file. Current best MIP-start upper bound threshold is 1.79769e+308.
[INFO]:[05:32:58] Starting local search phase...
[INFO]:[05:32:58] Worker (ils_group_rank=15) entering parallel ILS evaluation service.
[INFO]:[05:32:58] Starting CPLEX solver on instance: /home/yorig/tuner/mpils-tests/instances/miplib/medium-2/rococoB10-011000.mps with config: /scratch/yorig/mpils-results-grid-ticks-10000-7may/medium-2/24proc-24pils/seed-2/5_rococoB10-011000_seed-2_20260510_053200/iterated_local_search/run_4_worker_0/parallel_0_15.prm
[INFO]:[05:33:05] CPLEX results. Gap: 24.950000, upper bound: 20944.000000, lower bound: 15717.755961
[INFO]:[05:33:05] CPLEX solver finished. Gap: 24.950000
[INFO]:[05:33:05] Worker (ils_group_rank=15) exiting parallel ILS evaluation service.
[INFO]:[05:33:05] Worker 15 completed exploration phase.
[INFO]:[05:33:05] Worker 15 received order for step 2.
[INFO]:[05:33:05] Worker 15 running expansion phase for iteration 4.
[INFO]:[05:33:05] Worker 15 will use solver log file: /scratch/yorig/mpils-results-grid-ticks-10000-7may/medium-2/24proc-24pils/seed-2/5_rococoB10-011000_seed-2_20260510_053200/solver/cplex.log_iteration_expansion_4_worker_15
[INFO]:[05:33:05] Expansion Worker 15 starting expansion for iteration 4.
[INFO]:[05:33:05] Starting CPLEX solver on instance: /home/yorig/tuner/mpils-tests/instances/miplib/medium-2/rococoB10-011000.mps with config: /scratch/yorig/mpils-results-grid-ticks-10000-7may/medium-2/24proc-24pils/seed-2/5_rococoB10-011000_seed-2_20260510_053200/expansion/config_param_CPXPARAM_MIP_Strategy_SubAlgorithm_3_iter_4.prm
[INFO]:[05:33:11] CPLEX results. Gap: 40.620000, upper bound: 22792.000000, lower bound: 13534.862016
[INFO]:[05:33:11] CPLEX solver finished. Gap: 40.620000
[INFO]:[05:33:13] Expansion Worker 15 stopping early after global MPI expansion stop was activated.
[INFO]:[05:33:13] Expansion Worker 15 completed expansion.
[INFO]:[05:33:13] Worker 15 completed expansion phase.
[INFO]:[05:33:13] Worker 15 received order for step 1.
[INFO]:[05:33:13] Worker 15 running exploration phase for iteration 5.
[INFO]:[05:33:13] Worker 15 at iteration 5 will not use a MIP start file. Current best MIP-start upper bound threshold is 1.79769e+308.
[INFO]:[05:33:13] Starting local search phase...
[INFO]:[05:33:13] Worker (ils_group_rank=15) entering parallel ILS evaluation service.
[INFO]:[05:33:13] Starting CPLEX solver on instance: /home/yorig/tuner/mpils-tests/instances/miplib/medium-2/rococoB10-011000.mps with config: /scratch/yorig/mpils-results-grid-ticks-10000-7may/medium-2/24proc-24pils/seed-2/5_rococoB10-011000_seed-2_20260510_053200/iterated_local_search/run_5_worker_0/parallel_0_15.prm
[WARN]:[05:33:19] CPLEX finished without a primal feasible solution for config /scratch/yorig/mpils-results-grid-ticks-10000-7may/medium-2/24proc-24pils/seed-2/5_rococoB10-011000_seed-2_20260510_053200/iterated_local_search/run_5_worker_0/parallel_0_15.prm.
[INFO]:[05:33:19] CPLEX results. Gap: unavailable, upper bound: null, lower bound: 15903.262599
[INFO]:[05:33:19] CPLEX solver finished. Gap: 179769313486231570814527423731704356798070567525844996598917476803157260780028538760589558632766878171540458953514382464234321326889464182768467546703537516986049910576551282076245490090389328944075868508455133942304583236903222948165808559332123348274797826204144723168738177180919299881250404026184124858368.000000
[INFO]:[05:33:21] Worker (ils_group_rank=15) exiting parallel ILS evaluation service.
[INFO]:[05:33:21] Worker 15 completed exploration phase.
[INFO]:[05:33:21] Worker 15 received order for step 2.
[INFO]:[05:33:21] Worker 15 running expansion phase for iteration 5.
[INFO]:[05:33:21] Worker 15 will use solver log file: /scratch/yorig/mpils-results-grid-ticks-10000-7may/medium-2/24proc-24pils/seed-2/5_rococoB10-011000_seed-2_20260510_053200/solver/cplex.log_iteration_expansion_5_worker_15
[INFO]:[05:33:21] Expansion Worker 15 starting expansion for iteration 5.
[INFO]:[05:33:21] Starting CPLEX solver on instance: /home/yorig/tuner/mpils-tests/instances/miplib/medium-2/rococoB10-011000.mps with config: /scratch/yorig/mpils-results-grid-ticks-10000-7may/medium-2/24proc-24pils/seed-2/5_rococoB10-011000_seed-2_20260510_053200/expansion/config_param_CPXPARAM_Simplex_DGradient_5_iter_5.prm
[INFO]:[05:33:28] CPLEX results. Gap: 28.680000, upper bound: 20916.000000, lower bound: 14918.061463
[INFO]:[05:33:28] CPLEX solver finished. Gap: 28.680000
[INFO]:[05:33:30] Expansion Worker 15 stopping early after global MPI expansion stop was activated.
[INFO]:[05:33:30] Expansion Worker 15 completed expansion.
[INFO]:[05:33:30] Worker 15 completed expansion phase.
[INFO]:[05:33:30] Worker 15 received order for step 1.
[INFO]:[05:33:30] Worker 15 running exploration phase for iteration 6.
[INFO]:[05:33:30] Worker 15 at iteration 6 will not use a MIP start file. Current best MIP-start upper bound threshold is 1.79769e+308.
[INFO]:[05:33:30] Starting local search phase...
[INFO]:[05:33:30] Worker (ils_group_rank=15) entering parallel ILS evaluation service.
[INFO]:[05:33:30] Starting CPLEX solver on instance: /home/yorig/tuner/mpils-tests/instances/miplib/medium-2/rococoB10-011000.mps with config: /scratch/yorig/mpils-results-grid-ticks-10000-7may/medium-2/24proc-24pils/seed-2/5_rococoB10-011000_seed-2_20260510_053200/iterated_local_search/run_6_worker_0/parallel_0_15.prm
[INFO]:[05:33:36] CPLEX results. Gap: 22.900000, upper bound: 20415.000000, lower bound: 15739.569841
[INFO]:[05:33:36] CPLEX solver finished. Gap: 22.900000
[INFO]:[05:33:37] Worker (ils_group_rank=15) exiting parallel ILS evaluation service.
[INFO]:[05:33:37] Worker 15 completed exploration phase.
[INFO]:[05:33:37] Worker 15 received order for step 2.
[INFO]:[05:33:37] Worker 15 running expansion phase for iteration 6.
[INFO]:[05:33:37] Worker 15 will use solver log file: /scratch/yorig/mpils-results-grid-ticks-10000-7may/medium-2/24proc-24pils/seed-2/5_rococoB10-011000_seed-2_20260510_053200/solver/cplex.log_iteration_expansion_6_worker_15
[INFO]:[05:33:37] Expansion Worker 15 starting expansion for iteration 6.
[INFO]:[05:33:37] Starting CPLEX solver on instance: /home/yorig/tuner/mpils-tests/instances/miplib/medium-2/rococoB10-011000.mps with config: /scratch/yorig/mpils-results-grid-ticks-10000-7may/medium-2/24proc-24pils/seed-2/5_rococoB10-011000_seed-2_20260510_053200/expansion/config_param_CPXPARAM_Preprocessing_Fill_40_iter_6.prm
[INFO]:[05:33:44] CPLEX results. Gap: 22.730000, upper bound: 20415.000000, lower bound: 15774.645380
[INFO]:[05:33:44] CPLEX solver finished. Gap: 22.730000
[INFO]:[05:33:50] Expansion Worker 15 completed expansion.
[INFO]:[05:33:50] Worker 15 completed expansion phase.
[INFO]:[05:33:50] Worker 15 received order for step 1.
[INFO]:[05:33:50] Worker 15 running exploration phase for iteration 7.
[INFO]:[05:33:50] Worker 15 at iteration 7 will not use a MIP start file. Current best MIP-start upper bound threshold is 1.79769e+308.
[INFO]:[05:33:50] Starting local search phase...
[INFO]:[05:33:50] Worker (ils_group_rank=15) entering parallel ILS evaluation service.
[INFO]:[05:33:50] Starting CPLEX solver on instance: /home/yorig/tuner/mpils-tests/instances/miplib/medium-2/rococoB10-011000.mps with config: /scratch/yorig/mpils-results-grid-ticks-10000-7may/medium-2/24proc-24pils/seed-2/5_rococoB10-011000_seed-2_20260510_053200/iterated_local_search/run_7_worker_0/parallel_0_15.prm
[INFO]:[05:33:57] CPLEX results. Gap: 22.730000, upper bound: 20415.000000, lower bound: 15774.645380
[INFO]:[05:33:57] CPLEX solver finished. Gap: 22.730000
[INFO]:[05:33:57] Worker (ils_group_rank=15) exiting parallel ILS evaluation service.
[INFO]:[05:33:57] Worker 15 completed exploration phase.
[INFO]:[05:33:57] Worker 15 received order for step 2.
[INFO]:[05:33:57] Worker 15 running expansion phase for iteration 7.
[INFO]:[05:33:57] Worker 15 will use solver log file: /scratch/yorig/mpils-results-grid-ticks-10000-7may/medium-2/24proc-24pils/seed-2/5_rococoB10-011000_seed-2_20260510_053200/solver/cplex.log_iteration_expansion_7_worker_15
[INFO]:[05:33:57] Expansion Worker 15 starting expansion for iteration 7.
[INFO]:[05:33:57] Starting CPLEX solver on instance: /home/yorig/tuner/mpils-tests/instances/miplib/medium-2/rococoB10-011000.mps with config: /scratch/yorig/mpils-results-grid-ticks-10000-7may/medium-2/24proc-24pils/seed-2/5_rococoB10-011000_seed-2_20260510_053200/expansion/config_param_CPXPARAM_Network_Pricing_1_iter_7.prm
[INFO]:[05:34:04] CPLEX results. Gap: 22.470000, upper bound: 20415.000000, lower bound: 15828.079031
[INFO]:[05:34:04] CPLEX solver finished. Gap: 22.470000
[INFO]:[05:34:04] Expansion Worker 15 stopping early after global MPI expansion stop was activated.
[INFO]:[05:34:04] Expansion Worker 15 completed expansion.
[INFO]:[05:34:04] Worker 15 completed expansion phase.
[INFO]:[05:34:04] Worker 15 received order for step 1.
[INFO]:[05:34:04] Worker 15 running exploration phase for iteration 8.
[INFO]:[05:34:04] Worker 15 at iteration 8 will not use a MIP start file. Current best MIP-start upper bound threshold is 1.79769e+308.
[INFO]:[05:34:04] Starting local search phase...
[INFO]:[05:34:04] Worker (ils_group_rank=15) entering parallel ILS evaluation service.
[INFO]:[05:34:04] Starting CPLEX solver on instance: /home/yorig/tuner/mpils-tests/instances/miplib/medium-2/rococoB10-011000.mps with config: /scratch/yorig/mpils-results-grid-ticks-10000-7may/medium-2/24proc-24pils/seed-2/5_rococoB10-011000_seed-2_20260510_053200/iterated_local_search/run_8_worker_0/parallel_0_15.prm
[INFO]:[05:34:11] CPLEX results. Gap: 40.590000, upper bound: 22792.000000, lower bound: 13539.834740
[INFO]:[05:34:11] CPLEX solver finished. Gap: 40.590000
[INFO]:[05:34:12] Worker (ils_group_rank=15) exiting parallel ILS evaluation service.
[INFO]:[05:34:12] Worker 15 completed exploration phase.
[INFO]:[05:34:12] Worker 15 received order for step 2.
[INFO]:[05:34:12] Worker 15 running expansion phase for iteration 8.
[INFO]:[05:34:12] Worker 15 will use solver log file: /scratch/yorig/mpils-results-grid-ticks-10000-7may/medium-2/24proc-24pils/seed-2/5_rococoB10-011000_seed-2_20260510_053200/solver/cplex.log_iteration_expansion_8_worker_15
[INFO]:[05:34:12] Expansion Worker 15 starting expansion for iteration 8.
[INFO]:[05:34:12] Starting CPLEX solver on instance: /home/yorig/tuner/mpils-tests/instances/miplib/medium-2/rococoB10-011000.mps with config: /scratch/yorig/mpils-results-grid-ticks-10000-7may/medium-2/24proc-24pils/seed-2/5_rococoB10-011000_seed-2_20260510_053200/expansion/config_param_CPXPARAM_Read_Scale_-1_iter_8.prm
[INFO]:[05:34:18] CPLEX results. Gap: 22.120000, upper bound: 19928.000000, lower bound: 15519.836286
[INFO]:[05:34:18] CPLEX solver finished. Gap: 22.120000
[INFO]:[05:34:26] Expansion Worker 15 completed expansion.
[INFO]:[05:34:26] Worker 15 completed expansion phase.
[INFO]:[05:34:26] Worker 15 received order for step 1.
[INFO]:[05:34:26] Worker 15 running exploration phase for iteration 9.
[INFO]:[05:34:26] Worker 15 at iteration 9 will not use a MIP start file. Current best MIP-start upper bound threshold is 1.79769e+308.
[INFO]:[05:34:26] Starting local search phase...
[INFO]:[05:34:26] Worker (ils_group_rank=15) entering parallel ILS evaluation service.
[INFO]:[05:34:26] Starting CPLEX solver on instance: /home/yorig/tuner/mpils-tests/instances/miplib/medium-2/rococoB10-011000.mps with config: /scratch/yorig/mpils-results-grid-ticks-10000-7may/medium-2/24proc-24pils/seed-2/5_rococoB10-011000_seed-2_20260510_053200/iterated_local_search/run_9_worker_0/parallel_0_15.prm
[INFO]:[05:34:32] CPLEX results. Gap: 22.620000, upper bound: 20415.000000, lower bound: 15797.358659
[INFO]:[05:34:32] CPLEX solver finished. Gap: 22.620000
[INFO]:[05:34:33] Starting CPLEX solver on instance: /home/yorig/tuner/mpils-tests/instances/miplib/medium-2/rococoB10-011000.mps with config: /scratch/yorig/mpils-results-grid-ticks-10000-7may/medium-2/24proc-24pils/seed-2/5_rococoB10-011000_seed-2_20260510_053200/iterated_local_search/run_9_worker_0/parallel_24_15.prm
[INFO]:[05:34:39] CPLEX results. Gap: 21.710000, upper bound: 20415.000000, lower bound: 15982.212006
[INFO]:[05:34:39] CPLEX solver finished. Gap: 21.710000
[INFO]:[05:34:41] Worker (ils_group_rank=15) exiting parallel ILS evaluation service.
[INFO]:[05:34:41] Worker 15 completed exploration phase.
[INFO]:[05:34:41] Worker 15 received order for step 2.
[INFO]:[05:34:41] Worker 15 running expansion phase for iteration 9.
[INFO]:[05:34:41] Worker 15 will use solver log file: /scratch/yorig/mpils-results-grid-ticks-10000-7may/medium-2/24proc-24pils/seed-2/5_rococoB10-011000_seed-2_20260510_053200/solver/cplex.log_iteration_expansion_9_worker_15
[INFO]:[05:34:41] Expansion Worker 15 starting expansion for iteration 9.
[INFO]:[05:34:45] Expansion Worker 15 completed expansion.
[INFO]:[05:34:45] Worker 15 completed expansion phase.
[INFO]:[05:34:45] Worker 15 received order for step 1.
[INFO]:[05:34:45] Worker 15 running exploration phase for iteration 10.
[INFO]:[05:34:45] Worker 15 at iteration 10 will not use a MIP start file. Current best MIP-start upper bound threshold is 1.79769e+308.
[INFO]:[05:34:45] Starting local search phase...
[INFO]:[05:34:45] Worker (ils_group_rank=15) entering parallel ILS evaluation service.
[INFO]:[05:34:45] Starting CPLEX solver on instance: /home/yorig/tuner/mpils-tests/instances/miplib/medium-2/rococoB10-011000.mps with config: /scratch/yorig/mpils-results-grid-ticks-10000-7may/medium-2/24proc-24pils/seed-2/5_rococoB10-011000_seed-2_20260510_053200/iterated_local_search/run_10_worker_0/parallel_0_15.prm
[INFO]:[05:34:51] CPLEX results. Gap: 31.930000, upper bound: 21028.000000, lower bound: 14314.674657
[INFO]:[05:34:51] CPLEX solver finished. Gap: 31.930000
[INFO]:[05:34:52] Worker (ils_group_rank=15) exiting parallel ILS evaluation service.
[INFO]:[05:34:52] Worker 15 completed exploration phase.
[INFO]:[05:34:52] Worker 15 received order for step 3.
[INFO]:[05:34:52] Worker 15 finished.
