[INFO]:[10:56:28] Worker 1 starting.
[INFO]:[10:56:29] Worker 1 received order for step 1.
[INFO]:[10:56:29] Worker 1 running exploration phase for iteration 1.
[INFO]:[10:56:29] Worker 1 at iteration 1 will not use a MIP start file. Current best MIP-start upper bound threshold is 1.79769e+308.
[INFO]:[10:56:29] Starting local search phase...
[INFO]:[10:56:29] Worker (ils_group_rank=1) entering parallel ILS evaluation service.
[INFO]:[10:56:29] Starting CPLEX solver on instance: /home/yorig/tuner/mpils-tests/instances/miplib/medium-2/var-smallemery-m6j6.mps with config: /scratch/yorig/mpils-results-grid-ticks-10000-7may/medium-2/4proc-4pils/seed-4/10_var-smallemery-m6j6_seed-4_20260510_105628/iterated_local_search/run_1_worker_0/parallel_0_1.prm
[INFO]:[10:56:36] CPLEX results. Gap: 8.370000, upper bound: -143.781250, lower bound: -155.820393
[INFO]:[10:56:36] CPLEX solver finished. Gap: 8.370000
[INFO]:[10:56:39] Starting CPLEX solver on instance: /home/yorig/tuner/mpils-tests/instances/miplib/medium-2/var-smallemery-m6j6.mps with config: /scratch/yorig/mpils-results-grid-ticks-10000-7may/medium-2/4proc-4pils/seed-4/10_var-smallemery-m6j6_seed-4_20260510_105628/iterated_local_search/run_1_worker_0/parallel_4_1.prm
[INFO]:[10:56:46] CPLEX results. Gap: 5.360000, upper bound: -147.031250, lower bound: -154.908748
[INFO]:[10:56:46] CPLEX solver finished. Gap: 5.360000
[INFO]:[10:56:49] Starting CPLEX solver on instance: /home/yorig/tuner/mpils-tests/instances/miplib/medium-2/var-smallemery-m6j6.mps with config: /scratch/yorig/mpils-results-grid-ticks-10000-7may/medium-2/4proc-4pils/seed-4/10_var-smallemery-m6j6_seed-4_20260510_105628/iterated_local_search/run_1_worker_0/parallel_8_1.prm
[INFO]:[10:56:56] CPLEX results. Gap: 5.160000, upper bound: -147.093750, lower bound: -154.687924
[INFO]:[10:56:56] CPLEX solver finished. Gap: 5.160000
[INFO]:[10:57:00] Starting CPLEX solver on instance: /home/yorig/tuner/mpils-tests/instances/miplib/medium-2/var-smallemery-m6j6.mps with config: /scratch/yorig/mpils-results-grid-ticks-10000-7may/medium-2/4proc-4pils/seed-4/10_var-smallemery-m6j6_seed-4_20260510_105628/iterated_local_search/run_1_worker_0/parallel_12_1.prm
[INFO]:[10:57:07] CPLEX results. Gap: 3.890000, upper bound: -149.375000, lower bound: -155.179357
[INFO]:[10:57:07] CPLEX solver finished. Gap: 3.890000
[INFO]:[10:57:09] Starting CPLEX solver on instance: /home/yorig/tuner/mpils-tests/instances/miplib/medium-2/var-smallemery-m6j6.mps with config: /scratch/yorig/mpils-results-grid-ticks-10000-7may/medium-2/4proc-4pils/seed-4/10_var-smallemery-m6j6_seed-4_20260510_105628/iterated_local_search/run_1_worker_0/parallel_16_1.prm
[INFO]:[10:57:17] CPLEX results. Gap: 3.890000, upper bound: -149.375000, lower bound: -155.179357
[INFO]:[10:57:17] CPLEX solver finished. Gap: 3.890000
[INFO]:[10:57:19] Worker (ils_group_rank=1) exiting parallel ILS evaluation service.
[INFO]:[10:57:19] Worker 1 completed exploration phase.
[INFO]:[10:57:19] Worker 1 received order for step 2.
[INFO]:[10:57:19] Worker 1 running expansion phase for iteration 1.
[INFO]:[10:57:19] Worker 1 will use solver log file: /scratch/yorig/mpils-results-grid-ticks-10000-7may/medium-2/4proc-4pils/seed-4/10_var-smallemery-m6j6_seed-4_20260510_105628/solver/cplex.log_iteration_expansion_1_worker_1
[INFO]:[10:57:19] Expansion Worker 1 starting expansion for iteration 1.
[INFO]:[10:57:19] Starting CPLEX solver on instance: /home/yorig/tuner/mpils-tests/instances/miplib/medium-2/var-smallemery-m6j6.mps with config: /scratch/yorig/mpils-results-grid-ticks-10000-7may/medium-2/4proc-4pils/seed-4/10_var-smallemery-m6j6_seed-4_20260510_105628/expansion/config_param_CPXPARAM_MIP_Strategy_Probe_1_iter_1.prm
[INFO]:[10:57:26] CPLEX results. Gap: 6.010000, upper bound: -146.906250, lower bound: -155.738686
[INFO]:[10:57:26] CPLEX solver finished. Gap: 6.010000
[INFO]:[10:57:28] Starting CPLEX solver on instance: /home/yorig/tuner/mpils-tests/instances/miplib/medium-2/var-smallemery-m6j6.mps with config: /scratch/yorig/mpils-results-grid-ticks-10000-7may/medium-2/4proc-4pils/seed-4/10_var-smallemery-m6j6_seed-4_20260510_105628/expansion/config_param_CPXPARAM_MIP_Cuts_Covers_1_iter_1.prm
[INFO]:[10:57:35] CPLEX results. Gap: 5.560000, upper bound: -147.000000, lower bound: -155.179357
[INFO]:[10:57:35] CPLEX solver finished. Gap: 5.560000
[INFO]:[10:57:37] Starting CPLEX solver on instance: /home/yorig/tuner/mpils-tests/instances/miplib/medium-2/var-smallemery-m6j6.mps with config: /scratch/yorig/mpils-results-grid-ticks-10000-7may/medium-2/4proc-4pils/seed-4/10_var-smallemery-m6j6_seed-4_20260510_105628/expansion/config_param_CPXPARAM_MIP_Strategy_VariableSelect_1_iter_1.prm
[INFO]:[10:57:44] CPLEX results. Gap: 6.390000, upper bound: -146.250000, lower bound: -155.597474
[INFO]:[10:57:44] CPLEX solver finished. Gap: 6.390000
[INFO]:[10:57:46] Starting CPLEX solver on instance: /home/yorig/tuner/mpils-tests/instances/miplib/medium-2/var-smallemery-m6j6.mps with config: /scratch/yorig/mpils-results-grid-ticks-10000-7may/medium-2/4proc-4pils/seed-4/10_var-smallemery-m6j6_seed-4_20260510_105628/expansion/config_param_CPXPARAM_MIP_Strategy_NodeSelect_0_iter_1.prm
[INFO]:[10:57:53] CPLEX results. Gap: 5.540000, upper bound: -147.000000, lower bound: -155.139780
[INFO]:[10:57:53] CPLEX solver finished. Gap: 5.540000
[INFO]:[10:57:55] Starting CPLEX solver on instance: /home/yorig/tuner/mpils-tests/instances/miplib/medium-2/var-smallemery-m6j6.mps with config: /scratch/yorig/mpils-results-grid-ticks-10000-7may/medium-2/4proc-4pils/seed-4/10_var-smallemery-m6j6_seed-4_20260510_105628/expansion/config_param_CPXPARAM_MIP_Strategy_Dive_2_iter_1.prm
[INFO]:[10:58:03] CPLEX results. Gap: 5.560000, upper bound: -147.000000, lower bound: -155.179357
[INFO]:[10:58:03] CPLEX solver finished. Gap: 5.560000
[INFO]:[10:58:05] Expansion Worker 1 stopping early after global MPI expansion stop was activated.
[INFO]:[10:58:05] Expansion Worker 1 completed expansion.
[INFO]:[10:58:05] Worker 1 completed expansion phase.
[INFO]:[10:58:05] Worker 1 received order for step 1.
[INFO]:[10:58:05] Worker 1 running exploration phase for iteration 2.
[INFO]:[10:58:05] Worker 1 at iteration 2 will not use a MIP start file. Current best MIP-start upper bound threshold is 1.79769e+308.
[INFO]:[10:58:05] Starting local search phase...
[INFO]:[10:58:05] Worker (ils_group_rank=1) entering parallel ILS evaluation service.
[INFO]:[10:58:05] Starting CPLEX solver on instance: /home/yorig/tuner/mpils-tests/instances/miplib/medium-2/var-smallemery-m6j6.mps with config: /scratch/yorig/mpils-results-grid-ticks-10000-7may/medium-2/4proc-4pils/seed-4/10_var-smallemery-m6j6_seed-4_20260510_105628/iterated_local_search/run_2_worker_0/parallel_0_1.prm
[INFO]:[10:58:12] CPLEX results. Gap: 3.890000, upper bound: -149.375000, lower bound: -155.179357
[INFO]:[10:58:12] CPLEX solver finished. Gap: 3.890000
[INFO]:[10:58:14] Starting CPLEX solver on instance: /home/yorig/tuner/mpils-tests/instances/miplib/medium-2/var-smallemery-m6j6.mps with config: /scratch/yorig/mpils-results-grid-ticks-10000-7may/medium-2/4proc-4pils/seed-4/10_var-smallemery-m6j6_seed-4_20260510_105628/iterated_local_search/run_2_worker_0/parallel_4_1.prm
[INFO]:[10:58:21] CPLEX results. Gap: 5.190000, upper bound: -146.906250, lower bound: -154.527513
[INFO]:[10:58:21] CPLEX solver finished. Gap: 5.190000
[INFO]:[10:58:23] Worker (ils_group_rank=1) exiting parallel ILS evaluation service.
[INFO]:[10:58:23] Worker 1 completed exploration phase.
[INFO]:[10:58:23] Worker 1 received order for step 2.
[INFO]:[10:58:23] Worker 1 running expansion phase for iteration 2.
[INFO]:[10:58:23] Worker 1 will use solver log file: /scratch/yorig/mpils-results-grid-ticks-10000-7may/medium-2/4proc-4pils/seed-4/10_var-smallemery-m6j6_seed-4_20260510_105628/solver/cplex.log_iteration_expansion_2_worker_1
[INFO]:[10:58:23] Expansion Worker 1 starting expansion for iteration 2.
[INFO]:[10:58:23] Starting CPLEX solver on instance: /home/yorig/tuner/mpils-tests/instances/miplib/medium-2/var-smallemery-m6j6.mps with config: /scratch/yorig/mpils-results-grid-ticks-10000-7may/medium-2/4proc-4pils/seed-4/10_var-smallemery-m6j6_seed-4_20260510_105628/expansion/config_param_CPXPARAM_MIP_Limits_ProbeTime_1_iter_2.prm
[INFO]:[10:58:30] CPLEX results. Gap: 6.020000, upper bound: -146.906250, lower bound: -155.745738
[INFO]:[10:58:30] CPLEX solver finished. Gap: 6.020000
[INFO]:[10:58:31] Starting CPLEX solver on instance: /home/yorig/tuner/mpils-tests/instances/miplib/medium-2/var-smallemery-m6j6.mps with config: /scratch/yorig/mpils-results-grid-ticks-10000-7may/medium-2/4proc-4pils/seed-4/10_var-smallemery-m6j6_seed-4_20260510_105628/expansion/config_param_CPXPARAM_MIP_Limits_ProbeTime_20_iter_2.prm
[INFO]:[10:58:38] CPLEX results. Gap: 6.020000, upper bound: -146.906250, lower bound: -155.745738
[INFO]:[10:58:38] CPLEX solver finished. Gap: 6.020000
[INFO]:[10:58:40] Starting CPLEX solver on instance: /home/yorig/tuner/mpils-tests/instances/miplib/medium-2/var-smallemery-m6j6.mps with config: /scratch/yorig/mpils-results-grid-ticks-10000-7may/medium-2/4proc-4pils/seed-4/10_var-smallemery-m6j6_seed-4_20260510_105628/expansion/config_param_CPXPARAM_MIP_Limits_ProbeTime_60_iter_2.prm
[INFO]:[10:58:47] CPLEX results. Gap: 6.020000, upper bound: -146.906250, lower bound: -155.745738
[INFO]:[10:58:47] CPLEX solver finished. Gap: 6.020000
[INFO]:[10:58:48] Starting CPLEX solver on instance: /home/yorig/tuner/mpils-tests/instances/miplib/medium-2/var-smallemery-m6j6.mps with config: /scratch/yorig/mpils-results-grid-ticks-10000-7may/medium-2/4proc-4pils/seed-4/10_var-smallemery-m6j6_seed-4_20260510_105628/expansion/config_param_CPXPARAM_MIP_Strategy_RINSHeur_20_iter_2.prm
[INFO]:[10:58:56] CPLEX results. Gap: 5.250000, upper bound: -147.250000, lower bound: -154.981043
[INFO]:[10:58:56] CPLEX solver finished. Gap: 5.250000
[INFO]:[10:58:58] Starting CPLEX solver on instance: /home/yorig/tuner/mpils-tests/instances/miplib/medium-2/var-smallemery-m6j6.mps with config: /scratch/yorig/mpils-results-grid-ticks-10000-7may/medium-2/4proc-4pils/seed-4/10_var-smallemery-m6j6_seed-4_20260510_105628/expansion/config_param_CPXPARAM_MIP_Strategy_RINSHeur_200_iter_2.prm
[INFO]:[10:59:05] CPLEX results. Gap: 5.250000, upper bound: -147.250000, lower bound: -154.981043
[INFO]:[10:59:05] CPLEX solver finished. Gap: 5.250000
[INFO]:[10:59:07] Starting CPLEX solver on instance: /home/yorig/tuner/mpils-tests/instances/miplib/medium-2/var-smallemery-m6j6.mps with config: /scratch/yorig/mpils-results-grid-ticks-10000-7may/medium-2/4proc-4pils/seed-4/10_var-smallemery-m6j6_seed-4_20260510_105628/expansion/config_param_CPXPARAM_MIP_Strategy_BBInterval_2_iter_2.prm
[INFO]:[10:59:15] CPLEX results. Gap: 3.690000, upper bound: -149.375000, lower bound: -154.881359
[INFO]:[10:59:15] CPLEX solver finished. Gap: 3.690000
[INFO]:[10:59:17] Starting CPLEX solver on instance: /home/yorig/tuner/mpils-tests/instances/miplib/medium-2/var-smallemery-m6j6.mps with config: /scratch/yorig/mpils-results-grid-ticks-10000-7may/medium-2/4proc-4pils/seed-4/10_var-smallemery-m6j6_seed-4_20260510_105628/expansion/config_param_CPXPARAM_MIP_Strategy_BBInterval_10_iter_2.prm
[INFO]:[10:59:24] CPLEX results. Gap: 3.690000, upper bound: -149.375000, lower bound: -154.881359
[INFO]:[10:59:24] CPLEX solver finished. Gap: 3.690000
[INFO]:[10:59:26] Starting CPLEX solver on instance: /home/yorig/tuner/mpils-tests/instances/miplib/medium-2/var-smallemery-m6j6.mps with config: /scratch/yorig/mpils-results-grid-ticks-10000-7may/medium-2/4proc-4pils/seed-4/10_var-smallemery-m6j6_seed-4_20260510_105628/expansion/config_param_CPXPARAM_MIP_Strategy_Branch_1_iter_2.prm
[INFO]:[10:59:33] CPLEX results. Gap: 6.320000, upper bound: -145.781250, lower bound: -154.994112
[INFO]:[10:59:33] CPLEX solver finished. Gap: 6.320000
[INFO]:[10:59:35] Starting CPLEX solver on instance: /home/yorig/tuner/mpils-tests/instances/miplib/medium-2/var-smallemery-m6j6.mps with config: /scratch/yorig/mpils-results-grid-ticks-10000-7may/medium-2/4proc-4pils/seed-4/10_var-smallemery-m6j6_seed-4_20260510_105628/expansion/config_param_CPXPARAM_MIP_Limits_CutsFactor_8_iter_2.prm
[INFO]:[10:59:42] CPLEX results. Gap: 3.690000, upper bound: -149.375000, lower bound: -154.881359
[INFO]:[10:59:42] CPLEX solver finished. Gap: 3.690000
[INFO]:[10:59:44] Starting CPLEX solver on instance: /home/yorig/tuner/mpils-tests/instances/miplib/medium-2/var-smallemery-m6j6.mps with config: /scratch/yorig/mpils-results-grid-ticks-10000-7may/medium-2/4proc-4pils/seed-4/10_var-smallemery-m6j6_seed-4_20260510_105628/expansion/config_param_CPXPARAM_MIP_Strategy_PresolveNode_2_iter_2.prm
[INFO]:[10:59:52] CPLEX results. Gap: 5.560000, upper bound: -147.000000, lower bound: -155.179357
[INFO]:[10:59:52] CPLEX solver finished. Gap: 5.560000
[INFO]:[10:59:54] Starting CPLEX solver on instance: /home/yorig/tuner/mpils-tests/instances/miplib/medium-2/var-smallemery-m6j6.mps with config: /scratch/yorig/mpils-results-grid-ticks-10000-7may/medium-2/4proc-4pils/seed-4/10_var-smallemery-m6j6_seed-4_20260510_105628/expansion/config_param_CPXPARAM_Preprocessing_Symmetry_0_iter_2.prm
[INFO]:[11:00:01] CPLEX results. Gap: 3.690000, upper bound: -149.375000, lower bound: -154.881359
[INFO]:[11:00:01] CPLEX solver finished. Gap: 3.690000
[INFO]:[11:00:03] Starting CPLEX solver on instance: /home/yorig/tuner/mpils-tests/instances/miplib/medium-2/var-smallemery-m6j6.mps with config: /scratch/yorig/mpils-results-grid-ticks-10000-7may/medium-2/4proc-4pils/seed-4/10_var-smallemery-m6j6_seed-4_20260510_105628/expansion/config_param_CPXPARAM_Preprocessing_Symmetry_4_iter_2.prm
[INFO]:[11:00:10] CPLEX results. Gap: 3.690000, upper bound: -149.375000, lower bound: -154.881359
[INFO]:[11:00:10] CPLEX solver finished. Gap: 3.690000
[INFO]:[11:00:19] Expansion Worker 1 completed expansion.
[INFO]:[11:00:19] Worker 1 completed expansion phase.
[INFO]:[11:00:19] Worker 1 received order for step 1.
[INFO]:[11:00:19] Worker 1 running exploration phase for iteration 3.
[INFO]:[11:00:19] Worker 1 at iteration 3 will not use a MIP start file. Current best MIP-start upper bound threshold is 1.79769e+308.
[INFO]:[11:00:19] Starting local search phase...
[INFO]:[11:00:19] Worker (ils_group_rank=1) entering parallel ILS evaluation service.
[INFO]:[11:00:19] Starting CPLEX solver on instance: /home/yorig/tuner/mpils-tests/instances/miplib/medium-2/var-smallemery-m6j6.mps with config: /scratch/yorig/mpils-results-grid-ticks-10000-7may/medium-2/4proc-4pils/seed-4/10_var-smallemery-m6j6_seed-4_20260510_105628/iterated_local_search/run_3_worker_0/parallel_0_1.prm
[INFO]:[11:00:26] CPLEX results. Gap: 3.890000, upper bound: -149.375000, lower bound: -155.179357
[INFO]:[11:00:26] CPLEX solver finished. Gap: 3.890000
[INFO]:[11:00:28] Starting CPLEX solver on instance: /home/yorig/tuner/mpils-tests/instances/miplib/medium-2/var-smallemery-m6j6.mps with config: /scratch/yorig/mpils-results-grid-ticks-10000-7may/medium-2/4proc-4pils/seed-4/10_var-smallemery-m6j6_seed-4_20260510_105628/iterated_local_search/run_3_worker_0/parallel_4_1.prm
[INFO]:[11:00:35] CPLEX results. Gap: 5.480000, upper bound: -147.000000, lower bound: -155.055920
[INFO]:[11:00:35] CPLEX solver finished. Gap: 5.480000
[INFO]:[11:00:38] Starting CPLEX solver on instance: /home/yorig/tuner/mpils-tests/instances/miplib/medium-2/var-smallemery-m6j6.mps with config: /scratch/yorig/mpils-results-grid-ticks-10000-7may/medium-2/4proc-4pils/seed-4/10_var-smallemery-m6j6_seed-4_20260510_105628/iterated_local_search/run_3_worker_0/parallel_8_1.prm
[INFO]:[11:00:45] CPLEX results. Gap: 3.690000, upper bound: -149.375000, lower bound: -154.881359
[INFO]:[11:00:45] CPLEX solver finished. Gap: 3.690000
[INFO]:[11:00:47] Starting CPLEX solver on instance: /home/yorig/tuner/mpils-tests/instances/miplib/medium-2/var-smallemery-m6j6.mps with config: /scratch/yorig/mpils-results-grid-ticks-10000-7may/medium-2/4proc-4pils/seed-4/10_var-smallemery-m6j6_seed-4_20260510_105628/iterated_local_search/run_3_worker_0/parallel_12_1.prm
[INFO]:[11:00:54] CPLEX results. Gap: 6.150000, upper bound: -146.531250, lower bound: -155.548990
[INFO]:[11:00:54] CPLEX solver finished. Gap: 6.150000
[INFO]:[11:00:55] Worker (ils_group_rank=1) exiting parallel ILS evaluation service.
[INFO]:[11:00:55] Worker 1 completed exploration phase.
[INFO]:[11:00:56] Worker 1 received order for step 2.
[INFO]:[11:00:56] Worker 1 running expansion phase for iteration 3.
[INFO]:[11:00:56] Worker 1 will use solver log file: /scratch/yorig/mpils-results-grid-ticks-10000-7may/medium-2/4proc-4pils/seed-4/10_var-smallemery-m6j6_seed-4_20260510_105628/solver/cplex.log_iteration_expansion_3_worker_1
[INFO]:[11:00:56] Expansion Worker 1 starting expansion for iteration 3.
[INFO]:[11:00:56] Starting CPLEX solver on instance: /home/yorig/tuner/mpils-tests/instances/miplib/medium-2/var-smallemery-m6j6.mps with config: /scratch/yorig/mpils-results-grid-ticks-10000-7may/medium-2/4proc-4pils/seed-4/10_var-smallemery-m6j6_seed-4_20260510_105628/expansion/config_param_CPXPARAM_MIP_Strategy_HeuristicFreq_-1_iter_3.prm
[INFO]:[11:01:03] CPLEX results. Gap: 14.300000, upper bound: -135.593750, lower bound: -154.983047
[INFO]:[11:01:03] CPLEX solver finished. Gap: 14.300000
[INFO]:[11:01:05] Starting CPLEX solver on instance: /home/yorig/tuner/mpils-tests/instances/miplib/medium-2/var-smallemery-m6j6.mps with config: /scratch/yorig/mpils-results-grid-ticks-10000-7may/medium-2/4proc-4pils/seed-4/10_var-smallemery-m6j6_seed-4_20260510_105628/expansion/config_param_CPXPARAM_MIP_Strategy_HeuristicFreq_500_iter_3.prm
[INFO]:[11:01:12] CPLEX results. Gap: 3.420000, upper bound: -149.375000, lower bound: -154.490562
[INFO]:[11:01:12] CPLEX solver finished. Gap: 3.420000
[INFO]:[11:01:14] Starting CPLEX solver on instance: /home/yorig/tuner/mpils-tests/instances/miplib/medium-2/var-smallemery-m6j6.mps with config: /scratch/yorig/mpils-results-grid-ticks-10000-7may/medium-2/4proc-4pils/seed-4/10_var-smallemery-m6j6_seed-4_20260510_105628/expansion/config_param_CPXPARAM_MIP_Strategy_StartAlgorithm_3_iter_3.prm
[INFO]:[11:01:21] CPLEX results. Gap: 5.200000, upper bound: -146.968750, lower bound: -154.617268
[INFO]:[11:01:21] CPLEX solver finished. Gap: 5.200000
[INFO]:[11:01:21] Starting CPLEX solver on instance: /home/yorig/tuner/mpils-tests/instances/miplib/medium-2/var-smallemery-m6j6.mps with config: /scratch/yorig/mpils-results-grid-ticks-10000-7may/medium-2/4proc-4pils/seed-4/10_var-smallemery-m6j6_seed-4_20260510_105628/expansion/config_param_CPXPARAM_MIP_Strategy_SubAlgorithm_1_iter_3.prm
[INFO]:[11:01:29] CPLEX results. Gap: 6.800000, upper bound: -145.812500, lower bound: -155.725871
[INFO]:[11:01:29] CPLEX solver finished. Gap: 6.800000
[INFO]:[11:01:30] Starting CPLEX solver on instance: /home/yorig/tuner/mpils-tests/instances/miplib/medium-2/var-smallemery-m6j6.mps with config: /scratch/yorig/mpils-results-grid-ticks-10000-7may/medium-2/4proc-4pils/seed-4/10_var-smallemery-m6j6_seed-4_20260510_105628/expansion/config_param_CPXPARAM_MIP_Strategy_SubAlgorithm_5_iter_3.prm
[INFO]:[11:01:36] CPLEX results. Gap: 155964283582106.218750, upper bound: 0.000000, lower bound: -155.964284
[INFO]:[11:01:36] CPLEX solver finished. Gap: 155964283582106.218750
[INFO]:[11:01:39] Starting CPLEX solver on instance: /home/yorig/tuner/mpils-tests/instances/miplib/medium-2/var-smallemery-m6j6.mps with config: /scratch/yorig/mpils-results-grid-ticks-10000-7may/medium-2/4proc-4pils/seed-4/10_var-smallemery-m6j6_seed-4_20260510_105628/expansion/config_param_CPXPARAM_Simplex_DGradient_4_iter_3.prm
[INFO]:[11:01:46] CPLEX results. Gap: 5.930000, upper bound: -146.125000, lower bound: -154.783561
[INFO]:[11:01:46] CPLEX solver finished. Gap: 5.930000
[INFO]:[11:01:48] Starting CPLEX solver on instance: /home/yorig/tuner/mpils-tests/instances/miplib/medium-2/var-smallemery-m6j6.mps with config: /scratch/yorig/mpils-results-grid-ticks-10000-7may/medium-2/4proc-4pils/seed-4/10_var-smallemery-m6j6_seed-4_20260510_105628/expansion/config_param_CPXPARAM_Simplex_PGradient_2_iter_3.prm
[INFO]:[11:01:55] CPLEX results. Gap: 3.300000, upper bound: -149.375000, lower bound: -154.297273
[INFO]:[11:01:55] CPLEX solver finished. Gap: 3.300000
[INFO]:[11:01:58] Starting CPLEX solver on instance: /home/yorig/tuner/mpils-tests/instances/miplib/medium-2/var-smallemery-m6j6.mps with config: /scratch/yorig/mpils-results-grid-ticks-10000-7may/medium-2/4proc-4pils/seed-4/10_var-smallemery-m6j6_seed-4_20260510_105628/expansion/config_param_CPXPARAM_Advance_2_iter_3.prm
[INFO]:[11:02:05] CPLEX results. Gap: 3.300000, upper bound: -149.375000, lower bound: -154.297273
[INFO]:[11:02:05] CPLEX solver finished. Gap: 3.300000
[INFO]:[11:02:08] Starting CPLEX solver on instance: /home/yorig/tuner/mpils-tests/instances/miplib/medium-2/var-smallemery-m6j6.mps with config: /scratch/yorig/mpils-results-grid-ticks-10000-7may/medium-2/4proc-4pils/seed-4/10_var-smallemery-m6j6_seed-4_20260510_105628/expansion/config_param_CPXPARAM_MIP_Limits_AggForCut_5_iter_3.prm
[INFO]:[11:02:15] CPLEX results. Gap: 3.300000, upper bound: -149.375000, lower bound: -154.297273
[INFO]:[11:02:15] CPLEX solver finished. Gap: 3.300000
[INFO]:[11:02:18] Starting CPLEX solver on instance: /home/yorig/tuner/mpils-tests/instances/miplib/medium-2/var-smallemery-m6j6.mps with config: /scratch/yorig/mpils-results-grid-ticks-10000-7may/medium-2/4proc-4pils/seed-4/10_var-smallemery-m6j6_seed-4_20260510_105628/expansion/config_param_CPXPARAM_Preprocessing_Fill_20_iter_3.prm
[INFO]:[11:02:25] CPLEX results. Gap: 3.300000, upper bound: -149.375000, lower bound: -154.297273
[INFO]:[11:02:25] CPLEX solver finished. Gap: 3.300000
[INFO]:[11:02:36] Expansion Worker 1 completed expansion.
[INFO]:[11:02:36] Worker 1 completed expansion phase.
[INFO]:[11:02:36] Worker 1 received order for step 1.
[INFO]:[11:02:36] Worker 1 running exploration phase for iteration 4.
[INFO]:[11:02:36] Worker 1 at iteration 4 will not use a MIP start file. Current best MIP-start upper bound threshold is 1.79769e+308.
[INFO]:[11:02:36] Starting local search phase...
[INFO]:[11:02:36] Worker (ils_group_rank=1) entering parallel ILS evaluation service.
[INFO]:[11:02:36] Starting CPLEX solver on instance: /home/yorig/tuner/mpils-tests/instances/miplib/medium-2/var-smallemery-m6j6.mps with config: /scratch/yorig/mpils-results-grid-ticks-10000-7may/medium-2/4proc-4pils/seed-4/10_var-smallemery-m6j6_seed-4_20260510_105628/iterated_local_search/run_4_worker_0/parallel_0_1.prm
[INFO]:[11:02:43] CPLEX results. Gap: 3.300000, upper bound: -149.375000, lower bound: -154.297273
[INFO]:[11:02:43] CPLEX solver finished. Gap: 3.300000
[INFO]:[11:02:45] Starting CPLEX solver on instance: /home/yorig/tuner/mpils-tests/instances/miplib/medium-2/var-smallemery-m6j6.mps with config: /scratch/yorig/mpils-results-grid-ticks-10000-7may/medium-2/4proc-4pils/seed-4/10_var-smallemery-m6j6_seed-4_20260510_105628/iterated_local_search/run_4_worker_0/parallel_4_1.prm
[INFO]:[11:02:52] CPLEX results. Gap: 3.290000, upper bound: -149.375000, lower bound: -154.284367
[INFO]:[11:02:52] CPLEX solver finished. Gap: 3.290000
[INFO]:[11:02:54] Starting CPLEX solver on instance: /home/yorig/tuner/mpils-tests/instances/miplib/medium-2/var-smallemery-m6j6.mps with config: /scratch/yorig/mpils-results-grid-ticks-10000-7may/medium-2/4proc-4pils/seed-4/10_var-smallemery-m6j6_seed-4_20260510_105628/iterated_local_search/run_4_worker_0/parallel_8_1.prm
[INFO]:[11:03:01] CPLEX results. Gap: 6.960000, upper bound: -144.968750, lower bound: -155.058993
[INFO]:[11:03:01] CPLEX solver finished. Gap: 6.960000
[INFO]:[11:03:04] Starting CPLEX solver on instance: /home/yorig/tuner/mpils-tests/instances/miplib/medium-2/var-smallemery-m6j6.mps with config: /scratch/yorig/mpils-results-grid-ticks-10000-7may/medium-2/4proc-4pils/seed-4/10_var-smallemery-m6j6_seed-4_20260510_105628/iterated_local_search/run_4_worker_0/parallel_12_1.prm
[INFO]:[11:03:11] CPLEX results. Gap: 3.290000, upper bound: -149.375000, lower bound: -154.284367
[INFO]:[11:03:11] CPLEX solver finished. Gap: 3.290000
[INFO]:[11:03:13] Worker (ils_group_rank=1) exiting parallel ILS evaluation service.
[INFO]:[11:03:13] Worker 1 completed exploration phase.
[INFO]:[11:03:13] Worker 1 received order for step 2.
[INFO]:[11:03:13] Worker 1 running expansion phase for iteration 4.
[INFO]:[11:03:13] Worker 1 will use solver log file: /scratch/yorig/mpils-results-grid-ticks-10000-7may/medium-2/4proc-4pils/seed-4/10_var-smallemery-m6j6_seed-4_20260510_105628/solver/cplex.log_iteration_expansion_4_worker_1
[INFO]:[11:03:13] Expansion Worker 1 starting expansion for iteration 4.
[INFO]:[11:03:13] Starting CPLEX solver on instance: /home/yorig/tuner/mpils-tests/instances/miplib/medium-2/var-smallemery-m6j6.mps with config: /scratch/yorig/mpils-results-grid-ticks-10000-7may/medium-2/4proc-4pils/seed-4/10_var-smallemery-m6j6_seed-4_20260510_105628/expansion/config_param_CPXPARAM_Barrier_Ordering_2_iter_4.prm
[INFO]:[11:03:21] CPLEX results. Gap: 3.290000, upper bound: -149.375000, lower bound: -154.284367
[INFO]:[11:03:21] CPLEX solver finished. Gap: 3.290000
[INFO]:[11:03:24] Starting CPLEX solver on instance: /home/yorig/tuner/mpils-tests/instances/miplib/medium-2/var-smallemery-m6j6.mps with config: /scratch/yorig/mpils-results-grid-ticks-10000-7may/medium-2/4proc-4pils/seed-4/10_var-smallemery-m6j6_seed-4_20260510_105628/expansion/config_param_CPXPARAM_Barrier_StartAlg_4_iter_4.prm
[INFO]:[11:03:31] CPLEX results. Gap: 3.290000, upper bound: -149.375000, lower bound: -154.284367
[INFO]:[11:03:31] CPLEX solver finished. Gap: 3.290000
[INFO]:[11:03:34] Starting CPLEX solver on instance: /home/yorig/tuner/mpils-tests/instances/miplib/medium-2/var-smallemery-m6j6.mps with config: /scratch/yorig/mpils-results-grid-ticks-10000-7may/medium-2/4proc-4pils/seed-4/10_var-smallemery-m6j6_seed-4_20260510_105628/expansion/config_param_CPXPARAM_Preprocessing_CoeffReduce_1_iter_4.prm
[INFO]:[11:03:41] CPLEX results. Gap: 3.440000, upper bound: -149.375000, lower bound: -154.508286
[INFO]:[11:03:41] CPLEX solver finished. Gap: 3.440000
[INFO]:[11:03:44] Expansion Worker 1 stopping early after global MPI expansion stop was activated.
[INFO]:[11:03:44] Expansion Worker 1 completed expansion.
[INFO]:[11:03:44] Worker 1 completed expansion phase.
[INFO]:[11:03:44] Worker 1 received order for step 1.
[INFO]:[11:03:44] Worker 1 running exploration phase for iteration 5.
[INFO]:[11:03:44] Worker 1 at iteration 5 will not use a MIP start file. Current best MIP-start upper bound threshold is 1.79769e+308.
[INFO]:[11:03:44] Starting local search phase...
[INFO]:[11:03:44] Worker (ils_group_rank=1) entering parallel ILS evaluation service.
[INFO]:[11:03:44] Starting CPLEX solver on instance: /home/yorig/tuner/mpils-tests/instances/miplib/medium-2/var-smallemery-m6j6.mps with config: /scratch/yorig/mpils-results-grid-ticks-10000-7may/medium-2/4proc-4pils/seed-4/10_var-smallemery-m6j6_seed-4_20260510_105628/iterated_local_search/run_5_worker_0/parallel_0_1.prm
[INFO]:[11:03:51] CPLEX results. Gap: 3.340000, upper bound: -149.375000, lower bound: -154.366550
[INFO]:[11:03:51] CPLEX solver finished. Gap: 3.340000
[INFO]:[11:03:54] Starting CPLEX solver on instance: /home/yorig/tuner/mpils-tests/instances/miplib/medium-2/var-smallemery-m6j6.mps with config: /scratch/yorig/mpils-results-grid-ticks-10000-7may/medium-2/4proc-4pils/seed-4/10_var-smallemery-m6j6_seed-4_20260510_105628/iterated_local_search/run_5_worker_0/parallel_4_1.prm
[INFO]:[11:04:01] CPLEX results. Gap: 3.290000, upper bound: -149.375000, lower bound: -154.284367
[INFO]:[11:04:01] CPLEX solver finished. Gap: 3.290000
[INFO]:[11:04:03] Starting CPLEX solver on instance: /home/yorig/tuner/mpils-tests/instances/miplib/medium-2/var-smallemery-m6j6.mps with config: /scratch/yorig/mpils-results-grid-ticks-10000-7may/medium-2/4proc-4pils/seed-4/10_var-smallemery-m6j6_seed-4_20260510_105628/iterated_local_search/run_5_worker_0/parallel_8_1.prm
[INFO]:[11:04:10] CPLEX results. Gap: 6.080000, upper bound: -146.250000, lower bound: -155.137130
[INFO]:[11:04:10] CPLEX solver finished. Gap: 6.080000
[INFO]:[11:04:13] Starting CPLEX solver on instance: /home/yorig/tuner/mpils-tests/instances/miplib/medium-2/var-smallemery-m6j6.mps with config: /scratch/yorig/mpils-results-grid-ticks-10000-7may/medium-2/4proc-4pils/seed-4/10_var-smallemery-m6j6_seed-4_20260510_105628/iterated_local_search/run_5_worker_0/parallel_12_1.prm
[INFO]:[11:04:20] CPLEX results. Gap: 3.290000, upper bound: -149.375000, lower bound: -154.284367
[INFO]:[11:04:20] CPLEX solver finished. Gap: 3.290000
[INFO]:[11:04:23] Starting CPLEX solver on instance: /home/yorig/tuner/mpils-tests/instances/miplib/medium-2/var-smallemery-m6j6.mps with config: /scratch/yorig/mpils-results-grid-ticks-10000-7may/medium-2/4proc-4pils/seed-4/10_var-smallemery-m6j6_seed-4_20260510_105628/iterated_local_search/run_5_worker_0/parallel_16_1.prm
[INFO]:[11:04:30] CPLEX results. Gap: 3.290000, upper bound: -149.375000, lower bound: -154.284367
[INFO]:[11:04:30] CPLEX solver finished. Gap: 3.290000
[INFO]:[11:04:33] Starting CPLEX solver on instance: /home/yorig/tuner/mpils-tests/instances/miplib/medium-2/var-smallemery-m6j6.mps with config: /scratch/yorig/mpils-results-grid-ticks-10000-7may/medium-2/4proc-4pils/seed-4/10_var-smallemery-m6j6_seed-4_20260510_105628/iterated_local_search/run_5_worker_0/parallel_20_1.prm
[INFO]:[11:04:40] CPLEX results. Gap: 5.800000, upper bound: -145.843750, lower bound: -154.303129
[INFO]:[11:04:40] CPLEX solver finished. Gap: 5.800000
[INFO]:[11:04:43] Starting CPLEX solver on instance: /home/yorig/tuner/mpils-tests/instances/miplib/medium-2/var-smallemery-m6j6.mps with config: /scratch/yorig/mpils-results-grid-ticks-10000-7may/medium-2/4proc-4pils/seed-4/10_var-smallemery-m6j6_seed-4_20260510_105628/iterated_local_search/run_5_worker_0/parallel_24_1.prm
[INFO]:[11:04:50] CPLEX results. Gap: 3.290000, upper bound: -149.375000, lower bound: -154.284367
[INFO]:[11:04:50] CPLEX solver finished. Gap: 3.290000
[INFO]:[11:04:53] Starting CPLEX solver on instance: /home/yorig/tuner/mpils-tests/instances/miplib/medium-2/var-smallemery-m6j6.mps with config: /scratch/yorig/mpils-results-grid-ticks-10000-7may/medium-2/4proc-4pils/seed-4/10_var-smallemery-m6j6_seed-4_20260510_105628/iterated_local_search/run_5_worker_0/parallel_28_1.prm
[INFO]:[11:05:00] CPLEX results. Gap: 3.290000, upper bound: -149.375000, lower bound: -154.295046
[INFO]:[11:05:00] CPLEX solver finished. Gap: 3.290000
[INFO]:[11:05:01] Worker (ils_group_rank=1) exiting parallel ILS evaluation service.
[INFO]:[11:05:01] Worker 1 completed exploration phase.
[INFO]:[11:05:01] Worker 1 received order for step 2.
[INFO]:[11:05:01] Worker 1 running expansion phase for iteration 5.
[INFO]:[11:05:01] Worker 1 will use solver log file: /scratch/yorig/mpils-results-grid-ticks-10000-7may/medium-2/4proc-4pils/seed-4/10_var-smallemery-m6j6_seed-4_20260510_105628/solver/cplex.log_iteration_expansion_5_worker_1
[INFO]:[11:05:01] Expansion Worker 1 starting expansion for iteration 5.
[INFO]:[11:05:01] Starting CPLEX solver on instance: /home/yorig/tuner/mpils-tests/instances/miplib/medium-2/var-smallemery-m6j6.mps with config: /scratch/yorig/mpils-results-grid-ticks-10000-7may/medium-2/4proc-4pils/seed-4/10_var-smallemery-m6j6_seed-4_20260510_105628/expansion/config_param_CPXPARAM_Simplex_Crash_0_iter_5.prm
[INFO]:[11:05:08] CPLEX results. Gap: 3.260000, upper bound: -149.375000, lower bound: -154.249891
[INFO]:[11:05:08] CPLEX solver finished. Gap: 3.260000
[INFO]:[11:05:12] Starting CPLEX solver on instance: /home/yorig/tuner/mpils-tests/instances/miplib/medium-2/var-smallemery-m6j6.mps with config: /scratch/yorig/mpils-results-grid-ticks-10000-7may/medium-2/4proc-4pils/seed-4/10_var-smallemery-m6j6_seed-4_20260510_105628/expansion/config_param_CPXPARAM_Preprocessing_Dependency_3_iter_5.prm
[INFO]:[11:05:19] CPLEX results. Gap: 3.280000, upper bound: -149.375000, lower bound: -154.281087
[INFO]:[11:05:19] CPLEX solver finished. Gap: 3.280000
[INFO]:[11:05:22] Starting CPLEX solver on instance: /home/yorig/tuner/mpils-tests/instances/miplib/medium-2/var-smallemery-m6j6.mps with config: /scratch/yorig/mpils-results-grid-ticks-10000-7may/medium-2/4proc-4pils/seed-4/10_var-smallemery-m6j6_seed-4_20260510_105628/expansion/config_param_CPXPARAM_Feasopt_Mode_4_iter_5.prm
[INFO]:[11:05:29] CPLEX results. Gap: 3.260000, upper bound: -149.375000, lower bound: -154.249891
[INFO]:[11:05:29] CPLEX solver finished. Gap: 3.260000
[INFO]:[11:05:33] Starting CPLEX solver on instance: /home/yorig/tuner/mpils-tests/instances/miplib/medium-2/var-smallemery-m6j6.mps with config: /scratch/yorig/mpils-results-grid-ticks-10000-7may/medium-2/4proc-4pils/seed-4/10_var-smallemery-m6j6_seed-4_20260510_105628/expansion/config_param_CPXPARAM_MIP_OrderType_2_iter_5.prm
[INFO]:[11:05:40] CPLEX results. Gap: 3.260000, upper bound: -149.375000, lower bound: -154.249891
[INFO]:[11:05:40] CPLEX solver finished. Gap: 3.260000
[INFO]:[11:05:43] Starting CPLEX solver on instance: /home/yorig/tuner/mpils-tests/instances/miplib/medium-2/var-smallemery-m6j6.mps with config: /scratch/yorig/mpils-results-grid-ticks-10000-7may/medium-2/4proc-4pils/seed-4/10_var-smallemery-m6j6_seed-4_20260510_105628/expansion/config_param_CPXPARAM_Network_Pricing_1_iter_5.prm
[INFO]:[11:05:50] CPLEX results. Gap: 3.260000, upper bound: -149.375000, lower bound: -154.249891
[INFO]:[11:05:50] CPLEX solver finished. Gap: 3.260000
[INFO]:[11:05:54] Starting CPLEX solver on instance: /home/yorig/tuner/mpils-tests/instances/miplib/medium-2/var-smallemery-m6j6.mps with config: /scratch/yorig/mpils-results-grid-ticks-10000-7may/medium-2/4proc-4pils/seed-4/10_var-smallemery-m6j6_seed-4_20260510_105628/expansion/config_param_CPXPARAM_MIP_Strategy_File_2_iter_5.prm
[INFO]:[11:06:01] CPLEX results. Gap: 3.260000, upper bound: -149.375000, lower bound: -154.249891
[INFO]:[11:06:01] CPLEX solver finished. Gap: 3.260000
[INFO]:[11:06:03] Starting CPLEX solver on instance: /home/yorig/tuner/mpils-tests/instances/miplib/medium-2/var-smallemery-m6j6.mps with config: /scratch/yorig/mpils-results-grid-ticks-10000-7may/medium-2/4proc-4pils/seed-4/10_var-smallemery-m6j6_seed-4_20260510_105628/expansion/config_param_CPXPARAM_Preprocessing_Reduce_1_iter_5.prm
[INFO]:[11:06:10] CPLEX results. Gap: 3.390000, upper bound: -149.375000, lower bound: -154.437260
[INFO]:[11:06:10] CPLEX solver finished. Gap: 3.390000
[INFO]:[11:06:10] Expansion Worker 1 completed expansion.
[INFO]:[11:06:10] Worker 1 completed expansion phase.
[INFO]:[11:06:10] Worker 1 received order for step 1.
[INFO]:[11:06:10] Worker 1 running exploration phase for iteration 6.
[INFO]:[11:06:10] Worker 1 at iteration 6 will not use a MIP start file. Current best MIP-start upper bound threshold is 1.79769e+308.
[INFO]:[11:06:10] Starting local search phase...
[INFO]:[11:06:10] Worker (ils_group_rank=1) entering parallel ILS evaluation service.
[INFO]:[11:06:10] Starting CPLEX solver on instance: /home/yorig/tuner/mpils-tests/instances/miplib/medium-2/var-smallemery-m6j6.mps with config: /scratch/yorig/mpils-results-grid-ticks-10000-7may/medium-2/4proc-4pils/seed-4/10_var-smallemery-m6j6_seed-4_20260510_105628/iterated_local_search/run_6_worker_0/parallel_0_1.prm
[INFO]:[11:06:17] CPLEX results. Gap: 3.380000, upper bound: -149.375000, lower bound: -154.418023
[INFO]:[11:06:17] CPLEX solver finished. Gap: 3.380000
[INFO]:[11:06:20] Starting CPLEX solver on instance: /home/yorig/tuner/mpils-tests/instances/miplib/medium-2/var-smallemery-m6j6.mps with config: /scratch/yorig/mpils-results-grid-ticks-10000-7may/medium-2/4proc-4pils/seed-4/10_var-smallemery-m6j6_seed-4_20260510_105628/iterated_local_search/run_6_worker_0/parallel_4_1.prm
[INFO]:[11:06:27] CPLEX results. Gap: 3.290000, upper bound: -149.375000, lower bound: -154.284367
[INFO]:[11:06:27] CPLEX solver finished. Gap: 3.290000
[INFO]:[11:06:30] Starting CPLEX solver on instance: /home/yorig/tuner/mpils-tests/instances/miplib/medium-2/var-smallemery-m6j6.mps with config: /scratch/yorig/mpils-results-grid-ticks-10000-7may/medium-2/4proc-4pils/seed-4/10_var-smallemery-m6j6_seed-4_20260510_105628/iterated_local_search/run_6_worker_0/parallel_8_1.prm
[INFO]:[11:06:37] CPLEX results. Gap: 3.290000, upper bound: -149.375000, lower bound: -154.295046
[INFO]:[11:06:37] CPLEX solver finished. Gap: 3.290000
[INFO]:[11:06:41] Starting CPLEX solver on instance: /home/yorig/tuner/mpils-tests/instances/miplib/medium-2/var-smallemery-m6j6.mps with config: /scratch/yorig/mpils-results-grid-ticks-10000-7may/medium-2/4proc-4pils/seed-4/10_var-smallemery-m6j6_seed-4_20260510_105628/iterated_local_search/run_6_worker_0/parallel_12_1.prm
[INFO]:[11:06:48] CPLEX results. Gap: 3.340000, upper bound: -149.375000, lower bound: -154.357289
[INFO]:[11:06:48] CPLEX solver finished. Gap: 3.340000
[INFO]:[11:06:51] Starting CPLEX solver on instance: /home/yorig/tuner/mpils-tests/instances/miplib/medium-2/var-smallemery-m6j6.mps with config: /scratch/yorig/mpils-results-grid-ticks-10000-7may/medium-2/4proc-4pils/seed-4/10_var-smallemery-m6j6_seed-4_20260510_105628/iterated_local_search/run_6_worker_0/parallel_16_1.prm
[INFO]:[11:06:58] CPLEX results. Gap: 3.260000, upper bound: -149.375000, lower bound: -154.249891
[INFO]:[11:06:58] CPLEX solver finished. Gap: 3.260000
[INFO]:[11:07:01] Worker (ils_group_rank=1) exiting parallel ILS evaluation service.
[INFO]:[11:07:01] Worker 1 completed exploration phase.
[INFO]:[11:07:01] Worker 1 received order for step 2.
[INFO]:[11:07:01] Worker 1 running expansion phase for iteration 6.
[INFO]:[11:07:01] Worker 1 will use solver log file: /scratch/yorig/mpils-results-grid-ticks-10000-7may/medium-2/4proc-4pils/seed-4/10_var-smallemery-m6j6_seed-4_20260510_105628/solver/cplex.log_iteration_expansion_6_worker_1
[INFO]:[11:07:01] Expansion Worker 1 starting expansion for iteration 6.
[INFO]:[11:07:01] Starting CPLEX solver on instance: /home/yorig/tuner/mpils-tests/instances/miplib/medium-2/var-smallemery-m6j6.mps with config: /scratch/yorig/mpils-results-grid-ticks-10000-7may/medium-2/4proc-4pils/seed-4/10_var-smallemery-m6j6_seed-4_20260510_105628/expansion/config_param_CPXPARAM_Preprocessing_Relax_1_iter_6.prm
[INFO]:[11:07:08] CPLEX results. Gap: 3.260000, upper bound: -149.375000, lower bound: -154.249891
[INFO]:[11:07:08] CPLEX solver finished. Gap: 3.260000
[INFO]:[11:07:10] Starting CPLEX solver on instance: /home/yorig/tuner/mpils-tests/instances/miplib/medium-2/var-smallemery-m6j6.mps with config: /scratch/yorig/mpils-results-grid-ticks-10000-7may/medium-2/4proc-4pils/seed-4/10_var-smallemery-m6j6_seed-4_20260510_105628/expansion/config_param_CPXPARAM_Preprocessing_RepeatPresolve_3_iter_6.prm
[INFO]:[11:07:17] CPLEX results. Gap: 6.920000, upper bound: -145.843750, lower bound: -155.929968
[INFO]:[11:07:17] CPLEX solver finished. Gap: 6.920000
[INFO]:[11:07:20] Starting CPLEX solver on instance: /home/yorig/tuner/mpils-tests/instances/miplib/medium-2/var-smallemery-m6j6.mps with config: /scratch/yorig/mpils-results-grid-ticks-10000-7may/medium-2/4proc-4pils/seed-4/10_var-smallemery-m6j6_seed-4_20260510_105628/expansion/config_param_CPXPARAM_LPMethod_4_iter_6.prm
[INFO]:[11:07:27] CPLEX results. Gap: 3.260000, upper bound: -149.375000, lower bound: -154.249891
[INFO]:[11:07:27] CPLEX solver finished. Gap: 3.260000
[INFO]:[11:07:30] Starting CPLEX solver on instance: /home/yorig/tuner/mpils-tests/instances/miplib/medium-2/var-smallemery-m6j6.mps with config: /scratch/yorig/mpils-results-grid-ticks-10000-7may/medium-2/4proc-4pils/seed-4/10_var-smallemery-m6j6_seed-4_20260510_105628/expansion/config_param_CPXPARAM_Read_Scale_1_iter_6.prm
[INFO]:[11:07:37] CPLEX results. Gap: 5.080000, upper bound: -147.000000, lower bound: -154.474488
[INFO]:[11:07:37] CPLEX solver finished. Gap: 5.080000
[INFO]:[11:07:41] Starting CPLEX solver on instance: /home/yorig/tuner/mpils-tests/instances/miplib/medium-2/var-smallemery-m6j6.mps with config: /scratch/yorig/mpils-results-grid-ticks-10000-7may/medium-2/4proc-4pils/seed-4/10_var-smallemery-m6j6_seed-4_20260510_105628/expansion/config_param_CPXPARAM_Sifting_Algorithm_4_iter_6.prm
[INFO]:[11:07:48] CPLEX results. Gap: 3.260000, upper bound: -149.375000, lower bound: -154.249891
[INFO]:[11:07:48] CPLEX solver finished. Gap: 3.260000
[INFO]:[11:07:52] Starting CPLEX solver on instance: /home/yorig/tuner/mpils-tests/instances/miplib/medium-2/var-smallemery-m6j6.mps with config: /scratch/yorig/mpils-results-grid-ticks-10000-7may/medium-2/4proc-4pils/seed-4/10_var-smallemery-m6j6_seed-4_20260510_105628/expansion/config_param_CPXPARAM_Simplex_Limits_Singularity_20_iter_6.prm
[INFO]:[11:07:59] CPLEX results. Gap: 3.260000, upper bound: -149.375000, lower bound: -154.249891
[INFO]:[11:07:59] CPLEX solver finished. Gap: 3.260000
[INFO]:[11:08:02] Starting CPLEX solver on instance: /home/yorig/tuner/mpils-tests/instances/miplib/medium-2/var-smallemery-m6j6.mps with config: /scratch/yorig/mpils-results-grid-ticks-10000-7may/medium-2/4proc-4pils/seed-4/10_var-smallemery-m6j6_seed-4_20260510_105628/expansion/config_param_CPXPARAM_Barrier_Algorithm_3_iter_6.prm
[INFO]:[11:08:09] CPLEX results. Gap: 3.260000, upper bound: -149.375000, lower bound: -154.249891
[INFO]:[11:08:09] CPLEX solver finished. Gap: 3.260000
[INFO]:[11:08:13] Starting CPLEX solver on instance: /home/yorig/tuner/mpils-tests/instances/miplib/medium-2/var-smallemery-m6j6.mps with config: /scratch/yorig/mpils-results-grid-ticks-10000-7may/medium-2/4proc-4pils/seed-4/10_var-smallemery-m6j6_seed-4_20260510_105628/expansion/config_param_CPXPARAM_MIP_Limits_StrongCand_40_iter_6.prm
[INFO]:[11:08:20] CPLEX results. Gap: 3.260000, upper bound: -149.375000, lower bound: -154.249891
[INFO]:[11:08:20] CPLEX solver finished. Gap: 3.260000
[INFO]:[11:08:21] Expansion Worker 1 completed expansion.
[INFO]:[11:08:21] Worker 1 completed expansion phase.
[INFO]:[11:08:21] Worker 1 received order for step 1.
[INFO]:[11:08:21] Worker 1 running exploration phase for iteration 7.
[INFO]:[11:08:21] Worker 1 at iteration 7 will not use a MIP start file. Current best MIP-start upper bound threshold is 1.79769e+308.
[INFO]:[11:08:21] Starting local search phase...
[INFO]:[11:08:21] Worker (ils_group_rank=1) entering parallel ILS evaluation service.
[INFO]:[11:08:21] Starting CPLEX solver on instance: /home/yorig/tuner/mpils-tests/instances/miplib/medium-2/var-smallemery-m6j6.mps with config: /scratch/yorig/mpils-results-grid-ticks-10000-7may/medium-2/4proc-4pils/seed-4/10_var-smallemery-m6j6_seed-4_20260510_105628/iterated_local_search/run_7_worker_0/parallel_0_1.prm
[INFO]:[11:08:28] CPLEX results. Gap: 3.260000, upper bound: -149.375000, lower bound: -154.249891
[INFO]:[11:08:28] CPLEX solver finished. Gap: 3.260000
[INFO]:[11:08:32] Starting CPLEX solver on instance: /home/yorig/tuner/mpils-tests/instances/miplib/medium-2/var-smallemery-m6j6.mps with config: /scratch/yorig/mpils-results-grid-ticks-10000-7may/medium-2/4proc-4pils/seed-4/10_var-smallemery-m6j6_seed-4_20260510_105628/iterated_local_search/run_7_worker_0/parallel_4_1.prm
[INFO]:[11:08:39] CPLEX results. Gap: 3.260000, upper bound: -149.375000, lower bound: -154.249891
[INFO]:[11:08:39] CPLEX solver finished. Gap: 3.260000
[INFO]:[11:08:42] Starting CPLEX solver on instance: /home/yorig/tuner/mpils-tests/instances/miplib/medium-2/var-smallemery-m6j6.mps with config: /scratch/yorig/mpils-results-grid-ticks-10000-7may/medium-2/4proc-4pils/seed-4/10_var-smallemery-m6j6_seed-4_20260510_105628/iterated_local_search/run_7_worker_0/parallel_8_1.prm
[INFO]:[11:08:49] CPLEX results. Gap: 3.260000, upper bound: -149.375000, lower bound: -154.249891
[INFO]:[11:08:49] CPLEX solver finished. Gap: 3.260000
[INFO]:[11:08:52] Starting CPLEX solver on instance: /home/yorig/tuner/mpils-tests/instances/miplib/medium-2/var-smallemery-m6j6.mps with config: /scratch/yorig/mpils-results-grid-ticks-10000-7may/medium-2/4proc-4pils/seed-4/10_var-smallemery-m6j6_seed-4_20260510_105628/iterated_local_search/run_7_worker_0/parallel_12_1.prm
[INFO]:[11:08:59] CPLEX results. Gap: 6.730000, upper bound: -145.906250, lower bound: -155.731487
[INFO]:[11:08:59] CPLEX solver finished. Gap: 6.730000
[INFO]:[11:09:00] Starting CPLEX solver on instance: /home/yorig/tuner/mpils-tests/instances/miplib/medium-2/var-smallemery-m6j6.mps with config: /scratch/yorig/mpils-results-grid-ticks-10000-7may/medium-2/4proc-4pils/seed-4/10_var-smallemery-m6j6_seed-4_20260510_105628/iterated_local_search/run_7_worker_0/parallel_16_1.prm
[INFO]:[11:09:08] CPLEX results. Gap: 3.390000, upper bound: -149.375000, lower bound: -154.435590
[INFO]:[11:09:08] CPLEX solver finished. Gap: 3.390000
[INFO]:[11:09:11] Starting CPLEX solver on instance: /home/yorig/tuner/mpils-tests/instances/miplib/medium-2/var-smallemery-m6j6.mps with config: /scratch/yorig/mpils-results-grid-ticks-10000-7may/medium-2/4proc-4pils/seed-4/10_var-smallemery-m6j6_seed-4_20260510_105628/iterated_local_search/run_7_worker_0/parallel_20_1.prm
[INFO]:[11:09:18] CPLEX results. Gap: 3.260000, upper bound: -149.375000, lower bound: -154.249891
[INFO]:[11:09:18] CPLEX solver finished. Gap: 3.260000
[INFO]:[11:09:21] Starting CPLEX solver on instance: /home/yorig/tuner/mpils-tests/instances/miplib/medium-2/var-smallemery-m6j6.mps with config: /scratch/yorig/mpils-results-grid-ticks-10000-7may/medium-2/4proc-4pils/seed-4/10_var-smallemery-m6j6_seed-4_20260510_105628/iterated_local_search/run_7_worker_0/parallel_24_1.prm
[INFO]:[11:09:28] CPLEX results. Gap: 3.290000, upper bound: -149.375000, lower bound: -154.284367
[INFO]:[11:09:28] CPLEX solver finished. Gap: 3.290000
[INFO]:[11:09:31] Worker (ils_group_rank=1) exiting parallel ILS evaluation service.
[INFO]:[11:09:31] Worker 1 completed exploration phase.
[INFO]:[11:09:31] Worker 1 received order for step 3.
[INFO]:[11:09:31] Worker 1 finished.
