[INFO]:[04:59:28] Worker 2 starting.
[INFO]:[04:59:29] Worker 2 received order for step 1.
[INFO]:[04:59:29] Worker 2 running exploration phase for iteration 1.
[INFO]:[04:59:29] Worker 2 at iteration 1 will not use a MIP start file. Current best MIP-start upper bound threshold is 1.79769e+308.
[INFO]:[04:59:29] Starting local search phase...
[INFO]:[04:59:29] Worker (ils_group_rank=2) entering parallel ILS evaluation service.
[INFO]:[04:59:29] Starting CPLEX solver on instance: /home/yorig/tuner/mpils-tests/instances/miplib/easy/glass4.mps with config: /scratch/yorig/mpils-results-grid-ticks-10000-7may/easy/24proc-24pils/seed-2/3_glass4_seed-2_20260510_045927/iterated_local_search/run_1_worker_0/parallel_0_2.prm
[INFO]:[04:59:35] CPLEX results. Gap: 44.440000, upper bound: 1800015600.000000, lower bound: 1000007105.402742
[INFO]:[04:59:35] CPLEX solver finished. Gap: 44.440000
[INFO]:[04:59:37] Worker (ils_group_rank=2) exiting parallel ILS evaluation service.
[INFO]:[04:59:37] Worker 2 completed exploration phase.
[INFO]:[04:59:37] Worker 2 received order for step 2.
[INFO]:[04:59:37] Worker 2 running expansion phase for iteration 1.
[INFO]:[04:59:37] Worker 2 will use solver log file: /scratch/yorig/mpils-results-grid-ticks-10000-7may/easy/24proc-24pils/seed-2/3_glass4_seed-2_20260510_045927/solver/cplex.log_iteration_expansion_1_worker_2
[INFO]:[04:59:37] Expansion Worker 2 starting expansion for iteration 1.
[INFO]:[04:59:37] Starting CPLEX solver on instance: /home/yorig/tuner/mpils-tests/instances/miplib/easy/glass4.mps with config: /scratch/yorig/mpils-results-grid-ticks-10000-7may/easy/24proc-24pils/seed-2/3_glass4_seed-2_20260510_045927/expansion/config_param_CPXPARAM_MIP_Strategy_Probe_2_iter_1.prm
[INFO]:[04:59:45] CPLEX results. Gap: 46.880000, upper bound: 1600014166.666667, lower bound: 850004535.714286
[INFO]:[04:59:45] CPLEX solver finished. Gap: 46.880000
[INFO]:[04:59:45] Expansion Worker 2 stopping early after global MPI expansion stop was activated.
[INFO]:[04:59:45] Expansion Worker 2 completed expansion.
[INFO]:[04:59:45] Worker 2 completed expansion phase.
[INFO]:[04:59:46] Worker 2 received order for step 1.
[INFO]:[04:59:46] Worker 2 running exploration phase for iteration 2.
[INFO]:[04:59:46] Worker 2 at iteration 2 will not use a MIP start file. Current best MIP-start upper bound threshold is 1.79769e+308.
[INFO]:[04:59:46] Starting local search phase...
[INFO]:[04:59:46] Worker (ils_group_rank=2) entering parallel ILS evaluation service.
[INFO]:[04:59:46] Starting CPLEX solver on instance: /home/yorig/tuner/mpils-tests/instances/miplib/easy/glass4.mps with config: /scratch/yorig/mpils-results-grid-ticks-10000-7may/easy/24proc-24pils/seed-2/3_glass4_seed-2_20260510_045927/iterated_local_search/run_2_worker_0/parallel_0_2.prm
[INFO]:[04:59:54] CPLEX results. Gap: 28.570000, upper bound: 1400013669.895724, lower bound: 1000005964.864865
[INFO]:[04:59:54] CPLEX solver finished. Gap: 28.570000
[INFO]:[04:59:56] Worker (ils_group_rank=2) exiting parallel ILS evaluation service.
[INFO]:[04:59:56] Worker 2 completed exploration phase.
[INFO]:[04:59:56] Worker 2 received order for step 2.
[INFO]:[04:59:56] Worker 2 running expansion phase for iteration 2.
[INFO]:[04:59:56] Worker 2 will use solver log file: /scratch/yorig/mpils-results-grid-ticks-10000-7may/easy/24proc-24pils/seed-2/3_glass4_seed-2_20260510_045927/solver/cplex.log_iteration_expansion_2_worker_2
[INFO]:[04:59:56] Expansion Worker 2 starting expansion for iteration 2.
[INFO]:[04:59:56] Starting CPLEX solver on instance: /home/yorig/tuner/mpils-tests/instances/miplib/easy/glass4.mps with config: /scratch/yorig/mpils-results-grid-ticks-10000-7may/easy/24proc-24pils/seed-2/3_glass4_seed-2_20260510_045927/expansion/config_param_CPXPARAM_MIP_Limits_ProbeTime_2_iter_2.prm
[INFO]:[05:00:04] CPLEX results. Gap: 17.440000, upper bound: 1433345533.333333, lower bound: 1183342652.940557
[INFO]:[05:00:04] CPLEX solver finished. Gap: 17.440000
[INFO]:[05:00:04] Starting CPLEX solver on instance: /home/yorig/tuner/mpils-tests/instances/miplib/easy/glass4.mps with config: /scratch/yorig/mpils-results-grid-ticks-10000-7may/easy/24proc-24pils/seed-2/3_glass4_seed-2_20260510_045927/expansion/config_param_CPXPARAM_MIP_Strategy_BBInterval_15_iter_2.prm
[INFO]:[05:00:13] CPLEX results. Gap: 17.440000, upper bound: 1433345533.333333, lower bound: 1183342652.940557
[INFO]:[05:00:13] CPLEX solver finished. Gap: 17.440000
[INFO]:[05:00:20] Expansion Worker 2 stopping early after global MPI expansion stop was activated.
[INFO]:[05:00:20] Expansion Worker 2 completed expansion.
[INFO]:[05:00:20] Worker 2 completed expansion phase.
[INFO]:[05:00:20] Worker 2 received order for step 3.
[INFO]:[05:00:20] Worker 2 finished.
