[INFO]:[18:38:48] Worker 3 starting.
[INFO]:[18:38:48] Worker 3 received order for step 1.
[INFO]:[18:38:48] Worker 3 running exploration phase for iteration 1.
[INFO]:[18:38:48] Worker 3 at iteration 1 will not use a MIP start file. Current best MIP-start upper bound threshold is 1.79769e+308.
[INFO]:[18:38:48] Starting local search phase...
[INFO]:[18:38:48] Worker (ils_group_rank=3) entering parallel ILS evaluation service.
[INFO]:[18:38:48] Starting CPLEX solver on instance: /home/yorig/tuner/mpils-tests/instances/miplib/medium-1/b1c1s1.mps with config: /scratch/yorig/mpils-results-grid-ticks-10000-7may/medium-1/16proc-16pils/seed-9/1_b1c1s1_seed-9_20260510_183847/iterated_local_search/run_1_worker_0/parallel_0_3.prm
[INFO]:[18:38:55] CPLEX results. Gap: 40.690000, upper bound: 25486.960000, lower bound: 15117.424922
[INFO]:[18:38:55] CPLEX solver finished. Gap: 40.690000
[INFO]:[18:38:55] Starting CPLEX solver on instance: /home/yorig/tuner/mpils-tests/instances/miplib/medium-1/b1c1s1.mps with config: /scratch/yorig/mpils-results-grid-ticks-10000-7may/medium-1/16proc-16pils/seed-9/1_b1c1s1_seed-9_20260510_183847/iterated_local_search/run_1_worker_0/parallel_16_3.prm
[INFO]:[18:39:01] CPLEX results. Gap: 19.710000, upper bound: 25643.860000, lower bound: 20590.184227
[INFO]:[18:39:01] CPLEX solver finished. Gap: 19.710000
[INFO]:[18:39:02] Worker (ils_group_rank=3) exiting parallel ILS evaluation service.
[INFO]:[18:39:02] Worker 3 completed exploration phase.
[INFO]:[18:39:02] Worker 3 received order for step 2.
[INFO]:[18:39:02] Worker 3 running expansion phase for iteration 1.
[INFO]:[18:39:02] Worker 3 will use solver log file: /scratch/yorig/mpils-results-grid-ticks-10000-7may/medium-1/16proc-16pils/seed-9/1_b1c1s1_seed-9_20260510_183847/solver/cplex.log_iteration_expansion_1_worker_3
[INFO]:[18:39:02] Expansion Worker 3 starting expansion for iteration 1.
[INFO]:[18:39:02] Starting CPLEX solver on instance: /home/yorig/tuner/mpils-tests/instances/miplib/medium-1/b1c1s1.mps with config: /scratch/yorig/mpils-results-grid-ticks-10000-7may/medium-1/16proc-16pils/seed-9/1_b1c1s1_seed-9_20260510_183847/expansion/config_param_CPXPARAM_MIP_Strategy_Probe_3_iter_1.prm
[INFO]:[18:39:08] CPLEX results. Gap: 18.970000, upper bound: 25400.730000, lower bound: 20582.002970
[INFO]:[18:39:08] CPLEX solver finished. Gap: 18.970000
[INFO]:[18:39:08] Expansion Worker 3 found an improving configuration with objective value 18.97.
[INFO]:[18:39:08] Expansion Worker 3 stopping early after global MPI expansion stop was activated.
[INFO]:[18:39:08] Expansion Worker 3 completed expansion.
[INFO]:[18:39:08] Worker 3 completed expansion phase.
[INFO]:[18:39:08] Worker 3 received order for step 1.
[INFO]:[18:39:08] Worker 3 running exploration phase for iteration 2.
[INFO]:[18:39:08] Worker 3 at iteration 2 will not use a MIP start file. Current best MIP-start upper bound threshold is 1.79769e+308.
[INFO]:[18:39:08] Starting local search phase...
[INFO]:[18:39:08] Worker (ils_group_rank=3) entering parallel ILS evaluation service.
[INFO]:[18:39:08] Starting CPLEX solver on instance: /home/yorig/tuner/mpils-tests/instances/miplib/medium-1/b1c1s1.mps with config: /scratch/yorig/mpils-results-grid-ticks-10000-7may/medium-1/16proc-16pils/seed-9/1_b1c1s1_seed-9_20260510_183847/iterated_local_search/run_2_worker_0/parallel_0_3.prm
[INFO]:[18:39:15] CPLEX results. Gap: 18.970000, upper bound: 25400.730000, lower bound: 20582.002970
[INFO]:[18:39:15] CPLEX solver finished. Gap: 18.970000
[INFO]:[18:39:15] Worker (ils_group_rank=3) exiting parallel ILS evaluation service.
[INFO]:[18:39:15] Worker 3 completed exploration phase.
[INFO]:[18:39:15] Worker 3 received order for step 2.
[INFO]:[18:39:15] Worker 3 running expansion phase for iteration 2.
[INFO]:[18:39:15] Worker 3 will use solver log file: /scratch/yorig/mpils-results-grid-ticks-10000-7may/medium-1/16proc-16pils/seed-9/1_b1c1s1_seed-9_20260510_183847/solver/cplex.log_iteration_expansion_2_worker_3
[INFO]:[18:39:15] Expansion Worker 3 starting expansion for iteration 2.
[INFO]:[18:39:15] Starting CPLEX solver on instance: /home/yorig/tuner/mpils-tests/instances/miplib/medium-1/b1c1s1.mps with config: /scratch/yorig/mpils-results-grid-ticks-10000-7may/medium-1/16proc-16pils/seed-9/1_b1c1s1_seed-9_20260510_183847/expansion/config_param_CPXPARAM_MIP_Cuts_Covers_3_iter_2.prm
[INFO]:[18:39:22] CPLEX results. Gap: 17.800000, upper bound: 25242.060000, lower bound: 20748.343341
[INFO]:[18:39:22] CPLEX solver finished. Gap: 17.800000
[INFO]:[18:39:22] Starting CPLEX solver on instance: /home/yorig/tuner/mpils-tests/instances/miplib/medium-1/b1c1s1.mps with config: /scratch/yorig/mpils-results-grid-ticks-10000-7may/medium-1/16proc-16pils/seed-9/1_b1c1s1_seed-9_20260510_183847/expansion/config_param_CPXPARAM_MIP_Limits_ProbeTime_10_iter_2.prm
[INFO]:[18:39:28] CPLEX results. Gap: 21.290000, upper bound: 26325.920000, lower bound: 20720.726625
[INFO]:[18:39:28] CPLEX solver finished. Gap: 21.290000
[INFO]:[18:39:29] Starting CPLEX solver on instance: /home/yorig/tuner/mpils-tests/instances/miplib/medium-1/b1c1s1.mps with config: /scratch/yorig/mpils-results-grid-ticks-10000-7may/medium-1/16proc-16pils/seed-9/1_b1c1s1_seed-9_20260510_183847/expansion/config_param_CPXPARAM_MIP_Strategy_BBInterval_0_iter_2.prm
[INFO]:[18:39:35] CPLEX results. Gap: 17.800000, upper bound: 25242.060000, lower bound: 20748.343341
[INFO]:[18:39:35] CPLEX solver finished. Gap: 17.800000
[INFO]:[18:39:35] Starting CPLEX solver on instance: /home/yorig/tuner/mpils-tests/instances/miplib/medium-1/b1c1s1.mps with config: /scratch/yorig/mpils-results-grid-ticks-10000-7may/medium-1/16proc-16pils/seed-9/1_b1c1s1_seed-9_20260510_183847/expansion/config_param_CPXPARAM_MIP_Strategy_PresolveNode_1_iter_2.prm
[INFO]:[18:39:41] CPLEX results. Gap: 17.800000, upper bound: 25242.060000, lower bound: 20748.343341
[INFO]:[18:39:41] CPLEX solver finished. Gap: 17.800000
[INFO]:[18:39:41] Expansion Worker 3 completed expansion.
[INFO]:[18:39:41] Worker 3 completed expansion phase.
[INFO]:[18:39:41] Worker 3 received order for step 1.
[INFO]:[18:39:41] Worker 3 running exploration phase for iteration 3.
[INFO]:[18:39:41] Worker 3 at iteration 3 will not use a MIP start file. Current best MIP-start upper bound threshold is 1.79769e+308.
[INFO]:[18:39:41] Starting local search phase...
[INFO]:[18:39:41] Worker (ils_group_rank=3) entering parallel ILS evaluation service.
[INFO]:[18:39:41] Starting CPLEX solver on instance: /home/yorig/tuner/mpils-tests/instances/miplib/medium-1/b1c1s1.mps with config: /scratch/yorig/mpils-results-grid-ticks-10000-7may/medium-1/16proc-16pils/seed-9/1_b1c1s1_seed-9_20260510_183847/iterated_local_search/run_3_worker_0/parallel_0_3.prm
[INFO]:[18:39:48] CPLEX results. Gap: 17.800000, upper bound: 25242.060000, lower bound: 20748.343341
[INFO]:[18:39:48] CPLEX solver finished. Gap: 17.800000
[INFO]:[18:39:48] Worker (ils_group_rank=3) exiting parallel ILS evaluation service.
[INFO]:[18:39:48] Worker 3 completed exploration phase.
[INFO]:[18:39:48] Worker 3 received order for step 2.
[INFO]:[18:39:48] Worker 3 running expansion phase for iteration 3.
[INFO]:[18:39:48] Worker 3 will use solver log file: /scratch/yorig/mpils-results-grid-ticks-10000-7may/medium-1/16proc-16pils/seed-9/1_b1c1s1_seed-9_20260510_183847/solver/cplex.log_iteration_expansion_3_worker_3
[INFO]:[18:39:48] Expansion Worker 3 starting expansion for iteration 3.
[INFO]:[18:39:48] Starting CPLEX solver on instance: /home/yorig/tuner/mpils-tests/instances/miplib/medium-1/b1c1s1.mps with config: /scratch/yorig/mpils-results-grid-ticks-10000-7may/medium-1/16proc-16pils/seed-9/1_b1c1s1_seed-9_20260510_183847/expansion/config_param_CPXPARAM_Preprocessing_Symmetry_1_iter_3.prm
[INFO]:[18:39:54] CPLEX results. Gap: 17.800000, upper bound: 25242.060000, lower bound: 20748.343341
[INFO]:[18:39:54] CPLEX solver finished. Gap: 17.800000
[INFO]:[18:39:54] Starting CPLEX solver on instance: /home/yorig/tuner/mpils-tests/instances/miplib/medium-1/b1c1s1.mps with config: /scratch/yorig/mpils-results-grid-ticks-10000-7may/medium-1/16proc-16pils/seed-9/1_b1c1s1_seed-9_20260510_183847/expansion/config_param_CPXPARAM_MIP_Strategy_StartAlgorithm_3_iter_3.prm
[INFO]:[18:40:01] CPLEX results. Gap: 21.570000, upper bound: 26228.760000, lower bound: 20571.128032
[INFO]:[18:40:01] CPLEX solver finished. Gap: 21.570000
[INFO]:[18:40:02] Starting CPLEX solver on instance: /home/yorig/tuner/mpils-tests/instances/miplib/medium-1/b1c1s1.mps with config: /scratch/yorig/mpils-results-grid-ticks-10000-7may/medium-1/16proc-16pils/seed-9/1_b1c1s1_seed-9_20260510_183847/expansion/config_param_CPXPARAM_Simplex_PGradient_2_iter_3.prm
[INFO]:[18:40:08] CPLEX results. Gap: 21.700000, upper bound: 26355.150000, lower bound: 20634.976084
[INFO]:[18:40:08] CPLEX solver finished. Gap: 21.700000
[INFO]:[18:40:08] Expansion Worker 3 completed expansion.
[INFO]:[18:40:08] Worker 3 completed expansion phase.
[INFO]:[18:40:08] Worker 3 received order for step 1.
[INFO]:[18:40:08] Worker 3 running exploration phase for iteration 4.
[INFO]:[18:40:08] Worker 3 at iteration 4 will not use a MIP start file. Current best MIP-start upper bound threshold is 1.79769e+308.
[INFO]:[18:40:08] Starting local search phase...
[INFO]:[18:40:08] Worker (ils_group_rank=3) entering parallel ILS evaluation service.
[INFO]:[18:40:08] Starting CPLEX solver on instance: /home/yorig/tuner/mpils-tests/instances/miplib/medium-1/b1c1s1.mps with config: /scratch/yorig/mpils-results-grid-ticks-10000-7may/medium-1/16proc-16pils/seed-9/1_b1c1s1_seed-9_20260510_183847/iterated_local_search/run_4_worker_0/parallel_0_3.prm
[INFO]:[18:40:14] CPLEX results. Gap: 21.420000, upper bound: 26477.900000, lower bound: 20807.337376
[INFO]:[18:40:14] CPLEX solver finished. Gap: 21.420000
[INFO]:[18:40:15] Worker (ils_group_rank=3) exiting parallel ILS evaluation service.
[INFO]:[18:40:15] Worker 3 completed exploration phase.
[INFO]:[18:40:15] Worker 3 received order for step 2.
[INFO]:[18:40:15] Worker 3 running expansion phase for iteration 4.
[INFO]:[18:40:15] Worker 3 will use solver log file: /scratch/yorig/mpils-results-grid-ticks-10000-7may/medium-1/16proc-16pils/seed-9/1_b1c1s1_seed-9_20260510_183847/solver/cplex.log_iteration_expansion_4_worker_3
[INFO]:[18:40:15] Expansion Worker 3 starting expansion for iteration 4.
[INFO]:[18:40:15] Starting CPLEX solver on instance: /home/yorig/tuner/mpils-tests/instances/miplib/medium-1/b1c1s1.mps with config: /scratch/yorig/mpils-results-grid-ticks-10000-7may/medium-1/16proc-16pils/seed-9/1_b1c1s1_seed-9_20260510_183847/expansion/config_param_CPXPARAM_MIP_Limits_AggForCut_1_iter_4.prm
[INFO]:[18:40:21] CPLEX results. Gap: 28.900000, upper bound: 26194.310000, lower bound: 18624.904353
[INFO]:[18:40:21] CPLEX solver finished. Gap: 28.900000
[INFO]:[18:40:22] Expansion Worker 3 stopping early after global MPI expansion stop was activated.
[INFO]:[18:40:22] Expansion Worker 3 completed expansion.
[INFO]:[18:40:22] Worker 3 completed expansion phase.
[INFO]:[18:40:22] Worker 3 received order for step 1.
[INFO]:[18:40:22] Worker 3 running exploration phase for iteration 5.
[INFO]:[18:40:22] Worker 3 at iteration 5 will not use a MIP start file. Current best MIP-start upper bound threshold is 1.79769e+308.
[INFO]:[18:40:22] Starting local search phase...
[INFO]:[18:40:22] Worker (ils_group_rank=3) entering parallel ILS evaluation service.
[INFO]:[18:40:22] Starting CPLEX solver on instance: /home/yorig/tuner/mpils-tests/instances/miplib/medium-1/b1c1s1.mps with config: /scratch/yorig/mpils-results-grid-ticks-10000-7may/medium-1/16proc-16pils/seed-9/1_b1c1s1_seed-9_20260510_183847/iterated_local_search/run_5_worker_0/parallel_0_3.prm
[INFO]:[18:40:29] CPLEX results. Gap: 17.800000, upper bound: 25242.060000, lower bound: 20748.343341
[INFO]:[18:40:29] CPLEX solver finished. Gap: 17.800000
[INFO]:[18:40:29] Starting CPLEX solver on instance: /home/yorig/tuner/mpils-tests/instances/miplib/medium-1/b1c1s1.mps with config: /scratch/yorig/mpils-results-grid-ticks-10000-7may/medium-1/16proc-16pils/seed-9/1_b1c1s1_seed-9_20260510_183847/iterated_local_search/run_5_worker_0/parallel_16_3.prm
[INFO]:[18:40:35] CPLEX results. Gap: 17.800000, upper bound: 25242.060000, lower bound: 20748.343341
[INFO]:[18:40:35] CPLEX solver finished. Gap: 17.800000
[INFO]:[18:40:36] Worker (ils_group_rank=3) exiting parallel ILS evaluation service.
[INFO]:[18:40:36] Worker 3 completed exploration phase.
[INFO]:[18:40:36] Worker 3 received order for step 2.
[INFO]:[18:40:36] Worker 3 running expansion phase for iteration 5.
[INFO]:[18:40:36] Worker 3 will use solver log file: /scratch/yorig/mpils-results-grid-ticks-10000-7may/medium-1/16proc-16pils/seed-9/1_b1c1s1_seed-9_20260510_183847/solver/cplex.log_iteration_expansion_5_worker_3
[INFO]:[18:40:36] Expansion Worker 3 starting expansion for iteration 5.
[INFO]:[18:40:36] Starting CPLEX solver on instance: /home/yorig/tuner/mpils-tests/instances/miplib/medium-1/b1c1s1.mps with config: /scratch/yorig/mpils-results-grid-ticks-10000-7may/medium-1/16proc-16pils/seed-9/1_b1c1s1_seed-9_20260510_183847/expansion/config_param_CPXPARAM_Preprocessing_Fill_40_iter_5.prm
[INFO]:[18:40:43] CPLEX results. Gap: 16.290000, upper bound: 24944.490000, lower bound: 20882.146982
[INFO]:[18:40:43] CPLEX solver finished. Gap: 16.290000
[INFO]:[18:40:43] Starting CPLEX solver on instance: /home/yorig/tuner/mpils-tests/instances/miplib/medium-1/b1c1s1.mps with config: /scratch/yorig/mpils-results-grid-ticks-10000-7may/medium-1/16proc-16pils/seed-9/1_b1c1s1_seed-9_20260510_183847/expansion/config_param_CPXPARAM_Simplex_Crash_0_iter_5.prm
[INFO]:[18:40:50] CPLEX results. Gap: 16.290000, upper bound: 24944.490000, lower bound: 20882.146982
[INFO]:[18:40:50] CPLEX solver finished. Gap: 16.290000
[INFO]:[18:40:50] Expansion Worker 3 completed expansion.
[INFO]:[18:40:50] Worker 3 completed expansion phase.
[INFO]:[18:40:50] Worker 3 received order for step 1.
[INFO]:[18:40:50] Worker 3 running exploration phase for iteration 6.
[INFO]:[18:40:50] Worker 3 at iteration 6 will not use a MIP start file. Current best MIP-start upper bound threshold is 1.79769e+308.
[INFO]:[18:40:50] Starting local search phase...
[INFO]:[18:40:50] Worker (ils_group_rank=3) entering parallel ILS evaluation service.
[INFO]:[18:40:50] Starting CPLEX solver on instance: /home/yorig/tuner/mpils-tests/instances/miplib/medium-1/b1c1s1.mps with config: /scratch/yorig/mpils-results-grid-ticks-10000-7may/medium-1/16proc-16pils/seed-9/1_b1c1s1_seed-9_20260510_183847/iterated_local_search/run_6_worker_0/parallel_0_3.prm
[INFO]:[18:40:57] CPLEX results. Gap: 16.290000, upper bound: 24944.490000, lower bound: 20882.146982
[INFO]:[18:40:57] CPLEX solver finished. Gap: 16.290000
[INFO]:[18:40:57] Worker (ils_group_rank=3) exiting parallel ILS evaluation service.
[INFO]:[18:40:57] Worker 3 completed exploration phase.
[INFO]:[18:40:57] Worker 3 received order for step 2.
[INFO]:[18:40:57] Worker 3 running expansion phase for iteration 6.
[INFO]:[18:40:57] Worker 3 will use solver log file: /scratch/yorig/mpils-results-grid-ticks-10000-7may/medium-1/16proc-16pils/seed-9/1_b1c1s1_seed-9_20260510_183847/solver/cplex.log_iteration_expansion_6_worker_3
[INFO]:[18:40:57] Expansion Worker 3 starting expansion for iteration 6.
[INFO]:[18:40:57] Starting CPLEX solver on instance: /home/yorig/tuner/mpils-tests/instances/miplib/medium-1/b1c1s1.mps with config: /scratch/yorig/mpils-results-grid-ticks-10000-7may/medium-1/16proc-16pils/seed-9/1_b1c1s1_seed-9_20260510_183847/expansion/config_param_CPXPARAM_Network_NetFind_1_iter_6.prm
[INFO]:[18:41:04] CPLEX results. Gap: 16.100000, upper bound: 24944.490000, lower bound: 20929.559442
[INFO]:[18:41:04] CPLEX solver finished. Gap: 16.100000
[INFO]:[18:41:04] Starting CPLEX solver on instance: /home/yorig/tuner/mpils-tests/instances/miplib/medium-1/b1c1s1.mps with config: /scratch/yorig/mpils-results-grid-ticks-10000-7may/medium-1/16proc-16pils/seed-9/1_b1c1s1_seed-9_20260510_183847/expansion/config_param_CPXPARAM_Preprocessing_RepeatPresolve_2_iter_6.prm
[INFO]:[18:41:11] CPLEX results. Gap: 16.100000, upper bound: 24944.490000, lower bound: 20929.559442
[INFO]:[18:41:11] CPLEX solver finished. Gap: 16.100000
[INFO]:[18:41:11] Expansion Worker 3 stopping early after global MPI expansion stop was activated.
[INFO]:[18:41:11] Expansion Worker 3 completed expansion.
[INFO]:[18:41:11] Worker 3 completed expansion phase.
[INFO]:[18:41:11] Worker 3 received order for step 1.
[INFO]:[18:41:11] Worker 3 running exploration phase for iteration 7.
[INFO]:[18:41:11] Worker 3 at iteration 7 will not use a MIP start file. Current best MIP-start upper bound threshold is 1.79769e+308.
[INFO]:[18:41:11] Starting local search phase...
[INFO]:[18:41:11] Worker (ils_group_rank=3) entering parallel ILS evaluation service.
[INFO]:[18:41:11] Starting CPLEX solver on instance: /home/yorig/tuner/mpils-tests/instances/miplib/medium-1/b1c1s1.mps with config: /scratch/yorig/mpils-results-grid-ticks-10000-7may/medium-1/16proc-16pils/seed-9/1_b1c1s1_seed-9_20260510_183847/iterated_local_search/run_7_worker_0/parallel_0_3.prm
[INFO]:[18:41:18] CPLEX results. Gap: 16.100000, upper bound: 24944.490000, lower bound: 20929.559442
[INFO]:[18:41:18] CPLEX solver finished. Gap: 16.100000
[INFO]:[18:41:18] Starting CPLEX solver on instance: /home/yorig/tuner/mpils-tests/instances/miplib/medium-1/b1c1s1.mps with config: /scratch/yorig/mpils-results-grid-ticks-10000-7may/medium-1/16proc-16pils/seed-9/1_b1c1s1_seed-9_20260510_183847/iterated_local_search/run_7_worker_0/parallel_16_3.prm
[INFO]:[18:41:26] CPLEX results. Gap: 27.850000, upper bound: 27575.440000, lower bound: 19895.323117
[INFO]:[18:41:26] CPLEX solver finished. Gap: 27.850000
[INFO]:[18:41:26] Worker (ils_group_rank=3) exiting parallel ILS evaluation service.
[INFO]:[18:41:26] Worker 3 completed exploration phase.
[INFO]:[18:41:26] Worker 3 received order for step 2.
[INFO]:[18:41:26] Worker 3 running expansion phase for iteration 7.
[INFO]:[18:41:26] Worker 3 will use solver log file: /scratch/yorig/mpils-results-grid-ticks-10000-7may/medium-1/16proc-16pils/seed-9/1_b1c1s1_seed-9_20260510_183847/solver/cplex.log_iteration_expansion_7_worker_3
[INFO]:[18:41:26] Expansion Worker 3 starting expansion for iteration 7.
[INFO]:[18:41:26] Starting CPLEX solver on instance: /home/yorig/tuner/mpils-tests/instances/miplib/medium-1/b1c1s1.mps with config: /scratch/yorig/mpils-results-grid-ticks-10000-7may/medium-1/16proc-16pils/seed-9/1_b1c1s1_seed-9_20260510_183847/expansion/config_param_CPXPARAM_LPMethod_4_iter_7.prm
[INFO]:[18:41:32] CPLEX results. Gap: 15.850000, upper bound: 24890.430000, lower bound: 20946.537708
[INFO]:[18:41:32] CPLEX solver finished. Gap: 15.850000
[INFO]:[18:41:32] Starting CPLEX solver on instance: /home/yorig/tuner/mpils-tests/instances/miplib/medium-1/b1c1s1.mps with config: /scratch/yorig/mpils-results-grid-ticks-10000-7may/medium-1/16proc-16pils/seed-9/1_b1c1s1_seed-9_20260510_183847/expansion/config_param_CPXPARAM_Barrier_Algorithm_3_iter_7.prm
[INFO]:[18:41:39] CPLEX results. Gap: 15.850000, upper bound: 24890.430000, lower bound: 20946.537708
[INFO]:[18:41:39] CPLEX solver finished. Gap: 15.850000
[INFO]:[18:41:39] Expansion Worker 3 completed expansion.
[INFO]:[18:41:39] Worker 3 completed expansion phase.
[INFO]:[18:41:39] Worker 3 received order for step 1.
[INFO]:[18:41:39] Worker 3 running exploration phase for iteration 8.
[INFO]:[18:41:39] Worker 3 at iteration 8 will not use a MIP start file. Current best MIP-start upper bound threshold is 1.79769e+308.
[INFO]:[18:41:39] Starting local search phase...
[INFO]:[18:41:39] Worker (ils_group_rank=3) entering parallel ILS evaluation service.
[INFO]:[18:41:39] Starting CPLEX solver on instance: /home/yorig/tuner/mpils-tests/instances/miplib/medium-1/b1c1s1.mps with config: /scratch/yorig/mpils-results-grid-ticks-10000-7may/medium-1/16proc-16pils/seed-9/1_b1c1s1_seed-9_20260510_183847/iterated_local_search/run_8_worker_0/parallel_0_3.prm
[INFO]:[18:41:46] CPLEX results. Gap: 19.180000, upper bound: 25549.160000, lower bound: 20648.105910
[INFO]:[18:41:46] CPLEX solver finished. Gap: 19.180000
[INFO]:[18:41:46] Starting CPLEX solver on instance: /home/yorig/tuner/mpils-tests/instances/miplib/medium-1/b1c1s1.mps with config: /scratch/yorig/mpils-results-grid-ticks-10000-7may/medium-1/16proc-16pils/seed-9/1_b1c1s1_seed-9_20260510_183847/iterated_local_search/run_8_worker_0/parallel_16_3.prm
[INFO]:[18:41:53] CPLEX results. Gap: 15.850000, upper bound: 24890.430000, lower bound: 20946.537708
[INFO]:[18:41:53] CPLEX solver finished. Gap: 15.850000
[INFO]:[18:41:53] Worker (ils_group_rank=3) exiting parallel ILS evaluation service.
[INFO]:[18:41:53] Worker 3 completed exploration phase.
[INFO]:[18:41:53] Worker 3 received order for step 3.
[INFO]:[18:41:53] Worker 3 finished.
