[INFO]:[07:48:06] Worker 14 starting.
[INFO]:[07:48:06] Worker 14 received order for step 1.
[INFO]:[07:48:06] Worker 14 running exploration phase for iteration 1.
[INFO]:[07:48:06] Worker 14 at iteration 1 will not use a MIP start file. Current best MIP-start upper bound threshold is 1.79769e+308.
[INFO]:[07:48:06] Starting local search phase...
[INFO]:[07:48:06] Worker (ils_group_rank=14) entering parallel ILS evaluation service.
[INFO]:[07:48:06] Starting CPLEX solver on instance: /home/yorig/tuner/mpils-tests/instances/miplib/medium-1/mushroom-best.mps with config: /scratch/yorig/mpils-results-grid-ticks-10000-7may/medium-1/16proc-16pils/seed-2/7_mushroom-best_seed-2_20260510_074805/iterated_local_search/run_1_worker_0/parallel_0_14.prm
[INFO]:[07:48:13] CPLEX results. Gap: 43.490000, upper bound: 0.055334, lower bound: 0.031271
[INFO]:[07:48:13] CPLEX solver finished. Gap: 43.490000
[INFO]:[07:48:13] Starting CPLEX solver on instance: /home/yorig/tuner/mpils-tests/instances/miplib/medium-1/mushroom-best.mps with config: /scratch/yorig/mpils-results-grid-ticks-10000-7may/medium-1/16proc-16pils/seed-2/7_mushroom-best_seed-2_20260510_074805/iterated_local_search/run_1_worker_0/parallel_16_14.prm
[INFO]:[07:48:20] CPLEX results. Gap: 32.050000, upper bound: 0.055334, lower bound: 0.037598
[INFO]:[07:48:20] CPLEX solver finished. Gap: 32.050000
[INFO]:[07:48:20] Worker (ils_group_rank=14) exiting parallel ILS evaluation service.
[INFO]:[07:48:20] Worker 14 completed exploration phase.
[INFO]:[07:48:20] Worker 14 received order for step 2.
[INFO]:[07:48:20] Worker 14 running expansion phase for iteration 1.
[INFO]:[07:48:20] Worker 14 will use solver log file: /scratch/yorig/mpils-results-grid-ticks-10000-7may/medium-1/16proc-16pils/seed-2/7_mushroom-best_seed-2_20260510_074805/solver/cplex.log_iteration_expansion_1_worker_14
[INFO]:[07:48:20] Expansion Worker 14 starting expansion for iteration 1.
[INFO]:[07:48:20] Starting CPLEX solver on instance: /home/yorig/tuner/mpils-tests/instances/miplib/medium-1/mushroom-best.mps with config: /scratch/yorig/mpils-results-grid-ticks-10000-7may/medium-1/16proc-16pils/seed-2/7_mushroom-best_seed-2_20260510_074805/expansion/config_param_CPXPARAM_MIP_Strategy_NodeSelect_2_iter_1.prm
[INFO]:[07:48:28] CPLEX results. Gap: 64.590000, upper bound: 0.055334, lower bound: 0.019596
[INFO]:[07:48:28] CPLEX solver finished. Gap: 64.590000
[INFO]:[07:48:28] Expansion Worker 14 stopping early after global MPI expansion stop was activated.
[INFO]:[07:48:28] Expansion Worker 14 completed expansion.
[INFO]:[07:48:28] Worker 14 completed expansion phase.
[INFO]:[07:48:28] Worker 14 received order for step 1.
[INFO]:[07:48:28] Worker 14 running exploration phase for iteration 2.
[INFO]:[07:48:28] Worker 14 at iteration 2 will not use a MIP start file. Current best MIP-start upper bound threshold is 1.79769e+308.
[INFO]:[07:48:28] Starting local search phase...
[INFO]:[07:48:28] Worker (ils_group_rank=14) entering parallel ILS evaluation service.
[INFO]:[07:48:28] Starting CPLEX solver on instance: /home/yorig/tuner/mpils-tests/instances/miplib/medium-1/mushroom-best.mps with config: /scratch/yorig/mpils-results-grid-ticks-10000-7may/medium-1/16proc-16pils/seed-2/7_mushroom-best_seed-2_20260510_074805/iterated_local_search/run_2_worker_0/parallel_0_14.prm
[INFO]:[07:48:35] CPLEX results. Gap: 32.050000, upper bound: 0.055334, lower bound: 0.037598
[INFO]:[07:48:35] CPLEX solver finished. Gap: 32.050000
[INFO]:[07:48:36] Worker (ils_group_rank=14) exiting parallel ILS evaluation service.
[INFO]:[07:48:36] Worker 14 completed exploration phase.
[INFO]:[07:48:36] Worker 14 received order for step 2.
[INFO]:[07:48:36] Worker 14 running expansion phase for iteration 2.
[INFO]:[07:48:36] Worker 14 will use solver log file: /scratch/yorig/mpils-results-grid-ticks-10000-7may/medium-1/16proc-16pils/seed-2/7_mushroom-best_seed-2_20260510_074805/solver/cplex.log_iteration_expansion_2_worker_14
[INFO]:[07:48:36] Expansion Worker 14 starting expansion for iteration 2.
[INFO]:[07:48:36] Starting CPLEX solver on instance: /home/yorig/tuner/mpils-tests/instances/miplib/medium-1/mushroom-best.mps with config: /scratch/yorig/mpils-results-grid-ticks-10000-7may/medium-1/16proc-16pils/seed-2/7_mushroom-best_seed-2_20260510_074805/expansion/config_param_CPXPARAM_MIP_Limits_ProbeTime_50_iter_2.prm
[INFO]:[07:48:43] CPLEX results. Gap: 23.650000, upper bound: 0.055334, lower bound: 0.042249
[INFO]:[07:48:43] CPLEX solver finished. Gap: 23.650000
[INFO]:[07:48:43] Expansion Worker 14 stopping early after global MPI expansion stop was activated.
[INFO]:[07:48:43] Expansion Worker 14 completed expansion.
[INFO]:[07:48:43] Worker 14 completed expansion phase.
[INFO]:[07:48:44] Worker 14 received order for step 1.
[INFO]:[07:48:44] Worker 14 running exploration phase for iteration 3.
[INFO]:[07:48:44] Worker 14 at iteration 3 will not use a MIP start file. Current best MIP-start upper bound threshold is 1.79769e+308.
[INFO]:[07:48:44] Starting local search phase...
[INFO]:[07:48:44] Worker (ils_group_rank=14) entering parallel ILS evaluation service.
[INFO]:[07:48:44] Starting CPLEX solver on instance: /home/yorig/tuner/mpils-tests/instances/miplib/medium-1/mushroom-best.mps with config: /scratch/yorig/mpils-results-grid-ticks-10000-7may/medium-1/16proc-16pils/seed-2/7_mushroom-best_seed-2_20260510_074805/iterated_local_search/run_3_worker_0/parallel_0_14.prm
[INFO]:[07:48:51] CPLEX results. Gap: 49.890000, upper bound: 0.055334, lower bound: 0.027729
[INFO]:[07:48:51] CPLEX solver finished. Gap: 49.890000
[INFO]:[07:48:51] Worker (ils_group_rank=14) exiting parallel ILS evaluation service.
[INFO]:[07:48:51] Worker 14 completed exploration phase.
[INFO]:[07:48:51] Worker 14 received order for step 2.
[INFO]:[07:48:51] Worker 14 running expansion phase for iteration 3.
[INFO]:[07:48:51] Worker 14 will use solver log file: /scratch/yorig/mpils-results-grid-ticks-10000-7may/medium-1/16proc-16pils/seed-2/7_mushroom-best_seed-2_20260510_074805/solver/cplex.log_iteration_expansion_3_worker_14
[INFO]:[07:48:51] Expansion Worker 14 starting expansion for iteration 3.
[INFO]:[07:48:51] Starting CPLEX solver on instance: /home/yorig/tuner/mpils-tests/instances/miplib/medium-1/mushroom-best.mps with config: /scratch/yorig/mpils-results-grid-ticks-10000-7may/medium-1/16proc-16pils/seed-2/7_mushroom-best_seed-2_20260510_074805/expansion/config_param_CPXPARAM_MIP_Strategy_RINSHeur_40_iter_3.prm
[INFO]:[07:48:58] CPLEX results. Gap: 24.430000, upper bound: 0.055334, lower bound: 0.041814
[INFO]:[07:48:58] CPLEX solver finished. Gap: 24.430000
[INFO]:[07:48:59] Starting CPLEX solver on instance: /home/yorig/tuner/mpils-tests/instances/miplib/medium-1/mushroom-best.mps with config: /scratch/yorig/mpils-results-grid-ticks-10000-7may/medium-1/16proc-16pils/seed-2/7_mushroom-best_seed-2_20260510_074805/expansion/config_param_CPXPARAM_MIP_Limits_CutsFactor_1_iter_3.prm
[INFO]:[07:49:06] CPLEX results. Gap: 22.740000, upper bound: 0.055334, lower bound: 0.042754
[INFO]:[07:49:06] CPLEX solver finished. Gap: 22.740000
[INFO]:[07:49:06] Expansion Worker 14 found an improving configuration with objective value 22.74.
[INFO]:[07:49:06] Expansion Worker 14 stopping early after global MPI expansion stop was activated.
[INFO]:[07:49:06] Expansion Worker 14 completed expansion.
[INFO]:[07:49:06] Worker 14 completed expansion phase.
[INFO]:[07:49:06] Worker 14 received order for step 1.
[INFO]:[07:49:06] Worker 14 running exploration phase for iteration 4.
[INFO]:[07:49:06] Worker 14 at iteration 4 will not use a MIP start file. Current best MIP-start upper bound threshold is 1.79769e+308.
[INFO]:[07:49:06] Starting local search phase...
[INFO]:[07:49:06] Worker (ils_group_rank=14) entering parallel ILS evaluation service.
[INFO]:[07:49:06] Starting CPLEX solver on instance: /home/yorig/tuner/mpils-tests/instances/miplib/medium-1/mushroom-best.mps with config: /scratch/yorig/mpils-results-grid-ticks-10000-7may/medium-1/16proc-16pils/seed-2/7_mushroom-best_seed-2_20260510_074805/iterated_local_search/run_4_worker_0/parallel_0_14.prm
[INFO]:[07:49:13] CPLEX results. Gap: 24.430000, upper bound: 0.055334, lower bound: 0.041814
[INFO]:[07:49:13] CPLEX solver finished. Gap: 24.430000
[INFO]:[07:49:14] Starting CPLEX solver on instance: /home/yorig/tuner/mpils-tests/instances/miplib/medium-1/mushroom-best.mps with config: /scratch/yorig/mpils-results-grid-ticks-10000-7may/medium-1/16proc-16pils/seed-2/7_mushroom-best_seed-2_20260510_074805/iterated_local_search/run_4_worker_0/parallel_16_14.prm
[INFO]:[07:49:21] CPLEX results. Gap: 33.640000, upper bound: 0.063216, lower bound: 0.041951
[INFO]:[07:49:21] CPLEX solver finished. Gap: 33.640000
[INFO]:[07:49:21] Worker (ils_group_rank=14) exiting parallel ILS evaluation service.
[INFO]:[07:49:21] Worker 14 completed exploration phase.
[INFO]:[07:49:21] Worker 14 received order for step 2.
[INFO]:[07:49:21] Worker 14 running expansion phase for iteration 4.
[INFO]:[07:49:21] Worker 14 will use solver log file: /scratch/yorig/mpils-results-grid-ticks-10000-7may/medium-1/16proc-16pils/seed-2/7_mushroom-best_seed-2_20260510_074805/solver/cplex.log_iteration_expansion_4_worker_14
[INFO]:[07:49:21] Expansion Worker 14 starting expansion for iteration 4.
[INFO]:[07:49:21] Starting CPLEX solver on instance: /home/yorig/tuner/mpils-tests/instances/miplib/medium-1/mushroom-best.mps with config: /scratch/yorig/mpils-results-grid-ticks-10000-7may/medium-1/16proc-16pils/seed-2/7_mushroom-best_seed-2_20260510_074805/expansion/config_param_CPXPARAM_Preprocessing_Symmetry_3_iter_4.prm
[INFO]:[07:49:28] CPLEX results. Gap: 22.800000, upper bound: 0.055334, lower bound: 0.042715
[INFO]:[07:49:28] CPLEX solver finished. Gap: 22.800000
[INFO]:[07:49:29] Expansion Worker 14 stopping early after global MPI expansion stop was activated.
[INFO]:[07:49:29] Expansion Worker 14 completed expansion.
[INFO]:[07:49:29] Worker 14 completed expansion phase.
[INFO]:[07:49:29] Worker 14 received order for step 1.
[INFO]:[07:49:29] Worker 14 running exploration phase for iteration 5.
[INFO]:[07:49:29] Worker 14 at iteration 5 will not use a MIP start file. Current best MIP-start upper bound threshold is 1.79769e+308.
[INFO]:[07:49:29] Starting local search phase...
[INFO]:[07:49:29] Worker (ils_group_rank=14) entering parallel ILS evaluation service.
[INFO]:[07:49:29] Starting CPLEX solver on instance: /home/yorig/tuner/mpils-tests/instances/miplib/medium-1/mushroom-best.mps with config: /scratch/yorig/mpils-results-grid-ticks-10000-7may/medium-1/16proc-16pils/seed-2/7_mushroom-best_seed-2_20260510_074805/iterated_local_search/run_5_worker_0/parallel_0_14.prm
[INFO]:[07:49:35] CPLEX results. Gap: 25.000000, upper bound: 0.055334, lower bound: 0.041503
[INFO]:[07:49:35] CPLEX solver finished. Gap: 25.000000
[INFO]:[07:49:36] Starting CPLEX solver on instance: /home/yorig/tuner/mpils-tests/instances/miplib/medium-1/mushroom-best.mps with config: /scratch/yorig/mpils-results-grid-ticks-10000-7may/medium-1/16proc-16pils/seed-2/7_mushroom-best_seed-2_20260510_074805/iterated_local_search/run_5_worker_0/parallel_16_14.prm
[INFO]:[07:49:44] CPLEX results. Gap: 22.800000, upper bound: 0.055334, lower bound: 0.042715
[INFO]:[07:49:44] CPLEX solver finished. Gap: 22.800000
[INFO]:[07:49:44] Worker (ils_group_rank=14) exiting parallel ILS evaluation service.
[INFO]:[07:49:44] Worker 14 completed exploration phase.
[INFO]:[07:49:44] Worker 14 received order for step 2.
[INFO]:[07:49:44] Worker 14 running expansion phase for iteration 5.
[INFO]:[07:49:44] Worker 14 will use solver log file: /scratch/yorig/mpils-results-grid-ticks-10000-7may/medium-1/16proc-16pils/seed-2/7_mushroom-best_seed-2_20260510_074805/solver/cplex.log_iteration_expansion_5_worker_14
[INFO]:[07:49:44] Expansion Worker 14 starting expansion for iteration 5.
[INFO]:[07:49:44] Starting CPLEX solver on instance: /home/yorig/tuner/mpils-tests/instances/miplib/medium-1/mushroom-best.mps with config: /scratch/yorig/mpils-results-grid-ticks-10000-7may/medium-1/16proc-16pils/seed-2/7_mushroom-best_seed-2_20260510_074805/expansion/config_param_CPXPARAM_MIP_Strategy_HeuristicFreq_100_iter_5.prm
[INFO]:[07:49:51] CPLEX results. Gap: 22.730000, upper bound: 0.055334, lower bound: 0.042755
[INFO]:[07:49:51] CPLEX solver finished. Gap: 22.730000
[INFO]:[07:49:51] Expansion Worker 14 stopping early after global MPI expansion stop was activated.
[INFO]:[07:49:51] Expansion Worker 14 completed expansion.
[INFO]:[07:49:51] Worker 14 completed expansion phase.
[INFO]:[07:49:51] Worker 14 received order for step 1.
[INFO]:[07:49:51] Worker 14 running exploration phase for iteration 6.
[INFO]:[07:49:51] Worker 14 at iteration 6 will not use a MIP start file. Current best MIP-start upper bound threshold is 1.79769e+308.
[INFO]:[07:49:51] Starting local search phase...
[INFO]:[07:49:51] Worker (ils_group_rank=14) entering parallel ILS evaluation service.
[INFO]:[07:49:51] Starting CPLEX solver on instance: /home/yorig/tuner/mpils-tests/instances/miplib/medium-1/mushroom-best.mps with config: /scratch/yorig/mpils-results-grid-ticks-10000-7may/medium-1/16proc-16pils/seed-2/7_mushroom-best_seed-2_20260510_074805/iterated_local_search/run_6_worker_0/parallel_0_14.prm
[INFO]:[07:49:57] CPLEX results. Gap: 100.000000, upper bound: 22.102683, lower bound: 0.000013
[INFO]:[07:49:57] CPLEX solver finished. Gap: 100.000000
[INFO]:[07:49:59] Starting CPLEX solver on instance: /home/yorig/tuner/mpils-tests/instances/miplib/medium-1/mushroom-best.mps with config: /scratch/yorig/mpils-results-grid-ticks-10000-7may/medium-1/16proc-16pils/seed-2/7_mushroom-best_seed-2_20260510_074805/iterated_local_search/run_6_worker_0/parallel_16_14.prm
[INFO]:[07:50:06] CPLEX results. Gap: 19.960000, upper bound: 0.055334, lower bound: 0.044288
[INFO]:[07:50:06] CPLEX solver finished. Gap: 19.960000
[INFO]:[07:50:06] Worker (ils_group_rank=14) exiting parallel ILS evaluation service.
[INFO]:[07:50:06] Worker 14 completed exploration phase.
[INFO]:[07:50:06] Worker 14 received order for step 2.
[INFO]:[07:50:06] Worker 14 running expansion phase for iteration 6.
[INFO]:[07:50:06] Worker 14 will use solver log file: /scratch/yorig/mpils-results-grid-ticks-10000-7may/medium-1/16proc-16pils/seed-2/7_mushroom-best_seed-2_20260510_074805/solver/cplex.log_iteration_expansion_6_worker_14
[INFO]:[07:50:06] Expansion Worker 14 starting expansion for iteration 6.
[INFO]:[07:50:06] Starting CPLEX solver on instance: /home/yorig/tuner/mpils-tests/instances/miplib/medium-1/mushroom-best.mps with config: /scratch/yorig/mpils-results-grid-ticks-10000-7may/medium-1/16proc-16pils/seed-2/7_mushroom-best_seed-2_20260510_074805/expansion/config_param_CPXPARAM_MIP_Strategy_StartAlgorithm_6_iter_6.prm
[INFO]:[07:50:13] CPLEX results. Gap: 19.780000, upper bound: 0.055334, lower bound: 0.044391
[INFO]:[07:50:13] CPLEX solver finished. Gap: 19.780000
[INFO]:[07:50:14] Starting CPLEX solver on instance: /home/yorig/tuner/mpils-tests/instances/miplib/medium-1/mushroom-best.mps with config: /scratch/yorig/mpils-results-grid-ticks-10000-7may/medium-1/16proc-16pils/seed-2/7_mushroom-best_seed-2_20260510_074805/expansion/config_param_CPXPARAM_Advance_0_iter_6.prm
[INFO]:[07:50:21] CPLEX results. Gap: 19.780000, upper bound: 0.055334, lower bound: 0.044391
[INFO]:[07:50:21] CPLEX solver finished. Gap: 19.780000
[INFO]:[07:50:31] Expansion Worker 14 completed expansion.
[INFO]:[07:50:31] Worker 14 completed expansion phase.
[INFO]:[07:50:31] Worker 14 received order for step 1.
[INFO]:[07:50:31] Worker 14 running exploration phase for iteration 7.
[INFO]:[07:50:31] Worker 14 at iteration 7 will not use a MIP start file. Current best MIP-start upper bound threshold is 1.79769e+308.
[INFO]:[07:50:31] Starting local search phase...
[INFO]:[07:50:31] Worker (ils_group_rank=14) entering parallel ILS evaluation service.
[INFO]:[07:50:31] Starting CPLEX solver on instance: /home/yorig/tuner/mpils-tests/instances/miplib/medium-1/mushroom-best.mps with config: /scratch/yorig/mpils-results-grid-ticks-10000-7may/medium-1/16proc-16pils/seed-2/7_mushroom-best_seed-2_20260510_074805/iterated_local_search/run_7_worker_0/parallel_0_14.prm
[INFO]:[07:50:38] CPLEX results. Gap: 22.770000, upper bound: 0.055334, lower bound: 0.042734
[INFO]:[07:50:38] CPLEX solver finished. Gap: 22.770000
[INFO]:[07:50:39] Worker (ils_group_rank=14) exiting parallel ILS evaluation service.
[INFO]:[07:50:39] Worker 14 completed exploration phase.
[INFO]:[07:50:39] Worker 14 received order for step 2.
[INFO]:[07:50:39] Worker 14 running expansion phase for iteration 7.
[INFO]:[07:50:39] Worker 14 will use solver log file: /scratch/yorig/mpils-results-grid-ticks-10000-7may/medium-1/16proc-16pils/seed-2/7_mushroom-best_seed-2_20260510_074805/solver/cplex.log_iteration_expansion_7_worker_14
[INFO]:[07:50:39] Expansion Worker 14 starting expansion for iteration 7.
[INFO]:[07:50:39] Starting CPLEX solver on instance: /home/yorig/tuner/mpils-tests/instances/miplib/medium-1/mushroom-best.mps with config: /scratch/yorig/mpils-results-grid-ticks-10000-7may/medium-1/16proc-16pils/seed-2/7_mushroom-best_seed-2_20260510_074805/expansion/config_param_CPXPARAM_Simplex_Crash_-1_iter_7.prm
[INFO]:[07:50:46] CPLEX results. Gap: 19.780000, upper bound: 0.055334, lower bound: 0.044391
[INFO]:[07:50:46] CPLEX solver finished. Gap: 19.780000
[INFO]:[07:50:54] Expansion Worker 14 completed expansion.
[INFO]:[07:50:54] Worker 14 completed expansion phase.
[INFO]:[07:50:55] Worker 14 received order for step 1.
[INFO]:[07:50:55] Worker 14 running exploration phase for iteration 8.
[INFO]:[07:50:55] Worker 14 at iteration 8 will not use a MIP start file. Current best MIP-start upper bound threshold is 1.79769e+308.
[INFO]:[07:50:55] Starting local search phase...
[INFO]:[07:50:55] Worker (ils_group_rank=14) entering parallel ILS evaluation service.
[INFO]:[07:50:55] Starting CPLEX solver on instance: /home/yorig/tuner/mpils-tests/instances/miplib/medium-1/mushroom-best.mps with config: /scratch/yorig/mpils-results-grid-ticks-10000-7may/medium-1/16proc-16pils/seed-2/7_mushroom-best_seed-2_20260510_074805/iterated_local_search/run_8_worker_0/parallel_0_14.prm
[INFO]:[07:51:01] CPLEX results. Gap: 22.740000, upper bound: 0.055334, lower bound: 0.042754
[INFO]:[07:51:01] CPLEX solver finished. Gap: 22.740000
[INFO]:[07:51:02] Starting CPLEX solver on instance: /home/yorig/tuner/mpils-tests/instances/miplib/medium-1/mushroom-best.mps with config: /scratch/yorig/mpils-results-grid-ticks-10000-7may/medium-1/16proc-16pils/seed-2/7_mushroom-best_seed-2_20260510_074805/iterated_local_search/run_8_worker_0/parallel_16_14.prm
[INFO]:[07:51:09] CPLEX results. Gap: 19.950000, upper bound: 0.055334, lower bound: 0.044294
[INFO]:[07:51:09] CPLEX solver finished. Gap: 19.950000
[INFO]:[07:51:12] Worker (ils_group_rank=14) exiting parallel ILS evaluation service.
[INFO]:[07:51:12] Worker 14 completed exploration phase.
[INFO]:[07:51:12] Worker 14 received order for step 2.
[INFO]:[07:51:12] Worker 14 running expansion phase for iteration 8.
[INFO]:[07:51:12] Worker 14 will use solver log file: /scratch/yorig/mpils-results-grid-ticks-10000-7may/medium-1/16proc-16pils/seed-2/7_mushroom-best_seed-2_20260510_074805/solver/cplex.log_iteration_expansion_8_worker_14
[INFO]:[07:51:12] Expansion Worker 14 starting expansion for iteration 8.
[INFO]:[07:51:12] Starting CPLEX solver on instance: /home/yorig/tuner/mpils-tests/instances/miplib/medium-1/mushroom-best.mps with config: /scratch/yorig/mpils-results-grid-ticks-10000-7may/medium-1/16proc-16pils/seed-2/7_mushroom-best_seed-2_20260510_074805/expansion/config_param_CPXPARAM_Preprocessing_RepeatPresolve_0_iter_8.prm
[INFO]:[07:51:16] CPLEX results. Gap: 99.980000, upper bound: 0.055334, lower bound: 0.000013
[INFO]:[07:51:16] CPLEX solver finished. Gap: 99.980000
[INFO]:[07:51:20] Expansion Worker 14 stopping early after global MPI expansion stop was activated.
[INFO]:[07:51:20] Expansion Worker 14 completed expansion.
[INFO]:[07:51:20] Worker 14 completed expansion phase.
[INFO]:[07:51:20] Worker 14 received order for step 1.
[INFO]:[07:51:20] Worker 14 running exploration phase for iteration 9.
[INFO]:[07:51:20] Worker 14 at iteration 9 will not use a MIP start file. Current best MIP-start upper bound threshold is 1.79769e+308.
[INFO]:[07:51:20] Starting local search phase...
[INFO]:[07:51:20] Worker (ils_group_rank=14) entering parallel ILS evaluation service.
[INFO]:[07:51:20] Starting CPLEX solver on instance: /home/yorig/tuner/mpils-tests/instances/miplib/medium-1/mushroom-best.mps with config: /scratch/yorig/mpils-results-grid-ticks-10000-7may/medium-1/16proc-16pils/seed-2/7_mushroom-best_seed-2_20260510_074805/iterated_local_search/run_9_worker_0/parallel_0_14.prm
[INFO]:[07:51:26] CPLEX results. Gap: 22.830000, upper bound: 0.055334, lower bound: 0.042702
[INFO]:[07:51:26] CPLEX solver finished. Gap: 22.830000
[INFO]:[07:51:27] Starting CPLEX solver on instance: /home/yorig/tuner/mpils-tests/instances/miplib/medium-1/mushroom-best.mps with config: /scratch/yorig/mpils-results-grid-ticks-10000-7may/medium-1/16proc-16pils/seed-2/7_mushroom-best_seed-2_20260510_074805/iterated_local_search/run_9_worker_0/parallel_16_14.prm
[INFO]:[07:51:33] CPLEX results. Gap: 31.280000, upper bound: 0.055334, lower bound: 0.038028
[INFO]:[07:51:33] CPLEX solver finished. Gap: 31.280000
[INFO]:[07:51:37] Worker (ils_group_rank=14) exiting parallel ILS evaluation service.
[INFO]:[07:51:37] Worker 14 completed exploration phase.
[INFO]:[07:51:37] Worker 14 received order for step 2.
[INFO]:[07:51:37] Worker 14 running expansion phase for iteration 9.
[INFO]:[07:51:37] Worker 14 will use solver log file: /scratch/yorig/mpils-results-grid-ticks-10000-7may/medium-1/16proc-16pils/seed-2/7_mushroom-best_seed-2_20260510_074805/solver/cplex.log_iteration_expansion_9_worker_14
[INFO]:[07:51:37] Expansion Worker 14 starting expansion for iteration 9.
[INFO]:[07:51:37] Starting CPLEX solver on instance: /home/yorig/tuner/mpils-tests/instances/miplib/medium-1/mushroom-best.mps with config: /scratch/yorig/mpils-results-grid-ticks-10000-7may/medium-1/16proc-16pils/seed-2/7_mushroom-best_seed-2_20260510_074805/expansion/config_param_CPXPARAM_Simplex_Limits_Singularity_5_iter_9.prm
[INFO]:[07:51:44] CPLEX results. Gap: 17.750000, upper bound: 0.055334, lower bound: 0.045512
[INFO]:[07:51:44] CPLEX solver finished. Gap: 17.750000
[INFO]:[07:51:52] Expansion Worker 14 completed expansion.
[INFO]:[07:51:52] Worker 14 completed expansion phase.
[INFO]:[07:51:52] Worker 14 received order for step 1.
[INFO]:[07:51:52] Worker 14 running exploration phase for iteration 10.
[INFO]:[07:51:52] Worker 14 at iteration 10 will not use a MIP start file. Current best MIP-start upper bound threshold is 1.79769e+308.
[INFO]:[07:51:52] Starting local search phase...
[INFO]:[07:51:52] Worker (ils_group_rank=14) entering parallel ILS evaluation service.
[INFO]:[07:51:52] Starting CPLEX solver on instance: /home/yorig/tuner/mpils-tests/instances/miplib/medium-1/mushroom-best.mps with config: /scratch/yorig/mpils-results-grid-ticks-10000-7may/medium-1/16proc-16pils/seed-2/7_mushroom-best_seed-2_20260510_074805/iterated_local_search/run_10_worker_0/parallel_0_14.prm
[INFO]:[07:51:58] CPLEX results. Gap: 22.770000, upper bound: 0.055334, lower bound: 0.042734
[INFO]:[07:51:58] CPLEX solver finished. Gap: 22.770000
[INFO]:[07:52:01] Starting CPLEX solver on instance: /home/yorig/tuner/mpils-tests/instances/miplib/medium-1/mushroom-best.mps with config: /scratch/yorig/mpils-results-grid-ticks-10000-7may/medium-1/16proc-16pils/seed-2/7_mushroom-best_seed-2_20260510_074805/iterated_local_search/run_10_worker_0/parallel_16_14.prm
[INFO]:[07:52:08] CPLEX results. Gap: 17.750000, upper bound: 0.055334, lower bound: 0.045512
[INFO]:[07:52:08] CPLEX solver finished. Gap: 17.750000
[INFO]:[07:52:09] Worker (ils_group_rank=14) exiting parallel ILS evaluation service.
[INFO]:[07:52:09] Worker 14 completed exploration phase.
[INFO]:[07:52:09] Worker 14 received order for step 3.
[INFO]:[07:52:09] Worker 14 finished.
