[INFO]:[19:10:27] Worker 19 starting.
[INFO]:[19:10:27] Worker 19 received order for step 1.
[INFO]:[19:10:27] Worker 19 running exploration phase for iteration 1.
[INFO]:[19:10:27] Worker 19 at iteration 1 will not use a MIP start file. Current best MIP-start upper bound threshold is 1.79769e+308.
[INFO]:[19:10:27] Starting local search phase...
[INFO]:[19:10:27] Creating local search space from parameter space file: /scratch/yorig/mpils-results-grid-seconds-10-4may/easy/24proc/seed-5/3_glass4_seed-5_20260504_191026/iterated_local_search/search_space/search_space_file_1_worker_19.txt
[INFO]:[19:10:27] Local search space loaded from file: /scratch/yorig/mpils-results-grid-seconds-10-4may/easy/24proc/seed-5/3_glass4_seed-5_20260504_191026/iterated_local_search/search_space/search_space_file_1_worker_19.txt
[INFO]:[19:10:27] Number of parameters in local search space: 71
[INFO]:[19:10:27] Number of forbidden tuples in local search space: 0
[INFO]:[19:10:27] Number of conditionals in local search space: 6
[INFO]:[19:10:27] MIP start option not enabled. Local search will proceed without MIP start.
[INFO]:[19:10:27] Evaluating initial configuration for local search phase...
[INFO]:[19:10:27] Starting CPLEX solver on instance: /home/yorig/tuner/mpils-tests/instances/miplib/easy/glass4.mps with config: /scratch/yorig/mpils-results-grid-seconds-10-4may/easy/24proc/seed-5/3_glass4_seed-5_20260504_191026/iterated_local_search/run_1_worker_19/ils_config_5575899899891471900.prm
[INFO]:[19:10:27] Starting CPLEX solver on instance: /home/yorig/tuner/mpils-tests/instances/miplib/easy/glass4.mps with config: /scratch/yorig/mpils-results-grid-seconds-10-4may/easy/24proc/seed-5/3_glass4_seed-5_20260504_191026/iterated_local_search/run_1_worker_19/ils_config_5575899899891471900.prm
[INFO]:[19:10:37] CPLEX results. Gap: 43.750000, upper bound: 1600015275.000000, lower bound: 900005027.303884
[INFO]:[19:10:37] CPLEX solver finished. Gap: 43.750000
[INFO]:[19:10:37] Initial configuration evaluated with objective value: 43.75
[INFO]:[19:10:37] Starting CPLEX solver on instance: /home/yorig/tuner/mpils-tests/instances/miplib/easy/glass4.mps with config: /scratch/yorig/mpils-results-grid-seconds-10-4may/easy/24proc/seed-5/3_glass4_seed-5_20260504_191026/iterated_local_search/run_1_worker_19/ils_config_11841263119274971514.prm
[INFO]:[19:10:37] Starting CPLEX solver on instance: /home/yorig/tuner/mpils-tests/instances/miplib/easy/glass4.mps with config: /scratch/yorig/mpils-results-grid-seconds-10-4may/easy/24proc/seed-5/3_glass4_seed-5_20260504_191026/iterated_local_search/run_1_worker_19/ils_config_11841263119274971514.prm
[INFO]:[19:10:47] CPLEX results. Gap: 46.430000, upper bound: 1633349100.000000, lower bound: 875005923.812826
[INFO]:[19:10:47] CPLEX solver finished. Gap: 46.430000
[INFO]:[19:10:47] Starting CPLEX solver on instance: /home/yorig/tuner/mpils-tests/instances/miplib/easy/glass4.mps with config: /scratch/yorig/mpils-results-grid-seconds-10-4may/easy/24proc/seed-5/3_glass4_seed-5_20260504_191026/iterated_local_search/run_1_worker_19/ils_config_2607103124109519476.prm
[INFO]:[19:10:47] Starting CPLEX solver on instance: /home/yorig/tuner/mpils-tests/instances/miplib/easy/glass4.mps with config: /scratch/yorig/mpils-results-grid-seconds-10-4may/easy/24proc/seed-5/3_glass4_seed-5_20260504_191026/iterated_local_search/run_1_worker_19/ils_config_2607103124109519476.prm
[INFO]:[19:10:57] CPLEX results. Gap: 44.740000, upper bound: 1628585485.714285, lower bound: 900003428.475409
[INFO]:[19:10:57] CPLEX solver finished. Gap: 44.740000
[INFO]:[19:10:57] Received global ILS stop signal from rank 12.
[INFO]:[19:10:57] Local search phase completed.
[INFO]:[19:10:57] Total number of new local-search evaluations: 3
[INFO]:[19:10:57] Final incumbent objective value: 43.75
[INFO]:[19:10:58] Worker 19 completed exploration phase.
[INFO]:[19:10:58] Worker 19 received order for step 3.
[INFO]:[19:10:58] Worker 19 finished.
