[INFO]:[23:19:55] Worker 16 starting.
[INFO]:[23:19:55] Worker 16 received order for step 1.
[INFO]:[23:19:55] Worker 16 running exploration phase for iteration 1.
[INFO]:[23:19:55] Worker 16 at iteration 1 will not use a MIP start file. Current best MIP-start upper bound threshold is 1.79769e+308.
[INFO]:[23:19:55] Starting local search phase...
[INFO]:[23:19:55] Creating local search space from parameter space file: /scratch/yorig/mpils-results-grid-ticks-10000-7may/easy/24proc-2pils/seed-1/5_mas74_seed-1_20260509_231954/iterated_local_search/search_space/search_space_file_1_worker_16.txt
[INFO]:[23:19:55] Local search space loaded from file: /scratch/yorig/mpils-results-grid-ticks-10000-7may/easy/24proc-2pils/seed-1/5_mas74_seed-1_20260509_231954/iterated_local_search/search_space/search_space_file_1_worker_16.txt
[INFO]:[23:19:55] Number of parameters in local search space: 71
[INFO]:[23:19:55] Number of forbidden tuples in local search space: 0
[INFO]:[23:19:55] Number of conditionals in local search space: 6
[INFO]:[23:19:55] MIP start option not enabled. Local search will proceed without MIP start.
[INFO]:[23:19:55] Starting CPLEX solver on instance: /home/yorig/tuner/mpils-tests/instances/miplib/easy/mas74.mps with config: /scratch/yorig/mpils-results-grid-ticks-10000-7may/easy/24proc-2pils/seed-1/5_mas74_seed-1_20260509_231954/iterated_local_search/run_1_worker_16/ils_config_14534191339655530764.prm
[INFO]:[23:19:55] Starting CPLEX solver on instance: /home/yorig/tuner/mpils-tests/instances/miplib/easy/mas74.mps with config: /scratch/yorig/mpils-results-grid-ticks-10000-7may/easy/24proc-2pils/seed-1/5_mas74_seed-1_20260509_231954/iterated_local_search/run_1_worker_16/ils_config_14534191339655530764.prm
[INFO]:[23:20:04] CPLEX results. Gap: 4.690000, upper bound: 11801.185729, lower bound: 11247.884925
[INFO]:[23:20:04] CPLEX solver finished. Gap: 4.690000
[INFO]:[23:20:04] Starting CPLEX solver on instance: /home/yorig/tuner/mpils-tests/instances/miplib/easy/mas74.mps with config: /scratch/yorig/mpils-results-grid-ticks-10000-7may/easy/24proc-2pils/seed-1/5_mas74_seed-1_20260509_231954/iterated_local_search/run_1_worker_16/ils_config_3504379791320612522.prm
[INFO]:[23:20:04] Starting CPLEX solver on instance: /home/yorig/tuner/mpils-tests/instances/miplib/easy/mas74.mps with config: /scratch/yorig/mpils-results-grid-ticks-10000-7may/easy/24proc-2pils/seed-1/5_mas74_seed-1_20260509_231954/iterated_local_search/run_1_worker_16/ils_config_3504379791320612522.prm
[INFO]:[23:20:13] CPLEX results. Gap: 4.320000, upper bound: 11801.185729, lower bound: 11290.974556
[INFO]:[23:20:13] CPLEX solver finished. Gap: 4.320000
[INFO]:[23:20:13] New incumbent found with objective value: 4.32
[INFO]:[23:20:13] Starting CPLEX solver on instance: /home/yorig/tuner/mpils-tests/instances/miplib/easy/mas74.mps with config: /scratch/yorig/mpils-results-grid-ticks-10000-7may/easy/24proc-2pils/seed-1/5_mas74_seed-1_20260509_231954/iterated_local_search/run_1_worker_16/ils_config_11851280551907850009.prm
[INFO]:[23:20:13] Starting CPLEX solver on instance: /home/yorig/tuner/mpils-tests/instances/miplib/easy/mas74.mps with config: /scratch/yorig/mpils-results-grid-ticks-10000-7may/easy/24proc-2pils/seed-1/5_mas74_seed-1_20260509_231954/iterated_local_search/run_1_worker_16/ils_config_11851280551907850009.prm
[INFO]:[23:20:22] CPLEX results. Gap: 4.430000, upper bound: 11801.185729, lower bound: 11278.738196
[INFO]:[23:20:22] CPLEX solver finished. Gap: 4.430000
[INFO]:[23:20:22] Starting CPLEX solver on instance: /home/yorig/tuner/mpils-tests/instances/miplib/easy/mas74.mps with config: /scratch/yorig/mpils-results-grid-ticks-10000-7may/easy/24proc-2pils/seed-1/5_mas74_seed-1_20260509_231954/iterated_local_search/run_1_worker_16/ils_config_11133950143278639136.prm
[INFO]:[23:20:22] Starting CPLEX solver on instance: /home/yorig/tuner/mpils-tests/instances/miplib/easy/mas74.mps with config: /scratch/yorig/mpils-results-grid-ticks-10000-7may/easy/24proc-2pils/seed-1/5_mas74_seed-1_20260509_231954/iterated_local_search/run_1_worker_16/ils_config_11133950143278639136.prm
[INFO]:[23:20:31] CPLEX results. Gap: 4.320000, upper bound: 11801.185729, lower bound: 11290.974556
[INFO]:[23:20:31] CPLEX solver finished. Gap: 4.320000
[INFO]:[23:20:31] Starting CPLEX solver on instance: /home/yorig/tuner/mpils-tests/instances/miplib/easy/mas74.mps with config: /scratch/yorig/mpils-results-grid-ticks-10000-7may/easy/24proc-2pils/seed-1/5_mas74_seed-1_20260509_231954/iterated_local_search/run_1_worker_16/ils_config_14250921328968996071.prm
[INFO]:[23:20:31] Starting CPLEX solver on instance: /home/yorig/tuner/mpils-tests/instances/miplib/easy/mas74.mps with config: /scratch/yorig/mpils-results-grid-ticks-10000-7may/easy/24proc-2pils/seed-1/5_mas74_seed-1_20260509_231954/iterated_local_search/run_1_worker_16/ils_config_14250921328968996071.prm
[INFO]:[23:20:40] CPLEX results. Gap: 4.320000, upper bound: 11801.185729, lower bound: 11290.974556
[INFO]:[23:20:40] CPLEX solver finished. Gap: 4.320000
[INFO]:[23:20:40] Starting CPLEX solver on instance: /home/yorig/tuner/mpils-tests/instances/miplib/easy/mas74.mps with config: /scratch/yorig/mpils-results-grid-ticks-10000-7may/easy/24proc-2pils/seed-1/5_mas74_seed-1_20260509_231954/iterated_local_search/run_1_worker_16/ils_config_11018583319670152714.prm
[INFO]:[23:20:40] Starting CPLEX solver on instance: /home/yorig/tuner/mpils-tests/instances/miplib/easy/mas74.mps with config: /scratch/yorig/mpils-results-grid-ticks-10000-7may/easy/24proc-2pils/seed-1/5_mas74_seed-1_20260509_231954/iterated_local_search/run_1_worker_16/ils_config_11018583319670152714.prm
[INFO]:[23:20:50] CPLEX results. Gap: 4.510000, upper bound: 11801.185729, lower bound: 11269.280708
[INFO]:[23:20:50] CPLEX solver finished. Gap: 4.510000
[INFO]:[23:20:50] New incumbent found with objective value: 3.29
[INFO]:[23:20:50] Starting CPLEX solver on instance: /home/yorig/tuner/mpils-tests/instances/miplib/easy/mas74.mps with config: /scratch/yorig/mpils-results-grid-ticks-10000-7may/easy/24proc-2pils/seed-1/5_mas74_seed-1_20260509_231954/iterated_local_search/run_1_worker_16/ils_config_15451139284172520566.prm
[INFO]:[23:20:50] Starting CPLEX solver on instance: /home/yorig/tuner/mpils-tests/instances/miplib/easy/mas74.mps with config: /scratch/yorig/mpils-results-grid-ticks-10000-7may/easy/24proc-2pils/seed-1/5_mas74_seed-1_20260509_231954/iterated_local_search/run_1_worker_16/ils_config_15451139284172520566.prm
[INFO]:[23:20:58] CPLEX results. Gap: 3.290000, upper bound: 11801.185729, lower bound: 11412.951171
[INFO]:[23:20:58] CPLEX solver finished. Gap: 3.290000
[INFO]:[23:20:58] Starting CPLEX solver on instance: /home/yorig/tuner/mpils-tests/instances/miplib/easy/mas74.mps with config: /scratch/yorig/mpils-results-grid-ticks-10000-7may/easy/24proc-2pils/seed-1/5_mas74_seed-1_20260509_231954/iterated_local_search/run_1_worker_16/ils_config_10504325307918758359.prm
[INFO]:[23:20:58] Starting CPLEX solver on instance: /home/yorig/tuner/mpils-tests/instances/miplib/easy/mas74.mps with config: /scratch/yorig/mpils-results-grid-ticks-10000-7may/easy/24proc-2pils/seed-1/5_mas74_seed-1_20260509_231954/iterated_local_search/run_1_worker_16/ils_config_10504325307918758359.prm
[INFO]:[23:21:06] CPLEX results. Gap: 4.870000, upper bound: 11801.185729, lower bound: 11226.860359
[INFO]:[23:21:07] CPLEX solver finished. Gap: 4.870000
[INFO]:[23:21:07] Starting CPLEX solver on instance: /home/yorig/tuner/mpils-tests/instances/miplib/easy/mas74.mps with config: /scratch/yorig/mpils-results-grid-ticks-10000-7may/easy/24proc-2pils/seed-1/5_mas74_seed-1_20260509_231954/iterated_local_search/run_1_worker_16/ils_config_4768860781620281544.prm
[INFO]:[23:21:07] Starting CPLEX solver on instance: /home/yorig/tuner/mpils-tests/instances/miplib/easy/mas74.mps with config: /scratch/yorig/mpils-results-grid-ticks-10000-7may/easy/24proc-2pils/seed-1/5_mas74_seed-1_20260509_231954/iterated_local_search/run_1_worker_16/ils_config_4768860781620281544.prm
[INFO]:[23:21:15] CPLEX results. Gap: 3.200000, upper bound: 11801.185729, lower bound: 11423.844842
[INFO]:[23:21:15] CPLEX solver finished. Gap: 3.200000
[INFO]:[23:21:15] New incumbent found with objective value: 3.2
[INFO]:[23:21:15] Starting CPLEX solver on instance: /home/yorig/tuner/mpils-tests/instances/miplib/easy/mas74.mps with config: /scratch/yorig/mpils-results-grid-ticks-10000-7may/easy/24proc-2pils/seed-1/5_mas74_seed-1_20260509_231954/iterated_local_search/run_1_worker_16/ils_config_12737632369950010560.prm
[INFO]:[23:21:15] Starting CPLEX solver on instance: /home/yorig/tuner/mpils-tests/instances/miplib/easy/mas74.mps with config: /scratch/yorig/mpils-results-grid-ticks-10000-7may/easy/24proc-2pils/seed-1/5_mas74_seed-1_20260509_231954/iterated_local_search/run_1_worker_16/ils_config_12737632369950010560.prm
[INFO]:[23:21:23] CPLEX results. Gap: 3.400000, upper bound: 11801.185729, lower bound: 11399.588876
[INFO]:[23:21:23] CPLEX solver finished. Gap: 3.400000
[INFO]:[23:21:23] Local search phase completed.
[INFO]:[23:21:23] Total number of new local-search evaluations: 20
[INFO]:[23:21:23] Final incumbent objective value: 3.2
[INFO]:[23:21:28] Worker 16 completed exploration phase.
[INFO]:[23:21:28] Worker 16 received order for step 2.
[INFO]:[23:21:28] Worker 16 running expansion phase for iteration 1.
[INFO]:[23:21:28] Worker 16 will use solver log file: /scratch/yorig/mpils-results-grid-ticks-10000-7may/easy/24proc-2pils/seed-1/5_mas74_seed-1_20260509_231954/solver/cplex.log_iteration_expansion_1_worker_16
[INFO]:[23:21:28] Expansion Worker 16 starting expansion for iteration 1.
[INFO]:[23:21:28] Starting CPLEX solver on instance: /home/yorig/tuner/mpils-tests/instances/miplib/easy/mas74.mps with config: /scratch/yorig/mpils-results-grid-ticks-10000-7may/easy/24proc-2pils/seed-1/5_mas74_seed-1_20260509_231954/expansion/config_param_CPXPARAM_MIP_Strategy_Dive_1_iter_1.prm
[INFO]:[23:21:37] CPLEX results. Gap: 3.150000, upper bound: 11801.185729, lower bound: 11429.990158
[INFO]:[23:21:37] CPLEX solver finished. Gap: 3.150000
[INFO]:[23:21:38] Expansion Worker 16 stopping early after global MPI expansion stop was activated.
[INFO]:[23:21:38] Expansion Worker 16 completed expansion.
[INFO]:[23:21:38] Worker 16 completed expansion phase.
[INFO]:[23:21:38] Worker 16 received order for step 1.
[INFO]:[23:21:38] Worker 16 running exploration phase for iteration 2.
[INFO]:[23:21:38] Worker 16 at iteration 2 will not use a MIP start file. Current best MIP-start upper bound threshold is 1.79769e+308.
[INFO]:[23:21:38] Starting local search phase...
[INFO]:[23:21:38] Creating local search space from parameter space file: /scratch/yorig/mpils-results-grid-ticks-10000-7may/easy/24proc-2pils/seed-1/5_mas74_seed-1_20260509_231954/iterated_local_search/search_space/search_space_file_2_worker_16.txt
[INFO]:[23:21:38] Local search space loaded from file: /scratch/yorig/mpils-results-grid-ticks-10000-7may/easy/24proc-2pils/seed-1/5_mas74_seed-1_20260509_231954/iterated_local_search/search_space/search_space_file_2_worker_16.txt
[INFO]:[23:21:38] Number of parameters in local search space: 71
[INFO]:[23:21:38] Number of forbidden tuples in local search space: 23
[INFO]:[23:21:38] Number of conditionals in local search space: 6
[INFO]:[23:21:38] MIP start option not enabled. Local search will proceed without MIP start.
[INFO]:[23:21:38] Starting CPLEX solver on instance: /home/yorig/tuner/mpils-tests/instances/miplib/easy/mas74.mps with config: /scratch/yorig/mpils-results-grid-ticks-10000-7may/easy/24proc-2pils/seed-1/5_mas74_seed-1_20260509_231954/iterated_local_search/run_2_worker_16/ils_config_11606983640081112194.prm
[INFO]:[23:21:38] Starting CPLEX solver on instance: /home/yorig/tuner/mpils-tests/instances/miplib/easy/mas74.mps with config: /scratch/yorig/mpils-results-grid-ticks-10000-7may/easy/24proc-2pils/seed-1/5_mas74_seed-1_20260509_231954/iterated_local_search/run_2_worker_16/ils_config_11606983640081112194.prm
[INFO]:[23:21:50] CPLEX results. Gap: 3.710000, upper bound: 11801.185729, lower bound: 11362.795139
[INFO]:[23:21:50] CPLEX solver finished. Gap: 3.710000
[INFO]:[23:21:50] Starting CPLEX solver on instance: /home/yorig/tuner/mpils-tests/instances/miplib/easy/mas74.mps with config: /scratch/yorig/mpils-results-grid-ticks-10000-7may/easy/24proc-2pils/seed-1/5_mas74_seed-1_20260509_231954/iterated_local_search/run_2_worker_16/ils_config_4924736424988051873.prm
[INFO]:[23:21:50] Starting CPLEX solver on instance: /home/yorig/tuner/mpils-tests/instances/miplib/easy/mas74.mps with config: /scratch/yorig/mpils-results-grid-ticks-10000-7may/easy/24proc-2pils/seed-1/5_mas74_seed-1_20260509_231954/iterated_local_search/run_2_worker_16/ils_config_4924736424988051873.prm
[INFO]:[23:22:02] CPLEX results. Gap: 3.360000, upper bound: 11801.185729, lower bound: 11404.573375
[INFO]:[23:22:02] CPLEX solver finished. Gap: 3.360000
[INFO]:[23:22:02] New incumbent found with objective value: 3.36
[INFO]:[23:22:02] Starting CPLEX solver on instance: /home/yorig/tuner/mpils-tests/instances/miplib/easy/mas74.mps with config: /scratch/yorig/mpils-results-grid-ticks-10000-7may/easy/24proc-2pils/seed-1/5_mas74_seed-1_20260509_231954/iterated_local_search/run_2_worker_16/ils_config_15092627466365566371.prm
[INFO]:[23:22:02] Starting CPLEX solver on instance: /home/yorig/tuner/mpils-tests/instances/miplib/easy/mas74.mps with config: /scratch/yorig/mpils-results-grid-ticks-10000-7may/easy/24proc-2pils/seed-1/5_mas74_seed-1_20260509_231954/iterated_local_search/run_2_worker_16/ils_config_15092627466365566371.prm
[INFO]:[23:22:13] CPLEX results. Gap: 3.680000, upper bound: 11801.185729, lower bound: 11366.701074
[INFO]:[23:22:13] CPLEX solver finished. Gap: 3.680000
[INFO]:[23:22:13] Local search phase completed.
[INFO]:[23:22:13] Total number of new local-search evaluations: 6
[INFO]:[23:22:13] Final incumbent objective value: 3.36
[INFO]:[23:22:13] Worker 16 completed exploration phase.
[INFO]:[23:22:13] Worker 16 received order for step 2.
[INFO]:[23:22:13] Worker 16 running expansion phase for iteration 2.
[INFO]:[23:22:13] Worker 16 will use solver log file: /scratch/yorig/mpils-results-grid-ticks-10000-7may/easy/24proc-2pils/seed-1/5_mas74_seed-1_20260509_231954/solver/cplex.log_iteration_expansion_2_worker_16
[INFO]:[23:22:13] Expansion Worker 16 starting expansion for iteration 2.
[INFO]:[23:22:13] Starting CPLEX solver on instance: /home/yorig/tuner/mpils-tests/instances/miplib/easy/mas74.mps with config: /scratch/yorig/mpils-results-grid-ticks-10000-7may/easy/24proc-2pils/seed-1/5_mas74_seed-1_20260509_231954/expansion/config_param_CPXPARAM_MIP_Limits_ProbeTime_120_iter_2.prm
[INFO]:[23:22:22] CPLEX results. Gap: 3.100000, upper bound: 11801.185729, lower bound: 11434.882846
[INFO]:[23:22:22] CPLEX solver finished. Gap: 3.100000
[INFO]:[23:22:23] Starting CPLEX solver on instance: /home/yorig/tuner/mpils-tests/instances/miplib/easy/mas74.mps with config: /scratch/yorig/mpils-results-grid-ticks-10000-7may/easy/24proc-2pils/seed-1/5_mas74_seed-1_20260509_231954/expansion/config_param_CPXPARAM_MIP_Limits_CutsFactor_16_iter_2.prm
[INFO]:[23:22:29] CPLEX results. Gap: 4.140000, upper bound: 11801.185729, lower bound: 11312.330606
[INFO]:[23:22:29] CPLEX solver finished. Gap: 4.140000
[INFO]:[23:22:36] Expansion Worker 16 stopping early after global MPI expansion stop was activated.
[INFO]:[23:22:36] Expansion Worker 16 completed expansion.
[INFO]:[23:22:36] Worker 16 completed expansion phase.
[INFO]:[23:22:37] Worker 16 received order for step 1.
[INFO]:[23:22:37] Worker 16 running exploration phase for iteration 3.
[INFO]:[23:22:37] Worker 16 at iteration 3 will not use a MIP start file. Current best MIP-start upper bound threshold is 1.79769e+308.
[INFO]:[23:22:37] Starting local search phase...
[INFO]:[23:22:37] Creating local search space from parameter space file: /scratch/yorig/mpils-results-grid-ticks-10000-7may/easy/24proc-2pils/seed-1/5_mas74_seed-1_20260509_231954/iterated_local_search/search_space/search_space_file_3_worker_16.txt
[INFO]:[23:22:37] Local search space loaded from file: /scratch/yorig/mpils-results-grid-ticks-10000-7may/easy/24proc-2pils/seed-1/5_mas74_seed-1_20260509_231954/iterated_local_search/search_space/search_space_file_3_worker_16.txt
[INFO]:[23:22:37] Number of parameters in local search space: 71
[INFO]:[23:22:37] Number of forbidden tuples in local search space: 34
[INFO]:[23:22:37] Number of conditionals in local search space: 6
[INFO]:[23:22:37] MIP start option not enabled. Local search will proceed without MIP start.
[INFO]:[23:22:37] Starting CPLEX solver on instance: /home/yorig/tuner/mpils-tests/instances/miplib/easy/mas74.mps with config: /scratch/yorig/mpils-results-grid-ticks-10000-7may/easy/24proc-2pils/seed-1/5_mas74_seed-1_20260509_231954/iterated_local_search/run_3_worker_16/ils_config_191471125540175958.prm
[INFO]:[23:22:37] Starting CPLEX solver on instance: /home/yorig/tuner/mpils-tests/instances/miplib/easy/mas74.mps with config: /scratch/yorig/mpils-results-grid-ticks-10000-7may/easy/24proc-2pils/seed-1/5_mas74_seed-1_20260509_231954/iterated_local_search/run_3_worker_16/ils_config_191471125540175958.prm
[INFO]:[23:22:45] CPLEX results. Gap: 10.280000, upper bound: 11801.185729, lower bound: 10588.162281
[INFO]:[23:22:45] CPLEX solver finished. Gap: 10.280000
[INFO]:[23:22:45] New incumbent found with objective value: 10.26
[INFO]:[23:22:45] Starting CPLEX solver on instance: /home/yorig/tuner/mpils-tests/instances/miplib/easy/mas74.mps with config: /scratch/yorig/mpils-results-grid-ticks-10000-7may/easy/24proc-2pils/seed-1/5_mas74_seed-1_20260509_231954/iterated_local_search/run_3_worker_16/ils_config_10200257517651684149.prm
[INFO]:[23:22:45] Starting CPLEX solver on instance: /home/yorig/tuner/mpils-tests/instances/miplib/easy/mas74.mps with config: /scratch/yorig/mpils-results-grid-ticks-10000-7may/easy/24proc-2pils/seed-1/5_mas74_seed-1_20260509_231954/iterated_local_search/run_3_worker_16/ils_config_10200257517651684149.prm
[INFO]:[23:22:52] CPLEX results. Gap: 10.260000, upper bound: 11857.371258, lower bound: 10640.444810
[INFO]:[23:22:52] CPLEX solver finished. Gap: 10.260000
[INFO]:[23:22:52] Starting CPLEX solver on instance: /home/yorig/tuner/mpils-tests/instances/miplib/easy/mas74.mps with config: /scratch/yorig/mpils-results-grid-ticks-10000-7may/easy/24proc-2pils/seed-1/5_mas74_seed-1_20260509_231954/iterated_local_search/run_3_worker_16/ils_config_1538701073311584753.prm
[INFO]:[23:22:52] Starting CPLEX solver on instance: /home/yorig/tuner/mpils-tests/instances/miplib/easy/mas74.mps with config: /scratch/yorig/mpils-results-grid-ticks-10000-7may/easy/24proc-2pils/seed-1/5_mas74_seed-1_20260509_231954/iterated_local_search/run_3_worker_16/ils_config_1538701073311584753.prm
[INFO]:[23:22:57] CPLEX results. Gap: 9.430000, upper bound: 11857.371258, lower bound: 10738.646636
[INFO]:[23:22:57] CPLEX solver finished. Gap: 9.430000
[INFO]:[23:22:59] New incumbent found with objective value: 9.43
[INFO]:[23:22:59] Starting CPLEX solver on instance: /home/yorig/tuner/mpils-tests/instances/miplib/easy/mas74.mps with config: /scratch/yorig/mpils-results-grid-ticks-10000-7may/easy/24proc-2pils/seed-1/5_mas74_seed-1_20260509_231954/iterated_local_search/run_3_worker_16/ils_config_5633028609106946535.prm
[INFO]:[23:22:59] Starting CPLEX solver on instance: /home/yorig/tuner/mpils-tests/instances/miplib/easy/mas74.mps with config: /scratch/yorig/mpils-results-grid-ticks-10000-7may/easy/24proc-2pils/seed-1/5_mas74_seed-1_20260509_231954/iterated_local_search/run_3_worker_16/ils_config_5633028609106946535.prm
[INFO]:[23:23:05] CPLEX results. Gap: 8.850000, upper bound: 11801.185729, lower bound: 10756.279611
[INFO]:[23:23:05] CPLEX solver finished. Gap: 8.850000
[INFO]:[23:23:05] New incumbent found with objective value: 8.85
[INFO]:[23:23:05] Starting CPLEX solver on instance: /home/yorig/tuner/mpils-tests/instances/miplib/easy/mas74.mps with config: /scratch/yorig/mpils-results-grid-ticks-10000-7may/easy/24proc-2pils/seed-1/5_mas74_seed-1_20260509_231954/iterated_local_search/run_3_worker_16/ils_config_12919059289893013577.prm
[INFO]:[23:23:05] Starting CPLEX solver on instance: /home/yorig/tuner/mpils-tests/instances/miplib/easy/mas74.mps with config: /scratch/yorig/mpils-results-grid-ticks-10000-7may/easy/24proc-2pils/seed-1/5_mas74_seed-1_20260509_231954/iterated_local_search/run_3_worker_16/ils_config_12919059289893013577.prm
[INFO]:[23:23:10] CPLEX results. Gap: 8.850000, upper bound: 11801.185729, lower bound: 10756.279611
[INFO]:[23:23:10] CPLEX solver finished. Gap: 8.850000
[INFO]:[23:23:10] Starting CPLEX solver on instance: /home/yorig/tuner/mpils-tests/instances/miplib/easy/mas74.mps with config: /scratch/yorig/mpils-results-grid-ticks-10000-7may/easy/24proc-2pils/seed-1/5_mas74_seed-1_20260509_231954/iterated_local_search/run_3_worker_16/ils_config_8270050613601757796.prm
[INFO]:[23:23:10] Starting CPLEX solver on instance: /home/yorig/tuner/mpils-tests/instances/miplib/easy/mas74.mps with config: /scratch/yorig/mpils-results-grid-ticks-10000-7may/easy/24proc-2pils/seed-1/5_mas74_seed-1_20260509_231954/iterated_local_search/run_3_worker_16/ils_config_8270050613601757796.prm
[INFO]:[23:23:16] CPLEX results. Gap: 8.850000, upper bound: 11801.185729, lower bound: 10756.279611
[INFO]:[23:23:16] CPLEX solver finished. Gap: 8.850000
[INFO]:[23:23:16] New incumbent found with objective value: 8.54
[INFO]:[23:23:16] Starting CPLEX solver on instance: /home/yorig/tuner/mpils-tests/instances/miplib/easy/mas74.mps with config: /scratch/yorig/mpils-results-grid-ticks-10000-7may/easy/24proc-2pils/seed-1/5_mas74_seed-1_20260509_231954/iterated_local_search/run_3_worker_16/ils_config_13820124472301916070.prm
[INFO]:[23:23:16] Starting CPLEX solver on instance: /home/yorig/tuner/mpils-tests/instances/miplib/easy/mas74.mps with config: /scratch/yorig/mpils-results-grid-ticks-10000-7may/easy/24proc-2pils/seed-1/5_mas74_seed-1_20260509_231954/iterated_local_search/run_3_worker_16/ils_config_13820124472301916070.prm
[INFO]:[23:23:22] CPLEX results. Gap: 8.540000, upper bound: 11801.185729, lower bound: 10793.022911
[INFO]:[23:23:22] CPLEX solver finished. Gap: 8.540000
[INFO]:[23:23:22] Starting CPLEX solver on instance: /home/yorig/tuner/mpils-tests/instances/miplib/easy/mas74.mps with config: /scratch/yorig/mpils-results-grid-ticks-10000-7may/easy/24proc-2pils/seed-1/5_mas74_seed-1_20260509_231954/iterated_local_search/run_3_worker_16/ils_config_17988331151683474779.prm
[INFO]:[23:23:22] Starting CPLEX solver on instance: /home/yorig/tuner/mpils-tests/instances/miplib/easy/mas74.mps with config: /scratch/yorig/mpils-results-grid-ticks-10000-7may/easy/24proc-2pils/seed-1/5_mas74_seed-1_20260509_231954/iterated_local_search/run_3_worker_16/ils_config_17988331151683474779.prm
[INFO]:[23:23:27] CPLEX results. Gap: 9.340000, upper bound: 11801.185729, lower bound: 10699.326045
[INFO]:[23:23:27] CPLEX solver finished. Gap: 9.340000
[INFO]:[23:23:28] New incumbent found with objective value: 8.07
[INFO]:[23:23:28] Starting CPLEX solver on instance: /home/yorig/tuner/mpils-tests/instances/miplib/easy/mas74.mps with config: /scratch/yorig/mpils-results-grid-ticks-10000-7may/easy/24proc-2pils/seed-1/5_mas74_seed-1_20260509_231954/iterated_local_search/run_3_worker_16/ils_config_4077871965766261642.prm
[INFO]:[23:23:28] Starting CPLEX solver on instance: /home/yorig/tuner/mpils-tests/instances/miplib/easy/mas74.mps with config: /scratch/yorig/mpils-results-grid-ticks-10000-7may/easy/24proc-2pils/seed-1/5_mas74_seed-1_20260509_231954/iterated_local_search/run_3_worker_16/ils_config_4077871965766261642.prm
[INFO]:[23:23:34] CPLEX results. Gap: 8.070000, upper bound: 11801.185729, lower bound: 10848.539108
[INFO]:[23:23:34] CPLEX solver finished. Gap: 8.070000
[INFO]:[23:23:34] Starting CPLEX solver on instance: /home/yorig/tuner/mpils-tests/instances/miplib/easy/mas74.mps with config: /scratch/yorig/mpils-results-grid-ticks-10000-7may/easy/24proc-2pils/seed-1/5_mas74_seed-1_20260509_231954/iterated_local_search/run_3_worker_16/ils_config_16672572281067060951.prm
[INFO]:[23:23:34] Starting CPLEX solver on instance: /home/yorig/tuner/mpils-tests/instances/miplib/easy/mas74.mps with config: /scratch/yorig/mpils-results-grid-ticks-10000-7may/easy/24proc-2pils/seed-1/5_mas74_seed-1_20260509_231954/iterated_local_search/run_3_worker_16/ils_config_16672572281067060951.prm
[INFO]:[23:23:40] CPLEX results. Gap: 8.040000, upper bound: 11801.185729, lower bound: 10851.993885
[INFO]:[23:23:40] CPLEX solver finished. Gap: 8.040000
[INFO]:[23:23:40] New incumbent found with objective value: 8.04
[INFO]:[23:23:40] Starting CPLEX solver on instance: /home/yorig/tuner/mpils-tests/instances/miplib/easy/mas74.mps with config: /scratch/yorig/mpils-results-grid-ticks-10000-7may/easy/24proc-2pils/seed-1/5_mas74_seed-1_20260509_231954/iterated_local_search/run_3_worker_16/ils_config_5614328708043477576.prm
[INFO]:[23:23:40] Starting CPLEX solver on instance: /home/yorig/tuner/mpils-tests/instances/miplib/easy/mas74.mps with config: /scratch/yorig/mpils-results-grid-ticks-10000-7may/easy/24proc-2pils/seed-1/5_mas74_seed-1_20260509_231954/iterated_local_search/run_3_worker_16/ils_config_5614328708043477576.prm
[INFO]:[23:23:47] CPLEX results. Gap: 8.040000, upper bound: 11801.185729, lower bound: 10851.993885
[INFO]:[23:23:47] CPLEX solver finished. Gap: 8.040000
[INFO]:[23:23:47] Starting CPLEX solver on instance: /home/yorig/tuner/mpils-tests/instances/miplib/easy/mas74.mps with config: /scratch/yorig/mpils-results-grid-ticks-10000-7may/easy/24proc-2pils/seed-1/5_mas74_seed-1_20260509_231954/iterated_local_search/run_3_worker_16/ils_config_2952101286566557441.prm
[INFO]:[23:23:47] Starting CPLEX solver on instance: /home/yorig/tuner/mpils-tests/instances/miplib/easy/mas74.mps with config: /scratch/yorig/mpils-results-grid-ticks-10000-7may/easy/24proc-2pils/seed-1/5_mas74_seed-1_20260509_231954/iterated_local_search/run_3_worker_16/ils_config_2952101286566557441.prm
[INFO]:[23:23:53] CPLEX results. Gap: 8.640000, upper bound: 11801.185729, lower bound: 10781.108978
[INFO]:[23:23:53] CPLEX solver finished. Gap: 8.640000
[INFO]:[23:23:53] New incumbent found with objective value: 8.01
[INFO]:[23:23:53] Starting CPLEX solver on instance: /home/yorig/tuner/mpils-tests/instances/miplib/easy/mas74.mps with config: /scratch/yorig/mpils-results-grid-ticks-10000-7may/easy/24proc-2pils/seed-1/5_mas74_seed-1_20260509_231954/iterated_local_search/run_3_worker_16/ils_config_17406216315193811960.prm
[INFO]:[23:23:53] Starting CPLEX solver on instance: /home/yorig/tuner/mpils-tests/instances/miplib/easy/mas74.mps with config: /scratch/yorig/mpils-results-grid-ticks-10000-7may/easy/24proc-2pils/seed-1/5_mas74_seed-1_20260509_231954/iterated_local_search/run_3_worker_16/ils_config_17406216315193811960.prm
[INFO]:[23:23:59] CPLEX results. Gap: 8.010000, upper bound: 11801.185729, lower bound: 10855.323250
[INFO]:[23:23:59] CPLEX solver finished. Gap: 8.010000
[INFO]:[23:23:59] Local search phase completed.
[INFO]:[23:23:59] Total number of new local-search evaluations: 26
[INFO]:[23:23:59] Final incumbent objective value: 8.01
[INFO]:[23:25:29] Worker 16 completed exploration phase.
[INFO]:[23:25:29] Worker 16 received order for step 2.
[INFO]:[23:25:29] Worker 16 running expansion phase for iteration 3.
[INFO]:[23:25:29] Worker 16 will use solver log file: /scratch/yorig/mpils-results-grid-ticks-10000-7may/easy/24proc-2pils/seed-1/5_mas74_seed-1_20260509_231954/solver/cplex.log_iteration_expansion_3_worker_16
[INFO]:[23:25:29] Expansion Worker 16 starting expansion for iteration 3.
[INFO]:[23:25:29] Starting CPLEX solver on instance: /home/yorig/tuner/mpils-tests/instances/miplib/easy/mas74.mps with config: /scratch/yorig/mpils-results-grid-ticks-10000-7may/easy/24proc-2pils/seed-1/5_mas74_seed-1_20260509_231954/expansion/config_param_CPXPARAM_MIP_Strategy_HeuristicFreq_20_iter_3.prm
[INFO]:[23:25:41] CPLEX results. Gap: 3.010000, upper bound: 11893.872575, lower bound: 11535.372066
[INFO]:[23:25:41] CPLEX solver finished. Gap: 3.010000
[INFO]:[23:25:44] Expansion Worker 16 stopping early after global MPI expansion stop was activated.
[INFO]:[23:25:44] Expansion Worker 16 completed expansion.
[INFO]:[23:25:44] Worker 16 completed expansion phase.
[INFO]:[23:25:45] Worker 16 received order for step 1.
[INFO]:[23:25:45] Worker 16 running exploration phase for iteration 4.
[INFO]:[23:25:45] Worker 16 at iteration 4 will not use a MIP start file. Current best MIP-start upper bound threshold is 1.79769e+308.
[INFO]:[23:25:45] Starting local search phase...
[INFO]:[23:25:45] Creating local search space from parameter space file: /scratch/yorig/mpils-results-grid-ticks-10000-7may/easy/24proc-2pils/seed-1/5_mas74_seed-1_20260509_231954/iterated_local_search/search_space/search_space_file_4_worker_16.txt
[INFO]:[23:25:45] Local search space loaded from file: /scratch/yorig/mpils-results-grid-ticks-10000-7may/easy/24proc-2pils/seed-1/5_mas74_seed-1_20260509_231954/iterated_local_search/search_space/search_space_file_4_worker_16.txt
[INFO]:[23:25:45] Number of parameters in local search space: 71
[INFO]:[23:25:45] Number of forbidden tuples in local search space: 60
[INFO]:[23:25:45] Number of conditionals in local search space: 6
[INFO]:[23:25:45] MIP start option not enabled. Local search will proceed without MIP start.
[INFO]:[23:25:45] Starting CPLEX solver on instance: /home/yorig/tuner/mpils-tests/instances/miplib/easy/mas74.mps with config: /scratch/yorig/mpils-results-grid-ticks-10000-7may/easy/24proc-2pils/seed-1/5_mas74_seed-1_20260509_231954/iterated_local_search/run_4_worker_16/ils_config_7718189059537688630.prm
[INFO]:[23:25:45] Starting CPLEX solver on instance: /home/yorig/tuner/mpils-tests/instances/miplib/easy/mas74.mps with config: /scratch/yorig/mpils-results-grid-ticks-10000-7may/easy/24proc-2pils/seed-1/5_mas74_seed-1_20260509_231954/iterated_local_search/run_4_worker_16/ils_config_7718189059537688630.prm
[INFO]:[23:25:51] CPLEX results. Gap: 9.360000, upper bound: 11801.185729, lower bound: 10696.172578
[INFO]:[23:25:52] CPLEX solver finished. Gap: 9.360000
[INFO]:[23:25:56] Starting CPLEX solver on instance: /home/yorig/tuner/mpils-tests/instances/miplib/easy/mas74.mps with config: /scratch/yorig/mpils-results-grid-ticks-10000-7may/easy/24proc-2pils/seed-1/5_mas74_seed-1_20260509_231954/iterated_local_search/run_4_worker_16/ils_config_1768506100084313399.prm
[INFO]:[23:25:56] Starting CPLEX solver on instance: /home/yorig/tuner/mpils-tests/instances/miplib/easy/mas74.mps with config: /scratch/yorig/mpils-results-grid-ticks-10000-7may/easy/24proc-2pils/seed-1/5_mas74_seed-1_20260509_231954/iterated_local_search/run_4_worker_16/ils_config_1768506100084313399.prm
[INFO]:[23:26:04] CPLEX results. Gap: 8.390000, upper bound: 11801.185729, lower bound: 10810.673441
[INFO]:[23:26:04] CPLEX solver finished. Gap: 8.390000
[INFO]:[23:26:05] New incumbent found with objective value: 8.39
[INFO]:[23:26:05] Starting CPLEX solver on instance: /home/yorig/tuner/mpils-tests/instances/miplib/easy/mas74.mps with config: /scratch/yorig/mpils-results-grid-ticks-10000-7may/easy/24proc-2pils/seed-1/5_mas74_seed-1_20260509_231954/iterated_local_search/run_4_worker_16/ils_config_13018701091050196931.prm
[INFO]:[23:26:05] Starting CPLEX solver on instance: /home/yorig/tuner/mpils-tests/instances/miplib/easy/mas74.mps with config: /scratch/yorig/mpils-results-grid-ticks-10000-7may/easy/24proc-2pils/seed-1/5_mas74_seed-1_20260509_231954/iterated_local_search/run_4_worker_16/ils_config_13018701091050196931.prm
[INFO]:[23:26:21] CPLEX results. Gap: 8.770000, upper bound: 11801.185729, lower bound: 10766.612577
[INFO]:[23:26:22] CPLEX solver finished. Gap: 8.770000
[INFO]:[23:26:22] Starting CPLEX solver on instance: /home/yorig/tuner/mpils-tests/instances/miplib/easy/mas74.mps with config: /scratch/yorig/mpils-results-grid-ticks-10000-7may/easy/24proc-2pils/seed-1/5_mas74_seed-1_20260509_231954/iterated_local_search/run_4_worker_16/ils_config_15515995562057783335.prm
[INFO]:[23:26:22] Starting CPLEX solver on instance: /home/yorig/tuner/mpils-tests/instances/miplib/easy/mas74.mps with config: /scratch/yorig/mpils-results-grid-ticks-10000-7may/easy/24proc-2pils/seed-1/5_mas74_seed-1_20260509_231954/iterated_local_search/run_4_worker_16/ils_config_15515995562057783335.prm
[INFO]:[23:27:01] CPLEX results. Gap: 7.450000, upper bound: 11801.185729, lower bound: 10921.556870
[INFO]:[23:27:01] CPLEX solver finished. Gap: 7.450000
[INFO]:[23:27:01] New incumbent found with objective value: 7.45
[INFO]:[23:27:01] Local search phase completed.
[INFO]:[23:27:01] Total number of new local-search evaluations: 8
[INFO]:[23:27:01] Final incumbent objective value: 7.45
[INFO]:[23:27:01] Worker 16 completed exploration phase.
[INFO]:[23:27:01] Worker 16 received order for step 2.
[INFO]:[23:27:01] Worker 16 running expansion phase for iteration 4.
[INFO]:[23:27:01] Worker 16 will use solver log file: /scratch/yorig/mpils-results-grid-ticks-10000-7may/easy/24proc-2pils/seed-1/5_mas74_seed-1_20260509_231954/solver/cplex.log_iteration_expansion_4_worker_16
[INFO]:[23:27:01] Expansion Worker 16 starting expansion for iteration 4.
[INFO]:[23:27:01] Starting CPLEX solver on instance: /home/yorig/tuner/mpils-tests/instances/miplib/easy/mas74.mps with config: /scratch/yorig/mpils-results-grid-ticks-10000-7may/easy/24proc-2pils/seed-1/5_mas74_seed-1_20260509_231954/expansion/config_param_CPXPARAM_MIP_Strategy_HeuristicFreq_1000_iter_4.prm
[INFO]:[23:27:13] CPLEX results. Gap: 3.420000, upper bound: 12007.448580, lower bound: 11596.197172
[INFO]:[23:27:13] CPLEX solver finished. Gap: 3.420000
[INFO]:[23:27:17] Expansion Worker 16 stopping early after global MPI expansion stop was activated.
[INFO]:[23:27:17] Expansion Worker 16 completed expansion.
[INFO]:[23:27:17] Worker 16 completed expansion phase.
[INFO]:[23:27:17] Worker 16 received order for step 1.
[INFO]:[23:27:17] Worker 16 running exploration phase for iteration 5.
[INFO]:[23:27:17] Worker 16 at iteration 5 will not use a MIP start file. Current best MIP-start upper bound threshold is 1.79769e+308.
[INFO]:[23:27:17] Starting local search phase...
[INFO]:[23:27:17] Creating local search space from parameter space file: /scratch/yorig/mpils-results-grid-ticks-10000-7may/easy/24proc-2pils/seed-1/5_mas74_seed-1_20260509_231954/iterated_local_search/search_space/search_space_file_5_worker_16.txt
[INFO]:[23:27:17] Local search space loaded from file: /scratch/yorig/mpils-results-grid-ticks-10000-7may/easy/24proc-2pils/seed-1/5_mas74_seed-1_20260509_231954/iterated_local_search/search_space/search_space_file_5_worker_16.txt
[INFO]:[23:27:17] Number of parameters in local search space: 71
[INFO]:[23:27:17] Number of forbidden tuples in local search space: 87
[INFO]:[23:27:17] Number of conditionals in local search space: 6
[INFO]:[23:27:17] MIP start option not enabled. Local search will proceed without MIP start.
[INFO]:[23:27:17] Starting CPLEX solver on instance: /home/yorig/tuner/mpils-tests/instances/miplib/easy/mas74.mps with config: /scratch/yorig/mpils-results-grid-ticks-10000-7may/easy/24proc-2pils/seed-1/5_mas74_seed-1_20260509_231954/iterated_local_search/run_5_worker_16/ils_config_15455111786505885603.prm
[INFO]:[23:27:17] Starting CPLEX solver on instance: /home/yorig/tuner/mpils-tests/instances/miplib/easy/mas74.mps with config: /scratch/yorig/mpils-results-grid-ticks-10000-7may/easy/24proc-2pils/seed-1/5_mas74_seed-1_20260509_231954/iterated_local_search/run_5_worker_16/ils_config_15455111786505885603.prm
[INFO]:[23:27:24] CPLEX results. Gap: 5.510000, upper bound: 11857.371258, lower bound: 11203.994505
[INFO]:[23:27:24] CPLEX solver finished. Gap: 5.510000
[INFO]:[23:27:28] Starting CPLEX solver on instance: /home/yorig/tuner/mpils-tests/instances/miplib/easy/mas74.mps with config: /scratch/yorig/mpils-results-grid-ticks-10000-7may/easy/24proc-2pils/seed-1/5_mas74_seed-1_20260509_231954/iterated_local_search/run_5_worker_16/ils_config_2223548179623696135.prm
[INFO]:[23:27:28] Starting CPLEX solver on instance: /home/yorig/tuner/mpils-tests/instances/miplib/easy/mas74.mps with config: /scratch/yorig/mpils-results-grid-ticks-10000-7may/easy/24proc-2pils/seed-1/5_mas74_seed-1_20260509_231954/iterated_local_search/run_5_worker_16/ils_config_2223548179623696135.prm
[INFO]:[23:27:34] CPLEX results. Gap: 5.600000, upper bound: 11857.371258, lower bound: 11193.261295
[INFO]:[23:27:34] CPLEX solver finished. Gap: 5.600000
[INFO]:[23:27:35] Starting CPLEX solver on instance: /home/yorig/tuner/mpils-tests/instances/miplib/easy/mas74.mps with config: /scratch/yorig/mpils-results-grid-ticks-10000-7may/easy/24proc-2pils/seed-1/5_mas74_seed-1_20260509_231954/iterated_local_search/run_5_worker_16/ils_config_6186495237274716109.prm
[INFO]:[23:27:35] Starting CPLEX solver on instance: /home/yorig/tuner/mpils-tests/instances/miplib/easy/mas74.mps with config: /scratch/yorig/mpils-results-grid-ticks-10000-7may/easy/24proc-2pils/seed-1/5_mas74_seed-1_20260509_231954/iterated_local_search/run_5_worker_16/ils_config_6186495237274716109.prm
[INFO]:[23:27:42] CPLEX results. Gap: 5.210000, upper bound: 11801.185729, lower bound: 11186.423148
[INFO]:[23:27:42] CPLEX solver finished. Gap: 5.210000
[INFO]:[23:27:42] New incumbent found with objective value: 5.21
[INFO]:[23:27:42] Starting CPLEX solver on instance: /home/yorig/tuner/mpils-tests/instances/miplib/easy/mas74.mps with config: /scratch/yorig/mpils-results-grid-ticks-10000-7may/easy/24proc-2pils/seed-1/5_mas74_seed-1_20260509_231954/iterated_local_search/run_5_worker_16/ils_config_13295379964529550423.prm
[INFO]:[23:27:42] Starting CPLEX solver on instance: /home/yorig/tuner/mpils-tests/instances/miplib/easy/mas74.mps with config: /scratch/yorig/mpils-results-grid-ticks-10000-7may/easy/24proc-2pils/seed-1/5_mas74_seed-1_20260509_231954/iterated_local_search/run_5_worker_16/ils_config_13295379964529550423.prm
[INFO]:[23:27:49] CPLEX results. Gap: 5.210000, upper bound: 11801.185729, lower bound: 11186.423148
[INFO]:[23:27:49] CPLEX solver finished. Gap: 5.210000
[INFO]:[23:27:49] Starting CPLEX solver on instance: /home/yorig/tuner/mpils-tests/instances/miplib/easy/mas74.mps with config: /scratch/yorig/mpils-results-grid-ticks-10000-7may/easy/24proc-2pils/seed-1/5_mas74_seed-1_20260509_231954/iterated_local_search/run_5_worker_16/ils_config_12625018452843927843.prm
[INFO]:[23:27:49] Starting CPLEX solver on instance: /home/yorig/tuner/mpils-tests/instances/miplib/easy/mas74.mps with config: /scratch/yorig/mpils-results-grid-ticks-10000-7may/easy/24proc-2pils/seed-1/5_mas74_seed-1_20260509_231954/iterated_local_search/run_5_worker_16/ils_config_12625018452843927843.prm
[INFO]:[23:27:56] CPLEX results. Gap: 5.510000, upper bound: 11857.371258, lower bound: 11203.994505
[INFO]:[23:27:56] CPLEX solver finished. Gap: 5.510000
[INFO]:[23:27:56] Starting CPLEX solver on instance: /home/yorig/tuner/mpils-tests/instances/miplib/easy/mas74.mps with config: /scratch/yorig/mpils-results-grid-ticks-10000-7may/easy/24proc-2pils/seed-1/5_mas74_seed-1_20260509_231954/iterated_local_search/run_5_worker_16/ils_config_14260279672601698972.prm
[INFO]:[23:27:56] Starting CPLEX solver on instance: /home/yorig/tuner/mpils-tests/instances/miplib/easy/mas74.mps with config: /scratch/yorig/mpils-results-grid-ticks-10000-7may/easy/24proc-2pils/seed-1/5_mas74_seed-1_20260509_231954/iterated_local_search/run_5_worker_16/ils_config_14260279672601698972.prm
[INFO]:[23:28:03] CPLEX results. Gap: 5.210000, upper bound: 11801.185729, lower bound: 11186.423148
[INFO]:[23:28:03] CPLEX solver finished. Gap: 5.210000
[INFO]:[23:28:04] New incumbent found with objective value: 5.05
[INFO]:[23:28:04] Starting CPLEX solver on instance: /home/yorig/tuner/mpils-tests/instances/miplib/easy/mas74.mps with config: /scratch/yorig/mpils-results-grid-ticks-10000-7may/easy/24proc-2pils/seed-1/5_mas74_seed-1_20260509_231954/iterated_local_search/run_5_worker_16/ils_config_9244394761098185479.prm
[INFO]:[23:28:04] Starting CPLEX solver on instance: /home/yorig/tuner/mpils-tests/instances/miplib/easy/mas74.mps with config: /scratch/yorig/mpils-results-grid-ticks-10000-7may/easy/24proc-2pils/seed-1/5_mas74_seed-1_20260509_231954/iterated_local_search/run_5_worker_16/ils_config_9244394761098185479.prm
[INFO]:[23:28:14] CPLEX results. Gap: 4.490000, upper bound: 11801.185729, lower bound: 11271.856648
[INFO]:[23:28:14] CPLEX solver finished. Gap: 4.490000
[INFO]:[23:28:14] New incumbent found with objective value: 4.49
[INFO]:[23:28:14] Starting CPLEX solver on instance: /home/yorig/tuner/mpils-tests/instances/miplib/easy/mas74.mps with config: /scratch/yorig/mpils-results-grid-ticks-10000-7may/easy/24proc-2pils/seed-1/5_mas74_seed-1_20260509_231954/iterated_local_search/run_5_worker_16/ils_config_13842873283985508588.prm
[INFO]:[23:28:14] Starting CPLEX solver on instance: /home/yorig/tuner/mpils-tests/instances/miplib/easy/mas74.mps with config: /scratch/yorig/mpils-results-grid-ticks-10000-7may/easy/24proc-2pils/seed-1/5_mas74_seed-1_20260509_231954/iterated_local_search/run_5_worker_16/ils_config_13842873283985508588.prm
[INFO]:[23:28:24] CPLEX results. Gap: 4.490000, upper bound: 11801.185729, lower bound: 11271.856648
[INFO]:[23:28:24] CPLEX solver finished. Gap: 4.490000
[INFO]:[23:28:24] Starting CPLEX solver on instance: /home/yorig/tuner/mpils-tests/instances/miplib/easy/mas74.mps with config: /scratch/yorig/mpils-results-grid-ticks-10000-7may/easy/24proc-2pils/seed-1/5_mas74_seed-1_20260509_231954/iterated_local_search/run_5_worker_16/ils_config_7930841652085613188.prm
[INFO]:[23:28:24] Starting CPLEX solver on instance: /home/yorig/tuner/mpils-tests/instances/miplib/easy/mas74.mps with config: /scratch/yorig/mpils-results-grid-ticks-10000-7may/easy/24proc-2pils/seed-1/5_mas74_seed-1_20260509_231954/iterated_local_search/run_5_worker_16/ils_config_7930841652085613188.prm
[INFO]:[23:28:34] CPLEX results. Gap: 4.490000, upper bound: 11801.185729, lower bound: 11271.856648
[INFO]:[23:28:34] CPLEX solver finished. Gap: 4.490000
[INFO]:[23:28:34] Local search phase completed.
[INFO]:[23:28:34] Total number of new local-search evaluations: 18
[INFO]:[23:28:34] Final incumbent objective value: 4.49
[INFO]:[23:29:24] Worker 16 completed exploration phase.
[INFO]:[23:29:24] Worker 16 received order for step 2.
[INFO]:[23:29:24] Worker 16 running expansion phase for iteration 5.
[INFO]:[23:29:24] Worker 16 will use solver log file: /scratch/yorig/mpils-results-grid-ticks-10000-7may/easy/24proc-2pils/seed-1/5_mas74_seed-1_20260509_231954/solver/cplex.log_iteration_expansion_5_worker_16
[INFO]:[23:29:24] Expansion Worker 16 starting expansion for iteration 5.
[INFO]:[23:29:24] Starting CPLEX solver on instance: /home/yorig/tuner/mpils-tests/instances/miplib/easy/mas74.mps with config: /scratch/yorig/mpils-results-grid-ticks-10000-7may/easy/24proc-2pils/seed-1/5_mas74_seed-1_20260509_231954/expansion/config_param_CPXPARAM_MIP_Strategy_SubAlgorithm_5_iter_5.prm
[INFO]:[23:29:32] CPLEX results. Gap: 6.690000, upper bound: 11857.371258, lower bound: 11064.050175
[INFO]:[23:29:32] CPLEX solver finished. Gap: 6.690000
[INFO]:[23:29:40] Expansion Worker 16 stopping early after global MPI expansion stop was activated.
[INFO]:[23:29:40] Expansion Worker 16 completed expansion.
[INFO]:[23:29:40] Worker 16 completed expansion phase.
[INFO]:[23:29:40] Worker 16 received order for step 1.
[INFO]:[23:29:40] Worker 16 running exploration phase for iteration 6.
[INFO]:[23:29:40] Worker 16 at iteration 6 will not use a MIP start file. Current best MIP-start upper bound threshold is 1.79769e+308.
[INFO]:[23:29:40] Starting local search phase...
[INFO]:[23:29:40] Creating local search space from parameter space file: /scratch/yorig/mpils-results-grid-ticks-10000-7may/easy/24proc-2pils/seed-1/5_mas74_seed-1_20260509_231954/iterated_local_search/search_space/search_space_file_6_worker_16.txt
[INFO]:[23:29:40] Local search space loaded from file: /scratch/yorig/mpils-results-grid-ticks-10000-7may/easy/24proc-2pils/seed-1/5_mas74_seed-1_20260509_231954/iterated_local_search/search_space/search_space_file_6_worker_16.txt
[INFO]:[23:29:40] Number of parameters in local search space: 71
[INFO]:[23:29:40] Number of forbidden tuples in local search space: 111
[INFO]:[23:29:40] Number of conditionals in local search space: 6
[INFO]:[23:29:40] MIP start option not enabled. Local search will proceed without MIP start.
[INFO]:[23:29:40] Starting CPLEX solver on instance: /home/yorig/tuner/mpils-tests/instances/miplib/easy/mas74.mps with config: /scratch/yorig/mpils-results-grid-ticks-10000-7may/easy/24proc-2pils/seed-1/5_mas74_seed-1_20260509_231954/iterated_local_search/run_6_worker_16/ils_config_9771128925548886761.prm
[INFO]:[23:29:40] Starting CPLEX solver on instance: /home/yorig/tuner/mpils-tests/instances/miplib/easy/mas74.mps with config: /scratch/yorig/mpils-results-grid-ticks-10000-7may/easy/24proc-2pils/seed-1/5_mas74_seed-1_20260509_231954/iterated_local_search/run_6_worker_16/ils_config_9771128925548886761.prm
[INFO]:[23:29:45] CPLEX results. Gap: 7.230000, upper bound: 11801.185729, lower bound: 10948.385665
[INFO]:[23:29:45] CPLEX solver finished. Gap: 7.230000
[INFO]:[23:29:49] Starting CPLEX solver on instance: /home/yorig/tuner/mpils-tests/instances/miplib/easy/mas74.mps with config: /scratch/yorig/mpils-results-grid-ticks-10000-7may/easy/24proc-2pils/seed-1/5_mas74_seed-1_20260509_231954/iterated_local_search/run_6_worker_16/ils_config_2098182612641942379.prm
[INFO]:[23:29:49] Starting CPLEX solver on instance: /home/yorig/tuner/mpils-tests/instances/miplib/easy/mas74.mps with config: /scratch/yorig/mpils-results-grid-ticks-10000-7may/easy/24proc-2pils/seed-1/5_mas74_seed-1_20260509_231954/iterated_local_search/run_6_worker_16/ils_config_2098182612641942379.prm
[INFO]:[23:29:55] CPLEX results. Gap: 7.230000, upper bound: 11801.185729, lower bound: 10948.385665
[INFO]:[23:29:55] CPLEX solver finished. Gap: 7.230000
[INFO]:[23:29:55] Starting CPLEX solver on instance: /home/yorig/tuner/mpils-tests/instances/miplib/easy/mas74.mps with config: /scratch/yorig/mpils-results-grid-ticks-10000-7may/easy/24proc-2pils/seed-1/5_mas74_seed-1_20260509_231954/iterated_local_search/run_6_worker_16/ils_config_15082373132181115189.prm
[INFO]:[23:29:55] Starting CPLEX solver on instance: /home/yorig/tuner/mpils-tests/instances/miplib/easy/mas74.mps with config: /scratch/yorig/mpils-results-grid-ticks-10000-7may/easy/24proc-2pils/seed-1/5_mas74_seed-1_20260509_231954/iterated_local_search/run_6_worker_16/ils_config_15082373132181115189.prm
[INFO]:[23:30:00] CPLEX results. Gap: 7.180000, upper bound: 11801.185729, lower bound: 10953.410952
[INFO]:[23:30:00] CPLEX solver finished. Gap: 7.180000
[INFO]:[23:30:00] New incumbent found with objective value: 6.64
[INFO]:[23:30:00] Starting CPLEX solver on instance: /home/yorig/tuner/mpils-tests/instances/miplib/easy/mas74.mps with config: /scratch/yorig/mpils-results-grid-ticks-10000-7may/easy/24proc-2pils/seed-1/5_mas74_seed-1_20260509_231954/iterated_local_search/run_6_worker_16/ils_config_3242587400728920937.prm
[INFO]:[23:30:00] Starting CPLEX solver on instance: /home/yorig/tuner/mpils-tests/instances/miplib/easy/mas74.mps with config: /scratch/yorig/mpils-results-grid-ticks-10000-7may/easy/24proc-2pils/seed-1/5_mas74_seed-1_20260509_231954/iterated_local_search/run_6_worker_16/ils_config_3242587400728920937.prm
[INFO]:[23:30:07] CPLEX results. Gap: 11.530000, upper bound: 12001.167086, lower bound: 10617.882959
[INFO]:[23:30:07] CPLEX solver finished. Gap: 11.530000
[INFO]:[23:30:07] Starting CPLEX solver on instance: /home/yorig/tuner/mpils-tests/instances/miplib/easy/mas74.mps with config: /scratch/yorig/mpils-results-grid-ticks-10000-7may/easy/24proc-2pils/seed-1/5_mas74_seed-1_20260509_231954/iterated_local_search/run_6_worker_16/ils_config_5589359758610190393.prm
[INFO]:[23:30:07] Starting CPLEX solver on instance: /home/yorig/tuner/mpils-tests/instances/miplib/easy/mas74.mps with config: /scratch/yorig/mpils-results-grid-ticks-10000-7may/easy/24proc-2pils/seed-1/5_mas74_seed-1_20260509_231954/iterated_local_search/run_6_worker_16/ils_config_5589359758610190393.prm
[INFO]:[23:30:12] CPLEX results. Gap: 8.150000, upper bound: 11956.589689, lower bound: 10982.215290
[INFO]:[23:30:12] CPLEX solver finished. Gap: 8.150000
[INFO]:[23:30:12] Local search phase completed.
[INFO]:[23:30:12] Total number of new local-search evaluations: 10
[INFO]:[23:30:12] Final incumbent objective value: 6.64
[INFO]:[23:30:49] Worker 16 completed exploration phase.
[INFO]:[23:30:49] Worker 16 received order for step 2.
[INFO]:[23:30:49] Worker 16 running expansion phase for iteration 6.
[INFO]:[23:30:49] Worker 16 will use solver log file: /scratch/yorig/mpils-results-grid-ticks-10000-7may/easy/24proc-2pils/seed-1/5_mas74_seed-1_20260509_231954/solver/cplex.log_iteration_expansion_6_worker_16
[INFO]:[23:30:49] Expansion Worker 16 starting expansion for iteration 6.
[INFO]:[23:30:49] Starting CPLEX solver on instance: /home/yorig/tuner/mpils-tests/instances/miplib/easy/mas74.mps with config: /scratch/yorig/mpils-results-grid-ticks-10000-7may/easy/24proc-2pils/seed-1/5_mas74_seed-1_20260509_231954/expansion/config_param_CPXPARAM_Simplex_PGradient_-1_iter_6.prm
[INFO]:[23:31:04] CPLEX results. Gap: 0.950000, upper bound: 11801.185729, lower bound: 11688.723809
[INFO]:[23:31:04] CPLEX solver finished. Gap: 0.950000
[INFO]:[23:31:06] Expansion Worker 16 stopping early after global MPI expansion stop was activated.
[INFO]:[23:31:06] Expansion Worker 16 completed expansion.
[INFO]:[23:31:06] Worker 16 completed expansion phase.
[INFO]:[23:31:07] Worker 16 received order for step 1.
[INFO]:[23:31:07] Worker 16 running exploration phase for iteration 7.
[INFO]:[23:31:07] Worker 16 at iteration 7 will not use a MIP start file. Current best MIP-start upper bound threshold is 1.79769e+308.
[INFO]:[23:31:07] Starting local search phase...
[INFO]:[23:31:07] Creating local search space from parameter space file: /scratch/yorig/mpils-results-grid-ticks-10000-7may/easy/24proc-2pils/seed-1/5_mas74_seed-1_20260509_231954/iterated_local_search/search_space/search_space_file_7_worker_16.txt
[INFO]:[23:31:07] Local search space loaded from file: /scratch/yorig/mpils-results-grid-ticks-10000-7may/easy/24proc-2pils/seed-1/5_mas74_seed-1_20260509_231954/iterated_local_search/search_space/search_space_file_7_worker_16.txt
[INFO]:[23:31:07] Number of parameters in local search space: 71
[INFO]:[23:31:07] Number of forbidden tuples in local search space: 136
[INFO]:[23:31:07] Number of conditionals in local search space: 6
[INFO]:[23:31:07] MIP start option not enabled. Local search will proceed without MIP start.
[INFO]:[23:31:07] Starting CPLEX solver on instance: /home/yorig/tuner/mpils-tests/instances/miplib/easy/mas74.mps with config: /scratch/yorig/mpils-results-grid-ticks-10000-7may/easy/24proc-2pils/seed-1/5_mas74_seed-1_20260509_231954/iterated_local_search/run_7_worker_16/ils_config_13067779364477951716.prm
[INFO]:[23:31:07] Starting CPLEX solver on instance: /home/yorig/tuner/mpils-tests/instances/miplib/easy/mas74.mps with config: /scratch/yorig/mpils-results-grid-ticks-10000-7may/easy/24proc-2pils/seed-1/5_mas74_seed-1_20260509_231954/iterated_local_search/run_7_worker_16/ils_config_13067779364477951716.prm
[INFO]:[23:31:14] CPLEX results. Gap: 9.660000, upper bound: 11801.185729, lower bound: 10661.511383
[INFO]:[23:31:14] CPLEX solver finished. Gap: 9.660000
[INFO]:[23:31:14] New incumbent found with objective value: 5.97
[INFO]:[23:31:14] Starting CPLEX solver on instance: /home/yorig/tuner/mpils-tests/instances/miplib/easy/mas74.mps with config: /scratch/yorig/mpils-results-grid-ticks-10000-7may/easy/24proc-2pils/seed-1/5_mas74_seed-1_20260509_231954/iterated_local_search/run_7_worker_16/ils_config_17813260220808177811.prm
[INFO]:[23:31:14] Starting CPLEX solver on instance: /home/yorig/tuner/mpils-tests/instances/miplib/easy/mas74.mps with config: /scratch/yorig/mpils-results-grid-ticks-10000-7may/easy/24proc-2pils/seed-1/5_mas74_seed-1_20260509_231954/iterated_local_search/run_7_worker_16/ils_config_17813260220808177811.prm
[INFO]:[23:31:21] CPLEX results. Gap: 6.650000, upper bound: 11857.371258, lower bound: 11068.578247
[INFO]:[23:31:21] CPLEX solver finished. Gap: 6.650000
[INFO]:[23:31:22] Starting CPLEX solver on instance: /home/yorig/tuner/mpils-tests/instances/miplib/easy/mas74.mps with config: /scratch/yorig/mpils-results-grid-ticks-10000-7may/easy/24proc-2pils/seed-1/5_mas74_seed-1_20260509_231954/iterated_local_search/run_7_worker_16/ils_config_4838351212413717173.prm
[INFO]:[23:31:22] Starting CPLEX solver on instance: /home/yorig/tuner/mpils-tests/instances/miplib/easy/mas74.mps with config: /scratch/yorig/mpils-results-grid-ticks-10000-7may/easy/24proc-2pils/seed-1/5_mas74_seed-1_20260509_231954/iterated_local_search/run_7_worker_16/ils_config_4838351212413717173.prm
[INFO]:[23:31:29] CPLEX results. Gap: 6.800000, upper bound: 11891.263051, lower bound: 11082.900117
[INFO]:[23:31:29] CPLEX solver finished. Gap: 6.800000
[INFO]:[23:31:29] Starting CPLEX solver on instance: /home/yorig/tuner/mpils-tests/instances/miplib/easy/mas74.mps with config: /scratch/yorig/mpils-results-grid-ticks-10000-7may/easy/24proc-2pils/seed-1/5_mas74_seed-1_20260509_231954/iterated_local_search/run_7_worker_16/ils_config_1520320450543629915.prm
[INFO]:[23:31:29] Starting CPLEX solver on instance: /home/yorig/tuner/mpils-tests/instances/miplib/easy/mas74.mps with config: /scratch/yorig/mpils-results-grid-ticks-10000-7may/easy/24proc-2pils/seed-1/5_mas74_seed-1_20260509_231954/iterated_local_search/run_7_worker_16/ils_config_1520320450543629915.prm
[INFO]:[23:31:36] CPLEX results. Gap: 7.170000, upper bound: 11960.081281, lower bound: 11102.001864
[INFO]:[23:31:36] CPLEX solver finished. Gap: 7.170000
[INFO]:[23:31:36] Starting CPLEX solver on instance: /home/yorig/tuner/mpils-tests/instances/miplib/easy/mas74.mps with config: /scratch/yorig/mpils-results-grid-ticks-10000-7may/easy/24proc-2pils/seed-1/5_mas74_seed-1_20260509_231954/iterated_local_search/run_7_worker_16/ils_config_1274061781393545504.prm
[INFO]:[23:31:36] Starting CPLEX solver on instance: /home/yorig/tuner/mpils-tests/instances/miplib/easy/mas74.mps with config: /scratch/yorig/mpils-results-grid-ticks-10000-7may/easy/24proc-2pils/seed-1/5_mas74_seed-1_20260509_231954/iterated_local_search/run_7_worker_16/ils_config_1274061781393545504.prm
[INFO]:[23:31:44] CPLEX results. Gap: 5.800000, upper bound: 11801.185729, lower bound: 11116.383664
[INFO]:[23:31:44] CPLEX solver finished. Gap: 5.800000
[INFO]:[23:31:44] New incumbent found with objective value: 5.8
[INFO]:[23:31:44] Local search phase completed.
[INFO]:[23:31:44] Total number of new local-search evaluations: 10
[INFO]:[23:31:44] Final incumbent objective value: 5.8
[INFO]:[23:32:51] Worker 16 completed exploration phase.
[INFO]:[23:32:51] Worker 16 received order for step 2.
[INFO]:[23:32:51] Worker 16 running expansion phase for iteration 7.
[INFO]:[23:32:51] Worker 16 will use solver log file: /scratch/yorig/mpils-results-grid-ticks-10000-7may/easy/24proc-2pils/seed-1/5_mas74_seed-1_20260509_231954/solver/cplex.log_iteration_expansion_7_worker_16
[INFO]:[23:32:51] Expansion Worker 16 starting expansion for iteration 7.
[INFO]:[23:32:51] Starting CPLEX solver on instance: /home/yorig/tuner/mpils-tests/instances/miplib/easy/mas74.mps with config: /scratch/yorig/mpils-results-grid-ticks-10000-7may/easy/24proc-2pils/seed-1/5_mas74_seed-1_20260509_231954/expansion/config_param_CPXPARAM_Advance_2_iter_7.prm
[INFO]:[23:33:06] CPLEX results. Gap: 0.920000, upper bound: 11801.185729, lower bound: 11693.113060
[INFO]:[23:33:06] CPLEX solver finished. Gap: 0.920000
[INFO]:[23:33:23] Expansion Worker 16 completed expansion.
[INFO]:[23:33:23] Worker 16 completed expansion phase.
[INFO]:[23:33:24] Worker 16 received order for step 1.
[INFO]:[23:33:24] Worker 16 running exploration phase for iteration 8.
[INFO]:[23:33:24] Worker 16 at iteration 8 will not use a MIP start file. Current best MIP-start upper bound threshold is 1.79769e+308.
[INFO]:[23:33:24] Starting local search phase...
[INFO]:[23:33:24] Creating local search space from parameter space file: /scratch/yorig/mpils-results-grid-ticks-10000-7may/easy/24proc-2pils/seed-1/5_mas74_seed-1_20260509_231954/iterated_local_search/search_space/search_space_file_8_worker_16.txt
[INFO]:[23:33:24] Local search space loaded from file: /scratch/yorig/mpils-results-grid-ticks-10000-7may/easy/24proc-2pils/seed-1/5_mas74_seed-1_20260509_231954/iterated_local_search/search_space/search_space_file_8_worker_16.txt
[INFO]:[23:33:24] Number of parameters in local search space: 71
[INFO]:[23:33:24] Number of forbidden tuples in local search space: 163
[INFO]:[23:33:24] Number of conditionals in local search space: 6
[INFO]:[23:33:24] MIP start option not enabled. Local search will proceed without MIP start.
[INFO]:[23:33:24] Starting CPLEX solver on instance: /home/yorig/tuner/mpils-tests/instances/miplib/easy/mas74.mps with config: /scratch/yorig/mpils-results-grid-ticks-10000-7may/easy/24proc-2pils/seed-1/5_mas74_seed-1_20260509_231954/iterated_local_search/run_8_worker_16/ils_config_2792236349939277357.prm
[INFO]:[23:33:24] Starting CPLEX solver on instance: /home/yorig/tuner/mpils-tests/instances/miplib/easy/mas74.mps with config: /scratch/yorig/mpils-results-grid-ticks-10000-7may/easy/24proc-2pils/seed-1/5_mas74_seed-1_20260509_231954/iterated_local_search/run_8_worker_16/ils_config_2792236349939277357.prm
[INFO]:[23:33:32] CPLEX results. Gap: 11.150000, upper bound: 11985.177453, lower bound: 10648.507666
[INFO]:[23:33:32] CPLEX solver finished. Gap: 11.150000
[INFO]:[23:33:32] New incumbent found with objective value: 9.24
[INFO]:[23:33:32] Starting CPLEX solver on instance: /home/yorig/tuner/mpils-tests/instances/miplib/easy/mas74.mps with config: /scratch/yorig/mpils-results-grid-ticks-10000-7may/easy/24proc-2pils/seed-1/5_mas74_seed-1_20260509_231954/iterated_local_search/run_8_worker_16/ils_config_5597148674150097543.prm
[INFO]:[23:33:32] Starting CPLEX solver on instance: /home/yorig/tuner/mpils-tests/instances/miplib/easy/mas74.mps with config: /scratch/yorig/mpils-results-grid-ticks-10000-7may/easy/24proc-2pils/seed-1/5_mas74_seed-1_20260509_231954/iterated_local_search/run_8_worker_16/ils_config_5597148674150097543.prm
[INFO]:[23:33:39] CPLEX results. Gap: 10.600000, upper bound: 11923.263051, lower bound: 10659.327813
[INFO]:[23:33:39] CPLEX solver finished. Gap: 10.600000
[INFO]:[23:33:39] Starting CPLEX solver on instance: /home/yorig/tuner/mpils-tests/instances/miplib/easy/mas74.mps with config: /scratch/yorig/mpils-results-grid-ticks-10000-7may/easy/24proc-2pils/seed-1/5_mas74_seed-1_20260509_231954/iterated_local_search/run_8_worker_16/ils_config_9158187394562660871.prm
[INFO]:[23:33:39] Starting CPLEX solver on instance: /home/yorig/tuner/mpils-tests/instances/miplib/easy/mas74.mps with config: /scratch/yorig/mpils-results-grid-ticks-10000-7may/easy/24proc-2pils/seed-1/5_mas74_seed-1_20260509_231954/iterated_local_search/run_8_worker_16/ils_config_9158187394562660871.prm
[INFO]:[23:33:46] CPLEX results. Gap: 9.760000, upper bound: 11801.185729, lower bound: 10649.726649
[INFO]:[23:33:46] CPLEX solver finished. Gap: 9.760000
[INFO]:[23:33:46] Starting CPLEX solver on instance: /home/yorig/tuner/mpils-tests/instances/miplib/easy/mas74.mps with config: /scratch/yorig/mpils-results-grid-ticks-10000-7may/easy/24proc-2pils/seed-1/5_mas74_seed-1_20260509_231954/iterated_local_search/run_8_worker_16/ils_config_12070203431838134047.prm
[INFO]:[23:33:46] Starting CPLEX solver on instance: /home/yorig/tuner/mpils-tests/instances/miplib/easy/mas74.mps with config: /scratch/yorig/mpils-results-grid-ticks-10000-7may/easy/24proc-2pils/seed-1/5_mas74_seed-1_20260509_231954/iterated_local_search/run_8_worker_16/ils_config_12070203431838134047.prm
[INFO]:[23:33:54] CPLEX results. Gap: 9.240000, upper bound: 11801.185729, lower bound: 10710.629066
[INFO]:[23:33:54] CPLEX solver finished. Gap: 9.240000
[INFO]:[23:33:56] New incumbent found with objective value: 4.94
[INFO]:[23:33:56] Starting CPLEX solver on instance: /home/yorig/tuner/mpils-tests/instances/miplib/easy/mas74.mps with config: /scratch/yorig/mpils-results-grid-ticks-10000-7may/easy/24proc-2pils/seed-1/5_mas74_seed-1_20260509_231954/iterated_local_search/run_8_worker_16/ils_config_11226562780523506050.prm
[INFO]:[23:33:56] Starting CPLEX solver on instance: /home/yorig/tuner/mpils-tests/instances/miplib/easy/mas74.mps with config: /scratch/yorig/mpils-results-grid-ticks-10000-7may/easy/24proc-2pils/seed-1/5_mas74_seed-1_20260509_231954/iterated_local_search/run_8_worker_16/ils_config_11226562780523506050.prm
[INFO]:[23:34:05] CPLEX results. Gap: 4.940000, upper bound: 11801.185729, lower bound: 11217.966150
[INFO]:[23:34:05] CPLEX solver finished. Gap: 4.940000
[INFO]:[23:34:05] Local search phase completed.
[INFO]:[23:34:05] Total number of new local-search evaluations: 10
[INFO]:[23:34:05] Final incumbent objective value: 4.94
[INFO]:[23:34:41] Worker 16 completed exploration phase.
[INFO]:[23:34:41] Worker 16 received order for step 2.
[INFO]:[23:34:41] Worker 16 running expansion phase for iteration 8.
[INFO]:[23:34:41] Worker 16 will use solver log file: /scratch/yorig/mpils-results-grid-ticks-10000-7may/easy/24proc-2pils/seed-1/5_mas74_seed-1_20260509_231954/solver/cplex.log_iteration_expansion_8_worker_16
[INFO]:[23:34:41] Expansion Worker 16 starting expansion for iteration 8.
[INFO]:[23:34:41] Starting CPLEX solver on instance: /home/yorig/tuner/mpils-tests/instances/miplib/easy/mas74.mps with config: /scratch/yorig/mpils-results-grid-ticks-10000-7may/easy/24proc-2pils/seed-1/5_mas74_seed-1_20260509_231954/expansion/config_param_CPXPARAM_MIP_OrderType_1_iter_8.prm
[INFO]:[23:34:56] CPLEX results. Gap: 1.050000, upper bound: 11801.185729, lower bound: 11677.254334
[INFO]:[23:34:56] CPLEX solver finished. Gap: 1.050000
[INFO]:[23:35:12] Expansion Worker 16 completed expansion.
[INFO]:[23:35:12] Worker 16 completed expansion phase.
[INFO]:[23:35:13] Worker 16 received order for step 1.
[INFO]:[23:35:13] Worker 16 running exploration phase for iteration 9.
[INFO]:[23:35:13] Worker 16 at iteration 9 will not use a MIP start file. Current best MIP-start upper bound threshold is 1.79769e+308.
[INFO]:[23:35:13] Starting local search phase...
[INFO]:[23:35:13] Creating local search space from parameter space file: /scratch/yorig/mpils-results-grid-ticks-10000-7may/easy/24proc-2pils/seed-1/5_mas74_seed-1_20260509_231954/iterated_local_search/search_space/search_space_file_9_worker_16.txt
[INFO]:[23:35:13] Local search space loaded from file: /scratch/yorig/mpils-results-grid-ticks-10000-7may/easy/24proc-2pils/seed-1/5_mas74_seed-1_20260509_231954/iterated_local_search/search_space/search_space_file_9_worker_16.txt
[INFO]:[23:35:13] Number of parameters in local search space: 71
[INFO]:[23:35:13] Number of forbidden tuples in local search space: 191
[INFO]:[23:35:13] Number of conditionals in local search space: 6
[INFO]:[23:35:13] MIP start option not enabled. Local search will proceed without MIP start.
[INFO]:[23:35:13] Starting CPLEX solver on instance: /home/yorig/tuner/mpils-tests/instances/miplib/easy/mas74.mps with config: /scratch/yorig/mpils-results-grid-ticks-10000-7may/easy/24proc-2pils/seed-1/5_mas74_seed-1_20260509_231954/iterated_local_search/run_9_worker_16/ils_config_4666876652215457439.prm
[INFO]:[23:35:13] Starting CPLEX solver on instance: /home/yorig/tuner/mpils-tests/instances/miplib/easy/mas74.mps with config: /scratch/yorig/mpils-results-grid-ticks-10000-7may/easy/24proc-2pils/seed-1/5_mas74_seed-1_20260509_231954/iterated_local_search/run_9_worker_16/ils_config_4666876652215457439.prm
[INFO]:[23:35:22] CPLEX results. Gap: 10.240000, upper bound: 11801.185729, lower bound: 10592.256062
[INFO]:[23:35:22] CPLEX solver finished. Gap: 10.240000
[INFO]:[23:35:25] New incumbent found with objective value: 9.6
[INFO]:[23:35:25] Starting CPLEX solver on instance: /home/yorig/tuner/mpils-tests/instances/miplib/easy/mas74.mps with config: /scratch/yorig/mpils-results-grid-ticks-10000-7may/easy/24proc-2pils/seed-1/5_mas74_seed-1_20260509_231954/iterated_local_search/run_9_worker_16/ils_config_13944754244144612908.prm
[INFO]:[23:35:25] Starting CPLEX solver on instance: /home/yorig/tuner/mpils-tests/instances/miplib/easy/mas74.mps with config: /scratch/yorig/mpils-results-grid-ticks-10000-7may/easy/24proc-2pils/seed-1/5_mas74_seed-1_20260509_231954/iterated_local_search/run_9_worker_16/ils_config_13944754244144612908.prm
[INFO]:[23:35:36] CPLEX results. Gap: 10.120000, upper bound: 11857.371258, lower bound: 10656.866560
[INFO]:[23:35:36] CPLEX solver finished. Gap: 10.120000
[INFO]:[23:35:36] Starting CPLEX solver on instance: /home/yorig/tuner/mpils-tests/instances/miplib/easy/mas74.mps with config: /scratch/yorig/mpils-results-grid-ticks-10000-7may/easy/24proc-2pils/seed-1/5_mas74_seed-1_20260509_231954/iterated_local_search/run_9_worker_16/ils_config_13651098783135734392.prm
[INFO]:[23:35:36] Starting CPLEX solver on instance: /home/yorig/tuner/mpils-tests/instances/miplib/easy/mas74.mps with config: /scratch/yorig/mpils-results-grid-ticks-10000-7may/easy/24proc-2pils/seed-1/5_mas74_seed-1_20260509_231954/iterated_local_search/run_9_worker_16/ils_config_13651098783135734392.prm
[INFO]:[23:35:48] CPLEX results. Gap: 9.600000, upper bound: 11801.185729, lower bound: 10668.151901
[INFO]:[23:35:48] CPLEX solver finished. Gap: 9.600000
[INFO]:[23:35:48] Starting CPLEX solver on instance: /home/yorig/tuner/mpils-tests/instances/miplib/easy/mas74.mps with config: /scratch/yorig/mpils-results-grid-ticks-10000-7may/easy/24proc-2pils/seed-1/5_mas74_seed-1_20260509_231954/iterated_local_search/run_9_worker_16/ils_config_16444894867281003929.prm
[INFO]:[23:35:48] Starting CPLEX solver on instance: /home/yorig/tuner/mpils-tests/instances/miplib/easy/mas74.mps with config: /scratch/yorig/mpils-results-grid-ticks-10000-7may/easy/24proc-2pils/seed-1/5_mas74_seed-1_20260509_231954/iterated_local_search/run_9_worker_16/ils_config_16444894867281003929.prm
[INFO]:[23:35:59] CPLEX results. Gap: 8.860000, upper bound: 11857.371258, lower bound: 10806.943211
[INFO]:[23:35:59] CPLEX solver finished. Gap: 8.860000
[INFO]:[23:36:00] New incumbent found with objective value: 8.86
[INFO]:[23:36:00] Starting CPLEX solver on instance: /home/yorig/tuner/mpils-tests/instances/miplib/easy/mas74.mps with config: /scratch/yorig/mpils-results-grid-ticks-10000-7may/easy/24proc-2pils/seed-1/5_mas74_seed-1_20260509_231954/iterated_local_search/run_9_worker_16/ils_config_12160351341963414423.prm
[INFO]:[23:36:00] Starting CPLEX solver on instance: /home/yorig/tuner/mpils-tests/instances/miplib/easy/mas74.mps with config: /scratch/yorig/mpils-results-grid-ticks-10000-7may/easy/24proc-2pils/seed-1/5_mas74_seed-1_20260509_231954/iterated_local_search/run_9_worker_16/ils_config_12160351341963414423.prm
[INFO]:[23:36:11] CPLEX results. Gap: 8.860000, upper bound: 11857.371258, lower bound: 10806.943211
[INFO]:[23:36:11] CPLEX solver finished. Gap: 8.860000
[INFO]:[23:36:11] Starting CPLEX solver on instance: /home/yorig/tuner/mpils-tests/instances/miplib/easy/mas74.mps with config: /scratch/yorig/mpils-results-grid-ticks-10000-7may/easy/24proc-2pils/seed-1/5_mas74_seed-1_20260509_231954/iterated_local_search/run_9_worker_16/ils_config_6951255902665049569.prm
[INFO]:[23:36:11] Starting CPLEX solver on instance: /home/yorig/tuner/mpils-tests/instances/miplib/easy/mas74.mps with config: /scratch/yorig/mpils-results-grid-ticks-10000-7may/easy/24proc-2pils/seed-1/5_mas74_seed-1_20260509_231954/iterated_local_search/run_9_worker_16/ils_config_6951255902665049569.prm
[INFO]:[23:36:22] CPLEX results. Gap: 8.860000, upper bound: 11857.371258, lower bound: 10806.943211
[INFO]:[23:36:22] CPLEX solver finished. Gap: 8.860000
[INFO]:[23:36:22] Starting CPLEX solver on instance: /home/yorig/tuner/mpils-tests/instances/miplib/easy/mas74.mps with config: /scratch/yorig/mpils-results-grid-ticks-10000-7may/easy/24proc-2pils/seed-1/5_mas74_seed-1_20260509_231954/iterated_local_search/run_9_worker_16/ils_config_16179183075478316693.prm
[INFO]:[23:36:22] Starting CPLEX solver on instance: /home/yorig/tuner/mpils-tests/instances/miplib/easy/mas74.mps with config: /scratch/yorig/mpils-results-grid-ticks-10000-7may/easy/24proc-2pils/seed-1/5_mas74_seed-1_20260509_231954/iterated_local_search/run_9_worker_16/ils_config_16179183075478316693.prm
[INFO]:[23:36:32] CPLEX results. Gap: 8.860000, upper bound: 11857.371258, lower bound: 10806.943211
[INFO]:[23:36:33] CPLEX solver finished. Gap: 8.860000
[INFO]:[23:36:33] Starting CPLEX solver on instance: /home/yorig/tuner/mpils-tests/instances/miplib/easy/mas74.mps with config: /scratch/yorig/mpils-results-grid-ticks-10000-7may/easy/24proc-2pils/seed-1/5_mas74_seed-1_20260509_231954/iterated_local_search/run_9_worker_16/ils_config_3940753801248328312.prm
[INFO]:[23:36:33] Starting CPLEX solver on instance: /home/yorig/tuner/mpils-tests/instances/miplib/easy/mas74.mps with config: /scratch/yorig/mpils-results-grid-ticks-10000-7may/easy/24proc-2pils/seed-1/5_mas74_seed-1_20260509_231954/iterated_local_search/run_9_worker_16/ils_config_3940753801248328312.prm
[INFO]:[23:36:43] CPLEX results. Gap: 8.860000, upper bound: 11857.371258, lower bound: 10806.943211
[INFO]:[23:36:43] CPLEX solver finished. Gap: 8.860000
[INFO]:[23:36:43] Starting CPLEX solver on instance: /home/yorig/tuner/mpils-tests/instances/miplib/easy/mas74.mps with config: /scratch/yorig/mpils-results-grid-ticks-10000-7may/easy/24proc-2pils/seed-1/5_mas74_seed-1_20260509_231954/iterated_local_search/run_9_worker_16/ils_config_10576279464394820659.prm
[INFO]:[23:36:43] Starting CPLEX solver on instance: /home/yorig/tuner/mpils-tests/instances/miplib/easy/mas74.mps with config: /scratch/yorig/mpils-results-grid-ticks-10000-7may/easy/24proc-2pils/seed-1/5_mas74_seed-1_20260509_231954/iterated_local_search/run_9_worker_16/ils_config_10576279464394820659.prm
[INFO]:[23:36:53] CPLEX results. Gap: 9.490000, upper bound: 11801.185729, lower bound: 10681.200030
[INFO]:[23:36:53] CPLEX solver finished. Gap: 9.490000
[INFO]:[23:36:53] New incumbent found with objective value: 6.5
[INFO]:[23:36:53] Local search phase completed.
[INFO]:[23:36:53] Total number of new local-search evaluations: 18
[INFO]:[23:36:53] Final incumbent objective value: 6.5
[INFO]:[23:37:21] Worker 16 completed exploration phase.
[INFO]:[23:37:21] Worker 16 received order for step 2.
[INFO]:[23:37:21] Worker 16 running expansion phase for iteration 9.
[INFO]:[23:37:21] Worker 16 will use solver log file: /scratch/yorig/mpils-results-grid-ticks-10000-7may/easy/24proc-2pils/seed-1/5_mas74_seed-1_20260509_231954/solver/cplex.log_iteration_expansion_9_worker_16
[INFO]:[23:37:21] Expansion Worker 16 starting expansion for iteration 9.
[INFO]:[23:37:21] Starting CPLEX solver on instance: /home/yorig/tuner/mpils-tests/instances/miplib/easy/mas74.mps with config: /scratch/yorig/mpils-results-grid-ticks-10000-7may/easy/24proc-2pils/seed-1/5_mas74_seed-1_20260509_231954/expansion/config_param_CPXPARAM_Read_Scale_1_iter_9.prm
[INFO]:[23:37:33] CPLEX results. Gap: 1.670000, upper bound: 11801.185729, lower bound: 11604.616460
[INFO]:[23:37:33] CPLEX solver finished. Gap: 1.670000
[INFO]:[23:37:52] Expansion Worker 16 completed expansion.
[INFO]:[23:37:52] Worker 16 completed expansion phase.
[INFO]:[23:37:54] Worker 16 received order for step 1.
[INFO]:[23:37:54] Worker 16 running exploration phase for iteration 10.
[INFO]:[23:37:54] Worker 16 at iteration 10 will not use a MIP start file. Current best MIP-start upper bound threshold is 1.79769e+308.
[INFO]:[23:37:54] Starting local search phase...
[INFO]:[23:37:54] Creating local search space from parameter space file: /scratch/yorig/mpils-results-grid-ticks-10000-7may/easy/24proc-2pils/seed-1/5_mas74_seed-1_20260509_231954/iterated_local_search/search_space/search_space_file_10_worker_16.txt
[INFO]:[23:37:54] Local search space loaded from file: /scratch/yorig/mpils-results-grid-ticks-10000-7may/easy/24proc-2pils/seed-1/5_mas74_seed-1_20260509_231954/iterated_local_search/search_space/search_space_file_10_worker_16.txt
[INFO]:[23:37:54] Number of parameters in local search space: 71
[INFO]:[23:37:54] Number of forbidden tuples in local search space: 219
[INFO]:[23:37:54] Number of conditionals in local search space: 6
[INFO]:[23:37:54] MIP start option not enabled. Local search will proceed without MIP start.
[INFO]:[23:37:54] Starting CPLEX solver on instance: /home/yorig/tuner/mpils-tests/instances/miplib/easy/mas74.mps with config: /scratch/yorig/mpils-results-grid-ticks-10000-7may/easy/24proc-2pils/seed-1/5_mas74_seed-1_20260509_231954/iterated_local_search/run_10_worker_16/ils_config_6644634119864371416.prm
[INFO]:[23:37:54] Starting CPLEX solver on instance: /home/yorig/tuner/mpils-tests/instances/miplib/easy/mas74.mps with config: /scratch/yorig/mpils-results-grid-ticks-10000-7may/easy/24proc-2pils/seed-1/5_mas74_seed-1_20260509_231954/iterated_local_search/run_10_worker_16/ils_config_6644634119864371416.prm
[INFO]:[23:38:00] CPLEX results. Gap: 19.820000, upper bound: 13094.741715, lower bound: 10498.942775
[INFO]:[23:38:00] CPLEX solver finished. Gap: 19.820000
[INFO]:[23:38:00] New incumbent found with objective value: 11.84
[INFO]:[23:38:01] Starting CPLEX solver on instance: /home/yorig/tuner/mpils-tests/instances/miplib/easy/mas74.mps with config: /scratch/yorig/mpils-results-grid-ticks-10000-7may/easy/24proc-2pils/seed-1/5_mas74_seed-1_20260509_231954/iterated_local_search/run_10_worker_16/ils_config_938422690060892280.prm
[INFO]:[23:38:01] Starting CPLEX solver on instance: /home/yorig/tuner/mpils-tests/instances/miplib/easy/mas74.mps with config: /scratch/yorig/mpils-results-grid-ticks-10000-7may/easy/24proc-2pils/seed-1/5_mas74_seed-1_20260509_231954/iterated_local_search/run_10_worker_16/ils_config_938422690060892280.prm
[INFO]:[23:38:07] CPLEX results. Gap: 12.210000, upper bound: 12062.558887, lower bound: 10589.458631
[INFO]:[23:38:07] CPLEX solver finished. Gap: 12.210000
[INFO]:[23:38:07] Starting CPLEX solver on instance: /home/yorig/tuner/mpils-tests/instances/miplib/easy/mas74.mps with config: /scratch/yorig/mpils-results-grid-ticks-10000-7may/easy/24proc-2pils/seed-1/5_mas74_seed-1_20260509_231954/iterated_local_search/run_10_worker_16/ils_config_3588015489984656439.prm
[INFO]:[23:38:07] Starting CPLEX solver on instance: /home/yorig/tuner/mpils-tests/instances/miplib/easy/mas74.mps with config: /scratch/yorig/mpils-results-grid-ticks-10000-7may/easy/24proc-2pils/seed-1/5_mas74_seed-1_20260509_231954/iterated_local_search/run_10_worker_16/ils_config_3588015489984656439.prm
[INFO]:[23:38:13] CPLEX results. Gap: 11.840000, upper bound: 12015.089944, lower bound: 10592.044349
[INFO]:[23:38:13] CPLEX solver finished. Gap: 11.840000
[INFO]:[23:38:13] Starting CPLEX solver on instance: /home/yorig/tuner/mpils-tests/instances/miplib/easy/mas74.mps with config: /scratch/yorig/mpils-results-grid-ticks-10000-7may/easy/24proc-2pils/seed-1/5_mas74_seed-1_20260509_231954/iterated_local_search/run_10_worker_16/ils_config_9821791072718370514.prm
[INFO]:[23:38:13] Starting CPLEX solver on instance: /home/yorig/tuner/mpils-tests/instances/miplib/easy/mas74.mps with config: /scratch/yorig/mpils-results-grid-ticks-10000-7may/easy/24proc-2pils/seed-1/5_mas74_seed-1_20260509_231954/iterated_local_search/run_10_worker_16/ils_config_9821791072718370514.prm
[INFO]:[23:38:20] CPLEX results. Gap: 11.650000, upper bound: 11983.529154, lower bound: 10587.111547
[INFO]:[23:38:20] CPLEX solver finished. Gap: 11.650000
[INFO]:[23:38:20] New incumbent found with objective value: 11.65
[INFO]:[23:38:20] Starting CPLEX solver on instance: /home/yorig/tuner/mpils-tests/instances/miplib/easy/mas74.mps with config: /scratch/yorig/mpils-results-grid-ticks-10000-7may/easy/24proc-2pils/seed-1/5_mas74_seed-1_20260509_231954/iterated_local_search/run_10_worker_16/ils_config_12068786183976369406.prm
[INFO]:[23:38:20] Starting CPLEX solver on instance: /home/yorig/tuner/mpils-tests/instances/miplib/easy/mas74.mps with config: /scratch/yorig/mpils-results-grid-ticks-10000-7may/easy/24proc-2pils/seed-1/5_mas74_seed-1_20260509_231954/iterated_local_search/run_10_worker_16/ils_config_12068786183976369406.prm
[INFO]:[23:38:27] CPLEX results. Gap: 11.920000, upper bound: 12014.892379, lower bound: 10582.277518
[INFO]:[23:38:27] CPLEX solver finished. Gap: 11.920000
[INFO]:[23:38:27] Starting CPLEX solver on instance: /home/yorig/tuner/mpils-tests/instances/miplib/easy/mas74.mps with config: /scratch/yorig/mpils-results-grid-ticks-10000-7may/easy/24proc-2pils/seed-1/5_mas74_seed-1_20260509_231954/iterated_local_search/run_10_worker_16/ils_config_4444632309892007209.prm
[INFO]:[23:38:27] Starting CPLEX solver on instance: /home/yorig/tuner/mpils-tests/instances/miplib/easy/mas74.mps with config: /scratch/yorig/mpils-results-grid-ticks-10000-7may/easy/24proc-2pils/seed-1/5_mas74_seed-1_20260509_231954/iterated_local_search/run_10_worker_16/ils_config_4444632309892007209.prm
[INFO]:[23:38:34] CPLEX results. Gap: 11.880000, upper bound: 12014.892379, lower bound: 10587.143918
[INFO]:[23:38:34] CPLEX solver finished. Gap: 11.880000
[INFO]:[23:38:34] Starting CPLEX solver on instance: /home/yorig/tuner/mpils-tests/instances/miplib/easy/mas74.mps with config: /scratch/yorig/mpils-results-grid-ticks-10000-7may/easy/24proc-2pils/seed-1/5_mas74_seed-1_20260509_231954/iterated_local_search/run_10_worker_16/ils_config_14172796913662898800.prm
[INFO]:[23:38:34] Starting CPLEX solver on instance: /home/yorig/tuner/mpils-tests/instances/miplib/easy/mas74.mps with config: /scratch/yorig/mpils-results-grid-ticks-10000-7may/easy/24proc-2pils/seed-1/5_mas74_seed-1_20260509_231954/iterated_local_search/run_10_worker_16/ils_config_14172796913662898800.prm
[INFO]:[23:38:42] CPLEX results. Gap: 11.770000, upper bound: 12001.167086, lower bound: 10589.105477
[INFO]:[23:38:42] CPLEX solver finished. Gap: 11.770000
[INFO]:[23:38:42] Starting CPLEX solver on instance: /home/yorig/tuner/mpils-tests/instances/miplib/easy/mas74.mps with config: /scratch/yorig/mpils-results-grid-ticks-10000-7may/easy/24proc-2pils/seed-1/5_mas74_seed-1_20260509_231954/iterated_local_search/run_10_worker_16/ils_config_1141847487134985805.prm
[INFO]:[23:38:42] Starting CPLEX solver on instance: /home/yorig/tuner/mpils-tests/instances/miplib/easy/mas74.mps with config: /scratch/yorig/mpils-results-grid-ticks-10000-7may/easy/24proc-2pils/seed-1/5_mas74_seed-1_20260509_231954/iterated_local_search/run_10_worker_16/ils_config_1141847487134985805.prm
[INFO]:[23:38:49] CPLEX results. Gap: 11.830000, upper bound: 12015.089944, lower bound: 10593.995638
[INFO]:[23:38:49] CPLEX solver finished. Gap: 11.830000
[INFO]:[23:38:50] Starting CPLEX solver on instance: /home/yorig/tuner/mpils-tests/instances/miplib/easy/mas74.mps with config: /scratch/yorig/mpils-results-grid-ticks-10000-7may/easy/24proc-2pils/seed-1/5_mas74_seed-1_20260509_231954/iterated_local_search/run_10_worker_16/ils_config_18115061762047568165.prm
[INFO]:[23:38:50] Starting CPLEX solver on instance: /home/yorig/tuner/mpils-tests/instances/miplib/easy/mas74.mps with config: /scratch/yorig/mpils-results-grid-ticks-10000-7may/easy/24proc-2pils/seed-1/5_mas74_seed-1_20260509_231954/iterated_local_search/run_10_worker_16/ils_config_18115061762047568165.prm
[INFO]:[23:38:57] CPLEX results. Gap: 12.520000, upper bound: 12101.892379, lower bound: 10587.143918
[INFO]:[23:38:57] CPLEX solver finished. Gap: 12.520000
[INFO]:[23:38:57] New incumbent found with objective value: 11.24
[INFO]:[23:38:57] Starting CPLEX solver on instance: /home/yorig/tuner/mpils-tests/instances/miplib/easy/mas74.mps with config: /scratch/yorig/mpils-results-grid-ticks-10000-7may/easy/24proc-2pils/seed-1/5_mas74_seed-1_20260509_231954/iterated_local_search/run_10_worker_16/ils_config_9318255991574299303.prm
[INFO]:[23:38:57] Starting CPLEX solver on instance: /home/yorig/tuner/mpils-tests/instances/miplib/easy/mas74.mps with config: /scratch/yorig/mpils-results-grid-ticks-10000-7may/easy/24proc-2pils/seed-1/5_mas74_seed-1_20260509_231954/iterated_local_search/run_10_worker_16/ils_config_9318255991574299303.prm
[INFO]:[23:39:04] CPLEX results. Gap: 11.830000, upper bound: 11985.177453, lower bound: 10567.829069
[INFO]:[23:39:04] CPLEX solver finished. Gap: 11.830000
[INFO]:[23:39:04] Starting CPLEX solver on instance: /home/yorig/tuner/mpils-tests/instances/miplib/easy/mas74.mps with config: /scratch/yorig/mpils-results-grid-ticks-10000-7may/easy/24proc-2pils/seed-1/5_mas74_seed-1_20260509_231954/iterated_local_search/run_10_worker_16/ils_config_2424808895219720182.prm
[INFO]:[23:39:04] Starting CPLEX solver on instance: /home/yorig/tuner/mpils-tests/instances/miplib/easy/mas74.mps with config: /scratch/yorig/mpils-results-grid-ticks-10000-7may/easy/24proc-2pils/seed-1/5_mas74_seed-1_20260509_231954/iterated_local_search/run_10_worker_16/ils_config_2424808895219720182.prm
[INFO]:[23:39:10] CPLEX results. Gap: 12.540000, upper bound: 12105.468031, lower bound: 10587.588787
[INFO]:[23:39:10] CPLEX solver finished. Gap: 12.540000
[INFO]:[23:39:11] Starting CPLEX solver on instance: /home/yorig/tuner/mpils-tests/instances/miplib/easy/mas74.mps with config: /scratch/yorig/mpils-results-grid-ticks-10000-7may/easy/24proc-2pils/seed-1/5_mas74_seed-1_20260509_231954/iterated_local_search/run_10_worker_16/ils_config_11992199444672137843.prm
[INFO]:[23:39:11] Starting CPLEX solver on instance: /home/yorig/tuner/mpils-tests/instances/miplib/easy/mas74.mps with config: /scratch/yorig/mpils-results-grid-ticks-10000-7may/easy/24proc-2pils/seed-1/5_mas74_seed-1_20260509_231954/iterated_local_search/run_10_worker_16/ils_config_11992199444672137843.prm
[INFO]:[23:39:18] CPLEX results. Gap: 10.810000, upper bound: 11874.763051, lower bound: 10590.888446
[INFO]:[23:39:18] CPLEX solver finished. Gap: 10.810000
[INFO]:[23:39:18] New incumbent found with objective value: 10.28
[INFO]:[23:39:18] Starting CPLEX solver on instance: /home/yorig/tuner/mpils-tests/instances/miplib/easy/mas74.mps with config: /scratch/yorig/mpils-results-grid-ticks-10000-7may/easy/24proc-2pils/seed-1/5_mas74_seed-1_20260509_231954/iterated_local_search/run_10_worker_16/ils_config_6649810420710800697.prm
[INFO]:[23:39:18] Starting CPLEX solver on instance: /home/yorig/tuner/mpils-tests/instances/miplib/easy/mas74.mps with config: /scratch/yorig/mpils-results-grid-ticks-10000-7may/easy/24proc-2pils/seed-1/5_mas74_seed-1_20260509_231954/iterated_local_search/run_10_worker_16/ils_config_6649810420710800697.prm
[INFO]:[23:39:25] CPLEX results. Gap: 11.860000, upper bound: 12014.892379, lower bound: 10590.030352
[INFO]:[23:39:25] CPLEX solver finished. Gap: 11.860000
[INFO]:[23:39:26] Starting CPLEX solver on instance: /home/yorig/tuner/mpils-tests/instances/miplib/easy/mas74.mps with config: /scratch/yorig/mpils-results-grid-ticks-10000-7may/easy/24proc-2pils/seed-1/5_mas74_seed-1_20260509_231954/iterated_local_search/run_10_worker_16/ils_config_9196716329704599187.prm
[INFO]:[23:39:26] Starting CPLEX solver on instance: /home/yorig/tuner/mpils-tests/instances/miplib/easy/mas74.mps with config: /scratch/yorig/mpils-results-grid-ticks-10000-7may/easy/24proc-2pils/seed-1/5_mas74_seed-1_20260509_231954/iterated_local_search/run_10_worker_16/ils_config_9196716329704599187.prm
[INFO]:[23:39:32] CPLEX results. Gap: 11.890000, upper bound: 12014.892379, lower bound: 10585.745511
[INFO]:[23:39:32] CPLEX solver finished. Gap: 11.890000
[INFO]:[23:39:33] Starting CPLEX solver on instance: /home/yorig/tuner/mpils-tests/instances/miplib/easy/mas74.mps with config: /scratch/yorig/mpils-results-grid-ticks-10000-7may/easy/24proc-2pils/seed-1/5_mas74_seed-1_20260509_231954/iterated_local_search/run_10_worker_16/ils_config_13603065495137908144.prm
[INFO]:[23:39:33] Starting CPLEX solver on instance: /home/yorig/tuner/mpils-tests/instances/miplib/easy/mas74.mps with config: /scratch/yorig/mpils-results-grid-ticks-10000-7may/easy/24proc-2pils/seed-1/5_mas74_seed-1_20260509_231954/iterated_local_search/run_10_worker_16/ils_config_13603065495137908144.prm
[INFO]:[23:39:39] CPLEX results. Gap: 11.810000, upper bound: 11985.177453, lower bound: 10569.401666
[INFO]:[23:39:39] CPLEX solver finished. Gap: 11.810000
[INFO]:[23:39:39] Local search phase completed.
[INFO]:[23:39:39] Total number of new local-search evaluations: 30
[INFO]:[23:39:39] Final incumbent objective value: 10.28
[INFO]:[23:41:33] Worker 16 completed exploration phase.
[INFO]:[23:41:33] Worker 16 received order for step 2.
[INFO]:[23:41:33] Worker 16 running expansion phase for iteration 10.
[INFO]:[23:41:33] Worker 16 will use solver log file: /scratch/yorig/mpils-results-grid-ticks-10000-7may/easy/24proc-2pils/seed-1/5_mas74_seed-1_20260509_231954/solver/cplex.log_iteration_expansion_10_worker_16
[INFO]:[23:41:33] Expansion Worker 16 starting expansion for iteration 10.
[INFO]:[23:41:33] Expansion Worker 16 completed expansion.
[INFO]:[23:41:33] Worker 16 completed expansion phase.
[INFO]:[23:41:36] Worker 16 received order for step 1.
[INFO]:[23:41:36] Worker 16 running exploration phase for iteration 11.
[INFO]:[23:41:36] Worker 16 at iteration 11 will not use a MIP start file. Current best MIP-start upper bound threshold is 1.79769e+308.
[INFO]:[23:41:36] Starting local search phase...
[INFO]:[23:41:36] Creating local search space from parameter space file: /scratch/yorig/mpils-results-grid-ticks-10000-7may/easy/24proc-2pils/seed-1/5_mas74_seed-1_20260509_231954/iterated_local_search/search_space/search_space_file_11_worker_16.txt
[INFO]:[23:41:36] Local search space loaded from file: /scratch/yorig/mpils-results-grid-ticks-10000-7may/easy/24proc-2pils/seed-1/5_mas74_seed-1_20260509_231954/iterated_local_search/search_space/search_space_file_11_worker_16.txt
[INFO]:[23:41:36] Number of parameters in local search space: 71
[INFO]:[23:41:36] Number of forbidden tuples in local search space: 246
[INFO]:[23:41:36] Number of conditionals in local search space: 6
[INFO]:[23:41:36] MIP start option not enabled. Local search will proceed without MIP start.
[INFO]:[23:41:36] Starting CPLEX solver on instance: /home/yorig/tuner/mpils-tests/instances/miplib/easy/mas74.mps with config: /scratch/yorig/mpils-results-grid-ticks-10000-7may/easy/24proc-2pils/seed-1/5_mas74_seed-1_20260509_231954/iterated_local_search/run_11_worker_16/ils_config_9041120057438663418.prm
[INFO]:[23:41:36] Starting CPLEX solver on instance: /home/yorig/tuner/mpils-tests/instances/miplib/easy/mas74.mps with config: /scratch/yorig/mpils-results-grid-ticks-10000-7may/easy/24proc-2pils/seed-1/5_mas74_seed-1_20260509_231954/iterated_local_search/run_11_worker_16/ils_config_9041120057438663418.prm
[INFO]:[23:41:36] CPLEX results. Gap: 43.320000, upper bound: 18494.500200, lower bound: 10482.795280
[INFO]:[23:41:36] CPLEX solver finished. Gap: 43.320000
[INFO]:[23:41:40] New incumbent found with objective value: 13.77
[INFO]:[23:41:40] Starting CPLEX solver on instance: /home/yorig/tuner/mpils-tests/instances/miplib/easy/mas74.mps with config: /scratch/yorig/mpils-results-grid-ticks-10000-7may/easy/24proc-2pils/seed-1/5_mas74_seed-1_20260509_231954/iterated_local_search/run_11_worker_16/ils_config_5400849933732583079.prm
[INFO]:[23:41:40] Starting CPLEX solver on instance: /home/yorig/tuner/mpils-tests/instances/miplib/easy/mas74.mps with config: /scratch/yorig/mpils-results-grid-ticks-10000-7may/easy/24proc-2pils/seed-1/5_mas74_seed-1_20260509_231954/iterated_local_search/run_11_worker_16/ils_config_5400849933732583079.prm
[INFO]:[23:41:44] CPLEX results. Gap: 13.770000, upper bound: 12291.021611, lower bound: 10598.526191
[INFO]:[23:41:44] CPLEX solver finished. Gap: 13.770000
[INFO]:[23:41:44] Starting CPLEX solver on instance: /home/yorig/tuner/mpils-tests/instances/miplib/easy/mas74.mps with config: /scratch/yorig/mpils-results-grid-ticks-10000-7may/easy/24proc-2pils/seed-1/5_mas74_seed-1_20260509_231954/iterated_local_search/run_11_worker_16/ils_config_4604939040464325046.prm
[INFO]:[23:41:44] Starting CPLEX solver on instance: /home/yorig/tuner/mpils-tests/instances/miplib/easy/mas74.mps with config: /scratch/yorig/mpils-results-grid-ticks-10000-7may/easy/24proc-2pils/seed-1/5_mas74_seed-1_20260509_231954/iterated_local_search/run_11_worker_16/ils_config_4604939040464325046.prm
[INFO]:[23:41:48] CPLEX results. Gap: 13.770000, upper bound: 12291.021611, lower bound: 10598.526191
[INFO]:[23:41:48] CPLEX solver finished. Gap: 13.770000
[INFO]:[23:41:48] Starting CPLEX solver on instance: /home/yorig/tuner/mpils-tests/instances/miplib/easy/mas74.mps with config: /scratch/yorig/mpils-results-grid-ticks-10000-7may/easy/24proc-2pils/seed-1/5_mas74_seed-1_20260509_231954/iterated_local_search/run_11_worker_16/ils_config_6765131041069843681.prm
[INFO]:[23:41:48] Starting CPLEX solver on instance: /home/yorig/tuner/mpils-tests/instances/miplib/easy/mas74.mps with config: /scratch/yorig/mpils-results-grid-ticks-10000-7may/easy/24proc-2pils/seed-1/5_mas74_seed-1_20260509_231954/iterated_local_search/run_11_worker_16/ils_config_6765131041069843681.prm
[INFO]:[23:41:52] CPLEX results. Gap: 13.770000, upper bound: 12291.021611, lower bound: 10598.526191
[INFO]:[23:41:52] CPLEX solver finished. Gap: 13.770000
[INFO]:[23:41:52] Starting CPLEX solver on instance: /home/yorig/tuner/mpils-tests/instances/miplib/easy/mas74.mps with config: /scratch/yorig/mpils-results-grid-ticks-10000-7may/easy/24proc-2pils/seed-1/5_mas74_seed-1_20260509_231954/iterated_local_search/run_11_worker_16/ils_config_11339868320515201472.prm
[INFO]:[23:41:52] Starting CPLEX solver on instance: /home/yorig/tuner/mpils-tests/instances/miplib/easy/mas74.mps with config: /scratch/yorig/mpils-results-grid-ticks-10000-7may/easy/24proc-2pils/seed-1/5_mas74_seed-1_20260509_231954/iterated_local_search/run_11_worker_16/ils_config_11339868320515201472.prm
[INFO]:[23:41:56] CPLEX results. Gap: 13.770000, upper bound: 12291.021611, lower bound: 10598.526191
[INFO]:[23:41:56] CPLEX solver finished. Gap: 13.770000
[INFO]:[23:41:56] Local search phase completed.
[INFO]:[23:41:56] Total number of new local-search evaluations: 10
[INFO]:[23:41:56] Final incumbent objective value: 13.77
[INFO]:[23:42:47] Worker 16 completed exploration phase.
[INFO]:[23:42:47] Worker 16 received order for step 3.
[INFO]:[23:42:47] Worker 16 finished.
