[INFO]:[18:11:52] Worker 22 starting.
[INFO]:[18:11:52] Worker 22 received order for step 1.
[INFO]:[18:11:52] Worker 22 running exploration phase for iteration 1.
[INFO]:[18:11:52] Worker 22 at iteration 1 will not use a MIP start file. Current best MIP-start upper bound threshold is 1.79769e+308.
[INFO]:[18:11:52] Starting local search phase...
[INFO]:[18:11:52] Worker (ils_group_rank=2) entering parallel ILS evaluation service.
[INFO]:[18:11:52] Starting CPLEX solver on instance: /home/yorig/tuner/mpils-tests/instances/miplib/medium-1/csched007.mps with config: /scratch/yorig/mpils-results-grid-ticks-10000-7may/medium-1/24proc-4pils/seed-7/3_csched007_seed-7_20260510_181151/iterated_local_search/run_1_worker_20/parallel_0_2.prm
[INFO]:[18:11:58] CPLEX results. Gap: 15.480000, upper bound: 371.000000, lower bound: 313.569931
[INFO]:[18:11:58] CPLEX solver finished. Gap: 15.480000
[INFO]:[18:11:59] Starting CPLEX solver on instance: /home/yorig/tuner/mpils-tests/instances/miplib/medium-1/csched007.mps with config: /scratch/yorig/mpils-results-grid-ticks-10000-7may/medium-1/24proc-4pils/seed-7/3_csched007_seed-7_20260510_181151/iterated_local_search/run_1_worker_20/parallel_4_2.prm
[INFO]:[18:12:05] CPLEX results. Gap: 14.530000, upper bound: 370.000000, lower bound: 316.220561
[INFO]:[18:12:05] CPLEX solver finished. Gap: 14.530000
[INFO]:[18:12:06] Starting CPLEX solver on instance: /home/yorig/tuner/mpils-tests/instances/miplib/medium-1/csched007.mps with config: /scratch/yorig/mpils-results-grid-ticks-10000-7may/medium-1/24proc-4pils/seed-7/3_csched007_seed-7_20260510_181151/iterated_local_search/run_1_worker_20/parallel_8_2.prm
[INFO]:[18:12:12] CPLEX results. Gap: 13.240000, upper bound: 374.000000, lower bound: 324.492393
[INFO]:[18:12:12] CPLEX solver finished. Gap: 13.240000
[INFO]:[18:12:12] Starting CPLEX solver on instance: /home/yorig/tuner/mpils-tests/instances/miplib/medium-1/csched007.mps with config: /scratch/yorig/mpils-results-grid-ticks-10000-7may/medium-1/24proc-4pils/seed-7/3_csched007_seed-7_20260510_181151/iterated_local_search/run_1_worker_20/parallel_12_2.prm
[INFO]:[18:12:18] CPLEX results. Gap: 13.240000, upper bound: 374.000000, lower bound: 324.492393
[INFO]:[18:12:18] CPLEX solver finished. Gap: 13.240000
[INFO]:[18:12:18] Starting CPLEX solver on instance: /home/yorig/tuner/mpils-tests/instances/miplib/medium-1/csched007.mps with config: /scratch/yorig/mpils-results-grid-ticks-10000-7may/medium-1/24proc-4pils/seed-7/3_csched007_seed-7_20260510_181151/iterated_local_search/run_1_worker_20/parallel_16_2.prm
[INFO]:[18:12:24] CPLEX results. Gap: 24.100000, upper bound: 429.000000, lower bound: 325.629239
[INFO]:[18:12:24] CPLEX solver finished. Gap: 24.100000
[INFO]:[18:12:24] Worker (ils_group_rank=2) exiting parallel ILS evaluation service.
[INFO]:[18:12:28] Worker 22 completed exploration phase.
[INFO]:[18:12:28] Worker 22 received order for step 2.
[INFO]:[18:12:28] Worker 22 running expansion phase for iteration 1.
[INFO]:[18:12:28] Worker 22 will use solver log file: /scratch/yorig/mpils-results-grid-ticks-10000-7may/medium-1/24proc-4pils/seed-7/3_csched007_seed-7_20260510_181151/solver/cplex.log_iteration_expansion_1_worker_22
[INFO]:[18:12:28] Expansion Worker 22 starting expansion for iteration 1.
[INFO]:[18:12:28] Starting CPLEX solver on instance: /home/yorig/tuner/mpils-tests/instances/miplib/medium-1/csched007.mps with config: /scratch/yorig/mpils-results-grid-ticks-10000-7may/medium-1/24proc-4pils/seed-7/3_csched007_seed-7_20260510_181151/expansion/config_param_CPXPARAM_MIP_Limits_ProbeTime_5_iter_1.prm
[INFO]:[18:12:34] CPLEX results. Gap: 9.170000, upper bound: 357.000000, lower bound: 324.260099
[INFO]:[18:12:34] CPLEX solver finished. Gap: 9.170000
[INFO]:[18:12:35] Expansion Worker 22 stopping early after global MPI expansion stop was activated.
[INFO]:[18:12:35] Expansion Worker 22 completed expansion.
[INFO]:[18:12:35] Worker 22 completed expansion phase.
[INFO]:[18:12:35] Worker 22 received order for step 1.
[INFO]:[18:12:35] Worker 22 running exploration phase for iteration 2.
[INFO]:[18:12:35] Worker 22 at iteration 2 will not use a MIP start file. Current best MIP-start upper bound threshold is 1.79769e+308.
[INFO]:[18:12:35] Starting local search phase...
[INFO]:[18:12:35] Worker (ils_group_rank=2) entering parallel ILS evaluation service.
[INFO]:[18:12:35] Starting CPLEX solver on instance: /home/yorig/tuner/mpils-tests/instances/miplib/medium-1/csched007.mps with config: /scratch/yorig/mpils-results-grid-ticks-10000-7may/medium-1/24proc-4pils/seed-7/3_csched007_seed-7_20260510_181151/iterated_local_search/run_2_worker_20/parallel_0_2.prm
[INFO]:[18:12:42] CPLEX results. Gap: 35.760000, upper bound: 469.000000, lower bound: 301.273901
[INFO]:[18:12:42] CPLEX solver finished. Gap: 35.760000
[INFO]:[18:12:42] Starting CPLEX solver on instance: /home/yorig/tuner/mpils-tests/instances/miplib/medium-1/csched007.mps with config: /scratch/yorig/mpils-results-grid-ticks-10000-7may/medium-1/24proc-4pils/seed-7/3_csched007_seed-7_20260510_181151/iterated_local_search/run_2_worker_20/parallel_4_2.prm
[INFO]:[18:12:49] CPLEX results. Gap: 23.820000, upper bound: 411.000000, lower bound: 313.083120
[INFO]:[18:12:49] CPLEX solver finished. Gap: 23.820000
[INFO]:[18:12:49] Worker (ils_group_rank=2) exiting parallel ILS evaluation service.
[INFO]:[18:12:49] Worker 22 completed exploration phase.
[INFO]:[18:12:49] Worker 22 received order for step 2.
[INFO]:[18:12:49] Worker 22 running expansion phase for iteration 2.
[INFO]:[18:12:49] Worker 22 will use solver log file: /scratch/yorig/mpils-results-grid-ticks-10000-7may/medium-1/24proc-4pils/seed-7/3_csched007_seed-7_20260510_181151/solver/cplex.log_iteration_expansion_2_worker_22
[INFO]:[18:12:49] Expansion Worker 22 starting expansion for iteration 2.
[INFO]:[18:12:49] Starting CPLEX solver on instance: /home/yorig/tuner/mpils-tests/instances/miplib/medium-1/csched007.mps with config: /scratch/yorig/mpils-results-grid-ticks-10000-7may/medium-1/24proc-4pils/seed-7/3_csched007_seed-7_20260510_181151/expansion/config_param_CPXPARAM_MIP_Strategy_BBInterval_3_iter_2.prm
[INFO]:[18:12:55] CPLEX results. Gap: 9.140000, upper bound: 357.000000, lower bound: 324.356683
[INFO]:[18:12:55] CPLEX solver finished. Gap: 9.140000
[INFO]:[18:12:56] Starting CPLEX solver on instance: /home/yorig/tuner/mpils-tests/instances/miplib/medium-1/csched007.mps with config: /scratch/yorig/mpils-results-grid-ticks-10000-7may/medium-1/24proc-4pils/seed-7/3_csched007_seed-7_20260510_181151/expansion/config_param_CPXPARAM_Preprocessing_Symmetry_5_iter_2.prm
[INFO]:[18:13:02] CPLEX results. Gap: 9.140000, upper bound: 357.000000, lower bound: 324.356683
[INFO]:[18:13:02] CPLEX solver finished. Gap: 9.140000
[INFO]:[18:13:02] Expansion Worker 22 stopping early after global MPI expansion stop was activated.
[INFO]:[18:13:02] Expansion Worker 22 completed expansion.
[INFO]:[18:13:02] Worker 22 completed expansion phase.
[INFO]:[18:13:03] Worker 22 received order for step 1.
[INFO]:[18:13:03] Worker 22 running exploration phase for iteration 3.
[INFO]:[18:13:03] Worker 22 at iteration 3 will not use a MIP start file. Current best MIP-start upper bound threshold is 1.79769e+308.
[INFO]:[18:13:03] Starting local search phase...
[INFO]:[18:13:03] Worker (ils_group_rank=2) entering parallel ILS evaluation service.
[INFO]:[18:13:03] Starting CPLEX solver on instance: /home/yorig/tuner/mpils-tests/instances/miplib/medium-1/csched007.mps with config: /scratch/yorig/mpils-results-grid-ticks-10000-7may/medium-1/24proc-4pils/seed-7/3_csched007_seed-7_20260510_181151/iterated_local_search/run_3_worker_20/parallel_0_2.prm
[INFO]:[18:13:09] CPLEX results. Gap: 57.160000, upper bound: 703.000000, lower bound: 301.190641
[INFO]:[18:13:09] CPLEX solver finished. Gap: 57.160000
[INFO]:[18:13:10] Starting CPLEX solver on instance: /home/yorig/tuner/mpils-tests/instances/miplib/medium-1/csched007.mps with config: /scratch/yorig/mpils-results-grid-ticks-10000-7may/medium-1/24proc-4pils/seed-7/3_csched007_seed-7_20260510_181151/iterated_local_search/run_3_worker_20/parallel_4_2.prm
[INFO]:[18:13:15] CPLEX results. Gap: 18.770000, upper bound: 368.000000, lower bound: 298.918081
[INFO]:[18:13:15] CPLEX solver finished. Gap: 18.770000
[INFO]:[18:13:16] Starting CPLEX solver on instance: /home/yorig/tuner/mpils-tests/instances/miplib/medium-1/csched007.mps with config: /scratch/yorig/mpils-results-grid-ticks-10000-7may/medium-1/24proc-4pils/seed-7/3_csched007_seed-7_20260510_181151/iterated_local_search/run_3_worker_20/parallel_8_2.prm
[INFO]:[18:13:22] CPLEX results. Gap: 18.770000, upper bound: 368.000000, lower bound: 298.918081
[INFO]:[18:13:22] CPLEX solver finished. Gap: 18.770000
[INFO]:[18:13:22] Starting CPLEX solver on instance: /home/yorig/tuner/mpils-tests/instances/miplib/medium-1/csched007.mps with config: /scratch/yorig/mpils-results-grid-ticks-10000-7may/medium-1/24proc-4pils/seed-7/3_csched007_seed-7_20260510_181151/iterated_local_search/run_3_worker_20/parallel_12_2.prm
[INFO]:[18:13:28] CPLEX results. Gap: 18.770000, upper bound: 368.000000, lower bound: 298.918081
[INFO]:[18:13:28] CPLEX solver finished. Gap: 18.770000
[INFO]:[18:13:29] Starting CPLEX solver on instance: /home/yorig/tuner/mpils-tests/instances/miplib/medium-1/csched007.mps with config: /scratch/yorig/mpils-results-grid-ticks-10000-7may/medium-1/24proc-4pils/seed-7/3_csched007_seed-7_20260510_181151/iterated_local_search/run_3_worker_20/parallel_16_2.prm
[INFO]:[18:13:34] CPLEX results. Gap: 18.770000, upper bound: 368.000000, lower bound: 298.918081
[INFO]:[18:13:34] CPLEX solver finished. Gap: 18.770000
[INFO]:[18:13:35] Worker (ils_group_rank=2) exiting parallel ILS evaluation service.
[INFO]:[18:13:37] Worker 22 completed exploration phase.
[INFO]:[18:13:37] Worker 22 received order for step 2.
[INFO]:[18:13:37] Worker 22 running expansion phase for iteration 3.
[INFO]:[18:13:37] Worker 22 will use solver log file: /scratch/yorig/mpils-results-grid-ticks-10000-7may/medium-1/24proc-4pils/seed-7/3_csched007_seed-7_20260510_181151/solver/cplex.log_iteration_expansion_3_worker_22
[INFO]:[18:13:37] Expansion Worker 22 starting expansion for iteration 3.
[INFO]:[18:13:37] Starting CPLEX solver on instance: /home/yorig/tuner/mpils-tests/instances/miplib/medium-1/csched007.mps with config: /scratch/yorig/mpils-results-grid-ticks-10000-7may/medium-1/24proc-4pils/seed-7/3_csched007_seed-7_20260510_181151/expansion/config_param_CPXPARAM_MIP_Strategy_HeuristicFreq_40_iter_3.prm
[INFO]:[18:13:43] CPLEX results. Gap: 8.970000, upper bound: 356.000000, lower bound: 324.068045
[INFO]:[18:13:43] CPLEX solver finished. Gap: 8.970000
[INFO]:[18:13:43] Expansion Worker 22 found an improving configuration with objective value 8.97.
[INFO]:[18:13:44] Expansion Worker 22 stopping early after global MPI expansion stop was activated.
[INFO]:[18:13:44] Expansion Worker 22 completed expansion.
[INFO]:[18:13:44] Worker 22 completed expansion phase.
[INFO]:[18:13:44] Worker 22 received order for step 1.
[INFO]:[18:13:44] Worker 22 running exploration phase for iteration 4.
[INFO]:[18:13:44] Worker 22 at iteration 4 will not use a MIP start file. Current best MIP-start upper bound threshold is 1.79769e+308.
[INFO]:[18:13:44] Starting local search phase...
[INFO]:[18:13:44] Worker (ils_group_rank=2) entering parallel ILS evaluation service.
[INFO]:[18:13:44] Starting CPLEX solver on instance: /home/yorig/tuner/mpils-tests/instances/miplib/medium-1/csched007.mps with config: /scratch/yorig/mpils-results-grid-ticks-10000-7may/medium-1/24proc-4pils/seed-7/3_csched007_seed-7_20260510_181151/iterated_local_search/run_4_worker_20/parallel_0_2.prm
[INFO]:[18:13:50] CPLEX results. Gap: 24.340000, upper bound: 399.000000, lower bound: 301.890093
[INFO]:[18:13:50] CPLEX solver finished. Gap: 24.340000
[INFO]:[18:13:51] Starting CPLEX solver on instance: /home/yorig/tuner/mpils-tests/instances/miplib/medium-1/csched007.mps with config: /scratch/yorig/mpils-results-grid-ticks-10000-7may/medium-1/24proc-4pils/seed-7/3_csched007_seed-7_20260510_181151/iterated_local_search/run_4_worker_20/parallel_4_2.prm
[INFO]:[18:13:57] CPLEX results. Gap: 24.340000, upper bound: 399.000000, lower bound: 301.890093
[INFO]:[18:13:57] CPLEX solver finished. Gap: 24.340000
[INFO]:[18:13:57] Starting CPLEX solver on instance: /home/yorig/tuner/mpils-tests/instances/miplib/medium-1/csched007.mps with config: /scratch/yorig/mpils-results-grid-ticks-10000-7may/medium-1/24proc-4pils/seed-7/3_csched007_seed-7_20260510_181151/iterated_local_search/run_4_worker_20/parallel_8_2.prm
[INFO]:[18:14:03] CPLEX results. Gap: 37.090000, upper bound: 481.000000, lower bound: 302.619744
[INFO]:[18:14:03] CPLEX solver finished. Gap: 37.090000
[INFO]:[18:14:03] Starting CPLEX solver on instance: /home/yorig/tuner/mpils-tests/instances/miplib/medium-1/csched007.mps with config: /scratch/yorig/mpils-results-grid-ticks-10000-7may/medium-1/24proc-4pils/seed-7/3_csched007_seed-7_20260510_181151/iterated_local_search/run_4_worker_20/parallel_12_2.prm
[INFO]:[18:14:10] CPLEX results. Gap: 24.340000, upper bound: 399.000000, lower bound: 301.890093
[INFO]:[18:14:10] CPLEX solver finished. Gap: 24.340000
[INFO]:[18:14:10] Starting CPLEX solver on instance: /home/yorig/tuner/mpils-tests/instances/miplib/medium-1/csched007.mps with config: /scratch/yorig/mpils-results-grid-ticks-10000-7may/medium-1/24proc-4pils/seed-7/3_csched007_seed-7_20260510_181151/iterated_local_search/run_4_worker_20/parallel_16_2.prm
[INFO]:[18:14:16] CPLEX results. Gap: 21.440000, upper bound: 390.000000, lower bound: 306.399437
[INFO]:[18:14:16] CPLEX solver finished. Gap: 21.440000
[INFO]:[18:14:16] Starting CPLEX solver on instance: /home/yorig/tuner/mpils-tests/instances/miplib/medium-1/csched007.mps with config: /scratch/yorig/mpils-results-grid-ticks-10000-7may/medium-1/24proc-4pils/seed-7/3_csched007_seed-7_20260510_181151/iterated_local_search/run_4_worker_20/parallel_20_2.prm
[INFO]:[18:14:23] CPLEX results. Gap: 21.440000, upper bound: 390.000000, lower bound: 306.399437
[INFO]:[18:14:23] CPLEX solver finished. Gap: 21.440000
[INFO]:[18:14:23] Starting CPLEX solver on instance: /home/yorig/tuner/mpils-tests/instances/miplib/medium-1/csched007.mps with config: /scratch/yorig/mpils-results-grid-ticks-10000-7may/medium-1/24proc-4pils/seed-7/3_csched007_seed-7_20260510_181151/iterated_local_search/run_4_worker_20/parallel_24_2.prm
[INFO]:[18:14:30] CPLEX results. Gap: 21.440000, upper bound: 390.000000, lower bound: 306.399437
[INFO]:[18:14:30] CPLEX solver finished. Gap: 21.440000
[INFO]:[18:14:30] Starting CPLEX solver on instance: /home/yorig/tuner/mpils-tests/instances/miplib/medium-1/csched007.mps with config: /scratch/yorig/mpils-results-grid-ticks-10000-7may/medium-1/24proc-4pils/seed-7/3_csched007_seed-7_20260510_181151/iterated_local_search/run_4_worker_20/parallel_28_2.prm
[INFO]:[18:14:36] CPLEX results. Gap: 21.440000, upper bound: 390.000000, lower bound: 306.399437
[INFO]:[18:14:36] CPLEX solver finished. Gap: 21.440000
[INFO]:[18:14:36] Worker (ils_group_rank=2) exiting parallel ILS evaluation service.
[INFO]:[18:14:44] Worker 22 completed exploration phase.
[INFO]:[18:14:44] Worker 22 received order for step 2.
[INFO]:[18:14:44] Worker 22 running expansion phase for iteration 4.
[INFO]:[18:14:44] Worker 22 will use solver log file: /scratch/yorig/mpils-results-grid-ticks-10000-7may/medium-1/24proc-4pils/seed-7/3_csched007_seed-7_20260510_181151/solver/cplex.log_iteration_expansion_4_worker_22
[INFO]:[18:14:44] Expansion Worker 22 starting expansion for iteration 4.
[INFO]:[18:14:44] Starting CPLEX solver on instance: /home/yorig/tuner/mpils-tests/instances/miplib/medium-1/csched007.mps with config: /scratch/yorig/mpils-results-grid-ticks-10000-7may/medium-1/24proc-4pils/seed-7/3_csched007_seed-7_20260510_181151/expansion/config_param_CPXPARAM_Simplex_PGradient_-1_iter_4.prm
[INFO]:[18:14:50] CPLEX results. Gap: 8.210000, upper bound: 352.000000, lower bound: 323.104212
[INFO]:[18:14:50] CPLEX solver finished. Gap: 8.210000
[INFO]:[18:14:51] Expansion Worker 22 stopping early after global MPI expansion stop was activated.
[INFO]:[18:14:51] Expansion Worker 22 completed expansion.
[INFO]:[18:14:51] Worker 22 completed expansion phase.
[INFO]:[18:14:52] Worker 22 received order for step 1.
[INFO]:[18:14:52] Worker 22 running exploration phase for iteration 5.
[INFO]:[18:14:52] Worker 22 at iteration 5 will not use a MIP start file. Current best MIP-start upper bound threshold is 1.79769e+308.
[INFO]:[18:14:52] Starting local search phase...
[INFO]:[18:14:52] Worker (ils_group_rank=2) entering parallel ILS evaluation service.
[INFO]:[18:14:52] Starting CPLEX solver on instance: /home/yorig/tuner/mpils-tests/instances/miplib/medium-1/csched007.mps with config: /scratch/yorig/mpils-results-grid-ticks-10000-7may/medium-1/24proc-4pils/seed-7/3_csched007_seed-7_20260510_181151/iterated_local_search/run_5_worker_20/parallel_0_2.prm
[INFO]:[18:14:58] CPLEX results. Gap: 33.250000, upper bound: 412.000000, lower bound: 275.016667
[INFO]:[18:14:58] CPLEX solver finished. Gap: 33.250000
[INFO]:[18:14:58] Starting CPLEX solver on instance: /home/yorig/tuner/mpils-tests/instances/miplib/medium-1/csched007.mps with config: /scratch/yorig/mpils-results-grid-ticks-10000-7may/medium-1/24proc-4pils/seed-7/3_csched007_seed-7_20260510_181151/iterated_local_search/run_5_worker_20/parallel_4_2.prm
[INFO]:[18:15:05] CPLEX results. Gap: 18.530000, upper bound: 379.000000, lower bound: 308.757133
[INFO]:[18:15:05] CPLEX solver finished. Gap: 18.530000
[INFO]:[18:15:05] Starting CPLEX solver on instance: /home/yorig/tuner/mpils-tests/instances/miplib/medium-1/csched007.mps with config: /scratch/yorig/mpils-results-grid-ticks-10000-7may/medium-1/24proc-4pils/seed-7/3_csched007_seed-7_20260510_181151/iterated_local_search/run_5_worker_20/parallel_8_2.prm
[INFO]:[18:15:11] CPLEX results. Gap: 25.050000, upper bound: 412.000000, lower bound: 308.789174
[INFO]:[18:15:11] CPLEX solver finished. Gap: 25.050000
[INFO]:[18:15:12] Worker (ils_group_rank=2) exiting parallel ILS evaluation service.
[INFO]:[18:15:15] Worker 22 completed exploration phase.
[INFO]:[18:15:15] Worker 22 received order for step 2.
[INFO]:[18:15:15] Worker 22 running expansion phase for iteration 5.
[INFO]:[18:15:15] Worker 22 will use solver log file: /scratch/yorig/mpils-results-grid-ticks-10000-7may/medium-1/24proc-4pils/seed-7/3_csched007_seed-7_20260510_181151/solver/cplex.log_iteration_expansion_5_worker_22
[INFO]:[18:15:15] Expansion Worker 22 starting expansion for iteration 5.
[INFO]:[18:15:15] Starting CPLEX solver on instance: /home/yorig/tuner/mpils-tests/instances/miplib/medium-1/csched007.mps with config: /scratch/yorig/mpils-results-grid-ticks-10000-7may/medium-1/24proc-4pils/seed-7/3_csched007_seed-7_20260510_181151/expansion/config_param_CPXPARAM_Advance_2_iter_5.prm
[INFO]:[18:15:21] CPLEX results. Gap: 8.160000, upper bound: 352.000000, lower bound: 323.268285
[INFO]:[18:15:21] CPLEX solver finished. Gap: 8.160000
[INFO]:[18:15:22] Expansion Worker 22 stopping early after global MPI expansion stop was activated.
[INFO]:[18:15:22] Expansion Worker 22 completed expansion.
[INFO]:[18:15:22] Worker 22 completed expansion phase.
[INFO]:[18:15:23] Worker 22 received order for step 1.
[INFO]:[18:15:23] Worker 22 running exploration phase for iteration 6.
[INFO]:[18:15:23] Worker 22 at iteration 6 will not use a MIP start file. Current best MIP-start upper bound threshold is 1.79769e+308.
[INFO]:[18:15:23] Starting local search phase...
[INFO]:[18:15:23] Worker (ils_group_rank=2) entering parallel ILS evaluation service.
[INFO]:[18:15:23] Starting CPLEX solver on instance: /home/yorig/tuner/mpils-tests/instances/miplib/medium-1/csched007.mps with config: /scratch/yorig/mpils-results-grid-ticks-10000-7may/medium-1/24proc-4pils/seed-7/3_csched007_seed-7_20260510_181151/iterated_local_search/run_6_worker_20/parallel_0_2.prm
[WARN]:[18:15:27] CPLEX finished without a primal feasible solution for config /scratch/yorig/mpils-results-grid-ticks-10000-7may/medium-1/24proc-4pils/seed-7/3_csched007_seed-7_20260510_181151/iterated_local_search/run_6_worker_20/parallel_0_2.prm.
[INFO]:[18:15:27] CPLEX results. Gap: unavailable, upper bound: null, lower bound: 301.110908
[INFO]:[18:15:27] CPLEX solver finished. Gap: 179769313486231570814527423731704356798070567525844996598917476803157260780028538760589558632766878171540458953514382464234321326889464182768467546703537516986049910576551282076245490090389328944075868508455133942304583236903222948165808559332123348274797826204144723168738177180919299881250404026184124858368.000000
[INFO]:[18:15:28] Starting CPLEX solver on instance: /home/yorig/tuner/mpils-tests/instances/miplib/medium-1/csched007.mps with config: /scratch/yorig/mpils-results-grid-ticks-10000-7may/medium-1/24proc-4pils/seed-7/3_csched007_seed-7_20260510_181151/iterated_local_search/run_6_worker_20/parallel_4_2.prm
[WARN]:[18:15:35] CPLEX finished without a primal feasible solution for config /scratch/yorig/mpils-results-grid-ticks-10000-7may/medium-1/24proc-4pils/seed-7/3_csched007_seed-7_20260510_181151/iterated_local_search/run_6_worker_20/parallel_4_2.prm.
[INFO]:[18:15:35] CPLEX results. Gap: unavailable, upper bound: null, lower bound: 284.512500
[INFO]:[18:15:35] CPLEX solver finished. Gap: 179769313486231570814527423731704356798070567525844996598917476803157260780028538760589558632766878171540458953514382464234321326889464182768467546703537516986049910576551282076245490090389328944075868508455133942304583236903222948165808559332123348274797826204144723168738177180919299881250404026184124858368.000000
[INFO]:[18:15:35] Starting CPLEX solver on instance: /home/yorig/tuner/mpils-tests/instances/miplib/medium-1/csched007.mps with config: /scratch/yorig/mpils-results-grid-ticks-10000-7may/medium-1/24proc-4pils/seed-7/3_csched007_seed-7_20260510_181151/iterated_local_search/run_6_worker_20/parallel_8_2.prm
[WARN]:[18:15:40] CPLEX finished without a primal feasible solution for config /scratch/yorig/mpils-results-grid-ticks-10000-7may/medium-1/24proc-4pils/seed-7/3_csched007_seed-7_20260510_181151/iterated_local_search/run_6_worker_20/parallel_8_2.prm.
[INFO]:[18:15:40] CPLEX results. Gap: unavailable, upper bound: null, lower bound: 272.750000
[INFO]:[18:15:40] CPLEX solver finished. Gap: 179769313486231570814527423731704356798070567525844996598917476803157260780028538760589558632766878171540458953514382464234321326889464182768467546703537516986049910576551282076245490090389328944075868508455133942304583236903222948165808559332123348274797826204144723168738177180919299881250404026184124858368.000000
[INFO]:[18:15:40] Starting CPLEX solver on instance: /home/yorig/tuner/mpils-tests/instances/miplib/medium-1/csched007.mps with config: /scratch/yorig/mpils-results-grid-ticks-10000-7may/medium-1/24proc-4pils/seed-7/3_csched007_seed-7_20260510_181151/iterated_local_search/run_6_worker_20/parallel_12_2.prm
[WARN]:[18:15:45] CPLEX finished without a primal feasible solution for config /scratch/yorig/mpils-results-grid-ticks-10000-7may/medium-1/24proc-4pils/seed-7/3_csched007_seed-7_20260510_181151/iterated_local_search/run_6_worker_20/parallel_12_2.prm.
[INFO]:[18:15:45] CPLEX results. Gap: unavailable, upper bound: null, lower bound: 272.750000
[INFO]:[18:15:45] CPLEX solver finished. Gap: 179769313486231570814527423731704356798070567525844996598917476803157260780028538760589558632766878171540458953514382464234321326889464182768467546703537516986049910576551282076245490090389328944075868508455133942304583236903222948165808559332123348274797826204144723168738177180919299881250404026184124858368.000000
[INFO]:[18:15:45] Starting CPLEX solver on instance: /home/yorig/tuner/mpils-tests/instances/miplib/medium-1/csched007.mps with config: /scratch/yorig/mpils-results-grid-ticks-10000-7may/medium-1/24proc-4pils/seed-7/3_csched007_seed-7_20260510_181151/iterated_local_search/run_6_worker_20/parallel_16_2.prm
[WARN]:[18:15:49] CPLEX finished without a primal feasible solution for config /scratch/yorig/mpils-results-grid-ticks-10000-7may/medium-1/24proc-4pils/seed-7/3_csched007_seed-7_20260510_181151/iterated_local_search/run_6_worker_20/parallel_16_2.prm.
[INFO]:[18:15:49] CPLEX results. Gap: unavailable, upper bound: null, lower bound: 279.783333
[INFO]:[18:15:49] CPLEX solver finished. Gap: 179769313486231570814527423731704356798070567525844996598917476803157260780028538760589558632766878171540458953514382464234321326889464182768467546703537516986049910576551282076245490090389328944075868508455133942304583236903222948165808559332123348274797826204144723168738177180919299881250404026184124858368.000000
[INFO]:[18:15:50] Worker (ils_group_rank=2) exiting parallel ILS evaluation service.
[INFO]:[18:16:02] Worker 22 completed exploration phase.
[INFO]:[18:16:02] Worker 22 received order for step 2.
[INFO]:[18:16:02] Worker 22 running expansion phase for iteration 6.
[INFO]:[18:16:02] Worker 22 will use solver log file: /scratch/yorig/mpils-results-grid-ticks-10000-7may/medium-1/24proc-4pils/seed-7/3_csched007_seed-7_20260510_181151/solver/cplex.log_iteration_expansion_6_worker_22
[INFO]:[18:16:02] Expansion Worker 22 starting expansion for iteration 6.
[INFO]:[18:16:02] Starting CPLEX solver on instance: /home/yorig/tuner/mpils-tests/instances/miplib/medium-1/csched007.mps with config: /scratch/yorig/mpils-results-grid-ticks-10000-7may/medium-1/24proc-4pils/seed-7/3_csched007_seed-7_20260510_181151/expansion/config_param_CPXPARAM_Barrier_StartAlg_3_iter_6.prm
[INFO]:[18:16:08] CPLEX results. Gap: 8.110000, upper bound: 352.000000, lower bound: 323.436731
[INFO]:[18:16:08] CPLEX solver finished. Gap: 8.110000
[INFO]:[18:16:08] Expansion Worker 22 stopping early after global MPI expansion stop was activated.
[INFO]:[18:16:08] Expansion Worker 22 completed expansion.
[INFO]:[18:16:08] Worker 22 completed expansion phase.
[INFO]:[18:16:09] Worker 22 received order for step 1.
[INFO]:[18:16:09] Worker 22 running exploration phase for iteration 7.
[INFO]:[18:16:09] Worker 22 at iteration 7 will not use a MIP start file. Current best MIP-start upper bound threshold is 1.79769e+308.
[INFO]:[18:16:09] Starting local search phase...
[INFO]:[18:16:09] Worker (ils_group_rank=2) entering parallel ILS evaluation service.
[INFO]:[18:16:09] Starting CPLEX solver on instance: /home/yorig/tuner/mpils-tests/instances/miplib/medium-1/csched007.mps with config: /scratch/yorig/mpils-results-grid-ticks-10000-7may/medium-1/24proc-4pils/seed-7/3_csched007_seed-7_20260510_181151/iterated_local_search/run_7_worker_20/parallel_0_2.prm
[WARN]:[18:16:17] CPLEX finished without a primal feasible solution for config /scratch/yorig/mpils-results-grid-ticks-10000-7may/medium-1/24proc-4pils/seed-7/3_csched007_seed-7_20260510_181151/iterated_local_search/run_7_worker_20/parallel_0_2.prm.
[INFO]:[18:16:17] CPLEX results. Gap: unavailable, upper bound: null, lower bound: 308.457290
[INFO]:[18:16:17] CPLEX solver finished. Gap: 179769313486231570814527423731704356798070567525844996598917476803157260780028538760589558632766878171540458953514382464234321326889464182768467546703537516986049910576551282076245490090389328944075868508455133942304583236903222948165808559332123348274797826204144723168738177180919299881250404026184124858368.000000
[INFO]:[18:16:17] Starting CPLEX solver on instance: /home/yorig/tuner/mpils-tests/instances/miplib/medium-1/csched007.mps with config: /scratch/yorig/mpils-results-grid-ticks-10000-7may/medium-1/24proc-4pils/seed-7/3_csched007_seed-7_20260510_181151/iterated_local_search/run_7_worker_20/parallel_4_2.prm
[INFO]:[18:16:22] CPLEX results. Gap: 29.120000, upper bound: 442.000000, lower bound: 313.279060
[INFO]:[18:16:22] CPLEX solver finished. Gap: 29.120000
[INFO]:[18:16:23] Starting CPLEX solver on instance: /home/yorig/tuner/mpils-tests/instances/miplib/medium-1/csched007.mps with config: /scratch/yorig/mpils-results-grid-ticks-10000-7may/medium-1/24proc-4pils/seed-7/3_csched007_seed-7_20260510_181151/iterated_local_search/run_7_worker_20/parallel_8_2.prm
[INFO]:[18:16:28] CPLEX results. Gap: 24.330000, upper bound: 407.000000, lower bound: 307.971088
[INFO]:[18:16:28] CPLEX solver finished. Gap: 24.330000
[INFO]:[18:16:28] Starting CPLEX solver on instance: /home/yorig/tuner/mpils-tests/instances/miplib/medium-1/csched007.mps with config: /scratch/yorig/mpils-results-grid-ticks-10000-7may/medium-1/24proc-4pils/seed-7/3_csched007_seed-7_20260510_181151/iterated_local_search/run_7_worker_20/parallel_12_2.prm
[INFO]:[18:16:33] CPLEX results. Gap: 23.360000, upper bound: 406.000000, lower bound: 311.151764
[INFO]:[18:16:33] CPLEX solver finished. Gap: 23.360000
[INFO]:[18:16:34] Starting CPLEX solver on instance: /home/yorig/tuner/mpils-tests/instances/miplib/medium-1/csched007.mps with config: /scratch/yorig/mpils-results-grid-ticks-10000-7may/medium-1/24proc-4pils/seed-7/3_csched007_seed-7_20260510_181151/iterated_local_search/run_7_worker_20/parallel_16_2.prm
[WARN]:[18:16:39] CPLEX finished without a primal feasible solution for config /scratch/yorig/mpils-results-grid-ticks-10000-7may/medium-1/24proc-4pils/seed-7/3_csched007_seed-7_20260510_181151/iterated_local_search/run_7_worker_20/parallel_16_2.prm.
[INFO]:[18:16:39] CPLEX results. Gap: unavailable, upper bound: null, lower bound: 310.502723
[INFO]:[18:16:39] CPLEX solver finished. Gap: 179769313486231570814527423731704356798070567525844996598917476803157260780028538760589558632766878171540458953514382464234321326889464182768467546703537516986049910576551282076245490090389328944075868508455133942304583236903222948165808559332123348274797826204144723168738177180919299881250404026184124858368.000000
[INFO]:[18:16:40] Starting CPLEX solver on instance: /home/yorig/tuner/mpils-tests/instances/miplib/medium-1/csched007.mps with config: /scratch/yorig/mpils-results-grid-ticks-10000-7may/medium-1/24proc-4pils/seed-7/3_csched007_seed-7_20260510_181151/iterated_local_search/run_7_worker_20/parallel_20_2.prm
[INFO]:[18:16:45] CPLEX results. Gap: 23.360000, upper bound: 406.000000, lower bound: 311.151764
[INFO]:[18:16:45] CPLEX solver finished. Gap: 23.360000
[INFO]:[18:16:46] Starting CPLEX solver on instance: /home/yorig/tuner/mpils-tests/instances/miplib/medium-1/csched007.mps with config: /scratch/yorig/mpils-results-grid-ticks-10000-7may/medium-1/24proc-4pils/seed-7/3_csched007_seed-7_20260510_181151/iterated_local_search/run_7_worker_20/parallel_24_2.prm
[INFO]:[18:16:51] CPLEX results. Gap: 28.920000, upper bound: 438.000000, lower bound: 311.344276
[INFO]:[18:16:51] CPLEX solver finished. Gap: 28.920000
[INFO]:[18:16:53] Worker (ils_group_rank=2) exiting parallel ILS evaluation service.
[INFO]:[18:16:59] Worker 22 completed exploration phase.
[INFO]:[18:16:59] Worker 22 received order for step 2.
[INFO]:[18:16:59] Worker 22 running expansion phase for iteration 7.
[INFO]:[18:16:59] Worker 22 will use solver log file: /scratch/yorig/mpils-results-grid-ticks-10000-7may/medium-1/24proc-4pils/seed-7/3_csched007_seed-7_20260510_181151/solver/cplex.log_iteration_expansion_7_worker_22
[INFO]:[18:16:59] Expansion Worker 22 starting expansion for iteration 7.
[INFO]:[18:16:59] Starting CPLEX solver on instance: /home/yorig/tuner/mpils-tests/instances/miplib/medium-1/csched007.mps with config: /scratch/yorig/mpils-results-grid-ticks-10000-7may/medium-1/24proc-4pils/seed-7/3_csched007_seed-7_20260510_181151/expansion/config_param_CPXPARAM_Preprocessing_Dependency_2_iter_7.prm
[INFO]:[18:17:05] CPLEX results. Gap: 7.870000, upper bound: 356.000000, lower bound: 327.968476
[INFO]:[18:17:05] CPLEX solver finished. Gap: 7.870000
[INFO]:[18:17:10] Expansion Worker 22 completed expansion.
[INFO]:[18:17:10] Worker 22 completed expansion phase.
[INFO]:[18:17:11] Worker 22 received order for step 1.
[INFO]:[18:17:11] Worker 22 running exploration phase for iteration 8.
[INFO]:[18:17:11] Worker 22 at iteration 8 will not use a MIP start file. Current best MIP-start upper bound threshold is 1.79769e+308.
[INFO]:[18:17:11] Starting local search phase...
[INFO]:[18:17:11] Worker (ils_group_rank=2) entering parallel ILS evaluation service.
[INFO]:[18:17:11] Starting CPLEX solver on instance: /home/yorig/tuner/mpils-tests/instances/miplib/medium-1/csched007.mps with config: /scratch/yorig/mpils-results-grid-ticks-10000-7may/medium-1/24proc-4pils/seed-7/3_csched007_seed-7_20260510_181151/iterated_local_search/run_8_worker_20/parallel_0_2.prm
[INFO]:[18:17:18] CPLEX results. Gap: 44.590000, upper bound: 556.000000, lower bound: 308.082620
[INFO]:[18:17:18] CPLEX solver finished. Gap: 44.590000
[INFO]:[18:17:18] Starting CPLEX solver on instance: /home/yorig/tuner/mpils-tests/instances/miplib/medium-1/csched007.mps with config: /scratch/yorig/mpils-results-grid-ticks-10000-7may/medium-1/24proc-4pils/seed-7/3_csched007_seed-7_20260510_181151/iterated_local_search/run_8_worker_20/parallel_4_2.prm
[INFO]:[18:17:25] CPLEX results. Gap: 36.880000, upper bound: 472.000000, lower bound: 297.922011
[INFO]:[18:17:25] CPLEX solver finished. Gap: 36.880000
[INFO]:[18:17:26] Starting CPLEX solver on instance: /home/yorig/tuner/mpils-tests/instances/miplib/medium-1/csched007.mps with config: /scratch/yorig/mpils-results-grid-ticks-10000-7may/medium-1/24proc-4pils/seed-7/3_csched007_seed-7_20260510_181151/iterated_local_search/run_8_worker_20/parallel_8_2.prm
[INFO]:[18:17:33] CPLEX results. Gap: 31.480000, upper bound: 446.000000, lower bound: 305.599051
[INFO]:[18:17:33] CPLEX solver finished. Gap: 31.480000
[INFO]:[18:17:33] Worker (ils_group_rank=2) exiting parallel ILS evaluation service.
[INFO]:[18:17:33] Worker 22 completed exploration phase.
[INFO]:[18:17:33] Worker 22 received order for step 2.
[INFO]:[18:17:33] Worker 22 running expansion phase for iteration 8.
[INFO]:[18:17:33] Worker 22 will use solver log file: /scratch/yorig/mpils-results-grid-ticks-10000-7may/medium-1/24proc-4pils/seed-7/3_csched007_seed-7_20260510_181151/solver/cplex.log_iteration_expansion_8_worker_22
[INFO]:[18:17:33] Expansion Worker 22 starting expansion for iteration 8.
[INFO]:[18:17:33] Starting CPLEX solver on instance: /home/yorig/tuner/mpils-tests/instances/miplib/medium-1/csched007.mps with config: /scratch/yorig/mpils-results-grid-ticks-10000-7may/medium-1/24proc-4pils/seed-7/3_csched007_seed-7_20260510_181151/expansion/config_param_CPXPARAM_LPMethod_2_iter_8.prm
[INFO]:[18:17:38] CPLEX results. Gap: 7.870000, upper bound: 356.000000, lower bound: 327.968476
[INFO]:[18:17:38] CPLEX solver finished. Gap: 7.870000
[INFO]:[18:17:45] Expansion Worker 22 completed expansion.
[INFO]:[18:17:45] Worker 22 completed expansion phase.
[INFO]:[18:17:46] Worker 22 received order for step 1.
[INFO]:[18:17:46] Worker 22 running exploration phase for iteration 9.
[INFO]:[18:17:46] Worker 22 at iteration 9 will not use a MIP start file. Current best MIP-start upper bound threshold is 1.79769e+308.
[INFO]:[18:17:46] Starting local search phase...
[INFO]:[18:17:46] Worker (ils_group_rank=2) entering parallel ILS evaluation service.
[INFO]:[18:17:46] Starting CPLEX solver on instance: /home/yorig/tuner/mpils-tests/instances/miplib/medium-1/csched007.mps with config: /scratch/yorig/mpils-results-grid-ticks-10000-7may/medium-1/24proc-4pils/seed-7/3_csched007_seed-7_20260510_181151/iterated_local_search/run_9_worker_20/parallel_0_2.prm
[WARN]:[18:17:52] CPLEX finished without a primal feasible solution for config /scratch/yorig/mpils-results-grid-ticks-10000-7may/medium-1/24proc-4pils/seed-7/3_csched007_seed-7_20260510_181151/iterated_local_search/run_9_worker_20/parallel_0_2.prm.
[INFO]:[18:17:52] CPLEX results. Gap: unavailable, upper bound: null, lower bound: 296.121637
[INFO]:[18:17:52] CPLEX solver finished. Gap: 179769313486231570814527423731704356798070567525844996598917476803157260780028538760589558632766878171540458953514382464234321326889464182768467546703537516986049910576551282076245490090389328944075868508455133942304583236903222948165808559332123348274797826204144723168738177180919299881250404026184124858368.000000
[INFO]:[18:17:52] Starting CPLEX solver on instance: /home/yorig/tuner/mpils-tests/instances/miplib/medium-1/csched007.mps with config: /scratch/yorig/mpils-results-grid-ticks-10000-7may/medium-1/24proc-4pils/seed-7/3_csched007_seed-7_20260510_181151/iterated_local_search/run_9_worker_20/parallel_4_2.prm
[WARN]:[18:17:57] CPLEX finished without a primal feasible solution for config /scratch/yorig/mpils-results-grid-ticks-10000-7may/medium-1/24proc-4pils/seed-7/3_csched007_seed-7_20260510_181151/iterated_local_search/run_9_worker_20/parallel_4_2.prm.
[INFO]:[18:17:57] CPLEX results. Gap: unavailable, upper bound: null, lower bound: 297.823792
[INFO]:[18:17:57] CPLEX solver finished. Gap: 179769313486231570814527423731704356798070567525844996598917476803157260780028538760589558632766878171540458953514382464234321326889464182768467546703537516986049910576551282076245490090389328944075868508455133942304583236903222948165808559332123348274797826204144723168738177180919299881250404026184124858368.000000
[INFO]:[18:17:58] Starting CPLEX solver on instance: /home/yorig/tuner/mpils-tests/instances/miplib/medium-1/csched007.mps with config: /scratch/yorig/mpils-results-grid-ticks-10000-7may/medium-1/24proc-4pils/seed-7/3_csched007_seed-7_20260510_181151/iterated_local_search/run_9_worker_20/parallel_8_2.prm
[WARN]:[18:18:03] CPLEX finished without a primal feasible solution for config /scratch/yorig/mpils-results-grid-ticks-10000-7may/medium-1/24proc-4pils/seed-7/3_csched007_seed-7_20260510_181151/iterated_local_search/run_9_worker_20/parallel_8_2.prm.
[INFO]:[18:18:03] CPLEX results. Gap: unavailable, upper bound: null, lower bound: 296.011954
[INFO]:[18:18:03] CPLEX solver finished. Gap: 179769313486231570814527423731704356798070567525844996598917476803157260780028538760589558632766878171540458953514382464234321326889464182768467546703537516986049910576551282076245490090389328944075868508455133942304583236903222948165808559332123348274797826204144723168738177180919299881250404026184124858368.000000
[INFO]:[18:18:03] Starting CPLEX solver on instance: /home/yorig/tuner/mpils-tests/instances/miplib/medium-1/csched007.mps with config: /scratch/yorig/mpils-results-grid-ticks-10000-7may/medium-1/24proc-4pils/seed-7/3_csched007_seed-7_20260510_181151/iterated_local_search/run_9_worker_20/parallel_12_2.prm
[WARN]:[18:18:08] CPLEX finished without a primal feasible solution for config /scratch/yorig/mpils-results-grid-ticks-10000-7may/medium-1/24proc-4pils/seed-7/3_csched007_seed-7_20260510_181151/iterated_local_search/run_9_worker_20/parallel_12_2.prm.
[INFO]:[18:18:08] CPLEX results. Gap: unavailable, upper bound: null, lower bound: 297.823792
[INFO]:[18:18:08] CPLEX solver finished. Gap: 179769313486231570814527423731704356798070567525844996598917476803157260780028538760589558632766878171540458953514382464234321326889464182768467546703537516986049910576551282076245490090389328944075868508455133942304583236903222948165808559332123348274797826204144723168738177180919299881250404026184124858368.000000
[INFO]:[18:18:08] Starting CPLEX solver on instance: /home/yorig/tuner/mpils-tests/instances/miplib/medium-1/csched007.mps with config: /scratch/yorig/mpils-results-grid-ticks-10000-7may/medium-1/24proc-4pils/seed-7/3_csched007_seed-7_20260510_181151/iterated_local_search/run_9_worker_20/parallel_16_2.prm
[WARN]:[18:18:13] CPLEX finished without a primal feasible solution for config /scratch/yorig/mpils-results-grid-ticks-10000-7may/medium-1/24proc-4pils/seed-7/3_csched007_seed-7_20260510_181151/iterated_local_search/run_9_worker_20/parallel_16_2.prm.
[INFO]:[18:18:13] CPLEX results. Gap: unavailable, upper bound: null, lower bound: 297.823792
[INFO]:[18:18:13] CPLEX solver finished. Gap: 179769313486231570814527423731704356798070567525844996598917476803157260780028538760589558632766878171540458953514382464234321326889464182768467546703537516986049910576551282076245490090389328944075868508455133942304583236903222948165808559332123348274797826204144723168738177180919299881250404026184124858368.000000
[INFO]:[18:18:13] Starting CPLEX solver on instance: /home/yorig/tuner/mpils-tests/instances/miplib/medium-1/csched007.mps with config: /scratch/yorig/mpils-results-grid-ticks-10000-7may/medium-1/24proc-4pils/seed-7/3_csched007_seed-7_20260510_181151/iterated_local_search/run_9_worker_20/parallel_20_2.prm
[WARN]:[18:18:19] CPLEX finished without a primal feasible solution for config /scratch/yorig/mpils-results-grid-ticks-10000-7may/medium-1/24proc-4pils/seed-7/3_csched007_seed-7_20260510_181151/iterated_local_search/run_9_worker_20/parallel_20_2.prm.
[INFO]:[18:18:19] CPLEX results. Gap: unavailable, upper bound: null, lower bound: 297.823792
[INFO]:[18:18:19] CPLEX solver finished. Gap: 179769313486231570814527423731704356798070567525844996598917476803157260780028538760589558632766878171540458953514382464234321326889464182768467546703537516986049910576551282076245490090389328944075868508455133942304583236903222948165808559332123348274797826204144723168738177180919299881250404026184124858368.000000
[INFO]:[18:18:19] Starting CPLEX solver on instance: /home/yorig/tuner/mpils-tests/instances/miplib/medium-1/csched007.mps with config: /scratch/yorig/mpils-results-grid-ticks-10000-7may/medium-1/24proc-4pils/seed-7/3_csched007_seed-7_20260510_181151/iterated_local_search/run_9_worker_20/parallel_24_2.prm
[WARN]:[18:18:24] CPLEX finished without a primal feasible solution for config /scratch/yorig/mpils-results-grid-ticks-10000-7may/medium-1/24proc-4pils/seed-7/3_csched007_seed-7_20260510_181151/iterated_local_search/run_9_worker_20/parallel_24_2.prm.
[INFO]:[18:18:24] CPLEX results. Gap: unavailable, upper bound: null, lower bound: 297.823792
[INFO]:[18:18:24] CPLEX solver finished. Gap: 179769313486231570814527423731704356798070567525844996598917476803157260780028538760589558632766878171540458953514382464234321326889464182768467546703537516986049910576551282076245490090389328944075868508455133942304583236903222948165808559332123348274797826204144723168738177180919299881250404026184124858368.000000
[INFO]:[18:18:24] Starting CPLEX solver on instance: /home/yorig/tuner/mpils-tests/instances/miplib/medium-1/csched007.mps with config: /scratch/yorig/mpils-results-grid-ticks-10000-7may/medium-1/24proc-4pils/seed-7/3_csched007_seed-7_20260510_181151/iterated_local_search/run_9_worker_20/parallel_28_2.prm
[WARN]:[18:18:29] CPLEX finished without a primal feasible solution for config /scratch/yorig/mpils-results-grid-ticks-10000-7may/medium-1/24proc-4pils/seed-7/3_csched007_seed-7_20260510_181151/iterated_local_search/run_9_worker_20/parallel_28_2.prm.
[INFO]:[18:18:29] CPLEX results. Gap: unavailable, upper bound: null, lower bound: 297.823792
[INFO]:[18:18:29] CPLEX solver finished. Gap: 179769313486231570814527423731704356798070567525844996598917476803157260780028538760589558632766878171540458953514382464234321326889464182768467546703537516986049910576551282076245490090389328944075868508455133942304583236903222948165808559332123348274797826204144723168738177180919299881250404026184124858368.000000
[INFO]:[18:18:29] Worker (ils_group_rank=2) exiting parallel ILS evaluation service.
[INFO]:[18:18:43] Worker 22 completed exploration phase.
[INFO]:[18:18:43] Worker 22 received order for step 2.
[INFO]:[18:18:43] Worker 22 running expansion phase for iteration 9.
[INFO]:[18:18:43] Worker 22 will use solver log file: /scratch/yorig/mpils-results-grid-ticks-10000-7may/medium-1/24proc-4pils/seed-7/3_csched007_seed-7_20260510_181151/solver/cplex.log_iteration_expansion_9_worker_22
[INFO]:[18:18:43] Expansion Worker 22 starting expansion for iteration 9.
[INFO]:[18:18:49] Expansion Worker 22 completed expansion.
[INFO]:[18:18:49] Worker 22 completed expansion phase.
[INFO]:[18:18:51] Worker 22 received order for step 1.
[INFO]:[18:18:51] Worker 22 running exploration phase for iteration 10.
[INFO]:[18:18:51] Worker 22 at iteration 10 will not use a MIP start file. Current best MIP-start upper bound threshold is 1.79769e+308.
[INFO]:[18:18:51] Starting local search phase...
[INFO]:[18:18:51] Worker (ils_group_rank=2) entering parallel ILS evaluation service.
[INFO]:[18:18:51] Starting CPLEX solver on instance: /home/yorig/tuner/mpils-tests/instances/miplib/medium-1/csched007.mps with config: /scratch/yorig/mpils-results-grid-ticks-10000-7may/medium-1/24proc-4pils/seed-7/3_csched007_seed-7_20260510_181151/iterated_local_search/run_10_worker_20/parallel_0_2.prm
[WARN]:[18:18:56] CPLEX finished without a primal feasible solution for config /scratch/yorig/mpils-results-grid-ticks-10000-7may/medium-1/24proc-4pils/seed-7/3_csched007_seed-7_20260510_181151/iterated_local_search/run_10_worker_20/parallel_0_2.prm.
[INFO]:[18:18:56] CPLEX results. Gap: unavailable, upper bound: null, lower bound: 308.682225
[INFO]:[18:18:56] CPLEX solver finished. Gap: 179769313486231570814527423731704356798070567525844996598917476803157260780028538760589558632766878171540458953514382464234321326889464182768467546703537516986049910576551282076245490090389328944075868508455133942304583236903222948165808559332123348274797826204144723168738177180919299881250404026184124858368.000000
[INFO]:[18:18:58] Starting CPLEX solver on instance: /home/yorig/tuner/mpils-tests/instances/miplib/medium-1/csched007.mps with config: /scratch/yorig/mpils-results-grid-ticks-10000-7may/medium-1/24proc-4pils/seed-7/3_csched007_seed-7_20260510_181151/iterated_local_search/run_10_worker_20/parallel_4_2.prm
[INFO]:[18:19:04] CPLEX results. Gap: 19.010000, upper bound: 365.000000, lower bound: 295.629167
[INFO]:[18:19:04] CPLEX solver finished. Gap: 19.010000
[INFO]:[18:19:04] Starting CPLEX solver on instance: /home/yorig/tuner/mpils-tests/instances/miplib/medium-1/csched007.mps with config: /scratch/yorig/mpils-results-grid-ticks-10000-7may/medium-1/24proc-4pils/seed-7/3_csched007_seed-7_20260510_181151/iterated_local_search/run_10_worker_20/parallel_8_2.prm
[INFO]:[18:19:11] CPLEX results. Gap: 19.010000, upper bound: 365.000000, lower bound: 295.629167
[INFO]:[18:19:11] CPLEX solver finished. Gap: 19.010000
[INFO]:[18:19:11] Starting CPLEX solver on instance: /home/yorig/tuner/mpils-tests/instances/miplib/medium-1/csched007.mps with config: /scratch/yorig/mpils-results-grid-ticks-10000-7may/medium-1/24proc-4pils/seed-7/3_csched007_seed-7_20260510_181151/iterated_local_search/run_10_worker_20/parallel_12_2.prm
[INFO]:[18:19:18] CPLEX results. Gap: 21.780000, upper bound: 381.000000, lower bound: 298.000000
[INFO]:[18:19:18] CPLEX solver finished. Gap: 21.780000
[INFO]:[18:19:18] Starting CPLEX solver on instance: /home/yorig/tuner/mpils-tests/instances/miplib/medium-1/csched007.mps with config: /scratch/yorig/mpils-results-grid-ticks-10000-7may/medium-1/24proc-4pils/seed-7/3_csched007_seed-7_20260510_181151/iterated_local_search/run_10_worker_20/parallel_16_2.prm
[INFO]:[18:19:25] CPLEX results. Gap: 19.010000, upper bound: 365.000000, lower bound: 295.629167
[INFO]:[18:19:25] CPLEX solver finished. Gap: 19.010000
[INFO]:[18:19:25] Starting CPLEX solver on instance: /home/yorig/tuner/mpils-tests/instances/miplib/medium-1/csched007.mps with config: /scratch/yorig/mpils-results-grid-ticks-10000-7may/medium-1/24proc-4pils/seed-7/3_csched007_seed-7_20260510_181151/iterated_local_search/run_10_worker_20/parallel_20_2.prm
[INFO]:[18:19:31] CPLEX results. Gap: 19.010000, upper bound: 365.000000, lower bound: 295.629167
[INFO]:[18:19:31] CPLEX solver finished. Gap: 19.010000
[INFO]:[18:19:31] Starting CPLEX solver on instance: /home/yorig/tuner/mpils-tests/instances/miplib/medium-1/csched007.mps with config: /scratch/yorig/mpils-results-grid-ticks-10000-7may/medium-1/24proc-4pils/seed-7/3_csched007_seed-7_20260510_181151/iterated_local_search/run_10_worker_20/parallel_24_2.prm
[INFO]:[18:19:37] CPLEX results. Gap: 23.050000, upper bound: 364.000000, lower bound: 280.080000
[INFO]:[18:19:37] CPLEX solver finished. Gap: 23.050000
[INFO]:[18:19:38] Starting CPLEX solver on instance: /home/yorig/tuner/mpils-tests/instances/miplib/medium-1/csched007.mps with config: /scratch/yorig/mpils-results-grid-ticks-10000-7may/medium-1/24proc-4pils/seed-7/3_csched007_seed-7_20260510_181151/iterated_local_search/run_10_worker_20/parallel_28_2.prm
[INFO]:[18:19:44] CPLEX results. Gap: 19.070000, upper bound: 368.000000, lower bound: 297.810417
[INFO]:[18:19:44] CPLEX solver finished. Gap: 19.070000
[INFO]:[18:19:44] Worker (ils_group_rank=2) exiting parallel ILS evaluation service.
[INFO]:[18:19:48] Worker 22 completed exploration phase.
[INFO]:[18:19:49] Worker 22 received order for step 3.
[INFO]:[18:19:49] Worker 22 finished.
