[INFO]:[04:14:23] Worker 20 starting.
[INFO]:[04:14:23] Worker 20 received order for step 1.
[INFO]:[04:14:23] Worker 20 running exploration phase for iteration 1.
[INFO]:[04:14:23] Worker 20 at iteration 1 will not use a MIP start file. Current best MIP-start upper bound threshold is 1.79769e+308.
[INFO]:[04:14:23] Starting local search phase...
[INFO]:[04:14:23] Worker (ils_group_rank=8) entering parallel ILS evaluation service.
[INFO]:[04:14:23] Starting CPLEX solver on instance: /home/yorig/tuner/mpils-tests/instances/miplib/medium-1/b1c1s1.mps with config: /scratch/yorig/mpils-results-grid-ticks-10000-7may/medium-1/24proc-12pils/seed-3/1_b1c1s1_seed-3_20260510_041422/iterated_local_search/run_1_worker_12/parallel_0_8.prm
[INFO]:[04:14:30] CPLEX results. Gap: 20.870000, upper bound: 25800.240000, lower bound: 20415.454482
[INFO]:[04:14:30] CPLEX solver finished. Gap: 20.870000
[INFO]:[04:14:30] Starting CPLEX solver on instance: /home/yorig/tuner/mpils-tests/instances/miplib/medium-1/b1c1s1.mps with config: /scratch/yorig/mpils-results-grid-ticks-10000-7may/medium-1/24proc-12pils/seed-3/1_b1c1s1_seed-3_20260510_041422/iterated_local_search/run_1_worker_12/parallel_12_8.prm
[INFO]:[04:14:36] CPLEX results. Gap: 20.400000, upper bound: 25688.310000, lower bound: 20448.353710
[INFO]:[04:14:36] CPLEX solver finished. Gap: 20.400000
[INFO]:[04:14:37] Worker (ils_group_rank=8) exiting parallel ILS evaluation service.
[INFO]:[04:14:37] Worker 20 completed exploration phase.
[INFO]:[04:14:37] Worker 20 received order for step 2.
[INFO]:[04:14:37] Worker 20 running expansion phase for iteration 1.
[INFO]:[04:14:37] Worker 20 will use solver log file: /scratch/yorig/mpils-results-grid-ticks-10000-7may/medium-1/24proc-12pils/seed-3/1_b1c1s1_seed-3_20260510_041422/solver/cplex.log_iteration_expansion_1_worker_20
[INFO]:[04:14:37] Expansion Worker 20 starting expansion for iteration 1.
[INFO]:[04:14:37] Starting CPLEX solver on instance: /home/yorig/tuner/mpils-tests/instances/miplib/medium-1/b1c1s1.mps with config: /scratch/yorig/mpils-results-grid-ticks-10000-7may/medium-1/24proc-12pils/seed-3/1_b1c1s1_seed-3_20260510_041422/expansion/config_param_CPXPARAM_MIP_Limits_ProbeTime_1_iter_1.prm
[INFO]:[04:14:43] CPLEX results. Gap: 18.780000, upper bound: 25514.100000, lower bound: 20722.668830
[INFO]:[04:14:43] CPLEX solver finished. Gap: 18.780000
[INFO]:[04:14:43] Starting CPLEX solver on instance: /home/yorig/tuner/mpils-tests/instances/miplib/medium-1/b1c1s1.mps with config: /scratch/yorig/mpils-results-grid-ticks-10000-7may/medium-1/24proc-12pils/seed-3/1_b1c1s1_seed-3_20260510_041422/expansion/config_param_CPXPARAM_MIP_Strategy_BBInterval_10_iter_1.prm
[INFO]:[04:14:50] CPLEX results. Gap: 16.840000, upper bound: 24918.720000, lower bound: 20722.085401
[INFO]:[04:14:50] CPLEX solver finished. Gap: 16.840000
[INFO]:[04:14:56] Expansion Worker 20 completed expansion.
[INFO]:[04:14:56] Worker 20 completed expansion phase.
[INFO]:[04:14:56] Worker 20 received order for step 1.
[INFO]:[04:14:56] Worker 20 running exploration phase for iteration 2.
[INFO]:[04:14:56] Worker 20 at iteration 2 will not use a MIP start file. Current best MIP-start upper bound threshold is 1.79769e+308.
[INFO]:[04:14:56] Starting local search phase...
[INFO]:[04:14:56] Worker (ils_group_rank=8) entering parallel ILS evaluation service.
[INFO]:[04:14:56] Starting CPLEX solver on instance: /home/yorig/tuner/mpils-tests/instances/miplib/medium-1/b1c1s1.mps with config: /scratch/yorig/mpils-results-grid-ticks-10000-7may/medium-1/24proc-12pils/seed-3/1_b1c1s1_seed-3_20260510_041422/iterated_local_search/run_2_worker_12/parallel_0_8.prm
[INFO]:[04:15:03] CPLEX results. Gap: 36.920000, upper bound: 28624.000000, lower bound: 18055.898334
[INFO]:[04:15:03] CPLEX solver finished. Gap: 36.920000
[INFO]:[04:15:03] Worker (ils_group_rank=8) exiting parallel ILS evaluation service.
[INFO]:[04:15:03] Worker 20 completed exploration phase.
[INFO]:[04:15:03] Worker 20 received order for step 2.
[INFO]:[04:15:03] Worker 20 running expansion phase for iteration 2.
[INFO]:[04:15:03] Worker 20 will use solver log file: /scratch/yorig/mpils-results-grid-ticks-10000-7may/medium-1/24proc-12pils/seed-3/1_b1c1s1_seed-3_20260510_041422/solver/cplex.log_iteration_expansion_2_worker_20
[INFO]:[04:15:03] Expansion Worker 20 starting expansion for iteration 2.
[INFO]:[04:15:03] Starting CPLEX solver on instance: /home/yorig/tuner/mpils-tests/instances/miplib/medium-1/b1c1s1.mps with config: /scratch/yorig/mpils-results-grid-ticks-10000-7may/medium-1/24proc-12pils/seed-3/1_b1c1s1_seed-3_20260510_041422/expansion/config_param_CPXPARAM_MIP_Strategy_HeuristicFreq_1000_iter_2.prm
[INFO]:[04:15:09] CPLEX results. Gap: 17.620000, upper bound: 25199.840000, lower bound: 20759.112450
[INFO]:[04:15:09] CPLEX solver finished. Gap: 17.620000
[INFO]:[04:15:17] Expansion Worker 20 completed expansion.
[INFO]:[04:15:17] Worker 20 completed expansion phase.
[INFO]:[04:15:17] Worker 20 received order for step 1.
[INFO]:[04:15:17] Worker 20 running exploration phase for iteration 3.
[INFO]:[04:15:17] Worker 20 at iteration 3 will not use a MIP start file. Current best MIP-start upper bound threshold is 1.79769e+308.
[INFO]:[04:15:17] Starting local search phase...
[INFO]:[04:15:17] Worker (ils_group_rank=8) entering parallel ILS evaluation service.
[INFO]:[04:15:17] Starting CPLEX solver on instance: /home/yorig/tuner/mpils-tests/instances/miplib/medium-1/b1c1s1.mps with config: /scratch/yorig/mpils-results-grid-ticks-10000-7may/medium-1/24proc-12pils/seed-3/1_b1c1s1_seed-3_20260510_041422/iterated_local_search/run_3_worker_12/parallel_0_8.prm
[INFO]:[04:15:23] CPLEX results. Gap: 44.260000, upper bound: 25390.210000, lower bound: 14152.690577
[INFO]:[04:15:23] CPLEX solver finished. Gap: 44.260000
[INFO]:[04:15:24] Worker (ils_group_rank=8) exiting parallel ILS evaluation service.
[INFO]:[04:15:24] Worker 20 completed exploration phase.
[INFO]:[04:15:24] Worker 20 received order for step 2.
[INFO]:[04:15:24] Worker 20 running expansion phase for iteration 3.
[INFO]:[04:15:24] Worker 20 will use solver log file: /scratch/yorig/mpils-results-grid-ticks-10000-7may/medium-1/24proc-12pils/seed-3/1_b1c1s1_seed-3_20260510_041422/solver/cplex.log_iteration_expansion_3_worker_20
[INFO]:[04:15:24] Expansion Worker 20 starting expansion for iteration 3.
[INFO]:[04:15:24] Starting CPLEX solver on instance: /home/yorig/tuner/mpils-tests/instances/miplib/medium-1/b1c1s1.mps with config: /scratch/yorig/mpils-results-grid-ticks-10000-7may/medium-1/24proc-12pils/seed-3/1_b1c1s1_seed-3_20260510_041422/expansion/config_param_CPXPARAM_Barrier_Ordering_3_iter_3.prm
[INFO]:[04:15:31] CPLEX results. Gap: 16.840000, upper bound: 24918.720000, lower bound: 20722.085401
[INFO]:[04:15:31] CPLEX solver finished. Gap: 16.840000
[INFO]:[04:15:37] Expansion Worker 20 completed expansion.
[INFO]:[04:15:37] Worker 20 completed expansion phase.
[INFO]:[04:15:37] Worker 20 received order for step 1.
[INFO]:[04:15:37] Worker 20 running exploration phase for iteration 4.
[INFO]:[04:15:37] Worker 20 at iteration 4 will not use a MIP start file. Current best MIP-start upper bound threshold is 1.79769e+308.
[INFO]:[04:15:37] Starting local search phase...
[INFO]:[04:15:37] Worker (ils_group_rank=8) entering parallel ILS evaluation service.
[INFO]:[04:15:37] Starting CPLEX solver on instance: /home/yorig/tuner/mpils-tests/instances/miplib/medium-1/b1c1s1.mps with config: /scratch/yorig/mpils-results-grid-ticks-10000-7may/medium-1/24proc-12pils/seed-3/1_b1c1s1_seed-3_20260510_041422/iterated_local_search/run_4_worker_12/parallel_0_8.prm
[INFO]:[04:15:44] CPLEX results. Gap: 46.970000, upper bound: 38456.210000, lower bound: 20393.371131
[INFO]:[04:15:44] CPLEX solver finished. Gap: 46.970000
[INFO]:[04:15:45] Starting CPLEX solver on instance: /home/yorig/tuner/mpils-tests/instances/miplib/medium-1/b1c1s1.mps with config: /scratch/yorig/mpils-results-grid-ticks-10000-7may/medium-1/24proc-12pils/seed-3/1_b1c1s1_seed-3_20260510_041422/iterated_local_search/run_4_worker_12/parallel_12_8.prm
[INFO]:[04:15:52] CPLEX results. Gap: 32.820000, upper bound: 24668.870000, lower bound: 16573.378685
[INFO]:[04:15:52] CPLEX solver finished. Gap: 32.820000
[INFO]:[04:15:52] Worker (ils_group_rank=8) exiting parallel ILS evaluation service.
[INFO]:[04:15:52] Worker 20 completed exploration phase.
[INFO]:[04:15:52] Worker 20 received order for step 2.
[INFO]:[04:15:52] Worker 20 running expansion phase for iteration 4.
[INFO]:[04:15:52] Worker 20 will use solver log file: /scratch/yorig/mpils-results-grid-ticks-10000-7may/medium-1/24proc-12pils/seed-3/1_b1c1s1_seed-3_20260510_041422/solver/cplex.log_iteration_expansion_4_worker_20
[INFO]:[04:15:52] Expansion Worker 20 starting expansion for iteration 4.
[INFO]:[04:15:52] Starting CPLEX solver on instance: /home/yorig/tuner/mpils-tests/instances/miplib/medium-1/b1c1s1.mps with config: /scratch/yorig/mpils-results-grid-ticks-10000-7may/medium-1/24proc-12pils/seed-3/1_b1c1s1_seed-3_20260510_041422/expansion/config_param_CPXPARAM_MIP_Strategy_File_3_iter_4.prm
[INFO]:[04:15:58] CPLEX results. Gap: 16.840000, upper bound: 24918.720000, lower bound: 20722.085401
[INFO]:[04:15:58] CPLEX solver finished. Gap: 16.840000
[INFO]:[04:15:58] Expansion Worker 20 stopping early after global MPI expansion stop was activated.
[INFO]:[04:15:58] Expansion Worker 20 completed expansion.
[INFO]:[04:15:58] Worker 20 completed expansion phase.
[INFO]:[04:15:59] Worker 20 received order for step 1.
[INFO]:[04:15:59] Worker 20 running exploration phase for iteration 5.
[INFO]:[04:15:59] Worker 20 at iteration 5 will not use a MIP start file. Current best MIP-start upper bound threshold is 1.79769e+308.
[INFO]:[04:15:59] Starting local search phase...
[INFO]:[04:15:59] Worker (ils_group_rank=8) entering parallel ILS evaluation service.
[INFO]:[04:15:59] Starting CPLEX solver on instance: /home/yorig/tuner/mpils-tests/instances/miplib/medium-1/b1c1s1.mps with config: /scratch/yorig/mpils-results-grid-ticks-10000-7may/medium-1/24proc-12pils/seed-3/1_b1c1s1_seed-3_20260510_041422/iterated_local_search/run_5_worker_12/parallel_0_8.prm
[INFO]:[04:16:05] CPLEX results. Gap: 77.630000, upper bound: 27257.000000, lower bound: 6096.074224
[INFO]:[04:16:05] CPLEX solver finished. Gap: 77.630000
[INFO]:[04:16:06] Worker (ils_group_rank=8) exiting parallel ILS evaluation service.
[INFO]:[04:16:06] Worker 20 completed exploration phase.
[INFO]:[04:16:06] Worker 20 received order for step 2.
[INFO]:[04:16:06] Worker 20 running expansion phase for iteration 5.
[INFO]:[04:16:06] Worker 20 will use solver log file: /scratch/yorig/mpils-results-grid-ticks-10000-7may/medium-1/24proc-12pils/seed-3/1_b1c1s1_seed-3_20260510_041422/solver/cplex.log_iteration_expansion_5_worker_20
[INFO]:[04:16:06] Expansion Worker 20 starting expansion for iteration 5.
[INFO]:[04:16:06] Starting CPLEX solver on instance: /home/yorig/tuner/mpils-tests/instances/miplib/medium-1/b1c1s1.mps with config: /scratch/yorig/mpils-results-grid-ticks-10000-7may/medium-1/24proc-12pils/seed-3/1_b1c1s1_seed-3_20260510_041422/expansion/config_param_CPXPARAM_Preprocessing_Reduce_2_iter_5.prm
[INFO]:[04:16:13] CPLEX results. Gap: 28.520000, upper bound: 25875.380000, lower bound: 18495.865705
[INFO]:[04:16:13] CPLEX solver finished. Gap: 28.520000
[INFO]:[04:16:19] Expansion Worker 20 completed expansion.
[INFO]:[04:16:19] Worker 20 completed expansion phase.
[INFO]:[04:16:19] Worker 20 received order for step 1.
[INFO]:[04:16:19] Worker 20 running exploration phase for iteration 6.
[INFO]:[04:16:19] Worker 20 at iteration 6 will not use a MIP start file. Current best MIP-start upper bound threshold is 1.79769e+308.
[INFO]:[04:16:19] Starting local search phase...
[INFO]:[04:16:19] Worker (ils_group_rank=8) entering parallel ILS evaluation service.
[INFO]:[04:16:19] Starting CPLEX solver on instance: /home/yorig/tuner/mpils-tests/instances/miplib/medium-1/b1c1s1.mps with config: /scratch/yorig/mpils-results-grid-ticks-10000-7may/medium-1/24proc-12pils/seed-3/1_b1c1s1_seed-3_20260510_041422/iterated_local_search/run_6_worker_12/parallel_0_8.prm
[INFO]:[04:16:26] CPLEX results. Gap: 53.170000, upper bound: 25089.080000, lower bound: 11749.720127
[INFO]:[04:16:26] CPLEX solver finished. Gap: 53.170000
[INFO]:[04:16:27] Starting CPLEX solver on instance: /home/yorig/tuner/mpils-tests/instances/miplib/medium-1/b1c1s1.mps with config: /scratch/yorig/mpils-results-grid-ticks-10000-7may/medium-1/24proc-12pils/seed-3/1_b1c1s1_seed-3_20260510_041422/iterated_local_search/run_6_worker_12/parallel_12_8.prm
[INFO]:[04:16:34] CPLEX results. Gap: 28.900000, upper bound: 25660.930000, lower bound: 18245.002092
[INFO]:[04:16:34] CPLEX solver finished. Gap: 28.900000
[INFO]:[04:16:34] Worker (ils_group_rank=8) exiting parallel ILS evaluation service.
[INFO]:[04:16:34] Worker 20 completed exploration phase.
[INFO]:[04:16:34] Worker 20 received order for step 2.
[INFO]:[04:16:34] Worker 20 running expansion phase for iteration 6.
[INFO]:[04:16:34] Worker 20 will use solver log file: /scratch/yorig/mpils-results-grid-ticks-10000-7may/medium-1/24proc-12pils/seed-3/1_b1c1s1_seed-3_20260510_041422/solver/cplex.log_iteration_expansion_6_worker_20
[INFO]:[04:16:34] Expansion Worker 20 starting expansion for iteration 6.
[INFO]:[04:16:34] Starting CPLEX solver on instance: /home/yorig/tuner/mpils-tests/instances/miplib/medium-1/b1c1s1.mps with config: /scratch/yorig/mpils-results-grid-ticks-10000-7may/medium-1/24proc-12pils/seed-3/1_b1c1s1_seed-3_20260510_041422/expansion/config_param_CPXPARAM_MIP_Limits_StrongCand_2_iter_6.prm
[INFO]:[04:16:41] CPLEX results. Gap: 16.640000, upper bound: 24887.490000, lower bound: 20746.683814
[INFO]:[04:16:41] CPLEX solver finished. Gap: 16.640000
[INFO]:[04:16:47] Expansion Worker 20 completed expansion.
[INFO]:[04:16:47] Worker 20 completed expansion phase.
[INFO]:[04:16:47] Worker 20 received order for step 1.
[INFO]:[04:16:47] Worker 20 running exploration phase for iteration 7.
[INFO]:[04:16:47] Worker 20 at iteration 7 will not use a MIP start file. Current best MIP-start upper bound threshold is 1.79769e+308.
[INFO]:[04:16:47] Starting local search phase...
[INFO]:[04:16:47] Worker (ils_group_rank=8) entering parallel ILS evaluation service.
[INFO]:[04:16:47] Starting CPLEX solver on instance: /home/yorig/tuner/mpils-tests/instances/miplib/medium-1/b1c1s1.mps with config: /scratch/yorig/mpils-results-grid-ticks-10000-7may/medium-1/24proc-12pils/seed-3/1_b1c1s1_seed-3_20260510_041422/iterated_local_search/run_7_worker_12/parallel_0_8.prm
[INFO]:[04:16:53] CPLEX results. Gap: 83.590000, upper bound: 65471.590000, lower bound: 10741.870181
[INFO]:[04:16:53] CPLEX solver finished. Gap: 83.590000
[INFO]:[04:16:55] Starting CPLEX solver on instance: /home/yorig/tuner/mpils-tests/instances/miplib/medium-1/b1c1s1.mps with config: /scratch/yorig/mpils-results-grid-ticks-10000-7may/medium-1/24proc-12pils/seed-3/1_b1c1s1_seed-3_20260510_041422/iterated_local_search/run_7_worker_12/parallel_12_8.prm
[INFO]:[04:17:02] CPLEX results. Gap: 24.730000, upper bound: 24934.000000, lower bound: 18767.853863
[INFO]:[04:17:02] CPLEX solver finished. Gap: 24.730000
[INFO]:[04:17:02] Starting CPLEX solver on instance: /home/yorig/tuner/mpils-tests/instances/miplib/medium-1/b1c1s1.mps with config: /scratch/yorig/mpils-results-grid-ticks-10000-7may/medium-1/24proc-12pils/seed-3/1_b1c1s1_seed-3_20260510_041422/iterated_local_search/run_7_worker_12/parallel_24_8.prm
[INFO]:[04:17:09] CPLEX results. Gap: 24.730000, upper bound: 24934.000000, lower bound: 18767.853863
[INFO]:[04:17:09] CPLEX solver finished. Gap: 24.730000
[INFO]:[04:17:10] Worker (ils_group_rank=8) exiting parallel ILS evaluation service.
[INFO]:[04:17:10] Worker 20 completed exploration phase.
[INFO]:[04:17:10] Worker 20 received order for step 3.
[INFO]:[04:17:10] Worker 20 finished.
