[INFO]:[17:33:56] Worker 2 starting.
[INFO]:[17:33:56] Worker 2 received order for step 1.
[INFO]:[17:33:56] Worker 2 running exploration phase for iteration 1.
[INFO]:[17:33:56] Worker 2 at iteration 1 will not use a MIP start file. Current best MIP-start upper bound threshold is 1.79769e+308.
[INFO]:[17:33:56] Starting local search phase...
[INFO]:[17:33:56] Worker (ils_group_rank=2) entering parallel ILS evaluation service.
[INFO]:[17:33:56] Starting CPLEX solver on instance: /home/yorig/tuner/mpils-tests/instances/miplib/medium-1/neos-3024952-loue.mps with config: /scratch/yorig/mpils-results-grid-ticks-10000-7may/medium-1/24proc-24pils/seed-8/9_neos-3024952-loue_seed-8_20260510_173355/iterated_local_search/run_1_worker_0/parallel_0_2.prm
[INFO]:[17:34:03] CPLEX results. Gap: 18.510000, upper bound: 29932.000000, lower bound: 24392.346683
[INFO]:[17:34:03] CPLEX solver finished. Gap: 18.510000
[INFO]:[17:34:05] Worker (ils_group_rank=2) exiting parallel ILS evaluation service.
[INFO]:[17:34:05] Worker 2 completed exploration phase.
[INFO]:[17:34:05] Worker 2 received order for step 2.
[INFO]:[17:34:05] Worker 2 running expansion phase for iteration 1.
[INFO]:[17:34:05] Worker 2 will use solver log file: /scratch/yorig/mpils-results-grid-ticks-10000-7may/medium-1/24proc-24pils/seed-8/9_neos-3024952-loue_seed-8_20260510_173355/solver/cplex.log_iteration_expansion_1_worker_2
[INFO]:[17:34:05] Expansion Worker 2 starting expansion for iteration 1.
[INFO]:[17:34:05] Starting CPLEX solver on instance: /home/yorig/tuner/mpils-tests/instances/miplib/medium-1/neos-3024952-loue.mps with config: /scratch/yorig/mpils-results-grid-ticks-10000-7may/medium-1/24proc-24pils/seed-8/9_neos-3024952-loue_seed-8_20260510_173355/expansion/config_param_CPXPARAM_MIP_Strategy_Probe_2_iter_1.prm
[INFO]:[17:34:12] CPLEX results. Gap: 8.170000, upper bound: 28506.000000, lower bound: 26177.703015
[INFO]:[17:34:12] CPLEX solver finished. Gap: 8.170000
[INFO]:[17:34:12] Expansion Worker 2 stopping early after global MPI expansion stop was activated.
[INFO]:[17:34:12] Expansion Worker 2 completed expansion.
[INFO]:[17:34:12] Worker 2 completed expansion phase.
[INFO]:[17:34:12] Worker 2 received order for step 1.
[INFO]:[17:34:12] Worker 2 running exploration phase for iteration 2.
[INFO]:[17:34:12] Worker 2 at iteration 2 will not use a MIP start file. Current best MIP-start upper bound threshold is 1.79769e+308.
[INFO]:[17:34:12] Starting local search phase...
[INFO]:[17:34:12] Worker (ils_group_rank=2) entering parallel ILS evaluation service.
[INFO]:[17:34:12] Starting CPLEX solver on instance: /home/yorig/tuner/mpils-tests/instances/miplib/medium-1/neos-3024952-loue.mps with config: /scratch/yorig/mpils-results-grid-ticks-10000-7may/medium-1/24proc-24pils/seed-8/9_neos-3024952-loue_seed-8_20260510_173355/iterated_local_search/run_2_worker_0/parallel_0_2.prm
[INFO]:[17:34:20] CPLEX results. Gap: 12.660000, upper bound: 29804.000000, lower bound: 26030.066297
[INFO]:[17:34:20] CPLEX solver finished. Gap: 12.660000
[INFO]:[17:34:20] Worker (ils_group_rank=2) exiting parallel ILS evaluation service.
[INFO]:[17:34:20] Worker 2 completed exploration phase.
[INFO]:[17:34:20] Worker 2 received order for step 2.
[INFO]:[17:34:20] Worker 2 running expansion phase for iteration 2.
[INFO]:[17:34:20] Worker 2 will use solver log file: /scratch/yorig/mpils-results-grid-ticks-10000-7may/medium-1/24proc-24pils/seed-8/9_neos-3024952-loue_seed-8_20260510_173355/solver/cplex.log_iteration_expansion_2_worker_2
[INFO]:[17:34:20] Expansion Worker 2 starting expansion for iteration 2.
[INFO]:[17:34:20] Starting CPLEX solver on instance: /home/yorig/tuner/mpils-tests/instances/miplib/medium-1/neos-3024952-loue.mps with config: /scratch/yorig/mpils-results-grid-ticks-10000-7may/medium-1/24proc-24pils/seed-8/9_neos-3024952-loue_seed-8_20260510_173355/expansion/config_param_CPXPARAM_MIP_Strategy_NodeSelect_3_iter_2.prm
[INFO]:[17:34:28] CPLEX results. Gap: 8.540000, upper bound: 28536.000000, lower bound: 26098.526892
[INFO]:[17:34:28] CPLEX solver finished. Gap: 8.540000
[INFO]:[17:34:28] Starting CPLEX solver on instance: /home/yorig/tuner/mpils-tests/instances/miplib/medium-1/neos-3024952-loue.mps with config: /scratch/yorig/mpils-results-grid-ticks-10000-7may/medium-1/24proc-24pils/seed-8/9_neos-3024952-loue_seed-8_20260510_173355/expansion/config_param_CPXPARAM_MIP_Strategy_BBInterval_0_iter_2.prm
[INFO]:[17:34:35] CPLEX results. Gap: 5.550000, upper bound: 27690.000000, lower bound: 26152.595910
[INFO]:[17:34:35] CPLEX solver finished. Gap: 5.550000
[INFO]:[17:34:36] Expansion Worker 2 completed expansion.
[INFO]:[17:34:36] Worker 2 completed expansion phase.
[INFO]:[17:34:36] Worker 2 received order for step 1.
[INFO]:[17:34:36] Worker 2 running exploration phase for iteration 3.
[INFO]:[17:34:36] Worker 2 at iteration 3 will not use a MIP start file. Current best MIP-start upper bound threshold is 1.79769e+308.
[INFO]:[17:34:36] Starting local search phase...
[INFO]:[17:34:36] Worker (ils_group_rank=2) entering parallel ILS evaluation service.
[INFO]:[17:34:36] Starting CPLEX solver on instance: /home/yorig/tuner/mpils-tests/instances/miplib/medium-1/neos-3024952-loue.mps with config: /scratch/yorig/mpils-results-grid-ticks-10000-7may/medium-1/24proc-24pils/seed-8/9_neos-3024952-loue_seed-8_20260510_173355/iterated_local_search/run_3_worker_0/parallel_0_2.prm
[INFO]:[17:34:43] CPLEX results. Gap: 8.170000, upper bound: 28506.000000, lower bound: 26177.703015
[INFO]:[17:34:43] CPLEX solver finished. Gap: 8.170000
[INFO]:[17:34:43] Worker (ils_group_rank=2) exiting parallel ILS evaluation service.
[INFO]:[17:34:43] Worker 2 completed exploration phase.
[INFO]:[17:34:43] Worker 2 received order for step 2.
[INFO]:[17:34:43] Worker 2 running expansion phase for iteration 3.
[INFO]:[17:34:43] Worker 2 will use solver log file: /scratch/yorig/mpils-results-grid-ticks-10000-7may/medium-1/24proc-24pils/seed-8/9_neos-3024952-loue_seed-8_20260510_173355/solver/cplex.log_iteration_expansion_3_worker_2
[INFO]:[17:34:43] Expansion Worker 2 starting expansion for iteration 3.
[INFO]:[17:34:43] Starting CPLEX solver on instance: /home/yorig/tuner/mpils-tests/instances/miplib/medium-1/neos-3024952-loue.mps with config: /scratch/yorig/mpils-results-grid-ticks-10000-7may/medium-1/24proc-24pils/seed-8/9_neos-3024952-loue_seed-8_20260510_173355/expansion/config_param_CPXPARAM_Preprocessing_Symmetry_2_iter_3.prm
[INFO]:[17:34:51] CPLEX results. Gap: 5.550000, upper bound: 27690.000000, lower bound: 26152.595910
[INFO]:[17:34:51] CPLEX solver finished. Gap: 5.550000
[INFO]:[17:34:51] Expansion Worker 2 stopping early after global MPI expansion stop was activated.
[INFO]:[17:34:51] Expansion Worker 2 completed expansion.
[INFO]:[17:34:51] Worker 2 completed expansion phase.
[INFO]:[17:34:52] Worker 2 received order for step 1.
[INFO]:[17:34:52] Worker 2 running exploration phase for iteration 4.
[INFO]:[17:34:52] Worker 2 at iteration 4 will not use a MIP start file. Current best MIP-start upper bound threshold is 1.79769e+308.
[INFO]:[17:34:52] Starting local search phase...
[INFO]:[17:34:52] Worker (ils_group_rank=2) entering parallel ILS evaluation service.
[INFO]:[17:34:52] Starting CPLEX solver on instance: /home/yorig/tuner/mpils-tests/instances/miplib/medium-1/neos-3024952-loue.mps with config: /scratch/yorig/mpils-results-grid-ticks-10000-7may/medium-1/24proc-24pils/seed-8/9_neos-3024952-loue_seed-8_20260510_173355/iterated_local_search/run_4_worker_0/parallel_0_2.prm
[INFO]:[17:34:59] CPLEX results. Gap: 8.170000, upper bound: 28506.000000, lower bound: 26177.703015
[INFO]:[17:34:59] CPLEX solver finished. Gap: 8.170000
[INFO]:[17:34:59] Worker (ils_group_rank=2) exiting parallel ILS evaluation service.
[INFO]:[17:34:59] Worker 2 completed exploration phase.
[INFO]:[17:34:59] Worker 2 received order for step 2.
[INFO]:[17:34:59] Worker 2 running expansion phase for iteration 4.
[INFO]:[17:34:59] Worker 2 will use solver log file: /scratch/yorig/mpils-results-grid-ticks-10000-7may/medium-1/24proc-24pils/seed-8/9_neos-3024952-loue_seed-8_20260510_173355/solver/cplex.log_iteration_expansion_4_worker_2
[INFO]:[17:34:59] Expansion Worker 2 starting expansion for iteration 4.
[INFO]:[17:34:59] Starting CPLEX solver on instance: /home/yorig/tuner/mpils-tests/instances/miplib/medium-1/neos-3024952-loue.mps with config: /scratch/yorig/mpils-results-grid-ticks-10000-7may/medium-1/24proc-24pils/seed-8/9_neos-3024952-loue_seed-8_20260510_173355/expansion/config_param_CPXPARAM_MIP_Strategy_StartAlgorithm_3_iter_4.prm
[INFO]:[17:35:07] CPLEX results. Gap: 5.260000, upper bound: 27501.000000, lower bound: 26054.559911
[INFO]:[17:35:07] CPLEX solver finished. Gap: 5.260000
[INFO]:[17:35:09] Expansion Worker 2 stopping early after global MPI expansion stop was activated.
[INFO]:[17:35:09] Expansion Worker 2 completed expansion.
[INFO]:[17:35:09] Worker 2 completed expansion phase.
[INFO]:[17:35:09] Worker 2 received order for step 1.
[INFO]:[17:35:09] Worker 2 running exploration phase for iteration 5.
[INFO]:[17:35:09] Worker 2 at iteration 5 will not use a MIP start file. Current best MIP-start upper bound threshold is 1.79769e+308.
[INFO]:[17:35:09] Starting local search phase...
[INFO]:[17:35:09] Worker (ils_group_rank=2) entering parallel ILS evaluation service.
[INFO]:[17:35:09] Starting CPLEX solver on instance: /home/yorig/tuner/mpils-tests/instances/miplib/medium-1/neos-3024952-loue.mps with config: /scratch/yorig/mpils-results-grid-ticks-10000-7may/medium-1/24proc-24pils/seed-8/9_neos-3024952-loue_seed-8_20260510_173355/iterated_local_search/run_5_worker_0/parallel_0_2.prm
[INFO]:[17:35:16] CPLEX results. Gap: 12.080000, upper bound: 29704.000000, lower bound: 26116.850564
[INFO]:[17:35:16] CPLEX solver finished. Gap: 12.080000
[INFO]:[17:35:17] Worker (ils_group_rank=2) exiting parallel ILS evaluation service.
[INFO]:[17:35:17] Worker 2 completed exploration phase.
[INFO]:[17:35:17] Worker 2 received order for step 2.
[INFO]:[17:35:17] Worker 2 running expansion phase for iteration 5.
[INFO]:[17:35:17] Worker 2 will use solver log file: /scratch/yorig/mpils-results-grid-ticks-10000-7may/medium-1/24proc-24pils/seed-8/9_neos-3024952-loue_seed-8_20260510_173355/solver/cplex.log_iteration_expansion_5_worker_2
[INFO]:[17:35:17] Expansion Worker 2 starting expansion for iteration 5.
[INFO]:[17:35:17] Starting CPLEX solver on instance: /home/yorig/tuner/mpils-tests/instances/miplib/medium-1/neos-3024952-loue.mps with config: /scratch/yorig/mpils-results-grid-ticks-10000-7may/medium-1/24proc-24pils/seed-8/9_neos-3024952-loue_seed-8_20260510_173355/expansion/config_param_CPXPARAM_Simplex_PGradient_2_iter_5.prm
[INFO]:[17:35:24] CPLEX results. Gap: 5.900000, upper bound: 27766.000000, lower bound: 26126.669698
[INFO]:[17:35:24] CPLEX solver finished. Gap: 5.900000
[INFO]:[17:35:25] Starting CPLEX solver on instance: /home/yorig/tuner/mpils-tests/instances/miplib/medium-1/neos-3024952-loue.mps with config: /scratch/yorig/mpils-results-grid-ticks-10000-7may/medium-1/24proc-24pils/seed-8/9_neos-3024952-loue_seed-8_20260510_173355/expansion/config_param_CPXPARAM_Preprocessing_CoeffReduce_0_iter_5.prm
[INFO]:[17:35:31] CPLEX results. Gap: 4.610000, upper bound: 27404.000000, lower bound: 26140.297001
[INFO]:[17:35:31] CPLEX solver finished. Gap: 4.610000
[INFO]:[17:35:32] Expansion Worker 2 completed expansion.
[INFO]:[17:35:32] Worker 2 completed expansion phase.
[INFO]:[17:35:32] Worker 2 received order for step 1.
[INFO]:[17:35:32] Worker 2 running exploration phase for iteration 6.
[INFO]:[17:35:32] Worker 2 at iteration 6 will not use a MIP start file. Current best MIP-start upper bound threshold is 1.79769e+308.
[INFO]:[17:35:32] Starting local search phase...
[INFO]:[17:35:32] Worker (ils_group_rank=2) entering parallel ILS evaluation service.
[INFO]:[17:35:32] Starting CPLEX solver on instance: /home/yorig/tuner/mpils-tests/instances/miplib/medium-1/neos-3024952-loue.mps with config: /scratch/yorig/mpils-results-grid-ticks-10000-7may/medium-1/24proc-24pils/seed-8/9_neos-3024952-loue_seed-8_20260510_173355/iterated_local_search/run_6_worker_0/parallel_0_2.prm
[INFO]:[17:35:39] CPLEX results. Gap: 8.170000, upper bound: 28506.000000, lower bound: 26177.703015
[INFO]:[17:35:39] CPLEX solver finished. Gap: 8.170000
[INFO]:[17:35:39] Worker (ils_group_rank=2) exiting parallel ILS evaluation service.
[INFO]:[17:35:39] Worker 2 completed exploration phase.
[INFO]:[17:35:39] Worker 2 received order for step 2.
[INFO]:[17:35:39] Worker 2 running expansion phase for iteration 6.
[INFO]:[17:35:39] Worker 2 will use solver log file: /scratch/yorig/mpils-results-grid-ticks-10000-7may/medium-1/24proc-24pils/seed-8/9_neos-3024952-loue_seed-8_20260510_173355/solver/cplex.log_iteration_expansion_6_worker_2
[INFO]:[17:35:39] Expansion Worker 2 starting expansion for iteration 6.
[INFO]:[17:35:39] Starting CPLEX solver on instance: /home/yorig/tuner/mpils-tests/instances/miplib/medium-1/neos-3024952-loue.mps with config: /scratch/yorig/mpils-results-grid-ticks-10000-7may/medium-1/24proc-24pils/seed-8/9_neos-3024952-loue_seed-8_20260510_173355/expansion/config_param_CPXPARAM_Preprocessing_Dependency_2_iter_6.prm
[INFO]:[17:35:46] CPLEX results. Gap: 4.610000, upper bound: 27404.000000, lower bound: 26140.297001
[INFO]:[17:35:46] CPLEX solver finished. Gap: 4.610000
[INFO]:[17:35:47] Starting CPLEX solver on instance: /home/yorig/tuner/mpils-tests/instances/miplib/medium-1/neos-3024952-loue.mps with config: /scratch/yorig/mpils-results-grid-ticks-10000-7may/medium-1/24proc-24pils/seed-8/9_neos-3024952-loue_seed-8_20260510_173355/expansion/config_param_CPXPARAM_Preprocessing_Relax_1_iter_6.prm
[INFO]:[17:35:53] CPLEX results. Gap: 4.610000, upper bound: 27404.000000, lower bound: 26140.297001
[INFO]:[17:35:53] CPLEX solver finished. Gap: 4.610000
[INFO]:[17:35:53] Expansion Worker 2 completed expansion.
[INFO]:[17:35:53] Worker 2 completed expansion phase.
[INFO]:[17:35:54] Worker 2 received order for step 1.
[INFO]:[17:35:54] Worker 2 running exploration phase for iteration 7.
[INFO]:[17:35:54] Worker 2 at iteration 7 will not use a MIP start file. Current best MIP-start upper bound threshold is 1.79769e+308.
[INFO]:[17:35:54] Starting local search phase...
[INFO]:[17:35:54] Worker (ils_group_rank=2) entering parallel ILS evaluation service.
[INFO]:[17:35:54] Starting CPLEX solver on instance: /home/yorig/tuner/mpils-tests/instances/miplib/medium-1/neos-3024952-loue.mps with config: /scratch/yorig/mpils-results-grid-ticks-10000-7may/medium-1/24proc-24pils/seed-8/9_neos-3024952-loue_seed-8_20260510_173355/iterated_local_search/run_7_worker_0/parallel_0_2.prm
[INFO]:[17:36:01] CPLEX results. Gap: 9.170000, upper bound: 28787.000000, lower bound: 26148.365099
[INFO]:[17:36:01] CPLEX solver finished. Gap: 9.170000
[INFO]:[17:36:01] Starting CPLEX solver on instance: /home/yorig/tuner/mpils-tests/instances/miplib/medium-1/neos-3024952-loue.mps with config: /scratch/yorig/mpils-results-grid-ticks-10000-7may/medium-1/24proc-24pils/seed-8/9_neos-3024952-loue_seed-8_20260510_173355/iterated_local_search/run_7_worker_0/parallel_24_2.prm
[INFO]:[17:36:09] CPLEX results. Gap: 8.170000, upper bound: 28506.000000, lower bound: 26177.703015
[INFO]:[17:36:09] CPLEX solver finished. Gap: 8.170000
[INFO]:[17:36:09] Worker (ils_group_rank=2) exiting parallel ILS evaluation service.
[INFO]:[17:36:09] Worker 2 completed exploration phase.
[INFO]:[17:36:09] Worker 2 received order for step 2.
[INFO]:[17:36:09] Worker 2 running expansion phase for iteration 7.
[INFO]:[17:36:09] Worker 2 will use solver log file: /scratch/yorig/mpils-results-grid-ticks-10000-7may/medium-1/24proc-24pils/seed-8/9_neos-3024952-loue_seed-8_20260510_173355/solver/cplex.log_iteration_expansion_7_worker_2
[INFO]:[17:36:09] Expansion Worker 2 starting expansion for iteration 7.
[INFO]:[17:36:09] Starting CPLEX solver on instance: /home/yorig/tuner/mpils-tests/instances/miplib/medium-1/neos-3024952-loue.mps with config: /scratch/yorig/mpils-results-grid-ticks-10000-7may/medium-1/24proc-24pils/seed-8/9_neos-3024952-loue_seed-8_20260510_173355/expansion/config_param_CPXPARAM_Preprocessing_RepeatPresolve_2_iter_7.prm
[INFO]:[17:36:16] CPLEX results. Gap: 14.230000, upper bound: 30478.000000, lower bound: 26141.458166
[INFO]:[17:36:16] CPLEX solver finished. Gap: 14.230000
[INFO]:[17:36:16] Starting CPLEX solver on instance: /home/yorig/tuner/mpils-tests/instances/miplib/medium-1/neos-3024952-loue.mps with config: /scratch/yorig/mpils-results-grid-ticks-10000-7may/medium-1/24proc-24pils/seed-8/9_neos-3024952-loue_seed-8_20260510_173355/expansion/config_param_CPXPARAM_MIP_Limits_StrongCand_20_iter_7.prm
[INFO]:[17:36:23] CPLEX results. Gap: 4.610000, upper bound: 27404.000000, lower bound: 26140.297001
[INFO]:[17:36:23] CPLEX solver finished. Gap: 4.610000
[INFO]:[17:36:23] Expansion Worker 2 completed expansion.
[INFO]:[17:36:23] Worker 2 completed expansion phase.
[INFO]:[17:36:23] Worker 2 received order for step 1.
[INFO]:[17:36:23] Worker 2 running exploration phase for iteration 8.
[INFO]:[17:36:23] Worker 2 at iteration 8 will not use a MIP start file. Current best MIP-start upper bound threshold is 1.79769e+308.
[INFO]:[17:36:23] Starting local search phase...
[INFO]:[17:36:23] Worker (ils_group_rank=2) entering parallel ILS evaluation service.
[INFO]:[17:36:23] Starting CPLEX solver on instance: /home/yorig/tuner/mpils-tests/instances/miplib/medium-1/neos-3024952-loue.mps with config: /scratch/yorig/mpils-results-grid-ticks-10000-7may/medium-1/24proc-24pils/seed-8/9_neos-3024952-loue_seed-8_20260510_173355/iterated_local_search/run_8_worker_0/parallel_0_2.prm
[WARN]:[17:36:30] CPLEX finished without a primal feasible solution for config /scratch/yorig/mpils-results-grid-ticks-10000-7may/medium-1/24proc-24pils/seed-8/9_neos-3024952-loue_seed-8_20260510_173355/iterated_local_search/run_8_worker_0/parallel_0_2.prm.
[INFO]:[17:36:30] CPLEX results. Gap: unavailable, upper bound: null, lower bound: 24447.935303
[INFO]:[17:36:30] CPLEX solver finished. Gap: 179769313486231570814527423731704356798070567525844996598917476803157260780028538760589558632766878171540458953514382464234321326889464182768467546703537516986049910576551282076245490090389328944075868508455133942304583236903222948165808559332123348274797826204144723168738177180919299881250404026184124858368.000000
[INFO]:[17:36:31] Starting CPLEX solver on instance: /home/yorig/tuner/mpils-tests/instances/miplib/medium-1/neos-3024952-loue.mps with config: /scratch/yorig/mpils-results-grid-ticks-10000-7may/medium-1/24proc-24pils/seed-8/9_neos-3024952-loue_seed-8_20260510_173355/iterated_local_search/run_8_worker_0/parallel_24_2.prm
[INFO]:[17:36:38] CPLEX results. Gap: 17.380000, upper bound: 29902.000000, lower bound: 24705.123811
[INFO]:[17:36:38] CPLEX solver finished. Gap: 17.380000
[INFO]:[17:36:39] Worker (ils_group_rank=2) exiting parallel ILS evaluation service.
[INFO]:[17:36:39] Worker 2 completed exploration phase.
[INFO]:[17:36:39] Worker 2 received order for step 3.
[INFO]:[17:36:39] Worker 2 finished.
