[INFO]:[03:35:35] Worker 2 starting.
[INFO]:[03:35:35] Worker 2 received order for step 1.
[INFO]:[03:35:35] Worker 2 running exploration phase for iteration 1.
[INFO]:[03:35:35] Worker 2 at iteration 1 will not use a MIP start file. Current best MIP-start upper bound threshold is 1.79769e+308.
[INFO]:[03:35:35] Starting local search phase...
[INFO]:[03:35:35] Worker (ils_group_rank=2) entering parallel ILS evaluation service.
[INFO]:[03:35:35] Starting CPLEX solver on instance: /home/yorig/tuner/mpils-tests/instances/miplib/medium-1/csched007.mps with config: /scratch/yorig/mpils-results-grid-ticks-10000-7may/medium-1/24proc-4pils/seed-2/3_csched007_seed-2_20260510_033534/iterated_local_search/run_1_worker_0/parallel_0_2.prm
[INFO]:[03:35:41] CPLEX results. Gap: 11.190000, upper bound: 367.000000, lower bound: 325.927003
[INFO]:[03:35:41] CPLEX solver finished. Gap: 11.190000
[INFO]:[03:35:42] Starting CPLEX solver on instance: /home/yorig/tuner/mpils-tests/instances/miplib/medium-1/csched007.mps with config: /scratch/yorig/mpils-results-grid-ticks-10000-7may/medium-1/24proc-4pils/seed-2/3_csched007_seed-2_20260510_033534/iterated_local_search/run_1_worker_0/parallel_4_2.prm
[INFO]:[03:35:48] CPLEX results. Gap: 11.170000, upper bound: 367.000000, lower bound: 326.012074
[INFO]:[03:35:48] CPLEX solver finished. Gap: 11.170000
[INFO]:[03:35:48] Starting CPLEX solver on instance: /home/yorig/tuner/mpils-tests/instances/miplib/medium-1/csched007.mps with config: /scratch/yorig/mpils-results-grid-ticks-10000-7may/medium-1/24proc-4pils/seed-2/3_csched007_seed-2_20260510_033534/iterated_local_search/run_1_worker_0/parallel_8_2.prm
[INFO]:[03:35:54] CPLEX results. Gap: 11.530000, upper bound: 369.000000, lower bound: 326.437538
[INFO]:[03:35:54] CPLEX solver finished. Gap: 11.530000
[INFO]:[03:35:54] Starting CPLEX solver on instance: /home/yorig/tuner/mpils-tests/instances/miplib/medium-1/csched007.mps with config: /scratch/yorig/mpils-results-grid-ticks-10000-7may/medium-1/24proc-4pils/seed-2/3_csched007_seed-2_20260510_033534/iterated_local_search/run_1_worker_0/parallel_12_2.prm
[INFO]:[03:36:00] CPLEX results. Gap: 21.380000, upper bound: 410.000000, lower bound: 322.358023
[INFO]:[03:36:00] CPLEX solver finished. Gap: 21.380000
[INFO]:[03:36:00] Starting CPLEX solver on instance: /home/yorig/tuner/mpils-tests/instances/miplib/medium-1/csched007.mps with config: /scratch/yorig/mpils-results-grid-ticks-10000-7may/medium-1/24proc-4pils/seed-2/3_csched007_seed-2_20260510_033534/iterated_local_search/run_1_worker_0/parallel_16_2.prm
[INFO]:[03:36:06] CPLEX results. Gap: 21.270000, upper bound: 412.000000, lower bound: 324.356399
[INFO]:[03:36:06] CPLEX solver finished. Gap: 21.270000
[INFO]:[03:36:07] Worker (ils_group_rank=2) exiting parallel ILS evaluation service.
[INFO]:[03:36:11] Worker 2 completed exploration phase.
[INFO]:[03:36:11] Worker 2 received order for step 2.
[INFO]:[03:36:11] Worker 2 running expansion phase for iteration 1.
[INFO]:[03:36:11] Worker 2 will use solver log file: /scratch/yorig/mpils-results-grid-ticks-10000-7may/medium-1/24proc-4pils/seed-2/3_csched007_seed-2_20260510_033534/solver/cplex.log_iteration_expansion_1_worker_2
[INFO]:[03:36:11] Expansion Worker 2 starting expansion for iteration 1.
[INFO]:[03:36:11] Starting CPLEX solver on instance: /home/yorig/tuner/mpils-tests/instances/miplib/medium-1/csched007.mps with config: /scratch/yorig/mpils-results-grid-ticks-10000-7may/medium-1/24proc-4pils/seed-2/3_csched007_seed-2_20260510_033534/expansion/config_param_CPXPARAM_MIP_Strategy_Probe_2_iter_1.prm
[INFO]:[03:36:17] CPLEX results. Gap: 11.170000, upper bound: 367.000000, lower bound: 326.012074
[INFO]:[03:36:17] CPLEX solver finished. Gap: 11.170000
[INFO]:[03:36:19] Starting CPLEX solver on instance: /home/yorig/tuner/mpils-tests/instances/miplib/medium-1/csched007.mps with config: /scratch/yorig/mpils-results-grid-ticks-10000-7may/medium-1/24proc-4pils/seed-2/3_csched007_seed-2_20260510_033534/expansion/config_param_CPXPARAM_MIP_Limits_ProbeTime_40_iter_1.prm
[INFO]:[03:36:25] CPLEX results. Gap: 11.170000, upper bound: 367.000000, lower bound: 326.012074
[INFO]:[03:36:25] CPLEX solver finished. Gap: 11.170000
[INFO]:[03:36:25] Starting CPLEX solver on instance: /home/yorig/tuner/mpils-tests/instances/miplib/medium-1/csched007.mps with config: /scratch/yorig/mpils-results-grid-ticks-10000-7may/medium-1/24proc-4pils/seed-2/3_csched007_seed-2_20260510_033534/expansion/config_param_CPXPARAM_MIP_Limits_CutsFactor_2_iter_1.prm
[INFO]:[03:36:30] CPLEX results. Gap: 26.580000, upper bound: 432.000000, lower bound: 317.155757
[INFO]:[03:36:30] CPLEX solver finished. Gap: 26.580000
[INFO]:[03:36:31] Expansion Worker 2 completed expansion.
[INFO]:[03:36:31] Worker 2 completed expansion phase.
[INFO]:[03:36:32] Worker 2 received order for step 1.
[INFO]:[03:36:32] Worker 2 running exploration phase for iteration 2.
[INFO]:[03:36:32] Worker 2 at iteration 2 will not use a MIP start file. Current best MIP-start upper bound threshold is 1.79769e+308.
[INFO]:[03:36:32] Starting local search phase...
[INFO]:[03:36:32] Worker (ils_group_rank=2) entering parallel ILS evaluation service.
[INFO]:[03:36:32] Starting CPLEX solver on instance: /home/yorig/tuner/mpils-tests/instances/miplib/medium-1/csched007.mps with config: /scratch/yorig/mpils-results-grid-ticks-10000-7may/medium-1/24proc-4pils/seed-2/3_csched007_seed-2_20260510_033534/iterated_local_search/run_2_worker_0/parallel_0_2.prm
[INFO]:[03:36:37] CPLEX results. Gap: 21.380000, upper bound: 410.000000, lower bound: 322.358023
[INFO]:[03:36:37] CPLEX solver finished. Gap: 21.380000
[INFO]:[03:36:38] Starting CPLEX solver on instance: /home/yorig/tuner/mpils-tests/instances/miplib/medium-1/csched007.mps with config: /scratch/yorig/mpils-results-grid-ticks-10000-7may/medium-1/24proc-4pils/seed-2/3_csched007_seed-2_20260510_033534/iterated_local_search/run_2_worker_0/parallel_4_2.prm
[INFO]:[03:36:44] CPLEX results. Gap: 11.170000, upper bound: 367.000000, lower bound: 326.012074
[INFO]:[03:36:44] CPLEX solver finished. Gap: 11.170000
[INFO]:[03:36:44] Worker (ils_group_rank=2) exiting parallel ILS evaluation service.
[INFO]:[03:36:46] Worker 2 completed exploration phase.
[INFO]:[03:36:46] Worker 2 received order for step 2.
[INFO]:[03:36:46] Worker 2 running expansion phase for iteration 2.
[INFO]:[03:36:46] Worker 2 will use solver log file: /scratch/yorig/mpils-results-grid-ticks-10000-7may/medium-1/24proc-4pils/seed-2/3_csched007_seed-2_20260510_033534/solver/cplex.log_iteration_expansion_2_worker_2
[INFO]:[03:36:46] Expansion Worker 2 starting expansion for iteration 2.
[INFO]:[03:36:46] Starting CPLEX solver on instance: /home/yorig/tuner/mpils-tests/instances/miplib/medium-1/csched007.mps with config: /scratch/yorig/mpils-results-grid-ticks-10000-7may/medium-1/24proc-4pils/seed-2/3_csched007_seed-2_20260510_033534/expansion/config_param_CPXPARAM_MIP_Strategy_PresolveNode_2_iter_2.prm
[INFO]:[03:36:52] CPLEX results. Gap: 9.160000, upper bound: 356.000000, lower bound: 323.403214
[INFO]:[03:36:52] CPLEX solver finished. Gap: 9.160000
[INFO]:[03:36:52] Expansion Worker 2 stopping early after global MPI expansion stop was activated.
[INFO]:[03:36:52] Expansion Worker 2 completed expansion.
[INFO]:[03:36:52] Worker 2 completed expansion phase.
[INFO]:[03:36:52] Worker 2 received order for step 1.
[INFO]:[03:36:52] Worker 2 running exploration phase for iteration 3.
[INFO]:[03:36:52] Worker 2 at iteration 3 will not use a MIP start file. Current best MIP-start upper bound threshold is 1.79769e+308.
[INFO]:[03:36:52] Starting local search phase...
[INFO]:[03:36:52] Worker (ils_group_rank=2) entering parallel ILS evaluation service.
[INFO]:[03:36:52] Starting CPLEX solver on instance: /home/yorig/tuner/mpils-tests/instances/miplib/medium-1/csched007.mps with config: /scratch/yorig/mpils-results-grid-ticks-10000-7may/medium-1/24proc-4pils/seed-2/3_csched007_seed-2_20260510_033534/iterated_local_search/run_3_worker_0/parallel_0_2.prm
[INFO]:[03:36:58] CPLEX results. Gap: 11.170000, upper bound: 367.000000, lower bound: 326.012074
[INFO]:[03:36:58] CPLEX solver finished. Gap: 11.170000
[INFO]:[03:36:58] Starting CPLEX solver on instance: /home/yorig/tuner/mpils-tests/instances/miplib/medium-1/csched007.mps with config: /scratch/yorig/mpils-results-grid-ticks-10000-7may/medium-1/24proc-4pils/seed-2/3_csched007_seed-2_20260510_033534/iterated_local_search/run_3_worker_0/parallel_4_2.prm
[INFO]:[03:37:04] CPLEX results. Gap: 21.380000, upper bound: 410.000000, lower bound: 322.358023
[INFO]:[03:37:04] CPLEX solver finished. Gap: 21.380000
[INFO]:[03:37:04] Starting CPLEX solver on instance: /home/yorig/tuner/mpils-tests/instances/miplib/medium-1/csched007.mps with config: /scratch/yorig/mpils-results-grid-ticks-10000-7may/medium-1/24proc-4pils/seed-2/3_csched007_seed-2_20260510_033534/iterated_local_search/run_3_worker_0/parallel_8_2.prm
[INFO]:[03:37:10] CPLEX results. Gap: 13.640000, upper bound: 367.000000, lower bound: 316.931235
[INFO]:[03:37:10] CPLEX solver finished. Gap: 13.640000
[INFO]:[03:37:10] Starting CPLEX solver on instance: /home/yorig/tuner/mpils-tests/instances/miplib/medium-1/csched007.mps with config: /scratch/yorig/mpils-results-grid-ticks-10000-7may/medium-1/24proc-4pils/seed-2/3_csched007_seed-2_20260510_033534/iterated_local_search/run_3_worker_0/parallel_12_2.prm
[INFO]:[03:37:16] CPLEX results. Gap: 11.010000, upper bound: 367.000000, lower bound: 326.610757
[INFO]:[03:37:16] CPLEX solver finished. Gap: 11.010000
[INFO]:[03:37:16] Worker (ils_group_rank=2) exiting parallel ILS evaluation service.
[INFO]:[03:37:21] Worker 2 completed exploration phase.
[INFO]:[03:37:21] Worker 2 received order for step 2.
[INFO]:[03:37:21] Worker 2 running expansion phase for iteration 3.
[INFO]:[03:37:21] Worker 2 will use solver log file: /scratch/yorig/mpils-results-grid-ticks-10000-7may/medium-1/24proc-4pils/seed-2/3_csched007_seed-2_20260510_033534/solver/cplex.log_iteration_expansion_3_worker_2
[INFO]:[03:37:21] Expansion Worker 2 starting expansion for iteration 3.
[INFO]:[03:37:21] Starting CPLEX solver on instance: /home/yorig/tuner/mpils-tests/instances/miplib/medium-1/csched007.mps with config: /scratch/yorig/mpils-results-grid-ticks-10000-7may/medium-1/24proc-4pils/seed-2/3_csched007_seed-2_20260510_033534/expansion/config_param_CPXPARAM_MIP_Strategy_StartAlgorithm_3_iter_3.prm
[WARN]:[03:37:27] CPLEX finished without a primal feasible solution for config /scratch/yorig/mpils-results-grid-ticks-10000-7may/medium-1/24proc-4pils/seed-2/3_csched007_seed-2_20260510_033534/expansion/config_param_CPXPARAM_MIP_Strategy_StartAlgorithm_3_iter_3.prm.
[INFO]:[03:37:27] CPLEX results. Gap: unavailable, upper bound: null, lower bound: 313.967443
[INFO]:[03:37:27] CPLEX solver finished. Gap: 179769313486231570814527423731704356798070567525844996598917476803157260780028538760589558632766878171540458953514382464234321326889464182768467546703537516986049910576551282076245490090389328944075868508455133942304583236903222948165808559332123348274797826204144723168738177180919299881250404026184124858368.000000
[INFO]:[03:37:29] Expansion Worker 2 stopping early after global MPI expansion stop was activated.
[INFO]:[03:37:29] Expansion Worker 2 completed expansion.
[INFO]:[03:37:29] Worker 2 completed expansion phase.
[INFO]:[03:37:29] Worker 2 received order for step 1.
[INFO]:[03:37:29] Worker 2 running exploration phase for iteration 4.
[INFO]:[03:37:29] Worker 2 at iteration 4 will not use a MIP start file. Current best MIP-start upper bound threshold is 1.79769e+308.
[INFO]:[03:37:29] Starting local search phase...
[INFO]:[03:37:29] Worker (ils_group_rank=2) entering parallel ILS evaluation service.
[INFO]:[03:37:29] Starting CPLEX solver on instance: /home/yorig/tuner/mpils-tests/instances/miplib/medium-1/csched007.mps with config: /scratch/yorig/mpils-results-grid-ticks-10000-7may/medium-1/24proc-4pils/seed-2/3_csched007_seed-2_20260510_033534/iterated_local_search/run_4_worker_0/parallel_0_2.prm
[INFO]:[03:37:35] CPLEX results. Gap: 11.010000, upper bound: 367.000000, lower bound: 326.610757
[INFO]:[03:37:35] CPLEX solver finished. Gap: 11.010000
[INFO]:[03:37:35] Starting CPLEX solver on instance: /home/yorig/tuner/mpils-tests/instances/miplib/medium-1/csched007.mps with config: /scratch/yorig/mpils-results-grid-ticks-10000-7may/medium-1/24proc-4pils/seed-2/3_csched007_seed-2_20260510_033534/iterated_local_search/run_4_worker_0/parallel_4_2.prm
[WARN]:[03:37:40] CPLEX finished without a primal feasible solution for config /scratch/yorig/mpils-results-grid-ticks-10000-7may/medium-1/24proc-4pils/seed-2/3_csched007_seed-2_20260510_033534/iterated_local_search/run_4_worker_0/parallel_4_2.prm.
[INFO]:[03:37:40] CPLEX results. Gap: unavailable, upper bound: null, lower bound: 320.345208
[INFO]:[03:37:40] CPLEX solver finished. Gap: 179769313486231570814527423731704356798070567525844996598917476803157260780028538760589558632766878171540458953514382464234321326889464182768467546703537516986049910576551282076245490090389328944075868508455133942304583236903222948165808559332123348274797826204144723168738177180919299881250404026184124858368.000000
[INFO]:[03:37:41] Starting CPLEX solver on instance: /home/yorig/tuner/mpils-tests/instances/miplib/medium-1/csched007.mps with config: /scratch/yorig/mpils-results-grid-ticks-10000-7may/medium-1/24proc-4pils/seed-2/3_csched007_seed-2_20260510_033534/iterated_local_search/run_4_worker_0/parallel_8_2.prm
[INFO]:[03:37:47] CPLEX results. Gap: 10.990000, upper bound: 367.000000, lower bound: 326.648684
[INFO]:[03:37:47] CPLEX solver finished. Gap: 10.990000
[INFO]:[03:37:47] Starting CPLEX solver on instance: /home/yorig/tuner/mpils-tests/instances/miplib/medium-1/csched007.mps with config: /scratch/yorig/mpils-results-grid-ticks-10000-7may/medium-1/24proc-4pils/seed-2/3_csched007_seed-2_20260510_033534/iterated_local_search/run_4_worker_0/parallel_12_2.prm
[INFO]:[03:37:54] CPLEX results. Gap: 14.840000, upper bound: 356.000000, lower bound: 303.166502
[INFO]:[03:37:54] CPLEX solver finished. Gap: 14.840000
[INFO]:[03:37:54] Worker (ils_group_rank=2) exiting parallel ILS evaluation service.
[INFO]:[03:37:57] Worker 2 completed exploration phase.
[INFO]:[03:37:57] Worker 2 received order for step 2.
[INFO]:[03:37:57] Worker 2 running expansion phase for iteration 4.
[INFO]:[03:37:57] Worker 2 will use solver log file: /scratch/yorig/mpils-results-grid-ticks-10000-7may/medium-1/24proc-4pils/seed-2/3_csched007_seed-2_20260510_033534/solver/cplex.log_iteration_expansion_4_worker_2
[INFO]:[03:37:57] Expansion Worker 2 starting expansion for iteration 4.
[INFO]:[03:37:57] Starting CPLEX solver on instance: /home/yorig/tuner/mpils-tests/instances/miplib/medium-1/csched007.mps with config: /scratch/yorig/mpils-results-grid-ticks-10000-7may/medium-1/24proc-4pils/seed-2/3_csched007_seed-2_20260510_033534/expansion/config_param_CPXPARAM_Simplex_PGradient_2_iter_4.prm
[INFO]:[03:38:03] CPLEX results. Gap: 8.890000, upper bound: 356.000000, lower bound: 324.342572
[INFO]:[03:38:03] CPLEX solver finished. Gap: 8.890000
[INFO]:[03:38:03] Starting CPLEX solver on instance: /home/yorig/tuner/mpils-tests/instances/miplib/medium-1/csched007.mps with config: /scratch/yorig/mpils-results-grid-ticks-10000-7may/medium-1/24proc-4pils/seed-2/3_csched007_seed-2_20260510_033534/expansion/config_param_CPXPARAM_Preprocessing_CoeffReduce_0_iter_4.prm
[INFO]:[03:38:09] CPLEX results. Gap: 8.890000, upper bound: 356.000000, lower bound: 324.342572
[INFO]:[03:38:09] CPLEX solver finished. Gap: 8.890000
[INFO]:[03:38:09] Expansion Worker 2 completed expansion.
[INFO]:[03:38:09] Worker 2 completed expansion phase.
[INFO]:[03:38:09] Worker 2 received order for step 1.
[INFO]:[03:38:09] Worker 2 running exploration phase for iteration 5.
[INFO]:[03:38:09] Worker 2 at iteration 5 will not use a MIP start file. Current best MIP-start upper bound threshold is 1.79769e+308.
[INFO]:[03:38:09] Starting local search phase...
[INFO]:[03:38:09] Worker (ils_group_rank=2) entering parallel ILS evaluation service.
[INFO]:[03:38:09] Starting CPLEX solver on instance: /home/yorig/tuner/mpils-tests/instances/miplib/medium-1/csched007.mps with config: /scratch/yorig/mpils-results-grid-ticks-10000-7may/medium-1/24proc-4pils/seed-2/3_csched007_seed-2_20260510_033534/iterated_local_search/run_5_worker_0/parallel_0_2.prm
[WARN]:[03:38:15] CPLEX finished without a primal feasible solution for config /scratch/yorig/mpils-results-grid-ticks-10000-7may/medium-1/24proc-4pils/seed-2/3_csched007_seed-2_20260510_033534/iterated_local_search/run_5_worker_0/parallel_0_2.prm.
[INFO]:[03:38:15] CPLEX results. Gap: unavailable, upper bound: null, lower bound: 316.032148
[INFO]:[03:38:15] CPLEX solver finished. Gap: 179769313486231570814527423731704356798070567525844996598917476803157260780028538760589558632766878171540458953514382464234321326889464182768467546703537516986049910576551282076245490090389328944075868508455133942304583236903222948165808559332123348274797826204144723168738177180919299881250404026184124858368.000000
[INFO]:[03:38:15] Starting CPLEX solver on instance: /home/yorig/tuner/mpils-tests/instances/miplib/medium-1/csched007.mps with config: /scratch/yorig/mpils-results-grid-ticks-10000-7may/medium-1/24proc-4pils/seed-2/3_csched007_seed-2_20260510_033534/iterated_local_search/run_5_worker_0/parallel_4_2.prm
[INFO]:[03:38:21] CPLEX results. Gap: 22.900000, upper bound: 417.000000, lower bound: 321.506897
[INFO]:[03:38:21] CPLEX solver finished. Gap: 22.900000
[INFO]:[03:38:22] Starting CPLEX solver on instance: /home/yorig/tuner/mpils-tests/instances/miplib/medium-1/csched007.mps with config: /scratch/yorig/mpils-results-grid-ticks-10000-7may/medium-1/24proc-4pils/seed-2/3_csched007_seed-2_20260510_033534/iterated_local_search/run_5_worker_0/parallel_8_2.prm
[INFO]:[03:38:28] CPLEX results. Gap: 11.190000, upper bound: 367.000000, lower bound: 325.927003
[INFO]:[03:38:28] CPLEX solver finished. Gap: 11.190000
[INFO]:[03:38:28] Worker (ils_group_rank=2) exiting parallel ILS evaluation service.
[INFO]:[03:38:31] Worker 2 completed exploration phase.
[INFO]:[03:38:31] Worker 2 received order for step 2.
[INFO]:[03:38:31] Worker 2 running expansion phase for iteration 5.
[INFO]:[03:38:31] Worker 2 will use solver log file: /scratch/yorig/mpils-results-grid-ticks-10000-7may/medium-1/24proc-4pils/seed-2/3_csched007_seed-2_20260510_033534/solver/cplex.log_iteration_expansion_5_worker_2
[INFO]:[03:38:31] Expansion Worker 2 starting expansion for iteration 5.
[INFO]:[03:38:31] Starting CPLEX solver on instance: /home/yorig/tuner/mpils-tests/instances/miplib/medium-1/csched007.mps with config: /scratch/yorig/mpils-results-grid-ticks-10000-7may/medium-1/24proc-4pils/seed-2/3_csched007_seed-2_20260510_033534/expansion/config_param_CPXPARAM_Preprocessing_Dependency_2_iter_5.prm
[INFO]:[03:38:37] CPLEX results. Gap: 8.890000, upper bound: 356.000000, lower bound: 324.342572
[INFO]:[03:38:37] CPLEX solver finished. Gap: 8.890000
[INFO]:[03:38:37] Starting CPLEX solver on instance: /home/yorig/tuner/mpils-tests/instances/miplib/medium-1/csched007.mps with config: /scratch/yorig/mpils-results-grid-ticks-10000-7may/medium-1/24proc-4pils/seed-2/3_csched007_seed-2_20260510_033534/expansion/config_param_CPXPARAM_Preprocessing_Relax_1_iter_5.prm
[INFO]:[03:38:42] CPLEX results. Gap: 8.890000, upper bound: 356.000000, lower bound: 324.342572
[INFO]:[03:38:42] CPLEX solver finished. Gap: 8.890000
[INFO]:[03:38:42] Expansion Worker 2 completed expansion.
[INFO]:[03:38:42] Worker 2 completed expansion phase.
[INFO]:[03:38:43] Worker 2 received order for step 1.
[INFO]:[03:38:43] Worker 2 running exploration phase for iteration 6.
[INFO]:[03:38:43] Worker 2 at iteration 6 will not use a MIP start file. Current best MIP-start upper bound threshold is 1.79769e+308.
[INFO]:[03:38:43] Starting local search phase...
[INFO]:[03:38:43] Worker (ils_group_rank=2) entering parallel ILS evaluation service.
[INFO]:[03:38:43] Starting CPLEX solver on instance: /home/yorig/tuner/mpils-tests/instances/miplib/medium-1/csched007.mps with config: /scratch/yorig/mpils-results-grid-ticks-10000-7may/medium-1/24proc-4pils/seed-2/3_csched007_seed-2_20260510_033534/iterated_local_search/run_6_worker_0/parallel_0_2.prm
[INFO]:[03:38:49] CPLEX results. Gap: 10.990000, upper bound: 367.000000, lower bound: 326.648684
[INFO]:[03:38:49] CPLEX solver finished. Gap: 10.990000
[INFO]:[03:38:49] Starting CPLEX solver on instance: /home/yorig/tuner/mpils-tests/instances/miplib/medium-1/csched007.mps with config: /scratch/yorig/mpils-results-grid-ticks-10000-7may/medium-1/24proc-4pils/seed-2/3_csched007_seed-2_20260510_033534/iterated_local_search/run_6_worker_0/parallel_4_2.prm
[INFO]:[03:38:55] CPLEX results. Gap: 10.990000, upper bound: 367.000000, lower bound: 326.648684
[INFO]:[03:38:55] CPLEX solver finished. Gap: 10.990000
[INFO]:[03:38:55] Starting CPLEX solver on instance: /home/yorig/tuner/mpils-tests/instances/miplib/medium-1/csched007.mps with config: /scratch/yorig/mpils-results-grid-ticks-10000-7may/medium-1/24proc-4pils/seed-2/3_csched007_seed-2_20260510_033534/iterated_local_search/run_6_worker_0/parallel_8_2.prm
[INFO]:[03:39:01] CPLEX results. Gap: 16.230000, upper bound: 388.000000, lower bound: 325.044168
[INFO]:[03:39:01] CPLEX solver finished. Gap: 16.230000
[INFO]:[03:39:02] Starting CPLEX solver on instance: /home/yorig/tuner/mpils-tests/instances/miplib/medium-1/csched007.mps with config: /scratch/yorig/mpils-results-grid-ticks-10000-7may/medium-1/24proc-4pils/seed-2/3_csched007_seed-2_20260510_033534/iterated_local_search/run_6_worker_0/parallel_12_2.prm
[INFO]:[03:39:07] CPLEX results. Gap: 23.450000, upper bound: 407.000000, lower bound: 311.540703
[INFO]:[03:39:07] CPLEX solver finished. Gap: 23.450000
[INFO]:[03:39:08] Starting CPLEX solver on instance: /home/yorig/tuner/mpils-tests/instances/miplib/medium-1/csched007.mps with config: /scratch/yorig/mpils-results-grid-ticks-10000-7may/medium-1/24proc-4pils/seed-2/3_csched007_seed-2_20260510_033534/iterated_local_search/run_6_worker_0/parallel_16_2.prm
[WARN]:[03:39:13] CPLEX finished without a primal feasible solution for config /scratch/yorig/mpils-results-grid-ticks-10000-7may/medium-1/24proc-4pils/seed-2/3_csched007_seed-2_20260510_033534/iterated_local_search/run_6_worker_0/parallel_16_2.prm.
[INFO]:[03:39:13] CPLEX results. Gap: unavailable, upper bound: null, lower bound: 318.324696
[INFO]:[03:39:13] CPLEX solver finished. Gap: 179769313486231570814527423731704356798070567525844996598917476803157260780028538760589558632766878171540458953514382464234321326889464182768467546703537516986049910576551282076245490090389328944075868508455133942304583236903222948165808559332123348274797826204144723168738177180919299881250404026184124858368.000000
[INFO]:[03:39:14] Starting CPLEX solver on instance: /home/yorig/tuner/mpils-tests/instances/miplib/medium-1/csched007.mps with config: /scratch/yorig/mpils-results-grid-ticks-10000-7may/medium-1/24proc-4pils/seed-2/3_csched007_seed-2_20260510_033534/iterated_local_search/run_6_worker_0/parallel_20_2.prm
[INFO]:[03:39:20] CPLEX results. Gap: 10.990000, upper bound: 367.000000, lower bound: 326.648684
[INFO]:[03:39:20] CPLEX solver finished. Gap: 10.990000
[INFO]:[03:39:20] Starting CPLEX solver on instance: /home/yorig/tuner/mpils-tests/instances/miplib/medium-1/csched007.mps with config: /scratch/yorig/mpils-results-grid-ticks-10000-7may/medium-1/24proc-4pils/seed-2/3_csched007_seed-2_20260510_033534/iterated_local_search/run_6_worker_0/parallel_24_2.prm
[INFO]:[03:39:26] CPLEX results. Gap: 10.990000, upper bound: 367.000000, lower bound: 326.648684
[INFO]:[03:39:26] CPLEX solver finished. Gap: 10.990000
[INFO]:[03:39:26] Starting CPLEX solver on instance: /home/yorig/tuner/mpils-tests/instances/miplib/medium-1/csched007.mps with config: /scratch/yorig/mpils-results-grid-ticks-10000-7may/medium-1/24proc-4pils/seed-2/3_csched007_seed-2_20260510_033534/iterated_local_search/run_6_worker_0/parallel_28_2.prm
[INFO]:[03:39:32] CPLEX results. Gap: 11.050000, upper bound: 367.000000, lower bound: 326.434130
[INFO]:[03:39:32] CPLEX solver finished. Gap: 11.050000
[INFO]:[03:39:32] Worker (ils_group_rank=2) exiting parallel ILS evaluation service.
[INFO]:[03:39:34] Worker 2 completed exploration phase.
[INFO]:[03:39:34] Worker 2 received order for step 2.
[INFO]:[03:39:34] Worker 2 running expansion phase for iteration 6.
[INFO]:[03:39:34] Worker 2 will use solver log file: /scratch/yorig/mpils-results-grid-ticks-10000-7may/medium-1/24proc-4pils/seed-2/3_csched007_seed-2_20260510_033534/solver/cplex.log_iteration_expansion_6_worker_2
[INFO]:[03:39:34] Expansion Worker 2 starting expansion for iteration 6.
[INFO]:[03:39:34] Starting CPLEX solver on instance: /home/yorig/tuner/mpils-tests/instances/miplib/medium-1/csched007.mps with config: /scratch/yorig/mpils-results-grid-ticks-10000-7may/medium-1/24proc-4pils/seed-2/3_csched007_seed-2_20260510_033534/expansion/config_param_CPXPARAM_Preprocessing_RepeatPresolve_2_iter_6.prm
[INFO]:[03:39:40] CPLEX results. Gap: 11.800000, upper bound: 358.000000, lower bound: 315.760733
[INFO]:[03:39:40] CPLEX solver finished. Gap: 11.800000
[INFO]:[03:39:40] Starting CPLEX solver on instance: /home/yorig/tuner/mpils-tests/instances/miplib/medium-1/csched007.mps with config: /scratch/yorig/mpils-results-grid-ticks-10000-7may/medium-1/24proc-4pils/seed-2/3_csched007_seed-2_20260510_033534/expansion/config_param_CPXPARAM_MIP_Limits_StrongCand_20_iter_6.prm
[INFO]:[03:39:46] CPLEX results. Gap: 8.890000, upper bound: 356.000000, lower bound: 324.342572
[INFO]:[03:39:46] CPLEX solver finished. Gap: 8.890000
[INFO]:[03:39:46] Expansion Worker 2 completed expansion.
[INFO]:[03:39:46] Worker 2 completed expansion phase.
[INFO]:[03:39:47] Worker 2 received order for step 1.
[INFO]:[03:39:47] Worker 2 running exploration phase for iteration 7.
[INFO]:[03:39:47] Worker 2 at iteration 7 will not use a MIP start file. Current best MIP-start upper bound threshold is 1.79769e+308.
[INFO]:[03:39:47] Starting local search phase...
[INFO]:[03:39:47] Worker (ils_group_rank=2) entering parallel ILS evaluation service.
[INFO]:[03:39:47] Starting CPLEX solver on instance: /home/yorig/tuner/mpils-tests/instances/miplib/medium-1/csched007.mps with config: /scratch/yorig/mpils-results-grid-ticks-10000-7may/medium-1/24proc-4pils/seed-2/3_csched007_seed-2_20260510_033534/iterated_local_search/run_7_worker_0/parallel_0_2.prm
[INFO]:[03:39:52] CPLEX results. Gap: 11.200000, upper bound: 355.000000, lower bound: 315.229121
[INFO]:[03:39:52] CPLEX solver finished. Gap: 11.200000
[INFO]:[03:39:53] Starting CPLEX solver on instance: /home/yorig/tuner/mpils-tests/instances/miplib/medium-1/csched007.mps with config: /scratch/yorig/mpils-results-grid-ticks-10000-7may/medium-1/24proc-4pils/seed-2/3_csched007_seed-2_20260510_033534/iterated_local_search/run_7_worker_0/parallel_4_2.prm
[INFO]:[03:39:59] CPLEX results. Gap: 10.990000, upper bound: 367.000000, lower bound: 326.648684
[INFO]:[03:39:59] CPLEX solver finished. Gap: 10.990000
[INFO]:[03:39:59] Starting CPLEX solver on instance: /home/yorig/tuner/mpils-tests/instances/miplib/medium-1/csched007.mps with config: /scratch/yorig/mpils-results-grid-ticks-10000-7may/medium-1/24proc-4pils/seed-2/3_csched007_seed-2_20260510_033534/iterated_local_search/run_7_worker_0/parallel_8_2.prm
[WARN]:[03:40:04] CPLEX finished without a primal feasible solution for config /scratch/yorig/mpils-results-grid-ticks-10000-7may/medium-1/24proc-4pils/seed-2/3_csched007_seed-2_20260510_033534/iterated_local_search/run_7_worker_0/parallel_8_2.prm.
[INFO]:[03:40:04] CPLEX results. Gap: unavailable, upper bound: null, lower bound: 316.032148
[INFO]:[03:40:04] CPLEX solver finished. Gap: 179769313486231570814527423731704356798070567525844996598917476803157260780028538760589558632766878171540458953514382464234321326889464182768467546703537516986049910576551282076245490090389328944075868508455133942304583236903222948165808559332123348274797826204144723168738177180919299881250404026184124858368.000000
[INFO]:[03:40:05] Starting CPLEX solver on instance: /home/yorig/tuner/mpils-tests/instances/miplib/medium-1/csched007.mps with config: /scratch/yorig/mpils-results-grid-ticks-10000-7may/medium-1/24proc-4pils/seed-2/3_csched007_seed-2_20260510_033534/iterated_local_search/run_7_worker_0/parallel_12_2.prm
[INFO]:[03:40:10] CPLEX results. Gap: 23.450000, upper bound: 407.000000, lower bound: 311.540703
[INFO]:[03:40:10] CPLEX solver finished. Gap: 23.450000
[INFO]:[03:40:11] Starting CPLEX solver on instance: /home/yorig/tuner/mpils-tests/instances/miplib/medium-1/csched007.mps with config: /scratch/yorig/mpils-results-grid-ticks-10000-7may/medium-1/24proc-4pils/seed-2/3_csched007_seed-2_20260510_033534/iterated_local_search/run_7_worker_0/parallel_16_2.prm
[INFO]:[03:40:17] CPLEX results. Gap: 10.990000, upper bound: 367.000000, lower bound: 326.648684
[INFO]:[03:40:17] CPLEX solver finished. Gap: 10.990000
[INFO]:[03:40:17] Starting CPLEX solver on instance: /home/yorig/tuner/mpils-tests/instances/miplib/medium-1/csched007.mps with config: /scratch/yorig/mpils-results-grid-ticks-10000-7may/medium-1/24proc-4pils/seed-2/3_csched007_seed-2_20260510_033534/iterated_local_search/run_7_worker_0/parallel_20_2.prm
[INFO]:[03:40:23] CPLEX results. Gap: 10.990000, upper bound: 367.000000, lower bound: 326.648684
[INFO]:[03:40:23] CPLEX solver finished. Gap: 10.990000
[INFO]:[03:40:23] Starting CPLEX solver on instance: /home/yorig/tuner/mpils-tests/instances/miplib/medium-1/csched007.mps with config: /scratch/yorig/mpils-results-grid-ticks-10000-7may/medium-1/24proc-4pils/seed-2/3_csched007_seed-2_20260510_033534/iterated_local_search/run_7_worker_0/parallel_24_2.prm
[INFO]:[03:40:29] CPLEX results. Gap: 10.990000, upper bound: 367.000000, lower bound: 326.648684
[INFO]:[03:40:29] CPLEX solver finished. Gap: 10.990000
[INFO]:[03:40:29] Starting CPLEX solver on instance: /home/yorig/tuner/mpils-tests/instances/miplib/medium-1/csched007.mps with config: /scratch/yorig/mpils-results-grid-ticks-10000-7may/medium-1/24proc-4pils/seed-2/3_csched007_seed-2_20260510_033534/iterated_local_search/run_7_worker_0/parallel_28_2.prm
[INFO]:[03:40:35] CPLEX results. Gap: 10.990000, upper bound: 367.000000, lower bound: 326.648684
[INFO]:[03:40:35] CPLEX solver finished. Gap: 10.990000
[INFO]:[03:40:35] Worker (ils_group_rank=2) exiting parallel ILS evaluation service.
[INFO]:[03:40:43] Worker 2 completed exploration phase.
[INFO]:[03:40:43] Worker 2 received order for step 3.
[INFO]:[03:40:43] Worker 2 finished.
