[INFO]:[01:14:00] Worker 22 starting.
[INFO]:[01:14:00] Worker 22 received order for step 1.
[INFO]:[01:14:00] Worker 22 running exploration phase for iteration 1.
[INFO]:[01:14:00] Worker 22 at iteration 1 will not use a MIP start file. Current best MIP-start upper bound threshold is 1.79769e+308.
[INFO]:[01:14:00] Starting local search phase...
[INFO]:[01:14:00] Creating local search space from parameter space file: /scratch/yorig/mpils-results-grid-ticks-10000-7may/easy/24proc-2pils/seed-5/2_fastxgemm-n2r6s0t2_seed-5_20260510_011358/iterated_local_search/search_space/search_space_file_1_worker_22.txt
[INFO]:[01:14:00] Local search space loaded from file: /scratch/yorig/mpils-results-grid-ticks-10000-7may/easy/24proc-2pils/seed-5/2_fastxgemm-n2r6s0t2_seed-5_20260510_011358/iterated_local_search/search_space/search_space_file_1_worker_22.txt
[INFO]:[01:14:00] Number of parameters in local search space: 71
[INFO]:[01:14:00] Number of forbidden tuples in local search space: 0
[INFO]:[01:14:00] Number of conditionals in local search space: 6
[INFO]:[01:14:00] MIP start option not enabled. Local search will proceed without MIP start.
[INFO]:[01:14:00] Starting CPLEX solver on instance: /home/yorig/tuner/mpils-tests/instances/miplib/easy/fastxgemm-n2r6s0t2.mps with config: /scratch/yorig/mpils-results-grid-ticks-10000-7may/easy/24proc-2pils/seed-5/2_fastxgemm-n2r6s0t2_seed-5_20260510_011358/iterated_local_search/run_1_worker_22/ils_config_15463945396866029949.prm
[INFO]:[01:14:00] Starting CPLEX solver on instance: /home/yorig/tuner/mpils-tests/instances/miplib/easy/fastxgemm-n2r6s0t2.mps with config: /scratch/yorig/mpils-results-grid-ticks-10000-7may/easy/24proc-2pils/seed-5/2_fastxgemm-n2r6s0t2_seed-5_20260510_011358/iterated_local_search/run_1_worker_22/ils_config_15463945396866029949.prm
[INFO]:[01:14:05] CPLEX results. Gap: 85.650000, upper bound: 230.000000, lower bound: 33.000000
[INFO]:[01:14:05] CPLEX solver finished. Gap: 85.650000
[INFO]:[01:14:06] Starting CPLEX solver on instance: /home/yorig/tuner/mpils-tests/instances/miplib/easy/fastxgemm-n2r6s0t2.mps with config: /scratch/yorig/mpils-results-grid-ticks-10000-7may/easy/24proc-2pils/seed-5/2_fastxgemm-n2r6s0t2_seed-5_20260510_011358/iterated_local_search/run_1_worker_22/ils_config_11712616669822936138.prm
[INFO]:[01:14:06] Starting CPLEX solver on instance: /home/yorig/tuner/mpils-tests/instances/miplib/easy/fastxgemm-n2r6s0t2.mps with config: /scratch/yorig/mpils-results-grid-ticks-10000-7may/easy/24proc-2pils/seed-5/2_fastxgemm-n2r6s0t2_seed-5_20260510_011358/iterated_local_search/run_1_worker_22/ils_config_11712616669822936138.prm
[INFO]:[01:14:11] CPLEX results. Gap: 85.650000, upper bound: 230.000000, lower bound: 33.000000
[INFO]:[01:14:11] CPLEX solver finished. Gap: 85.650000
[INFO]:[01:14:11] Starting CPLEX solver on instance: /home/yorig/tuner/mpils-tests/instances/miplib/easy/fastxgemm-n2r6s0t2.mps with config: /scratch/yorig/mpils-results-grid-ticks-10000-7may/easy/24proc-2pils/seed-5/2_fastxgemm-n2r6s0t2_seed-5_20260510_011358/iterated_local_search/run_1_worker_22/ils_config_9359236186857912239.prm
[INFO]:[01:14:11] Starting CPLEX solver on instance: /home/yorig/tuner/mpils-tests/instances/miplib/easy/fastxgemm-n2r6s0t2.mps with config: /scratch/yorig/mpils-results-grid-ticks-10000-7may/easy/24proc-2pils/seed-5/2_fastxgemm-n2r6s0t2_seed-5_20260510_011358/iterated_local_search/run_1_worker_22/ils_config_9359236186857912239.prm
[INFO]:[01:14:17] CPLEX results. Gap: 85.650000, upper bound: 230.000000, lower bound: 33.000000
[INFO]:[01:14:17] CPLEX solver finished. Gap: 85.650000
[INFO]:[01:14:17] Starting CPLEX solver on instance: /home/yorig/tuner/mpils-tests/instances/miplib/easy/fastxgemm-n2r6s0t2.mps with config: /scratch/yorig/mpils-results-grid-ticks-10000-7may/easy/24proc-2pils/seed-5/2_fastxgemm-n2r6s0t2_seed-5_20260510_011358/iterated_local_search/run_1_worker_22/ils_config_17500344807195354450.prm
[INFO]:[01:14:17] Starting CPLEX solver on instance: /home/yorig/tuner/mpils-tests/instances/miplib/easy/fastxgemm-n2r6s0t2.mps with config: /scratch/yorig/mpils-results-grid-ticks-10000-7may/easy/24proc-2pils/seed-5/2_fastxgemm-n2r6s0t2_seed-5_20260510_011358/iterated_local_search/run_1_worker_22/ils_config_17500344807195354450.prm
[INFO]:[01:14:23] CPLEX results. Gap: 85.650000, upper bound: 230.000000, lower bound: 33.000000
[INFO]:[01:14:23] CPLEX solver finished. Gap: 85.650000
[INFO]:[01:14:23] Starting CPLEX solver on instance: /home/yorig/tuner/mpils-tests/instances/miplib/easy/fastxgemm-n2r6s0t2.mps with config: /scratch/yorig/mpils-results-grid-ticks-10000-7may/easy/24proc-2pils/seed-5/2_fastxgemm-n2r6s0t2_seed-5_20260510_011358/iterated_local_search/run_1_worker_22/ils_config_3744668738403134734.prm
[INFO]:[01:14:23] Starting CPLEX solver on instance: /home/yorig/tuner/mpils-tests/instances/miplib/easy/fastxgemm-n2r6s0t2.mps with config: /scratch/yorig/mpils-results-grid-ticks-10000-7may/easy/24proc-2pils/seed-5/2_fastxgemm-n2r6s0t2_seed-5_20260510_011358/iterated_local_search/run_1_worker_22/ils_config_3744668738403134734.prm
[INFO]:[01:14:29] CPLEX results. Gap: 88.260000, upper bound: 230.000000, lower bound: 27.000000
[INFO]:[01:14:29] CPLEX solver finished. Gap: 88.260000
[INFO]:[01:14:29] New incumbent found with objective value: 85
[INFO]:[01:14:29] Starting CPLEX solver on instance: /home/yorig/tuner/mpils-tests/instances/miplib/easy/fastxgemm-n2r6s0t2.mps with config: /scratch/yorig/mpils-results-grid-ticks-10000-7may/easy/24proc-2pils/seed-5/2_fastxgemm-n2r6s0t2_seed-5_20260510_011358/iterated_local_search/run_1_worker_22/ils_config_231225555868606462.prm
[INFO]:[01:14:29] Starting CPLEX solver on instance: /home/yorig/tuner/mpils-tests/instances/miplib/easy/fastxgemm-n2r6s0t2.mps with config: /scratch/yorig/mpils-results-grid-ticks-10000-7may/easy/24proc-2pils/seed-5/2_fastxgemm-n2r6s0t2_seed-5_20260510_011358/iterated_local_search/run_1_worker_22/ils_config_231225555868606462.prm
[INFO]:[01:14:35] CPLEX results. Gap: 85.000000, upper bound: 230.000000, lower bound: 34.500000
[INFO]:[01:14:35] CPLEX solver finished. Gap: 85.000000
[INFO]:[01:14:35] Starting CPLEX solver on instance: /home/yorig/tuner/mpils-tests/instances/miplib/easy/fastxgemm-n2r6s0t2.mps with config: /scratch/yorig/mpils-results-grid-ticks-10000-7may/easy/24proc-2pils/seed-5/2_fastxgemm-n2r6s0t2_seed-5_20260510_011358/iterated_local_search/run_1_worker_22/ils_config_15516015919920729749.prm
[INFO]:[01:14:35] Starting CPLEX solver on instance: /home/yorig/tuner/mpils-tests/instances/miplib/easy/fastxgemm-n2r6s0t2.mps with config: /scratch/yorig/mpils-results-grid-ticks-10000-7may/easy/24proc-2pils/seed-5/2_fastxgemm-n2r6s0t2_seed-5_20260510_011358/iterated_local_search/run_1_worker_22/ils_config_15516015919920729749.prm
[INFO]:[01:14:41] CPLEX results. Gap: 85.000000, upper bound: 230.000000, lower bound: 34.500000
[INFO]:[01:14:41] CPLEX solver finished. Gap: 85.000000
[INFO]:[01:14:41] Starting CPLEX solver on instance: /home/yorig/tuner/mpils-tests/instances/miplib/easy/fastxgemm-n2r6s0t2.mps with config: /scratch/yorig/mpils-results-grid-ticks-10000-7may/easy/24proc-2pils/seed-5/2_fastxgemm-n2r6s0t2_seed-5_20260510_011358/iterated_local_search/run_1_worker_22/ils_config_10790818560730458896.prm
[INFO]:[01:14:41] Starting CPLEX solver on instance: /home/yorig/tuner/mpils-tests/instances/miplib/easy/fastxgemm-n2r6s0t2.mps with config: /scratch/yorig/mpils-results-grid-ticks-10000-7may/easy/24proc-2pils/seed-5/2_fastxgemm-n2r6s0t2_seed-5_20260510_011358/iterated_local_search/run_1_worker_22/ils_config_10790818560730458896.prm
[INFO]:[01:14:47] CPLEX results. Gap: 84.780000, upper bound: 230.000000, lower bound: 35.000000
[INFO]:[01:14:47] CPLEX solver finished. Gap: 84.780000
[INFO]:[01:14:47] New incumbent found with objective value: 84.78
[INFO]:[01:14:47] Starting CPLEX solver on instance: /home/yorig/tuner/mpils-tests/instances/miplib/easy/fastxgemm-n2r6s0t2.mps with config: /scratch/yorig/mpils-results-grid-ticks-10000-7may/easy/24proc-2pils/seed-5/2_fastxgemm-n2r6s0t2_seed-5_20260510_011358/iterated_local_search/run_1_worker_22/ils_config_5078284198876092809.prm
[INFO]:[01:14:47] Starting CPLEX solver on instance: /home/yorig/tuner/mpils-tests/instances/miplib/easy/fastxgemm-n2r6s0t2.mps with config: /scratch/yorig/mpils-results-grid-ticks-10000-7may/easy/24proc-2pils/seed-5/2_fastxgemm-n2r6s0t2_seed-5_20260510_011358/iterated_local_search/run_1_worker_22/ils_config_5078284198876092809.prm
[INFO]:[01:14:53] CPLEX results. Gap: 84.780000, upper bound: 230.000000, lower bound: 35.000000
[INFO]:[01:14:53] CPLEX solver finished. Gap: 84.780000
[INFO]:[01:14:53] Starting CPLEX solver on instance: /home/yorig/tuner/mpils-tests/instances/miplib/easy/fastxgemm-n2r6s0t2.mps with config: /scratch/yorig/mpils-results-grid-ticks-10000-7may/easy/24proc-2pils/seed-5/2_fastxgemm-n2r6s0t2_seed-5_20260510_011358/iterated_local_search/run_1_worker_22/ils_config_8453010803802485992.prm
[INFO]:[01:14:53] Starting CPLEX solver on instance: /home/yorig/tuner/mpils-tests/instances/miplib/easy/fastxgemm-n2r6s0t2.mps with config: /scratch/yorig/mpils-results-grid-ticks-10000-7may/easy/24proc-2pils/seed-5/2_fastxgemm-n2r6s0t2_seed-5_20260510_011358/iterated_local_search/run_1_worker_22/ils_config_8453010803802485992.prm
[INFO]:[01:14:58] CPLEX results. Gap: 94.880000, upper bound: 527.000000, lower bound: 27.000000
[INFO]:[01:14:58] CPLEX solver finished. Gap: 94.880000
[INFO]:[01:14:59] Local search phase completed.
[INFO]:[01:14:59] Total number of new local-search evaluations: 20
[INFO]:[01:14:59] Final incumbent objective value: 84.78
[INFO]:[01:15:02] Worker 22 completed exploration phase.
[INFO]:[01:15:02] Worker 22 received order for step 2.
[INFO]:[01:15:02] Worker 22 running expansion phase for iteration 1.
[INFO]:[01:15:02] Worker 22 will use solver log file: /scratch/yorig/mpils-results-grid-ticks-10000-7may/easy/24proc-2pils/seed-5/2_fastxgemm-n2r6s0t2_seed-5_20260510_011358/solver/cplex.log_iteration_expansion_1_worker_22
[INFO]:[01:15:02] Expansion Worker 22 starting expansion for iteration 1.
[INFO]:[01:15:02] Starting CPLEX solver on instance: /home/yorig/tuner/mpils-tests/instances/miplib/easy/fastxgemm-n2r6s0t2.mps with config: /scratch/yorig/mpils-results-grid-ticks-10000-7may/easy/24proc-2pils/seed-5/2_fastxgemm-n2r6s0t2_seed-5_20260510_011358/expansion/config_param_CPXPARAM_MIP_Limits_ProbeTime_5_iter_1.prm
[INFO]:[01:15:08] CPLEX results. Gap: 84.350000, upper bound: 230.000000, lower bound: 36.000000
[INFO]:[01:15:08] CPLEX solver finished. Gap: 84.350000
[INFO]:[01:15:10] Starting CPLEX solver on instance: /home/yorig/tuner/mpils-tests/instances/miplib/easy/fastxgemm-n2r6s0t2.mps with config: /scratch/yorig/mpils-results-grid-ticks-10000-7may/easy/24proc-2pils/seed-5/2_fastxgemm-n2r6s0t2_seed-5_20260510_011358/expansion/config_param_CPXPARAM_MIP_Strategy_BBInterval_30_iter_1.prm
[INFO]:[01:15:16] CPLEX results. Gap: 84.350000, upper bound: 230.000000, lower bound: 36.000000
[INFO]:[01:15:16] CPLEX solver finished. Gap: 84.350000
[INFO]:[01:15:16] Expansion Worker 22 stopping early after global MPI expansion stop was activated.
[INFO]:[01:15:16] Expansion Worker 22 completed expansion.
[INFO]:[01:15:16] Worker 22 completed expansion phase.
[INFO]:[01:15:16] Worker 22 received order for step 1.
[INFO]:[01:15:16] Worker 22 running exploration phase for iteration 2.
[INFO]:[01:15:16] Worker 22 at iteration 2 will not use a MIP start file. Current best MIP-start upper bound threshold is 1.79769e+308.
[INFO]:[01:15:16] Starting local search phase...
[INFO]:[01:15:16] Creating local search space from parameter space file: /scratch/yorig/mpils-results-grid-ticks-10000-7may/easy/24proc-2pils/seed-5/2_fastxgemm-n2r6s0t2_seed-5_20260510_011358/iterated_local_search/search_space/search_space_file_2_worker_22.txt
[INFO]:[01:15:16] Local search space loaded from file: /scratch/yorig/mpils-results-grid-ticks-10000-7may/easy/24proc-2pils/seed-5/2_fastxgemm-n2r6s0t2_seed-5_20260510_011358/iterated_local_search/search_space/search_space_file_2_worker_22.txt
[INFO]:[01:15:16] Number of parameters in local search space: 71
[INFO]:[01:15:16] Number of forbidden tuples in local search space: 22
[INFO]:[01:15:16] Number of conditionals in local search space: 6
[INFO]:[01:15:16] MIP start option not enabled. Local search will proceed without MIP start.
[INFO]:[01:15:16] Starting CPLEX solver on instance: /home/yorig/tuner/mpils-tests/instances/miplib/easy/fastxgemm-n2r6s0t2.mps with config: /scratch/yorig/mpils-results-grid-ticks-10000-7may/easy/24proc-2pils/seed-5/2_fastxgemm-n2r6s0t2_seed-5_20260510_011358/iterated_local_search/run_2_worker_22/ils_config_11343615556048861686.prm
[INFO]:[01:15:16] Starting CPLEX solver on instance: /home/yorig/tuner/mpils-tests/instances/miplib/easy/fastxgemm-n2r6s0t2.mps with config: /scratch/yorig/mpils-results-grid-ticks-10000-7may/easy/24proc-2pils/seed-5/2_fastxgemm-n2r6s0t2_seed-5_20260510_011358/iterated_local_search/run_2_worker_22/ils_config_11343615556048861686.prm
[INFO]:[01:15:23] CPLEX results. Gap: 94.880000, upper bound: 527.000000, lower bound: 27.000000
[INFO]:[01:15:23] CPLEX solver finished. Gap: 94.880000
[INFO]:[01:15:23] New incumbent found with objective value: 88.56
[INFO]:[01:15:23] Starting CPLEX solver on instance: /home/yorig/tuner/mpils-tests/instances/miplib/easy/fastxgemm-n2r6s0t2.mps with config: /scratch/yorig/mpils-results-grid-ticks-10000-7may/easy/24proc-2pils/seed-5/2_fastxgemm-n2r6s0t2_seed-5_20260510_011358/iterated_local_search/run_2_worker_22/ils_config_10835683365633965802.prm
[INFO]:[01:15:23] Starting CPLEX solver on instance: /home/yorig/tuner/mpils-tests/instances/miplib/easy/fastxgemm-n2r6s0t2.mps with config: /scratch/yorig/mpils-results-grid-ticks-10000-7may/easy/24proc-2pils/seed-5/2_fastxgemm-n2r6s0t2_seed-5_20260510_011358/iterated_local_search/run_2_worker_22/ils_config_10835683365633965802.prm
[INFO]:[01:15:29] CPLEX results. Gap: 88.560000, upper bound: 236.000000, lower bound: 27.000000
[INFO]:[01:15:29] CPLEX solver finished. Gap: 88.560000
[INFO]:[01:15:29] New incumbent found with objective value: 88.26
[INFO]:[01:15:29] Starting CPLEX solver on instance: /home/yorig/tuner/mpils-tests/instances/miplib/easy/fastxgemm-n2r6s0t2.mps with config: /scratch/yorig/mpils-results-grid-ticks-10000-7may/easy/24proc-2pils/seed-5/2_fastxgemm-n2r6s0t2_seed-5_20260510_011358/iterated_local_search/run_2_worker_22/ils_config_6308986293110463879.prm
[INFO]:[01:15:29] Starting CPLEX solver on instance: /home/yorig/tuner/mpils-tests/instances/miplib/easy/fastxgemm-n2r6s0t2.mps with config: /scratch/yorig/mpils-results-grid-ticks-10000-7may/easy/24proc-2pils/seed-5/2_fastxgemm-n2r6s0t2_seed-5_20260510_011358/iterated_local_search/run_2_worker_22/ils_config_6308986293110463879.prm
[INFO]:[01:15:35] CPLEX results. Gap: 88.260000, upper bound: 230.000000, lower bound: 27.000000
[INFO]:[01:15:35] CPLEX solver finished. Gap: 88.260000
[INFO]:[01:15:35] Local search phase completed.
[INFO]:[01:15:35] Total number of new local-search evaluations: 6
[INFO]:[01:15:35] Final incumbent objective value: 88.26
[INFO]:[01:15:35] Worker 22 completed exploration phase.
[INFO]:[01:15:35] Worker 22 received order for step 2.
[INFO]:[01:15:35] Worker 22 running expansion phase for iteration 2.
[INFO]:[01:15:35] Worker 22 will use solver log file: /scratch/yorig/mpils-results-grid-ticks-10000-7may/easy/24proc-2pils/seed-5/2_fastxgemm-n2r6s0t2_seed-5_20260510_011358/solver/cplex.log_iteration_expansion_2_worker_22
[INFO]:[01:15:35] Expansion Worker 22 starting expansion for iteration 2.
[INFO]:[01:15:35] Starting CPLEX solver on instance: /home/yorig/tuner/mpils-tests/instances/miplib/easy/fastxgemm-n2r6s0t2.mps with config: /scratch/yorig/mpils-results-grid-ticks-10000-7may/easy/24proc-2pils/seed-5/2_fastxgemm-n2r6s0t2_seed-5_20260510_011358/expansion/config_param_CPXPARAM_Preprocessing_Symmetry_1_iter_2.prm
[INFO]:[01:15:41] CPLEX results. Gap: 85.530000, upper bound: 230.000000, lower bound: 33.272727
[INFO]:[01:15:41] CPLEX solver finished. Gap: 85.530000
[INFO]:[01:15:42] Expansion Worker 22 stopping early after global MPI expansion stop was activated.
[INFO]:[01:15:42] Expansion Worker 22 completed expansion.
[INFO]:[01:15:42] Worker 22 completed expansion phase.
[INFO]:[01:15:42] Worker 22 received order for step 1.
[INFO]:[01:15:42] Worker 22 running exploration phase for iteration 3.
[INFO]:[01:15:42] Worker 22 at iteration 3 will not use a MIP start file. Current best MIP-start upper bound threshold is 1.79769e+308.
[INFO]:[01:15:42] Starting local search phase...
[INFO]:[01:15:42] Creating local search space from parameter space file: /scratch/yorig/mpils-results-grid-ticks-10000-7may/easy/24proc-2pils/seed-5/2_fastxgemm-n2r6s0t2_seed-5_20260510_011358/iterated_local_search/search_space/search_space_file_3_worker_22.txt
[INFO]:[01:15:42] Local search space loaded from file: /scratch/yorig/mpils-results-grid-ticks-10000-7may/easy/24proc-2pils/seed-5/2_fastxgemm-n2r6s0t2_seed-5_20260510_011358/iterated_local_search/search_space/search_space_file_3_worker_22.txt
[INFO]:[01:15:42] Number of parameters in local search space: 71
[INFO]:[01:15:42] Number of forbidden tuples in local search space: 48
[INFO]:[01:15:42] Number of conditionals in local search space: 6
[INFO]:[01:15:42] MIP start option not enabled. Local search will proceed without MIP start.
[INFO]:[01:15:42] Starting CPLEX solver on instance: /home/yorig/tuner/mpils-tests/instances/miplib/easy/fastxgemm-n2r6s0t2.mps with config: /scratch/yorig/mpils-results-grid-ticks-10000-7may/easy/24proc-2pils/seed-5/2_fastxgemm-n2r6s0t2_seed-5_20260510_011358/iterated_local_search/run_3_worker_22/ils_config_9377751589617573676.prm
[INFO]:[01:15:42] Starting CPLEX solver on instance: /home/yorig/tuner/mpils-tests/instances/miplib/easy/fastxgemm-n2r6s0t2.mps with config: /scratch/yorig/mpils-results-grid-ticks-10000-7may/easy/24proc-2pils/seed-5/2_fastxgemm-n2r6s0t2_seed-5_20260510_011358/iterated_local_search/run_3_worker_22/ils_config_9377751589617573676.prm
[INFO]:[01:15:48] CPLEX results. Gap: 88.240000, upper bound: 230.000000, lower bound: 27.050000
[INFO]:[01:15:48] CPLEX solver finished. Gap: 88.240000
[INFO]:[01:15:48] Starting CPLEX solver on instance: /home/yorig/tuner/mpils-tests/instances/miplib/easy/fastxgemm-n2r6s0t2.mps with config: /scratch/yorig/mpils-results-grid-ticks-10000-7may/easy/24proc-2pils/seed-5/2_fastxgemm-n2r6s0t2_seed-5_20260510_011358/iterated_local_search/run_3_worker_22/ils_config_15564639066352896854.prm
[INFO]:[01:15:48] Starting CPLEX solver on instance: /home/yorig/tuner/mpils-tests/instances/miplib/easy/fastxgemm-n2r6s0t2.mps with config: /scratch/yorig/mpils-results-grid-ticks-10000-7may/easy/24proc-2pils/seed-5/2_fastxgemm-n2r6s0t2_seed-5_20260510_011358/iterated_local_search/run_3_worker_22/ils_config_15564639066352896854.prm
[INFO]:[01:15:53] CPLEX results. Gap: 88.240000, upper bound: 230.000000, lower bound: 27.050000
[INFO]:[01:15:53] CPLEX solver finished. Gap: 88.240000
[INFO]:[01:15:54] New incumbent found with objective value: 87.61
[INFO]:[01:15:54] Starting CPLEX solver on instance: /home/yorig/tuner/mpils-tests/instances/miplib/easy/fastxgemm-n2r6s0t2.mps with config: /scratch/yorig/mpils-results-grid-ticks-10000-7may/easy/24proc-2pils/seed-5/2_fastxgemm-n2r6s0t2_seed-5_20260510_011358/iterated_local_search/run_3_worker_22/ils_config_14608979347855702028.prm
[INFO]:[01:15:54] Starting CPLEX solver on instance: /home/yorig/tuner/mpils-tests/instances/miplib/easy/fastxgemm-n2r6s0t2.mps with config: /scratch/yorig/mpils-results-grid-ticks-10000-7may/easy/24proc-2pils/seed-5/2_fastxgemm-n2r6s0t2_seed-5_20260510_011358/iterated_local_search/run_3_worker_22/ils_config_14608979347855702028.prm
[INFO]:[01:15:59] CPLEX results. Gap: 87.610000, upper bound: 230.000000, lower bound: 28.500000
[INFO]:[01:15:59] CPLEX solver finished. Gap: 87.610000
[INFO]:[01:15:59] Starting CPLEX solver on instance: /home/yorig/tuner/mpils-tests/instances/miplib/easy/fastxgemm-n2r6s0t2.mps with config: /scratch/yorig/mpils-results-grid-ticks-10000-7may/easy/24proc-2pils/seed-5/2_fastxgemm-n2r6s0t2_seed-5_20260510_011358/iterated_local_search/run_3_worker_22/ils_config_15857503889080516303.prm
[INFO]:[01:15:59] Starting CPLEX solver on instance: /home/yorig/tuner/mpils-tests/instances/miplib/easy/fastxgemm-n2r6s0t2.mps with config: /scratch/yorig/mpils-results-grid-ticks-10000-7may/easy/24proc-2pils/seed-5/2_fastxgemm-n2r6s0t2_seed-5_20260510_011358/iterated_local_search/run_3_worker_22/ils_config_15857503889080516303.prm
[INFO]:[01:16:05] CPLEX results. Gap: 94.880000, upper bound: 527.000000, lower bound: 27.000000
[INFO]:[01:16:05] CPLEX solver finished. Gap: 94.880000
[INFO]:[01:16:05] Starting CPLEX solver on instance: /home/yorig/tuner/mpils-tests/instances/miplib/easy/fastxgemm-n2r6s0t2.mps with config: /scratch/yorig/mpils-results-grid-ticks-10000-7may/easy/24proc-2pils/seed-5/2_fastxgemm-n2r6s0t2_seed-5_20260510_011358/iterated_local_search/run_3_worker_22/ils_config_15793336219883767634.prm
[INFO]:[01:16:05] Starting CPLEX solver on instance: /home/yorig/tuner/mpils-tests/instances/miplib/easy/fastxgemm-n2r6s0t2.mps with config: /scratch/yorig/mpils-results-grid-ticks-10000-7may/easy/24proc-2pils/seed-5/2_fastxgemm-n2r6s0t2_seed-5_20260510_011358/iterated_local_search/run_3_worker_22/ils_config_15793336219883767634.prm
[INFO]:[01:16:11] CPLEX results. Gap: 88.210000, upper bound: 230.000000, lower bound: 27.120000
[INFO]:[01:16:11] CPLEX solver finished. Gap: 88.210000
[INFO]:[01:16:11] Starting CPLEX solver on instance: /home/yorig/tuner/mpils-tests/instances/miplib/easy/fastxgemm-n2r6s0t2.mps with config: /scratch/yorig/mpils-results-grid-ticks-10000-7may/easy/24proc-2pils/seed-5/2_fastxgemm-n2r6s0t2_seed-5_20260510_011358/iterated_local_search/run_3_worker_22/ils_config_1936017597386265366.prm
[INFO]:[01:16:11] Starting CPLEX solver on instance: /home/yorig/tuner/mpils-tests/instances/miplib/easy/fastxgemm-n2r6s0t2.mps with config: /scratch/yorig/mpils-results-grid-ticks-10000-7may/easy/24proc-2pils/seed-5/2_fastxgemm-n2r6s0t2_seed-5_20260510_011358/iterated_local_search/run_3_worker_22/ils_config_1936017597386265366.prm
[INFO]:[01:16:17] CPLEX results. Gap: 88.240000, upper bound: 230.000000, lower bound: 27.040000
[INFO]:[01:16:17] CPLEX solver finished. Gap: 88.240000
[INFO]:[01:16:17] Starting CPLEX solver on instance: /home/yorig/tuner/mpils-tests/instances/miplib/easy/fastxgemm-n2r6s0t2.mps with config: /scratch/yorig/mpils-results-grid-ticks-10000-7may/easy/24proc-2pils/seed-5/2_fastxgemm-n2r6s0t2_seed-5_20260510_011358/iterated_local_search/run_3_worker_22/ils_config_14579838776893524883.prm
[INFO]:[01:16:17] Starting CPLEX solver on instance: /home/yorig/tuner/mpils-tests/instances/miplib/easy/fastxgemm-n2r6s0t2.mps with config: /scratch/yorig/mpils-results-grid-ticks-10000-7may/easy/24proc-2pils/seed-5/2_fastxgemm-n2r6s0t2_seed-5_20260510_011358/iterated_local_search/run_3_worker_22/ils_config_14579838776893524883.prm
[INFO]:[01:16:23] CPLEX results. Gap: 94.880000, upper bound: 527.000000, lower bound: 27.000000
[INFO]:[01:16:23] CPLEX solver finished. Gap: 94.880000
[INFO]:[01:16:23] Starting CPLEX solver on instance: /home/yorig/tuner/mpils-tests/instances/miplib/easy/fastxgemm-n2r6s0t2.mps with config: /scratch/yorig/mpils-results-grid-ticks-10000-7may/easy/24proc-2pils/seed-5/2_fastxgemm-n2r6s0t2_seed-5_20260510_011358/iterated_local_search/run_3_worker_22/ils_config_17686984259815562067.prm
[INFO]:[01:16:23] Starting CPLEX solver on instance: /home/yorig/tuner/mpils-tests/instances/miplib/easy/fastxgemm-n2r6s0t2.mps with config: /scratch/yorig/mpils-results-grid-ticks-10000-7may/easy/24proc-2pils/seed-5/2_fastxgemm-n2r6s0t2_seed-5_20260510_011358/iterated_local_search/run_3_worker_22/ils_config_17686984259815562067.prm
[INFO]:[01:16:29] CPLEX results. Gap: 87.610000, upper bound: 230.000000, lower bound: 28.500000
[INFO]:[01:16:29] CPLEX solver finished. Gap: 87.610000
[INFO]:[01:16:29] Local search phase completed.
[INFO]:[01:16:29] Total number of new local-search evaluations: 16
[INFO]:[01:16:29] Final incumbent objective value: 87.61
[INFO]:[01:16:34] Worker 22 completed exploration phase.
[INFO]:[01:16:34] Worker 22 received order for step 2.
[INFO]:[01:16:34] Worker 22 running expansion phase for iteration 3.
[INFO]:[01:16:34] Worker 22 will use solver log file: /scratch/yorig/mpils-results-grid-ticks-10000-7may/easy/24proc-2pils/seed-5/2_fastxgemm-n2r6s0t2_seed-5_20260510_011358/solver/cplex.log_iteration_expansion_3_worker_22
[INFO]:[01:16:34] Expansion Worker 22 starting expansion for iteration 3.
[INFO]:[01:16:34] Starting CPLEX solver on instance: /home/yorig/tuner/mpils-tests/instances/miplib/easy/fastxgemm-n2r6s0t2.mps with config: /scratch/yorig/mpils-results-grid-ticks-10000-7may/easy/24proc-2pils/seed-5/2_fastxgemm-n2r6s0t2_seed-5_20260510_011358/expansion/config_param_CPXPARAM_MIP_Strategy_StartAlgorithm_6_iter_3.prm
[INFO]:[01:16:40] CPLEX results. Gap: 83.040000, upper bound: 230.000000, lower bound: 39.000000
[INFO]:[01:16:40] CPLEX solver finished. Gap: 83.040000
[INFO]:[01:16:40] Expansion Worker 22 stopping early after global MPI expansion stop was activated.
[INFO]:[01:16:40] Expansion Worker 22 completed expansion.
[INFO]:[01:16:40] Worker 22 completed expansion phase.
[INFO]:[01:16:41] Worker 22 received order for step 1.
[INFO]:[01:16:41] Worker 22 running exploration phase for iteration 4.
[INFO]:[01:16:41] Worker 22 at iteration 4 will not use a MIP start file. Current best MIP-start upper bound threshold is 1.79769e+308.
[INFO]:[01:16:41] Starting local search phase...
[INFO]:[01:16:41] Creating local search space from parameter space file: /scratch/yorig/mpils-results-grid-ticks-10000-7may/easy/24proc-2pils/seed-5/2_fastxgemm-n2r6s0t2_seed-5_20260510_011358/iterated_local_search/search_space/search_space_file_4_worker_22.txt
[INFO]:[01:16:41] Local search space loaded from file: /scratch/yorig/mpils-results-grid-ticks-10000-7may/easy/24proc-2pils/seed-5/2_fastxgemm-n2r6s0t2_seed-5_20260510_011358/iterated_local_search/search_space/search_space_file_4_worker_22.txt
[INFO]:[01:16:41] Number of parameters in local search space: 71
[INFO]:[01:16:41] Number of forbidden tuples in local search space: 73
[INFO]:[01:16:41] Number of conditionals in local search space: 6
[INFO]:[01:16:41] MIP start option not enabled. Local search will proceed without MIP start.
[INFO]:[01:16:41] Starting CPLEX solver on instance: /home/yorig/tuner/mpils-tests/instances/miplib/easy/fastxgemm-n2r6s0t2.mps with config: /scratch/yorig/mpils-results-grid-ticks-10000-7may/easy/24proc-2pils/seed-5/2_fastxgemm-n2r6s0t2_seed-5_20260510_011358/iterated_local_search/run_4_worker_22/ils_config_13676894530766298859.prm
[INFO]:[01:16:41] Starting CPLEX solver on instance: /home/yorig/tuner/mpils-tests/instances/miplib/easy/fastxgemm-n2r6s0t2.mps with config: /scratch/yorig/mpils-results-grid-ticks-10000-7may/easy/24proc-2pils/seed-5/2_fastxgemm-n2r6s0t2_seed-5_20260510_011358/iterated_local_search/run_4_worker_22/ils_config_13676894530766298859.prm
[INFO]:[01:16:47] CPLEX results. Gap: 94.880000, upper bound: 527.000000, lower bound: 27.000000
[INFO]:[01:16:47] CPLEX solver finished. Gap: 94.880000
[INFO]:[01:16:47] New incumbent found with objective value: 86.96
[INFO]:[01:16:47] Starting CPLEX solver on instance: /home/yorig/tuner/mpils-tests/instances/miplib/easy/fastxgemm-n2r6s0t2.mps with config: /scratch/yorig/mpils-results-grid-ticks-10000-7may/easy/24proc-2pils/seed-5/2_fastxgemm-n2r6s0t2_seed-5_20260510_011358/iterated_local_search/run_4_worker_22/ils_config_4035440287968936464.prm
[INFO]:[01:16:47] Starting CPLEX solver on instance: /home/yorig/tuner/mpils-tests/instances/miplib/easy/fastxgemm-n2r6s0t2.mps with config: /scratch/yorig/mpils-results-grid-ticks-10000-7may/easy/24proc-2pils/seed-5/2_fastxgemm-n2r6s0t2_seed-5_20260510_011358/iterated_local_search/run_4_worker_22/ils_config_4035440287968936464.prm
[INFO]:[01:16:52] CPLEX results. Gap: 86.960000, upper bound: 230.000000, lower bound: 30.000000
[INFO]:[01:16:52] CPLEX solver finished. Gap: 86.960000
[INFO]:[01:16:52] Starting CPLEX solver on instance: /home/yorig/tuner/mpils-tests/instances/miplib/easy/fastxgemm-n2r6s0t2.mps with config: /scratch/yorig/mpils-results-grid-ticks-10000-7may/easy/24proc-2pils/seed-5/2_fastxgemm-n2r6s0t2_seed-5_20260510_011358/iterated_local_search/run_4_worker_22/ils_config_12253865263693720307.prm
[INFO]:[01:16:52] Starting CPLEX solver on instance: /home/yorig/tuner/mpils-tests/instances/miplib/easy/fastxgemm-n2r6s0t2.mps with config: /scratch/yorig/mpils-results-grid-ticks-10000-7may/easy/24proc-2pils/seed-5/2_fastxgemm-n2r6s0t2_seed-5_20260510_011358/iterated_local_search/run_4_worker_22/ils_config_12253865263693720307.prm
[INFO]:[01:16:58] CPLEX results. Gap: 86.960000, upper bound: 230.000000, lower bound: 30.000000
[INFO]:[01:16:58] CPLEX solver finished. Gap: 86.960000
[INFO]:[01:16:58] Starting CPLEX solver on instance: /home/yorig/tuner/mpils-tests/instances/miplib/easy/fastxgemm-n2r6s0t2.mps with config: /scratch/yorig/mpils-results-grid-ticks-10000-7may/easy/24proc-2pils/seed-5/2_fastxgemm-n2r6s0t2_seed-5_20260510_011358/iterated_local_search/run_4_worker_22/ils_config_1290400228128469604.prm
[INFO]:[01:16:58] Starting CPLEX solver on instance: /home/yorig/tuner/mpils-tests/instances/miplib/easy/fastxgemm-n2r6s0t2.mps with config: /scratch/yorig/mpils-results-grid-ticks-10000-7may/easy/24proc-2pils/seed-5/2_fastxgemm-n2r6s0t2_seed-5_20260510_011358/iterated_local_search/run_4_worker_22/ils_config_1290400228128469604.prm
[INFO]:[01:17:04] CPLEX results. Gap: 87.100000, upper bound: 230.000000, lower bound: 29.670000
[INFO]:[01:17:04] CPLEX solver finished. Gap: 87.100000
[INFO]:[01:17:04] Starting CPLEX solver on instance: /home/yorig/tuner/mpils-tests/instances/miplib/easy/fastxgemm-n2r6s0t2.mps with config: /scratch/yorig/mpils-results-grid-ticks-10000-7may/easy/24proc-2pils/seed-5/2_fastxgemm-n2r6s0t2_seed-5_20260510_011358/iterated_local_search/run_4_worker_22/ils_config_6578546249770702446.prm
[INFO]:[01:17:04] Starting CPLEX solver on instance: /home/yorig/tuner/mpils-tests/instances/miplib/easy/fastxgemm-n2r6s0t2.mps with config: /scratch/yorig/mpils-results-grid-ticks-10000-7may/easy/24proc-2pils/seed-5/2_fastxgemm-n2r6s0t2_seed-5_20260510_011358/iterated_local_search/run_4_worker_22/ils_config_6578546249770702446.prm
[INFO]:[01:17:10] CPLEX results. Gap: 86.960000, upper bound: 230.000000, lower bound: 30.000000
[INFO]:[01:17:10] CPLEX solver finished. Gap: 86.960000
[INFO]:[01:17:10] Starting CPLEX solver on instance: /home/yorig/tuner/mpils-tests/instances/miplib/easy/fastxgemm-n2r6s0t2.mps with config: /scratch/yorig/mpils-results-grid-ticks-10000-7may/easy/24proc-2pils/seed-5/2_fastxgemm-n2r6s0t2_seed-5_20260510_011358/iterated_local_search/run_4_worker_22/ils_config_8069972135602300068.prm
[INFO]:[01:17:10] Starting CPLEX solver on instance: /home/yorig/tuner/mpils-tests/instances/miplib/easy/fastxgemm-n2r6s0t2.mps with config: /scratch/yorig/mpils-results-grid-ticks-10000-7may/easy/24proc-2pils/seed-5/2_fastxgemm-n2r6s0t2_seed-5_20260510_011358/iterated_local_search/run_4_worker_22/ils_config_8069972135602300068.prm
[INFO]:[01:17:15] CPLEX results. Gap: 88.260000, upper bound: 230.000000, lower bound: 27.000000
[INFO]:[01:17:15] CPLEX solver finished. Gap: 88.260000
[INFO]:[01:17:15] Starting CPLEX solver on instance: /home/yorig/tuner/mpils-tests/instances/miplib/easy/fastxgemm-n2r6s0t2.mps with config: /scratch/yorig/mpils-results-grid-ticks-10000-7may/easy/24proc-2pils/seed-5/2_fastxgemm-n2r6s0t2_seed-5_20260510_011358/iterated_local_search/run_4_worker_22/ils_config_1014674918520933456.prm
[INFO]:[01:17:15] Starting CPLEX solver on instance: /home/yorig/tuner/mpils-tests/instances/miplib/easy/fastxgemm-n2r6s0t2.mps with config: /scratch/yorig/mpils-results-grid-ticks-10000-7may/easy/24proc-2pils/seed-5/2_fastxgemm-n2r6s0t2_seed-5_20260510_011358/iterated_local_search/run_4_worker_22/ils_config_1014674918520933456.prm
[INFO]:[01:17:21] CPLEX results. Gap: 88.260000, upper bound: 230.000000, lower bound: 27.000000
[INFO]:[01:17:21] CPLEX solver finished. Gap: 88.260000
[INFO]:[01:17:21] Local search phase completed.
[INFO]:[01:17:21] Total number of new local-search evaluations: 14
[INFO]:[01:17:21] Final incumbent objective value: 86.96
[INFO]:[01:17:25] Worker 22 completed exploration phase.
[INFO]:[01:17:25] Worker 22 received order for step 2.
[INFO]:[01:17:25] Worker 22 running expansion phase for iteration 4.
[INFO]:[01:17:25] Worker 22 will use solver log file: /scratch/yorig/mpils-results-grid-ticks-10000-7may/easy/24proc-2pils/seed-5/2_fastxgemm-n2r6s0t2_seed-5_20260510_011358/solver/cplex.log_iteration_expansion_4_worker_22
[INFO]:[01:17:25] Expansion Worker 22 starting expansion for iteration 4.
[INFO]:[01:17:25] Starting CPLEX solver on instance: /home/yorig/tuner/mpils-tests/instances/miplib/easy/fastxgemm-n2r6s0t2.mps with config: /scratch/yorig/mpils-results-grid-ticks-10000-7may/easy/24proc-2pils/seed-5/2_fastxgemm-n2r6s0t2_seed-5_20260510_011358/expansion/config_param_CPXPARAM_Simplex_DGradient_3_iter_4.prm
[INFO]:[01:17:31] CPLEX results. Gap: 94.010000, upper bound: 527.000000, lower bound: 31.567515
[INFO]:[01:17:31] CPLEX solver finished. Gap: 94.010000
[INFO]:[01:17:39] Expansion Worker 22 completed expansion.
[INFO]:[01:17:39] Worker 22 completed expansion phase.
[INFO]:[01:17:39] Worker 22 received order for step 1.
[INFO]:[01:17:39] Worker 22 running exploration phase for iteration 5.
[INFO]:[01:17:39] Worker 22 at iteration 5 will not use a MIP start file. Current best MIP-start upper bound threshold is 1.79769e+308.
[INFO]:[01:17:39] Starting local search phase...
[INFO]:[01:17:39] Creating local search space from parameter space file: /scratch/yorig/mpils-results-grid-ticks-10000-7may/easy/24proc-2pils/seed-5/2_fastxgemm-n2r6s0t2_seed-5_20260510_011358/iterated_local_search/search_space/search_space_file_5_worker_22.txt
[INFO]:[01:17:39] Local search space loaded from file: /scratch/yorig/mpils-results-grid-ticks-10000-7may/easy/24proc-2pils/seed-5/2_fastxgemm-n2r6s0t2_seed-5_20260510_011358/iterated_local_search/search_space/search_space_file_5_worker_22.txt
[INFO]:[01:17:39] Number of parameters in local search space: 71
[INFO]:[01:17:39] Number of forbidden tuples in local search space: 73
[INFO]:[01:17:39] Number of conditionals in local search space: 6
[INFO]:[01:17:39] MIP start option not enabled. Local search will proceed without MIP start.
[INFO]:[01:17:39] Starting CPLEX solver on instance: /home/yorig/tuner/mpils-tests/instances/miplib/easy/fastxgemm-n2r6s0t2.mps with config: /scratch/yorig/mpils-results-grid-ticks-10000-7may/easy/24proc-2pils/seed-5/2_fastxgemm-n2r6s0t2_seed-5_20260510_011358/iterated_local_search/run_5_worker_22/ils_config_6329267139771971081.prm
[INFO]:[01:17:39] Starting CPLEX solver on instance: /home/yorig/tuner/mpils-tests/instances/miplib/easy/fastxgemm-n2r6s0t2.mps with config: /scratch/yorig/mpils-results-grid-ticks-10000-7may/easy/24proc-2pils/seed-5/2_fastxgemm-n2r6s0t2_seed-5_20260510_011358/iterated_local_search/run_5_worker_22/ils_config_6329267139771971081.prm
[INFO]:[01:17:45] CPLEX results. Gap: 94.880000, upper bound: 527.000000, lower bound: 27.000000
[INFO]:[01:17:45] CPLEX solver finished. Gap: 94.880000
[INFO]:[01:17:45] Starting CPLEX solver on instance: /home/yorig/tuner/mpils-tests/instances/miplib/easy/fastxgemm-n2r6s0t2.mps with config: /scratch/yorig/mpils-results-grid-ticks-10000-7may/easy/24proc-2pils/seed-5/2_fastxgemm-n2r6s0t2_seed-5_20260510_011358/iterated_local_search/run_5_worker_22/ils_config_14855998827551733321.prm
[INFO]:[01:17:45] Starting CPLEX solver on instance: /home/yorig/tuner/mpils-tests/instances/miplib/easy/fastxgemm-n2r6s0t2.mps with config: /scratch/yorig/mpils-results-grid-ticks-10000-7may/easy/24proc-2pils/seed-5/2_fastxgemm-n2r6s0t2_seed-5_20260510_011358/iterated_local_search/run_5_worker_22/ils_config_14855998827551733321.prm
[INFO]:[01:17:51] CPLEX results. Gap: 94.880000, upper bound: 527.000000, lower bound: 27.000000
[INFO]:[01:17:51] CPLEX solver finished. Gap: 94.880000
[INFO]:[01:17:51] Starting CPLEX solver on instance: /home/yorig/tuner/mpils-tests/instances/miplib/easy/fastxgemm-n2r6s0t2.mps with config: /scratch/yorig/mpils-results-grid-ticks-10000-7may/easy/24proc-2pils/seed-5/2_fastxgemm-n2r6s0t2_seed-5_20260510_011358/iterated_local_search/run_5_worker_22/ils_config_14684198913695196349.prm
[INFO]:[01:17:51] Starting CPLEX solver on instance: /home/yorig/tuner/mpils-tests/instances/miplib/easy/fastxgemm-n2r6s0t2.mps with config: /scratch/yorig/mpils-results-grid-ticks-10000-7may/easy/24proc-2pils/seed-5/2_fastxgemm-n2r6s0t2_seed-5_20260510_011358/iterated_local_search/run_5_worker_22/ils_config_14684198913695196349.prm
[INFO]:[01:17:57] CPLEX results. Gap: 94.880000, upper bound: 527.000000, lower bound: 27.000000
[INFO]:[01:17:57] CPLEX solver finished. Gap: 94.880000
[INFO]:[01:17:57] Starting CPLEX solver on instance: /home/yorig/tuner/mpils-tests/instances/miplib/easy/fastxgemm-n2r6s0t2.mps with config: /scratch/yorig/mpils-results-grid-ticks-10000-7may/easy/24proc-2pils/seed-5/2_fastxgemm-n2r6s0t2_seed-5_20260510_011358/iterated_local_search/run_5_worker_22/ils_config_3085703571645700927.prm
[INFO]:[01:17:57] Starting CPLEX solver on instance: /home/yorig/tuner/mpils-tests/instances/miplib/easy/fastxgemm-n2r6s0t2.mps with config: /scratch/yorig/mpils-results-grid-ticks-10000-7may/easy/24proc-2pils/seed-5/2_fastxgemm-n2r6s0t2_seed-5_20260510_011358/iterated_local_search/run_5_worker_22/ils_config_3085703571645700927.prm
[INFO]:[01:18:03] CPLEX results. Gap: 94.880000, upper bound: 527.000000, lower bound: 27.000000
[INFO]:[01:18:03] CPLEX solver finished. Gap: 94.880000
[INFO]:[01:18:03] Starting CPLEX solver on instance: /home/yorig/tuner/mpils-tests/instances/miplib/easy/fastxgemm-n2r6s0t2.mps with config: /scratch/yorig/mpils-results-grid-ticks-10000-7may/easy/24proc-2pils/seed-5/2_fastxgemm-n2r6s0t2_seed-5_20260510_011358/iterated_local_search/run_5_worker_22/ils_config_901450650138351183.prm
[INFO]:[01:18:03] Starting CPLEX solver on instance: /home/yorig/tuner/mpils-tests/instances/miplib/easy/fastxgemm-n2r6s0t2.mps with config: /scratch/yorig/mpils-results-grid-ticks-10000-7may/easy/24proc-2pils/seed-5/2_fastxgemm-n2r6s0t2_seed-5_20260510_011358/iterated_local_search/run_5_worker_22/ils_config_901450650138351183.prm
[INFO]:[01:18:09] CPLEX results. Gap: 94.880000, upper bound: 527.000000, lower bound: 27.000000
[INFO]:[01:18:09] CPLEX solver finished. Gap: 94.880000
[INFO]:[01:18:09] Local search phase completed.
[INFO]:[01:18:09] Total number of new local-search evaluations: 10
[INFO]:[01:18:09] Final incumbent objective value: 94.88
[INFO]:[01:18:10] Worker 22 completed exploration phase.
[INFO]:[01:18:11] Worker 22 received order for step 2.
[INFO]:[01:18:11] Worker 22 running expansion phase for iteration 5.
[INFO]:[01:18:11] Worker 22 will use solver log file: /scratch/yorig/mpils-results-grid-ticks-10000-7may/easy/24proc-2pils/seed-5/2_fastxgemm-n2r6s0t2_seed-5_20260510_011358/solver/cplex.log_iteration_expansion_5_worker_22
[INFO]:[01:18:11] Expansion Worker 22 starting expansion for iteration 5.
[INFO]:[01:18:11] Starting CPLEX solver on instance: /home/yorig/tuner/mpils-tests/instances/miplib/easy/fastxgemm-n2r6s0t2.mps with config: /scratch/yorig/mpils-results-grid-ticks-10000-7may/easy/24proc-2pils/seed-5/2_fastxgemm-n2r6s0t2_seed-5_20260510_011358/expansion/config_param_CPXPARAM_Feasopt_Mode_3_iter_5.prm
[INFO]:[01:18:17] CPLEX results. Gap: 82.320000, upper bound: 230.000000, lower bound: 40.666667
[INFO]:[01:18:17] CPLEX solver finished. Gap: 82.320000
[INFO]:[01:18:24] Expansion Worker 22 completed expansion.
[INFO]:[01:18:24] Worker 22 completed expansion phase.
[INFO]:[01:18:24] Worker 22 received order for step 1.
[INFO]:[01:18:24] Worker 22 running exploration phase for iteration 6.
[INFO]:[01:18:24] Worker 22 at iteration 6 will not use a MIP start file. Current best MIP-start upper bound threshold is 1.79769e+308.
[INFO]:[01:18:24] Starting local search phase...
[INFO]:[01:18:24] Creating local search space from parameter space file: /scratch/yorig/mpils-results-grid-ticks-10000-7may/easy/24proc-2pils/seed-5/2_fastxgemm-n2r6s0t2_seed-5_20260510_011358/iterated_local_search/search_space/search_space_file_6_worker_22.txt
[INFO]:[01:18:24] Local search space loaded from file: /scratch/yorig/mpils-results-grid-ticks-10000-7may/easy/24proc-2pils/seed-5/2_fastxgemm-n2r6s0t2_seed-5_20260510_011358/iterated_local_search/search_space/search_space_file_6_worker_22.txt
[INFO]:[01:18:24] Number of parameters in local search space: 71
[INFO]:[01:18:24] Number of forbidden tuples in local search space: 73
[INFO]:[01:18:24] Number of conditionals in local search space: 6
[INFO]:[01:18:24] MIP start option not enabled. Local search will proceed without MIP start.
[INFO]:[01:18:24] Starting CPLEX solver on instance: /home/yorig/tuner/mpils-tests/instances/miplib/easy/fastxgemm-n2r6s0t2.mps with config: /scratch/yorig/mpils-results-grid-ticks-10000-7may/easy/24proc-2pils/seed-5/2_fastxgemm-n2r6s0t2_seed-5_20260510_011358/iterated_local_search/run_6_worker_22/ils_config_13992119882154139075.prm
[INFO]:[01:18:24] Starting CPLEX solver on instance: /home/yorig/tuner/mpils-tests/instances/miplib/easy/fastxgemm-n2r6s0t2.mps with config: /scratch/yorig/mpils-results-grid-ticks-10000-7may/easy/24proc-2pils/seed-5/2_fastxgemm-n2r6s0t2_seed-5_20260510_011358/iterated_local_search/run_6_worker_22/ils_config_13992119882154139075.prm
[INFO]:[01:18:30] CPLEX results. Gap: 96.740000, upper bound: 827.000000, lower bound: 27.000000
[INFO]:[01:18:30] CPLEX solver finished. Gap: 96.740000
[INFO]:[01:18:30] New incumbent found with objective value: 94.88
[INFO]:[01:18:30] Starting CPLEX solver on instance: /home/yorig/tuner/mpils-tests/instances/miplib/easy/fastxgemm-n2r6s0t2.mps with config: /scratch/yorig/mpils-results-grid-ticks-10000-7may/easy/24proc-2pils/seed-5/2_fastxgemm-n2r6s0t2_seed-5_20260510_011358/iterated_local_search/run_6_worker_22/ils_config_11421790633707000021.prm
[INFO]:[01:18:30] Starting CPLEX solver on instance: /home/yorig/tuner/mpils-tests/instances/miplib/easy/fastxgemm-n2r6s0t2.mps with config: /scratch/yorig/mpils-results-grid-ticks-10000-7may/easy/24proc-2pils/seed-5/2_fastxgemm-n2r6s0t2_seed-5_20260510_011358/iterated_local_search/run_6_worker_22/ils_config_11421790633707000021.prm
[INFO]:[01:18:36] CPLEX results. Gap: 94.880000, upper bound: 527.000000, lower bound: 27.000000
[INFO]:[01:18:36] CPLEX solver finished. Gap: 94.880000
[INFO]:[01:18:36] Starting CPLEX solver on instance: /home/yorig/tuner/mpils-tests/instances/miplib/easy/fastxgemm-n2r6s0t2.mps with config: /scratch/yorig/mpils-results-grid-ticks-10000-7may/easy/24proc-2pils/seed-5/2_fastxgemm-n2r6s0t2_seed-5_20260510_011358/iterated_local_search/run_6_worker_22/ils_config_3578969921344710240.prm
[INFO]:[01:18:36] Starting CPLEX solver on instance: /home/yorig/tuner/mpils-tests/instances/miplib/easy/fastxgemm-n2r6s0t2.mps with config: /scratch/yorig/mpils-results-grid-ticks-10000-7may/easy/24proc-2pils/seed-5/2_fastxgemm-n2r6s0t2_seed-5_20260510_011358/iterated_local_search/run_6_worker_22/ils_config_3578969921344710240.prm
[INFO]:[01:18:42] CPLEX results. Gap: 94.880000, upper bound: 527.000000, lower bound: 27.000000
[INFO]:[01:18:42] CPLEX solver finished. Gap: 94.880000
[INFO]:[01:18:42] New incumbent found with objective value: 88.56
[INFO]:[01:18:42] Starting CPLEX solver on instance: /home/yorig/tuner/mpils-tests/instances/miplib/easy/fastxgemm-n2r6s0t2.mps with config: /scratch/yorig/mpils-results-grid-ticks-10000-7may/easy/24proc-2pils/seed-5/2_fastxgemm-n2r6s0t2_seed-5_20260510_011358/iterated_local_search/run_6_worker_22/ils_config_10308446538117076843.prm
[INFO]:[01:18:42] Starting CPLEX solver on instance: /home/yorig/tuner/mpils-tests/instances/miplib/easy/fastxgemm-n2r6s0t2.mps with config: /scratch/yorig/mpils-results-grid-ticks-10000-7may/easy/24proc-2pils/seed-5/2_fastxgemm-n2r6s0t2_seed-5_20260510_011358/iterated_local_search/run_6_worker_22/ils_config_10308446538117076843.prm
[INFO]:[01:18:48] CPLEX results. Gap: 88.560000, upper bound: 236.000000, lower bound: 27.000000
[INFO]:[01:18:48] CPLEX solver finished. Gap: 88.560000
[INFO]:[01:18:48] Starting CPLEX solver on instance: /home/yorig/tuner/mpils-tests/instances/miplib/easy/fastxgemm-n2r6s0t2.mps with config: /scratch/yorig/mpils-results-grid-ticks-10000-7may/easy/24proc-2pils/seed-5/2_fastxgemm-n2r6s0t2_seed-5_20260510_011358/iterated_local_search/run_6_worker_22/ils_config_16864446399484027775.prm
[INFO]:[01:18:48] Starting CPLEX solver on instance: /home/yorig/tuner/mpils-tests/instances/miplib/easy/fastxgemm-n2r6s0t2.mps with config: /scratch/yorig/mpils-results-grid-ticks-10000-7may/easy/24proc-2pils/seed-5/2_fastxgemm-n2r6s0t2_seed-5_20260510_011358/iterated_local_search/run_6_worker_22/ils_config_16864446399484027775.prm
[INFO]:[01:18:53] CPLEX results. Gap: 88.260000, upper bound: 230.000000, lower bound: 27.000000
[INFO]:[01:18:53] CPLEX solver finished. Gap: 88.260000
[INFO]:[01:18:53] New incumbent found with objective value: 88.26
[INFO]:[01:18:53] Starting CPLEX solver on instance: /home/yorig/tuner/mpils-tests/instances/miplib/easy/fastxgemm-n2r6s0t2.mps with config: /scratch/yorig/mpils-results-grid-ticks-10000-7may/easy/24proc-2pils/seed-5/2_fastxgemm-n2r6s0t2_seed-5_20260510_011358/iterated_local_search/run_6_worker_22/ils_config_14864732656979741332.prm
[INFO]:[01:18:53] Starting CPLEX solver on instance: /home/yorig/tuner/mpils-tests/instances/miplib/easy/fastxgemm-n2r6s0t2.mps with config: /scratch/yorig/mpils-results-grid-ticks-10000-7may/easy/24proc-2pils/seed-5/2_fastxgemm-n2r6s0t2_seed-5_20260510_011358/iterated_local_search/run_6_worker_22/ils_config_14864732656979741332.prm
[INFO]:[01:18:59] CPLEX results. Gap: 94.880000, upper bound: 527.000000, lower bound: 27.000000
[INFO]:[01:18:59] CPLEX solver finished. Gap: 94.880000
[INFO]:[01:18:59] Starting CPLEX solver on instance: /home/yorig/tuner/mpils-tests/instances/miplib/easy/fastxgemm-n2r6s0t2.mps with config: /scratch/yorig/mpils-results-grid-ticks-10000-7may/easy/24proc-2pils/seed-5/2_fastxgemm-n2r6s0t2_seed-5_20260510_011358/iterated_local_search/run_6_worker_22/ils_config_11944844121121640558.prm
[INFO]:[01:18:59] Starting CPLEX solver on instance: /home/yorig/tuner/mpils-tests/instances/miplib/easy/fastxgemm-n2r6s0t2.mps with config: /scratch/yorig/mpils-results-grid-ticks-10000-7may/easy/24proc-2pils/seed-5/2_fastxgemm-n2r6s0t2_seed-5_20260510_011358/iterated_local_search/run_6_worker_22/ils_config_11944844121121640558.prm
[INFO]:[01:19:05] CPLEX results. Gap: 88.260000, upper bound: 230.000000, lower bound: 27.000000
[INFO]:[01:19:05] CPLEX solver finished. Gap: 88.260000
[INFO]:[01:19:05] Starting CPLEX solver on instance: /home/yorig/tuner/mpils-tests/instances/miplib/easy/fastxgemm-n2r6s0t2.mps with config: /scratch/yorig/mpils-results-grid-ticks-10000-7may/easy/24proc-2pils/seed-5/2_fastxgemm-n2r6s0t2_seed-5_20260510_011358/iterated_local_search/run_6_worker_22/ils_config_1145653359268636229.prm
[INFO]:[01:19:05] Starting CPLEX solver on instance: /home/yorig/tuner/mpils-tests/instances/miplib/easy/fastxgemm-n2r6s0t2.mps with config: /scratch/yorig/mpils-results-grid-ticks-10000-7may/easy/24proc-2pils/seed-5/2_fastxgemm-n2r6s0t2_seed-5_20260510_011358/iterated_local_search/run_6_worker_22/ils_config_1145653359268636229.prm
[INFO]:[01:19:11] CPLEX results. Gap: 88.260000, upper bound: 230.000000, lower bound: 27.000000
[INFO]:[01:19:11] CPLEX solver finished. Gap: 88.260000
[INFO]:[01:19:11] Starting CPLEX solver on instance: /home/yorig/tuner/mpils-tests/instances/miplib/easy/fastxgemm-n2r6s0t2.mps with config: /scratch/yorig/mpils-results-grid-ticks-10000-7may/easy/24proc-2pils/seed-5/2_fastxgemm-n2r6s0t2_seed-5_20260510_011358/iterated_local_search/run_6_worker_22/ils_config_4662975173650156709.prm
[INFO]:[01:19:11] Starting CPLEX solver on instance: /home/yorig/tuner/mpils-tests/instances/miplib/easy/fastxgemm-n2r6s0t2.mps with config: /scratch/yorig/mpils-results-grid-ticks-10000-7may/easy/24proc-2pils/seed-5/2_fastxgemm-n2r6s0t2_seed-5_20260510_011358/iterated_local_search/run_6_worker_22/ils_config_4662975173650156709.prm
[INFO]:[01:19:16] CPLEX results. Gap: 88.260000, upper bound: 230.000000, lower bound: 27.000000
[INFO]:[01:19:16] CPLEX solver finished. Gap: 88.260000
[INFO]:[01:19:17] Local search phase completed.
[INFO]:[01:19:17] Total number of new local-search evaluations: 18
[INFO]:[01:19:17] Final incumbent objective value: 88.26
[INFO]:[01:19:21] Worker 22 completed exploration phase.
[INFO]:[01:19:21] Worker 22 received order for step 2.
[INFO]:[01:19:21] Worker 22 running expansion phase for iteration 6.
[INFO]:[01:19:21] Worker 22 will use solver log file: /scratch/yorig/mpils-results-grid-ticks-10000-7may/easy/24proc-2pils/seed-5/2_fastxgemm-n2r6s0t2_seed-5_20260510_011358/solver/cplex.log_iteration_expansion_6_worker_22
[INFO]:[01:19:21] Expansion Worker 22 starting expansion for iteration 6.
[INFO]:[01:19:21] Starting CPLEX solver on instance: /home/yorig/tuner/mpils-tests/instances/miplib/easy/fastxgemm-n2r6s0t2.mps with config: /scratch/yorig/mpils-results-grid-ticks-10000-7may/easy/24proc-2pils/seed-5/2_fastxgemm-n2r6s0t2_seed-5_20260510_011358/expansion/config_param_CPXPARAM_LPMethod_5_iter_6.prm
[INFO]:[01:19:27] CPLEX results. Gap: 44.780000, upper bound: 230.000000, lower bound: 127.000000
[INFO]:[01:19:27] CPLEX solver finished. Gap: 44.780000
[INFO]:[01:19:33] Expansion Worker 22 completed expansion.
[INFO]:[01:19:33] Worker 22 completed expansion phase.
[INFO]:[01:19:33] Worker 22 received order for step 1.
[INFO]:[01:19:33] Worker 22 running exploration phase for iteration 7.
[INFO]:[01:19:33] Worker 22 at iteration 7 will not use a MIP start file. Current best MIP-start upper bound threshold is 1.79769e+308.
[INFO]:[01:19:33] Starting local search phase...
[INFO]:[01:19:33] Creating local search space from parameter space file: /scratch/yorig/mpils-results-grid-ticks-10000-7may/easy/24proc-2pils/seed-5/2_fastxgemm-n2r6s0t2_seed-5_20260510_011358/iterated_local_search/search_space/search_space_file_7_worker_22.txt
[INFO]:[01:19:33] Local search space loaded from file: /scratch/yorig/mpils-results-grid-ticks-10000-7may/easy/24proc-2pils/seed-5/2_fastxgemm-n2r6s0t2_seed-5_20260510_011358/iterated_local_search/search_space/search_space_file_7_worker_22.txt
[INFO]:[01:19:33] Number of parameters in local search space: 71
[INFO]:[01:19:33] Number of forbidden tuples in local search space: 63
[INFO]:[01:19:33] Number of conditionals in local search space: 6
[INFO]:[01:19:33] MIP start option not enabled. Local search will proceed without MIP start.
[INFO]:[01:19:34] Starting CPLEX solver on instance: /home/yorig/tuner/mpils-tests/instances/miplib/easy/fastxgemm-n2r6s0t2.mps with config: /scratch/yorig/mpils-results-grid-ticks-10000-7may/easy/24proc-2pils/seed-5/2_fastxgemm-n2r6s0t2_seed-5_20260510_011358/iterated_local_search/run_7_worker_22/ils_config_17474634119648207299.prm
[INFO]:[01:19:34] Starting CPLEX solver on instance: /home/yorig/tuner/mpils-tests/instances/miplib/easy/fastxgemm-n2r6s0t2.mps with config: /scratch/yorig/mpils-results-grid-ticks-10000-7may/easy/24proc-2pils/seed-5/2_fastxgemm-n2r6s0t2_seed-5_20260510_011358/iterated_local_search/run_7_worker_22/ils_config_17474634119648207299.prm
[INFO]:[01:19:39] CPLEX results. Gap: 94.880000, upper bound: 527.000000, lower bound: 27.000000
[INFO]:[01:19:39] CPLEX solver finished. Gap: 94.880000
[INFO]:[01:19:39] Starting CPLEX solver on instance: /home/yorig/tuner/mpils-tests/instances/miplib/easy/fastxgemm-n2r6s0t2.mps with config: /scratch/yorig/mpils-results-grid-ticks-10000-7may/easy/24proc-2pils/seed-5/2_fastxgemm-n2r6s0t2_seed-5_20260510_011358/iterated_local_search/run_7_worker_22/ils_config_970522394775724728.prm
[INFO]:[01:19:39] Starting CPLEX solver on instance: /home/yorig/tuner/mpils-tests/instances/miplib/easy/fastxgemm-n2r6s0t2.mps with config: /scratch/yorig/mpils-results-grid-ticks-10000-7may/easy/24proc-2pils/seed-5/2_fastxgemm-n2r6s0t2_seed-5_20260510_011358/iterated_local_search/run_7_worker_22/ils_config_970522394775724728.prm
[INFO]:[01:19:45] CPLEX results. Gap: 94.880000, upper bound: 527.000000, lower bound: 27.000000
[INFO]:[01:19:45] CPLEX solver finished. Gap: 94.880000
[INFO]:[01:19:46] New incumbent found with objective value: 88.26
[INFO]:[01:19:46] Starting CPLEX solver on instance: /home/yorig/tuner/mpils-tests/instances/miplib/easy/fastxgemm-n2r6s0t2.mps with config: /scratch/yorig/mpils-results-grid-ticks-10000-7may/easy/24proc-2pils/seed-5/2_fastxgemm-n2r6s0t2_seed-5_20260510_011358/iterated_local_search/run_7_worker_22/ils_config_6703813396827352436.prm
[INFO]:[01:19:46] Starting CPLEX solver on instance: /home/yorig/tuner/mpils-tests/instances/miplib/easy/fastxgemm-n2r6s0t2.mps with config: /scratch/yorig/mpils-results-grid-ticks-10000-7may/easy/24proc-2pils/seed-5/2_fastxgemm-n2r6s0t2_seed-5_20260510_011358/iterated_local_search/run_7_worker_22/ils_config_6703813396827352436.prm
[INFO]:[01:19:52] CPLEX results. Gap: 88.260000, upper bound: 230.000000, lower bound: 27.000000
[INFO]:[01:19:52] CPLEX solver finished. Gap: 88.260000
[INFO]:[01:19:52] Starting CPLEX solver on instance: /home/yorig/tuner/mpils-tests/instances/miplib/easy/fastxgemm-n2r6s0t2.mps with config: /scratch/yorig/mpils-results-grid-ticks-10000-7may/easy/24proc-2pils/seed-5/2_fastxgemm-n2r6s0t2_seed-5_20260510_011358/iterated_local_search/run_7_worker_22/ils_config_6049820699162226016.prm
[INFO]:[01:19:52] Starting CPLEX solver on instance: /home/yorig/tuner/mpils-tests/instances/miplib/easy/fastxgemm-n2r6s0t2.mps with config: /scratch/yorig/mpils-results-grid-ticks-10000-7may/easy/24proc-2pils/seed-5/2_fastxgemm-n2r6s0t2_seed-5_20260510_011358/iterated_local_search/run_7_worker_22/ils_config_6049820699162226016.prm
[INFO]:[01:19:58] CPLEX results. Gap: 96.840000, upper bound: 854.000000, lower bound: 27.000000
[INFO]:[01:19:58] CPLEX solver finished. Gap: 96.840000
[INFO]:[01:19:58] Starting CPLEX solver on instance: /home/yorig/tuner/mpils-tests/instances/miplib/easy/fastxgemm-n2r6s0t2.mps with config: /scratch/yorig/mpils-results-grid-ticks-10000-7may/easy/24proc-2pils/seed-5/2_fastxgemm-n2r6s0t2_seed-5_20260510_011358/iterated_local_search/run_7_worker_22/ils_config_12089367495873910751.prm
[INFO]:[01:19:58] Starting CPLEX solver on instance: /home/yorig/tuner/mpils-tests/instances/miplib/easy/fastxgemm-n2r6s0t2.mps with config: /scratch/yorig/mpils-results-grid-ticks-10000-7may/easy/24proc-2pils/seed-5/2_fastxgemm-n2r6s0t2_seed-5_20260510_011358/iterated_local_search/run_7_worker_22/ils_config_12089367495873910751.prm
[INFO]:[01:20:05] CPLEX results. Gap: 88.260000, upper bound: 230.000000, lower bound: 27.000000
[INFO]:[01:20:05] CPLEX solver finished. Gap: 88.260000
[INFO]:[01:20:05] Starting CPLEX solver on instance: /home/yorig/tuner/mpils-tests/instances/miplib/easy/fastxgemm-n2r6s0t2.mps with config: /scratch/yorig/mpils-results-grid-ticks-10000-7may/easy/24proc-2pils/seed-5/2_fastxgemm-n2r6s0t2_seed-5_20260510_011358/iterated_local_search/run_7_worker_22/ils_config_7914870015688654469.prm
[INFO]:[01:20:05] Starting CPLEX solver on instance: /home/yorig/tuner/mpils-tests/instances/miplib/easy/fastxgemm-n2r6s0t2.mps with config: /scratch/yorig/mpils-results-grid-ticks-10000-7may/easy/24proc-2pils/seed-5/2_fastxgemm-n2r6s0t2_seed-5_20260510_011358/iterated_local_search/run_7_worker_22/ils_config_7914870015688654469.prm
[INFO]:[01:20:11] CPLEX results. Gap: 88.260000, upper bound: 230.000000, lower bound: 27.000000
[INFO]:[01:20:11] CPLEX solver finished. Gap: 88.260000
[INFO]:[01:20:11] Starting CPLEX solver on instance: /home/yorig/tuner/mpils-tests/instances/miplib/easy/fastxgemm-n2r6s0t2.mps with config: /scratch/yorig/mpils-results-grid-ticks-10000-7may/easy/24proc-2pils/seed-5/2_fastxgemm-n2r6s0t2_seed-5_20260510_011358/iterated_local_search/run_7_worker_22/ils_config_18055166948843125278.prm
[INFO]:[01:20:11] Starting CPLEX solver on instance: /home/yorig/tuner/mpils-tests/instances/miplib/easy/fastxgemm-n2r6s0t2.mps with config: /scratch/yorig/mpils-results-grid-ticks-10000-7may/easy/24proc-2pils/seed-5/2_fastxgemm-n2r6s0t2_seed-5_20260510_011358/iterated_local_search/run_7_worker_22/ils_config_18055166948843125278.prm
[INFO]:[01:20:17] CPLEX results. Gap: 94.880000, upper bound: 527.000000, lower bound: 27.000000
[INFO]:[01:20:17] CPLEX solver finished. Gap: 94.880000
[INFO]:[01:20:17] Starting CPLEX solver on instance: /home/yorig/tuner/mpils-tests/instances/miplib/easy/fastxgemm-n2r6s0t2.mps with config: /scratch/yorig/mpils-results-grid-ticks-10000-7may/easy/24proc-2pils/seed-5/2_fastxgemm-n2r6s0t2_seed-5_20260510_011358/iterated_local_search/run_7_worker_22/ils_config_16219844913404555.prm
[INFO]:[01:20:17] Starting CPLEX solver on instance: /home/yorig/tuner/mpils-tests/instances/miplib/easy/fastxgemm-n2r6s0t2.mps with config: /scratch/yorig/mpils-results-grid-ticks-10000-7may/easy/24proc-2pils/seed-5/2_fastxgemm-n2r6s0t2_seed-5_20260510_011358/iterated_local_search/run_7_worker_22/ils_config_16219844913404555.prm
[INFO]:[01:20:23] CPLEX results. Gap: 94.880000, upper bound: 527.000000, lower bound: 27.000000
[INFO]:[01:20:23] CPLEX solver finished. Gap: 94.880000
[INFO]:[01:20:23] Starting CPLEX solver on instance: /home/yorig/tuner/mpils-tests/instances/miplib/easy/fastxgemm-n2r6s0t2.mps with config: /scratch/yorig/mpils-results-grid-ticks-10000-7may/easy/24proc-2pils/seed-5/2_fastxgemm-n2r6s0t2_seed-5_20260510_011358/iterated_local_search/run_7_worker_22/ils_config_13328477615700473156.prm
[INFO]:[01:20:23] Starting CPLEX solver on instance: /home/yorig/tuner/mpils-tests/instances/miplib/easy/fastxgemm-n2r6s0t2.mps with config: /scratch/yorig/mpils-results-grid-ticks-10000-7may/easy/24proc-2pils/seed-5/2_fastxgemm-n2r6s0t2_seed-5_20260510_011358/iterated_local_search/run_7_worker_22/ils_config_13328477615700473156.prm
[INFO]:[01:20:30] CPLEX results. Gap: 88.260000, upper bound: 230.000000, lower bound: 27.000000
[INFO]:[01:20:30] CPLEX solver finished. Gap: 88.260000
[INFO]:[01:20:30] Local search phase completed.
[INFO]:[01:20:30] Total number of new local-search evaluations: 18
[INFO]:[01:20:30] Final incumbent objective value: 88.26
[INFO]:[01:20:30] Worker 22 completed exploration phase.
[INFO]:[01:20:30] Worker 22 received order for step 2.
[INFO]:[01:20:30] Worker 22 running expansion phase for iteration 7.
[INFO]:[01:20:30] Worker 22 will use solver log file: /scratch/yorig/mpils-results-grid-ticks-10000-7may/easy/24proc-2pils/seed-5/2_fastxgemm-n2r6s0t2_seed-5_20260510_011358/solver/cplex.log_iteration_expansion_7_worker_22
[INFO]:[01:20:30] Expansion Worker 22 starting expansion for iteration 7.
[INFO]:[01:20:36] Expansion Worker 22 completed expansion.
[INFO]:[01:20:36] Worker 22 completed expansion phase.
[INFO]:[01:20:36] Worker 22 received order for step 1.
[INFO]:[01:20:36] Worker 22 running exploration phase for iteration 8.
[INFO]:[01:20:36] Worker 22 at iteration 8 will not use a MIP start file. Current best MIP-start upper bound threshold is 1.79769e+308.
[INFO]:[01:20:36] Starting local search phase...
[INFO]:[01:20:36] Creating local search space from parameter space file: /scratch/yorig/mpils-results-grid-ticks-10000-7may/easy/24proc-2pils/seed-5/2_fastxgemm-n2r6s0t2_seed-5_20260510_011358/iterated_local_search/search_space/search_space_file_8_worker_22.txt
[INFO]:[01:20:36] Local search space loaded from file: /scratch/yorig/mpils-results-grid-ticks-10000-7may/easy/24proc-2pils/seed-5/2_fastxgemm-n2r6s0t2_seed-5_20260510_011358/iterated_local_search/search_space/search_space_file_8_worker_22.txt
[INFO]:[01:20:36] Number of parameters in local search space: 71
[INFO]:[01:20:36] Number of forbidden tuples in local search space: 73
[INFO]:[01:20:36] Number of conditionals in local search space: 6
[INFO]:[01:20:36] MIP start option not enabled. Local search will proceed without MIP start.
[INFO]:[01:20:36] Starting CPLEX solver on instance: /home/yorig/tuner/mpils-tests/instances/miplib/easy/fastxgemm-n2r6s0t2.mps with config: /scratch/yorig/mpils-results-grid-ticks-10000-7may/easy/24proc-2pils/seed-5/2_fastxgemm-n2r6s0t2_seed-5_20260510_011358/iterated_local_search/run_8_worker_22/ils_config_10800397108807453062.prm
[INFO]:[01:20:36] Starting CPLEX solver on instance: /home/yorig/tuner/mpils-tests/instances/miplib/easy/fastxgemm-n2r6s0t2.mps with config: /scratch/yorig/mpils-results-grid-ticks-10000-7may/easy/24proc-2pils/seed-5/2_fastxgemm-n2r6s0t2_seed-5_20260510_011358/iterated_local_search/run_8_worker_22/ils_config_10800397108807453062.prm
[INFO]:[01:20:42] CPLEX results. Gap: 94.880000, upper bound: 527.000000, lower bound: 27.000000
[INFO]:[01:20:42] CPLEX solver finished. Gap: 94.880000
[INFO]:[01:20:42] New incumbent found with objective value: 88.26
[INFO]:[01:20:42] Starting CPLEX solver on instance: /home/yorig/tuner/mpils-tests/instances/miplib/easy/fastxgemm-n2r6s0t2.mps with config: /scratch/yorig/mpils-results-grid-ticks-10000-7may/easy/24proc-2pils/seed-5/2_fastxgemm-n2r6s0t2_seed-5_20260510_011358/iterated_local_search/run_8_worker_22/ils_config_12503670591476192689.prm
[INFO]:[01:20:42] Starting CPLEX solver on instance: /home/yorig/tuner/mpils-tests/instances/miplib/easy/fastxgemm-n2r6s0t2.mps with config: /scratch/yorig/mpils-results-grid-ticks-10000-7may/easy/24proc-2pils/seed-5/2_fastxgemm-n2r6s0t2_seed-5_20260510_011358/iterated_local_search/run_8_worker_22/ils_config_12503670591476192689.prm
[INFO]:[01:20:48] CPLEX results. Gap: 94.880000, upper bound: 527.000000, lower bound: 27.000000
[INFO]:[01:20:48] CPLEX solver finished. Gap: 94.880000
[INFO]:[01:20:48] Starting CPLEX solver on instance: /home/yorig/tuner/mpils-tests/instances/miplib/easy/fastxgemm-n2r6s0t2.mps with config: /scratch/yorig/mpils-results-grid-ticks-10000-7may/easy/24proc-2pils/seed-5/2_fastxgemm-n2r6s0t2_seed-5_20260510_011358/iterated_local_search/run_8_worker_22/ils_config_2931376967722463990.prm
[INFO]:[01:20:48] Starting CPLEX solver on instance: /home/yorig/tuner/mpils-tests/instances/miplib/easy/fastxgemm-n2r6s0t2.mps with config: /scratch/yorig/mpils-results-grid-ticks-10000-7may/easy/24proc-2pils/seed-5/2_fastxgemm-n2r6s0t2_seed-5_20260510_011358/iterated_local_search/run_8_worker_22/ils_config_2931376967722463990.prm
[INFO]:[01:20:54] CPLEX results. Gap: 88.260000, upper bound: 230.000000, lower bound: 27.000000
[INFO]:[01:20:54] CPLEX solver finished. Gap: 88.260000
[INFO]:[01:20:54] Starting CPLEX solver on instance: /home/yorig/tuner/mpils-tests/instances/miplib/easy/fastxgemm-n2r6s0t2.mps with config: /scratch/yorig/mpils-results-grid-ticks-10000-7may/easy/24proc-2pils/seed-5/2_fastxgemm-n2r6s0t2_seed-5_20260510_011358/iterated_local_search/run_8_worker_22/ils_config_6790060975792158253.prm
[INFO]:[01:20:54] Starting CPLEX solver on instance: /home/yorig/tuner/mpils-tests/instances/miplib/easy/fastxgemm-n2r6s0t2.mps with config: /scratch/yorig/mpils-results-grid-ticks-10000-7may/easy/24proc-2pils/seed-5/2_fastxgemm-n2r6s0t2_seed-5_20260510_011358/iterated_local_search/run_8_worker_22/ils_config_6790060975792158253.prm
[INFO]:[01:21:00] CPLEX results. Gap: 88.260000, upper bound: 230.000000, lower bound: 27.000000
[INFO]:[01:21:00] CPLEX solver finished. Gap: 88.260000
[INFO]:[01:21:00] Starting CPLEX solver on instance: /home/yorig/tuner/mpils-tests/instances/miplib/easy/fastxgemm-n2r6s0t2.mps with config: /scratch/yorig/mpils-results-grid-ticks-10000-7may/easy/24proc-2pils/seed-5/2_fastxgemm-n2r6s0t2_seed-5_20260510_011358/iterated_local_search/run_8_worker_22/ils_config_13826670395586622853.prm
[INFO]:[01:21:00] Starting CPLEX solver on instance: /home/yorig/tuner/mpils-tests/instances/miplib/easy/fastxgemm-n2r6s0t2.mps with config: /scratch/yorig/mpils-results-grid-ticks-10000-7may/easy/24proc-2pils/seed-5/2_fastxgemm-n2r6s0t2_seed-5_20260510_011358/iterated_local_search/run_8_worker_22/ils_config_13826670395586622853.prm
[INFO]:[01:21:06] CPLEX results. Gap: 94.880000, upper bound: 527.000000, lower bound: 27.000000
[INFO]:[01:21:06] CPLEX solver finished. Gap: 94.880000
[INFO]:[01:21:06] Starting CPLEX solver on instance: /home/yorig/tuner/mpils-tests/instances/miplib/easy/fastxgemm-n2r6s0t2.mps with config: /scratch/yorig/mpils-results-grid-ticks-10000-7may/easy/24proc-2pils/seed-5/2_fastxgemm-n2r6s0t2_seed-5_20260510_011358/iterated_local_search/run_8_worker_22/ils_config_13926259152668624340.prm
[INFO]:[01:21:06] Starting CPLEX solver on instance: /home/yorig/tuner/mpils-tests/instances/miplib/easy/fastxgemm-n2r6s0t2.mps with config: /scratch/yorig/mpils-results-grid-ticks-10000-7may/easy/24proc-2pils/seed-5/2_fastxgemm-n2r6s0t2_seed-5_20260510_011358/iterated_local_search/run_8_worker_22/ils_config_13926259152668624340.prm
[INFO]:[01:21:12] CPLEX results. Gap: 88.260000, upper bound: 230.000000, lower bound: 27.000000
[INFO]:[01:21:12] CPLEX solver finished. Gap: 88.260000
[INFO]:[01:21:12] Starting CPLEX solver on instance: /home/yorig/tuner/mpils-tests/instances/miplib/easy/fastxgemm-n2r6s0t2.mps with config: /scratch/yorig/mpils-results-grid-ticks-10000-7may/easy/24proc-2pils/seed-5/2_fastxgemm-n2r6s0t2_seed-5_20260510_011358/iterated_local_search/run_8_worker_22/ils_config_13613047306954967713.prm
[INFO]:[01:21:12] Starting CPLEX solver on instance: /home/yorig/tuner/mpils-tests/instances/miplib/easy/fastxgemm-n2r6s0t2.mps with config: /scratch/yorig/mpils-results-grid-ticks-10000-7may/easy/24proc-2pils/seed-5/2_fastxgemm-n2r6s0t2_seed-5_20260510_011358/iterated_local_search/run_8_worker_22/ils_config_13613047306954967713.prm
[INFO]:[01:21:17] CPLEX results. Gap: 94.880000, upper bound: 527.000000, lower bound: 27.000000
[INFO]:[01:21:17] CPLEX solver finished. Gap: 94.880000
[INFO]:[01:21:18] Starting CPLEX solver on instance: /home/yorig/tuner/mpils-tests/instances/miplib/easy/fastxgemm-n2r6s0t2.mps with config: /scratch/yorig/mpils-results-grid-ticks-10000-7may/easy/24proc-2pils/seed-5/2_fastxgemm-n2r6s0t2_seed-5_20260510_011358/iterated_local_search/run_8_worker_22/ils_config_16757247935793275256.prm
[INFO]:[01:21:18] Starting CPLEX solver on instance: /home/yorig/tuner/mpils-tests/instances/miplib/easy/fastxgemm-n2r6s0t2.mps with config: /scratch/yorig/mpils-results-grid-ticks-10000-7may/easy/24proc-2pils/seed-5/2_fastxgemm-n2r6s0t2_seed-5_20260510_011358/iterated_local_search/run_8_worker_22/ils_config_16757247935793275256.prm
[INFO]:[01:21:23] CPLEX results. Gap: 88.260000, upper bound: 230.000000, lower bound: 27.000000
[INFO]:[01:21:23] CPLEX solver finished. Gap: 88.260000
[INFO]:[01:21:23] Starting CPLEX solver on instance: /home/yorig/tuner/mpils-tests/instances/miplib/easy/fastxgemm-n2r6s0t2.mps with config: /scratch/yorig/mpils-results-grid-ticks-10000-7may/easy/24proc-2pils/seed-5/2_fastxgemm-n2r6s0t2_seed-5_20260510_011358/iterated_local_search/run_8_worker_22/ils_config_3811396735389238013.prm
[INFO]:[01:21:23] Starting CPLEX solver on instance: /home/yorig/tuner/mpils-tests/instances/miplib/easy/fastxgemm-n2r6s0t2.mps with config: /scratch/yorig/mpils-results-grid-ticks-10000-7may/easy/24proc-2pils/seed-5/2_fastxgemm-n2r6s0t2_seed-5_20260510_011358/iterated_local_search/run_8_worker_22/ils_config_3811396735389238013.prm
[INFO]:[01:21:29] CPLEX results. Gap: 88.260000, upper bound: 230.000000, lower bound: 27.000000
[INFO]:[01:21:29] CPLEX solver finished. Gap: 88.260000
[INFO]:[01:21:29] Starting CPLEX solver on instance: /home/yorig/tuner/mpils-tests/instances/miplib/easy/fastxgemm-n2r6s0t2.mps with config: /scratch/yorig/mpils-results-grid-ticks-10000-7may/easy/24proc-2pils/seed-5/2_fastxgemm-n2r6s0t2_seed-5_20260510_011358/iterated_local_search/run_8_worker_22/ils_config_5231116479792055951.prm
[INFO]:[01:21:29] Starting CPLEX solver on instance: /home/yorig/tuner/mpils-tests/instances/miplib/easy/fastxgemm-n2r6s0t2.mps with config: /scratch/yorig/mpils-results-grid-ticks-10000-7may/easy/24proc-2pils/seed-5/2_fastxgemm-n2r6s0t2_seed-5_20260510_011358/iterated_local_search/run_8_worker_22/ils_config_5231116479792055951.prm
[INFO]:[01:21:35] CPLEX results. Gap: 88.260000, upper bound: 230.000000, lower bound: 27.000000
[INFO]:[01:21:35] CPLEX solver finished. Gap: 88.260000
[INFO]:[01:21:35] Starting CPLEX solver on instance: /home/yorig/tuner/mpils-tests/instances/miplib/easy/fastxgemm-n2r6s0t2.mps with config: /scratch/yorig/mpils-results-grid-ticks-10000-7may/easy/24proc-2pils/seed-5/2_fastxgemm-n2r6s0t2_seed-5_20260510_011358/iterated_local_search/run_8_worker_22/ils_config_13144143294467541695.prm
[INFO]:[01:21:35] Starting CPLEX solver on instance: /home/yorig/tuner/mpils-tests/instances/miplib/easy/fastxgemm-n2r6s0t2.mps with config: /scratch/yorig/mpils-results-grid-ticks-10000-7may/easy/24proc-2pils/seed-5/2_fastxgemm-n2r6s0t2_seed-5_20260510_011358/iterated_local_search/run_8_worker_22/ils_config_13144143294467541695.prm
[INFO]:[01:21:41] CPLEX results. Gap: 88.260000, upper bound: 230.000000, lower bound: 27.000000
[INFO]:[01:21:41] CPLEX solver finished. Gap: 88.260000
[INFO]:[01:21:41] Starting CPLEX solver on instance: /home/yorig/tuner/mpils-tests/instances/miplib/easy/fastxgemm-n2r6s0t2.mps with config: /scratch/yorig/mpils-results-grid-ticks-10000-7may/easy/24proc-2pils/seed-5/2_fastxgemm-n2r6s0t2_seed-5_20260510_011358/iterated_local_search/run_8_worker_22/ils_config_10149138745971971593.prm
[INFO]:[01:21:41] Starting CPLEX solver on instance: /home/yorig/tuner/mpils-tests/instances/miplib/easy/fastxgemm-n2r6s0t2.mps with config: /scratch/yorig/mpils-results-grid-ticks-10000-7may/easy/24proc-2pils/seed-5/2_fastxgemm-n2r6s0t2_seed-5_20260510_011358/iterated_local_search/run_8_worker_22/ils_config_10149138745971971593.prm
[INFO]:[01:21:47] CPLEX results. Gap: 88.260000, upper bound: 230.000000, lower bound: 27.000000
[INFO]:[01:21:47] CPLEX solver finished. Gap: 88.260000
[INFO]:[01:21:47] Starting CPLEX solver on instance: /home/yorig/tuner/mpils-tests/instances/miplib/easy/fastxgemm-n2r6s0t2.mps with config: /scratch/yorig/mpils-results-grid-ticks-10000-7may/easy/24proc-2pils/seed-5/2_fastxgemm-n2r6s0t2_seed-5_20260510_011358/iterated_local_search/run_8_worker_22/ils_config_4208709367585146796.prm
[INFO]:[01:21:47] Starting CPLEX solver on instance: /home/yorig/tuner/mpils-tests/instances/miplib/easy/fastxgemm-n2r6s0t2.mps with config: /scratch/yorig/mpils-results-grid-ticks-10000-7may/easy/24proc-2pils/seed-5/2_fastxgemm-n2r6s0t2_seed-5_20260510_011358/iterated_local_search/run_8_worker_22/ils_config_4208709367585146796.prm
[INFO]:[01:21:53] CPLEX results. Gap: 88.260000, upper bound: 230.000000, lower bound: 27.000000
[INFO]:[01:21:53] CPLEX solver finished. Gap: 88.260000
[INFO]:[01:21:53] Starting CPLEX solver on instance: /home/yorig/tuner/mpils-tests/instances/miplib/easy/fastxgemm-n2r6s0t2.mps with config: /scratch/yorig/mpils-results-grid-ticks-10000-7may/easy/24proc-2pils/seed-5/2_fastxgemm-n2r6s0t2_seed-5_20260510_011358/iterated_local_search/run_8_worker_22/ils_config_15902853932748254766.prm
[INFO]:[01:21:53] Starting CPLEX solver on instance: /home/yorig/tuner/mpils-tests/instances/miplib/easy/fastxgemm-n2r6s0t2.mps with config: /scratch/yorig/mpils-results-grid-ticks-10000-7may/easy/24proc-2pils/seed-5/2_fastxgemm-n2r6s0t2_seed-5_20260510_011358/iterated_local_search/run_8_worker_22/ils_config_15902853932748254766.prm
[INFO]:[01:21:59] CPLEX results. Gap: 88.260000, upper bound: 230.000000, lower bound: 27.000000
[INFO]:[01:21:59] CPLEX solver finished. Gap: 88.260000
[INFO]:[01:21:59] Starting CPLEX solver on instance: /home/yorig/tuner/mpils-tests/instances/miplib/easy/fastxgemm-n2r6s0t2.mps with config: /scratch/yorig/mpils-results-grid-ticks-10000-7may/easy/24proc-2pils/seed-5/2_fastxgemm-n2r6s0t2_seed-5_20260510_011358/iterated_local_search/run_8_worker_22/ils_config_3696749635818800136.prm
[INFO]:[01:21:59] Starting CPLEX solver on instance: /home/yorig/tuner/mpils-tests/instances/miplib/easy/fastxgemm-n2r6s0t2.mps with config: /scratch/yorig/mpils-results-grid-ticks-10000-7may/easy/24proc-2pils/seed-5/2_fastxgemm-n2r6s0t2_seed-5_20260510_011358/iterated_local_search/run_8_worker_22/ils_config_3696749635818800136.prm
[INFO]:[01:22:04] CPLEX results. Gap: 88.260000, upper bound: 230.000000, lower bound: 27.000000
[INFO]:[01:22:04] CPLEX solver finished. Gap: 88.260000
[INFO]:[01:22:04] Local search phase completed.
[INFO]:[01:22:04] Total number of new local-search evaluations: 30
[INFO]:[01:22:04] Final incumbent objective value: 88.26
[INFO]:[01:22:10] Worker 22 completed exploration phase.
[INFO]:[01:22:10] Worker 22 received order for step 3.
[INFO]:[01:22:10] Worker 22 finished.
