[INFO]:[04:45:19] Worker 4 starting.
[INFO]:[04:45:19] Worker 4 received order for step 1.
[INFO]:[04:45:19] Worker 4 running exploration phase for iteration 1.
[INFO]:[04:45:19] Worker 4 at iteration 1 will not use a MIP start file. Current best MIP-start upper bound threshold is 1.79769e+308.
[INFO]:[04:45:19] Starting local search phase...
[INFO]:[04:45:19] Worker (ils_group_rank=4) entering parallel ILS evaluation service.
[INFO]:[04:45:19] Starting CPLEX solver on instance: /home/yorig/tuner/mpils-tests/instances/miplib/medium-2/neos-4387871-tavua.mps with config: /scratch/yorig/mpils-results-grid-ticks-10000-7may/medium-2/24proc-12pils/seed-5/1_neos-4387871-tavua_seed-5_20260510_044517/iterated_local_search/run_1_worker_0/parallel_0_4.prm
[INFO]:[04:45:25] CPLEX results. Gap: 55.780000, upper bound: 33.970520, lower bound: 15.022256
[INFO]:[04:45:25] CPLEX solver finished. Gap: 55.780000
[INFO]:[04:45:25] Starting CPLEX solver on instance: /home/yorig/tuner/mpils-tests/instances/miplib/medium-2/neos-4387871-tavua.mps with config: /scratch/yorig/mpils-results-grid-ticks-10000-7may/medium-2/24proc-12pils/seed-5/1_neos-4387871-tavua_seed-5_20260510_044517/iterated_local_search/run_1_worker_0/parallel_12_4.prm
[INFO]:[04:45:31] CPLEX results. Gap: 34.470000, upper bound: 33.970520, lower bound: 22.259620
[INFO]:[04:45:31] CPLEX solver finished. Gap: 34.470000
[INFO]:[04:45:32] Worker (ils_group_rank=4) exiting parallel ILS evaluation service.
[INFO]:[04:45:32] Worker 4 completed exploration phase.
[INFO]:[04:45:32] Worker 4 received order for step 2.
[INFO]:[04:45:32] Worker 4 running expansion phase for iteration 1.
[INFO]:[04:45:32] Worker 4 will use solver log file: /scratch/yorig/mpils-results-grid-ticks-10000-7may/medium-2/24proc-12pils/seed-5/1_neos-4387871-tavua_seed-5_20260510_044517/solver/cplex.log_iteration_expansion_1_worker_4
[INFO]:[04:45:32] Expansion Worker 4 starting expansion for iteration 1.
[INFO]:[04:45:32] Starting CPLEX solver on instance: /home/yorig/tuner/mpils-tests/instances/miplib/medium-2/neos-4387871-tavua.mps with config: /scratch/yorig/mpils-results-grid-ticks-10000-7may/medium-2/24proc-12pils/seed-5/1_neos-4387871-tavua_seed-5_20260510_044517/expansion/config_param_CPXPARAM_MIP_Cuts_Covers_-1_iter_1.prm
[INFO]:[04:45:38] CPLEX results. Gap: 34.370000, upper bound: 34.142100, lower bound: 22.406626
[INFO]:[04:45:38] CPLEX solver finished. Gap: 34.370000
[INFO]:[04:45:38] Starting CPLEX solver on instance: /home/yorig/tuner/mpils-tests/instances/miplib/medium-2/neos-4387871-tavua.mps with config: /scratch/yorig/mpils-results-grid-ticks-10000-7may/medium-2/24proc-12pils/seed-5/1_neos-4387871-tavua_seed-5_20260510_044517/expansion/config_param_CPXPARAM_MIP_Limits_ProbeTime_60_iter_1.prm
[INFO]:[04:45:44] CPLEX results. Gap: 24.190000, upper bound: 34.384730, lower bound: 26.066349
[INFO]:[04:45:44] CPLEX solver finished. Gap: 24.190000
[INFO]:[04:45:44] Expansion Worker 4 stopping early after global MPI expansion stop was activated.
[INFO]:[04:45:44] Expansion Worker 4 completed expansion.
[INFO]:[04:45:44] Worker 4 completed expansion phase.
[INFO]:[04:45:44] Worker 4 received order for step 1.
[INFO]:[04:45:44] Worker 4 running exploration phase for iteration 2.
[INFO]:[04:45:44] Worker 4 at iteration 2 will not use a MIP start file. Current best MIP-start upper bound threshold is 1.79769e+308.
[INFO]:[04:45:44] Starting local search phase...
[INFO]:[04:45:44] Worker (ils_group_rank=4) entering parallel ILS evaluation service.
[INFO]:[04:45:44] Starting CPLEX solver on instance: /home/yorig/tuner/mpils-tests/instances/miplib/medium-2/neos-4387871-tavua.mps with config: /scratch/yorig/mpils-results-grid-ticks-10000-7may/medium-2/24proc-12pils/seed-5/1_neos-4387871-tavua_seed-5_20260510_044517/iterated_local_search/run_2_worker_0/parallel_0_4.prm
[INFO]:[04:45:51] CPLEX results. Gap: 34.590000, upper bound: 34.142100, lower bound: 22.331634
[INFO]:[04:45:51] CPLEX solver finished. Gap: 34.590000
[INFO]:[04:45:51] Worker (ils_group_rank=4) exiting parallel ILS evaluation service.
[INFO]:[04:45:51] Worker 4 completed exploration phase.
[INFO]:[04:45:51] Worker 4 received order for step 2.
[INFO]:[04:45:51] Worker 4 running expansion phase for iteration 2.
[INFO]:[04:45:51] Worker 4 will use solver log file: /scratch/yorig/mpils-results-grid-ticks-10000-7may/medium-2/24proc-12pils/seed-5/1_neos-4387871-tavua_seed-5_20260510_044517/solver/cplex.log_iteration_expansion_2_worker_4
[INFO]:[04:45:51] Expansion Worker 4 starting expansion for iteration 2.
[INFO]:[04:45:51] Starting CPLEX solver on instance: /home/yorig/tuner/mpils-tests/instances/miplib/medium-2/neos-4387871-tavua.mps with config: /scratch/yorig/mpils-results-grid-ticks-10000-7may/medium-2/24proc-12pils/seed-5/1_neos-4387871-tavua_seed-5_20260510_044517/expansion/config_param_CPXPARAM_MIP_Limits_CutsFactor_16_iter_2.prm
[INFO]:[04:45:57] CPLEX results. Gap: 23.150000, upper bound: 33.798940, lower bound: 25.974851
[INFO]:[04:45:57] CPLEX solver finished. Gap: 23.150000
[INFO]:[04:45:58] Expansion Worker 4 stopping early after global MPI expansion stop was activated.
[INFO]:[04:45:58] Expansion Worker 4 completed expansion.
[INFO]:[04:45:58] Worker 4 completed expansion phase.
[INFO]:[04:45:58] Worker 4 received order for step 1.
[INFO]:[04:45:58] Worker 4 running exploration phase for iteration 3.
[INFO]:[04:45:58] Worker 4 at iteration 3 will not use a MIP start file. Current best MIP-start upper bound threshold is 1.79769e+308.
[INFO]:[04:45:58] Starting local search phase...
[INFO]:[04:45:58] Worker (ils_group_rank=4) entering parallel ILS evaluation service.
[INFO]:[04:45:58] Starting CPLEX solver on instance: /home/yorig/tuner/mpils-tests/instances/miplib/medium-2/neos-4387871-tavua.mps with config: /scratch/yorig/mpils-results-grid-ticks-10000-7may/medium-2/24proc-12pils/seed-5/1_neos-4387871-tavua_seed-5_20260510_044517/iterated_local_search/run_3_worker_0/parallel_0_4.prm
[INFO]:[04:46:04] CPLEX results. Gap: 45.170000, upper bound: 34.142100, lower bound: 18.719513
[INFO]:[04:46:04] CPLEX solver finished. Gap: 45.170000
[INFO]:[04:46:04] Worker (ils_group_rank=4) exiting parallel ILS evaluation service.
[INFO]:[04:46:05] Worker 4 completed exploration phase.
[INFO]:[04:46:05] Worker 4 received order for step 2.
[INFO]:[04:46:05] Worker 4 running expansion phase for iteration 3.
[INFO]:[04:46:05] Worker 4 will use solver log file: /scratch/yorig/mpils-results-grid-ticks-10000-7may/medium-2/24proc-12pils/seed-5/1_neos-4387871-tavua_seed-5_20260510_044517/solver/cplex.log_iteration_expansion_3_worker_4
[INFO]:[04:46:05] Expansion Worker 4 starting expansion for iteration 3.
[INFO]:[04:46:05] Starting CPLEX solver on instance: /home/yorig/tuner/mpils-tests/instances/miplib/medium-2/neos-4387871-tavua.mps with config: /scratch/yorig/mpils-results-grid-ticks-10000-7may/medium-2/24proc-12pils/seed-5/1_neos-4387871-tavua_seed-5_20260510_044517/expansion/config_param_CPXPARAM_Preprocessing_Symmetry_2_iter_3.prm
[INFO]:[04:46:11] CPLEX results. Gap: 23.050000, upper bound: 33.798940, lower bound: 26.008784
[INFO]:[04:46:11] CPLEX solver finished. Gap: 23.050000
[INFO]:[04:46:12] Starting CPLEX solver on instance: /home/yorig/tuner/mpils-tests/instances/miplib/medium-2/neos-4387871-tavua.mps with config: /scratch/yorig/mpils-results-grid-ticks-10000-7may/medium-2/24proc-12pils/seed-5/1_neos-4387871-tavua_seed-5_20260510_044517/expansion/config_param_CPXPARAM_Simplex_DGradient_1_iter_3.prm
[INFO]:[04:46:19] CPLEX results. Gap: 35.180000, upper bound: 34.556310, lower bound: 22.400739
[INFO]:[04:46:19] CPLEX solver finished. Gap: 35.180000
[INFO]:[04:48:06] Expansion Worker 4 stopping early after global MPI expansion stop was activated.
[INFO]:[04:48:06] Expansion Worker 4 completed expansion.
[INFO]:[04:48:06] Worker 4 completed expansion phase.
[INFO]:[04:48:06] Worker 4 received order for step 1.
[INFO]:[04:48:06] Worker 4 running exploration phase for iteration 4.
[INFO]:[04:48:06] Worker 4 at iteration 4 will not use a MIP start file. Current best MIP-start upper bound threshold is 1.79769e+308.
[INFO]:[04:48:06] Starting local search phase...
[INFO]:[04:48:06] Worker (ils_group_rank=4) entering parallel ILS evaluation service.
[INFO]:[04:48:06] Starting CPLEX solver on instance: /home/yorig/tuner/mpils-tests/instances/miplib/medium-2/neos-4387871-tavua.mps with config: /scratch/yorig/mpils-results-grid-ticks-10000-7may/medium-2/24proc-12pils/seed-5/1_neos-4387871-tavua_seed-5_20260510_044517/iterated_local_search/run_4_worker_0/parallel_0_4.prm
[INFO]:[04:48:12] CPLEX results. Gap: 23.050000, upper bound: 33.798940, lower bound: 26.008784
[INFO]:[04:48:12] CPLEX solver finished. Gap: 23.050000
[INFO]:[04:48:13] Starting CPLEX solver on instance: /home/yorig/tuner/mpils-tests/instances/miplib/medium-2/neos-4387871-tavua.mps with config: /scratch/yorig/mpils-results-grid-ticks-10000-7may/medium-2/24proc-12pils/seed-5/1_neos-4387871-tavua_seed-5_20260510_044517/iterated_local_search/run_4_worker_0/parallel_12_4.prm
[INFO]:[04:48:19] CPLEX results. Gap: 24.960000, upper bound: 34.384730, lower bound: 25.803965
[INFO]:[04:48:19] CPLEX solver finished. Gap: 24.960000
[INFO]:[04:48:19] Worker (ils_group_rank=4) exiting parallel ILS evaluation service.
[INFO]:[04:48:20] Worker 4 completed exploration phase.
[INFO]:[04:48:21] Worker 4 received order for step 2.
[INFO]:[04:48:21] Worker 4 running expansion phase for iteration 4.
[INFO]:[04:48:21] Worker 4 will use solver log file: /scratch/yorig/mpils-results-grid-ticks-10000-7may/medium-2/24proc-12pils/seed-5/1_neos-4387871-tavua_seed-5_20260510_044517/solver/cplex.log_iteration_expansion_4_worker_4
[INFO]:[04:48:21] Expansion Worker 4 starting expansion for iteration 4.
[INFO]:[04:48:21] Starting CPLEX solver on instance: /home/yorig/tuner/mpils-tests/instances/miplib/medium-2/neos-4387871-tavua.mps with config: /scratch/yorig/mpils-results-grid-ticks-10000-7may/medium-2/24proc-12pils/seed-5/1_neos-4387871-tavua_seed-5_20260510_044517/expansion/config_param_CPXPARAM_MIP_Limits_AggForCut_2_iter_4.prm
[INFO]:[04:48:26] CPLEX results. Gap: 27.850000, upper bound: 33.556310, lower bound: 24.211846
[INFO]:[04:48:26] CPLEX solver finished. Gap: 27.850000
[INFO]:[04:48:27] Expansion Worker 4 stopping early after global MPI expansion stop was activated.
[INFO]:[04:48:27] Expansion Worker 4 completed expansion.
[INFO]:[04:48:27] Worker 4 completed expansion phase.
[INFO]:[04:48:27] Worker 4 received order for step 1.
[INFO]:[04:48:27] Worker 4 running exploration phase for iteration 5.
[INFO]:[04:48:27] Worker 4 at iteration 5 will not use a MIP start file. Current best MIP-start upper bound threshold is 1.79769e+308.
[INFO]:[04:48:27] Starting local search phase...
[INFO]:[04:48:27] Worker (ils_group_rank=4) entering parallel ILS evaluation service.
[INFO]:[04:48:27] Starting CPLEX solver on instance: /home/yorig/tuner/mpils-tests/instances/miplib/medium-2/neos-4387871-tavua.mps with config: /scratch/yorig/mpils-results-grid-ticks-10000-7may/medium-2/24proc-12pils/seed-5/1_neos-4387871-tavua_seed-5_20260510_044517/iterated_local_search/run_5_worker_0/parallel_0_4.prm
[INFO]:[04:48:33] CPLEX results. Gap: 25.620000, upper bound: 33.798940, lower bound: 25.137987
[INFO]:[04:48:33] CPLEX solver finished. Gap: 25.620000
[INFO]:[04:48:33] Starting CPLEX solver on instance: /home/yorig/tuner/mpils-tests/instances/miplib/medium-2/neos-4387871-tavua.mps with config: /scratch/yorig/mpils-results-grid-ticks-10000-7may/medium-2/24proc-12pils/seed-5/1_neos-4387871-tavua_seed-5_20260510_044517/iterated_local_search/run_5_worker_0/parallel_12_4.prm
[INFO]:[04:48:39] CPLEX results. Gap: 22.400000, upper bound: 33.798940, lower bound: 26.228187
[INFO]:[04:48:39] CPLEX solver finished. Gap: 22.400000
[INFO]:[04:48:40] Starting CPLEX solver on instance: /home/yorig/tuner/mpils-tests/instances/miplib/medium-2/neos-4387871-tavua.mps with config: /scratch/yorig/mpils-results-grid-ticks-10000-7may/medium-2/24proc-12pils/seed-5/1_neos-4387871-tavua_seed-5_20260510_044517/iterated_local_search/run_5_worker_0/parallel_24_4.prm
[INFO]:[04:48:46] CPLEX results. Gap: 22.400000, upper bound: 33.798940, lower bound: 26.228187
[INFO]:[04:48:46] CPLEX solver finished. Gap: 22.400000
[INFO]:[04:48:47] Worker (ils_group_rank=4) exiting parallel ILS evaluation service.
[INFO]:[04:48:49] Worker 4 completed exploration phase.
[INFO]:[04:48:49] Worker 4 received order for step 2.
[INFO]:[04:48:49] Worker 4 running expansion phase for iteration 5.
[INFO]:[04:48:49] Worker 4 will use solver log file: /scratch/yorig/mpils-results-grid-ticks-10000-7may/medium-2/24proc-12pils/seed-5/1_neos-4387871-tavua_seed-5_20260510_044517/solver/cplex.log_iteration_expansion_5_worker_4
[INFO]:[04:48:49] Expansion Worker 4 starting expansion for iteration 5.
[INFO]:[04:48:49] Starting CPLEX solver on instance: /home/yorig/tuner/mpils-tests/instances/miplib/medium-2/neos-4387871-tavua.mps with config: /scratch/yorig/mpils-results-grid-ticks-10000-7may/medium-2/24proc-12pils/seed-5/1_neos-4387871-tavua_seed-5_20260510_044517/expansion/config_param_CPXPARAM_Preprocessing_Dependency_2_iter_5.prm
[INFO]:[04:48:55] CPLEX results. Gap: 22.340000, upper bound: 33.798940, lower bound: 26.247782
[INFO]:[04:48:55] CPLEX solver finished. Gap: 22.340000
[INFO]:[04:49:02] Expansion Worker 4 completed expansion.
[INFO]:[04:49:02] Worker 4 completed expansion phase.
[INFO]:[04:49:02] Worker 4 received order for step 1.
[INFO]:[04:49:02] Worker 4 running exploration phase for iteration 6.
[INFO]:[04:49:02] Worker 4 at iteration 6 will not use a MIP start file. Current best MIP-start upper bound threshold is 1.79769e+308.
[INFO]:[04:49:02] Starting local search phase...
[INFO]:[04:49:02] Worker (ils_group_rank=4) entering parallel ILS evaluation service.
[INFO]:[04:49:02] Starting CPLEX solver on instance: /home/yorig/tuner/mpils-tests/instances/miplib/medium-2/neos-4387871-tavua.mps with config: /scratch/yorig/mpils-results-grid-ticks-10000-7may/medium-2/24proc-12pils/seed-5/1_neos-4387871-tavua_seed-5_20260510_044517/iterated_local_search/run_6_worker_0/parallel_0_4.prm
[INFO]:[04:49:08] CPLEX results. Gap: 24.720000, upper bound: 34.384730, lower bound: 25.883447
[INFO]:[04:49:08] CPLEX solver finished. Gap: 24.720000
[INFO]:[04:49:09] Starting CPLEX solver on instance: /home/yorig/tuner/mpils-tests/instances/miplib/medium-2/neos-4387871-tavua.mps with config: /scratch/yorig/mpils-results-grid-ticks-10000-7may/medium-2/24proc-12pils/seed-5/1_neos-4387871-tavua_seed-5_20260510_044517/iterated_local_search/run_6_worker_0/parallel_12_4.prm
[INFO]:[04:49:15] CPLEX results. Gap: 22.400000, upper bound: 33.798940, lower bound: 26.228187
[INFO]:[04:49:15] CPLEX solver finished. Gap: 22.400000
[INFO]:[04:49:16] Worker (ils_group_rank=4) exiting parallel ILS evaluation service.
[INFO]:[04:49:17] Worker 4 completed exploration phase.
[INFO]:[04:49:17] Worker 4 received order for step 2.
[INFO]:[04:49:17] Worker 4 running expansion phase for iteration 6.
[INFO]:[04:49:17] Worker 4 will use solver log file: /scratch/yorig/mpils-results-grid-ticks-10000-7may/medium-2/24proc-12pils/seed-5/1_neos-4387871-tavua_seed-5_20260510_044517/solver/cplex.log_iteration_expansion_6_worker_4
[INFO]:[04:49:17] Expansion Worker 4 starting expansion for iteration 6.
[INFO]:[04:49:17] Starting CPLEX solver on instance: /home/yorig/tuner/mpils-tests/instances/miplib/medium-2/neos-4387871-tavua.mps with config: /scratch/yorig/mpils-results-grid-ticks-10000-7may/medium-2/24proc-12pils/seed-5/1_neos-4387871-tavua_seed-5_20260510_044517/expansion/config_param_CPXPARAM_Preprocessing_RepeatPresolve_2_iter_6.prm
[INFO]:[04:49:23] CPLEX results. Gap: 25.830000, upper bound: 34.384730, lower bound: 25.504822
[INFO]:[04:49:23] CPLEX solver finished. Gap: 25.830000
[INFO]:[04:49:23] Starting CPLEX solver on instance: /home/yorig/tuner/mpils-tests/instances/miplib/medium-2/neos-4387871-tavua.mps with config: /scratch/yorig/mpils-results-grid-ticks-10000-7may/medium-2/24proc-12pils/seed-5/1_neos-4387871-tavua_seed-5_20260510_044517/expansion/config_param_CPXPARAM_MIP_Limits_StrongCand_20_iter_6.prm
[INFO]:[04:49:29] CPLEX results. Gap: 22.340000, upper bound: 33.798940, lower bound: 26.247782
[INFO]:[04:49:29] CPLEX solver finished. Gap: 22.340000
[INFO]:[04:49:29] Expansion Worker 4 completed expansion.
[INFO]:[04:49:29] Worker 4 completed expansion phase.
[INFO]:[04:49:29] Worker 4 received order for step 1.
[INFO]:[04:49:29] Worker 4 running exploration phase for iteration 7.
[INFO]:[04:49:29] Worker 4 at iteration 7 will not use a MIP start file. Current best MIP-start upper bound threshold is 1.79769e+308.
[INFO]:[04:49:29] Starting local search phase...
[INFO]:[04:49:29] Worker (ils_group_rank=4) entering parallel ILS evaluation service.
[INFO]:[04:49:29] Starting CPLEX solver on instance: /home/yorig/tuner/mpils-tests/instances/miplib/medium-2/neos-4387871-tavua.mps with config: /scratch/yorig/mpils-results-grid-ticks-10000-7may/medium-2/24proc-12pils/seed-5/1_neos-4387871-tavua_seed-5_20260510_044517/iterated_local_search/run_7_worker_0/parallel_0_4.prm
[INFO]:[04:49:35] CPLEX results. Gap: 25.620000, upper bound: 33.798940, lower bound: 25.137987
[INFO]:[04:49:35] CPLEX solver finished. Gap: 25.620000
[INFO]:[04:49:35] Starting CPLEX solver on instance: /home/yorig/tuner/mpils-tests/instances/miplib/medium-2/neos-4387871-tavua.mps with config: /scratch/yorig/mpils-results-grid-ticks-10000-7may/medium-2/24proc-12pils/seed-5/1_neos-4387871-tavua_seed-5_20260510_044517/iterated_local_search/run_7_worker_0/parallel_12_4.prm
[INFO]:[04:49:41] CPLEX results. Gap: 33.260000, upper bound: 34.970520, lower bound: 23.338409
[INFO]:[04:49:41] CPLEX solver finished. Gap: 33.260000
[INFO]:[04:49:42] Starting CPLEX solver on instance: /home/yorig/tuner/mpils-tests/instances/miplib/medium-2/neos-4387871-tavua.mps with config: /scratch/yorig/mpils-results-grid-ticks-10000-7may/medium-2/24proc-12pils/seed-5/1_neos-4387871-tavua_seed-5_20260510_044517/iterated_local_search/run_7_worker_0/parallel_24_4.prm
[INFO]:[04:49:48] CPLEX results. Gap: 21.550000, upper bound: 33.798940, lower bound: 26.516087
[INFO]:[04:49:48] CPLEX solver finished. Gap: 21.550000
[INFO]:[04:49:48] Worker (ils_group_rank=4) exiting parallel ILS evaluation service.
[INFO]:[04:49:49] Worker 4 completed exploration phase.
[INFO]:[04:49:49] Worker 4 received order for step 3.
[INFO]:[04:49:49] Worker 4 finished.
