[INFO]:[18:58:41] Worker 8 starting.
[INFO]:[18:58:41] Worker 8 received order for step 1.
[INFO]:[18:58:41] Worker 8 running exploration phase for iteration 1.
[INFO]:[18:58:41] Worker 8 at iteration 1 will not use a MIP start file. Current best MIP-start upper bound threshold is 1.79769e+308.
[INFO]:[18:58:41] Starting local search phase...
[INFO]:[18:58:41] Creating local search space from parameter space file: /scratch/yorig/mpils-results-grid-seconds-5-4may/medium-1/24proc/seed-2/10_neos-3555904-turama_seed-2_20260504_185840/iterated_local_search/search_space/search_space_file_1_worker_8.txt
[INFO]:[18:58:41] Local search space loaded from file: /scratch/yorig/mpils-results-grid-seconds-5-4may/medium-1/24proc/seed-2/10_neos-3555904-turama_seed-2_20260504_185840/iterated_local_search/search_space/search_space_file_1_worker_8.txt
[INFO]:[18:58:41] Number of parameters in local search space: 71
[INFO]:[18:58:41] Number of forbidden tuples in local search space: 0
[INFO]:[18:58:41] Number of conditionals in local search space: 6
[INFO]:[18:58:41] MIP start option not enabled. Local search will proceed without MIP start.
[INFO]:[18:58:41] Evaluating initial configuration for local search phase...
[INFO]:[18:58:41] Starting CPLEX solver on instance: /home/yorig/tuner/mpils-tests/instances/miplib/medium-1/neos-3555904-turama.mps with config: /scratch/yorig/mpils-results-grid-seconds-5-4may/medium-1/24proc/seed-2/10_neos-3555904-turama_seed-2_20260504_185840/iterated_local_search/run_1_worker_8/ils_config_3684799925611183688.prm
[INFO]:[18:58:41] Starting CPLEX solver on instance: /home/yorig/tuner/mpils-tests/instances/miplib/medium-1/neos-3555904-turama.mps with config: /scratch/yorig/mpils-results-grid-seconds-5-4may/medium-1/24proc/seed-2/10_neos-3555904-turama_seed-2_20260504_185840/iterated_local_search/run_1_worker_8/ils_config_3684799925611183688.prm
[INFO]:[18:58:47] CPLEX results. Gap: 23.340000, upper bound: -33.200000, lower bound: -40.950000
[INFO]:[18:58:47] CPLEX solver finished. Gap: 23.340000
[INFO]:[18:58:47] Initial configuration evaluated with objective value: 23.34
[INFO]:[18:58:47] Starting CPLEX solver on instance: /home/yorig/tuner/mpils-tests/instances/miplib/medium-1/neos-3555904-turama.mps with config: /scratch/yorig/mpils-results-grid-seconds-5-4may/medium-1/24proc/seed-2/10_neos-3555904-turama_seed-2_20260504_185840/iterated_local_search/run_1_worker_8/ils_config_4006940814934315417.prm
[INFO]:[18:58:47] Starting CPLEX solver on instance: /home/yorig/tuner/mpils-tests/instances/miplib/medium-1/neos-3555904-turama.mps with config: /scratch/yorig/mpils-results-grid-seconds-5-4may/medium-1/24proc/seed-2/10_neos-3555904-turama_seed-2_20260504_185840/iterated_local_search/run_1_worker_8/ils_config_4006940814934315417.prm
[INFO]:[18:58:52] CPLEX results. Gap: 23.340000, upper bound: -33.200000, lower bound: -40.950000
[INFO]:[18:58:52] CPLEX solver finished. Gap: 23.340000
[INFO]:[18:58:52] Starting CPLEX solver on instance: /home/yorig/tuner/mpils-tests/instances/miplib/medium-1/neos-3555904-turama.mps with config: /scratch/yorig/mpils-results-grid-seconds-5-4may/medium-1/24proc/seed-2/10_neos-3555904-turama_seed-2_20260504_185840/iterated_local_search/run_1_worker_8/ils_config_10367393772194523690.prm
[INFO]:[18:58:52] Starting CPLEX solver on instance: /home/yorig/tuner/mpils-tests/instances/miplib/medium-1/neos-3555904-turama.mps with config: /scratch/yorig/mpils-results-grid-seconds-5-4may/medium-1/24proc/seed-2/10_neos-3555904-turama_seed-2_20260504_185840/iterated_local_search/run_1_worker_8/ils_config_10367393772194523690.prm
[INFO]:[18:58:57] CPLEX results. Gap: 23.340000, upper bound: -33.200000, lower bound: -40.950000
[INFO]:[18:58:57] CPLEX solver finished. Gap: 23.340000
[INFO]:[18:58:57] Starting CPLEX solver on instance: /home/yorig/tuner/mpils-tests/instances/miplib/medium-1/neos-3555904-turama.mps with config: /scratch/yorig/mpils-results-grid-seconds-5-4may/medium-1/24proc/seed-2/10_neos-3555904-turama_seed-2_20260504_185840/iterated_local_search/run_1_worker_8/ils_config_10318010071842811580.prm
[INFO]:[18:58:57] Starting CPLEX solver on instance: /home/yorig/tuner/mpils-tests/instances/miplib/medium-1/neos-3555904-turama.mps with config: /scratch/yorig/mpils-results-grid-seconds-5-4may/medium-1/24proc/seed-2/10_neos-3555904-turama_seed-2_20260504_185840/iterated_local_search/run_1_worker_8/ils_config_10318010071842811580.prm
[INFO]:[18:59:02] CPLEX results. Gap: 23.340000, upper bound: -33.200000, lower bound: -40.950000
[INFO]:[18:59:02] CPLEX solver finished. Gap: 23.340000
[INFO]:[18:59:02] Starting CPLEX solver on instance: /home/yorig/tuner/mpils-tests/instances/miplib/medium-1/neos-3555904-turama.mps with config: /scratch/yorig/mpils-results-grid-seconds-5-4may/medium-1/24proc/seed-2/10_neos-3555904-turama_seed-2_20260504_185840/iterated_local_search/run_1_worker_8/ils_config_1635664767589356283.prm
[INFO]:[18:59:02] Starting CPLEX solver on instance: /home/yorig/tuner/mpils-tests/instances/miplib/medium-1/neos-3555904-turama.mps with config: /scratch/yorig/mpils-results-grid-seconds-5-4may/medium-1/24proc/seed-2/10_neos-3555904-turama_seed-2_20260504_185840/iterated_local_search/run_1_worker_8/ils_config_1635664767589356283.prm
[INFO]:[18:59:08] CPLEX results. Gap: 23.340000, upper bound: -33.200000, lower bound: -40.950000
[INFO]:[18:59:08] CPLEX solver finished. Gap: 23.340000
[INFO]:[18:59:08] Starting CPLEX solver on instance: /home/yorig/tuner/mpils-tests/instances/miplib/medium-1/neos-3555904-turama.mps with config: /scratch/yorig/mpils-results-grid-seconds-5-4may/medium-1/24proc/seed-2/10_neos-3555904-turama_seed-2_20260504_185840/iterated_local_search/run_1_worker_8/ils_config_14512131711253524881.prm
[INFO]:[18:59:08] Starting CPLEX solver on instance: /home/yorig/tuner/mpils-tests/instances/miplib/medium-1/neos-3555904-turama.mps with config: /scratch/yorig/mpils-results-grid-seconds-5-4may/medium-1/24proc/seed-2/10_neos-3555904-turama_seed-2_20260504_185840/iterated_local_search/run_1_worker_8/ils_config_14512131711253524881.prm
[INFO]:[18:59:13] CPLEX results. Gap: 23.340000, upper bound: -33.200000, lower bound: -40.950000
[INFO]:[18:59:13] CPLEX solver finished. Gap: 23.340000
[INFO]:[18:59:13] Starting CPLEX solver on instance: /home/yorig/tuner/mpils-tests/instances/miplib/medium-1/neos-3555904-turama.mps with config: /scratch/yorig/mpils-results-grid-seconds-5-4may/medium-1/24proc/seed-2/10_neos-3555904-turama_seed-2_20260504_185840/iterated_local_search/run_1_worker_8/ils_config_13122482814407442795.prm
[INFO]:[18:59:13] Starting CPLEX solver on instance: /home/yorig/tuner/mpils-tests/instances/miplib/medium-1/neos-3555904-turama.mps with config: /scratch/yorig/mpils-results-grid-seconds-5-4may/medium-1/24proc/seed-2/10_neos-3555904-turama_seed-2_20260504_185840/iterated_local_search/run_1_worker_8/ils_config_13122482814407442795.prm
[INFO]:[18:59:18] CPLEX results. Gap: 23.340000, upper bound: -33.200000, lower bound: -40.950000
[INFO]:[18:59:18] CPLEX solver finished. Gap: 23.340000
[INFO]:[18:59:18] Starting CPLEX solver on instance: /home/yorig/tuner/mpils-tests/instances/miplib/medium-1/neos-3555904-turama.mps with config: /scratch/yorig/mpils-results-grid-seconds-5-4may/medium-1/24proc/seed-2/10_neos-3555904-turama_seed-2_20260504_185840/iterated_local_search/run_1_worker_8/ils_config_3719033291920872060.prm
[INFO]:[18:59:18] Starting CPLEX solver on instance: /home/yorig/tuner/mpils-tests/instances/miplib/medium-1/neos-3555904-turama.mps with config: /scratch/yorig/mpils-results-grid-seconds-5-4may/medium-1/24proc/seed-2/10_neos-3555904-turama_seed-2_20260504_185840/iterated_local_search/run_1_worker_8/ils_config_3719033291920872060.prm
[INFO]:[18:59:23] CPLEX results. Gap: 23.340000, upper bound: -33.200000, lower bound: -40.950000
[INFO]:[18:59:23] CPLEX solver finished. Gap: 23.340000
[INFO]:[18:59:23] Starting CPLEX solver on instance: /home/yorig/tuner/mpils-tests/instances/miplib/medium-1/neos-3555904-turama.mps with config: /scratch/yorig/mpils-results-grid-seconds-5-4may/medium-1/24proc/seed-2/10_neos-3555904-turama_seed-2_20260504_185840/iterated_local_search/run_1_worker_8/ils_config_11641551165180363619.prm
[INFO]:[18:59:23] Starting CPLEX solver on instance: /home/yorig/tuner/mpils-tests/instances/miplib/medium-1/neos-3555904-turama.mps with config: /scratch/yorig/mpils-results-grid-seconds-5-4may/medium-1/24proc/seed-2/10_neos-3555904-turama_seed-2_20260504_185840/iterated_local_search/run_1_worker_8/ils_config_11641551165180363619.prm
[INFO]:[18:59:29] CPLEX results. Gap: 23.340000, upper bound: -33.200000, lower bound: -40.950000
[INFO]:[18:59:29] CPLEX solver finished. Gap: 23.340000
[INFO]:[18:59:29] Starting CPLEX solver on instance: /home/yorig/tuner/mpils-tests/instances/miplib/medium-1/neos-3555904-turama.mps with config: /scratch/yorig/mpils-results-grid-seconds-5-4may/medium-1/24proc/seed-2/10_neos-3555904-turama_seed-2_20260504_185840/iterated_local_search/run_1_worker_8/ils_config_17471967588466500956.prm
[INFO]:[18:59:29] Starting CPLEX solver on instance: /home/yorig/tuner/mpils-tests/instances/miplib/medium-1/neos-3555904-turama.mps with config: /scratch/yorig/mpils-results-grid-seconds-5-4may/medium-1/24proc/seed-2/10_neos-3555904-turama_seed-2_20260504_185840/iterated_local_search/run_1_worker_8/ils_config_17471967588466500956.prm
[INFO]:[18:59:34] CPLEX results. Gap: 23.340000, upper bound: -33.200000, lower bound: -40.950000
[INFO]:[18:59:34] CPLEX solver finished. Gap: 23.340000
[INFO]:[18:59:34] Starting CPLEX solver on instance: /home/yorig/tuner/mpils-tests/instances/miplib/medium-1/neos-3555904-turama.mps with config: /scratch/yorig/mpils-results-grid-seconds-5-4may/medium-1/24proc/seed-2/10_neos-3555904-turama_seed-2_20260504_185840/iterated_local_search/run_1_worker_8/ils_config_5677629632897867588.prm
[INFO]:[18:59:34] Starting CPLEX solver on instance: /home/yorig/tuner/mpils-tests/instances/miplib/medium-1/neos-3555904-turama.mps with config: /scratch/yorig/mpils-results-grid-seconds-5-4may/medium-1/24proc/seed-2/10_neos-3555904-turama_seed-2_20260504_185840/iterated_local_search/run_1_worker_8/ils_config_5677629632897867588.prm
[INFO]:[18:59:39] CPLEX results. Gap: 23.340000, upper bound: -33.200000, lower bound: -40.950000
[INFO]:[18:59:39] CPLEX solver finished. Gap: 23.340000
[INFO]:[18:59:39] Starting CPLEX solver on instance: /home/yorig/tuner/mpils-tests/instances/miplib/medium-1/neos-3555904-turama.mps with config: /scratch/yorig/mpils-results-grid-seconds-5-4may/medium-1/24proc/seed-2/10_neos-3555904-turama_seed-2_20260504_185840/iterated_local_search/run_1_worker_8/ils_config_9876096448242822105.prm
[INFO]:[18:59:39] Starting CPLEX solver on instance: /home/yorig/tuner/mpils-tests/instances/miplib/medium-1/neos-3555904-turama.mps with config: /scratch/yorig/mpils-results-grid-seconds-5-4may/medium-1/24proc/seed-2/10_neos-3555904-turama_seed-2_20260504_185840/iterated_local_search/run_1_worker_8/ils_config_9876096448242822105.prm
[INFO]:[18:59:44] CPLEX results. Gap: 23.340000, upper bound: -33.200000, lower bound: -40.950000
[INFO]:[18:59:45] CPLEX solver finished. Gap: 23.340000
[INFO]:[18:59:45] Starting CPLEX solver on instance: /home/yorig/tuner/mpils-tests/instances/miplib/medium-1/neos-3555904-turama.mps with config: /scratch/yorig/mpils-results-grid-seconds-5-4may/medium-1/24proc/seed-2/10_neos-3555904-turama_seed-2_20260504_185840/iterated_local_search/run_1_worker_8/ils_config_13405323184284927669.prm
[INFO]:[18:59:45] Starting CPLEX solver on instance: /home/yorig/tuner/mpils-tests/instances/miplib/medium-1/neos-3555904-turama.mps with config: /scratch/yorig/mpils-results-grid-seconds-5-4may/medium-1/24proc/seed-2/10_neos-3555904-turama_seed-2_20260504_185840/iterated_local_search/run_1_worker_8/ils_config_13405323184284927669.prm
[INFO]:[18:59:50] CPLEX results. Gap: 23.340000, upper bound: -33.200000, lower bound: -40.950000
[INFO]:[18:59:50] CPLEX solver finished. Gap: 23.340000
[INFO]:[18:59:50] Starting CPLEX solver on instance: /home/yorig/tuner/mpils-tests/instances/miplib/medium-1/neos-3555904-turama.mps with config: /scratch/yorig/mpils-results-grid-seconds-5-4may/medium-1/24proc/seed-2/10_neos-3555904-turama_seed-2_20260504_185840/iterated_local_search/run_1_worker_8/ils_config_2222550881904678524.prm
[INFO]:[18:59:50] Starting CPLEX solver on instance: /home/yorig/tuner/mpils-tests/instances/miplib/medium-1/neos-3555904-turama.mps with config: /scratch/yorig/mpils-results-grid-seconds-5-4may/medium-1/24proc/seed-2/10_neos-3555904-turama_seed-2_20260504_185840/iterated_local_search/run_1_worker_8/ils_config_2222550881904678524.prm
[INFO]:[18:59:55] CPLEX results. Gap: 23.340000, upper bound: -33.200000, lower bound: -40.950000
[INFO]:[18:59:55] CPLEX solver finished. Gap: 23.340000
[INFO]:[18:59:55] Starting CPLEX solver on instance: /home/yorig/tuner/mpils-tests/instances/miplib/medium-1/neos-3555904-turama.mps with config: /scratch/yorig/mpils-results-grid-seconds-5-4may/medium-1/24proc/seed-2/10_neos-3555904-turama_seed-2_20260504_185840/iterated_local_search/run_1_worker_8/ils_config_6272042577645764157.prm
[INFO]:[18:59:55] Starting CPLEX solver on instance: /home/yorig/tuner/mpils-tests/instances/miplib/medium-1/neos-3555904-turama.mps with config: /scratch/yorig/mpils-results-grid-seconds-5-4may/medium-1/24proc/seed-2/10_neos-3555904-turama_seed-2_20260504_185840/iterated_local_search/run_1_worker_8/ils_config_6272042577645764157.prm
[INFO]:[19:00:00] CPLEX results. Gap: 23.340000, upper bound: -33.200000, lower bound: -40.950000
[INFO]:[19:00:00] CPLEX solver finished. Gap: 23.340000
[INFO]:[19:00:00] Starting CPLEX solver on instance: /home/yorig/tuner/mpils-tests/instances/miplib/medium-1/neos-3555904-turama.mps with config: /scratch/yorig/mpils-results-grid-seconds-5-4may/medium-1/24proc/seed-2/10_neos-3555904-turama_seed-2_20260504_185840/iterated_local_search/run_1_worker_8/ils_config_8412774943515157169.prm
[INFO]:[19:00:00] Starting CPLEX solver on instance: /home/yorig/tuner/mpils-tests/instances/miplib/medium-1/neos-3555904-turama.mps with config: /scratch/yorig/mpils-results-grid-seconds-5-4may/medium-1/24proc/seed-2/10_neos-3555904-turama_seed-2_20260504_185840/iterated_local_search/run_1_worker_8/ils_config_8412774943515157169.prm
[INFO]:[19:00:06] CPLEX results. Gap: 23.340000, upper bound: -33.200000, lower bound: -40.950000
[INFO]:[19:00:06] CPLEX solver finished. Gap: 23.340000
[INFO]:[19:00:06] Starting CPLEX solver on instance: /home/yorig/tuner/mpils-tests/instances/miplib/medium-1/neos-3555904-turama.mps with config: /scratch/yorig/mpils-results-grid-seconds-5-4may/medium-1/24proc/seed-2/10_neos-3555904-turama_seed-2_20260504_185840/iterated_local_search/run_1_worker_8/ils_config_3648652410039090703.prm
[INFO]:[19:00:06] Starting CPLEX solver on instance: /home/yorig/tuner/mpils-tests/instances/miplib/medium-1/neos-3555904-turama.mps with config: /scratch/yorig/mpils-results-grid-seconds-5-4may/medium-1/24proc/seed-2/10_neos-3555904-turama_seed-2_20260504_185840/iterated_local_search/run_1_worker_8/ils_config_3648652410039090703.prm
[INFO]:[19:00:11] CPLEX results. Gap: 23.340000, upper bound: -33.200000, lower bound: -40.950000
[INFO]:[19:00:11] CPLEX solver finished. Gap: 23.340000
[INFO]:[19:00:11] Starting CPLEX solver on instance: /home/yorig/tuner/mpils-tests/instances/miplib/medium-1/neos-3555904-turama.mps with config: /scratch/yorig/mpils-results-grid-seconds-5-4may/medium-1/24proc/seed-2/10_neos-3555904-turama_seed-2_20260504_185840/iterated_local_search/run_1_worker_8/ils_config_5761015720330139364.prm
[INFO]:[19:00:11] Starting CPLEX solver on instance: /home/yorig/tuner/mpils-tests/instances/miplib/medium-1/neos-3555904-turama.mps with config: /scratch/yorig/mpils-results-grid-seconds-5-4may/medium-1/24proc/seed-2/10_neos-3555904-turama_seed-2_20260504_185840/iterated_local_search/run_1_worker_8/ils_config_5761015720330139364.prm
[INFO]:[19:00:16] CPLEX results. Gap: 23.340000, upper bound: -33.200000, lower bound: -40.950000
[INFO]:[19:00:16] CPLEX solver finished. Gap: 23.340000
[INFO]:[19:00:16] Starting CPLEX solver on instance: /home/yorig/tuner/mpils-tests/instances/miplib/medium-1/neos-3555904-turama.mps with config: /scratch/yorig/mpils-results-grid-seconds-5-4may/medium-1/24proc/seed-2/10_neos-3555904-turama_seed-2_20260504_185840/iterated_local_search/run_1_worker_8/ils_config_2027801277249222437.prm
[INFO]:[19:00:16] Starting CPLEX solver on instance: /home/yorig/tuner/mpils-tests/instances/miplib/medium-1/neos-3555904-turama.mps with config: /scratch/yorig/mpils-results-grid-seconds-5-4may/medium-1/24proc/seed-2/10_neos-3555904-turama_seed-2_20260504_185840/iterated_local_search/run_1_worker_8/ils_config_2027801277249222437.prm
[INFO]:[19:00:21] CPLEX results. Gap: 23.340000, upper bound: -33.200000, lower bound: -40.950000
[INFO]:[19:00:21] CPLEX solver finished. Gap: 23.340000
[INFO]:[19:00:21] Starting CPLEX solver on instance: /home/yorig/tuner/mpils-tests/instances/miplib/medium-1/neos-3555904-turama.mps with config: /scratch/yorig/mpils-results-grid-seconds-5-4may/medium-1/24proc/seed-2/10_neos-3555904-turama_seed-2_20260504_185840/iterated_local_search/run_1_worker_8/ils_config_8141060913317269738.prm
[INFO]:[19:00:21] Starting CPLEX solver on instance: /home/yorig/tuner/mpils-tests/instances/miplib/medium-1/neos-3555904-turama.mps with config: /scratch/yorig/mpils-results-grid-seconds-5-4may/medium-1/24proc/seed-2/10_neos-3555904-turama_seed-2_20260504_185840/iterated_local_search/run_1_worker_8/ils_config_8141060913317269738.prm
[INFO]:[19:00:27] CPLEX results. Gap: 81360.540000, upper bound: -33.200000, lower bound: -27044.900000
[INFO]:[19:00:27] CPLEX solver finished. Gap: 81360.540000
[INFO]:[19:00:27] Local search phase completed.
[INFO]:[19:00:27] Total number of new local-search evaluations: 20
[INFO]:[19:00:27] Final incumbent objective value: 23.34
[INFO]:[19:00:27] Worker 8 completed exploration phase.
[INFO]:[19:00:27] Worker 8 received order for step 2.
[INFO]:[19:00:27] Worker 8 running expansion phase for iteration 1.
[INFO]:[19:00:27] Worker 8 will use solver log file: /scratch/yorig/mpils-results-grid-seconds-5-4may/medium-1/24proc/seed-2/10_neos-3555904-turama_seed-2_20260504_185840/solver/cplex.log_iteration_expansion_1_worker_8
[INFO]:[19:00:27] Expansion Worker 8 starting expansion for iteration 1.
[INFO]:[19:00:27] Starting CPLEX solver on instance: /home/yorig/tuner/mpils-tests/instances/miplib/medium-1/neos-3555904-turama.mps with config: /scratch/yorig/mpils-results-grid-seconds-5-4may/medium-1/24proc/seed-2/10_neos-3555904-turama_seed-2_20260504_185840/expansion/config_param_CPXPARAM_MIP_Strategy_VariableSelect_-1_iter_1.prm
[INFO]:[19:00:32] CPLEX results. Gap: 23.340000, upper bound: -33.200000, lower bound: -40.950000
[INFO]:[19:00:32] CPLEX solver finished. Gap: 23.340000
[INFO]:[19:00:33] Starting CPLEX solver on instance: /home/yorig/tuner/mpils-tests/instances/miplib/medium-1/neos-3555904-turama.mps with config: /scratch/yorig/mpils-results-grid-seconds-5-4may/medium-1/24proc/seed-2/10_neos-3555904-turama_seed-2_20260504_185840/expansion/config_param_CPXPARAM_MIP_Strategy_RINSHeur_20_iter_1.prm
[INFO]:[19:00:39] CPLEX results. Gap: 23.340000, upper bound: -33.200000, lower bound: -40.950000
[INFO]:[19:00:39] CPLEX solver finished. Gap: 23.340000
[INFO]:[19:00:44] Expansion Worker 8 completed expansion.
[INFO]:[19:00:44] Worker 8 completed expansion phase.
[INFO]:[19:00:44] Worker 8 received order for step 1.
[INFO]:[19:00:44] Worker 8 running exploration phase for iteration 2.
[INFO]:[19:00:44] Worker 8 at iteration 2 will not use a MIP start file. Current best MIP-start upper bound threshold is 1.79769e+308.
[INFO]:[19:00:44] Starting local search phase...
[INFO]:[19:00:44] Creating local search space from parameter space file: /scratch/yorig/mpils-results-grid-seconds-5-4may/medium-1/24proc/seed-2/10_neos-3555904-turama_seed-2_20260504_185840/iterated_local_search/search_space/search_space_file_2_worker_8.txt
[INFO]:[19:00:44] Local search space loaded from file: /scratch/yorig/mpils-results-grid-seconds-5-4may/medium-1/24proc/seed-2/10_neos-3555904-turama_seed-2_20260504_185840/iterated_local_search/search_space/search_space_file_2_worker_8.txt
[INFO]:[19:00:44] Number of parameters in local search space: 71
[INFO]:[19:00:44] Number of forbidden tuples in local search space: 8
[INFO]:[19:00:44] Number of conditionals in local search space: 6
[INFO]:[19:00:44] MIP start option not enabled. Local search will proceed without MIP start.
[INFO]:[19:00:44] Evaluating initial configuration for local search phase...
[INFO]:[19:00:44] Starting CPLEX solver on instance: /home/yorig/tuner/mpils-tests/instances/miplib/medium-1/neos-3555904-turama.mps with config: /scratch/yorig/mpils-results-grid-seconds-5-4may/medium-1/24proc/seed-2/10_neos-3555904-turama_seed-2_20260504_185840/iterated_local_search/run_2_worker_8/ils_config_4527053815604612931.prm
[INFO]:[19:00:44] Starting CPLEX solver on instance: /home/yorig/tuner/mpils-tests/instances/miplib/medium-1/neos-3555904-turama.mps with config: /scratch/yorig/mpils-results-grid-seconds-5-4may/medium-1/24proc/seed-2/10_neos-3555904-turama_seed-2_20260504_185840/iterated_local_search/run_2_worker_8/ils_config_4527053815604612931.prm
[INFO]:[19:00:49] CPLEX results. Gap: 80480.720000, upper bound: -33.200000, lower bound: -26752.800000
[INFO]:[19:00:49] CPLEX solver finished. Gap: 80480.720000
[INFO]:[19:00:49] Initial configuration evaluated with objective value: 80480.7
[INFO]:[19:00:49] Starting CPLEX solver on instance: /home/yorig/tuner/mpils-tests/instances/miplib/medium-1/neos-3555904-turama.mps with config: /scratch/yorig/mpils-results-grid-seconds-5-4may/medium-1/24proc/seed-2/10_neos-3555904-turama_seed-2_20260504_185840/iterated_local_search/run_2_worker_8/ils_config_18184738582813697636.prm
[INFO]:[19:00:49] Starting CPLEX solver on instance: /home/yorig/tuner/mpils-tests/instances/miplib/medium-1/neos-3555904-turama.mps with config: /scratch/yorig/mpils-results-grid-seconds-5-4may/medium-1/24proc/seed-2/10_neos-3555904-turama_seed-2_20260504_185840/iterated_local_search/run_2_worker_8/ils_config_18184738582813697636.prm
[INFO]:[19:00:55] CPLEX results. Gap: 80480.720000, upper bound: -33.200000, lower bound: -26752.800000
[INFO]:[19:00:55] CPLEX solver finished. Gap: 80480.720000
[INFO]:[19:00:55] Starting CPLEX solver on instance: /home/yorig/tuner/mpils-tests/instances/miplib/medium-1/neos-3555904-turama.mps with config: /scratch/yorig/mpils-results-grid-seconds-5-4may/medium-1/24proc/seed-2/10_neos-3555904-turama_seed-2_20260504_185840/iterated_local_search/run_2_worker_8/ils_config_1321404527234709530.prm
[INFO]:[19:00:55] Starting CPLEX solver on instance: /home/yorig/tuner/mpils-tests/instances/miplib/medium-1/neos-3555904-turama.mps with config: /scratch/yorig/mpils-results-grid-seconds-5-4may/medium-1/24proc/seed-2/10_neos-3555904-turama_seed-2_20260504_185840/iterated_local_search/run_2_worker_8/ils_config_1321404527234709530.prm
[INFO]:[19:01:00] CPLEX results. Gap: 80480.720000, upper bound: -33.200000, lower bound: -26752.800000
[INFO]:[19:01:00] CPLEX solver finished. Gap: 80480.720000
[INFO]:[19:01:00] Starting CPLEX solver on instance: /home/yorig/tuner/mpils-tests/instances/miplib/medium-1/neos-3555904-turama.mps with config: /scratch/yorig/mpils-results-grid-seconds-5-4may/medium-1/24proc/seed-2/10_neos-3555904-turama_seed-2_20260504_185840/iterated_local_search/run_2_worker_8/ils_config_5751564414378649579.prm
[INFO]:[19:01:00] Starting CPLEX solver on instance: /home/yorig/tuner/mpils-tests/instances/miplib/medium-1/neos-3555904-turama.mps with config: /scratch/yorig/mpils-results-grid-seconds-5-4may/medium-1/24proc/seed-2/10_neos-3555904-turama_seed-2_20260504_185840/iterated_local_search/run_2_worker_8/ils_config_5751564414378649579.prm
[INFO]:[19:01:05] CPLEX results. Gap: 80480.720000, upper bound: -33.200000, lower bound: -26752.800000
[INFO]:[19:01:05] CPLEX solver finished. Gap: 80480.720000
[INFO]:[19:01:05] Starting CPLEX solver on instance: /home/yorig/tuner/mpils-tests/instances/miplib/medium-1/neos-3555904-turama.mps with config: /scratch/yorig/mpils-results-grid-seconds-5-4may/medium-1/24proc/seed-2/10_neos-3555904-turama_seed-2_20260504_185840/iterated_local_search/run_2_worker_8/ils_config_6371142095098329054.prm
[INFO]:[19:01:05] Starting CPLEX solver on instance: /home/yorig/tuner/mpils-tests/instances/miplib/medium-1/neos-3555904-turama.mps with config: /scratch/yorig/mpils-results-grid-seconds-5-4may/medium-1/24proc/seed-2/10_neos-3555904-turama_seed-2_20260504_185840/iterated_local_search/run_2_worker_8/ils_config_6371142095098329054.prm
[INFO]:[19:01:10] CPLEX results. Gap: 80480.720000, upper bound: -33.200000, lower bound: -26752.800000
[INFO]:[19:01:10] CPLEX solver finished. Gap: 80480.720000
[INFO]:[19:01:10] Starting CPLEX solver on instance: /home/yorig/tuner/mpils-tests/instances/miplib/medium-1/neos-3555904-turama.mps with config: /scratch/yorig/mpils-results-grid-seconds-5-4may/medium-1/24proc/seed-2/10_neos-3555904-turama_seed-2_20260504_185840/iterated_local_search/run_2_worker_8/ils_config_3062765760699150615.prm
[INFO]:[19:01:10] Starting CPLEX solver on instance: /home/yorig/tuner/mpils-tests/instances/miplib/medium-1/neos-3555904-turama.mps with config: /scratch/yorig/mpils-results-grid-seconds-5-4may/medium-1/24proc/seed-2/10_neos-3555904-turama_seed-2_20260504_185840/iterated_local_search/run_2_worker_8/ils_config_3062765760699150615.prm
[INFO]:[19:01:16] CPLEX results. Gap: 80480.720000, upper bound: -33.200000, lower bound: -26752.800000
[INFO]:[19:01:16] CPLEX solver finished. Gap: 80480.720000
[INFO]:[19:01:16] Local search phase completed.
[INFO]:[19:01:16] Total number of new local-search evaluations: 6
[INFO]:[19:01:16] Final incumbent objective value: 80480.7
[INFO]:[19:01:22] Worker 8 completed exploration phase.
[INFO]:[19:01:22] Worker 8 received order for step 2.
[INFO]:[19:01:22] Worker 8 running expansion phase for iteration 2.
[INFO]:[19:01:22] Worker 8 will use solver log file: /scratch/yorig/mpils-results-grid-seconds-5-4may/medium-1/24proc/seed-2/10_neos-3555904-turama_seed-2_20260504_185840/solver/cplex.log_iteration_expansion_2_worker_8
[INFO]:[19:01:22] Expansion Worker 8 starting expansion for iteration 2.
[INFO]:[19:01:22] Starting CPLEX solver on instance: /home/yorig/tuner/mpils-tests/instances/miplib/medium-1/neos-3555904-turama.mps with config: /scratch/yorig/mpils-results-grid-seconds-5-4may/medium-1/24proc/seed-2/10_neos-3555904-turama_seed-2_20260504_185840/expansion/config_param_CPXPARAM_Preprocessing_Symmetry_2_iter_2.prm
[INFO]:[19:01:28] CPLEX results. Gap: 23.340000, upper bound: -33.200000, lower bound: -40.950000
[INFO]:[19:01:28] CPLEX solver finished. Gap: 23.340000
[INFO]:[19:01:28] Starting CPLEX solver on instance: /home/yorig/tuner/mpils-tests/instances/miplib/medium-1/neos-3555904-turama.mps with config: /scratch/yorig/mpils-results-grid-seconds-5-4may/medium-1/24proc/seed-2/10_neos-3555904-turama_seed-2_20260504_185840/expansion/config_param_CPXPARAM_Simplex_DGradient_1_iter_2.prm
[INFO]:[19:01:33] CPLEX results. Gap: 23.340000, upper bound: -33.200000, lower bound: -40.950000
[INFO]:[19:01:33] CPLEX solver finished. Gap: 23.340000
[INFO]:[19:01:33] Expansion Worker 8 completed expansion.
[INFO]:[19:01:33] Worker 8 completed expansion phase.
[INFO]:[19:01:33] Worker 8 received order for step 1.
[INFO]:[19:01:33] Worker 8 running exploration phase for iteration 3.
[INFO]:[19:01:33] Worker 8 at iteration 3 will not use a MIP start file. Current best MIP-start upper bound threshold is 1.79769e+308.
[INFO]:[19:01:33] Starting local search phase...
[INFO]:[19:01:33] Creating local search space from parameter space file: /scratch/yorig/mpils-results-grid-seconds-5-4may/medium-1/24proc/seed-2/10_neos-3555904-turama_seed-2_20260504_185840/iterated_local_search/search_space/search_space_file_3_worker_8.txt
[INFO]:[19:01:33] Local search space loaded from file: /scratch/yorig/mpils-results-grid-seconds-5-4may/medium-1/24proc/seed-2/10_neos-3555904-turama_seed-2_20260504_185840/iterated_local_search/search_space/search_space_file_3_worker_8.txt
[INFO]:[19:01:33] Number of parameters in local search space: 71
[INFO]:[19:01:33] Number of forbidden tuples in local search space: 32
[INFO]:[19:01:33] Number of conditionals in local search space: 6
[INFO]:[19:01:33] MIP start option not enabled. Local search will proceed without MIP start.
[INFO]:[19:01:33] Evaluating initial configuration for local search phase...
[INFO]:[19:01:33] Starting CPLEX solver on instance: /home/yorig/tuner/mpils-tests/instances/miplib/medium-1/neos-3555904-turama.mps with config: /scratch/yorig/mpils-results-grid-seconds-5-4may/medium-1/24proc/seed-2/10_neos-3555904-turama_seed-2_20260504_185840/iterated_local_search/run_3_worker_8/ils_config_913751700115375457.prm
[INFO]:[19:01:33] Starting CPLEX solver on instance: /home/yorig/tuner/mpils-tests/instances/miplib/medium-1/neos-3555904-turama.mps with config: /scratch/yorig/mpils-results-grid-seconds-5-4may/medium-1/24proc/seed-2/10_neos-3555904-turama_seed-2_20260504_185840/iterated_local_search/run_3_worker_8/ils_config_913751700115375457.prm
[INFO]:[19:01:39] CPLEX results. Gap: 80480.720000, upper bound: -33.200000, lower bound: -26752.800000
[INFO]:[19:01:39] CPLEX solver finished. Gap: 80480.720000
[INFO]:[19:01:39] Initial configuration evaluated with objective value: 80480.7
[INFO]:[19:01:39] Starting CPLEX solver on instance: /home/yorig/tuner/mpils-tests/instances/miplib/medium-1/neos-3555904-turama.mps with config: /scratch/yorig/mpils-results-grid-seconds-5-4may/medium-1/24proc/seed-2/10_neos-3555904-turama_seed-2_20260504_185840/iterated_local_search/run_3_worker_8/ils_config_18248450671388036341.prm
[INFO]:[19:01:39] Starting CPLEX solver on instance: /home/yorig/tuner/mpils-tests/instances/miplib/medium-1/neos-3555904-turama.mps with config: /scratch/yorig/mpils-results-grid-seconds-5-4may/medium-1/24proc/seed-2/10_neos-3555904-turama_seed-2_20260504_185840/iterated_local_search/run_3_worker_8/ils_config_18248450671388036341.prm
[INFO]:[19:01:44] CPLEX results. Gap: 80480.720000, upper bound: -33.200000, lower bound: -26752.800000
[INFO]:[19:01:44] CPLEX solver finished. Gap: 80480.720000
[INFO]:[19:01:44] Starting CPLEX solver on instance: /home/yorig/tuner/mpils-tests/instances/miplib/medium-1/neos-3555904-turama.mps with config: /scratch/yorig/mpils-results-grid-seconds-5-4may/medium-1/24proc/seed-2/10_neos-3555904-turama_seed-2_20260504_185840/iterated_local_search/run_3_worker_8/ils_config_9196106054725845336.prm
[INFO]:[19:01:44] Starting CPLEX solver on instance: /home/yorig/tuner/mpils-tests/instances/miplib/medium-1/neos-3555904-turama.mps with config: /scratch/yorig/mpils-results-grid-seconds-5-4may/medium-1/24proc/seed-2/10_neos-3555904-turama_seed-2_20260504_185840/iterated_local_search/run_3_worker_8/ils_config_9196106054725845336.prm
[INFO]:[19:01:49] CPLEX results. Gap: 80480.720000, upper bound: -33.200000, lower bound: -26752.800000
[INFO]:[19:01:49] CPLEX solver finished. Gap: 80480.720000
[INFO]:[19:01:49] Starting CPLEX solver on instance: /home/yorig/tuner/mpils-tests/instances/miplib/medium-1/neos-3555904-turama.mps with config: /scratch/yorig/mpils-results-grid-seconds-5-4may/medium-1/24proc/seed-2/10_neos-3555904-turama_seed-2_20260504_185840/iterated_local_search/run_3_worker_8/ils_config_118074999771277404.prm
[INFO]:[19:01:49] Starting CPLEX solver on instance: /home/yorig/tuner/mpils-tests/instances/miplib/medium-1/neos-3555904-turama.mps with config: /scratch/yorig/mpils-results-grid-seconds-5-4may/medium-1/24proc/seed-2/10_neos-3555904-turama_seed-2_20260504_185840/iterated_local_search/run_3_worker_8/ils_config_118074999771277404.prm
[INFO]:[19:01:54] CPLEX results. Gap: 80480.720000, upper bound: -33.200000, lower bound: -26752.800000
[INFO]:[19:01:54] CPLEX solver finished. Gap: 80480.720000
[INFO]:[19:01:54] Starting CPLEX solver on instance: /home/yorig/tuner/mpils-tests/instances/miplib/medium-1/neos-3555904-turama.mps with config: /scratch/yorig/mpils-results-grid-seconds-5-4may/medium-1/24proc/seed-2/10_neos-3555904-turama_seed-2_20260504_185840/iterated_local_search/run_3_worker_8/ils_config_2705934799416497058.prm
[INFO]:[19:01:54] Starting CPLEX solver on instance: /home/yorig/tuner/mpils-tests/instances/miplib/medium-1/neos-3555904-turama.mps with config: /scratch/yorig/mpils-results-grid-seconds-5-4may/medium-1/24proc/seed-2/10_neos-3555904-turama_seed-2_20260504_185840/iterated_local_search/run_3_worker_8/ils_config_2705934799416497058.prm
[INFO]:[19:02:00] CPLEX results. Gap: 80480.720000, upper bound: -33.200000, lower bound: -26752.800000
[INFO]:[19:02:00] CPLEX solver finished. Gap: 80480.720000
[INFO]:[19:02:00] Local search phase completed.
[INFO]:[19:02:00] Total number of new local-search evaluations: 5
[INFO]:[19:02:00] Final incumbent objective value: 80480.7
[INFO]:[19:02:05] Worker 8 completed exploration phase.
[INFO]:[19:02:05] Worker 8 received order for step 2.
[INFO]:[19:02:05] Worker 8 running expansion phase for iteration 3.
[INFO]:[19:02:05] Worker 8 will use solver log file: /scratch/yorig/mpils-results-grid-seconds-5-4may/medium-1/24proc/seed-2/10_neos-3555904-turama_seed-2_20260504_185840/solver/cplex.log_iteration_expansion_3_worker_8
[INFO]:[19:02:05] Expansion Worker 8 starting expansion for iteration 3.
[INFO]:[19:02:05] Starting CPLEX solver on instance: /home/yorig/tuner/mpils-tests/instances/miplib/medium-1/neos-3555904-turama.mps with config: /scratch/yorig/mpils-results-grid-seconds-5-4may/medium-1/24proc/seed-2/10_neos-3555904-turama_seed-2_20260504_185840/expansion/config_param_CPXPARAM_MIP_Limits_AggForCut_1_iter_3.prm
[INFO]:[19:02:10] CPLEX results. Gap: 23.340000, upper bound: -33.200000, lower bound: -40.950000
[INFO]:[19:02:10] CPLEX solver finished. Gap: 23.340000
[INFO]:[19:02:16] Expansion Worker 8 completed expansion.
[INFO]:[19:02:16] Worker 8 completed expansion phase.
[INFO]:[19:02:16] Worker 8 received order for step 1.
[INFO]:[19:02:16] Worker 8 running exploration phase for iteration 4.
[INFO]:[19:02:16] Worker 8 at iteration 4 will not use a MIP start file. Current best MIP-start upper bound threshold is 1.79769e+308.
[INFO]:[19:02:16] Starting local search phase...
[INFO]:[19:02:16] Creating local search space from parameter space file: /scratch/yorig/mpils-results-grid-seconds-5-4may/medium-1/24proc/seed-2/10_neos-3555904-turama_seed-2_20260504_185840/iterated_local_search/search_space/search_space_file_4_worker_8.txt
[INFO]:[19:02:16] Local search space loaded from file: /scratch/yorig/mpils-results-grid-seconds-5-4may/medium-1/24proc/seed-2/10_neos-3555904-turama_seed-2_20260504_185840/iterated_local_search/search_space/search_space_file_4_worker_8.txt
[INFO]:[19:02:16] Number of parameters in local search space: 71
[INFO]:[19:02:16] Number of forbidden tuples in local search space: 56
[INFO]:[19:02:16] Number of conditionals in local search space: 6
[INFO]:[19:02:16] MIP start option not enabled. Local search will proceed without MIP start.
[INFO]:[19:02:16] Evaluating initial configuration for local search phase...
[INFO]:[19:02:16] Starting CPLEX solver on instance: /home/yorig/tuner/mpils-tests/instances/miplib/medium-1/neos-3555904-turama.mps with config: /scratch/yorig/mpils-results-grid-seconds-5-4may/medium-1/24proc/seed-2/10_neos-3555904-turama_seed-2_20260504_185840/iterated_local_search/run_4_worker_8/ils_config_6462324945472643262.prm
[INFO]:[19:02:16] Starting CPLEX solver on instance: /home/yorig/tuner/mpils-tests/instances/miplib/medium-1/neos-3555904-turama.mps with config: /scratch/yorig/mpils-results-grid-seconds-5-4may/medium-1/24proc/seed-2/10_neos-3555904-turama_seed-2_20260504_185840/iterated_local_search/run_4_worker_8/ils_config_6462324945472643262.prm
[INFO]:[19:02:22] CPLEX results. Gap: 107058.500000, upper bound: -34.700000, lower bound: -37184.000000
[INFO]:[19:02:22] CPLEX solver finished. Gap: 107058.500000
[INFO]:[19:02:22] Initial configuration evaluated with objective value: 107058
[INFO]:[19:02:22] Starting CPLEX solver on instance: /home/yorig/tuner/mpils-tests/instances/miplib/medium-1/neos-3555904-turama.mps with config: /scratch/yorig/mpils-results-grid-seconds-5-4may/medium-1/24proc/seed-2/10_neos-3555904-turama_seed-2_20260504_185840/iterated_local_search/run_4_worker_8/ils_config_3102247855638003763.prm
[INFO]:[19:02:22] Starting CPLEX solver on instance: /home/yorig/tuner/mpils-tests/instances/miplib/medium-1/neos-3555904-turama.mps with config: /scratch/yorig/mpils-results-grid-seconds-5-4may/medium-1/24proc/seed-2/10_neos-3555904-turama_seed-2_20260504_185840/iterated_local_search/run_4_worker_8/ils_config_3102247855638003763.prm
[INFO]:[19:02:27] CPLEX results. Gap: 107058.500000, upper bound: -34.700000, lower bound: -37184.000000
[INFO]:[19:02:27] CPLEX solver finished. Gap: 107058.500000
[INFO]:[19:02:27] Starting CPLEX solver on instance: /home/yorig/tuner/mpils-tests/instances/miplib/medium-1/neos-3555904-turama.mps with config: /scratch/yorig/mpils-results-grid-seconds-5-4may/medium-1/24proc/seed-2/10_neos-3555904-turama_seed-2_20260504_185840/iterated_local_search/run_4_worker_8/ils_config_9891904605550839527.prm
[INFO]:[19:02:27] Starting CPLEX solver on instance: /home/yorig/tuner/mpils-tests/instances/miplib/medium-1/neos-3555904-turama.mps with config: /scratch/yorig/mpils-results-grid-seconds-5-4may/medium-1/24proc/seed-2/10_neos-3555904-turama_seed-2_20260504_185840/iterated_local_search/run_4_worker_8/ils_config_9891904605550839527.prm
[INFO]:[19:02:32] CPLEX results. Gap: 107058.500000, upper bound: -34.700000, lower bound: -37184.000000
[INFO]:[19:02:32] CPLEX solver finished. Gap: 107058.500000
[INFO]:[19:02:32] Starting CPLEX solver on instance: /home/yorig/tuner/mpils-tests/instances/miplib/medium-1/neos-3555904-turama.mps with config: /scratch/yorig/mpils-results-grid-seconds-5-4may/medium-1/24proc/seed-2/10_neos-3555904-turama_seed-2_20260504_185840/iterated_local_search/run_4_worker_8/ils_config_2404956876636113631.prm
[INFO]:[19:02:32] Starting CPLEX solver on instance: /home/yorig/tuner/mpils-tests/instances/miplib/medium-1/neos-3555904-turama.mps with config: /scratch/yorig/mpils-results-grid-seconds-5-4may/medium-1/24proc/seed-2/10_neos-3555904-turama_seed-2_20260504_185840/iterated_local_search/run_4_worker_8/ils_config_2404956876636113631.prm
[INFO]:[19:02:37] CPLEX results. Gap: 107058.500000, upper bound: -34.700000, lower bound: -37184.000000
[INFO]:[19:02:37] CPLEX solver finished. Gap: 107058.500000
[INFO]:[19:02:37] Starting CPLEX solver on instance: /home/yorig/tuner/mpils-tests/instances/miplib/medium-1/neos-3555904-turama.mps with config: /scratch/yorig/mpils-results-grid-seconds-5-4may/medium-1/24proc/seed-2/10_neos-3555904-turama_seed-2_20260504_185840/iterated_local_search/run_4_worker_8/ils_config_16685959523073582149.prm
[INFO]:[19:02:37] Starting CPLEX solver on instance: /home/yorig/tuner/mpils-tests/instances/miplib/medium-1/neos-3555904-turama.mps with config: /scratch/yorig/mpils-results-grid-seconds-5-4may/medium-1/24proc/seed-2/10_neos-3555904-turama_seed-2_20260504_185840/iterated_local_search/run_4_worker_8/ils_config_16685959523073582149.prm
[INFO]:[19:02:43] CPLEX results. Gap: 107058.500000, upper bound: -34.700000, lower bound: -37184.000000
[INFO]:[19:02:43] CPLEX solver finished. Gap: 107058.500000
[INFO]:[19:02:43] Starting CPLEX solver on instance: /home/yorig/tuner/mpils-tests/instances/miplib/medium-1/neos-3555904-turama.mps with config: /scratch/yorig/mpils-results-grid-seconds-5-4may/medium-1/24proc/seed-2/10_neos-3555904-turama_seed-2_20260504_185840/iterated_local_search/run_4_worker_8/ils_config_8088390456335324460.prm
[INFO]:[19:02:43] Starting CPLEX solver on instance: /home/yorig/tuner/mpils-tests/instances/miplib/medium-1/neos-3555904-turama.mps with config: /scratch/yorig/mpils-results-grid-seconds-5-4may/medium-1/24proc/seed-2/10_neos-3555904-turama_seed-2_20260504_185840/iterated_local_search/run_4_worker_8/ils_config_8088390456335324460.prm
[INFO]:[19:02:48] CPLEX results. Gap: 107058.500000, upper bound: -34.700000, lower bound: -37184.000000
[INFO]:[19:02:48] CPLEX solver finished. Gap: 107058.500000
[INFO]:[19:02:48] Starting CPLEX solver on instance: /home/yorig/tuner/mpils-tests/instances/miplib/medium-1/neos-3555904-turama.mps with config: /scratch/yorig/mpils-results-grid-seconds-5-4may/medium-1/24proc/seed-2/10_neos-3555904-turama_seed-2_20260504_185840/iterated_local_search/run_4_worker_8/ils_config_18167787399249724166.prm
[INFO]:[19:02:48] Starting CPLEX solver on instance: /home/yorig/tuner/mpils-tests/instances/miplib/medium-1/neos-3555904-turama.mps with config: /scratch/yorig/mpils-results-grid-seconds-5-4may/medium-1/24proc/seed-2/10_neos-3555904-turama_seed-2_20260504_185840/iterated_local_search/run_4_worker_8/ils_config_18167787399249724166.prm
[INFO]:[19:02:53] CPLEX results. Gap: 107058.500000, upper bound: -34.700000, lower bound: -37184.000000
[INFO]:[19:02:53] CPLEX solver finished. Gap: 107058.500000
[INFO]:[19:02:53] Local search phase completed.
[INFO]:[19:02:53] Total number of new local-search evaluations: 7
[INFO]:[19:02:53] Final incumbent objective value: 107058
[INFO]:[19:03:00] Worker 8 completed exploration phase.
[INFO]:[19:03:01] Worker 8 received order for step 2.
[INFO]:[19:03:01] Worker 8 running expansion phase for iteration 4.
[INFO]:[19:03:01] Worker 8 will use solver log file: /scratch/yorig/mpils-results-grid-seconds-5-4may/medium-1/24proc/seed-2/10_neos-3555904-turama_seed-2_20260504_185840/solver/cplex.log_iteration_expansion_4_worker_8
[INFO]:[19:03:01] Expansion Worker 8 starting expansion for iteration 4.
[INFO]:[19:03:01] Starting CPLEX solver on instance: /home/yorig/tuner/mpils-tests/instances/miplib/medium-1/neos-3555904-turama.mps with config: /scratch/yorig/mpils-results-grid-seconds-5-4may/medium-1/24proc/seed-2/10_neos-3555904-turama_seed-2_20260504_185840/expansion/config_param_CPXPARAM_Feasopt_Mode_5_iter_4.prm
[INFO]:[19:03:06] CPLEX results. Gap: 85389.160000, upper bound: -33.200000, lower bound: -28382.400000
[INFO]:[19:03:06] CPLEX solver finished. Gap: 85389.160000
[INFO]:[19:03:11] Expansion Worker 8 completed expansion.
[INFO]:[19:03:11] Worker 8 completed expansion phase.
[INFO]:[19:03:12] Worker 8 received order for step 1.
[INFO]:[19:03:12] Worker 8 running exploration phase for iteration 5.
[INFO]:[19:03:12] Worker 8 at iteration 5 will not use a MIP start file. Current best MIP-start upper bound threshold is 1.79769e+308.
[INFO]:[19:03:12] Starting local search phase...
[INFO]:[19:03:12] Creating local search space from parameter space file: /scratch/yorig/mpils-results-grid-seconds-5-4may/medium-1/24proc/seed-2/10_neos-3555904-turama_seed-2_20260504_185840/iterated_local_search/search_space/search_space_file_5_worker_8.txt
[INFO]:[19:03:12] Local search space loaded from file: /scratch/yorig/mpils-results-grid-seconds-5-4may/medium-1/24proc/seed-2/10_neos-3555904-turama_seed-2_20260504_185840/iterated_local_search/search_space/search_space_file_5_worker_8.txt
[INFO]:[19:03:12] Number of parameters in local search space: 71
[INFO]:[19:03:12] Number of forbidden tuples in local search space: 77
[INFO]:[19:03:12] Number of conditionals in local search space: 6
[INFO]:[19:03:12] MIP start option not enabled. Local search will proceed without MIP start.
[INFO]:[19:03:12] Evaluating initial configuration for local search phase...
[INFO]:[19:03:12] Starting CPLEX solver on instance: /home/yorig/tuner/mpils-tests/instances/miplib/medium-1/neos-3555904-turama.mps with config: /scratch/yorig/mpils-results-grid-seconds-5-4may/medium-1/24proc/seed-2/10_neos-3555904-turama_seed-2_20260504_185840/iterated_local_search/run_5_worker_8/ils_config_14348080699854391145.prm
[INFO]:[19:03:12] Starting CPLEX solver on instance: /home/yorig/tuner/mpils-tests/instances/miplib/medium-1/neos-3555904-turama.mps with config: /scratch/yorig/mpils-results-grid-seconds-5-4may/medium-1/24proc/seed-2/10_neos-3555904-turama_seed-2_20260504_185840/iterated_local_search/run_5_worker_8/ils_config_14348080699854391145.prm
[INFO]:[19:03:17] CPLEX results. Gap: 121370.780000, upper bound: -33.200000, lower bound: -40328.300000
[INFO]:[19:03:17] CPLEX solver finished. Gap: 121370.780000
[INFO]:[19:03:17] Initial configuration evaluated with objective value: 121371
[INFO]:[19:03:17] Starting CPLEX solver on instance: /home/yorig/tuner/mpils-tests/instances/miplib/medium-1/neos-3555904-turama.mps with config: /scratch/yorig/mpils-results-grid-seconds-5-4may/medium-1/24proc/seed-2/10_neos-3555904-turama_seed-2_20260504_185840/iterated_local_search/run_5_worker_8/ils_config_12289739533812740173.prm
[INFO]:[19:03:17] Starting CPLEX solver on instance: /home/yorig/tuner/mpils-tests/instances/miplib/medium-1/neos-3555904-turama.mps with config: /scratch/yorig/mpils-results-grid-seconds-5-4may/medium-1/24proc/seed-2/10_neos-3555904-turama_seed-2_20260504_185840/iterated_local_search/run_5_worker_8/ils_config_12289739533812740173.prm
[INFO]:[19:03:23] CPLEX results. Gap: 121370.780000, upper bound: -33.200000, lower bound: -40328.300000
[INFO]:[19:03:23] CPLEX solver finished. Gap: 121370.780000
[INFO]:[19:03:23] Starting CPLEX solver on instance: /home/yorig/tuner/mpils-tests/instances/miplib/medium-1/neos-3555904-turama.mps with config: /scratch/yorig/mpils-results-grid-seconds-5-4may/medium-1/24proc/seed-2/10_neos-3555904-turama_seed-2_20260504_185840/iterated_local_search/run_5_worker_8/ils_config_12528073281013196791.prm
[INFO]:[19:03:23] Starting CPLEX solver on instance: /home/yorig/tuner/mpils-tests/instances/miplib/medium-1/neos-3555904-turama.mps with config: /scratch/yorig/mpils-results-grid-seconds-5-4may/medium-1/24proc/seed-2/10_neos-3555904-turama_seed-2_20260504_185840/iterated_local_search/run_5_worker_8/ils_config_12528073281013196791.prm
[INFO]:[19:03:28] CPLEX results. Gap: 121370.780000, upper bound: -33.200000, lower bound: -40328.300000
[INFO]:[19:03:28] CPLEX solver finished. Gap: 121370.780000
[INFO]:[19:03:28] Starting CPLEX solver on instance: /home/yorig/tuner/mpils-tests/instances/miplib/medium-1/neos-3555904-turama.mps with config: /scratch/yorig/mpils-results-grid-seconds-5-4may/medium-1/24proc/seed-2/10_neos-3555904-turama_seed-2_20260504_185840/iterated_local_search/run_5_worker_8/ils_config_17907258992744419933.prm
[INFO]:[19:03:28] Starting CPLEX solver on instance: /home/yorig/tuner/mpils-tests/instances/miplib/medium-1/neos-3555904-turama.mps with config: /scratch/yorig/mpils-results-grid-seconds-5-4may/medium-1/24proc/seed-2/10_neos-3555904-turama_seed-2_20260504_185840/iterated_local_search/run_5_worker_8/ils_config_17907258992744419933.prm
[INFO]:[19:03:33] CPLEX results. Gap: 121370.780000, upper bound: -33.200000, lower bound: -40328.300000
[INFO]:[19:03:33] CPLEX solver finished. Gap: 121370.780000
[INFO]:[19:03:33] Starting CPLEX solver on instance: /home/yorig/tuner/mpils-tests/instances/miplib/medium-1/neos-3555904-turama.mps with config: /scratch/yorig/mpils-results-grid-seconds-5-4may/medium-1/24proc/seed-2/10_neos-3555904-turama_seed-2_20260504_185840/iterated_local_search/run_5_worker_8/ils_config_10330087793346433332.prm
[INFO]:[19:03:33] Starting CPLEX solver on instance: /home/yorig/tuner/mpils-tests/instances/miplib/medium-1/neos-3555904-turama.mps with config: /scratch/yorig/mpils-results-grid-seconds-5-4may/medium-1/24proc/seed-2/10_neos-3555904-turama_seed-2_20260504_185840/iterated_local_search/run_5_worker_8/ils_config_10330087793346433332.prm
[INFO]:[19:03:38] CPLEX results. Gap: 121370.780000, upper bound: -33.200000, lower bound: -40328.300000
[INFO]:[19:03:38] CPLEX solver finished. Gap: 121370.780000
[INFO]:[19:03:38] Starting CPLEX solver on instance: /home/yorig/tuner/mpils-tests/instances/miplib/medium-1/neos-3555904-turama.mps with config: /scratch/yorig/mpils-results-grid-seconds-5-4may/medium-1/24proc/seed-2/10_neos-3555904-turama_seed-2_20260504_185840/iterated_local_search/run_5_worker_8/ils_config_10011015428767951274.prm
[INFO]:[19:03:38] Starting CPLEX solver on instance: /home/yorig/tuner/mpils-tests/instances/miplib/medium-1/neos-3555904-turama.mps with config: /scratch/yorig/mpils-results-grid-seconds-5-4may/medium-1/24proc/seed-2/10_neos-3555904-turama_seed-2_20260504_185840/iterated_local_search/run_5_worker_8/ils_config_10011015428767951274.prm
[INFO]:[19:03:44] CPLEX results. Gap: 121370.780000, upper bound: -33.200000, lower bound: -40328.300000
[INFO]:[19:03:44] CPLEX solver finished. Gap: 121370.780000
[INFO]:[19:03:44] Starting CPLEX solver on instance: /home/yorig/tuner/mpils-tests/instances/miplib/medium-1/neos-3555904-turama.mps with config: /scratch/yorig/mpils-results-grid-seconds-5-4may/medium-1/24proc/seed-2/10_neos-3555904-turama_seed-2_20260504_185840/iterated_local_search/run_5_worker_8/ils_config_11048365893189743241.prm
[INFO]:[19:03:44] Starting CPLEX solver on instance: /home/yorig/tuner/mpils-tests/instances/miplib/medium-1/neos-3555904-turama.mps with config: /scratch/yorig/mpils-results-grid-seconds-5-4may/medium-1/24proc/seed-2/10_neos-3555904-turama_seed-2_20260504_185840/iterated_local_search/run_5_worker_8/ils_config_11048365893189743241.prm
[INFO]:[19:03:49] CPLEX results. Gap: 121370.780000, upper bound: -33.200000, lower bound: -40328.300000
[INFO]:[19:03:49] CPLEX solver finished. Gap: 121370.780000
[INFO]:[19:03:49] Starting CPLEX solver on instance: /home/yorig/tuner/mpils-tests/instances/miplib/medium-1/neos-3555904-turama.mps with config: /scratch/yorig/mpils-results-grid-seconds-5-4may/medium-1/24proc/seed-2/10_neos-3555904-turama_seed-2_20260504_185840/iterated_local_search/run_5_worker_8/ils_config_8768210513696706812.prm
[INFO]:[19:03:49] Starting CPLEX solver on instance: /home/yorig/tuner/mpils-tests/instances/miplib/medium-1/neos-3555904-turama.mps with config: /scratch/yorig/mpils-results-grid-seconds-5-4may/medium-1/24proc/seed-2/10_neos-3555904-turama_seed-2_20260504_185840/iterated_local_search/run_5_worker_8/ils_config_8768210513696706812.prm
[INFO]:[19:03:54] CPLEX results. Gap: 80480.720000, upper bound: -33.200000, lower bound: -26752.800000
[INFO]:[19:03:54] CPLEX solver finished. Gap: 80480.720000
[INFO]:[19:03:54] New incumbent found with objective value: 80480.7
[INFO]:[19:03:54] Starting CPLEX solver on instance: /home/yorig/tuner/mpils-tests/instances/miplib/medium-1/neos-3555904-turama.mps with config: /scratch/yorig/mpils-results-grid-seconds-5-4may/medium-1/24proc/seed-2/10_neos-3555904-turama_seed-2_20260504_185840/iterated_local_search/run_5_worker_8/ils_config_10418036379021780233.prm
[INFO]:[19:03:54] Starting CPLEX solver on instance: /home/yorig/tuner/mpils-tests/instances/miplib/medium-1/neos-3555904-turama.mps with config: /scratch/yorig/mpils-results-grid-seconds-5-4may/medium-1/24proc/seed-2/10_neos-3555904-turama_seed-2_20260504_185840/iterated_local_search/run_5_worker_8/ils_config_10418036379021780233.prm
[INFO]:[19:03:59] CPLEX results. Gap: 80480.720000, upper bound: -33.200000, lower bound: -26752.800000
[INFO]:[19:03:59] CPLEX solver finished. Gap: 80480.720000
[INFO]:[19:03:59] Starting CPLEX solver on instance: /home/yorig/tuner/mpils-tests/instances/miplib/medium-1/neos-3555904-turama.mps with config: /scratch/yorig/mpils-results-grid-seconds-5-4may/medium-1/24proc/seed-2/10_neos-3555904-turama_seed-2_20260504_185840/iterated_local_search/run_5_worker_8/ils_config_13421551020625019781.prm
[INFO]:[19:03:59] Starting CPLEX solver on instance: /home/yorig/tuner/mpils-tests/instances/miplib/medium-1/neos-3555904-turama.mps with config: /scratch/yorig/mpils-results-grid-seconds-5-4may/medium-1/24proc/seed-2/10_neos-3555904-turama_seed-2_20260504_185840/iterated_local_search/run_5_worker_8/ils_config_13421551020625019781.prm
[INFO]:[19:04:05] CPLEX results. Gap: 80480.720000, upper bound: -33.200000, lower bound: -26752.800000
[INFO]:[19:04:05] CPLEX solver finished. Gap: 80480.720000
[INFO]:[19:04:05] Starting CPLEX solver on instance: /home/yorig/tuner/mpils-tests/instances/miplib/medium-1/neos-3555904-turama.mps with config: /scratch/yorig/mpils-results-grid-seconds-5-4may/medium-1/24proc/seed-2/10_neos-3555904-turama_seed-2_20260504_185840/iterated_local_search/run_5_worker_8/ils_config_1582680344175381177.prm
[INFO]:[19:04:05] Starting CPLEX solver on instance: /home/yorig/tuner/mpils-tests/instances/miplib/medium-1/neos-3555904-turama.mps with config: /scratch/yorig/mpils-results-grid-seconds-5-4may/medium-1/24proc/seed-2/10_neos-3555904-turama_seed-2_20260504_185840/iterated_local_search/run_5_worker_8/ils_config_1582680344175381177.prm
[INFO]:[19:04:10] CPLEX results. Gap: 80480.720000, upper bound: -33.200000, lower bound: -26752.800000
[INFO]:[19:04:10] CPLEX solver finished. Gap: 80480.720000
[INFO]:[19:04:10] Starting CPLEX solver on instance: /home/yorig/tuner/mpils-tests/instances/miplib/medium-1/neos-3555904-turama.mps with config: /scratch/yorig/mpils-results-grid-seconds-5-4may/medium-1/24proc/seed-2/10_neos-3555904-turama_seed-2_20260504_185840/iterated_local_search/run_5_worker_8/ils_config_6699249974470775265.prm
[INFO]:[19:04:10] Starting CPLEX solver on instance: /home/yorig/tuner/mpils-tests/instances/miplib/medium-1/neos-3555904-turama.mps with config: /scratch/yorig/mpils-results-grid-seconds-5-4may/medium-1/24proc/seed-2/10_neos-3555904-turama_seed-2_20260504_185840/iterated_local_search/run_5_worker_8/ils_config_6699249974470775265.prm
[INFO]:[19:04:15] CPLEX results. Gap: 80480.720000, upper bound: -33.200000, lower bound: -26752.800000
[INFO]:[19:04:15] CPLEX solver finished. Gap: 80480.720000
[INFO]:[19:04:15] Starting CPLEX solver on instance: /home/yorig/tuner/mpils-tests/instances/miplib/medium-1/neos-3555904-turama.mps with config: /scratch/yorig/mpils-results-grid-seconds-5-4may/medium-1/24proc/seed-2/10_neos-3555904-turama_seed-2_20260504_185840/iterated_local_search/run_5_worker_8/ils_config_2638531325860245598.prm
[INFO]:[19:04:15] Starting CPLEX solver on instance: /home/yorig/tuner/mpils-tests/instances/miplib/medium-1/neos-3555904-turama.mps with config: /scratch/yorig/mpils-results-grid-seconds-5-4may/medium-1/24proc/seed-2/10_neos-3555904-turama_seed-2_20260504_185840/iterated_local_search/run_5_worker_8/ils_config_2638531325860245598.prm
[INFO]:[19:04:21] CPLEX results. Gap: 80480.720000, upper bound: -33.200000, lower bound: -26752.800000
[INFO]:[19:04:21] CPLEX solver finished. Gap: 80480.720000
[INFO]:[19:04:21] Starting CPLEX solver on instance: /home/yorig/tuner/mpils-tests/instances/miplib/medium-1/neos-3555904-turama.mps with config: /scratch/yorig/mpils-results-grid-seconds-5-4may/medium-1/24proc/seed-2/10_neos-3555904-turama_seed-2_20260504_185840/iterated_local_search/run_5_worker_8/ils_config_10956766940613792499.prm
[INFO]:[19:04:21] Starting CPLEX solver on instance: /home/yorig/tuner/mpils-tests/instances/miplib/medium-1/neos-3555904-turama.mps with config: /scratch/yorig/mpils-results-grid-seconds-5-4may/medium-1/24proc/seed-2/10_neos-3555904-turama_seed-2_20260504_185840/iterated_local_search/run_5_worker_8/ils_config_10956766940613792499.prm
[INFO]:[19:04:26] CPLEX results. Gap: 80480.720000, upper bound: -33.200000, lower bound: -26752.800000
[INFO]:[19:04:26] CPLEX solver finished. Gap: 80480.720000
[INFO]:[19:04:26] Starting CPLEX solver on instance: /home/yorig/tuner/mpils-tests/instances/miplib/medium-1/neos-3555904-turama.mps with config: /scratch/yorig/mpils-results-grid-seconds-5-4may/medium-1/24proc/seed-2/10_neos-3555904-turama_seed-2_20260504_185840/iterated_local_search/run_5_worker_8/ils_config_6776188477444037157.prm
[INFO]:[19:04:26] Starting CPLEX solver on instance: /home/yorig/tuner/mpils-tests/instances/miplib/medium-1/neos-3555904-turama.mps with config: /scratch/yorig/mpils-results-grid-seconds-5-4may/medium-1/24proc/seed-2/10_neos-3555904-turama_seed-2_20260504_185840/iterated_local_search/run_5_worker_8/ils_config_6776188477444037157.prm
[INFO]:[19:04:31] CPLEX results. Gap: 80480.720000, upper bound: -33.200000, lower bound: -26752.800000
[INFO]:[19:04:31] CPLEX solver finished. Gap: 80480.720000
[INFO]:[19:04:31] Starting CPLEX solver on instance: /home/yorig/tuner/mpils-tests/instances/miplib/medium-1/neos-3555904-turama.mps with config: /scratch/yorig/mpils-results-grid-seconds-5-4may/medium-1/24proc/seed-2/10_neos-3555904-turama_seed-2_20260504_185840/iterated_local_search/run_5_worker_8/ils_config_4137743059443460103.prm
[INFO]:[19:04:31] Starting CPLEX solver on instance: /home/yorig/tuner/mpils-tests/instances/miplib/medium-1/neos-3555904-turama.mps with config: /scratch/yorig/mpils-results-grid-seconds-5-4may/medium-1/24proc/seed-2/10_neos-3555904-turama_seed-2_20260504_185840/iterated_local_search/run_5_worker_8/ils_config_4137743059443460103.prm
[INFO]:[19:04:36] CPLEX results. Gap: 80480.720000, upper bound: -33.200000, lower bound: -26752.800000
[INFO]:[19:04:36] CPLEX solver finished. Gap: 80480.720000
[INFO]:[19:04:36] Starting CPLEX solver on instance: /home/yorig/tuner/mpils-tests/instances/miplib/medium-1/neos-3555904-turama.mps with config: /scratch/yorig/mpils-results-grid-seconds-5-4may/medium-1/24proc/seed-2/10_neos-3555904-turama_seed-2_20260504_185840/iterated_local_search/run_5_worker_8/ils_config_11957762240191353888.prm
[INFO]:[19:04:36] Starting CPLEX solver on instance: /home/yorig/tuner/mpils-tests/instances/miplib/medium-1/neos-3555904-turama.mps with config: /scratch/yorig/mpils-results-grid-seconds-5-4may/medium-1/24proc/seed-2/10_neos-3555904-turama_seed-2_20260504_185840/iterated_local_search/run_5_worker_8/ils_config_11957762240191353888.prm
[INFO]:[19:04:42] CPLEX results. Gap: 80480.720000, upper bound: -33.200000, lower bound: -26752.800000
[INFO]:[19:04:42] CPLEX solver finished. Gap: 80480.720000
[INFO]:[19:04:42] Starting CPLEX solver on instance: /home/yorig/tuner/mpils-tests/instances/miplib/medium-1/neos-3555904-turama.mps with config: /scratch/yorig/mpils-results-grid-seconds-5-4may/medium-1/24proc/seed-2/10_neos-3555904-turama_seed-2_20260504_185840/iterated_local_search/run_5_worker_8/ils_config_14837482495737484681.prm
[INFO]:[19:04:42] Starting CPLEX solver on instance: /home/yorig/tuner/mpils-tests/instances/miplib/medium-1/neos-3555904-turama.mps with config: /scratch/yorig/mpils-results-grid-seconds-5-4may/medium-1/24proc/seed-2/10_neos-3555904-turama_seed-2_20260504_185840/iterated_local_search/run_5_worker_8/ils_config_14837482495737484681.prm
[INFO]:[19:04:47] CPLEX results. Gap: 80480.720000, upper bound: -33.200000, lower bound: -26752.800000
[INFO]:[19:04:47] CPLEX solver finished. Gap: 80480.720000
[INFO]:[19:04:47] Local search phase completed.
[INFO]:[19:04:47] Total number of new local-search evaluations: 18
[INFO]:[19:04:47] Final incumbent objective value: 80480.7
[INFO]:[19:05:06] Worker 8 completed exploration phase.
[INFO]:[19:05:06] Worker 8 received order for step 2.
[INFO]:[19:05:06] Worker 8 running expansion phase for iteration 5.
[INFO]:[19:05:06] Worker 8 will use solver log file: /scratch/yorig/mpils-results-grid-seconds-5-4may/medium-1/24proc/seed-2/10_neos-3555904-turama_seed-2_20260504_185840/solver/cplex.log_iteration_expansion_5_worker_8
[INFO]:[19:05:06] Expansion Worker 8 starting expansion for iteration 5.
[INFO]:[19:05:06] Starting CPLEX solver on instance: /home/yorig/tuner/mpils-tests/instances/miplib/medium-1/neos-3555904-turama.mps with config: /scratch/yorig/mpils-results-grid-seconds-5-4may/medium-1/24proc/seed-2/10_neos-3555904-turama_seed-2_20260504_185840/expansion/config_param_CPXPARAM_LPMethod_5_iter_5.prm
[INFO]:[19:05:11] CPLEX results. Gap: 23.340000, upper bound: -33.200000, lower bound: -40.950000
[INFO]:[19:05:11] CPLEX solver finished. Gap: 23.340000
[INFO]:[19:05:16] Expansion Worker 8 completed expansion.
[INFO]:[19:05:16] Worker 8 completed expansion phase.
[INFO]:[19:05:18] Worker 8 received order for step 1.
[INFO]:[19:05:18] Worker 8 running exploration phase for iteration 6.
[INFO]:[19:05:18] Worker 8 at iteration 6 will not use a MIP start file. Current best MIP-start upper bound threshold is 1.79769e+308.
[INFO]:[19:05:18] Starting local search phase...
[INFO]:[19:05:18] Creating local search space from parameter space file: /scratch/yorig/mpils-results-grid-seconds-5-4may/medium-1/24proc/seed-2/10_neos-3555904-turama_seed-2_20260504_185840/iterated_local_search/search_space/search_space_file_6_worker_8.txt
[INFO]:[19:05:18] Local search space loaded from file: /scratch/yorig/mpils-results-grid-seconds-5-4may/medium-1/24proc/seed-2/10_neos-3555904-turama_seed-2_20260504_185840/iterated_local_search/search_space/search_space_file_6_worker_8.txt
[INFO]:[19:05:18] Number of parameters in local search space: 71
[INFO]:[19:05:18] Number of forbidden tuples in local search space: 110
[INFO]:[19:05:18] Number of conditionals in local search space: 6
[INFO]:[19:05:18] MIP start option not enabled. Local search will proceed without MIP start.
[INFO]:[19:05:18] Evaluating initial configuration for local search phase...
[INFO]:[19:05:18] Starting CPLEX solver on instance: /home/yorig/tuner/mpils-tests/instances/miplib/medium-1/neos-3555904-turama.mps with config: /scratch/yorig/mpils-results-grid-seconds-5-4may/medium-1/24proc/seed-2/10_neos-3555904-turama_seed-2_20260504_185840/iterated_local_search/run_6_worker_8/ils_config_576247024698849677.prm
[INFO]:[19:05:18] Starting CPLEX solver on instance: /home/yorig/tuner/mpils-tests/instances/miplib/medium-1/neos-3555904-turama.mps with config: /scratch/yorig/mpils-results-grid-seconds-5-4may/medium-1/24proc/seed-2/10_neos-3555904-turama_seed-2_20260504_185840/iterated_local_search/run_6_worker_8/ils_config_576247024698849677.prm
[INFO]:[19:05:23] CPLEX results. Gap: 80480.720000, upper bound: -33.200000, lower bound: -26752.800000
[INFO]:[19:05:23] CPLEX solver finished. Gap: 80480.720000
[INFO]:[19:05:23] Initial configuration evaluated with objective value: 80480.7
[INFO]:[19:05:23] Starting CPLEX solver on instance: /home/yorig/tuner/mpils-tests/instances/miplib/medium-1/neos-3555904-turama.mps with config: /scratch/yorig/mpils-results-grid-seconds-5-4may/medium-1/24proc/seed-2/10_neos-3555904-turama_seed-2_20260504_185840/iterated_local_search/run_6_worker_8/ils_config_9757698557763456447.prm
[INFO]:[19:05:23] Starting CPLEX solver on instance: /home/yorig/tuner/mpils-tests/instances/miplib/medium-1/neos-3555904-turama.mps with config: /scratch/yorig/mpils-results-grid-seconds-5-4may/medium-1/24proc/seed-2/10_neos-3555904-turama_seed-2_20260504_185840/iterated_local_search/run_6_worker_8/ils_config_9757698557763456447.prm
[INFO]:[19:05:28] CPLEX results. Gap: 121370.780000, upper bound: -33.200000, lower bound: -40328.300000
[INFO]:[19:05:28] CPLEX solver finished. Gap: 121370.780000
[INFO]:[19:05:28] Starting CPLEX solver on instance: /home/yorig/tuner/mpils-tests/instances/miplib/medium-1/neos-3555904-turama.mps with config: /scratch/yorig/mpils-results-grid-seconds-5-4may/medium-1/24proc/seed-2/10_neos-3555904-turama_seed-2_20260504_185840/iterated_local_search/run_6_worker_8/ils_config_12815032663702788425.prm
[INFO]:[19:05:28] Starting CPLEX solver on instance: /home/yorig/tuner/mpils-tests/instances/miplib/medium-1/neos-3555904-turama.mps with config: /scratch/yorig/mpils-results-grid-seconds-5-4may/medium-1/24proc/seed-2/10_neos-3555904-turama_seed-2_20260504_185840/iterated_local_search/run_6_worker_8/ils_config_12815032663702788425.prm
[INFO]:[19:05:34] CPLEX results. Gap: 80480.720000, upper bound: -33.200000, lower bound: -26752.800000
[INFO]:[19:05:34] CPLEX solver finished. Gap: 80480.720000
[INFO]:[19:05:34] Starting CPLEX solver on instance: /home/yorig/tuner/mpils-tests/instances/miplib/medium-1/neos-3555904-turama.mps with config: /scratch/yorig/mpils-results-grid-seconds-5-4may/medium-1/24proc/seed-2/10_neos-3555904-turama_seed-2_20260504_185840/iterated_local_search/run_6_worker_8/ils_config_17919975980442450040.prm
[INFO]:[19:05:34] Starting CPLEX solver on instance: /home/yorig/tuner/mpils-tests/instances/miplib/medium-1/neos-3555904-turama.mps with config: /scratch/yorig/mpils-results-grid-seconds-5-4may/medium-1/24proc/seed-2/10_neos-3555904-turama_seed-2_20260504_185840/iterated_local_search/run_6_worker_8/ils_config_17919975980442450040.prm
[INFO]:[19:05:39] CPLEX results. Gap: 80480.720000, upper bound: -33.200000, lower bound: -26752.800000
[INFO]:[19:05:39] CPLEX solver finished. Gap: 80480.720000
[INFO]:[19:05:39] Starting CPLEX solver on instance: /home/yorig/tuner/mpils-tests/instances/miplib/medium-1/neos-3555904-turama.mps with config: /scratch/yorig/mpils-results-grid-seconds-5-4may/medium-1/24proc/seed-2/10_neos-3555904-turama_seed-2_20260504_185840/iterated_local_search/run_6_worker_8/ils_config_2023762029560165326.prm
[INFO]:[19:05:39] Starting CPLEX solver on instance: /home/yorig/tuner/mpils-tests/instances/miplib/medium-1/neos-3555904-turama.mps with config: /scratch/yorig/mpils-results-grid-seconds-5-4may/medium-1/24proc/seed-2/10_neos-3555904-turama_seed-2_20260504_185840/iterated_local_search/run_6_worker_8/ils_config_2023762029560165326.prm
[INFO]:[19:05:44] CPLEX results. Gap: 80480.720000, upper bound: -33.200000, lower bound: -26752.800000
[INFO]:[19:05:44] CPLEX solver finished. Gap: 80480.720000
[INFO]:[19:05:44] Starting CPLEX solver on instance: /home/yorig/tuner/mpils-tests/instances/miplib/medium-1/neos-3555904-turama.mps with config: /scratch/yorig/mpils-results-grid-seconds-5-4may/medium-1/24proc/seed-2/10_neos-3555904-turama_seed-2_20260504_185840/iterated_local_search/run_6_worker_8/ils_config_2177064222573496636.prm
[INFO]:[19:05:44] Starting CPLEX solver on instance: /home/yorig/tuner/mpils-tests/instances/miplib/medium-1/neos-3555904-turama.mps with config: /scratch/yorig/mpils-results-grid-seconds-5-4may/medium-1/24proc/seed-2/10_neos-3555904-turama_seed-2_20260504_185840/iterated_local_search/run_6_worker_8/ils_config_2177064222573496636.prm
[INFO]:[19:05:49] CPLEX results. Gap: 80480.720000, upper bound: -33.200000, lower bound: -26752.800000
[INFO]:[19:05:49] CPLEX solver finished. Gap: 80480.720000
[INFO]:[19:05:49] Starting CPLEX solver on instance: /home/yorig/tuner/mpils-tests/instances/miplib/medium-1/neos-3555904-turama.mps with config: /scratch/yorig/mpils-results-grid-seconds-5-4may/medium-1/24proc/seed-2/10_neos-3555904-turama_seed-2_20260504_185840/iterated_local_search/run_6_worker_8/ils_config_17117406407420010230.prm
[INFO]:[19:05:49] Starting CPLEX solver on instance: /home/yorig/tuner/mpils-tests/instances/miplib/medium-1/neos-3555904-turama.mps with config: /scratch/yorig/mpils-results-grid-seconds-5-4may/medium-1/24proc/seed-2/10_neos-3555904-turama_seed-2_20260504_185840/iterated_local_search/run_6_worker_8/ils_config_17117406407420010230.prm
[INFO]:[19:05:55] CPLEX results. Gap: 80480.720000, upper bound: -33.200000, lower bound: -26752.800000
[INFO]:[19:05:55] CPLEX solver finished. Gap: 80480.720000
[INFO]:[19:05:55] Starting CPLEX solver on instance: /home/yorig/tuner/mpils-tests/instances/miplib/medium-1/neos-3555904-turama.mps with config: /scratch/yorig/mpils-results-grid-seconds-5-4may/medium-1/24proc/seed-2/10_neos-3555904-turama_seed-2_20260504_185840/iterated_local_search/run_6_worker_8/ils_config_5046615487483407161.prm
[INFO]:[19:05:55] Starting CPLEX solver on instance: /home/yorig/tuner/mpils-tests/instances/miplib/medium-1/neos-3555904-turama.mps with config: /scratch/yorig/mpils-results-grid-seconds-5-4may/medium-1/24proc/seed-2/10_neos-3555904-turama_seed-2_20260504_185840/iterated_local_search/run_6_worker_8/ils_config_5046615487483407161.prm
[INFO]:[19:06:00] CPLEX results. Gap: 80480.720000, upper bound: -33.200000, lower bound: -26752.800000
[INFO]:[19:06:00] CPLEX solver finished. Gap: 80480.720000
[INFO]:[19:06:00] Starting CPLEX solver on instance: /home/yorig/tuner/mpils-tests/instances/miplib/medium-1/neos-3555904-turama.mps with config: /scratch/yorig/mpils-results-grid-seconds-5-4may/medium-1/24proc/seed-2/10_neos-3555904-turama_seed-2_20260504_185840/iterated_local_search/run_6_worker_8/ils_config_10694566045716830603.prm
[INFO]:[19:06:00] Starting CPLEX solver on instance: /home/yorig/tuner/mpils-tests/instances/miplib/medium-1/neos-3555904-turama.mps with config: /scratch/yorig/mpils-results-grid-seconds-5-4may/medium-1/24proc/seed-2/10_neos-3555904-turama_seed-2_20260504_185840/iterated_local_search/run_6_worker_8/ils_config_10694566045716830603.prm
[INFO]:[19:06:05] CPLEX results. Gap: 80480.720000, upper bound: -33.200000, lower bound: -26752.800000
[INFO]:[19:06:05] CPLEX solver finished. Gap: 80480.720000
[INFO]:[19:06:05] Starting CPLEX solver on instance: /home/yorig/tuner/mpils-tests/instances/miplib/medium-1/neos-3555904-turama.mps with config: /scratch/yorig/mpils-results-grid-seconds-5-4may/medium-1/24proc/seed-2/10_neos-3555904-turama_seed-2_20260504_185840/iterated_local_search/run_6_worker_8/ils_config_9407831792240424225.prm
[INFO]:[19:06:05] Starting CPLEX solver on instance: /home/yorig/tuner/mpils-tests/instances/miplib/medium-1/neos-3555904-turama.mps with config: /scratch/yorig/mpils-results-grid-seconds-5-4may/medium-1/24proc/seed-2/10_neos-3555904-turama_seed-2_20260504_185840/iterated_local_search/run_6_worker_8/ils_config_9407831792240424225.prm
[INFO]:[19:06:11] CPLEX results. Gap: 80480.720000, upper bound: -33.200000, lower bound: -26752.800000
[INFO]:[19:06:11] CPLEX solver finished. Gap: 80480.720000
[INFO]:[19:06:11] Starting CPLEX solver on instance: /home/yorig/tuner/mpils-tests/instances/miplib/medium-1/neos-3555904-turama.mps with config: /scratch/yorig/mpils-results-grid-seconds-5-4may/medium-1/24proc/seed-2/10_neos-3555904-turama_seed-2_20260504_185840/iterated_local_search/run_6_worker_8/ils_config_2428436341063320001.prm
[INFO]:[19:06:11] Starting CPLEX solver on instance: /home/yorig/tuner/mpils-tests/instances/miplib/medium-1/neos-3555904-turama.mps with config: /scratch/yorig/mpils-results-grid-seconds-5-4may/medium-1/24proc/seed-2/10_neos-3555904-turama_seed-2_20260504_185840/iterated_local_search/run_6_worker_8/ils_config_2428436341063320001.prm
[INFO]:[19:06:16] CPLEX results. Gap: 80480.720000, upper bound: -33.200000, lower bound: -26752.800000
[INFO]:[19:06:16] CPLEX solver finished. Gap: 80480.720000
[INFO]:[19:06:16] Starting CPLEX solver on instance: /home/yorig/tuner/mpils-tests/instances/miplib/medium-1/neos-3555904-turama.mps with config: /scratch/yorig/mpils-results-grid-seconds-5-4may/medium-1/24proc/seed-2/10_neos-3555904-turama_seed-2_20260504_185840/iterated_local_search/run_6_worker_8/ils_config_4856987305061279725.prm
[INFO]:[19:06:16] Starting CPLEX solver on instance: /home/yorig/tuner/mpils-tests/instances/miplib/medium-1/neos-3555904-turama.mps with config: /scratch/yorig/mpils-results-grid-seconds-5-4may/medium-1/24proc/seed-2/10_neos-3555904-turama_seed-2_20260504_185840/iterated_local_search/run_6_worker_8/ils_config_4856987305061279725.prm
[INFO]:[19:06:21] CPLEX results. Gap: 80480.720000, upper bound: -33.200000, lower bound: -26752.800000
[INFO]:[19:06:21] CPLEX solver finished. Gap: 80480.720000
[INFO]:[19:06:21] Starting CPLEX solver on instance: /home/yorig/tuner/mpils-tests/instances/miplib/medium-1/neos-3555904-turama.mps with config: /scratch/yorig/mpils-results-grid-seconds-5-4may/medium-1/24proc/seed-2/10_neos-3555904-turama_seed-2_20260504_185840/iterated_local_search/run_6_worker_8/ils_config_11924478978574243238.prm
[INFO]:[19:06:21] Starting CPLEX solver on instance: /home/yorig/tuner/mpils-tests/instances/miplib/medium-1/neos-3555904-turama.mps with config: /scratch/yorig/mpils-results-grid-seconds-5-4may/medium-1/24proc/seed-2/10_neos-3555904-turama_seed-2_20260504_185840/iterated_local_search/run_6_worker_8/ils_config_11924478978574243238.prm
[INFO]:[19:06:26] CPLEX results. Gap: 80480.720000, upper bound: -33.200000, lower bound: -26752.800000
[INFO]:[19:06:26] CPLEX solver finished. Gap: 80480.720000
[INFO]:[19:06:26] Starting CPLEX solver on instance: /home/yorig/tuner/mpils-tests/instances/miplib/medium-1/neos-3555904-turama.mps with config: /scratch/yorig/mpils-results-grid-seconds-5-4may/medium-1/24proc/seed-2/10_neos-3555904-turama_seed-2_20260504_185840/iterated_local_search/run_6_worker_8/ils_config_8815872450716911838.prm
[INFO]:[19:06:26] Starting CPLEX solver on instance: /home/yorig/tuner/mpils-tests/instances/miplib/medium-1/neos-3555904-turama.mps with config: /scratch/yorig/mpils-results-grid-seconds-5-4may/medium-1/24proc/seed-2/10_neos-3555904-turama_seed-2_20260504_185840/iterated_local_search/run_6_worker_8/ils_config_8815872450716911838.prm
[INFO]:[19:06:32] CPLEX results. Gap: 80480.720000, upper bound: -33.200000, lower bound: -26752.800000
[INFO]:[19:06:32] CPLEX solver finished. Gap: 80480.720000
[INFO]:[19:06:32] Starting CPLEX solver on instance: /home/yorig/tuner/mpils-tests/instances/miplib/medium-1/neos-3555904-turama.mps with config: /scratch/yorig/mpils-results-grid-seconds-5-4may/medium-1/24proc/seed-2/10_neos-3555904-turama_seed-2_20260504_185840/iterated_local_search/run_6_worker_8/ils_config_3597899888777634077.prm
[INFO]:[19:06:32] Starting CPLEX solver on instance: /home/yorig/tuner/mpils-tests/instances/miplib/medium-1/neos-3555904-turama.mps with config: /scratch/yorig/mpils-results-grid-seconds-5-4may/medium-1/24proc/seed-2/10_neos-3555904-turama_seed-2_20260504_185840/iterated_local_search/run_6_worker_8/ils_config_3597899888777634077.prm
[INFO]:[19:06:37] CPLEX results. Gap: 80480.720000, upper bound: -33.200000, lower bound: -26752.800000
[INFO]:[19:06:37] CPLEX solver finished. Gap: 80480.720000
[INFO]:[19:06:37] Starting CPLEX solver on instance: /home/yorig/tuner/mpils-tests/instances/miplib/medium-1/neos-3555904-turama.mps with config: /scratch/yorig/mpils-results-grid-seconds-5-4may/medium-1/24proc/seed-2/10_neos-3555904-turama_seed-2_20260504_185840/iterated_local_search/run_6_worker_8/ils_config_3155332693359588779.prm
[INFO]:[19:06:37] Starting CPLEX solver on instance: /home/yorig/tuner/mpils-tests/instances/miplib/medium-1/neos-3555904-turama.mps with config: /scratch/yorig/mpils-results-grid-seconds-5-4may/medium-1/24proc/seed-2/10_neos-3555904-turama_seed-2_20260504_185840/iterated_local_search/run_6_worker_8/ils_config_3155332693359588779.prm
[INFO]:[19:06:42] CPLEX results. Gap: 80480.720000, upper bound: -33.200000, lower bound: -26752.800000
[INFO]:[19:06:42] CPLEX solver finished. Gap: 80480.720000
[INFO]:[19:06:42] Starting CPLEX solver on instance: /home/yorig/tuner/mpils-tests/instances/miplib/medium-1/neos-3555904-turama.mps with config: /scratch/yorig/mpils-results-grid-seconds-5-4may/medium-1/24proc/seed-2/10_neos-3555904-turama_seed-2_20260504_185840/iterated_local_search/run_6_worker_8/ils_config_10299509298598852965.prm
[INFO]:[19:06:42] Starting CPLEX solver on instance: /home/yorig/tuner/mpils-tests/instances/miplib/medium-1/neos-3555904-turama.mps with config: /scratch/yorig/mpils-results-grid-seconds-5-4may/medium-1/24proc/seed-2/10_neos-3555904-turama_seed-2_20260504_185840/iterated_local_search/run_6_worker_8/ils_config_10299509298598852965.prm
[INFO]:[19:06:47] CPLEX results. Gap: 80480.720000, upper bound: -33.200000, lower bound: -26752.800000
[INFO]:[19:06:47] CPLEX solver finished. Gap: 80480.720000
[INFO]:[19:06:47] Starting CPLEX solver on instance: /home/yorig/tuner/mpils-tests/instances/miplib/medium-1/neos-3555904-turama.mps with config: /scratch/yorig/mpils-results-grid-seconds-5-4may/medium-1/24proc/seed-2/10_neos-3555904-turama_seed-2_20260504_185840/iterated_local_search/run_6_worker_8/ils_config_14546884069485117100.prm
[INFO]:[19:06:47] Starting CPLEX solver on instance: /home/yorig/tuner/mpils-tests/instances/miplib/medium-1/neos-3555904-turama.mps with config: /scratch/yorig/mpils-results-grid-seconds-5-4may/medium-1/24proc/seed-2/10_neos-3555904-turama_seed-2_20260504_185840/iterated_local_search/run_6_worker_8/ils_config_14546884069485117100.prm
[INFO]:[19:06:53] CPLEX results. Gap: 80480.720000, upper bound: -33.200000, lower bound: -26752.800000
[INFO]:[19:06:53] CPLEX solver finished. Gap: 80480.720000
[INFO]:[19:06:53] Starting CPLEX solver on instance: /home/yorig/tuner/mpils-tests/instances/miplib/medium-1/neos-3555904-turama.mps with config: /scratch/yorig/mpils-results-grid-seconds-5-4may/medium-1/24proc/seed-2/10_neos-3555904-turama_seed-2_20260504_185840/iterated_local_search/run_6_worker_8/ils_config_5283810723202946188.prm
[INFO]:[19:06:53] Starting CPLEX solver on instance: /home/yorig/tuner/mpils-tests/instances/miplib/medium-1/neos-3555904-turama.mps with config: /scratch/yorig/mpils-results-grid-seconds-5-4may/medium-1/24proc/seed-2/10_neos-3555904-turama_seed-2_20260504_185840/iterated_local_search/run_6_worker_8/ils_config_5283810723202946188.prm
[INFO]:[19:06:58] CPLEX results. Gap: 80480.720000, upper bound: -33.200000, lower bound: -26752.800000
[INFO]:[19:06:58] CPLEX solver finished. Gap: 80480.720000
[INFO]:[19:06:58] Starting CPLEX solver on instance: /home/yorig/tuner/mpils-tests/instances/miplib/medium-1/neos-3555904-turama.mps with config: /scratch/yorig/mpils-results-grid-seconds-5-4may/medium-1/24proc/seed-2/10_neos-3555904-turama_seed-2_20260504_185840/iterated_local_search/run_6_worker_8/ils_config_1585111404567638077.prm
[INFO]:[19:06:58] Starting CPLEX solver on instance: /home/yorig/tuner/mpils-tests/instances/miplib/medium-1/neos-3555904-turama.mps with config: /scratch/yorig/mpils-results-grid-seconds-5-4may/medium-1/24proc/seed-2/10_neos-3555904-turama_seed-2_20260504_185840/iterated_local_search/run_6_worker_8/ils_config_1585111404567638077.prm
[INFO]:[19:07:03] CPLEX results. Gap: 80480.720000, upper bound: -33.200000, lower bound: -26752.800000
[INFO]:[19:07:03] CPLEX solver finished. Gap: 80480.720000
[INFO]:[19:07:03] Starting CPLEX solver on instance: /home/yorig/tuner/mpils-tests/instances/miplib/medium-1/neos-3555904-turama.mps with config: /scratch/yorig/mpils-results-grid-seconds-5-4may/medium-1/24proc/seed-2/10_neos-3555904-turama_seed-2_20260504_185840/iterated_local_search/run_6_worker_8/ils_config_10815984250333591260.prm
[INFO]:[19:07:03] Starting CPLEX solver on instance: /home/yorig/tuner/mpils-tests/instances/miplib/medium-1/neos-3555904-turama.mps with config: /scratch/yorig/mpils-results-grid-seconds-5-4may/medium-1/24proc/seed-2/10_neos-3555904-turama_seed-2_20260504_185840/iterated_local_search/run_6_worker_8/ils_config_10815984250333591260.prm
[INFO]:[19:07:08] CPLEX results. Gap: 80480.720000, upper bound: -33.200000, lower bound: -26752.800000
[INFO]:[19:07:08] CPLEX solver finished. Gap: 80480.720000
[INFO]:[19:07:08] Starting CPLEX solver on instance: /home/yorig/tuner/mpils-tests/instances/miplib/medium-1/neos-3555904-turama.mps with config: /scratch/yorig/mpils-results-grid-seconds-5-4may/medium-1/24proc/seed-2/10_neos-3555904-turama_seed-2_20260504_185840/iterated_local_search/run_6_worker_8/ils_config_334434207621794133.prm
[INFO]:[19:07:08] Starting CPLEX solver on instance: /home/yorig/tuner/mpils-tests/instances/miplib/medium-1/neos-3555904-turama.mps with config: /scratch/yorig/mpils-results-grid-seconds-5-4may/medium-1/24proc/seed-2/10_neos-3555904-turama_seed-2_20260504_185840/iterated_local_search/run_6_worker_8/ils_config_334434207621794133.prm
[INFO]:[19:07:14] CPLEX results. Gap: 80480.720000, upper bound: -33.200000, lower bound: -26752.800000
[INFO]:[19:07:14] CPLEX solver finished. Gap: 80480.720000
[INFO]:[19:07:14] Starting CPLEX solver on instance: /home/yorig/tuner/mpils-tests/instances/miplib/medium-1/neos-3555904-turama.mps with config: /scratch/yorig/mpils-results-grid-seconds-5-4may/medium-1/24proc/seed-2/10_neos-3555904-turama_seed-2_20260504_185840/iterated_local_search/run_6_worker_8/ils_config_4231268698678986739.prm
[INFO]:[19:07:14] Starting CPLEX solver on instance: /home/yorig/tuner/mpils-tests/instances/miplib/medium-1/neos-3555904-turama.mps with config: /scratch/yorig/mpils-results-grid-seconds-5-4may/medium-1/24proc/seed-2/10_neos-3555904-turama_seed-2_20260504_185840/iterated_local_search/run_6_worker_8/ils_config_4231268698678986739.prm
[INFO]:[19:07:19] CPLEX results. Gap: 80480.720000, upper bound: -33.200000, lower bound: -26752.800000
[INFO]:[19:07:19] CPLEX solver finished. Gap: 80480.720000
[INFO]:[19:07:19] Starting CPLEX solver on instance: /home/yorig/tuner/mpils-tests/instances/miplib/medium-1/neos-3555904-turama.mps with config: /scratch/yorig/mpils-results-grid-seconds-5-4may/medium-1/24proc/seed-2/10_neos-3555904-turama_seed-2_20260504_185840/iterated_local_search/run_6_worker_8/ils_config_4627235124365675000.prm
[INFO]:[19:07:19] Starting CPLEX solver on instance: /home/yorig/tuner/mpils-tests/instances/miplib/medium-1/neos-3555904-turama.mps with config: /scratch/yorig/mpils-results-grid-seconds-5-4may/medium-1/24proc/seed-2/10_neos-3555904-turama_seed-2_20260504_185840/iterated_local_search/run_6_worker_8/ils_config_4627235124365675000.prm
[INFO]:[19:07:24] CPLEX results. Gap: 80480.720000, upper bound: -33.200000, lower bound: -26752.800000
[INFO]:[19:07:24] CPLEX solver finished. Gap: 80480.720000
[INFO]:[19:07:24] Starting CPLEX solver on instance: /home/yorig/tuner/mpils-tests/instances/miplib/medium-1/neos-3555904-turama.mps with config: /scratch/yorig/mpils-results-grid-seconds-5-4may/medium-1/24proc/seed-2/10_neos-3555904-turama_seed-2_20260504_185840/iterated_local_search/run_6_worker_8/ils_config_9935097861247753663.prm
[INFO]:[19:07:24] Starting CPLEX solver on instance: /home/yorig/tuner/mpils-tests/instances/miplib/medium-1/neos-3555904-turama.mps with config: /scratch/yorig/mpils-results-grid-seconds-5-4may/medium-1/24proc/seed-2/10_neos-3555904-turama_seed-2_20260504_185840/iterated_local_search/run_6_worker_8/ils_config_9935097861247753663.prm
[INFO]:[19:07:29] CPLEX results. Gap: 107058.500000, upper bound: -34.700000, lower bound: -37184.000000
[INFO]:[19:07:29] CPLEX solver finished. Gap: 107058.500000
[INFO]:[19:07:29] Starting CPLEX solver on instance: /home/yorig/tuner/mpils-tests/instances/miplib/medium-1/neos-3555904-turama.mps with config: /scratch/yorig/mpils-results-grid-seconds-5-4may/medium-1/24proc/seed-2/10_neos-3555904-turama_seed-2_20260504_185840/iterated_local_search/run_6_worker_8/ils_config_13833030208543151414.prm
[INFO]:[19:07:29] Starting CPLEX solver on instance: /home/yorig/tuner/mpils-tests/instances/miplib/medium-1/neos-3555904-turama.mps with config: /scratch/yorig/mpils-results-grid-seconds-5-4may/medium-1/24proc/seed-2/10_neos-3555904-turama_seed-2_20260504_185840/iterated_local_search/run_6_worker_8/ils_config_13833030208543151414.prm
[INFO]:[19:07:35] CPLEX results. Gap: 80480.720000, upper bound: -33.200000, lower bound: -26752.800000
[INFO]:[19:07:35] CPLEX solver finished. Gap: 80480.720000
[INFO]:[19:07:35] Starting CPLEX solver on instance: /home/yorig/tuner/mpils-tests/instances/miplib/medium-1/neos-3555904-turama.mps with config: /scratch/yorig/mpils-results-grid-seconds-5-4may/medium-1/24proc/seed-2/10_neos-3555904-turama_seed-2_20260504_185840/iterated_local_search/run_6_worker_8/ils_config_4680657090319535148.prm
[INFO]:[19:07:35] Starting CPLEX solver on instance: /home/yorig/tuner/mpils-tests/instances/miplib/medium-1/neos-3555904-turama.mps with config: /scratch/yorig/mpils-results-grid-seconds-5-4may/medium-1/24proc/seed-2/10_neos-3555904-turama_seed-2_20260504_185840/iterated_local_search/run_6_worker_8/ils_config_4680657090319535148.prm
[INFO]:[19:07:40] CPLEX results. Gap: 80480.720000, upper bound: -33.200000, lower bound: -26752.800000
[INFO]:[19:07:40] CPLEX solver finished. Gap: 80480.720000
[INFO]:[19:07:40] Local search phase completed.
[INFO]:[19:07:40] Total number of new local-search evaluations: 27
[INFO]:[19:07:40] Final incumbent objective value: 80480.7
[INFO]:[19:08:12] Worker 8 completed exploration phase.
[INFO]:[19:08:12] Worker 8 received order for step 3.
[INFO]:[19:08:12] Worker 8 finished.
