[INFO]:[03:15:21] Worker 10 starting.
[INFO]:[03:15:21] Worker 10 received order for step 1.
[INFO]:[03:15:21] Worker 10 running exploration phase for iteration 1.
[INFO]:[03:15:21] Worker 10 at iteration 1 will not use a MIP start file. Current best MIP-start upper bound threshold is 1.79769e+308.
[INFO]:[03:15:21] Starting local search phase...
[INFO]:[03:15:21] Creating local search space from parameter space file: /scratch/yorig/mpils-results-grid-ticks-10000-7may/medium-2/24proc-2pils/seed-2/2_neos-4954672-berkel_seed-2_20260510_031520/iterated_local_search/search_space/search_space_file_1_worker_10.txt
[INFO]:[03:15:21] Local search space loaded from file: /scratch/yorig/mpils-results-grid-ticks-10000-7may/medium-2/24proc-2pils/seed-2/2_neos-4954672-berkel_seed-2_20260510_031520/iterated_local_search/search_space/search_space_file_1_worker_10.txt
[INFO]:[03:15:21] Number of parameters in local search space: 71
[INFO]:[03:15:21] Number of forbidden tuples in local search space: 0
[INFO]:[03:15:21] Number of conditionals in local search space: 6
[INFO]:[03:15:21] MIP start option not enabled. Local search will proceed without MIP start.
[INFO]:[03:15:21] Starting CPLEX solver on instance: /home/yorig/tuner/mpils-tests/instances/miplib/medium-2/neos-4954672-berkel.mps with config: /scratch/yorig/mpils-results-grid-ticks-10000-7may/medium-2/24proc-2pils/seed-2/2_neos-4954672-berkel_seed-2_20260510_031520/iterated_local_search/run_1_worker_10/ils_config_2371984506040819701.prm
[INFO]:[03:15:21] Starting CPLEX solver on instance: /home/yorig/tuner/mpils-tests/instances/miplib/medium-2/neos-4954672-berkel.mps with config: /scratch/yorig/mpils-results-grid-ticks-10000-7may/medium-2/24proc-2pils/seed-2/2_neos-4954672-berkel_seed-2_20260510_031520/iterated_local_search/run_1_worker_10/ils_config_2371984506040819701.prm
[INFO]:[03:15:28] CPLEX results. Gap: 18.720000, upper bound: 2684158.000000, lower bound: 2181621.872033
[INFO]:[03:15:28] CPLEX solver finished. Gap: 18.720000
[INFO]:[03:15:28] New incumbent found with objective value: 18.56
[INFO]:[03:15:28] Starting CPLEX solver on instance: /home/yorig/tuner/mpils-tests/instances/miplib/medium-2/neos-4954672-berkel.mps with config: /scratch/yorig/mpils-results-grid-ticks-10000-7may/medium-2/24proc-2pils/seed-2/2_neos-4954672-berkel_seed-2_20260510_031520/iterated_local_search/run_1_worker_10/ils_config_11266697752807346596.prm
[INFO]:[03:15:28] Starting CPLEX solver on instance: /home/yorig/tuner/mpils-tests/instances/miplib/medium-2/neos-4954672-berkel.mps with config: /scratch/yorig/mpils-results-grid-ticks-10000-7may/medium-2/24proc-2pils/seed-2/2_neos-4954672-berkel_seed-2_20260510_031520/iterated_local_search/run_1_worker_10/ils_config_11266697752807346596.prm
[INFO]:[03:15:35] CPLEX results. Gap: 18.560000, upper bound: 2678391.000000, lower bound: 2181261.464977
[INFO]:[03:15:35] CPLEX solver finished. Gap: 18.560000
[INFO]:[03:15:35] Starting CPLEX solver on instance: /home/yorig/tuner/mpils-tests/instances/miplib/medium-2/neos-4954672-berkel.mps with config: /scratch/yorig/mpils-results-grid-ticks-10000-7may/medium-2/24proc-2pils/seed-2/2_neos-4954672-berkel_seed-2_20260510_031520/iterated_local_search/run_1_worker_10/ils_config_11654458257559524042.prm
[INFO]:[03:15:35] Starting CPLEX solver on instance: /home/yorig/tuner/mpils-tests/instances/miplib/medium-2/neos-4954672-berkel.mps with config: /scratch/yorig/mpils-results-grid-ticks-10000-7may/medium-2/24proc-2pils/seed-2/2_neos-4954672-berkel_seed-2_20260510_031520/iterated_local_search/run_1_worker_10/ils_config_11654458257559524042.prm
[INFO]:[03:15:42] CPLEX results. Gap: 17.950000, upper bound: 2659476.000000, lower bound: 2182182.662480
[INFO]:[03:15:42] CPLEX solver finished. Gap: 17.950000
[INFO]:[03:15:42] New incumbent found with objective value: 17.95
[INFO]:[03:15:42] Starting CPLEX solver on instance: /home/yorig/tuner/mpils-tests/instances/miplib/medium-2/neos-4954672-berkel.mps with config: /scratch/yorig/mpils-results-grid-ticks-10000-7may/medium-2/24proc-2pils/seed-2/2_neos-4954672-berkel_seed-2_20260510_031520/iterated_local_search/run_1_worker_10/ils_config_5157326488436538925.prm
[INFO]:[03:15:42] Starting CPLEX solver on instance: /home/yorig/tuner/mpils-tests/instances/miplib/medium-2/neos-4954672-berkel.mps with config: /scratch/yorig/mpils-results-grid-ticks-10000-7may/medium-2/24proc-2pils/seed-2/2_neos-4954672-berkel_seed-2_20260510_031520/iterated_local_search/run_1_worker_10/ils_config_5157326488436538925.prm
[INFO]:[03:15:49] CPLEX results. Gap: 18.560000, upper bound: 2678391.000000, lower bound: 2181261.464977
[INFO]:[03:15:49] CPLEX solver finished. Gap: 18.560000
[INFO]:[03:15:49] Starting CPLEX solver on instance: /home/yorig/tuner/mpils-tests/instances/miplib/medium-2/neos-4954672-berkel.mps with config: /scratch/yorig/mpils-results-grid-ticks-10000-7may/medium-2/24proc-2pils/seed-2/2_neos-4954672-berkel_seed-2_20260510_031520/iterated_local_search/run_1_worker_10/ils_config_495170678647240788.prm
[INFO]:[03:15:49] Starting CPLEX solver on instance: /home/yorig/tuner/mpils-tests/instances/miplib/medium-2/neos-4954672-berkel.mps with config: /scratch/yorig/mpils-results-grid-ticks-10000-7may/medium-2/24proc-2pils/seed-2/2_neos-4954672-berkel_seed-2_20260510_031520/iterated_local_search/run_1_worker_10/ils_config_495170678647240788.prm
[INFO]:[03:15:56] CPLEX results. Gap: 18.040000, upper bound: 2659476.000000, lower bound: 2179655.412834
[INFO]:[03:15:56] CPLEX solver finished. Gap: 18.040000
[INFO]:[03:15:56] Starting CPLEX solver on instance: /home/yorig/tuner/mpils-tests/instances/miplib/medium-2/neos-4954672-berkel.mps with config: /scratch/yorig/mpils-results-grid-ticks-10000-7may/medium-2/24proc-2pils/seed-2/2_neos-4954672-berkel_seed-2_20260510_031520/iterated_local_search/run_1_worker_10/ils_config_11278388657769865283.prm
[INFO]:[03:15:56] Starting CPLEX solver on instance: /home/yorig/tuner/mpils-tests/instances/miplib/medium-2/neos-4954672-berkel.mps with config: /scratch/yorig/mpils-results-grid-ticks-10000-7may/medium-2/24proc-2pils/seed-2/2_neos-4954672-berkel_seed-2_20260510_031520/iterated_local_search/run_1_worker_10/ils_config_11278388657769865283.prm
[INFO]:[03:16:03] CPLEX results. Gap: 19.000000, upper bound: 2678391.000000, lower bound: 2169431.781151
[INFO]:[03:16:03] CPLEX solver finished. Gap: 19.000000
[INFO]:[03:16:04] Starting CPLEX solver on instance: /home/yorig/tuner/mpils-tests/instances/miplib/medium-2/neos-4954672-berkel.mps with config: /scratch/yorig/mpils-results-grid-ticks-10000-7may/medium-2/24proc-2pils/seed-2/2_neos-4954672-berkel_seed-2_20260510_031520/iterated_local_search/run_1_worker_10/ils_config_10218074528006943190.prm
[INFO]:[03:16:04] Starting CPLEX solver on instance: /home/yorig/tuner/mpils-tests/instances/miplib/medium-2/neos-4954672-berkel.mps with config: /scratch/yorig/mpils-results-grid-ticks-10000-7may/medium-2/24proc-2pils/seed-2/2_neos-4954672-berkel_seed-2_20260510_031520/iterated_local_search/run_1_worker_10/ils_config_10218074528006943190.prm
[INFO]:[03:16:11] CPLEX results. Gap: 17.950000, upper bound: 2659476.000000, lower bound: 2182182.662480
[INFO]:[03:16:11] CPLEX solver finished. Gap: 17.950000
[INFO]:[03:16:11] New incumbent found with objective value: 16.19
[INFO]:[03:16:11] Starting CPLEX solver on instance: /home/yorig/tuner/mpils-tests/instances/miplib/medium-2/neos-4954672-berkel.mps with config: /scratch/yorig/mpils-results-grid-ticks-10000-7may/medium-2/24proc-2pils/seed-2/2_neos-4954672-berkel_seed-2_20260510_031520/iterated_local_search/run_1_worker_10/ils_config_17614075305845572673.prm
[INFO]:[03:16:11] Starting CPLEX solver on instance: /home/yorig/tuner/mpils-tests/instances/miplib/medium-2/neos-4954672-berkel.mps with config: /scratch/yorig/mpils-results-grid-ticks-10000-7may/medium-2/24proc-2pils/seed-2/2_neos-4954672-berkel_seed-2_20260510_031520/iterated_local_search/run_1_worker_10/ils_config_17614075305845572673.prm
[INFO]:[03:16:18] CPLEX results. Gap: 16.200000, upper bound: 2678391.000000, lower bound: 2244371.581794
[INFO]:[03:16:18] CPLEX solver finished. Gap: 16.200000
[INFO]:[03:16:18] Starting CPLEX solver on instance: /home/yorig/tuner/mpils-tests/instances/miplib/medium-2/neos-4954672-berkel.mps with config: /scratch/yorig/mpils-results-grid-ticks-10000-7may/medium-2/24proc-2pils/seed-2/2_neos-4954672-berkel_seed-2_20260510_031520/iterated_local_search/run_1_worker_10/ils_config_4167340211412651192.prm
[INFO]:[03:16:18] Starting CPLEX solver on instance: /home/yorig/tuner/mpils-tests/instances/miplib/medium-2/neos-4954672-berkel.mps with config: /scratch/yorig/mpils-results-grid-ticks-10000-7may/medium-2/24proc-2pils/seed-2/2_neos-4954672-berkel_seed-2_20260510_031520/iterated_local_search/run_1_worker_10/ils_config_4167340211412651192.prm
[INFO]:[03:16:25] CPLEX results. Gap: 15.840000, upper bound: 2678391.000000, lower bound: 2254226.915087
[INFO]:[03:16:25] CPLEX solver finished. Gap: 15.840000
[INFO]:[03:16:25] New incumbent found with objective value: 15.84
[INFO]:[03:16:25] Starting CPLEX solver on instance: /home/yorig/tuner/mpils-tests/instances/miplib/medium-2/neos-4954672-berkel.mps with config: /scratch/yorig/mpils-results-grid-ticks-10000-7may/medium-2/24proc-2pils/seed-2/2_neos-4954672-berkel_seed-2_20260510_031520/iterated_local_search/run_1_worker_10/ils_config_10286951489854459380.prm
[INFO]:[03:16:25] Starting CPLEX solver on instance: /home/yorig/tuner/mpils-tests/instances/miplib/medium-2/neos-4954672-berkel.mps with config: /scratch/yorig/mpils-results-grid-ticks-10000-7may/medium-2/24proc-2pils/seed-2/2_neos-4954672-berkel_seed-2_20260510_031520/iterated_local_search/run_1_worker_10/ils_config_10286951489854459380.prm
[INFO]:[03:16:32] CPLEX results. Gap: 16.150000, upper bound: 2678391.000000, lower bound: 2245869.332263
[INFO]:[03:16:32] CPLEX solver finished. Gap: 16.150000
[INFO]:[03:16:32] Local search phase completed.
[INFO]:[03:16:32] Total number of new local-search evaluations: 20
[INFO]:[03:16:32] Final incumbent objective value: 15.84
[INFO]:[03:16:36] Worker 10 completed exploration phase.
[INFO]:[03:16:36] Worker 10 received order for step 2.
[INFO]:[03:16:36] Worker 10 running expansion phase for iteration 1.
[INFO]:[03:16:36] Worker 10 will use solver log file: /scratch/yorig/mpils-results-grid-ticks-10000-7may/medium-2/24proc-2pils/seed-2/2_neos-4954672-berkel_seed-2_20260510_031520/solver/cplex.log_iteration_expansion_1_worker_10
[INFO]:[03:16:36] Expansion Worker 10 starting expansion for iteration 1.
[INFO]:[03:16:36] Starting CPLEX solver on instance: /home/yorig/tuner/mpils-tests/instances/miplib/medium-2/neos-4954672-berkel.mps with config: /scratch/yorig/mpils-results-grid-ticks-10000-7may/medium-2/24proc-2pils/seed-2/2_neos-4954672-berkel_seed-2_20260510_031520/expansion/config_param_CPXPARAM_MIP_Strategy_VariableSelect_2_iter_1.prm
[INFO]:[03:16:43] CPLEX results. Gap: 16.100000, upper bound: 2718370.000000, lower bound: 2280594.930465
[INFO]:[03:16:43] CPLEX solver finished. Gap: 16.100000
[INFO]:[03:16:44] Expansion Worker 10 stopping early after global MPI expansion stop was activated.
[INFO]:[03:16:44] Expansion Worker 10 completed expansion.
[INFO]:[03:16:44] Worker 10 completed expansion phase.
[INFO]:[03:16:44] Worker 10 received order for step 1.
[INFO]:[03:16:44] Worker 10 running exploration phase for iteration 2.
[INFO]:[03:16:44] Worker 10 at iteration 2 will not use a MIP start file. Current best MIP-start upper bound threshold is 1.79769e+308.
[INFO]:[03:16:44] Starting local search phase...
[INFO]:[03:16:44] Creating local search space from parameter space file: /scratch/yorig/mpils-results-grid-ticks-10000-7may/medium-2/24proc-2pils/seed-2/2_neos-4954672-berkel_seed-2_20260510_031520/iterated_local_search/search_space/search_space_file_2_worker_10.txt
[INFO]:[03:16:44] Local search space loaded from file: /scratch/yorig/mpils-results-grid-ticks-10000-7may/medium-2/24proc-2pils/seed-2/2_neos-4954672-berkel_seed-2_20260510_031520/iterated_local_search/search_space/search_space_file_2_worker_10.txt
[INFO]:[03:16:44] Number of parameters in local search space: 71
[INFO]:[03:16:44] Number of forbidden tuples in local search space: 26
[INFO]:[03:16:44] Number of conditionals in local search space: 6
[INFO]:[03:16:44] MIP start option not enabled. Local search will proceed without MIP start.
[INFO]:[03:16:44] Starting CPLEX solver on instance: /home/yorig/tuner/mpils-tests/instances/miplib/medium-2/neos-4954672-berkel.mps with config: /scratch/yorig/mpils-results-grid-ticks-10000-7may/medium-2/24proc-2pils/seed-2/2_neos-4954672-berkel_seed-2_20260510_031520/iterated_local_search/run_2_worker_10/ils_config_7629872036311432545.prm
[INFO]:[03:16:44] Starting CPLEX solver on instance: /home/yorig/tuner/mpils-tests/instances/miplib/medium-2/neos-4954672-berkel.mps with config: /scratch/yorig/mpils-results-grid-ticks-10000-7may/medium-2/24proc-2pils/seed-2/2_neos-4954672-berkel_seed-2_20260510_031520/iterated_local_search/run_2_worker_10/ils_config_7629872036311432545.prm
[INFO]:[03:16:53] CPLEX results. Gap: 24.290000, upper bound: 2664514.000000, lower bound: 2017202.978354
[INFO]:[03:16:53] CPLEX solver finished. Gap: 24.290000
[INFO]:[03:16:53] New incumbent found with objective value: 18.52
[INFO]:[03:16:53] Starting CPLEX solver on instance: /home/yorig/tuner/mpils-tests/instances/miplib/medium-2/neos-4954672-berkel.mps with config: /scratch/yorig/mpils-results-grid-ticks-10000-7may/medium-2/24proc-2pils/seed-2/2_neos-4954672-berkel_seed-2_20260510_031520/iterated_local_search/run_2_worker_10/ils_config_80541957981951633.prm
[INFO]:[03:16:53] Starting CPLEX solver on instance: /home/yorig/tuner/mpils-tests/instances/miplib/medium-2/neos-4954672-berkel.mps with config: /scratch/yorig/mpils-results-grid-ticks-10000-7may/medium-2/24proc-2pils/seed-2/2_neos-4954672-berkel_seed-2_20260510_031520/iterated_local_search/run_2_worker_10/ils_config_80541957981951633.prm
[INFO]:[03:17:01] CPLEX results. Gap: 18.520000, upper bound: 2620845.000000, lower bound: 2135485.032647
[INFO]:[03:17:01] CPLEX solver finished. Gap: 18.520000
[INFO]:[03:17:01] Starting CPLEX solver on instance: /home/yorig/tuner/mpils-tests/instances/miplib/medium-2/neos-4954672-berkel.mps with config: /scratch/yorig/mpils-results-grid-ticks-10000-7may/medium-2/24proc-2pils/seed-2/2_neos-4954672-berkel_seed-2_20260510_031520/iterated_local_search/run_2_worker_10/ils_config_2941065362445222316.prm
[INFO]:[03:17:01] Starting CPLEX solver on instance: /home/yorig/tuner/mpils-tests/instances/miplib/medium-2/neos-4954672-berkel.mps with config: /scratch/yorig/mpils-results-grid-ticks-10000-7may/medium-2/24proc-2pils/seed-2/2_neos-4954672-berkel_seed-2_20260510_031520/iterated_local_search/run_2_worker_10/ils_config_2941065362445222316.prm
[INFO]:[03:17:08] CPLEX results. Gap: 18.520000, upper bound: 2620845.000000, lower bound: 2135485.032647
[INFO]:[03:17:08] CPLEX solver finished. Gap: 18.520000
[INFO]:[03:17:08] Local search phase completed.
[INFO]:[03:17:08] Total number of new local-search evaluations: 6
[INFO]:[03:17:08] Final incumbent objective value: 18.52
[INFO]:[03:17:08] Worker 10 completed exploration phase.
[INFO]:[03:17:08] Worker 10 received order for step 2.
[INFO]:[03:17:08] Worker 10 running expansion phase for iteration 2.
[INFO]:[03:17:08] Worker 10 will use solver log file: /scratch/yorig/mpils-results-grid-ticks-10000-7may/medium-2/24proc-2pils/seed-2/2_neos-4954672-berkel_seed-2_20260510_031520/solver/cplex.log_iteration_expansion_2_worker_10
[INFO]:[03:17:08] Expansion Worker 10 starting expansion for iteration 2.
[INFO]:[03:17:08] Starting CPLEX solver on instance: /home/yorig/tuner/mpils-tests/instances/miplib/medium-2/neos-4954672-berkel.mps with config: /scratch/yorig/mpils-results-grid-ticks-10000-7may/medium-2/24proc-2pils/seed-2/2_neos-4954672-berkel_seed-2_20260510_031520/expansion/config_param_CPXPARAM_MIP_Strategy_Dive_3_iter_2.prm
[INFO]:[03:17:15] CPLEX results. Gap: 14.940000, upper bound: 2668174.000000, lower bound: 2269657.451585
[INFO]:[03:17:15] CPLEX solver finished. Gap: 14.940000
[INFO]:[03:17:17] Starting CPLEX solver on instance: /home/yorig/tuner/mpils-tests/instances/miplib/medium-2/neos-4954672-berkel.mps with config: /scratch/yorig/mpils-results-grid-ticks-10000-7may/medium-2/24proc-2pils/seed-2/2_neos-4954672-berkel_seed-2_20260510_031520/expansion/config_param_CPXPARAM_MIP_Strategy_BBInterval_4_iter_2.prm
[INFO]:[03:17:24] CPLEX results. Gap: 13.730000, upper bound: 2640453.000000, lower bound: 2277990.583891
[INFO]:[03:17:24] CPLEX solver finished. Gap: 13.730000
[INFO]:[03:17:31] Expansion Worker 10 completed expansion.
[INFO]:[03:17:31] Worker 10 completed expansion phase.
[INFO]:[03:17:31] Worker 10 received order for step 1.
[INFO]:[03:17:31] Worker 10 running exploration phase for iteration 3.
[INFO]:[03:17:31] Worker 10 at iteration 3 will not use a MIP start file. Current best MIP-start upper bound threshold is 1.79769e+308.
[INFO]:[03:17:31] Starting local search phase...
[INFO]:[03:17:31] Creating local search space from parameter space file: /scratch/yorig/mpils-results-grid-ticks-10000-7may/medium-2/24proc-2pils/seed-2/2_neos-4954672-berkel_seed-2_20260510_031520/iterated_local_search/search_space/search_space_file_3_worker_10.txt
[INFO]:[03:17:31] Local search space loaded from file: /scratch/yorig/mpils-results-grid-ticks-10000-7may/medium-2/24proc-2pils/seed-2/2_neos-4954672-berkel_seed-2_20260510_031520/iterated_local_search/search_space/search_space_file_3_worker_10.txt
[INFO]:[03:17:31] Number of parameters in local search space: 71
[INFO]:[03:17:31] Number of forbidden tuples in local search space: 53
[INFO]:[03:17:31] Number of conditionals in local search space: 6
[INFO]:[03:17:31] MIP start option not enabled. Local search will proceed without MIP start.
[INFO]:[03:17:31] Starting CPLEX solver on instance: /home/yorig/tuner/mpils-tests/instances/miplib/medium-2/neos-4954672-berkel.mps with config: /scratch/yorig/mpils-results-grid-ticks-10000-7may/medium-2/24proc-2pils/seed-2/2_neos-4954672-berkel_seed-2_20260510_031520/iterated_local_search/run_3_worker_10/ils_config_9417372628147386246.prm
[INFO]:[03:17:31] Starting CPLEX solver on instance: /home/yorig/tuner/mpils-tests/instances/miplib/medium-2/neos-4954672-berkel.mps with config: /scratch/yorig/mpils-results-grid-ticks-10000-7may/medium-2/24proc-2pils/seed-2/2_neos-4954672-berkel_seed-2_20260510_031520/iterated_local_search/run_3_worker_10/ils_config_9417372628147386246.prm
[INFO]:[03:17:38] CPLEX results. Gap: 21.680000, upper bound: 2632997.000000, lower bound: 2062097.114828
[INFO]:[03:17:38] CPLEX solver finished. Gap: 21.680000
[INFO]:[03:17:38] New incumbent found with objective value: 17.09
[INFO]:[03:17:38] Starting CPLEX solver on instance: /home/yorig/tuner/mpils-tests/instances/miplib/medium-2/neos-4954672-berkel.mps with config: /scratch/yorig/mpils-results-grid-ticks-10000-7may/medium-2/24proc-2pils/seed-2/2_neos-4954672-berkel_seed-2_20260510_031520/iterated_local_search/run_3_worker_10/ils_config_12733538362883147590.prm
[INFO]:[03:17:38] Starting CPLEX solver on instance: /home/yorig/tuner/mpils-tests/instances/miplib/medium-2/neos-4954672-berkel.mps with config: /scratch/yorig/mpils-results-grid-ticks-10000-7may/medium-2/24proc-2pils/seed-2/2_neos-4954672-berkel_seed-2_20260510_031520/iterated_local_search/run_3_worker_10/ils_config_12733538362883147590.prm
[INFO]:[03:17:45] CPLEX results. Gap: 17.090000, upper bound: 2651172.000000, lower bound: 2198005.153365
[INFO]:[03:17:45] CPLEX solver finished. Gap: 17.090000
[INFO]:[03:17:45] Starting CPLEX solver on instance: /home/yorig/tuner/mpils-tests/instances/miplib/medium-2/neos-4954672-berkel.mps with config: /scratch/yorig/mpils-results-grid-ticks-10000-7may/medium-2/24proc-2pils/seed-2/2_neos-4954672-berkel_seed-2_20260510_031520/iterated_local_search/run_3_worker_10/ils_config_4728698996098677529.prm
[INFO]:[03:17:45] Starting CPLEX solver on instance: /home/yorig/tuner/mpils-tests/instances/miplib/medium-2/neos-4954672-berkel.mps with config: /scratch/yorig/mpils-results-grid-ticks-10000-7may/medium-2/24proc-2pils/seed-2/2_neos-4954672-berkel_seed-2_20260510_031520/iterated_local_search/run_3_worker_10/ils_config_4728698996098677529.prm
[INFO]:[03:17:52] CPLEX results. Gap: 18.580000, upper bound: 2679685.000000, lower bound: 2181878.439974
[INFO]:[03:17:52] CPLEX solver finished. Gap: 18.580000
[INFO]:[03:17:52] New incumbent found with objective value: 16.05
[INFO]:[03:17:52] Local search phase completed.
[INFO]:[03:17:52] Total number of new local-search evaluations: 6
[INFO]:[03:17:52] Final incumbent objective value: 16.05
[INFO]:[03:17:54] Worker 10 completed exploration phase.
[INFO]:[03:17:54] Worker 10 received order for step 2.
[INFO]:[03:17:54] Worker 10 running expansion phase for iteration 3.
[INFO]:[03:17:54] Worker 10 will use solver log file: /scratch/yorig/mpils-results-grid-ticks-10000-7may/medium-2/24proc-2pils/seed-2/2_neos-4954672-berkel_seed-2_20260510_031520/solver/cplex.log_iteration_expansion_3_worker_10
[INFO]:[03:17:54] Expansion Worker 10 starting expansion for iteration 3.
[INFO]:[03:17:54] Starting CPLEX solver on instance: /home/yorig/tuner/mpils-tests/instances/miplib/medium-2/neos-4954672-berkel.mps with config: /scratch/yorig/mpils-results-grid-ticks-10000-7may/medium-2/24proc-2pils/seed-2/2_neos-4954672-berkel_seed-2_20260510_031520/expansion/config_param_CPXPARAM_MIP_Strategy_HeuristicFreq_-1_iter_3.prm
[INFO]:[03:18:01] CPLEX results. Gap: 16.990000, upper bound: 2707753.000000, lower bound: 2247827.110045
[INFO]:[03:18:01] CPLEX solver finished. Gap: 16.990000
[INFO]:[03:18:02] Starting CPLEX solver on instance: /home/yorig/tuner/mpils-tests/instances/miplib/medium-2/neos-4954672-berkel.mps with config: /scratch/yorig/mpils-results-grid-ticks-10000-7may/medium-2/24proc-2pils/seed-2/2_neos-4954672-berkel_seed-2_20260510_031520/expansion/config_param_CPXPARAM_Simplex_PGradient_2_iter_3.prm
[INFO]:[03:18:08] CPLEX results. Gap: 16.260000, upper bound: 2705038.000000, lower bound: 2265097.258729
[INFO]:[03:18:08] CPLEX solver finished. Gap: 16.260000
[INFO]:[03:18:10] Expansion Worker 10 completed expansion.
[INFO]:[03:18:10] Worker 10 completed expansion phase.
[INFO]:[03:18:10] Worker 10 received order for step 1.
[INFO]:[03:18:10] Worker 10 running exploration phase for iteration 4.
[INFO]:[03:18:10] Worker 10 at iteration 4 will not use a MIP start file. Current best MIP-start upper bound threshold is 1.79769e+308.
[INFO]:[03:18:10] Starting local search phase...
[INFO]:[03:18:10] Creating local search space from parameter space file: /scratch/yorig/mpils-results-grid-ticks-10000-7may/medium-2/24proc-2pils/seed-2/2_neos-4954672-berkel_seed-2_20260510_031520/iterated_local_search/search_space/search_space_file_4_worker_10.txt
[INFO]:[03:18:10] Local search space loaded from file: /scratch/yorig/mpils-results-grid-ticks-10000-7may/medium-2/24proc-2pils/seed-2/2_neos-4954672-berkel_seed-2_20260510_031520/iterated_local_search/search_space/search_space_file_4_worker_10.txt
[INFO]:[03:18:10] Number of parameters in local search space: 71
[INFO]:[03:18:10] Number of forbidden tuples in local search space: 81
[INFO]:[03:18:10] Number of conditionals in local search space: 6
[INFO]:[03:18:10] MIP start option not enabled. Local search will proceed without MIP start.
[INFO]:[03:18:10] Starting CPLEX solver on instance: /home/yorig/tuner/mpils-tests/instances/miplib/medium-2/neos-4954672-berkel.mps with config: /scratch/yorig/mpils-results-grid-ticks-10000-7may/medium-2/24proc-2pils/seed-2/2_neos-4954672-berkel_seed-2_20260510_031520/iterated_local_search/run_4_worker_10/ils_config_3250963755489184910.prm
[INFO]:[03:18:10] Starting CPLEX solver on instance: /home/yorig/tuner/mpils-tests/instances/miplib/medium-2/neos-4954672-berkel.mps with config: /scratch/yorig/mpils-results-grid-ticks-10000-7may/medium-2/24proc-2pils/seed-2/2_neos-4954672-berkel_seed-2_20260510_031520/iterated_local_search/run_4_worker_10/ils_config_3250963755489184910.prm
[INFO]:[03:18:17] CPLEX results. Gap: 41.930000, upper bound: 2656763.000000, lower bound: 1542850.898414
[INFO]:[03:18:17] CPLEX solver finished. Gap: 41.930000
[INFO]:[03:18:17] New incumbent found with objective value: 21.21
[INFO]:[03:18:17] Starting CPLEX solver on instance: /home/yorig/tuner/mpils-tests/instances/miplib/medium-2/neos-4954672-berkel.mps with config: /scratch/yorig/mpils-results-grid-ticks-10000-7may/medium-2/24proc-2pils/seed-2/2_neos-4954672-berkel_seed-2_20260510_031520/iterated_local_search/run_4_worker_10/ils_config_5926570190961918216.prm
[INFO]:[03:18:17] Starting CPLEX solver on instance: /home/yorig/tuner/mpils-tests/instances/miplib/medium-2/neos-4954672-berkel.mps with config: /scratch/yorig/mpils-results-grid-ticks-10000-7may/medium-2/24proc-2pils/seed-2/2_neos-4954672-berkel_seed-2_20260510_031520/iterated_local_search/run_4_worker_10/ils_config_5926570190961918216.prm
[INFO]:[03:18:24] CPLEX results. Gap: 21.210000, upper bound: 2695429.000000, lower bound: 2123684.382748
[INFO]:[03:18:24] CPLEX solver finished. Gap: 21.210000
[INFO]:[03:18:24] Starting CPLEX solver on instance: /home/yorig/tuner/mpils-tests/instances/miplib/medium-2/neos-4954672-berkel.mps with config: /scratch/yorig/mpils-results-grid-ticks-10000-7may/medium-2/24proc-2pils/seed-2/2_neos-4954672-berkel_seed-2_20260510_031520/iterated_local_search/run_4_worker_10/ils_config_2361645471469377541.prm
[INFO]:[03:18:24] Starting CPLEX solver on instance: /home/yorig/tuner/mpils-tests/instances/miplib/medium-2/neos-4954672-berkel.mps with config: /scratch/yorig/mpils-results-grid-ticks-10000-7may/medium-2/24proc-2pils/seed-2/2_neos-4954672-berkel_seed-2_20260510_031520/iterated_local_search/run_4_worker_10/ils_config_2361645471469377541.prm
[INFO]:[03:18:32] CPLEX results. Gap: 21.210000, upper bound: 2695429.000000, lower bound: 2123684.382748
[INFO]:[03:18:32] CPLEX solver finished. Gap: 21.210000
[INFO]:[03:18:32] Starting CPLEX solver on instance: /home/yorig/tuner/mpils-tests/instances/miplib/medium-2/neos-4954672-berkel.mps with config: /scratch/yorig/mpils-results-grid-ticks-10000-7may/medium-2/24proc-2pils/seed-2/2_neos-4954672-berkel_seed-2_20260510_031520/iterated_local_search/run_4_worker_10/ils_config_6629489125966869629.prm
[INFO]:[03:18:32] Starting CPLEX solver on instance: /home/yorig/tuner/mpils-tests/instances/miplib/medium-2/neos-4954672-berkel.mps with config: /scratch/yorig/mpils-results-grid-ticks-10000-7may/medium-2/24proc-2pils/seed-2/2_neos-4954672-berkel_seed-2_20260510_031520/iterated_local_search/run_4_worker_10/ils_config_6629489125966869629.prm
[INFO]:[03:18:39] CPLEX results. Gap: 21.340000, upper bound: 2701029.000000, lower bound: 2124706.779392
[INFO]:[03:18:39] CPLEX solver finished. Gap: 21.340000
[INFO]:[03:18:39] Starting CPLEX solver on instance: /home/yorig/tuner/mpils-tests/instances/miplib/medium-2/neos-4954672-berkel.mps with config: /scratch/yorig/mpils-results-grid-ticks-10000-7may/medium-2/24proc-2pils/seed-2/2_neos-4954672-berkel_seed-2_20260510_031520/iterated_local_search/run_4_worker_10/ils_config_5333027528070589704.prm
[INFO]:[03:18:39] Starting CPLEX solver on instance: /home/yorig/tuner/mpils-tests/instances/miplib/medium-2/neos-4954672-berkel.mps with config: /scratch/yorig/mpils-results-grid-ticks-10000-7may/medium-2/24proc-2pils/seed-2/2_neos-4954672-berkel_seed-2_20260510_031520/iterated_local_search/run_4_worker_10/ils_config_5333027528070589704.prm
[INFO]:[03:18:46] CPLEX results. Gap: 21.490000, upper bound: 2689952.000000, lower bound: 2111846.999840
[INFO]:[03:18:46] CPLEX solver finished. Gap: 21.490000
[INFO]:[03:18:46] Starting CPLEX solver on instance: /home/yorig/tuner/mpils-tests/instances/miplib/medium-2/neos-4954672-berkel.mps with config: /scratch/yorig/mpils-results-grid-ticks-10000-7may/medium-2/24proc-2pils/seed-2/2_neos-4954672-berkel_seed-2_20260510_031520/iterated_local_search/run_4_worker_10/ils_config_395929915085990003.prm
[INFO]:[03:18:46] Starting CPLEX solver on instance: /home/yorig/tuner/mpils-tests/instances/miplib/medium-2/neos-4954672-berkel.mps with config: /scratch/yorig/mpils-results-grid-ticks-10000-7may/medium-2/24proc-2pils/seed-2/2_neos-4954672-berkel_seed-2_20260510_031520/iterated_local_search/run_4_worker_10/ils_config_395929915085990003.prm
[INFO]:[03:18:53] CPLEX results. Gap: 21.210000, upper bound: 2695429.000000, lower bound: 2123684.382748
[INFO]:[03:18:53] CPLEX solver finished. Gap: 21.210000
[INFO]:[03:18:53] Starting CPLEX solver on instance: /home/yorig/tuner/mpils-tests/instances/miplib/medium-2/neos-4954672-berkel.mps with config: /scratch/yorig/mpils-results-grid-ticks-10000-7may/medium-2/24proc-2pils/seed-2/2_neos-4954672-berkel_seed-2_20260510_031520/iterated_local_search/run_4_worker_10/ils_config_7309899694638023335.prm
[INFO]:[03:18:53] Starting CPLEX solver on instance: /home/yorig/tuner/mpils-tests/instances/miplib/medium-2/neos-4954672-berkel.mps with config: /scratch/yorig/mpils-results-grid-ticks-10000-7may/medium-2/24proc-2pils/seed-2/2_neos-4954672-berkel_seed-2_20260510_031520/iterated_local_search/run_4_worker_10/ils_config_7309899694638023335.prm
[INFO]:[03:19:00] CPLEX results. Gap: 29.740000, upper bound: 2719313.000000, lower bound: 1910684.717952
[INFO]:[03:19:00] CPLEX solver finished. Gap: 29.740000
[INFO]:[03:19:00] Local search phase completed.
[INFO]:[03:19:00] Total number of new local-search evaluations: 14
[INFO]:[03:19:00] Final incumbent objective value: 21.21
[INFO]:[03:19:05] Worker 10 completed exploration phase.
[INFO]:[03:19:05] Worker 10 received order for step 2.
[INFO]:[03:19:05] Worker 10 running expansion phase for iteration 4.
[INFO]:[03:19:05] Worker 10 will use solver log file: /scratch/yorig/mpils-results-grid-ticks-10000-7may/medium-2/24proc-2pils/seed-2/2_neos-4954672-berkel_seed-2_20260510_031520/solver/cplex.log_iteration_expansion_4_worker_10
[INFO]:[03:19:05] Expansion Worker 10 starting expansion for iteration 4.
[INFO]:[03:19:05] Starting CPLEX solver on instance: /home/yorig/tuner/mpils-tests/instances/miplib/medium-2/neos-4954672-berkel.mps with config: /scratch/yorig/mpils-results-grid-ticks-10000-7may/medium-2/24proc-2pils/seed-2/2_neos-4954672-berkel_seed-2_20260510_031520/expansion/config_param_CPXPARAM_Barrier_Crossover_2_iter_4.prm
[INFO]:[03:19:12] CPLEX results. Gap: 13.730000, upper bound: 2640453.000000, lower bound: 2277990.583891
[INFO]:[03:19:12] CPLEX solver finished. Gap: 13.730000
[INFO]:[03:19:19] Expansion Worker 10 completed expansion.
[INFO]:[03:19:19] Worker 10 completed expansion phase.
[INFO]:[03:19:20] Worker 10 received order for step 1.
[INFO]:[03:19:20] Worker 10 running exploration phase for iteration 5.
[INFO]:[03:19:20] Worker 10 at iteration 5 will not use a MIP start file. Current best MIP-start upper bound threshold is 1.79769e+308.
[INFO]:[03:19:20] Starting local search phase...
[INFO]:[03:19:20] Creating local search space from parameter space file: /scratch/yorig/mpils-results-grid-ticks-10000-7may/medium-2/24proc-2pils/seed-2/2_neos-4954672-berkel_seed-2_20260510_031520/iterated_local_search/search_space/search_space_file_5_worker_10.txt
[INFO]:[03:19:20] Local search space loaded from file: /scratch/yorig/mpils-results-grid-ticks-10000-7may/medium-2/24proc-2pils/seed-2/2_neos-4954672-berkel_seed-2_20260510_031520/iterated_local_search/search_space/search_space_file_5_worker_10.txt
[INFO]:[03:19:20] Number of parameters in local search space: 71
[INFO]:[03:19:20] Number of forbidden tuples in local search space: 109
[INFO]:[03:19:20] Number of conditionals in local search space: 6
[INFO]:[03:19:20] MIP start option not enabled. Local search will proceed without MIP start.
[INFO]:[03:19:20] Starting CPLEX solver on instance: /home/yorig/tuner/mpils-tests/instances/miplib/medium-2/neos-4954672-berkel.mps with config: /scratch/yorig/mpils-results-grid-ticks-10000-7may/medium-2/24proc-2pils/seed-2/2_neos-4954672-berkel_seed-2_20260510_031520/iterated_local_search/run_5_worker_10/ils_config_7237775807700212133.prm
[INFO]:[03:19:20] Starting CPLEX solver on instance: /home/yorig/tuner/mpils-tests/instances/miplib/medium-2/neos-4954672-berkel.mps with config: /scratch/yorig/mpils-results-grid-ticks-10000-7may/medium-2/24proc-2pils/seed-2/2_neos-4954672-berkel_seed-2_20260510_031520/iterated_local_search/run_5_worker_10/ils_config_7237775807700212133.prm
[INFO]:[03:19:27] CPLEX results. Gap: 22.070000, upper bound: 2666055.000000, lower bound: 2077650.977765
[INFO]:[03:19:27] CPLEX solver finished. Gap: 22.070000
[INFO]:[03:19:27] Starting CPLEX solver on instance: /home/yorig/tuner/mpils-tests/instances/miplib/medium-2/neos-4954672-berkel.mps with config: /scratch/yorig/mpils-results-grid-ticks-10000-7may/medium-2/24proc-2pils/seed-2/2_neos-4954672-berkel_seed-2_20260510_031520/iterated_local_search/run_5_worker_10/ils_config_8413184180218504465.prm
[INFO]:[03:19:27] Starting CPLEX solver on instance: /home/yorig/tuner/mpils-tests/instances/miplib/medium-2/neos-4954672-berkel.mps with config: /scratch/yorig/mpils-results-grid-ticks-10000-7may/medium-2/24proc-2pils/seed-2/2_neos-4954672-berkel_seed-2_20260510_031520/iterated_local_search/run_5_worker_10/ils_config_8413184180218504465.prm
[INFO]:[03:19:35] CPLEX results. Gap: 21.440000, upper bound: 2628510.000000, lower bound: 2064872.390165
[INFO]:[03:19:35] CPLEX solver finished. Gap: 21.440000
[INFO]:[03:19:35] New incumbent found with objective value: 21.44
[INFO]:[03:19:35] Starting CPLEX solver on instance: /home/yorig/tuner/mpils-tests/instances/miplib/medium-2/neos-4954672-berkel.mps with config: /scratch/yorig/mpils-results-grid-ticks-10000-7may/medium-2/24proc-2pils/seed-2/2_neos-4954672-berkel_seed-2_20260510_031520/iterated_local_search/run_5_worker_10/ils_config_18425789758192121365.prm
[INFO]:[03:19:35] Starting CPLEX solver on instance: /home/yorig/tuner/mpils-tests/instances/miplib/medium-2/neos-4954672-berkel.mps with config: /scratch/yorig/mpils-results-grid-ticks-10000-7may/medium-2/24proc-2pils/seed-2/2_neos-4954672-berkel_seed-2_20260510_031520/iterated_local_search/run_5_worker_10/ils_config_18425789758192121365.prm
[INFO]:[03:19:43] CPLEX results. Gap: 22.210000, upper bound: 2635042.999995, lower bound: 2049786.764172
[INFO]:[03:19:43] CPLEX solver finished. Gap: 22.210000
[INFO]:[03:19:43] New incumbent found with objective value: 19.77
[INFO]:[03:19:43] Starting CPLEX solver on instance: /home/yorig/tuner/mpils-tests/instances/miplib/medium-2/neos-4954672-berkel.mps with config: /scratch/yorig/mpils-results-grid-ticks-10000-7may/medium-2/24proc-2pils/seed-2/2_neos-4954672-berkel_seed-2_20260510_031520/iterated_local_search/run_5_worker_10/ils_config_15190448824550111392.prm
[INFO]:[03:19:43] Starting CPLEX solver on instance: /home/yorig/tuner/mpils-tests/instances/miplib/medium-2/neos-4954672-berkel.mps with config: /scratch/yorig/mpils-results-grid-ticks-10000-7may/medium-2/24proc-2pils/seed-2/2_neos-4954672-berkel_seed-2_20260510_031520/iterated_local_search/run_5_worker_10/ils_config_15190448824550111392.prm
[INFO]:[03:19:50] CPLEX results. Gap: 21.140000, upper bound: 2632510.000000, lower bound: 2076060.720756
[INFO]:[03:19:50] CPLEX solver finished. Gap: 21.140000
[INFO]:[03:19:50] Starting CPLEX solver on instance: /home/yorig/tuner/mpils-tests/instances/miplib/medium-2/neos-4954672-berkel.mps with config: /scratch/yorig/mpils-results-grid-ticks-10000-7may/medium-2/24proc-2pils/seed-2/2_neos-4954672-berkel_seed-2_20260510_031520/iterated_local_search/run_5_worker_10/ils_config_14770171603240956022.prm
[INFO]:[03:19:50] Starting CPLEX solver on instance: /home/yorig/tuner/mpils-tests/instances/miplib/medium-2/neos-4954672-berkel.mps with config: /scratch/yorig/mpils-results-grid-ticks-10000-7may/medium-2/24proc-2pils/seed-2/2_neos-4954672-berkel_seed-2_20260510_031520/iterated_local_search/run_5_worker_10/ils_config_14770171603240956022.prm
[INFO]:[03:19:58] CPLEX results. Gap: 20.180000, upper bound: 2625156.000000, lower bound: 2095425.483204
[INFO]:[03:19:58] CPLEX solver finished. Gap: 20.180000
[INFO]:[03:19:58] Starting CPLEX solver on instance: /home/yorig/tuner/mpils-tests/instances/miplib/medium-2/neos-4954672-berkel.mps with config: /scratch/yorig/mpils-results-grid-ticks-10000-7may/medium-2/24proc-2pils/seed-2/2_neos-4954672-berkel_seed-2_20260510_031520/iterated_local_search/run_5_worker_10/ils_config_14803580553947700233.prm
[INFO]:[03:19:58] Starting CPLEX solver on instance: /home/yorig/tuner/mpils-tests/instances/miplib/medium-2/neos-4954672-berkel.mps with config: /scratch/yorig/mpils-results-grid-ticks-10000-7may/medium-2/24proc-2pils/seed-2/2_neos-4954672-berkel_seed-2_20260510_031520/iterated_local_search/run_5_worker_10/ils_config_14803580553947700233.prm
[INFO]:[03:20:05] CPLEX results. Gap: 19.520000, upper bound: 2625156.000000, lower bound: 2112653.332158
[INFO]:[03:20:05] CPLEX solver finished. Gap: 19.520000
[INFO]:[03:20:06] New incumbent found with objective value: 19.52
[INFO]:[03:20:06] Starting CPLEX solver on instance: /home/yorig/tuner/mpils-tests/instances/miplib/medium-2/neos-4954672-berkel.mps with config: /scratch/yorig/mpils-results-grid-ticks-10000-7may/medium-2/24proc-2pils/seed-2/2_neos-4954672-berkel_seed-2_20260510_031520/iterated_local_search/run_5_worker_10/ils_config_6445097126081413268.prm
[INFO]:[03:20:06] Starting CPLEX solver on instance: /home/yorig/tuner/mpils-tests/instances/miplib/medium-2/neos-4954672-berkel.mps with config: /scratch/yorig/mpils-results-grid-ticks-10000-7may/medium-2/24proc-2pils/seed-2/2_neos-4954672-berkel_seed-2_20260510_031520/iterated_local_search/run_5_worker_10/ils_config_6445097126081413268.prm
[INFO]:[03:20:13] CPLEX results. Gap: 19.520000, upper bound: 2625156.000000, lower bound: 2112653.332158
[INFO]:[03:20:13] CPLEX solver finished. Gap: 19.520000
[INFO]:[03:20:14] Starting CPLEX solver on instance: /home/yorig/tuner/mpils-tests/instances/miplib/medium-2/neos-4954672-berkel.mps with config: /scratch/yorig/mpils-results-grid-ticks-10000-7may/medium-2/24proc-2pils/seed-2/2_neos-4954672-berkel_seed-2_20260510_031520/iterated_local_search/run_5_worker_10/ils_config_12271937963579493934.prm
[INFO]:[03:20:14] Starting CPLEX solver on instance: /home/yorig/tuner/mpils-tests/instances/miplib/medium-2/neos-4954672-berkel.mps with config: /scratch/yorig/mpils-results-grid-ticks-10000-7may/medium-2/24proc-2pils/seed-2/2_neos-4954672-berkel_seed-2_20260510_031520/iterated_local_search/run_5_worker_10/ils_config_12271937963579493934.prm
[INFO]:[03:20:21] CPLEX results. Gap: 20.480000, upper bound: 2625156.000000, lower bound: 2087452.208811
[INFO]:[03:20:21] CPLEX solver finished. Gap: 20.480000
[INFO]:[03:20:21] Starting CPLEX solver on instance: /home/yorig/tuner/mpils-tests/instances/miplib/medium-2/neos-4954672-berkel.mps with config: /scratch/yorig/mpils-results-grid-ticks-10000-7may/medium-2/24proc-2pils/seed-2/2_neos-4954672-berkel_seed-2_20260510_031520/iterated_local_search/run_5_worker_10/ils_config_12493947423860331334.prm
[INFO]:[03:20:21] Starting CPLEX solver on instance: /home/yorig/tuner/mpils-tests/instances/miplib/medium-2/neos-4954672-berkel.mps with config: /scratch/yorig/mpils-results-grid-ticks-10000-7may/medium-2/24proc-2pils/seed-2/2_neos-4954672-berkel_seed-2_20260510_031520/iterated_local_search/run_5_worker_10/ils_config_12493947423860331334.prm
[INFO]:[03:20:29] CPLEX results. Gap: 21.030000, upper bound: 2625155.999994, lower bound: 2072980.911233
[INFO]:[03:20:29] CPLEX solver finished. Gap: 21.030000
[INFO]:[03:20:29] Starting CPLEX solver on instance: /home/yorig/tuner/mpils-tests/instances/miplib/medium-2/neos-4954672-berkel.mps with config: /scratch/yorig/mpils-results-grid-ticks-10000-7may/medium-2/24proc-2pils/seed-2/2_neos-4954672-berkel_seed-2_20260510_031520/iterated_local_search/run_5_worker_10/ils_config_17819820236679545619.prm
[INFO]:[03:20:29] Starting CPLEX solver on instance: /home/yorig/tuner/mpils-tests/instances/miplib/medium-2/neos-4954672-berkel.mps with config: /scratch/yorig/mpils-results-grid-ticks-10000-7may/medium-2/24proc-2pils/seed-2/2_neos-4954672-berkel_seed-2_20260510_031520/iterated_local_search/run_5_worker_10/ils_config_17819820236679545619.prm
[INFO]:[03:20:36] CPLEX results. Gap: 19.520000, upper bound: 2625156.000000, lower bound: 2112653.332158
[INFO]:[03:20:36] CPLEX solver finished. Gap: 19.520000
[INFO]:[03:20:36] Starting CPLEX solver on instance: /home/yorig/tuner/mpils-tests/instances/miplib/medium-2/neos-4954672-berkel.mps with config: /scratch/yorig/mpils-results-grid-ticks-10000-7may/medium-2/24proc-2pils/seed-2/2_neos-4954672-berkel_seed-2_20260510_031520/iterated_local_search/run_5_worker_10/ils_config_1479619682211293824.prm
[INFO]:[03:20:36] Starting CPLEX solver on instance: /home/yorig/tuner/mpils-tests/instances/miplib/medium-2/neos-4954672-berkel.mps with config: /scratch/yorig/mpils-results-grid-ticks-10000-7may/medium-2/24proc-2pils/seed-2/2_neos-4954672-berkel_seed-2_20260510_031520/iterated_local_search/run_5_worker_10/ils_config_1479619682211293824.prm
[INFO]:[03:20:44] CPLEX results. Gap: 19.520000, upper bound: 2625156.000000, lower bound: 2112653.332158
[INFO]:[03:20:44] CPLEX solver finished. Gap: 19.520000
[INFO]:[03:20:44] Starting CPLEX solver on instance: /home/yorig/tuner/mpils-tests/instances/miplib/medium-2/neos-4954672-berkel.mps with config: /scratch/yorig/mpils-results-grid-ticks-10000-7may/medium-2/24proc-2pils/seed-2/2_neos-4954672-berkel_seed-2_20260510_031520/iterated_local_search/run_5_worker_10/ils_config_429950732684486819.prm
[INFO]:[03:20:44] Starting CPLEX solver on instance: /home/yorig/tuner/mpils-tests/instances/miplib/medium-2/neos-4954672-berkel.mps with config: /scratch/yorig/mpils-results-grid-ticks-10000-7may/medium-2/24proc-2pils/seed-2/2_neos-4954672-berkel_seed-2_20260510_031520/iterated_local_search/run_5_worker_10/ils_config_429950732684486819.prm
[INFO]:[03:20:52] CPLEX results. Gap: 22.100000, upper bound: 2623579.000000, lower bound: 2043827.762978
[INFO]:[03:20:52] CPLEX solver finished. Gap: 22.100000
[INFO]:[03:20:52] Starting CPLEX solver on instance: /home/yorig/tuner/mpils-tests/instances/miplib/medium-2/neos-4954672-berkel.mps with config: /scratch/yorig/mpils-results-grid-ticks-10000-7may/medium-2/24proc-2pils/seed-2/2_neos-4954672-berkel_seed-2_20260510_031520/iterated_local_search/run_5_worker_10/ils_config_5860713124223598838.prm
[INFO]:[03:20:52] Starting CPLEX solver on instance: /home/yorig/tuner/mpils-tests/instances/miplib/medium-2/neos-4954672-berkel.mps with config: /scratch/yorig/mpils-results-grid-ticks-10000-7may/medium-2/24proc-2pils/seed-2/2_neos-4954672-berkel_seed-2_20260510_031520/iterated_local_search/run_5_worker_10/ils_config_5860713124223598838.prm
[INFO]:[03:20:59] CPLEX results. Gap: 20.620000, upper bound: 2625156.000000, lower bound: 2083947.356333
[INFO]:[03:20:59] CPLEX solver finished. Gap: 20.620000
[INFO]:[03:20:59] Starting CPLEX solver on instance: /home/yorig/tuner/mpils-tests/instances/miplib/medium-2/neos-4954672-berkel.mps with config: /scratch/yorig/mpils-results-grid-ticks-10000-7may/medium-2/24proc-2pils/seed-2/2_neos-4954672-berkel_seed-2_20260510_031520/iterated_local_search/run_5_worker_10/ils_config_13307311464467441941.prm
[INFO]:[03:20:59] Starting CPLEX solver on instance: /home/yorig/tuner/mpils-tests/instances/miplib/medium-2/neos-4954672-berkel.mps with config: /scratch/yorig/mpils-results-grid-ticks-10000-7may/medium-2/24proc-2pils/seed-2/2_neos-4954672-berkel_seed-2_20260510_031520/iterated_local_search/run_5_worker_10/ils_config_13307311464467441941.prm
[INFO]:[03:21:06] CPLEX results. Gap: 20.380000, upper bound: 2625155.999985, lower bound: 2090077.393032
[INFO]:[03:21:06] CPLEX solver finished. Gap: 20.380000
[INFO]:[03:21:06] Local search phase completed.
[INFO]:[03:21:06] Total number of new local-search evaluations: 28
[INFO]:[03:21:06] Final incumbent objective value: 19.52
[INFO]:[03:21:09] Worker 10 completed exploration phase.
[INFO]:[03:21:09] Worker 10 received order for step 2.
[INFO]:[03:21:09] Worker 10 running expansion phase for iteration 5.
[INFO]:[03:21:09] Worker 10 will use solver log file: /scratch/yorig/mpils-results-grid-ticks-10000-7may/medium-2/24proc-2pils/seed-2/2_neos-4954672-berkel_seed-2_20260510_031520/solver/cplex.log_iteration_expansion_5_worker_10
[INFO]:[03:21:09] Expansion Worker 10 starting expansion for iteration 5.
[INFO]:[03:21:09] Starting CPLEX solver on instance: /home/yorig/tuner/mpils-tests/instances/miplib/medium-2/neos-4954672-berkel.mps with config: /scratch/yorig/mpils-results-grid-ticks-10000-7may/medium-2/24proc-2pils/seed-2/2_neos-4954672-berkel_seed-2_20260510_031520/expansion/config_param_CPXPARAM_MIP_Strategy_File_2_iter_5.prm
[INFO]:[03:21:16] CPLEX results. Gap: 13.730000, upper bound: 2640453.000000, lower bound: 2277990.583891
[INFO]:[03:21:16] CPLEX solver finished. Gap: 13.730000
[INFO]:[03:21:16] Expansion Worker 10 stopping early after global MPI expansion stop was activated.
[INFO]:[03:21:16] Expansion Worker 10 completed expansion.
[INFO]:[03:21:16] Worker 10 completed expansion phase.
[INFO]:[03:21:17] Worker 10 received order for step 1.
[INFO]:[03:21:17] Worker 10 running exploration phase for iteration 6.
[INFO]:[03:21:17] Worker 10 at iteration 6 will not use a MIP start file. Current best MIP-start upper bound threshold is 1.79769e+308.
[INFO]:[03:21:17] Starting local search phase...
[INFO]:[03:21:17] Creating local search space from parameter space file: /scratch/yorig/mpils-results-grid-ticks-10000-7may/medium-2/24proc-2pils/seed-2/2_neos-4954672-berkel_seed-2_20260510_031520/iterated_local_search/search_space/search_space_file_6_worker_10.txt
[INFO]:[03:21:17] Local search space loaded from file: /scratch/yorig/mpils-results-grid-ticks-10000-7may/medium-2/24proc-2pils/seed-2/2_neos-4954672-berkel_seed-2_20260510_031520/iterated_local_search/search_space/search_space_file_6_worker_10.txt
[INFO]:[03:21:17] Number of parameters in local search space: 71
[INFO]:[03:21:17] Number of forbidden tuples in local search space: 137
[INFO]:[03:21:17] Number of conditionals in local search space: 6
[INFO]:[03:21:17] MIP start option not enabled. Local search will proceed without MIP start.
[INFO]:[03:21:17] Starting CPLEX solver on instance: /home/yorig/tuner/mpils-tests/instances/miplib/medium-2/neos-4954672-berkel.mps with config: /scratch/yorig/mpils-results-grid-ticks-10000-7may/medium-2/24proc-2pils/seed-2/2_neos-4954672-berkel_seed-2_20260510_031520/iterated_local_search/run_6_worker_10/ils_config_5234240028518296361.prm
[INFO]:[03:21:17] Starting CPLEX solver on instance: /home/yorig/tuner/mpils-tests/instances/miplib/medium-2/neos-4954672-berkel.mps with config: /scratch/yorig/mpils-results-grid-ticks-10000-7may/medium-2/24proc-2pils/seed-2/2_neos-4954672-berkel_seed-2_20260510_031520/iterated_local_search/run_6_worker_10/ils_config_5234240028518296361.prm
[INFO]:[03:21:22] CPLEX results. Gap: 31.730000, upper bound: 2938245.000000, lower bound: 2005898.147404
[INFO]:[03:21:22] CPLEX solver finished. Gap: 31.730000
[INFO]:[03:21:24] Starting CPLEX solver on instance: /home/yorig/tuner/mpils-tests/instances/miplib/medium-2/neos-4954672-berkel.mps with config: /scratch/yorig/mpils-results-grid-ticks-10000-7may/medium-2/24proc-2pils/seed-2/2_neos-4954672-berkel_seed-2_20260510_031520/iterated_local_search/run_6_worker_10/ils_config_16858679054477650298.prm
[INFO]:[03:21:24] Starting CPLEX solver on instance: /home/yorig/tuner/mpils-tests/instances/miplib/medium-2/neos-4954672-berkel.mps with config: /scratch/yorig/mpils-results-grid-ticks-10000-7may/medium-2/24proc-2pils/seed-2/2_neos-4954672-berkel_seed-2_20260510_031520/iterated_local_search/run_6_worker_10/ils_config_16858679054477650298.prm
[INFO]:[03:21:29] CPLEX results. Gap: 34.860000, upper bound: 2967262.000000, lower bound: 1932766.188539
[INFO]:[03:21:29] CPLEX solver finished. Gap: 34.860000
[INFO]:[03:21:30] Starting CPLEX solver on instance: /home/yorig/tuner/mpils-tests/instances/miplib/medium-2/neos-4954672-berkel.mps with config: /scratch/yorig/mpils-results-grid-ticks-10000-7may/medium-2/24proc-2pils/seed-2/2_neos-4954672-berkel_seed-2_20260510_031520/iterated_local_search/run_6_worker_10/ils_config_10501452610551866976.prm
[INFO]:[03:21:30] Starting CPLEX solver on instance: /home/yorig/tuner/mpils-tests/instances/miplib/medium-2/neos-4954672-berkel.mps with config: /scratch/yorig/mpils-results-grid-ticks-10000-7may/medium-2/24proc-2pils/seed-2/2_neos-4954672-berkel_seed-2_20260510_031520/iterated_local_search/run_6_worker_10/ils_config_10501452610551866976.prm
[INFO]:[03:21:35] CPLEX results. Gap: 31.730000, upper bound: 2938245.000000, lower bound: 2005898.147404
[INFO]:[03:21:35] CPLEX solver finished. Gap: 31.730000
[INFO]:[03:21:35] Starting CPLEX solver on instance: /home/yorig/tuner/mpils-tests/instances/miplib/medium-2/neos-4954672-berkel.mps with config: /scratch/yorig/mpils-results-grid-ticks-10000-7may/medium-2/24proc-2pils/seed-2/2_neos-4954672-berkel_seed-2_20260510_031520/iterated_local_search/run_6_worker_10/ils_config_16779509262089140999.prm
[INFO]:[03:21:35] Starting CPLEX solver on instance: /home/yorig/tuner/mpils-tests/instances/miplib/medium-2/neos-4954672-berkel.mps with config: /scratch/yorig/mpils-results-grid-ticks-10000-7may/medium-2/24proc-2pils/seed-2/2_neos-4954672-berkel_seed-2_20260510_031520/iterated_local_search/run_6_worker_10/ils_config_16779509262089140999.prm
[INFO]:[03:21:41] CPLEX results. Gap: 32.700000, upper bound: 2927042.000000, lower bound: 1969812.627658
[INFO]:[03:21:41] CPLEX solver finished. Gap: 32.700000
[INFO]:[03:21:41] Starting CPLEX solver on instance: /home/yorig/tuner/mpils-tests/instances/miplib/medium-2/neos-4954672-berkel.mps with config: /scratch/yorig/mpils-results-grid-ticks-10000-7may/medium-2/24proc-2pils/seed-2/2_neos-4954672-berkel_seed-2_20260510_031520/iterated_local_search/run_6_worker_10/ils_config_18366680143417548831.prm
[INFO]:[03:21:41] Starting CPLEX solver on instance: /home/yorig/tuner/mpils-tests/instances/miplib/medium-2/neos-4954672-berkel.mps with config: /scratch/yorig/mpils-results-grid-ticks-10000-7may/medium-2/24proc-2pils/seed-2/2_neos-4954672-berkel_seed-2_20260510_031520/iterated_local_search/run_6_worker_10/ils_config_18366680143417548831.prm
[INFO]:[03:21:47] CPLEX results. Gap: 31.730000, upper bound: 2938245.000000, lower bound: 2005898.147404
[INFO]:[03:21:47] CPLEX solver finished. Gap: 31.730000
[INFO]:[03:21:47] Starting CPLEX solver on instance: /home/yorig/tuner/mpils-tests/instances/miplib/medium-2/neos-4954672-berkel.mps with config: /scratch/yorig/mpils-results-grid-ticks-10000-7may/medium-2/24proc-2pils/seed-2/2_neos-4954672-berkel_seed-2_20260510_031520/iterated_local_search/run_6_worker_10/ils_config_5643676164975980773.prm
[INFO]:[03:21:47] Starting CPLEX solver on instance: /home/yorig/tuner/mpils-tests/instances/miplib/medium-2/neos-4954672-berkel.mps with config: /scratch/yorig/mpils-results-grid-ticks-10000-7may/medium-2/24proc-2pils/seed-2/2_neos-4954672-berkel_seed-2_20260510_031520/iterated_local_search/run_6_worker_10/ils_config_5643676164975980773.prm
[INFO]:[03:21:53] CPLEX results. Gap: 31.730000, upper bound: 2938245.000000, lower bound: 2005898.147404
[INFO]:[03:21:53] CPLEX solver finished. Gap: 31.730000
[INFO]:[03:21:53] Starting CPLEX solver on instance: /home/yorig/tuner/mpils-tests/instances/miplib/medium-2/neos-4954672-berkel.mps with config: /scratch/yorig/mpils-results-grid-ticks-10000-7may/medium-2/24proc-2pils/seed-2/2_neos-4954672-berkel_seed-2_20260510_031520/iterated_local_search/run_6_worker_10/ils_config_7005754917039198462.prm
[INFO]:[03:21:53] Starting CPLEX solver on instance: /home/yorig/tuner/mpils-tests/instances/miplib/medium-2/neos-4954672-berkel.mps with config: /scratch/yorig/mpils-results-grid-ticks-10000-7may/medium-2/24proc-2pils/seed-2/2_neos-4954672-berkel_seed-2_20260510_031520/iterated_local_search/run_6_worker_10/ils_config_7005754917039198462.prm
[INFO]:[03:21:59] CPLEX results. Gap: 31.730000, upper bound: 2938245.000000, lower bound: 2005898.147404
[INFO]:[03:21:59] CPLEX solver finished. Gap: 31.730000
[INFO]:[03:21:59] New incumbent found with objective value: 31.1
[INFO]:[03:21:59] Starting CPLEX solver on instance: /home/yorig/tuner/mpils-tests/instances/miplib/medium-2/neos-4954672-berkel.mps with config: /scratch/yorig/mpils-results-grid-ticks-10000-7may/medium-2/24proc-2pils/seed-2/2_neos-4954672-berkel_seed-2_20260510_031520/iterated_local_search/run_6_worker_10/ils_config_2226650070404763280.prm
[INFO]:[03:21:59] Starting CPLEX solver on instance: /home/yorig/tuner/mpils-tests/instances/miplib/medium-2/neos-4954672-berkel.mps with config: /scratch/yorig/mpils-results-grid-ticks-10000-7may/medium-2/24proc-2pils/seed-2/2_neos-4954672-berkel_seed-2_20260510_031520/iterated_local_search/run_6_worker_10/ils_config_2226650070404763280.prm
[INFO]:[03:22:05] CPLEX results. Gap: 35.510000, upper bound: 2970048.000000, lower bound: 1915293.129988
[INFO]:[03:22:05] CPLEX solver finished. Gap: 35.510000
[INFO]:[03:22:05] Starting CPLEX solver on instance: /home/yorig/tuner/mpils-tests/instances/miplib/medium-2/neos-4954672-berkel.mps with config: /scratch/yorig/mpils-results-grid-ticks-10000-7may/medium-2/24proc-2pils/seed-2/2_neos-4954672-berkel_seed-2_20260510_031520/iterated_local_search/run_6_worker_10/ils_config_415715873529518049.prm
[INFO]:[03:22:05] Starting CPLEX solver on instance: /home/yorig/tuner/mpils-tests/instances/miplib/medium-2/neos-4954672-berkel.mps with config: /scratch/yorig/mpils-results-grid-ticks-10000-7may/medium-2/24proc-2pils/seed-2/2_neos-4954672-berkel_seed-2_20260510_031520/iterated_local_search/run_6_worker_10/ils_config_415715873529518049.prm
[INFO]:[03:22:20] CPLEX results. Gap: 37.600000, upper bound: 3108562.000000, lower bound: 1939608.950492
[INFO]:[03:22:20] CPLEX solver finished. Gap: 37.600000
[INFO]:[03:22:20] Local search phase completed.
[INFO]:[03:22:20] Total number of new local-search evaluations: 18
[INFO]:[03:22:20] Final incumbent objective value: 31.1
[INFO]:[03:22:30] Worker 10 completed exploration phase.
[INFO]:[03:22:30] Worker 10 received order for step 2.
[INFO]:[03:22:30] Worker 10 running expansion phase for iteration 6.
[INFO]:[03:22:30] Worker 10 will use solver log file: /scratch/yorig/mpils-results-grid-ticks-10000-7may/medium-2/24proc-2pils/seed-2/2_neos-4954672-berkel_seed-2_20260510_031520/solver/cplex.log_iteration_expansion_6_worker_10
[INFO]:[03:22:30] Expansion Worker 10 starting expansion for iteration 6.
[INFO]:[03:22:30] Starting CPLEX solver on instance: /home/yorig/tuner/mpils-tests/instances/miplib/medium-2/neos-4954672-berkel.mps with config: /scratch/yorig/mpils-results-grid-ticks-10000-7may/medium-2/24proc-2pils/seed-2/2_neos-4954672-berkel_seed-2_20260510_031520/expansion/config_param_CPXPARAM_Preprocessing_Reduce_1_iter_6.prm
[INFO]:[03:22:38] CPLEX results. Gap: 20.040000, upper bound: 2659026.999982, lower bound: 2126224.491695
[INFO]:[03:22:38] CPLEX solver finished. Gap: 20.040000
[INFO]:[03:22:44] Expansion Worker 10 completed expansion.
[INFO]:[03:22:44] Worker 10 completed expansion phase.
[INFO]:[03:22:45] Worker 10 received order for step 1.
[INFO]:[03:22:45] Worker 10 running exploration phase for iteration 7.
[INFO]:[03:22:45] Worker 10 at iteration 7 will not use a MIP start file. Current best MIP-start upper bound threshold is 1.79769e+308.
[INFO]:[03:22:45] Starting local search phase...
[INFO]:[03:22:45] Creating local search space from parameter space file: /scratch/yorig/mpils-results-grid-ticks-10000-7may/medium-2/24proc-2pils/seed-2/2_neos-4954672-berkel_seed-2_20260510_031520/iterated_local_search/search_space/search_space_file_7_worker_10.txt
[INFO]:[03:22:45] Local search space loaded from file: /scratch/yorig/mpils-results-grid-ticks-10000-7may/medium-2/24proc-2pils/seed-2/2_neos-4954672-berkel_seed-2_20260510_031520/iterated_local_search/search_space/search_space_file_7_worker_10.txt
[INFO]:[03:22:45] Number of parameters in local search space: 71
[INFO]:[03:22:45] Number of forbidden tuples in local search space: 166
[INFO]:[03:22:45] Number of conditionals in local search space: 6
[INFO]:[03:22:45] MIP start option not enabled. Local search will proceed without MIP start.
[INFO]:[03:22:45] Starting CPLEX solver on instance: /home/yorig/tuner/mpils-tests/instances/miplib/medium-2/neos-4954672-berkel.mps with config: /scratch/yorig/mpils-results-grid-ticks-10000-7may/medium-2/24proc-2pils/seed-2/2_neos-4954672-berkel_seed-2_20260510_031520/iterated_local_search/run_7_worker_10/ils_config_8503874471894532351.prm
[INFO]:[03:22:45] Starting CPLEX solver on instance: /home/yorig/tuner/mpils-tests/instances/miplib/medium-2/neos-4954672-berkel.mps with config: /scratch/yorig/mpils-results-grid-ticks-10000-7may/medium-2/24proc-2pils/seed-2/2_neos-4954672-berkel_seed-2_20260510_031520/iterated_local_search/run_7_worker_10/ils_config_8503874471894532351.prm
[INFO]:[03:22:53] CPLEX results. Gap: 25.000000, upper bound: 2640562.000000, lower bound: 1980490.076066
[INFO]:[03:22:53] CPLEX solver finished. Gap: 25.000000
[INFO]:[03:22:53] New incumbent found with objective value: 20.45
[INFO]:[03:22:53] Starting CPLEX solver on instance: /home/yorig/tuner/mpils-tests/instances/miplib/medium-2/neos-4954672-berkel.mps with config: /scratch/yorig/mpils-results-grid-ticks-10000-7may/medium-2/24proc-2pils/seed-2/2_neos-4954672-berkel_seed-2_20260510_031520/iterated_local_search/run_7_worker_10/ils_config_16066990115444426955.prm
[INFO]:[03:22:53] Starting CPLEX solver on instance: /home/yorig/tuner/mpils-tests/instances/miplib/medium-2/neos-4954672-berkel.mps with config: /scratch/yorig/mpils-results-grid-ticks-10000-7may/medium-2/24proc-2pils/seed-2/2_neos-4954672-berkel_seed-2_20260510_031520/iterated_local_search/run_7_worker_10/ils_config_16066990115444426955.prm
[INFO]:[03:23:00] CPLEX results. Gap: 20.450000, upper bound: 2665533.999980, lower bound: 2120483.004394
[INFO]:[03:23:00] CPLEX solver finished. Gap: 20.450000
[INFO]:[03:23:00] Starting CPLEX solver on instance: /home/yorig/tuner/mpils-tests/instances/miplib/medium-2/neos-4954672-berkel.mps with config: /scratch/yorig/mpils-results-grid-ticks-10000-7may/medium-2/24proc-2pils/seed-2/2_neos-4954672-berkel_seed-2_20260510_031520/iterated_local_search/run_7_worker_10/ils_config_18381172565447951000.prm
[INFO]:[03:23:00] Starting CPLEX solver on instance: /home/yorig/tuner/mpils-tests/instances/miplib/medium-2/neos-4954672-berkel.mps with config: /scratch/yorig/mpils-results-grid-ticks-10000-7may/medium-2/24proc-2pils/seed-2/2_neos-4954672-berkel_seed-2_20260510_031520/iterated_local_search/run_7_worker_10/ils_config_18381172565447951000.prm
[INFO]:[03:23:06] CPLEX results. Gap: 28.190000, upper bound: 2711278.999986, lower bound: 1947008.768200
[INFO]:[03:23:06] CPLEX solver finished. Gap: 28.190000
[INFO]:[03:23:06] Starting CPLEX solver on instance: /home/yorig/tuner/mpils-tests/instances/miplib/medium-2/neos-4954672-berkel.mps with config: /scratch/yorig/mpils-results-grid-ticks-10000-7may/medium-2/24proc-2pils/seed-2/2_neos-4954672-berkel_seed-2_20260510_031520/iterated_local_search/run_7_worker_10/ils_config_4622147223511275274.prm
[INFO]:[03:23:06] Starting CPLEX solver on instance: /home/yorig/tuner/mpils-tests/instances/miplib/medium-2/neos-4954672-berkel.mps with config: /scratch/yorig/mpils-results-grid-ticks-10000-7may/medium-2/24proc-2pils/seed-2/2_neos-4954672-berkel_seed-2_20260510_031520/iterated_local_search/run_7_worker_10/ils_config_4622147223511275274.prm
[INFO]:[03:23:13] CPLEX results. Gap: 20.770000, upper bound: 2676198.999984, lower bound: 2120468.785481
[INFO]:[03:23:13] CPLEX solver finished. Gap: 20.770000
[INFO]:[03:23:13] Starting CPLEX solver on instance: /home/yorig/tuner/mpils-tests/instances/miplib/medium-2/neos-4954672-berkel.mps with config: /scratch/yorig/mpils-results-grid-ticks-10000-7may/medium-2/24proc-2pils/seed-2/2_neos-4954672-berkel_seed-2_20260510_031520/iterated_local_search/run_7_worker_10/ils_config_9293736000587808314.prm
[INFO]:[03:23:13] Starting CPLEX solver on instance: /home/yorig/tuner/mpils-tests/instances/miplib/medium-2/neos-4954672-berkel.mps with config: /scratch/yorig/mpils-results-grid-ticks-10000-7may/medium-2/24proc-2pils/seed-2/2_neos-4954672-berkel_seed-2_20260510_031520/iterated_local_search/run_7_worker_10/ils_config_9293736000587808314.prm
[INFO]:[03:23:20] CPLEX results. Gap: 20.570000, upper bound: 2658573.999983, lower bound: 2111592.351786
[INFO]:[03:23:20] CPLEX solver finished. Gap: 20.570000
[INFO]:[03:23:20] Starting CPLEX solver on instance: /home/yorig/tuner/mpils-tests/instances/miplib/medium-2/neos-4954672-berkel.mps with config: /scratch/yorig/mpils-results-grid-ticks-10000-7may/medium-2/24proc-2pils/seed-2/2_neos-4954672-berkel_seed-2_20260510_031520/iterated_local_search/run_7_worker_10/ils_config_2815927368732475527.prm
[INFO]:[03:23:20] Starting CPLEX solver on instance: /home/yorig/tuner/mpils-tests/instances/miplib/medium-2/neos-4954672-berkel.mps with config: /scratch/yorig/mpils-results-grid-ticks-10000-7may/medium-2/24proc-2pils/seed-2/2_neos-4954672-berkel_seed-2_20260510_031520/iterated_local_search/run_7_worker_10/ils_config_2815927368732475527.prm
[INFO]:[03:23:27] CPLEX results. Gap: 20.490000, upper bound: 2665533.999976, lower bound: 2119372.853305
[INFO]:[03:23:27] CPLEX solver finished. Gap: 20.490000
[INFO]:[03:23:27] New incumbent found with objective value: 19.82
[INFO]:[03:23:27] Starting CPLEX solver on instance: /home/yorig/tuner/mpils-tests/instances/miplib/medium-2/neos-4954672-berkel.mps with config: /scratch/yorig/mpils-results-grid-ticks-10000-7may/medium-2/24proc-2pils/seed-2/2_neos-4954672-berkel_seed-2_20260510_031520/iterated_local_search/run_7_worker_10/ils_config_2974574558774143276.prm
[INFO]:[03:23:27] Starting CPLEX solver on instance: /home/yorig/tuner/mpils-tests/instances/miplib/medium-2/neos-4954672-berkel.mps with config: /scratch/yorig/mpils-results-grid-ticks-10000-7may/medium-2/24proc-2pils/seed-2/2_neos-4954672-berkel_seed-2_20260510_031520/iterated_local_search/run_7_worker_10/ils_config_2974574558774143276.prm
[INFO]:[03:23:34] CPLEX results. Gap: 23.170000, upper bound: 2649533.999987, lower bound: 2035558.161895
[INFO]:[03:23:34] CPLEX solver finished. Gap: 23.170000
[INFO]:[03:23:34] Starting CPLEX solver on instance: /home/yorig/tuner/mpils-tests/instances/miplib/medium-2/neos-4954672-berkel.mps with config: /scratch/yorig/mpils-results-grid-ticks-10000-7may/medium-2/24proc-2pils/seed-2/2_neos-4954672-berkel_seed-2_20260510_031520/iterated_local_search/run_7_worker_10/ils_config_14747093046714992752.prm
[INFO]:[03:23:34] Starting CPLEX solver on instance: /home/yorig/tuner/mpils-tests/instances/miplib/medium-2/neos-4954672-berkel.mps with config: /scratch/yorig/mpils-results-grid-ticks-10000-7may/medium-2/24proc-2pils/seed-2/2_neos-4954672-berkel_seed-2_20260510_031520/iterated_local_search/run_7_worker_10/ils_config_14747093046714992752.prm
[INFO]:[03:23:40] CPLEX results. Gap: 19.820000, upper bound: 2639470.999980, lower bound: 2116384.142551
[INFO]:[03:23:40] CPLEX solver finished. Gap: 19.820000
[INFO]:[03:23:40] Starting CPLEX solver on instance: /home/yorig/tuner/mpils-tests/instances/miplib/medium-2/neos-4954672-berkel.mps with config: /scratch/yorig/mpils-results-grid-ticks-10000-7may/medium-2/24proc-2pils/seed-2/2_neos-4954672-berkel_seed-2_20260510_031520/iterated_local_search/run_7_worker_10/ils_config_3725875376211419293.prm
[INFO]:[03:23:40] Starting CPLEX solver on instance: /home/yorig/tuner/mpils-tests/instances/miplib/medium-2/neos-4954672-berkel.mps with config: /scratch/yorig/mpils-results-grid-ticks-10000-7may/medium-2/24proc-2pils/seed-2/2_neos-4954672-berkel_seed-2_20260510_031520/iterated_local_search/run_7_worker_10/ils_config_3725875376211419293.prm
[INFO]:[03:23:47] CPLEX results. Gap: 20.200000, upper bound: 2642782.999985, lower bound: 2109054.855681
[INFO]:[03:23:47] CPLEX solver finished. Gap: 20.200000
[INFO]:[03:23:47] Starting CPLEX solver on instance: /home/yorig/tuner/mpils-tests/instances/miplib/medium-2/neos-4954672-berkel.mps with config: /scratch/yorig/mpils-results-grid-ticks-10000-7may/medium-2/24proc-2pils/seed-2/2_neos-4954672-berkel_seed-2_20260510_031520/iterated_local_search/run_7_worker_10/ils_config_2735396860902621158.prm
[INFO]:[03:23:47] Starting CPLEX solver on instance: /home/yorig/tuner/mpils-tests/instances/miplib/medium-2/neos-4954672-berkel.mps with config: /scratch/yorig/mpils-results-grid-ticks-10000-7may/medium-2/24proc-2pils/seed-2/2_neos-4954672-berkel_seed-2_20260510_031520/iterated_local_search/run_7_worker_10/ils_config_2735396860902621158.prm
[INFO]:[03:23:54] CPLEX results. Gap: 19.820000, upper bound: 2639470.999980, lower bound: 2116384.142551
[INFO]:[03:23:54] CPLEX solver finished. Gap: 19.820000
[INFO]:[03:23:54] Starting CPLEX solver on instance: /home/yorig/tuner/mpils-tests/instances/miplib/medium-2/neos-4954672-berkel.mps with config: /scratch/yorig/mpils-results-grid-ticks-10000-7may/medium-2/24proc-2pils/seed-2/2_neos-4954672-berkel_seed-2_20260510_031520/iterated_local_search/run_7_worker_10/ils_config_5787214366198022163.prm
[INFO]:[03:23:54] Starting CPLEX solver on instance: /home/yorig/tuner/mpils-tests/instances/miplib/medium-2/neos-4954672-berkel.mps with config: /scratch/yorig/mpils-results-grid-ticks-10000-7may/medium-2/24proc-2pils/seed-2/2_neos-4954672-berkel_seed-2_20260510_031520/iterated_local_search/run_7_worker_10/ils_config_5787214366198022163.prm
[INFO]:[03:24:01] CPLEX results. Gap: 21.290000, upper bound: 2688457.999970, lower bound: 2116152.426596
[INFO]:[03:24:01] CPLEX solver finished. Gap: 21.290000
[INFO]:[03:24:01] Starting CPLEX solver on instance: /home/yorig/tuner/mpils-tests/instances/miplib/medium-2/neos-4954672-berkel.mps with config: /scratch/yorig/mpils-results-grid-ticks-10000-7may/medium-2/24proc-2pils/seed-2/2_neos-4954672-berkel_seed-2_20260510_031520/iterated_local_search/run_7_worker_10/ils_config_6903861897897333700.prm
[INFO]:[03:24:01] Starting CPLEX solver on instance: /home/yorig/tuner/mpils-tests/instances/miplib/medium-2/neos-4954672-berkel.mps with config: /scratch/yorig/mpils-results-grid-ticks-10000-7may/medium-2/24proc-2pils/seed-2/2_neos-4954672-berkel_seed-2_20260510_031520/iterated_local_search/run_7_worker_10/ils_config_6903861897897333700.prm
[INFO]:[03:24:08] CPLEX results. Gap: 19.820000, upper bound: 2639470.999980, lower bound: 2116384.142551
[INFO]:[03:24:08] CPLEX solver finished. Gap: 19.820000
[INFO]:[03:24:08] Starting CPLEX solver on instance: /home/yorig/tuner/mpils-tests/instances/miplib/medium-2/neos-4954672-berkel.mps with config: /scratch/yorig/mpils-results-grid-ticks-10000-7may/medium-2/24proc-2pils/seed-2/2_neos-4954672-berkel_seed-2_20260510_031520/iterated_local_search/run_7_worker_10/ils_config_2710350124158949821.prm
[INFO]:[03:24:08] Starting CPLEX solver on instance: /home/yorig/tuner/mpils-tests/instances/miplib/medium-2/neos-4954672-berkel.mps with config: /scratch/yorig/mpils-results-grid-ticks-10000-7may/medium-2/24proc-2pils/seed-2/2_neos-4954672-berkel_seed-2_20260510_031520/iterated_local_search/run_7_worker_10/ils_config_2710350124158949821.prm
[INFO]:[03:24:16] CPLEX results. Gap: 29.400000, upper bound: 2913052.999991, lower bound: 2056681.928153
[INFO]:[03:24:16] CPLEX solver finished. Gap: 29.400000
[INFO]:[03:24:16] Starting CPLEX solver on instance: /home/yorig/tuner/mpils-tests/instances/miplib/medium-2/neos-4954672-berkel.mps with config: /scratch/yorig/mpils-results-grid-ticks-10000-7may/medium-2/24proc-2pils/seed-2/2_neos-4954672-berkel_seed-2_20260510_031520/iterated_local_search/run_7_worker_10/ils_config_13692840778641039955.prm
[INFO]:[03:24:16] Starting CPLEX solver on instance: /home/yorig/tuner/mpils-tests/instances/miplib/medium-2/neos-4954672-berkel.mps with config: /scratch/yorig/mpils-results-grid-ticks-10000-7may/medium-2/24proc-2pils/seed-2/2_neos-4954672-berkel_seed-2_20260510_031520/iterated_local_search/run_7_worker_10/ils_config_13692840778641039955.prm
[INFO]:[03:24:23] CPLEX results. Gap: 20.260000, upper bound: 2666369.999985, lower bound: 2126179.991030
[INFO]:[03:24:23] CPLEX solver finished. Gap: 20.260000
[INFO]:[03:24:23] Local search phase completed.
[INFO]:[03:24:23] Total number of new local-search evaluations: 28
[INFO]:[03:24:23] Final incumbent objective value: 19.82
[INFO]:[03:24:47] Worker 10 completed exploration phase.
[INFO]:[03:24:47] Worker 10 received order for step 2.
[INFO]:[03:24:47] Worker 10 running expansion phase for iteration 7.
[INFO]:[03:24:47] Worker 10 will use solver log file: /scratch/yorig/mpils-results-grid-ticks-10000-7may/medium-2/24proc-2pils/seed-2/2_neos-4954672-berkel_seed-2_20260510_031520/solver/cplex.log_iteration_expansion_7_worker_10
[INFO]:[03:24:47] Expansion Worker 10 starting expansion for iteration 7.
[INFO]:[03:24:47] Starting CPLEX solver on instance: /home/yorig/tuner/mpils-tests/instances/miplib/medium-2/neos-4954672-berkel.mps with config: /scratch/yorig/mpils-results-grid-ticks-10000-7may/medium-2/24proc-2pils/seed-2/2_neos-4954672-berkel_seed-2_20260510_031520/expansion/config_param_CPXPARAM_MIP_Limits_StrongCand_20_iter_7.prm
[INFO]:[03:24:54] CPLEX results. Gap: 13.790000, upper bound: 2640453.000000, lower bound: 2276369.829696
[INFO]:[03:24:54] CPLEX solver finished. Gap: 13.790000
[INFO]:[03:24:54] Expansion Worker 10 completed expansion.
[INFO]:[03:24:54] Worker 10 completed expansion phase.
[INFO]:[03:24:55] Worker 10 received order for step 1.
[INFO]:[03:24:55] Worker 10 running exploration phase for iteration 8.
[INFO]:[03:24:55] Worker 10 at iteration 8 will not use a MIP start file. Current best MIP-start upper bound threshold is 1.79769e+308.
[INFO]:[03:24:55] Starting local search phase...
[INFO]:[03:24:55] Creating local search space from parameter space file: /scratch/yorig/mpils-results-grid-ticks-10000-7may/medium-2/24proc-2pils/seed-2/2_neos-4954672-berkel_seed-2_20260510_031520/iterated_local_search/search_space/search_space_file_8_worker_10.txt
[INFO]:[03:24:55] Local search space loaded from file: /scratch/yorig/mpils-results-grid-ticks-10000-7may/medium-2/24proc-2pils/seed-2/2_neos-4954672-berkel_seed-2_20260510_031520/iterated_local_search/search_space/search_space_file_8_worker_10.txt
[INFO]:[03:24:55] Number of parameters in local search space: 71
[INFO]:[03:24:55] Number of forbidden tuples in local search space: 190
[INFO]:[03:24:55] Number of conditionals in local search space: 6
[INFO]:[03:24:55] MIP start option not enabled. Local search will proceed without MIP start.
[INFO]:[03:24:55] Starting CPLEX solver on instance: /home/yorig/tuner/mpils-tests/instances/miplib/medium-2/neos-4954672-berkel.mps with config: /scratch/yorig/mpils-results-grid-ticks-10000-7may/medium-2/24proc-2pils/seed-2/2_neos-4954672-berkel_seed-2_20260510_031520/iterated_local_search/run_8_worker_10/ils_config_6571296374145846050.prm
[INFO]:[03:24:55] Starting CPLEX solver on instance: /home/yorig/tuner/mpils-tests/instances/miplib/medium-2/neos-4954672-berkel.mps with config: /scratch/yorig/mpils-results-grid-ticks-10000-7may/medium-2/24proc-2pils/seed-2/2_neos-4954672-berkel_seed-2_20260510_031520/iterated_local_search/run_8_worker_10/ils_config_6571296374145846050.prm
[INFO]:[03:25:03] CPLEX results. Gap: 22.020000, upper bound: 2720223.999987, lower bound: 2121233.696190
[INFO]:[03:25:03] CPLEX solver finished. Gap: 22.020000
[INFO]:[03:25:03] Starting CPLEX solver on instance: /home/yorig/tuner/mpils-tests/instances/miplib/medium-2/neos-4954672-berkel.mps with config: /scratch/yorig/mpils-results-grid-ticks-10000-7may/medium-2/24proc-2pils/seed-2/2_neos-4954672-berkel_seed-2_20260510_031520/iterated_local_search/run_8_worker_10/ils_config_12194146597534852079.prm
[INFO]:[03:25:03] Starting CPLEX solver on instance: /home/yorig/tuner/mpils-tests/instances/miplib/medium-2/neos-4954672-berkel.mps with config: /scratch/yorig/mpils-results-grid-ticks-10000-7may/medium-2/24proc-2pils/seed-2/2_neos-4954672-berkel_seed-2_20260510_031520/iterated_local_search/run_8_worker_10/ils_config_12194146597534852079.prm
[INFO]:[03:25:10] CPLEX results. Gap: 22.020000, upper bound: 2720223.999987, lower bound: 2121233.696190
[INFO]:[03:25:10] CPLEX solver finished. Gap: 22.020000
[INFO]:[03:25:10] Starting CPLEX solver on instance: /home/yorig/tuner/mpils-tests/instances/miplib/medium-2/neos-4954672-berkel.mps with config: /scratch/yorig/mpils-results-grid-ticks-10000-7may/medium-2/24proc-2pils/seed-2/2_neos-4954672-berkel_seed-2_20260510_031520/iterated_local_search/run_8_worker_10/ils_config_17966326560172074522.prm
[INFO]:[03:25:10] Starting CPLEX solver on instance: /home/yorig/tuner/mpils-tests/instances/miplib/medium-2/neos-4954672-berkel.mps with config: /scratch/yorig/mpils-results-grid-ticks-10000-7may/medium-2/24proc-2pils/seed-2/2_neos-4954672-berkel_seed-2_20260510_031520/iterated_local_search/run_8_worker_10/ils_config_17966326560172074522.prm
[INFO]:[03:25:18] CPLEX results. Gap: 23.600000, upper bound: 2785326.999952, lower bound: 2127882.417410
[INFO]:[03:25:18] CPLEX solver finished. Gap: 23.600000
[INFO]:[03:25:18] Starting CPLEX solver on instance: /home/yorig/tuner/mpils-tests/instances/miplib/medium-2/neos-4954672-berkel.mps with config: /scratch/yorig/mpils-results-grid-ticks-10000-7may/medium-2/24proc-2pils/seed-2/2_neos-4954672-berkel_seed-2_20260510_031520/iterated_local_search/run_8_worker_10/ils_config_12171322534361948671.prm
[INFO]:[03:25:18] Starting CPLEX solver on instance: /home/yorig/tuner/mpils-tests/instances/miplib/medium-2/neos-4954672-berkel.mps with config: /scratch/yorig/mpils-results-grid-ticks-10000-7may/medium-2/24proc-2pils/seed-2/2_neos-4954672-berkel_seed-2_20260510_031520/iterated_local_search/run_8_worker_10/ils_config_12171322534361948671.prm
[INFO]:[03:25:25] CPLEX results. Gap: 22.020000, upper bound: 2720223.999987, lower bound: 2121233.696190
[INFO]:[03:25:25] CPLEX solver finished. Gap: 22.020000
[INFO]:[03:25:25] New incumbent found with objective value: 21.26
[INFO]:[03:25:25] Starting CPLEX solver on instance: /home/yorig/tuner/mpils-tests/instances/miplib/medium-2/neos-4954672-berkel.mps with config: /scratch/yorig/mpils-results-grid-ticks-10000-7may/medium-2/24proc-2pils/seed-2/2_neos-4954672-berkel_seed-2_20260510_031520/iterated_local_search/run_8_worker_10/ils_config_8411937363127489703.prm
[INFO]:[03:25:25] Starting CPLEX solver on instance: /home/yorig/tuner/mpils-tests/instances/miplib/medium-2/neos-4954672-berkel.mps with config: /scratch/yorig/mpils-results-grid-ticks-10000-7may/medium-2/24proc-2pils/seed-2/2_neos-4954672-berkel_seed-2_20260510_031520/iterated_local_search/run_8_worker_10/ils_config_8411937363127489703.prm
[INFO]:[03:25:33] CPLEX results. Gap: 19.800000, upper bound: 2671015.999989, lower bound: 2142170.643608
[INFO]:[03:25:33] CPLEX solver finished. Gap: 19.800000
[INFO]:[03:25:33] New incumbent found with objective value: 19.8
[INFO]:[03:25:33] Starting CPLEX solver on instance: /home/yorig/tuner/mpils-tests/instances/miplib/medium-2/neos-4954672-berkel.mps with config: /scratch/yorig/mpils-results-grid-ticks-10000-7may/medium-2/24proc-2pils/seed-2/2_neos-4954672-berkel_seed-2_20260510_031520/iterated_local_search/run_8_worker_10/ils_config_4776899356132490514.prm
[INFO]:[03:25:33] Starting CPLEX solver on instance: /home/yorig/tuner/mpils-tests/instances/miplib/medium-2/neos-4954672-berkel.mps with config: /scratch/yorig/mpils-results-grid-ticks-10000-7may/medium-2/24proc-2pils/seed-2/2_neos-4954672-berkel_seed-2_20260510_031520/iterated_local_search/run_8_worker_10/ils_config_4776899356132490514.prm
[INFO]:[03:25:41] CPLEX results. Gap: 21.570000, upper bound: 2678438.999985, lower bound: 2100685.435403
[INFO]:[03:25:41] CPLEX solver finished. Gap: 21.570000
[INFO]:[03:25:41] Starting CPLEX solver on instance: /home/yorig/tuner/mpils-tests/instances/miplib/medium-2/neos-4954672-berkel.mps with config: /scratch/yorig/mpils-results-grid-ticks-10000-7may/medium-2/24proc-2pils/seed-2/2_neos-4954672-berkel_seed-2_20260510_031520/iterated_local_search/run_8_worker_10/ils_config_18160197157522292453.prm
[INFO]:[03:25:41] Starting CPLEX solver on instance: /home/yorig/tuner/mpils-tests/instances/miplib/medium-2/neos-4954672-berkel.mps with config: /scratch/yorig/mpils-results-grid-ticks-10000-7may/medium-2/24proc-2pils/seed-2/2_neos-4954672-berkel_seed-2_20260510_031520/iterated_local_search/run_8_worker_10/ils_config_18160197157522292453.prm
[INFO]:[03:25:48] CPLEX results. Gap: 26.540000, upper bound: 2753373.999951, lower bound: 2022623.486924
[INFO]:[03:25:48] CPLEX solver finished. Gap: 26.540000
[INFO]:[03:25:48] Starting CPLEX solver on instance: /home/yorig/tuner/mpils-tests/instances/miplib/medium-2/neos-4954672-berkel.mps with config: /scratch/yorig/mpils-results-grid-ticks-10000-7may/medium-2/24proc-2pils/seed-2/2_neos-4954672-berkel_seed-2_20260510_031520/iterated_local_search/run_8_worker_10/ils_config_1628578829497190657.prm
[INFO]:[03:25:48] Starting CPLEX solver on instance: /home/yorig/tuner/mpils-tests/instances/miplib/medium-2/neos-4954672-berkel.mps with config: /scratch/yorig/mpils-results-grid-ticks-10000-7may/medium-2/24proc-2pils/seed-2/2_neos-4954672-berkel_seed-2_20260510_031520/iterated_local_search/run_8_worker_10/ils_config_1628578829497190657.prm
[INFO]:[03:25:55] CPLEX results. Gap: 20.310000, upper bound: 2673000.999936, lower bound: 2130240.644841
[INFO]:[03:25:55] CPLEX solver finished. Gap: 20.310000
[INFO]:[03:25:56] Starting CPLEX solver on instance: /home/yorig/tuner/mpils-tests/instances/miplib/medium-2/neos-4954672-berkel.mps with config: /scratch/yorig/mpils-results-grid-ticks-10000-7may/medium-2/24proc-2pils/seed-2/2_neos-4954672-berkel_seed-2_20260510_031520/iterated_local_search/run_8_worker_10/ils_config_4116468930437988244.prm
[INFO]:[03:25:56] Starting CPLEX solver on instance: /home/yorig/tuner/mpils-tests/instances/miplib/medium-2/neos-4954672-berkel.mps with config: /scratch/yorig/mpils-results-grid-ticks-10000-7may/medium-2/24proc-2pils/seed-2/2_neos-4954672-berkel_seed-2_20260510_031520/iterated_local_search/run_8_worker_10/ils_config_4116468930437988244.prm
[INFO]:[03:26:02] CPLEX results. Gap: 27.770000, upper bound: 2744530.999974, lower bound: 1982428.339155
[INFO]:[03:26:02] CPLEX solver finished. Gap: 27.770000
[INFO]:[03:26:02] Starting CPLEX solver on instance: /home/yorig/tuner/mpils-tests/instances/miplib/medium-2/neos-4954672-berkel.mps with config: /scratch/yorig/mpils-results-grid-ticks-10000-7may/medium-2/24proc-2pils/seed-2/2_neos-4954672-berkel_seed-2_20260510_031520/iterated_local_search/run_8_worker_10/ils_config_12236092977964150983.prm
[INFO]:[03:26:02] Starting CPLEX solver on instance: /home/yorig/tuner/mpils-tests/instances/miplib/medium-2/neos-4954672-berkel.mps with config: /scratch/yorig/mpils-results-grid-ticks-10000-7may/medium-2/24proc-2pils/seed-2/2_neos-4954672-berkel_seed-2_20260510_031520/iterated_local_search/run_8_worker_10/ils_config_12236092977964150983.prm
[INFO]:[03:26:10] CPLEX results. Gap: 19.800000, upper bound: 2671015.999989, lower bound: 2142170.643608
[INFO]:[03:26:10] CPLEX solver finished. Gap: 19.800000
[INFO]:[03:26:10] Starting CPLEX solver on instance: /home/yorig/tuner/mpils-tests/instances/miplib/medium-2/neos-4954672-berkel.mps with config: /scratch/yorig/mpils-results-grid-ticks-10000-7may/medium-2/24proc-2pils/seed-2/2_neos-4954672-berkel_seed-2_20260510_031520/iterated_local_search/run_8_worker_10/ils_config_4197791445740561972.prm
[INFO]:[03:26:10] Starting CPLEX solver on instance: /home/yorig/tuner/mpils-tests/instances/miplib/medium-2/neos-4954672-berkel.mps with config: /scratch/yorig/mpils-results-grid-ticks-10000-7may/medium-2/24proc-2pils/seed-2/2_neos-4954672-berkel_seed-2_20260510_031520/iterated_local_search/run_8_worker_10/ils_config_4197791445740561972.prm
[INFO]:[03:26:17] CPLEX results. Gap: 22.380000, upper bound: 2718764.999973, lower bound: 2110251.614182
[INFO]:[03:26:17] CPLEX solver finished. Gap: 22.380000
[INFO]:[03:26:18] Starting CPLEX solver on instance: /home/yorig/tuner/mpils-tests/instances/miplib/medium-2/neos-4954672-berkel.mps with config: /scratch/yorig/mpils-results-grid-ticks-10000-7may/medium-2/24proc-2pils/seed-2/2_neos-4954672-berkel_seed-2_20260510_031520/iterated_local_search/run_8_worker_10/ils_config_15363046808644042850.prm
[INFO]:[03:26:18] Starting CPLEX solver on instance: /home/yorig/tuner/mpils-tests/instances/miplib/medium-2/neos-4954672-berkel.mps with config: /scratch/yorig/mpils-results-grid-ticks-10000-7may/medium-2/24proc-2pils/seed-2/2_neos-4954672-berkel_seed-2_20260510_031520/iterated_local_search/run_8_worker_10/ils_config_15363046808644042850.prm
[INFO]:[03:26:25] CPLEX results. Gap: 19.890000, upper bound: 2671015.999989, lower bound: 2139649.896025
[INFO]:[03:26:25] CPLEX solver finished. Gap: 19.890000
[INFO]:[03:26:25] Starting CPLEX solver on instance: /home/yorig/tuner/mpils-tests/instances/miplib/medium-2/neos-4954672-berkel.mps with config: /scratch/yorig/mpils-results-grid-ticks-10000-7may/medium-2/24proc-2pils/seed-2/2_neos-4954672-berkel_seed-2_20260510_031520/iterated_local_search/run_8_worker_10/ils_config_12080621383902250626.prm
[INFO]:[03:26:25] Starting CPLEX solver on instance: /home/yorig/tuner/mpils-tests/instances/miplib/medium-2/neos-4954672-berkel.mps with config: /scratch/yorig/mpils-results-grid-ticks-10000-7may/medium-2/24proc-2pils/seed-2/2_neos-4954672-berkel_seed-2_20260510_031520/iterated_local_search/run_8_worker_10/ils_config_12080621383902250626.prm
[INFO]:[03:26:33] CPLEX results. Gap: 21.120000, upper bound: 2700833.999992, lower bound: 2130376.767116
[INFO]:[03:26:33] CPLEX solver finished. Gap: 21.120000
[INFO]:[03:26:33] New incumbent found with objective value: 18.68
[INFO]:[03:26:33] Starting CPLEX solver on instance: /home/yorig/tuner/mpils-tests/instances/miplib/medium-2/neos-4954672-berkel.mps with config: /scratch/yorig/mpils-results-grid-ticks-10000-7may/medium-2/24proc-2pils/seed-2/2_neos-4954672-berkel_seed-2_20260510_031520/iterated_local_search/run_8_worker_10/ils_config_15150293021914373813.prm
[INFO]:[03:26:33] Starting CPLEX solver on instance: /home/yorig/tuner/mpils-tests/instances/miplib/medium-2/neos-4954672-berkel.mps with config: /scratch/yorig/mpils-results-grid-ticks-10000-7may/medium-2/24proc-2pils/seed-2/2_neos-4954672-berkel_seed-2_20260510_031520/iterated_local_search/run_8_worker_10/ils_config_15150293021914373813.prm
[INFO]:[03:26:41] CPLEX results. Gap: 18.680000, upper bound: 2666628.999990, lower bound: 2168459.351529
[INFO]:[03:26:41] CPLEX solver finished. Gap: 18.680000
[INFO]:[03:26:41] Starting CPLEX solver on instance: /home/yorig/tuner/mpils-tests/instances/miplib/medium-2/neos-4954672-berkel.mps with config: /scratch/yorig/mpils-results-grid-ticks-10000-7may/medium-2/24proc-2pils/seed-2/2_neos-4954672-berkel_seed-2_20260510_031520/iterated_local_search/run_8_worker_10/ils_config_17057522477205242566.prm
[INFO]:[03:26:41] Starting CPLEX solver on instance: /home/yorig/tuner/mpils-tests/instances/miplib/medium-2/neos-4954672-berkel.mps with config: /scratch/yorig/mpils-results-grid-ticks-10000-7may/medium-2/24proc-2pils/seed-2/2_neos-4954672-berkel_seed-2_20260510_031520/iterated_local_search/run_8_worker_10/ils_config_17057522477205242566.prm
[INFO]:[03:26:47] CPLEX results. Gap: 16.800000, upper bound: 2705313.999981, lower bound: 2250918.312312
[INFO]:[03:26:47] CPLEX solver finished. Gap: 16.800000
[INFO]:[03:26:48] New incumbent found with objective value: 16.8
[INFO]:[03:26:48] Local search phase completed.
[INFO]:[03:26:48] Total number of new local-search evaluations: 30
[INFO]:[03:26:48] Final incumbent objective value: 16.8
[INFO]:[03:26:54] Worker 10 completed exploration phase.
[INFO]:[03:26:54] Worker 10 received order for step 3.
[INFO]:[03:26:54] Worker 10 finished.
