[INFO]:[18:07:02] Worker 21 starting.
[INFO]:[18:07:02] Worker 21 received order for step 1.
[INFO]:[18:07:02] Worker 21 running exploration phase for iteration 1.
[INFO]:[18:07:02] Worker 21 at iteration 1 will not use a MIP start file. Current best MIP-start upper bound threshold is 1.79769e+308.
[INFO]:[18:07:02] Starting local search phase...
[INFO]:[18:07:02] Worker (ils_group_rank=3) entering parallel ILS evaluation service.
[INFO]:[18:07:02] Starting CPLEX solver on instance: /home/yorig/tuner/mpils-tests/instances/miplib/medium-1/eilA101-2.mps with config: /scratch/yorig/mpils-results-grid-ticks-10000-7may/medium-1/24proc-6pils/seed-6/5_eilA101-2_seed-6_20260510_180700/iterated_local_search/run_1_worker_18/parallel_0_3.prm
[INFO]:[18:07:11] CPLEX results. Gap: 66.620000, upper bound: 2406.646621, lower bound: 803.373888
[INFO]:[18:07:11] CPLEX solver finished. Gap: 66.620000
[INFO]:[18:07:39] Starting CPLEX solver on instance: /home/yorig/tuner/mpils-tests/instances/miplib/medium-1/eilA101-2.mps with config: /scratch/yorig/mpils-results-grid-ticks-10000-7may/medium-1/24proc-6pils/seed-6/5_eilA101-2_seed-6_20260510_180700/iterated_local_search/run_1_worker_18/parallel_6_3.prm
[INFO]:[18:08:16] CPLEX results. Gap: 66.810000, upper bound: 2420.506503, lower bound: 803.373888
[INFO]:[18:08:16] CPLEX solver finished. Gap: 66.810000
[INFO]:[18:08:16] Starting CPLEX solver on instance: /home/yorig/tuner/mpils-tests/instances/miplib/medium-1/eilA101-2.mps with config: /scratch/yorig/mpils-results-grid-ticks-10000-7may/medium-1/24proc-6pils/seed-6/5_eilA101-2_seed-6_20260510_180700/iterated_local_search/run_1_worker_18/parallel_12_3.prm
[INFO]:[18:08:27] CPLEX results. Gap: 26.710000, upper bound: 1106.654996, lower bound: 811.108951
[INFO]:[18:08:27] CPLEX solver finished. Gap: 26.710000
[INFO]:[18:08:33] Starting CPLEX solver on instance: /home/yorig/tuner/mpils-tests/instances/miplib/medium-1/eilA101-2.mps with config: /scratch/yorig/mpils-results-grid-ticks-10000-7may/medium-1/24proc-6pils/seed-6/5_eilA101-2_seed-6_20260510_180700/iterated_local_search/run_1_worker_18/parallel_18_3.prm
[INFO]:[18:08:44] CPLEX results. Gap: 26.710000, upper bound: 1106.654996, lower bound: 811.108951
[INFO]:[18:08:44] CPLEX solver finished. Gap: 26.710000
[INFO]:[18:08:44] Worker (ils_group_rank=3) exiting parallel ILS evaluation service.
[INFO]:[18:08:44] Worker 21 completed exploration phase.
[INFO]:[18:08:45] Worker 21 received order for step 2.
[INFO]:[18:08:45] Worker 21 running expansion phase for iteration 1.
[INFO]:[18:08:45] Worker 21 will use solver log file: /scratch/yorig/mpils-results-grid-ticks-10000-7may/medium-1/24proc-6pils/seed-6/5_eilA101-2_seed-6_20260510_180700/solver/cplex.log_iteration_expansion_1_worker_21
[INFO]:[18:08:45] Expansion Worker 21 starting expansion for iteration 1.
[INFO]:[18:08:45] Starting CPLEX solver on instance: /home/yorig/tuner/mpils-tests/instances/miplib/medium-1/eilA101-2.mps with config: /scratch/yorig/mpils-results-grid-ticks-10000-7may/medium-1/24proc-6pils/seed-6/5_eilA101-2_seed-6_20260510_180700/expansion/config_param_CPXPARAM_MIP_Limits_ProbeTime_2_iter_1.prm
[INFO]:[18:08:56] CPLEX results. Gap: 38.350000, upper bound: 1305.932819, lower bound: 805.092863
[INFO]:[18:08:56] CPLEX solver finished. Gap: 38.350000
[INFO]:[18:09:00] Expansion Worker 21 stopping early after global MPI expansion stop was activated.
[INFO]:[18:09:00] Expansion Worker 21 completed expansion.
[INFO]:[18:09:00] Worker 21 completed expansion phase.
[INFO]:[18:09:00] Worker 21 received order for step 1.
[INFO]:[18:09:00] Worker 21 running exploration phase for iteration 2.
[INFO]:[18:09:00] Worker 21 at iteration 2 will not use a MIP start file. Current best MIP-start upper bound threshold is 1.79769e+308.
[INFO]:[18:09:00] Starting local search phase...
[INFO]:[18:09:00] Worker (ils_group_rank=3) entering parallel ILS evaluation service.
[INFO]:[18:09:00] Starting CPLEX solver on instance: /home/yorig/tuner/mpils-tests/instances/miplib/medium-1/eilA101-2.mps with config: /scratch/yorig/mpils-results-grid-ticks-10000-7may/medium-1/24proc-6pils/seed-6/5_eilA101-2_seed-6_20260510_180700/iterated_local_search/run_2_worker_18/parallel_0_3.prm
[INFO]:[18:09:11] CPLEX results. Gap: 32.500000, upper bound: 1192.873821, lower bound: 805.197467
[INFO]:[18:09:11] CPLEX solver finished. Gap: 32.500000
[INFO]:[18:09:39] Starting CPLEX solver on instance: /home/yorig/tuner/mpils-tests/instances/miplib/medium-1/eilA101-2.mps with config: /scratch/yorig/mpils-results-grid-ticks-10000-7may/medium-1/24proc-6pils/seed-6/5_eilA101-2_seed-6_20260510_180700/iterated_local_search/run_2_worker_18/parallel_6_3.prm
[INFO]:[18:09:51] CPLEX results. Gap: 32.290000, upper bound: 1190.654684, lower bound: 806.243852
[INFO]:[18:09:51] CPLEX solver finished. Gap: 32.290000
[INFO]:[18:09:51] Worker (ils_group_rank=3) exiting parallel ILS evaluation service.
[INFO]:[18:09:51] Worker 21 completed exploration phase.
[INFO]:[18:09:51] Worker 21 received order for step 2.
[INFO]:[18:09:51] Worker 21 running expansion phase for iteration 2.
[INFO]:[18:09:51] Worker 21 will use solver log file: /scratch/yorig/mpils-results-grid-ticks-10000-7may/medium-1/24proc-6pils/seed-6/5_eilA101-2_seed-6_20260510_180700/solver/cplex.log_iteration_expansion_2_worker_21
[INFO]:[18:09:51] Expansion Worker 21 starting expansion for iteration 2.
[INFO]:[18:09:51] Starting CPLEX solver on instance: /home/yorig/tuner/mpils-tests/instances/miplib/medium-1/eilA101-2.mps with config: /scratch/yorig/mpils-results-grid-ticks-10000-7may/medium-1/24proc-6pils/seed-6/5_eilA101-2_seed-6_20260510_180700/expansion/config_param_CPXPARAM_MIP_Strategy_BBInterval_2_iter_2.prm
[INFO]:[18:10:05] CPLEX results. Gap: 17.110000, upper bound: 971.800589, lower bound: 805.559612
[INFO]:[18:10:05] CPLEX solver finished. Gap: 17.110000
[INFO]:[18:10:07] Starting CPLEX solver on instance: /home/yorig/tuner/mpils-tests/instances/miplib/medium-1/eilA101-2.mps with config: /scratch/yorig/mpils-results-grid-ticks-10000-7may/medium-1/24proc-6pils/seed-6/5_eilA101-2_seed-6_20260510_180700/expansion/config_param_CPXPARAM_Preprocessing_Symmetry_4_iter_2.prm
[INFO]:[18:10:23] CPLEX results. Gap: 14.490000, upper bound: 944.399370, lower bound: 807.563020
[INFO]:[18:10:23] CPLEX solver finished. Gap: 14.490000
[INFO]:[18:10:28] Expansion Worker 21 stopping early after global MPI expansion stop was activated.
[INFO]:[18:10:28] Expansion Worker 21 completed expansion.
[INFO]:[18:10:28] Worker 21 completed expansion phase.
[INFO]:[18:10:28] Worker 21 received order for step 1.
[INFO]:[18:10:28] Worker 21 running exploration phase for iteration 3.
[INFO]:[18:10:28] Worker 21 at iteration 3 will not use a MIP start file. Current best MIP-start upper bound threshold is 1.79769e+308.
[INFO]:[18:10:28] Starting local search phase...
[INFO]:[18:10:28] Worker (ils_group_rank=3) entering parallel ILS evaluation service.
[INFO]:[18:10:28] Starting CPLEX solver on instance: /home/yorig/tuner/mpils-tests/instances/miplib/medium-1/eilA101-2.mps with config: /scratch/yorig/mpils-results-grid-ticks-10000-7may/medium-1/24proc-6pils/seed-6/5_eilA101-2_seed-6_20260510_180700/iterated_local_search/run_3_worker_18/parallel_0_3.prm
[INFO]:[18:10:37] CPLEX results. Gap: 66.730000, upper bound: 2420.506503, lower bound: 805.199419
[INFO]:[18:10:37] CPLEX solver finished. Gap: 66.730000
[INFO]:[18:10:44] Starting CPLEX solver on instance: /home/yorig/tuner/mpils-tests/instances/miplib/medium-1/eilA101-2.mps with config: /scratch/yorig/mpils-results-grid-ticks-10000-7may/medium-1/24proc-6pils/seed-6/5_eilA101-2_seed-6_20260510_180700/iterated_local_search/run_3_worker_18/parallel_6_3.prm
[INFO]:[18:10:56] CPLEX results. Gap: 34.960000, upper bound: 1239.686288, lower bound: 806.243852
[INFO]:[18:10:56] CPLEX solver finished. Gap: 34.960000
[INFO]:[18:10:56] Starting CPLEX solver on instance: /home/yorig/tuner/mpils-tests/instances/miplib/medium-1/eilA101-2.mps with config: /scratch/yorig/mpils-results-grid-ticks-10000-7may/medium-1/24proc-6pils/seed-6/5_eilA101-2_seed-6_20260510_180700/iterated_local_search/run_3_worker_18/parallel_12_3.prm
[INFO]:[18:11:05] CPLEX results. Gap: 66.740000, upper bound: 2420.506503, lower bound: 804.963282
[INFO]:[18:11:05] CPLEX solver finished. Gap: 66.740000
[INFO]:[18:11:07] Starting CPLEX solver on instance: /home/yorig/tuner/mpils-tests/instances/miplib/medium-1/eilA101-2.mps with config: /scratch/yorig/mpils-results-grid-ticks-10000-7may/medium-1/24proc-6pils/seed-6/5_eilA101-2_seed-6_20260510_180700/iterated_local_search/run_3_worker_18/parallel_18_3.prm
[INFO]:[18:11:19] CPLEX results. Gap: 17.540000, upper bound: 976.408196, lower bound: 805.103944
[INFO]:[18:11:19] CPLEX solver finished. Gap: 17.540000
[INFO]:[18:11:19] Worker (ils_group_rank=3) exiting parallel ILS evaluation service.
[INFO]:[18:11:24] Worker 21 completed exploration phase.
[INFO]:[18:11:24] Worker 21 received order for step 2.
[INFO]:[18:11:24] Worker 21 running expansion phase for iteration 3.
[INFO]:[18:11:24] Worker 21 will use solver log file: /scratch/yorig/mpils-results-grid-ticks-10000-7may/medium-1/24proc-6pils/seed-6/5_eilA101-2_seed-6_20260510_180700/solver/cplex.log_iteration_expansion_3_worker_21
[INFO]:[18:11:24] Expansion Worker 21 starting expansion for iteration 3.
[INFO]:[18:11:24] Starting CPLEX solver on instance: /home/yorig/tuner/mpils-tests/instances/miplib/medium-1/eilA101-2.mps with config: /scratch/yorig/mpils-results-grid-ticks-10000-7may/medium-1/24proc-6pils/seed-6/5_eilA101-2_seed-6_20260510_180700/expansion/config_param_CPXPARAM_Simplex_DGradient_2_iter_3.prm
[INFO]:[18:11:40] CPLEX results. Gap: 14.480000, upper bound: 944.399370, lower bound: 807.623499
[INFO]:[18:11:40] CPLEX solver finished. Gap: 14.480000
[INFO]:[18:11:57] Expansion Worker 21 completed expansion.
[INFO]:[18:11:57] Worker 21 completed expansion phase.
[INFO]:[18:11:58] Worker 21 received order for step 1.
[INFO]:[18:11:58] Worker 21 running exploration phase for iteration 4.
[INFO]:[18:11:58] Worker 21 at iteration 4 will not use a MIP start file. Current best MIP-start upper bound threshold is 1.79769e+308.
[INFO]:[18:11:58] Starting local search phase...
[INFO]:[18:11:58] Worker (ils_group_rank=3) entering parallel ILS evaluation service.
[INFO]:[18:11:58] Starting CPLEX solver on instance: /home/yorig/tuner/mpils-tests/instances/miplib/medium-1/eilA101-2.mps with config: /scratch/yorig/mpils-results-grid-ticks-10000-7may/medium-1/24proc-6pils/seed-6/5_eilA101-2_seed-6_20260510_180700/iterated_local_search/run_4_worker_18/parallel_0_3.prm
[INFO]:[18:12:06] CPLEX results. Gap: 58.950000, upper bound: 1958.304296, lower bound: 803.911236
[INFO]:[18:12:06] CPLEX solver finished. Gap: 58.950000
[INFO]:[18:12:09] Starting CPLEX solver on instance: /home/yorig/tuner/mpils-tests/instances/miplib/medium-1/eilA101-2.mps with config: /scratch/yorig/mpils-results-grid-ticks-10000-7may/medium-1/24proc-6pils/seed-6/5_eilA101-2_seed-6_20260510_180700/iterated_local_search/run_4_worker_18/parallel_6_3.prm
[INFO]:[18:12:21] CPLEX results. Gap: 34.960000, upper bound: 1239.686288, lower bound: 806.243852
[INFO]:[18:12:21] CPLEX solver finished. Gap: 34.960000
[INFO]:[18:12:21] Worker (ils_group_rank=3) exiting parallel ILS evaluation service.
[INFO]:[18:12:25] Worker 21 completed exploration phase.
[INFO]:[18:12:25] Worker 21 received order for step 2.
[INFO]:[18:12:25] Worker 21 running expansion phase for iteration 4.
[INFO]:[18:12:25] Worker 21 will use solver log file: /scratch/yorig/mpils-results-grid-ticks-10000-7may/medium-1/24proc-6pils/seed-6/5_eilA101-2_seed-6_20260510_180700/solver/cplex.log_iteration_expansion_4_worker_21
[INFO]:[18:12:25] Expansion Worker 21 starting expansion for iteration 4.
[INFO]:[18:12:25] Starting CPLEX solver on instance: /home/yorig/tuner/mpils-tests/instances/miplib/medium-1/eilA101-2.mps with config: /scratch/yorig/mpils-results-grid-ticks-10000-7may/medium-1/24proc-6pils/seed-6/5_eilA101-2_seed-6_20260510_180700/expansion/config_param_CPXPARAM_Feasopt_Mode_2_iter_4.prm
[INFO]:[18:12:41] CPLEX results. Gap: 14.480000, upper bound: 944.399370, lower bound: 807.623499
[INFO]:[18:12:41] CPLEX solver finished. Gap: 14.480000
[INFO]:[18:12:56] Expansion Worker 21 completed expansion.
[INFO]:[18:12:56] Worker 21 completed expansion phase.
[INFO]:[18:12:56] Worker 21 received order for step 1.
[INFO]:[18:12:56] Worker 21 running exploration phase for iteration 5.
[INFO]:[18:12:56] Worker 21 at iteration 5 will not use a MIP start file. Current best MIP-start upper bound threshold is 1.79769e+308.
[INFO]:[18:12:56] Starting local search phase...
[INFO]:[18:12:56] Worker (ils_group_rank=3) entering parallel ILS evaluation service.
[INFO]:[18:12:56] Starting CPLEX solver on instance: /home/yorig/tuner/mpils-tests/instances/miplib/medium-1/eilA101-2.mps with config: /scratch/yorig/mpils-results-grid-ticks-10000-7may/medium-1/24proc-6pils/seed-6/5_eilA101-2_seed-6_20260510_180700/iterated_local_search/run_5_worker_18/parallel_0_3.prm
[INFO]:[18:13:07] CPLEX results. Gap: 12.900000, upper bound: 924.808667, lower bound: 805.542596
[INFO]:[18:13:07] CPLEX solver finished. Gap: 12.900000
[INFO]:[18:13:07] Starting CPLEX solver on instance: /home/yorig/tuner/mpils-tests/instances/miplib/medium-1/eilA101-2.mps with config: /scratch/yorig/mpils-results-grid-ticks-10000-7may/medium-1/24proc-6pils/seed-6/5_eilA101-2_seed-6_20260510_180700/iterated_local_search/run_5_worker_18/parallel_6_3.prm
[INFO]:[18:13:18] CPLEX results. Gap: 12.900000, upper bound: 924.808667, lower bound: 805.542596
[INFO]:[18:13:18] CPLEX solver finished. Gap: 12.900000
[INFO]:[18:13:18] Worker (ils_group_rank=3) exiting parallel ILS evaluation service.
[INFO]:[18:13:22] Worker 21 completed exploration phase.
[INFO]:[18:13:22] Worker 21 received order for step 2.
[INFO]:[18:13:22] Worker 21 running expansion phase for iteration 5.
[INFO]:[18:13:22] Worker 21 will use solver log file: /scratch/yorig/mpils-results-grid-ticks-10000-7may/medium-1/24proc-6pils/seed-6/5_eilA101-2_seed-6_20260510_180700/solver/cplex.log_iteration_expansion_5_worker_21
[INFO]:[18:13:22] Expansion Worker 21 starting expansion for iteration 5.
[INFO]:[18:13:22] Starting CPLEX solver on instance: /home/yorig/tuner/mpils-tests/instances/miplib/medium-1/eilA101-2.mps with config: /scratch/yorig/mpils-results-grid-ticks-10000-7may/medium-1/24proc-6pils/seed-6/5_eilA101-2_seed-6_20260510_180700/expansion/config_param_CPXPARAM_LPMethod_4_iter_5.prm
[INFO]:[18:13:33] CPLEX results. Gap: 12.800000, upper bound: 924.808667, lower bound: 806.443499
[INFO]:[18:13:33] CPLEX solver finished. Gap: 12.800000
[INFO]:[18:13:44] Expansion Worker 21 completed expansion.
[INFO]:[18:13:44] Worker 21 completed expansion phase.
[INFO]:[18:13:45] Worker 21 received order for step 1.
[INFO]:[18:13:45] Worker 21 running exploration phase for iteration 6.
[INFO]:[18:13:45] Worker 21 at iteration 6 will not use a MIP start file. Current best MIP-start upper bound threshold is 1.79769e+308.
[INFO]:[18:13:45] Starting local search phase...
[INFO]:[18:13:45] Worker (ils_group_rank=3) entering parallel ILS evaluation service.
[INFO]:[18:13:45] Starting CPLEX solver on instance: /home/yorig/tuner/mpils-tests/instances/miplib/medium-1/eilA101-2.mps with config: /scratch/yorig/mpils-results-grid-ticks-10000-7may/medium-1/24proc-6pils/seed-6/5_eilA101-2_seed-6_20260510_180700/iterated_local_search/run_6_worker_18/parallel_0_3.prm
[INFO]:[18:13:53] CPLEX results. Gap: 100.000000, upper bound: 2420.506503, lower bound: 0.000000
[INFO]:[18:13:53] CPLEX solver finished. Gap: 100.000000
[INFO]:[18:14:01] Starting CPLEX solver on instance: /home/yorig/tuner/mpils-tests/instances/miplib/medium-1/eilA101-2.mps with config: /scratch/yorig/mpils-results-grid-ticks-10000-7may/medium-1/24proc-6pils/seed-6/5_eilA101-2_seed-6_20260510_180700/iterated_local_search/run_6_worker_18/parallel_6_3.prm
[INFO]:[18:14:13] CPLEX results. Gap: 43.540000, upper bound: 1422.983978, lower bound: 803.377500
[INFO]:[18:14:13] CPLEX solver finished. Gap: 43.540000
[INFO]:[18:14:13] Starting CPLEX solver on instance: /home/yorig/tuner/mpils-tests/instances/miplib/medium-1/eilA101-2.mps with config: /scratch/yorig/mpils-results-grid-ticks-10000-7may/medium-1/24proc-6pils/seed-6/5_eilA101-2_seed-6_20260510_180700/iterated_local_search/run_6_worker_18/parallel_12_3.prm
[INFO]:[18:14:25] CPLEX results. Gap: 43.540000, upper bound: 1422.983978, lower bound: 803.377500
[INFO]:[18:14:25] CPLEX solver finished. Gap: 43.540000
[INFO]:[18:14:25] Worker (ils_group_rank=3) exiting parallel ILS evaluation service.
[INFO]:[18:14:25] Worker 21 completed exploration phase.
[INFO]:[18:14:25] Worker 21 received order for step 2.
[INFO]:[18:14:25] Worker 21 running expansion phase for iteration 6.
[INFO]:[18:14:25] Worker 21 will use solver log file: /scratch/yorig/mpils-results-grid-ticks-10000-7may/medium-1/24proc-6pils/seed-6/5_eilA101-2_seed-6_20260510_180700/solver/cplex.log_iteration_expansion_6_worker_21
[INFO]:[18:14:25] Expansion Worker 21 starting expansion for iteration 6.
[INFO]:[18:14:37] Expansion Worker 21 completed expansion.
[INFO]:[18:14:37] Worker 21 completed expansion phase.
[INFO]:[18:14:37] Worker 21 received order for step 1.
[INFO]:[18:14:37] Worker 21 running exploration phase for iteration 7.
[INFO]:[18:14:37] Worker 21 at iteration 7 will not use a MIP start file. Current best MIP-start upper bound threshold is 1.79769e+308.
[INFO]:[18:14:37] Starting local search phase...
[INFO]:[18:14:37] Worker (ils_group_rank=3) entering parallel ILS evaluation service.
[INFO]:[18:14:37] Starting CPLEX solver on instance: /home/yorig/tuner/mpils-tests/instances/miplib/medium-1/eilA101-2.mps with config: /scratch/yorig/mpils-results-grid-ticks-10000-7may/medium-1/24proc-6pils/seed-6/5_eilA101-2_seed-6_20260510_180700/iterated_local_search/run_7_worker_18/parallel_0_3.prm
[INFO]:[18:14:46] CPLEX results. Gap: 100.000000, upper bound: 2420.506503, lower bound: 0.000000
[INFO]:[18:14:46] CPLEX solver finished. Gap: 100.000000
[INFO]:[18:15:15] Starting CPLEX solver on instance: /home/yorig/tuner/mpils-tests/instances/miplib/medium-1/eilA101-2.mps with config: /scratch/yorig/mpils-results-grid-ticks-10000-7may/medium-1/24proc-6pils/seed-6/5_eilA101-2_seed-6_20260510_180700/iterated_local_search/run_7_worker_18/parallel_6_3.prm
[INFO]:[18:15:23] CPLEX results. Gap: 58.980000, upper bound: 1958.304296, lower bound: 803.373888
[INFO]:[18:15:23] CPLEX solver finished. Gap: 58.980000
[INFO]:[18:15:56] Starting CPLEX solver on instance: /home/yorig/tuner/mpils-tests/instances/miplib/medium-1/eilA101-2.mps with config: /scratch/yorig/mpils-results-grid-ticks-10000-7may/medium-1/24proc-6pils/seed-6/5_eilA101-2_seed-6_20260510_180700/iterated_local_search/run_7_worker_18/parallel_12_3.prm
[INFO]:[18:16:08] CPLEX results. Gap: 43.540000, upper bound: 1422.983978, lower bound: 803.377500
[INFO]:[18:16:08] CPLEX solver finished. Gap: 43.540000
[INFO]:[18:16:37] Starting CPLEX solver on instance: /home/yorig/tuner/mpils-tests/instances/miplib/medium-1/eilA101-2.mps with config: /scratch/yorig/mpils-results-grid-ticks-10000-7may/medium-1/24proc-6pils/seed-6/5_eilA101-2_seed-6_20260510_180700/iterated_local_search/run_7_worker_18/parallel_18_3.prm
[INFO]:[18:16:48] CPLEX results. Gap: 43.540000, upper bound: 1422.983978, lower bound: 803.377500
[INFO]:[18:16:48] CPLEX solver finished. Gap: 43.540000
[INFO]:[18:17:17] Starting CPLEX solver on instance: /home/yorig/tuner/mpils-tests/instances/miplib/medium-1/eilA101-2.mps with config: /scratch/yorig/mpils-results-grid-ticks-10000-7may/medium-1/24proc-6pils/seed-6/5_eilA101-2_seed-6_20260510_180700/iterated_local_search/run_7_worker_18/parallel_24_3.prm
[INFO]:[18:17:29] CPLEX results. Gap: 43.540000, upper bound: 1422.983978, lower bound: 803.377500
[INFO]:[18:17:29] CPLEX solver finished. Gap: 43.540000
[INFO]:[18:17:58] Worker (ils_group_rank=3) exiting parallel ILS evaluation service.
[INFO]:[18:17:58] Worker 21 completed exploration phase.
[INFO]:[18:17:58] Worker 21 received order for step 3.
[INFO]:[18:17:58] Worker 21 finished.
