[INFO]:[07:28:36] Worker 17 starting.
[INFO]:[07:28:36] Worker 17 received order for step 1.
[INFO]:[07:28:36] Worker 17 running exploration phase for iteration 1.
[INFO]:[07:28:36] Worker 17 at iteration 1 will not use a MIP start file. Current best MIP-start upper bound threshold is 1.79769e+308.
[INFO]:[07:28:36] Starting local search phase...
[INFO]:[07:28:36] Creating local search space from parameter space file: /scratch/yorig/mpils-results-grid-ticks-10000-7may/medium-1/24proc/seed-3/10_neos-3555904-turama_seed-3_20260509_072833/iterated_local_search/search_space/search_space_file_1_worker_17.txt
[INFO]:[07:28:36] Local search space loaded from file: /scratch/yorig/mpils-results-grid-ticks-10000-7may/medium-1/24proc/seed-3/10_neos-3555904-turama_seed-3_20260509_072833/iterated_local_search/search_space/search_space_file_1_worker_17.txt
[INFO]:[07:28:36] Number of parameters in local search space: 71
[INFO]:[07:28:36] Number of forbidden tuples in local search space: 0
[INFO]:[07:28:36] Number of conditionals in local search space: 6
[INFO]:[07:28:36] MIP start option not enabled. Local search will proceed without MIP start.
[INFO]:[07:28:36] Evaluating initial configuration for local search phase...
[INFO]:[07:28:36] Starting CPLEX solver on instance: /home/yorig/tuner/mpils-tests/instances/miplib/medium-1/neos-3555904-turama.mps with config: /scratch/yorig/mpils-results-grid-ticks-10000-7may/medium-1/24proc/seed-3/10_neos-3555904-turama_seed-3_20260509_072833/iterated_local_search/run_1_worker_17/ils_config_10857637447627128503.prm
[INFO]:[07:28:36] Starting CPLEX solver on instance: /home/yorig/tuner/mpils-tests/instances/miplib/medium-1/neos-3555904-turama.mps with config: /scratch/yorig/mpils-results-grid-ticks-10000-7may/medium-1/24proc/seed-3/10_neos-3555904-turama_seed-3_20260509_072833/iterated_local_search/run_1_worker_17/ils_config_10857637447627128503.prm
[INFO]:[07:28:43] CPLEX results. Gap: 18.010000, upper bound: -34.700000, lower bound: -40.950000
[INFO]:[07:28:43] CPLEX solver finished. Gap: 18.010000
[INFO]:[07:28:43] Initial configuration evaluated with objective value: 18.01
[INFO]:[07:28:43] Starting CPLEX solver on instance: /home/yorig/tuner/mpils-tests/instances/miplib/medium-1/neos-3555904-turama.mps with config: /scratch/yorig/mpils-results-grid-ticks-10000-7may/medium-1/24proc/seed-3/10_neos-3555904-turama_seed-3_20260509_072833/iterated_local_search/run_1_worker_17/ils_config_6705999592585444525.prm
[INFO]:[07:28:43] Starting CPLEX solver on instance: /home/yorig/tuner/mpils-tests/instances/miplib/medium-1/neos-3555904-turama.mps with config: /scratch/yorig/mpils-results-grid-ticks-10000-7may/medium-1/24proc/seed-3/10_neos-3555904-turama_seed-3_20260509_072833/iterated_local_search/run_1_worker_17/ils_config_6705999592585444525.prm
[INFO]:[07:28:51] CPLEX results. Gap: 18.010000, upper bound: -34.700000, lower bound: -40.950000
[INFO]:[07:28:51] CPLEX solver finished. Gap: 18.010000
[INFO]:[07:28:51] Starting CPLEX solver on instance: /home/yorig/tuner/mpils-tests/instances/miplib/medium-1/neos-3555904-turama.mps with config: /scratch/yorig/mpils-results-grid-ticks-10000-7may/medium-1/24proc/seed-3/10_neos-3555904-turama_seed-3_20260509_072833/iterated_local_search/run_1_worker_17/ils_config_8825530640474634224.prm
[INFO]:[07:28:51] Starting CPLEX solver on instance: /home/yorig/tuner/mpils-tests/instances/miplib/medium-1/neos-3555904-turama.mps with config: /scratch/yorig/mpils-results-grid-ticks-10000-7may/medium-1/24proc/seed-3/10_neos-3555904-turama_seed-3_20260509_072833/iterated_local_search/run_1_worker_17/ils_config_8825530640474634224.prm
[INFO]:[07:28:59] CPLEX results. Gap: 18.010000, upper bound: -34.700000, lower bound: -40.950000
[INFO]:[07:28:59] CPLEX solver finished. Gap: 18.010000
[INFO]:[07:28:59] Starting CPLEX solver on instance: /home/yorig/tuner/mpils-tests/instances/miplib/medium-1/neos-3555904-turama.mps with config: /scratch/yorig/mpils-results-grid-ticks-10000-7may/medium-1/24proc/seed-3/10_neos-3555904-turama_seed-3_20260509_072833/iterated_local_search/run_1_worker_17/ils_config_15537080954767759178.prm
[INFO]:[07:28:59] Starting CPLEX solver on instance: /home/yorig/tuner/mpils-tests/instances/miplib/medium-1/neos-3555904-turama.mps with config: /scratch/yorig/mpils-results-grid-ticks-10000-7may/medium-1/24proc/seed-3/10_neos-3555904-turama_seed-3_20260509_072833/iterated_local_search/run_1_worker_17/ils_config_15537080954767759178.prm
[INFO]:[07:29:06] CPLEX results. Gap: 18.010000, upper bound: -34.700000, lower bound: -40.950000
[INFO]:[07:29:06] CPLEX solver finished. Gap: 18.010000
[INFO]:[07:29:06] Starting CPLEX solver on instance: /home/yorig/tuner/mpils-tests/instances/miplib/medium-1/neos-3555904-turama.mps with config: /scratch/yorig/mpils-results-grid-ticks-10000-7may/medium-1/24proc/seed-3/10_neos-3555904-turama_seed-3_20260509_072833/iterated_local_search/run_1_worker_17/ils_config_7890183898124962265.prm
[INFO]:[07:29:06] Starting CPLEX solver on instance: /home/yorig/tuner/mpils-tests/instances/miplib/medium-1/neos-3555904-turama.mps with config: /scratch/yorig/mpils-results-grid-ticks-10000-7may/medium-1/24proc/seed-3/10_neos-3555904-turama_seed-3_20260509_072833/iterated_local_search/run_1_worker_17/ils_config_7890183898124962265.prm
[INFO]:[07:29:14] CPLEX results. Gap: 18.010000, upper bound: -34.700000, lower bound: -40.950000
[INFO]:[07:29:14] CPLEX solver finished. Gap: 18.010000
[INFO]:[07:29:14] Starting CPLEX solver on instance: /home/yorig/tuner/mpils-tests/instances/miplib/medium-1/neos-3555904-turama.mps with config: /scratch/yorig/mpils-results-grid-ticks-10000-7may/medium-1/24proc/seed-3/10_neos-3555904-turama_seed-3_20260509_072833/iterated_local_search/run_1_worker_17/ils_config_18153357341950510236.prm
[INFO]:[07:29:14] Starting CPLEX solver on instance: /home/yorig/tuner/mpils-tests/instances/miplib/medium-1/neos-3555904-turama.mps with config: /scratch/yorig/mpils-results-grid-ticks-10000-7may/medium-1/24proc/seed-3/10_neos-3555904-turama_seed-3_20260509_072833/iterated_local_search/run_1_worker_17/ils_config_18153357341950510236.prm
[INFO]:[07:29:21] CPLEX results. Gap: 18.010000, upper bound: -34.700000, lower bound: -40.950000
[INFO]:[07:29:21] CPLEX solver finished. Gap: 18.010000
[INFO]:[07:29:21] Starting CPLEX solver on instance: /home/yorig/tuner/mpils-tests/instances/miplib/medium-1/neos-3555904-turama.mps with config: /scratch/yorig/mpils-results-grid-ticks-10000-7may/medium-1/24proc/seed-3/10_neos-3555904-turama_seed-3_20260509_072833/iterated_local_search/run_1_worker_17/ils_config_17977854486368034937.prm
[INFO]:[07:29:21] Starting CPLEX solver on instance: /home/yorig/tuner/mpils-tests/instances/miplib/medium-1/neos-3555904-turama.mps with config: /scratch/yorig/mpils-results-grid-ticks-10000-7may/medium-1/24proc/seed-3/10_neos-3555904-turama_seed-3_20260509_072833/iterated_local_search/run_1_worker_17/ils_config_17977854486368034937.prm
[INFO]:[07:29:29] CPLEX results. Gap: 18.010000, upper bound: -34.700000, lower bound: -40.950000
[INFO]:[07:29:29] CPLEX solver finished. Gap: 18.010000
[INFO]:[07:29:29] Starting CPLEX solver on instance: /home/yorig/tuner/mpils-tests/instances/miplib/medium-1/neos-3555904-turama.mps with config: /scratch/yorig/mpils-results-grid-ticks-10000-7may/medium-1/24proc/seed-3/10_neos-3555904-turama_seed-3_20260509_072833/iterated_local_search/run_1_worker_17/ils_config_11054980213841048418.prm
[INFO]:[07:29:29] Starting CPLEX solver on instance: /home/yorig/tuner/mpils-tests/instances/miplib/medium-1/neos-3555904-turama.mps with config: /scratch/yorig/mpils-results-grid-ticks-10000-7may/medium-1/24proc/seed-3/10_neos-3555904-turama_seed-3_20260509_072833/iterated_local_search/run_1_worker_17/ils_config_11054980213841048418.prm
[INFO]:[07:29:36] CPLEX results. Gap: 18.010000, upper bound: -34.700000, lower bound: -40.950000
[INFO]:[07:29:36] CPLEX solver finished. Gap: 18.010000
[INFO]:[07:29:36] Starting CPLEX solver on instance: /home/yorig/tuner/mpils-tests/instances/miplib/medium-1/neos-3555904-turama.mps with config: /scratch/yorig/mpils-results-grid-ticks-10000-7may/medium-1/24proc/seed-3/10_neos-3555904-turama_seed-3_20260509_072833/iterated_local_search/run_1_worker_17/ils_config_13927157127845917359.prm
[INFO]:[07:29:36] Starting CPLEX solver on instance: /home/yorig/tuner/mpils-tests/instances/miplib/medium-1/neos-3555904-turama.mps with config: /scratch/yorig/mpils-results-grid-ticks-10000-7may/medium-1/24proc/seed-3/10_neos-3555904-turama_seed-3_20260509_072833/iterated_local_search/run_1_worker_17/ils_config_13927157127845917359.prm
[INFO]:[07:29:43] CPLEX results. Gap: 81360.540000, upper bound: -33.200000, lower bound: -27044.900000
[INFO]:[07:29:43] CPLEX solver finished. Gap: 81360.540000
[INFO]:[07:29:43] Starting CPLEX solver on instance: /home/yorig/tuner/mpils-tests/instances/miplib/medium-1/neos-3555904-turama.mps with config: /scratch/yorig/mpils-results-grid-ticks-10000-7may/medium-1/24proc/seed-3/10_neos-3555904-turama_seed-3_20260509_072833/iterated_local_search/run_1_worker_17/ils_config_6293836863424563991.prm
[INFO]:[07:29:43] Starting CPLEX solver on instance: /home/yorig/tuner/mpils-tests/instances/miplib/medium-1/neos-3555904-turama.mps with config: /scratch/yorig/mpils-results-grid-ticks-10000-7may/medium-1/24proc/seed-3/10_neos-3555904-turama_seed-3_20260509_072833/iterated_local_search/run_1_worker_17/ils_config_6293836863424563991.prm
[INFO]:[07:29:51] CPLEX results. Gap: 18.010000, upper bound: -34.700000, lower bound: -40.950000
[INFO]:[07:29:51] CPLEX solver finished. Gap: 18.010000
[INFO]:[07:29:51] Starting CPLEX solver on instance: /home/yorig/tuner/mpils-tests/instances/miplib/medium-1/neos-3555904-turama.mps with config: /scratch/yorig/mpils-results-grid-ticks-10000-7may/medium-1/24proc/seed-3/10_neos-3555904-turama_seed-3_20260509_072833/iterated_local_search/run_1_worker_17/ils_config_14148641810138583760.prm
[INFO]:[07:29:51] Starting CPLEX solver on instance: /home/yorig/tuner/mpils-tests/instances/miplib/medium-1/neos-3555904-turama.mps with config: /scratch/yorig/mpils-results-grid-ticks-10000-7may/medium-1/24proc/seed-3/10_neos-3555904-turama_seed-3_20260509_072833/iterated_local_search/run_1_worker_17/ils_config_14148641810138583760.prm
[INFO]:[07:29:58] CPLEX results. Gap: 18.010000, upper bound: -34.700000, lower bound: -40.950000
[INFO]:[07:29:58] CPLEX solver finished. Gap: 18.010000
[INFO]:[07:29:58] Starting CPLEX solver on instance: /home/yorig/tuner/mpils-tests/instances/miplib/medium-1/neos-3555904-turama.mps with config: /scratch/yorig/mpils-results-grid-ticks-10000-7may/medium-1/24proc/seed-3/10_neos-3555904-turama_seed-3_20260509_072833/iterated_local_search/run_1_worker_17/ils_config_3376599654355795554.prm
[INFO]:[07:29:58] Starting CPLEX solver on instance: /home/yorig/tuner/mpils-tests/instances/miplib/medium-1/neos-3555904-turama.mps with config: /scratch/yorig/mpils-results-grid-ticks-10000-7may/medium-1/24proc/seed-3/10_neos-3555904-turama_seed-3_20260509_072833/iterated_local_search/run_1_worker_17/ils_config_3376599654355795554.prm
[INFO]:[07:30:06] CPLEX results. Gap: 18.010000, upper bound: -34.700000, lower bound: -40.950000
[INFO]:[07:30:06] CPLEX solver finished. Gap: 18.010000
[INFO]:[07:30:06] Starting CPLEX solver on instance: /home/yorig/tuner/mpils-tests/instances/miplib/medium-1/neos-3555904-turama.mps with config: /scratch/yorig/mpils-results-grid-ticks-10000-7may/medium-1/24proc/seed-3/10_neos-3555904-turama_seed-3_20260509_072833/iterated_local_search/run_1_worker_17/ils_config_5099602551790828667.prm
[INFO]:[07:30:06] Starting CPLEX solver on instance: /home/yorig/tuner/mpils-tests/instances/miplib/medium-1/neos-3555904-turama.mps with config: /scratch/yorig/mpils-results-grid-ticks-10000-7may/medium-1/24proc/seed-3/10_neos-3555904-turama_seed-3_20260509_072833/iterated_local_search/run_1_worker_17/ils_config_5099602551790828667.prm
[INFO]:[07:30:13] CPLEX results. Gap: 18.010000, upper bound: -34.700000, lower bound: -40.950000
[INFO]:[07:30:13] CPLEX solver finished. Gap: 18.010000
[INFO]:[07:30:13] Starting CPLEX solver on instance: /home/yorig/tuner/mpils-tests/instances/miplib/medium-1/neos-3555904-turama.mps with config: /scratch/yorig/mpils-results-grid-ticks-10000-7may/medium-1/24proc/seed-3/10_neos-3555904-turama_seed-3_20260509_072833/iterated_local_search/run_1_worker_17/ils_config_11471495123945358876.prm
[INFO]:[07:30:13] Starting CPLEX solver on instance: /home/yorig/tuner/mpils-tests/instances/miplib/medium-1/neos-3555904-turama.mps with config: /scratch/yorig/mpils-results-grid-ticks-10000-7may/medium-1/24proc/seed-3/10_neos-3555904-turama_seed-3_20260509_072833/iterated_local_search/run_1_worker_17/ils_config_11471495123945358876.prm
[INFO]:[07:30:20] CPLEX results. Gap: 18.010000, upper bound: -34.700000, lower bound: -40.950000
[INFO]:[07:30:20] CPLEX solver finished. Gap: 18.010000
[INFO]:[07:30:20] Starting CPLEX solver on instance: /home/yorig/tuner/mpils-tests/instances/miplib/medium-1/neos-3555904-turama.mps with config: /scratch/yorig/mpils-results-grid-ticks-10000-7may/medium-1/24proc/seed-3/10_neos-3555904-turama_seed-3_20260509_072833/iterated_local_search/run_1_worker_17/ils_config_10843095524539459190.prm
[INFO]:[07:30:20] Starting CPLEX solver on instance: /home/yorig/tuner/mpils-tests/instances/miplib/medium-1/neos-3555904-turama.mps with config: /scratch/yorig/mpils-results-grid-ticks-10000-7may/medium-1/24proc/seed-3/10_neos-3555904-turama_seed-3_20260509_072833/iterated_local_search/run_1_worker_17/ils_config_10843095524539459190.prm
[INFO]:[07:30:28] CPLEX results. Gap: 18.010000, upper bound: -34.700000, lower bound: -40.950000
[INFO]:[07:30:28] CPLEX solver finished. Gap: 18.010000
[INFO]:[07:30:28] Starting CPLEX solver on instance: /home/yorig/tuner/mpils-tests/instances/miplib/medium-1/neos-3555904-turama.mps with config: /scratch/yorig/mpils-results-grid-ticks-10000-7may/medium-1/24proc/seed-3/10_neos-3555904-turama_seed-3_20260509_072833/iterated_local_search/run_1_worker_17/ils_config_8480176379155395786.prm
[INFO]:[07:30:28] Starting CPLEX solver on instance: /home/yorig/tuner/mpils-tests/instances/miplib/medium-1/neos-3555904-turama.mps with config: /scratch/yorig/mpils-results-grid-ticks-10000-7may/medium-1/24proc/seed-3/10_neos-3555904-turama_seed-3_20260509_072833/iterated_local_search/run_1_worker_17/ils_config_8480176379155395786.prm
[INFO]:[07:30:35] CPLEX results. Gap: 18.010000, upper bound: -34.700000, lower bound: -40.950000
[INFO]:[07:30:35] CPLEX solver finished. Gap: 18.010000
[INFO]:[07:30:35] Starting CPLEX solver on instance: /home/yorig/tuner/mpils-tests/instances/miplib/medium-1/neos-3555904-turama.mps with config: /scratch/yorig/mpils-results-grid-ticks-10000-7may/medium-1/24proc/seed-3/10_neos-3555904-turama_seed-3_20260509_072833/iterated_local_search/run_1_worker_17/ils_config_574006772803299603.prm
[INFO]:[07:30:35] Starting CPLEX solver on instance: /home/yorig/tuner/mpils-tests/instances/miplib/medium-1/neos-3555904-turama.mps with config: /scratch/yorig/mpils-results-grid-ticks-10000-7may/medium-1/24proc/seed-3/10_neos-3555904-turama_seed-3_20260509_072833/iterated_local_search/run_1_worker_17/ils_config_574006772803299603.prm
[INFO]:[07:30:43] CPLEX results. Gap: 18.010000, upper bound: -34.700000, lower bound: -40.950000
[INFO]:[07:30:43] CPLEX solver finished. Gap: 18.010000
[INFO]:[07:30:43] Starting CPLEX solver on instance: /home/yorig/tuner/mpils-tests/instances/miplib/medium-1/neos-3555904-turama.mps with config: /scratch/yorig/mpils-results-grid-ticks-10000-7may/medium-1/24proc/seed-3/10_neos-3555904-turama_seed-3_20260509_072833/iterated_local_search/run_1_worker_17/ils_config_11296023358935697162.prm
[INFO]:[07:30:43] Starting CPLEX solver on instance: /home/yorig/tuner/mpils-tests/instances/miplib/medium-1/neos-3555904-turama.mps with config: /scratch/yorig/mpils-results-grid-ticks-10000-7may/medium-1/24proc/seed-3/10_neos-3555904-turama_seed-3_20260509_072833/iterated_local_search/run_1_worker_17/ils_config_11296023358935697162.prm
[INFO]:[07:30:50] CPLEX results. Gap: 18.010000, upper bound: -34.700000, lower bound: -40.950000
[INFO]:[07:30:50] CPLEX solver finished. Gap: 18.010000
[INFO]:[07:30:50] Starting CPLEX solver on instance: /home/yorig/tuner/mpils-tests/instances/miplib/medium-1/neos-3555904-turama.mps with config: /scratch/yorig/mpils-results-grid-ticks-10000-7may/medium-1/24proc/seed-3/10_neos-3555904-turama_seed-3_20260509_072833/iterated_local_search/run_1_worker_17/ils_config_9081156803026002698.prm
[INFO]:[07:30:50] Starting CPLEX solver on instance: /home/yorig/tuner/mpils-tests/instances/miplib/medium-1/neos-3555904-turama.mps with config: /scratch/yorig/mpils-results-grid-ticks-10000-7may/medium-1/24proc/seed-3/10_neos-3555904-turama_seed-3_20260509_072833/iterated_local_search/run_1_worker_17/ils_config_9081156803026002698.prm
[INFO]:[07:30:58] CPLEX results. Gap: 18.010000, upper bound: -34.700000, lower bound: -40.950000
[INFO]:[07:30:58] CPLEX solver finished. Gap: 18.010000
[INFO]:[07:30:58] Starting CPLEX solver on instance: /home/yorig/tuner/mpils-tests/instances/miplib/medium-1/neos-3555904-turama.mps with config: /scratch/yorig/mpils-results-grid-ticks-10000-7may/medium-1/24proc/seed-3/10_neos-3555904-turama_seed-3_20260509_072833/iterated_local_search/run_1_worker_17/ils_config_9019137211200364934.prm
[INFO]:[07:30:58] Starting CPLEX solver on instance: /home/yorig/tuner/mpils-tests/instances/miplib/medium-1/neos-3555904-turama.mps with config: /scratch/yorig/mpils-results-grid-ticks-10000-7may/medium-1/24proc/seed-3/10_neos-3555904-turama_seed-3_20260509_072833/iterated_local_search/run_1_worker_17/ils_config_9019137211200364934.prm
[INFO]:[07:31:05] CPLEX results. Gap: 18.010000, upper bound: -34.700000, lower bound: -40.950000
[INFO]:[07:31:05] CPLEX solver finished. Gap: 18.010000
[INFO]:[07:31:05] Local search phase completed.
[INFO]:[07:31:05] Total number of new local-search evaluations: 20
[INFO]:[07:31:05] Final incumbent objective value: 18.01
[INFO]:[07:31:06] Worker 17 completed exploration phase.
[INFO]:[07:31:07] Worker 17 received order for step 2.
[INFO]:[07:31:07] Worker 17 running expansion phase for iteration 1.
[INFO]:[07:31:07] Worker 17 will use solver log file: /scratch/yorig/mpils-results-grid-ticks-10000-7may/medium-1/24proc/seed-3/10_neos-3555904-turama_seed-3_20260509_072833/solver/cplex.log_iteration_expansion_1_worker_17
[INFO]:[07:31:07] Expansion Worker 17 starting expansion for iteration 1.
[INFO]:[07:31:07] Starting CPLEX solver on instance: /home/yorig/tuner/mpils-tests/instances/miplib/medium-1/neos-3555904-turama.mps with config: /scratch/yorig/mpils-results-grid-ticks-10000-7may/medium-1/24proc/seed-3/10_neos-3555904-turama_seed-3_20260509_072833/expansion/config_param_CPXPARAM_MIP_Strategy_Dive_2_iter_1.prm
[INFO]:[07:31:14] CPLEX results. Gap: 18.010000, upper bound: -34.700000, lower bound: -40.950000
[INFO]:[07:31:14] CPLEX solver finished. Gap: 18.010000
[INFO]:[07:31:16] Starting CPLEX solver on instance: /home/yorig/tuner/mpils-tests/instances/miplib/medium-1/neos-3555904-turama.mps with config: /scratch/yorig/mpils-results-grid-ticks-10000-7may/medium-1/24proc/seed-3/10_neos-3555904-turama_seed-3_20260509_072833/expansion/config_param_CPXPARAM_MIP_Strategy_BBInterval_3_iter_1.prm
[INFO]:[07:31:23] CPLEX results. Gap: 18.010000, upper bound: -34.700000, lower bound: -40.950000
[INFO]:[07:31:23] CPLEX solver finished. Gap: 18.010000
[INFO]:[07:31:31] Expansion Worker 17 completed expansion.
[INFO]:[07:31:31] Worker 17 completed expansion phase.
[INFO]:[07:31:31] Worker 17 received order for step 1.
[INFO]:[07:31:31] Worker 17 running exploration phase for iteration 2.
[INFO]:[07:31:31] Worker 17 at iteration 2 will not use a MIP start file. Current best MIP-start upper bound threshold is 1.79769e+308.
[INFO]:[07:31:31] Starting local search phase...
[INFO]:[07:31:31] Creating local search space from parameter space file: /scratch/yorig/mpils-results-grid-ticks-10000-7may/medium-1/24proc/seed-3/10_neos-3555904-turama_seed-3_20260509_072833/iterated_local_search/search_space/search_space_file_2_worker_17.txt
[INFO]:[07:31:31] Local search space loaded from file: /scratch/yorig/mpils-results-grid-ticks-10000-7may/medium-1/24proc/seed-3/10_neos-3555904-turama_seed-3_20260509_072833/iterated_local_search/search_space/search_space_file_2_worker_17.txt
[INFO]:[07:31:31] Number of parameters in local search space: 71
[INFO]:[07:31:31] Number of forbidden tuples in local search space: 16
[INFO]:[07:31:31] Number of conditionals in local search space: 6
[INFO]:[07:31:31] MIP start option not enabled. Local search will proceed without MIP start.
[INFO]:[07:31:31] Evaluating initial configuration for local search phase...
[INFO]:[07:31:31] Starting CPLEX solver on instance: /home/yorig/tuner/mpils-tests/instances/miplib/medium-1/neos-3555904-turama.mps with config: /scratch/yorig/mpils-results-grid-ticks-10000-7may/medium-1/24proc/seed-3/10_neos-3555904-turama_seed-3_20260509_072833/iterated_local_search/run_2_worker_17/ils_config_13260822873405505277.prm
[INFO]:[07:31:31] Starting CPLEX solver on instance: /home/yorig/tuner/mpils-tests/instances/miplib/medium-1/neos-3555904-turama.mps with config: /scratch/yorig/mpils-results-grid-ticks-10000-7may/medium-1/24proc/seed-3/10_neos-3555904-turama_seed-3_20260509_072833/iterated_local_search/run_2_worker_17/ils_config_13260822873405505277.prm
[INFO]:[07:31:39] CPLEX results. Gap: 23.340000, upper bound: -33.200000, lower bound: -40.950000
[INFO]:[07:31:39] CPLEX solver finished. Gap: 23.340000
[INFO]:[07:31:39] Initial configuration evaluated with objective value: 23.34
[INFO]:[07:31:39] Starting CPLEX solver on instance: /home/yorig/tuner/mpils-tests/instances/miplib/medium-1/neos-3555904-turama.mps with config: /scratch/yorig/mpils-results-grid-ticks-10000-7may/medium-1/24proc/seed-3/10_neos-3555904-turama_seed-3_20260509_072833/iterated_local_search/run_2_worker_17/ils_config_15390327106629336253.prm
[INFO]:[07:31:39] Starting CPLEX solver on instance: /home/yorig/tuner/mpils-tests/instances/miplib/medium-1/neos-3555904-turama.mps with config: /scratch/yorig/mpils-results-grid-ticks-10000-7may/medium-1/24proc/seed-3/10_neos-3555904-turama_seed-3_20260509_072833/iterated_local_search/run_2_worker_17/ils_config_15390327106629336253.prm
[INFO]:[07:31:46] CPLEX results. Gap: 23.340000, upper bound: -33.200000, lower bound: -40.950000
[INFO]:[07:31:46] CPLEX solver finished. Gap: 23.340000
[INFO]:[07:31:46] Starting CPLEX solver on instance: /home/yorig/tuner/mpils-tests/instances/miplib/medium-1/neos-3555904-turama.mps with config: /scratch/yorig/mpils-results-grid-ticks-10000-7may/medium-1/24proc/seed-3/10_neos-3555904-turama_seed-3_20260509_072833/iterated_local_search/run_2_worker_17/ils_config_4862639066053224716.prm
[INFO]:[07:31:46] Starting CPLEX solver on instance: /home/yorig/tuner/mpils-tests/instances/miplib/medium-1/neos-3555904-turama.mps with config: /scratch/yorig/mpils-results-grid-ticks-10000-7may/medium-1/24proc/seed-3/10_neos-3555904-turama_seed-3_20260509_072833/iterated_local_search/run_2_worker_17/ils_config_4862639066053224716.prm
[INFO]:[07:31:53] CPLEX results. Gap: 23.340000, upper bound: -33.200000, lower bound: -40.950000
[INFO]:[07:31:53] CPLEX solver finished. Gap: 23.340000
[INFO]:[07:31:53] Starting CPLEX solver on instance: /home/yorig/tuner/mpils-tests/instances/miplib/medium-1/neos-3555904-turama.mps with config: /scratch/yorig/mpils-results-grid-ticks-10000-7may/medium-1/24proc/seed-3/10_neos-3555904-turama_seed-3_20260509_072833/iterated_local_search/run_2_worker_17/ils_config_16157044571641144565.prm
[INFO]:[07:31:53] Starting CPLEX solver on instance: /home/yorig/tuner/mpils-tests/instances/miplib/medium-1/neos-3555904-turama.mps with config: /scratch/yorig/mpils-results-grid-ticks-10000-7may/medium-1/24proc/seed-3/10_neos-3555904-turama_seed-3_20260509_072833/iterated_local_search/run_2_worker_17/ils_config_16157044571641144565.prm
[INFO]:[07:32:01] CPLEX results. Gap: 23.340000, upper bound: -33.200000, lower bound: -40.950000
[INFO]:[07:32:01] CPLEX solver finished. Gap: 23.340000
[INFO]:[07:32:01] Starting CPLEX solver on instance: /home/yorig/tuner/mpils-tests/instances/miplib/medium-1/neos-3555904-turama.mps with config: /scratch/yorig/mpils-results-grid-ticks-10000-7may/medium-1/24proc/seed-3/10_neos-3555904-turama_seed-3_20260509_072833/iterated_local_search/run_2_worker_17/ils_config_17266064068188881149.prm
[INFO]:[07:32:01] Starting CPLEX solver on instance: /home/yorig/tuner/mpils-tests/instances/miplib/medium-1/neos-3555904-turama.mps with config: /scratch/yorig/mpils-results-grid-ticks-10000-7may/medium-1/24proc/seed-3/10_neos-3555904-turama_seed-3_20260509_072833/iterated_local_search/run_2_worker_17/ils_config_17266064068188881149.prm
[INFO]:[07:32:08] CPLEX results. Gap: 23.340000, upper bound: -33.200000, lower bound: -40.950000
[INFO]:[07:32:08] CPLEX solver finished. Gap: 23.340000
[INFO]:[07:32:08] Local search phase completed.
[INFO]:[07:32:08] Total number of new local-search evaluations: 5
[INFO]:[07:32:08] Final incumbent objective value: 23.34
[INFO]:[07:32:17] Worker 17 completed exploration phase.
[INFO]:[07:32:17] Worker 17 received order for step 2.
[INFO]:[07:32:17] Worker 17 running expansion phase for iteration 2.
[INFO]:[07:32:17] Worker 17 will use solver log file: /scratch/yorig/mpils-results-grid-ticks-10000-7may/medium-1/24proc/seed-3/10_neos-3555904-turama_seed-3_20260509_072833/solver/cplex.log_iteration_expansion_2_worker_17
[INFO]:[07:32:17] Expansion Worker 17 starting expansion for iteration 2.
[INFO]:[07:32:17] Starting CPLEX solver on instance: /home/yorig/tuner/mpils-tests/instances/miplib/medium-1/neos-3555904-turama.mps with config: /scratch/yorig/mpils-results-grid-ticks-10000-7may/medium-1/24proc/seed-3/10_neos-3555904-turama_seed-3_20260509_072833/expansion/config_param_CPXPARAM_MIP_Strategy_HeuristicFreq_40_iter_2.prm
[INFO]:[07:32:24] CPLEX results. Gap: 18.010000, upper bound: -34.700000, lower bound: -40.950000
[INFO]:[07:32:24] CPLEX solver finished. Gap: 18.010000
[INFO]:[07:33:01] Expansion Worker 17 completed expansion.
[INFO]:[07:33:01] Worker 17 completed expansion phase.
[INFO]:[07:33:01] Worker 17 received order for step 1.
[INFO]:[07:33:01] Worker 17 running exploration phase for iteration 3.
[INFO]:[07:33:01] Worker 17 at iteration 3 will not use a MIP start file. Current best MIP-start upper bound threshold is 1.79769e+308.
[INFO]:[07:33:01] Starting local search phase...
[INFO]:[07:33:01] Creating local search space from parameter space file: /scratch/yorig/mpils-results-grid-ticks-10000-7may/medium-1/24proc/seed-3/10_neos-3555904-turama_seed-3_20260509_072833/iterated_local_search/search_space/search_space_file_3_worker_17.txt
[INFO]:[07:33:01] Local search space loaded from file: /scratch/yorig/mpils-results-grid-ticks-10000-7may/medium-1/24proc/seed-3/10_neos-3555904-turama_seed-3_20260509_072833/iterated_local_search/search_space/search_space_file_3_worker_17.txt
[INFO]:[07:33:01] Number of parameters in local search space: 71
[INFO]:[07:33:01] Number of forbidden tuples in local search space: 41
[INFO]:[07:33:01] Number of conditionals in local search space: 6
[INFO]:[07:33:01] MIP start option not enabled. Local search will proceed without MIP start.
[INFO]:[07:33:01] Evaluating initial configuration for local search phase...
[INFO]:[07:33:01] Starting CPLEX solver on instance: /home/yorig/tuner/mpils-tests/instances/miplib/medium-1/neos-3555904-turama.mps with config: /scratch/yorig/mpils-results-grid-ticks-10000-7may/medium-1/24proc/seed-3/10_neos-3555904-turama_seed-3_20260509_072833/iterated_local_search/run_3_worker_17/ils_config_16850420934559068890.prm
[INFO]:[07:33:01] Starting CPLEX solver on instance: /home/yorig/tuner/mpils-tests/instances/miplib/medium-1/neos-3555904-turama.mps with config: /scratch/yorig/mpils-results-grid-ticks-10000-7may/medium-1/24proc/seed-3/10_neos-3555904-turama_seed-3_20260509_072833/iterated_local_search/run_3_worker_17/ils_config_16850420934559068890.prm
[INFO]:[07:33:08] CPLEX results. Gap: 23.340000, upper bound: -33.200000, lower bound: -40.950000
[INFO]:[07:33:08] CPLEX solver finished. Gap: 23.340000
[INFO]:[07:33:08] Initial configuration evaluated with objective value: 23.34
[INFO]:[07:33:08] Starting CPLEX solver on instance: /home/yorig/tuner/mpils-tests/instances/miplib/medium-1/neos-3555904-turama.mps with config: /scratch/yorig/mpils-results-grid-ticks-10000-7may/medium-1/24proc/seed-3/10_neos-3555904-turama_seed-3_20260509_072833/iterated_local_search/run_3_worker_17/ils_config_3344842075262841349.prm
[INFO]:[07:33:08] Starting CPLEX solver on instance: /home/yorig/tuner/mpils-tests/instances/miplib/medium-1/neos-3555904-turama.mps with config: /scratch/yorig/mpils-results-grid-ticks-10000-7may/medium-1/24proc/seed-3/10_neos-3555904-turama_seed-3_20260509_072833/iterated_local_search/run_3_worker_17/ils_config_3344842075262841349.prm
[INFO]:[07:33:15] CPLEX results. Gap: 23.340000, upper bound: -33.200000, lower bound: -40.950000
[INFO]:[07:33:15] CPLEX solver finished. Gap: 23.340000
[INFO]:[07:33:15] Starting CPLEX solver on instance: /home/yorig/tuner/mpils-tests/instances/miplib/medium-1/neos-3555904-turama.mps with config: /scratch/yorig/mpils-results-grid-ticks-10000-7may/medium-1/24proc/seed-3/10_neos-3555904-turama_seed-3_20260509_072833/iterated_local_search/run_3_worker_17/ils_config_12459754885060059189.prm
[INFO]:[07:33:15] Starting CPLEX solver on instance: /home/yorig/tuner/mpils-tests/instances/miplib/medium-1/neos-3555904-turama.mps with config: /scratch/yorig/mpils-results-grid-ticks-10000-7may/medium-1/24proc/seed-3/10_neos-3555904-turama_seed-3_20260509_072833/iterated_local_search/run_3_worker_17/ils_config_12459754885060059189.prm
[INFO]:[07:33:22] CPLEX results. Gap: 23.340000, upper bound: -33.200000, lower bound: -40.950000
[INFO]:[07:33:22] CPLEX solver finished. Gap: 23.340000
[INFO]:[07:33:22] Starting CPLEX solver on instance: /home/yorig/tuner/mpils-tests/instances/miplib/medium-1/neos-3555904-turama.mps with config: /scratch/yorig/mpils-results-grid-ticks-10000-7may/medium-1/24proc/seed-3/10_neos-3555904-turama_seed-3_20260509_072833/iterated_local_search/run_3_worker_17/ils_config_10285096914152902854.prm
[INFO]:[07:33:22] Starting CPLEX solver on instance: /home/yorig/tuner/mpils-tests/instances/miplib/medium-1/neos-3555904-turama.mps with config: /scratch/yorig/mpils-results-grid-ticks-10000-7may/medium-1/24proc/seed-3/10_neos-3555904-turama_seed-3_20260509_072833/iterated_local_search/run_3_worker_17/ils_config_10285096914152902854.prm
[INFO]:[07:33:31] CPLEX results. Gap: 121370.780000, upper bound: -33.200000, lower bound: -40328.300000
[INFO]:[07:33:31] CPLEX solver finished. Gap: 121370.780000
[INFO]:[07:33:31] Starting CPLEX solver on instance: /home/yorig/tuner/mpils-tests/instances/miplib/medium-1/neos-3555904-turama.mps with config: /scratch/yorig/mpils-results-grid-ticks-10000-7may/medium-1/24proc/seed-3/10_neos-3555904-turama_seed-3_20260509_072833/iterated_local_search/run_3_worker_17/ils_config_7469968123709567305.prm
[INFO]:[07:33:31] Starting CPLEX solver on instance: /home/yorig/tuner/mpils-tests/instances/miplib/medium-1/neos-3555904-turama.mps with config: /scratch/yorig/mpils-results-grid-ticks-10000-7may/medium-1/24proc/seed-3/10_neos-3555904-turama_seed-3_20260509_072833/iterated_local_search/run_3_worker_17/ils_config_7469968123709567305.prm
[INFO]:[07:33:38] CPLEX results. Gap: 23.340000, upper bound: -33.200000, lower bound: -40.950000
[INFO]:[07:33:38] CPLEX solver finished. Gap: 23.340000
[INFO]:[07:33:38] Local search phase completed.
[INFO]:[07:33:38] Total number of new local-search evaluations: 5
[INFO]:[07:33:38] Final incumbent objective value: 23.34
[INFO]:[07:33:43] Worker 17 completed exploration phase.
[INFO]:[07:33:43] Worker 17 received order for step 2.
[INFO]:[07:33:43] Worker 17 running expansion phase for iteration 3.
[INFO]:[07:33:43] Worker 17 will use solver log file: /scratch/yorig/mpils-results-grid-ticks-10000-7may/medium-1/24proc/seed-3/10_neos-3555904-turama_seed-3_20260509_072833/solver/cplex.log_iteration_expansion_3_worker_17
[INFO]:[07:33:43] Expansion Worker 17 starting expansion for iteration 3.
[INFO]:[07:33:43] Starting CPLEX solver on instance: /home/yorig/tuner/mpils-tests/instances/miplib/medium-1/neos-3555904-turama.mps with config: /scratch/yorig/mpils-results-grid-ticks-10000-7may/medium-1/24proc/seed-3/10_neos-3555904-turama_seed-3_20260509_072833/expansion/config_param_CPXPARAM_Barrier_Crossover_2_iter_3.prm
[INFO]:[07:33:51] CPLEX results. Gap: 18.010000, upper bound: -34.700000, lower bound: -40.950000
[INFO]:[07:33:51] CPLEX solver finished. Gap: 18.010000
[INFO]:[07:34:00] Expansion Worker 17 completed expansion.
[INFO]:[07:34:00] Worker 17 completed expansion phase.
[INFO]:[07:34:00] Worker 17 received order for step 1.
[INFO]:[07:34:00] Worker 17 running exploration phase for iteration 4.
[INFO]:[07:34:00] Worker 17 at iteration 4 will not use a MIP start file. Current best MIP-start upper bound threshold is 1.79769e+308.
[INFO]:[07:34:00] Starting local search phase...
[INFO]:[07:34:00] Creating local search space from parameter space file: /scratch/yorig/mpils-results-grid-ticks-10000-7may/medium-1/24proc/seed-3/10_neos-3555904-turama_seed-3_20260509_072833/iterated_local_search/search_space/search_space_file_4_worker_17.txt
[INFO]:[07:34:00] Local search space loaded from file: /scratch/yorig/mpils-results-grid-ticks-10000-7may/medium-1/24proc/seed-3/10_neos-3555904-turama_seed-3_20260509_072833/iterated_local_search/search_space/search_space_file_4_worker_17.txt
[INFO]:[07:34:00] Number of parameters in local search space: 71
[INFO]:[07:34:00] Number of forbidden tuples in local search space: 62
[INFO]:[07:34:00] Number of conditionals in local search space: 6
[INFO]:[07:34:00] MIP start option not enabled. Local search will proceed without MIP start.
[INFO]:[07:34:00] Evaluating initial configuration for local search phase...
[INFO]:[07:34:00] Starting CPLEX solver on instance: /home/yorig/tuner/mpils-tests/instances/miplib/medium-1/neos-3555904-turama.mps with config: /scratch/yorig/mpils-results-grid-ticks-10000-7may/medium-1/24proc/seed-3/10_neos-3555904-turama_seed-3_20260509_072833/iterated_local_search/run_4_worker_17/ils_config_14087372761563201600.prm
[INFO]:[07:34:00] Starting CPLEX solver on instance: /home/yorig/tuner/mpils-tests/instances/miplib/medium-1/neos-3555904-turama.mps with config: /scratch/yorig/mpils-results-grid-ticks-10000-7may/medium-1/24proc/seed-3/10_neos-3555904-turama_seed-3_20260509_072833/iterated_local_search/run_4_worker_17/ils_config_14087372761563201600.prm
[INFO]:[07:34:07] CPLEX results. Gap: 80480.720000, upper bound: -33.200000, lower bound: -26752.800000
[INFO]:[07:34:07] CPLEX solver finished. Gap: 80480.720000
[INFO]:[07:34:07] Initial configuration evaluated with objective value: 80480.7
[INFO]:[07:34:07] Starting CPLEX solver on instance: /home/yorig/tuner/mpils-tests/instances/miplib/medium-1/neos-3555904-turama.mps with config: /scratch/yorig/mpils-results-grid-ticks-10000-7may/medium-1/24proc/seed-3/10_neos-3555904-turama_seed-3_20260509_072833/iterated_local_search/run_4_worker_17/ils_config_8048153114007960479.prm
[INFO]:[07:34:07] Starting CPLEX solver on instance: /home/yorig/tuner/mpils-tests/instances/miplib/medium-1/neos-3555904-turama.mps with config: /scratch/yorig/mpils-results-grid-ticks-10000-7may/medium-1/24proc/seed-3/10_neos-3555904-turama_seed-3_20260509_072833/iterated_local_search/run_4_worker_17/ils_config_8048153114007960479.prm
[INFO]:[07:34:16] CPLEX results. Gap: 105956.770000, upper bound: -34.700000, lower bound: -36801.700000
[INFO]:[07:34:16] CPLEX solver finished. Gap: 105956.770000
[INFO]:[07:34:16] Starting CPLEX solver on instance: /home/yorig/tuner/mpils-tests/instances/miplib/medium-1/neos-3555904-turama.mps with config: /scratch/yorig/mpils-results-grid-ticks-10000-7may/medium-1/24proc/seed-3/10_neos-3555904-turama_seed-3_20260509_072833/iterated_local_search/run_4_worker_17/ils_config_10324430486694422128.prm
[INFO]:[07:34:16] Starting CPLEX solver on instance: /home/yorig/tuner/mpils-tests/instances/miplib/medium-1/neos-3555904-turama.mps with config: /scratch/yorig/mpils-results-grid-ticks-10000-7may/medium-1/24proc/seed-3/10_neos-3555904-turama_seed-3_20260509_072833/iterated_local_search/run_4_worker_17/ils_config_10324430486694422128.prm
[INFO]:[07:34:22] CPLEX results. Gap: 80480.720000, upper bound: -33.200000, lower bound: -26752.800000
[INFO]:[07:34:22] CPLEX solver finished. Gap: 80480.720000
[INFO]:[07:34:22] Starting CPLEX solver on instance: /home/yorig/tuner/mpils-tests/instances/miplib/medium-1/neos-3555904-turama.mps with config: /scratch/yorig/mpils-results-grid-ticks-10000-7may/medium-1/24proc/seed-3/10_neos-3555904-turama_seed-3_20260509_072833/iterated_local_search/run_4_worker_17/ils_config_11323643396902546827.prm
[INFO]:[07:34:22] Starting CPLEX solver on instance: /home/yorig/tuner/mpils-tests/instances/miplib/medium-1/neos-3555904-turama.mps with config: /scratch/yorig/mpils-results-grid-ticks-10000-7may/medium-1/24proc/seed-3/10_neos-3555904-turama_seed-3_20260509_072833/iterated_local_search/run_4_worker_17/ils_config_11323643396902546827.prm
[INFO]:[07:34:29] CPLEX results. Gap: 80480.720000, upper bound: -33.200000, lower bound: -26752.800000
[INFO]:[07:34:29] CPLEX solver finished. Gap: 80480.720000
[INFO]:[07:34:29] Starting CPLEX solver on instance: /home/yorig/tuner/mpils-tests/instances/miplib/medium-1/neos-3555904-turama.mps with config: /scratch/yorig/mpils-results-grid-ticks-10000-7may/medium-1/24proc/seed-3/10_neos-3555904-turama_seed-3_20260509_072833/iterated_local_search/run_4_worker_17/ils_config_4126988728075786057.prm
[INFO]:[07:34:29] Starting CPLEX solver on instance: /home/yorig/tuner/mpils-tests/instances/miplib/medium-1/neos-3555904-turama.mps with config: /scratch/yorig/mpils-results-grid-ticks-10000-7may/medium-1/24proc/seed-3/10_neos-3555904-turama_seed-3_20260509_072833/iterated_local_search/run_4_worker_17/ils_config_4126988728075786057.prm
[INFO]:[07:34:36] CPLEX results. Gap: 23.340000, upper bound: -33.200000, lower bound: -40.950000
[INFO]:[07:34:36] CPLEX solver finished. Gap: 23.340000
[INFO]:[07:34:36] New incumbent found with objective value: 23.34
[INFO]:[07:34:36] Starting CPLEX solver on instance: /home/yorig/tuner/mpils-tests/instances/miplib/medium-1/neos-3555904-turama.mps with config: /scratch/yorig/mpils-results-grid-ticks-10000-7may/medium-1/24proc/seed-3/10_neos-3555904-turama_seed-3_20260509_072833/iterated_local_search/run_4_worker_17/ils_config_2877244084195771732.prm
[INFO]:[07:34:36] Starting CPLEX solver on instance: /home/yorig/tuner/mpils-tests/instances/miplib/medium-1/neos-3555904-turama.mps with config: /scratch/yorig/mpils-results-grid-ticks-10000-7may/medium-1/24proc/seed-3/10_neos-3555904-turama_seed-3_20260509_072833/iterated_local_search/run_4_worker_17/ils_config_2877244084195771732.prm
[INFO]:[07:34:43] CPLEX results. Gap: 23.340000, upper bound: -33.200000, lower bound: -40.950000
[INFO]:[07:34:43] CPLEX solver finished. Gap: 23.340000
[INFO]:[07:34:43] Starting CPLEX solver on instance: /home/yorig/tuner/mpils-tests/instances/miplib/medium-1/neos-3555904-turama.mps with config: /scratch/yorig/mpils-results-grid-ticks-10000-7may/medium-1/24proc/seed-3/10_neos-3555904-turama_seed-3_20260509_072833/iterated_local_search/run_4_worker_17/ils_config_8858405125639444488.prm
[INFO]:[07:34:43] Starting CPLEX solver on instance: /home/yorig/tuner/mpils-tests/instances/miplib/medium-1/neos-3555904-turama.mps with config: /scratch/yorig/mpils-results-grid-ticks-10000-7may/medium-1/24proc/seed-3/10_neos-3555904-turama_seed-3_20260509_072833/iterated_local_search/run_4_worker_17/ils_config_8858405125639444488.prm
[INFO]:[07:34:50] CPLEX results. Gap: 23.340000, upper bound: -33.200000, lower bound: -40.950000
[INFO]:[07:34:50] CPLEX solver finished. Gap: 23.340000
[INFO]:[07:34:50] Local search phase completed.
[INFO]:[07:34:50] Total number of new local-search evaluations: 7
[INFO]:[07:34:50] Final incumbent objective value: 23.34
[INFO]:[07:35:00] Worker 17 completed exploration phase.
[INFO]:[07:35:00] Worker 17 received order for step 2.
[INFO]:[07:35:00] Worker 17 running expansion phase for iteration 4.
[INFO]:[07:35:00] Worker 17 will use solver log file: /scratch/yorig/mpils-results-grid-ticks-10000-7may/medium-1/24proc/seed-3/10_neos-3555904-turama_seed-3_20260509_072833/solver/cplex.log_iteration_expansion_4_worker_17
[INFO]:[07:35:00] Expansion Worker 17 starting expansion for iteration 4.
[INFO]:[07:35:00] Starting CPLEX solver on instance: /home/yorig/tuner/mpils-tests/instances/miplib/medium-1/neos-3555904-turama.mps with config: /scratch/yorig/mpils-results-grid-ticks-10000-7may/medium-1/24proc/seed-3/10_neos-3555904-turama_seed-3_20260509_072833/expansion/config_param_CPXPARAM_Network_Pricing_3_iter_4.prm
[INFO]:[07:35:08] CPLEX results. Gap: 18.010000, upper bound: -34.700000, lower bound: -40.950000
[INFO]:[07:35:08] CPLEX solver finished. Gap: 18.010000
[INFO]:[07:35:17] Expansion Worker 17 completed expansion.
[INFO]:[07:35:17] Worker 17 completed expansion phase.
[INFO]:[07:35:18] Worker 17 received order for step 1.
[INFO]:[07:35:18] Worker 17 running exploration phase for iteration 5.
[INFO]:[07:35:18] Worker 17 at iteration 5 will not use a MIP start file. Current best MIP-start upper bound threshold is 1.79769e+308.
[INFO]:[07:35:18] Starting local search phase...
[INFO]:[07:35:18] Creating local search space from parameter space file: /scratch/yorig/mpils-results-grid-ticks-10000-7may/medium-1/24proc/seed-3/10_neos-3555904-turama_seed-3_20260509_072833/iterated_local_search/search_space/search_space_file_5_worker_17.txt
[INFO]:[07:35:18] Local search space loaded from file: /scratch/yorig/mpils-results-grid-ticks-10000-7may/medium-1/24proc/seed-3/10_neos-3555904-turama_seed-3_20260509_072833/iterated_local_search/search_space/search_space_file_5_worker_17.txt
[INFO]:[07:35:18] Number of parameters in local search space: 71
[INFO]:[07:35:18] Number of forbidden tuples in local search space: 86
[INFO]:[07:35:18] Number of conditionals in local search space: 6
[INFO]:[07:35:18] MIP start option not enabled. Local search will proceed without MIP start.
[INFO]:[07:35:18] Evaluating initial configuration for local search phase...
[INFO]:[07:35:18] Starting CPLEX solver on instance: /home/yorig/tuner/mpils-tests/instances/miplib/medium-1/neos-3555904-turama.mps with config: /scratch/yorig/mpils-results-grid-ticks-10000-7may/medium-1/24proc/seed-3/10_neos-3555904-turama_seed-3_20260509_072833/iterated_local_search/run_5_worker_17/ils_config_4967862136315152096.prm
[INFO]:[07:35:18] Starting CPLEX solver on instance: /home/yorig/tuner/mpils-tests/instances/miplib/medium-1/neos-3555904-turama.mps with config: /scratch/yorig/mpils-results-grid-ticks-10000-7may/medium-1/24proc/seed-3/10_neos-3555904-turama_seed-3_20260509_072833/iterated_local_search/run_5_worker_17/ils_config_4967862136315152096.prm
[INFO]:[07:35:24] CPLEX results. Gap: 19.450000, upper bound: -34.700000, lower bound: -41.448963
[INFO]:[07:35:24] CPLEX solver finished. Gap: 19.450000
[INFO]:[07:35:24] Initial configuration evaluated with objective value: 19.45
[INFO]:[07:35:24] Starting CPLEX solver on instance: /home/yorig/tuner/mpils-tests/instances/miplib/medium-1/neos-3555904-turama.mps with config: /scratch/yorig/mpils-results-grid-ticks-10000-7may/medium-1/24proc/seed-3/10_neos-3555904-turama_seed-3_20260509_072833/iterated_local_search/run_5_worker_17/ils_config_3377122622804908773.prm
[INFO]:[07:35:24] Starting CPLEX solver on instance: /home/yorig/tuner/mpils-tests/instances/miplib/medium-1/neos-3555904-turama.mps with config: /scratch/yorig/mpils-results-grid-ticks-10000-7may/medium-1/24proc/seed-3/10_neos-3555904-turama_seed-3_20260509_072833/iterated_local_search/run_5_worker_17/ils_config_3377122622804908773.prm
[INFO]:[07:35:31] CPLEX results. Gap: 116154.470000, upper bound: -34.700000, lower bound: -40340.300000
[INFO]:[07:35:31] CPLEX solver finished. Gap: 116154.470000
[INFO]:[07:35:31] Starting CPLEX solver on instance: /home/yorig/tuner/mpils-tests/instances/miplib/medium-1/neos-3555904-turama.mps with config: /scratch/yorig/mpils-results-grid-ticks-10000-7may/medium-1/24proc/seed-3/10_neos-3555904-turama_seed-3_20260509_072833/iterated_local_search/run_5_worker_17/ils_config_12036098723535578696.prm
[INFO]:[07:35:31] Starting CPLEX solver on instance: /home/yorig/tuner/mpils-tests/instances/miplib/medium-1/neos-3555904-turama.mps with config: /scratch/yorig/mpils-results-grid-ticks-10000-7may/medium-1/24proc/seed-3/10_neos-3555904-turama_seed-3_20260509_072833/iterated_local_search/run_5_worker_17/ils_config_12036098723535578696.prm
[INFO]:[07:35:38] CPLEX results. Gap: 19.450000, upper bound: -34.700000, lower bound: -41.448963
[INFO]:[07:35:38] CPLEX solver finished. Gap: 19.450000
[INFO]:[07:35:38] Starting CPLEX solver on instance: /home/yorig/tuner/mpils-tests/instances/miplib/medium-1/neos-3555904-turama.mps with config: /scratch/yorig/mpils-results-grid-ticks-10000-7may/medium-1/24proc/seed-3/10_neos-3555904-turama_seed-3_20260509_072833/iterated_local_search/run_5_worker_17/ils_config_3620837135938354969.prm
[INFO]:[07:35:38] Starting CPLEX solver on instance: /home/yorig/tuner/mpils-tests/instances/miplib/medium-1/neos-3555904-turama.mps with config: /scratch/yorig/mpils-results-grid-ticks-10000-7may/medium-1/24proc/seed-3/10_neos-3555904-turama_seed-3_20260509_072833/iterated_local_search/run_5_worker_17/ils_config_3620837135938354969.prm
[INFO]:[07:35:44] CPLEX results. Gap: 19.450000, upper bound: -34.700000, lower bound: -41.448963
[INFO]:[07:35:44] CPLEX solver finished. Gap: 19.450000
[INFO]:[07:35:44] Starting CPLEX solver on instance: /home/yorig/tuner/mpils-tests/instances/miplib/medium-1/neos-3555904-turama.mps with config: /scratch/yorig/mpils-results-grid-ticks-10000-7may/medium-1/24proc/seed-3/10_neos-3555904-turama_seed-3_20260509_072833/iterated_local_search/run_5_worker_17/ils_config_2791147660390848645.prm
[INFO]:[07:35:44] Starting CPLEX solver on instance: /home/yorig/tuner/mpils-tests/instances/miplib/medium-1/neos-3555904-turama.mps with config: /scratch/yorig/mpils-results-grid-ticks-10000-7may/medium-1/24proc/seed-3/10_neos-3555904-turama_seed-3_20260509_072833/iterated_local_search/run_5_worker_17/ils_config_2791147660390848645.prm
[INFO]:[07:35:50] CPLEX results. Gap: 19.450000, upper bound: -34.700000, lower bound: -41.448963
[INFO]:[07:35:50] CPLEX solver finished. Gap: 19.450000
[INFO]:[07:35:50] Starting CPLEX solver on instance: /home/yorig/tuner/mpils-tests/instances/miplib/medium-1/neos-3555904-turama.mps with config: /scratch/yorig/mpils-results-grid-ticks-10000-7may/medium-1/24proc/seed-3/10_neos-3555904-turama_seed-3_20260509_072833/iterated_local_search/run_5_worker_17/ils_config_6787827686636645256.prm
[INFO]:[07:35:50] Starting CPLEX solver on instance: /home/yorig/tuner/mpils-tests/instances/miplib/medium-1/neos-3555904-turama.mps with config: /scratch/yorig/mpils-results-grid-ticks-10000-7may/medium-1/24proc/seed-3/10_neos-3555904-turama_seed-3_20260509_072833/iterated_local_search/run_5_worker_17/ils_config_6787827686636645256.prm
[INFO]:[07:35:59] CPLEX results. Gap: 116154.470000, upper bound: -34.700000, lower bound: -40340.300000
[INFO]:[07:35:59] CPLEX solver finished. Gap: 116154.470000
[INFO]:[07:35:59] Starting CPLEX solver on instance: /home/yorig/tuner/mpils-tests/instances/miplib/medium-1/neos-3555904-turama.mps with config: /scratch/yorig/mpils-results-grid-ticks-10000-7may/medium-1/24proc/seed-3/10_neos-3555904-turama_seed-3_20260509_072833/iterated_local_search/run_5_worker_17/ils_config_11285176053522133110.prm
[INFO]:[07:35:59] Starting CPLEX solver on instance: /home/yorig/tuner/mpils-tests/instances/miplib/medium-1/neos-3555904-turama.mps with config: /scratch/yorig/mpils-results-grid-ticks-10000-7may/medium-1/24proc/seed-3/10_neos-3555904-turama_seed-3_20260509_072833/iterated_local_search/run_5_worker_17/ils_config_11285176053522133110.prm
[INFO]:[07:36:05] CPLEX results. Gap: 19.450000, upper bound: -34.700000, lower bound: -41.448963
[INFO]:[07:36:05] CPLEX solver finished. Gap: 19.450000
[INFO]:[07:36:05] Starting CPLEX solver on instance: /home/yorig/tuner/mpils-tests/instances/miplib/medium-1/neos-3555904-turama.mps with config: /scratch/yorig/mpils-results-grid-ticks-10000-7may/medium-1/24proc/seed-3/10_neos-3555904-turama_seed-3_20260509_072833/iterated_local_search/run_5_worker_17/ils_config_7252740897692573479.prm
[INFO]:[07:36:05] Starting CPLEX solver on instance: /home/yorig/tuner/mpils-tests/instances/miplib/medium-1/neos-3555904-turama.mps with config: /scratch/yorig/mpils-results-grid-ticks-10000-7may/medium-1/24proc/seed-3/10_neos-3555904-turama_seed-3_20260509_072833/iterated_local_search/run_5_worker_17/ils_config_7252740897692573479.prm
[INFO]:[07:36:11] CPLEX results. Gap: 19.450000, upper bound: -34.700000, lower bound: -41.448963
[INFO]:[07:36:11] CPLEX solver finished. Gap: 19.450000
[INFO]:[07:36:11] Starting CPLEX solver on instance: /home/yorig/tuner/mpils-tests/instances/miplib/medium-1/neos-3555904-turama.mps with config: /scratch/yorig/mpils-results-grid-ticks-10000-7may/medium-1/24proc/seed-3/10_neos-3555904-turama_seed-3_20260509_072833/iterated_local_search/run_5_worker_17/ils_config_11381503109884000900.prm
[INFO]:[07:36:11] Starting CPLEX solver on instance: /home/yorig/tuner/mpils-tests/instances/miplib/medium-1/neos-3555904-turama.mps with config: /scratch/yorig/mpils-results-grid-ticks-10000-7may/medium-1/24proc/seed-3/10_neos-3555904-turama_seed-3_20260509_072833/iterated_local_search/run_5_worker_17/ils_config_11381503109884000900.prm
[INFO]:[07:36:17] CPLEX results. Gap: 19.450000, upper bound: -34.700000, lower bound: -41.448963
[INFO]:[07:36:17] CPLEX solver finished. Gap: 19.450000
[INFO]:[07:36:17] Starting CPLEX solver on instance: /home/yorig/tuner/mpils-tests/instances/miplib/medium-1/neos-3555904-turama.mps with config: /scratch/yorig/mpils-results-grid-ticks-10000-7may/medium-1/24proc/seed-3/10_neos-3555904-turama_seed-3_20260509_072833/iterated_local_search/run_5_worker_17/ils_config_15670927171569314638.prm
[INFO]:[07:36:17] Starting CPLEX solver on instance: /home/yorig/tuner/mpils-tests/instances/miplib/medium-1/neos-3555904-turama.mps with config: /scratch/yorig/mpils-results-grid-ticks-10000-7may/medium-1/24proc/seed-3/10_neos-3555904-turama_seed-3_20260509_072833/iterated_local_search/run_5_worker_17/ils_config_15670927171569314638.prm
[INFO]:[07:36:23] CPLEX results. Gap: 19.450000, upper bound: -34.700000, lower bound: -41.448963
[INFO]:[07:36:23] CPLEX solver finished. Gap: 19.450000
[INFO]:[07:36:23] Starting CPLEX solver on instance: /home/yorig/tuner/mpils-tests/instances/miplib/medium-1/neos-3555904-turama.mps with config: /scratch/yorig/mpils-results-grid-ticks-10000-7may/medium-1/24proc/seed-3/10_neos-3555904-turama_seed-3_20260509_072833/iterated_local_search/run_5_worker_17/ils_config_11338659917651407137.prm
[INFO]:[07:36:23] Starting CPLEX solver on instance: /home/yorig/tuner/mpils-tests/instances/miplib/medium-1/neos-3555904-turama.mps with config: /scratch/yorig/mpils-results-grid-ticks-10000-7may/medium-1/24proc/seed-3/10_neos-3555904-turama_seed-3_20260509_072833/iterated_local_search/run_5_worker_17/ils_config_11338659917651407137.prm
[INFO]:[07:36:30] CPLEX results. Gap: 19.450000, upper bound: -34.700000, lower bound: -41.448963
[INFO]:[07:36:30] CPLEX solver finished. Gap: 19.450000
[INFO]:[07:36:30] Starting CPLEX solver on instance: /home/yorig/tuner/mpils-tests/instances/miplib/medium-1/neos-3555904-turama.mps with config: /scratch/yorig/mpils-results-grid-ticks-10000-7may/medium-1/24proc/seed-3/10_neos-3555904-turama_seed-3_20260509_072833/iterated_local_search/run_5_worker_17/ils_config_13313085972929745342.prm
[INFO]:[07:36:30] Starting CPLEX solver on instance: /home/yorig/tuner/mpils-tests/instances/miplib/medium-1/neos-3555904-turama.mps with config: /scratch/yorig/mpils-results-grid-ticks-10000-7may/medium-1/24proc/seed-3/10_neos-3555904-turama_seed-3_20260509_072833/iterated_local_search/run_5_worker_17/ils_config_13313085972929745342.prm
[INFO]:[07:36:36] CPLEX results. Gap: 19.450000, upper bound: -34.700000, lower bound: -41.448963
[INFO]:[07:36:36] CPLEX solver finished. Gap: 19.450000
[INFO]:[07:36:36] Starting CPLEX solver on instance: /home/yorig/tuner/mpils-tests/instances/miplib/medium-1/neos-3555904-turama.mps with config: /scratch/yorig/mpils-results-grid-ticks-10000-7may/medium-1/24proc/seed-3/10_neos-3555904-turama_seed-3_20260509_072833/iterated_local_search/run_5_worker_17/ils_config_14868523785699987715.prm
[INFO]:[07:36:36] Starting CPLEX solver on instance: /home/yorig/tuner/mpils-tests/instances/miplib/medium-1/neos-3555904-turama.mps with config: /scratch/yorig/mpils-results-grid-ticks-10000-7may/medium-1/24proc/seed-3/10_neos-3555904-turama_seed-3_20260509_072833/iterated_local_search/run_5_worker_17/ils_config_14868523785699987715.prm
[INFO]:[07:36:42] CPLEX results. Gap: 19.450000, upper bound: -34.700000, lower bound: -41.448963
[INFO]:[07:36:42] CPLEX solver finished. Gap: 19.450000
[INFO]:[07:36:42] Starting CPLEX solver on instance: /home/yorig/tuner/mpils-tests/instances/miplib/medium-1/neos-3555904-turama.mps with config: /scratch/yorig/mpils-results-grid-ticks-10000-7may/medium-1/24proc/seed-3/10_neos-3555904-turama_seed-3_20260509_072833/iterated_local_search/run_5_worker_17/ils_config_9475517150207229051.prm
[INFO]:[07:36:42] Starting CPLEX solver on instance: /home/yorig/tuner/mpils-tests/instances/miplib/medium-1/neos-3555904-turama.mps with config: /scratch/yorig/mpils-results-grid-ticks-10000-7may/medium-1/24proc/seed-3/10_neos-3555904-turama_seed-3_20260509_072833/iterated_local_search/run_5_worker_17/ils_config_9475517150207229051.prm
[INFO]:[07:36:48] CPLEX results. Gap: 19.450000, upper bound: -34.700000, lower bound: -41.448963
[INFO]:[07:36:48] CPLEX solver finished. Gap: 19.450000
[INFO]:[07:36:48] Starting CPLEX solver on instance: /home/yorig/tuner/mpils-tests/instances/miplib/medium-1/neos-3555904-turama.mps with config: /scratch/yorig/mpils-results-grid-ticks-10000-7may/medium-1/24proc/seed-3/10_neos-3555904-turama_seed-3_20260509_072833/iterated_local_search/run_5_worker_17/ils_config_15934327266550578383.prm
[INFO]:[07:36:48] Starting CPLEX solver on instance: /home/yorig/tuner/mpils-tests/instances/miplib/medium-1/neos-3555904-turama.mps with config: /scratch/yorig/mpils-results-grid-ticks-10000-7may/medium-1/24proc/seed-3/10_neos-3555904-turama_seed-3_20260509_072833/iterated_local_search/run_5_worker_17/ils_config_15934327266550578383.prm
[INFO]:[07:36:54] CPLEX results. Gap: 19.450000, upper bound: -34.700000, lower bound: -41.448963
[INFO]:[07:36:54] CPLEX solver finished. Gap: 19.450000
[INFO]:[07:36:54] Starting CPLEX solver on instance: /home/yorig/tuner/mpils-tests/instances/miplib/medium-1/neos-3555904-turama.mps with config: /scratch/yorig/mpils-results-grid-ticks-10000-7may/medium-1/24proc/seed-3/10_neos-3555904-turama_seed-3_20260509_072833/iterated_local_search/run_5_worker_17/ils_config_16032278613430720661.prm
[INFO]:[07:36:54] Starting CPLEX solver on instance: /home/yorig/tuner/mpils-tests/instances/miplib/medium-1/neos-3555904-turama.mps with config: /scratch/yorig/mpils-results-grid-ticks-10000-7may/medium-1/24proc/seed-3/10_neos-3555904-turama_seed-3_20260509_072833/iterated_local_search/run_5_worker_17/ils_config_16032278613430720661.prm
[INFO]:[07:37:01] CPLEX results. Gap: 19.450000, upper bound: -34.700000, lower bound: -41.448963
[INFO]:[07:37:01] CPLEX solver finished. Gap: 19.450000
[INFO]:[07:37:01] Starting CPLEX solver on instance: /home/yorig/tuner/mpils-tests/instances/miplib/medium-1/neos-3555904-turama.mps with config: /scratch/yorig/mpils-results-grid-ticks-10000-7may/medium-1/24proc/seed-3/10_neos-3555904-turama_seed-3_20260509_072833/iterated_local_search/run_5_worker_17/ils_config_16848655245159528382.prm
[INFO]:[07:37:01] Starting CPLEX solver on instance: /home/yorig/tuner/mpils-tests/instances/miplib/medium-1/neos-3555904-turama.mps with config: /scratch/yorig/mpils-results-grid-ticks-10000-7may/medium-1/24proc/seed-3/10_neos-3555904-turama_seed-3_20260509_072833/iterated_local_search/run_5_worker_17/ils_config_16848655245159528382.prm
[INFO]:[07:37:07] CPLEX results. Gap: 19.450000, upper bound: -34.700000, lower bound: -41.448963
[INFO]:[07:37:07] CPLEX solver finished. Gap: 19.450000
[INFO]:[07:37:07] Starting CPLEX solver on instance: /home/yorig/tuner/mpils-tests/instances/miplib/medium-1/neos-3555904-turama.mps with config: /scratch/yorig/mpils-results-grid-ticks-10000-7may/medium-1/24proc/seed-3/10_neos-3555904-turama_seed-3_20260509_072833/iterated_local_search/run_5_worker_17/ils_config_14104089687697889803.prm
[INFO]:[07:37:07] Starting CPLEX solver on instance: /home/yorig/tuner/mpils-tests/instances/miplib/medium-1/neos-3555904-turama.mps with config: /scratch/yorig/mpils-results-grid-ticks-10000-7may/medium-1/24proc/seed-3/10_neos-3555904-turama_seed-3_20260509_072833/iterated_local_search/run_5_worker_17/ils_config_14104089687697889803.prm
[INFO]:[07:37:13] CPLEX results. Gap: 19.450000, upper bound: -34.700000, lower bound: -41.448963
[INFO]:[07:37:13] CPLEX solver finished. Gap: 19.450000
[INFO]:[07:37:13] Starting CPLEX solver on instance: /home/yorig/tuner/mpils-tests/instances/miplib/medium-1/neos-3555904-turama.mps with config: /scratch/yorig/mpils-results-grid-ticks-10000-7may/medium-1/24proc/seed-3/10_neos-3555904-turama_seed-3_20260509_072833/iterated_local_search/run_5_worker_17/ils_config_7486103421065087318.prm
[INFO]:[07:37:13] Starting CPLEX solver on instance: /home/yorig/tuner/mpils-tests/instances/miplib/medium-1/neos-3555904-turama.mps with config: /scratch/yorig/mpils-results-grid-ticks-10000-7may/medium-1/24proc/seed-3/10_neos-3555904-turama_seed-3_20260509_072833/iterated_local_search/run_5_worker_17/ils_config_7486103421065087318.prm
[INFO]:[07:37:21] CPLEX results. Gap: 116154.470000, upper bound: -34.700000, lower bound: -40340.300000
[INFO]:[07:37:21] CPLEX solver finished. Gap: 116154.470000
[INFO]:[07:37:21] Starting CPLEX solver on instance: /home/yorig/tuner/mpils-tests/instances/miplib/medium-1/neos-3555904-turama.mps with config: /scratch/yorig/mpils-results-grid-ticks-10000-7may/medium-1/24proc/seed-3/10_neos-3555904-turama_seed-3_20260509_072833/iterated_local_search/run_5_worker_17/ils_config_9081575894885632085.prm
[INFO]:[07:37:21] Starting CPLEX solver on instance: /home/yorig/tuner/mpils-tests/instances/miplib/medium-1/neos-3555904-turama.mps with config: /scratch/yorig/mpils-results-grid-ticks-10000-7may/medium-1/24proc/seed-3/10_neos-3555904-turama_seed-3_20260509_072833/iterated_local_search/run_5_worker_17/ils_config_9081575894885632085.prm
[INFO]:[07:37:27] CPLEX results. Gap: 19.450000, upper bound: -34.700000, lower bound: -41.448963
[INFO]:[07:37:27] CPLEX solver finished. Gap: 19.450000
[INFO]:[07:37:27] Starting CPLEX solver on instance: /home/yorig/tuner/mpils-tests/instances/miplib/medium-1/neos-3555904-turama.mps with config: /scratch/yorig/mpils-results-grid-ticks-10000-7may/medium-1/24proc/seed-3/10_neos-3555904-turama_seed-3_20260509_072833/iterated_local_search/run_5_worker_17/ils_config_1124093583561804263.prm
[INFO]:[07:37:27] Starting CPLEX solver on instance: /home/yorig/tuner/mpils-tests/instances/miplib/medium-1/neos-3555904-turama.mps with config: /scratch/yorig/mpils-results-grid-ticks-10000-7may/medium-1/24proc/seed-3/10_neos-3555904-turama_seed-3_20260509_072833/iterated_local_search/run_5_worker_17/ils_config_1124093583561804263.prm
[INFO]:[07:37:33] CPLEX results. Gap: 19.450000, upper bound: -34.700000, lower bound: -41.448963
[INFO]:[07:37:33] CPLEX solver finished. Gap: 19.450000
[INFO]:[07:37:33] Starting CPLEX solver on instance: /home/yorig/tuner/mpils-tests/instances/miplib/medium-1/neos-3555904-turama.mps with config: /scratch/yorig/mpils-results-grid-ticks-10000-7may/medium-1/24proc/seed-3/10_neos-3555904-turama_seed-3_20260509_072833/iterated_local_search/run_5_worker_17/ils_config_15154381420815407431.prm
[INFO]:[07:37:33] Starting CPLEX solver on instance: /home/yorig/tuner/mpils-tests/instances/miplib/medium-1/neos-3555904-turama.mps with config: /scratch/yorig/mpils-results-grid-ticks-10000-7may/medium-1/24proc/seed-3/10_neos-3555904-turama_seed-3_20260509_072833/iterated_local_search/run_5_worker_17/ils_config_15154381420815407431.prm
[INFO]:[07:37:40] CPLEX results. Gap: 19.450000, upper bound: -34.700000, lower bound: -41.448963
[INFO]:[07:37:40] CPLEX solver finished. Gap: 19.450000
[INFO]:[07:37:40] Starting CPLEX solver on instance: /home/yorig/tuner/mpils-tests/instances/miplib/medium-1/neos-3555904-turama.mps with config: /scratch/yorig/mpils-results-grid-ticks-10000-7may/medium-1/24proc/seed-3/10_neos-3555904-turama_seed-3_20260509_072833/iterated_local_search/run_5_worker_17/ils_config_12353547434646809421.prm
[INFO]:[07:37:40] Starting CPLEX solver on instance: /home/yorig/tuner/mpils-tests/instances/miplib/medium-1/neos-3555904-turama.mps with config: /scratch/yorig/mpils-results-grid-ticks-10000-7may/medium-1/24proc/seed-3/10_neos-3555904-turama_seed-3_20260509_072833/iterated_local_search/run_5_worker_17/ils_config_12353547434646809421.prm
[INFO]:[07:37:46] CPLEX results. Gap: 19.450000, upper bound: -34.700000, lower bound: -41.448963
[INFO]:[07:37:46] CPLEX solver finished. Gap: 19.450000
[INFO]:[07:37:46] Starting CPLEX solver on instance: /home/yorig/tuner/mpils-tests/instances/miplib/medium-1/neos-3555904-turama.mps with config: /scratch/yorig/mpils-results-grid-ticks-10000-7may/medium-1/24proc/seed-3/10_neos-3555904-turama_seed-3_20260509_072833/iterated_local_search/run_5_worker_17/ils_config_15242686853560478146.prm
[INFO]:[07:37:46] Starting CPLEX solver on instance: /home/yorig/tuner/mpils-tests/instances/miplib/medium-1/neos-3555904-turama.mps with config: /scratch/yorig/mpils-results-grid-ticks-10000-7may/medium-1/24proc/seed-3/10_neos-3555904-turama_seed-3_20260509_072833/iterated_local_search/run_5_worker_17/ils_config_15242686853560478146.prm
[INFO]:[07:37:52] CPLEX results. Gap: 19.450000, upper bound: -34.700000, lower bound: -41.448963
[INFO]:[07:37:52] CPLEX solver finished. Gap: 19.450000
[INFO]:[07:37:52] Starting CPLEX solver on instance: /home/yorig/tuner/mpils-tests/instances/miplib/medium-1/neos-3555904-turama.mps with config: /scratch/yorig/mpils-results-grid-ticks-10000-7may/medium-1/24proc/seed-3/10_neos-3555904-turama_seed-3_20260509_072833/iterated_local_search/run_5_worker_17/ils_config_6859512964622709674.prm
[INFO]:[07:37:52] Starting CPLEX solver on instance: /home/yorig/tuner/mpils-tests/instances/miplib/medium-1/neos-3555904-turama.mps with config: /scratch/yorig/mpils-results-grid-ticks-10000-7may/medium-1/24proc/seed-3/10_neos-3555904-turama_seed-3_20260509_072833/iterated_local_search/run_5_worker_17/ils_config_6859512964622709674.prm
[INFO]:[07:38:01] CPLEX results. Gap: 116154.470000, upper bound: -34.700000, lower bound: -40340.300000
[INFO]:[07:38:01] CPLEX solver finished. Gap: 116154.470000
[INFO]:[07:38:01] Starting CPLEX solver on instance: /home/yorig/tuner/mpils-tests/instances/miplib/medium-1/neos-3555904-turama.mps with config: /scratch/yorig/mpils-results-grid-ticks-10000-7may/medium-1/24proc/seed-3/10_neos-3555904-turama_seed-3_20260509_072833/iterated_local_search/run_5_worker_17/ils_config_13943370020522270679.prm
[INFO]:[07:38:01] Starting CPLEX solver on instance: /home/yorig/tuner/mpils-tests/instances/miplib/medium-1/neos-3555904-turama.mps with config: /scratch/yorig/mpils-results-grid-ticks-10000-7may/medium-1/24proc/seed-3/10_neos-3555904-turama_seed-3_20260509_072833/iterated_local_search/run_5_worker_17/ils_config_13943370020522270679.prm
[INFO]:[07:38:07] CPLEX results. Gap: 19.450000, upper bound: -34.700000, lower bound: -41.448963
[INFO]:[07:38:07] CPLEX solver finished. Gap: 19.450000
[INFO]:[07:38:07] Starting CPLEX solver on instance: /home/yorig/tuner/mpils-tests/instances/miplib/medium-1/neos-3555904-turama.mps with config: /scratch/yorig/mpils-results-grid-ticks-10000-7may/medium-1/24proc/seed-3/10_neos-3555904-turama_seed-3_20260509_072833/iterated_local_search/run_5_worker_17/ils_config_3309768254142662778.prm
[INFO]:[07:38:07] Starting CPLEX solver on instance: /home/yorig/tuner/mpils-tests/instances/miplib/medium-1/neos-3555904-turama.mps with config: /scratch/yorig/mpils-results-grid-ticks-10000-7may/medium-1/24proc/seed-3/10_neos-3555904-turama_seed-3_20260509_072833/iterated_local_search/run_5_worker_17/ils_config_3309768254142662778.prm
[INFO]:[07:38:13] CPLEX results. Gap: 19.450000, upper bound: -34.700000, lower bound: -41.448963
[INFO]:[07:38:13] CPLEX solver finished. Gap: 19.450000
[INFO]:[07:38:13] Starting CPLEX solver on instance: /home/yorig/tuner/mpils-tests/instances/miplib/medium-1/neos-3555904-turama.mps with config: /scratch/yorig/mpils-results-grid-ticks-10000-7may/medium-1/24proc/seed-3/10_neos-3555904-turama_seed-3_20260509_072833/iterated_local_search/run_5_worker_17/ils_config_3024569362066249735.prm
[INFO]:[07:38:13] Starting CPLEX solver on instance: /home/yorig/tuner/mpils-tests/instances/miplib/medium-1/neos-3555904-turama.mps with config: /scratch/yorig/mpils-results-grid-ticks-10000-7may/medium-1/24proc/seed-3/10_neos-3555904-turama_seed-3_20260509_072833/iterated_local_search/run_5_worker_17/ils_config_3024569362066249735.prm
[INFO]:[07:38:21] CPLEX results. Gap: 24.850000, upper bound: -33.200000, lower bound: -41.448963
[INFO]:[07:38:21] CPLEX solver finished. Gap: 24.850000
[INFO]:[07:38:21] Starting CPLEX solver on instance: /home/yorig/tuner/mpils-tests/instances/miplib/medium-1/neos-3555904-turama.mps with config: /scratch/yorig/mpils-results-grid-ticks-10000-7may/medium-1/24proc/seed-3/10_neos-3555904-turama_seed-3_20260509_072833/iterated_local_search/run_5_worker_17/ils_config_14756809975854788515.prm
[INFO]:[07:38:21] Starting CPLEX solver on instance: /home/yorig/tuner/mpils-tests/instances/miplib/medium-1/neos-3555904-turama.mps with config: /scratch/yorig/mpils-results-grid-ticks-10000-7may/medium-1/24proc/seed-3/10_neos-3555904-turama_seed-3_20260509_072833/iterated_local_search/run_5_worker_17/ils_config_14756809975854788515.prm
[WARN]:[07:38:30] CPLEX finished without a primal feasible solution for config /scratch/yorig/mpils-results-grid-ticks-10000-7may/medium-1/24proc/seed-3/10_neos-3555904-turama_seed-3_20260509_072833/iterated_local_search/run_5_worker_17/ils_config_14756809975854788515.prm.
[INFO]:[07:38:30] CPLEX results. Gap: unavailable, upper bound: null, lower bound: -42186.000000
[INFO]:[07:38:30] CPLEX solver finished. Gap: 179769313486231570814527423731704356798070567525844996598917476803157260780028538760589558632766878171540458953514382464234321326889464182768467546703537516986049910576551282076245490090389328944075868508455133942304583236903222948165808559332123348274797826204144723168738177180919299881250404026184124858368.000000
[INFO]:[07:38:30] Starting CPLEX solver on instance: /home/yorig/tuner/mpils-tests/instances/miplib/medium-1/neos-3555904-turama.mps with config: /scratch/yorig/mpils-results-grid-ticks-10000-7may/medium-1/24proc/seed-3/10_neos-3555904-turama_seed-3_20260509_072833/iterated_local_search/run_5_worker_17/ils_config_3026428863941158212.prm
[INFO]:[07:38:30] Starting CPLEX solver on instance: /home/yorig/tuner/mpils-tests/instances/miplib/medium-1/neos-3555904-turama.mps with config: /scratch/yorig/mpils-results-grid-ticks-10000-7may/medium-1/24proc/seed-3/10_neos-3555904-turama_seed-3_20260509_072833/iterated_local_search/run_5_worker_17/ils_config_3026428863941158212.prm
[WARN]:[07:38:38] CPLEX finished without a primal feasible solution for config /scratch/yorig/mpils-results-grid-ticks-10000-7may/medium-1/24proc/seed-3/10_neos-3555904-turama_seed-3_20260509_072833/iterated_local_search/run_5_worker_17/ils_config_3026428863941158212.prm.
[INFO]:[07:38:38] CPLEX results. Gap: unavailable, upper bound: null, lower bound: -42186.000000
[INFO]:[07:38:38] CPLEX solver finished. Gap: 179769313486231570814527423731704356798070567525844996598917476803157260780028538760589558632766878171540458953514382464234321326889464182768467546703537516986049910576551282076245490090389328944075868508455133942304583236903222948165808559332123348274797826204144723168738177180919299881250404026184124858368.000000
[INFO]:[07:38:38] Local search phase completed.
[INFO]:[07:38:38] Total number of new local-search evaluations: 30
[INFO]:[07:38:38] Final incumbent objective value: 19.45
[INFO]:[07:39:27] Worker 17 completed exploration phase.
[INFO]:[07:39:28] Worker 17 received order for step 2.
[INFO]:[07:39:28] Worker 17 running expansion phase for iteration 5.
[INFO]:[07:39:28] Worker 17 will use solver log file: /scratch/yorig/mpils-results-grid-ticks-10000-7may/medium-1/24proc/seed-3/10_neos-3555904-turama_seed-3_20260509_072833/solver/cplex.log_iteration_expansion_5_worker_17
[INFO]:[07:39:28] Expansion Worker 17 starting expansion for iteration 5.
[INFO]:[07:39:28] Starting CPLEX solver on instance: /home/yorig/tuner/mpils-tests/instances/miplib/medium-1/neos-3555904-turama.mps with config: /scratch/yorig/mpils-results-grid-ticks-10000-7may/medium-1/24proc/seed-3/10_neos-3555904-turama_seed-3_20260509_072833/expansion/config_param_CPXPARAM_Simplex_Limits_Singularity_2_iter_5.prm
[INFO]:[07:39:35] CPLEX results. Gap: 18.010000, upper bound: -34.700000, lower bound: -40.950000
[INFO]:[07:39:35] CPLEX solver finished. Gap: 18.010000
[INFO]:[07:39:46] Expansion Worker 17 completed expansion.
[INFO]:[07:39:46] Worker 17 completed expansion phase.
[INFO]:[07:39:48] Worker 17 received order for step 1.
[INFO]:[07:39:48] Worker 17 running exploration phase for iteration 6.
[INFO]:[07:39:48] Worker 17 at iteration 6 will not use a MIP start file. Current best MIP-start upper bound threshold is 1.79769e+308.
[INFO]:[07:39:48] Starting local search phase...
[INFO]:[07:39:48] Creating local search space from parameter space file: /scratch/yorig/mpils-results-grid-ticks-10000-7may/medium-1/24proc/seed-3/10_neos-3555904-turama_seed-3_20260509_072833/iterated_local_search/search_space/search_space_file_6_worker_17.txt
[INFO]:[07:39:48] Local search space loaded from file: /scratch/yorig/mpils-results-grid-ticks-10000-7may/medium-1/24proc/seed-3/10_neos-3555904-turama_seed-3_20260509_072833/iterated_local_search/search_space/search_space_file_6_worker_17.txt
[INFO]:[07:39:48] Number of parameters in local search space: 71
[INFO]:[07:39:48] Number of forbidden tuples in local search space: 108
[INFO]:[07:39:48] Number of conditionals in local search space: 6
[INFO]:[07:39:48] MIP start option not enabled. Local search will proceed without MIP start.
[INFO]:[07:39:48] Evaluating initial configuration for local search phase...
[INFO]:[07:39:48] Starting CPLEX solver on instance: /home/yorig/tuner/mpils-tests/instances/miplib/medium-1/neos-3555904-turama.mps with config: /scratch/yorig/mpils-results-grid-ticks-10000-7may/medium-1/24proc/seed-3/10_neos-3555904-turama_seed-3_20260509_072833/iterated_local_search/run_6_worker_17/ils_config_17860284216374848505.prm
[INFO]:[07:39:48] Starting CPLEX solver on instance: /home/yorig/tuner/mpils-tests/instances/miplib/medium-1/neos-3555904-turama.mps with config: /scratch/yorig/mpils-results-grid-ticks-10000-7may/medium-1/24proc/seed-3/10_neos-3555904-turama_seed-3_20260509_072833/iterated_local_search/run_6_worker_17/ils_config_17860284216374848505.prm
[WARN]:[07:39:56] CPLEX finished without a primal feasible solution for config /scratch/yorig/mpils-results-grid-ticks-10000-7may/medium-1/24proc/seed-3/10_neos-3555904-turama_seed-3_20260509_072833/iterated_local_search/run_6_worker_17/ils_config_17860284216374848505.prm.
[INFO]:[07:39:56] CPLEX results. Gap: unavailable, upper bound: null, lower bound: -42186.000000
[INFO]:[07:39:56] CPLEX solver finished. Gap: 179769313486231570814527423731704356798070567525844996598917476803157260780028538760589558632766878171540458953514382464234321326889464182768467546703537516986049910576551282076245490090389328944075868508455133942304583236903222948165808559332123348274797826204144723168738177180919299881250404026184124858368.000000
[INFO]:[07:39:56] Initial configuration evaluated with objective value: 1.79769e+308
[INFO]:[07:39:56] Starting CPLEX solver on instance: /home/yorig/tuner/mpils-tests/instances/miplib/medium-1/neos-3555904-turama.mps with config: /scratch/yorig/mpils-results-grid-ticks-10000-7may/medium-1/24proc/seed-3/10_neos-3555904-turama_seed-3_20260509_072833/iterated_local_search/run_6_worker_17/ils_config_6048287528260561642.prm
[INFO]:[07:39:56] Starting CPLEX solver on instance: /home/yorig/tuner/mpils-tests/instances/miplib/medium-1/neos-3555904-turama.mps with config: /scratch/yorig/mpils-results-grid-ticks-10000-7may/medium-1/24proc/seed-3/10_neos-3555904-turama_seed-3_20260509_072833/iterated_local_search/run_6_worker_17/ils_config_6048287528260561642.prm
[WARN]:[07:40:03] CPLEX finished without a primal feasible solution for config /scratch/yorig/mpils-results-grid-ticks-10000-7may/medium-1/24proc/seed-3/10_neos-3555904-turama_seed-3_20260509_072833/iterated_local_search/run_6_worker_17/ils_config_6048287528260561642.prm.
[INFO]:[07:40:03] CPLEX results. Gap: unavailable, upper bound: null, lower bound: -42186.000000
[INFO]:[07:40:03] CPLEX solver finished. Gap: 179769313486231570814527423731704356798070567525844996598917476803157260780028538760589558632766878171540458953514382464234321326889464182768467546703537516986049910576551282076245490090389328944075868508455133942304583236903222948165808559332123348274797826204144723168738177180919299881250404026184124858368.000000
[INFO]:[07:40:03] Starting CPLEX solver on instance: /home/yorig/tuner/mpils-tests/instances/miplib/medium-1/neos-3555904-turama.mps with config: /scratch/yorig/mpils-results-grid-ticks-10000-7may/medium-1/24proc/seed-3/10_neos-3555904-turama_seed-3_20260509_072833/iterated_local_search/run_6_worker_17/ils_config_14927087429952466351.prm
[INFO]:[07:40:03] Starting CPLEX solver on instance: /home/yorig/tuner/mpils-tests/instances/miplib/medium-1/neos-3555904-turama.mps with config: /scratch/yorig/mpils-results-grid-ticks-10000-7may/medium-1/24proc/seed-3/10_neos-3555904-turama_seed-3_20260509_072833/iterated_local_search/run_6_worker_17/ils_config_14927087429952466351.prm
[WARN]:[07:40:11] CPLEX finished without a primal feasible solution for config /scratch/yorig/mpils-results-grid-ticks-10000-7may/medium-1/24proc/seed-3/10_neos-3555904-turama_seed-3_20260509_072833/iterated_local_search/run_6_worker_17/ils_config_14927087429952466351.prm.
[INFO]:[07:40:11] CPLEX results. Gap: unavailable, upper bound: null, lower bound: -42186.000000
[INFO]:[07:40:11] CPLEX solver finished. Gap: 179769313486231570814527423731704356798070567525844996598917476803157260780028538760589558632766878171540458953514382464234321326889464182768467546703537516986049910576551282076245490090389328944075868508455133942304583236903222948165808559332123348274797826204144723168738177180919299881250404026184124858368.000000
[INFO]:[07:40:11] Starting CPLEX solver on instance: /home/yorig/tuner/mpils-tests/instances/miplib/medium-1/neos-3555904-turama.mps with config: /scratch/yorig/mpils-results-grid-ticks-10000-7may/medium-1/24proc/seed-3/10_neos-3555904-turama_seed-3_20260509_072833/iterated_local_search/run_6_worker_17/ils_config_2828294625227234100.prm
[INFO]:[07:40:11] Starting CPLEX solver on instance: /home/yorig/tuner/mpils-tests/instances/miplib/medium-1/neos-3555904-turama.mps with config: /scratch/yorig/mpils-results-grid-ticks-10000-7may/medium-1/24proc/seed-3/10_neos-3555904-turama_seed-3_20260509_072833/iterated_local_search/run_6_worker_17/ils_config_2828294625227234100.prm
[WARN]:[07:40:19] CPLEX finished without a primal feasible solution for config /scratch/yorig/mpils-results-grid-ticks-10000-7may/medium-1/24proc/seed-3/10_neos-3555904-turama_seed-3_20260509_072833/iterated_local_search/run_6_worker_17/ils_config_2828294625227234100.prm.
[INFO]:[07:40:19] CPLEX results. Gap: unavailable, upper bound: null, lower bound: -42186.000000
[INFO]:[07:40:19] CPLEX solver finished. Gap: 179769313486231570814527423731704356798070567525844996598917476803157260780028538760589558632766878171540458953514382464234321326889464182768467546703537516986049910576551282076245490090389328944075868508455133942304583236903222948165808559332123348274797826204144723168738177180919299881250404026184124858368.000000
[INFO]:[07:40:19] Starting CPLEX solver on instance: /home/yorig/tuner/mpils-tests/instances/miplib/medium-1/neos-3555904-turama.mps with config: /scratch/yorig/mpils-results-grid-ticks-10000-7may/medium-1/24proc/seed-3/10_neos-3555904-turama_seed-3_20260509_072833/iterated_local_search/run_6_worker_17/ils_config_8450198080583776962.prm
[INFO]:[07:40:19] Starting CPLEX solver on instance: /home/yorig/tuner/mpils-tests/instances/miplib/medium-1/neos-3555904-turama.mps with config: /scratch/yorig/mpils-results-grid-ticks-10000-7may/medium-1/24proc/seed-3/10_neos-3555904-turama_seed-3_20260509_072833/iterated_local_search/run_6_worker_17/ils_config_8450198080583776962.prm
[WARN]:[07:40:26] CPLEX finished without a primal feasible solution for config /scratch/yorig/mpils-results-grid-ticks-10000-7may/medium-1/24proc/seed-3/10_neos-3555904-turama_seed-3_20260509_072833/iterated_local_search/run_6_worker_17/ils_config_8450198080583776962.prm.
[INFO]:[07:40:26] CPLEX results. Gap: unavailable, upper bound: null, lower bound: -42186.000000
[INFO]:[07:40:26] CPLEX solver finished. Gap: 179769313486231570814527423731704356798070567525844996598917476803157260780028538760589558632766878171540458953514382464234321326889464182768467546703537516986049910576551282076245490090389328944075868508455133942304583236903222948165808559332123348274797826204144723168738177180919299881250404026184124858368.000000
[INFO]:[07:40:26] Starting CPLEX solver on instance: /home/yorig/tuner/mpils-tests/instances/miplib/medium-1/neos-3555904-turama.mps with config: /scratch/yorig/mpils-results-grid-ticks-10000-7may/medium-1/24proc/seed-3/10_neos-3555904-turama_seed-3_20260509_072833/iterated_local_search/run_6_worker_17/ils_config_16147424643024022504.prm
[INFO]:[07:40:26] Starting CPLEX solver on instance: /home/yorig/tuner/mpils-tests/instances/miplib/medium-1/neos-3555904-turama.mps with config: /scratch/yorig/mpils-results-grid-ticks-10000-7may/medium-1/24proc/seed-3/10_neos-3555904-turama_seed-3_20260509_072833/iterated_local_search/run_6_worker_17/ils_config_16147424643024022504.prm
[WARN]:[07:40:34] CPLEX finished without a primal feasible solution for config /scratch/yorig/mpils-results-grid-ticks-10000-7may/medium-1/24proc/seed-3/10_neos-3555904-turama_seed-3_20260509_072833/iterated_local_search/run_6_worker_17/ils_config_16147424643024022504.prm.
[INFO]:[07:40:34] CPLEX results. Gap: unavailable, upper bound: null, lower bound: -42186.000000
[INFO]:[07:40:34] CPLEX solver finished. Gap: 179769313486231570814527423731704356798070567525844996598917476803157260780028538760589558632766878171540458953514382464234321326889464182768467546703537516986049910576551282076245490090389328944075868508455133942304583236903222948165808559332123348274797826204144723168738177180919299881250404026184124858368.000000
[INFO]:[07:40:34] Starting CPLEX solver on instance: /home/yorig/tuner/mpils-tests/instances/miplib/medium-1/neos-3555904-turama.mps with config: /scratch/yorig/mpils-results-grid-ticks-10000-7may/medium-1/24proc/seed-3/10_neos-3555904-turama_seed-3_20260509_072833/iterated_local_search/run_6_worker_17/ils_config_11426317144120754716.prm
[INFO]:[07:40:34] Starting CPLEX solver on instance: /home/yorig/tuner/mpils-tests/instances/miplib/medium-1/neos-3555904-turama.mps with config: /scratch/yorig/mpils-results-grid-ticks-10000-7may/medium-1/24proc/seed-3/10_neos-3555904-turama_seed-3_20260509_072833/iterated_local_search/run_6_worker_17/ils_config_11426317144120754716.prm
[WARN]:[07:40:42] CPLEX finished without a primal feasible solution for config /scratch/yorig/mpils-results-grid-ticks-10000-7may/medium-1/24proc/seed-3/10_neos-3555904-turama_seed-3_20260509_072833/iterated_local_search/run_6_worker_17/ils_config_11426317144120754716.prm.
[INFO]:[07:40:42] CPLEX results. Gap: unavailable, upper bound: null, lower bound: -42186.000000
[INFO]:[07:40:42] CPLEX solver finished. Gap: 179769313486231570814527423731704356798070567525844996598917476803157260780028538760589558632766878171540458953514382464234321326889464182768467546703537516986049910576551282076245490090389328944075868508455133942304583236903222948165808559332123348274797826204144723168738177180919299881250404026184124858368.000000
[INFO]:[07:40:42] Starting CPLEX solver on instance: /home/yorig/tuner/mpils-tests/instances/miplib/medium-1/neos-3555904-turama.mps with config: /scratch/yorig/mpils-results-grid-ticks-10000-7may/medium-1/24proc/seed-3/10_neos-3555904-turama_seed-3_20260509_072833/iterated_local_search/run_6_worker_17/ils_config_3454837829728815123.prm
[INFO]:[07:40:42] Starting CPLEX solver on instance: /home/yorig/tuner/mpils-tests/instances/miplib/medium-1/neos-3555904-turama.mps with config: /scratch/yorig/mpils-results-grid-ticks-10000-7may/medium-1/24proc/seed-3/10_neos-3555904-turama_seed-3_20260509_072833/iterated_local_search/run_6_worker_17/ils_config_3454837829728815123.prm
[WARN]:[07:40:49] CPLEX finished without a primal feasible solution for config /scratch/yorig/mpils-results-grid-ticks-10000-7may/medium-1/24proc/seed-3/10_neos-3555904-turama_seed-3_20260509_072833/iterated_local_search/run_6_worker_17/ils_config_3454837829728815123.prm.
[INFO]:[07:40:49] CPLEX results. Gap: unavailable, upper bound: null, lower bound: -42186.000000
[INFO]:[07:40:49] CPLEX solver finished. Gap: 179769313486231570814527423731704356798070567525844996598917476803157260780028538760589558632766878171540458953514382464234321326889464182768467546703537516986049910576551282076245490090389328944075868508455133942304583236903222948165808559332123348274797826204144723168738177180919299881250404026184124858368.000000
[INFO]:[07:40:49] Starting CPLEX solver on instance: /home/yorig/tuner/mpils-tests/instances/miplib/medium-1/neos-3555904-turama.mps with config: /scratch/yorig/mpils-results-grid-ticks-10000-7may/medium-1/24proc/seed-3/10_neos-3555904-turama_seed-3_20260509_072833/iterated_local_search/run_6_worker_17/ils_config_13971827577670753220.prm
[INFO]:[07:40:49] Starting CPLEX solver on instance: /home/yorig/tuner/mpils-tests/instances/miplib/medium-1/neos-3555904-turama.mps with config: /scratch/yorig/mpils-results-grid-ticks-10000-7may/medium-1/24proc/seed-3/10_neos-3555904-turama_seed-3_20260509_072833/iterated_local_search/run_6_worker_17/ils_config_13971827577670753220.prm
[WARN]:[07:40:57] CPLEX finished without a primal feasible solution for config /scratch/yorig/mpils-results-grid-ticks-10000-7may/medium-1/24proc/seed-3/10_neos-3555904-turama_seed-3_20260509_072833/iterated_local_search/run_6_worker_17/ils_config_13971827577670753220.prm.
[INFO]:[07:40:57] CPLEX results. Gap: unavailable, upper bound: null, lower bound: -42186.000000
[INFO]:[07:40:57] CPLEX solver finished. Gap: 179769313486231570814527423731704356798070567525844996598917476803157260780028538760589558632766878171540458953514382464234321326889464182768467546703537516986049910576551282076245490090389328944075868508455133942304583236903222948165808559332123348274797826204144723168738177180919299881250404026184124858368.000000
[INFO]:[07:40:57] Local search phase completed.
[INFO]:[07:40:57] Total number of new local-search evaluations: 9
[INFO]:[07:40:57] Final incumbent objective value: 1.79769e+308
[INFO]:[07:41:09] Worker 17 completed exploration phase.
[INFO]:[07:41:09] Worker 17 received order for step 3.
[INFO]:[07:41:09] Worker 17 finished.
