[INFO]:[07:28:36] Worker 16 starting.
[INFO]:[07:28:36] Worker 16 received order for step 1.
[INFO]:[07:28:36] Worker 16 running exploration phase for iteration 1.
[INFO]:[07:28:36] Worker 16 at iteration 1 will not use a MIP start file. Current best MIP-start upper bound threshold is 1.79769e+308.
[INFO]:[07:28:36] Starting local search phase...
[INFO]:[07:28:36] Creating local search space from parameter space file: /scratch/yorig/mpils-results-grid-ticks-10000-7may/medium-1/24proc/seed-3/10_neos-3555904-turama_seed-3_20260509_072833/iterated_local_search/search_space/search_space_file_1_worker_16.txt
[INFO]:[07:28:36] Local search space loaded from file: /scratch/yorig/mpils-results-grid-ticks-10000-7may/medium-1/24proc/seed-3/10_neos-3555904-turama_seed-3_20260509_072833/iterated_local_search/search_space/search_space_file_1_worker_16.txt
[INFO]:[07:28:36] Number of parameters in local search space: 71
[INFO]:[07:28:36] Number of forbidden tuples in local search space: 0
[INFO]:[07:28:36] Number of conditionals in local search space: 6
[INFO]:[07:28:36] MIP start option not enabled. Local search will proceed without MIP start.
[INFO]:[07:28:36] Evaluating initial configuration for local search phase...
[INFO]:[07:28:36] Starting CPLEX solver on instance: /home/yorig/tuner/mpils-tests/instances/miplib/medium-1/neos-3555904-turama.mps with config: /scratch/yorig/mpils-results-grid-ticks-10000-7may/medium-1/24proc/seed-3/10_neos-3555904-turama_seed-3_20260509_072833/iterated_local_search/run_1_worker_16/ils_config_638895054080268985.prm
[INFO]:[07:28:36] Starting CPLEX solver on instance: /home/yorig/tuner/mpils-tests/instances/miplib/medium-1/neos-3555904-turama.mps with config: /scratch/yorig/mpils-results-grid-ticks-10000-7may/medium-1/24proc/seed-3/10_neos-3555904-turama_seed-3_20260509_072833/iterated_local_search/run_1_worker_16/ils_config_638895054080268985.prm
[INFO]:[07:28:43] CPLEX results. Gap: 81360.540000, upper bound: -33.200000, lower bound: -27044.900000
[INFO]:[07:28:43] CPLEX solver finished. Gap: 81360.540000
[INFO]:[07:28:43] Initial configuration evaluated with objective value: 81360.5
[INFO]:[07:28:43] Starting CPLEX solver on instance: /home/yorig/tuner/mpils-tests/instances/miplib/medium-1/neos-3555904-turama.mps with config: /scratch/yorig/mpils-results-grid-ticks-10000-7may/medium-1/24proc/seed-3/10_neos-3555904-turama_seed-3_20260509_072833/iterated_local_search/run_1_worker_16/ils_config_7195714985602320012.prm
[INFO]:[07:28:43] Starting CPLEX solver on instance: /home/yorig/tuner/mpils-tests/instances/miplib/medium-1/neos-3555904-turama.mps with config: /scratch/yorig/mpils-results-grid-ticks-10000-7may/medium-1/24proc/seed-3/10_neos-3555904-turama_seed-3_20260509_072833/iterated_local_search/run_1_worker_16/ils_config_7195714985602320012.prm
[INFO]:[07:28:50] CPLEX results. Gap: 81360.540000, upper bound: -33.200000, lower bound: -27044.900000
[INFO]:[07:28:50] CPLEX solver finished. Gap: 81360.540000
[INFO]:[07:28:50] Starting CPLEX solver on instance: /home/yorig/tuner/mpils-tests/instances/miplib/medium-1/neos-3555904-turama.mps with config: /scratch/yorig/mpils-results-grid-ticks-10000-7may/medium-1/24proc/seed-3/10_neos-3555904-turama_seed-3_20260509_072833/iterated_local_search/run_1_worker_16/ils_config_2257010662899762449.prm
[INFO]:[07:28:50] Starting CPLEX solver on instance: /home/yorig/tuner/mpils-tests/instances/miplib/medium-1/neos-3555904-turama.mps with config: /scratch/yorig/mpils-results-grid-ticks-10000-7may/medium-1/24proc/seed-3/10_neos-3555904-turama_seed-3_20260509_072833/iterated_local_search/run_1_worker_16/ils_config_2257010662899762449.prm
[INFO]:[07:28:57] CPLEX results. Gap: 81360.540000, upper bound: -33.200000, lower bound: -27044.900000
[INFO]:[07:28:57] CPLEX solver finished. Gap: 81360.540000
[INFO]:[07:28:57] Starting CPLEX solver on instance: /home/yorig/tuner/mpils-tests/instances/miplib/medium-1/neos-3555904-turama.mps with config: /scratch/yorig/mpils-results-grid-ticks-10000-7may/medium-1/24proc/seed-3/10_neos-3555904-turama_seed-3_20260509_072833/iterated_local_search/run_1_worker_16/ils_config_14643941425944826121.prm
[INFO]:[07:28:57] Starting CPLEX solver on instance: /home/yorig/tuner/mpils-tests/instances/miplib/medium-1/neos-3555904-turama.mps with config: /scratch/yorig/mpils-results-grid-ticks-10000-7may/medium-1/24proc/seed-3/10_neos-3555904-turama_seed-3_20260509_072833/iterated_local_search/run_1_worker_16/ils_config_14643941425944826121.prm
[INFO]:[07:29:03] CPLEX results. Gap: 81360.540000, upper bound: -33.200000, lower bound: -27044.900000
[INFO]:[07:29:03] CPLEX solver finished. Gap: 81360.540000
[INFO]:[07:29:03] Starting CPLEX solver on instance: /home/yorig/tuner/mpils-tests/instances/miplib/medium-1/neos-3555904-turama.mps with config: /scratch/yorig/mpils-results-grid-ticks-10000-7may/medium-1/24proc/seed-3/10_neos-3555904-turama_seed-3_20260509_072833/iterated_local_search/run_1_worker_16/ils_config_5890631130751774689.prm
[INFO]:[07:29:03] Starting CPLEX solver on instance: /home/yorig/tuner/mpils-tests/instances/miplib/medium-1/neos-3555904-turama.mps with config: /scratch/yorig/mpils-results-grid-ticks-10000-7may/medium-1/24proc/seed-3/10_neos-3555904-turama_seed-3_20260509_072833/iterated_local_search/run_1_worker_16/ils_config_5890631130751774689.prm
[INFO]:[07:29:10] CPLEX results. Gap: 81360.540000, upper bound: -33.200000, lower bound: -27044.900000
[INFO]:[07:29:10] CPLEX solver finished. Gap: 81360.540000
[INFO]:[07:29:10] Starting CPLEX solver on instance: /home/yorig/tuner/mpils-tests/instances/miplib/medium-1/neos-3555904-turama.mps with config: /scratch/yorig/mpils-results-grid-ticks-10000-7may/medium-1/24proc/seed-3/10_neos-3555904-turama_seed-3_20260509_072833/iterated_local_search/run_1_worker_16/ils_config_5841862687465613231.prm
[INFO]:[07:29:10] Starting CPLEX solver on instance: /home/yorig/tuner/mpils-tests/instances/miplib/medium-1/neos-3555904-turama.mps with config: /scratch/yorig/mpils-results-grid-ticks-10000-7may/medium-1/24proc/seed-3/10_neos-3555904-turama_seed-3_20260509_072833/iterated_local_search/run_1_worker_16/ils_config_5841862687465613231.prm
[INFO]:[07:29:17] CPLEX results. Gap: 81360.540000, upper bound: -33.200000, lower bound: -27044.900000
[INFO]:[07:29:17] CPLEX solver finished. Gap: 81360.540000
[INFO]:[07:29:17] Starting CPLEX solver on instance: /home/yorig/tuner/mpils-tests/instances/miplib/medium-1/neos-3555904-turama.mps with config: /scratch/yorig/mpils-results-grid-ticks-10000-7may/medium-1/24proc/seed-3/10_neos-3555904-turama_seed-3_20260509_072833/iterated_local_search/run_1_worker_16/ils_config_12044939954069292702.prm
[INFO]:[07:29:17] Starting CPLEX solver on instance: /home/yorig/tuner/mpils-tests/instances/miplib/medium-1/neos-3555904-turama.mps with config: /scratch/yorig/mpils-results-grid-ticks-10000-7may/medium-1/24proc/seed-3/10_neos-3555904-turama_seed-3_20260509_072833/iterated_local_search/run_1_worker_16/ils_config_12044939954069292702.prm
[INFO]:[07:29:24] CPLEX results. Gap: 81360.540000, upper bound: -33.200000, lower bound: -27044.900000
[INFO]:[07:29:24] CPLEX solver finished. Gap: 81360.540000
[INFO]:[07:29:24] Starting CPLEX solver on instance: /home/yorig/tuner/mpils-tests/instances/miplib/medium-1/neos-3555904-turama.mps with config: /scratch/yorig/mpils-results-grid-ticks-10000-7may/medium-1/24proc/seed-3/10_neos-3555904-turama_seed-3_20260509_072833/iterated_local_search/run_1_worker_16/ils_config_16836686511136040593.prm
[INFO]:[07:29:24] Starting CPLEX solver on instance: /home/yorig/tuner/mpils-tests/instances/miplib/medium-1/neos-3555904-turama.mps with config: /scratch/yorig/mpils-results-grid-ticks-10000-7may/medium-1/24proc/seed-3/10_neos-3555904-turama_seed-3_20260509_072833/iterated_local_search/run_1_worker_16/ils_config_16836686511136040593.prm
[INFO]:[07:29:31] CPLEX results. Gap: 23.340000, upper bound: -33.200000, lower bound: -40.950000
[INFO]:[07:29:31] CPLEX solver finished. Gap: 23.340000
[INFO]:[07:29:31] New incumbent found with objective value: 23.34
[INFO]:[07:29:31] Starting CPLEX solver on instance: /home/yorig/tuner/mpils-tests/instances/miplib/medium-1/neos-3555904-turama.mps with config: /scratch/yorig/mpils-results-grid-ticks-10000-7may/medium-1/24proc/seed-3/10_neos-3555904-turama_seed-3_20260509_072833/iterated_local_search/run_1_worker_16/ils_config_14999449573369461006.prm
[INFO]:[07:29:31] Starting CPLEX solver on instance: /home/yorig/tuner/mpils-tests/instances/miplib/medium-1/neos-3555904-turama.mps with config: /scratch/yorig/mpils-results-grid-ticks-10000-7may/medium-1/24proc/seed-3/10_neos-3555904-turama_seed-3_20260509_072833/iterated_local_search/run_1_worker_16/ils_config_14999449573369461006.prm
[INFO]:[07:29:39] CPLEX results. Gap: 23.340000, upper bound: -33.200000, lower bound: -40.950000
[INFO]:[07:29:39] CPLEX solver finished. Gap: 23.340000
[INFO]:[07:29:39] Starting CPLEX solver on instance: /home/yorig/tuner/mpils-tests/instances/miplib/medium-1/neos-3555904-turama.mps with config: /scratch/yorig/mpils-results-grid-ticks-10000-7may/medium-1/24proc/seed-3/10_neos-3555904-turama_seed-3_20260509_072833/iterated_local_search/run_1_worker_16/ils_config_13297094640364089922.prm
[INFO]:[07:29:39] Starting CPLEX solver on instance: /home/yorig/tuner/mpils-tests/instances/miplib/medium-1/neos-3555904-turama.mps with config: /scratch/yorig/mpils-results-grid-ticks-10000-7may/medium-1/24proc/seed-3/10_neos-3555904-turama_seed-3_20260509_072833/iterated_local_search/run_1_worker_16/ils_config_13297094640364089922.prm
[INFO]:[07:29:46] CPLEX results. Gap: 23.340000, upper bound: -33.200000, lower bound: -40.950000
[INFO]:[07:29:46] CPLEX solver finished. Gap: 23.340000
[INFO]:[07:29:46] Starting CPLEX solver on instance: /home/yorig/tuner/mpils-tests/instances/miplib/medium-1/neos-3555904-turama.mps with config: /scratch/yorig/mpils-results-grid-ticks-10000-7may/medium-1/24proc/seed-3/10_neos-3555904-turama_seed-3_20260509_072833/iterated_local_search/run_1_worker_16/ils_config_14366479876397141040.prm
[INFO]:[07:29:46] Starting CPLEX solver on instance: /home/yorig/tuner/mpils-tests/instances/miplib/medium-1/neos-3555904-turama.mps with config: /scratch/yorig/mpils-results-grid-ticks-10000-7may/medium-1/24proc/seed-3/10_neos-3555904-turama_seed-3_20260509_072833/iterated_local_search/run_1_worker_16/ils_config_14366479876397141040.prm
[INFO]:[07:29:54] CPLEX results. Gap: 23.340000, upper bound: -33.200000, lower bound: -40.950000
[INFO]:[07:29:54] CPLEX solver finished. Gap: 23.340000
[INFO]:[07:29:54] Starting CPLEX solver on instance: /home/yorig/tuner/mpils-tests/instances/miplib/medium-1/neos-3555904-turama.mps with config: /scratch/yorig/mpils-results-grid-ticks-10000-7may/medium-1/24proc/seed-3/10_neos-3555904-turama_seed-3_20260509_072833/iterated_local_search/run_1_worker_16/ils_config_12660182270889321441.prm
[INFO]:[07:29:54] Starting CPLEX solver on instance: /home/yorig/tuner/mpils-tests/instances/miplib/medium-1/neos-3555904-turama.mps with config: /scratch/yorig/mpils-results-grid-ticks-10000-7may/medium-1/24proc/seed-3/10_neos-3555904-turama_seed-3_20260509_072833/iterated_local_search/run_1_worker_16/ils_config_12660182270889321441.prm
[INFO]:[07:30:01] CPLEX results. Gap: 23.340000, upper bound: -33.200000, lower bound: -40.950000
[INFO]:[07:30:01] CPLEX solver finished. Gap: 23.340000
[INFO]:[07:30:01] Starting CPLEX solver on instance: /home/yorig/tuner/mpils-tests/instances/miplib/medium-1/neos-3555904-turama.mps with config: /scratch/yorig/mpils-results-grid-ticks-10000-7may/medium-1/24proc/seed-3/10_neos-3555904-turama_seed-3_20260509_072833/iterated_local_search/run_1_worker_16/ils_config_16109418182698572535.prm
[INFO]:[07:30:01] Starting CPLEX solver on instance: /home/yorig/tuner/mpils-tests/instances/miplib/medium-1/neos-3555904-turama.mps with config: /scratch/yorig/mpils-results-grid-ticks-10000-7may/medium-1/24proc/seed-3/10_neos-3555904-turama_seed-3_20260509_072833/iterated_local_search/run_1_worker_16/ils_config_16109418182698572535.prm
[INFO]:[07:30:09] CPLEX results. Gap: 23.340000, upper bound: -33.200000, lower bound: -40.950000
[INFO]:[07:30:09] CPLEX solver finished. Gap: 23.340000
[INFO]:[07:30:09] Starting CPLEX solver on instance: /home/yorig/tuner/mpils-tests/instances/miplib/medium-1/neos-3555904-turama.mps with config: /scratch/yorig/mpils-results-grid-ticks-10000-7may/medium-1/24proc/seed-3/10_neos-3555904-turama_seed-3_20260509_072833/iterated_local_search/run_1_worker_16/ils_config_16647858152705038482.prm
[INFO]:[07:30:09] Starting CPLEX solver on instance: /home/yorig/tuner/mpils-tests/instances/miplib/medium-1/neos-3555904-turama.mps with config: /scratch/yorig/mpils-results-grid-ticks-10000-7may/medium-1/24proc/seed-3/10_neos-3555904-turama_seed-3_20260509_072833/iterated_local_search/run_1_worker_16/ils_config_16647858152705038482.prm
[INFO]:[07:30:16] CPLEX results. Gap: 23.340000, upper bound: -33.200000, lower bound: -40.950000
[INFO]:[07:30:16] CPLEX solver finished. Gap: 23.340000
[INFO]:[07:30:16] Starting CPLEX solver on instance: /home/yorig/tuner/mpils-tests/instances/miplib/medium-1/neos-3555904-turama.mps with config: /scratch/yorig/mpils-results-grid-ticks-10000-7may/medium-1/24proc/seed-3/10_neos-3555904-turama_seed-3_20260509_072833/iterated_local_search/run_1_worker_16/ils_config_15792481423568172591.prm
[INFO]:[07:30:16] Starting CPLEX solver on instance: /home/yorig/tuner/mpils-tests/instances/miplib/medium-1/neos-3555904-turama.mps with config: /scratch/yorig/mpils-results-grid-ticks-10000-7may/medium-1/24proc/seed-3/10_neos-3555904-turama_seed-3_20260509_072833/iterated_local_search/run_1_worker_16/ils_config_15792481423568172591.prm
[INFO]:[07:30:23] CPLEX results. Gap: 23.340000, upper bound: -33.200000, lower bound: -40.950000
[INFO]:[07:30:23] CPLEX solver finished. Gap: 23.340000
[INFO]:[07:30:23] Starting CPLEX solver on instance: /home/yorig/tuner/mpils-tests/instances/miplib/medium-1/neos-3555904-turama.mps with config: /scratch/yorig/mpils-results-grid-ticks-10000-7may/medium-1/24proc/seed-3/10_neos-3555904-turama_seed-3_20260509_072833/iterated_local_search/run_1_worker_16/ils_config_15636982187365314642.prm
[INFO]:[07:30:23] Starting CPLEX solver on instance: /home/yorig/tuner/mpils-tests/instances/miplib/medium-1/neos-3555904-turama.mps with config: /scratch/yorig/mpils-results-grid-ticks-10000-7may/medium-1/24proc/seed-3/10_neos-3555904-turama_seed-3_20260509_072833/iterated_local_search/run_1_worker_16/ils_config_15636982187365314642.prm
[INFO]:[07:30:31] CPLEX results. Gap: 23.340000, upper bound: -33.200000, lower bound: -40.950000
[INFO]:[07:30:31] CPLEX solver finished. Gap: 23.340000
[INFO]:[07:30:31] Starting CPLEX solver on instance: /home/yorig/tuner/mpils-tests/instances/miplib/medium-1/neos-3555904-turama.mps with config: /scratch/yorig/mpils-results-grid-ticks-10000-7may/medium-1/24proc/seed-3/10_neos-3555904-turama_seed-3_20260509_072833/iterated_local_search/run_1_worker_16/ils_config_14001056654211822276.prm
[INFO]:[07:30:31] Starting CPLEX solver on instance: /home/yorig/tuner/mpils-tests/instances/miplib/medium-1/neos-3555904-turama.mps with config: /scratch/yorig/mpils-results-grid-ticks-10000-7may/medium-1/24proc/seed-3/10_neos-3555904-turama_seed-3_20260509_072833/iterated_local_search/run_1_worker_16/ils_config_14001056654211822276.prm
[INFO]:[07:30:38] CPLEX results. Gap: 23.340000, upper bound: -33.200000, lower bound: -40.950000
[INFO]:[07:30:38] CPLEX solver finished. Gap: 23.340000
[INFO]:[07:30:38] Starting CPLEX solver on instance: /home/yorig/tuner/mpils-tests/instances/miplib/medium-1/neos-3555904-turama.mps with config: /scratch/yorig/mpils-results-grid-ticks-10000-7may/medium-1/24proc/seed-3/10_neos-3555904-turama_seed-3_20260509_072833/iterated_local_search/run_1_worker_16/ils_config_6881102003162249446.prm
[INFO]:[07:30:38] Starting CPLEX solver on instance: /home/yorig/tuner/mpils-tests/instances/miplib/medium-1/neos-3555904-turama.mps with config: /scratch/yorig/mpils-results-grid-ticks-10000-7may/medium-1/24proc/seed-3/10_neos-3555904-turama_seed-3_20260509_072833/iterated_local_search/run_1_worker_16/ils_config_6881102003162249446.prm
[INFO]:[07:30:46] CPLEX results. Gap: 23.340000, upper bound: -33.200000, lower bound: -40.950000
[INFO]:[07:30:46] CPLEX solver finished. Gap: 23.340000
[INFO]:[07:30:46] Starting CPLEX solver on instance: /home/yorig/tuner/mpils-tests/instances/miplib/medium-1/neos-3555904-turama.mps with config: /scratch/yorig/mpils-results-grid-ticks-10000-7may/medium-1/24proc/seed-3/10_neos-3555904-turama_seed-3_20260509_072833/iterated_local_search/run_1_worker_16/ils_config_8466729679077849307.prm
[INFO]:[07:30:46] Starting CPLEX solver on instance: /home/yorig/tuner/mpils-tests/instances/miplib/medium-1/neos-3555904-turama.mps with config: /scratch/yorig/mpils-results-grid-ticks-10000-7may/medium-1/24proc/seed-3/10_neos-3555904-turama_seed-3_20260509_072833/iterated_local_search/run_1_worker_16/ils_config_8466729679077849307.prm
[INFO]:[07:30:53] CPLEX results. Gap: 23.340000, upper bound: -33.200000, lower bound: -40.950000
[INFO]:[07:30:53] CPLEX solver finished. Gap: 23.340000
[INFO]:[07:30:53] Starting CPLEX solver on instance: /home/yorig/tuner/mpils-tests/instances/miplib/medium-1/neos-3555904-turama.mps with config: /scratch/yorig/mpils-results-grid-ticks-10000-7may/medium-1/24proc/seed-3/10_neos-3555904-turama_seed-3_20260509_072833/iterated_local_search/run_1_worker_16/ils_config_14937514814143950101.prm
[INFO]:[07:30:53] Starting CPLEX solver on instance: /home/yorig/tuner/mpils-tests/instances/miplib/medium-1/neos-3555904-turama.mps with config: /scratch/yorig/mpils-results-grid-ticks-10000-7may/medium-1/24proc/seed-3/10_neos-3555904-turama_seed-3_20260509_072833/iterated_local_search/run_1_worker_16/ils_config_14937514814143950101.prm
[INFO]:[07:31:00] CPLEX results. Gap: 23.340000, upper bound: -33.200000, lower bound: -40.950000
[INFO]:[07:31:00] CPLEX solver finished. Gap: 23.340000
[INFO]:[07:31:00] Local search phase completed.
[INFO]:[07:31:00] Total number of new local-search evaluations: 20
[INFO]:[07:31:00] Final incumbent objective value: 23.34
[INFO]:[07:31:06] Worker 16 completed exploration phase.
[INFO]:[07:31:07] Worker 16 received order for step 2.
[INFO]:[07:31:07] Worker 16 running expansion phase for iteration 1.
[INFO]:[07:31:07] Worker 16 will use solver log file: /scratch/yorig/mpils-results-grid-ticks-10000-7may/medium-1/24proc/seed-3/10_neos-3555904-turama_seed-3_20260509_072833/solver/cplex.log_iteration_expansion_1_worker_16
[INFO]:[07:31:07] Expansion Worker 16 starting expansion for iteration 1.
[INFO]:[07:31:07] Starting CPLEX solver on instance: /home/yorig/tuner/mpils-tests/instances/miplib/medium-1/neos-3555904-turama.mps with config: /scratch/yorig/mpils-results-grid-ticks-10000-7may/medium-1/24proc/seed-3/10_neos-3555904-turama_seed-3_20260509_072833/expansion/config_param_CPXPARAM_MIP_Strategy_Dive_1_iter_1.prm
[INFO]:[07:31:14] CPLEX results. Gap: 18.010000, upper bound: -34.700000, lower bound: -40.950000
[INFO]:[07:31:14] CPLEX solver finished. Gap: 18.010000
[INFO]:[07:31:16] Starting CPLEX solver on instance: /home/yorig/tuner/mpils-tests/instances/miplib/medium-1/neos-3555904-turama.mps with config: /scratch/yorig/mpils-results-grid-ticks-10000-7may/medium-1/24proc/seed-3/10_neos-3555904-turama_seed-3_20260509_072833/expansion/config_param_CPXPARAM_MIP_Strategy_BBInterval_2_iter_1.prm
[INFO]:[07:31:23] CPLEX results. Gap: 18.010000, upper bound: -34.700000, lower bound: -40.950000
[INFO]:[07:31:23] CPLEX solver finished. Gap: 18.010000
[INFO]:[07:31:31] Expansion Worker 16 completed expansion.
[INFO]:[07:31:31] Worker 16 completed expansion phase.
[INFO]:[07:31:31] Worker 16 received order for step 1.
[INFO]:[07:31:31] Worker 16 running exploration phase for iteration 2.
[INFO]:[07:31:31] Worker 16 at iteration 2 will not use a MIP start file. Current best MIP-start upper bound threshold is 1.79769e+308.
[INFO]:[07:31:31] Starting local search phase...
[INFO]:[07:31:31] Creating local search space from parameter space file: /scratch/yorig/mpils-results-grid-ticks-10000-7may/medium-1/24proc/seed-3/10_neos-3555904-turama_seed-3_20260509_072833/iterated_local_search/search_space/search_space_file_2_worker_16.txt
[INFO]:[07:31:31] Local search space loaded from file: /scratch/yorig/mpils-results-grid-ticks-10000-7may/medium-1/24proc/seed-3/10_neos-3555904-turama_seed-3_20260509_072833/iterated_local_search/search_space/search_space_file_2_worker_16.txt
[INFO]:[07:31:31] Number of parameters in local search space: 71
[INFO]:[07:31:31] Number of forbidden tuples in local search space: 16
[INFO]:[07:31:31] Number of conditionals in local search space: 6
[INFO]:[07:31:31] MIP start option not enabled. Local search will proceed without MIP start.
[INFO]:[07:31:31] Evaluating initial configuration for local search phase...
[INFO]:[07:31:31] Starting CPLEX solver on instance: /home/yorig/tuner/mpils-tests/instances/miplib/medium-1/neos-3555904-turama.mps with config: /scratch/yorig/mpils-results-grid-ticks-10000-7may/medium-1/24proc/seed-3/10_neos-3555904-turama_seed-3_20260509_072833/iterated_local_search/run_2_worker_16/ils_config_10359492916938203709.prm
[INFO]:[07:31:31] Starting CPLEX solver on instance: /home/yorig/tuner/mpils-tests/instances/miplib/medium-1/neos-3555904-turama.mps with config: /scratch/yorig/mpils-results-grid-ticks-10000-7may/medium-1/24proc/seed-3/10_neos-3555904-turama_seed-3_20260509_072833/iterated_local_search/run_2_worker_16/ils_config_10359492916938203709.prm
[INFO]:[07:31:39] CPLEX results. Gap: 23.340000, upper bound: -33.200000, lower bound: -40.950000
[INFO]:[07:31:39] CPLEX solver finished. Gap: 23.340000
[INFO]:[07:31:39] Initial configuration evaluated with objective value: 23.34
[INFO]:[07:31:39] Starting CPLEX solver on instance: /home/yorig/tuner/mpils-tests/instances/miplib/medium-1/neos-3555904-turama.mps with config: /scratch/yorig/mpils-results-grid-ticks-10000-7may/medium-1/24proc/seed-3/10_neos-3555904-turama_seed-3_20260509_072833/iterated_local_search/run_2_worker_16/ils_config_2855336647700763004.prm
[INFO]:[07:31:39] Starting CPLEX solver on instance: /home/yorig/tuner/mpils-tests/instances/miplib/medium-1/neos-3555904-turama.mps with config: /scratch/yorig/mpils-results-grid-ticks-10000-7may/medium-1/24proc/seed-3/10_neos-3555904-turama_seed-3_20260509_072833/iterated_local_search/run_2_worker_16/ils_config_2855336647700763004.prm
[INFO]:[07:31:46] CPLEX results. Gap: 23.340000, upper bound: -33.200000, lower bound: -40.950000
[INFO]:[07:31:46] CPLEX solver finished. Gap: 23.340000
[INFO]:[07:31:46] Starting CPLEX solver on instance: /home/yorig/tuner/mpils-tests/instances/miplib/medium-1/neos-3555904-turama.mps with config: /scratch/yorig/mpils-results-grid-ticks-10000-7may/medium-1/24proc/seed-3/10_neos-3555904-turama_seed-3_20260509_072833/iterated_local_search/run_2_worker_16/ils_config_12439828927464762290.prm
[INFO]:[07:31:46] Starting CPLEX solver on instance: /home/yorig/tuner/mpils-tests/instances/miplib/medium-1/neos-3555904-turama.mps with config: /scratch/yorig/mpils-results-grid-ticks-10000-7may/medium-1/24proc/seed-3/10_neos-3555904-turama_seed-3_20260509_072833/iterated_local_search/run_2_worker_16/ils_config_12439828927464762290.prm
[INFO]:[07:31:53] CPLEX results. Gap: 23.340000, upper bound: -33.200000, lower bound: -40.950000
[INFO]:[07:31:53] CPLEX solver finished. Gap: 23.340000
[INFO]:[07:31:53] Starting CPLEX solver on instance: /home/yorig/tuner/mpils-tests/instances/miplib/medium-1/neos-3555904-turama.mps with config: /scratch/yorig/mpils-results-grid-ticks-10000-7may/medium-1/24proc/seed-3/10_neos-3555904-turama_seed-3_20260509_072833/iterated_local_search/run_2_worker_16/ils_config_5710450246306491834.prm
[INFO]:[07:31:53] Starting CPLEX solver on instance: /home/yorig/tuner/mpils-tests/instances/miplib/medium-1/neos-3555904-turama.mps with config: /scratch/yorig/mpils-results-grid-ticks-10000-7may/medium-1/24proc/seed-3/10_neos-3555904-turama_seed-3_20260509_072833/iterated_local_search/run_2_worker_16/ils_config_5710450246306491834.prm
[INFO]:[07:32:01] CPLEX results. Gap: 23.340000, upper bound: -33.200000, lower bound: -40.950000
[INFO]:[07:32:01] CPLEX solver finished. Gap: 23.340000
[INFO]:[07:32:01] Starting CPLEX solver on instance: /home/yorig/tuner/mpils-tests/instances/miplib/medium-1/neos-3555904-turama.mps with config: /scratch/yorig/mpils-results-grid-ticks-10000-7may/medium-1/24proc/seed-3/10_neos-3555904-turama_seed-3_20260509_072833/iterated_local_search/run_2_worker_16/ils_config_18410459804398592443.prm
[INFO]:[07:32:01] Starting CPLEX solver on instance: /home/yorig/tuner/mpils-tests/instances/miplib/medium-1/neos-3555904-turama.mps with config: /scratch/yorig/mpils-results-grid-ticks-10000-7may/medium-1/24proc/seed-3/10_neos-3555904-turama_seed-3_20260509_072833/iterated_local_search/run_2_worker_16/ils_config_18410459804398592443.prm
[INFO]:[07:32:08] CPLEX results. Gap: 23.340000, upper bound: -33.200000, lower bound: -40.950000
[INFO]:[07:32:08] CPLEX solver finished. Gap: 23.340000
[INFO]:[07:32:08] Local search phase completed.
[INFO]:[07:32:08] Total number of new local-search evaluations: 5
[INFO]:[07:32:08] Final incumbent objective value: 23.34
[INFO]:[07:32:17] Worker 16 completed exploration phase.
[INFO]:[07:32:17] Worker 16 received order for step 2.
[INFO]:[07:32:17] Worker 16 running expansion phase for iteration 2.
[INFO]:[07:32:17] Worker 16 will use solver log file: /scratch/yorig/mpils-results-grid-ticks-10000-7may/medium-1/24proc/seed-3/10_neos-3555904-turama_seed-3_20260509_072833/solver/cplex.log_iteration_expansion_2_worker_16
[INFO]:[07:32:17] Expansion Worker 16 starting expansion for iteration 2.
[INFO]:[07:32:17] Starting CPLEX solver on instance: /home/yorig/tuner/mpils-tests/instances/miplib/medium-1/neos-3555904-turama.mps with config: /scratch/yorig/mpils-results-grid-ticks-10000-7may/medium-1/24proc/seed-3/10_neos-3555904-turama_seed-3_20260509_072833/expansion/config_param_CPXPARAM_MIP_Strategy_HeuristicFreq_20_iter_2.prm
[INFO]:[07:32:24] CPLEX results. Gap: 18.010000, upper bound: -34.700000, lower bound: -40.950000
[INFO]:[07:32:24] CPLEX solver finished. Gap: 18.010000
[INFO]:[07:33:01] Expansion Worker 16 completed expansion.
[INFO]:[07:33:01] Worker 16 completed expansion phase.
[INFO]:[07:33:01] Worker 16 received order for step 1.
[INFO]:[07:33:01] Worker 16 running exploration phase for iteration 3.
[INFO]:[07:33:01] Worker 16 at iteration 3 will not use a MIP start file. Current best MIP-start upper bound threshold is 1.79769e+308.
[INFO]:[07:33:01] Starting local search phase...
[INFO]:[07:33:01] Creating local search space from parameter space file: /scratch/yorig/mpils-results-grid-ticks-10000-7may/medium-1/24proc/seed-3/10_neos-3555904-turama_seed-3_20260509_072833/iterated_local_search/search_space/search_space_file_3_worker_16.txt
[INFO]:[07:33:01] Local search space loaded from file: /scratch/yorig/mpils-results-grid-ticks-10000-7may/medium-1/24proc/seed-3/10_neos-3555904-turama_seed-3_20260509_072833/iterated_local_search/search_space/search_space_file_3_worker_16.txt
[INFO]:[07:33:01] Number of parameters in local search space: 71
[INFO]:[07:33:01] Number of forbidden tuples in local search space: 34
[INFO]:[07:33:01] Number of conditionals in local search space: 6
[INFO]:[07:33:01] MIP start option not enabled. Local search will proceed without MIP start.
[INFO]:[07:33:01] Evaluating initial configuration for local search phase...
[INFO]:[07:33:01] Starting CPLEX solver on instance: /home/yorig/tuner/mpils-tests/instances/miplib/medium-1/neos-3555904-turama.mps with config: /scratch/yorig/mpils-results-grid-ticks-10000-7may/medium-1/24proc/seed-3/10_neos-3555904-turama_seed-3_20260509_072833/iterated_local_search/run_3_worker_16/ils_config_10610392199691259389.prm
[INFO]:[07:33:01] Starting CPLEX solver on instance: /home/yorig/tuner/mpils-tests/instances/miplib/medium-1/neos-3555904-turama.mps with config: /scratch/yorig/mpils-results-grid-ticks-10000-7may/medium-1/24proc/seed-3/10_neos-3555904-turama_seed-3_20260509_072833/iterated_local_search/run_3_worker_16/ils_config_10610392199691259389.prm
[INFO]:[07:33:08] CPLEX results. Gap: 18.010000, upper bound: -34.700000, lower bound: -40.950000
[INFO]:[07:33:08] CPLEX solver finished. Gap: 18.010000
[INFO]:[07:33:08] Initial configuration evaluated with objective value: 18.01
[INFO]:[07:33:08] Starting CPLEX solver on instance: /home/yorig/tuner/mpils-tests/instances/miplib/medium-1/neos-3555904-turama.mps with config: /scratch/yorig/mpils-results-grid-ticks-10000-7may/medium-1/24proc/seed-3/10_neos-3555904-turama_seed-3_20260509_072833/iterated_local_search/run_3_worker_16/ils_config_9987033412480844585.prm
[INFO]:[07:33:08] Starting CPLEX solver on instance: /home/yorig/tuner/mpils-tests/instances/miplib/medium-1/neos-3555904-turama.mps with config: /scratch/yorig/mpils-results-grid-ticks-10000-7may/medium-1/24proc/seed-3/10_neos-3555904-turama_seed-3_20260509_072833/iterated_local_search/run_3_worker_16/ils_config_9987033412480844585.prm
[INFO]:[07:33:15] CPLEX results. Gap: 18.010000, upper bound: -34.700000, lower bound: -40.950000
[INFO]:[07:33:15] CPLEX solver finished. Gap: 18.010000
[INFO]:[07:33:15] Starting CPLEX solver on instance: /home/yorig/tuner/mpils-tests/instances/miplib/medium-1/neos-3555904-turama.mps with config: /scratch/yorig/mpils-results-grid-ticks-10000-7may/medium-1/24proc/seed-3/10_neos-3555904-turama_seed-3_20260509_072833/iterated_local_search/run_3_worker_16/ils_config_10984739858252646285.prm
[INFO]:[07:33:15] Starting CPLEX solver on instance: /home/yorig/tuner/mpils-tests/instances/miplib/medium-1/neos-3555904-turama.mps with config: /scratch/yorig/mpils-results-grid-ticks-10000-7may/medium-1/24proc/seed-3/10_neos-3555904-turama_seed-3_20260509_072833/iterated_local_search/run_3_worker_16/ils_config_10984739858252646285.prm
[INFO]:[07:33:22] CPLEX results. Gap: 18.010000, upper bound: -34.700000, lower bound: -40.950000
[INFO]:[07:33:22] CPLEX solver finished. Gap: 18.010000
[INFO]:[07:33:22] Starting CPLEX solver on instance: /home/yorig/tuner/mpils-tests/instances/miplib/medium-1/neos-3555904-turama.mps with config: /scratch/yorig/mpils-results-grid-ticks-10000-7may/medium-1/24proc/seed-3/10_neos-3555904-turama_seed-3_20260509_072833/iterated_local_search/run_3_worker_16/ils_config_6760328389701787716.prm
[INFO]:[07:33:22] Starting CPLEX solver on instance: /home/yorig/tuner/mpils-tests/instances/miplib/medium-1/neos-3555904-turama.mps with config: /scratch/yorig/mpils-results-grid-ticks-10000-7may/medium-1/24proc/seed-3/10_neos-3555904-turama_seed-3_20260509_072833/iterated_local_search/run_3_worker_16/ils_config_6760328389701787716.prm
[INFO]:[07:33:29] CPLEX results. Gap: 18.010000, upper bound: -34.700000, lower bound: -40.950000
[INFO]:[07:33:29] CPLEX solver finished. Gap: 18.010000
[INFO]:[07:33:29] Starting CPLEX solver on instance: /home/yorig/tuner/mpils-tests/instances/miplib/medium-1/neos-3555904-turama.mps with config: /scratch/yorig/mpils-results-grid-ticks-10000-7may/medium-1/24proc/seed-3/10_neos-3555904-turama_seed-3_20260509_072833/iterated_local_search/run_3_worker_16/ils_config_14978180339384519325.prm
[INFO]:[07:33:29] Starting CPLEX solver on instance: /home/yorig/tuner/mpils-tests/instances/miplib/medium-1/neos-3555904-turama.mps with config: /scratch/yorig/mpils-results-grid-ticks-10000-7may/medium-1/24proc/seed-3/10_neos-3555904-turama_seed-3_20260509_072833/iterated_local_search/run_3_worker_16/ils_config_14978180339384519325.prm
[INFO]:[07:33:36] CPLEX results. Gap: 18.010000, upper bound: -34.700000, lower bound: -40.950000
[INFO]:[07:33:36] CPLEX solver finished. Gap: 18.010000
[INFO]:[07:33:36] Local search phase completed.
[INFO]:[07:33:36] Total number of new local-search evaluations: 5
[INFO]:[07:33:36] Final incumbent objective value: 18.01
[INFO]:[07:33:43] Worker 16 completed exploration phase.
[INFO]:[07:33:43] Worker 16 received order for step 2.
[INFO]:[07:33:43] Worker 16 running expansion phase for iteration 3.
[INFO]:[07:33:43] Worker 16 will use solver log file: /scratch/yorig/mpils-results-grid-ticks-10000-7may/medium-1/24proc/seed-3/10_neos-3555904-turama_seed-3_20260509_072833/solver/cplex.log_iteration_expansion_3_worker_16
[INFO]:[07:33:43] Expansion Worker 16 starting expansion for iteration 3.
[INFO]:[07:33:43] Starting CPLEX solver on instance: /home/yorig/tuner/mpils-tests/instances/miplib/medium-1/neos-3555904-turama.mps with config: /scratch/yorig/mpils-results-grid-ticks-10000-7may/medium-1/24proc/seed-3/10_neos-3555904-turama_seed-3_20260509_072833/expansion/config_param_CPXPARAM_Barrier_Crossover_1_iter_3.prm
[INFO]:[07:33:51] CPLEX results. Gap: 18.010000, upper bound: -34.700000, lower bound: -40.950000
[INFO]:[07:33:51] CPLEX solver finished. Gap: 18.010000
[INFO]:[07:34:00] Expansion Worker 16 completed expansion.
[INFO]:[07:34:00] Worker 16 completed expansion phase.
[INFO]:[07:34:00] Worker 16 received order for step 1.
[INFO]:[07:34:00] Worker 16 running exploration phase for iteration 4.
[INFO]:[07:34:00] Worker 16 at iteration 4 will not use a MIP start file. Current best MIP-start upper bound threshold is 1.79769e+308.
[INFO]:[07:34:00] Starting local search phase...
[INFO]:[07:34:00] Creating local search space from parameter space file: /scratch/yorig/mpils-results-grid-ticks-10000-7may/medium-1/24proc/seed-3/10_neos-3555904-turama_seed-3_20260509_072833/iterated_local_search/search_space/search_space_file_4_worker_16.txt
[INFO]:[07:34:00] Local search space loaded from file: /scratch/yorig/mpils-results-grid-ticks-10000-7may/medium-1/24proc/seed-3/10_neos-3555904-turama_seed-3_20260509_072833/iterated_local_search/search_space/search_space_file_4_worker_16.txt
[INFO]:[07:34:00] Number of parameters in local search space: 71
[INFO]:[07:34:00] Number of forbidden tuples in local search space: 62
[INFO]:[07:34:00] Number of conditionals in local search space: 6
[INFO]:[07:34:00] MIP start option not enabled. Local search will proceed without MIP start.
[INFO]:[07:34:00] Evaluating initial configuration for local search phase...
[INFO]:[07:34:00] Starting CPLEX solver on instance: /home/yorig/tuner/mpils-tests/instances/miplib/medium-1/neos-3555904-turama.mps with config: /scratch/yorig/mpils-results-grid-ticks-10000-7may/medium-1/24proc/seed-3/10_neos-3555904-turama_seed-3_20260509_072833/iterated_local_search/run_4_worker_16/ils_config_12262916805043249711.prm
[INFO]:[07:34:00] Starting CPLEX solver on instance: /home/yorig/tuner/mpils-tests/instances/miplib/medium-1/neos-3555904-turama.mps with config: /scratch/yorig/mpils-results-grid-ticks-10000-7may/medium-1/24proc/seed-3/10_neos-3555904-turama_seed-3_20260509_072833/iterated_local_search/run_4_worker_16/ils_config_12262916805043249711.prm
[INFO]:[07:34:09] CPLEX results. Gap: 105956.770000, upper bound: -34.700000, lower bound: -36801.700000
[INFO]:[07:34:09] CPLEX solver finished. Gap: 105956.770000
[INFO]:[07:34:09] Initial configuration evaluated with objective value: 105957
[INFO]:[07:34:09] Starting CPLEX solver on instance: /home/yorig/tuner/mpils-tests/instances/miplib/medium-1/neos-3555904-turama.mps with config: /scratch/yorig/mpils-results-grid-ticks-10000-7may/medium-1/24proc/seed-3/10_neos-3555904-turama_seed-3_20260509_072833/iterated_local_search/run_4_worker_16/ils_config_10036703666909199689.prm
[INFO]:[07:34:09] Starting CPLEX solver on instance: /home/yorig/tuner/mpils-tests/instances/miplib/medium-1/neos-3555904-turama.mps with config: /scratch/yorig/mpils-results-grid-ticks-10000-7may/medium-1/24proc/seed-3/10_neos-3555904-turama_seed-3_20260509_072833/iterated_local_search/run_4_worker_16/ils_config_10036703666909199689.prm
[INFO]:[07:34:17] CPLEX results. Gap: 105956.770000, upper bound: -34.700000, lower bound: -36801.700000
[INFO]:[07:34:17] CPLEX solver finished. Gap: 105956.770000
[INFO]:[07:34:17] Starting CPLEX solver on instance: /home/yorig/tuner/mpils-tests/instances/miplib/medium-1/neos-3555904-turama.mps with config: /scratch/yorig/mpils-results-grid-ticks-10000-7may/medium-1/24proc/seed-3/10_neos-3555904-turama_seed-3_20260509_072833/iterated_local_search/run_4_worker_16/ils_config_4586092016964288786.prm
[INFO]:[07:34:17] Starting CPLEX solver on instance: /home/yorig/tuner/mpils-tests/instances/miplib/medium-1/neos-3555904-turama.mps with config: /scratch/yorig/mpils-results-grid-ticks-10000-7may/medium-1/24proc/seed-3/10_neos-3555904-turama_seed-3_20260509_072833/iterated_local_search/run_4_worker_16/ils_config_4586092016964288786.prm
[INFO]:[07:34:25] CPLEX results. Gap: 105956.770000, upper bound: -34.700000, lower bound: -36801.700000
[INFO]:[07:34:25] CPLEX solver finished. Gap: 105956.770000
[INFO]:[07:34:25] Starting CPLEX solver on instance: /home/yorig/tuner/mpils-tests/instances/miplib/medium-1/neos-3555904-turama.mps with config: /scratch/yorig/mpils-results-grid-ticks-10000-7may/medium-1/24proc/seed-3/10_neos-3555904-turama_seed-3_20260509_072833/iterated_local_search/run_4_worker_16/ils_config_7929184800019915357.prm
[INFO]:[07:34:25] Starting CPLEX solver on instance: /home/yorig/tuner/mpils-tests/instances/miplib/medium-1/neos-3555904-turama.mps with config: /scratch/yorig/mpils-results-grid-ticks-10000-7may/medium-1/24proc/seed-3/10_neos-3555904-turama_seed-3_20260509_072833/iterated_local_search/run_4_worker_16/ils_config_7929184800019915357.prm
[INFO]:[07:34:33] CPLEX results. Gap: 105956.770000, upper bound: -34.700000, lower bound: -36801.700000
[INFO]:[07:34:33] CPLEX solver finished. Gap: 105956.770000
[INFO]:[07:34:33] Starting CPLEX solver on instance: /home/yorig/tuner/mpils-tests/instances/miplib/medium-1/neos-3555904-turama.mps with config: /scratch/yorig/mpils-results-grid-ticks-10000-7may/medium-1/24proc/seed-3/10_neos-3555904-turama_seed-3_20260509_072833/iterated_local_search/run_4_worker_16/ils_config_8535918031629238038.prm
[INFO]:[07:34:33] Starting CPLEX solver on instance: /home/yorig/tuner/mpils-tests/instances/miplib/medium-1/neos-3555904-turama.mps with config: /scratch/yorig/mpils-results-grid-ticks-10000-7may/medium-1/24proc/seed-3/10_neos-3555904-turama_seed-3_20260509_072833/iterated_local_search/run_4_worker_16/ils_config_8535918031629238038.prm
[INFO]:[07:34:42] CPLEX results. Gap: 105956.770000, upper bound: -34.700000, lower bound: -36801.700000
[INFO]:[07:34:42] CPLEX solver finished. Gap: 105956.770000
[INFO]:[07:34:42] Starting CPLEX solver on instance: /home/yorig/tuner/mpils-tests/instances/miplib/medium-1/neos-3555904-turama.mps with config: /scratch/yorig/mpils-results-grid-ticks-10000-7may/medium-1/24proc/seed-3/10_neos-3555904-turama_seed-3_20260509_072833/iterated_local_search/run_4_worker_16/ils_config_8620584755741707026.prm
[INFO]:[07:34:42] Starting CPLEX solver on instance: /home/yorig/tuner/mpils-tests/instances/miplib/medium-1/neos-3555904-turama.mps with config: /scratch/yorig/mpils-results-grid-ticks-10000-7may/medium-1/24proc/seed-3/10_neos-3555904-turama_seed-3_20260509_072833/iterated_local_search/run_4_worker_16/ils_config_8620584755741707026.prm
[INFO]:[07:34:50] CPLEX results. Gap: 105956.770000, upper bound: -34.700000, lower bound: -36801.700000
[INFO]:[07:34:50] CPLEX solver finished. Gap: 105956.770000
[INFO]:[07:34:50] Starting CPLEX solver on instance: /home/yorig/tuner/mpils-tests/instances/miplib/medium-1/neos-3555904-turama.mps with config: /scratch/yorig/mpils-results-grid-ticks-10000-7may/medium-1/24proc/seed-3/10_neos-3555904-turama_seed-3_20260509_072833/iterated_local_search/run_4_worker_16/ils_config_3866149051842417860.prm
[INFO]:[07:34:50] Starting CPLEX solver on instance: /home/yorig/tuner/mpils-tests/instances/miplib/medium-1/neos-3555904-turama.mps with config: /scratch/yorig/mpils-results-grid-ticks-10000-7may/medium-1/24proc/seed-3/10_neos-3555904-turama_seed-3_20260509_072833/iterated_local_search/run_4_worker_16/ils_config_3866149051842417860.prm
[INFO]:[07:34:57] CPLEX results. Gap: 116155.330000, upper bound: -34.700000, lower bound: -40340.600000
[INFO]:[07:34:57] CPLEX solver finished. Gap: 116155.330000
[INFO]:[07:34:57] Local search phase completed.
[INFO]:[07:34:57] Total number of new local-search evaluations: 7
[INFO]:[07:34:57] Final incumbent objective value: 105957
[INFO]:[07:35:00] Worker 16 completed exploration phase.
[INFO]:[07:35:00] Worker 16 received order for step 2.
[INFO]:[07:35:00] Worker 16 running expansion phase for iteration 4.
[INFO]:[07:35:00] Worker 16 will use solver log file: /scratch/yorig/mpils-results-grid-ticks-10000-7may/medium-1/24proc/seed-3/10_neos-3555904-turama_seed-3_20260509_072833/solver/cplex.log_iteration_expansion_4_worker_16
[INFO]:[07:35:00] Expansion Worker 16 starting expansion for iteration 4.
[INFO]:[07:35:00] Starting CPLEX solver on instance: /home/yorig/tuner/mpils-tests/instances/miplib/medium-1/neos-3555904-turama.mps with config: /scratch/yorig/mpils-results-grid-ticks-10000-7may/medium-1/24proc/seed-3/10_neos-3555904-turama_seed-3_20260509_072833/expansion/config_param_CPXPARAM_Network_Pricing_2_iter_4.prm
[INFO]:[07:35:08] CPLEX results. Gap: 18.010000, upper bound: -34.700000, lower bound: -40.950000
[INFO]:[07:35:08] CPLEX solver finished. Gap: 18.010000
[INFO]:[07:35:17] Expansion Worker 16 completed expansion.
[INFO]:[07:35:17] Worker 16 completed expansion phase.
[INFO]:[07:35:18] Worker 16 received order for step 1.
[INFO]:[07:35:18] Worker 16 running exploration phase for iteration 5.
[INFO]:[07:35:18] Worker 16 at iteration 5 will not use a MIP start file. Current best MIP-start upper bound threshold is 1.79769e+308.
[INFO]:[07:35:18] Starting local search phase...
[INFO]:[07:35:18] Creating local search space from parameter space file: /scratch/yorig/mpils-results-grid-ticks-10000-7may/medium-1/24proc/seed-3/10_neos-3555904-turama_seed-3_20260509_072833/iterated_local_search/search_space/search_space_file_5_worker_16.txt
[INFO]:[07:35:18] Local search space loaded from file: /scratch/yorig/mpils-results-grid-ticks-10000-7may/medium-1/24proc/seed-3/10_neos-3555904-turama_seed-3_20260509_072833/iterated_local_search/search_space/search_space_file_5_worker_16.txt
[INFO]:[07:35:18] Number of parameters in local search space: 71
[INFO]:[07:35:18] Number of forbidden tuples in local search space: 84
[INFO]:[07:35:18] Number of conditionals in local search space: 6
[INFO]:[07:35:18] MIP start option not enabled. Local search will proceed without MIP start.
[INFO]:[07:35:18] Evaluating initial configuration for local search phase...
[INFO]:[07:35:18] Starting CPLEX solver on instance: /home/yorig/tuner/mpils-tests/instances/miplib/medium-1/neos-3555904-turama.mps with config: /scratch/yorig/mpils-results-grid-ticks-10000-7may/medium-1/24proc/seed-3/10_neos-3555904-turama_seed-3_20260509_072833/iterated_local_search/run_5_worker_16/ils_config_15948257567722893668.prm
[INFO]:[07:35:18] Starting CPLEX solver on instance: /home/yorig/tuner/mpils-tests/instances/miplib/medium-1/neos-3555904-turama.mps with config: /scratch/yorig/mpils-results-grid-ticks-10000-7may/medium-1/24proc/seed-3/10_neos-3555904-turama_seed-3_20260509_072833/iterated_local_search/run_5_worker_16/ils_config_15948257567722893668.prm
[INFO]:[07:35:25] CPLEX results. Gap: 107058.500000, upper bound: -34.700000, lower bound: -37184.000000
[INFO]:[07:35:25] CPLEX solver finished. Gap: 107058.500000
[INFO]:[07:35:25] Initial configuration evaluated with objective value: 107058
[INFO]:[07:35:25] Starting CPLEX solver on instance: /home/yorig/tuner/mpils-tests/instances/miplib/medium-1/neos-3555904-turama.mps with config: /scratch/yorig/mpils-results-grid-ticks-10000-7may/medium-1/24proc/seed-3/10_neos-3555904-turama_seed-3_20260509_072833/iterated_local_search/run_5_worker_16/ils_config_1906472339869897959.prm
[INFO]:[07:35:25] Starting CPLEX solver on instance: /home/yorig/tuner/mpils-tests/instances/miplib/medium-1/neos-3555904-turama.mps with config: /scratch/yorig/mpils-results-grid-ticks-10000-7may/medium-1/24proc/seed-3/10_neos-3555904-turama_seed-3_20260509_072833/iterated_local_search/run_5_worker_16/ils_config_1906472339869897959.prm
[INFO]:[07:35:33] CPLEX results. Gap: 107058.500000, upper bound: -34.700000, lower bound: -37184.000000
[INFO]:[07:35:33] CPLEX solver finished. Gap: 107058.500000
[INFO]:[07:35:33] Starting CPLEX solver on instance: /home/yorig/tuner/mpils-tests/instances/miplib/medium-1/neos-3555904-turama.mps with config: /scratch/yorig/mpils-results-grid-ticks-10000-7may/medium-1/24proc/seed-3/10_neos-3555904-turama_seed-3_20260509_072833/iterated_local_search/run_5_worker_16/ils_config_11840788899618195580.prm
[INFO]:[07:35:33] Starting CPLEX solver on instance: /home/yorig/tuner/mpils-tests/instances/miplib/medium-1/neos-3555904-turama.mps with config: /scratch/yorig/mpils-results-grid-ticks-10000-7may/medium-1/24proc/seed-3/10_neos-3555904-turama_seed-3_20260509_072833/iterated_local_search/run_5_worker_16/ils_config_11840788899618195580.prm
[INFO]:[07:35:40] CPLEX results. Gap: 107058.500000, upper bound: -34.700000, lower bound: -37184.000000
[INFO]:[07:35:40] CPLEX solver finished. Gap: 107058.500000
[INFO]:[07:35:40] Starting CPLEX solver on instance: /home/yorig/tuner/mpils-tests/instances/miplib/medium-1/neos-3555904-turama.mps with config: /scratch/yorig/mpils-results-grid-ticks-10000-7may/medium-1/24proc/seed-3/10_neos-3555904-turama_seed-3_20260509_072833/iterated_local_search/run_5_worker_16/ils_config_3846383792860343043.prm
[INFO]:[07:35:40] Starting CPLEX solver on instance: /home/yorig/tuner/mpils-tests/instances/miplib/medium-1/neos-3555904-turama.mps with config: /scratch/yorig/mpils-results-grid-ticks-10000-7may/medium-1/24proc/seed-3/10_neos-3555904-turama_seed-3_20260509_072833/iterated_local_search/run_5_worker_16/ils_config_3846383792860343043.prm
[INFO]:[07:35:48] CPLEX results. Gap: 107058.500000, upper bound: -34.700000, lower bound: -37184.000000
[INFO]:[07:35:48] CPLEX solver finished. Gap: 107058.500000
[INFO]:[07:35:48] Starting CPLEX solver on instance: /home/yorig/tuner/mpils-tests/instances/miplib/medium-1/neos-3555904-turama.mps with config: /scratch/yorig/mpils-results-grid-ticks-10000-7may/medium-1/24proc/seed-3/10_neos-3555904-turama_seed-3_20260509_072833/iterated_local_search/run_5_worker_16/ils_config_2216986777901936661.prm
[INFO]:[07:35:48] Starting CPLEX solver on instance: /home/yorig/tuner/mpils-tests/instances/miplib/medium-1/neos-3555904-turama.mps with config: /scratch/yorig/mpils-results-grid-ticks-10000-7may/medium-1/24proc/seed-3/10_neos-3555904-turama_seed-3_20260509_072833/iterated_local_search/run_5_worker_16/ils_config_2216986777901936661.prm
[INFO]:[07:35:55] CPLEX results. Gap: 107058.500000, upper bound: -34.700000, lower bound: -37184.000000
[INFO]:[07:35:55] CPLEX solver finished. Gap: 107058.500000
[INFO]:[07:35:55] Starting CPLEX solver on instance: /home/yorig/tuner/mpils-tests/instances/miplib/medium-1/neos-3555904-turama.mps with config: /scratch/yorig/mpils-results-grid-ticks-10000-7may/medium-1/24proc/seed-3/10_neos-3555904-turama_seed-3_20260509_072833/iterated_local_search/run_5_worker_16/ils_config_9608657046024596249.prm
[INFO]:[07:35:55] Starting CPLEX solver on instance: /home/yorig/tuner/mpils-tests/instances/miplib/medium-1/neos-3555904-turama.mps with config: /scratch/yorig/mpils-results-grid-ticks-10000-7may/medium-1/24proc/seed-3/10_neos-3555904-turama_seed-3_20260509_072833/iterated_local_search/run_5_worker_16/ils_config_9608657046024596249.prm
[INFO]:[07:36:03] CPLEX results. Gap: 107058.500000, upper bound: -34.700000, lower bound: -37184.000000
[INFO]:[07:36:03] CPLEX solver finished. Gap: 107058.500000
[INFO]:[07:36:03] Starting CPLEX solver on instance: /home/yorig/tuner/mpils-tests/instances/miplib/medium-1/neos-3555904-turama.mps with config: /scratch/yorig/mpils-results-grid-ticks-10000-7may/medium-1/24proc/seed-3/10_neos-3555904-turama_seed-3_20260509_072833/iterated_local_search/run_5_worker_16/ils_config_2234466001748919877.prm
[INFO]:[07:36:03] Starting CPLEX solver on instance: /home/yorig/tuner/mpils-tests/instances/miplib/medium-1/neos-3555904-turama.mps with config: /scratch/yorig/mpils-results-grid-ticks-10000-7may/medium-1/24proc/seed-3/10_neos-3555904-turama_seed-3_20260509_072833/iterated_local_search/run_5_worker_16/ils_config_2234466001748919877.prm
[INFO]:[07:36:10] CPLEX results. Gap: 107058.500000, upper bound: -34.700000, lower bound: -37184.000000
[INFO]:[07:36:10] CPLEX solver finished. Gap: 107058.500000
[INFO]:[07:36:10] Starting CPLEX solver on instance: /home/yorig/tuner/mpils-tests/instances/miplib/medium-1/neos-3555904-turama.mps with config: /scratch/yorig/mpils-results-grid-ticks-10000-7may/medium-1/24proc/seed-3/10_neos-3555904-turama_seed-3_20260509_072833/iterated_local_search/run_5_worker_16/ils_config_15883451259046390193.prm
[INFO]:[07:36:10] Starting CPLEX solver on instance: /home/yorig/tuner/mpils-tests/instances/miplib/medium-1/neos-3555904-turama.mps with config: /scratch/yorig/mpils-results-grid-ticks-10000-7may/medium-1/24proc/seed-3/10_neos-3555904-turama_seed-3_20260509_072833/iterated_local_search/run_5_worker_16/ils_config_15883451259046390193.prm
[INFO]:[07:36:17] CPLEX results. Gap: 107058.500000, upper bound: -34.700000, lower bound: -37184.000000
[INFO]:[07:36:17] CPLEX solver finished. Gap: 107058.500000
[INFO]:[07:36:17] Starting CPLEX solver on instance: /home/yorig/tuner/mpils-tests/instances/miplib/medium-1/neos-3555904-turama.mps with config: /scratch/yorig/mpils-results-grid-ticks-10000-7may/medium-1/24proc/seed-3/10_neos-3555904-turama_seed-3_20260509_072833/iterated_local_search/run_5_worker_16/ils_config_3046300562436306802.prm
[INFO]:[07:36:17] Starting CPLEX solver on instance: /home/yorig/tuner/mpils-tests/instances/miplib/medium-1/neos-3555904-turama.mps with config: /scratch/yorig/mpils-results-grid-ticks-10000-7may/medium-1/24proc/seed-3/10_neos-3555904-turama_seed-3_20260509_072833/iterated_local_search/run_5_worker_16/ils_config_3046300562436306802.prm
[INFO]:[07:36:25] CPLEX results. Gap: 107058.500000, upper bound: -34.700000, lower bound: -37184.000000
[INFO]:[07:36:25] CPLEX solver finished. Gap: 107058.500000
[INFO]:[07:36:25] Starting CPLEX solver on instance: /home/yorig/tuner/mpils-tests/instances/miplib/medium-1/neos-3555904-turama.mps with config: /scratch/yorig/mpils-results-grid-ticks-10000-7may/medium-1/24proc/seed-3/10_neos-3555904-turama_seed-3_20260509_072833/iterated_local_search/run_5_worker_16/ils_config_1702097883133082435.prm
[INFO]:[07:36:25] Starting CPLEX solver on instance: /home/yorig/tuner/mpils-tests/instances/miplib/medium-1/neos-3555904-turama.mps with config: /scratch/yorig/mpils-results-grid-ticks-10000-7may/medium-1/24proc/seed-3/10_neos-3555904-turama_seed-3_20260509_072833/iterated_local_search/run_5_worker_16/ils_config_1702097883133082435.prm
[INFO]:[07:36:32] CPLEX results. Gap: 107058.500000, upper bound: -34.700000, lower bound: -37184.000000
[INFO]:[07:36:32] CPLEX solver finished. Gap: 107058.500000
[INFO]:[07:36:32] Starting CPLEX solver on instance: /home/yorig/tuner/mpils-tests/instances/miplib/medium-1/neos-3555904-turama.mps with config: /scratch/yorig/mpils-results-grid-ticks-10000-7may/medium-1/24proc/seed-3/10_neos-3555904-turama_seed-3_20260509_072833/iterated_local_search/run_5_worker_16/ils_config_10744078106381234286.prm
[INFO]:[07:36:32] Starting CPLEX solver on instance: /home/yorig/tuner/mpils-tests/instances/miplib/medium-1/neos-3555904-turama.mps with config: /scratch/yorig/mpils-results-grid-ticks-10000-7may/medium-1/24proc/seed-3/10_neos-3555904-turama_seed-3_20260509_072833/iterated_local_search/run_5_worker_16/ils_config_10744078106381234286.prm
[INFO]:[07:36:40] CPLEX results. Gap: 107058.500000, upper bound: -34.700000, lower bound: -37184.000000
[INFO]:[07:36:40] CPLEX solver finished. Gap: 107058.500000
[INFO]:[07:36:40] Starting CPLEX solver on instance: /home/yorig/tuner/mpils-tests/instances/miplib/medium-1/neos-3555904-turama.mps with config: /scratch/yorig/mpils-results-grid-ticks-10000-7may/medium-1/24proc/seed-3/10_neos-3555904-turama_seed-3_20260509_072833/iterated_local_search/run_5_worker_16/ils_config_6804103141382101570.prm
[INFO]:[07:36:40] Starting CPLEX solver on instance: /home/yorig/tuner/mpils-tests/instances/miplib/medium-1/neos-3555904-turama.mps with config: /scratch/yorig/mpils-results-grid-ticks-10000-7may/medium-1/24proc/seed-3/10_neos-3555904-turama_seed-3_20260509_072833/iterated_local_search/run_5_worker_16/ils_config_6804103141382101570.prm
[INFO]:[07:36:47] CPLEX results. Gap: 107058.500000, upper bound: -34.700000, lower bound: -37184.000000
[INFO]:[07:36:47] CPLEX solver finished. Gap: 107058.500000
[INFO]:[07:36:47] Starting CPLEX solver on instance: /home/yorig/tuner/mpils-tests/instances/miplib/medium-1/neos-3555904-turama.mps with config: /scratch/yorig/mpils-results-grid-ticks-10000-7may/medium-1/24proc/seed-3/10_neos-3555904-turama_seed-3_20260509_072833/iterated_local_search/run_5_worker_16/ils_config_14056380797523428381.prm
[INFO]:[07:36:47] Starting CPLEX solver on instance: /home/yorig/tuner/mpils-tests/instances/miplib/medium-1/neos-3555904-turama.mps with config: /scratch/yorig/mpils-results-grid-ticks-10000-7may/medium-1/24proc/seed-3/10_neos-3555904-turama_seed-3_20260509_072833/iterated_local_search/run_5_worker_16/ils_config_14056380797523428381.prm
[INFO]:[07:36:55] CPLEX results. Gap: 107058.500000, upper bound: -34.700000, lower bound: -37184.000000
[INFO]:[07:36:55] CPLEX solver finished. Gap: 107058.500000
[INFO]:[07:36:55] Starting CPLEX solver on instance: /home/yorig/tuner/mpils-tests/instances/miplib/medium-1/neos-3555904-turama.mps with config: /scratch/yorig/mpils-results-grid-ticks-10000-7may/medium-1/24proc/seed-3/10_neos-3555904-turama_seed-3_20260509_072833/iterated_local_search/run_5_worker_16/ils_config_18016521818432388449.prm
[INFO]:[07:36:55] Starting CPLEX solver on instance: /home/yorig/tuner/mpils-tests/instances/miplib/medium-1/neos-3555904-turama.mps with config: /scratch/yorig/mpils-results-grid-ticks-10000-7may/medium-1/24proc/seed-3/10_neos-3555904-turama_seed-3_20260509_072833/iterated_local_search/run_5_worker_16/ils_config_18016521818432388449.prm
[INFO]:[07:37:03] CPLEX results. Gap: 111900.000000, upper bound: -33.200000, lower bound: -37184.000000
[INFO]:[07:37:03] CPLEX solver finished. Gap: 111900.000000
[INFO]:[07:37:03] Starting CPLEX solver on instance: /home/yorig/tuner/mpils-tests/instances/miplib/medium-1/neos-3555904-turama.mps with config: /scratch/yorig/mpils-results-grid-ticks-10000-7may/medium-1/24proc/seed-3/10_neos-3555904-turama_seed-3_20260509_072833/iterated_local_search/run_5_worker_16/ils_config_14906626423829091237.prm
[INFO]:[07:37:03] Starting CPLEX solver on instance: /home/yorig/tuner/mpils-tests/instances/miplib/medium-1/neos-3555904-turama.mps with config: /scratch/yorig/mpils-results-grid-ticks-10000-7may/medium-1/24proc/seed-3/10_neos-3555904-turama_seed-3_20260509_072833/iterated_local_search/run_5_worker_16/ils_config_14906626423829091237.prm
[WARN]:[07:37:12] CPLEX finished without a primal feasible solution for config /scratch/yorig/mpils-results-grid-ticks-10000-7may/medium-1/24proc/seed-3/10_neos-3555904-turama_seed-3_20260509_072833/iterated_local_search/run_5_worker_16/ils_config_14906626423829091237.prm.
[INFO]:[07:37:12] CPLEX results. Gap: unavailable, upper bound: null, lower bound: -42186.000000
[INFO]:[07:37:12] CPLEX solver finished. Gap: 179769313486231570814527423731704356798070567525844996598917476803157260780028538760589558632766878171540458953514382464234321326889464182768467546703537516986049910576551282076245490090389328944075868508455133942304583236903222948165808559332123348274797826204144723168738177180919299881250404026184124858368.000000
[INFO]:[07:37:12] Starting CPLEX solver on instance: /home/yorig/tuner/mpils-tests/instances/miplib/medium-1/neos-3555904-turama.mps with config: /scratch/yorig/mpils-results-grid-ticks-10000-7may/medium-1/24proc/seed-3/10_neos-3555904-turama_seed-3_20260509_072833/iterated_local_search/run_5_worker_16/ils_config_6228352276422697892.prm
[INFO]:[07:37:12] Starting CPLEX solver on instance: /home/yorig/tuner/mpils-tests/instances/miplib/medium-1/neos-3555904-turama.mps with config: /scratch/yorig/mpils-results-grid-ticks-10000-7may/medium-1/24proc/seed-3/10_neos-3555904-turama_seed-3_20260509_072833/iterated_local_search/run_5_worker_16/ils_config_6228352276422697892.prm
[INFO]:[07:37:20] CPLEX results. Gap: 107058.500000, upper bound: -34.700000, lower bound: -37184.000000
[INFO]:[07:37:20] CPLEX solver finished. Gap: 107058.500000
[INFO]:[07:37:20] Starting CPLEX solver on instance: /home/yorig/tuner/mpils-tests/instances/miplib/medium-1/neos-3555904-turama.mps with config: /scratch/yorig/mpils-results-grid-ticks-10000-7may/medium-1/24proc/seed-3/10_neos-3555904-turama_seed-3_20260509_072833/iterated_local_search/run_5_worker_16/ils_config_3675047141692308049.prm
[INFO]:[07:37:20] Starting CPLEX solver on instance: /home/yorig/tuner/mpils-tests/instances/miplib/medium-1/neos-3555904-turama.mps with config: /scratch/yorig/mpils-results-grid-ticks-10000-7may/medium-1/24proc/seed-3/10_neos-3555904-turama_seed-3_20260509_072833/iterated_local_search/run_5_worker_16/ils_config_3675047141692308049.prm
[INFO]:[07:37:27] CPLEX results. Gap: 107058.500000, upper bound: -34.700000, lower bound: -37184.000000
[INFO]:[07:37:27] CPLEX solver finished. Gap: 107058.500000
[INFO]:[07:37:27] Starting CPLEX solver on instance: /home/yorig/tuner/mpils-tests/instances/miplib/medium-1/neos-3555904-turama.mps with config: /scratch/yorig/mpils-results-grid-ticks-10000-7may/medium-1/24proc/seed-3/10_neos-3555904-turama_seed-3_20260509_072833/iterated_local_search/run_5_worker_16/ils_config_3113958295406761205.prm
[INFO]:[07:37:27] Starting CPLEX solver on instance: /home/yorig/tuner/mpils-tests/instances/miplib/medium-1/neos-3555904-turama.mps with config: /scratch/yorig/mpils-results-grid-ticks-10000-7may/medium-1/24proc/seed-3/10_neos-3555904-turama_seed-3_20260509_072833/iterated_local_search/run_5_worker_16/ils_config_3113958295406761205.prm
[INFO]:[07:37:35] CPLEX results. Gap: 107058.500000, upper bound: -34.700000, lower bound: -37184.000000
[INFO]:[07:37:35] CPLEX solver finished. Gap: 107058.500000
[INFO]:[07:37:35] Starting CPLEX solver on instance: /home/yorig/tuner/mpils-tests/instances/miplib/medium-1/neos-3555904-turama.mps with config: /scratch/yorig/mpils-results-grid-ticks-10000-7may/medium-1/24proc/seed-3/10_neos-3555904-turama_seed-3_20260509_072833/iterated_local_search/run_5_worker_16/ils_config_575559824192520831.prm
[INFO]:[07:37:35] Starting CPLEX solver on instance: /home/yorig/tuner/mpils-tests/instances/miplib/medium-1/neos-3555904-turama.mps with config: /scratch/yorig/mpils-results-grid-ticks-10000-7may/medium-1/24proc/seed-3/10_neos-3555904-turama_seed-3_20260509_072833/iterated_local_search/run_5_worker_16/ils_config_575559824192520831.prm
[INFO]:[07:37:42] CPLEX results. Gap: 107058.500000, upper bound: -34.700000, lower bound: -37184.000000
[INFO]:[07:37:42] CPLEX solver finished. Gap: 107058.500000
[INFO]:[07:37:42] Starting CPLEX solver on instance: /home/yorig/tuner/mpils-tests/instances/miplib/medium-1/neos-3555904-turama.mps with config: /scratch/yorig/mpils-results-grid-ticks-10000-7may/medium-1/24proc/seed-3/10_neos-3555904-turama_seed-3_20260509_072833/iterated_local_search/run_5_worker_16/ils_config_8304518371532320334.prm
[INFO]:[07:37:42] Starting CPLEX solver on instance: /home/yorig/tuner/mpils-tests/instances/miplib/medium-1/neos-3555904-turama.mps with config: /scratch/yorig/mpils-results-grid-ticks-10000-7may/medium-1/24proc/seed-3/10_neos-3555904-turama_seed-3_20260509_072833/iterated_local_search/run_5_worker_16/ils_config_8304518371532320334.prm
[INFO]:[07:37:50] CPLEX results. Gap: 107058.500000, upper bound: -34.700000, lower bound: -37184.000000
[INFO]:[07:37:50] CPLEX solver finished. Gap: 107058.500000
[INFO]:[07:37:50] Starting CPLEX solver on instance: /home/yorig/tuner/mpils-tests/instances/miplib/medium-1/neos-3555904-turama.mps with config: /scratch/yorig/mpils-results-grid-ticks-10000-7may/medium-1/24proc/seed-3/10_neos-3555904-turama_seed-3_20260509_072833/iterated_local_search/run_5_worker_16/ils_config_10164409245680325160.prm
[INFO]:[07:37:50] Starting CPLEX solver on instance: /home/yorig/tuner/mpils-tests/instances/miplib/medium-1/neos-3555904-turama.mps with config: /scratch/yorig/mpils-results-grid-ticks-10000-7may/medium-1/24proc/seed-3/10_neos-3555904-turama_seed-3_20260509_072833/iterated_local_search/run_5_worker_16/ils_config_10164409245680325160.prm
[INFO]:[07:37:57] CPLEX results. Gap: 107058.500000, upper bound: -34.700000, lower bound: -37184.000000
[INFO]:[07:37:57] CPLEX solver finished. Gap: 107058.500000
[INFO]:[07:37:57] Starting CPLEX solver on instance: /home/yorig/tuner/mpils-tests/instances/miplib/medium-1/neos-3555904-turama.mps with config: /scratch/yorig/mpils-results-grid-ticks-10000-7may/medium-1/24proc/seed-3/10_neos-3555904-turama_seed-3_20260509_072833/iterated_local_search/run_5_worker_16/ils_config_8018457586689890802.prm
[INFO]:[07:37:57] Starting CPLEX solver on instance: /home/yorig/tuner/mpils-tests/instances/miplib/medium-1/neos-3555904-turama.mps with config: /scratch/yorig/mpils-results-grid-ticks-10000-7may/medium-1/24proc/seed-3/10_neos-3555904-turama_seed-3_20260509_072833/iterated_local_search/run_5_worker_16/ils_config_8018457586689890802.prm
[INFO]:[07:38:05] CPLEX results. Gap: 107058.500000, upper bound: -34.700000, lower bound: -37184.000000
[INFO]:[07:38:05] CPLEX solver finished. Gap: 107058.500000
[INFO]:[07:38:05] Starting CPLEX solver on instance: /home/yorig/tuner/mpils-tests/instances/miplib/medium-1/neos-3555904-turama.mps with config: /scratch/yorig/mpils-results-grid-ticks-10000-7may/medium-1/24proc/seed-3/10_neos-3555904-turama_seed-3_20260509_072833/iterated_local_search/run_5_worker_16/ils_config_8170758213999266557.prm
[INFO]:[07:38:05] Starting CPLEX solver on instance: /home/yorig/tuner/mpils-tests/instances/miplib/medium-1/neos-3555904-turama.mps with config: /scratch/yorig/mpils-results-grid-ticks-10000-7may/medium-1/24proc/seed-3/10_neos-3555904-turama_seed-3_20260509_072833/iterated_local_search/run_5_worker_16/ils_config_8170758213999266557.prm
[INFO]:[07:38:12] CPLEX results. Gap: 111931.930000, upper bound: -33.200000, lower bound: -37194.600000
[INFO]:[07:38:12] CPLEX solver finished. Gap: 111931.930000
[INFO]:[07:38:12] Starting CPLEX solver on instance: /home/yorig/tuner/mpils-tests/instances/miplib/medium-1/neos-3555904-turama.mps with config: /scratch/yorig/mpils-results-grid-ticks-10000-7may/medium-1/24proc/seed-3/10_neos-3555904-turama_seed-3_20260509_072833/iterated_local_search/run_5_worker_16/ils_config_12017795138614239048.prm
[INFO]:[07:38:12] Starting CPLEX solver on instance: /home/yorig/tuner/mpils-tests/instances/miplib/medium-1/neos-3555904-turama.mps with config: /scratch/yorig/mpils-results-grid-ticks-10000-7may/medium-1/24proc/seed-3/10_neos-3555904-turama_seed-3_20260509_072833/iterated_local_search/run_5_worker_16/ils_config_12017795138614239048.prm
[INFO]:[07:38:19] CPLEX results. Gap: 107058.500000, upper bound: -34.700000, lower bound: -37184.000000
[INFO]:[07:38:19] CPLEX solver finished. Gap: 107058.500000
[INFO]:[07:38:19] Starting CPLEX solver on instance: /home/yorig/tuner/mpils-tests/instances/miplib/medium-1/neos-3555904-turama.mps with config: /scratch/yorig/mpils-results-grid-ticks-10000-7may/medium-1/24proc/seed-3/10_neos-3555904-turama_seed-3_20260509_072833/iterated_local_search/run_5_worker_16/ils_config_6945673208590977805.prm
[INFO]:[07:38:19] Starting CPLEX solver on instance: /home/yorig/tuner/mpils-tests/instances/miplib/medium-1/neos-3555904-turama.mps with config: /scratch/yorig/mpils-results-grid-ticks-10000-7may/medium-1/24proc/seed-3/10_neos-3555904-turama_seed-3_20260509_072833/iterated_local_search/run_5_worker_16/ils_config_6945673208590977805.prm
[WARN]:[07:38:27] CPLEX finished without a primal feasible solution for config /scratch/yorig/mpils-results-grid-ticks-10000-7may/medium-1/24proc/seed-3/10_neos-3555904-turama_seed-3_20260509_072833/iterated_local_search/run_5_worker_16/ils_config_6945673208590977805.prm.
[INFO]:[07:38:27] CPLEX results. Gap: unavailable, upper bound: null, lower bound: -42186.000000
[INFO]:[07:38:27] CPLEX solver finished. Gap: 179769313486231570814527423731704356798070567525844996598917476803157260780028538760589558632766878171540458953514382464234321326889464182768467546703537516986049910576551282076245490090389328944075868508455133942304583236903222948165808559332123348274797826204144723168738177180919299881250404026184124858368.000000
[INFO]:[07:38:27] Starting CPLEX solver on instance: /home/yorig/tuner/mpils-tests/instances/miplib/medium-1/neos-3555904-turama.mps with config: /scratch/yorig/mpils-results-grid-ticks-10000-7may/medium-1/24proc/seed-3/10_neos-3555904-turama_seed-3_20260509_072833/iterated_local_search/run_5_worker_16/ils_config_11810608490428087879.prm
[INFO]:[07:38:27] Starting CPLEX solver on instance: /home/yorig/tuner/mpils-tests/instances/miplib/medium-1/neos-3555904-turama.mps with config: /scratch/yorig/mpils-results-grid-ticks-10000-7may/medium-1/24proc/seed-3/10_neos-3555904-turama_seed-3_20260509_072833/iterated_local_search/run_5_worker_16/ils_config_11810608490428087879.prm
[INFO]:[07:38:34] CPLEX results. Gap: 107058.500000, upper bound: -34.700000, lower bound: -37184.000000
[INFO]:[07:38:34] CPLEX solver finished. Gap: 107058.500000
[INFO]:[07:38:34] Starting CPLEX solver on instance: /home/yorig/tuner/mpils-tests/instances/miplib/medium-1/neos-3555904-turama.mps with config: /scratch/yorig/mpils-results-grid-ticks-10000-7may/medium-1/24proc/seed-3/10_neos-3555904-turama_seed-3_20260509_072833/iterated_local_search/run_5_worker_16/ils_config_12342611740029272900.prm
[INFO]:[07:38:34] Starting CPLEX solver on instance: /home/yorig/tuner/mpils-tests/instances/miplib/medium-1/neos-3555904-turama.mps with config: /scratch/yorig/mpils-results-grid-ticks-10000-7may/medium-1/24proc/seed-3/10_neos-3555904-turama_seed-3_20260509_072833/iterated_local_search/run_5_worker_16/ils_config_12342611740029272900.prm
[INFO]:[07:38:41] CPLEX results. Gap: 80480.720000, upper bound: -33.200000, lower bound: -26752.800000
[INFO]:[07:38:41] CPLEX solver finished. Gap: 80480.720000
[INFO]:[07:38:41] New incumbent found with objective value: 80480.7
[INFO]:[07:38:42] Starting CPLEX solver on instance: /home/yorig/tuner/mpils-tests/instances/miplib/medium-1/neos-3555904-turama.mps with config: /scratch/yorig/mpils-results-grid-ticks-10000-7may/medium-1/24proc/seed-3/10_neos-3555904-turama_seed-3_20260509_072833/iterated_local_search/run_5_worker_16/ils_config_13074666911100817232.prm
[INFO]:[07:38:42] Starting CPLEX solver on instance: /home/yorig/tuner/mpils-tests/instances/miplib/medium-1/neos-3555904-turama.mps with config: /scratch/yorig/mpils-results-grid-ticks-10000-7may/medium-1/24proc/seed-3/10_neos-3555904-turama_seed-3_20260509_072833/iterated_local_search/run_5_worker_16/ils_config_13074666911100817232.prm
[INFO]:[07:38:49] CPLEX results. Gap: 80480.720000, upper bound: -33.200000, lower bound: -26752.800000
[INFO]:[07:38:49] CPLEX solver finished. Gap: 80480.720000
[INFO]:[07:38:49] Starting CPLEX solver on instance: /home/yorig/tuner/mpils-tests/instances/miplib/medium-1/neos-3555904-turama.mps with config: /scratch/yorig/mpils-results-grid-ticks-10000-7may/medium-1/24proc/seed-3/10_neos-3555904-turama_seed-3_20260509_072833/iterated_local_search/run_5_worker_16/ils_config_6842691024776026217.prm
[INFO]:[07:38:49] Starting CPLEX solver on instance: /home/yorig/tuner/mpils-tests/instances/miplib/medium-1/neos-3555904-turama.mps with config: /scratch/yorig/mpils-results-grid-ticks-10000-7may/medium-1/24proc/seed-3/10_neos-3555904-turama_seed-3_20260509_072833/iterated_local_search/run_5_worker_16/ils_config_6842691024776026217.prm
[INFO]:[07:38:56] CPLEX results. Gap: 80480.720000, upper bound: -33.200000, lower bound: -26752.800000
[INFO]:[07:38:56] CPLEX solver finished. Gap: 80480.720000
[INFO]:[07:38:56] Starting CPLEX solver on instance: /home/yorig/tuner/mpils-tests/instances/miplib/medium-1/neos-3555904-turama.mps with config: /scratch/yorig/mpils-results-grid-ticks-10000-7may/medium-1/24proc/seed-3/10_neos-3555904-turama_seed-3_20260509_072833/iterated_local_search/run_5_worker_16/ils_config_9038514067113971652.prm
[INFO]:[07:38:56] Starting CPLEX solver on instance: /home/yorig/tuner/mpils-tests/instances/miplib/medium-1/neos-3555904-turama.mps with config: /scratch/yorig/mpils-results-grid-ticks-10000-7may/medium-1/24proc/seed-3/10_neos-3555904-turama_seed-3_20260509_072833/iterated_local_search/run_5_worker_16/ils_config_9038514067113971652.prm
[INFO]:[07:39:03] CPLEX results. Gap: 80480.720000, upper bound: -33.200000, lower bound: -26752.800000
[INFO]:[07:39:03] CPLEX solver finished. Gap: 80480.720000
[INFO]:[07:39:03] Local search phase completed.
[INFO]:[07:39:03] Total number of new local-search evaluations: 30
[INFO]:[07:39:03] Final incumbent objective value: 80480.7
[INFO]:[07:39:27] Worker 16 completed exploration phase.
[INFO]:[07:39:28] Worker 16 received order for step 2.
[INFO]:[07:39:28] Worker 16 running expansion phase for iteration 5.
[INFO]:[07:39:28] Worker 16 will use solver log file: /scratch/yorig/mpils-results-grid-ticks-10000-7may/medium-1/24proc/seed-3/10_neos-3555904-turama_seed-3_20260509_072833/solver/cplex.log_iteration_expansion_5_worker_16
[INFO]:[07:39:28] Expansion Worker 16 starting expansion for iteration 5.
[INFO]:[07:39:28] Starting CPLEX solver on instance: /home/yorig/tuner/mpils-tests/instances/miplib/medium-1/neos-3555904-turama.mps with config: /scratch/yorig/mpils-results-grid-ticks-10000-7may/medium-1/24proc/seed-3/10_neos-3555904-turama_seed-3_20260509_072833/expansion/config_param_CPXPARAM_Simplex_Limits_Singularity_0_iter_5.prm
[INFO]:[07:39:35] CPLEX results. Gap: 18.010000, upper bound: -34.700000, lower bound: -40.950000
[INFO]:[07:39:35] CPLEX solver finished. Gap: 18.010000
[INFO]:[07:39:46] Expansion Worker 16 completed expansion.
[INFO]:[07:39:46] Worker 16 completed expansion phase.
[INFO]:[07:39:48] Worker 16 received order for step 1.
[INFO]:[07:39:48] Worker 16 running exploration phase for iteration 6.
[INFO]:[07:39:48] Worker 16 at iteration 6 will not use a MIP start file. Current best MIP-start upper bound threshold is 1.79769e+308.
[INFO]:[07:39:48] Starting local search phase...
[INFO]:[07:39:48] Creating local search space from parameter space file: /scratch/yorig/mpils-results-grid-ticks-10000-7may/medium-1/24proc/seed-3/10_neos-3555904-turama_seed-3_20260509_072833/iterated_local_search/search_space/search_space_file_6_worker_16.txt
[INFO]:[07:39:48] Local search space loaded from file: /scratch/yorig/mpils-results-grid-ticks-10000-7may/medium-1/24proc/seed-3/10_neos-3555904-turama_seed-3_20260509_072833/iterated_local_search/search_space/search_space_file_6_worker_16.txt
[INFO]:[07:39:48] Number of parameters in local search space: 71
[INFO]:[07:39:48] Number of forbidden tuples in local search space: 110
[INFO]:[07:39:48] Number of conditionals in local search space: 6
[INFO]:[07:39:48] MIP start option not enabled. Local search will proceed without MIP start.
[INFO]:[07:39:48] Evaluating initial configuration for local search phase...
[INFO]:[07:39:48] Starting CPLEX solver on instance: /home/yorig/tuner/mpils-tests/instances/miplib/medium-1/neos-3555904-turama.mps with config: /scratch/yorig/mpils-results-grid-ticks-10000-7may/medium-1/24proc/seed-3/10_neos-3555904-turama_seed-3_20260509_072833/iterated_local_search/run_6_worker_16/ils_config_4020583119555597649.prm
[INFO]:[07:39:48] Starting CPLEX solver on instance: /home/yorig/tuner/mpils-tests/instances/miplib/medium-1/neos-3555904-turama.mps with config: /scratch/yorig/mpils-results-grid-ticks-10000-7may/medium-1/24proc/seed-3/10_neos-3555904-turama_seed-3_20260509_072833/iterated_local_search/run_6_worker_16/ils_config_4020583119555597649.prm
[INFO]:[07:39:55] CPLEX results. Gap: 23.340000, upper bound: -33.200000, lower bound: -40.950000
[INFO]:[07:39:55] CPLEX solver finished. Gap: 23.340000
[INFO]:[07:39:55] Initial configuration evaluated with objective value: 23.34
[INFO]:[07:39:55] Starting CPLEX solver on instance: /home/yorig/tuner/mpils-tests/instances/miplib/medium-1/neos-3555904-turama.mps with config: /scratch/yorig/mpils-results-grid-ticks-10000-7may/medium-1/24proc/seed-3/10_neos-3555904-turama_seed-3_20260509_072833/iterated_local_search/run_6_worker_16/ils_config_3694019875848676128.prm
[INFO]:[07:39:55] Starting CPLEX solver on instance: /home/yorig/tuner/mpils-tests/instances/miplib/medium-1/neos-3555904-turama.mps with config: /scratch/yorig/mpils-results-grid-ticks-10000-7may/medium-1/24proc/seed-3/10_neos-3555904-turama_seed-3_20260509_072833/iterated_local_search/run_6_worker_16/ils_config_3694019875848676128.prm
[INFO]:[07:40:02] CPLEX results. Gap: 23.340000, upper bound: -33.200000, lower bound: -40.950000
[INFO]:[07:40:02] CPLEX solver finished. Gap: 23.340000
[INFO]:[07:40:02] Starting CPLEX solver on instance: /home/yorig/tuner/mpils-tests/instances/miplib/medium-1/neos-3555904-turama.mps with config: /scratch/yorig/mpils-results-grid-ticks-10000-7may/medium-1/24proc/seed-3/10_neos-3555904-turama_seed-3_20260509_072833/iterated_local_search/run_6_worker_16/ils_config_12170951447574588970.prm
[INFO]:[07:40:02] Starting CPLEX solver on instance: /home/yorig/tuner/mpils-tests/instances/miplib/medium-1/neos-3555904-turama.mps with config: /scratch/yorig/mpils-results-grid-ticks-10000-7may/medium-1/24proc/seed-3/10_neos-3555904-turama_seed-3_20260509_072833/iterated_local_search/run_6_worker_16/ils_config_12170951447574588970.prm
[INFO]:[07:40:09] CPLEX results. Gap: 23.340000, upper bound: -33.200000, lower bound: -40.950000
[INFO]:[07:40:09] CPLEX solver finished. Gap: 23.340000
[INFO]:[07:40:09] Starting CPLEX solver on instance: /home/yorig/tuner/mpils-tests/instances/miplib/medium-1/neos-3555904-turama.mps with config: /scratch/yorig/mpils-results-grid-ticks-10000-7may/medium-1/24proc/seed-3/10_neos-3555904-turama_seed-3_20260509_072833/iterated_local_search/run_6_worker_16/ils_config_9309797798418355706.prm
[INFO]:[07:40:09] Starting CPLEX solver on instance: /home/yorig/tuner/mpils-tests/instances/miplib/medium-1/neos-3555904-turama.mps with config: /scratch/yorig/mpils-results-grid-ticks-10000-7may/medium-1/24proc/seed-3/10_neos-3555904-turama_seed-3_20260509_072833/iterated_local_search/run_6_worker_16/ils_config_9309797798418355706.prm
[INFO]:[07:40:16] CPLEX results. Gap: 23.340000, upper bound: -33.200000, lower bound: -40.950000
[INFO]:[07:40:16] CPLEX solver finished. Gap: 23.340000
[INFO]:[07:40:16] Starting CPLEX solver on instance: /home/yorig/tuner/mpils-tests/instances/miplib/medium-1/neos-3555904-turama.mps with config: /scratch/yorig/mpils-results-grid-ticks-10000-7may/medium-1/24proc/seed-3/10_neos-3555904-turama_seed-3_20260509_072833/iterated_local_search/run_6_worker_16/ils_config_1530368660260834428.prm
[INFO]:[07:40:16] Starting CPLEX solver on instance: /home/yorig/tuner/mpils-tests/instances/miplib/medium-1/neos-3555904-turama.mps with config: /scratch/yorig/mpils-results-grid-ticks-10000-7may/medium-1/24proc/seed-3/10_neos-3555904-turama_seed-3_20260509_072833/iterated_local_search/run_6_worker_16/ils_config_1530368660260834428.prm
[INFO]:[07:40:23] CPLEX results. Gap: 23.340000, upper bound: -33.200000, lower bound: -40.950000
[INFO]:[07:40:23] CPLEX solver finished. Gap: 23.340000
[INFO]:[07:40:23] Starting CPLEX solver on instance: /home/yorig/tuner/mpils-tests/instances/miplib/medium-1/neos-3555904-turama.mps with config: /scratch/yorig/mpils-results-grid-ticks-10000-7may/medium-1/24proc/seed-3/10_neos-3555904-turama_seed-3_20260509_072833/iterated_local_search/run_6_worker_16/ils_config_1029944809733446726.prm
[INFO]:[07:40:23] Starting CPLEX solver on instance: /home/yorig/tuner/mpils-tests/instances/miplib/medium-1/neos-3555904-turama.mps with config: /scratch/yorig/mpils-results-grid-ticks-10000-7may/medium-1/24proc/seed-3/10_neos-3555904-turama_seed-3_20260509_072833/iterated_local_search/run_6_worker_16/ils_config_1029944809733446726.prm
[INFO]:[07:40:30] CPLEX results. Gap: 23.340000, upper bound: -33.200000, lower bound: -40.950000
[INFO]:[07:40:30] CPLEX solver finished. Gap: 23.340000
[INFO]:[07:40:30] Starting CPLEX solver on instance: /home/yorig/tuner/mpils-tests/instances/miplib/medium-1/neos-3555904-turama.mps with config: /scratch/yorig/mpils-results-grid-ticks-10000-7may/medium-1/24proc/seed-3/10_neos-3555904-turama_seed-3_20260509_072833/iterated_local_search/run_6_worker_16/ils_config_6413456524926660689.prm
[INFO]:[07:40:30] Starting CPLEX solver on instance: /home/yorig/tuner/mpils-tests/instances/miplib/medium-1/neos-3555904-turama.mps with config: /scratch/yorig/mpils-results-grid-ticks-10000-7may/medium-1/24proc/seed-3/10_neos-3555904-turama_seed-3_20260509_072833/iterated_local_search/run_6_worker_16/ils_config_6413456524926660689.prm
[INFO]:[07:40:37] CPLEX results. Gap: 23.340000, upper bound: -33.200000, lower bound: -40.950000
[INFO]:[07:40:37] CPLEX solver finished. Gap: 23.340000
[INFO]:[07:40:37] Starting CPLEX solver on instance: /home/yorig/tuner/mpils-tests/instances/miplib/medium-1/neos-3555904-turama.mps with config: /scratch/yorig/mpils-results-grid-ticks-10000-7may/medium-1/24proc/seed-3/10_neos-3555904-turama_seed-3_20260509_072833/iterated_local_search/run_6_worker_16/ils_config_4255710326461840250.prm
[INFO]:[07:40:37] Starting CPLEX solver on instance: /home/yorig/tuner/mpils-tests/instances/miplib/medium-1/neos-3555904-turama.mps with config: /scratch/yorig/mpils-results-grid-ticks-10000-7may/medium-1/24proc/seed-3/10_neos-3555904-turama_seed-3_20260509_072833/iterated_local_search/run_6_worker_16/ils_config_4255710326461840250.prm
[INFO]:[07:40:44] CPLEX results. Gap: 80480.720000, upper bound: -33.200000, lower bound: -26752.800000
[INFO]:[07:40:44] CPLEX solver finished. Gap: 80480.720000
[INFO]:[07:40:44] Starting CPLEX solver on instance: /home/yorig/tuner/mpils-tests/instances/miplib/medium-1/neos-3555904-turama.mps with config: /scratch/yorig/mpils-results-grid-ticks-10000-7may/medium-1/24proc/seed-3/10_neos-3555904-turama_seed-3_20260509_072833/iterated_local_search/run_6_worker_16/ils_config_1996449263644088807.prm
[INFO]:[07:40:44] Starting CPLEX solver on instance: /home/yorig/tuner/mpils-tests/instances/miplib/medium-1/neos-3555904-turama.mps with config: /scratch/yorig/mpils-results-grid-ticks-10000-7may/medium-1/24proc/seed-3/10_neos-3555904-turama_seed-3_20260509_072833/iterated_local_search/run_6_worker_16/ils_config_1996449263644088807.prm
[INFO]:[07:40:51] CPLEX results. Gap: 23.340000, upper bound: -33.200000, lower bound: -40.950000
[INFO]:[07:40:51] CPLEX solver finished. Gap: 23.340000
[INFO]:[07:40:51] Local search phase completed.
[INFO]:[07:40:51] Total number of new local-search evaluations: 9
[INFO]:[07:40:51] Final incumbent objective value: 23.34
[INFO]:[07:41:09] Worker 16 completed exploration phase.
[INFO]:[07:41:09] Worker 16 received order for step 3.
[INFO]:[07:41:09] Worker 16 finished.
