[INFO]:[06:52:47] Worker 13 starting.
[INFO]:[06:52:47] Worker 13 received order for step 1.
[INFO]:[06:52:47] Worker 13 running exploration phase for iteration 1.
[INFO]:[06:52:47] Worker 13 at iteration 1 will not use a MIP start file. Current best MIP-start upper bound threshold is 1.79769e+308.
[INFO]:[06:52:47] Starting local search phase...
[INFO]:[06:52:47] Creating local search space from parameter space file: /scratch/yorig/mpils-results-grid-ticks-10000-7may/medium-1/24proc/seed-1/10_neos-3555904-turama_seed-1_20260509_065246/iterated_local_search/search_space/search_space_file_1_worker_13.txt
[INFO]:[06:52:47] Local search space loaded from file: /scratch/yorig/mpils-results-grid-ticks-10000-7may/medium-1/24proc/seed-1/10_neos-3555904-turama_seed-1_20260509_065246/iterated_local_search/search_space/search_space_file_1_worker_13.txt
[INFO]:[06:52:47] Number of parameters in local search space: 71
[INFO]:[06:52:47] Number of forbidden tuples in local search space: 0
[INFO]:[06:52:47] Number of conditionals in local search space: 6
[INFO]:[06:52:47] MIP start option not enabled. Local search will proceed without MIP start.
[INFO]:[06:52:47] Evaluating initial configuration for local search phase...
[INFO]:[06:52:47] Starting CPLEX solver on instance: /home/yorig/tuner/mpils-tests/instances/miplib/medium-1/neos-3555904-turama.mps with config: /scratch/yorig/mpils-results-grid-ticks-10000-7may/medium-1/24proc/seed-1/10_neos-3555904-turama_seed-1_20260509_065246/iterated_local_search/run_1_worker_13/ils_config_4109202862788474030.prm
[INFO]:[06:52:47] Starting CPLEX solver on instance: /home/yorig/tuner/mpils-tests/instances/miplib/medium-1/neos-3555904-turama.mps with config: /scratch/yorig/mpils-results-grid-ticks-10000-7may/medium-1/24proc/seed-1/10_neos-3555904-turama_seed-1_20260509_065246/iterated_local_search/run_1_worker_13/ils_config_4109202862788474030.prm
[INFO]:[06:52:55] CPLEX results. Gap: 18.010000, upper bound: -34.700000, lower bound: -40.950000
[INFO]:[06:52:55] CPLEX solver finished. Gap: 18.010000
[INFO]:[06:52:55] Initial configuration evaluated with objective value: 18.01
[INFO]:[06:52:55] Starting CPLEX solver on instance: /home/yorig/tuner/mpils-tests/instances/miplib/medium-1/neos-3555904-turama.mps with config: /scratch/yorig/mpils-results-grid-ticks-10000-7may/medium-1/24proc/seed-1/10_neos-3555904-turama_seed-1_20260509_065246/iterated_local_search/run_1_worker_13/ils_config_2068527560050239519.prm
[INFO]:[06:52:55] Starting CPLEX solver on instance: /home/yorig/tuner/mpils-tests/instances/miplib/medium-1/neos-3555904-turama.mps with config: /scratch/yorig/mpils-results-grid-ticks-10000-7may/medium-1/24proc/seed-1/10_neos-3555904-turama_seed-1_20260509_065246/iterated_local_search/run_1_worker_13/ils_config_2068527560050239519.prm
[INFO]:[06:53:03] CPLEX results. Gap: 18.010000, upper bound: -34.700000, lower bound: -40.950000
[INFO]:[06:53:03] CPLEX solver finished. Gap: 18.010000
[INFO]:[06:53:03] Starting CPLEX solver on instance: /home/yorig/tuner/mpils-tests/instances/miplib/medium-1/neos-3555904-turama.mps with config: /scratch/yorig/mpils-results-grid-ticks-10000-7may/medium-1/24proc/seed-1/10_neos-3555904-turama_seed-1_20260509_065246/iterated_local_search/run_1_worker_13/ils_config_14513182489859124904.prm
[INFO]:[06:53:03] Starting CPLEX solver on instance: /home/yorig/tuner/mpils-tests/instances/miplib/medium-1/neos-3555904-turama.mps with config: /scratch/yorig/mpils-results-grid-ticks-10000-7may/medium-1/24proc/seed-1/10_neos-3555904-turama_seed-1_20260509_065246/iterated_local_search/run_1_worker_13/ils_config_14513182489859124904.prm
[INFO]:[06:53:10] CPLEX results. Gap: 18.010000, upper bound: -34.700000, lower bound: -40.950000
[INFO]:[06:53:10] CPLEX solver finished. Gap: 18.010000
[INFO]:[06:53:10] Starting CPLEX solver on instance: /home/yorig/tuner/mpils-tests/instances/miplib/medium-1/neos-3555904-turama.mps with config: /scratch/yorig/mpils-results-grid-ticks-10000-7may/medium-1/24proc/seed-1/10_neos-3555904-turama_seed-1_20260509_065246/iterated_local_search/run_1_worker_13/ils_config_18270610434216934555.prm
[INFO]:[06:53:10] Starting CPLEX solver on instance: /home/yorig/tuner/mpils-tests/instances/miplib/medium-1/neos-3555904-turama.mps with config: /scratch/yorig/mpils-results-grid-ticks-10000-7may/medium-1/24proc/seed-1/10_neos-3555904-turama_seed-1_20260509_065246/iterated_local_search/run_1_worker_13/ils_config_18270610434216934555.prm
[INFO]:[06:53:18] CPLEX results. Gap: 18.010000, upper bound: -34.700000, lower bound: -40.950000
[INFO]:[06:53:18] CPLEX solver finished. Gap: 18.010000
[INFO]:[06:53:18] Starting CPLEX solver on instance: /home/yorig/tuner/mpils-tests/instances/miplib/medium-1/neos-3555904-turama.mps with config: /scratch/yorig/mpils-results-grid-ticks-10000-7may/medium-1/24proc/seed-1/10_neos-3555904-turama_seed-1_20260509_065246/iterated_local_search/run_1_worker_13/ils_config_17787485516101918064.prm
[INFO]:[06:53:18] Starting CPLEX solver on instance: /home/yorig/tuner/mpils-tests/instances/miplib/medium-1/neos-3555904-turama.mps with config: /scratch/yorig/mpils-results-grid-ticks-10000-7may/medium-1/24proc/seed-1/10_neos-3555904-turama_seed-1_20260509_065246/iterated_local_search/run_1_worker_13/ils_config_17787485516101918064.prm
[INFO]:[06:53:25] CPLEX results. Gap: 18.010000, upper bound: -34.700000, lower bound: -40.950000
[INFO]:[06:53:25] CPLEX solver finished. Gap: 18.010000
[INFO]:[06:53:25] Starting CPLEX solver on instance: /home/yorig/tuner/mpils-tests/instances/miplib/medium-1/neos-3555904-turama.mps with config: /scratch/yorig/mpils-results-grid-ticks-10000-7may/medium-1/24proc/seed-1/10_neos-3555904-turama_seed-1_20260509_065246/iterated_local_search/run_1_worker_13/ils_config_5312080155085981033.prm
[INFO]:[06:53:25] Starting CPLEX solver on instance: /home/yorig/tuner/mpils-tests/instances/miplib/medium-1/neos-3555904-turama.mps with config: /scratch/yorig/mpils-results-grid-ticks-10000-7may/medium-1/24proc/seed-1/10_neos-3555904-turama_seed-1_20260509_065246/iterated_local_search/run_1_worker_13/ils_config_5312080155085981033.prm
[INFO]:[06:53:33] CPLEX results. Gap: 18.010000, upper bound: -34.700000, lower bound: -40.950000
[INFO]:[06:53:33] CPLEX solver finished. Gap: 18.010000
[INFO]:[06:53:33] Starting CPLEX solver on instance: /home/yorig/tuner/mpils-tests/instances/miplib/medium-1/neos-3555904-turama.mps with config: /scratch/yorig/mpils-results-grid-ticks-10000-7may/medium-1/24proc/seed-1/10_neos-3555904-turama_seed-1_20260509_065246/iterated_local_search/run_1_worker_13/ils_config_16579799043432076858.prm
[INFO]:[06:53:33] Starting CPLEX solver on instance: /home/yorig/tuner/mpils-tests/instances/miplib/medium-1/neos-3555904-turama.mps with config: /scratch/yorig/mpils-results-grid-ticks-10000-7may/medium-1/24proc/seed-1/10_neos-3555904-turama_seed-1_20260509_065246/iterated_local_search/run_1_worker_13/ils_config_16579799043432076858.prm
[INFO]:[06:53:41] CPLEX results. Gap: 18.010000, upper bound: -34.700000, lower bound: -40.950000
[INFO]:[06:53:41] CPLEX solver finished. Gap: 18.010000
[INFO]:[06:53:41] Starting CPLEX solver on instance: /home/yorig/tuner/mpils-tests/instances/miplib/medium-1/neos-3555904-turama.mps with config: /scratch/yorig/mpils-results-grid-ticks-10000-7may/medium-1/24proc/seed-1/10_neos-3555904-turama_seed-1_20260509_065246/iterated_local_search/run_1_worker_13/ils_config_4314526483192942043.prm
[INFO]:[06:53:41] Starting CPLEX solver on instance: /home/yorig/tuner/mpils-tests/instances/miplib/medium-1/neos-3555904-turama.mps with config: /scratch/yorig/mpils-results-grid-ticks-10000-7may/medium-1/24proc/seed-1/10_neos-3555904-turama_seed-1_20260509_065246/iterated_local_search/run_1_worker_13/ils_config_4314526483192942043.prm
[INFO]:[06:53:48] CPLEX results. Gap: 18.010000, upper bound: -34.700000, lower bound: -40.950000
[INFO]:[06:53:48] CPLEX solver finished. Gap: 18.010000
[INFO]:[06:53:48] Starting CPLEX solver on instance: /home/yorig/tuner/mpils-tests/instances/miplib/medium-1/neos-3555904-turama.mps with config: /scratch/yorig/mpils-results-grid-ticks-10000-7may/medium-1/24proc/seed-1/10_neos-3555904-turama_seed-1_20260509_065246/iterated_local_search/run_1_worker_13/ils_config_4462817174098128430.prm
[INFO]:[06:53:48] Starting CPLEX solver on instance: /home/yorig/tuner/mpils-tests/instances/miplib/medium-1/neos-3555904-turama.mps with config: /scratch/yorig/mpils-results-grid-ticks-10000-7may/medium-1/24proc/seed-1/10_neos-3555904-turama_seed-1_20260509_065246/iterated_local_search/run_1_worker_13/ils_config_4462817174098128430.prm
[INFO]:[06:53:56] CPLEX results. Gap: 18.010000, upper bound: -34.700000, lower bound: -40.950000
[INFO]:[06:53:56] CPLEX solver finished. Gap: 18.010000
[INFO]:[06:53:56] Starting CPLEX solver on instance: /home/yorig/tuner/mpils-tests/instances/miplib/medium-1/neos-3555904-turama.mps with config: /scratch/yorig/mpils-results-grid-ticks-10000-7may/medium-1/24proc/seed-1/10_neos-3555904-turama_seed-1_20260509_065246/iterated_local_search/run_1_worker_13/ils_config_14980853330926842401.prm
[INFO]:[06:53:56] Starting CPLEX solver on instance: /home/yorig/tuner/mpils-tests/instances/miplib/medium-1/neos-3555904-turama.mps with config: /scratch/yorig/mpils-results-grid-ticks-10000-7may/medium-1/24proc/seed-1/10_neos-3555904-turama_seed-1_20260509_065246/iterated_local_search/run_1_worker_13/ils_config_14980853330926842401.prm
[INFO]:[06:54:03] CPLEX results. Gap: 18.010000, upper bound: -34.700000, lower bound: -40.950000
[INFO]:[06:54:03] CPLEX solver finished. Gap: 18.010000
[INFO]:[06:54:03] Starting CPLEX solver on instance: /home/yorig/tuner/mpils-tests/instances/miplib/medium-1/neos-3555904-turama.mps with config: /scratch/yorig/mpils-results-grid-ticks-10000-7may/medium-1/24proc/seed-1/10_neos-3555904-turama_seed-1_20260509_065246/iterated_local_search/run_1_worker_13/ils_config_13555195555414271796.prm
[INFO]:[06:54:03] Starting CPLEX solver on instance: /home/yorig/tuner/mpils-tests/instances/miplib/medium-1/neos-3555904-turama.mps with config: /scratch/yorig/mpils-results-grid-ticks-10000-7may/medium-1/24proc/seed-1/10_neos-3555904-turama_seed-1_20260509_065246/iterated_local_search/run_1_worker_13/ils_config_13555195555414271796.prm
[INFO]:[06:54:11] CPLEX results. Gap: 18.010000, upper bound: -34.700000, lower bound: -40.950000
[INFO]:[06:54:11] CPLEX solver finished. Gap: 18.010000
[INFO]:[06:54:11] Starting CPLEX solver on instance: /home/yorig/tuner/mpils-tests/instances/miplib/medium-1/neos-3555904-turama.mps with config: /scratch/yorig/mpils-results-grid-ticks-10000-7may/medium-1/24proc/seed-1/10_neos-3555904-turama_seed-1_20260509_065246/iterated_local_search/run_1_worker_13/ils_config_12446059013661403257.prm
[INFO]:[06:54:11] Starting CPLEX solver on instance: /home/yorig/tuner/mpils-tests/instances/miplib/medium-1/neos-3555904-turama.mps with config: /scratch/yorig/mpils-results-grid-ticks-10000-7may/medium-1/24proc/seed-1/10_neos-3555904-turama_seed-1_20260509_065246/iterated_local_search/run_1_worker_13/ils_config_12446059013661403257.prm
[INFO]:[06:54:18] CPLEX results. Gap: 18.010000, upper bound: -34.700000, lower bound: -40.950000
[INFO]:[06:54:18] CPLEX solver finished. Gap: 18.010000
[INFO]:[06:54:18] Starting CPLEX solver on instance: /home/yorig/tuner/mpils-tests/instances/miplib/medium-1/neos-3555904-turama.mps with config: /scratch/yorig/mpils-results-grid-ticks-10000-7may/medium-1/24proc/seed-1/10_neos-3555904-turama_seed-1_20260509_065246/iterated_local_search/run_1_worker_13/ils_config_10363644550887745535.prm
[INFO]:[06:54:18] Starting CPLEX solver on instance: /home/yorig/tuner/mpils-tests/instances/miplib/medium-1/neos-3555904-turama.mps with config: /scratch/yorig/mpils-results-grid-ticks-10000-7may/medium-1/24proc/seed-1/10_neos-3555904-turama_seed-1_20260509_065246/iterated_local_search/run_1_worker_13/ils_config_10363644550887745535.prm
[INFO]:[06:54:26] CPLEX results. Gap: 18.010000, upper bound: -34.700000, lower bound: -40.950000
[INFO]:[06:54:26] CPLEX solver finished. Gap: 18.010000
[INFO]:[06:54:26] Starting CPLEX solver on instance: /home/yorig/tuner/mpils-tests/instances/miplib/medium-1/neos-3555904-turama.mps with config: /scratch/yorig/mpils-results-grid-ticks-10000-7may/medium-1/24proc/seed-1/10_neos-3555904-turama_seed-1_20260509_065246/iterated_local_search/run_1_worker_13/ils_config_6068246718899957005.prm
[INFO]:[06:54:26] Starting CPLEX solver on instance: /home/yorig/tuner/mpils-tests/instances/miplib/medium-1/neos-3555904-turama.mps with config: /scratch/yorig/mpils-results-grid-ticks-10000-7may/medium-1/24proc/seed-1/10_neos-3555904-turama_seed-1_20260509_065246/iterated_local_search/run_1_worker_13/ils_config_6068246718899957005.prm
[INFO]:[06:54:33] CPLEX results. Gap: 18.010000, upper bound: -34.700000, lower bound: -40.950000
[INFO]:[06:54:33] CPLEX solver finished. Gap: 18.010000
[INFO]:[06:54:33] Starting CPLEX solver on instance: /home/yorig/tuner/mpils-tests/instances/miplib/medium-1/neos-3555904-turama.mps with config: /scratch/yorig/mpils-results-grid-ticks-10000-7may/medium-1/24proc/seed-1/10_neos-3555904-turama_seed-1_20260509_065246/iterated_local_search/run_1_worker_13/ils_config_7613024227760207661.prm
[INFO]:[06:54:33] Starting CPLEX solver on instance: /home/yorig/tuner/mpils-tests/instances/miplib/medium-1/neos-3555904-turama.mps with config: /scratch/yorig/mpils-results-grid-ticks-10000-7may/medium-1/24proc/seed-1/10_neos-3555904-turama_seed-1_20260509_065246/iterated_local_search/run_1_worker_13/ils_config_7613024227760207661.prm
[INFO]:[06:54:41] CPLEX results. Gap: 23.340000, upper bound: -33.200000, lower bound: -40.950000
[INFO]:[06:54:41] CPLEX solver finished. Gap: 23.340000
[INFO]:[06:54:41] Starting CPLEX solver on instance: /home/yorig/tuner/mpils-tests/instances/miplib/medium-1/neos-3555904-turama.mps with config: /scratch/yorig/mpils-results-grid-ticks-10000-7may/medium-1/24proc/seed-1/10_neos-3555904-turama_seed-1_20260509_065246/iterated_local_search/run_1_worker_13/ils_config_1234672806150988876.prm
[INFO]:[06:54:41] Starting CPLEX solver on instance: /home/yorig/tuner/mpils-tests/instances/miplib/medium-1/neos-3555904-turama.mps with config: /scratch/yorig/mpils-results-grid-ticks-10000-7may/medium-1/24proc/seed-1/10_neos-3555904-turama_seed-1_20260509_065246/iterated_local_search/run_1_worker_13/ils_config_1234672806150988876.prm
[INFO]:[06:54:48] CPLEX results. Gap: 23.340000, upper bound: -33.200000, lower bound: -40.950000
[INFO]:[06:54:48] CPLEX solver finished. Gap: 23.340000
[INFO]:[06:54:48] Starting CPLEX solver on instance: /home/yorig/tuner/mpils-tests/instances/miplib/medium-1/neos-3555904-turama.mps with config: /scratch/yorig/mpils-results-grid-ticks-10000-7may/medium-1/24proc/seed-1/10_neos-3555904-turama_seed-1_20260509_065246/iterated_local_search/run_1_worker_13/ils_config_16374163347538368031.prm
[INFO]:[06:54:48] Starting CPLEX solver on instance: /home/yorig/tuner/mpils-tests/instances/miplib/medium-1/neos-3555904-turama.mps with config: /scratch/yorig/mpils-results-grid-ticks-10000-7may/medium-1/24proc/seed-1/10_neos-3555904-turama_seed-1_20260509_065246/iterated_local_search/run_1_worker_13/ils_config_16374163347538368031.prm
[INFO]:[06:54:55] CPLEX results. Gap: 23.340000, upper bound: -33.200000, lower bound: -40.950000
[INFO]:[06:54:55] CPLEX solver finished. Gap: 23.340000
[INFO]:[06:54:55] Starting CPLEX solver on instance: /home/yorig/tuner/mpils-tests/instances/miplib/medium-1/neos-3555904-turama.mps with config: /scratch/yorig/mpils-results-grid-ticks-10000-7may/medium-1/24proc/seed-1/10_neos-3555904-turama_seed-1_20260509_065246/iterated_local_search/run_1_worker_13/ils_config_1428828671167898819.prm
[INFO]:[06:54:55] Starting CPLEX solver on instance: /home/yorig/tuner/mpils-tests/instances/miplib/medium-1/neos-3555904-turama.mps with config: /scratch/yorig/mpils-results-grid-ticks-10000-7may/medium-1/24proc/seed-1/10_neos-3555904-turama_seed-1_20260509_065246/iterated_local_search/run_1_worker_13/ils_config_1428828671167898819.prm
[INFO]:[06:55:03] CPLEX results. Gap: 18.010000, upper bound: -34.700000, lower bound: -40.950000
[INFO]:[06:55:03] CPLEX solver finished. Gap: 18.010000
[INFO]:[06:55:03] Starting CPLEX solver on instance: /home/yorig/tuner/mpils-tests/instances/miplib/medium-1/neos-3555904-turama.mps with config: /scratch/yorig/mpils-results-grid-ticks-10000-7may/medium-1/24proc/seed-1/10_neos-3555904-turama_seed-1_20260509_065246/iterated_local_search/run_1_worker_13/ils_config_4604162925558429135.prm
[INFO]:[06:55:03] Starting CPLEX solver on instance: /home/yorig/tuner/mpils-tests/instances/miplib/medium-1/neos-3555904-turama.mps with config: /scratch/yorig/mpils-results-grid-ticks-10000-7may/medium-1/24proc/seed-1/10_neos-3555904-turama_seed-1_20260509_065246/iterated_local_search/run_1_worker_13/ils_config_4604162925558429135.prm
[INFO]:[06:55:10] CPLEX results. Gap: 18.010000, upper bound: -34.700000, lower bound: -40.950000
[INFO]:[06:55:10] CPLEX solver finished. Gap: 18.010000
[INFO]:[06:55:10] Starting CPLEX solver on instance: /home/yorig/tuner/mpils-tests/instances/miplib/medium-1/neos-3555904-turama.mps with config: /scratch/yorig/mpils-results-grid-ticks-10000-7may/medium-1/24proc/seed-1/10_neos-3555904-turama_seed-1_20260509_065246/iterated_local_search/run_1_worker_13/ils_config_14881008721332911029.prm
[INFO]:[06:55:10] Starting CPLEX solver on instance: /home/yorig/tuner/mpils-tests/instances/miplib/medium-1/neos-3555904-turama.mps with config: /scratch/yorig/mpils-results-grid-ticks-10000-7may/medium-1/24proc/seed-1/10_neos-3555904-turama_seed-1_20260509_065246/iterated_local_search/run_1_worker_13/ils_config_14881008721332911029.prm
[INFO]:[06:55:18] CPLEX results. Gap: 18.010000, upper bound: -34.700000, lower bound: -40.950000
[INFO]:[06:55:18] CPLEX solver finished. Gap: 18.010000
[INFO]:[06:55:18] Local search phase completed.
[INFO]:[06:55:18] Total number of new local-search evaluations: 20
[INFO]:[06:55:18] Final incumbent objective value: 18.01
[INFO]:[06:55:18] Worker 13 completed exploration phase.
[INFO]:[06:55:18] Worker 13 received order for step 2.
[INFO]:[06:55:18] Worker 13 running expansion phase for iteration 1.
[INFO]:[06:55:18] Worker 13 will use solver log file: /scratch/yorig/mpils-results-grid-ticks-10000-7may/medium-1/24proc/seed-1/10_neos-3555904-turama_seed-1_20260509_065246/solver/cplex.log_iteration_expansion_1_worker_13
[INFO]:[06:55:18] Expansion Worker 13 starting expansion for iteration 1.
[INFO]:[06:55:18] Starting CPLEX solver on instance: /home/yorig/tuner/mpils-tests/instances/miplib/medium-1/neos-3555904-turama.mps with config: /scratch/yorig/mpils-results-grid-ticks-10000-7may/medium-1/24proc/seed-1/10_neos-3555904-turama_seed-1_20260509_065246/expansion/config_param_CPXPARAM_MIP_Strategy_NodeSelect_0_iter_1.prm
[INFO]:[06:55:26] CPLEX results. Gap: 18.010000, upper bound: -34.700000, lower bound: -40.950000
[INFO]:[06:55:26] CPLEX solver finished. Gap: 18.010000
[INFO]:[06:55:27] Starting CPLEX solver on instance: /home/yorig/tuner/mpils-tests/instances/miplib/medium-1/neos-3555904-turama.mps with config: /scratch/yorig/mpils-results-grid-ticks-10000-7may/medium-1/24proc/seed-1/10_neos-3555904-turama_seed-1_20260509_065246/expansion/config_param_CPXPARAM_MIP_Strategy_RINSHeur_500_iter_1.prm
[INFO]:[06:55:35] CPLEX results. Gap: 18.010000, upper bound: -34.700000, lower bound: -40.950000
[INFO]:[06:55:35] CPLEX solver finished. Gap: 18.010000
[INFO]:[06:55:43] Expansion Worker 13 completed expansion.
[INFO]:[06:55:43] Worker 13 completed expansion phase.
[INFO]:[06:55:43] Worker 13 received order for step 1.
[INFO]:[06:55:43] Worker 13 running exploration phase for iteration 2.
[INFO]:[06:55:43] Worker 13 at iteration 2 will not use a MIP start file. Current best MIP-start upper bound threshold is 1.79769e+308.
[INFO]:[06:55:43] Starting local search phase...
[INFO]:[06:55:43] Creating local search space from parameter space file: /scratch/yorig/mpils-results-grid-ticks-10000-7may/medium-1/24proc/seed-1/10_neos-3555904-turama_seed-1_20260509_065246/iterated_local_search/search_space/search_space_file_2_worker_13.txt
[INFO]:[06:55:43] Local search space loaded from file: /scratch/yorig/mpils-results-grid-ticks-10000-7may/medium-1/24proc/seed-1/10_neos-3555904-turama_seed-1_20260509_065246/iterated_local_search/search_space/search_space_file_2_worker_13.txt
[INFO]:[06:55:43] Number of parameters in local search space: 71
[INFO]:[06:55:43] Number of forbidden tuples in local search space: 9
[INFO]:[06:55:43] Number of conditionals in local search space: 6
[INFO]:[06:55:43] MIP start option not enabled. Local search will proceed without MIP start.
[INFO]:[06:55:43] Evaluating initial configuration for local search phase...
[INFO]:[06:55:43] Starting CPLEX solver on instance: /home/yorig/tuner/mpils-tests/instances/miplib/medium-1/neos-3555904-turama.mps with config: /scratch/yorig/mpils-results-grid-ticks-10000-7may/medium-1/24proc/seed-1/10_neos-3555904-turama_seed-1_20260509_065246/iterated_local_search/run_2_worker_13/ils_config_4929243352273839680.prm
[INFO]:[06:55:43] Starting CPLEX solver on instance: /home/yorig/tuner/mpils-tests/instances/miplib/medium-1/neos-3555904-turama.mps with config: /scratch/yorig/mpils-results-grid-ticks-10000-7may/medium-1/24proc/seed-1/10_neos-3555904-turama_seed-1_20260509_065246/iterated_local_search/run_2_worker_13/ils_config_4929243352273839680.prm
[INFO]:[06:55:52] CPLEX results. Gap: 121370.780000, upper bound: -33.200000, lower bound: -40328.300000
[INFO]:[06:55:52] CPLEX solver finished. Gap: 121370.780000
[INFO]:[06:55:52] Initial configuration evaluated with objective value: 121371
[INFO]:[06:55:52] Starting CPLEX solver on instance: /home/yorig/tuner/mpils-tests/instances/miplib/medium-1/neos-3555904-turama.mps with config: /scratch/yorig/mpils-results-grid-ticks-10000-7may/medium-1/24proc/seed-1/10_neos-3555904-turama_seed-1_20260509_065246/iterated_local_search/run_2_worker_13/ils_config_12596833004747727694.prm
[INFO]:[06:55:52] Starting CPLEX solver on instance: /home/yorig/tuner/mpils-tests/instances/miplib/medium-1/neos-3555904-turama.mps with config: /scratch/yorig/mpils-results-grid-ticks-10000-7may/medium-1/24proc/seed-1/10_neos-3555904-turama_seed-1_20260509_065246/iterated_local_search/run_2_worker_13/ils_config_12596833004747727694.prm
[INFO]:[06:56:01] CPLEX results. Gap: 121370.780000, upper bound: -33.200000, lower bound: -40328.300000
[INFO]:[06:56:01] CPLEX solver finished. Gap: 121370.780000
[INFO]:[06:56:01] Starting CPLEX solver on instance: /home/yorig/tuner/mpils-tests/instances/miplib/medium-1/neos-3555904-turama.mps with config: /scratch/yorig/mpils-results-grid-ticks-10000-7may/medium-1/24proc/seed-1/10_neos-3555904-turama_seed-1_20260509_065246/iterated_local_search/run_2_worker_13/ils_config_10464428672296172050.prm
[INFO]:[06:56:01] Starting CPLEX solver on instance: /home/yorig/tuner/mpils-tests/instances/miplib/medium-1/neos-3555904-turama.mps with config: /scratch/yorig/mpils-results-grid-ticks-10000-7may/medium-1/24proc/seed-1/10_neos-3555904-turama_seed-1_20260509_065246/iterated_local_search/run_2_worker_13/ils_config_10464428672296172050.prm
[INFO]:[06:56:10] CPLEX results. Gap: 121370.780000, upper bound: -33.200000, lower bound: -40328.300000
[INFO]:[06:56:10] CPLEX solver finished. Gap: 121370.780000
[INFO]:[06:56:10] Starting CPLEX solver on instance: /home/yorig/tuner/mpils-tests/instances/miplib/medium-1/neos-3555904-turama.mps with config: /scratch/yorig/mpils-results-grid-ticks-10000-7may/medium-1/24proc/seed-1/10_neos-3555904-turama_seed-1_20260509_065246/iterated_local_search/run_2_worker_13/ils_config_6020259135412444049.prm
[INFO]:[06:56:10] Starting CPLEX solver on instance: /home/yorig/tuner/mpils-tests/instances/miplib/medium-1/neos-3555904-turama.mps with config: /scratch/yorig/mpils-results-grid-ticks-10000-7may/medium-1/24proc/seed-1/10_neos-3555904-turama_seed-1_20260509_065246/iterated_local_search/run_2_worker_13/ils_config_6020259135412444049.prm
[INFO]:[06:56:19] CPLEX results. Gap: 121370.780000, upper bound: -33.200000, lower bound: -40328.300000
[INFO]:[06:56:19] CPLEX solver finished. Gap: 121370.780000
[INFO]:[06:56:19] Starting CPLEX solver on instance: /home/yorig/tuner/mpils-tests/instances/miplib/medium-1/neos-3555904-turama.mps with config: /scratch/yorig/mpils-results-grid-ticks-10000-7may/medium-1/24proc/seed-1/10_neos-3555904-turama_seed-1_20260509_065246/iterated_local_search/run_2_worker_13/ils_config_6712621154099378426.prm
[INFO]:[06:56:19] Starting CPLEX solver on instance: /home/yorig/tuner/mpils-tests/instances/miplib/medium-1/neos-3555904-turama.mps with config: /scratch/yorig/mpils-results-grid-ticks-10000-7may/medium-1/24proc/seed-1/10_neos-3555904-turama_seed-1_20260509_065246/iterated_local_search/run_2_worker_13/ils_config_6712621154099378426.prm
[INFO]:[06:56:28] CPLEX results. Gap: 121370.780000, upper bound: -33.200000, lower bound: -40328.300000
[INFO]:[06:56:28] CPLEX solver finished. Gap: 121370.780000
[INFO]:[06:56:28] Local search phase completed.
[INFO]:[06:56:28] Total number of new local-search evaluations: 5
[INFO]:[06:56:28] Final incumbent objective value: 121371
[INFO]:[06:56:28] Worker 13 completed exploration phase.
[INFO]:[06:56:28] Worker 13 received order for step 2.
[INFO]:[06:56:28] Worker 13 running expansion phase for iteration 2.
[INFO]:[06:56:28] Worker 13 will use solver log file: /scratch/yorig/mpils-results-grid-ticks-10000-7may/medium-1/24proc/seed-1/10_neos-3555904-turama_seed-1_20260509_065246/solver/cplex.log_iteration_expansion_2_worker_13
[INFO]:[06:56:28] Expansion Worker 13 starting expansion for iteration 2.
[INFO]:[06:56:28] Starting CPLEX solver on instance: /home/yorig/tuner/mpils-tests/instances/miplib/medium-1/neos-3555904-turama.mps with config: /scratch/yorig/mpils-results-grid-ticks-10000-7may/medium-1/24proc/seed-1/10_neos-3555904-turama_seed-1_20260509_065246/expansion/config_param_CPXPARAM_Preprocessing_Dual_1_iter_2.prm
[INFO]:[06:56:36] CPLEX results. Gap: 18.010000, upper bound: -34.700000, lower bound: -40.950000
[INFO]:[06:56:36] CPLEX solver finished. Gap: 18.010000
[INFO]:[06:57:12] Expansion Worker 13 completed expansion.
[INFO]:[06:57:12] Worker 13 completed expansion phase.
[INFO]:[06:57:12] Worker 13 received order for step 1.
[INFO]:[06:57:12] Worker 13 running exploration phase for iteration 3.
[INFO]:[06:57:12] Worker 13 at iteration 3 will not use a MIP start file. Current best MIP-start upper bound threshold is 1.79769e+308.
[INFO]:[06:57:12] Starting local search phase...
[INFO]:[06:57:12] Creating local search space from parameter space file: /scratch/yorig/mpils-results-grid-ticks-10000-7may/medium-1/24proc/seed-1/10_neos-3555904-turama_seed-1_20260509_065246/iterated_local_search/search_space/search_space_file_3_worker_13.txt
[INFO]:[06:57:12] Local search space loaded from file: /scratch/yorig/mpils-results-grid-ticks-10000-7may/medium-1/24proc/seed-1/10_neos-3555904-turama_seed-1_20260509_065246/iterated_local_search/search_space/search_space_file_3_worker_13.txt
[INFO]:[06:57:12] Number of parameters in local search space: 71
[INFO]:[06:57:12] Number of forbidden tuples in local search space: 31
[INFO]:[06:57:12] Number of conditionals in local search space: 6
[INFO]:[06:57:12] MIP start option not enabled. Local search will proceed without MIP start.
[INFO]:[06:57:12] Evaluating initial configuration for local search phase...
[INFO]:[06:57:12] Starting CPLEX solver on instance: /home/yorig/tuner/mpils-tests/instances/miplib/medium-1/neos-3555904-turama.mps with config: /scratch/yorig/mpils-results-grid-ticks-10000-7may/medium-1/24proc/seed-1/10_neos-3555904-turama_seed-1_20260509_065246/iterated_local_search/run_3_worker_13/ils_config_7207374658371263587.prm
[INFO]:[06:57:12] Starting CPLEX solver on instance: /home/yorig/tuner/mpils-tests/instances/miplib/medium-1/neos-3555904-turama.mps with config: /scratch/yorig/mpils-results-grid-ticks-10000-7may/medium-1/24proc/seed-1/10_neos-3555904-turama_seed-1_20260509_065246/iterated_local_search/run_3_worker_13/ils_config_7207374658371263587.prm
[INFO]:[06:57:19] CPLEX results. Gap: 80480.720000, upper bound: -33.200000, lower bound: -26752.800000
[INFO]:[06:57:19] CPLEX solver finished. Gap: 80480.720000
[INFO]:[06:57:19] Initial configuration evaluated with objective value: 80480.7
[INFO]:[06:57:19] Starting CPLEX solver on instance: /home/yorig/tuner/mpils-tests/instances/miplib/medium-1/neos-3555904-turama.mps with config: /scratch/yorig/mpils-results-grid-ticks-10000-7may/medium-1/24proc/seed-1/10_neos-3555904-turama_seed-1_20260509_065246/iterated_local_search/run_3_worker_13/ils_config_784415143231679167.prm
[INFO]:[06:57:19] Starting CPLEX solver on instance: /home/yorig/tuner/mpils-tests/instances/miplib/medium-1/neos-3555904-turama.mps with config: /scratch/yorig/mpils-results-grid-ticks-10000-7may/medium-1/24proc/seed-1/10_neos-3555904-turama_seed-1_20260509_065246/iterated_local_search/run_3_worker_13/ils_config_784415143231679167.prm
[INFO]:[06:57:27] CPLEX results. Gap: 80480.720000, upper bound: -33.200000, lower bound: -26752.800000
[INFO]:[06:57:27] CPLEX solver finished. Gap: 80480.720000
[INFO]:[06:57:27] Starting CPLEX solver on instance: /home/yorig/tuner/mpils-tests/instances/miplib/medium-1/neos-3555904-turama.mps with config: /scratch/yorig/mpils-results-grid-ticks-10000-7may/medium-1/24proc/seed-1/10_neos-3555904-turama_seed-1_20260509_065246/iterated_local_search/run_3_worker_13/ils_config_4315492526226505553.prm
[INFO]:[06:57:27] Starting CPLEX solver on instance: /home/yorig/tuner/mpils-tests/instances/miplib/medium-1/neos-3555904-turama.mps with config: /scratch/yorig/mpils-results-grid-ticks-10000-7may/medium-1/24proc/seed-1/10_neos-3555904-turama_seed-1_20260509_065246/iterated_local_search/run_3_worker_13/ils_config_4315492526226505553.prm
[INFO]:[06:57:34] CPLEX results. Gap: 80480.720000, upper bound: -33.200000, lower bound: -26752.800000
[INFO]:[06:57:34] CPLEX solver finished. Gap: 80480.720000
[INFO]:[06:57:34] Starting CPLEX solver on instance: /home/yorig/tuner/mpils-tests/instances/miplib/medium-1/neos-3555904-turama.mps with config: /scratch/yorig/mpils-results-grid-ticks-10000-7may/medium-1/24proc/seed-1/10_neos-3555904-turama_seed-1_20260509_065246/iterated_local_search/run_3_worker_13/ils_config_12251336076261512747.prm
[INFO]:[06:57:34] Starting CPLEX solver on instance: /home/yorig/tuner/mpils-tests/instances/miplib/medium-1/neos-3555904-turama.mps with config: /scratch/yorig/mpils-results-grid-ticks-10000-7may/medium-1/24proc/seed-1/10_neos-3555904-turama_seed-1_20260509_065246/iterated_local_search/run_3_worker_13/ils_config_12251336076261512747.prm
[INFO]:[06:57:41] CPLEX results. Gap: 80480.720000, upper bound: -33.200000, lower bound: -26752.800000
[INFO]:[06:57:41] CPLEX solver finished. Gap: 80480.720000
[INFO]:[06:57:41] Starting CPLEX solver on instance: /home/yorig/tuner/mpils-tests/instances/miplib/medium-1/neos-3555904-turama.mps with config: /scratch/yorig/mpils-results-grid-ticks-10000-7may/medium-1/24proc/seed-1/10_neos-3555904-turama_seed-1_20260509_065246/iterated_local_search/run_3_worker_13/ils_config_9160012173518764022.prm
[INFO]:[06:57:41] Starting CPLEX solver on instance: /home/yorig/tuner/mpils-tests/instances/miplib/medium-1/neos-3555904-turama.mps with config: /scratch/yorig/mpils-results-grid-ticks-10000-7may/medium-1/24proc/seed-1/10_neos-3555904-turama_seed-1_20260509_065246/iterated_local_search/run_3_worker_13/ils_config_9160012173518764022.prm
[INFO]:[06:57:48] CPLEX results. Gap: 80480.720000, upper bound: -33.200000, lower bound: -26752.800000
[INFO]:[06:57:48] CPLEX solver finished. Gap: 80480.720000
[INFO]:[06:57:48] Local search phase completed.
[INFO]:[06:57:48] Total number of new local-search evaluations: 5
[INFO]:[06:57:48] Final incumbent objective value: 80480.7
[INFO]:[06:57:58] Worker 13 completed exploration phase.
[INFO]:[06:57:58] Worker 13 received order for step 2.
[INFO]:[06:57:58] Worker 13 running expansion phase for iteration 3.
[INFO]:[06:57:58] Worker 13 will use solver log file: /scratch/yorig/mpils-results-grid-ticks-10000-7may/medium-1/24proc/seed-1/10_neos-3555904-turama_seed-1_20260509_065246/solver/cplex.log_iteration_expansion_3_worker_13
[INFO]:[06:57:58] Expansion Worker 13 starting expansion for iteration 3.
[INFO]:[06:57:58] Starting CPLEX solver on instance: /home/yorig/tuner/mpils-tests/instances/miplib/medium-1/neos-3555904-turama.mps with config: /scratch/yorig/mpils-results-grid-ticks-10000-7may/medium-1/24proc/seed-1/10_neos-3555904-turama_seed-1_20260509_065246/expansion/config_param_CPXPARAM_Preprocessing_Fill_5_iter_3.prm
[INFO]:[06:58:05] CPLEX results. Gap: 18.010000, upper bound: -34.700000, lower bound: -40.950000
[INFO]:[06:58:05] CPLEX solver finished. Gap: 18.010000
[INFO]:[06:58:14] Expansion Worker 13 completed expansion.
[INFO]:[06:58:14] Worker 13 completed expansion phase.
[INFO]:[06:58:15] Worker 13 received order for step 1.
[INFO]:[06:58:15] Worker 13 running exploration phase for iteration 4.
[INFO]:[06:58:15] Worker 13 at iteration 4 will not use a MIP start file. Current best MIP-start upper bound threshold is 1.79769e+308.
[INFO]:[06:58:15] Starting local search phase...
[INFO]:[06:58:15] Creating local search space from parameter space file: /scratch/yorig/mpils-results-grid-ticks-10000-7may/medium-1/24proc/seed-1/10_neos-3555904-turama_seed-1_20260509_065246/iterated_local_search/search_space/search_space_file_4_worker_13.txt
[INFO]:[06:58:15] Local search space loaded from file: /scratch/yorig/mpils-results-grid-ticks-10000-7may/medium-1/24proc/seed-1/10_neos-3555904-turama_seed-1_20260509_065246/iterated_local_search/search_space/search_space_file_4_worker_13.txt
[INFO]:[06:58:15] Number of parameters in local search space: 71
[INFO]:[06:58:15] Number of forbidden tuples in local search space: 47
[INFO]:[06:58:15] Number of conditionals in local search space: 6
[INFO]:[06:58:15] MIP start option not enabled. Local search will proceed without MIP start.
[INFO]:[06:58:15] Evaluating initial configuration for local search phase...
[INFO]:[06:58:15] Starting CPLEX solver on instance: /home/yorig/tuner/mpils-tests/instances/miplib/medium-1/neos-3555904-turama.mps with config: /scratch/yorig/mpils-results-grid-ticks-10000-7may/medium-1/24proc/seed-1/10_neos-3555904-turama_seed-1_20260509_065246/iterated_local_search/run_4_worker_13/ils_config_18100935006253021435.prm
[INFO]:[06:58:15] Starting CPLEX solver on instance: /home/yorig/tuner/mpils-tests/instances/miplib/medium-1/neos-3555904-turama.mps with config: /scratch/yorig/mpils-results-grid-ticks-10000-7may/medium-1/24proc/seed-1/10_neos-3555904-turama_seed-1_20260509_065246/iterated_local_search/run_4_worker_13/ils_config_18100935006253021435.prm
[INFO]:[06:58:22] CPLEX results. Gap: 80480.720000, upper bound: -33.200000, lower bound: -26752.800000
[INFO]:[06:58:22] CPLEX solver finished. Gap: 80480.720000
[INFO]:[06:58:22] Initial configuration evaluated with objective value: 80480.7
[INFO]:[06:58:22] Starting CPLEX solver on instance: /home/yorig/tuner/mpils-tests/instances/miplib/medium-1/neos-3555904-turama.mps with config: /scratch/yorig/mpils-results-grid-ticks-10000-7may/medium-1/24proc/seed-1/10_neos-3555904-turama_seed-1_20260509_065246/iterated_local_search/run_4_worker_13/ils_config_3726960770890283270.prm
[INFO]:[06:58:22] Starting CPLEX solver on instance: /home/yorig/tuner/mpils-tests/instances/miplib/medium-1/neos-3555904-turama.mps with config: /scratch/yorig/mpils-results-grid-ticks-10000-7may/medium-1/24proc/seed-1/10_neos-3555904-turama_seed-1_20260509_065246/iterated_local_search/run_4_worker_13/ils_config_3726960770890283270.prm
[INFO]:[06:58:29] CPLEX results. Gap: 80480.720000, upper bound: -33.200000, lower bound: -26752.800000
[INFO]:[06:58:29] CPLEX solver finished. Gap: 80480.720000
[INFO]:[06:58:29] Starting CPLEX solver on instance: /home/yorig/tuner/mpils-tests/instances/miplib/medium-1/neos-3555904-turama.mps with config: /scratch/yorig/mpils-results-grid-ticks-10000-7may/medium-1/24proc/seed-1/10_neos-3555904-turama_seed-1_20260509_065246/iterated_local_search/run_4_worker_13/ils_config_3979170000487430004.prm
[INFO]:[06:58:29] Starting CPLEX solver on instance: /home/yorig/tuner/mpils-tests/instances/miplib/medium-1/neos-3555904-turama.mps with config: /scratch/yorig/mpils-results-grid-ticks-10000-7may/medium-1/24proc/seed-1/10_neos-3555904-turama_seed-1_20260509_065246/iterated_local_search/run_4_worker_13/ils_config_3979170000487430004.prm
[INFO]:[06:58:36] CPLEX results. Gap: 80480.720000, upper bound: -33.200000, lower bound: -26752.800000
[INFO]:[06:58:36] CPLEX solver finished. Gap: 80480.720000
[INFO]:[06:58:36] Starting CPLEX solver on instance: /home/yorig/tuner/mpils-tests/instances/miplib/medium-1/neos-3555904-turama.mps with config: /scratch/yorig/mpils-results-grid-ticks-10000-7may/medium-1/24proc/seed-1/10_neos-3555904-turama_seed-1_20260509_065246/iterated_local_search/run_4_worker_13/ils_config_3428967143916727315.prm
[INFO]:[06:58:36] Starting CPLEX solver on instance: /home/yorig/tuner/mpils-tests/instances/miplib/medium-1/neos-3555904-turama.mps with config: /scratch/yorig/mpils-results-grid-ticks-10000-7may/medium-1/24proc/seed-1/10_neos-3555904-turama_seed-1_20260509_065246/iterated_local_search/run_4_worker_13/ils_config_3428967143916727315.prm
[INFO]:[06:58:42] CPLEX results. Gap: 80480.720000, upper bound: -33.200000, lower bound: -26752.800000
[INFO]:[06:58:42] CPLEX solver finished. Gap: 80480.720000
[INFO]:[06:58:42] Starting CPLEX solver on instance: /home/yorig/tuner/mpils-tests/instances/miplib/medium-1/neos-3555904-turama.mps with config: /scratch/yorig/mpils-results-grid-ticks-10000-7may/medium-1/24proc/seed-1/10_neos-3555904-turama_seed-1_20260509_065246/iterated_local_search/run_4_worker_13/ils_config_1119865453590397869.prm
[INFO]:[06:58:42] Starting CPLEX solver on instance: /home/yorig/tuner/mpils-tests/instances/miplib/medium-1/neos-3555904-turama.mps with config: /scratch/yorig/mpils-results-grid-ticks-10000-7may/medium-1/24proc/seed-1/10_neos-3555904-turama_seed-1_20260509_065246/iterated_local_search/run_4_worker_13/ils_config_1119865453590397869.prm
[INFO]:[06:58:49] CPLEX results. Gap: 80480.720000, upper bound: -33.200000, lower bound: -26752.800000
[INFO]:[06:58:49] CPLEX solver finished. Gap: 80480.720000
[INFO]:[06:58:49] Starting CPLEX solver on instance: /home/yorig/tuner/mpils-tests/instances/miplib/medium-1/neos-3555904-turama.mps with config: /scratch/yorig/mpils-results-grid-ticks-10000-7may/medium-1/24proc/seed-1/10_neos-3555904-turama_seed-1_20260509_065246/iterated_local_search/run_4_worker_13/ils_config_2434517323907632888.prm
[INFO]:[06:58:49] Starting CPLEX solver on instance: /home/yorig/tuner/mpils-tests/instances/miplib/medium-1/neos-3555904-turama.mps with config: /scratch/yorig/mpils-results-grid-ticks-10000-7may/medium-1/24proc/seed-1/10_neos-3555904-turama_seed-1_20260509_065246/iterated_local_search/run_4_worker_13/ils_config_2434517323907632888.prm
[INFO]:[06:58:56] CPLEX results. Gap: 80480.720000, upper bound: -33.200000, lower bound: -26752.800000
[INFO]:[06:58:56] CPLEX solver finished. Gap: 80480.720000
[INFO]:[06:58:56] Starting CPLEX solver on instance: /home/yorig/tuner/mpils-tests/instances/miplib/medium-1/neos-3555904-turama.mps with config: /scratch/yorig/mpils-results-grid-ticks-10000-7may/medium-1/24proc/seed-1/10_neos-3555904-turama_seed-1_20260509_065246/iterated_local_search/run_4_worker_13/ils_config_3219116493833566479.prm
[INFO]:[06:58:56] Starting CPLEX solver on instance: /home/yorig/tuner/mpils-tests/instances/miplib/medium-1/neos-3555904-turama.mps with config: /scratch/yorig/mpils-results-grid-ticks-10000-7may/medium-1/24proc/seed-1/10_neos-3555904-turama_seed-1_20260509_065246/iterated_local_search/run_4_worker_13/ils_config_3219116493833566479.prm
[INFO]:[06:59:03] CPLEX results. Gap: 80480.720000, upper bound: -33.200000, lower bound: -26752.800000
[INFO]:[06:59:03] CPLEX solver finished. Gap: 80480.720000
[INFO]:[06:59:03] Local search phase completed.
[INFO]:[06:59:03] Total number of new local-search evaluations: 7
[INFO]:[06:59:03] Final incumbent objective value: 80480.7
[INFO]:[06:59:17] Worker 13 completed exploration phase.
[INFO]:[06:59:17] Worker 13 received order for step 2.
[INFO]:[06:59:17] Worker 13 running expansion phase for iteration 4.
[INFO]:[06:59:17] Worker 13 will use solver log file: /scratch/yorig/mpils-results-grid-ticks-10000-7may/medium-1/24proc/seed-1/10_neos-3555904-turama_seed-1_20260509_065246/solver/cplex.log_iteration_expansion_4_worker_13
[INFO]:[06:59:17] Expansion Worker 13 starting expansion for iteration 4.
[INFO]:[06:59:17] Starting CPLEX solver on instance: /home/yorig/tuner/mpils-tests/instances/miplib/medium-1/neos-3555904-turama.mps with config: /scratch/yorig/mpils-results-grid-ticks-10000-7may/medium-1/24proc/seed-1/10_neos-3555904-turama_seed-1_20260509_065246/expansion/config_param_CPXPARAM_Network_NetFind_1_iter_4.prm
[INFO]:[06:59:25] CPLEX results. Gap: 18.010000, upper bound: -34.700000, lower bound: -40.950000
[INFO]:[06:59:25] CPLEX solver finished. Gap: 18.010000
[INFO]:[06:59:33] Expansion Worker 13 completed expansion.
[INFO]:[06:59:33] Worker 13 completed expansion phase.
[INFO]:[06:59:34] Worker 13 received order for step 1.
[INFO]:[06:59:34] Worker 13 running exploration phase for iteration 5.
[INFO]:[06:59:34] Worker 13 at iteration 5 will not use a MIP start file. Current best MIP-start upper bound threshold is 1.79769e+308.
[INFO]:[06:59:34] Starting local search phase...
[INFO]:[06:59:34] Creating local search space from parameter space file: /scratch/yorig/mpils-results-grid-ticks-10000-7may/medium-1/24proc/seed-1/10_neos-3555904-turama_seed-1_20260509_065246/iterated_local_search/search_space/search_space_file_5_worker_13.txt
[INFO]:[06:59:34] Local search space loaded from file: /scratch/yorig/mpils-results-grid-ticks-10000-7may/medium-1/24proc/seed-1/10_neos-3555904-turama_seed-1_20260509_065246/iterated_local_search/search_space/search_space_file_5_worker_13.txt
[INFO]:[06:59:34] Number of parameters in local search space: 71
[INFO]:[06:59:34] Number of forbidden tuples in local search space: 69
[INFO]:[06:59:34] Number of conditionals in local search space: 6
[INFO]:[06:59:34] MIP start option not enabled. Local search will proceed without MIP start.
[INFO]:[06:59:34] Evaluating initial configuration for local search phase...
[INFO]:[06:59:34] Starting CPLEX solver on instance: /home/yorig/tuner/mpils-tests/instances/miplib/medium-1/neos-3555904-turama.mps with config: /scratch/yorig/mpils-results-grid-ticks-10000-7may/medium-1/24proc/seed-1/10_neos-3555904-turama_seed-1_20260509_065246/iterated_local_search/run_5_worker_13/ils_config_16802701143282646867.prm
[INFO]:[06:59:34] Starting CPLEX solver on instance: /home/yorig/tuner/mpils-tests/instances/miplib/medium-1/neos-3555904-turama.mps with config: /scratch/yorig/mpils-results-grid-ticks-10000-7may/medium-1/24proc/seed-1/10_neos-3555904-turama_seed-1_20260509_065246/iterated_local_search/run_5_worker_13/ils_config_16802701143282646867.prm
[WARN]:[06:59:42] CPLEX finished without a primal feasible solution for config /scratch/yorig/mpils-results-grid-ticks-10000-7may/medium-1/24proc/seed-1/10_neos-3555904-turama_seed-1_20260509_065246/iterated_local_search/run_5_worker_13/ils_config_16802701143282646867.prm.
[INFO]:[06:59:42] CPLEX results. Gap: unavailable, upper bound: null, lower bound: -42186.000000
[INFO]:[06:59:42] CPLEX solver finished. Gap: 179769313486231570814527423731704356798070567525844996598917476803157260780028538760589558632766878171540458953514382464234321326889464182768467546703537516986049910576551282076245490090389328944075868508455133942304583236903222948165808559332123348274797826204144723168738177180919299881250404026184124858368.000000
[INFO]:[06:59:42] Initial configuration evaluated with objective value: 1.79769e+308
[INFO]:[06:59:42] Starting CPLEX solver on instance: /home/yorig/tuner/mpils-tests/instances/miplib/medium-1/neos-3555904-turama.mps with config: /scratch/yorig/mpils-results-grid-ticks-10000-7may/medium-1/24proc/seed-1/10_neos-3555904-turama_seed-1_20260509_065246/iterated_local_search/run_5_worker_13/ils_config_6984974371708680747.prm
[INFO]:[06:59:42] Starting CPLEX solver on instance: /home/yorig/tuner/mpils-tests/instances/miplib/medium-1/neos-3555904-turama.mps with config: /scratch/yorig/mpils-results-grid-ticks-10000-7may/medium-1/24proc/seed-1/10_neos-3555904-turama_seed-1_20260509_065246/iterated_local_search/run_5_worker_13/ils_config_6984974371708680747.prm
[WARN]:[06:59:49] CPLEX finished without a primal feasible solution for config /scratch/yorig/mpils-results-grid-ticks-10000-7may/medium-1/24proc/seed-1/10_neos-3555904-turama_seed-1_20260509_065246/iterated_local_search/run_5_worker_13/ils_config_6984974371708680747.prm.
[INFO]:[06:59:49] CPLEX results. Gap: unavailable, upper bound: null, lower bound: -42186.000000
[INFO]:[06:59:49] CPLEX solver finished. Gap: 179769313486231570814527423731704356798070567525844996598917476803157260780028538760589558632766878171540458953514382464234321326889464182768467546703537516986049910576551282076245490090389328944075868508455133942304583236903222948165808559332123348274797826204144723168738177180919299881250404026184124858368.000000
[INFO]:[06:59:49] Starting CPLEX solver on instance: /home/yorig/tuner/mpils-tests/instances/miplib/medium-1/neos-3555904-turama.mps with config: /scratch/yorig/mpils-results-grid-ticks-10000-7may/medium-1/24proc/seed-1/10_neos-3555904-turama_seed-1_20260509_065246/iterated_local_search/run_5_worker_13/ils_config_16941386518241815685.prm
[INFO]:[06:59:49] Starting CPLEX solver on instance: /home/yorig/tuner/mpils-tests/instances/miplib/medium-1/neos-3555904-turama.mps with config: /scratch/yorig/mpils-results-grid-ticks-10000-7may/medium-1/24proc/seed-1/10_neos-3555904-turama_seed-1_20260509_065246/iterated_local_search/run_5_worker_13/ils_config_16941386518241815685.prm
[WARN]:[06:59:57] CPLEX finished without a primal feasible solution for config /scratch/yorig/mpils-results-grid-ticks-10000-7may/medium-1/24proc/seed-1/10_neos-3555904-turama_seed-1_20260509_065246/iterated_local_search/run_5_worker_13/ils_config_16941386518241815685.prm.
[INFO]:[06:59:57] CPLEX results. Gap: unavailable, upper bound: null, lower bound: -42186.000000
[INFO]:[06:59:57] CPLEX solver finished. Gap: 179769313486231570814527423731704356798070567525844996598917476803157260780028538760589558632766878171540458953514382464234321326889464182768467546703537516986049910576551282076245490090389328944075868508455133942304583236903222948165808559332123348274797826204144723168738177180919299881250404026184124858368.000000
[INFO]:[06:59:57] Starting CPLEX solver on instance: /home/yorig/tuner/mpils-tests/instances/miplib/medium-1/neos-3555904-turama.mps with config: /scratch/yorig/mpils-results-grid-ticks-10000-7may/medium-1/24proc/seed-1/10_neos-3555904-turama_seed-1_20260509_065246/iterated_local_search/run_5_worker_13/ils_config_9637431259131747196.prm
[INFO]:[06:59:57] Starting CPLEX solver on instance: /home/yorig/tuner/mpils-tests/instances/miplib/medium-1/neos-3555904-turama.mps with config: /scratch/yorig/mpils-results-grid-ticks-10000-7may/medium-1/24proc/seed-1/10_neos-3555904-turama_seed-1_20260509_065246/iterated_local_search/run_5_worker_13/ils_config_9637431259131747196.prm
[WARN]:[07:00:05] CPLEX finished without a primal feasible solution for config /scratch/yorig/mpils-results-grid-ticks-10000-7may/medium-1/24proc/seed-1/10_neos-3555904-turama_seed-1_20260509_065246/iterated_local_search/run_5_worker_13/ils_config_9637431259131747196.prm.
[INFO]:[07:00:05] CPLEX results. Gap: unavailable, upper bound: null, lower bound: -42186.000000
[INFO]:[07:00:05] CPLEX solver finished. Gap: 179769313486231570814527423731704356798070567525844996598917476803157260780028538760589558632766878171540458953514382464234321326889464182768467546703537516986049910576551282076245490090389328944075868508455133942304583236903222948165808559332123348274797826204144723168738177180919299881250404026184124858368.000000
[INFO]:[07:00:05] Starting CPLEX solver on instance: /home/yorig/tuner/mpils-tests/instances/miplib/medium-1/neos-3555904-turama.mps with config: /scratch/yorig/mpils-results-grid-ticks-10000-7may/medium-1/24proc/seed-1/10_neos-3555904-turama_seed-1_20260509_065246/iterated_local_search/run_5_worker_13/ils_config_14136722002813294555.prm
[INFO]:[07:00:05] Starting CPLEX solver on instance: /home/yorig/tuner/mpils-tests/instances/miplib/medium-1/neos-3555904-turama.mps with config: /scratch/yorig/mpils-results-grid-ticks-10000-7may/medium-1/24proc/seed-1/10_neos-3555904-turama_seed-1_20260509_065246/iterated_local_search/run_5_worker_13/ils_config_14136722002813294555.prm
[WARN]:[07:00:12] CPLEX finished without a primal feasible solution for config /scratch/yorig/mpils-results-grid-ticks-10000-7may/medium-1/24proc/seed-1/10_neos-3555904-turama_seed-1_20260509_065246/iterated_local_search/run_5_worker_13/ils_config_14136722002813294555.prm.
[INFO]:[07:00:12] CPLEX results. Gap: unavailable, upper bound: null, lower bound: -42186.000000
[INFO]:[07:00:12] CPLEX solver finished. Gap: 179769313486231570814527423731704356798070567525844996598917476803157260780028538760589558632766878171540458953514382464234321326889464182768467546703537516986049910576551282076245490090389328944075868508455133942304583236903222948165808559332123348274797826204144723168738177180919299881250404026184124858368.000000
[INFO]:[07:00:12] Starting CPLEX solver on instance: /home/yorig/tuner/mpils-tests/instances/miplib/medium-1/neos-3555904-turama.mps with config: /scratch/yorig/mpils-results-grid-ticks-10000-7may/medium-1/24proc/seed-1/10_neos-3555904-turama_seed-1_20260509_065246/iterated_local_search/run_5_worker_13/ils_config_17038611051052396326.prm
[INFO]:[07:00:12] Starting CPLEX solver on instance: /home/yorig/tuner/mpils-tests/instances/miplib/medium-1/neos-3555904-turama.mps with config: /scratch/yorig/mpils-results-grid-ticks-10000-7may/medium-1/24proc/seed-1/10_neos-3555904-turama_seed-1_20260509_065246/iterated_local_search/run_5_worker_13/ils_config_17038611051052396326.prm
[WARN]:[07:00:20] CPLEX finished without a primal feasible solution for config /scratch/yorig/mpils-results-grid-ticks-10000-7may/medium-1/24proc/seed-1/10_neos-3555904-turama_seed-1_20260509_065246/iterated_local_search/run_5_worker_13/ils_config_17038611051052396326.prm.
[INFO]:[07:00:20] CPLEX results. Gap: unavailable, upper bound: null, lower bound: -42186.000000
[INFO]:[07:00:20] CPLEX solver finished. Gap: 179769313486231570814527423731704356798070567525844996598917476803157260780028538760589558632766878171540458953514382464234321326889464182768467546703537516986049910576551282076245490090389328944075868508455133942304583236903222948165808559332123348274797826204144723168738177180919299881250404026184124858368.000000
[INFO]:[07:00:20] Starting CPLEX solver on instance: /home/yorig/tuner/mpils-tests/instances/miplib/medium-1/neos-3555904-turama.mps with config: /scratch/yorig/mpils-results-grid-ticks-10000-7may/medium-1/24proc/seed-1/10_neos-3555904-turama_seed-1_20260509_065246/iterated_local_search/run_5_worker_13/ils_config_12260202149856389899.prm
[INFO]:[07:00:20] Starting CPLEX solver on instance: /home/yorig/tuner/mpils-tests/instances/miplib/medium-1/neos-3555904-turama.mps with config: /scratch/yorig/mpils-results-grid-ticks-10000-7may/medium-1/24proc/seed-1/10_neos-3555904-turama_seed-1_20260509_065246/iterated_local_search/run_5_worker_13/ils_config_12260202149856389899.prm
[WARN]:[07:00:28] CPLEX finished without a primal feasible solution for config /scratch/yorig/mpils-results-grid-ticks-10000-7may/medium-1/24proc/seed-1/10_neos-3555904-turama_seed-1_20260509_065246/iterated_local_search/run_5_worker_13/ils_config_12260202149856389899.prm.
[INFO]:[07:00:28] CPLEX results. Gap: unavailable, upper bound: null, lower bound: -42186.000000
[INFO]:[07:00:28] CPLEX solver finished. Gap: 179769313486231570814527423731704356798070567525844996598917476803157260780028538760589558632766878171540458953514382464234321326889464182768467546703537516986049910576551282076245490090389328944075868508455133942304583236903222948165808559332123348274797826204144723168738177180919299881250404026184124858368.000000
[INFO]:[07:00:28] Starting CPLEX solver on instance: /home/yorig/tuner/mpils-tests/instances/miplib/medium-1/neos-3555904-turama.mps with config: /scratch/yorig/mpils-results-grid-ticks-10000-7may/medium-1/24proc/seed-1/10_neos-3555904-turama_seed-1_20260509_065246/iterated_local_search/run_5_worker_13/ils_config_5682269613306026904.prm
[INFO]:[07:00:28] Starting CPLEX solver on instance: /home/yorig/tuner/mpils-tests/instances/miplib/medium-1/neos-3555904-turama.mps with config: /scratch/yorig/mpils-results-grid-ticks-10000-7may/medium-1/24proc/seed-1/10_neos-3555904-turama_seed-1_20260509_065246/iterated_local_search/run_5_worker_13/ils_config_5682269613306026904.prm
[WARN]:[07:00:35] CPLEX finished without a primal feasible solution for config /scratch/yorig/mpils-results-grid-ticks-10000-7may/medium-1/24proc/seed-1/10_neos-3555904-turama_seed-1_20260509_065246/iterated_local_search/run_5_worker_13/ils_config_5682269613306026904.prm.
[INFO]:[07:00:35] CPLEX results. Gap: unavailable, upper bound: null, lower bound: -42186.000000
[INFO]:[07:00:35] CPLEX solver finished. Gap: 179769313486231570814527423731704356798070567525844996598917476803157260780028538760589558632766878171540458953514382464234321326889464182768467546703537516986049910576551282076245490090389328944075868508455133942304583236903222948165808559332123348274797826204144723168738177180919299881250404026184124858368.000000
[INFO]:[07:00:35] Starting CPLEX solver on instance: /home/yorig/tuner/mpils-tests/instances/miplib/medium-1/neos-3555904-turama.mps with config: /scratch/yorig/mpils-results-grid-ticks-10000-7may/medium-1/24proc/seed-1/10_neos-3555904-turama_seed-1_20260509_065246/iterated_local_search/run_5_worker_13/ils_config_11191248312270299353.prm
[INFO]:[07:00:35] Starting CPLEX solver on instance: /home/yorig/tuner/mpils-tests/instances/miplib/medium-1/neos-3555904-turama.mps with config: /scratch/yorig/mpils-results-grid-ticks-10000-7may/medium-1/24proc/seed-1/10_neos-3555904-turama_seed-1_20260509_065246/iterated_local_search/run_5_worker_13/ils_config_11191248312270299353.prm
[WARN]:[07:00:42] CPLEX finished without a primal feasible solution for config /scratch/yorig/mpils-results-grid-ticks-10000-7may/medium-1/24proc/seed-1/10_neos-3555904-turama_seed-1_20260509_065246/iterated_local_search/run_5_worker_13/ils_config_11191248312270299353.prm.
[INFO]:[07:00:42] CPLEX results. Gap: unavailable, upper bound: null, lower bound: -42186.000000
[INFO]:[07:00:42] CPLEX solver finished. Gap: 179769313486231570814527423731704356798070567525844996598917476803157260780028538760589558632766878171540458953514382464234321326889464182768467546703537516986049910576551282076245490090389328944075868508455133942304583236903222948165808559332123348274797826204144723168738177180919299881250404026184124858368.000000
[INFO]:[07:00:42] Starting CPLEX solver on instance: /home/yorig/tuner/mpils-tests/instances/miplib/medium-1/neos-3555904-turama.mps with config: /scratch/yorig/mpils-results-grid-ticks-10000-7may/medium-1/24proc/seed-1/10_neos-3555904-turama_seed-1_20260509_065246/iterated_local_search/run_5_worker_13/ils_config_12709832271584335940.prm
[INFO]:[07:00:42] Starting CPLEX solver on instance: /home/yorig/tuner/mpils-tests/instances/miplib/medium-1/neos-3555904-turama.mps with config: /scratch/yorig/mpils-results-grid-ticks-10000-7may/medium-1/24proc/seed-1/10_neos-3555904-turama_seed-1_20260509_065246/iterated_local_search/run_5_worker_13/ils_config_12709832271584335940.prm
[WARN]:[07:00:50] CPLEX finished without a primal feasible solution for config /scratch/yorig/mpils-results-grid-ticks-10000-7may/medium-1/24proc/seed-1/10_neos-3555904-turama_seed-1_20260509_065246/iterated_local_search/run_5_worker_13/ils_config_12709832271584335940.prm.
[INFO]:[07:00:50] CPLEX results. Gap: unavailable, upper bound: null, lower bound: -42186.000000
[INFO]:[07:00:50] CPLEX solver finished. Gap: 179769313486231570814527423731704356798070567525844996598917476803157260780028538760589558632766878171540458953514382464234321326889464182768467546703537516986049910576551282076245490090389328944075868508455133942304583236903222948165808559332123348274797826204144723168738177180919299881250404026184124858368.000000
[INFO]:[07:00:50] Starting CPLEX solver on instance: /home/yorig/tuner/mpils-tests/instances/miplib/medium-1/neos-3555904-turama.mps with config: /scratch/yorig/mpils-results-grid-ticks-10000-7may/medium-1/24proc/seed-1/10_neos-3555904-turama_seed-1_20260509_065246/iterated_local_search/run_5_worker_13/ils_config_690229378192118437.prm
[INFO]:[07:00:50] Starting CPLEX solver on instance: /home/yorig/tuner/mpils-tests/instances/miplib/medium-1/neos-3555904-turama.mps with config: /scratch/yorig/mpils-results-grid-ticks-10000-7may/medium-1/24proc/seed-1/10_neos-3555904-turama_seed-1_20260509_065246/iterated_local_search/run_5_worker_13/ils_config_690229378192118437.prm
[WARN]:[07:00:58] CPLEX finished without a primal feasible solution for config /scratch/yorig/mpils-results-grid-ticks-10000-7may/medium-1/24proc/seed-1/10_neos-3555904-turama_seed-1_20260509_065246/iterated_local_search/run_5_worker_13/ils_config_690229378192118437.prm.
[INFO]:[07:00:58] CPLEX results. Gap: unavailable, upper bound: null, lower bound: -42186.000000
[INFO]:[07:00:58] CPLEX solver finished. Gap: 179769313486231570814527423731704356798070567525844996598917476803157260780028538760589558632766878171540458953514382464234321326889464182768467546703537516986049910576551282076245490090389328944075868508455133942304583236903222948165808559332123348274797826204144723168738177180919299881250404026184124858368.000000
[INFO]:[07:00:58] Starting CPLEX solver on instance: /home/yorig/tuner/mpils-tests/instances/miplib/medium-1/neos-3555904-turama.mps with config: /scratch/yorig/mpils-results-grid-ticks-10000-7may/medium-1/24proc/seed-1/10_neos-3555904-turama_seed-1_20260509_065246/iterated_local_search/run_5_worker_13/ils_config_17421760165514958170.prm
[INFO]:[07:00:58] Starting CPLEX solver on instance: /home/yorig/tuner/mpils-tests/instances/miplib/medium-1/neos-3555904-turama.mps with config: /scratch/yorig/mpils-results-grid-ticks-10000-7may/medium-1/24proc/seed-1/10_neos-3555904-turama_seed-1_20260509_065246/iterated_local_search/run_5_worker_13/ils_config_17421760165514958170.prm
[WARN]:[07:01:05] CPLEX finished without a primal feasible solution for config /scratch/yorig/mpils-results-grid-ticks-10000-7may/medium-1/24proc/seed-1/10_neos-3555904-turama_seed-1_20260509_065246/iterated_local_search/run_5_worker_13/ils_config_17421760165514958170.prm.
[INFO]:[07:01:05] CPLEX results. Gap: unavailable, upper bound: null, lower bound: -42186.000000
[INFO]:[07:01:05] CPLEX solver finished. Gap: 179769313486231570814527423731704356798070567525844996598917476803157260780028538760589558632766878171540458953514382464234321326889464182768467546703537516986049910576551282076245490090389328944075868508455133942304583236903222948165808559332123348274797826204144723168738177180919299881250404026184124858368.000000
[INFO]:[07:01:05] Starting CPLEX solver on instance: /home/yorig/tuner/mpils-tests/instances/miplib/medium-1/neos-3555904-turama.mps with config: /scratch/yorig/mpils-results-grid-ticks-10000-7may/medium-1/24proc/seed-1/10_neos-3555904-turama_seed-1_20260509_065246/iterated_local_search/run_5_worker_13/ils_config_3085961122063188427.prm
[INFO]:[07:01:05] Starting CPLEX solver on instance: /home/yorig/tuner/mpils-tests/instances/miplib/medium-1/neos-3555904-turama.mps with config: /scratch/yorig/mpils-results-grid-ticks-10000-7may/medium-1/24proc/seed-1/10_neos-3555904-turama_seed-1_20260509_065246/iterated_local_search/run_5_worker_13/ils_config_3085961122063188427.prm
[WARN]:[07:01:13] CPLEX finished without a primal feasible solution for config /scratch/yorig/mpils-results-grid-ticks-10000-7may/medium-1/24proc/seed-1/10_neos-3555904-turama_seed-1_20260509_065246/iterated_local_search/run_5_worker_13/ils_config_3085961122063188427.prm.
[INFO]:[07:01:13] CPLEX results. Gap: unavailable, upper bound: null, lower bound: -42186.000000
[INFO]:[07:01:13] CPLEX solver finished. Gap: 179769313486231570814527423731704356798070567525844996598917476803157260780028538760589558632766878171540458953514382464234321326889464182768467546703537516986049910576551282076245490090389328944075868508455133942304583236903222948165808559332123348274797826204144723168738177180919299881250404026184124858368.000000
[INFO]:[07:01:13] Starting CPLEX solver on instance: /home/yorig/tuner/mpils-tests/instances/miplib/medium-1/neos-3555904-turama.mps with config: /scratch/yorig/mpils-results-grid-ticks-10000-7may/medium-1/24proc/seed-1/10_neos-3555904-turama_seed-1_20260509_065246/iterated_local_search/run_5_worker_13/ils_config_13346910535212466243.prm
[INFO]:[07:01:13] Starting CPLEX solver on instance: /home/yorig/tuner/mpils-tests/instances/miplib/medium-1/neos-3555904-turama.mps with config: /scratch/yorig/mpils-results-grid-ticks-10000-7may/medium-1/24proc/seed-1/10_neos-3555904-turama_seed-1_20260509_065246/iterated_local_search/run_5_worker_13/ils_config_13346910535212466243.prm
[WARN]:[07:01:20] CPLEX finished without a primal feasible solution for config /scratch/yorig/mpils-results-grid-ticks-10000-7may/medium-1/24proc/seed-1/10_neos-3555904-turama_seed-1_20260509_065246/iterated_local_search/run_5_worker_13/ils_config_13346910535212466243.prm.
[INFO]:[07:01:20] CPLEX results. Gap: unavailable, upper bound: null, lower bound: -42186.000000
[INFO]:[07:01:20] CPLEX solver finished. Gap: 179769313486231570814527423731704356798070567525844996598917476803157260780028538760589558632766878171540458953514382464234321326889464182768467546703537516986049910576551282076245490090389328944075868508455133942304583236903222948165808559332123348274797826204144723168738177180919299881250404026184124858368.000000
[INFO]:[07:01:20] Starting CPLEX solver on instance: /home/yorig/tuner/mpils-tests/instances/miplib/medium-1/neos-3555904-turama.mps with config: /scratch/yorig/mpils-results-grid-ticks-10000-7may/medium-1/24proc/seed-1/10_neos-3555904-turama_seed-1_20260509_065246/iterated_local_search/run_5_worker_13/ils_config_17602915882243083706.prm
[INFO]:[07:01:20] Starting CPLEX solver on instance: /home/yorig/tuner/mpils-tests/instances/miplib/medium-1/neos-3555904-turama.mps with config: /scratch/yorig/mpils-results-grid-ticks-10000-7may/medium-1/24proc/seed-1/10_neos-3555904-turama_seed-1_20260509_065246/iterated_local_search/run_5_worker_13/ils_config_17602915882243083706.prm
[WARN]:[07:01:28] CPLEX finished without a primal feasible solution for config /scratch/yorig/mpils-results-grid-ticks-10000-7may/medium-1/24proc/seed-1/10_neos-3555904-turama_seed-1_20260509_065246/iterated_local_search/run_5_worker_13/ils_config_17602915882243083706.prm.
[INFO]:[07:01:28] CPLEX results. Gap: unavailable, upper bound: null, lower bound: -42186.000000
[INFO]:[07:01:28] CPLEX solver finished. Gap: 179769313486231570814527423731704356798070567525844996598917476803157260780028538760589558632766878171540458953514382464234321326889464182768467546703537516986049910576551282076245490090389328944075868508455133942304583236903222948165808559332123348274797826204144723168738177180919299881250404026184124858368.000000
[INFO]:[07:01:28] Starting CPLEX solver on instance: /home/yorig/tuner/mpils-tests/instances/miplib/medium-1/neos-3555904-turama.mps with config: /scratch/yorig/mpils-results-grid-ticks-10000-7may/medium-1/24proc/seed-1/10_neos-3555904-turama_seed-1_20260509_065246/iterated_local_search/run_5_worker_13/ils_config_17170242305645223517.prm
[INFO]:[07:01:28] Starting CPLEX solver on instance: /home/yorig/tuner/mpils-tests/instances/miplib/medium-1/neos-3555904-turama.mps with config: /scratch/yorig/mpils-results-grid-ticks-10000-7may/medium-1/24proc/seed-1/10_neos-3555904-turama_seed-1_20260509_065246/iterated_local_search/run_5_worker_13/ils_config_17170242305645223517.prm
[WARN]:[07:01:37] CPLEX finished without a primal feasible solution for config /scratch/yorig/mpils-results-grid-ticks-10000-7may/medium-1/24proc/seed-1/10_neos-3555904-turama_seed-1_20260509_065246/iterated_local_search/run_5_worker_13/ils_config_17170242305645223517.prm.
[INFO]:[07:01:37] CPLEX results. Gap: unavailable, upper bound: null, lower bound: -42186.000000
[INFO]:[07:01:37] CPLEX solver finished. Gap: 179769313486231570814527423731704356798070567525844996598917476803157260780028538760589558632766878171540458953514382464234321326889464182768467546703537516986049910576551282076245490090389328944075868508455133942304583236903222948165808559332123348274797826204144723168738177180919299881250404026184124858368.000000
[INFO]:[07:01:37] Starting CPLEX solver on instance: /home/yorig/tuner/mpils-tests/instances/miplib/medium-1/neos-3555904-turama.mps with config: /scratch/yorig/mpils-results-grid-ticks-10000-7may/medium-1/24proc/seed-1/10_neos-3555904-turama_seed-1_20260509_065246/iterated_local_search/run_5_worker_13/ils_config_10398385503737059519.prm
[INFO]:[07:01:37] Starting CPLEX solver on instance: /home/yorig/tuner/mpils-tests/instances/miplib/medium-1/neos-3555904-turama.mps with config: /scratch/yorig/mpils-results-grid-ticks-10000-7may/medium-1/24proc/seed-1/10_neos-3555904-turama_seed-1_20260509_065246/iterated_local_search/run_5_worker_13/ils_config_10398385503737059519.prm
[WARN]:[07:01:45] CPLEX finished without a primal feasible solution for config /scratch/yorig/mpils-results-grid-ticks-10000-7may/medium-1/24proc/seed-1/10_neos-3555904-turama_seed-1_20260509_065246/iterated_local_search/run_5_worker_13/ils_config_10398385503737059519.prm.
[INFO]:[07:01:45] CPLEX results. Gap: unavailable, upper bound: null, lower bound: -42186.000000
[INFO]:[07:01:45] CPLEX solver finished. Gap: 179769313486231570814527423731704356798070567525844996598917476803157260780028538760589558632766878171540458953514382464234321326889464182768467546703537516986049910576551282076245490090389328944075868508455133942304583236903222948165808559332123348274797826204144723168738177180919299881250404026184124858368.000000
[INFO]:[07:01:45] Starting CPLEX solver on instance: /home/yorig/tuner/mpils-tests/instances/miplib/medium-1/neos-3555904-turama.mps with config: /scratch/yorig/mpils-results-grid-ticks-10000-7may/medium-1/24proc/seed-1/10_neos-3555904-turama_seed-1_20260509_065246/iterated_local_search/run_5_worker_13/ils_config_790014641464452323.prm
[INFO]:[07:01:45] Starting CPLEX solver on instance: /home/yorig/tuner/mpils-tests/instances/miplib/medium-1/neos-3555904-turama.mps with config: /scratch/yorig/mpils-results-grid-ticks-10000-7may/medium-1/24proc/seed-1/10_neos-3555904-turama_seed-1_20260509_065246/iterated_local_search/run_5_worker_13/ils_config_790014641464452323.prm
[WARN]:[07:01:53] CPLEX finished without a primal feasible solution for config /scratch/yorig/mpils-results-grid-ticks-10000-7may/medium-1/24proc/seed-1/10_neos-3555904-turama_seed-1_20260509_065246/iterated_local_search/run_5_worker_13/ils_config_790014641464452323.prm.
[INFO]:[07:01:53] CPLEX results. Gap: unavailable, upper bound: null, lower bound: -42186.000000
[INFO]:[07:01:53] CPLEX solver finished. Gap: 179769313486231570814527423731704356798070567525844996598917476803157260780028538760589558632766878171540458953514382464234321326889464182768467546703537516986049910576551282076245490090389328944075868508455133942304583236903222948165808559332123348274797826204144723168738177180919299881250404026184124858368.000000
[INFO]:[07:01:53] Starting CPLEX solver on instance: /home/yorig/tuner/mpils-tests/instances/miplib/medium-1/neos-3555904-turama.mps with config: /scratch/yorig/mpils-results-grid-ticks-10000-7may/medium-1/24proc/seed-1/10_neos-3555904-turama_seed-1_20260509_065246/iterated_local_search/run_5_worker_13/ils_config_8288965884654445664.prm
[INFO]:[07:01:53] Starting CPLEX solver on instance: /home/yorig/tuner/mpils-tests/instances/miplib/medium-1/neos-3555904-turama.mps with config: /scratch/yorig/mpils-results-grid-ticks-10000-7may/medium-1/24proc/seed-1/10_neos-3555904-turama_seed-1_20260509_065246/iterated_local_search/run_5_worker_13/ils_config_8288965884654445664.prm
[WARN]:[07:02:00] CPLEX finished without a primal feasible solution for config /scratch/yorig/mpils-results-grid-ticks-10000-7may/medium-1/24proc/seed-1/10_neos-3555904-turama_seed-1_20260509_065246/iterated_local_search/run_5_worker_13/ils_config_8288965884654445664.prm.
[INFO]:[07:02:00] CPLEX results. Gap: unavailable, upper bound: null, lower bound: -42186.000000
[INFO]:[07:02:00] CPLEX solver finished. Gap: 179769313486231570814527423731704356798070567525844996598917476803157260780028538760589558632766878171540458953514382464234321326889464182768467546703537516986049910576551282076245490090389328944075868508455133942304583236903222948165808559332123348274797826204144723168738177180919299881250404026184124858368.000000
[INFO]:[07:02:00] Starting CPLEX solver on instance: /home/yorig/tuner/mpils-tests/instances/miplib/medium-1/neos-3555904-turama.mps with config: /scratch/yorig/mpils-results-grid-ticks-10000-7may/medium-1/24proc/seed-1/10_neos-3555904-turama_seed-1_20260509_065246/iterated_local_search/run_5_worker_13/ils_config_12775868190155697044.prm
[INFO]:[07:02:00] Starting CPLEX solver on instance: /home/yorig/tuner/mpils-tests/instances/miplib/medium-1/neos-3555904-turama.mps with config: /scratch/yorig/mpils-results-grid-ticks-10000-7may/medium-1/24proc/seed-1/10_neos-3555904-turama_seed-1_20260509_065246/iterated_local_search/run_5_worker_13/ils_config_12775868190155697044.prm
[WARN]:[07:02:08] CPLEX finished without a primal feasible solution for config /scratch/yorig/mpils-results-grid-ticks-10000-7may/medium-1/24proc/seed-1/10_neos-3555904-turama_seed-1_20260509_065246/iterated_local_search/run_5_worker_13/ils_config_12775868190155697044.prm.
[INFO]:[07:02:08] CPLEX results. Gap: unavailable, upper bound: null, lower bound: -42186.000000
[INFO]:[07:02:08] CPLEX solver finished. Gap: 179769313486231570814527423731704356798070567525844996598917476803157260780028538760589558632766878171540458953514382464234321326889464182768467546703537516986049910576551282076245490090389328944075868508455133942304583236903222948165808559332123348274797826204144723168738177180919299881250404026184124858368.000000
[INFO]:[07:02:08] Starting CPLEX solver on instance: /home/yorig/tuner/mpils-tests/instances/miplib/medium-1/neos-3555904-turama.mps with config: /scratch/yorig/mpils-results-grid-ticks-10000-7may/medium-1/24proc/seed-1/10_neos-3555904-turama_seed-1_20260509_065246/iterated_local_search/run_5_worker_13/ils_config_10824932973450491607.prm
[INFO]:[07:02:08] Starting CPLEX solver on instance: /home/yorig/tuner/mpils-tests/instances/miplib/medium-1/neos-3555904-turama.mps with config: /scratch/yorig/mpils-results-grid-ticks-10000-7may/medium-1/24proc/seed-1/10_neos-3555904-turama_seed-1_20260509_065246/iterated_local_search/run_5_worker_13/ils_config_10824932973450491607.prm
[WARN]:[07:02:16] CPLEX finished without a primal feasible solution for config /scratch/yorig/mpils-results-grid-ticks-10000-7may/medium-1/24proc/seed-1/10_neos-3555904-turama_seed-1_20260509_065246/iterated_local_search/run_5_worker_13/ils_config_10824932973450491607.prm.
[INFO]:[07:02:16] CPLEX results. Gap: unavailable, upper bound: null, lower bound: -42186.000000
[INFO]:[07:02:16] CPLEX solver finished. Gap: 179769313486231570814527423731704356798070567525844996598917476803157260780028538760589558632766878171540458953514382464234321326889464182768467546703537516986049910576551282076245490090389328944075868508455133942304583236903222948165808559332123348274797826204144723168738177180919299881250404026184124858368.000000
[INFO]:[07:02:16] Starting CPLEX solver on instance: /home/yorig/tuner/mpils-tests/instances/miplib/medium-1/neos-3555904-turama.mps with config: /scratch/yorig/mpils-results-grid-ticks-10000-7may/medium-1/24proc/seed-1/10_neos-3555904-turama_seed-1_20260509_065246/iterated_local_search/run_5_worker_13/ils_config_11248196101863738862.prm
[INFO]:[07:02:16] Starting CPLEX solver on instance: /home/yorig/tuner/mpils-tests/instances/miplib/medium-1/neos-3555904-turama.mps with config: /scratch/yorig/mpils-results-grid-ticks-10000-7may/medium-1/24proc/seed-1/10_neos-3555904-turama_seed-1_20260509_065246/iterated_local_search/run_5_worker_13/ils_config_11248196101863738862.prm
[WARN]:[07:02:24] CPLEX finished without a primal feasible solution for config /scratch/yorig/mpils-results-grid-ticks-10000-7may/medium-1/24proc/seed-1/10_neos-3555904-turama_seed-1_20260509_065246/iterated_local_search/run_5_worker_13/ils_config_11248196101863738862.prm.
[INFO]:[07:02:24] CPLEX results. Gap: unavailable, upper bound: null, lower bound: -42186.000000
[INFO]:[07:02:24] CPLEX solver finished. Gap: 179769313486231570814527423731704356798070567525844996598917476803157260780028538760589558632766878171540458953514382464234321326889464182768467546703537516986049910576551282076245490090389328944075868508455133942304583236903222948165808559332123348274797826204144723168738177180919299881250404026184124858368.000000
[INFO]:[07:02:24] Starting CPLEX solver on instance: /home/yorig/tuner/mpils-tests/instances/miplib/medium-1/neos-3555904-turama.mps with config: /scratch/yorig/mpils-results-grid-ticks-10000-7may/medium-1/24proc/seed-1/10_neos-3555904-turama_seed-1_20260509_065246/iterated_local_search/run_5_worker_13/ils_config_14244536089944403148.prm
[INFO]:[07:02:24] Starting CPLEX solver on instance: /home/yorig/tuner/mpils-tests/instances/miplib/medium-1/neos-3555904-turama.mps with config: /scratch/yorig/mpils-results-grid-ticks-10000-7may/medium-1/24proc/seed-1/10_neos-3555904-turama_seed-1_20260509_065246/iterated_local_search/run_5_worker_13/ils_config_14244536089944403148.prm
[WARN]:[07:02:32] CPLEX finished without a primal feasible solution for config /scratch/yorig/mpils-results-grid-ticks-10000-7may/medium-1/24proc/seed-1/10_neos-3555904-turama_seed-1_20260509_065246/iterated_local_search/run_5_worker_13/ils_config_14244536089944403148.prm.
[INFO]:[07:02:32] CPLEX results. Gap: unavailable, upper bound: null, lower bound: -42186.000000
[INFO]:[07:02:32] CPLEX solver finished. Gap: 179769313486231570814527423731704356798070567525844996598917476803157260780028538760589558632766878171540458953514382464234321326889464182768467546703537516986049910576551282076245490090389328944075868508455133942304583236903222948165808559332123348274797826204144723168738177180919299881250404026184124858368.000000
[INFO]:[07:02:32] Starting CPLEX solver on instance: /home/yorig/tuner/mpils-tests/instances/miplib/medium-1/neos-3555904-turama.mps with config: /scratch/yorig/mpils-results-grid-ticks-10000-7may/medium-1/24proc/seed-1/10_neos-3555904-turama_seed-1_20260509_065246/iterated_local_search/run_5_worker_13/ils_config_5032969331276367416.prm
[INFO]:[07:02:32] Starting CPLEX solver on instance: /home/yorig/tuner/mpils-tests/instances/miplib/medium-1/neos-3555904-turama.mps with config: /scratch/yorig/mpils-results-grid-ticks-10000-7may/medium-1/24proc/seed-1/10_neos-3555904-turama_seed-1_20260509_065246/iterated_local_search/run_5_worker_13/ils_config_5032969331276367416.prm
[WARN]:[07:02:39] CPLEX finished without a primal feasible solution for config /scratch/yorig/mpils-results-grid-ticks-10000-7may/medium-1/24proc/seed-1/10_neos-3555904-turama_seed-1_20260509_065246/iterated_local_search/run_5_worker_13/ils_config_5032969331276367416.prm.
[INFO]:[07:02:39] CPLEX results. Gap: unavailable, upper bound: null, lower bound: -42186.000000
[INFO]:[07:02:39] CPLEX solver finished. Gap: 179769313486231570814527423731704356798070567525844996598917476803157260780028538760589558632766878171540458953514382464234321326889464182768467546703537516986049910576551282076245490090389328944075868508455133942304583236903222948165808559332123348274797826204144723168738177180919299881250404026184124858368.000000
[INFO]:[07:02:39] Starting CPLEX solver on instance: /home/yorig/tuner/mpils-tests/instances/miplib/medium-1/neos-3555904-turama.mps with config: /scratch/yorig/mpils-results-grid-ticks-10000-7may/medium-1/24proc/seed-1/10_neos-3555904-turama_seed-1_20260509_065246/iterated_local_search/run_5_worker_13/ils_config_5445253413653591933.prm
[INFO]:[07:02:39] Starting CPLEX solver on instance: /home/yorig/tuner/mpils-tests/instances/miplib/medium-1/neos-3555904-turama.mps with config: /scratch/yorig/mpils-results-grid-ticks-10000-7may/medium-1/24proc/seed-1/10_neos-3555904-turama_seed-1_20260509_065246/iterated_local_search/run_5_worker_13/ils_config_5445253413653591933.prm
[WARN]:[07:02:47] CPLEX finished without a primal feasible solution for config /scratch/yorig/mpils-results-grid-ticks-10000-7may/medium-1/24proc/seed-1/10_neos-3555904-turama_seed-1_20260509_065246/iterated_local_search/run_5_worker_13/ils_config_5445253413653591933.prm.
[INFO]:[07:02:47] CPLEX results. Gap: unavailable, upper bound: null, lower bound: -42186.000000
[INFO]:[07:02:47] CPLEX solver finished. Gap: 179769313486231570814527423731704356798070567525844996598917476803157260780028538760589558632766878171540458953514382464234321326889464182768467546703537516986049910576551282076245490090389328944075868508455133942304583236903222948165808559332123348274797826204144723168738177180919299881250404026184124858368.000000
[INFO]:[07:02:47] Starting CPLEX solver on instance: /home/yorig/tuner/mpils-tests/instances/miplib/medium-1/neos-3555904-turama.mps with config: /scratch/yorig/mpils-results-grid-ticks-10000-7may/medium-1/24proc/seed-1/10_neos-3555904-turama_seed-1_20260509_065246/iterated_local_search/run_5_worker_13/ils_config_9157620216142007356.prm
[INFO]:[07:02:47] Starting CPLEX solver on instance: /home/yorig/tuner/mpils-tests/instances/miplib/medium-1/neos-3555904-turama.mps with config: /scratch/yorig/mpils-results-grid-ticks-10000-7may/medium-1/24proc/seed-1/10_neos-3555904-turama_seed-1_20260509_065246/iterated_local_search/run_5_worker_13/ils_config_9157620216142007356.prm
[WARN]:[07:02:55] CPLEX finished without a primal feasible solution for config /scratch/yorig/mpils-results-grid-ticks-10000-7may/medium-1/24proc/seed-1/10_neos-3555904-turama_seed-1_20260509_065246/iterated_local_search/run_5_worker_13/ils_config_9157620216142007356.prm.
[INFO]:[07:02:55] CPLEX results. Gap: unavailable, upper bound: null, lower bound: -42186.000000
[INFO]:[07:02:55] CPLEX solver finished. Gap: 179769313486231570814527423731704356798070567525844996598917476803157260780028538760589558632766878171540458953514382464234321326889464182768467546703537516986049910576551282076245490090389328944075868508455133942304583236903222948165808559332123348274797826204144723168738177180919299881250404026184124858368.000000
[INFO]:[07:02:55] Starting CPLEX solver on instance: /home/yorig/tuner/mpils-tests/instances/miplib/medium-1/neos-3555904-turama.mps with config: /scratch/yorig/mpils-results-grid-ticks-10000-7may/medium-1/24proc/seed-1/10_neos-3555904-turama_seed-1_20260509_065246/iterated_local_search/run_5_worker_13/ils_config_1161890615946673530.prm
[INFO]:[07:02:55] Starting CPLEX solver on instance: /home/yorig/tuner/mpils-tests/instances/miplib/medium-1/neos-3555904-turama.mps with config: /scratch/yorig/mpils-results-grid-ticks-10000-7may/medium-1/24proc/seed-1/10_neos-3555904-turama_seed-1_20260509_065246/iterated_local_search/run_5_worker_13/ils_config_1161890615946673530.prm
[WARN]:[07:03:02] CPLEX finished without a primal feasible solution for config /scratch/yorig/mpils-results-grid-ticks-10000-7may/medium-1/24proc/seed-1/10_neos-3555904-turama_seed-1_20260509_065246/iterated_local_search/run_5_worker_13/ils_config_1161890615946673530.prm.
[INFO]:[07:03:02] CPLEX results. Gap: unavailable, upper bound: null, lower bound: -42186.000000
[INFO]:[07:03:02] CPLEX solver finished. Gap: 179769313486231570814527423731704356798070567525844996598917476803157260780028538760589558632766878171540458953514382464234321326889464182768467546703537516986049910576551282076245490090389328944075868508455133942304583236903222948165808559332123348274797826204144723168738177180919299881250404026184124858368.000000
[INFO]:[07:03:02] Starting CPLEX solver on instance: /home/yorig/tuner/mpils-tests/instances/miplib/medium-1/neos-3555904-turama.mps with config: /scratch/yorig/mpils-results-grid-ticks-10000-7may/medium-1/24proc/seed-1/10_neos-3555904-turama_seed-1_20260509_065246/iterated_local_search/run_5_worker_13/ils_config_5193799006371262430.prm
[INFO]:[07:03:02] Starting CPLEX solver on instance: /home/yorig/tuner/mpils-tests/instances/miplib/medium-1/neos-3555904-turama.mps with config: /scratch/yorig/mpils-results-grid-ticks-10000-7may/medium-1/24proc/seed-1/10_neos-3555904-turama_seed-1_20260509_065246/iterated_local_search/run_5_worker_13/ils_config_5193799006371262430.prm
[WARN]:[07:03:10] CPLEX finished without a primal feasible solution for config /scratch/yorig/mpils-results-grid-ticks-10000-7may/medium-1/24proc/seed-1/10_neos-3555904-turama_seed-1_20260509_065246/iterated_local_search/run_5_worker_13/ils_config_5193799006371262430.prm.
[INFO]:[07:03:10] CPLEX results. Gap: unavailable, upper bound: null, lower bound: -42186.000000
[INFO]:[07:03:10] CPLEX solver finished. Gap: 179769313486231570814527423731704356798070567525844996598917476803157260780028538760589558632766878171540458953514382464234321326889464182768467546703537516986049910576551282076245490090389328944075868508455133942304583236903222948165808559332123348274797826204144723168738177180919299881250404026184124858368.000000
[INFO]:[07:03:10] Starting CPLEX solver on instance: /home/yorig/tuner/mpils-tests/instances/miplib/medium-1/neos-3555904-turama.mps with config: /scratch/yorig/mpils-results-grid-ticks-10000-7may/medium-1/24proc/seed-1/10_neos-3555904-turama_seed-1_20260509_065246/iterated_local_search/run_5_worker_13/ils_config_6884324737695420562.prm
[INFO]:[07:03:10] Starting CPLEX solver on instance: /home/yorig/tuner/mpils-tests/instances/miplib/medium-1/neos-3555904-turama.mps with config: /scratch/yorig/mpils-results-grid-ticks-10000-7may/medium-1/24proc/seed-1/10_neos-3555904-turama_seed-1_20260509_065246/iterated_local_search/run_5_worker_13/ils_config_6884324737695420562.prm
[WARN]:[07:03:17] CPLEX finished without a primal feasible solution for config /scratch/yorig/mpils-results-grid-ticks-10000-7may/medium-1/24proc/seed-1/10_neos-3555904-turama_seed-1_20260509_065246/iterated_local_search/run_5_worker_13/ils_config_6884324737695420562.prm.
[INFO]:[07:03:17] CPLEX results. Gap: unavailable, upper bound: null, lower bound: -42186.000000
[INFO]:[07:03:17] CPLEX solver finished. Gap: 179769313486231570814527423731704356798070567525844996598917476803157260780028538760589558632766878171540458953514382464234321326889464182768467546703537516986049910576551282076245490090389328944075868508455133942304583236903222948165808559332123348274797826204144723168738177180919299881250404026184124858368.000000
[INFO]:[07:03:17] Starting CPLEX solver on instance: /home/yorig/tuner/mpils-tests/instances/miplib/medium-1/neos-3555904-turama.mps with config: /scratch/yorig/mpils-results-grid-ticks-10000-7may/medium-1/24proc/seed-1/10_neos-3555904-turama_seed-1_20260509_065246/iterated_local_search/run_5_worker_13/ils_config_6823618721802080917.prm
[INFO]:[07:03:17] Starting CPLEX solver on instance: /home/yorig/tuner/mpils-tests/instances/miplib/medium-1/neos-3555904-turama.mps with config: /scratch/yorig/mpils-results-grid-ticks-10000-7may/medium-1/24proc/seed-1/10_neos-3555904-turama_seed-1_20260509_065246/iterated_local_search/run_5_worker_13/ils_config_6823618721802080917.prm
[WARN]:[07:03:25] CPLEX finished without a primal feasible solution for config /scratch/yorig/mpils-results-grid-ticks-10000-7may/medium-1/24proc/seed-1/10_neos-3555904-turama_seed-1_20260509_065246/iterated_local_search/run_5_worker_13/ils_config_6823618721802080917.prm.
[INFO]:[07:03:25] CPLEX results. Gap: unavailable, upper bound: null, lower bound: -42186.000000
[INFO]:[07:03:25] CPLEX solver finished. Gap: 179769313486231570814527423731704356798070567525844996598917476803157260780028538760589558632766878171540458953514382464234321326889464182768467546703537516986049910576551282076245490090389328944075868508455133942304583236903222948165808559332123348274797826204144723168738177180919299881250404026184124858368.000000
[INFO]:[07:03:25] Local search phase completed.
[INFO]:[07:03:25] Total number of new local-search evaluations: 30
[INFO]:[07:03:25] Final incumbent objective value: 1.79769e+308
[INFO]:[07:04:01] Worker 13 completed exploration phase.
[INFO]:[07:04:01] Worker 13 received order for step 2.
[INFO]:[07:04:01] Worker 13 running expansion phase for iteration 5.
[INFO]:[07:04:01] Worker 13 will use solver log file: /scratch/yorig/mpils-results-grid-ticks-10000-7may/medium-1/24proc/seed-1/10_neos-3555904-turama_seed-1_20260509_065246/solver/cplex.log_iteration_expansion_5_worker_13
[INFO]:[07:04:01] Expansion Worker 13 starting expansion for iteration 5.
[INFO]:[07:04:01] Starting CPLEX solver on instance: /home/yorig/tuner/mpils-tests/instances/miplib/medium-1/neos-3555904-turama.mps with config: /scratch/yorig/mpils-results-grid-ticks-10000-7may/medium-1/24proc/seed-1/10_neos-3555904-turama_seed-1_20260509_065246/expansion/config_param_CPXPARAM_Sifting_Algorithm_2_iter_5.prm
[INFO]:[07:04:09] CPLEX results. Gap: 18.010000, upper bound: -34.700000, lower bound: -40.950000
[INFO]:[07:04:09] CPLEX solver finished. Gap: 18.010000
[INFO]:[07:04:20] Expansion Worker 13 completed expansion.
[INFO]:[07:04:20] Worker 13 completed expansion phase.
[INFO]:[07:04:22] Worker 13 received order for step 1.
[INFO]:[07:04:22] Worker 13 running exploration phase for iteration 6.
[INFO]:[07:04:22] Worker 13 at iteration 6 will not use a MIP start file. Current best MIP-start upper bound threshold is 1.79769e+308.
[INFO]:[07:04:22] Starting local search phase...
[INFO]:[07:04:22] Creating local search space from parameter space file: /scratch/yorig/mpils-results-grid-ticks-10000-7may/medium-1/24proc/seed-1/10_neos-3555904-turama_seed-1_20260509_065246/iterated_local_search/search_space/search_space_file_6_worker_13.txt
[INFO]:[07:04:22] Local search space loaded from file: /scratch/yorig/mpils-results-grid-ticks-10000-7may/medium-1/24proc/seed-1/10_neos-3555904-turama_seed-1_20260509_065246/iterated_local_search/search_space/search_space_file_6_worker_13.txt
[INFO]:[07:04:22] Number of parameters in local search space: 71
[INFO]:[07:04:22] Number of forbidden tuples in local search space: 99
[INFO]:[07:04:22] Number of conditionals in local search space: 6
[INFO]:[07:04:22] MIP start option not enabled. Local search will proceed without MIP start.
[INFO]:[07:04:22] Evaluating initial configuration for local search phase...
[INFO]:[07:04:22] Starting CPLEX solver on instance: /home/yorig/tuner/mpils-tests/instances/miplib/medium-1/neos-3555904-turama.mps with config: /scratch/yorig/mpils-results-grid-ticks-10000-7may/medium-1/24proc/seed-1/10_neos-3555904-turama_seed-1_20260509_065246/iterated_local_search/run_6_worker_13/ils_config_10473344643564841416.prm
[INFO]:[07:04:22] Starting CPLEX solver on instance: /home/yorig/tuner/mpils-tests/instances/miplib/medium-1/neos-3555904-turama.mps with config: /scratch/yorig/mpils-results-grid-ticks-10000-7may/medium-1/24proc/seed-1/10_neos-3555904-turama_seed-1_20260509_065246/iterated_local_search/run_6_worker_13/ils_config_10473344643564841416.prm
[INFO]:[07:04:31] CPLEX results. Gap: 116154.470000, upper bound: -34.700000, lower bound: -40340.300000
[INFO]:[07:04:31] CPLEX solver finished. Gap: 116154.470000
[INFO]:[07:04:31] Initial configuration evaluated with objective value: 116154
[INFO]:[07:04:31] Starting CPLEX solver on instance: /home/yorig/tuner/mpils-tests/instances/miplib/medium-1/neos-3555904-turama.mps with config: /scratch/yorig/mpils-results-grid-ticks-10000-7may/medium-1/24proc/seed-1/10_neos-3555904-turama_seed-1_20260509_065246/iterated_local_search/run_6_worker_13/ils_config_12761298012677962263.prm
[INFO]:[07:04:31] Starting CPLEX solver on instance: /home/yorig/tuner/mpils-tests/instances/miplib/medium-1/neos-3555904-turama.mps with config: /scratch/yorig/mpils-results-grid-ticks-10000-7may/medium-1/24proc/seed-1/10_neos-3555904-turama_seed-1_20260509_065246/iterated_local_search/run_6_worker_13/ils_config_12761298012677962263.prm
[INFO]:[07:04:40] CPLEX results. Gap: 116156.480000, upper bound: -34.700000, lower bound: -40341.000000
[INFO]:[07:04:40] CPLEX solver finished. Gap: 116156.480000
[INFO]:[07:04:40] Starting CPLEX solver on instance: /home/yorig/tuner/mpils-tests/instances/miplib/medium-1/neos-3555904-turama.mps with config: /scratch/yorig/mpils-results-grid-ticks-10000-7may/medium-1/24proc/seed-1/10_neos-3555904-turama_seed-1_20260509_065246/iterated_local_search/run_6_worker_13/ils_config_13185200050261530621.prm
[INFO]:[07:04:40] Starting CPLEX solver on instance: /home/yorig/tuner/mpils-tests/instances/miplib/medium-1/neos-3555904-turama.mps with config: /scratch/yorig/mpils-results-grid-ticks-10000-7may/medium-1/24proc/seed-1/10_neos-3555904-turama_seed-1_20260509_065246/iterated_local_search/run_6_worker_13/ils_config_13185200050261530621.prm
[INFO]:[07:04:49] CPLEX results. Gap: 116154.470000, upper bound: -34.700000, lower bound: -40340.300000
[INFO]:[07:04:49] CPLEX solver finished. Gap: 116154.470000
[INFO]:[07:04:49] Starting CPLEX solver on instance: /home/yorig/tuner/mpils-tests/instances/miplib/medium-1/neos-3555904-turama.mps with config: /scratch/yorig/mpils-results-grid-ticks-10000-7may/medium-1/24proc/seed-1/10_neos-3555904-turama_seed-1_20260509_065246/iterated_local_search/run_6_worker_13/ils_config_13013532175319912668.prm
[INFO]:[07:04:49] Starting CPLEX solver on instance: /home/yorig/tuner/mpils-tests/instances/miplib/medium-1/neos-3555904-turama.mps with config: /scratch/yorig/mpils-results-grid-ticks-10000-7may/medium-1/24proc/seed-1/10_neos-3555904-turama_seed-1_20260509_065246/iterated_local_search/run_6_worker_13/ils_config_13013532175319912668.prm
[INFO]:[07:04:58] CPLEX results. Gap: 116154.470000, upper bound: -34.700000, lower bound: -40340.300000
[INFO]:[07:04:58] CPLEX solver finished. Gap: 116154.470000
[INFO]:[07:04:58] Starting CPLEX solver on instance: /home/yorig/tuner/mpils-tests/instances/miplib/medium-1/neos-3555904-turama.mps with config: /scratch/yorig/mpils-results-grid-ticks-10000-7may/medium-1/24proc/seed-1/10_neos-3555904-turama_seed-1_20260509_065246/iterated_local_search/run_6_worker_13/ils_config_14231055067961765770.prm
[INFO]:[07:04:58] Starting CPLEX solver on instance: /home/yorig/tuner/mpils-tests/instances/miplib/medium-1/neos-3555904-turama.mps with config: /scratch/yorig/mpils-results-grid-ticks-10000-7may/medium-1/24proc/seed-1/10_neos-3555904-turama_seed-1_20260509_065246/iterated_local_search/run_6_worker_13/ils_config_14231055067961765770.prm
[INFO]:[07:05:07] CPLEX results. Gap: 116154.470000, upper bound: -34.700000, lower bound: -40340.300000
[INFO]:[07:05:07] CPLEX solver finished. Gap: 116154.470000
[INFO]:[07:05:07] Starting CPLEX solver on instance: /home/yorig/tuner/mpils-tests/instances/miplib/medium-1/neos-3555904-turama.mps with config: /scratch/yorig/mpils-results-grid-ticks-10000-7may/medium-1/24proc/seed-1/10_neos-3555904-turama_seed-1_20260509_065246/iterated_local_search/run_6_worker_13/ils_config_10920873455871191065.prm
[INFO]:[07:05:07] Starting CPLEX solver on instance: /home/yorig/tuner/mpils-tests/instances/miplib/medium-1/neos-3555904-turama.mps with config: /scratch/yorig/mpils-results-grid-ticks-10000-7may/medium-1/24proc/seed-1/10_neos-3555904-turama_seed-1_20260509_065246/iterated_local_search/run_6_worker_13/ils_config_10920873455871191065.prm
[INFO]:[07:05:16] CPLEX results. Gap: 116154.470000, upper bound: -34.700000, lower bound: -40340.300000
[INFO]:[07:05:16] CPLEX solver finished. Gap: 116154.470000
[INFO]:[07:05:16] Starting CPLEX solver on instance: /home/yorig/tuner/mpils-tests/instances/miplib/medium-1/neos-3555904-turama.mps with config: /scratch/yorig/mpils-results-grid-ticks-10000-7may/medium-1/24proc/seed-1/10_neos-3555904-turama_seed-1_20260509_065246/iterated_local_search/run_6_worker_13/ils_config_10465662096420756518.prm
[INFO]:[07:05:16] Starting CPLEX solver on instance: /home/yorig/tuner/mpils-tests/instances/miplib/medium-1/neos-3555904-turama.mps with config: /scratch/yorig/mpils-results-grid-ticks-10000-7may/medium-1/24proc/seed-1/10_neos-3555904-turama_seed-1_20260509_065246/iterated_local_search/run_6_worker_13/ils_config_10465662096420756518.prm
[INFO]:[07:05:25] CPLEX results. Gap: 116154.470000, upper bound: -34.700000, lower bound: -40340.300000
[INFO]:[07:05:25] CPLEX solver finished. Gap: 116154.470000
[INFO]:[07:05:25] Starting CPLEX solver on instance: /home/yorig/tuner/mpils-tests/instances/miplib/medium-1/neos-3555904-turama.mps with config: /scratch/yorig/mpils-results-grid-ticks-10000-7may/medium-1/24proc/seed-1/10_neos-3555904-turama_seed-1_20260509_065246/iterated_local_search/run_6_worker_13/ils_config_11355152357150743336.prm
[INFO]:[07:05:25] Starting CPLEX solver on instance: /home/yorig/tuner/mpils-tests/instances/miplib/medium-1/neos-3555904-turama.mps with config: /scratch/yorig/mpils-results-grid-ticks-10000-7may/medium-1/24proc/seed-1/10_neos-3555904-turama_seed-1_20260509_065246/iterated_local_search/run_6_worker_13/ils_config_11355152357150743336.prm
[INFO]:[07:05:34] CPLEX results. Gap: 121370.780000, upper bound: -33.200000, lower bound: -40328.300000
[INFO]:[07:05:34] CPLEX solver finished. Gap: 121370.780000
[INFO]:[07:05:34] Starting CPLEX solver on instance: /home/yorig/tuner/mpils-tests/instances/miplib/medium-1/neos-3555904-turama.mps with config: /scratch/yorig/mpils-results-grid-ticks-10000-7may/medium-1/24proc/seed-1/10_neos-3555904-turama_seed-1_20260509_065246/iterated_local_search/run_6_worker_13/ils_config_8874559632603900016.prm
[INFO]:[07:05:34] Starting CPLEX solver on instance: /home/yorig/tuner/mpils-tests/instances/miplib/medium-1/neos-3555904-turama.mps with config: /scratch/yorig/mpils-results-grid-ticks-10000-7may/medium-1/24proc/seed-1/10_neos-3555904-turama_seed-1_20260509_065246/iterated_local_search/run_6_worker_13/ils_config_8874559632603900016.prm
[INFO]:[07:05:43] CPLEX results. Gap: 116154.470000, upper bound: -34.700000, lower bound: -40340.300000
[INFO]:[07:05:43] CPLEX solver finished. Gap: 116154.470000
[INFO]:[07:05:43] Local search phase completed.
[INFO]:[07:05:43] Total number of new local-search evaluations: 9
[INFO]:[07:05:43] Final incumbent objective value: 116154
[INFO]:[07:05:47] Worker 13 completed exploration phase.
[INFO]:[07:05:47] Worker 13 received order for step 3.
[INFO]:[07:05:47] Worker 13 finished.
