[INFO]:[17:59:48] Worker 7 starting.
[INFO]:[17:59:48] Worker 7 received order for step 1.
[INFO]:[17:59:48] Worker 7 running exploration phase for iteration 1.
[INFO]:[17:59:48] Worker 7 at iteration 1 will not use a MIP start file. Current best MIP-start upper bound threshold is 1.79769e+308.
[INFO]:[17:59:48] Starting local search phase...
[INFO]:[17:59:48] Worker (ils_group_rank=7) entering parallel ILS evaluation service.
[INFO]:[17:59:48] Starting CPLEX solver on instance: /home/yorig/tuner/mpils-tests/instances/miplib/medium-1/neos-1456979.mps with config: /scratch/yorig/mpils-results-grid-ticks-10000-7may/medium-1/24proc-12pils/seed-8/8_neos-1456979_seed-8_20260510_175946/iterated_local_search/run_1_worker_0/parallel_0_7.prm
[INFO]:[17:59:55] CPLEX results. Gap: 14.300000, upper bound: 193.000000, lower bound: 165.400000
[INFO]:[17:59:55] CPLEX solver finished. Gap: 14.300000
[INFO]:[17:59:55] Starting CPLEX solver on instance: /home/yorig/tuner/mpils-tests/instances/miplib/medium-1/neos-1456979.mps with config: /scratch/yorig/mpils-results-grid-ticks-10000-7may/medium-1/24proc-12pils/seed-8/8_neos-1456979_seed-8_20260510_175946/iterated_local_search/run_1_worker_0/parallel_12_7.prm
[INFO]:[18:00:02] CPLEX results. Gap: 24.190000, upper bound: 218.000000, lower bound: 165.255155
[INFO]:[18:00:02] CPLEX solver finished. Gap: 24.190000
[INFO]:[18:00:02] Worker (ils_group_rank=7) exiting parallel ILS evaluation service.
[INFO]:[18:00:02] Worker 7 completed exploration phase.
[INFO]:[18:00:02] Worker 7 received order for step 2.
[INFO]:[18:00:02] Worker 7 running expansion phase for iteration 1.
[INFO]:[18:00:02] Worker 7 will use solver log file: /scratch/yorig/mpils-results-grid-ticks-10000-7may/medium-1/24proc-12pils/seed-8/8_neos-1456979_seed-8_20260510_175946/solver/cplex.log_iteration_expansion_1_worker_7
[INFO]:[18:00:02] Expansion Worker 7 starting expansion for iteration 1.
[INFO]:[18:00:02] Starting CPLEX solver on instance: /home/yorig/tuner/mpils-tests/instances/miplib/medium-1/neos-1456979.mps with config: /scratch/yorig/mpils-results-grid-ticks-10000-7may/medium-1/24proc-12pils/seed-8/8_neos-1456979_seed-8_20260510_175946/expansion/config_param_CPXPARAM_MIP_Cuts_Covers_3_iter_1.prm
[INFO]:[18:00:09] CPLEX results. Gap: 10.140000, upper bound: 185.000000, lower bound: 166.250000
[INFO]:[18:00:09] CPLEX solver finished. Gap: 10.140000
[INFO]:[18:00:09] Expansion Worker 7 stopping early after global MPI expansion stop was activated.
[INFO]:[18:00:09] Expansion Worker 7 completed expansion.
[INFO]:[18:00:09] Worker 7 completed expansion phase.
[INFO]:[18:00:10] Worker 7 received order for step 1.
[INFO]:[18:00:10] Worker 7 running exploration phase for iteration 2.
[INFO]:[18:00:10] Worker 7 at iteration 2 will not use a MIP start file. Current best MIP-start upper bound threshold is 1.79769e+308.
[INFO]:[18:00:10] Starting local search phase...
[INFO]:[18:00:10] Worker (ils_group_rank=7) entering parallel ILS evaluation service.
[INFO]:[18:00:10] Starting CPLEX solver on instance: /home/yorig/tuner/mpils-tests/instances/miplib/medium-1/neos-1456979.mps with config: /scratch/yorig/mpils-results-grid-ticks-10000-7may/medium-1/24proc-12pils/seed-8/8_neos-1456979_seed-8_20260510_175946/iterated_local_search/run_2_worker_0/parallel_0_7.prm
[INFO]:[18:00:17] CPLEX results. Gap: 19.160000, upper bound: 203.000000, lower bound: 164.102448
[INFO]:[18:00:17] CPLEX solver finished. Gap: 19.160000
[INFO]:[18:00:17] Worker (ils_group_rank=7) exiting parallel ILS evaluation service.
[INFO]:[18:00:17] Worker 7 completed exploration phase.
[INFO]:[18:00:17] Worker 7 received order for step 2.
[INFO]:[18:00:17] Worker 7 running expansion phase for iteration 2.
[INFO]:[18:00:17] Worker 7 will use solver log file: /scratch/yorig/mpils-results-grid-ticks-10000-7may/medium-1/24proc-12pils/seed-8/8_neos-1456979_seed-8_20260510_175946/solver/cplex.log_iteration_expansion_2_worker_7
[INFO]:[18:00:17] Expansion Worker 7 starting expansion for iteration 2.
[INFO]:[18:00:17] Starting CPLEX solver on instance: /home/yorig/tuner/mpils-tests/instances/miplib/medium-1/neos-1456979.mps with config: /scratch/yorig/mpils-results-grid-ticks-10000-7may/medium-1/24proc-12pils/seed-8/8_neos-1456979_seed-8_20260510_175946/expansion/config_param_CPXPARAM_MIP_Limits_ProbeTime_10_iter_2.prm
[INFO]:[18:00:24] CPLEX results. Gap: 9.390000, upper bound: 181.000000, lower bound: 164.000000
[INFO]:[18:00:24] CPLEX solver finished. Gap: 9.390000
[INFO]:[18:00:24] Expansion Worker 7 stopping early after global MPI expansion stop was activated.
[INFO]:[18:00:24] Expansion Worker 7 completed expansion.
[INFO]:[18:00:24] Worker 7 completed expansion phase.
[INFO]:[18:00:24] Worker 7 received order for step 1.
[INFO]:[18:00:24] Worker 7 running exploration phase for iteration 3.
[INFO]:[18:00:24] Worker 7 at iteration 3 will not use a MIP start file. Current best MIP-start upper bound threshold is 1.79769e+308.
[INFO]:[18:00:24] Starting local search phase...
[INFO]:[18:00:24] Worker (ils_group_rank=7) entering parallel ILS evaluation service.
[INFO]:[18:00:25] Starting CPLEX solver on instance: /home/yorig/tuner/mpils-tests/instances/miplib/medium-1/neos-1456979.mps with config: /scratch/yorig/mpils-results-grid-ticks-10000-7may/medium-1/24proc-12pils/seed-8/8_neos-1456979_seed-8_20260510_175946/iterated_local_search/run_3_worker_0/parallel_0_7.prm
[INFO]:[18:00:32] CPLEX results. Gap: 10.840000, upper bound: 188.000000, lower bound: 167.618644
[INFO]:[18:00:32] CPLEX solver finished. Gap: 10.840000
[INFO]:[18:00:32] Worker (ils_group_rank=7) exiting parallel ILS evaluation service.
[INFO]:[18:00:32] Worker 7 completed exploration phase.
[INFO]:[18:00:32] Worker 7 received order for step 2.
[INFO]:[18:00:32] Worker 7 running expansion phase for iteration 3.
[INFO]:[18:00:32] Worker 7 will use solver log file: /scratch/yorig/mpils-results-grid-ticks-10000-7may/medium-1/24proc-12pils/seed-8/8_neos-1456979_seed-8_20260510_175946/solver/cplex.log_iteration_expansion_3_worker_7
[INFO]:[18:00:32] Expansion Worker 7 starting expansion for iteration 3.
[INFO]:[18:00:32] Starting CPLEX solver on instance: /home/yorig/tuner/mpils-tests/instances/miplib/medium-1/neos-1456979.mps with config: /scratch/yorig/mpils-results-grid-ticks-10000-7may/medium-1/24proc-12pils/seed-8/8_neos-1456979_seed-8_20260510_175946/expansion/config_param_CPXPARAM_MIP_Strategy_BBInterval_30_iter_3.prm
[INFO]:[18:00:39] CPLEX results. Gap: 6.670000, upper bound: 180.000000, lower bound: 168.000000
[INFO]:[18:00:39] CPLEX solver finished. Gap: 6.670000
[INFO]:[18:00:39] Starting CPLEX solver on instance: /home/yorig/tuner/mpils-tests/instances/miplib/medium-1/neos-1456979.mps with config: /scratch/yorig/mpils-results-grid-ticks-10000-7may/medium-1/24proc-12pils/seed-8/8_neos-1456979_seed-8_20260510_175946/expansion/config_param_CPXPARAM_MIP_Strategy_HeuristicFreq_20_iter_3.prm
[INFO]:[18:00:46] CPLEX results. Gap: 8.690000, upper bound: 182.000000, lower bound: 166.181564
[INFO]:[18:00:46] CPLEX solver finished. Gap: 8.690000
[INFO]:[18:00:47] Expansion Worker 7 completed expansion.
[INFO]:[18:00:47] Worker 7 completed expansion phase.
[INFO]:[18:00:47] Worker 7 received order for step 1.
[INFO]:[18:00:47] Worker 7 running exploration phase for iteration 4.
[INFO]:[18:00:47] Worker 7 at iteration 4 will not use a MIP start file. Current best MIP-start upper bound threshold is 1.79769e+308.
[INFO]:[18:00:47] Starting local search phase...
[INFO]:[18:00:47] Worker (ils_group_rank=7) entering parallel ILS evaluation service.
[INFO]:[18:00:47] Starting CPLEX solver on instance: /home/yorig/tuner/mpils-tests/instances/miplib/medium-1/neos-1456979.mps with config: /scratch/yorig/mpils-results-grid-ticks-10000-7may/medium-1/24proc-12pils/seed-8/8_neos-1456979_seed-8_20260510_175946/iterated_local_search/run_4_worker_0/parallel_0_7.prm
[INFO]:[18:00:54] CPLEX results. Gap: 10.480000, upper bound: 186.000000, lower bound: 166.500000
[INFO]:[18:00:54] CPLEX solver finished. Gap: 10.480000
[INFO]:[18:00:54] Starting CPLEX solver on instance: /home/yorig/tuner/mpils-tests/instances/miplib/medium-1/neos-1456979.mps with config: /scratch/yorig/mpils-results-grid-ticks-10000-7may/medium-1/24proc-12pils/seed-8/8_neos-1456979_seed-8_20260510_175946/iterated_local_search/run_4_worker_0/parallel_12_7.prm
[INFO]:[18:01:01] CPLEX results. Gap: 12.860000, upper bound: 191.000000, lower bound: 166.428571
[INFO]:[18:01:01] CPLEX solver finished. Gap: 12.860000
[INFO]:[18:01:01] Worker (ils_group_rank=7) exiting parallel ILS evaluation service.
[INFO]:[18:01:01] Worker 7 completed exploration phase.
[INFO]:[18:01:02] Worker 7 received order for step 2.
[INFO]:[18:01:02] Worker 7 running expansion phase for iteration 4.
[INFO]:[18:01:02] Worker 7 will use solver log file: /scratch/yorig/mpils-results-grid-ticks-10000-7may/medium-1/24proc-12pils/seed-8/8_neos-1456979_seed-8_20260510_175946/solver/cplex.log_iteration_expansion_4_worker_7
[INFO]:[18:01:02] Expansion Worker 7 starting expansion for iteration 4.
[INFO]:[18:01:02] Starting CPLEX solver on instance: /home/yorig/tuner/mpils-tests/instances/miplib/medium-1/neos-1456979.mps with config: /scratch/yorig/mpils-results-grid-ticks-10000-7may/medium-1/24proc-12pils/seed-8/8_neos-1456979_seed-8_20260510_175946/expansion/config_param_CPXPARAM_MIP_Strategy_SubAlgorithm_2_iter_4.prm
[INFO]:[18:01:09] CPLEX results. Gap: 6.670000, upper bound: 180.000000, lower bound: 168.000000
[INFO]:[18:01:09] CPLEX solver finished. Gap: 6.670000
[INFO]:[18:01:09] Starting CPLEX solver on instance: /home/yorig/tuner/mpils-tests/instances/miplib/medium-1/neos-1456979.mps with config: /scratch/yorig/mpils-results-grid-ticks-10000-7may/medium-1/24proc-12pils/seed-8/8_neos-1456979_seed-8_20260510_175946/expansion/config_param_CPXPARAM_Preprocessing_Fill_40_iter_4.prm
[INFO]:[18:01:16] CPLEX results. Gap: 6.670000, upper bound: 180.000000, lower bound: 168.000000
[INFO]:[18:01:16] CPLEX solver finished. Gap: 6.670000
[INFO]:[18:01:16] Expansion Worker 7 stopping early after global MPI expansion stop was activated.
[INFO]:[18:01:16] Expansion Worker 7 completed expansion.
[INFO]:[18:01:16] Worker 7 completed expansion phase.
[INFO]:[18:01:16] Worker 7 received order for step 1.
[INFO]:[18:01:16] Worker 7 running exploration phase for iteration 5.
[INFO]:[18:01:16] Worker 7 at iteration 5 will not use a MIP start file. Current best MIP-start upper bound threshold is 1.79769e+308.
[INFO]:[18:01:16] Starting local search phase...
[INFO]:[18:01:16] Worker (ils_group_rank=7) entering parallel ILS evaluation service.
[INFO]:[18:01:16] Starting CPLEX solver on instance: /home/yorig/tuner/mpils-tests/instances/miplib/medium-1/neos-1456979.mps with config: /scratch/yorig/mpils-results-grid-ticks-10000-7may/medium-1/24proc-12pils/seed-8/8_neos-1456979_seed-8_20260510_175946/iterated_local_search/run_5_worker_0/parallel_0_7.prm
[INFO]:[18:01:23] CPLEX results. Gap: 22.340000, upper bound: 212.000000, lower bound: 164.633803
[INFO]:[18:01:23] CPLEX solver finished. Gap: 22.340000
[INFO]:[18:01:24] Starting CPLEX solver on instance: /home/yorig/tuner/mpils-tests/instances/miplib/medium-1/neos-1456979.mps with config: /scratch/yorig/mpils-results-grid-ticks-10000-7may/medium-1/24proc-12pils/seed-8/8_neos-1456979_seed-8_20260510_175946/iterated_local_search/run_5_worker_0/parallel_12_7.prm
[INFO]:[18:01:31] CPLEX results. Gap: 8.360000, upper bound: 183.000000, lower bound: 167.701754
[INFO]:[18:01:31] CPLEX solver finished. Gap: 8.360000
[INFO]:[18:01:31] Worker (ils_group_rank=7) exiting parallel ILS evaluation service.
[INFO]:[18:01:31] Worker 7 completed exploration phase.
[INFO]:[18:01:31] Worker 7 received order for step 2.
[INFO]:[18:01:31] Worker 7 running expansion phase for iteration 5.
[INFO]:[18:01:31] Worker 7 will use solver log file: /scratch/yorig/mpils-results-grid-ticks-10000-7may/medium-1/24proc-12pils/seed-8/8_neos-1456979_seed-8_20260510_175946/solver/cplex.log_iteration_expansion_5_worker_7
[INFO]:[18:01:31] Expansion Worker 7 starting expansion for iteration 5.
[INFO]:[18:01:31] Starting CPLEX solver on instance: /home/yorig/tuner/mpils-tests/instances/miplib/medium-1/neos-1456979.mps with config: /scratch/yorig/mpils-results-grid-ticks-10000-7may/medium-1/24proc-12pils/seed-8/8_neos-1456979_seed-8_20260510_175946/expansion/config_param_CPXPARAM_Barrier_Ordering_2_iter_5.prm
[INFO]:[18:01:38] CPLEX results. Gap: 5.900000, upper bound: 180.000000, lower bound: 169.379630
[INFO]:[18:01:38] CPLEX solver finished. Gap: 5.900000
[INFO]:[18:01:45] Expansion Worker 7 completed expansion.
[INFO]:[18:01:45] Worker 7 completed expansion phase.
[INFO]:[18:01:45] Worker 7 received order for step 1.
[INFO]:[18:01:45] Worker 7 running exploration phase for iteration 6.
[INFO]:[18:01:45] Worker 7 at iteration 6 will not use a MIP start file. Current best MIP-start upper bound threshold is 1.79769e+308.
[INFO]:[18:01:45] Starting local search phase...
[INFO]:[18:01:45] Worker (ils_group_rank=7) entering parallel ILS evaluation service.
[INFO]:[18:01:45] Starting CPLEX solver on instance: /home/yorig/tuner/mpils-tests/instances/miplib/medium-1/neos-1456979.mps with config: /scratch/yorig/mpils-results-grid-ticks-10000-7may/medium-1/24proc-12pils/seed-8/8_neos-1456979_seed-8_20260510_175946/iterated_local_search/run_6_worker_0/parallel_0_7.prm
[INFO]:[18:01:52] CPLEX results. Gap: 20.410000, upper bound: 212.000000, lower bound: 168.731707
[INFO]:[18:01:52] CPLEX solver finished. Gap: 20.410000
[INFO]:[18:01:52] Starting CPLEX solver on instance: /home/yorig/tuner/mpils-tests/instances/miplib/medium-1/neos-1456979.mps with config: /scratch/yorig/mpils-results-grid-ticks-10000-7may/medium-1/24proc-12pils/seed-8/8_neos-1456979_seed-8_20260510_175946/iterated_local_search/run_6_worker_0/parallel_12_7.prm
[INFO]:[18:01:59] CPLEX results. Gap: 22.440000, upper bound: 200.000000, lower bound: 155.111111
[INFO]:[18:01:59] CPLEX solver finished. Gap: 22.440000
[INFO]:[18:02:00] Worker (ils_group_rank=7) exiting parallel ILS evaluation service.
[INFO]:[18:02:00] Worker 7 completed exploration phase.
[INFO]:[18:02:00] Worker 7 received order for step 2.
[INFO]:[18:02:00] Worker 7 running expansion phase for iteration 6.
[INFO]:[18:02:00] Worker 7 will use solver log file: /scratch/yorig/mpils-results-grid-ticks-10000-7may/medium-1/24proc-12pils/seed-8/8_neos-1456979_seed-8_20260510_175946/solver/cplex.log_iteration_expansion_6_worker_7
[INFO]:[18:02:00] Expansion Worker 7 starting expansion for iteration 6.
[INFO]:[18:02:00] Starting CPLEX solver on instance: /home/yorig/tuner/mpils-tests/instances/miplib/medium-1/neos-1456979.mps with config: /scratch/yorig/mpils-results-grid-ticks-10000-7may/medium-1/24proc-12pils/seed-8/8_neos-1456979_seed-8_20260510_175946/expansion/config_param_CPXPARAM_Network_Pricing_3_iter_6.prm
[INFO]:[18:02:07] CPLEX results. Gap: 5.900000, upper bound: 180.000000, lower bound: 169.379630
[INFO]:[18:02:07] CPLEX solver finished. Gap: 5.900000
[INFO]:[18:02:14] Expansion Worker 7 completed expansion.
[INFO]:[18:02:14] Worker 7 completed expansion phase.
[INFO]:[18:02:14] Worker 7 received order for step 1.
[INFO]:[18:02:14] Worker 7 running exploration phase for iteration 7.
[INFO]:[18:02:14] Worker 7 at iteration 7 will not use a MIP start file. Current best MIP-start upper bound threshold is 1.79769e+308.
[INFO]:[18:02:14] Starting local search phase...
[INFO]:[18:02:14] Worker (ils_group_rank=7) entering parallel ILS evaluation service.
[INFO]:[18:02:14] Starting CPLEX solver on instance: /home/yorig/tuner/mpils-tests/instances/miplib/medium-1/neos-1456979.mps with config: /scratch/yorig/mpils-results-grid-ticks-10000-7may/medium-1/24proc-12pils/seed-8/8_neos-1456979_seed-8_20260510_175946/iterated_local_search/run_7_worker_0/parallel_0_7.prm
[INFO]:[18:02:21] CPLEX results. Gap: 18.450000, upper bound: 205.000000, lower bound: 167.185185
[INFO]:[18:02:21] CPLEX solver finished. Gap: 18.450000
[INFO]:[18:02:22] Starting CPLEX solver on instance: /home/yorig/tuner/mpils-tests/instances/miplib/medium-1/neos-1456979.mps with config: /scratch/yorig/mpils-results-grid-ticks-10000-7may/medium-1/24proc-12pils/seed-8/8_neos-1456979_seed-8_20260510_175946/iterated_local_search/run_7_worker_0/parallel_12_7.prm
[INFO]:[18:02:29] CPLEX results. Gap: 13.360000, upper bound: 189.000000, lower bound: 163.750000
[INFO]:[18:02:29] CPLEX solver finished. Gap: 13.360000
[INFO]:[18:02:29] Starting CPLEX solver on instance: /home/yorig/tuner/mpils-tests/instances/miplib/medium-1/neos-1456979.mps with config: /scratch/yorig/mpils-results-grid-ticks-10000-7may/medium-1/24proc-12pils/seed-8/8_neos-1456979_seed-8_20260510_175946/iterated_local_search/run_7_worker_0/parallel_24_7.prm
[INFO]:[18:02:36] CPLEX results. Gap: 26.040000, upper bound: 224.000000, lower bound: 165.666667
[INFO]:[18:02:36] CPLEX solver finished. Gap: 26.040000
[INFO]:[18:02:37] Worker (ils_group_rank=7) exiting parallel ILS evaluation service.
[INFO]:[18:02:37] Worker 7 completed exploration phase.
[INFO]:[18:02:37] Worker 7 received order for step 2.
[INFO]:[18:02:37] Worker 7 running expansion phase for iteration 7.
[INFO]:[18:02:37] Worker 7 will use solver log file: /scratch/yorig/mpils-results-grid-ticks-10000-7may/medium-1/24proc-12pils/seed-8/8_neos-1456979_seed-8_20260510_175946/solver/cplex.log_iteration_expansion_7_worker_7
[INFO]:[18:02:37] Expansion Worker 7 starting expansion for iteration 7.
[INFO]:[18:02:37] Starting CPLEX solver on instance: /home/yorig/tuner/mpils-tests/instances/miplib/medium-1/neos-1456979.mps with config: /scratch/yorig/mpils-results-grid-ticks-10000-7may/medium-1/24proc-12pils/seed-8/8_neos-1456979_seed-8_20260510_175946/expansion/config_param_CPXPARAM_Simplex_Limits_Singularity_20_iter_7.prm
[INFO]:[18:02:44] CPLEX results. Gap: 5.080000, upper bound: 177.000000, lower bound: 168.000000
[INFO]:[18:02:44] CPLEX solver finished. Gap: 5.080000
[INFO]:[18:02:44] Expansion Worker 7 completed expansion.
[INFO]:[18:02:44] Worker 7 completed expansion phase.
[INFO]:[18:02:45] Worker 7 received order for step 1.
[INFO]:[18:02:45] Worker 7 running exploration phase for iteration 8.
[INFO]:[18:02:45] Worker 7 at iteration 8 will not use a MIP start file. Current best MIP-start upper bound threshold is 1.79769e+308.
[INFO]:[18:02:45] Starting local search phase...
[INFO]:[18:02:45] Worker (ils_group_rank=7) entering parallel ILS evaluation service.
[INFO]:[18:02:45] Starting CPLEX solver on instance: /home/yorig/tuner/mpils-tests/instances/miplib/medium-1/neos-1456979.mps with config: /scratch/yorig/mpils-results-grid-ticks-10000-7may/medium-1/24proc-12pils/seed-8/8_neos-1456979_seed-8_20260510_175946/iterated_local_search/run_8_worker_0/parallel_0_7.prm
[INFO]:[18:02:52] CPLEX results. Gap: 7.040000, upper bound: 180.000000, lower bound: 167.333333
[INFO]:[18:02:52] CPLEX solver finished. Gap: 7.040000
[INFO]:[18:02:52] Starting CPLEX solver on instance: /home/yorig/tuner/mpils-tests/instances/miplib/medium-1/neos-1456979.mps with config: /scratch/yorig/mpils-results-grid-ticks-10000-7may/medium-1/24proc-12pils/seed-8/8_neos-1456979_seed-8_20260510_175946/iterated_local_search/run_8_worker_0/parallel_12_7.prm
[INFO]:[18:02:59] CPLEX results. Gap: 7.040000, upper bound: 180.000000, lower bound: 167.333333
[INFO]:[18:02:59] CPLEX solver finished. Gap: 7.040000
[INFO]:[18:03:00] Starting CPLEX solver on instance: /home/yorig/tuner/mpils-tests/instances/miplib/medium-1/neos-1456979.mps with config: /scratch/yorig/mpils-results-grid-ticks-10000-7may/medium-1/24proc-12pils/seed-8/8_neos-1456979_seed-8_20260510_175946/iterated_local_search/run_8_worker_0/parallel_24_7.prm
[INFO]:[18:03:07] CPLEX results. Gap: 4.890000, upper bound: 176.000000, lower bound: 167.400000
[INFO]:[18:03:07] CPLEX solver finished. Gap: 4.890000
[INFO]:[18:03:07] Worker (ils_group_rank=7) exiting parallel ILS evaluation service.
[INFO]:[18:03:07] Worker 7 completed exploration phase.
[INFO]:[18:03:07] Worker 7 received order for step 3.
[INFO]:[18:03:07] Worker 7 finished.
