[INFO]:[03:06:30] Worker 16 starting.
[INFO]:[03:06:30] Worker 16 received order for step 1.
[INFO]:[03:06:30] Worker 16 running exploration phase for iteration 1.
[INFO]:[03:06:30] Worker 16 at iteration 1 will not use a MIP start file. Current best MIP-start upper bound threshold is 1.79769e+308.
[INFO]:[03:06:30] Starting local search phase...
[INFO]:[03:06:30] Creating local search space from parameter space file: /scratch/yorig/mpils-results-grid-ticks-10000-7may/medium-2/24proc-2pils/seed-3/1_neos-4387871-tavua_seed-3_20260510_030629/iterated_local_search/search_space/search_space_file_1_worker_16.txt
[INFO]:[03:06:30] Local search space loaded from file: /scratch/yorig/mpils-results-grid-ticks-10000-7may/medium-2/24proc-2pils/seed-3/1_neos-4387871-tavua_seed-3_20260510_030629/iterated_local_search/search_space/search_space_file_1_worker_16.txt
[INFO]:[03:06:30] Number of parameters in local search space: 71
[INFO]:[03:06:30] Number of forbidden tuples in local search space: 0
[INFO]:[03:06:30] Number of conditionals in local search space: 6
[INFO]:[03:06:30] MIP start option not enabled. Local search will proceed without MIP start.
[INFO]:[03:06:30] Starting CPLEX solver on instance: /home/yorig/tuner/mpils-tests/instances/miplib/medium-2/neos-4387871-tavua.mps with config: /scratch/yorig/mpils-results-grid-ticks-10000-7may/medium-2/24proc-2pils/seed-3/1_neos-4387871-tavua_seed-3_20260510_030629/iterated_local_search/run_1_worker_16/ils_config_638895054080268985.prm
[INFO]:[03:06:30] Starting CPLEX solver on instance: /home/yorig/tuner/mpils-tests/instances/miplib/medium-2/neos-4387871-tavua.mps with config: /scratch/yorig/mpils-results-grid-ticks-10000-7may/medium-2/24proc-2pils/seed-3/1_neos-4387871-tavua_seed-3_20260510_030629/iterated_local_search/run_1_worker_16/ils_config_638895054080268985.prm
[INFO]:[03:06:36] CPLEX results. Gap: 28.470000, upper bound: 33.556310, lower bound: 24.001265
[INFO]:[03:06:36] CPLEX solver finished. Gap: 28.470000
[INFO]:[03:06:36] Starting CPLEX solver on instance: /home/yorig/tuner/mpils-tests/instances/miplib/medium-2/neos-4387871-tavua.mps with config: /scratch/yorig/mpils-results-grid-ticks-10000-7may/medium-2/24proc-2pils/seed-3/1_neos-4387871-tavua_seed-3_20260510_030629/iterated_local_search/run_1_worker_16/ils_config_5890631130751774689.prm
[INFO]:[03:06:36] Starting CPLEX solver on instance: /home/yorig/tuner/mpils-tests/instances/miplib/medium-2/neos-4387871-tavua.mps with config: /scratch/yorig/mpils-results-grid-ticks-10000-7may/medium-2/24proc-2pils/seed-3/1_neos-4387871-tavua_seed-3_20260510_030629/iterated_local_search/run_1_worker_16/ils_config_5890631130751774689.prm
[INFO]:[03:06:42] CPLEX results. Gap: 32.970000, upper bound: 34.556310, lower bound: 23.163111
[INFO]:[03:06:42] CPLEX solver finished. Gap: 32.970000
[INFO]:[03:06:42] Starting CPLEX solver on instance: /home/yorig/tuner/mpils-tests/instances/miplib/medium-2/neos-4387871-tavua.mps with config: /scratch/yorig/mpils-results-grid-ticks-10000-7may/medium-2/24proc-2pils/seed-3/1_neos-4387871-tavua_seed-3_20260510_030629/iterated_local_search/run_1_worker_16/ils_config_2037703185742610262.prm
[INFO]:[03:06:42] Starting CPLEX solver on instance: /home/yorig/tuner/mpils-tests/instances/miplib/medium-2/neos-4387871-tavua.mps with config: /scratch/yorig/mpils-results-grid-ticks-10000-7may/medium-2/24proc-2pils/seed-3/1_neos-4387871-tavua_seed-3_20260510_030629/iterated_local_search/run_1_worker_16/ils_config_2037703185742610262.prm
[INFO]:[03:06:47] CPLEX results. Gap: 27.280000, upper bound: 33.556310, lower bound: 24.403787
[INFO]:[03:06:47] CPLEX solver finished. Gap: 27.280000
[INFO]:[03:06:47] New incumbent found with objective value: 27.28
[INFO]:[03:06:47] Starting CPLEX solver on instance: /home/yorig/tuner/mpils-tests/instances/miplib/medium-2/neos-4387871-tavua.mps with config: /scratch/yorig/mpils-results-grid-ticks-10000-7may/medium-2/24proc-2pils/seed-3/1_neos-4387871-tavua_seed-3_20260510_030629/iterated_local_search/run_1_worker_16/ils_config_7413717187355987079.prm
[INFO]:[03:06:47] Starting CPLEX solver on instance: /home/yorig/tuner/mpils-tests/instances/miplib/medium-2/neos-4387871-tavua.mps with config: /scratch/yorig/mpils-results-grid-ticks-10000-7may/medium-2/24proc-2pils/seed-3/1_neos-4387871-tavua_seed-3_20260510_030629/iterated_local_search/run_1_worker_16/ils_config_7413717187355987079.prm
[INFO]:[03:06:53] CPLEX results. Gap: 27.280000, upper bound: 33.556310, lower bound: 24.403787
[INFO]:[03:06:53] CPLEX solver finished. Gap: 27.280000
[INFO]:[03:06:53] Starting CPLEX solver on instance: /home/yorig/tuner/mpils-tests/instances/miplib/medium-2/neos-4387871-tavua.mps with config: /scratch/yorig/mpils-results-grid-ticks-10000-7may/medium-2/24proc-2pils/seed-3/1_neos-4387871-tavua_seed-3_20260510_030629/iterated_local_search/run_1_worker_16/ils_config_3258462980923530791.prm
[INFO]:[03:06:53] Starting CPLEX solver on instance: /home/yorig/tuner/mpils-tests/instances/miplib/medium-2/neos-4387871-tavua.mps with config: /scratch/yorig/mpils-results-grid-ticks-10000-7may/medium-2/24proc-2pils/seed-3/1_neos-4387871-tavua_seed-3_20260510_030629/iterated_local_search/run_1_worker_16/ils_config_3258462980923530791.prm
[INFO]:[03:06:58] CPLEX results. Gap: 27.120000, upper bound: 33.556310, lower bound: 24.456273
[INFO]:[03:06:58] CPLEX solver finished. Gap: 27.120000
[INFO]:[03:06:58] New incumbent found with objective value: 27.12
[INFO]:[03:06:58] Starting CPLEX solver on instance: /home/yorig/tuner/mpils-tests/instances/miplib/medium-2/neos-4387871-tavua.mps with config: /scratch/yorig/mpils-results-grid-ticks-10000-7may/medium-2/24proc-2pils/seed-3/1_neos-4387871-tavua_seed-3_20260510_030629/iterated_local_search/run_1_worker_16/ils_config_11313008767869440654.prm
[INFO]:[03:06:58] Starting CPLEX solver on instance: /home/yorig/tuner/mpils-tests/instances/miplib/medium-2/neos-4387871-tavua.mps with config: /scratch/yorig/mpils-results-grid-ticks-10000-7may/medium-2/24proc-2pils/seed-3/1_neos-4387871-tavua_seed-3_20260510_030629/iterated_local_search/run_1_worker_16/ils_config_11313008767869440654.prm
[INFO]:[03:07:04] CPLEX results. Gap: 27.510000, upper bound: 34.142100, lower bound: 24.748423
[INFO]:[03:07:04] CPLEX solver finished. Gap: 27.510000
[INFO]:[03:07:04] Starting CPLEX solver on instance: /home/yorig/tuner/mpils-tests/instances/miplib/medium-2/neos-4387871-tavua.mps with config: /scratch/yorig/mpils-results-grid-ticks-10000-7may/medium-2/24proc-2pils/seed-3/1_neos-4387871-tavua_seed-3_20260510_030629/iterated_local_search/run_1_worker_16/ils_config_12749304514868507722.prm
[INFO]:[03:07:04] Starting CPLEX solver on instance: /home/yorig/tuner/mpils-tests/instances/miplib/medium-2/neos-4387871-tavua.mps with config: /scratch/yorig/mpils-results-grid-ticks-10000-7may/medium-2/24proc-2pils/seed-3/1_neos-4387871-tavua_seed-3_20260510_030629/iterated_local_search/run_1_worker_16/ils_config_12749304514868507722.prm
[INFO]:[03:07:10] CPLEX results. Gap: 34.630000, upper bound: 34.384730, lower bound: 22.478926
[INFO]:[03:07:10] CPLEX solver finished. Gap: 34.630000
[INFO]:[03:07:10] Starting CPLEX solver on instance: /home/yorig/tuner/mpils-tests/instances/miplib/medium-2/neos-4387871-tavua.mps with config: /scratch/yorig/mpils-results-grid-ticks-10000-7may/medium-2/24proc-2pils/seed-3/1_neos-4387871-tavua_seed-3_20260510_030629/iterated_local_search/run_1_worker_16/ils_config_10636557819957892913.prm
[INFO]:[03:07:10] Starting CPLEX solver on instance: /home/yorig/tuner/mpils-tests/instances/miplib/medium-2/neos-4387871-tavua.mps with config: /scratch/yorig/mpils-results-grid-ticks-10000-7may/medium-2/24proc-2pils/seed-3/1_neos-4387871-tavua_seed-3_20260510_030629/iterated_local_search/run_1_worker_16/ils_config_10636557819957892913.prm
[INFO]:[03:07:15] CPLEX results. Gap: 27.120000, upper bound: 33.556310, lower bound: 24.456273
[INFO]:[03:07:15] CPLEX solver finished. Gap: 27.120000
[INFO]:[03:07:15] Starting CPLEX solver on instance: /home/yorig/tuner/mpils-tests/instances/miplib/medium-2/neos-4387871-tavua.mps with config: /scratch/yorig/mpils-results-grid-ticks-10000-7may/medium-2/24proc-2pils/seed-3/1_neos-4387871-tavua_seed-3_20260510_030629/iterated_local_search/run_1_worker_16/ils_config_10629033217090058722.prm
[INFO]:[03:07:15] Starting CPLEX solver on instance: /home/yorig/tuner/mpils-tests/instances/miplib/medium-2/neos-4387871-tavua.mps with config: /scratch/yorig/mpils-results-grid-ticks-10000-7may/medium-2/24proc-2pils/seed-3/1_neos-4387871-tavua_seed-3_20260510_030629/iterated_local_search/run_1_worker_16/ils_config_10629033217090058722.prm
[INFO]:[03:07:21] CPLEX results. Gap: 48.580000, upper bound: 33.970520, lower bound: 17.469331
[INFO]:[03:07:21] CPLEX solver finished. Gap: 48.580000
[INFO]:[03:07:21] Starting CPLEX solver on instance: /home/yorig/tuner/mpils-tests/instances/miplib/medium-2/neos-4387871-tavua.mps with config: /scratch/yorig/mpils-results-grid-ticks-10000-7may/medium-2/24proc-2pils/seed-3/1_neos-4387871-tavua_seed-3_20260510_030629/iterated_local_search/run_1_worker_16/ils_config_16108143440791691373.prm
[INFO]:[03:07:21] Starting CPLEX solver on instance: /home/yorig/tuner/mpils-tests/instances/miplib/medium-2/neos-4387871-tavua.mps with config: /scratch/yorig/mpils-results-grid-ticks-10000-7may/medium-2/24proc-2pils/seed-3/1_neos-4387871-tavua_seed-3_20260510_030629/iterated_local_search/run_1_worker_16/ils_config_16108143440791691373.prm
[INFO]:[03:07:26] CPLEX results. Gap: 27.040000, upper bound: 33.556310, lower bound: 24.481415
[INFO]:[03:07:26] CPLEX solver finished. Gap: 27.040000
[INFO]:[03:07:26] New incumbent found with objective value: 27.04
[INFO]:[03:07:26] Local search phase completed.
[INFO]:[03:07:26] Total number of new local-search evaluations: 20
[INFO]:[03:07:26] Final incumbent objective value: 27.04
[INFO]:[03:07:38] Worker 16 completed exploration phase.
[INFO]:[03:07:38] Worker 16 received order for step 2.
[INFO]:[03:07:38] Worker 16 running expansion phase for iteration 1.
[INFO]:[03:07:38] Worker 16 will use solver log file: /scratch/yorig/mpils-results-grid-ticks-10000-7may/medium-2/24proc-2pils/seed-3/1_neos-4387871-tavua_seed-3_20260510_030629/solver/cplex.log_iteration_expansion_1_worker_16
[INFO]:[03:07:38] Expansion Worker 16 starting expansion for iteration 1.
[INFO]:[03:07:38] Starting CPLEX solver on instance: /home/yorig/tuner/mpils-tests/instances/miplib/medium-2/neos-4387871-tavua.mps with config: /scratch/yorig/mpils-results-grid-ticks-10000-7may/medium-2/24proc-2pils/seed-3/1_neos-4387871-tavua_seed-3_20260510_030629/expansion/config_param_CPXPARAM_MIP_Strategy_Dive_1_iter_1.prm
[INFO]:[03:07:44] CPLEX results. Gap: 26.560000, upper bound: 34.384730, lower bound: 25.253716
[INFO]:[03:07:44] CPLEX solver finished. Gap: 26.560000
[INFO]:[03:07:45] Starting CPLEX solver on instance: /home/yorig/tuner/mpils-tests/instances/miplib/medium-2/neos-4387871-tavua.mps with config: /scratch/yorig/mpils-results-grid-ticks-10000-7may/medium-2/24proc-2pils/seed-3/1_neos-4387871-tavua_seed-3_20260510_030629/expansion/config_param_CPXPARAM_MIP_Strategy_BBInterval_2_iter_1.prm
[INFO]:[03:07:51] CPLEX results. Gap: 23.630000, upper bound: 33.798940, lower bound: 25.811751
[INFO]:[03:07:51] CPLEX solver finished. Gap: 23.630000
[INFO]:[03:07:58] Expansion Worker 16 completed expansion.
[INFO]:[03:07:58] Worker 16 completed expansion phase.
[INFO]:[03:07:58] Worker 16 received order for step 1.
[INFO]:[03:07:58] Worker 16 running exploration phase for iteration 2.
[INFO]:[03:07:58] Worker 16 at iteration 2 will not use a MIP start file. Current best MIP-start upper bound threshold is 1.79769e+308.
[INFO]:[03:07:58] Starting local search phase...
[INFO]:[03:07:58] Creating local search space from parameter space file: /scratch/yorig/mpils-results-grid-ticks-10000-7may/medium-2/24proc-2pils/seed-3/1_neos-4387871-tavua_seed-3_20260510_030629/iterated_local_search/search_space/search_space_file_2_worker_16.txt
[INFO]:[03:07:58] Local search space loaded from file: /scratch/yorig/mpils-results-grid-ticks-10000-7may/medium-2/24proc-2pils/seed-3/1_neos-4387871-tavua_seed-3_20260510_030629/iterated_local_search/search_space/search_space_file_2_worker_16.txt
[INFO]:[03:07:58] Number of parameters in local search space: 71
[INFO]:[03:07:58] Number of forbidden tuples in local search space: 23
[INFO]:[03:07:58] Number of conditionals in local search space: 6
[INFO]:[03:07:58] MIP start option not enabled. Local search will proceed without MIP start.
[INFO]:[03:07:58] Starting CPLEX solver on instance: /home/yorig/tuner/mpils-tests/instances/miplib/medium-2/neos-4387871-tavua.mps with config: /scratch/yorig/mpils-results-grid-ticks-10000-7may/medium-2/24proc-2pils/seed-3/1_neos-4387871-tavua_seed-3_20260510_030629/iterated_local_search/run_2_worker_16/ils_config_11807705830450258273.prm
[INFO]:[03:07:58] Starting CPLEX solver on instance: /home/yorig/tuner/mpils-tests/instances/miplib/medium-2/neos-4387871-tavua.mps with config: /scratch/yorig/mpils-results-grid-ticks-10000-7may/medium-2/24proc-2pils/seed-3/1_neos-4387871-tavua_seed-3_20260510_030629/iterated_local_search/run_2_worker_16/ils_config_11807705830450258273.prm
[INFO]:[03:08:03] CPLEX results. Gap: 54.320000, upper bound: 33.970520, lower bound: 15.517122
[INFO]:[03:08:03] CPLEX solver finished. Gap: 54.320000
[INFO]:[03:08:03] Starting CPLEX solver on instance: /home/yorig/tuner/mpils-tests/instances/miplib/medium-2/neos-4387871-tavua.mps with config: /scratch/yorig/mpils-results-grid-ticks-10000-7may/medium-2/24proc-2pils/seed-3/1_neos-4387871-tavua_seed-3_20260510_030629/iterated_local_search/run_2_worker_16/ils_config_14979036201287129448.prm
[INFO]:[03:08:03] Starting CPLEX solver on instance: /home/yorig/tuner/mpils-tests/instances/miplib/medium-2/neos-4387871-tavua.mps with config: /scratch/yorig/mpils-results-grid-ticks-10000-7may/medium-2/24proc-2pils/seed-3/1_neos-4387871-tavua_seed-3_20260510_030629/iterated_local_search/run_2_worker_16/ils_config_14979036201287129448.prm
[INFO]:[03:08:08] CPLEX results. Gap: 58.250000, upper bound: 33.556310, lower bound: 14.009593
[INFO]:[03:08:08] CPLEX solver finished. Gap: 58.250000
[INFO]:[03:08:08] Starting CPLEX solver on instance: /home/yorig/tuner/mpils-tests/instances/miplib/medium-2/neos-4387871-tavua.mps with config: /scratch/yorig/mpils-results-grid-ticks-10000-7may/medium-2/24proc-2pils/seed-3/1_neos-4387871-tavua_seed-3_20260510_030629/iterated_local_search/run_2_worker_16/ils_config_1676360840733966501.prm
[INFO]:[03:08:08] Starting CPLEX solver on instance: /home/yorig/tuner/mpils-tests/instances/miplib/medium-2/neos-4387871-tavua.mps with config: /scratch/yorig/mpils-results-grid-ticks-10000-7may/medium-2/24proc-2pils/seed-3/1_neos-4387871-tavua_seed-3_20260510_030629/iterated_local_search/run_2_worker_16/ils_config_1676360840733966501.prm
[INFO]:[03:08:13] CPLEX results. Gap: 54.320000, upper bound: 33.970520, lower bound: 15.517122
[INFO]:[03:08:13] CPLEX solver finished. Gap: 54.320000
[INFO]:[03:08:13] Local search phase completed.
[INFO]:[03:08:13] Total number of new local-search evaluations: 6
[INFO]:[03:08:13] Final incumbent objective value: 54.32
[INFO]:[03:08:19] Worker 16 completed exploration phase.
[INFO]:[03:08:20] Worker 16 received order for step 2.
[INFO]:[03:08:20] Worker 16 running expansion phase for iteration 2.
[INFO]:[03:08:20] Worker 16 will use solver log file: /scratch/yorig/mpils-results-grid-ticks-10000-7may/medium-2/24proc-2pils/seed-3/1_neos-4387871-tavua_seed-3_20260510_030629/solver/cplex.log_iteration_expansion_2_worker_16
[INFO]:[03:08:20] Expansion Worker 16 starting expansion for iteration 2.
[INFO]:[03:08:20] Starting CPLEX solver on instance: /home/yorig/tuner/mpils-tests/instances/miplib/medium-2/neos-4387871-tavua.mps with config: /scratch/yorig/mpils-results-grid-ticks-10000-7may/medium-2/24proc-2pils/seed-3/1_neos-4387871-tavua_seed-3_20260510_030629/expansion/config_param_CPXPARAM_MIP_Strategy_HeuristicFreq_20_iter_2.prm
[INFO]:[03:08:26] CPLEX results. Gap: 24.710000, upper bound: 33.798940, lower bound: 25.447959
[INFO]:[03:08:26] CPLEX solver finished. Gap: 24.710000
[INFO]:[03:08:26] Expansion Worker 16 stopping early after global MPI expansion stop was activated.
[INFO]:[03:08:26] Expansion Worker 16 completed expansion.
[INFO]:[03:08:26] Worker 16 completed expansion phase.
[INFO]:[03:08:27] Worker 16 received order for step 1.
[INFO]:[03:08:27] Worker 16 running exploration phase for iteration 3.
[INFO]:[03:08:27] Worker 16 at iteration 3 will not use a MIP start file. Current best MIP-start upper bound threshold is 1.79769e+308.
[INFO]:[03:08:27] Starting local search phase...
[INFO]:[03:08:27] Creating local search space from parameter space file: /scratch/yorig/mpils-results-grid-ticks-10000-7may/medium-2/24proc-2pils/seed-3/1_neos-4387871-tavua_seed-3_20260510_030629/iterated_local_search/search_space/search_space_file_3_worker_16.txt
[INFO]:[03:08:27] Local search space loaded from file: /scratch/yorig/mpils-results-grid-ticks-10000-7may/medium-2/24proc-2pils/seed-3/1_neos-4387871-tavua_seed-3_20260510_030629/iterated_local_search/search_space/search_space_file_3_worker_16.txt
[INFO]:[03:08:27] Number of parameters in local search space: 71
[INFO]:[03:08:27] Number of forbidden tuples in local search space: 47
[INFO]:[03:08:27] Number of conditionals in local search space: 6
[INFO]:[03:08:27] MIP start option not enabled. Local search will proceed without MIP start.
[INFO]:[03:08:27] Starting CPLEX solver on instance: /home/yorig/tuner/mpils-tests/instances/miplib/medium-2/neos-4387871-tavua.mps with config: /scratch/yorig/mpils-results-grid-ticks-10000-7may/medium-2/24proc-2pils/seed-3/1_neos-4387871-tavua_seed-3_20260510_030629/iterated_local_search/run_3_worker_16/ils_config_8773125588350790605.prm
[INFO]:[03:08:27] Starting CPLEX solver on instance: /home/yorig/tuner/mpils-tests/instances/miplib/medium-2/neos-4387871-tavua.mps with config: /scratch/yorig/mpils-results-grid-ticks-10000-7may/medium-2/24proc-2pils/seed-3/1_neos-4387871-tavua_seed-3_20260510_030629/iterated_local_search/run_3_worker_16/ils_config_8773125588350790605.prm
[INFO]:[03:08:33] CPLEX results. Gap: 32.720000, upper bound: 34.142100, lower bound: 22.970600
[INFO]:[03:08:33] CPLEX solver finished. Gap: 32.720000
[INFO]:[03:08:33] New incumbent found with objective value: 28.96
[INFO]:[03:08:33] Starting CPLEX solver on instance: /home/yorig/tuner/mpils-tests/instances/miplib/medium-2/neos-4387871-tavua.mps with config: /scratch/yorig/mpils-results-grid-ticks-10000-7may/medium-2/24proc-2pils/seed-3/1_neos-4387871-tavua_seed-3_20260510_030629/iterated_local_search/run_3_worker_16/ils_config_13307392203237798479.prm
[INFO]:[03:08:33] Starting CPLEX solver on instance: /home/yorig/tuner/mpils-tests/instances/miplib/medium-2/neos-4387871-tavua.mps with config: /scratch/yorig/mpils-results-grid-ticks-10000-7may/medium-2/24proc-2pils/seed-3/1_neos-4387871-tavua_seed-3_20260510_030629/iterated_local_search/run_3_worker_16/ils_config_13307392203237798479.prm
[INFO]:[03:08:40] CPLEX results. Gap: 28.040000, upper bound: 34.142100, lower bound: 24.569899
[INFO]:[03:08:40] CPLEX solver finished. Gap: 28.040000
[INFO]:[03:08:40] New incumbent found with objective value: 28.04
[INFO]:[03:08:40] Starting CPLEX solver on instance: /home/yorig/tuner/mpils-tests/instances/miplib/medium-2/neos-4387871-tavua.mps with config: /scratch/yorig/mpils-results-grid-ticks-10000-7may/medium-2/24proc-2pils/seed-3/1_neos-4387871-tavua_seed-3_20260510_030629/iterated_local_search/run_3_worker_16/ils_config_10867554377408240579.prm
[INFO]:[03:08:40] Starting CPLEX solver on instance: /home/yorig/tuner/mpils-tests/instances/miplib/medium-2/neos-4387871-tavua.mps with config: /scratch/yorig/mpils-results-grid-ticks-10000-7may/medium-2/24proc-2pils/seed-3/1_neos-4387871-tavua_seed-3_20260510_030629/iterated_local_search/run_3_worker_16/ils_config_10867554377408240579.prm
[INFO]:[03:08:46] CPLEX results. Gap: 28.040000, upper bound: 34.142100, lower bound: 24.569899
[INFO]:[03:08:46] CPLEX solver finished. Gap: 28.040000
[INFO]:[03:08:46] Starting CPLEX solver on instance: /home/yorig/tuner/mpils-tests/instances/miplib/medium-2/neos-4387871-tavua.mps with config: /scratch/yorig/mpils-results-grid-ticks-10000-7may/medium-2/24proc-2pils/seed-3/1_neos-4387871-tavua_seed-3_20260510_030629/iterated_local_search/run_3_worker_16/ils_config_5771160545675096221.prm
[INFO]:[03:08:46] Starting CPLEX solver on instance: /home/yorig/tuner/mpils-tests/instances/miplib/medium-2/neos-4387871-tavua.mps with config: /scratch/yorig/mpils-results-grid-ticks-10000-7may/medium-2/24proc-2pils/seed-3/1_neos-4387871-tavua_seed-3_20260510_030629/iterated_local_search/run_3_worker_16/ils_config_5771160545675096221.prm
[INFO]:[03:08:53] CPLEX results. Gap: 28.040000, upper bound: 34.142100, lower bound: 24.569899
[INFO]:[03:08:53] CPLEX solver finished. Gap: 28.040000
[INFO]:[03:08:53] Starting CPLEX solver on instance: /home/yorig/tuner/mpils-tests/instances/miplib/medium-2/neos-4387871-tavua.mps with config: /scratch/yorig/mpils-results-grid-ticks-10000-7may/medium-2/24proc-2pils/seed-3/1_neos-4387871-tavua_seed-3_20260510_030629/iterated_local_search/run_3_worker_16/ils_config_12347539166516186125.prm
[INFO]:[03:08:53] Starting CPLEX solver on instance: /home/yorig/tuner/mpils-tests/instances/miplib/medium-2/neos-4387871-tavua.mps with config: /scratch/yorig/mpils-results-grid-ticks-10000-7may/medium-2/24proc-2pils/seed-3/1_neos-4387871-tavua_seed-3_20260510_030629/iterated_local_search/run_3_worker_16/ils_config_12347539166516186125.prm
[INFO]:[03:09:00] CPLEX results. Gap: 28.040000, upper bound: 34.142100, lower bound: 24.569899
[INFO]:[03:09:00] CPLEX solver finished. Gap: 28.040000
[INFO]:[03:09:00] Starting CPLEX solver on instance: /home/yorig/tuner/mpils-tests/instances/miplib/medium-2/neos-4387871-tavua.mps with config: /scratch/yorig/mpils-results-grid-ticks-10000-7may/medium-2/24proc-2pils/seed-3/1_neos-4387871-tavua_seed-3_20260510_030629/iterated_local_search/run_3_worker_16/ils_config_15480206841236543352.prm
[INFO]:[03:09:00] Starting CPLEX solver on instance: /home/yorig/tuner/mpils-tests/instances/miplib/medium-2/neos-4387871-tavua.mps with config: /scratch/yorig/mpils-results-grid-ticks-10000-7may/medium-2/24proc-2pils/seed-3/1_neos-4387871-tavua_seed-3_20260510_030629/iterated_local_search/run_3_worker_16/ils_config_15480206841236543352.prm
[INFO]:[03:09:06] CPLEX results. Gap: 28.410000, upper bound: 34.142100, lower bound: 24.440714
[INFO]:[03:09:06] CPLEX solver finished. Gap: 28.410000
[INFO]:[03:09:06] Starting CPLEX solver on instance: /home/yorig/tuner/mpils-tests/instances/miplib/medium-2/neos-4387871-tavua.mps with config: /scratch/yorig/mpils-results-grid-ticks-10000-7may/medium-2/24proc-2pils/seed-3/1_neos-4387871-tavua_seed-3_20260510_030629/iterated_local_search/run_3_worker_16/ils_config_10750277264452578870.prm
[INFO]:[03:09:06] Starting CPLEX solver on instance: /home/yorig/tuner/mpils-tests/instances/miplib/medium-2/neos-4387871-tavua.mps with config: /scratch/yorig/mpils-results-grid-ticks-10000-7may/medium-2/24proc-2pils/seed-3/1_neos-4387871-tavua_seed-3_20260510_030629/iterated_local_search/run_3_worker_16/ils_config_10750277264452578870.prm
[INFO]:[03:09:13] CPLEX results. Gap: 29.150000, upper bound: 34.556310, lower bound: 24.481622
[INFO]:[03:09:13] CPLEX solver finished. Gap: 29.150000
[INFO]:[03:09:13] Starting CPLEX solver on instance: /home/yorig/tuner/mpils-tests/instances/miplib/medium-2/neos-4387871-tavua.mps with config: /scratch/yorig/mpils-results-grid-ticks-10000-7may/medium-2/24proc-2pils/seed-3/1_neos-4387871-tavua_seed-3_20260510_030629/iterated_local_search/run_3_worker_16/ils_config_13088328984799592649.prm
[INFO]:[03:09:13] Starting CPLEX solver on instance: /home/yorig/tuner/mpils-tests/instances/miplib/medium-2/neos-4387871-tavua.mps with config: /scratch/yorig/mpils-results-grid-ticks-10000-7may/medium-2/24proc-2pils/seed-3/1_neos-4387871-tavua_seed-3_20260510_030629/iterated_local_search/run_3_worker_16/ils_config_13088328984799592649.prm
[INFO]:[03:09:19] CPLEX results. Gap: 29.150000, upper bound: 34.556310, lower bound: 24.481622
[INFO]:[03:09:19] CPLEX solver finished. Gap: 29.150000
[INFO]:[03:09:19] Local search phase completed.
[INFO]:[03:09:19] Total number of new local-search evaluations: 16
[INFO]:[03:09:19] Final incumbent objective value: 28.04
[INFO]:[03:09:23] Worker 16 completed exploration phase.
[INFO]:[03:09:23] Worker 16 received order for step 2.
[INFO]:[03:09:23] Worker 16 running expansion phase for iteration 3.
[INFO]:[03:09:23] Worker 16 will use solver log file: /scratch/yorig/mpils-results-grid-ticks-10000-7may/medium-2/24proc-2pils/seed-3/1_neos-4387871-tavua_seed-3_20260510_030629/solver/cplex.log_iteration_expansion_3_worker_16
[INFO]:[03:09:23] Expansion Worker 16 starting expansion for iteration 3.
[INFO]:[03:09:23] Starting CPLEX solver on instance: /home/yorig/tuner/mpils-tests/instances/miplib/medium-2/neos-4387871-tavua.mps with config: /scratch/yorig/mpils-results-grid-ticks-10000-7may/medium-2/24proc-2pils/seed-3/1_neos-4387871-tavua_seed-3_20260510_030629/expansion/config_param_CPXPARAM_Advance_2_iter_3.prm
[INFO]:[03:09:30] CPLEX results. Gap: 22.810000, upper bound: 33.798940, lower bound: 26.089619
[INFO]:[03:09:30] CPLEX solver finished. Gap: 22.810000
[INFO]:[03:10:44] Expansion Worker 16 completed expansion.
[INFO]:[03:10:44] Worker 16 completed expansion phase.
[INFO]:[03:10:45] Worker 16 received order for step 1.
[INFO]:[03:10:45] Worker 16 running exploration phase for iteration 4.
[INFO]:[03:10:45] Worker 16 at iteration 4 will not use a MIP start file. Current best MIP-start upper bound threshold is 1.79769e+308.
[INFO]:[03:10:45] Starting local search phase...
[INFO]:[03:10:45] Creating local search space from parameter space file: /scratch/yorig/mpils-results-grid-ticks-10000-7may/medium-2/24proc-2pils/seed-3/1_neos-4387871-tavua_seed-3_20260510_030629/iterated_local_search/search_space/search_space_file_4_worker_16.txt
[INFO]:[03:10:45] Local search space loaded from file: /scratch/yorig/mpils-results-grid-ticks-10000-7may/medium-2/24proc-2pils/seed-3/1_neos-4387871-tavua_seed-3_20260510_030629/iterated_local_search/search_space/search_space_file_4_worker_16.txt
[INFO]:[03:10:45] Number of parameters in local search space: 71
[INFO]:[03:10:45] Number of forbidden tuples in local search space: 72
[INFO]:[03:10:45] Number of conditionals in local search space: 6
[INFO]:[03:10:45] MIP start option not enabled. Local search will proceed without MIP start.
[INFO]:[03:10:45] Starting CPLEX solver on instance: /home/yorig/tuner/mpils-tests/instances/miplib/medium-2/neos-4387871-tavua.mps with config: /scratch/yorig/mpils-results-grid-ticks-10000-7may/medium-2/24proc-2pils/seed-3/1_neos-4387871-tavua_seed-3_20260510_030629/iterated_local_search/run_4_worker_16/ils_config_16403775529123735575.prm
[INFO]:[03:10:45] Starting CPLEX solver on instance: /home/yorig/tuner/mpils-tests/instances/miplib/medium-2/neos-4387871-tavua.mps with config: /scratch/yorig/mpils-results-grid-ticks-10000-7may/medium-2/24proc-2pils/seed-3/1_neos-4387871-tavua_seed-3_20260510_030629/iterated_local_search/run_4_worker_16/ils_config_16403775529123735575.prm
[INFO]:[03:10:51] CPLEX results. Gap: 31.770000, upper bound: 33.556310, lower bound: 22.896655
[INFO]:[03:10:51] CPLEX solver finished. Gap: 31.770000
[INFO]:[03:10:51] Starting CPLEX solver on instance: /home/yorig/tuner/mpils-tests/instances/miplib/medium-2/neos-4387871-tavua.mps with config: /scratch/yorig/mpils-results-grid-ticks-10000-7may/medium-2/24proc-2pils/seed-3/1_neos-4387871-tavua_seed-3_20260510_030629/iterated_local_search/run_4_worker_16/ils_config_4609653020902029115.prm
[INFO]:[03:10:51] Starting CPLEX solver on instance: /home/yorig/tuner/mpils-tests/instances/miplib/medium-2/neos-4387871-tavua.mps with config: /scratch/yorig/mpils-results-grid-ticks-10000-7may/medium-2/24proc-2pils/seed-3/1_neos-4387871-tavua_seed-3_20260510_030629/iterated_local_search/run_4_worker_16/ils_config_4609653020902029115.prm
[INFO]:[03:10:57] CPLEX results. Gap: 25.470000, upper bound: 34.142100, lower bound: 25.447492
[INFO]:[03:10:57] CPLEX solver finished. Gap: 25.470000
[INFO]:[03:10:57] New incumbent found with objective value: 25.47
[INFO]:[03:10:57] Starting CPLEX solver on instance: /home/yorig/tuner/mpils-tests/instances/miplib/medium-2/neos-4387871-tavua.mps with config: /scratch/yorig/mpils-results-grid-ticks-10000-7may/medium-2/24proc-2pils/seed-3/1_neos-4387871-tavua_seed-3_20260510_030629/iterated_local_search/run_4_worker_16/ils_config_9282067252684760573.prm
[INFO]:[03:10:57] Starting CPLEX solver on instance: /home/yorig/tuner/mpils-tests/instances/miplib/medium-2/neos-4387871-tavua.mps with config: /scratch/yorig/mpils-results-grid-ticks-10000-7may/medium-2/24proc-2pils/seed-3/1_neos-4387871-tavua_seed-3_20260510_030629/iterated_local_search/run_4_worker_16/ils_config_9282067252684760573.prm
[INFO]:[03:11:04] CPLEX results. Gap: 25.470000, upper bound: 34.142100, lower bound: 25.447492
[INFO]:[03:11:04] CPLEX solver finished. Gap: 25.470000
[INFO]:[03:11:04] Starting CPLEX solver on instance: /home/yorig/tuner/mpils-tests/instances/miplib/medium-2/neos-4387871-tavua.mps with config: /scratch/yorig/mpils-results-grid-ticks-10000-7may/medium-2/24proc-2pils/seed-3/1_neos-4387871-tavua_seed-3_20260510_030629/iterated_local_search/run_4_worker_16/ils_config_514161523772824181.prm
[INFO]:[03:11:04] Starting CPLEX solver on instance: /home/yorig/tuner/mpils-tests/instances/miplib/medium-2/neos-4387871-tavua.mps with config: /scratch/yorig/mpils-results-grid-ticks-10000-7may/medium-2/24proc-2pils/seed-3/1_neos-4387871-tavua_seed-3_20260510_030629/iterated_local_search/run_4_worker_16/ils_config_514161523772824181.prm
[INFO]:[03:11:10] CPLEX results. Gap: 30.840000, upper bound: 34.798940, lower bound: 24.065730
[INFO]:[03:11:10] CPLEX solver finished. Gap: 30.840000
[INFO]:[03:11:10] Local search phase completed.
[INFO]:[03:11:10] Total number of new local-search evaluations: 8
[INFO]:[03:11:10] Final incumbent objective value: 25.47
[INFO]:[03:13:40] Worker 16 completed exploration phase.
[INFO]:[03:13:40] Worker 16 received order for step 2.
[INFO]:[03:13:40] Worker 16 running expansion phase for iteration 4.
[INFO]:[03:13:40] Worker 16 will use solver log file: /scratch/yorig/mpils-results-grid-ticks-10000-7may/medium-2/24proc-2pils/seed-3/1_neos-4387871-tavua_seed-3_20260510_030629/solver/cplex.log_iteration_expansion_4_worker_16
[INFO]:[03:13:40] Expansion Worker 16 starting expansion for iteration 4.
[INFO]:[03:13:40] Starting CPLEX solver on instance: /home/yorig/tuner/mpils-tests/instances/miplib/medium-2/neos-4387871-tavua.mps with config: /scratch/yorig/mpils-results-grid-ticks-10000-7may/medium-2/24proc-2pils/seed-3/1_neos-4387871-tavua_seed-3_20260510_030629/expansion/config_param_CPXPARAM_MIP_OrderType_1_iter_4.prm
[INFO]:[03:13:47] CPLEX results. Gap: 27.330000, upper bound: 34.384730, lower bound: 24.986738
[INFO]:[03:13:47] CPLEX solver finished. Gap: 27.330000
[INFO]:[03:13:47] Expansion Worker 16 stopping early after global MPI expansion stop was activated.
[INFO]:[03:13:47] Expansion Worker 16 completed expansion.
[INFO]:[03:13:47] Worker 16 completed expansion phase.
[INFO]:[03:13:47] Worker 16 received order for step 1.
[INFO]:[03:13:47] Worker 16 running exploration phase for iteration 5.
[INFO]:[03:13:47] Worker 16 at iteration 5 will not use a MIP start file. Current best MIP-start upper bound threshold is 1.79769e+308.
[INFO]:[03:13:47] Starting local search phase...
[INFO]:[03:13:47] Creating local search space from parameter space file: /scratch/yorig/mpils-results-grid-ticks-10000-7may/medium-2/24proc-2pils/seed-3/1_neos-4387871-tavua_seed-3_20260510_030629/iterated_local_search/search_space/search_space_file_5_worker_16.txt
[INFO]:[03:13:47] Local search space loaded from file: /scratch/yorig/mpils-results-grid-ticks-10000-7may/medium-2/24proc-2pils/seed-3/1_neos-4387871-tavua_seed-3_20260510_030629/iterated_local_search/search_space/search_space_file_5_worker_16.txt
[INFO]:[03:13:47] Number of parameters in local search space: 71
[INFO]:[03:13:47] Number of forbidden tuples in local search space: 95
[INFO]:[03:13:47] Number of conditionals in local search space: 6
[INFO]:[03:13:47] MIP start option not enabled. Local search will proceed without MIP start.
[INFO]:[03:13:48] Starting CPLEX solver on instance: /home/yorig/tuner/mpils-tests/instances/miplib/medium-2/neos-4387871-tavua.mps with config: /scratch/yorig/mpils-results-grid-ticks-10000-7may/medium-2/24proc-2pils/seed-3/1_neos-4387871-tavua_seed-3_20260510_030629/iterated_local_search/run_5_worker_16/ils_config_8240591762349741845.prm
[INFO]:[03:13:48] Starting CPLEX solver on instance: /home/yorig/tuner/mpils-tests/instances/miplib/medium-2/neos-4387871-tavua.mps with config: /scratch/yorig/mpils-results-grid-ticks-10000-7may/medium-2/24proc-2pils/seed-3/1_neos-4387871-tavua_seed-3_20260510_030629/iterated_local_search/run_5_worker_16/ils_config_8240591762349741845.prm
[INFO]:[03:13:54] CPLEX results. Gap: 40.810000, upper bound: 36.798940, lower bound: 21.782988
[INFO]:[03:13:54] CPLEX solver finished. Gap: 40.810000
[INFO]:[03:13:54] Starting CPLEX solver on instance: /home/yorig/tuner/mpils-tests/instances/miplib/medium-2/neos-4387871-tavua.mps with config: /scratch/yorig/mpils-results-grid-ticks-10000-7may/medium-2/24proc-2pils/seed-3/1_neos-4387871-tavua_seed-3_20260510_030629/iterated_local_search/run_5_worker_16/ils_config_11133955472333254692.prm
[INFO]:[03:13:54] Starting CPLEX solver on instance: /home/yorig/tuner/mpils-tests/instances/miplib/medium-2/neos-4387871-tavua.mps with config: /scratch/yorig/mpils-results-grid-ticks-10000-7may/medium-2/24proc-2pils/seed-3/1_neos-4387871-tavua_seed-3_20260510_030629/iterated_local_search/run_5_worker_16/ils_config_11133955472333254692.prm
[INFO]:[03:14:00] CPLEX results. Gap: 40.810000, upper bound: 36.798940, lower bound: 21.782988
[INFO]:[03:14:00] CPLEX solver finished. Gap: 40.810000
[INFO]:[03:14:00] Starting CPLEX solver on instance: /home/yorig/tuner/mpils-tests/instances/miplib/medium-2/neos-4387871-tavua.mps with config: /scratch/yorig/mpils-results-grid-ticks-10000-7may/medium-2/24proc-2pils/seed-3/1_neos-4387871-tavua_seed-3_20260510_030629/iterated_local_search/run_5_worker_16/ils_config_10424272654549645436.prm
[INFO]:[03:14:00] Starting CPLEX solver on instance: /home/yorig/tuner/mpils-tests/instances/miplib/medium-2/neos-4387871-tavua.mps with config: /scratch/yorig/mpils-results-grid-ticks-10000-7may/medium-2/24proc-2pils/seed-3/1_neos-4387871-tavua_seed-3_20260510_030629/iterated_local_search/run_5_worker_16/ils_config_10424272654549645436.prm
[INFO]:[03:14:07] CPLEX results. Gap: 40.810000, upper bound: 36.798940, lower bound: 21.782988
[INFO]:[03:14:07] CPLEX solver finished. Gap: 40.810000
[INFO]:[03:14:07] Starting CPLEX solver on instance: /home/yorig/tuner/mpils-tests/instances/miplib/medium-2/neos-4387871-tavua.mps with config: /scratch/yorig/mpils-results-grid-ticks-10000-7may/medium-2/24proc-2pils/seed-3/1_neos-4387871-tavua_seed-3_20260510_030629/iterated_local_search/run_5_worker_16/ils_config_17576022383242723010.prm
[INFO]:[03:14:07] Starting CPLEX solver on instance: /home/yorig/tuner/mpils-tests/instances/miplib/medium-2/neos-4387871-tavua.mps with config: /scratch/yorig/mpils-results-grid-ticks-10000-7may/medium-2/24proc-2pils/seed-3/1_neos-4387871-tavua_seed-3_20260510_030629/iterated_local_search/run_5_worker_16/ils_config_17576022383242723010.prm
[INFO]:[03:14:13] CPLEX results. Gap: 40.810000, upper bound: 36.798940, lower bound: 21.782988
[INFO]:[03:14:13] CPLEX solver finished. Gap: 40.810000
[INFO]:[03:14:13] Starting CPLEX solver on instance: /home/yorig/tuner/mpils-tests/instances/miplib/medium-2/neos-4387871-tavua.mps with config: /scratch/yorig/mpils-results-grid-ticks-10000-7may/medium-2/24proc-2pils/seed-3/1_neos-4387871-tavua_seed-3_20260510_030629/iterated_local_search/run_5_worker_16/ils_config_6266955571130807089.prm
[INFO]:[03:14:13] Starting CPLEX solver on instance: /home/yorig/tuner/mpils-tests/instances/miplib/medium-2/neos-4387871-tavua.mps with config: /scratch/yorig/mpils-results-grid-ticks-10000-7may/medium-2/24proc-2pils/seed-3/1_neos-4387871-tavua_seed-3_20260510_030629/iterated_local_search/run_5_worker_16/ils_config_6266955571130807089.prm
[INFO]:[03:14:19] CPLEX results. Gap: 51.310000, upper bound: 35.142100, lower bound: 17.110109
[INFO]:[03:14:19] CPLEX solver finished. Gap: 51.310000
[INFO]:[03:14:19] Local search phase completed.
[INFO]:[03:14:19] Total number of new local-search evaluations: 10
[INFO]:[03:14:19] Final incumbent objective value: 40.81
[INFO]:[03:14:25] Worker 16 completed exploration phase.
[INFO]:[03:14:25] Worker 16 received order for step 2.
[INFO]:[03:14:25] Worker 16 running expansion phase for iteration 5.
[INFO]:[03:14:25] Worker 16 will use solver log file: /scratch/yorig/mpils-results-grid-ticks-10000-7may/medium-2/24proc-2pils/seed-3/1_neos-4387871-tavua_seed-3_20260510_030629/solver/cplex.log_iteration_expansion_5_worker_16
[INFO]:[03:14:25] Expansion Worker 16 starting expansion for iteration 5.
[INFO]:[03:14:25] Starting CPLEX solver on instance: /home/yorig/tuner/mpils-tests/instances/miplib/medium-2/neos-4387871-tavua.mps with config: /scratch/yorig/mpils-results-grid-ticks-10000-7may/medium-2/24proc-2pils/seed-3/1_neos-4387871-tavua_seed-3_20260510_030629/expansion/config_param_CPXPARAM_Network_NetFind_3_iter_5.prm
[INFO]:[03:14:32] CPLEX results. Gap: 21.970000, upper bound: 33.556310, lower bound: 26.183690
[INFO]:[03:14:32] CPLEX solver finished. Gap: 21.970000
[INFO]:[03:14:38] Expansion Worker 16 completed expansion.
[INFO]:[03:14:38] Worker 16 completed expansion phase.
[INFO]:[03:14:39] Worker 16 received order for step 1.
[INFO]:[03:14:39] Worker 16 running exploration phase for iteration 6.
[INFO]:[03:14:39] Worker 16 at iteration 6 will not use a MIP start file. Current best MIP-start upper bound threshold is 1.79769e+308.
[INFO]:[03:14:39] Starting local search phase...
[INFO]:[03:14:39] Creating local search space from parameter space file: /scratch/yorig/mpils-results-grid-ticks-10000-7may/medium-2/24proc-2pils/seed-3/1_neos-4387871-tavua_seed-3_20260510_030629/iterated_local_search/search_space/search_space_file_6_worker_16.txt
[INFO]:[03:14:39] Local search space loaded from file: /scratch/yorig/mpils-results-grid-ticks-10000-7may/medium-2/24proc-2pils/seed-3/1_neos-4387871-tavua_seed-3_20260510_030629/iterated_local_search/search_space/search_space_file_6_worker_16.txt
[INFO]:[03:14:39] Number of parameters in local search space: 71
[INFO]:[03:14:39] Number of forbidden tuples in local search space: 113
[INFO]:[03:14:39] Number of conditionals in local search space: 6
[INFO]:[03:14:39] MIP start option not enabled. Local search will proceed without MIP start.
[INFO]:[03:14:39] Starting CPLEX solver on instance: /home/yorig/tuner/mpils-tests/instances/miplib/medium-2/neos-4387871-tavua.mps with config: /scratch/yorig/mpils-results-grid-ticks-10000-7may/medium-2/24proc-2pils/seed-3/1_neos-4387871-tavua_seed-3_20260510_030629/iterated_local_search/run_6_worker_16/ils_config_7648529352645452175.prm
[INFO]:[03:14:39] Starting CPLEX solver on instance: /home/yorig/tuner/mpils-tests/instances/miplib/medium-2/neos-4387871-tavua.mps with config: /scratch/yorig/mpils-results-grid-ticks-10000-7may/medium-2/24proc-2pils/seed-3/1_neos-4387871-tavua_seed-3_20260510_030629/iterated_local_search/run_6_worker_16/ils_config_7648529352645452175.prm
[INFO]:[03:14:45] CPLEX results. Gap: 60.870000, upper bound: 37.970520, lower bound: 14.859324
[INFO]:[03:14:45] CPLEX solver finished. Gap: 60.870000
[INFO]:[03:14:46] New incumbent found with objective value: 54.85
[INFO]:[03:14:46] Starting CPLEX solver on instance: /home/yorig/tuner/mpils-tests/instances/miplib/medium-2/neos-4387871-tavua.mps with config: /scratch/yorig/mpils-results-grid-ticks-10000-7may/medium-2/24proc-2pils/seed-3/1_neos-4387871-tavua_seed-3_20260510_030629/iterated_local_search/run_6_worker_16/ils_config_10439485981162666968.prm
[INFO]:[03:14:46] Starting CPLEX solver on instance: /home/yorig/tuner/mpils-tests/instances/miplib/medium-2/neos-4387871-tavua.mps with config: /scratch/yorig/mpils-results-grid-ticks-10000-7may/medium-2/24proc-2pils/seed-3/1_neos-4387871-tavua_seed-3_20260510_030629/iterated_local_search/run_6_worker_16/ils_config_10439485981162666968.prm
[INFO]:[03:14:53] CPLEX results. Gap: 54.850000, upper bound: 35.970520, lower bound: 16.240683
[INFO]:[03:14:53] CPLEX solver finished. Gap: 54.850000
[INFO]:[03:14:53] Starting CPLEX solver on instance: /home/yorig/tuner/mpils-tests/instances/miplib/medium-2/neos-4387871-tavua.mps with config: /scratch/yorig/mpils-results-grid-ticks-10000-7may/medium-2/24proc-2pils/seed-3/1_neos-4387871-tavua_seed-3_20260510_030629/iterated_local_search/run_6_worker_16/ils_config_15393803861537487019.prm
[INFO]:[03:14:53] Starting CPLEX solver on instance: /home/yorig/tuner/mpils-tests/instances/miplib/medium-2/neos-4387871-tavua.mps with config: /scratch/yorig/mpils-results-grid-ticks-10000-7may/medium-2/24proc-2pils/seed-3/1_neos-4387871-tavua_seed-3_20260510_030629/iterated_local_search/run_6_worker_16/ils_config_15393803861537487019.prm
[INFO]:[03:14:59] CPLEX results. Gap: 54.140000, upper bound: 35.970520, lower bound: 16.494591
[INFO]:[03:14:59] CPLEX solver finished. Gap: 54.140000
[INFO]:[03:14:59] New incumbent found with objective value: 52.82
[INFO]:[03:14:59] Starting CPLEX solver on instance: /home/yorig/tuner/mpils-tests/instances/miplib/medium-2/neos-4387871-tavua.mps with config: /scratch/yorig/mpils-results-grid-ticks-10000-7may/medium-2/24proc-2pils/seed-3/1_neos-4387871-tavua_seed-3_20260510_030629/iterated_local_search/run_6_worker_16/ils_config_2014020659849564550.prm
[INFO]:[03:14:59] Starting CPLEX solver on instance: /home/yorig/tuner/mpils-tests/instances/miplib/medium-2/neos-4387871-tavua.mps with config: /scratch/yorig/mpils-results-grid-ticks-10000-7may/medium-2/24proc-2pils/seed-3/1_neos-4387871-tavua_seed-3_20260510_030629/iterated_local_search/run_6_worker_16/ils_config_2014020659849564550.prm
[INFO]:[03:15:06] CPLEX results. Gap: 59.450000, upper bound: 34.556310, lower bound: 14.014021
[INFO]:[03:15:06] CPLEX solver finished. Gap: 59.450000
[INFO]:[03:15:06] Starting CPLEX solver on instance: /home/yorig/tuner/mpils-tests/instances/miplib/medium-2/neos-4387871-tavua.mps with config: /scratch/yorig/mpils-results-grid-ticks-10000-7may/medium-2/24proc-2pils/seed-3/1_neos-4387871-tavua_seed-3_20260510_030629/iterated_local_search/run_6_worker_16/ils_config_13840734927503292974.prm
[INFO]:[03:15:06] Starting CPLEX solver on instance: /home/yorig/tuner/mpils-tests/instances/miplib/medium-2/neos-4387871-tavua.mps with config: /scratch/yorig/mpils-results-grid-ticks-10000-7may/medium-2/24proc-2pils/seed-3/1_neos-4387871-tavua_seed-3_20260510_030629/iterated_local_search/run_6_worker_16/ils_config_13840734927503292974.prm
[INFO]:[03:15:12] CPLEX results. Gap: 52.820000, upper bound: 36.970520, lower bound: 17.443317
[INFO]:[03:15:12] CPLEX solver finished. Gap: 52.820000
[INFO]:[03:15:12] Starting CPLEX solver on instance: /home/yorig/tuner/mpils-tests/instances/miplib/medium-2/neos-4387871-tavua.mps with config: /scratch/yorig/mpils-results-grid-ticks-10000-7may/medium-2/24proc-2pils/seed-3/1_neos-4387871-tavua_seed-3_20260510_030629/iterated_local_search/run_6_worker_16/ils_config_16762629071927771249.prm
[INFO]:[03:15:12] Starting CPLEX solver on instance: /home/yorig/tuner/mpils-tests/instances/miplib/medium-2/neos-4387871-tavua.mps with config: /scratch/yorig/mpils-results-grid-ticks-10000-7may/medium-2/24proc-2pils/seed-3/1_neos-4387871-tavua_seed-3_20260510_030629/iterated_local_search/run_6_worker_16/ils_config_16762629071927771249.prm
[INFO]:[03:15:19] CPLEX results. Gap: 52.820000, upper bound: 36.970520, lower bound: 17.443317
[INFO]:[03:15:19] CPLEX solver finished. Gap: 52.820000
[INFO]:[03:15:19] Starting CPLEX solver on instance: /home/yorig/tuner/mpils-tests/instances/miplib/medium-2/neos-4387871-tavua.mps with config: /scratch/yorig/mpils-results-grid-ticks-10000-7may/medium-2/24proc-2pils/seed-3/1_neos-4387871-tavua_seed-3_20260510_030629/iterated_local_search/run_6_worker_16/ils_config_2888076416487773564.prm
[INFO]:[03:15:19] Starting CPLEX solver on instance: /home/yorig/tuner/mpils-tests/instances/miplib/medium-2/neos-4387871-tavua.mps with config: /scratch/yorig/mpils-results-grid-ticks-10000-7may/medium-2/24proc-2pils/seed-3/1_neos-4387871-tavua_seed-3_20260510_030629/iterated_local_search/run_6_worker_16/ils_config_2888076416487773564.prm
[INFO]:[03:15:24] CPLEX results. Gap: 55.590000, upper bound: 34.727890, lower bound: 15.421966
[INFO]:[03:15:24] CPLEX solver finished. Gap: 55.590000
[INFO]:[03:15:25] Starting CPLEX solver on instance: /home/yorig/tuner/mpils-tests/instances/miplib/medium-2/neos-4387871-tavua.mps with config: /scratch/yorig/mpils-results-grid-ticks-10000-7may/medium-2/24proc-2pils/seed-3/1_neos-4387871-tavua_seed-3_20260510_030629/iterated_local_search/run_6_worker_16/ils_config_3536765159865363795.prm
[INFO]:[03:15:25] Starting CPLEX solver on instance: /home/yorig/tuner/mpils-tests/instances/miplib/medium-2/neos-4387871-tavua.mps with config: /scratch/yorig/mpils-results-grid-ticks-10000-7may/medium-2/24proc-2pils/seed-3/1_neos-4387871-tavua_seed-3_20260510_030629/iterated_local_search/run_6_worker_16/ils_config_3536765159865363795.prm
[INFO]:[03:15:31] CPLEX results. Gap: 52.820000, upper bound: 36.970520, lower bound: 17.443317
[INFO]:[03:15:31] CPLEX solver finished. Gap: 52.820000
[INFO]:[03:15:32] New incumbent found with objective value: 38.57
[INFO]:[03:15:32] Starting CPLEX solver on instance: /home/yorig/tuner/mpils-tests/instances/miplib/medium-2/neos-4387871-tavua.mps with config: /scratch/yorig/mpils-results-grid-ticks-10000-7may/medium-2/24proc-2pils/seed-3/1_neos-4387871-tavua_seed-3_20260510_030629/iterated_local_search/run_6_worker_16/ils_config_13343322713005925710.prm
[INFO]:[03:15:32] Starting CPLEX solver on instance: /home/yorig/tuner/mpils-tests/instances/miplib/medium-2/neos-4387871-tavua.mps with config: /scratch/yorig/mpils-results-grid-ticks-10000-7may/medium-2/24proc-2pils/seed-3/1_neos-4387871-tavua_seed-3_20260510_030629/iterated_local_search/run_6_worker_16/ils_config_13343322713005925710.prm
[INFO]:[03:15:38] CPLEX results. Gap: 48.400000, upper bound: 34.142100, lower bound: 17.618635
[INFO]:[03:15:38] CPLEX solver finished. Gap: 48.400000
[INFO]:[03:15:39] New incumbent found with objective value: 36.25
[INFO]:[03:15:39] Local search phase completed.
[INFO]:[03:15:39] Total number of new local-search evaluations: 18
[INFO]:[03:15:39] Final incumbent objective value: 36.25
[INFO]:[03:19:03] Worker 16 completed exploration phase.
[INFO]:[03:19:03] Worker 16 received order for step 2.
[INFO]:[03:19:03] Worker 16 running expansion phase for iteration 6.
[INFO]:[03:19:03] Worker 16 will use solver log file: /scratch/yorig/mpils-results-grid-ticks-10000-7may/medium-2/24proc-2pils/seed-3/1_neos-4387871-tavua_seed-3_20260510_030629/solver/cplex.log_iteration_expansion_6_worker_16
[INFO]:[03:19:03] Expansion Worker 16 starting expansion for iteration 6.
[INFO]:[03:19:03] Starting CPLEX solver on instance: /home/yorig/tuner/mpils-tests/instances/miplib/medium-2/neos-4387871-tavua.mps with config: /scratch/yorig/mpils-results-grid-ticks-10000-7may/medium-2/24proc-2pils/seed-3/1_neos-4387871-tavua_seed-3_20260510_030629/expansion/config_param_CPXPARAM_Sifting_Algorithm_3_iter_6.prm
[INFO]:[03:19:09] CPLEX results. Gap: 21.970000, upper bound: 33.556310, lower bound: 26.183690
[INFO]:[03:19:09] CPLEX solver finished. Gap: 21.970000
[INFO]:[03:19:16] Expansion Worker 16 completed expansion.
[INFO]:[03:19:16] Worker 16 completed expansion phase.
[INFO]:[03:19:18] Worker 16 received order for step 1.
[INFO]:[03:19:18] Worker 16 running exploration phase for iteration 7.
[INFO]:[03:19:18] Worker 16 at iteration 7 will not use a MIP start file. Current best MIP-start upper bound threshold is 1.79769e+308.
[INFO]:[03:19:18] Starting local search phase...
[INFO]:[03:19:18] Creating local search space from parameter space file: /scratch/yorig/mpils-results-grid-ticks-10000-7may/medium-2/24proc-2pils/seed-3/1_neos-4387871-tavua_seed-3_20260510_030629/iterated_local_search/search_space/search_space_file_7_worker_16.txt
[INFO]:[03:19:18] Local search space loaded from file: /scratch/yorig/mpils-results-grid-ticks-10000-7may/medium-2/24proc-2pils/seed-3/1_neos-4387871-tavua_seed-3_20260510_030629/iterated_local_search/search_space/search_space_file_7_worker_16.txt
[INFO]:[03:19:18] Number of parameters in local search space: 71
[INFO]:[03:19:18] Number of forbidden tuples in local search space: 146
[INFO]:[03:19:18] Number of conditionals in local search space: 6
[INFO]:[03:19:18] MIP start option not enabled. Local search will proceed without MIP start.
[INFO]:[03:19:18] Starting CPLEX solver on instance: /home/yorig/tuner/mpils-tests/instances/miplib/medium-2/neos-4387871-tavua.mps with config: /scratch/yorig/mpils-results-grid-ticks-10000-7may/medium-2/24proc-2pils/seed-3/1_neos-4387871-tavua_seed-3_20260510_030629/iterated_local_search/run_7_worker_16/ils_config_7388119335896175188.prm
[INFO]:[03:19:18] Starting CPLEX solver on instance: /home/yorig/tuner/mpils-tests/instances/miplib/medium-2/neos-4387871-tavua.mps with config: /scratch/yorig/mpils-results-grid-ticks-10000-7may/medium-2/24proc-2pils/seed-3/1_neos-4387871-tavua_seed-3_20260510_030629/iterated_local_search/run_7_worker_16/ils_config_7388119335896175188.prm
[INFO]:[03:19:24] CPLEX results. Gap: 41.360000, upper bound: 34.142100, lower bound: 20.019274
[INFO]:[03:19:24] CPLEX solver finished. Gap: 41.360000
[INFO]:[03:19:24] Starting CPLEX solver on instance: /home/yorig/tuner/mpils-tests/instances/miplib/medium-2/neos-4387871-tavua.mps with config: /scratch/yorig/mpils-results-grid-ticks-10000-7may/medium-2/24proc-2pils/seed-3/1_neos-4387871-tavua_seed-3_20260510_030629/iterated_local_search/run_7_worker_16/ils_config_7755412122623550092.prm
[INFO]:[03:19:24] Starting CPLEX solver on instance: /home/yorig/tuner/mpils-tests/instances/miplib/medium-2/neos-4387871-tavua.mps with config: /scratch/yorig/mpils-results-grid-ticks-10000-7may/medium-2/24proc-2pils/seed-3/1_neos-4387871-tavua_seed-3_20260510_030629/iterated_local_search/run_7_worker_16/ils_config_7755412122623550092.prm
[INFO]:[03:19:30] CPLEX results. Gap: 41.360000, upper bound: 34.142100, lower bound: 20.019274
[INFO]:[03:19:30] CPLEX solver finished. Gap: 41.360000
[INFO]:[03:19:30] Starting CPLEX solver on instance: /home/yorig/tuner/mpils-tests/instances/miplib/medium-2/neos-4387871-tavua.mps with config: /scratch/yorig/mpils-results-grid-ticks-10000-7may/medium-2/24proc-2pils/seed-3/1_neos-4387871-tavua_seed-3_20260510_030629/iterated_local_search/run_7_worker_16/ils_config_16923108551488474565.prm
[INFO]:[03:19:30] Starting CPLEX solver on instance: /home/yorig/tuner/mpils-tests/instances/miplib/medium-2/neos-4387871-tavua.mps with config: /scratch/yorig/mpils-results-grid-ticks-10000-7may/medium-2/24proc-2pils/seed-3/1_neos-4387871-tavua_seed-3_20260510_030629/iterated_local_search/run_7_worker_16/ils_config_16923108551488474565.prm
[INFO]:[03:19:37] CPLEX results. Gap: 41.760000, upper bound: 34.142100, lower bound: 19.883876
[INFO]:[03:19:37] CPLEX solver finished. Gap: 41.760000
[INFO]:[03:19:37] Starting CPLEX solver on instance: /home/yorig/tuner/mpils-tests/instances/miplib/medium-2/neos-4387871-tavua.mps with config: /scratch/yorig/mpils-results-grid-ticks-10000-7may/medium-2/24proc-2pils/seed-3/1_neos-4387871-tavua_seed-3_20260510_030629/iterated_local_search/run_7_worker_16/ils_config_1273454126681844847.prm
[INFO]:[03:19:37] Starting CPLEX solver on instance: /home/yorig/tuner/mpils-tests/instances/miplib/medium-2/neos-4387871-tavua.mps with config: /scratch/yorig/mpils-results-grid-ticks-10000-7may/medium-2/24proc-2pils/seed-3/1_neos-4387871-tavua_seed-3_20260510_030629/iterated_local_search/run_7_worker_16/ils_config_1273454126681844847.prm
[INFO]:[03:19:43] CPLEX results. Gap: 40.980000, upper bound: 34.970520, lower bound: 20.639708
[INFO]:[03:19:43] CPLEX solver finished. Gap: 40.980000
[INFO]:[03:19:43] New incumbent found with objective value: 40.98
[INFO]:[03:19:43] Starting CPLEX solver on instance: /home/yorig/tuner/mpils-tests/instances/miplib/medium-2/neos-4387871-tavua.mps with config: /scratch/yorig/mpils-results-grid-ticks-10000-7may/medium-2/24proc-2pils/seed-3/1_neos-4387871-tavua_seed-3_20260510_030629/iterated_local_search/run_7_worker_16/ils_config_11249073858596095871.prm
[INFO]:[03:19:43] Starting CPLEX solver on instance: /home/yorig/tuner/mpils-tests/instances/miplib/medium-2/neos-4387871-tavua.mps with config: /scratch/yorig/mpils-results-grid-ticks-10000-7may/medium-2/24proc-2pils/seed-3/1_neos-4387871-tavua_seed-3_20260510_030629/iterated_local_search/run_7_worker_16/ils_config_11249073858596095871.prm
[INFO]:[03:19:49] CPLEX results. Gap: 40.980000, upper bound: 34.970520, lower bound: 20.639708
[INFO]:[03:19:49] CPLEX solver finished. Gap: 40.980000
[INFO]:[03:19:49] Starting CPLEX solver on instance: /home/yorig/tuner/mpils-tests/instances/miplib/medium-2/neos-4387871-tavua.mps with config: /scratch/yorig/mpils-results-grid-ticks-10000-7may/medium-2/24proc-2pils/seed-3/1_neos-4387871-tavua_seed-3_20260510_030629/iterated_local_search/run_7_worker_16/ils_config_163300313733162709.prm
[INFO]:[03:19:49] Starting CPLEX solver on instance: /home/yorig/tuner/mpils-tests/instances/miplib/medium-2/neos-4387871-tavua.mps with config: /scratch/yorig/mpils-results-grid-ticks-10000-7may/medium-2/24proc-2pils/seed-3/1_neos-4387871-tavua_seed-3_20260510_030629/iterated_local_search/run_7_worker_16/ils_config_163300313733162709.prm
[INFO]:[03:19:54] CPLEX results. Gap: 42.370000, upper bound: 34.142100, lower bound: 19.675652
[INFO]:[03:19:54] CPLEX solver finished. Gap: 42.370000
[INFO]:[03:19:54] Starting CPLEX solver on instance: /home/yorig/tuner/mpils-tests/instances/miplib/medium-2/neos-4387871-tavua.mps with config: /scratch/yorig/mpils-results-grid-ticks-10000-7may/medium-2/24proc-2pils/seed-3/1_neos-4387871-tavua_seed-3_20260510_030629/iterated_local_search/run_7_worker_16/ils_config_7713924703540735140.prm
[INFO]:[03:19:54] Starting CPLEX solver on instance: /home/yorig/tuner/mpils-tests/instances/miplib/medium-2/neos-4387871-tavua.mps with config: /scratch/yorig/mpils-results-grid-ticks-10000-7may/medium-2/24proc-2pils/seed-3/1_neos-4387871-tavua_seed-3_20260510_030629/iterated_local_search/run_7_worker_16/ils_config_7713924703540735140.prm
[INFO]:[03:20:00] CPLEX results. Gap: 40.980000, upper bound: 34.970520, lower bound: 20.639708
[INFO]:[03:20:00] CPLEX solver finished. Gap: 40.980000
[INFO]:[03:20:00] Starting CPLEX solver on instance: /home/yorig/tuner/mpils-tests/instances/miplib/medium-2/neos-4387871-tavua.mps with config: /scratch/yorig/mpils-results-grid-ticks-10000-7may/medium-2/24proc-2pils/seed-3/1_neos-4387871-tavua_seed-3_20260510_030629/iterated_local_search/run_7_worker_16/ils_config_11818607966949580592.prm
[INFO]:[03:20:00] Starting CPLEX solver on instance: /home/yorig/tuner/mpils-tests/instances/miplib/medium-2/neos-4387871-tavua.mps with config: /scratch/yorig/mpils-results-grid-ticks-10000-7may/medium-2/24proc-2pils/seed-3/1_neos-4387871-tavua_seed-3_20260510_030629/iterated_local_search/run_7_worker_16/ils_config_11818607966949580592.prm
[INFO]:[03:20:07] CPLEX results. Gap: 42.330000, upper bound: 34.142100, lower bound: 19.688057
[INFO]:[03:20:07] CPLEX solver finished. Gap: 42.330000
[INFO]:[03:20:07] Starting CPLEX solver on instance: /home/yorig/tuner/mpils-tests/instances/miplib/medium-2/neos-4387871-tavua.mps with config: /scratch/yorig/mpils-results-grid-ticks-10000-7may/medium-2/24proc-2pils/seed-3/1_neos-4387871-tavua_seed-3_20260510_030629/iterated_local_search/run_7_worker_16/ils_config_11998797354761580363.prm
[INFO]:[03:20:07] Starting CPLEX solver on instance: /home/yorig/tuner/mpils-tests/instances/miplib/medium-2/neos-4387871-tavua.mps with config: /scratch/yorig/mpils-results-grid-ticks-10000-7may/medium-2/24proc-2pils/seed-3/1_neos-4387871-tavua_seed-3_20260510_030629/iterated_local_search/run_7_worker_16/ils_config_11998797354761580363.prm
[INFO]:[03:20:13] CPLEX results. Gap: 36.490000, upper bound: 34.556310, lower bound: 21.947582
[INFO]:[03:20:13] CPLEX solver finished. Gap: 36.490000
[INFO]:[03:20:13] New incumbent found with objective value: 36.49
[INFO]:[03:20:13] Starting CPLEX solver on instance: /home/yorig/tuner/mpils-tests/instances/miplib/medium-2/neos-4387871-tavua.mps with config: /scratch/yorig/mpils-results-grid-ticks-10000-7may/medium-2/24proc-2pils/seed-3/1_neos-4387871-tavua_seed-3_20260510_030629/iterated_local_search/run_7_worker_16/ils_config_8201384434951034603.prm
[INFO]:[03:20:13] Starting CPLEX solver on instance: /home/yorig/tuner/mpils-tests/instances/miplib/medium-2/neos-4387871-tavua.mps with config: /scratch/yorig/mpils-results-grid-ticks-10000-7may/medium-2/24proc-2pils/seed-3/1_neos-4387871-tavua_seed-3_20260510_030629/iterated_local_search/run_7_worker_16/ils_config_8201384434951034603.prm
[INFO]:[03:20:19] CPLEX results. Gap: 36.490000, upper bound: 34.556310, lower bound: 21.947582
[INFO]:[03:20:19] CPLEX solver finished. Gap: 36.490000
[INFO]:[03:20:19] Starting CPLEX solver on instance: /home/yorig/tuner/mpils-tests/instances/miplib/medium-2/neos-4387871-tavua.mps with config: /scratch/yorig/mpils-results-grid-ticks-10000-7may/medium-2/24proc-2pils/seed-3/1_neos-4387871-tavua_seed-3_20260510_030629/iterated_local_search/run_7_worker_16/ils_config_3154864806927185612.prm
[INFO]:[03:20:19] Starting CPLEX solver on instance: /home/yorig/tuner/mpils-tests/instances/miplib/medium-2/neos-4387871-tavua.mps with config: /scratch/yorig/mpils-results-grid-ticks-10000-7may/medium-2/24proc-2pils/seed-3/1_neos-4387871-tavua_seed-3_20260510_030629/iterated_local_search/run_7_worker_16/ils_config_3154864806927185612.prm
[INFO]:[03:20:26] CPLEX results. Gap: 41.930000, upper bound: 34.727890, lower bound: 20.165421
[INFO]:[03:20:26] CPLEX solver finished. Gap: 41.930000
[INFO]:[03:20:26] Starting CPLEX solver on instance: /home/yorig/tuner/mpils-tests/instances/miplib/medium-2/neos-4387871-tavua.mps with config: /scratch/yorig/mpils-results-grid-ticks-10000-7may/medium-2/24proc-2pils/seed-3/1_neos-4387871-tavua_seed-3_20260510_030629/iterated_local_search/run_7_worker_16/ils_config_5351565522270671981.prm
[INFO]:[03:20:26] Starting CPLEX solver on instance: /home/yorig/tuner/mpils-tests/instances/miplib/medium-2/neos-4387871-tavua.mps with config: /scratch/yorig/mpils-results-grid-ticks-10000-7may/medium-2/24proc-2pils/seed-3/1_neos-4387871-tavua_seed-3_20260510_030629/iterated_local_search/run_7_worker_16/ils_config_5351565522270671981.prm
[INFO]:[03:20:32] CPLEX results. Gap: 37.730000, upper bound: 33.556310, lower bound: 20.895596
[INFO]:[03:20:32] CPLEX solver finished. Gap: 37.730000
[INFO]:[03:20:32] Starting CPLEX solver on instance: /home/yorig/tuner/mpils-tests/instances/miplib/medium-2/neos-4387871-tavua.mps with config: /scratch/yorig/mpils-results-grid-ticks-10000-7may/medium-2/24proc-2pils/seed-3/1_neos-4387871-tavua_seed-3_20260510_030629/iterated_local_search/run_7_worker_16/ils_config_8048721019096264677.prm
[INFO]:[03:20:32] Starting CPLEX solver on instance: /home/yorig/tuner/mpils-tests/instances/miplib/medium-2/neos-4387871-tavua.mps with config: /scratch/yorig/mpils-results-grid-ticks-10000-7may/medium-2/24proc-2pils/seed-3/1_neos-4387871-tavua_seed-3_20260510_030629/iterated_local_search/run_7_worker_16/ils_config_8048721019096264677.prm
[INFO]:[03:20:38] CPLEX results. Gap: 37.930000, upper bound: 34.556310, lower bound: 21.450634
[INFO]:[03:20:38] CPLEX solver finished. Gap: 37.930000
[INFO]:[03:20:38] Starting CPLEX solver on instance: /home/yorig/tuner/mpils-tests/instances/miplib/medium-2/neos-4387871-tavua.mps with config: /scratch/yorig/mpils-results-grid-ticks-10000-7may/medium-2/24proc-2pils/seed-3/1_neos-4387871-tavua_seed-3_20260510_030629/iterated_local_search/run_7_worker_16/ils_config_12435280144799984602.prm
[INFO]:[03:20:38] Starting CPLEX solver on instance: /home/yorig/tuner/mpils-tests/instances/miplib/medium-2/neos-4387871-tavua.mps with config: /scratch/yorig/mpils-results-grid-ticks-10000-7may/medium-2/24proc-2pils/seed-3/1_neos-4387871-tavua_seed-3_20260510_030629/iterated_local_search/run_7_worker_16/ils_config_12435280144799984602.prm
[INFO]:[03:20:44] CPLEX results. Gap: 37.500000, upper bound: 34.556310, lower bound: 21.597681
[INFO]:[03:20:44] CPLEX solver finished. Gap: 37.500000
[INFO]:[03:20:44] Local search phase completed.
[INFO]:[03:20:44] Total number of new local-search evaluations: 28
[INFO]:[03:20:44] Final incumbent objective value: 36.49
[INFO]:[03:20:54] Worker 16 completed exploration phase.
[INFO]:[03:20:55] Worker 16 received order for step 3.
[INFO]:[03:20:55] Worker 16 finished.
