[INFO]:[03:06:30] Worker 9 starting.
[INFO]:[03:06:30] Worker 9 received order for step 1.
[INFO]:[03:06:30] Worker 9 running exploration phase for iteration 1.
[INFO]:[03:06:30] Worker 9 at iteration 1 will not use a MIP start file. Current best MIP-start upper bound threshold is 1.79769e+308.
[INFO]:[03:06:30] Starting local search phase...
[INFO]:[03:06:30] Worker (ils_group_rank=1) entering parallel ILS evaluation service.
[INFO]:[03:06:30] Starting CPLEX solver on instance: /home/yorig/tuner/mpils-tests/instances/miplib/medium-2/neos-4387871-tavua.mps with config: /scratch/yorig/mpils-results-grid-ticks-10000-7may/medium-2/24proc-2pils/seed-3/1_neos-4387871-tavua_seed-3_20260510_030629/iterated_local_search/run_1_worker_8/parallel_0_1.prm
[INFO]:[03:06:37] CPLEX results. Gap: 58.160000, upper bound: 35.384730, lower bound: 14.805786
[INFO]:[03:06:37] CPLEX solver finished. Gap: 58.160000
[INFO]:[03:06:37] Starting CPLEX solver on instance: /home/yorig/tuner/mpils-tests/instances/miplib/medium-2/neos-4387871-tavua.mps with config: /scratch/yorig/mpils-results-grid-ticks-10000-7may/medium-2/24proc-2pils/seed-3/1_neos-4387871-tavua_seed-3_20260510_030629/iterated_local_search/run_1_worker_8/parallel_2_1.prm
[INFO]:[03:06:43] CPLEX results. Gap: 27.890000, upper bound: 33.556310, lower bound: 24.196390
[INFO]:[03:06:43] CPLEX solver finished. Gap: 27.890000
[INFO]:[03:06:43] Starting CPLEX solver on instance: /home/yorig/tuner/mpils-tests/instances/miplib/medium-2/neos-4387871-tavua.mps with config: /scratch/yorig/mpils-results-grid-ticks-10000-7may/medium-2/24proc-2pils/seed-3/1_neos-4387871-tavua_seed-3_20260510_030629/iterated_local_search/run_1_worker_8/parallel_4_1.prm
[INFO]:[03:06:49] CPLEX results. Gap: 27.890000, upper bound: 33.556310, lower bound: 24.196390
[INFO]:[03:06:49] CPLEX solver finished. Gap: 27.890000
[INFO]:[03:06:49] Starting CPLEX solver on instance: /home/yorig/tuner/mpils-tests/instances/miplib/medium-2/neos-4387871-tavua.mps with config: /scratch/yorig/mpils-results-grid-ticks-10000-7may/medium-2/24proc-2pils/seed-3/1_neos-4387871-tavua_seed-3_20260510_030629/iterated_local_search/run_1_worker_8/parallel_6_1.prm
[INFO]:[03:06:55] CPLEX results. Gap: 30.570000, upper bound: 34.142100, lower bound: 23.704329
[INFO]:[03:06:55] CPLEX solver finished. Gap: 30.570000
[INFO]:[03:06:55] Starting CPLEX solver on instance: /home/yorig/tuner/mpils-tests/instances/miplib/medium-2/neos-4387871-tavua.mps with config: /scratch/yorig/mpils-results-grid-ticks-10000-7may/medium-2/24proc-2pils/seed-3/1_neos-4387871-tavua_seed-3_20260510_030629/iterated_local_search/run_1_worker_8/parallel_8_1.prm
[INFO]:[03:07:02] CPLEX results. Gap: 29.400000, upper bound: 34.727890, lower bound: 24.517361
[INFO]:[03:07:02] CPLEX solver finished. Gap: 29.400000
[INFO]:[03:07:02] Starting CPLEX solver on instance: /home/yorig/tuner/mpils-tests/instances/miplib/medium-2/neos-4387871-tavua.mps with config: /scratch/yorig/mpils-results-grid-ticks-10000-7may/medium-2/24proc-2pils/seed-3/1_neos-4387871-tavua_seed-3_20260510_030629/iterated_local_search/run_1_worker_8/parallel_10_1.prm
[INFO]:[03:07:08] CPLEX results. Gap: 29.700000, upper bound: 33.556310, lower bound: 23.589992
[INFO]:[03:07:08] CPLEX solver finished. Gap: 29.700000
[INFO]:[03:07:08] Starting CPLEX solver on instance: /home/yorig/tuner/mpils-tests/instances/miplib/medium-2/neos-4387871-tavua.mps with config: /scratch/yorig/mpils-results-grid-ticks-10000-7may/medium-2/24proc-2pils/seed-3/1_neos-4387871-tavua_seed-3_20260510_030629/iterated_local_search/run_1_worker_8/parallel_12_1.prm
[INFO]:[03:07:15] CPLEX results. Gap: 28.500000, upper bound: 33.556310, lower bound: 23.994438
[INFO]:[03:07:15] CPLEX solver finished. Gap: 28.500000
[INFO]:[03:07:15] Starting CPLEX solver on instance: /home/yorig/tuner/mpils-tests/instances/miplib/medium-2/neos-4387871-tavua.mps with config: /scratch/yorig/mpils-results-grid-ticks-10000-7may/medium-2/24proc-2pils/seed-3/1_neos-4387871-tavua_seed-3_20260510_030629/iterated_local_search/run_1_worker_8/parallel_14_1.prm
[INFO]:[03:07:21] CPLEX results. Gap: 25.030000, upper bound: 33.556310, lower bound: 25.158611
[INFO]:[03:07:21] CPLEX solver finished. Gap: 25.030000
[INFO]:[03:07:21] Starting CPLEX solver on instance: /home/yorig/tuner/mpils-tests/instances/miplib/medium-2/neos-4387871-tavua.mps with config: /scratch/yorig/mpils-results-grid-ticks-10000-7may/medium-2/24proc-2pils/seed-3/1_neos-4387871-tavua_seed-3_20260510_030629/iterated_local_search/run_1_worker_8/parallel_16_1.prm
[INFO]:[03:07:27] CPLEX results. Gap: 30.570000, upper bound: 34.142100, lower bound: 23.704329
[INFO]:[03:07:27] CPLEX solver finished. Gap: 30.570000
[INFO]:[03:07:27] Starting CPLEX solver on instance: /home/yorig/tuner/mpils-tests/instances/miplib/medium-2/neos-4387871-tavua.mps with config: /scratch/yorig/mpils-results-grid-ticks-10000-7may/medium-2/24proc-2pils/seed-3/1_neos-4387871-tavua_seed-3_20260510_030629/iterated_local_search/run_1_worker_8/parallel_18_1.prm
[INFO]:[03:07:33] CPLEX results. Gap: 26.690000, upper bound: 33.556310, lower bound: 24.601007
[INFO]:[03:07:33] CPLEX solver finished. Gap: 26.690000
[INFO]:[03:07:33] Worker (ils_group_rank=1) exiting parallel ILS evaluation service.
[INFO]:[03:07:38] Worker 9 completed exploration phase.
[INFO]:[03:07:38] Worker 9 received order for step 2.
[INFO]:[03:07:38] Worker 9 running expansion phase for iteration 1.
[INFO]:[03:07:38] Worker 9 will use solver log file: /scratch/yorig/mpils-results-grid-ticks-10000-7may/medium-2/24proc-2pils/seed-3/1_neos-4387871-tavua_seed-3_20260510_030629/solver/cplex.log_iteration_expansion_1_worker_9
[INFO]:[03:07:38] Expansion Worker 9 starting expansion for iteration 1.
[INFO]:[03:07:38] Starting CPLEX solver on instance: /home/yorig/tuner/mpils-tests/instances/miplib/medium-2/neos-4387871-tavua.mps with config: /scratch/yorig/mpils-results-grid-ticks-10000-7may/medium-2/24proc-2pils/seed-3/1_neos-4387871-tavua_seed-3_20260510_030629/expansion/config_param_CPXPARAM_MIP_Strategy_VariableSelect_1_iter_1.prm
[INFO]:[03:07:45] CPLEX results. Gap: 26.750000, upper bound: 34.556310, lower bound: 25.313492
[INFO]:[03:07:45] CPLEX solver finished. Gap: 26.750000
[INFO]:[03:07:45] Starting CPLEX solver on instance: /home/yorig/tuner/mpils-tests/instances/miplib/medium-2/neos-4387871-tavua.mps with config: /scratch/yorig/mpils-results-grid-ticks-10000-7may/medium-2/24proc-2pils/seed-3/1_neos-4387871-tavua_seed-3_20260510_030629/expansion/config_param_CPXPARAM_MIP_Strategy_RINSHeur_40_iter_1.prm
[INFO]:[03:07:52] CPLEX results. Gap: 24.180000, upper bound: 33.798940, lower bound: 25.625431
[INFO]:[03:07:52] CPLEX solver finished. Gap: 24.180000
[INFO]:[03:07:58] Expansion Worker 9 completed expansion.
[INFO]:[03:07:58] Worker 9 completed expansion phase.
[INFO]:[03:07:58] Worker 9 received order for step 1.
[INFO]:[03:07:58] Worker 9 running exploration phase for iteration 2.
[INFO]:[03:07:58] Worker 9 at iteration 2 will not use a MIP start file. Current best MIP-start upper bound threshold is 1.79769e+308.
[INFO]:[03:07:58] Starting local search phase...
[INFO]:[03:07:58] Worker (ils_group_rank=1) entering parallel ILS evaluation service.
[INFO]:[03:07:58] Starting CPLEX solver on instance: /home/yorig/tuner/mpils-tests/instances/miplib/medium-2/neos-4387871-tavua.mps with config: /scratch/yorig/mpils-results-grid-ticks-10000-7may/medium-2/24proc-2pils/seed-3/1_neos-4387871-tavua_seed-3_20260510_030629/iterated_local_search/run_2_worker_8/parallel_0_1.prm
[INFO]:[03:08:05] CPLEX results. Gap: 27.240000, upper bound: 34.142100, lower bound: 24.843148
[INFO]:[03:08:05] CPLEX solver finished. Gap: 27.240000
[INFO]:[03:08:05] Starting CPLEX solver on instance: /home/yorig/tuner/mpils-tests/instances/miplib/medium-2/neos-4387871-tavua.mps with config: /scratch/yorig/mpils-results-grid-ticks-10000-7may/medium-2/24proc-2pils/seed-3/1_neos-4387871-tavua_seed-3_20260510_030629/iterated_local_search/run_2_worker_8/parallel_2_1.prm
[INFO]:[03:08:11] CPLEX results. Gap: 28.210000, upper bound: 34.556310, lower bound: 24.806875
[INFO]:[03:08:11] CPLEX solver finished. Gap: 28.210000
[INFO]:[03:08:12] Starting CPLEX solver on instance: /home/yorig/tuner/mpils-tests/instances/miplib/medium-2/neos-4387871-tavua.mps with config: /scratch/yorig/mpils-results-grid-ticks-10000-7may/medium-2/24proc-2pils/seed-3/1_neos-4387871-tavua_seed-3_20260510_030629/iterated_local_search/run_2_worker_8/parallel_4_1.prm
[INFO]:[03:08:19] CPLEX results. Gap: 27.500000, upper bound: 34.142100, lower bound: 24.753454
[INFO]:[03:08:19] CPLEX solver finished. Gap: 27.500000
[INFO]:[03:08:19] Worker (ils_group_rank=1) exiting parallel ILS evaluation service.
[INFO]:[03:08:19] Worker 9 completed exploration phase.
[INFO]:[03:08:20] Worker 9 received order for step 2.
[INFO]:[03:08:20] Worker 9 running expansion phase for iteration 2.
[INFO]:[03:08:20] Worker 9 will use solver log file: /scratch/yorig/mpils-results-grid-ticks-10000-7may/medium-2/24proc-2pils/seed-3/1_neos-4387871-tavua_seed-3_20260510_030629/solver/cplex.log_iteration_expansion_2_worker_9
[INFO]:[03:08:20] Expansion Worker 9 starting expansion for iteration 2.
[INFO]:[03:08:20] Starting CPLEX solver on instance: /home/yorig/tuner/mpils-tests/instances/miplib/medium-2/neos-4387871-tavua.mps with config: /scratch/yorig/mpils-results-grid-ticks-10000-7may/medium-2/24proc-2pils/seed-3/1_neos-4387871-tavua_seed-3_20260510_030629/expansion/config_param_CPXPARAM_Preprocessing_Symmetry_3_iter_2.prm
[INFO]:[03:08:26] CPLEX results. Gap: 23.630000, upper bound: 33.798940, lower bound: 25.811751
[INFO]:[03:08:26] CPLEX solver finished. Gap: 23.630000
[INFO]:[03:08:26] Expansion Worker 9 stopping early after global MPI expansion stop was activated.
[INFO]:[03:08:26] Expansion Worker 9 completed expansion.
[INFO]:[03:08:26] Worker 9 completed expansion phase.
[INFO]:[03:08:27] Worker 9 received order for step 1.
[INFO]:[03:08:27] Worker 9 running exploration phase for iteration 3.
[INFO]:[03:08:27] Worker 9 at iteration 3 will not use a MIP start file. Current best MIP-start upper bound threshold is 1.79769e+308.
[INFO]:[03:08:27] Starting local search phase...
[INFO]:[03:08:27] Worker (ils_group_rank=1) entering parallel ILS evaluation service.
[INFO]:[03:08:27] Starting CPLEX solver on instance: /home/yorig/tuner/mpils-tests/instances/miplib/medium-2/neos-4387871-tavua.mps with config: /scratch/yorig/mpils-results-grid-ticks-10000-7may/medium-2/24proc-2pils/seed-3/1_neos-4387871-tavua_seed-3_20260510_030629/iterated_local_search/run_3_worker_8/parallel_0_1.prm
[INFO]:[03:08:32] CPLEX results. Gap: 32.380000, upper bound: 33.556310, lower bound: 22.690264
[INFO]:[03:08:32] CPLEX solver finished. Gap: 32.380000
[INFO]:[03:08:32] Starting CPLEX solver on instance: /home/yorig/tuner/mpils-tests/instances/miplib/medium-2/neos-4387871-tavua.mps with config: /scratch/yorig/mpils-results-grid-ticks-10000-7may/medium-2/24proc-2pils/seed-3/1_neos-4387871-tavua_seed-3_20260510_030629/iterated_local_search/run_3_worker_8/parallel_2_1.prm
[INFO]:[03:08:38] CPLEX results. Gap: 38.500000, upper bound: 34.384730, lower bound: 21.146311
[INFO]:[03:08:38] CPLEX solver finished. Gap: 38.500000
[INFO]:[03:08:38] Starting CPLEX solver on instance: /home/yorig/tuner/mpils-tests/instances/miplib/medium-2/neos-4387871-tavua.mps with config: /scratch/yorig/mpils-results-grid-ticks-10000-7may/medium-2/24proc-2pils/seed-3/1_neos-4387871-tavua_seed-3_20260510_030629/iterated_local_search/run_3_worker_8/parallel_4_1.prm
[INFO]:[03:08:45] CPLEX results. Gap: 31.320000, upper bound: 34.627360, lower bound: 23.780493
[INFO]:[03:08:45] CPLEX solver finished. Gap: 31.320000
[INFO]:[03:08:45] Starting CPLEX solver on instance: /home/yorig/tuner/mpils-tests/instances/miplib/medium-2/neos-4387871-tavua.mps with config: /scratch/yorig/mpils-results-grid-ticks-10000-7may/medium-2/24proc-2pils/seed-3/1_neos-4387871-tavua_seed-3_20260510_030629/iterated_local_search/run_3_worker_8/parallel_6_1.prm
[INFO]:[03:08:51] CPLEX results. Gap: 25.710000, upper bound: 34.384730, lower bound: 25.543382
[INFO]:[03:08:51] CPLEX solver finished. Gap: 25.710000
[INFO]:[03:08:52] Starting CPLEX solver on instance: /home/yorig/tuner/mpils-tests/instances/miplib/medium-2/neos-4387871-tavua.mps with config: /scratch/yorig/mpils-results-grid-ticks-10000-7may/medium-2/24proc-2pils/seed-3/1_neos-4387871-tavua_seed-3_20260510_030629/iterated_local_search/run_3_worker_8/parallel_8_1.prm
[INFO]:[03:08:57] CPLEX results. Gap: 25.710000, upper bound: 34.384730, lower bound: 25.543382
[INFO]:[03:08:57] CPLEX solver finished. Gap: 25.710000
[INFO]:[03:08:57] Starting CPLEX solver on instance: /home/yorig/tuner/mpils-tests/instances/miplib/medium-2/neos-4387871-tavua.mps with config: /scratch/yorig/mpils-results-grid-ticks-10000-7may/medium-2/24proc-2pils/seed-3/1_neos-4387871-tavua_seed-3_20260510_030629/iterated_local_search/run_3_worker_8/parallel_10_1.prm
[INFO]:[03:09:03] CPLEX results. Gap: 25.370000, upper bound: 34.384730, lower bound: 25.660718
[INFO]:[03:09:03] CPLEX solver finished. Gap: 25.370000
[INFO]:[03:09:03] Starting CPLEX solver on instance: /home/yorig/tuner/mpils-tests/instances/miplib/medium-2/neos-4387871-tavua.mps with config: /scratch/yorig/mpils-results-grid-ticks-10000-7may/medium-2/24proc-2pils/seed-3/1_neos-4387871-tavua_seed-3_20260510_030629/iterated_local_search/run_3_worker_8/parallel_12_1.prm
[INFO]:[03:09:10] CPLEX results. Gap: 30.650000, upper bound: 34.556310, lower bound: 23.964691
[INFO]:[03:09:10] CPLEX solver finished. Gap: 30.650000
[INFO]:[03:09:10] Starting CPLEX solver on instance: /home/yorig/tuner/mpils-tests/instances/miplib/medium-2/neos-4387871-tavua.mps with config: /scratch/yorig/mpils-results-grid-ticks-10000-7may/medium-2/24proc-2pils/seed-3/1_neos-4387871-tavua_seed-3_20260510_030629/iterated_local_search/run_3_worker_8/parallel_14_1.prm
[INFO]:[03:09:15] CPLEX results. Gap: 25.310000, upper bound: 34.727890, lower bound: 25.937510
[INFO]:[03:09:15] CPLEX solver finished. Gap: 25.310000
[INFO]:[03:09:15] Worker (ils_group_rank=1) exiting parallel ILS evaluation service.
[INFO]:[03:09:23] Worker 9 completed exploration phase.
[INFO]:[03:09:23] Worker 9 received order for step 2.
[INFO]:[03:09:23] Worker 9 running expansion phase for iteration 3.
[INFO]:[03:09:23] Worker 9 will use solver log file: /scratch/yorig/mpils-results-grid-ticks-10000-7may/medium-2/24proc-2pils/seed-3/1_neos-4387871-tavua_seed-3_20260510_030629/solver/cplex.log_iteration_expansion_3_worker_9
[INFO]:[03:09:23] Expansion Worker 9 starting expansion for iteration 3.
[INFO]:[03:09:23] Starting CPLEX solver on instance: /home/yorig/tuner/mpils-tests/instances/miplib/medium-2/neos-4387871-tavua.mps with config: /scratch/yorig/mpils-results-grid-ticks-10000-7may/medium-2/24proc-2pils/seed-3/1_neos-4387871-tavua_seed-3_20260510_030629/expansion/config_param_CPXPARAM_Simplex_DGradient_5_iter_3.prm
[INFO]:[03:09:30] CPLEX results. Gap: 33.740000, upper bound: 34.142100, lower bound: 22.623589
[INFO]:[03:09:30] CPLEX solver finished. Gap: 33.740000
[INFO]:[03:10:37] Starting CPLEX solver on instance: /home/yorig/tuner/mpils-tests/instances/miplib/medium-2/neos-4387871-tavua.mps with config: /scratch/yorig/mpils-results-grid-ticks-10000-7may/medium-2/24proc-2pils/seed-3/1_neos-4387871-tavua_seed-3_20260510_030629/expansion/config_param_CPXPARAM_Barrier_StartAlg_4_iter_3.prm
[INFO]:[03:10:44] CPLEX results. Gap: 22.810000, upper bound: 33.798940, lower bound: 26.089619
[INFO]:[03:10:44] CPLEX solver finished. Gap: 22.810000
[INFO]:[03:10:44] Expansion Worker 9 completed expansion.
[INFO]:[03:10:44] Worker 9 completed expansion phase.
[INFO]:[03:10:45] Worker 9 received order for step 1.
[INFO]:[03:10:45] Worker 9 running exploration phase for iteration 4.
[INFO]:[03:10:45] Worker 9 at iteration 4 will not use a MIP start file. Current best MIP-start upper bound threshold is 1.79769e+308.
[INFO]:[03:10:45] Starting local search phase...
[INFO]:[03:10:45] Worker (ils_group_rank=1) entering parallel ILS evaluation service.
[INFO]:[03:10:45] Starting CPLEX solver on instance: /home/yorig/tuner/mpils-tests/instances/miplib/medium-2/neos-4387871-tavua.mps with config: /scratch/yorig/mpils-results-grid-ticks-10000-7may/medium-2/24proc-2pils/seed-3/1_neos-4387871-tavua_seed-3_20260510_030629/iterated_local_search/run_4_worker_8/parallel_0_1.prm
[INFO]:[03:10:51] CPLEX results. Gap: 51.980000, upper bound: 35.142100, lower bound: 16.876106
[INFO]:[03:10:51] CPLEX solver finished. Gap: 51.980000
[INFO]:[03:10:51] Starting CPLEX solver on instance: /home/yorig/tuner/mpils-tests/instances/miplib/medium-2/neos-4387871-tavua.mps with config: /scratch/yorig/mpils-results-grid-ticks-10000-7may/medium-2/24proc-2pils/seed-3/1_neos-4387871-tavua_seed-3_20260510_030629/iterated_local_search/run_4_worker_8/parallel_2_1.prm
[INFO]:[03:10:57] CPLEX results. Gap: 48.140000, upper bound: 35.142100, lower bound: 18.223920
[INFO]:[03:10:57] CPLEX solver finished. Gap: 48.140000
[INFO]:[03:10:57] Starting CPLEX solver on instance: /home/yorig/tuner/mpils-tests/instances/miplib/medium-2/neos-4387871-tavua.mps with config: /scratch/yorig/mpils-results-grid-ticks-10000-7may/medium-2/24proc-2pils/seed-3/1_neos-4387871-tavua_seed-3_20260510_030629/iterated_local_search/run_4_worker_8/parallel_4_1.prm
[INFO]:[03:11:02] CPLEX results. Gap: 44.820000, upper bound: 34.384730, lower bound: 18.971850
[INFO]:[03:11:02] CPLEX solver finished. Gap: 44.820000
[INFO]:[03:11:03] Starting CPLEX solver on instance: /home/yorig/tuner/mpils-tests/instances/miplib/medium-2/neos-4387871-tavua.mps with config: /scratch/yorig/mpils-results-grid-ticks-10000-7may/medium-2/24proc-2pils/seed-3/1_neos-4387871-tavua_seed-3_20260510_030629/iterated_local_search/run_4_worker_8/parallel_6_1.prm
[INFO]:[03:11:08] CPLEX results. Gap: 46.430000, upper bound: 34.798940, lower bound: 18.642345
[INFO]:[03:11:08] CPLEX solver finished. Gap: 46.430000
[INFO]:[03:11:08] Worker (ils_group_rank=1) exiting parallel ILS evaluation service.
[INFO]:[03:13:40] Worker 9 completed exploration phase.
[INFO]:[03:13:40] Worker 9 received order for step 2.
[INFO]:[03:13:40] Worker 9 running expansion phase for iteration 4.
[INFO]:[03:13:40] Worker 9 will use solver log file: /scratch/yorig/mpils-results-grid-ticks-10000-7may/medium-2/24proc-2pils/seed-3/1_neos-4387871-tavua_seed-3_20260510_030629/solver/cplex.log_iteration_expansion_4_worker_9
[INFO]:[03:13:40] Expansion Worker 9 starting expansion for iteration 4.
[INFO]:[03:13:40] Starting CPLEX solver on instance: /home/yorig/tuner/mpils-tests/instances/miplib/medium-2/neos-4387871-tavua.mps with config: /scratch/yorig/mpils-results-grid-ticks-10000-7may/medium-2/24proc-2pils/seed-3/1_neos-4387871-tavua_seed-3_20260510_030629/expansion/config_param_CPXPARAM_Preprocessing_Dependency_3_iter_4.prm
[INFO]:[03:13:46] CPLEX results. Gap: 32.720000, upper bound: 33.384730, lower bound: 22.461471
[INFO]:[03:13:46] CPLEX solver finished. Gap: 32.720000
[INFO]:[03:13:47] Expansion Worker 9 stopping early after global MPI expansion stop was activated.
[INFO]:[03:13:47] Expansion Worker 9 completed expansion.
[INFO]:[03:13:47] Worker 9 completed expansion phase.
[INFO]:[03:13:47] Worker 9 received order for step 1.
[INFO]:[03:13:47] Worker 9 running exploration phase for iteration 5.
[INFO]:[03:13:47] Worker 9 at iteration 5 will not use a MIP start file. Current best MIP-start upper bound threshold is 1.79769e+308.
[INFO]:[03:13:47] Starting local search phase...
[INFO]:[03:13:47] Worker (ils_group_rank=1) entering parallel ILS evaluation service.
[INFO]:[03:13:48] Starting CPLEX solver on instance: /home/yorig/tuner/mpils-tests/instances/miplib/medium-2/neos-4387871-tavua.mps with config: /scratch/yorig/mpils-results-grid-ticks-10000-7may/medium-2/24proc-2pils/seed-3/1_neos-4387871-tavua_seed-3_20260510_030629/iterated_local_search/run_5_worker_8/parallel_0_1.prm
[INFO]:[03:13:53] CPLEX results. Gap: 32.480000, upper bound: 34.556310, lower bound: 23.333906
[INFO]:[03:13:53] CPLEX solver finished. Gap: 32.480000
[INFO]:[03:13:55] Starting CPLEX solver on instance: /home/yorig/tuner/mpils-tests/instances/miplib/medium-2/neos-4387871-tavua.mps with config: /scratch/yorig/mpils-results-grid-ticks-10000-7may/medium-2/24proc-2pils/seed-3/1_neos-4387871-tavua_seed-3_20260510_030629/iterated_local_search/run_5_worker_8/parallel_2_1.prm
[INFO]:[03:14:01] CPLEX results. Gap: 29.100000, upper bound: 34.798940, lower bound: 24.673366
[INFO]:[03:14:01] CPLEX solver finished. Gap: 29.100000
[INFO]:[03:14:01] Starting CPLEX solver on instance: /home/yorig/tuner/mpils-tests/instances/miplib/medium-2/neos-4387871-tavua.mps with config: /scratch/yorig/mpils-results-grid-ticks-10000-7may/medium-2/24proc-2pils/seed-3/1_neos-4387871-tavua_seed-3_20260510_030629/iterated_local_search/run_5_worker_8/parallel_4_1.prm
[INFO]:[03:14:07] CPLEX results. Gap: 37.520000, upper bound: 34.970520, lower bound: 21.847903
[INFO]:[03:14:07] CPLEX solver finished. Gap: 37.520000
[INFO]:[03:14:07] Starting CPLEX solver on instance: /home/yorig/tuner/mpils-tests/instances/miplib/medium-2/neos-4387871-tavua.mps with config: /scratch/yorig/mpils-results-grid-ticks-10000-7may/medium-2/24proc-2pils/seed-3/1_neos-4387871-tavua_seed-3_20260510_030629/iterated_local_search/run_5_worker_8/parallel_6_1.prm
[INFO]:[03:14:13] CPLEX results. Gap: 35.310000, upper bound: 33.970520, lower bound: 21.976081
[INFO]:[03:14:13] CPLEX solver finished. Gap: 35.310000
[INFO]:[03:14:13] Starting CPLEX solver on instance: /home/yorig/tuner/mpils-tests/instances/miplib/medium-2/neos-4387871-tavua.mps with config: /scratch/yorig/mpils-results-grid-ticks-10000-7may/medium-2/24proc-2pils/seed-3/1_neos-4387871-tavua_seed-3_20260510_030629/iterated_local_search/run_5_worker_8/parallel_8_1.prm
[INFO]:[03:14:19] CPLEX results. Gap: 39.560000, upper bound: 34.556310, lower bound: 20.887256
[INFO]:[03:14:19] CPLEX solver finished. Gap: 39.560000
[INFO]:[03:14:19] Worker (ils_group_rank=1) exiting parallel ILS evaluation service.
[INFO]:[03:14:25] Worker 9 completed exploration phase.
[INFO]:[03:14:25] Worker 9 received order for step 2.
[INFO]:[03:14:25] Worker 9 running expansion phase for iteration 5.
[INFO]:[03:14:25] Worker 9 will use solver log file: /scratch/yorig/mpils-results-grid-ticks-10000-7may/medium-2/24proc-2pils/seed-3/1_neos-4387871-tavua_seed-3_20260510_030629/solver/cplex.log_iteration_expansion_5_worker_9
[INFO]:[03:14:25] Expansion Worker 9 starting expansion for iteration 5.
[INFO]:[03:14:25] Starting CPLEX solver on instance: /home/yorig/tuner/mpils-tests/instances/miplib/medium-2/neos-4387871-tavua.mps with config: /scratch/yorig/mpils-results-grid-ticks-10000-7may/medium-2/24proc-2pils/seed-3/1_neos-4387871-tavua_seed-3_20260510_030629/expansion/config_param_CPXPARAM_Feasopt_Mode_4_iter_5.prm
[INFO]:[03:14:32] CPLEX results. Gap: 21.970000, upper bound: 33.556310, lower bound: 26.183690
[INFO]:[03:14:32] CPLEX solver finished. Gap: 21.970000
[INFO]:[03:14:38] Expansion Worker 9 completed expansion.
[INFO]:[03:14:38] Worker 9 completed expansion phase.
[INFO]:[03:14:39] Worker 9 received order for step 1.
[INFO]:[03:14:39] Worker 9 running exploration phase for iteration 6.
[INFO]:[03:14:39] Worker 9 at iteration 6 will not use a MIP start file. Current best MIP-start upper bound threshold is 1.79769e+308.
[INFO]:[03:14:39] Starting local search phase...
[INFO]:[03:14:39] Worker (ils_group_rank=1) entering parallel ILS evaluation service.
[INFO]:[03:14:39] Starting CPLEX solver on instance: /home/yorig/tuner/mpils-tests/instances/miplib/medium-2/neos-4387871-tavua.mps with config: /scratch/yorig/mpils-results-grid-ticks-10000-7may/medium-2/24proc-2pils/seed-3/1_neos-4387871-tavua_seed-3_20260510_030629/iterated_local_search/run_6_worker_8/parallel_0_1.prm
[INFO]:[03:14:45] CPLEX results. Gap: 53.800000, upper bound: 35.142100, lower bound: 16.234968
[INFO]:[03:14:45] CPLEX solver finished. Gap: 53.800000
[INFO]:[03:14:47] Starting CPLEX solver on instance: /home/yorig/tuner/mpils-tests/instances/miplib/medium-2/neos-4387871-tavua.mps with config: /scratch/yorig/mpils-results-grid-ticks-10000-7may/medium-2/24proc-2pils/seed-3/1_neos-4387871-tavua_seed-3_20260510_030629/iterated_local_search/run_6_worker_8/parallel_2_1.prm
[INFO]:[03:14:53] CPLEX results. Gap: 62.890000, upper bound: 43.284200, lower bound: 16.061540
[INFO]:[03:14:53] CPLEX solver finished. Gap: 62.890000
[INFO]:[03:14:53] Starting CPLEX solver on instance: /home/yorig/tuner/mpils-tests/instances/miplib/medium-2/neos-4387871-tavua.mps with config: /scratch/yorig/mpils-results-grid-ticks-10000-7may/medium-2/24proc-2pils/seed-3/1_neos-4387871-tavua_seed-3_20260510_030629/iterated_local_search/run_6_worker_8/parallel_4_1.prm
[INFO]:[03:14:59] CPLEX results. Gap: 53.800000, upper bound: 35.142100, lower bound: 16.234968
[INFO]:[03:14:59] CPLEX solver finished. Gap: 53.800000
[INFO]:[03:14:59] Starting CPLEX solver on instance: /home/yorig/tuner/mpils-tests/instances/miplib/medium-2/neos-4387871-tavua.mps with config: /scratch/yorig/mpils-results-grid-ticks-10000-7may/medium-2/24proc-2pils/seed-3/1_neos-4387871-tavua_seed-3_20260510_030629/iterated_local_search/run_6_worker_8/parallel_6_1.prm
[INFO]:[03:15:05] CPLEX results. Gap: 51.980000, upper bound: 35.142100, lower bound: 16.876106
[INFO]:[03:15:05] CPLEX solver finished. Gap: 51.980000
[INFO]:[03:15:05] Starting CPLEX solver on instance: /home/yorig/tuner/mpils-tests/instances/miplib/medium-2/neos-4387871-tavua.mps with config: /scratch/yorig/mpils-results-grid-ticks-10000-7may/medium-2/24proc-2pils/seed-3/1_neos-4387871-tavua_seed-3_20260510_030629/iterated_local_search/run_6_worker_8/parallel_8_1.prm
[INFO]:[03:15:11] CPLEX results. Gap: 53.800000, upper bound: 35.142100, lower bound: 16.234968
[INFO]:[03:15:11] CPLEX solver finished. Gap: 53.800000
[INFO]:[03:15:11] Starting CPLEX solver on instance: /home/yorig/tuner/mpils-tests/instances/miplib/medium-2/neos-4387871-tavua.mps with config: /scratch/yorig/mpils-results-grid-ticks-10000-7may/medium-2/24proc-2pils/seed-3/1_neos-4387871-tavua_seed-3_20260510_030629/iterated_local_search/run_6_worker_8/parallel_10_1.prm
[INFO]:[03:15:17] CPLEX results. Gap: 51.980000, upper bound: 35.142100, lower bound: 16.876106
[INFO]:[03:15:17] CPLEX solver finished. Gap: 51.980000
[INFO]:[03:15:17] Starting CPLEX solver on instance: /home/yorig/tuner/mpils-tests/instances/miplib/medium-2/neos-4387871-tavua.mps with config: /scratch/yorig/mpils-results-grid-ticks-10000-7may/medium-2/24proc-2pils/seed-3/1_neos-4387871-tavua_seed-3_20260510_030629/iterated_local_search/run_6_worker_8/parallel_12_1.prm
[INFO]:[03:15:23] CPLEX results. Gap: 62.890000, upper bound: 43.284200, lower bound: 16.061540
[INFO]:[03:15:23] CPLEX solver finished. Gap: 62.890000
[INFO]:[03:15:23] Starting CPLEX solver on instance: /home/yorig/tuner/mpils-tests/instances/miplib/medium-2/neos-4387871-tavua.mps with config: /scratch/yorig/mpils-results-grid-ticks-10000-7may/medium-2/24proc-2pils/seed-3/1_neos-4387871-tavua_seed-3_20260510_030629/iterated_local_search/run_6_worker_8/parallel_14_1.prm
[INFO]:[03:15:29] CPLEX results. Gap: 51.980000, upper bound: 35.142100, lower bound: 16.876106
[INFO]:[03:15:29] CPLEX solver finished. Gap: 51.980000
[INFO]:[03:15:29] Starting CPLEX solver on instance: /home/yorig/tuner/mpils-tests/instances/miplib/medium-2/neos-4387871-tavua.mps with config: /scratch/yorig/mpils-results-grid-ticks-10000-7may/medium-2/24proc-2pils/seed-3/1_neos-4387871-tavua_seed-3_20260510_030629/iterated_local_search/run_6_worker_8/parallel_16_1.prm
[INFO]:[03:15:35] CPLEX results. Gap: 53.800000, upper bound: 35.142100, lower bound: 16.234968
[INFO]:[03:15:35] CPLEX solver finished. Gap: 53.800000
[INFO]:[03:15:35] Worker (ils_group_rank=1) exiting parallel ILS evaluation service.
[INFO]:[03:19:03] Worker 9 completed exploration phase.
[INFO]:[03:19:03] Worker 9 received order for step 2.
[INFO]:[03:19:03] Worker 9 running expansion phase for iteration 6.
[INFO]:[03:19:03] Worker 9 will use solver log file: /scratch/yorig/mpils-results-grid-ticks-10000-7may/medium-2/24proc-2pils/seed-3/1_neos-4387871-tavua_seed-3_20260510_030629/solver/cplex.log_iteration_expansion_6_worker_9
[INFO]:[03:19:03] Expansion Worker 9 starting expansion for iteration 6.
[INFO]:[03:19:03] Starting CPLEX solver on instance: /home/yorig/tuner/mpils-tests/instances/miplib/medium-2/neos-4387871-tavua.mps with config: /scratch/yorig/mpils-results-grid-ticks-10000-7may/medium-2/24proc-2pils/seed-3/1_neos-4387871-tavua_seed-3_20260510_030629/expansion/config_param_CPXPARAM_LPMethod_4_iter_6.prm
[INFO]:[03:19:09] CPLEX results. Gap: 21.970000, upper bound: 33.556310, lower bound: 26.183690
[INFO]:[03:19:09] CPLEX solver finished. Gap: 21.970000
[INFO]:[03:19:16] Expansion Worker 9 completed expansion.
[INFO]:[03:19:16] Worker 9 completed expansion phase.
[INFO]:[03:19:18] Worker 9 received order for step 1.
[INFO]:[03:19:18] Worker 9 running exploration phase for iteration 7.
[INFO]:[03:19:18] Worker 9 at iteration 7 will not use a MIP start file. Current best MIP-start upper bound threshold is 1.79769e+308.
[INFO]:[03:19:18] Starting local search phase...
[INFO]:[03:19:18] Worker (ils_group_rank=1) entering parallel ILS evaluation service.
[INFO]:[03:19:18] Starting CPLEX solver on instance: /home/yorig/tuner/mpils-tests/instances/miplib/medium-2/neos-4387871-tavua.mps with config: /scratch/yorig/mpils-results-grid-ticks-10000-7may/medium-2/24proc-2pils/seed-3/1_neos-4387871-tavua_seed-3_20260510_030629/iterated_local_search/run_7_worker_8/parallel_0_1.prm
[INFO]:[03:19:25] CPLEX results. Gap: 26.890000, upper bound: 33.970520, lower bound: 24.835719
[INFO]:[03:19:25] CPLEX solver finished. Gap: 26.890000
[INFO]:[03:19:25] Starting CPLEX solver on instance: /home/yorig/tuner/mpils-tests/instances/miplib/medium-2/neos-4387871-tavua.mps with config: /scratch/yorig/mpils-results-grid-ticks-10000-7may/medium-2/24proc-2pils/seed-3/1_neos-4387871-tavua_seed-3_20260510_030629/iterated_local_search/run_7_worker_8/parallel_2_1.prm
[INFO]:[03:19:31] CPLEX results. Gap: 27.880000, upper bound: 34.556310, lower bound: 24.922227
[INFO]:[03:19:31] CPLEX solver finished. Gap: 27.880000
[INFO]:[03:19:31] Starting CPLEX solver on instance: /home/yorig/tuner/mpils-tests/instances/miplib/medium-2/neos-4387871-tavua.mps with config: /scratch/yorig/mpils-results-grid-ticks-10000-7may/medium-2/24proc-2pils/seed-3/1_neos-4387871-tavua_seed-3_20260510_030629/iterated_local_search/run_7_worker_8/parallel_4_1.prm
[INFO]:[03:19:38] CPLEX results. Gap: 48.990000, upper bound: 35.970520, lower bound: 18.348702
[INFO]:[03:19:38] CPLEX solver finished. Gap: 48.990000
[INFO]:[03:19:38] Starting CPLEX solver on instance: /home/yorig/tuner/mpils-tests/instances/miplib/medium-2/neos-4387871-tavua.mps with config: /scratch/yorig/mpils-results-grid-ticks-10000-7may/medium-2/24proc-2pils/seed-3/1_neos-4387871-tavua_seed-3_20260510_030629/iterated_local_search/run_7_worker_8/parallel_6_1.prm
[INFO]:[03:19:45] CPLEX results. Gap: 28.110000, upper bound: 35.727890, lower bound: 25.684212
[INFO]:[03:19:45] CPLEX solver finished. Gap: 28.110000
[INFO]:[03:19:45] Starting CPLEX solver on instance: /home/yorig/tuner/mpils-tests/instances/miplib/medium-2/neos-4387871-tavua.mps with config: /scratch/yorig/mpils-results-grid-ticks-10000-7may/medium-2/24proc-2pils/seed-3/1_neos-4387871-tavua_seed-3_20260510_030629/iterated_local_search/run_7_worker_8/parallel_8_1.prm
[INFO]:[03:19:52] CPLEX results. Gap: 26.890000, upper bound: 33.970520, lower bound: 24.835719
[INFO]:[03:19:52] CPLEX solver finished. Gap: 26.890000
[INFO]:[03:19:52] Starting CPLEX solver on instance: /home/yorig/tuner/mpils-tests/instances/miplib/medium-2/neos-4387871-tavua.mps with config: /scratch/yorig/mpils-results-grid-ticks-10000-7may/medium-2/24proc-2pils/seed-3/1_neos-4387871-tavua_seed-3_20260510_030629/iterated_local_search/run_7_worker_8/parallel_10_1.prm
[INFO]:[03:19:58] CPLEX results. Gap: 28.580000, upper bound: 33.556310, lower bound: 23.967026
[INFO]:[03:19:58] CPLEX solver finished. Gap: 28.580000
[INFO]:[03:19:58] Starting CPLEX solver on instance: /home/yorig/tuner/mpils-tests/instances/miplib/medium-2/neos-4387871-tavua.mps with config: /scratch/yorig/mpils-results-grid-ticks-10000-7may/medium-2/24proc-2pils/seed-3/1_neos-4387871-tavua_seed-3_20260510_030629/iterated_local_search/run_7_worker_8/parallel_12_1.prm
[INFO]:[03:20:05] CPLEX results. Gap: 26.890000, upper bound: 33.970520, lower bound: 24.835719
[INFO]:[03:20:05] CPLEX solver finished. Gap: 26.890000
[INFO]:[03:20:05] Starting CPLEX solver on instance: /home/yorig/tuner/mpils-tests/instances/miplib/medium-2/neos-4387871-tavua.mps with config: /scratch/yorig/mpils-results-grid-ticks-10000-7may/medium-2/24proc-2pils/seed-3/1_neos-4387871-tavua_seed-3_20260510_030629/iterated_local_search/run_7_worker_8/parallel_14_1.prm
[INFO]:[03:20:12] CPLEX results. Gap: 28.590000, upper bound: 34.556310, lower bound: 24.676044
[INFO]:[03:20:12] CPLEX solver finished. Gap: 28.590000
[INFO]:[03:20:12] Starting CPLEX solver on instance: /home/yorig/tuner/mpils-tests/instances/miplib/medium-2/neos-4387871-tavua.mps with config: /scratch/yorig/mpils-results-grid-ticks-10000-7may/medium-2/24proc-2pils/seed-3/1_neos-4387871-tavua_seed-3_20260510_030629/iterated_local_search/run_7_worker_8/parallel_16_1.prm
[INFO]:[03:20:19] CPLEX results. Gap: 25.670000, upper bound: 33.970520, lower bound: 25.249894
[INFO]:[03:20:19] CPLEX solver finished. Gap: 25.670000
[INFO]:[03:20:19] Starting CPLEX solver on instance: /home/yorig/tuner/mpils-tests/instances/miplib/medium-2/neos-4387871-tavua.mps with config: /scratch/yorig/mpils-results-grid-ticks-10000-7may/medium-2/24proc-2pils/seed-3/1_neos-4387871-tavua_seed-3_20260510_030629/iterated_local_search/run_7_worker_8/parallel_18_1.prm
[INFO]:[03:20:25] CPLEX results. Gap: 28.290000, upper bound: 34.556310, lower bound: 24.779299
[INFO]:[03:20:25] CPLEX solver finished. Gap: 28.290000
[INFO]:[03:20:26] Starting CPLEX solver on instance: /home/yorig/tuner/mpils-tests/instances/miplib/medium-2/neos-4387871-tavua.mps with config: /scratch/yorig/mpils-results-grid-ticks-10000-7may/medium-2/24proc-2pils/seed-3/1_neos-4387871-tavua_seed-3_20260510_030629/iterated_local_search/run_7_worker_8/parallel_20_1.prm
[INFO]:[03:20:32] CPLEX results. Gap: 27.950000, upper bound: 34.556310, lower bound: 24.897479
[INFO]:[03:20:32] CPLEX solver finished. Gap: 27.950000
[INFO]:[03:20:32] Starting CPLEX solver on instance: /home/yorig/tuner/mpils-tests/instances/miplib/medium-2/neos-4387871-tavua.mps with config: /scratch/yorig/mpils-results-grid-ticks-10000-7may/medium-2/24proc-2pils/seed-3/1_neos-4387871-tavua_seed-3_20260510_030629/iterated_local_search/run_7_worker_8/parallel_22_1.prm
[INFO]:[03:20:39] CPLEX results. Gap: 25.670000, upper bound: 33.970520, lower bound: 25.249894
[INFO]:[03:20:39] CPLEX solver finished. Gap: 25.670000
[INFO]:[03:20:39] Starting CPLEX solver on instance: /home/yorig/tuner/mpils-tests/instances/miplib/medium-2/neos-4387871-tavua.mps with config: /scratch/yorig/mpils-results-grid-ticks-10000-7may/medium-2/24proc-2pils/seed-3/1_neos-4387871-tavua_seed-3_20260510_030629/iterated_local_search/run_7_worker_8/parallel_24_1.prm
[INFO]:[03:20:45] CPLEX results. Gap: 25.670000, upper bound: 33.970520, lower bound: 25.249894
[INFO]:[03:20:45] CPLEX solver finished. Gap: 25.670000
[INFO]:[03:20:45] Starting CPLEX solver on instance: /home/yorig/tuner/mpils-tests/instances/miplib/medium-2/neos-4387871-tavua.mps with config: /scratch/yorig/mpils-results-grid-ticks-10000-7may/medium-2/24proc-2pils/seed-3/1_neos-4387871-tavua_seed-3_20260510_030629/iterated_local_search/run_7_worker_8/parallel_26_1.prm
[INFO]:[03:20:52] CPLEX results. Gap: 25.920000, upper bound: 34.727890, lower bound: 25.726215
[INFO]:[03:20:52] CPLEX solver finished. Gap: 25.920000
[INFO]:[03:20:52] Worker (ils_group_rank=1) exiting parallel ILS evaluation service.
[INFO]:[03:20:54] Worker 9 completed exploration phase.
[INFO]:[03:20:55] Worker 9 received order for step 3.
[INFO]:[03:20:55] Worker 9 finished.
