[INFO]:[03:06:30] Worker 3 starting.
[INFO]:[03:06:30] Worker 3 received order for step 1.
[INFO]:[03:06:30] Worker 3 running exploration phase for iteration 1.
[INFO]:[03:06:30] Worker 3 at iteration 1 will not use a MIP start file. Current best MIP-start upper bound threshold is 1.79769e+308.
[INFO]:[03:06:30] Starting local search phase...
[INFO]:[03:06:30] Worker (ils_group_rank=1) entering parallel ILS evaluation service.
[INFO]:[03:06:30] Starting CPLEX solver on instance: /home/yorig/tuner/mpils-tests/instances/miplib/medium-2/neos-4387871-tavua.mps with config: /scratch/yorig/mpils-results-grid-ticks-10000-7may/medium-2/24proc-2pils/seed-3/1_neos-4387871-tavua_seed-3_20260510_030629/iterated_local_search/run_1_worker_2/parallel_0_1.prm
[INFO]:[03:06:37] CPLEX results. Gap: 47.530000, upper bound: 34.556310, lower bound: 18.130226
[INFO]:[03:06:37] CPLEX solver finished. Gap: 47.530000
[INFO]:[03:06:37] Starting CPLEX solver on instance: /home/yorig/tuner/mpils-tests/instances/miplib/medium-2/neos-4387871-tavua.mps with config: /scratch/yorig/mpils-results-grid-ticks-10000-7may/medium-2/24proc-2pils/seed-3/1_neos-4387871-tavua_seed-3_20260510_030629/iterated_local_search/run_1_worker_2/parallel_2_1.prm
[INFO]:[03:06:42] CPLEX results. Gap: 34.860000, upper bound: 34.142100, lower bound: 22.240432
[INFO]:[03:06:42] CPLEX solver finished. Gap: 34.860000
[INFO]:[03:06:42] Starting CPLEX solver on instance: /home/yorig/tuner/mpils-tests/instances/miplib/medium-2/neos-4387871-tavua.mps with config: /scratch/yorig/mpils-results-grid-ticks-10000-7may/medium-2/24proc-2pils/seed-3/1_neos-4387871-tavua_seed-3_20260510_030629/iterated_local_search/run_1_worker_2/parallel_4_1.prm
[INFO]:[03:06:48] CPLEX results. Gap: 33.590000, upper bound: 34.142100, lower bound: 22.673909
[INFO]:[03:06:48] CPLEX solver finished. Gap: 33.590000
[INFO]:[03:06:48] Starting CPLEX solver on instance: /home/yorig/tuner/mpils-tests/instances/miplib/medium-2/neos-4387871-tavua.mps with config: /scratch/yorig/mpils-results-grid-ticks-10000-7may/medium-2/24proc-2pils/seed-3/1_neos-4387871-tavua_seed-3_20260510_030629/iterated_local_search/run_1_worker_2/parallel_6_1.prm
[INFO]:[03:06:53] CPLEX results. Gap: 33.590000, upper bound: 34.142100, lower bound: 22.673909
[INFO]:[03:06:53] CPLEX solver finished. Gap: 33.590000
[INFO]:[03:06:53] Starting CPLEX solver on instance: /home/yorig/tuner/mpils-tests/instances/miplib/medium-2/neos-4387871-tavua.mps with config: /scratch/yorig/mpils-results-grid-ticks-10000-7may/medium-2/24proc-2pils/seed-3/1_neos-4387871-tavua_seed-3_20260510_030629/iterated_local_search/run_1_worker_2/parallel_8_1.prm
[INFO]:[03:06:58] CPLEX results. Gap: 33.590000, upper bound: 34.142100, lower bound: 22.673909
[INFO]:[03:06:58] CPLEX solver finished. Gap: 33.590000
[INFO]:[03:06:58] Starting CPLEX solver on instance: /home/yorig/tuner/mpils-tests/instances/miplib/medium-2/neos-4387871-tavua.mps with config: /scratch/yorig/mpils-results-grid-ticks-10000-7may/medium-2/24proc-2pils/seed-3/1_neos-4387871-tavua_seed-3_20260510_030629/iterated_local_search/run_1_worker_2/parallel_10_1.prm
[INFO]:[03:07:03] CPLEX results. Gap: 30.540000, upper bound: 34.556310, lower bound: 24.004018
[INFO]:[03:07:03] CPLEX solver finished. Gap: 30.540000
[INFO]:[03:07:03] Starting CPLEX solver on instance: /home/yorig/tuner/mpils-tests/instances/miplib/medium-2/neos-4387871-tavua.mps with config: /scratch/yorig/mpils-results-grid-ticks-10000-7may/medium-2/24proc-2pils/seed-3/1_neos-4387871-tavua_seed-3_20260510_030629/iterated_local_search/run_1_worker_2/parallel_12_1.prm
[INFO]:[03:07:08] CPLEX results. Gap: 30.540000, upper bound: 34.556310, lower bound: 24.004018
[INFO]:[03:07:08] CPLEX solver finished. Gap: 30.540000
[INFO]:[03:07:08] Starting CPLEX solver on instance: /home/yorig/tuner/mpils-tests/instances/miplib/medium-2/neos-4387871-tavua.mps with config: /scratch/yorig/mpils-results-grid-ticks-10000-7may/medium-2/24proc-2pils/seed-3/1_neos-4387871-tavua_seed-3_20260510_030629/iterated_local_search/run_1_worker_2/parallel_14_1.prm
[INFO]:[03:07:14] CPLEX results. Gap: 31.700000, upper bound: 33.556310, lower bound: 22.920015
[INFO]:[03:07:14] CPLEX solver finished. Gap: 31.700000
[INFO]:[03:07:14] Starting CPLEX solver on instance: /home/yorig/tuner/mpils-tests/instances/miplib/medium-2/neos-4387871-tavua.mps with config: /scratch/yorig/mpils-results-grid-ticks-10000-7may/medium-2/24proc-2pils/seed-3/1_neos-4387871-tavua_seed-3_20260510_030629/iterated_local_search/run_1_worker_2/parallel_16_1.prm
[INFO]:[03:07:19] CPLEX results. Gap: 31.760000, upper bound: 34.142100, lower bound: 23.300249
[INFO]:[03:07:19] CPLEX solver finished. Gap: 31.760000
[INFO]:[03:07:19] Starting CPLEX solver on instance: /home/yorig/tuner/mpils-tests/instances/miplib/medium-2/neos-4387871-tavua.mps with config: /scratch/yorig/mpils-results-grid-ticks-10000-7may/medium-2/24proc-2pils/seed-3/1_neos-4387871-tavua_seed-3_20260510_030629/iterated_local_search/run_1_worker_2/parallel_18_1.prm
[INFO]:[03:07:24] CPLEX results. Gap: 30.540000, upper bound: 34.556310, lower bound: 24.004018
[INFO]:[03:07:24] CPLEX solver finished. Gap: 30.540000
[INFO]:[03:07:24] Worker (ils_group_rank=1) exiting parallel ILS evaluation service.
[INFO]:[03:07:38] Worker 3 completed exploration phase.
[INFO]:[03:07:38] Worker 3 received order for step 2.
[INFO]:[03:07:38] Worker 3 running expansion phase for iteration 1.
[INFO]:[03:07:38] Worker 3 will use solver log file: /scratch/yorig/mpils-results-grid-ticks-10000-7may/medium-2/24proc-2pils/seed-3/1_neos-4387871-tavua_seed-3_20260510_030629/solver/cplex.log_iteration_expansion_1_worker_3
[INFO]:[03:07:38] Expansion Worker 3 starting expansion for iteration 1.
[INFO]:[03:07:38] Starting CPLEX solver on instance: /home/yorig/tuner/mpils-tests/instances/miplib/medium-2/neos-4387871-tavua.mps with config: /scratch/yorig/mpils-results-grid-ticks-10000-7may/medium-2/24proc-2pils/seed-3/1_neos-4387871-tavua_seed-3_20260510_030629/expansion/config_param_CPXPARAM_MIP_Strategy_Probe_3_iter_1.prm
[INFO]:[03:07:44] CPLEX results. Gap: 33.440000, upper bound: 33.556310, lower bound: 22.334943
[INFO]:[03:07:44] CPLEX solver finished. Gap: 33.440000
[INFO]:[03:07:45] Starting CPLEX solver on instance: /home/yorig/tuner/mpils-tests/instances/miplib/medium-2/neos-4387871-tavua.mps with config: /scratch/yorig/mpils-results-grid-ticks-10000-7may/medium-2/24proc-2pils/seed-3/1_neos-4387871-tavua_seed-3_20260510_030629/expansion/config_param_CPXPARAM_MIP_Limits_ProbeTime_50_iter_1.prm
[INFO]:[03:07:51] CPLEX results. Gap: 23.630000, upper bound: 33.798940, lower bound: 25.811751
[INFO]:[03:07:51] CPLEX solver finished. Gap: 23.630000
[INFO]:[03:07:52] Starting CPLEX solver on instance: /home/yorig/tuner/mpils-tests/instances/miplib/medium-2/neos-4387871-tavua.mps with config: /scratch/yorig/mpils-results-grid-ticks-10000-7may/medium-2/24proc-2pils/seed-3/1_neos-4387871-tavua_seed-3_20260510_030629/expansion/config_param_CPXPARAM_MIP_Limits_CutsFactor_4_iter_1.prm
[INFO]:[03:07:58] CPLEX results. Gap: 23.630000, upper bound: 33.798940, lower bound: 25.811751
[INFO]:[03:07:58] CPLEX solver finished. Gap: 23.630000
[INFO]:[03:07:58] Expansion Worker 3 completed expansion.
[INFO]:[03:07:58] Worker 3 completed expansion phase.
[INFO]:[03:07:58] Worker 3 received order for step 1.
[INFO]:[03:07:58] Worker 3 running exploration phase for iteration 2.
[INFO]:[03:07:58] Worker 3 at iteration 2 will not use a MIP start file. Current best MIP-start upper bound threshold is 1.79769e+308.
[INFO]:[03:07:58] Starting local search phase...
[INFO]:[03:07:58] Worker (ils_group_rank=1) entering parallel ILS evaluation service.
[INFO]:[03:07:58] Starting CPLEX solver on instance: /home/yorig/tuner/mpils-tests/instances/miplib/medium-2/neos-4387871-tavua.mps with config: /scratch/yorig/mpils-results-grid-ticks-10000-7may/medium-2/24proc-2pils/seed-3/1_neos-4387871-tavua_seed-3_20260510_030629/iterated_local_search/run_2_worker_2/parallel_0_1.prm
[INFO]:[03:08:04] CPLEX results. Gap: 32.570000, upper bound: 33.384730, lower bound: 22.510101
[INFO]:[03:08:04] CPLEX solver finished. Gap: 32.570000
[INFO]:[03:08:04] Starting CPLEX solver on instance: /home/yorig/tuner/mpils-tests/instances/miplib/medium-2/neos-4387871-tavua.mps with config: /scratch/yorig/mpils-results-grid-ticks-10000-7may/medium-2/24proc-2pils/seed-3/1_neos-4387871-tavua_seed-3_20260510_030629/iterated_local_search/run_2_worker_2/parallel_2_1.prm
[INFO]:[03:08:10] CPLEX results. Gap: 32.570000, upper bound: 33.384730, lower bound: 22.510101
[INFO]:[03:08:10] CPLEX solver finished. Gap: 32.570000
[INFO]:[03:08:10] Starting CPLEX solver on instance: /home/yorig/tuner/mpils-tests/instances/miplib/medium-2/neos-4387871-tavua.mps with config: /scratch/yorig/mpils-results-grid-ticks-10000-7may/medium-2/24proc-2pils/seed-3/1_neos-4387871-tavua_seed-3_20260510_030629/iterated_local_search/run_2_worker_2/parallel_4_1.prm
[INFO]:[03:08:16] CPLEX results. Gap: 31.690000, upper bound: 33.384730, lower bound: 22.803995
[INFO]:[03:08:16] CPLEX solver finished. Gap: 31.690000
[INFO]:[03:08:16] Worker (ils_group_rank=1) exiting parallel ILS evaluation service.
[INFO]:[03:08:19] Worker 3 completed exploration phase.
[INFO]:[03:08:20] Worker 3 received order for step 2.
[INFO]:[03:08:20] Worker 3 running expansion phase for iteration 2.
[INFO]:[03:08:20] Worker 3 will use solver log file: /scratch/yorig/mpils-results-grid-ticks-10000-7may/medium-2/24proc-2pils/seed-3/1_neos-4387871-tavua_seed-3_20260510_030629/solver/cplex.log_iteration_expansion_2_worker_3
[INFO]:[03:08:20] Expansion Worker 3 starting expansion for iteration 2.
[INFO]:[03:08:20] Starting CPLEX solver on instance: /home/yorig/tuner/mpils-tests/instances/miplib/medium-2/neos-4387871-tavua.mps with config: /scratch/yorig/mpils-results-grid-ticks-10000-7may/medium-2/24proc-2pils/seed-3/1_neos-4387871-tavua_seed-3_20260510_030629/expansion/config_param_CPXPARAM_MIP_Strategy_PresolveNode_3_iter_2.prm
[INFO]:[03:08:26] CPLEX results. Gap: 24.970000, upper bound: 34.142100, lower bound: 25.616661
[INFO]:[03:08:26] CPLEX solver finished. Gap: 24.970000
[INFO]:[03:08:26] Expansion Worker 3 stopping early after global MPI expansion stop was activated.
[INFO]:[03:08:26] Expansion Worker 3 completed expansion.
[INFO]:[03:08:26] Worker 3 completed expansion phase.
[INFO]:[03:08:27] Worker 3 received order for step 1.
[INFO]:[03:08:27] Worker 3 running exploration phase for iteration 3.
[INFO]:[03:08:27] Worker 3 at iteration 3 will not use a MIP start file. Current best MIP-start upper bound threshold is 1.79769e+308.
[INFO]:[03:08:27] Starting local search phase...
[INFO]:[03:08:27] Worker (ils_group_rank=1) entering parallel ILS evaluation service.
[INFO]:[03:08:27] Starting CPLEX solver on instance: /home/yorig/tuner/mpils-tests/instances/miplib/medium-2/neos-4387871-tavua.mps with config: /scratch/yorig/mpils-results-grid-ticks-10000-7may/medium-2/24proc-2pils/seed-3/1_neos-4387871-tavua_seed-3_20260510_030629/iterated_local_search/run_3_worker_2/parallel_0_1.prm
[INFO]:[03:08:33] CPLEX results. Gap: 36.250000, upper bound: 34.556310, lower bound: 22.028105
[INFO]:[03:08:33] CPLEX solver finished. Gap: 36.250000
[INFO]:[03:08:33] Starting CPLEX solver on instance: /home/yorig/tuner/mpils-tests/instances/miplib/medium-2/neos-4387871-tavua.mps with config: /scratch/yorig/mpils-results-grid-ticks-10000-7may/medium-2/24proc-2pils/seed-3/1_neos-4387871-tavua_seed-3_20260510_030629/iterated_local_search/run_3_worker_2/parallel_2_1.prm
[INFO]:[03:08:39] CPLEX results. Gap: 35.480000, upper bound: 34.142100, lower bound: 22.028178
[INFO]:[03:08:39] CPLEX solver finished. Gap: 35.480000
[INFO]:[03:08:39] Starting CPLEX solver on instance: /home/yorig/tuner/mpils-tests/instances/miplib/medium-2/neos-4387871-tavua.mps with config: /scratch/yorig/mpils-results-grid-ticks-10000-7may/medium-2/24proc-2pils/seed-3/1_neos-4387871-tavua_seed-3_20260510_030629/iterated_local_search/run_3_worker_2/parallel_4_1.prm
[INFO]:[03:08:45] CPLEX results. Gap: 35.480000, upper bound: 34.142100, lower bound: 22.028178
[INFO]:[03:08:45] CPLEX solver finished. Gap: 35.480000
[INFO]:[03:08:45] Starting CPLEX solver on instance: /home/yorig/tuner/mpils-tests/instances/miplib/medium-2/neos-4387871-tavua.mps with config: /scratch/yorig/mpils-results-grid-ticks-10000-7may/medium-2/24proc-2pils/seed-3/1_neos-4387871-tavua_seed-3_20260510_030629/iterated_local_search/run_3_worker_2/parallel_6_1.prm
[INFO]:[03:08:52] CPLEX results. Gap: 22.810000, upper bound: 33.798940, lower bound: 26.089619
[INFO]:[03:08:52] CPLEX solver finished. Gap: 22.810000
[INFO]:[03:08:52] Starting CPLEX solver on instance: /home/yorig/tuner/mpils-tests/instances/miplib/medium-2/neos-4387871-tavua.mps with config: /scratch/yorig/mpils-results-grid-ticks-10000-7may/medium-2/24proc-2pils/seed-3/1_neos-4387871-tavua_seed-3_20260510_030629/iterated_local_search/run_3_worker_2/parallel_8_1.prm
[INFO]:[03:08:58] CPLEX results. Gap: 22.810000, upper bound: 33.798940, lower bound: 26.089619
[INFO]:[03:08:58] CPLEX solver finished. Gap: 22.810000
[INFO]:[03:08:58] Starting CPLEX solver on instance: /home/yorig/tuner/mpils-tests/instances/miplib/medium-2/neos-4387871-tavua.mps with config: /scratch/yorig/mpils-results-grid-ticks-10000-7may/medium-2/24proc-2pils/seed-3/1_neos-4387871-tavua_seed-3_20260510_030629/iterated_local_search/run_3_worker_2/parallel_10_1.prm
[INFO]:[03:09:05] CPLEX results. Gap: 23.780000, upper bound: 34.384730, lower bound: 26.209492
[INFO]:[03:09:05] CPLEX solver finished. Gap: 23.780000
[INFO]:[03:09:05] Starting CPLEX solver on instance: /home/yorig/tuner/mpils-tests/instances/miplib/medium-2/neos-4387871-tavua.mps with config: /scratch/yorig/mpils-results-grid-ticks-10000-7may/medium-2/24proc-2pils/seed-3/1_neos-4387871-tavua_seed-3_20260510_030629/iterated_local_search/run_3_worker_2/parallel_12_1.prm
[INFO]:[03:09:11] CPLEX results. Gap: 29.370000, upper bound: 33.798940, lower bound: 23.872410
[INFO]:[03:09:11] CPLEX solver finished. Gap: 29.370000
[INFO]:[03:09:12] Starting CPLEX solver on instance: /home/yorig/tuner/mpils-tests/instances/miplib/medium-2/neos-4387871-tavua.mps with config: /scratch/yorig/mpils-results-grid-ticks-10000-7may/medium-2/24proc-2pils/seed-3/1_neos-4387871-tavua_seed-3_20260510_030629/iterated_local_search/run_3_worker_2/parallel_14_1.prm
[INFO]:[03:09:18] CPLEX results. Gap: 61.760000, upper bound: 34.142100, lower bound: 13.054654
[INFO]:[03:09:18] CPLEX solver finished. Gap: 61.760000
[INFO]:[03:09:18] Worker (ils_group_rank=1) exiting parallel ILS evaluation service.
[INFO]:[03:09:23] Worker 3 completed exploration phase.
[INFO]:[03:09:23] Worker 3 received order for step 2.
[INFO]:[03:09:23] Worker 3 running expansion phase for iteration 3.
[INFO]:[03:09:23] Worker 3 will use solver log file: /scratch/yorig/mpils-results-grid-ticks-10000-7may/medium-2/24proc-2pils/seed-3/1_neos-4387871-tavua_seed-3_20260510_030629/solver/cplex.log_iteration_expansion_3_worker_3
[INFO]:[03:09:23] Expansion Worker 3 starting expansion for iteration 3.
[INFO]:[03:09:23] Starting CPLEX solver on instance: /home/yorig/tuner/mpils-tests/instances/miplib/medium-2/neos-4387871-tavua.mps with config: /scratch/yorig/mpils-results-grid-ticks-10000-7may/medium-2/24proc-2pils/seed-3/1_neos-4387871-tavua_seed-3_20260510_030629/expansion/config_param_CPXPARAM_MIP_Strategy_SubAlgorithm_4_iter_3.prm
[WARN]:[03:09:29] CPLEX finished without a primal feasible solution for config /scratch/yorig/mpils-results-grid-ticks-10000-7may/medium-2/24proc-2pils/seed-3/1_neos-4387871-tavua_seed-3_20260510_030629/expansion/config_param_CPXPARAM_MIP_Strategy_SubAlgorithm_4_iter_3.prm.
[INFO]:[03:09:29] CPLEX results. Gap: unavailable, upper bound: null, lower bound: 20.235309
[INFO]:[03:09:29] CPLEX solver finished. Gap: 179769313486231570814527423731704356798070567525844996598917476803157260780028538760589558632766878171540458953514382464234321326889464182768467546703537516986049910576551282076245490090389328944075868508455133942304583236903222948165808559332123348274797826204144723168738177180919299881250404026184124858368.000000
[INFO]:[03:10:37] Starting CPLEX solver on instance: /home/yorig/tuner/mpils-tests/instances/miplib/medium-2/neos-4387871-tavua.mps with config: /scratch/yorig/mpils-results-grid-ticks-10000-7may/medium-2/24proc-2pils/seed-3/1_neos-4387871-tavua_seed-3_20260510_030629/expansion/config_param_CPXPARAM_Barrier_Crossover_2_iter_3.prm
[INFO]:[03:10:44] CPLEX results. Gap: 22.810000, upper bound: 33.798940, lower bound: 26.089619
[INFO]:[03:10:44] CPLEX solver finished. Gap: 22.810000
[INFO]:[03:10:44] Expansion Worker 3 completed expansion.
[INFO]:[03:10:44] Worker 3 completed expansion phase.
[INFO]:[03:10:45] Worker 3 received order for step 1.
[INFO]:[03:10:45] Worker 3 running exploration phase for iteration 4.
[INFO]:[03:10:45] Worker 3 at iteration 4 will not use a MIP start file. Current best MIP-start upper bound threshold is 1.79769e+308.
[INFO]:[03:10:45] Starting local search phase...
[INFO]:[03:10:45] Worker (ils_group_rank=1) entering parallel ILS evaluation service.
[INFO]:[03:10:45] Starting CPLEX solver on instance: /home/yorig/tuner/mpils-tests/instances/miplib/medium-2/neos-4387871-tavua.mps with config: /scratch/yorig/mpils-results-grid-ticks-10000-7may/medium-2/24proc-2pils/seed-3/1_neos-4387871-tavua_seed-3_20260510_030629/iterated_local_search/run_4_worker_2/parallel_0_1.prm
[INFO]:[03:10:53] CPLEX results. Gap: 63.570000, upper bound: 40.556310, lower bound: 14.775232
[INFO]:[03:10:53] CPLEX solver finished. Gap: 63.570000
[INFO]:[03:10:53] Starting CPLEX solver on instance: /home/yorig/tuner/mpils-tests/instances/miplib/medium-2/neos-4387871-tavua.mps with config: /scratch/yorig/mpils-results-grid-ticks-10000-7may/medium-2/24proc-2pils/seed-3/1_neos-4387871-tavua_seed-3_20260510_030629/iterated_local_search/run_4_worker_2/parallel_2_1.prm
[INFO]:[03:10:59] CPLEX results. Gap: 64.290000, upper bound: 37.798940, lower bound: 13.498875
[INFO]:[03:10:59] CPLEX solver finished. Gap: 64.290000
[INFO]:[03:11:00] Starting CPLEX solver on instance: /home/yorig/tuner/mpils-tests/instances/miplib/medium-2/neos-4387871-tavua.mps with config: /scratch/yorig/mpils-results-grid-ticks-10000-7may/medium-2/24proc-2pils/seed-3/1_neos-4387871-tavua_seed-3_20260510_030629/iterated_local_search/run_4_worker_2/parallel_4_1.prm
[INFO]:[03:11:08] CPLEX results. Gap: 63.570000, upper bound: 40.556310, lower bound: 14.775232
[INFO]:[03:11:08] CPLEX solver finished. Gap: 63.570000
[INFO]:[03:11:08] Starting CPLEX solver on instance: /home/yorig/tuner/mpils-tests/instances/miplib/medium-2/neos-4387871-tavua.mps with config: /scratch/yorig/mpils-results-grid-ticks-10000-7may/medium-2/24proc-2pils/seed-3/1_neos-4387871-tavua_seed-3_20260510_030629/iterated_local_search/run_4_worker_2/parallel_6_1.prm
[INFO]:[03:11:16] CPLEX results. Gap: 64.350000, upper bound: 41.384730, lower bound: 14.752972
[INFO]:[03:11:16] CPLEX solver finished. Gap: 64.350000
[INFO]:[03:11:16] Worker (ils_group_rank=1) exiting parallel ILS evaluation service.
[INFO]:[03:13:40] Worker 3 completed exploration phase.
[INFO]:[03:13:40] Worker 3 received order for step 2.
[INFO]:[03:13:40] Worker 3 running expansion phase for iteration 4.
[INFO]:[03:13:40] Worker 3 will use solver log file: /scratch/yorig/mpils-results-grid-ticks-10000-7may/medium-2/24proc-2pils/seed-3/1_neos-4387871-tavua_seed-3_20260510_030629/solver/cplex.log_iteration_expansion_4_worker_3
[INFO]:[03:13:40] Expansion Worker 3 starting expansion for iteration 4.
[INFO]:[03:13:40] Starting CPLEX solver on instance: /home/yorig/tuner/mpils-tests/instances/miplib/medium-2/neos-4387871-tavua.mps with config: /scratch/yorig/mpils-results-grid-ticks-10000-7may/medium-2/24proc-2pils/seed-3/1_neos-4387871-tavua_seed-3_20260510_030629/expansion/config_param_CPXPARAM_Preprocessing_CoeffReduce_3_iter_4.prm
[INFO]:[03:13:47] CPLEX results. Gap: 22.810000, upper bound: 33.798940, lower bound: 26.089619
[INFO]:[03:13:47] CPLEX solver finished. Gap: 22.810000
[INFO]:[03:13:47] Expansion Worker 3 stopping early after global MPI expansion stop was activated.
[INFO]:[03:13:47] Expansion Worker 3 completed expansion.
[INFO]:[03:13:47] Worker 3 completed expansion phase.
[INFO]:[03:13:47] Worker 3 received order for step 1.
[INFO]:[03:13:47] Worker 3 running exploration phase for iteration 5.
[INFO]:[03:13:47] Worker 3 at iteration 5 will not use a MIP start file. Current best MIP-start upper bound threshold is 1.79769e+308.
[INFO]:[03:13:47] Starting local search phase...
[INFO]:[03:13:47] Worker (ils_group_rank=1) entering parallel ILS evaluation service.
[INFO]:[03:13:47] Starting CPLEX solver on instance: /home/yorig/tuner/mpils-tests/instances/miplib/medium-2/neos-4387871-tavua.mps with config: /scratch/yorig/mpils-results-grid-ticks-10000-7may/medium-2/24proc-2pils/seed-3/1_neos-4387871-tavua_seed-3_20260510_030629/iterated_local_search/run_5_worker_2/parallel_0_1.prm
[INFO]:[03:13:53] CPLEX results. Gap: 43.540000, upper bound: 34.798940, lower bound: 19.647136
[INFO]:[03:13:53] CPLEX solver finished. Gap: 43.540000
[INFO]:[03:13:53] Starting CPLEX solver on instance: /home/yorig/tuner/mpils-tests/instances/miplib/medium-2/neos-4387871-tavua.mps with config: /scratch/yorig/mpils-results-grid-ticks-10000-7may/medium-2/24proc-2pils/seed-3/1_neos-4387871-tavua_seed-3_20260510_030629/iterated_local_search/run_5_worker_2/parallel_2_1.prm
[INFO]:[03:14:00] CPLEX results. Gap: 25.820000, upper bound: 34.556310, lower bound: 25.634831
[INFO]:[03:14:00] CPLEX solver finished. Gap: 25.820000
[INFO]:[03:14:00] Starting CPLEX solver on instance: /home/yorig/tuner/mpils-tests/instances/miplib/medium-2/neos-4387871-tavua.mps with config: /scratch/yorig/mpils-results-grid-ticks-10000-7may/medium-2/24proc-2pils/seed-3/1_neos-4387871-tavua_seed-3_20260510_030629/iterated_local_search/run_5_worker_2/parallel_4_1.prm
[INFO]:[03:14:07] CPLEX results. Gap: 29.720000, upper bound: 33.556310, lower bound: 23.583768
[INFO]:[03:14:07] CPLEX solver finished. Gap: 29.720000
[INFO]:[03:14:07] Starting CPLEX solver on instance: /home/yorig/tuner/mpils-tests/instances/miplib/medium-2/neos-4387871-tavua.mps with config: /scratch/yorig/mpils-results-grid-ticks-10000-7may/medium-2/24proc-2pils/seed-3/1_neos-4387871-tavua_seed-3_20260510_030629/iterated_local_search/run_5_worker_2/parallel_6_1.prm
[INFO]:[03:14:14] CPLEX results. Gap: 62.840000, upper bound: 64.769460, lower bound: 24.066530
[INFO]:[03:14:14] CPLEX solver finished. Gap: 62.840000
[INFO]:[03:14:14] Starting CPLEX solver on instance: /home/yorig/tuner/mpils-tests/instances/miplib/medium-2/neos-4387871-tavua.mps with config: /scratch/yorig/mpils-results-grid-ticks-10000-7may/medium-2/24proc-2pils/seed-3/1_neos-4387871-tavua_seed-3_20260510_030629/iterated_local_search/run_5_worker_2/parallel_8_1.prm
[INFO]:[03:14:20] CPLEX results. Gap: 30.330000, upper bound: 34.556310, lower bound: 24.074757
[INFO]:[03:14:20] CPLEX solver finished. Gap: 30.330000
[INFO]:[03:14:21] Worker (ils_group_rank=1) exiting parallel ILS evaluation service.
[INFO]:[03:14:25] Worker 3 completed exploration phase.
[INFO]:[03:14:25] Worker 3 received order for step 2.
[INFO]:[03:14:25] Worker 3 running expansion phase for iteration 5.
[INFO]:[03:14:25] Worker 3 will use solver log file: /scratch/yorig/mpils-results-grid-ticks-10000-7may/medium-2/24proc-2pils/seed-3/1_neos-4387871-tavua_seed-3_20260510_030629/solver/cplex.log_iteration_expansion_5_worker_3
[INFO]:[03:14:25] Expansion Worker 3 starting expansion for iteration 5.
[INFO]:[03:14:25] Starting CPLEX solver on instance: /home/yorig/tuner/mpils-tests/instances/miplib/medium-2/neos-4387871-tavua.mps with config: /scratch/yorig/mpils-results-grid-ticks-10000-7may/medium-2/24proc-2pils/seed-3/1_neos-4387871-tavua_seed-3_20260510_030629/expansion/config_param_CPXPARAM_Preprocessing_Dependency_1_iter_5.prm
[INFO]:[03:14:31] CPLEX results. Gap: 33.130000, upper bound: 34.556310, lower bound: 23.109196
[INFO]:[03:14:31] CPLEX solver finished. Gap: 33.130000
[INFO]:[03:14:38] Expansion Worker 3 completed expansion.
[INFO]:[03:14:38] Worker 3 completed expansion phase.
[INFO]:[03:14:39] Worker 3 received order for step 1.
[INFO]:[03:14:39] Worker 3 running exploration phase for iteration 6.
[INFO]:[03:14:39] Worker 3 at iteration 6 will not use a MIP start file. Current best MIP-start upper bound threshold is 1.79769e+308.
[INFO]:[03:14:39] Starting local search phase...
[INFO]:[03:14:39] Worker (ils_group_rank=1) entering parallel ILS evaluation service.
[INFO]:[03:14:39] Starting CPLEX solver on instance: /home/yorig/tuner/mpils-tests/instances/miplib/medium-2/neos-4387871-tavua.mps with config: /scratch/yorig/mpils-results-grid-ticks-10000-7may/medium-2/24proc-2pils/seed-3/1_neos-4387871-tavua_seed-3_20260510_030629/iterated_local_search/run_6_worker_2/parallel_0_1.prm
[WARN]:[03:14:45] CPLEX finished without a primal feasible solution for config /scratch/yorig/mpils-results-grid-ticks-10000-7may/medium-2/24proc-2pils/seed-3/1_neos-4387871-tavua_seed-3_20260510_030629/iterated_local_search/run_6_worker_2/parallel_0_1.prm.
[INFO]:[03:14:45] CPLEX results. Gap: unavailable, upper bound: null, lower bound: 22.052048
[INFO]:[03:14:45] CPLEX solver finished. Gap: 179769313486231570814527423731704356798070567525844996598917476803157260780028538760589558632766878171540458953514382464234321326889464182768467546703537516986049910576551282076245490090389328944075868508455133942304583236903222948165808559332123348274797826204144723168738177180919299881250404026184124858368.000000
[INFO]:[03:14:45] Starting CPLEX solver on instance: /home/yorig/tuner/mpils-tests/instances/miplib/medium-2/neos-4387871-tavua.mps with config: /scratch/yorig/mpils-results-grid-ticks-10000-7may/medium-2/24proc-2pils/seed-3/1_neos-4387871-tavua_seed-3_20260510_030629/iterated_local_search/run_6_worker_2/parallel_2_1.prm
[INFO]:[03:14:52] CPLEX results. Gap: 49.260000, upper bound: 34.556310, lower bound: 17.535581
[INFO]:[03:14:52] CPLEX solver finished. Gap: 49.260000
[INFO]:[03:14:52] Starting CPLEX solver on instance: /home/yorig/tuner/mpils-tests/instances/miplib/medium-2/neos-4387871-tavua.mps with config: /scratch/yorig/mpils-results-grid-ticks-10000-7may/medium-2/24proc-2pils/seed-3/1_neos-4387871-tavua_seed-3_20260510_030629/iterated_local_search/run_6_worker_2/parallel_4_1.prm
[INFO]:[03:14:58] CPLEX results. Gap: 32.290000, upper bound: 34.384730, lower bound: 23.280551
[INFO]:[03:14:58] CPLEX solver finished. Gap: 32.290000
[INFO]:[03:14:58] Starting CPLEX solver on instance: /home/yorig/tuner/mpils-tests/instances/miplib/medium-2/neos-4387871-tavua.mps with config: /scratch/yorig/mpils-results-grid-ticks-10000-7may/medium-2/24proc-2pils/seed-3/1_neos-4387871-tavua_seed-3_20260510_030629/iterated_local_search/run_6_worker_2/parallel_6_1.prm
[INFO]:[03:15:04] CPLEX results. Gap: 33.410000, upper bound: 34.384730, lower bound: 22.895206
[INFO]:[03:15:04] CPLEX solver finished. Gap: 33.410000
[INFO]:[03:15:04] Starting CPLEX solver on instance: /home/yorig/tuner/mpils-tests/instances/miplib/medium-2/neos-4387871-tavua.mps with config: /scratch/yorig/mpils-results-grid-ticks-10000-7may/medium-2/24proc-2pils/seed-3/1_neos-4387871-tavua_seed-3_20260510_030629/iterated_local_search/run_6_worker_2/parallel_8_1.prm
[INFO]:[03:15:10] CPLEX results. Gap: 32.290000, upper bound: 34.384730, lower bound: 23.280551
[INFO]:[03:15:10] CPLEX solver finished. Gap: 32.290000
[INFO]:[03:15:10] Starting CPLEX solver on instance: /home/yorig/tuner/mpils-tests/instances/miplib/medium-2/neos-4387871-tavua.mps with config: /scratch/yorig/mpils-results-grid-ticks-10000-7may/medium-2/24proc-2pils/seed-3/1_neos-4387871-tavua_seed-3_20260510_030629/iterated_local_search/run_6_worker_2/parallel_10_1.prm
[INFO]:[03:15:16] CPLEX results. Gap: 50.000000, upper bound: 38.798940, lower bound: 19.400613
[INFO]:[03:15:16] CPLEX solver finished. Gap: 50.000000
[INFO]:[03:15:16] Starting CPLEX solver on instance: /home/yorig/tuner/mpils-tests/instances/miplib/medium-2/neos-4387871-tavua.mps with config: /scratch/yorig/mpils-results-grid-ticks-10000-7may/medium-2/24proc-2pils/seed-3/1_neos-4387871-tavua_seed-3_20260510_030629/iterated_local_search/run_6_worker_2/parallel_12_1.prm
[INFO]:[03:15:22] CPLEX results. Gap: 32.290000, upper bound: 34.384730, lower bound: 23.280551
[INFO]:[03:15:22] CPLEX solver finished. Gap: 32.290000
[INFO]:[03:15:22] Starting CPLEX solver on instance: /home/yorig/tuner/mpils-tests/instances/miplib/medium-2/neos-4387871-tavua.mps with config: /scratch/yorig/mpils-results-grid-ticks-10000-7may/medium-2/24proc-2pils/seed-3/1_neos-4387871-tavua_seed-3_20260510_030629/iterated_local_search/run_6_worker_2/parallel_14_1.prm
[INFO]:[03:15:28] CPLEX results. Gap: 32.290000, upper bound: 34.384730, lower bound: 23.280551
[INFO]:[03:15:28] CPLEX solver finished. Gap: 32.290000
[INFO]:[03:15:28] Starting CPLEX solver on instance: /home/yorig/tuner/mpils-tests/instances/miplib/medium-2/neos-4387871-tavua.mps with config: /scratch/yorig/mpils-results-grid-ticks-10000-7may/medium-2/24proc-2pils/seed-3/1_neos-4387871-tavua_seed-3_20260510_030629/iterated_local_search/run_6_worker_2/parallel_16_1.prm
[INFO]:[03:15:34] CPLEX results. Gap: 32.860000, upper bound: 34.556310, lower bound: 23.201901
[INFO]:[03:15:34] CPLEX solver finished. Gap: 32.860000
[INFO]:[03:15:34] Worker (ils_group_rank=1) exiting parallel ILS evaluation service.
[INFO]:[03:19:03] Worker 3 completed exploration phase.
[INFO]:[03:19:03] Worker 3 received order for step 2.
[INFO]:[03:19:03] Worker 3 running expansion phase for iteration 6.
[INFO]:[03:19:03] Worker 3 will use solver log file: /scratch/yorig/mpils-results-grid-ticks-10000-7may/medium-2/24proc-2pils/seed-3/1_neos-4387871-tavua_seed-3_20260510_030629/solver/cplex.log_iteration_expansion_6_worker_3
[INFO]:[03:19:03] Expansion Worker 3 starting expansion for iteration 6.
[INFO]:[03:19:03] Starting CPLEX solver on instance: /home/yorig/tuner/mpils-tests/instances/miplib/medium-2/neos-4387871-tavua.mps with config: /scratch/yorig/mpils-results-grid-ticks-10000-7may/medium-2/24proc-2pils/seed-3/1_neos-4387871-tavua_seed-3_20260510_030629/expansion/config_param_CPXPARAM_Preprocessing_RepeatPresolve_1_iter_6.prm
[INFO]:[03:19:09] CPLEX results. Gap: 24.000000, upper bound: 34.142100, lower bound: 25.949451
[INFO]:[03:19:09] CPLEX solver finished. Gap: 24.000000
[INFO]:[03:19:10] Starting CPLEX solver on instance: /home/yorig/tuner/mpils-tests/instances/miplib/medium-2/neos-4387871-tavua.mps with config: /scratch/yorig/mpils-results-grid-ticks-10000-7may/medium-2/24proc-2pils/seed-3/1_neos-4387871-tavua_seed-3_20260510_030629/expansion/config_param_CPXPARAM_MIP_Limits_StrongCand_5_iter_6.prm
[INFO]:[03:19:16] CPLEX results. Gap: 21.970000, upper bound: 33.556310, lower bound: 26.183690
[INFO]:[03:19:16] CPLEX solver finished. Gap: 21.970000
[INFO]:[03:19:16] Expansion Worker 3 completed expansion.
[INFO]:[03:19:16] Worker 3 completed expansion phase.
[INFO]:[03:19:18] Worker 3 received order for step 1.
[INFO]:[03:19:18] Worker 3 running exploration phase for iteration 7.
[INFO]:[03:19:18] Worker 3 at iteration 7 will not use a MIP start file. Current best MIP-start upper bound threshold is 1.79769e+308.
[INFO]:[03:19:18] Starting local search phase...
[INFO]:[03:19:18] Worker (ils_group_rank=1) entering parallel ILS evaluation service.
[INFO]:[03:19:18] Starting CPLEX solver on instance: /home/yorig/tuner/mpils-tests/instances/miplib/medium-2/neos-4387871-tavua.mps with config: /scratch/yorig/mpils-results-grid-ticks-10000-7may/medium-2/24proc-2pils/seed-3/1_neos-4387871-tavua_seed-3_20260510_030629/iterated_local_search/run_7_worker_2/parallel_0_1.prm
[WARN]:[03:19:23] CPLEX finished without a primal feasible solution for config /scratch/yorig/mpils-results-grid-ticks-10000-7may/medium-2/24proc-2pils/seed-3/1_neos-4387871-tavua_seed-3_20260510_030629/iterated_local_search/run_7_worker_2/parallel_0_1.prm.
[INFO]:[03:19:23] CPLEX results. Gap: unavailable, upper bound: null, lower bound: 20.817167
[INFO]:[03:19:23] CPLEX solver finished. Gap: 179769313486231570814527423731704356798070567525844996598917476803157260780028538760589558632766878171540458953514382464234321326889464182768467546703537516986049910576551282076245490090389328944075868508455133942304583236903222948165808559332123348274797826204144723168738177180919299881250404026184124858368.000000
[INFO]:[03:19:25] Starting CPLEX solver on instance: /home/yorig/tuner/mpils-tests/instances/miplib/medium-2/neos-4387871-tavua.mps with config: /scratch/yorig/mpils-results-grid-ticks-10000-7may/medium-2/24proc-2pils/seed-3/1_neos-4387871-tavua_seed-3_20260510_030629/iterated_local_search/run_7_worker_2/parallel_2_1.prm
[INFO]:[03:19:31] CPLEX results. Gap: 45.060000, upper bound: 33.970520, lower bound: 18.665082
[INFO]:[03:19:31] CPLEX solver finished. Gap: 45.060000
[INFO]:[03:19:32] Starting CPLEX solver on instance: /home/yorig/tuner/mpils-tests/instances/miplib/medium-2/neos-4387871-tavua.mps with config: /scratch/yorig/mpils-results-grid-ticks-10000-7may/medium-2/24proc-2pils/seed-3/1_neos-4387871-tavua_seed-3_20260510_030629/iterated_local_search/run_7_worker_2/parallel_4_1.prm
[INFO]:[03:19:38] CPLEX results. Gap: 44.120000, upper bound: 35.384730, lower bound: 19.774343
[INFO]:[03:19:38] CPLEX solver finished. Gap: 44.120000
[INFO]:[03:19:40] Starting CPLEX solver on instance: /home/yorig/tuner/mpils-tests/instances/miplib/medium-2/neos-4387871-tavua.mps with config: /scratch/yorig/mpils-results-grid-ticks-10000-7may/medium-2/24proc-2pils/seed-3/1_neos-4387871-tavua_seed-3_20260510_030629/iterated_local_search/run_7_worker_2/parallel_6_1.prm
[INFO]:[03:19:47] CPLEX results. Gap: 39.180000, upper bound: 33.970520, lower bound: 20.661598
[INFO]:[03:19:47] CPLEX solver finished. Gap: 39.180000
[INFO]:[03:19:48] Starting CPLEX solver on instance: /home/yorig/tuner/mpils-tests/instances/miplib/medium-2/neos-4387871-tavua.mps with config: /scratch/yorig/mpils-results-grid-ticks-10000-7may/medium-2/24proc-2pils/seed-3/1_neos-4387871-tavua_seed-3_20260510_030629/iterated_local_search/run_7_worker_2/parallel_8_1.prm
[INFO]:[03:19:56] CPLEX results. Gap: 37.490000, upper bound: 33.970520, lower bound: 21.235792
[INFO]:[03:19:56] CPLEX solver finished. Gap: 37.490000
[INFO]:[03:19:56] Starting CPLEX solver on instance: /home/yorig/tuner/mpils-tests/instances/miplib/medium-2/neos-4387871-tavua.mps with config: /scratch/yorig/mpils-results-grid-ticks-10000-7may/medium-2/24proc-2pils/seed-3/1_neos-4387871-tavua_seed-3_20260510_030629/iterated_local_search/run_7_worker_2/parallel_10_1.prm
[INFO]:[03:20:04] CPLEX results. Gap: 37.970000, upper bound: 33.798940, lower bound: 20.965662
[INFO]:[03:20:04] CPLEX solver finished. Gap: 37.970000
[INFO]:[03:20:04] Starting CPLEX solver on instance: /home/yorig/tuner/mpils-tests/instances/miplib/medium-2/neos-4387871-tavua.mps with config: /scratch/yorig/mpils-results-grid-ticks-10000-7may/medium-2/24proc-2pils/seed-3/1_neos-4387871-tavua_seed-3_20260510_030629/iterated_local_search/run_7_worker_2/parallel_12_1.prm
[INFO]:[03:20:09] CPLEX results. Gap: 33.990000, upper bound: 33.970520, lower bound: 22.423189
[INFO]:[03:20:09] CPLEX solver finished. Gap: 33.990000
[INFO]:[03:20:12] Starting CPLEX solver on instance: /home/yorig/tuner/mpils-tests/instances/miplib/medium-2/neos-4387871-tavua.mps with config: /scratch/yorig/mpils-results-grid-ticks-10000-7may/medium-2/24proc-2pils/seed-3/1_neos-4387871-tavua_seed-3_20260510_030629/iterated_local_search/run_7_worker_2/parallel_14_1.prm
[INFO]:[03:20:17] CPLEX results. Gap: 33.990000, upper bound: 33.970520, lower bound: 22.423189
[INFO]:[03:20:17] CPLEX solver finished. Gap: 33.990000
[INFO]:[03:20:17] Starting CPLEX solver on instance: /home/yorig/tuner/mpils-tests/instances/miplib/medium-2/neos-4387871-tavua.mps with config: /scratch/yorig/mpils-results-grid-ticks-10000-7may/medium-2/24proc-2pils/seed-3/1_neos-4387871-tavua_seed-3_20260510_030629/iterated_local_search/run_7_worker_2/parallel_16_1.prm
[INFO]:[03:20:23] CPLEX results. Gap: 33.990000, upper bound: 33.970520, lower bound: 22.423189
[INFO]:[03:20:23] CPLEX solver finished. Gap: 33.990000
[INFO]:[03:20:23] Starting CPLEX solver on instance: /home/yorig/tuner/mpils-tests/instances/miplib/medium-2/neos-4387871-tavua.mps with config: /scratch/yorig/mpils-results-grid-ticks-10000-7may/medium-2/24proc-2pils/seed-3/1_neos-4387871-tavua_seed-3_20260510_030629/iterated_local_search/run_7_worker_2/parallel_18_1.prm
[INFO]:[03:20:28] CPLEX results. Gap: 34.810000, upper bound: 33.970520, lower bound: 22.145864
[INFO]:[03:20:28] CPLEX solver finished. Gap: 34.810000
[INFO]:[03:20:28] Starting CPLEX solver on instance: /home/yorig/tuner/mpils-tests/instances/miplib/medium-2/neos-4387871-tavua.mps with config: /scratch/yorig/mpils-results-grid-ticks-10000-7may/medium-2/24proc-2pils/seed-3/1_neos-4387871-tavua_seed-3_20260510_030629/iterated_local_search/run_7_worker_2/parallel_20_1.prm
[INFO]:[03:20:34] CPLEX results. Gap: 37.120000, upper bound: 33.970520, lower bound: 21.359748
[INFO]:[03:20:34] CPLEX solver finished. Gap: 37.120000
[INFO]:[03:20:34] Starting CPLEX solver on instance: /home/yorig/tuner/mpils-tests/instances/miplib/medium-2/neos-4387871-tavua.mps with config: /scratch/yorig/mpils-results-grid-ticks-10000-7may/medium-2/24proc-2pils/seed-3/1_neos-4387871-tavua_seed-3_20260510_030629/iterated_local_search/run_7_worker_2/parallel_22_1.prm
[INFO]:[03:20:39] CPLEX results. Gap: 35.080000, upper bound: 34.727890, lower bound: 22.544872
[INFO]:[03:20:39] CPLEX solver finished. Gap: 35.080000
[INFO]:[03:20:40] Starting CPLEX solver on instance: /home/yorig/tuner/mpils-tests/instances/miplib/medium-2/neos-4387871-tavua.mps with config: /scratch/yorig/mpils-results-grid-ticks-10000-7may/medium-2/24proc-2pils/seed-3/1_neos-4387871-tavua_seed-3_20260510_030629/iterated_local_search/run_7_worker_2/parallel_24_1.prm
[INFO]:[03:20:45] CPLEX results. Gap: 35.880000, upper bound: 33.970520, lower bound: 21.781047
[INFO]:[03:20:45] CPLEX solver finished. Gap: 35.880000
[INFO]:[03:20:45] Starting CPLEX solver on instance: /home/yorig/tuner/mpils-tests/instances/miplib/medium-2/neos-4387871-tavua.mps with config: /scratch/yorig/mpils-results-grid-ticks-10000-7may/medium-2/24proc-2pils/seed-3/1_neos-4387871-tavua_seed-3_20260510_030629/iterated_local_search/run_7_worker_2/parallel_26_1.prm
[INFO]:[03:20:50] CPLEX results. Gap: 32.810000, upper bound: 34.142100, lower bound: 22.938793
[INFO]:[03:20:50] CPLEX solver finished. Gap: 32.810000
[INFO]:[03:20:50] Worker (ils_group_rank=1) exiting parallel ILS evaluation service.
[INFO]:[03:20:54] Worker 3 completed exploration phase.
[INFO]:[03:20:55] Worker 3 received order for step 3.
[INFO]:[03:20:55] Worker 3 finished.
