[INFO]:[03:26:29] Worker 21 starting.
[INFO]:[03:26:29] Worker 21 received order for step 1.
[INFO]:[03:26:29] Worker 21 running exploration phase for iteration 1.
[INFO]:[03:26:29] Worker 21 at iteration 1 will not use a MIP start file. Current best MIP-start upper bound threshold is 1.79769e+308.
[INFO]:[03:26:29] Starting local search phase...
[INFO]:[03:26:29] Worker (ils_group_rank=1) entering parallel ILS evaluation service.
[INFO]:[03:26:29] Starting CPLEX solver on instance: /home/yorig/tuner/mpils-tests/instances/miplib/medium-1/cvs16r128-89.mps with config: /scratch/yorig/mpils-results-grid-ticks-10000-7may/medium-1/24proc-2pils/seed-5/4_cvs16r128-89_seed-5_20260510_032628/iterated_local_search/run_1_worker_20/parallel_0_1.prm
[INFO]:[03:26:34] CPLEX results. Gap: 40.660000, upper bound: -91.000000, lower bound: -128.000000
[INFO]:[03:26:34] CPLEX solver finished. Gap: 40.660000
[INFO]:[03:26:34] Starting CPLEX solver on instance: /home/yorig/tuner/mpils-tests/instances/miplib/medium-1/cvs16r128-89.mps with config: /scratch/yorig/mpils-results-grid-ticks-10000-7may/medium-1/24proc-2pils/seed-5/4_cvs16r128-89_seed-5_20260510_032628/iterated_local_search/run_1_worker_20/parallel_2_1.prm
[INFO]:[03:26:40] CPLEX results. Gap: 36.440000, upper bound: -90.000000, lower bound: -122.799297
[INFO]:[03:26:40] CPLEX solver finished. Gap: 36.440000
[INFO]:[03:26:40] Starting CPLEX solver on instance: /home/yorig/tuner/mpils-tests/instances/miplib/medium-1/cvs16r128-89.mps with config: /scratch/yorig/mpils-results-grid-ticks-10000-7may/medium-1/24proc-2pils/seed-5/4_cvs16r128-89_seed-5_20260510_032628/iterated_local_search/run_1_worker_20/parallel_4_1.prm
[INFO]:[03:26:45] CPLEX results. Gap: 32.420000, upper bound: -92.000000, lower bound: -121.829212
[INFO]:[03:26:45] CPLEX solver finished. Gap: 32.420000
[INFO]:[03:26:46] Starting CPLEX solver on instance: /home/yorig/tuner/mpils-tests/instances/miplib/medium-1/cvs16r128-89.mps with config: /scratch/yorig/mpils-results-grid-ticks-10000-7may/medium-1/24proc-2pils/seed-5/4_cvs16r128-89_seed-5_20260510_032628/iterated_local_search/run_1_worker_20/parallel_6_1.prm
[INFO]:[03:26:52] CPLEX results. Gap: 28.100000, upper bound: -91.000000, lower bound: -116.569281
[INFO]:[03:26:52] CPLEX solver finished. Gap: 28.100000
[INFO]:[03:26:53] Starting CPLEX solver on instance: /home/yorig/tuner/mpils-tests/instances/miplib/medium-1/cvs16r128-89.mps with config: /scratch/yorig/mpils-results-grid-ticks-10000-7may/medium-1/24proc-2pils/seed-5/4_cvs16r128-89_seed-5_20260510_032628/iterated_local_search/run_1_worker_20/parallel_8_1.prm
[INFO]:[03:26:59] CPLEX results. Gap: 28.100000, upper bound: -91.000000, lower bound: -116.569281
[INFO]:[03:26:59] CPLEX solver finished. Gap: 28.100000
[INFO]:[03:26:59] Starting CPLEX solver on instance: /home/yorig/tuner/mpils-tests/instances/miplib/medium-1/cvs16r128-89.mps with config: /scratch/yorig/mpils-results-grid-ticks-10000-7may/medium-1/24proc-2pils/seed-5/4_cvs16r128-89_seed-5_20260510_032628/iterated_local_search/run_1_worker_20/parallel_10_1.prm
[INFO]:[03:27:05] CPLEX results. Gap: 28.100000, upper bound: -91.000000, lower bound: -116.569281
[INFO]:[03:27:05] CPLEX solver finished. Gap: 28.100000
[INFO]:[03:27:05] Starting CPLEX solver on instance: /home/yorig/tuner/mpils-tests/instances/miplib/medium-1/cvs16r128-89.mps with config: /scratch/yorig/mpils-results-grid-ticks-10000-7may/medium-1/24proc-2pils/seed-5/4_cvs16r128-89_seed-5_20260510_032628/iterated_local_search/run_1_worker_20/parallel_12_1.prm
[INFO]:[03:27:11] CPLEX results. Gap: 28.100000, upper bound: -91.000000, lower bound: -116.569281
[INFO]:[03:27:11] CPLEX solver finished. Gap: 28.100000
[INFO]:[03:27:11] Starting CPLEX solver on instance: /home/yorig/tuner/mpils-tests/instances/miplib/medium-1/cvs16r128-89.mps with config: /scratch/yorig/mpils-results-grid-ticks-10000-7may/medium-1/24proc-2pils/seed-5/4_cvs16r128-89_seed-5_20260510_032628/iterated_local_search/run_1_worker_20/parallel_14_1.prm
[INFO]:[03:27:17] CPLEX results. Gap: 25.500000, upper bound: -93.000000, lower bound: -116.716467
[INFO]:[03:27:17] CPLEX solver finished. Gap: 25.500000
[INFO]:[03:27:17] Starting CPLEX solver on instance: /home/yorig/tuner/mpils-tests/instances/miplib/medium-1/cvs16r128-89.mps with config: /scratch/yorig/mpils-results-grid-ticks-10000-7may/medium-1/24proc-2pils/seed-5/4_cvs16r128-89_seed-5_20260510_032628/iterated_local_search/run_1_worker_20/parallel_16_1.prm
[INFO]:[03:27:23] CPLEX results. Gap: 25.500000, upper bound: -93.000000, lower bound: -116.716467
[INFO]:[03:27:23] CPLEX solver finished. Gap: 25.500000
[INFO]:[03:27:23] Starting CPLEX solver on instance: /home/yorig/tuner/mpils-tests/instances/miplib/medium-1/cvs16r128-89.mps with config: /scratch/yorig/mpils-results-grid-ticks-10000-7may/medium-1/24proc-2pils/seed-5/4_cvs16r128-89_seed-5_20260510_032628/iterated_local_search/run_1_worker_20/parallel_18_1.prm
[INFO]:[03:27:28] CPLEX results. Gap: 27.410000, upper bound: -93.000000, lower bound: -118.491671
[INFO]:[03:27:28] CPLEX solver finished. Gap: 27.410000
[INFO]:[03:27:28] Worker (ils_group_rank=1) exiting parallel ILS evaluation service.
[INFO]:[03:27:28] Worker 21 completed exploration phase.
[INFO]:[03:27:29] Worker 21 received order for step 2.
[INFO]:[03:27:29] Worker 21 running expansion phase for iteration 1.
[INFO]:[03:27:29] Worker 21 will use solver log file: /scratch/yorig/mpils-results-grid-ticks-10000-7may/medium-1/24proc-2pils/seed-5/4_cvs16r128-89_seed-5_20260510_032628/solver/cplex.log_iteration_expansion_1_worker_21
[INFO]:[03:27:29] Expansion Worker 21 starting expansion for iteration 1.
[INFO]:[03:27:29] Starting CPLEX solver on instance: /home/yorig/tuner/mpils-tests/instances/miplib/medium-1/cvs16r128-89.mps with config: /scratch/yorig/mpils-results-grid-ticks-10000-7may/medium-1/24proc-2pils/seed-5/4_cvs16r128-89_seed-5_20260510_032628/expansion/config_param_CPXPARAM_MIP_Limits_ProbeTime_2_iter_1.prm
[INFO]:[03:27:34] CPLEX results. Gap: 23.600000, upper bound: -95.000000, lower bound: -117.424581
[INFO]:[03:27:34] CPLEX solver finished. Gap: 23.600000
[INFO]:[03:27:35] Starting CPLEX solver on instance: /home/yorig/tuner/mpils-tests/instances/miplib/medium-1/cvs16r128-89.mps with config: /scratch/yorig/mpils-results-grid-ticks-10000-7may/medium-1/24proc-2pils/seed-5/4_cvs16r128-89_seed-5_20260510_032628/expansion/config_param_CPXPARAM_MIP_Strategy_BBInterval_15_iter_1.prm
[INFO]:[03:27:40] CPLEX results. Gap: 23.600000, upper bound: -95.000000, lower bound: -117.424581
[INFO]:[03:27:40] CPLEX solver finished. Gap: 23.600000
[INFO]:[03:27:46] Expansion Worker 21 completed expansion.
[INFO]:[03:27:46] Worker 21 completed expansion phase.
[INFO]:[03:27:46] Worker 21 received order for step 1.
[INFO]:[03:27:46] Worker 21 running exploration phase for iteration 2.
[INFO]:[03:27:46] Worker 21 at iteration 2 will not use a MIP start file. Current best MIP-start upper bound threshold is 1.79769e+308.
[INFO]:[03:27:46] Starting local search phase...
[INFO]:[03:27:46] Worker (ils_group_rank=1) entering parallel ILS evaluation service.
[INFO]:[03:27:46] Starting CPLEX solver on instance: /home/yorig/tuner/mpils-tests/instances/miplib/medium-1/cvs16r128-89.mps with config: /scratch/yorig/mpils-results-grid-ticks-10000-7may/medium-1/24proc-2pils/seed-5/4_cvs16r128-89_seed-5_20260510_032628/iterated_local_search/run_2_worker_20/parallel_0_1.prm
[INFO]:[03:27:52] CPLEX results. Gap: 36.000000, upper bound: -89.000000, lower bound: -121.035714
[INFO]:[03:27:52] CPLEX solver finished. Gap: 36.000000
[INFO]:[03:27:52] Starting CPLEX solver on instance: /home/yorig/tuner/mpils-tests/instances/miplib/medium-1/cvs16r128-89.mps with config: /scratch/yorig/mpils-results-grid-ticks-10000-7may/medium-1/24proc-2pils/seed-5/4_cvs16r128-89_seed-5_20260510_032628/iterated_local_search/run_2_worker_20/parallel_2_1.prm
[INFO]:[03:27:57] CPLEX results. Gap: 36.000000, upper bound: -89.000000, lower bound: -121.035714
[INFO]:[03:27:57] CPLEX solver finished. Gap: 36.000000
[INFO]:[03:27:57] Starting CPLEX solver on instance: /home/yorig/tuner/mpils-tests/instances/miplib/medium-1/cvs16r128-89.mps with config: /scratch/yorig/mpils-results-grid-ticks-10000-7may/medium-1/24proc-2pils/seed-5/4_cvs16r128-89_seed-5_20260510_032628/iterated_local_search/run_2_worker_20/parallel_4_1.prm
[INFO]:[03:28:02] CPLEX results. Gap: 36.000000, upper bound: -89.000000, lower bound: -121.035714
[INFO]:[03:28:02] CPLEX solver finished. Gap: 36.000000
[INFO]:[03:28:02] Worker (ils_group_rank=1) exiting parallel ILS evaluation service.
[INFO]:[03:28:07] Worker 21 completed exploration phase.
[INFO]:[03:28:07] Worker 21 received order for step 2.
[INFO]:[03:28:07] Worker 21 running expansion phase for iteration 2.
[INFO]:[03:28:07] Worker 21 will use solver log file: /scratch/yorig/mpils-results-grid-ticks-10000-7may/medium-1/24proc-2pils/seed-5/4_cvs16r128-89_seed-5_20260510_032628/solver/cplex.log_iteration_expansion_2_worker_21
[INFO]:[03:28:07] Expansion Worker 21 starting expansion for iteration 2.
[INFO]:[03:28:07] Starting CPLEX solver on instance: /home/yorig/tuner/mpils-tests/instances/miplib/medium-1/cvs16r128-89.mps with config: /scratch/yorig/mpils-results-grid-ticks-10000-7may/medium-1/24proc-2pils/seed-5/4_cvs16r128-89_seed-5_20260510_032628/expansion/config_param_CPXPARAM_MIP_Strategy_StartAlgorithm_1_iter_2.prm
[INFO]:[03:28:12] CPLEX results. Gap: 30.490000, upper bound: -93.000000, lower bound: -121.352518
[INFO]:[03:28:12] CPLEX solver finished. Gap: 30.490000
[INFO]:[03:28:14] Expansion Worker 21 stopping early after global MPI expansion stop was activated.
[INFO]:[03:28:14] Expansion Worker 21 completed expansion.
[INFO]:[03:28:14] Worker 21 completed expansion phase.
[INFO]:[03:28:14] Worker 21 received order for step 1.
[INFO]:[03:28:14] Worker 21 running exploration phase for iteration 3.
[INFO]:[03:28:14] Worker 21 at iteration 3 will not use a MIP start file. Current best MIP-start upper bound threshold is 1.79769e+308.
[INFO]:[03:28:14] Starting local search phase...
[INFO]:[03:28:14] Worker (ils_group_rank=1) entering parallel ILS evaluation service.
[INFO]:[03:28:14] Starting CPLEX solver on instance: /home/yorig/tuner/mpils-tests/instances/miplib/medium-1/cvs16r128-89.mps with config: /scratch/yorig/mpils-results-grid-ticks-10000-7may/medium-1/24proc-2pils/seed-5/4_cvs16r128-89_seed-5_20260510_032628/iterated_local_search/run_3_worker_20/parallel_0_1.prm
[INFO]:[03:28:19] CPLEX results. Gap: 37.480000, upper bound: -88.000000, lower bound: -120.985935
[INFO]:[03:28:19] CPLEX solver finished. Gap: 37.480000
[INFO]:[03:28:19] Starting CPLEX solver on instance: /home/yorig/tuner/mpils-tests/instances/miplib/medium-1/cvs16r128-89.mps with config: /scratch/yorig/mpils-results-grid-ticks-10000-7may/medium-1/24proc-2pils/seed-5/4_cvs16r128-89_seed-5_20260510_032628/iterated_local_search/run_3_worker_20/parallel_2_1.prm
[INFO]:[03:28:24] CPLEX results. Gap: 43.300000, upper bound: -88.000000, lower bound: -126.100343
[INFO]:[03:28:24] CPLEX solver finished. Gap: 43.300000
[INFO]:[03:28:24] Starting CPLEX solver on instance: /home/yorig/tuner/mpils-tests/instances/miplib/medium-1/cvs16r128-89.mps with config: /scratch/yorig/mpils-results-grid-ticks-10000-7may/medium-1/24proc-2pils/seed-5/4_cvs16r128-89_seed-5_20260510_032628/iterated_local_search/run_3_worker_20/parallel_4_1.prm
[INFO]:[03:28:30] CPLEX results. Gap: 31.320000, upper bound: -91.000000, lower bound: -119.496795
[INFO]:[03:28:30] CPLEX solver finished. Gap: 31.320000
[INFO]:[03:28:30] Starting CPLEX solver on instance: /home/yorig/tuner/mpils-tests/instances/miplib/medium-1/cvs16r128-89.mps with config: /scratch/yorig/mpils-results-grid-ticks-10000-7may/medium-1/24proc-2pils/seed-5/4_cvs16r128-89_seed-5_20260510_032628/iterated_local_search/run_3_worker_20/parallel_6_1.prm
[INFO]:[03:28:35] CPLEX results. Gap: 31.320000, upper bound: -91.000000, lower bound: -119.505214
[INFO]:[03:28:35] CPLEX solver finished. Gap: 31.320000
[INFO]:[03:28:35] Starting CPLEX solver on instance: /home/yorig/tuner/mpils-tests/instances/miplib/medium-1/cvs16r128-89.mps with config: /scratch/yorig/mpils-results-grid-ticks-10000-7may/medium-1/24proc-2pils/seed-5/4_cvs16r128-89_seed-5_20260510_032628/iterated_local_search/run_3_worker_20/parallel_8_1.prm
[INFO]:[03:28:40] CPLEX results. Gap: 32.490000, upper bound: -91.000000, lower bound: -120.563829
[INFO]:[03:28:40] CPLEX solver finished. Gap: 32.490000
[INFO]:[03:28:41] Starting CPLEX solver on instance: /home/yorig/tuner/mpils-tests/instances/miplib/medium-1/cvs16r128-89.mps with config: /scratch/yorig/mpils-results-grid-ticks-10000-7may/medium-1/24proc-2pils/seed-5/4_cvs16r128-89_seed-5_20260510_032628/iterated_local_search/run_3_worker_20/parallel_10_1.prm
[INFO]:[03:28:47] CPLEX results. Gap: 28.490000, upper bound: -93.000000, lower bound: -119.496795
[INFO]:[03:28:47] CPLEX solver finished. Gap: 28.490000
[INFO]:[03:28:47] Starting CPLEX solver on instance: /home/yorig/tuner/mpils-tests/instances/miplib/medium-1/cvs16r128-89.mps with config: /scratch/yorig/mpils-results-grid-ticks-10000-7may/medium-1/24proc-2pils/seed-5/4_cvs16r128-89_seed-5_20260510_032628/iterated_local_search/run_3_worker_20/parallel_12_1.prm
[INFO]:[03:28:53] CPLEX results. Gap: 28.490000, upper bound: -93.000000, lower bound: -119.496795
[INFO]:[03:28:53] CPLEX solver finished. Gap: 28.490000
[INFO]:[03:28:53] Starting CPLEX solver on instance: /home/yorig/tuner/mpils-tests/instances/miplib/medium-1/cvs16r128-89.mps with config: /scratch/yorig/mpils-results-grid-ticks-10000-7may/medium-1/24proc-2pils/seed-5/4_cvs16r128-89_seed-5_20260510_032628/iterated_local_search/run_3_worker_20/parallel_14_1.prm
[INFO]:[03:28:58] CPLEX results. Gap: 28.490000, upper bound: -93.000000, lower bound: -119.496795
[INFO]:[03:28:58] CPLEX solver finished. Gap: 28.490000
[INFO]:[03:28:58] Worker (ils_group_rank=1) exiting parallel ILS evaluation service.
[INFO]:[03:29:10] Worker 21 completed exploration phase.
[INFO]:[03:29:10] Worker 21 received order for step 2.
[INFO]:[03:29:10] Worker 21 running expansion phase for iteration 3.
[INFO]:[03:29:10] Worker 21 will use solver log file: /scratch/yorig/mpils-results-grid-ticks-10000-7may/medium-1/24proc-2pils/seed-5/4_cvs16r128-89_seed-5_20260510_032628/solver/cplex.log_iteration_expansion_3_worker_21
[INFO]:[03:29:10] Expansion Worker 21 starting expansion for iteration 3.
[INFO]:[03:29:10] Starting CPLEX solver on instance: /home/yorig/tuner/mpils-tests/instances/miplib/medium-1/cvs16r128-89.mps with config: /scratch/yorig/mpils-results-grid-ticks-10000-7may/medium-1/24proc-2pils/seed-5/4_cvs16r128-89_seed-5_20260510_032628/expansion/config_param_CPXPARAM_Simplex_DGradient_2_iter_3.prm
[INFO]:[03:29:17] CPLEX results. Gap: 19.540000, upper bound: -95.000000, lower bound: -113.565428
[INFO]:[03:29:17] CPLEX solver finished. Gap: 19.540000
[INFO]:[03:29:17] Expansion Worker 21 stopping early after global MPI expansion stop was activated.
[INFO]:[03:29:17] Expansion Worker 21 completed expansion.
[INFO]:[03:29:17] Worker 21 completed expansion phase.
[INFO]:[03:29:17] Worker 21 received order for step 1.
[INFO]:[03:29:17] Worker 21 running exploration phase for iteration 4.
[INFO]:[03:29:17] Worker 21 at iteration 4 will not use a MIP start file. Current best MIP-start upper bound threshold is 1.79769e+308.
[INFO]:[03:29:17] Starting local search phase...
[INFO]:[03:29:17] Worker (ils_group_rank=1) entering parallel ILS evaluation service.
[INFO]:[03:29:17] Starting CPLEX solver on instance: /home/yorig/tuner/mpils-tests/instances/miplib/medium-1/cvs16r128-89.mps with config: /scratch/yorig/mpils-results-grid-ticks-10000-7may/medium-1/24proc-2pils/seed-5/4_cvs16r128-89_seed-5_20260510_032628/iterated_local_search/run_4_worker_20/parallel_0_1.prm
[INFO]:[03:29:22] CPLEX results. Gap: 40.660000, upper bound: -91.000000, lower bound: -128.000000
[INFO]:[03:29:22] CPLEX solver finished. Gap: 40.660000
[INFO]:[03:29:22] Starting CPLEX solver on instance: /home/yorig/tuner/mpils-tests/instances/miplib/medium-1/cvs16r128-89.mps with config: /scratch/yorig/mpils-results-grid-ticks-10000-7may/medium-1/24proc-2pils/seed-5/4_cvs16r128-89_seed-5_20260510_032628/iterated_local_search/run_4_worker_20/parallel_2_1.prm
[INFO]:[03:29:27] CPLEX results. Gap: 28.270000, upper bound: -90.000000, lower bound: -115.441210
[INFO]:[03:29:27] CPLEX solver finished. Gap: 28.270000
[INFO]:[03:29:27] Starting CPLEX solver on instance: /home/yorig/tuner/mpils-tests/instances/miplib/medium-1/cvs16r128-89.mps with config: /scratch/yorig/mpils-results-grid-ticks-10000-7may/medium-1/24proc-2pils/seed-5/4_cvs16r128-89_seed-5_20260510_032628/iterated_local_search/run_4_worker_20/parallel_4_1.prm
[INFO]:[03:29:32] CPLEX results. Gap: 50.590000, upper bound: -85.000000, lower bound: -128.000000
[INFO]:[03:29:32] CPLEX solver finished. Gap: 50.590000
[INFO]:[03:29:32] Starting CPLEX solver on instance: /home/yorig/tuner/mpils-tests/instances/miplib/medium-1/cvs16r128-89.mps with config: /scratch/yorig/mpils-results-grid-ticks-10000-7may/medium-1/24proc-2pils/seed-5/4_cvs16r128-89_seed-5_20260510_032628/iterated_local_search/run_4_worker_20/parallel_6_1.prm
[INFO]:[03:29:37] CPLEX results. Gap: 28.270000, upper bound: -90.000000, lower bound: -115.441210
[INFO]:[03:29:37] CPLEX solver finished. Gap: 28.270000
[INFO]:[03:29:37] Starting CPLEX solver on instance: /home/yorig/tuner/mpils-tests/instances/miplib/medium-1/cvs16r128-89.mps with config: /scratch/yorig/mpils-results-grid-ticks-10000-7may/medium-1/24proc-2pils/seed-5/4_cvs16r128-89_seed-5_20260510_032628/iterated_local_search/run_4_worker_20/parallel_8_1.prm
[INFO]:[03:29:42] CPLEX results. Gap: 52.770000, upper bound: -75.000000, lower bound: -114.576819
[INFO]:[03:29:42] CPLEX solver finished. Gap: 52.770000
[INFO]:[03:29:42] Starting CPLEX solver on instance: /home/yorig/tuner/mpils-tests/instances/miplib/medium-1/cvs16r128-89.mps with config: /scratch/yorig/mpils-results-grid-ticks-10000-7may/medium-1/24proc-2pils/seed-5/4_cvs16r128-89_seed-5_20260510_032628/iterated_local_search/run_4_worker_20/parallel_10_1.prm
[INFO]:[03:29:47] CPLEX results. Gap: 28.270000, upper bound: -90.000000, lower bound: -115.441210
[INFO]:[03:29:47] CPLEX solver finished. Gap: 28.270000
[INFO]:[03:29:47] Starting CPLEX solver on instance: /home/yorig/tuner/mpils-tests/instances/miplib/medium-1/cvs16r128-89.mps with config: /scratch/yorig/mpils-results-grid-ticks-10000-7may/medium-1/24proc-2pils/seed-5/4_cvs16r128-89_seed-5_20260510_032628/iterated_local_search/run_4_worker_20/parallel_12_1.prm
[INFO]:[03:29:52] CPLEX results. Gap: 28.270000, upper bound: -90.000000, lower bound: -115.441210
[INFO]:[03:29:52] CPLEX solver finished. Gap: 28.270000
[INFO]:[03:29:52] Starting CPLEX solver on instance: /home/yorig/tuner/mpils-tests/instances/miplib/medium-1/cvs16r128-89.mps with config: /scratch/yorig/mpils-results-grid-ticks-10000-7may/medium-1/24proc-2pils/seed-5/4_cvs16r128-89_seed-5_20260510_032628/iterated_local_search/run_4_worker_20/parallel_14_1.prm
[INFO]:[03:29:57] CPLEX results. Gap: 28.270000, upper bound: -90.000000, lower bound: -115.441210
[INFO]:[03:29:57] CPLEX solver finished. Gap: 28.270000
[INFO]:[03:29:57] Starting CPLEX solver on instance: /home/yorig/tuner/mpils-tests/instances/miplib/medium-1/cvs16r128-89.mps with config: /scratch/yorig/mpils-results-grid-ticks-10000-7may/medium-1/24proc-2pils/seed-5/4_cvs16r128-89_seed-5_20260510_032628/iterated_local_search/run_4_worker_20/parallel_16_1.prm
[INFO]:[03:30:01] CPLEX results. Gap: 48.840000, upper bound: -86.000000, lower bound: -128.000000
[INFO]:[03:30:01] CPLEX solver finished. Gap: 48.840000
[INFO]:[03:30:01] Starting CPLEX solver on instance: /home/yorig/tuner/mpils-tests/instances/miplib/medium-1/cvs16r128-89.mps with config: /scratch/yorig/mpils-results-grid-ticks-10000-7may/medium-1/24proc-2pils/seed-5/4_cvs16r128-89_seed-5_20260510_032628/iterated_local_search/run_4_worker_20/parallel_18_1.prm
[INFO]:[03:30:06] CPLEX results. Gap: 28.270000, upper bound: -90.000000, lower bound: -115.441210
[INFO]:[03:30:06] CPLEX solver finished. Gap: 28.270000
[INFO]:[03:30:06] Starting CPLEX solver on instance: /home/yorig/tuner/mpils-tests/instances/miplib/medium-1/cvs16r128-89.mps with config: /scratch/yorig/mpils-results-grid-ticks-10000-7may/medium-1/24proc-2pils/seed-5/4_cvs16r128-89_seed-5_20260510_032628/iterated_local_search/run_4_worker_20/parallel_20_1.prm
[INFO]:[03:30:11] CPLEX results. Gap: 28.270000, upper bound: -90.000000, lower bound: -115.441210
[INFO]:[03:30:11] CPLEX solver finished. Gap: 28.270000
[INFO]:[03:30:11] Worker (ils_group_rank=1) exiting parallel ILS evaluation service.
[INFO]:[03:30:33] Worker 21 completed exploration phase.
[INFO]:[03:30:33] Worker 21 received order for step 2.
[INFO]:[03:30:33] Worker 21 running expansion phase for iteration 4.
[INFO]:[03:30:33] Worker 21 will use solver log file: /scratch/yorig/mpils-results-grid-ticks-10000-7may/medium-1/24proc-2pils/seed-5/4_cvs16r128-89_seed-5_20260510_032628/solver/cplex.log_iteration_expansion_4_worker_21
[INFO]:[03:30:33] Expansion Worker 21 starting expansion for iteration 4.
[INFO]:[03:30:33] Starting CPLEX solver on instance: /home/yorig/tuner/mpils-tests/instances/miplib/medium-1/cvs16r128-89.mps with config: /scratch/yorig/mpils-results-grid-ticks-10000-7may/medium-1/24proc-2pils/seed-5/4_cvs16r128-89_seed-5_20260510_032628/expansion/config_param_CPXPARAM_MIP_Limits_AggForCut_10_iter_4.prm
[INFO]:[03:30:40] CPLEX results. Gap: 17.150000, upper bound: -97.000000, lower bound: -113.633639
[INFO]:[03:30:40] CPLEX solver finished. Gap: 17.150000
[INFO]:[03:30:47] Expansion Worker 21 completed expansion.
[INFO]:[03:30:47] Worker 21 completed expansion phase.
[INFO]:[03:30:48] Worker 21 received order for step 1.
[INFO]:[03:30:48] Worker 21 running exploration phase for iteration 5.
[INFO]:[03:30:48] Worker 21 at iteration 5 will not use a MIP start file. Current best MIP-start upper bound threshold is 1.79769e+308.
[INFO]:[03:30:48] Starting local search phase...
[INFO]:[03:30:48] Worker (ils_group_rank=1) entering parallel ILS evaluation service.
[INFO]:[03:30:48] Starting CPLEX solver on instance: /home/yorig/tuner/mpils-tests/instances/miplib/medium-1/cvs16r128-89.mps with config: /scratch/yorig/mpils-results-grid-ticks-10000-7may/medium-1/24proc-2pils/seed-5/4_cvs16r128-89_seed-5_20260510_032628/iterated_local_search/run_5_worker_20/parallel_0_1.prm
[INFO]:[03:30:54] CPLEX results. Gap: 42.170000, upper bound: -86.000000, lower bound: -122.267425
[INFO]:[03:30:54] CPLEX solver finished. Gap: 42.170000
[INFO]:[03:30:54] Starting CPLEX solver on instance: /home/yorig/tuner/mpils-tests/instances/miplib/medium-1/cvs16r128-89.mps with config: /scratch/yorig/mpils-results-grid-ticks-10000-7may/medium-1/24proc-2pils/seed-5/4_cvs16r128-89_seed-5_20260510_032628/iterated_local_search/run_5_worker_20/parallel_2_1.prm
[INFO]:[03:30:59] CPLEX results. Gap: 32.220000, upper bound: -94.000000, lower bound: -124.285714
[INFO]:[03:30:59] CPLEX solver finished. Gap: 32.220000
[INFO]:[03:30:59] Starting CPLEX solver on instance: /home/yorig/tuner/mpils-tests/instances/miplib/medium-1/cvs16r128-89.mps with config: /scratch/yorig/mpils-results-grid-ticks-10000-7may/medium-1/24proc-2pils/seed-5/4_cvs16r128-89_seed-5_20260510_032628/iterated_local_search/run_5_worker_20/parallel_4_1.prm
[INFO]:[03:31:04] CPLEX results. Gap: 27.570000, upper bound: -93.000000, lower bound: -118.640000
[INFO]:[03:31:04] CPLEX solver finished. Gap: 27.570000
[INFO]:[03:31:05] Starting CPLEX solver on instance: /home/yorig/tuner/mpils-tests/instances/miplib/medium-1/cvs16r128-89.mps with config: /scratch/yorig/mpils-results-grid-ticks-10000-7may/medium-1/24proc-2pils/seed-5/4_cvs16r128-89_seed-5_20260510_032628/iterated_local_search/run_5_worker_20/parallel_6_1.prm
[INFO]:[03:31:10] CPLEX results. Gap: 27.570000, upper bound: -93.000000, lower bound: -118.640000
[INFO]:[03:31:10] CPLEX solver finished. Gap: 27.570000
[INFO]:[03:31:10] Starting CPLEX solver on instance: /home/yorig/tuner/mpils-tests/instances/miplib/medium-1/cvs16r128-89.mps with config: /scratch/yorig/mpils-results-grid-ticks-10000-7may/medium-1/24proc-2pils/seed-5/4_cvs16r128-89_seed-5_20260510_032628/iterated_local_search/run_5_worker_20/parallel_8_1.prm
[INFO]:[03:31:15] CPLEX results. Gap: 27.570000, upper bound: -93.000000, lower bound: -118.640000
[INFO]:[03:31:15] CPLEX solver finished. Gap: 27.570000
[INFO]:[03:31:15] Starting CPLEX solver on instance: /home/yorig/tuner/mpils-tests/instances/miplib/medium-1/cvs16r128-89.mps with config: /scratch/yorig/mpils-results-grid-ticks-10000-7may/medium-1/24proc-2pils/seed-5/4_cvs16r128-89_seed-5_20260510_032628/iterated_local_search/run_5_worker_20/parallel_10_1.prm
[INFO]:[03:31:20] CPLEX results. Gap: 31.060000, upper bound: -92.000000, lower bound: -120.571429
[INFO]:[03:31:20] CPLEX solver finished. Gap: 31.060000
[INFO]:[03:31:20] Starting CPLEX solver on instance: /home/yorig/tuner/mpils-tests/instances/miplib/medium-1/cvs16r128-89.mps with config: /scratch/yorig/mpils-results-grid-ticks-10000-7may/medium-1/24proc-2pils/seed-5/4_cvs16r128-89_seed-5_20260510_032628/iterated_local_search/run_5_worker_20/parallel_12_1.prm
[INFO]:[03:31:25] CPLEX results. Gap: 27.570000, upper bound: -93.000000, lower bound: -118.640000
[INFO]:[03:31:25] CPLEX solver finished. Gap: 27.570000
[INFO]:[03:31:25] Starting CPLEX solver on instance: /home/yorig/tuner/mpils-tests/instances/miplib/medium-1/cvs16r128-89.mps with config: /scratch/yorig/mpils-results-grid-ticks-10000-7may/medium-1/24proc-2pils/seed-5/4_cvs16r128-89_seed-5_20260510_032628/iterated_local_search/run_5_worker_20/parallel_14_1.prm
[INFO]:[03:31:30] CPLEX results. Gap: 28.650000, upper bound: -93.000000, lower bound: -119.649021
[INFO]:[03:31:30] CPLEX solver finished. Gap: 28.650000
[INFO]:[03:31:30] Starting CPLEX solver on instance: /home/yorig/tuner/mpils-tests/instances/miplib/medium-1/cvs16r128-89.mps with config: /scratch/yorig/mpils-results-grid-ticks-10000-7may/medium-1/24proc-2pils/seed-5/4_cvs16r128-89_seed-5_20260510_032628/iterated_local_search/run_5_worker_20/parallel_16_1.prm
[INFO]:[03:31:35] CPLEX results. Gap: 27.570000, upper bound: -93.000000, lower bound: -118.640000
[INFO]:[03:31:35] CPLEX solver finished. Gap: 27.570000
[INFO]:[03:31:35] Starting CPLEX solver on instance: /home/yorig/tuner/mpils-tests/instances/miplib/medium-1/cvs16r128-89.mps with config: /scratch/yorig/mpils-results-grid-ticks-10000-7may/medium-1/24proc-2pils/seed-5/4_cvs16r128-89_seed-5_20260510_032628/iterated_local_search/run_5_worker_20/parallel_18_1.prm
[INFO]:[03:31:41] CPLEX results. Gap: 27.570000, upper bound: -93.000000, lower bound: -118.640000
[INFO]:[03:31:41] CPLEX solver finished. Gap: 27.570000
[INFO]:[03:31:41] Starting CPLEX solver on instance: /home/yorig/tuner/mpils-tests/instances/miplib/medium-1/cvs16r128-89.mps with config: /scratch/yorig/mpils-results-grid-ticks-10000-7may/medium-1/24proc-2pils/seed-5/4_cvs16r128-89_seed-5_20260510_032628/iterated_local_search/run_5_worker_20/parallel_20_1.prm
[INFO]:[03:31:46] CPLEX results. Gap: 26.660000, upper bound: -95.000000, lower bound: -120.327869
[INFO]:[03:31:46] CPLEX solver finished. Gap: 26.660000
[INFO]:[03:31:46] Starting CPLEX solver on instance: /home/yorig/tuner/mpils-tests/instances/miplib/medium-1/cvs16r128-89.mps with config: /scratch/yorig/mpils-results-grid-ticks-10000-7may/medium-1/24proc-2pils/seed-5/4_cvs16r128-89_seed-5_20260510_032628/iterated_local_search/run_5_worker_20/parallel_22_1.prm
[INFO]:[03:31:51] CPLEX results. Gap: 22.270000, upper bound: -94.000000, lower bound: -114.932896
[INFO]:[03:31:51] CPLEX solver finished. Gap: 22.270000
[INFO]:[03:31:51] Starting CPLEX solver on instance: /home/yorig/tuner/mpils-tests/instances/miplib/medium-1/cvs16r128-89.mps with config: /scratch/yorig/mpils-results-grid-ticks-10000-7may/medium-1/24proc-2pils/seed-5/4_cvs16r128-89_seed-5_20260510_032628/iterated_local_search/run_5_worker_20/parallel_24_1.prm
[INFO]:[03:31:57] CPLEX results. Gap: 21.610000, upper bound: -94.000000, lower bound: -114.312207
[INFO]:[03:31:57] CPLEX solver finished. Gap: 21.610000
[INFO]:[03:31:57] Starting CPLEX solver on instance: /home/yorig/tuner/mpils-tests/instances/miplib/medium-1/cvs16r128-89.mps with config: /scratch/yorig/mpils-results-grid-ticks-10000-7may/medium-1/24proc-2pils/seed-5/4_cvs16r128-89_seed-5_20260510_032628/iterated_local_search/run_5_worker_20/parallel_26_1.prm
[INFO]:[03:32:04] CPLEX results. Gap: 21.610000, upper bound: -94.000000, lower bound: -114.312207
[INFO]:[03:32:04] CPLEX solver finished. Gap: 21.610000
[INFO]:[03:32:04] Starting CPLEX solver on instance: /home/yorig/tuner/mpils-tests/instances/miplib/medium-1/cvs16r128-89.mps with config: /scratch/yorig/mpils-results-grid-ticks-10000-7may/medium-1/24proc-2pils/seed-5/4_cvs16r128-89_seed-5_20260510_032628/iterated_local_search/run_5_worker_20/parallel_28_1.prm
[INFO]:[03:32:10] CPLEX results. Gap: 21.610000, upper bound: -94.000000, lower bound: -114.312207
[INFO]:[03:32:10] CPLEX solver finished. Gap: 21.610000
[INFO]:[03:32:10] Worker (ils_group_rank=1) exiting parallel ILS evaluation service.
[INFO]:[03:32:25] Worker 21 completed exploration phase.
[INFO]:[03:32:25] Worker 21 received order for step 2.
[INFO]:[03:32:25] Worker 21 running expansion phase for iteration 5.
[INFO]:[03:32:25] Worker 21 will use solver log file: /scratch/yorig/mpils-results-grid-ticks-10000-7may/medium-1/24proc-2pils/seed-5/4_cvs16r128-89_seed-5_20260510_032628/solver/cplex.log_iteration_expansion_5_worker_21
[INFO]:[03:32:25] Expansion Worker 21 starting expansion for iteration 5.
[INFO]:[03:32:25] Starting CPLEX solver on instance: /home/yorig/tuner/mpils-tests/instances/miplib/medium-1/cvs16r128-89.mps with config: /scratch/yorig/mpils-results-grid-ticks-10000-7may/medium-1/24proc-2pils/seed-5/4_cvs16r128-89_seed-5_20260510_032628/expansion/config_param_CPXPARAM_Network_Pricing_1_iter_5.prm
[INFO]:[03:32:32] CPLEX results. Gap: 17.150000, upper bound: -97.000000, lower bound: -113.633639
[INFO]:[03:32:32] CPLEX solver finished. Gap: 17.150000
[INFO]:[03:32:38] Expansion Worker 21 completed expansion.
[INFO]:[03:32:38] Worker 21 completed expansion phase.
[INFO]:[03:32:40] Worker 21 received order for step 1.
[INFO]:[03:32:40] Worker 21 running exploration phase for iteration 6.
[INFO]:[03:32:40] Worker 21 at iteration 6 will not use a MIP start file. Current best MIP-start upper bound threshold is 1.79769e+308.
[INFO]:[03:32:40] Starting local search phase...
[INFO]:[03:32:40] Worker (ils_group_rank=1) entering parallel ILS evaluation service.
[INFO]:[03:32:40] Starting CPLEX solver on instance: /home/yorig/tuner/mpils-tests/instances/miplib/medium-1/cvs16r128-89.mps with config: /scratch/yorig/mpils-results-grid-ticks-10000-7may/medium-1/24proc-2pils/seed-5/4_cvs16r128-89_seed-5_20260510_032628/iterated_local_search/run_6_worker_20/parallel_0_1.prm
[INFO]:[03:32:46] CPLEX results. Gap: 43.660000, upper bound: -89.000000, lower bound: -127.857143
[INFO]:[03:32:46] CPLEX solver finished. Gap: 43.660000
[INFO]:[03:32:46] Starting CPLEX solver on instance: /home/yorig/tuner/mpils-tests/instances/miplib/medium-1/cvs16r128-89.mps with config: /scratch/yorig/mpils-results-grid-ticks-10000-7may/medium-1/24proc-2pils/seed-5/4_cvs16r128-89_seed-5_20260510_032628/iterated_local_search/run_6_worker_20/parallel_2_1.prm
[INFO]:[03:32:52] CPLEX results. Gap: 33.670000, upper bound: -89.000000, lower bound: -118.966526
[INFO]:[03:32:52] CPLEX solver finished. Gap: 33.670000
[INFO]:[03:32:52] Starting CPLEX solver on instance: /home/yorig/tuner/mpils-tests/instances/miplib/medium-1/cvs16r128-89.mps with config: /scratch/yorig/mpils-results-grid-ticks-10000-7may/medium-1/24proc-2pils/seed-5/4_cvs16r128-89_seed-5_20260510_032628/iterated_local_search/run_6_worker_20/parallel_4_1.prm
[INFO]:[03:32:58] CPLEX results. Gap: 33.670000, upper bound: -89.000000, lower bound: -118.966526
[INFO]:[03:32:58] CPLEX solver finished. Gap: 33.670000
[INFO]:[03:32:59] Starting CPLEX solver on instance: /home/yorig/tuner/mpils-tests/instances/miplib/medium-1/cvs16r128-89.mps with config: /scratch/yorig/mpils-results-grid-ticks-10000-7may/medium-1/24proc-2pils/seed-5/4_cvs16r128-89_seed-5_20260510_032628/iterated_local_search/run_6_worker_20/parallel_6_1.prm
[WARN]:[03:33:04] CPLEX finished without a primal feasible solution for config /scratch/yorig/mpils-results-grid-ticks-10000-7may/medium-1/24proc-2pils/seed-5/4_cvs16r128-89_seed-5_20260510_032628/iterated_local_search/run_6_worker_20/parallel_6_1.prm.
[INFO]:[03:33:04] CPLEX results. Gap: unavailable, upper bound: null, lower bound: -120.771237
[INFO]:[03:33:04] CPLEX solver finished. Gap: 179769313486231570814527423731704356798070567525844996598917476803157260780028538760589558632766878171540458953514382464234321326889464182768467546703537516986049910576551282076245490090389328944075868508455133942304583236903222948165808559332123348274797826204144723168738177180919299881250404026184124858368.000000
[INFO]:[03:33:05] Starting CPLEX solver on instance: /home/yorig/tuner/mpils-tests/instances/miplib/medium-1/cvs16r128-89.mps with config: /scratch/yorig/mpils-results-grid-ticks-10000-7may/medium-1/24proc-2pils/seed-5/4_cvs16r128-89_seed-5_20260510_032628/iterated_local_search/run_6_worker_20/parallel_8_1.prm
[INFO]:[03:33:11] CPLEX results. Gap: 25.660000, upper bound: -95.000000, lower bound: -119.374873
[INFO]:[03:33:11] CPLEX solver finished. Gap: 25.660000
[INFO]:[03:33:11] Starting CPLEX solver on instance: /home/yorig/tuner/mpils-tests/instances/miplib/medium-1/cvs16r128-89.mps with config: /scratch/yorig/mpils-results-grid-ticks-10000-7may/medium-1/24proc-2pils/seed-5/4_cvs16r128-89_seed-5_20260510_032628/iterated_local_search/run_6_worker_20/parallel_10_1.prm
[INFO]:[03:33:17] CPLEX results. Gap: 25.640000, upper bound: -95.000000, lower bound: -119.360570
[INFO]:[03:33:17] CPLEX solver finished. Gap: 25.640000
[INFO]:[03:33:17] Starting CPLEX solver on instance: /home/yorig/tuner/mpils-tests/instances/miplib/medium-1/cvs16r128-89.mps with config: /scratch/yorig/mpils-results-grid-ticks-10000-7may/medium-1/24proc-2pils/seed-5/4_cvs16r128-89_seed-5_20260510_032628/iterated_local_search/run_6_worker_20/parallel_12_1.prm
[INFO]:[03:33:23] CPLEX results. Gap: 25.640000, upper bound: -95.000000, lower bound: -119.360570
[INFO]:[03:33:23] CPLEX solver finished. Gap: 25.640000
[INFO]:[03:33:23] Starting CPLEX solver on instance: /home/yorig/tuner/mpils-tests/instances/miplib/medium-1/cvs16r128-89.mps with config: /scratch/yorig/mpils-results-grid-ticks-10000-7may/medium-1/24proc-2pils/seed-5/4_cvs16r128-89_seed-5_20260510_032628/iterated_local_search/run_6_worker_20/parallel_14_1.prm
[INFO]:[03:33:29] CPLEX results. Gap: 25.640000, upper bound: -95.000000, lower bound: -119.360570
[INFO]:[03:33:29] CPLEX solver finished. Gap: 25.640000
[INFO]:[03:33:29] Starting CPLEX solver on instance: /home/yorig/tuner/mpils-tests/instances/miplib/medium-1/cvs16r128-89.mps with config: /scratch/yorig/mpils-results-grid-ticks-10000-7may/medium-1/24proc-2pils/seed-5/4_cvs16r128-89_seed-5_20260510_032628/iterated_local_search/run_6_worker_20/parallel_16_1.prm
[INFO]:[03:33:35] CPLEX results. Gap: 25.640000, upper bound: -95.000000, lower bound: -119.360570
[INFO]:[03:33:35] CPLEX solver finished. Gap: 25.640000
[INFO]:[03:33:36] Starting CPLEX solver on instance: /home/yorig/tuner/mpils-tests/instances/miplib/medium-1/cvs16r128-89.mps with config: /scratch/yorig/mpils-results-grid-ticks-10000-7may/medium-1/24proc-2pils/seed-5/4_cvs16r128-89_seed-5_20260510_032628/iterated_local_search/run_6_worker_20/parallel_18_1.prm
[INFO]:[03:33:42] CPLEX results. Gap: 25.640000, upper bound: -95.000000, lower bound: -119.360570
[INFO]:[03:33:42] CPLEX solver finished. Gap: 25.640000
[INFO]:[03:33:42] Starting CPLEX solver on instance: /home/yorig/tuner/mpils-tests/instances/miplib/medium-1/cvs16r128-89.mps with config: /scratch/yorig/mpils-results-grid-ticks-10000-7may/medium-1/24proc-2pils/seed-5/4_cvs16r128-89_seed-5_20260510_032628/iterated_local_search/run_6_worker_20/parallel_20_1.prm
[INFO]:[03:33:48] CPLEX results. Gap: 25.640000, upper bound: -95.000000, lower bound: -119.360570
[INFO]:[03:33:48] CPLEX solver finished. Gap: 25.640000
[INFO]:[03:33:48] Starting CPLEX solver on instance: /home/yorig/tuner/mpils-tests/instances/miplib/medium-1/cvs16r128-89.mps with config: /scratch/yorig/mpils-results-grid-ticks-10000-7may/medium-1/24proc-2pils/seed-5/4_cvs16r128-89_seed-5_20260510_032628/iterated_local_search/run_6_worker_20/parallel_22_1.prm
[INFO]:[03:33:54] CPLEX results. Gap: 25.640000, upper bound: -95.000000, lower bound: -119.360570
[INFO]:[03:33:54] CPLEX solver finished. Gap: 25.640000
[INFO]:[03:33:54] Starting CPLEX solver on instance: /home/yorig/tuner/mpils-tests/instances/miplib/medium-1/cvs16r128-89.mps with config: /scratch/yorig/mpils-results-grid-ticks-10000-7may/medium-1/24proc-2pils/seed-5/4_cvs16r128-89_seed-5_20260510_032628/iterated_local_search/run_6_worker_20/parallel_24_1.prm
[INFO]:[03:34:00] CPLEX results. Gap: 25.640000, upper bound: -95.000000, lower bound: -119.360570
[INFO]:[03:34:00] CPLEX solver finished. Gap: 25.640000
[INFO]:[03:34:00] Starting CPLEX solver on instance: /home/yorig/tuner/mpils-tests/instances/miplib/medium-1/cvs16r128-89.mps with config: /scratch/yorig/mpils-results-grid-ticks-10000-7may/medium-1/24proc-2pils/seed-5/4_cvs16r128-89_seed-5_20260510_032628/iterated_local_search/run_6_worker_20/parallel_26_1.prm
[INFO]:[03:34:06] CPLEX results. Gap: 25.640000, upper bound: -95.000000, lower bound: -119.360570
[INFO]:[03:34:06] CPLEX solver finished. Gap: 25.640000
[INFO]:[03:34:06] Starting CPLEX solver on instance: /home/yorig/tuner/mpils-tests/instances/miplib/medium-1/cvs16r128-89.mps with config: /scratch/yorig/mpils-results-grid-ticks-10000-7may/medium-1/24proc-2pils/seed-5/4_cvs16r128-89_seed-5_20260510_032628/iterated_local_search/run_6_worker_20/parallel_28_1.prm
[INFO]:[03:34:12] CPLEX results. Gap: 46.210000, upper bound: -86.000000, lower bound: -125.744172
[INFO]:[03:34:12] CPLEX solver finished. Gap: 46.210000
[INFO]:[03:34:12] Worker (ils_group_rank=1) exiting parallel ILS evaluation service.
[INFO]:[03:34:32] Worker 21 completed exploration phase.
[INFO]:[03:34:33] Worker 21 received order for step 2.
[INFO]:[03:34:33] Worker 21 running expansion phase for iteration 6.
[INFO]:[03:34:33] Worker 21 will use solver log file: /scratch/yorig/mpils-results-grid-ticks-10000-7may/medium-1/24proc-2pils/seed-5/4_cvs16r128-89_seed-5_20260510_032628/solver/cplex.log_iteration_expansion_6_worker_21
[INFO]:[03:34:33] Expansion Worker 21 starting expansion for iteration 6.
[INFO]:[03:34:33] Starting CPLEX solver on instance: /home/yorig/tuner/mpils-tests/instances/miplib/medium-1/cvs16r128-89.mps with config: /scratch/yorig/mpils-results-grid-ticks-10000-7may/medium-1/24proc-2pils/seed-5/4_cvs16r128-89_seed-5_20260510_032628/expansion/config_param_CPXPARAM_Simplex_Limits_Singularity_0_iter_6.prm
[INFO]:[03:34:39] CPLEX results. Gap: 17.150000, upper bound: -97.000000, lower bound: -113.633639
[INFO]:[03:34:39] CPLEX solver finished. Gap: 17.150000
[INFO]:[03:34:39] Expansion Worker 21 stopping early after global MPI expansion stop was activated.
[INFO]:[03:34:39] Expansion Worker 21 completed expansion.
[INFO]:[03:34:39] Worker 21 completed expansion phase.
[INFO]:[03:34:42] Worker 21 received order for step 1.
[INFO]:[03:34:42] Worker 21 running exploration phase for iteration 7.
[INFO]:[03:34:42] Worker 21 at iteration 7 will not use a MIP start file. Current best MIP-start upper bound threshold is 1.79769e+308.
[INFO]:[03:34:42] Starting local search phase...
[INFO]:[03:34:42] Worker (ils_group_rank=1) entering parallel ILS evaluation service.
[INFO]:[03:34:42] Starting CPLEX solver on instance: /home/yorig/tuner/mpils-tests/instances/miplib/medium-1/cvs16r128-89.mps with config: /scratch/yorig/mpils-results-grid-ticks-10000-7may/medium-1/24proc-2pils/seed-5/4_cvs16r128-89_seed-5_20260510_032628/iterated_local_search/run_7_worker_20/parallel_0_1.prm
[WARN]:[03:34:47] CPLEX finished without a primal feasible solution for config /scratch/yorig/mpils-results-grid-ticks-10000-7may/medium-1/24proc-2pils/seed-5/4_cvs16r128-89_seed-5_20260510_032628/iterated_local_search/run_7_worker_20/parallel_0_1.prm.
[INFO]:[03:34:47] CPLEX results. Gap: unavailable, upper bound: null, lower bound: -122.850097
[INFO]:[03:34:47] CPLEX solver finished. Gap: 179769313486231570814527423731704356798070567525844996598917476803157260780028538760589558632766878171540458953514382464234321326889464182768467546703537516986049910576551282076245490090389328944075868508455133942304583236903222948165808559332123348274797826204144723168738177180919299881250404026184124858368.000000
[INFO]:[03:34:47] Starting CPLEX solver on instance: /home/yorig/tuner/mpils-tests/instances/miplib/medium-1/cvs16r128-89.mps with config: /scratch/yorig/mpils-results-grid-ticks-10000-7may/medium-1/24proc-2pils/seed-5/4_cvs16r128-89_seed-5_20260510_032628/iterated_local_search/run_7_worker_20/parallel_2_1.prm
[WARN]:[03:34:52] CPLEX finished without a primal feasible solution for config /scratch/yorig/mpils-results-grid-ticks-10000-7may/medium-1/24proc-2pils/seed-5/4_cvs16r128-89_seed-5_20260510_032628/iterated_local_search/run_7_worker_20/parallel_2_1.prm.
[INFO]:[03:34:52] CPLEX results. Gap: unavailable, upper bound: null, lower bound: -127.920635
[INFO]:[03:34:52] CPLEX solver finished. Gap: 179769313486231570814527423731704356798070567525844996598917476803157260780028538760589558632766878171540458953514382464234321326889464182768467546703537516986049910576551282076245490090389328944075868508455133942304583236903222948165808559332123348274797826204144723168738177180919299881250404026184124858368.000000
[INFO]:[03:34:52] Starting CPLEX solver on instance: /home/yorig/tuner/mpils-tests/instances/miplib/medium-1/cvs16r128-89.mps with config: /scratch/yorig/mpils-results-grid-ticks-10000-7may/medium-1/24proc-2pils/seed-5/4_cvs16r128-89_seed-5_20260510_032628/iterated_local_search/run_7_worker_20/parallel_4_1.prm
[WARN]:[03:34:57] CPLEX finished without a primal feasible solution for config /scratch/yorig/mpils-results-grid-ticks-10000-7may/medium-1/24proc-2pils/seed-5/4_cvs16r128-89_seed-5_20260510_032628/iterated_local_search/run_7_worker_20/parallel_4_1.prm.
[INFO]:[03:34:57] CPLEX results. Gap: unavailable, upper bound: null, lower bound: -128.000000
[INFO]:[03:34:57] CPLEX solver finished. Gap: 179769313486231570814527423731704356798070567525844996598917476803157260780028538760589558632766878171540458953514382464234321326889464182768467546703537516986049910576551282076245490090389328944075868508455133942304583236903222948165808559332123348274797826204144723168738177180919299881250404026184124858368.000000
[INFO]:[03:34:57] Starting CPLEX solver on instance: /home/yorig/tuner/mpils-tests/instances/miplib/medium-1/cvs16r128-89.mps with config: /scratch/yorig/mpils-results-grid-ticks-10000-7may/medium-1/24proc-2pils/seed-5/4_cvs16r128-89_seed-5_20260510_032628/iterated_local_search/run_7_worker_20/parallel_6_1.prm
[WARN]:[03:35:02] CPLEX finished without a primal feasible solution for config /scratch/yorig/mpils-results-grid-ticks-10000-7may/medium-1/24proc-2pils/seed-5/4_cvs16r128-89_seed-5_20260510_032628/iterated_local_search/run_7_worker_20/parallel_6_1.prm.
[INFO]:[03:35:02] CPLEX results. Gap: unavailable, upper bound: null, lower bound: -128.000000
[INFO]:[03:35:02] CPLEX solver finished. Gap: 179769313486231570814527423731704356798070567525844996598917476803157260780028538760589558632766878171540458953514382464234321326889464182768467546703537516986049910576551282076245490090389328944075868508455133942304583236903222948165808559332123348274797826204144723168738177180919299881250404026184124858368.000000
[INFO]:[03:35:03] Starting CPLEX solver on instance: /home/yorig/tuner/mpils-tests/instances/miplib/medium-1/cvs16r128-89.mps with config: /scratch/yorig/mpils-results-grid-ticks-10000-7may/medium-1/24proc-2pils/seed-5/4_cvs16r128-89_seed-5_20260510_032628/iterated_local_search/run_7_worker_20/parallel_8_1.prm
[WARN]:[03:35:10] CPLEX finished without a primal feasible solution for config /scratch/yorig/mpils-results-grid-ticks-10000-7may/medium-1/24proc-2pils/seed-5/4_cvs16r128-89_seed-5_20260510_032628/iterated_local_search/run_7_worker_20/parallel_8_1.prm.
[INFO]:[03:35:10] CPLEX results. Gap: unavailable, upper bound: null, lower bound: -122.317029
[INFO]:[03:35:10] CPLEX solver finished. Gap: 179769313486231570814527423731704356798070567525844996598917476803157260780028538760589558632766878171540458953514382464234321326889464182768467546703537516986049910576551282076245490090389328944075868508455133942304583236903222948165808559332123348274797826204144723168738177180919299881250404026184124858368.000000
[INFO]:[03:35:10] Starting CPLEX solver on instance: /home/yorig/tuner/mpils-tests/instances/miplib/medium-1/cvs16r128-89.mps with config: /scratch/yorig/mpils-results-grid-ticks-10000-7may/medium-1/24proc-2pils/seed-5/4_cvs16r128-89_seed-5_20260510_032628/iterated_local_search/run_7_worker_20/parallel_10_1.prm
[WARN]:[03:35:15] CPLEX finished without a primal feasible solution for config /scratch/yorig/mpils-results-grid-ticks-10000-7may/medium-1/24proc-2pils/seed-5/4_cvs16r128-89_seed-5_20260510_032628/iterated_local_search/run_7_worker_20/parallel_10_1.prm.
[INFO]:[03:35:15] CPLEX results. Gap: unavailable, upper bound: null, lower bound: -128.000000
[INFO]:[03:35:15] CPLEX solver finished. Gap: 179769313486231570814527423731704356798070567525844996598917476803157260780028538760589558632766878171540458953514382464234321326889464182768467546703537516986049910576551282076245490090389328944075868508455133942304583236903222948165808559332123348274797826204144723168738177180919299881250404026184124858368.000000
[INFO]:[03:35:15] Starting CPLEX solver on instance: /home/yorig/tuner/mpils-tests/instances/miplib/medium-1/cvs16r128-89.mps with config: /scratch/yorig/mpils-results-grid-ticks-10000-7may/medium-1/24proc-2pils/seed-5/4_cvs16r128-89_seed-5_20260510_032628/iterated_local_search/run_7_worker_20/parallel_12_1.prm
[WARN]:[03:35:20] CPLEX finished without a primal feasible solution for config /scratch/yorig/mpils-results-grid-ticks-10000-7may/medium-1/24proc-2pils/seed-5/4_cvs16r128-89_seed-5_20260510_032628/iterated_local_search/run_7_worker_20/parallel_12_1.prm.
[INFO]:[03:35:20] CPLEX results. Gap: unavailable, upper bound: null, lower bound: -128.000000
[INFO]:[03:35:20] CPLEX solver finished. Gap: 179769313486231570814527423731704356798070567525844996598917476803157260780028538760589558632766878171540458953514382464234321326889464182768467546703537516986049910576551282076245490090389328944075868508455133942304583236903222948165808559332123348274797826204144723168738177180919299881250404026184124858368.000000
[INFO]:[03:35:20] Starting CPLEX solver on instance: /home/yorig/tuner/mpils-tests/instances/miplib/medium-1/cvs16r128-89.mps with config: /scratch/yorig/mpils-results-grid-ticks-10000-7may/medium-1/24proc-2pils/seed-5/4_cvs16r128-89_seed-5_20260510_032628/iterated_local_search/run_7_worker_20/parallel_14_1.prm
[WARN]:[03:35:24] CPLEX finished without a primal feasible solution for config /scratch/yorig/mpils-results-grid-ticks-10000-7may/medium-1/24proc-2pils/seed-5/4_cvs16r128-89_seed-5_20260510_032628/iterated_local_search/run_7_worker_20/parallel_14_1.prm.
[INFO]:[03:35:24] CPLEX results. Gap: unavailable, upper bound: null, lower bound: -128.000000
[INFO]:[03:35:24] CPLEX solver finished. Gap: 179769313486231570814527423731704356798070567525844996598917476803157260780028538760589558632766878171540458953514382464234321326889464182768467546703537516986049910576551282076245490090389328944075868508455133942304583236903222948165808559332123348274797826204144723168738177180919299881250404026184124858368.000000
[INFO]:[03:35:25] Starting CPLEX solver on instance: /home/yorig/tuner/mpils-tests/instances/miplib/medium-1/cvs16r128-89.mps with config: /scratch/yorig/mpils-results-grid-ticks-10000-7may/medium-1/24proc-2pils/seed-5/4_cvs16r128-89_seed-5_20260510_032628/iterated_local_search/run_7_worker_20/parallel_16_1.prm
[WARN]:[03:35:30] CPLEX finished without a primal feasible solution for config /scratch/yorig/mpils-results-grid-ticks-10000-7may/medium-1/24proc-2pils/seed-5/4_cvs16r128-89_seed-5_20260510_032628/iterated_local_search/run_7_worker_20/parallel_16_1.prm.
[INFO]:[03:35:30] CPLEX results. Gap: unavailable, upper bound: null, lower bound: -128.000000
[INFO]:[03:35:30] CPLEX solver finished. Gap: 179769313486231570814527423731704356798070567525844996598917476803157260780028538760589558632766878171540458953514382464234321326889464182768467546703537516986049910576551282076245490090389328944075868508455133942304583236903222948165808559332123348274797826204144723168738177180919299881250404026184124858368.000000
[INFO]:[03:35:30] Starting CPLEX solver on instance: /home/yorig/tuner/mpils-tests/instances/miplib/medium-1/cvs16r128-89.mps with config: /scratch/yorig/mpils-results-grid-ticks-10000-7may/medium-1/24proc-2pils/seed-5/4_cvs16r128-89_seed-5_20260510_032628/iterated_local_search/run_7_worker_20/parallel_18_1.prm
[WARN]:[03:35:35] CPLEX finished without a primal feasible solution for config /scratch/yorig/mpils-results-grid-ticks-10000-7may/medium-1/24proc-2pils/seed-5/4_cvs16r128-89_seed-5_20260510_032628/iterated_local_search/run_7_worker_20/parallel_18_1.prm.
[INFO]:[03:35:35] CPLEX results. Gap: unavailable, upper bound: null, lower bound: -128.000000
[INFO]:[03:35:35] CPLEX solver finished. Gap: 179769313486231570814527423731704356798070567525844996598917476803157260780028538760589558632766878171540458953514382464234321326889464182768467546703537516986049910576551282076245490090389328944075868508455133942304583236903222948165808559332123348274797826204144723168738177180919299881250404026184124858368.000000
[INFO]:[03:35:35] Starting CPLEX solver on instance: /home/yorig/tuner/mpils-tests/instances/miplib/medium-1/cvs16r128-89.mps with config: /scratch/yorig/mpils-results-grid-ticks-10000-7may/medium-1/24proc-2pils/seed-5/4_cvs16r128-89_seed-5_20260510_032628/iterated_local_search/run_7_worker_20/parallel_20_1.prm
[WARN]:[03:35:40] CPLEX finished without a primal feasible solution for config /scratch/yorig/mpils-results-grid-ticks-10000-7may/medium-1/24proc-2pils/seed-5/4_cvs16r128-89_seed-5_20260510_032628/iterated_local_search/run_7_worker_20/parallel_20_1.prm.
[INFO]:[03:35:40] CPLEX results. Gap: unavailable, upper bound: null, lower bound: -128.000000
[INFO]:[03:35:40] CPLEX solver finished. Gap: 179769313486231570814527423731704356798070567525844996598917476803157260780028538760589558632766878171540458953514382464234321326889464182768467546703537516986049910576551282076245490090389328944075868508455133942304583236903222948165808559332123348274797826204144723168738177180919299881250404026184124858368.000000
[INFO]:[03:35:40] Starting CPLEX solver on instance: /home/yorig/tuner/mpils-tests/instances/miplib/medium-1/cvs16r128-89.mps with config: /scratch/yorig/mpils-results-grid-ticks-10000-7may/medium-1/24proc-2pils/seed-5/4_cvs16r128-89_seed-5_20260510_032628/iterated_local_search/run_7_worker_20/parallel_22_1.prm
[WARN]:[03:35:45] CPLEX finished without a primal feasible solution for config /scratch/yorig/mpils-results-grid-ticks-10000-7may/medium-1/24proc-2pils/seed-5/4_cvs16r128-89_seed-5_20260510_032628/iterated_local_search/run_7_worker_20/parallel_22_1.prm.
[INFO]:[03:35:45] CPLEX results. Gap: unavailable, upper bound: null, lower bound: -128.000000
[INFO]:[03:35:45] CPLEX solver finished. Gap: 179769313486231570814527423731704356798070567525844996598917476803157260780028538760589558632766878171540458953514382464234321326889464182768467546703537516986049910576551282076245490090389328944075868508455133942304583236903222948165808559332123348274797826204144723168738177180919299881250404026184124858368.000000
[INFO]:[03:35:45] Starting CPLEX solver on instance: /home/yorig/tuner/mpils-tests/instances/miplib/medium-1/cvs16r128-89.mps with config: /scratch/yorig/mpils-results-grid-ticks-10000-7may/medium-1/24proc-2pils/seed-5/4_cvs16r128-89_seed-5_20260510_032628/iterated_local_search/run_7_worker_20/parallel_24_1.prm
[INFO]:[03:35:50] CPLEX results. Gap: 42.220000, upper bound: -90.000000, lower bound: -128.000000
[INFO]:[03:35:50] CPLEX solver finished. Gap: 42.220000
[INFO]:[03:35:51] Starting CPLEX solver on instance: /home/yorig/tuner/mpils-tests/instances/miplib/medium-1/cvs16r128-89.mps with config: /scratch/yorig/mpils-results-grid-ticks-10000-7may/medium-1/24proc-2pils/seed-5/4_cvs16r128-89_seed-5_20260510_032628/iterated_local_search/run_7_worker_20/parallel_26_1.prm
[INFO]:[03:35:56] CPLEX results. Gap: 42.220000, upper bound: -90.000000, lower bound: -128.000000
[INFO]:[03:35:56] CPLEX solver finished. Gap: 42.220000
[INFO]:[03:35:56] Worker (ils_group_rank=1) exiting parallel ILS evaluation service.
[INFO]:[03:36:28] Worker 21 completed exploration phase.
[INFO]:[03:36:28] Worker 21 received order for step 2.
[INFO]:[03:36:28] Worker 21 running expansion phase for iteration 7.
[INFO]:[03:36:28] Worker 21 will use solver log file: /scratch/yorig/mpils-results-grid-ticks-10000-7may/medium-1/24proc-2pils/seed-5/4_cvs16r128-89_seed-5_20260510_032628/solver/cplex.log_iteration_expansion_7_worker_21
[INFO]:[03:36:28] Expansion Worker 21 starting expansion for iteration 7.
[INFO]:[03:36:28] Starting CPLEX solver on instance: /home/yorig/tuner/mpils-tests/instances/miplib/medium-1/cvs16r128-89.mps with config: /scratch/yorig/mpils-results-grid-ticks-10000-7may/medium-1/24proc-2pils/seed-5/4_cvs16r128-89_seed-5_20260510_032628/expansion/config_param_CPXPARAM_MIP_Limits_StrongCand_5_iter_7.prm
[INFO]:[03:36:34] CPLEX results. Gap: 16.650000, upper bound: -94.000000, lower bound: -109.654652
[INFO]:[03:36:34] CPLEX solver finished. Gap: 16.650000
[INFO]:[03:36:40] Expansion Worker 21 completed expansion.
[INFO]:[03:36:40] Worker 21 completed expansion phase.
[INFO]:[03:36:43] Worker 21 received order for step 1.
[INFO]:[03:36:43] Worker 21 running exploration phase for iteration 8.
[INFO]:[03:36:43] Worker 21 at iteration 8 will not use a MIP start file. Current best MIP-start upper bound threshold is 1.79769e+308.
[INFO]:[03:36:43] Starting local search phase...
[INFO]:[03:36:43] Worker (ils_group_rank=1) entering parallel ILS evaluation service.
[INFO]:[03:36:43] Starting CPLEX solver on instance: /home/yorig/tuner/mpils-tests/instances/miplib/medium-1/cvs16r128-89.mps with config: /scratch/yorig/mpils-results-grid-ticks-10000-7may/medium-1/24proc-2pils/seed-5/4_cvs16r128-89_seed-5_20260510_032628/iterated_local_search/run_8_worker_20/parallel_0_1.prm
[INFO]:[03:36:48] CPLEX results. Gap: 42.220000, upper bound: -90.000000, lower bound: -128.000000
[INFO]:[03:36:48] CPLEX solver finished. Gap: 42.220000
[INFO]:[03:36:48] Starting CPLEX solver on instance: /home/yorig/tuner/mpils-tests/instances/miplib/medium-1/cvs16r128-89.mps with config: /scratch/yorig/mpils-results-grid-ticks-10000-7may/medium-1/24proc-2pils/seed-5/4_cvs16r128-89_seed-5_20260510_032628/iterated_local_search/run_8_worker_20/parallel_2_1.prm
[INFO]:[03:36:52] CPLEX results. Gap: 31.230000, upper bound: -94.000000, lower bound: -123.357143
[INFO]:[03:36:52] CPLEX solver finished. Gap: 31.230000
[INFO]:[03:36:53] Starting CPLEX solver on instance: /home/yorig/tuner/mpils-tests/instances/miplib/medium-1/cvs16r128-89.mps with config: /scratch/yorig/mpils-results-grid-ticks-10000-7may/medium-1/24proc-2pils/seed-5/4_cvs16r128-89_seed-5_20260510_032628/iterated_local_search/run_8_worker_20/parallel_4_1.prm
[INFO]:[03:36:57] CPLEX results. Gap: 31.230000, upper bound: -94.000000, lower bound: -123.357143
[INFO]:[03:36:57] CPLEX solver finished. Gap: 31.230000
[INFO]:[03:36:57] Starting CPLEX solver on instance: /home/yorig/tuner/mpils-tests/instances/miplib/medium-1/cvs16r128-89.mps with config: /scratch/yorig/mpils-results-grid-ticks-10000-7may/medium-1/24proc-2pils/seed-5/4_cvs16r128-89_seed-5_20260510_032628/iterated_local_search/run_8_worker_20/parallel_6_1.prm
[INFO]:[03:37:02] CPLEX results. Gap: 31.230000, upper bound: -94.000000, lower bound: -123.357143
[INFO]:[03:37:02] CPLEX solver finished. Gap: 31.230000
[INFO]:[03:37:02] Starting CPLEX solver on instance: /home/yorig/tuner/mpils-tests/instances/miplib/medium-1/cvs16r128-89.mps with config: /scratch/yorig/mpils-results-grid-ticks-10000-7may/medium-1/24proc-2pils/seed-5/4_cvs16r128-89_seed-5_20260510_032628/iterated_local_search/run_8_worker_20/parallel_8_1.prm
[INFO]:[03:37:07] CPLEX results. Gap: 31.230000, upper bound: -94.000000, lower bound: -123.357143
[INFO]:[03:37:07] CPLEX solver finished. Gap: 31.230000
[INFO]:[03:37:07] Starting CPLEX solver on instance: /home/yorig/tuner/mpils-tests/instances/miplib/medium-1/cvs16r128-89.mps with config: /scratch/yorig/mpils-results-grid-ticks-10000-7may/medium-1/24proc-2pils/seed-5/4_cvs16r128-89_seed-5_20260510_032628/iterated_local_search/run_8_worker_20/parallel_10_1.prm
[INFO]:[03:37:12] CPLEX results. Gap: 31.230000, upper bound: -94.000000, lower bound: -123.357143
[INFO]:[03:37:12] CPLEX solver finished. Gap: 31.230000
[INFO]:[03:37:12] Starting CPLEX solver on instance: /home/yorig/tuner/mpils-tests/instances/miplib/medium-1/cvs16r128-89.mps with config: /scratch/yorig/mpils-results-grid-ticks-10000-7may/medium-1/24proc-2pils/seed-5/4_cvs16r128-89_seed-5_20260510_032628/iterated_local_search/run_8_worker_20/parallel_12_1.prm
[INFO]:[03:37:17] CPLEX results. Gap: 31.230000, upper bound: -94.000000, lower bound: -123.357143
[INFO]:[03:37:17] CPLEX solver finished. Gap: 31.230000
[INFO]:[03:37:17] Starting CPLEX solver on instance: /home/yorig/tuner/mpils-tests/instances/miplib/medium-1/cvs16r128-89.mps with config: /scratch/yorig/mpils-results-grid-ticks-10000-7may/medium-1/24proc-2pils/seed-5/4_cvs16r128-89_seed-5_20260510_032628/iterated_local_search/run_8_worker_20/parallel_14_1.prm
[INFO]:[03:37:22] CPLEX results. Gap: 31.230000, upper bound: -94.000000, lower bound: -123.357143
[INFO]:[03:37:22] CPLEX solver finished. Gap: 31.230000
[INFO]:[03:37:22] Starting CPLEX solver on instance: /home/yorig/tuner/mpils-tests/instances/miplib/medium-1/cvs16r128-89.mps with config: /scratch/yorig/mpils-results-grid-ticks-10000-7may/medium-1/24proc-2pils/seed-5/4_cvs16r128-89_seed-5_20260510_032628/iterated_local_search/run_8_worker_20/parallel_16_1.prm
[INFO]:[03:37:27] CPLEX results. Gap: 31.230000, upper bound: -94.000000, lower bound: -123.357143
[INFO]:[03:37:27] CPLEX solver finished. Gap: 31.230000
[INFO]:[03:37:27] Starting CPLEX solver on instance: /home/yorig/tuner/mpils-tests/instances/miplib/medium-1/cvs16r128-89.mps with config: /scratch/yorig/mpils-results-grid-ticks-10000-7may/medium-1/24proc-2pils/seed-5/4_cvs16r128-89_seed-5_20260510_032628/iterated_local_search/run_8_worker_20/parallel_18_1.prm
[INFO]:[03:37:31] CPLEX results. Gap: 31.230000, upper bound: -94.000000, lower bound: -123.357143
[INFO]:[03:37:31] CPLEX solver finished. Gap: 31.230000
[INFO]:[03:37:31] Starting CPLEX solver on instance: /home/yorig/tuner/mpils-tests/instances/miplib/medium-1/cvs16r128-89.mps with config: /scratch/yorig/mpils-results-grid-ticks-10000-7may/medium-1/24proc-2pils/seed-5/4_cvs16r128-89_seed-5_20260510_032628/iterated_local_search/run_8_worker_20/parallel_20_1.prm
[INFO]:[03:37:36] CPLEX results. Gap: 31.230000, upper bound: -94.000000, lower bound: -123.357143
[INFO]:[03:37:36] CPLEX solver finished. Gap: 31.230000
[INFO]:[03:37:36] Starting CPLEX solver on instance: /home/yorig/tuner/mpils-tests/instances/miplib/medium-1/cvs16r128-89.mps with config: /scratch/yorig/mpils-results-grid-ticks-10000-7may/medium-1/24proc-2pils/seed-5/4_cvs16r128-89_seed-5_20260510_032628/iterated_local_search/run_8_worker_20/parallel_22_1.prm
[INFO]:[03:37:41] CPLEX results. Gap: 31.230000, upper bound: -94.000000, lower bound: -123.357143
[INFO]:[03:37:41] CPLEX solver finished. Gap: 31.230000
[INFO]:[03:37:41] Starting CPLEX solver on instance: /home/yorig/tuner/mpils-tests/instances/miplib/medium-1/cvs16r128-89.mps with config: /scratch/yorig/mpils-results-grid-ticks-10000-7may/medium-1/24proc-2pils/seed-5/4_cvs16r128-89_seed-5_20260510_032628/iterated_local_search/run_8_worker_20/parallel_24_1.prm
[INFO]:[03:37:46] CPLEX results. Gap: 32.640000, upper bound: -93.000000, lower bound: -123.357143
[INFO]:[03:37:46] CPLEX solver finished. Gap: 32.640000
[INFO]:[03:37:46] Starting CPLEX solver on instance: /home/yorig/tuner/mpils-tests/instances/miplib/medium-1/cvs16r128-89.mps with config: /scratch/yorig/mpils-results-grid-ticks-10000-7may/medium-1/24proc-2pils/seed-5/4_cvs16r128-89_seed-5_20260510_032628/iterated_local_search/run_8_worker_20/parallel_26_1.prm
[INFO]:[03:37:51] CPLEX results. Gap: 18.640000, upper bound: -94.000000, lower bound: -111.519141
[INFO]:[03:37:51] CPLEX solver finished. Gap: 18.640000
[INFO]:[03:37:51] Starting CPLEX solver on instance: /home/yorig/tuner/mpils-tests/instances/miplib/medium-1/cvs16r128-89.mps with config: /scratch/yorig/mpils-results-grid-ticks-10000-7may/medium-1/24proc-2pils/seed-5/4_cvs16r128-89_seed-5_20260510_032628/iterated_local_search/run_8_worker_20/parallel_28_1.prm
[INFO]:[03:37:56] CPLEX results. Gap: 18.640000, upper bound: -94.000000, lower bound: -111.519141
[INFO]:[03:37:56] CPLEX solver finished. Gap: 18.640000
[INFO]:[03:37:56] Worker (ils_group_rank=1) exiting parallel ILS evaluation service.
[INFO]:[03:38:13] Worker 21 completed exploration phase.
[INFO]:[03:38:13] Worker 21 received order for step 3.
[INFO]:[03:38:13] Worker 21 finished.
