[INFO]:[07:29:52] Worker 2 starting.
[INFO]:[07:29:52] Worker 2 received order for step 1.
[INFO]:[07:29:52] Worker 2 running exploration phase for iteration 1.
[INFO]:[07:29:52] Worker 2 at iteration 1 will not use a MIP start file. Current best MIP-start upper bound threshold is 1.79769e+308.
[INFO]:[07:29:52] Starting local search phase...
[INFO]:[07:29:52] Worker (ils_group_rank=2) entering parallel ILS evaluation service.
[INFO]:[07:29:52] Starting CPLEX solver on instance: /home/yorig/tuner/mpils-tests/instances/miplib/medium-1/b1c1s1.mps with config: /scratch/yorig/mpils-results-grid-ticks-10000-7may/medium-1/16proc-16pils/seed-5/1_b1c1s1_seed-5_20260510_072951/iterated_local_search/run_1_worker_0/parallel_0_2.prm
[INFO]:[07:29:58] CPLEX results. Gap: 24.480000, upper bound: 27013.100000, lower bound: 20400.919955
[INFO]:[07:29:58] CPLEX solver finished. Gap: 24.480000
[INFO]:[07:29:59] Starting CPLEX solver on instance: /home/yorig/tuner/mpils-tests/instances/miplib/medium-1/b1c1s1.mps with config: /scratch/yorig/mpils-results-grid-ticks-10000-7may/medium-1/16proc-16pils/seed-5/1_b1c1s1_seed-5_20260510_072951/iterated_local_search/run_1_worker_0/parallel_16_2.prm
[INFO]:[07:30:05] CPLEX results. Gap: 17.600000, upper bound: 24887.490000, lower bound: 20508.479055
[INFO]:[07:30:05] CPLEX solver finished. Gap: 17.600000
[INFO]:[07:30:05] Worker (ils_group_rank=2) exiting parallel ILS evaluation service.
[INFO]:[07:30:05] Worker 2 completed exploration phase.
[INFO]:[07:30:06] Worker 2 received order for step 2.
[INFO]:[07:30:06] Worker 2 running expansion phase for iteration 1.
[INFO]:[07:30:06] Worker 2 will use solver log file: /scratch/yorig/mpils-results-grid-ticks-10000-7may/medium-1/16proc-16pils/seed-5/1_b1c1s1_seed-5_20260510_072951/solver/cplex.log_iteration_expansion_1_worker_2
[INFO]:[07:30:06] Expansion Worker 2 starting expansion for iteration 1.
[INFO]:[07:30:06] Starting CPLEX solver on instance: /home/yorig/tuner/mpils-tests/instances/miplib/medium-1/b1c1s1.mps with config: /scratch/yorig/mpils-results-grid-ticks-10000-7may/medium-1/16proc-16pils/seed-5/1_b1c1s1_seed-5_20260510_072951/expansion/config_param_CPXPARAM_MIP_Strategy_Probe_2_iter_1.prm
[INFO]:[07:30:12] CPLEX results. Gap: 23.680000, upper bound: 26826.290000, lower bound: 20474.452806
[INFO]:[07:30:12] CPLEX solver finished. Gap: 23.680000
[INFO]:[07:30:12] Expansion Worker 2 stopping early after global MPI expansion stop was activated.
[INFO]:[07:30:12] Expansion Worker 2 completed expansion.
[INFO]:[07:30:12] Worker 2 completed expansion phase.
[INFO]:[07:30:12] Worker 2 received order for step 1.
[INFO]:[07:30:12] Worker 2 running exploration phase for iteration 2.
[INFO]:[07:30:12] Worker 2 at iteration 2 will not use a MIP start file. Current best MIP-start upper bound threshold is 1.79769e+308.
[INFO]:[07:30:12] Starting local search phase...
[INFO]:[07:30:12] Worker (ils_group_rank=2) entering parallel ILS evaluation service.
[INFO]:[07:30:13] Starting CPLEX solver on instance: /home/yorig/tuner/mpils-tests/instances/miplib/medium-1/b1c1s1.mps with config: /scratch/yorig/mpils-results-grid-ticks-10000-7may/medium-1/16proc-16pils/seed-5/1_b1c1s1_seed-5_20260510_072951/iterated_local_search/run_2_worker_0/parallel_0_2.prm
[INFO]:[07:30:19] CPLEX results. Gap: 17.600000, upper bound: 24887.490000, lower bound: 20508.479055
[INFO]:[07:30:19] CPLEX solver finished. Gap: 17.600000
[INFO]:[07:30:19] Worker (ils_group_rank=2) exiting parallel ILS evaluation service.
[INFO]:[07:30:19] Worker 2 completed exploration phase.
[INFO]:[07:30:19] Worker 2 received order for step 2.
[INFO]:[07:30:19] Worker 2 running expansion phase for iteration 2.
[INFO]:[07:30:19] Worker 2 will use solver log file: /scratch/yorig/mpils-results-grid-ticks-10000-7may/medium-1/16proc-16pils/seed-5/1_b1c1s1_seed-5_20260510_072951/solver/cplex.log_iteration_expansion_2_worker_2
[INFO]:[07:30:19] Expansion Worker 2 starting expansion for iteration 2.
[INFO]:[07:30:19] Starting CPLEX solver on instance: /home/yorig/tuner/mpils-tests/instances/miplib/medium-1/b1c1s1.mps with config: /scratch/yorig/mpils-results-grid-ticks-10000-7may/medium-1/16proc-16pils/seed-5/1_b1c1s1_seed-5_20260510_072951/expansion/config_param_CPXPARAM_MIP_Strategy_VariableSelect_2_iter_2.prm
[INFO]:[07:30:26] CPLEX results. Gap: 20.100000, upper bound: 25742.160000, lower bound: 20568.474252
[INFO]:[07:30:26] CPLEX solver finished. Gap: 20.100000
[INFO]:[07:30:26] Starting CPLEX solver on instance: /home/yorig/tuner/mpils-tests/instances/miplib/medium-1/b1c1s1.mps with config: /scratch/yorig/mpils-results-grid-ticks-10000-7may/medium-1/16proc-16pils/seed-5/1_b1c1s1_seed-5_20260510_072951/expansion/config_param_CPXPARAM_MIP_Limits_ProbeTime_40_iter_2.prm
[INFO]:[07:30:33] CPLEX results. Gap: 16.930000, upper bound: 24827.770000, lower bound: 20624.300983
[INFO]:[07:30:33] CPLEX solver finished. Gap: 16.930000
[INFO]:[07:30:33] Starting CPLEX solver on instance: /home/yorig/tuner/mpils-tests/instances/miplib/medium-1/b1c1s1.mps with config: /scratch/yorig/mpils-results-grid-ticks-10000-7may/medium-1/16proc-16pils/seed-5/1_b1c1s1_seed-5_20260510_072951/expansion/config_param_CPXPARAM_MIP_Strategy_BBInterval_4_iter_2.prm
[INFO]:[07:30:40] CPLEX results. Gap: 16.560000, upper bound: 24934.090000, lower bound: 20804.710720
[INFO]:[07:30:40] CPLEX solver finished. Gap: 16.560000
[INFO]:[07:30:40] Starting CPLEX solver on instance: /home/yorig/tuner/mpils-tests/instances/miplib/medium-1/b1c1s1.mps with config: /scratch/yorig/mpils-results-grid-ticks-10000-7may/medium-1/16proc-16pils/seed-5/1_b1c1s1_seed-5_20260510_072951/expansion/config_param_CPXPARAM_MIP_Strategy_Order_0_iter_2.prm
[INFO]:[07:30:46] CPLEX results. Gap: 16.560000, upper bound: 24934.090000, lower bound: 20804.710720
[INFO]:[07:30:46] CPLEX solver finished. Gap: 16.560000
[INFO]:[07:30:46] Expansion Worker 2 completed expansion.
[INFO]:[07:30:46] Worker 2 completed expansion phase.
[INFO]:[07:30:46] Worker 2 received order for step 1.
[INFO]:[07:30:46] Worker 2 running exploration phase for iteration 3.
[INFO]:[07:30:46] Worker 2 at iteration 3 will not use a MIP start file. Current best MIP-start upper bound threshold is 1.79769e+308.
[INFO]:[07:30:46] Starting local search phase...
[INFO]:[07:30:46] Worker (ils_group_rank=2) entering parallel ILS evaluation service.
[INFO]:[07:30:46] Starting CPLEX solver on instance: /home/yorig/tuner/mpils-tests/instances/miplib/medium-1/b1c1s1.mps with config: /scratch/yorig/mpils-results-grid-ticks-10000-7may/medium-1/16proc-16pils/seed-5/1_b1c1s1_seed-5_20260510_072951/iterated_local_search/run_3_worker_0/parallel_0_2.prm
[INFO]:[07:30:53] CPLEX results. Gap: 17.600000, upper bound: 24887.490000, lower bound: 20508.479055
[INFO]:[07:30:53] CPLEX solver finished. Gap: 17.600000
[INFO]:[07:30:53] Worker (ils_group_rank=2) exiting parallel ILS evaluation service.
[INFO]:[07:30:53] Worker 2 completed exploration phase.
[INFO]:[07:30:53] Worker 2 received order for step 2.
[INFO]:[07:30:53] Worker 2 running expansion phase for iteration 3.
[INFO]:[07:30:53] Worker 2 will use solver log file: /scratch/yorig/mpils-results-grid-ticks-10000-7may/medium-1/16proc-16pils/seed-5/1_b1c1s1_seed-5_20260510_072951/solver/cplex.log_iteration_expansion_3_worker_2
[INFO]:[07:30:53] Expansion Worker 2 starting expansion for iteration 3.
[INFO]:[07:30:53] Starting CPLEX solver on instance: /home/yorig/tuner/mpils-tests/instances/miplib/medium-1/b1c1s1.mps with config: /scratch/yorig/mpils-results-grid-ticks-10000-7may/medium-1/16proc-16pils/seed-5/1_b1c1s1_seed-5_20260510_072951/expansion/config_param_CPXPARAM_Preprocessing_Symmetry_1_iter_3.prm
[INFO]:[07:30:59] CPLEX results. Gap: 16.560000, upper bound: 24934.090000, lower bound: 20804.710720
[INFO]:[07:30:59] CPLEX solver finished. Gap: 16.560000
[INFO]:[07:30:59] Starting CPLEX solver on instance: /home/yorig/tuner/mpils-tests/instances/miplib/medium-1/b1c1s1.mps with config: /scratch/yorig/mpils-results-grid-ticks-10000-7may/medium-1/16proc-16pils/seed-5/1_b1c1s1_seed-5_20260510_072951/expansion/config_param_CPXPARAM_MIP_Strategy_StartAlgorithm_3_iter_3.prm
[INFO]:[07:31:06] CPLEX results. Gap: 23.120000, upper bound: 26552.390000, lower bound: 20412.719990
[INFO]:[07:31:06] CPLEX solver finished. Gap: 23.120000
[INFO]:[07:31:07] Starting CPLEX solver on instance: /home/yorig/tuner/mpils-tests/instances/miplib/medium-1/b1c1s1.mps with config: /scratch/yorig/mpils-results-grid-ticks-10000-7may/medium-1/16proc-16pils/seed-5/1_b1c1s1_seed-5_20260510_072951/expansion/config_param_CPXPARAM_Simplex_PGradient_2_iter_3.prm
[INFO]:[07:31:13] CPLEX results. Gap: 20.110000, upper bound: 25754.580000, lower bound: 20576.424325
[INFO]:[07:31:13] CPLEX solver finished. Gap: 20.110000
[INFO]:[07:31:13] Expansion Worker 2 completed expansion.
[INFO]:[07:31:13] Worker 2 completed expansion phase.
[INFO]:[07:31:13] Worker 2 received order for step 1.
[INFO]:[07:31:13] Worker 2 running exploration phase for iteration 4.
[INFO]:[07:31:13] Worker 2 at iteration 4 will not use a MIP start file. Current best MIP-start upper bound threshold is 1.79769e+308.
[INFO]:[07:31:13] Starting local search phase...
[INFO]:[07:31:13] Worker (ils_group_rank=2) entering parallel ILS evaluation service.
[INFO]:[07:31:13] Starting CPLEX solver on instance: /home/yorig/tuner/mpils-tests/instances/miplib/medium-1/b1c1s1.mps with config: /scratch/yorig/mpils-results-grid-ticks-10000-7may/medium-1/16proc-16pils/seed-5/1_b1c1s1_seed-5_20260510_072951/iterated_local_search/run_4_worker_0/parallel_0_2.prm
[INFO]:[07:31:19] CPLEX results. Gap: 19.260000, upper bound: 25515.740000, lower bound: 20601.342550
[INFO]:[07:31:19] CPLEX solver finished. Gap: 19.260000
[INFO]:[07:31:20] Worker (ils_group_rank=2) exiting parallel ILS evaluation service.
[INFO]:[07:31:20] Worker 2 completed exploration phase.
[INFO]:[07:31:20] Worker 2 received order for step 2.
[INFO]:[07:31:20] Worker 2 running expansion phase for iteration 4.
[INFO]:[07:31:20] Worker 2 will use solver log file: /scratch/yorig/mpils-results-grid-ticks-10000-7may/medium-1/16proc-16pils/seed-5/1_b1c1s1_seed-5_20260510_072951/solver/cplex.log_iteration_expansion_4_worker_2
[INFO]:[07:31:20] Expansion Worker 2 starting expansion for iteration 4.
[INFO]:[07:31:20] Starting CPLEX solver on instance: /home/yorig/tuner/mpils-tests/instances/miplib/medium-1/b1c1s1.mps with config: /scratch/yorig/mpils-results-grid-ticks-10000-7may/medium-1/16proc-16pils/seed-5/1_b1c1s1_seed-5_20260510_072951/expansion/config_param_CPXPARAM_MIP_Limits_AggForCut_2_iter_4.prm
[INFO]:[07:31:26] CPLEX results. Gap: 18.060000, upper bound: 25146.060000, lower bound: 20605.584086
[INFO]:[07:31:26] CPLEX solver finished. Gap: 18.060000
[INFO]:[07:31:26] Starting CPLEX solver on instance: /home/yorig/tuner/mpils-tests/instances/miplib/medium-1/b1c1s1.mps with config: /scratch/yorig/mpils-results-grid-ticks-10000-7may/medium-1/16proc-16pils/seed-5/1_b1c1s1_seed-5_20260510_072951/expansion/config_param_CPXPARAM_Preprocessing_BoundStrength_1_iter_4.prm
[INFO]:[07:31:33] CPLEX results. Gap: 19.180000, upper bound: 25336.240000, lower bound: 20477.858050
[INFO]:[07:31:33] CPLEX solver finished. Gap: 19.180000
[INFO]:[07:31:33] Expansion Worker 2 stopping early after global MPI expansion stop was activated.
[INFO]:[07:31:33] Expansion Worker 2 completed expansion.
[INFO]:[07:31:33] Worker 2 completed expansion phase.
[INFO]:[07:31:33] Worker 2 received order for step 1.
[INFO]:[07:31:33] Worker 2 running exploration phase for iteration 5.
[INFO]:[07:31:33] Worker 2 at iteration 5 will not use a MIP start file. Current best MIP-start upper bound threshold is 1.79769e+308.
[INFO]:[07:31:33] Starting local search phase...
[INFO]:[07:31:33] Worker (ils_group_rank=2) entering parallel ILS evaluation service.
[INFO]:[07:31:33] Starting CPLEX solver on instance: /home/yorig/tuner/mpils-tests/instances/miplib/medium-1/b1c1s1.mps with config: /scratch/yorig/mpils-results-grid-ticks-10000-7may/medium-1/16proc-16pils/seed-5/1_b1c1s1_seed-5_20260510_072951/iterated_local_search/run_5_worker_0/parallel_0_2.prm
[INFO]:[07:31:40] CPLEX results. Gap: 17.600000, upper bound: 24887.490000, lower bound: 20508.479055
[INFO]:[07:31:40] CPLEX solver finished. Gap: 17.600000
[INFO]:[07:31:40] Starting CPLEX solver on instance: /home/yorig/tuner/mpils-tests/instances/miplib/medium-1/b1c1s1.mps with config: /scratch/yorig/mpils-results-grid-ticks-10000-7may/medium-1/16proc-16pils/seed-5/1_b1c1s1_seed-5_20260510_072951/iterated_local_search/run_5_worker_0/parallel_16_2.prm
[INFO]:[07:31:47] CPLEX results. Gap: 22.390000, upper bound: 26341.790000, lower bound: 20442.857149
[INFO]:[07:31:47] CPLEX solver finished. Gap: 22.390000
[INFO]:[07:31:47] Worker (ils_group_rank=2) exiting parallel ILS evaluation service.
[INFO]:[07:31:47] Worker 2 completed exploration phase.
[INFO]:[07:31:47] Worker 2 received order for step 2.
[INFO]:[07:31:47] Worker 2 running expansion phase for iteration 5.
[INFO]:[07:31:47] Worker 2 will use solver log file: /scratch/yorig/mpils-results-grid-ticks-10000-7may/medium-1/16proc-16pils/seed-5/1_b1c1s1_seed-5_20260510_072951/solver/cplex.log_iteration_expansion_5_worker_2
[INFO]:[07:31:47] Expansion Worker 2 starting expansion for iteration 5.
[INFO]:[07:31:47] Starting CPLEX solver on instance: /home/yorig/tuner/mpils-tests/instances/miplib/medium-1/b1c1s1.mps with config: /scratch/yorig/mpils-results-grid-ticks-10000-7may/medium-1/16proc-16pils/seed-5/1_b1c1s1_seed-5_20260510_072951/expansion/config_param_CPXPARAM_Preprocessing_Dependency_0_iter_5.prm
[INFO]:[07:31:54] CPLEX results. Gap: 16.110000, upper bound: 24566.520000, lower bound: 20610.054292
[INFO]:[07:31:54] CPLEX solver finished. Gap: 16.110000
[INFO]:[07:31:54] Starting CPLEX solver on instance: /home/yorig/tuner/mpils-tests/instances/miplib/medium-1/b1c1s1.mps with config: /scratch/yorig/mpils-results-grid-ticks-10000-7may/medium-1/16proc-16pils/seed-5/1_b1c1s1_seed-5_20260510_072951/expansion/config_param_CPXPARAM_Network_Pricing_2_iter_5.prm
[INFO]:[07:32:00] CPLEX results. Gap: 16.110000, upper bound: 24566.520000, lower bound: 20610.054292
[INFO]:[07:32:00] CPLEX solver finished. Gap: 16.110000
[INFO]:[07:32:00] Expansion Worker 2 completed expansion.
[INFO]:[07:32:00] Worker 2 completed expansion phase.
[INFO]:[07:32:00] Worker 2 received order for step 1.
[INFO]:[07:32:00] Worker 2 running exploration phase for iteration 6.
[INFO]:[07:32:00] Worker 2 at iteration 6 will not use a MIP start file. Current best MIP-start upper bound threshold is 1.79769e+308.
[INFO]:[07:32:00] Starting local search phase...
[INFO]:[07:32:00] Worker (ils_group_rank=2) entering parallel ILS evaluation service.
[INFO]:[07:32:00] Starting CPLEX solver on instance: /home/yorig/tuner/mpils-tests/instances/miplib/medium-1/b1c1s1.mps with config: /scratch/yorig/mpils-results-grid-ticks-10000-7may/medium-1/16proc-16pils/seed-5/1_b1c1s1_seed-5_20260510_072951/iterated_local_search/run_6_worker_0/parallel_0_2.prm
[INFO]:[07:32:07] CPLEX results. Gap: 16.110000, upper bound: 24566.520000, lower bound: 20610.054292
[INFO]:[07:32:07] CPLEX solver finished. Gap: 16.110000
[INFO]:[07:32:08] Starting CPLEX solver on instance: /home/yorig/tuner/mpils-tests/instances/miplib/medium-1/b1c1s1.mps with config: /scratch/yorig/mpils-results-grid-ticks-10000-7may/medium-1/16proc-16pils/seed-5/1_b1c1s1_seed-5_20260510_072951/iterated_local_search/run_6_worker_0/parallel_16_2.prm
[INFO]:[07:32:14] CPLEX results. Gap: 16.110000, upper bound: 24566.520000, lower bound: 20610.054292
[INFO]:[07:32:14] CPLEX solver finished. Gap: 16.110000
[INFO]:[07:32:15] Worker (ils_group_rank=2) exiting parallel ILS evaluation service.
[INFO]:[07:32:15] Worker 2 completed exploration phase.
[INFO]:[07:32:15] Worker 2 received order for step 2.
[INFO]:[07:32:15] Worker 2 running expansion phase for iteration 6.
[INFO]:[07:32:15] Worker 2 will use solver log file: /scratch/yorig/mpils-results-grid-ticks-10000-7may/medium-1/16proc-16pils/seed-5/1_b1c1s1_seed-5_20260510_072951/solver/cplex.log_iteration_expansion_6_worker_2
[INFO]:[07:32:15] Expansion Worker 2 starting expansion for iteration 6.
[INFO]:[07:32:15] Starting CPLEX solver on instance: /home/yorig/tuner/mpils-tests/instances/miplib/medium-1/b1c1s1.mps with config: /scratch/yorig/mpils-results-grid-ticks-10000-7may/medium-1/16proc-16pils/seed-5/1_b1c1s1_seed-5_20260510_072951/expansion/config_param_CPXPARAM_Preprocessing_RepeatPresolve_0_iter_6.prm
[INFO]:[07:32:21] CPLEX results. Gap: 19.700000, upper bound: 25447.820000, lower bound: 20435.659593
[INFO]:[07:32:21] CPLEX solver finished. Gap: 19.700000
[INFO]:[07:32:21] Starting CPLEX solver on instance: /home/yorig/tuner/mpils-tests/instances/miplib/medium-1/b1c1s1.mps with config: /scratch/yorig/mpils-results-grid-ticks-10000-7may/medium-1/16proc-16pils/seed-5/1_b1c1s1_seed-5_20260510_072951/expansion/config_param_CPXPARAM_Simplex_Limits_Singularity_0_iter_6.prm
[INFO]:[07:32:28] CPLEX results. Gap: 16.110000, upper bound: 24566.520000, lower bound: 20610.054292
[INFO]:[07:32:28] CPLEX solver finished. Gap: 16.110000
[INFO]:[07:32:28] Expansion Worker 2 completed expansion.
[INFO]:[07:32:28] Worker 2 completed expansion phase.
[INFO]:[07:32:28] Worker 2 received order for step 1.
[INFO]:[07:32:28] Worker 2 running exploration phase for iteration 7.
[INFO]:[07:32:28] Worker 2 at iteration 7 will not use a MIP start file. Current best MIP-start upper bound threshold is 1.79769e+308.
[INFO]:[07:32:28] Starting local search phase...
[INFO]:[07:32:28] Worker (ils_group_rank=2) entering parallel ILS evaluation service.
[INFO]:[07:32:28] Starting CPLEX solver on instance: /home/yorig/tuner/mpils-tests/instances/miplib/medium-1/b1c1s1.mps with config: /scratch/yorig/mpils-results-grid-ticks-10000-7may/medium-1/16proc-16pils/seed-5/1_b1c1s1_seed-5_20260510_072951/iterated_local_search/run_7_worker_0/parallel_0_2.prm
[INFO]:[07:32:35] CPLEX results. Gap: 16.710000, upper bound: 24905.050000, lower bound: 20742.395918
[INFO]:[07:32:35] CPLEX solver finished. Gap: 16.710000
[INFO]:[07:32:35] Worker (ils_group_rank=2) exiting parallel ILS evaluation service.
[INFO]:[07:32:35] Worker 2 completed exploration phase.
[INFO]:[07:32:35] Worker 2 received order for step 3.
[INFO]:[07:32:35] Worker 2 finished.
