[INFO]:[03:51:58] Worker 1 starting.
[INFO]:[03:51:58] Worker 1 received order for step 1.
[INFO]:[03:51:58] Worker 1 running exploration phase for iteration 1.
[INFO]:[03:51:58] Worker 1 at iteration 1 will not use a MIP start file. Current best MIP-start upper bound threshold is 1.79769e+308.
[INFO]:[03:51:58] Starting local search phase...
[INFO]:[03:51:58] Creating local search space from parameter space file: /scratch/yorig/mpils-results-grid-ticks-10000-7may/easy/24proc/seed-3/4_lotsize_seed-3_20260509_035156/iterated_local_search/search_space/search_space_file_1_worker_1.txt
[INFO]:[03:51:58] Local search space loaded from file: /scratch/yorig/mpils-results-grid-ticks-10000-7may/easy/24proc/seed-3/4_lotsize_seed-3_20260509_035156/iterated_local_search/search_space/search_space_file_1_worker_1.txt
[INFO]:[03:51:58] Number of parameters in local search space: 71
[INFO]:[03:51:58] Number of forbidden tuples in local search space: 0
[INFO]:[03:51:58] Number of conditionals in local search space: 6
[INFO]:[03:51:58] MIP start option not enabled. Local search will proceed without MIP start.
[INFO]:[03:51:58] Evaluating initial configuration for local search phase...
[INFO]:[03:51:58] Starting CPLEX solver on instance: /home/yorig/tuner/mpils-tests/instances/miplib/easy/lotsize.mps with config: /scratch/yorig/mpils-results-grid-ticks-10000-7may/easy/24proc/seed-3/4_lotsize_seed-3_20260509_035156/iterated_local_search/run_1_worker_1/ils_config_7028777073267807816.prm
[INFO]:[03:51:58] Starting CPLEX solver on instance: /home/yorig/tuner/mpils-tests/instances/miplib/easy/lotsize.mps with config: /scratch/yorig/mpils-results-grid-ticks-10000-7may/easy/24proc/seed-3/4_lotsize_seed-3_20260509_035156/iterated_local_search/run_1_worker_1/ils_config_7028777073267807816.prm
[INFO]:[03:52:06] CPLEX results. Gap: 22.480000, upper bound: 1622420.000000, lower bound: 1257721.203150
[INFO]:[03:52:06] CPLEX solver finished. Gap: 22.480000
[INFO]:[03:52:06] Initial configuration evaluated with objective value: 22.48
[INFO]:[03:52:07] Starting CPLEX solver on instance: /home/yorig/tuner/mpils-tests/instances/miplib/easy/lotsize.mps with config: /scratch/yorig/mpils-results-grid-ticks-10000-7may/easy/24proc/seed-3/4_lotsize_seed-3_20260509_035156/iterated_local_search/run_1_worker_1/ils_config_15291860037756058713.prm
[INFO]:[03:52:07] Starting CPLEX solver on instance: /home/yorig/tuner/mpils-tests/instances/miplib/easy/lotsize.mps with config: /scratch/yorig/mpils-results-grid-ticks-10000-7may/easy/24proc/seed-3/4_lotsize_seed-3_20260509_035156/iterated_local_search/run_1_worker_1/ils_config_15291860037756058713.prm
[INFO]:[03:52:16] CPLEX results. Gap: 28.370000, upper bound: 1602539.000000, lower bound: 1147819.586709
[INFO]:[03:52:16] CPLEX solver finished. Gap: 28.370000
[INFO]:[03:52:16] Starting CPLEX solver on instance: /home/yorig/tuner/mpils-tests/instances/miplib/easy/lotsize.mps with config: /scratch/yorig/mpils-results-grid-ticks-10000-7may/easy/24proc/seed-3/4_lotsize_seed-3_20260509_035156/iterated_local_search/run_1_worker_1/ils_config_15556043000346697145.prm
[INFO]:[03:52:16] Starting CPLEX solver on instance: /home/yorig/tuner/mpils-tests/instances/miplib/easy/lotsize.mps with config: /scratch/yorig/mpils-results-grid-ticks-10000-7may/easy/24proc/seed-3/4_lotsize_seed-3_20260509_035156/iterated_local_search/run_1_worker_1/ils_config_15556043000346697145.prm
[INFO]:[03:52:25] CPLEX results. Gap: 21.770000, upper bound: 1571414.000000, lower bound: 1229384.679996
[INFO]:[03:52:25] CPLEX solver finished. Gap: 21.770000
[INFO]:[03:52:25] New incumbent found with objective value: 21.77
[INFO]:[03:52:25] Starting CPLEX solver on instance: /home/yorig/tuner/mpils-tests/instances/miplib/easy/lotsize.mps with config: /scratch/yorig/mpils-results-grid-ticks-10000-7may/easy/24proc/seed-3/4_lotsize_seed-3_20260509_035156/iterated_local_search/run_1_worker_1/ils_config_18368262985047444403.prm
[INFO]:[03:52:25] Starting CPLEX solver on instance: /home/yorig/tuner/mpils-tests/instances/miplib/easy/lotsize.mps with config: /scratch/yorig/mpils-results-grid-ticks-10000-7may/easy/24proc/seed-3/4_lotsize_seed-3_20260509_035156/iterated_local_search/run_1_worker_1/ils_config_18368262985047444403.prm
[INFO]:[03:52:34] CPLEX results. Gap: 21.770000, upper bound: 1571414.000000, lower bound: 1229384.679996
[INFO]:[03:52:34] CPLEX solver finished. Gap: 21.770000
[INFO]:[03:52:34] Starting CPLEX solver on instance: /home/yorig/tuner/mpils-tests/instances/miplib/easy/lotsize.mps with config: /scratch/yorig/mpils-results-grid-ticks-10000-7may/easy/24proc/seed-3/4_lotsize_seed-3_20260509_035156/iterated_local_search/run_1_worker_1/ils_config_9414181165683156458.prm
[INFO]:[03:52:34] Starting CPLEX solver on instance: /home/yorig/tuner/mpils-tests/instances/miplib/easy/lotsize.mps with config: /scratch/yorig/mpils-results-grid-ticks-10000-7may/easy/24proc/seed-3/4_lotsize_seed-3_20260509_035156/iterated_local_search/run_1_worker_1/ils_config_9414181165683156458.prm
[INFO]:[03:52:43] CPLEX results. Gap: 21.770000, upper bound: 1571414.000000, lower bound: 1229384.679996
[INFO]:[03:52:43] CPLEX solver finished. Gap: 21.770000
[INFO]:[03:52:43] Starting CPLEX solver on instance: /home/yorig/tuner/mpils-tests/instances/miplib/easy/lotsize.mps with config: /scratch/yorig/mpils-results-grid-ticks-10000-7may/easy/24proc/seed-3/4_lotsize_seed-3_20260509_035156/iterated_local_search/run_1_worker_1/ils_config_17662358997489747725.prm
[INFO]:[03:52:43] Starting CPLEX solver on instance: /home/yorig/tuner/mpils-tests/instances/miplib/easy/lotsize.mps with config: /scratch/yorig/mpils-results-grid-ticks-10000-7may/easy/24proc/seed-3/4_lotsize_seed-3_20260509_035156/iterated_local_search/run_1_worker_1/ils_config_17662358997489747725.prm
[INFO]:[03:52:51] CPLEX results. Gap: 21.770000, upper bound: 1571414.000000, lower bound: 1229384.679996
[INFO]:[03:52:51] CPLEX solver finished. Gap: 21.770000
[INFO]:[03:52:51] Starting CPLEX solver on instance: /home/yorig/tuner/mpils-tests/instances/miplib/easy/lotsize.mps with config: /scratch/yorig/mpils-results-grid-ticks-10000-7may/easy/24proc/seed-3/4_lotsize_seed-3_20260509_035156/iterated_local_search/run_1_worker_1/ils_config_1948557288759696962.prm
[INFO]:[03:52:51] Starting CPLEX solver on instance: /home/yorig/tuner/mpils-tests/instances/miplib/easy/lotsize.mps with config: /scratch/yorig/mpils-results-grid-ticks-10000-7may/easy/24proc/seed-3/4_lotsize_seed-3_20260509_035156/iterated_local_search/run_1_worker_1/ils_config_1948557288759696962.prm
[INFO]:[03:53:01] CPLEX results. Gap: 22.360000, upper bound: 1580650.000000, lower bound: 1227222.931471
[INFO]:[03:53:01] CPLEX solver finished. Gap: 22.360000
[INFO]:[03:53:01] Starting CPLEX solver on instance: /home/yorig/tuner/mpils-tests/instances/miplib/easy/lotsize.mps with config: /scratch/yorig/mpils-results-grid-ticks-10000-7may/easy/24proc/seed-3/4_lotsize_seed-3_20260509_035156/iterated_local_search/run_1_worker_1/ils_config_13238500974889940032.prm
[INFO]:[03:53:01] Starting CPLEX solver on instance: /home/yorig/tuner/mpils-tests/instances/miplib/easy/lotsize.mps with config: /scratch/yorig/mpils-results-grid-ticks-10000-7may/easy/24proc/seed-3/4_lotsize_seed-3_20260509_035156/iterated_local_search/run_1_worker_1/ils_config_13238500974889940032.prm
[INFO]:[03:53:09] CPLEX results. Gap: 26.250000, upper bound: 1616457.000000, lower bound: 1192109.560612
[INFO]:[03:53:09] CPLEX solver finished. Gap: 26.250000
[INFO]:[03:53:09] Starting CPLEX solver on instance: /home/yorig/tuner/mpils-tests/instances/miplib/easy/lotsize.mps with config: /scratch/yorig/mpils-results-grid-ticks-10000-7may/easy/24proc/seed-3/4_lotsize_seed-3_20260509_035156/iterated_local_search/run_1_worker_1/ils_config_3854326198590570380.prm
[INFO]:[03:53:09] Starting CPLEX solver on instance: /home/yorig/tuner/mpils-tests/instances/miplib/easy/lotsize.mps with config: /scratch/yorig/mpils-results-grid-ticks-10000-7may/easy/24proc/seed-3/4_lotsize_seed-3_20260509_035156/iterated_local_search/run_1_worker_1/ils_config_3854326198590570380.prm
[INFO]:[03:53:15] CPLEX results. Gap: 18.570000, upper bound: 1636465.000000, lower bound: 1332523.684715
[INFO]:[03:53:15] CPLEX solver finished. Gap: 18.570000
[INFO]:[03:53:15] New incumbent found with objective value: 18.57
[INFO]:[03:53:15] Starting CPLEX solver on instance: /home/yorig/tuner/mpils-tests/instances/miplib/easy/lotsize.mps with config: /scratch/yorig/mpils-results-grid-ticks-10000-7may/easy/24proc/seed-3/4_lotsize_seed-3_20260509_035156/iterated_local_search/run_1_worker_1/ils_config_17157473055816158830.prm
[INFO]:[03:53:15] Starting CPLEX solver on instance: /home/yorig/tuner/mpils-tests/instances/miplib/easy/lotsize.mps with config: /scratch/yorig/mpils-results-grid-ticks-10000-7may/easy/24proc/seed-3/4_lotsize_seed-3_20260509_035156/iterated_local_search/run_1_worker_1/ils_config_17157473055816158830.prm
[INFO]:[03:53:22] CPLEX results. Gap: 33.370000, upper bound: 1921027.999995, lower bound: 1279995.870628
[INFO]:[03:53:22] CPLEX solver finished. Gap: 33.370000
[INFO]:[03:53:22] Starting CPLEX solver on instance: /home/yorig/tuner/mpils-tests/instances/miplib/easy/lotsize.mps with config: /scratch/yorig/mpils-results-grid-ticks-10000-7may/easy/24proc/seed-3/4_lotsize_seed-3_20260509_035156/iterated_local_search/run_1_worker_1/ils_config_10644650358410996785.prm
[INFO]:[03:53:22] Starting CPLEX solver on instance: /home/yorig/tuner/mpils-tests/instances/miplib/easy/lotsize.mps with config: /scratch/yorig/mpils-results-grid-ticks-10000-7may/easy/24proc/seed-3/4_lotsize_seed-3_20260509_035156/iterated_local_search/run_1_worker_1/ils_config_10644650358410996785.prm
[INFO]:[03:53:29] CPLEX results. Gap: 24.080000, upper bound: 1739747.000000, lower bound: 1320749.022823
[INFO]:[03:53:29] CPLEX solver finished. Gap: 24.080000
[INFO]:[03:53:29] Starting CPLEX solver on instance: /home/yorig/tuner/mpils-tests/instances/miplib/easy/lotsize.mps with config: /scratch/yorig/mpils-results-grid-ticks-10000-7may/easy/24proc/seed-3/4_lotsize_seed-3_20260509_035156/iterated_local_search/run_1_worker_1/ils_config_15492729806150662201.prm
[INFO]:[03:53:29] Starting CPLEX solver on instance: /home/yorig/tuner/mpils-tests/instances/miplib/easy/lotsize.mps with config: /scratch/yorig/mpils-results-grid-ticks-10000-7may/easy/24proc/seed-3/4_lotsize_seed-3_20260509_035156/iterated_local_search/run_1_worker_1/ils_config_15492729806150662201.prm
[INFO]:[03:53:35] CPLEX results. Gap: 17.730000, upper bound: 1627496.000000, lower bound: 1338937.062318
[INFO]:[03:53:35] CPLEX solver finished. Gap: 17.730000
[INFO]:[03:53:35] New incumbent found with objective value: 17.73
[INFO]:[03:53:35] Starting CPLEX solver on instance: /home/yorig/tuner/mpils-tests/instances/miplib/easy/lotsize.mps with config: /scratch/yorig/mpils-results-grid-ticks-10000-7may/easy/24proc/seed-3/4_lotsize_seed-3_20260509_035156/iterated_local_search/run_1_worker_1/ils_config_3591405975599726887.prm
[INFO]:[03:53:35] Starting CPLEX solver on instance: /home/yorig/tuner/mpils-tests/instances/miplib/easy/lotsize.mps with config: /scratch/yorig/mpils-results-grid-ticks-10000-7may/easy/24proc/seed-3/4_lotsize_seed-3_20260509_035156/iterated_local_search/run_1_worker_1/ils_config_3591405975599726887.prm
[INFO]:[03:53:41] CPLEX results. Gap: 31.170000, upper bound: 1936150.999995, lower bound: 1332700.785517
[INFO]:[03:53:41] CPLEX solver finished. Gap: 31.170000
[INFO]:[03:53:41] Starting CPLEX solver on instance: /home/yorig/tuner/mpils-tests/instances/miplib/easy/lotsize.mps with config: /scratch/yorig/mpils-results-grid-ticks-10000-7may/easy/24proc/seed-3/4_lotsize_seed-3_20260509_035156/iterated_local_search/run_1_worker_1/ils_config_16675540522186756418.prm
[INFO]:[03:53:41] Starting CPLEX solver on instance: /home/yorig/tuner/mpils-tests/instances/miplib/easy/lotsize.mps with config: /scratch/yorig/mpils-results-grid-ticks-10000-7may/easy/24proc/seed-3/4_lotsize_seed-3_20260509_035156/iterated_local_search/run_1_worker_1/ils_config_16675540522186756418.prm
[INFO]:[03:53:47] CPLEX results. Gap: 25.320000, upper bound: 1777742.000000, lower bound: 1327618.192732
[INFO]:[03:53:47] CPLEX solver finished. Gap: 25.320000
[INFO]:[03:53:47] Starting CPLEX solver on instance: /home/yorig/tuner/mpils-tests/instances/miplib/easy/lotsize.mps with config: /scratch/yorig/mpils-results-grid-ticks-10000-7may/easy/24proc/seed-3/4_lotsize_seed-3_20260509_035156/iterated_local_search/run_1_worker_1/ils_config_12297677169221392526.prm
[INFO]:[03:53:47] Starting CPLEX solver on instance: /home/yorig/tuner/mpils-tests/instances/miplib/easy/lotsize.mps with config: /scratch/yorig/mpils-results-grid-ticks-10000-7may/easy/24proc/seed-3/4_lotsize_seed-3_20260509_035156/iterated_local_search/run_1_worker_1/ils_config_12297677169221392526.prm
[INFO]:[03:53:53] CPLEX results. Gap: 17.730000, upper bound: 1627496.000000, lower bound: 1338937.062318
[INFO]:[03:53:53] CPLEX solver finished. Gap: 17.730000
[INFO]:[03:53:53] Starting CPLEX solver on instance: /home/yorig/tuner/mpils-tests/instances/miplib/easy/lotsize.mps with config: /scratch/yorig/mpils-results-grid-ticks-10000-7may/easy/24proc/seed-3/4_lotsize_seed-3_20260509_035156/iterated_local_search/run_1_worker_1/ils_config_4534554149039370615.prm
[INFO]:[03:53:53] Starting CPLEX solver on instance: /home/yorig/tuner/mpils-tests/instances/miplib/easy/lotsize.mps with config: /scratch/yorig/mpils-results-grid-ticks-10000-7may/easy/24proc/seed-3/4_lotsize_seed-3_20260509_035156/iterated_local_search/run_1_worker_1/ils_config_4534554149039370615.prm
[INFO]:[03:53:59] CPLEX results. Gap: 17.730000, upper bound: 1627496.000000, lower bound: 1338937.062318
[INFO]:[03:53:59] CPLEX solver finished. Gap: 17.730000
[INFO]:[03:53:59] Starting CPLEX solver on instance: /home/yorig/tuner/mpils-tests/instances/miplib/easy/lotsize.mps with config: /scratch/yorig/mpils-results-grid-ticks-10000-7may/easy/24proc/seed-3/4_lotsize_seed-3_20260509_035156/iterated_local_search/run_1_worker_1/ils_config_9232434968469688334.prm
[INFO]:[03:53:59] Starting CPLEX solver on instance: /home/yorig/tuner/mpils-tests/instances/miplib/easy/lotsize.mps with config: /scratch/yorig/mpils-results-grid-ticks-10000-7may/easy/24proc/seed-3/4_lotsize_seed-3_20260509_035156/iterated_local_search/run_1_worker_1/ils_config_9232434968469688334.prm
[INFO]:[03:54:05] CPLEX results. Gap: 17.730000, upper bound: 1627496.000000, lower bound: 1338937.062318
[INFO]:[03:54:05] CPLEX solver finished. Gap: 17.730000
[INFO]:[03:54:05] Starting CPLEX solver on instance: /home/yorig/tuner/mpils-tests/instances/miplib/easy/lotsize.mps with config: /scratch/yorig/mpils-results-grid-ticks-10000-7may/easy/24proc/seed-3/4_lotsize_seed-3_20260509_035156/iterated_local_search/run_1_worker_1/ils_config_17432663527037445873.prm
[INFO]:[03:54:05] Starting CPLEX solver on instance: /home/yorig/tuner/mpils-tests/instances/miplib/easy/lotsize.mps with config: /scratch/yorig/mpils-results-grid-ticks-10000-7may/easy/24proc/seed-3/4_lotsize_seed-3_20260509_035156/iterated_local_search/run_1_worker_1/ils_config_17432663527037445873.prm
[INFO]:[03:54:11] CPLEX results. Gap: 22.450000, upper bound: 1743678.000000, lower bound: 1352194.875108
[INFO]:[03:54:11] CPLEX solver finished. Gap: 22.450000
[INFO]:[03:54:11] Starting CPLEX solver on instance: /home/yorig/tuner/mpils-tests/instances/miplib/easy/lotsize.mps with config: /scratch/yorig/mpils-results-grid-ticks-10000-7may/easy/24proc/seed-3/4_lotsize_seed-3_20260509_035156/iterated_local_search/run_1_worker_1/ils_config_3220441842570059356.prm
[INFO]:[03:54:11] Starting CPLEX solver on instance: /home/yorig/tuner/mpils-tests/instances/miplib/easy/lotsize.mps with config: /scratch/yorig/mpils-results-grid-ticks-10000-7may/easy/24proc/seed-3/4_lotsize_seed-3_20260509_035156/iterated_local_search/run_1_worker_1/ils_config_3220441842570059356.prm
[INFO]:[03:54:17] CPLEX results. Gap: 30.970000, upper bound: 1908132.999995, lower bound: 1317184.152787
[INFO]:[03:54:17] CPLEX solver finished. Gap: 30.970000
[INFO]:[03:54:17] Starting CPLEX solver on instance: /home/yorig/tuner/mpils-tests/instances/miplib/easy/lotsize.mps with config: /scratch/yorig/mpils-results-grid-ticks-10000-7may/easy/24proc/seed-3/4_lotsize_seed-3_20260509_035156/iterated_local_search/run_1_worker_1/ils_config_11646172169069913270.prm
[INFO]:[03:54:17] Starting CPLEX solver on instance: /home/yorig/tuner/mpils-tests/instances/miplib/easy/lotsize.mps with config: /scratch/yorig/mpils-results-grid-ticks-10000-7may/easy/24proc/seed-3/4_lotsize_seed-3_20260509_035156/iterated_local_search/run_1_worker_1/ils_config_11646172169069913270.prm
[INFO]:[03:54:22] CPLEX results. Gap: 31.120000, upper bound: 1698943.000000, lower bound: 1170266.577229
[INFO]:[03:54:22] CPLEX solver finished. Gap: 31.120000
[INFO]:[03:54:22] Local search phase completed.
[INFO]:[03:54:22] Total number of new local-search evaluations: 20
[INFO]:[03:54:22] Final incumbent objective value: 17.73
[INFO]:[03:54:31] Worker 1 completed exploration phase.
[INFO]:[03:54:31] Worker 1 received order for step 2.
[INFO]:[03:54:31] Worker 1 running expansion phase for iteration 1.
[INFO]:[03:54:31] Worker 1 will use solver log file: /scratch/yorig/mpils-results-grid-ticks-10000-7may/easy/24proc/seed-3/4_lotsize_seed-3_20260509_035156/solver/cplex.log_iteration_expansion_1_worker_1
[INFO]:[03:54:31] Expansion Worker 1 starting expansion for iteration 1.
[INFO]:[03:54:31] Starting CPLEX solver on instance: /home/yorig/tuner/mpils-tests/instances/miplib/easy/lotsize.mps with config: /scratch/yorig/mpils-results-grid-ticks-10000-7may/easy/24proc/seed-3/4_lotsize_seed-3_20260509_035156/expansion/config_param_CPXPARAM_MIP_Strategy_Probe_1_iter_1.prm
[INFO]:[03:54:38] CPLEX results. Gap: 21.270000, upper bound: 1633515.000000, lower bound: 1286117.915025
[INFO]:[03:54:38] CPLEX solver finished. Gap: 21.270000
[INFO]:[03:54:40] Starting CPLEX solver on instance: /home/yorig/tuner/mpils-tests/instances/miplib/easy/lotsize.mps with config: /scratch/yorig/mpils-results-grid-ticks-10000-7may/easy/24proc/seed-3/4_lotsize_seed-3_20260509_035156/expansion/config_param_CPXPARAM_MIP_Limits_ProbeTime_30_iter_1.prm
[INFO]:[03:54:48] CPLEX results. Gap: 14.760000, upper bound: 1526412.000000, lower bound: 1301099.795609
[INFO]:[03:54:48] CPLEX solver finished. Gap: 14.760000
[INFO]:[03:54:48] Starting CPLEX solver on instance: /home/yorig/tuner/mpils-tests/instances/miplib/easy/lotsize.mps with config: /scratch/yorig/mpils-results-grid-ticks-10000-7may/easy/24proc/seed-3/4_lotsize_seed-3_20260509_035156/expansion/config_param_CPXPARAM_MIP_Limits_CutsFactor_1_iter_1.prm
[INFO]:[03:54:55] CPLEX results. Gap: 76.680000, upper bound: 1504483.000000, lower bound: 350889.777554
[INFO]:[03:54:55] CPLEX solver finished. Gap: 76.680000
[INFO]:[03:54:56] Expansion Worker 1 completed expansion.
[INFO]:[03:54:56] Worker 1 completed expansion phase.
[INFO]:[03:54:56] Worker 1 received order for step 1.
[INFO]:[03:54:56] Worker 1 running exploration phase for iteration 2.
[INFO]:[03:54:56] Worker 1 at iteration 2 will not use a MIP start file. Current best MIP-start upper bound threshold is 1.79769e+308.
[INFO]:[03:54:56] Starting local search phase...
[INFO]:[03:54:56] Creating local search space from parameter space file: /scratch/yorig/mpils-results-grid-ticks-10000-7may/easy/24proc/seed-3/4_lotsize_seed-3_20260509_035156/iterated_local_search/search_space/search_space_file_2_worker_1.txt
[INFO]:[03:54:56] Local search space loaded from file: /scratch/yorig/mpils-results-grid-ticks-10000-7may/easy/24proc/seed-3/4_lotsize_seed-3_20260509_035156/iterated_local_search/search_space/search_space_file_2_worker_1.txt
[INFO]:[03:54:56] Number of parameters in local search space: 71
[INFO]:[03:54:56] Number of forbidden tuples in local search space: 24
[INFO]:[03:54:56] Number of conditionals in local search space: 6
[INFO]:[03:54:56] MIP start option not enabled. Local search will proceed without MIP start.
[INFO]:[03:54:56] Evaluating initial configuration for local search phase...
[INFO]:[03:54:56] Starting CPLEX solver on instance: /home/yorig/tuner/mpils-tests/instances/miplib/easy/lotsize.mps with config: /scratch/yorig/mpils-results-grid-ticks-10000-7may/easy/24proc/seed-3/4_lotsize_seed-3_20260509_035156/iterated_local_search/run_2_worker_1/ils_config_14655166696952872833.prm
[INFO]:[03:54:56] Starting CPLEX solver on instance: /home/yorig/tuner/mpils-tests/instances/miplib/easy/lotsize.mps with config: /scratch/yorig/mpils-results-grid-ticks-10000-7may/easy/24proc/seed-3/4_lotsize_seed-3_20260509_035156/iterated_local_search/run_2_worker_1/ils_config_14655166696952872833.prm
[INFO]:[03:55:03] CPLEX results. Gap: 14.760000, upper bound: 1526412.000000, lower bound: 1301099.795609
[INFO]:[03:55:03] CPLEX solver finished. Gap: 14.760000
[INFO]:[03:55:03] Initial configuration evaluated with objective value: 14.76
[INFO]:[03:55:03] Starting CPLEX solver on instance: /home/yorig/tuner/mpils-tests/instances/miplib/easy/lotsize.mps with config: /scratch/yorig/mpils-results-grid-ticks-10000-7may/easy/24proc/seed-3/4_lotsize_seed-3_20260509_035156/iterated_local_search/run_2_worker_1/ils_config_17992409156453272654.prm
[INFO]:[03:55:03] Starting CPLEX solver on instance: /home/yorig/tuner/mpils-tests/instances/miplib/easy/lotsize.mps with config: /scratch/yorig/mpils-results-grid-ticks-10000-7may/easy/24proc/seed-3/4_lotsize_seed-3_20260509_035156/iterated_local_search/run_2_worker_1/ils_config_17992409156453272654.prm
[INFO]:[03:55:11] CPLEX results. Gap: 18.650000, upper bound: 1572415.000000, lower bound: 1279186.551969
[INFO]:[03:55:11] CPLEX solver finished. Gap: 18.650000
[INFO]:[03:55:11] Starting CPLEX solver on instance: /home/yorig/tuner/mpils-tests/instances/miplib/easy/lotsize.mps with config: /scratch/yorig/mpils-results-grid-ticks-10000-7may/easy/24proc/seed-3/4_lotsize_seed-3_20260509_035156/iterated_local_search/run_2_worker_1/ils_config_8007779130686829526.prm
[INFO]:[03:55:11] Starting CPLEX solver on instance: /home/yorig/tuner/mpils-tests/instances/miplib/easy/lotsize.mps with config: /scratch/yorig/mpils-results-grid-ticks-10000-7may/easy/24proc/seed-3/4_lotsize_seed-3_20260509_035156/iterated_local_search/run_2_worker_1/ils_config_8007779130686829526.prm
[INFO]:[03:55:18] CPLEX results. Gap: 18.460000, upper bound: 1566793.000000, lower bound: 1277630.501758
[INFO]:[03:55:18] CPLEX solver finished. Gap: 18.460000
[INFO]:[03:55:18] Starting CPLEX solver on instance: /home/yorig/tuner/mpils-tests/instances/miplib/easy/lotsize.mps with config: /scratch/yorig/mpils-results-grid-ticks-10000-7may/easy/24proc/seed-3/4_lotsize_seed-3_20260509_035156/iterated_local_search/run_2_worker_1/ils_config_5878016953941897829.prm
[INFO]:[03:55:18] Starting CPLEX solver on instance: /home/yorig/tuner/mpils-tests/instances/miplib/easy/lotsize.mps with config: /scratch/yorig/mpils-results-grid-ticks-10000-7may/easy/24proc/seed-3/4_lotsize_seed-3_20260509_035156/iterated_local_search/run_2_worker_1/ils_config_5878016953941897829.prm
[INFO]:[03:55:25] CPLEX results. Gap: 24.710000, upper bound: 1624107.000000, lower bound: 1222729.197630
[INFO]:[03:55:25] CPLEX solver finished. Gap: 24.710000
[INFO]:[03:55:25] Starting CPLEX solver on instance: /home/yorig/tuner/mpils-tests/instances/miplib/easy/lotsize.mps with config: /scratch/yorig/mpils-results-grid-ticks-10000-7may/easy/24proc/seed-3/4_lotsize_seed-3_20260509_035156/iterated_local_search/run_2_worker_1/ils_config_5248472250788800504.prm
[INFO]:[03:55:25] Starting CPLEX solver on instance: /home/yorig/tuner/mpils-tests/instances/miplib/easy/lotsize.mps with config: /scratch/yorig/mpils-results-grid-ticks-10000-7may/easy/24proc/seed-3/4_lotsize_seed-3_20260509_035156/iterated_local_search/run_2_worker_1/ils_config_5248472250788800504.prm
[INFO]:[03:55:31] CPLEX results. Gap: 31.710000, upper bound: 1915959.999994, lower bound: 1308362.132016
[INFO]:[03:55:31] CPLEX solver finished. Gap: 31.710000
[INFO]:[03:55:31] Local search phase completed.
[INFO]:[03:55:31] Total number of new local-search evaluations: 5
[INFO]:[03:55:31] Final incumbent objective value: 14.76
[INFO]:[03:55:35] Worker 1 completed exploration phase.
[INFO]:[03:55:35] Worker 1 received order for step 2.
[INFO]:[03:55:35] Worker 1 running expansion phase for iteration 2.
[INFO]:[03:55:35] Worker 1 will use solver log file: /scratch/yorig/mpils-results-grid-ticks-10000-7may/easy/24proc/seed-3/4_lotsize_seed-3_20260509_035156/solver/cplex.log_iteration_expansion_2_worker_1
[INFO]:[03:55:35] Expansion Worker 1 starting expansion for iteration 2.
[INFO]:[03:55:35] Starting CPLEX solver on instance: /home/yorig/tuner/mpils-tests/instances/miplib/easy/lotsize.mps with config: /scratch/yorig/mpils-results-grid-ticks-10000-7may/easy/24proc/seed-3/4_lotsize_seed-3_20260509_035156/expansion/config_param_CPXPARAM_MIP_Strategy_PresolveNode_1_iter_2.prm
[INFO]:[03:55:44] CPLEX results. Gap: 20.080000, upper bound: 1543750.000000, lower bound: 1233810.993439
[INFO]:[03:55:44] CPLEX solver finished. Gap: 20.080000
[INFO]:[03:55:45] Starting CPLEX solver on instance: /home/yorig/tuner/mpils-tests/instances/miplib/easy/lotsize.mps with config: /scratch/yorig/mpils-results-grid-ticks-10000-7may/easy/24proc/seed-3/4_lotsize_seed-3_20260509_035156/expansion/config_param_CPXPARAM_MIP_Strategy_StartAlgorithm_5_iter_2.prm
[INFO]:[03:55:53] CPLEX results. Gap: 29.880000, upper bound: 1869558.000000, lower bound: 1311002.584338
[INFO]:[03:55:53] CPLEX solver finished. Gap: 29.880000
[INFO]:[03:55:53] Expansion Worker 1 completed expansion.
[INFO]:[03:55:53] Worker 1 completed expansion phase.
[INFO]:[03:55:53] Worker 1 received order for step 1.
[INFO]:[03:55:53] Worker 1 running exploration phase for iteration 3.
[INFO]:[03:55:53] Worker 1 at iteration 3 will not use a MIP start file. Current best MIP-start upper bound threshold is 1.79769e+308.
[INFO]:[03:55:53] Starting local search phase...
[INFO]:[03:55:53] Creating local search space from parameter space file: /scratch/yorig/mpils-results-grid-ticks-10000-7may/easy/24proc/seed-3/4_lotsize_seed-3_20260509_035156/iterated_local_search/search_space/search_space_file_3_worker_1.txt
[INFO]:[03:55:53] Local search space loaded from file: /scratch/yorig/mpils-results-grid-ticks-10000-7may/easy/24proc/seed-3/4_lotsize_seed-3_20260509_035156/iterated_local_search/search_space/search_space_file_3_worker_1.txt
[INFO]:[03:55:53] Number of parameters in local search space: 71
[INFO]:[03:55:53] Number of forbidden tuples in local search space: 24
[INFO]:[03:55:53] Number of conditionals in local search space: 6
[INFO]:[03:55:53] MIP start option not enabled. Local search will proceed without MIP start.
[INFO]:[03:55:53] Evaluating initial configuration for local search phase...
[INFO]:[03:55:53] Starting CPLEX solver on instance: /home/yorig/tuner/mpils-tests/instances/miplib/easy/lotsize.mps with config: /scratch/yorig/mpils-results-grid-ticks-10000-7may/easy/24proc/seed-3/4_lotsize_seed-3_20260509_035156/iterated_local_search/run_3_worker_1/ils_config_14655166696952872833.prm
[INFO]:[03:55:53] Starting CPLEX solver on instance: /home/yorig/tuner/mpils-tests/instances/miplib/easy/lotsize.mps with config: /scratch/yorig/mpils-results-grid-ticks-10000-7may/easy/24proc/seed-3/4_lotsize_seed-3_20260509_035156/iterated_local_search/run_3_worker_1/ils_config_14655166696952872833.prm
[INFO]:[03:56:00] CPLEX results. Gap: 14.760000, upper bound: 1526412.000000, lower bound: 1301099.795609
[INFO]:[03:56:00] CPLEX solver finished. Gap: 14.760000
[INFO]:[03:56:00] Initial configuration evaluated with objective value: 14.76
[INFO]:[03:56:00] Starting CPLEX solver on instance: /home/yorig/tuner/mpils-tests/instances/miplib/easy/lotsize.mps with config: /scratch/yorig/mpils-results-grid-ticks-10000-7may/easy/24proc/seed-3/4_lotsize_seed-3_20260509_035156/iterated_local_search/run_3_worker_1/ils_config_3831915774325892265.prm
[INFO]:[03:56:00] Starting CPLEX solver on instance: /home/yorig/tuner/mpils-tests/instances/miplib/easy/lotsize.mps with config: /scratch/yorig/mpils-results-grid-ticks-10000-7may/easy/24proc/seed-3/4_lotsize_seed-3_20260509_035156/iterated_local_search/run_3_worker_1/ils_config_3831915774325892265.prm
[INFO]:[03:56:08] CPLEX results. Gap: 31.310000, upper bound: 1704697.000000, lower bound: 1170914.055571
[INFO]:[03:56:08] CPLEX solver finished. Gap: 31.310000
[INFO]:[03:56:08] Starting CPLEX solver on instance: /home/yorig/tuner/mpils-tests/instances/miplib/easy/lotsize.mps with config: /scratch/yorig/mpils-results-grid-ticks-10000-7may/easy/24proc/seed-3/4_lotsize_seed-3_20260509_035156/iterated_local_search/run_3_worker_1/ils_config_7081462594222272456.prm
[INFO]:[03:56:08] Starting CPLEX solver on instance: /home/yorig/tuner/mpils-tests/instances/miplib/easy/lotsize.mps with config: /scratch/yorig/mpils-results-grid-ticks-10000-7may/easy/24proc/seed-3/4_lotsize_seed-3_20260509_035156/iterated_local_search/run_3_worker_1/ils_config_7081462594222272456.prm
[INFO]:[03:56:16] CPLEX results. Gap: 19.710000, upper bound: 1545125.000000, lower bound: 1240656.547464
[INFO]:[03:56:16] CPLEX solver finished. Gap: 19.710000
[INFO]:[03:56:16] Starting CPLEX solver on instance: /home/yorig/tuner/mpils-tests/instances/miplib/easy/lotsize.mps with config: /scratch/yorig/mpils-results-grid-ticks-10000-7may/easy/24proc/seed-3/4_lotsize_seed-3_20260509_035156/iterated_local_search/run_3_worker_1/ils_config_5905696508827877532.prm
[INFO]:[03:56:16] Starting CPLEX solver on instance: /home/yorig/tuner/mpils-tests/instances/miplib/easy/lotsize.mps with config: /scratch/yorig/mpils-results-grid-ticks-10000-7may/easy/24proc/seed-3/4_lotsize_seed-3_20260509_035156/iterated_local_search/run_3_worker_1/ils_config_5905696508827877532.prm
[INFO]:[03:56:23] CPLEX results. Gap: 15.560000, upper bound: 1573504.000000, lower bound: 1328644.233519
[INFO]:[03:56:23] CPLEX solver finished. Gap: 15.560000
[INFO]:[03:56:23] Starting CPLEX solver on instance: /home/yorig/tuner/mpils-tests/instances/miplib/easy/lotsize.mps with config: /scratch/yorig/mpils-results-grid-ticks-10000-7may/easy/24proc/seed-3/4_lotsize_seed-3_20260509_035156/iterated_local_search/run_3_worker_1/ils_config_15946381800846014378.prm
[INFO]:[03:56:23] Starting CPLEX solver on instance: /home/yorig/tuner/mpils-tests/instances/miplib/easy/lotsize.mps with config: /scratch/yorig/mpils-results-grid-ticks-10000-7may/easy/24proc/seed-3/4_lotsize_seed-3_20260509_035156/iterated_local_search/run_3_worker_1/ils_config_15946381800846014378.prm
[INFO]:[03:56:28] CPLEX results. Gap: 30.530000, upper bound: 1908413.999995, lower bound: 1325765.725432
[INFO]:[03:56:28] CPLEX solver finished. Gap: 30.530000
[INFO]:[03:56:28] Local search phase completed.
[INFO]:[03:56:28] Total number of new local-search evaluations: 5
[INFO]:[03:56:28] Final incumbent objective value: 14.76
[INFO]:[03:56:35] Worker 1 completed exploration phase.
[INFO]:[03:56:35] Worker 1 received order for step 2.
[INFO]:[03:56:35] Worker 1 running expansion phase for iteration 3.
[INFO]:[03:56:35] Worker 1 will use solver log file: /scratch/yorig/mpils-results-grid-ticks-10000-7may/easy/24proc/seed-3/4_lotsize_seed-3_20260509_035156/solver/cplex.log_iteration_expansion_3_worker_1
[INFO]:[03:56:35] Expansion Worker 1 starting expansion for iteration 3.
[INFO]:[03:56:35] Starting CPLEX solver on instance: /home/yorig/tuner/mpils-tests/instances/miplib/easy/lotsize.mps with config: /scratch/yorig/mpils-results-grid-ticks-10000-7may/easy/24proc/seed-3/4_lotsize_seed-3_20260509_035156/expansion/config_param_CPXPARAM_Simplex_PGradient_1_iter_3.prm
[INFO]:[03:56:42] CPLEX results. Gap: 14.760000, upper bound: 1526412.000000, lower bound: 1301099.795609
[INFO]:[03:56:42] CPLEX solver finished. Gap: 14.760000
[INFO]:[03:56:45] Starting CPLEX solver on instance: /home/yorig/tuner/mpils-tests/instances/miplib/easy/lotsize.mps with config: /scratch/yorig/mpils-results-grid-ticks-10000-7may/easy/24proc/seed-3/4_lotsize_seed-3_20260509_035156/expansion/config_param_CPXPARAM_Preprocessing_BoundStrength_1_iter_3.prm
[INFO]:[03:56:51] CPLEX results. Gap: 14.760000, upper bound: 1526412.000000, lower bound: 1301099.795609
[INFO]:[03:56:51] CPLEX solver finished. Gap: 14.760000
[INFO]:[03:56:52] Expansion Worker 1 completed expansion.
[INFO]:[03:56:52] Worker 1 completed expansion phase.
[INFO]:[03:56:53] Worker 1 received order for step 1.
[INFO]:[03:56:53] Worker 1 running exploration phase for iteration 4.
[INFO]:[03:56:53] Worker 1 at iteration 4 will not use a MIP start file. Current best MIP-start upper bound threshold is 1.79769e+308.
[INFO]:[03:56:53] Starting local search phase...
[INFO]:[03:56:53] Creating local search space from parameter space file: /scratch/yorig/mpils-results-grid-ticks-10000-7may/easy/24proc/seed-3/4_lotsize_seed-3_20260509_035156/iterated_local_search/search_space/search_space_file_4_worker_1.txt
[INFO]:[03:56:53] Local search space loaded from file: /scratch/yorig/mpils-results-grid-ticks-10000-7may/easy/24proc/seed-3/4_lotsize_seed-3_20260509_035156/iterated_local_search/search_space/search_space_file_4_worker_1.txt
[INFO]:[03:56:53] Number of parameters in local search space: 71
[INFO]:[03:56:53] Number of forbidden tuples in local search space: 47
[INFO]:[03:56:53] Number of conditionals in local search space: 6
[INFO]:[03:56:53] MIP start option not enabled. Local search will proceed without MIP start.
[INFO]:[03:56:53] Evaluating initial configuration for local search phase...
[INFO]:[03:56:53] Starting CPLEX solver on instance: /home/yorig/tuner/mpils-tests/instances/miplib/easy/lotsize.mps with config: /scratch/yorig/mpils-results-grid-ticks-10000-7may/easy/24proc/seed-3/4_lotsize_seed-3_20260509_035156/iterated_local_search/run_4_worker_1/ils_config_14655166696952872833.prm
[INFO]:[03:56:53] Starting CPLEX solver on instance: /home/yorig/tuner/mpils-tests/instances/miplib/easy/lotsize.mps with config: /scratch/yorig/mpils-results-grid-ticks-10000-7may/easy/24proc/seed-3/4_lotsize_seed-3_20260509_035156/iterated_local_search/run_4_worker_1/ils_config_14655166696952872833.prm
[INFO]:[03:57:00] CPLEX results. Gap: 14.760000, upper bound: 1526412.000000, lower bound: 1301099.795609
[INFO]:[03:57:00] CPLEX solver finished. Gap: 14.760000
[INFO]:[03:57:00] Initial configuration evaluated with objective value: 14.76
[INFO]:[03:57:00] Starting CPLEX solver on instance: /home/yorig/tuner/mpils-tests/instances/miplib/easy/lotsize.mps with config: /scratch/yorig/mpils-results-grid-ticks-10000-7may/easy/24proc/seed-3/4_lotsize_seed-3_20260509_035156/iterated_local_search/run_4_worker_1/ils_config_8338676505936068524.prm
[INFO]:[03:57:00] Starting CPLEX solver on instance: /home/yorig/tuner/mpils-tests/instances/miplib/easy/lotsize.mps with config: /scratch/yorig/mpils-results-grid-ticks-10000-7may/easy/24proc/seed-3/4_lotsize_seed-3_20260509_035156/iterated_local_search/run_4_worker_1/ils_config_8338676505936068524.prm
[INFO]:[03:57:08] CPLEX results. Gap: 14.570000, upper bound: 1519614.000000, lower bound: 1298157.404528
[INFO]:[03:57:08] CPLEX solver finished. Gap: 14.570000
[INFO]:[03:57:08] New incumbent found with objective value: 14.57
[INFO]:[03:57:08] Starting CPLEX solver on instance: /home/yorig/tuner/mpils-tests/instances/miplib/easy/lotsize.mps with config: /scratch/yorig/mpils-results-grid-ticks-10000-7may/easy/24proc/seed-3/4_lotsize_seed-3_20260509_035156/iterated_local_search/run_4_worker_1/ils_config_5758684061125638090.prm
[INFO]:[03:57:08] Starting CPLEX solver on instance: /home/yorig/tuner/mpils-tests/instances/miplib/easy/lotsize.mps with config: /scratch/yorig/mpils-results-grid-ticks-10000-7may/easy/24proc/seed-3/4_lotsize_seed-3_20260509_035156/iterated_local_search/run_4_worker_1/ils_config_5758684061125638090.prm
[INFO]:[03:57:17] CPLEX results. Gap: 23.620000, upper bound: 1624357.000000, lower bound: 1240685.121979
[INFO]:[03:57:17] CPLEX solver finished. Gap: 23.620000
[INFO]:[03:57:17] Starting CPLEX solver on instance: /home/yorig/tuner/mpils-tests/instances/miplib/easy/lotsize.mps with config: /scratch/yorig/mpils-results-grid-ticks-10000-7may/easy/24proc/seed-3/4_lotsize_seed-3_20260509_035156/iterated_local_search/run_4_worker_1/ils_config_1535476191984825821.prm
[INFO]:[03:57:17] Starting CPLEX solver on instance: /home/yorig/tuner/mpils-tests/instances/miplib/easy/lotsize.mps with config: /scratch/yorig/mpils-results-grid-ticks-10000-7may/easy/24proc/seed-3/4_lotsize_seed-3_20260509_035156/iterated_local_search/run_4_worker_1/ils_config_1535476191984825821.prm
[INFO]:[03:57:24] CPLEX results. Gap: 51.970000, upper bound: 1666653.000000, lower bound: 800482.175362
[INFO]:[03:57:24] CPLEX solver finished. Gap: 51.970000
[INFO]:[03:57:24] Starting CPLEX solver on instance: /home/yorig/tuner/mpils-tests/instances/miplib/easy/lotsize.mps with config: /scratch/yorig/mpils-results-grid-ticks-10000-7may/easy/24proc/seed-3/4_lotsize_seed-3_20260509_035156/iterated_local_search/run_4_worker_1/ils_config_12534593443450736927.prm
[INFO]:[03:57:24] Starting CPLEX solver on instance: /home/yorig/tuner/mpils-tests/instances/miplib/easy/lotsize.mps with config: /scratch/yorig/mpils-results-grid-ticks-10000-7may/easy/24proc/seed-3/4_lotsize_seed-3_20260509_035156/iterated_local_search/run_4_worker_1/ils_config_12534593443450736927.prm
[INFO]:[03:57:30] CPLEX results. Gap: 17.260000, upper bound: 1592066.000000, lower bound: 1317207.300329
[INFO]:[03:57:30] CPLEX solver finished. Gap: 17.260000
[INFO]:[03:57:30] Starting CPLEX solver on instance: /home/yorig/tuner/mpils-tests/instances/miplib/easy/lotsize.mps with config: /scratch/yorig/mpils-results-grid-ticks-10000-7may/easy/24proc/seed-3/4_lotsize_seed-3_20260509_035156/iterated_local_search/run_4_worker_1/ils_config_4395690602927925785.prm
[INFO]:[03:57:30] Starting CPLEX solver on instance: /home/yorig/tuner/mpils-tests/instances/miplib/easy/lotsize.mps with config: /scratch/yorig/mpils-results-grid-ticks-10000-7may/easy/24proc/seed-3/4_lotsize_seed-3_20260509_035156/iterated_local_search/run_4_worker_1/ils_config_4395690602927925785.prm
[INFO]:[03:57:38] CPLEX results. Gap: 52.700000, upper bound: 1818379.000000, lower bound: 860043.027160
[INFO]:[03:57:38] CPLEX solver finished. Gap: 52.700000
[INFO]:[03:57:38] Starting CPLEX solver on instance: /home/yorig/tuner/mpils-tests/instances/miplib/easy/lotsize.mps with config: /scratch/yorig/mpils-results-grid-ticks-10000-7may/easy/24proc/seed-3/4_lotsize_seed-3_20260509_035156/iterated_local_search/run_4_worker_1/ils_config_16207291179301369485.prm
[INFO]:[03:57:38] Starting CPLEX solver on instance: /home/yorig/tuner/mpils-tests/instances/miplib/easy/lotsize.mps with config: /scratch/yorig/mpils-results-grid-ticks-10000-7may/easy/24proc/seed-3/4_lotsize_seed-3_20260509_035156/iterated_local_search/run_4_worker_1/ils_config_16207291179301369485.prm
[INFO]:[03:57:46] CPLEX results. Gap: 15.440000, upper bound: 1549401.000000, lower bound: 1310200.390631
[INFO]:[03:57:46] CPLEX solver finished. Gap: 15.440000
[INFO]:[03:57:46] Starting CPLEX solver on instance: /home/yorig/tuner/mpils-tests/instances/miplib/easy/lotsize.mps with config: /scratch/yorig/mpils-results-grid-ticks-10000-7may/easy/24proc/seed-3/4_lotsize_seed-3_20260509_035156/iterated_local_search/run_4_worker_1/ils_config_2319701978856071915.prm
[INFO]:[03:57:46] Starting CPLEX solver on instance: /home/yorig/tuner/mpils-tests/instances/miplib/easy/lotsize.mps with config: /scratch/yorig/mpils-results-grid-ticks-10000-7may/easy/24proc/seed-3/4_lotsize_seed-3_20260509_035156/iterated_local_search/run_4_worker_1/ils_config_2319701978856071915.prm
[INFO]:[03:57:53] CPLEX results. Gap: 15.080000, upper bound: 1564154.000000, lower bound: 1328333.865474
[INFO]:[03:57:53] CPLEX solver finished. Gap: 15.080000
[INFO]:[03:57:53] Starting CPLEX solver on instance: /home/yorig/tuner/mpils-tests/instances/miplib/easy/lotsize.mps with config: /scratch/yorig/mpils-results-grid-ticks-10000-7may/easy/24proc/seed-3/4_lotsize_seed-3_20260509_035156/iterated_local_search/run_4_worker_1/ils_config_3917828757907614056.prm
[INFO]:[03:57:53] Starting CPLEX solver on instance: /home/yorig/tuner/mpils-tests/instances/miplib/easy/lotsize.mps with config: /scratch/yorig/mpils-results-grid-ticks-10000-7may/easy/24proc/seed-3/4_lotsize_seed-3_20260509_035156/iterated_local_search/run_4_worker_1/ils_config_3917828757907614056.prm
[INFO]:[03:58:00] CPLEX results. Gap: 32.000000, upper bound: 1910976.999994, lower bound: 1299472.810721
[INFO]:[03:58:00] CPLEX solver finished. Gap: 32.000000
[INFO]:[03:58:00] Starting CPLEX solver on instance: /home/yorig/tuner/mpils-tests/instances/miplib/easy/lotsize.mps with config: /scratch/yorig/mpils-results-grid-ticks-10000-7may/easy/24proc/seed-3/4_lotsize_seed-3_20260509_035156/iterated_local_search/run_4_worker_1/ils_config_5427333292832213611.prm
[INFO]:[03:58:00] Starting CPLEX solver on instance: /home/yorig/tuner/mpils-tests/instances/miplib/easy/lotsize.mps with config: /scratch/yorig/mpils-results-grid-ticks-10000-7may/easy/24proc/seed-3/4_lotsize_seed-3_20260509_035156/iterated_local_search/run_4_worker_1/ils_config_5427333292832213611.prm
[INFO]:[03:58:07] CPLEX results. Gap: 14.570000, upper bound: 1519614.000000, lower bound: 1298157.404528
[INFO]:[03:58:08] CPLEX solver finished. Gap: 14.570000
[INFO]:[03:58:08] Starting CPLEX solver on instance: /home/yorig/tuner/mpils-tests/instances/miplib/easy/lotsize.mps with config: /scratch/yorig/mpils-results-grid-ticks-10000-7may/easy/24proc/seed-3/4_lotsize_seed-3_20260509_035156/iterated_local_search/run_4_worker_1/ils_config_7219126229783835425.prm
[INFO]:[03:58:08] Starting CPLEX solver on instance: /home/yorig/tuner/mpils-tests/instances/miplib/easy/lotsize.mps with config: /scratch/yorig/mpils-results-grid-ticks-10000-7may/easy/24proc/seed-3/4_lotsize_seed-3_20260509_035156/iterated_local_search/run_4_worker_1/ils_config_7219126229783835425.prm
[INFO]:[03:58:14] CPLEX results. Gap: 21.050000, upper bound: 1675365.000000, lower bound: 1322647.827628
[INFO]:[03:58:14] CPLEX solver finished. Gap: 21.050000
[INFO]:[03:58:14] Starting CPLEX solver on instance: /home/yorig/tuner/mpils-tests/instances/miplib/easy/lotsize.mps with config: /scratch/yorig/mpils-results-grid-ticks-10000-7may/easy/24proc/seed-3/4_lotsize_seed-3_20260509_035156/iterated_local_search/run_4_worker_1/ils_config_6626195898758757234.prm
[INFO]:[03:58:14] Starting CPLEX solver on instance: /home/yorig/tuner/mpils-tests/instances/miplib/easy/lotsize.mps with config: /scratch/yorig/mpils-results-grid-ticks-10000-7may/easy/24proc/seed-3/4_lotsize_seed-3_20260509_035156/iterated_local_search/run_4_worker_1/ils_config_6626195898758757234.prm
[INFO]:[03:58:23] CPLEX results. Gap: 19.300000, upper bound: 1527068.000000, lower bound: 1232348.925770
[INFO]:[03:58:23] CPLEX solver finished. Gap: 19.300000
[INFO]:[03:58:23] Starting CPLEX solver on instance: /home/yorig/tuner/mpils-tests/instances/miplib/easy/lotsize.mps with config: /scratch/yorig/mpils-results-grid-ticks-10000-7may/easy/24proc/seed-3/4_lotsize_seed-3_20260509_035156/iterated_local_search/run_4_worker_1/ils_config_7390384787628152062.prm
[INFO]:[03:58:23] Starting CPLEX solver on instance: /home/yorig/tuner/mpils-tests/instances/miplib/easy/lotsize.mps with config: /scratch/yorig/mpils-results-grid-ticks-10000-7may/easy/24proc/seed-3/4_lotsize_seed-3_20260509_035156/iterated_local_search/run_4_worker_1/ils_config_7390384787628152062.prm
[INFO]:[03:58:30] CPLEX results. Gap: 19.140000, upper bound: 1609023.000000, lower bound: 1300992.776141
[INFO]:[03:58:30] CPLEX solver finished. Gap: 19.140000
[INFO]:[03:58:30] Starting CPLEX solver on instance: /home/yorig/tuner/mpils-tests/instances/miplib/easy/lotsize.mps with config: /scratch/yorig/mpils-results-grid-ticks-10000-7may/easy/24proc/seed-3/4_lotsize_seed-3_20260509_035156/iterated_local_search/run_4_worker_1/ils_config_5668510681712293770.prm
[INFO]:[03:58:30] Starting CPLEX solver on instance: /home/yorig/tuner/mpils-tests/instances/miplib/easy/lotsize.mps with config: /scratch/yorig/mpils-results-grid-ticks-10000-7may/easy/24proc/seed-3/4_lotsize_seed-3_20260509_035156/iterated_local_search/run_4_worker_1/ils_config_5668510681712293770.prm
[INFO]:[03:58:38] CPLEX results. Gap: 21.540000, upper bound: 1595098.000000, lower bound: 1251471.703746
[INFO]:[03:58:38] CPLEX solver finished. Gap: 21.540000
[INFO]:[03:58:38] Local search phase completed.
[INFO]:[03:58:38] Total number of new local-search evaluations: 14
[INFO]:[03:58:38] Final incumbent objective value: 14.57
[INFO]:[03:58:58] Worker 1 completed exploration phase.
[INFO]:[03:58:58] Worker 1 received order for step 2.
[INFO]:[03:58:58] Worker 1 running expansion phase for iteration 4.
[INFO]:[03:58:58] Worker 1 will use solver log file: /scratch/yorig/mpils-results-grid-ticks-10000-7may/easy/24proc/seed-3/4_lotsize_seed-3_20260509_035156/solver/cplex.log_iteration_expansion_4_worker_1
[INFO]:[03:58:58] Expansion Worker 1 starting expansion for iteration 4.
[INFO]:[03:58:58] Starting CPLEX solver on instance: /home/yorig/tuner/mpils-tests/instances/miplib/easy/lotsize.mps with config: /scratch/yorig/mpils-results-grid-ticks-10000-7may/easy/24proc/seed-3/4_lotsize_seed-3_20260509_035156/expansion/config_param_CPXPARAM_Preprocessing_Dependency_1_iter_4.prm
[INFO]:[03:59:04] CPLEX results. Gap: 8.020000, upper bound: 1547058.000000, lower bound: 1423014.420360
[INFO]:[03:59:04] CPLEX solver finished. Gap: 8.020000
[INFO]:[03:59:05] Starting CPLEX solver on instance: /home/yorig/tuner/mpils-tests/instances/miplib/easy/lotsize.mps with config: /scratch/yorig/mpils-results-grid-ticks-10000-7may/easy/24proc/seed-3/4_lotsize_seed-3_20260509_035156/expansion/config_param_CPXPARAM_Preprocessing_Relax_0_iter_4.prm
[INFO]:[03:59:11] CPLEX results. Gap: 23.400000, upper bound: 1867328.000000, lower bound: 1430314.536710
[INFO]:[03:59:11] CPLEX solver finished. Gap: 23.400000
[INFO]:[03:59:11] Expansion Worker 1 completed expansion.
[INFO]:[03:59:11] Worker 1 completed expansion phase.
[INFO]:[03:59:13] Worker 1 received order for step 1.
[INFO]:[03:59:13] Worker 1 running exploration phase for iteration 5.
[INFO]:[03:59:13] Worker 1 at iteration 5 will not use a MIP start file. Current best MIP-start upper bound threshold is 1.79769e+308.
[INFO]:[03:59:13] Starting local search phase...
[INFO]:[03:59:13] Creating local search space from parameter space file: /scratch/yorig/mpils-results-grid-ticks-10000-7may/easy/24proc/seed-3/4_lotsize_seed-3_20260509_035156/iterated_local_search/search_space/search_space_file_5_worker_1.txt
[INFO]:[03:59:13] Local search space loaded from file: /scratch/yorig/mpils-results-grid-ticks-10000-7may/easy/24proc/seed-3/4_lotsize_seed-3_20260509_035156/iterated_local_search/search_space/search_space_file_5_worker_1.txt
[INFO]:[03:59:13] Number of parameters in local search space: 71
[INFO]:[03:59:13] Number of forbidden tuples in local search space: 81
[INFO]:[03:59:13] Number of conditionals in local search space: 6
[INFO]:[03:59:13] MIP start option not enabled. Local search will proceed without MIP start.
[INFO]:[03:59:13] Evaluating initial configuration for local search phase...
[INFO]:[03:59:13] Starting CPLEX solver on instance: /home/yorig/tuner/mpils-tests/instances/miplib/easy/lotsize.mps with config: /scratch/yorig/mpils-results-grid-ticks-10000-7may/easy/24proc/seed-3/4_lotsize_seed-3_20260509_035156/iterated_local_search/run_5_worker_1/ils_config_9579864812962844522.prm
[INFO]:[03:59:13] Starting CPLEX solver on instance: /home/yorig/tuner/mpils-tests/instances/miplib/easy/lotsize.mps with config: /scratch/yorig/mpils-results-grid-ticks-10000-7may/easy/24proc/seed-3/4_lotsize_seed-3_20260509_035156/iterated_local_search/run_5_worker_1/ils_config_9579864812962844522.prm
[INFO]:[03:59:19] CPLEX results. Gap: 8.020000, upper bound: 1547058.000000, lower bound: 1423014.420360
[INFO]:[03:59:19] CPLEX solver finished. Gap: 8.020000
[INFO]:[03:59:19] Initial configuration evaluated with objective value: 8.02
[INFO]:[03:59:19] Starting CPLEX solver on instance: /home/yorig/tuner/mpils-tests/instances/miplib/easy/lotsize.mps with config: /scratch/yorig/mpils-results-grid-ticks-10000-7may/easy/24proc/seed-3/4_lotsize_seed-3_20260509_035156/iterated_local_search/run_5_worker_1/ils_config_2202957999362099459.prm
[INFO]:[03:59:19] Starting CPLEX solver on instance: /home/yorig/tuner/mpils-tests/instances/miplib/easy/lotsize.mps with config: /scratch/yorig/mpils-results-grid-ticks-10000-7may/easy/24proc/seed-3/4_lotsize_seed-3_20260509_035156/iterated_local_search/run_5_worker_1/ils_config_2202957999362099459.prm
[INFO]:[03:59:25] CPLEX results. Gap: 21.750000, upper bound: 1688230.000000, lower bound: 1320978.812909
[INFO]:[03:59:25] CPLEX solver finished. Gap: 21.750000
[INFO]:[03:59:25] Starting CPLEX solver on instance: /home/yorig/tuner/mpils-tests/instances/miplib/easy/lotsize.mps with config: /scratch/yorig/mpils-results-grid-ticks-10000-7may/easy/24proc/seed-3/4_lotsize_seed-3_20260509_035156/iterated_local_search/run_5_worker_1/ils_config_5571285838600594271.prm
[INFO]:[03:59:25] Starting CPLEX solver on instance: /home/yorig/tuner/mpils-tests/instances/miplib/easy/lotsize.mps with config: /scratch/yorig/mpils-results-grid-ticks-10000-7may/easy/24proc/seed-3/4_lotsize_seed-3_20260509_035156/iterated_local_search/run_5_worker_1/ils_config_5571285838600594271.prm
[INFO]:[03:59:31] CPLEX results. Gap: 82.690000, upper bound: 7973370.000000, lower bound: 1380188.511651
[INFO]:[03:59:31] CPLEX solver finished. Gap: 82.690000
[INFO]:[03:59:31] Starting CPLEX solver on instance: /home/yorig/tuner/mpils-tests/instances/miplib/easy/lotsize.mps with config: /scratch/yorig/mpils-results-grid-ticks-10000-7may/easy/24proc/seed-3/4_lotsize_seed-3_20260509_035156/iterated_local_search/run_5_worker_1/ils_config_4532137271106535985.prm
[INFO]:[03:59:31] Starting CPLEX solver on instance: /home/yorig/tuner/mpils-tests/instances/miplib/easy/lotsize.mps with config: /scratch/yorig/mpils-results-grid-ticks-10000-7may/easy/24proc/seed-3/4_lotsize_seed-3_20260509_035156/iterated_local_search/run_5_worker_1/ils_config_4532137271106535985.prm
[INFO]:[03:59:38] CPLEX results. Gap: 8.020000, upper bound: 1547058.000000, lower bound: 1423014.420360
[INFO]:[03:59:38] CPLEX solver finished. Gap: 8.020000
[INFO]:[03:59:38] Starting CPLEX solver on instance: /home/yorig/tuner/mpils-tests/instances/miplib/easy/lotsize.mps with config: /scratch/yorig/mpils-results-grid-ticks-10000-7may/easy/24proc/seed-3/4_lotsize_seed-3_20260509_035156/iterated_local_search/run_5_worker_1/ils_config_11142378515074869371.prm
[INFO]:[03:59:38] Starting CPLEX solver on instance: /home/yorig/tuner/mpils-tests/instances/miplib/easy/lotsize.mps with config: /scratch/yorig/mpils-results-grid-ticks-10000-7may/easy/24proc/seed-3/4_lotsize_seed-3_20260509_035156/iterated_local_search/run_5_worker_1/ils_config_11142378515074869371.prm
[INFO]:[03:59:44] CPLEX results. Gap: 8.020000, upper bound: 1547058.000000, lower bound: 1423014.420360
[INFO]:[03:59:44] CPLEX solver finished. Gap: 8.020000
[INFO]:[03:59:44] Starting CPLEX solver on instance: /home/yorig/tuner/mpils-tests/instances/miplib/easy/lotsize.mps with config: /scratch/yorig/mpils-results-grid-ticks-10000-7may/easy/24proc/seed-3/4_lotsize_seed-3_20260509_035156/iterated_local_search/run_5_worker_1/ils_config_14459620236623828999.prm
[INFO]:[03:59:44] Starting CPLEX solver on instance: /home/yorig/tuner/mpils-tests/instances/miplib/easy/lotsize.mps with config: /scratch/yorig/mpils-results-grid-ticks-10000-7may/easy/24proc/seed-3/4_lotsize_seed-3_20260509_035156/iterated_local_search/run_5_worker_1/ils_config_14459620236623828999.prm
[INFO]:[03:59:50] CPLEX results. Gap: 23.920000, upper bound: 1875229.999994, lower bound: 1426583.483075
[INFO]:[03:59:50] CPLEX solver finished. Gap: 23.920000
[INFO]:[03:59:50] Starting CPLEX solver on instance: /home/yorig/tuner/mpils-tests/instances/miplib/easy/lotsize.mps with config: /scratch/yorig/mpils-results-grid-ticks-10000-7may/easy/24proc/seed-3/4_lotsize_seed-3_20260509_035156/iterated_local_search/run_5_worker_1/ils_config_7249029700496001152.prm
[INFO]:[03:59:50] Starting CPLEX solver on instance: /home/yorig/tuner/mpils-tests/instances/miplib/easy/lotsize.mps with config: /scratch/yorig/mpils-results-grid-ticks-10000-7may/easy/24proc/seed-3/4_lotsize_seed-3_20260509_035156/iterated_local_search/run_5_worker_1/ils_config_7249029700496001152.prm
[INFO]:[03:59:56] CPLEX results. Gap: 90.660000, upper bound: 7973370.000000, lower bound: 744538.855380
[INFO]:[03:59:56] CPLEX solver finished. Gap: 90.660000
[INFO]:[03:59:56] Starting CPLEX solver on instance: /home/yorig/tuner/mpils-tests/instances/miplib/easy/lotsize.mps with config: /scratch/yorig/mpils-results-grid-ticks-10000-7may/easy/24proc/seed-3/4_lotsize_seed-3_20260509_035156/iterated_local_search/run_5_worker_1/ils_config_3351679940870240502.prm
[INFO]:[03:59:56] Starting CPLEX solver on instance: /home/yorig/tuner/mpils-tests/instances/miplib/easy/lotsize.mps with config: /scratch/yorig/mpils-results-grid-ticks-10000-7may/easy/24proc/seed-3/4_lotsize_seed-3_20260509_035156/iterated_local_search/run_5_worker_1/ils_config_3351679940870240502.prm
[INFO]:[04:00:02] CPLEX results. Gap: 84.570000, upper bound: 7973370.000000, lower bound: 1230291.164244
[INFO]:[04:00:02] CPLEX solver finished. Gap: 84.570000
[INFO]:[04:00:02] Starting CPLEX solver on instance: /home/yorig/tuner/mpils-tests/instances/miplib/easy/lotsize.mps with config: /scratch/yorig/mpils-results-grid-ticks-10000-7may/easy/24proc/seed-3/4_lotsize_seed-3_20260509_035156/iterated_local_search/run_5_worker_1/ils_config_18360135210615849624.prm
[INFO]:[04:00:02] Starting CPLEX solver on instance: /home/yorig/tuner/mpils-tests/instances/miplib/easy/lotsize.mps with config: /scratch/yorig/mpils-results-grid-ticks-10000-7may/easy/24proc/seed-3/4_lotsize_seed-3_20260509_035156/iterated_local_search/run_5_worker_1/ils_config_18360135210615849624.prm
[INFO]:[04:00:09] CPLEX results. Gap: 9.780000, upper bound: 1573334.000000, lower bound: 1419410.441218
[INFO]:[04:00:09] CPLEX solver finished. Gap: 9.780000
[INFO]:[04:00:09] Local search phase completed.
[INFO]:[04:00:09] Total number of new local-search evaluations: 9
[INFO]:[04:00:09] Final incumbent objective value: 8.02
[INFO]:[04:00:31] Worker 1 completed exploration phase.
[INFO]:[04:00:31] Worker 1 received order for step 2.
[INFO]:[04:00:31] Worker 1 running expansion phase for iteration 5.
[INFO]:[04:00:31] Worker 1 will use solver log file: /scratch/yorig/mpils-results-grid-ticks-10000-7may/easy/24proc/seed-3/4_lotsize_seed-3_20260509_035156/solver/cplex.log_iteration_expansion_5_worker_1
[INFO]:[04:00:31] Expansion Worker 1 starting expansion for iteration 5.
[INFO]:[04:00:31] Starting CPLEX solver on instance: /home/yorig/tuner/mpils-tests/instances/miplib/easy/lotsize.mps with config: /scratch/yorig/mpils-results-grid-ticks-10000-7may/easy/24proc/seed-3/4_lotsize_seed-3_20260509_035156/expansion/config_param_CPXPARAM_Preprocessing_RepeatPresolve_1_iter_5.prm
[INFO]:[04:00:37] CPLEX results. Gap: 74.570000, upper bound: 5594379.000000, lower bound: 1422762.693093
[INFO]:[04:00:37] CPLEX solver finished. Gap: 74.570000
[INFO]:[04:00:38] Starting CPLEX solver on instance: /home/yorig/tuner/mpils-tests/instances/miplib/easy/lotsize.mps with config: /scratch/yorig/mpils-results-grid-ticks-10000-7may/easy/24proc/seed-3/4_lotsize_seed-3_20260509_035156/expansion/config_param_CPXPARAM_MIP_Limits_StrongCand_5_iter_5.prm
[INFO]:[04:00:43] CPLEX results. Gap: 8.020000, upper bound: 1547058.000000, lower bound: 1423014.420360
[INFO]:[04:00:43] CPLEX solver finished. Gap: 8.020000
[INFO]:[04:00:43] Expansion Worker 1 completed expansion.
[INFO]:[04:00:44] Worker 1 completed expansion phase.
[INFO]:[04:00:46] Worker 1 received order for step 1.
[INFO]:[04:00:46] Worker 1 running exploration phase for iteration 6.
[INFO]:[04:00:46] Worker 1 at iteration 6 will not use a MIP start file. Current best MIP-start upper bound threshold is 1.79769e+308.
[INFO]:[04:00:46] Starting local search phase...
[INFO]:[04:00:46] Creating local search space from parameter space file: /scratch/yorig/mpils-results-grid-ticks-10000-7may/easy/24proc/seed-3/4_lotsize_seed-3_20260509_035156/iterated_local_search/search_space/search_space_file_6_worker_1.txt
[INFO]:[04:00:46] Local search space loaded from file: /scratch/yorig/mpils-results-grid-ticks-10000-7may/easy/24proc/seed-3/4_lotsize_seed-3_20260509_035156/iterated_local_search/search_space/search_space_file_6_worker_1.txt
[INFO]:[04:00:46] Number of parameters in local search space: 71
[INFO]:[04:00:46] Number of forbidden tuples in local search space: 111
[INFO]:[04:00:46] Number of conditionals in local search space: 6
[INFO]:[04:00:46] MIP start option not enabled. Local search will proceed without MIP start.
[INFO]:[04:00:46] Evaluating initial configuration for local search phase...
[INFO]:[04:00:46] Starting CPLEX solver on instance: /home/yorig/tuner/mpils-tests/instances/miplib/easy/lotsize.mps with config: /scratch/yorig/mpils-results-grid-ticks-10000-7may/easy/24proc/seed-3/4_lotsize_seed-3_20260509_035156/iterated_local_search/run_6_worker_1/ils_config_9579864812962844522.prm
[INFO]:[04:00:46] Starting CPLEX solver on instance: /home/yorig/tuner/mpils-tests/instances/miplib/easy/lotsize.mps with config: /scratch/yorig/mpils-results-grid-ticks-10000-7may/easy/24proc/seed-3/4_lotsize_seed-3_20260509_035156/iterated_local_search/run_6_worker_1/ils_config_9579864812962844522.prm
[INFO]:[04:00:52] CPLEX results. Gap: 8.020000, upper bound: 1547058.000000, lower bound: 1423014.420360
[INFO]:[04:00:52] CPLEX solver finished. Gap: 8.020000
[INFO]:[04:00:52] Initial configuration evaluated with objective value: 8.02
[INFO]:[04:00:52] Starting CPLEX solver on instance: /home/yorig/tuner/mpils-tests/instances/miplib/easy/lotsize.mps with config: /scratch/yorig/mpils-results-grid-ticks-10000-7may/easy/24proc/seed-3/4_lotsize_seed-3_20260509_035156/iterated_local_search/run_6_worker_1/ils_config_8213374080644538723.prm
[INFO]:[04:00:52] Starting CPLEX solver on instance: /home/yorig/tuner/mpils-tests/instances/miplib/easy/lotsize.mps with config: /scratch/yorig/mpils-results-grid-ticks-10000-7may/easy/24proc/seed-3/4_lotsize_seed-3_20260509_035156/iterated_local_search/run_6_worker_1/ils_config_8213374080644538723.prm
[INFO]:[04:00:58] CPLEX results. Gap: 82.200000, upper bound: 7973370.000000, lower bound: 1419410.441218
[INFO]:[04:00:58] CPLEX solver finished. Gap: 82.200000
[INFO]:[04:00:58] Starting CPLEX solver on instance: /home/yorig/tuner/mpils-tests/instances/miplib/easy/lotsize.mps with config: /scratch/yorig/mpils-results-grid-ticks-10000-7may/easy/24proc/seed-3/4_lotsize_seed-3_20260509_035156/iterated_local_search/run_6_worker_1/ils_config_8658050871670798129.prm
[INFO]:[04:00:58] Starting CPLEX solver on instance: /home/yorig/tuner/mpils-tests/instances/miplib/easy/lotsize.mps with config: /scratch/yorig/mpils-results-grid-ticks-10000-7may/easy/24proc/seed-3/4_lotsize_seed-3_20260509_035156/iterated_local_search/run_6_worker_1/ils_config_8658050871670798129.prm
[INFO]:[04:01:04] CPLEX results. Gap: 8.020000, upper bound: 1547058.000000, lower bound: 1423014.420360
[INFO]:[04:01:04] CPLEX solver finished. Gap: 8.020000
[INFO]:[04:01:04] Starting CPLEX solver on instance: /home/yorig/tuner/mpils-tests/instances/miplib/easy/lotsize.mps with config: /scratch/yorig/mpils-results-grid-ticks-10000-7may/easy/24proc/seed-3/4_lotsize_seed-3_20260509_035156/iterated_local_search/run_6_worker_1/ils_config_4360608904817463508.prm
[INFO]:[04:01:04] Starting CPLEX solver on instance: /home/yorig/tuner/mpils-tests/instances/miplib/easy/lotsize.mps with config: /scratch/yorig/mpils-results-grid-ticks-10000-7may/easy/24proc/seed-3/4_lotsize_seed-3_20260509_035156/iterated_local_search/run_6_worker_1/ils_config_4360608904817463508.prm
[INFO]:[04:01:11] CPLEX results. Gap: 82.190000, upper bound: 7973370.000000, lower bound: 1420102.607916
[INFO]:[04:01:11] CPLEX solver finished. Gap: 82.190000
[INFO]:[04:01:11] Starting CPLEX solver on instance: /home/yorig/tuner/mpils-tests/instances/miplib/easy/lotsize.mps with config: /scratch/yorig/mpils-results-grid-ticks-10000-7may/easy/24proc/seed-3/4_lotsize_seed-3_20260509_035156/iterated_local_search/run_6_worker_1/ils_config_13380549722812419418.prm
[INFO]:[04:01:11] Starting CPLEX solver on instance: /home/yorig/tuner/mpils-tests/instances/miplib/easy/lotsize.mps with config: /scratch/yorig/mpils-results-grid-ticks-10000-7may/easy/24proc/seed-3/4_lotsize_seed-3_20260509_035156/iterated_local_search/run_6_worker_1/ils_config_13380549722812419418.prm
[INFO]:[04:01:17] CPLEX results. Gap: 8.020000, upper bound: 1547058.000000, lower bound: 1423014.420360
[INFO]:[04:01:17] CPLEX solver finished. Gap: 8.020000
[INFO]:[04:01:17] Starting CPLEX solver on instance: /home/yorig/tuner/mpils-tests/instances/miplib/easy/lotsize.mps with config: /scratch/yorig/mpils-results-grid-ticks-10000-7may/easy/24proc/seed-3/4_lotsize_seed-3_20260509_035156/iterated_local_search/run_6_worker_1/ils_config_7878477622360449158.prm
[INFO]:[04:01:17] Starting CPLEX solver on instance: /home/yorig/tuner/mpils-tests/instances/miplib/easy/lotsize.mps with config: /scratch/yorig/mpils-results-grid-ticks-10000-7may/easy/24proc/seed-3/4_lotsize_seed-3_20260509_035156/iterated_local_search/run_6_worker_1/ils_config_7878477622360449158.prm
[INFO]:[04:01:23] CPLEX results. Gap: 25.640000, upper bound: 1918848.000000, lower bound: 1426914.248158
[INFO]:[04:01:23] CPLEX solver finished. Gap: 25.640000
[INFO]:[04:01:23] Starting CPLEX solver on instance: /home/yorig/tuner/mpils-tests/instances/miplib/easy/lotsize.mps with config: /scratch/yorig/mpils-results-grid-ticks-10000-7may/easy/24proc/seed-3/4_lotsize_seed-3_20260509_035156/iterated_local_search/run_6_worker_1/ils_config_2705014375964245920.prm
[INFO]:[04:01:23] Starting CPLEX solver on instance: /home/yorig/tuner/mpils-tests/instances/miplib/easy/lotsize.mps with config: /scratch/yorig/mpils-results-grid-ticks-10000-7may/easy/24proc/seed-3/4_lotsize_seed-3_20260509_035156/iterated_local_search/run_6_worker_1/ils_config_2705014375964245920.prm
[INFO]:[04:01:29] CPLEX results. Gap: 30.220000, upper bound: 2024255.000000, lower bound: 1412463.121440
[INFO]:[04:01:29] CPLEX solver finished. Gap: 30.220000
[INFO]:[04:01:29] Starting CPLEX solver on instance: /home/yorig/tuner/mpils-tests/instances/miplib/easy/lotsize.mps with config: /scratch/yorig/mpils-results-grid-ticks-10000-7may/easy/24proc/seed-3/4_lotsize_seed-3_20260509_035156/iterated_local_search/run_6_worker_1/ils_config_11142378515074869371.prm
[INFO]:[04:01:29] Starting CPLEX solver on instance: /home/yorig/tuner/mpils-tests/instances/miplib/easy/lotsize.mps with config: /scratch/yorig/mpils-results-grid-ticks-10000-7may/easy/24proc/seed-3/4_lotsize_seed-3_20260509_035156/iterated_local_search/run_6_worker_1/ils_config_11142378515074869371.prm
[INFO]:[04:01:35] CPLEX results. Gap: 8.020000, upper bound: 1547058.000000, lower bound: 1423014.420360
[INFO]:[04:01:35] CPLEX solver finished. Gap: 8.020000
[INFO]:[04:01:35] Starting CPLEX solver on instance: /home/yorig/tuner/mpils-tests/instances/miplib/easy/lotsize.mps with config: /scratch/yorig/mpils-results-grid-ticks-10000-7may/easy/24proc/seed-3/4_lotsize_seed-3_20260509_035156/iterated_local_search/run_6_worker_1/ils_config_4892037580581755724.prm
[INFO]:[04:01:35] Starting CPLEX solver on instance: /home/yorig/tuner/mpils-tests/instances/miplib/easy/lotsize.mps with config: /scratch/yorig/mpils-results-grid-ticks-10000-7may/easy/24proc/seed-3/4_lotsize_seed-3_20260509_035156/iterated_local_search/run_6_worker_1/ils_config_4892037580581755724.prm
[INFO]:[04:01:41] CPLEX results. Gap: 8.010000, upper bound: 1547058.000000, lower bound: 1423132.949823
[INFO]:[04:01:41] CPLEX solver finished. Gap: 8.010000
[INFO]:[04:01:41] New incumbent found with objective value: 8.01
[INFO]:[04:01:41] Starting CPLEX solver on instance: /home/yorig/tuner/mpils-tests/instances/miplib/easy/lotsize.mps with config: /scratch/yorig/mpils-results-grid-ticks-10000-7may/easy/24proc/seed-3/4_lotsize_seed-3_20260509_035156/iterated_local_search/run_6_worker_1/ils_config_2167891323275244446.prm
[INFO]:[04:01:41] Starting CPLEX solver on instance: /home/yorig/tuner/mpils-tests/instances/miplib/easy/lotsize.mps with config: /scratch/yorig/mpils-results-grid-ticks-10000-7may/easy/24proc/seed-3/4_lotsize_seed-3_20260509_035156/iterated_local_search/run_6_worker_1/ils_config_2167891323275244446.prm
[INFO]:[04:01:48] CPLEX results. Gap: 8.010000, upper bound: 1547058.000000, lower bound: 1423132.949823
[INFO]:[04:01:48] CPLEX solver finished. Gap: 8.010000
[INFO]:[04:01:48] Starting CPLEX solver on instance: /home/yorig/tuner/mpils-tests/instances/miplib/easy/lotsize.mps with config: /scratch/yorig/mpils-results-grid-ticks-10000-7may/easy/24proc/seed-3/4_lotsize_seed-3_20260509_035156/iterated_local_search/run_6_worker_1/ils_config_734614043190252985.prm
[INFO]:[04:01:48] Starting CPLEX solver on instance: /home/yorig/tuner/mpils-tests/instances/miplib/easy/lotsize.mps with config: /scratch/yorig/mpils-results-grid-ticks-10000-7may/easy/24proc/seed-3/4_lotsize_seed-3_20260509_035156/iterated_local_search/run_6_worker_1/ils_config_734614043190252985.prm
[INFO]:[04:01:54] CPLEX results. Gap: 8.010000, upper bound: 1547058.000000, lower bound: 1423132.949823
[INFO]:[04:01:54] CPLEX solver finished. Gap: 8.010000
[INFO]:[04:01:54] Starting CPLEX solver on instance: /home/yorig/tuner/mpils-tests/instances/miplib/easy/lotsize.mps with config: /scratch/yorig/mpils-results-grid-ticks-10000-7may/easy/24proc/seed-3/4_lotsize_seed-3_20260509_035156/iterated_local_search/run_6_worker_1/ils_config_1922738650658477842.prm
[INFO]:[04:01:54] Starting CPLEX solver on instance: /home/yorig/tuner/mpils-tests/instances/miplib/easy/lotsize.mps with config: /scratch/yorig/mpils-results-grid-ticks-10000-7may/easy/24proc/seed-3/4_lotsize_seed-3_20260509_035156/iterated_local_search/run_6_worker_1/ils_config_1922738650658477842.prm
[INFO]:[04:02:00] CPLEX results. Gap: 82.150000, upper bound: 7973370.000000, lower bound: 1423169.322320
[INFO]:[04:02:00] CPLEX solver finished. Gap: 82.150000
[INFO]:[04:02:00] Starting CPLEX solver on instance: /home/yorig/tuner/mpils-tests/instances/miplib/easy/lotsize.mps with config: /scratch/yorig/mpils-results-grid-ticks-10000-7may/easy/24proc/seed-3/4_lotsize_seed-3_20260509_035156/iterated_local_search/run_6_worker_1/ils_config_828449640544402641.prm
[INFO]:[04:02:00] Starting CPLEX solver on instance: /home/yorig/tuner/mpils-tests/instances/miplib/easy/lotsize.mps with config: /scratch/yorig/mpils-results-grid-ticks-10000-7may/easy/24proc/seed-3/4_lotsize_seed-3_20260509_035156/iterated_local_search/run_6_worker_1/ils_config_828449640544402641.prm
[INFO]:[04:02:06] CPLEX results. Gap: 26.220000, upper bound: 1932022.000000, lower bound: 1425412.229773
[INFO]:[04:02:06] CPLEX solver finished. Gap: 26.220000
[INFO]:[04:02:06] Starting CPLEX solver on instance: /home/yorig/tuner/mpils-tests/instances/miplib/easy/lotsize.mps with config: /scratch/yorig/mpils-results-grid-ticks-10000-7may/easy/24proc/seed-3/4_lotsize_seed-3_20260509_035156/iterated_local_search/run_6_worker_1/ils_config_5789479155227519744.prm
[INFO]:[04:02:06] Starting CPLEX solver on instance: /home/yorig/tuner/mpils-tests/instances/miplib/easy/lotsize.mps with config: /scratch/yorig/mpils-results-grid-ticks-10000-7may/easy/24proc/seed-3/4_lotsize_seed-3_20260509_035156/iterated_local_search/run_6_worker_1/ils_config_5789479155227519744.prm
[INFO]:[04:02:12] CPLEX results. Gap: 82.200000, upper bound: 7973370.000000, lower bound: 1419410.441218
[INFO]:[04:02:12] CPLEX solver finished. Gap: 82.200000
[INFO]:[04:02:12] Starting CPLEX solver on instance: /home/yorig/tuner/mpils-tests/instances/miplib/easy/lotsize.mps with config: /scratch/yorig/mpils-results-grid-ticks-10000-7may/easy/24proc/seed-3/4_lotsize_seed-3_20260509_035156/iterated_local_search/run_6_worker_1/ils_config_16966066732872031577.prm
[INFO]:[04:02:12] Starting CPLEX solver on instance: /home/yorig/tuner/mpils-tests/instances/miplib/easy/lotsize.mps with config: /scratch/yorig/mpils-results-grid-ticks-10000-7may/easy/24proc/seed-3/4_lotsize_seed-3_20260509_035156/iterated_local_search/run_6_worker_1/ils_config_16966066732872031577.prm
[INFO]:[04:02:18] CPLEX results. Gap: 8.010000, upper bound: 1547058.000000, lower bound: 1423132.949823
[INFO]:[04:02:18] CPLEX solver finished. Gap: 8.010000
[INFO]:[04:02:18] Starting CPLEX solver on instance: /home/yorig/tuner/mpils-tests/instances/miplib/easy/lotsize.mps with config: /scratch/yorig/mpils-results-grid-ticks-10000-7may/easy/24proc/seed-3/4_lotsize_seed-3_20260509_035156/iterated_local_search/run_6_worker_1/ils_config_15143709337458121438.prm
[INFO]:[04:02:18] Starting CPLEX solver on instance: /home/yorig/tuner/mpils-tests/instances/miplib/easy/lotsize.mps with config: /scratch/yorig/mpils-results-grid-ticks-10000-7may/easy/24proc/seed-3/4_lotsize_seed-3_20260509_035156/iterated_local_search/run_6_worker_1/ils_config_15143709337458121438.prm
[INFO]:[04:02:25] CPLEX results. Gap: 8.010000, upper bound: 1547058.000000, lower bound: 1423132.949823
[INFO]:[04:02:25] CPLEX solver finished. Gap: 8.010000
[INFO]:[04:02:25] Starting CPLEX solver on instance: /home/yorig/tuner/mpils-tests/instances/miplib/easy/lotsize.mps with config: /scratch/yorig/mpils-results-grid-ticks-10000-7may/easy/24proc/seed-3/4_lotsize_seed-3_20260509_035156/iterated_local_search/run_6_worker_1/ils_config_3000165342711587269.prm
[INFO]:[04:02:25] Starting CPLEX solver on instance: /home/yorig/tuner/mpils-tests/instances/miplib/easy/lotsize.mps with config: /scratch/yorig/mpils-results-grid-ticks-10000-7may/easy/24proc/seed-3/4_lotsize_seed-3_20260509_035156/iterated_local_search/run_6_worker_1/ils_config_3000165342711587269.prm
[INFO]:[04:02:31] CPLEX results. Gap: 82.200000, upper bound: 7973370.000000, lower bound: 1419410.441218
[INFO]:[04:02:31] CPLEX solver finished. Gap: 82.200000
[INFO]:[04:02:31] Starting CPLEX solver on instance: /home/yorig/tuner/mpils-tests/instances/miplib/easy/lotsize.mps with config: /scratch/yorig/mpils-results-grid-ticks-10000-7may/easy/24proc/seed-3/4_lotsize_seed-3_20260509_035156/iterated_local_search/run_6_worker_1/ils_config_638367886586325192.prm
[INFO]:[04:02:31] Starting CPLEX solver on instance: /home/yorig/tuner/mpils-tests/instances/miplib/easy/lotsize.mps with config: /scratch/yorig/mpils-results-grid-ticks-10000-7may/easy/24proc/seed-3/4_lotsize_seed-3_20260509_035156/iterated_local_search/run_6_worker_1/ils_config_638367886586325192.prm
[INFO]:[04:02:38] CPLEX results. Gap: 88.060000, upper bound: 7973370.000000, lower bound: 952301.427326
[INFO]:[04:02:38] CPLEX solver finished. Gap: 88.060000
[INFO]:[04:02:38] Starting CPLEX solver on instance: /home/yorig/tuner/mpils-tests/instances/miplib/easy/lotsize.mps with config: /scratch/yorig/mpils-results-grid-ticks-10000-7may/easy/24proc/seed-3/4_lotsize_seed-3_20260509_035156/iterated_local_search/run_6_worker_1/ils_config_13847323747700387549.prm
[INFO]:[04:02:38] Starting CPLEX solver on instance: /home/yorig/tuner/mpils-tests/instances/miplib/easy/lotsize.mps with config: /scratch/yorig/mpils-results-grid-ticks-10000-7may/easy/24proc/seed-3/4_lotsize_seed-3_20260509_035156/iterated_local_search/run_6_worker_1/ils_config_13847323747700387549.prm
[INFO]:[04:02:44] CPLEX results. Gap: 8.010000, upper bound: 1547058.000000, lower bound: 1423132.949823
[INFO]:[04:02:44] CPLEX solver finished. Gap: 8.010000
[INFO]:[04:02:44] Starting CPLEX solver on instance: /home/yorig/tuner/mpils-tests/instances/miplib/easy/lotsize.mps with config: /scratch/yorig/mpils-results-grid-ticks-10000-7may/easy/24proc/seed-3/4_lotsize_seed-3_20260509_035156/iterated_local_search/run_6_worker_1/ils_config_1344101248441375382.prm
[INFO]:[04:02:44] Starting CPLEX solver on instance: /home/yorig/tuner/mpils-tests/instances/miplib/easy/lotsize.mps with config: /scratch/yorig/mpils-results-grid-ticks-10000-7may/easy/24proc/seed-3/4_lotsize_seed-3_20260509_035156/iterated_local_search/run_6_worker_1/ils_config_1344101248441375382.prm
[INFO]:[04:02:50] CPLEX results. Gap: 8.010000, upper bound: 1547058.000000, lower bound: 1423132.949823
[INFO]:[04:02:50] CPLEX solver finished. Gap: 8.010000
[INFO]:[04:02:50] Starting CPLEX solver on instance: /home/yorig/tuner/mpils-tests/instances/miplib/easy/lotsize.mps with config: /scratch/yorig/mpils-results-grid-ticks-10000-7may/easy/24proc/seed-3/4_lotsize_seed-3_20260509_035156/iterated_local_search/run_6_worker_1/ils_config_8625021042047159762.prm
[INFO]:[04:02:50] Starting CPLEX solver on instance: /home/yorig/tuner/mpils-tests/instances/miplib/easy/lotsize.mps with config: /scratch/yorig/mpils-results-grid-ticks-10000-7may/easy/24proc/seed-3/4_lotsize_seed-3_20260509_035156/iterated_local_search/run_6_worker_1/ils_config_8625021042047159762.prm
[INFO]:[04:02:56] CPLEX results. Gap: 8.010000, upper bound: 1547058.000000, lower bound: 1423132.949823
[INFO]:[04:02:56] CPLEX solver finished. Gap: 8.010000
[INFO]:[04:02:56] Starting CPLEX solver on instance: /home/yorig/tuner/mpils-tests/instances/miplib/easy/lotsize.mps with config: /scratch/yorig/mpils-results-grid-ticks-10000-7may/easy/24proc/seed-3/4_lotsize_seed-3_20260509_035156/iterated_local_search/run_6_worker_1/ils_config_6326363817940253062.prm
[INFO]:[04:02:56] Starting CPLEX solver on instance: /home/yorig/tuner/mpils-tests/instances/miplib/easy/lotsize.mps with config: /scratch/yorig/mpils-results-grid-ticks-10000-7may/easy/24proc/seed-3/4_lotsize_seed-3_20260509_035156/iterated_local_search/run_6_worker_1/ils_config_6326363817940253062.prm
[INFO]:[04:03:02] CPLEX results. Gap: 86.030000, upper bound: 10158137.000000, lower bound: 1419546.649069
[INFO]:[04:03:02] CPLEX solver finished. Gap: 86.030000
[INFO]:[04:03:02] Starting CPLEX solver on instance: /home/yorig/tuner/mpils-tests/instances/miplib/easy/lotsize.mps with config: /scratch/yorig/mpils-results-grid-ticks-10000-7may/easy/24proc/seed-3/4_lotsize_seed-3_20260509_035156/iterated_local_search/run_6_worker_1/ils_config_789420962493012543.prm
[INFO]:[04:03:02] Starting CPLEX solver on instance: /home/yorig/tuner/mpils-tests/instances/miplib/easy/lotsize.mps with config: /scratch/yorig/mpils-results-grid-ticks-10000-7may/easy/24proc/seed-3/4_lotsize_seed-3_20260509_035156/iterated_local_search/run_6_worker_1/ils_config_789420962493012543.prm
[INFO]:[04:03:08] CPLEX results. Gap: 25.640000, upper bound: 1918848.000000, lower bound: 1426914.248158
[INFO]:[04:03:08] CPLEX solver finished. Gap: 25.640000
[INFO]:[04:03:08] Starting CPLEX solver on instance: /home/yorig/tuner/mpils-tests/instances/miplib/easy/lotsize.mps with config: /scratch/yorig/mpils-results-grid-ticks-10000-7may/easy/24proc/seed-3/4_lotsize_seed-3_20260509_035156/iterated_local_search/run_6_worker_1/ils_config_12869760098032632064.prm
[INFO]:[04:03:08] Starting CPLEX solver on instance: /home/yorig/tuner/mpils-tests/instances/miplib/easy/lotsize.mps with config: /scratch/yorig/mpils-results-grid-ticks-10000-7may/easy/24proc/seed-3/4_lotsize_seed-3_20260509_035156/iterated_local_search/run_6_worker_1/ils_config_12869760098032632064.prm
[INFO]:[04:03:14] CPLEX results. Gap: 8.010000, upper bound: 1547058.000000, lower bound: 1423132.949823
[INFO]:[04:03:14] CPLEX solver finished. Gap: 8.010000
[INFO]:[04:03:14] Starting CPLEX solver on instance: /home/yorig/tuner/mpils-tests/instances/miplib/easy/lotsize.mps with config: /scratch/yorig/mpils-results-grid-ticks-10000-7may/easy/24proc/seed-3/4_lotsize_seed-3_20260509_035156/iterated_local_search/run_6_worker_1/ils_config_16921134853865025610.prm
[INFO]:[04:03:14] Starting CPLEX solver on instance: /home/yorig/tuner/mpils-tests/instances/miplib/easy/lotsize.mps with config: /scratch/yorig/mpils-results-grid-ticks-10000-7may/easy/24proc/seed-3/4_lotsize_seed-3_20260509_035156/iterated_local_search/run_6_worker_1/ils_config_16921134853865025610.prm
[INFO]:[04:03:20] CPLEX results. Gap: 8.010000, upper bound: 1547058.000000, lower bound: 1423132.949823
[INFO]:[04:03:20] CPLEX solver finished. Gap: 8.010000
[INFO]:[04:03:20] Starting CPLEX solver on instance: /home/yorig/tuner/mpils-tests/instances/miplib/easy/lotsize.mps with config: /scratch/yorig/mpils-results-grid-ticks-10000-7may/easy/24proc/seed-3/4_lotsize_seed-3_20260509_035156/iterated_local_search/run_6_worker_1/ils_config_6894901325978293853.prm
[INFO]:[04:03:20] Starting CPLEX solver on instance: /home/yorig/tuner/mpils-tests/instances/miplib/easy/lotsize.mps with config: /scratch/yorig/mpils-results-grid-ticks-10000-7may/easy/24proc/seed-3/4_lotsize_seed-3_20260509_035156/iterated_local_search/run_6_worker_1/ils_config_6894901325978293853.prm
[INFO]:[04:03:26] CPLEX results. Gap: 84.810000, upper bound: 7973370.000000, lower bound: 1211475.936230
[INFO]:[04:03:26] CPLEX solver finished. Gap: 84.810000
[INFO]:[04:03:26] Starting CPLEX solver on instance: /home/yorig/tuner/mpils-tests/instances/miplib/easy/lotsize.mps with config: /scratch/yorig/mpils-results-grid-ticks-10000-7may/easy/24proc/seed-3/4_lotsize_seed-3_20260509_035156/iterated_local_search/run_6_worker_1/ils_config_10843894433978302074.prm
[INFO]:[04:03:26] Starting CPLEX solver on instance: /home/yorig/tuner/mpils-tests/instances/miplib/easy/lotsize.mps with config: /scratch/yorig/mpils-results-grid-ticks-10000-7may/easy/24proc/seed-3/4_lotsize_seed-3_20260509_035156/iterated_local_search/run_6_worker_1/ils_config_10843894433978302074.prm
[INFO]:[04:03:33] CPLEX results. Gap: 74.570000, upper bound: 5594379.000000, lower bound: 1422762.693093
[INFO]:[04:03:33] CPLEX solver finished. Gap: 74.570000
[INFO]:[04:03:33] Starting CPLEX solver on instance: /home/yorig/tuner/mpils-tests/instances/miplib/easy/lotsize.mps with config: /scratch/yorig/mpils-results-grid-ticks-10000-7may/easy/24proc/seed-3/4_lotsize_seed-3_20260509_035156/iterated_local_search/run_6_worker_1/ils_config_7153376924174119221.prm
[INFO]:[04:03:33] Starting CPLEX solver on instance: /home/yorig/tuner/mpils-tests/instances/miplib/easy/lotsize.mps with config: /scratch/yorig/mpils-results-grid-ticks-10000-7may/easy/24proc/seed-3/4_lotsize_seed-3_20260509_035156/iterated_local_search/run_6_worker_1/ils_config_7153376924174119221.prm
[INFO]:[04:03:39] CPLEX results. Gap: 7.270000, upper bound: 1530684.000000, lower bound: 1419410.441218
[INFO]:[04:03:39] CPLEX solver finished. Gap: 7.270000
[INFO]:[04:03:39] New incumbent found with objective value: 7.27
[INFO]:[04:03:39] Starting CPLEX solver on instance: /home/yorig/tuner/mpils-tests/instances/miplib/easy/lotsize.mps with config: /scratch/yorig/mpils-results-grid-ticks-10000-7may/easy/24proc/seed-3/4_lotsize_seed-3_20260509_035156/iterated_local_search/run_6_worker_1/ils_config_15323697370323131957.prm
[INFO]:[04:03:39] Starting CPLEX solver on instance: /home/yorig/tuner/mpils-tests/instances/miplib/easy/lotsize.mps with config: /scratch/yorig/mpils-results-grid-ticks-10000-7may/easy/24proc/seed-3/4_lotsize_seed-3_20260509_035156/iterated_local_search/run_6_worker_1/ils_config_15323697370323131957.prm
[INFO]:[04:03:45] CPLEX results. Gap: 82.210000, upper bound: 7973370.000000, lower bound: 1418789.067208
[INFO]:[04:03:45] CPLEX solver finished. Gap: 82.210000
[INFO]:[04:03:45] Starting CPLEX solver on instance: /home/yorig/tuner/mpils-tests/instances/miplib/easy/lotsize.mps with config: /scratch/yorig/mpils-results-grid-ticks-10000-7may/easy/24proc/seed-3/4_lotsize_seed-3_20260509_035156/iterated_local_search/run_6_worker_1/ils_config_1109693756946905641.prm
[INFO]:[04:03:45] Starting CPLEX solver on instance: /home/yorig/tuner/mpils-tests/instances/miplib/easy/lotsize.mps with config: /scratch/yorig/mpils-results-grid-ticks-10000-7may/easy/24proc/seed-3/4_lotsize_seed-3_20260509_035156/iterated_local_search/run_6_worker_1/ils_config_1109693756946905641.prm
[INFO]:[04:03:51] CPLEX results. Gap: 84.420000, upper bound: 7973370.000000, lower bound: 1242086.656261
[INFO]:[04:03:51] CPLEX solver finished. Gap: 84.420000
[INFO]:[04:03:51] Local search phase completed.
[INFO]:[04:03:51] Total number of new local-search evaluations: 30
[INFO]:[04:03:51] Final incumbent objective value: 7.27
[INFO]:[04:05:11] Worker 1 completed exploration phase.
[INFO]:[04:05:11] Worker 1 received order for step 3.
[INFO]:[04:05:11] Worker 1 finished.
