[INFO]:[16:37:05] Worker 5 starting.
[INFO]:[16:37:05] Worker 5 received order for step 1.
[INFO]:[16:37:05] Worker 5 running exploration phase for iteration 1.
[INFO]:[16:37:05] Worker 5 at iteration 1 will not use a MIP start file. Current best MIP-start upper bound threshold is 1.79769e+308.
[INFO]:[16:37:05] Starting local search phase...
[INFO]:[16:37:05] Creating local search space from parameter space file: /scratch/yorig/mpils-results-grid-seconds-5-4may/medium-2/24proc/seed-2/4_nexp-150-20-8-5_seed-2_20260504_163704/iterated_local_search/search_space/search_space_file_1_worker_5.txt
[INFO]:[16:37:05] Local search space loaded from file: /scratch/yorig/mpils-results-grid-seconds-5-4may/medium-2/24proc/seed-2/4_nexp-150-20-8-5_seed-2_20260504_163704/iterated_local_search/search_space/search_space_file_1_worker_5.txt
[INFO]:[16:37:05] Number of parameters in local search space: 71
[INFO]:[16:37:05] Number of forbidden tuples in local search space: 0
[INFO]:[16:37:05] Number of conditionals in local search space: 6
[INFO]:[16:37:05] MIP start option not enabled. Local search will proceed without MIP start.
[INFO]:[16:37:05] Evaluating initial configuration for local search phase...
[INFO]:[16:37:05] Starting CPLEX solver on instance: /home/yorig/tuner/mpils-tests/instances/miplib/medium-2/nexp-150-20-8-5.mps with config: /scratch/yorig/mpils-results-grid-seconds-5-4may/medium-2/24proc/seed-2/4_nexp-150-20-8-5_seed-2_20260504_163704/iterated_local_search/run_1_worker_5/ils_config_9112596215255141847.prm
[INFO]:[16:37:05] Starting CPLEX solver on instance: /home/yorig/tuner/mpils-tests/instances/miplib/medium-2/nexp-150-20-8-5.mps with config: /scratch/yorig/mpils-results-grid-seconds-5-4may/medium-2/24proc/seed-2/4_nexp-150-20-8-5_seed-2_20260504_163704/iterated_local_search/run_1_worker_5/ils_config_9112596215255141847.prm
[INFO]:[16:37:10] CPLEX results. Gap: 76.200000, upper bound: 284.000000, lower bound: 67.578562
[INFO]:[16:37:10] CPLEX solver finished. Gap: 76.200000
[INFO]:[16:37:10] Initial configuration evaluated with objective value: 76.2
[INFO]:[16:37:10] Starting CPLEX solver on instance: /home/yorig/tuner/mpils-tests/instances/miplib/medium-2/nexp-150-20-8-5.mps with config: /scratch/yorig/mpils-results-grid-seconds-5-4may/medium-2/24proc/seed-2/4_nexp-150-20-8-5_seed-2_20260504_163704/iterated_local_search/run_1_worker_5/ils_config_7984900426356014403.prm
[INFO]:[16:37:10] Starting CPLEX solver on instance: /home/yorig/tuner/mpils-tests/instances/miplib/medium-2/nexp-150-20-8-5.mps with config: /scratch/yorig/mpils-results-grid-seconds-5-4may/medium-2/24proc/seed-2/4_nexp-150-20-8-5_seed-2_20260504_163704/iterated_local_search/run_1_worker_5/ils_config_7984900426356014403.prm
[INFO]:[16:37:15] CPLEX results. Gap: 76.240000, upper bound: 284.000000, lower bound: 67.485341
[INFO]:[16:37:15] CPLEX solver finished. Gap: 76.240000
[INFO]:[16:37:15] Starting CPLEX solver on instance: /home/yorig/tuner/mpils-tests/instances/miplib/medium-2/nexp-150-20-8-5.mps with config: /scratch/yorig/mpils-results-grid-seconds-5-4may/medium-2/24proc/seed-2/4_nexp-150-20-8-5_seed-2_20260504_163704/iterated_local_search/run_1_worker_5/ils_config_17700674760620355595.prm
[INFO]:[16:37:15] Starting CPLEX solver on instance: /home/yorig/tuner/mpils-tests/instances/miplib/medium-2/nexp-150-20-8-5.mps with config: /scratch/yorig/mpils-results-grid-seconds-5-4may/medium-2/24proc/seed-2/4_nexp-150-20-8-5_seed-2_20260504_163704/iterated_local_search/run_1_worker_5/ils_config_17700674760620355595.prm
[INFO]:[16:37:21] CPLEX results. Gap: 76.200000, upper bound: 284.000000, lower bound: 67.578562
[INFO]:[16:37:21] CPLEX solver finished. Gap: 76.200000
[INFO]:[16:37:21] Starting CPLEX solver on instance: /home/yorig/tuner/mpils-tests/instances/miplib/medium-2/nexp-150-20-8-5.mps with config: /scratch/yorig/mpils-results-grid-seconds-5-4may/medium-2/24proc/seed-2/4_nexp-150-20-8-5_seed-2_20260504_163704/iterated_local_search/run_1_worker_5/ils_config_7201776531784081388.prm
[INFO]:[16:37:21] Starting CPLEX solver on instance: /home/yorig/tuner/mpils-tests/instances/miplib/medium-2/nexp-150-20-8-5.mps with config: /scratch/yorig/mpils-results-grid-seconds-5-4may/medium-2/24proc/seed-2/4_nexp-150-20-8-5_seed-2_20260504_163704/iterated_local_search/run_1_worker_5/ils_config_7201776531784081388.prm
[INFO]:[16:37:26] CPLEX results. Gap: 79.910000, upper bound: 284.000000, lower bound: 57.054479
[INFO]:[16:37:26] CPLEX solver finished. Gap: 79.910000
[INFO]:[16:37:26] Starting CPLEX solver on instance: /home/yorig/tuner/mpils-tests/instances/miplib/medium-2/nexp-150-20-8-5.mps with config: /scratch/yorig/mpils-results-grid-seconds-5-4may/medium-2/24proc/seed-2/4_nexp-150-20-8-5_seed-2_20260504_163704/iterated_local_search/run_1_worker_5/ils_config_6701516106231070730.prm
[INFO]:[16:37:26] Starting CPLEX solver on instance: /home/yorig/tuner/mpils-tests/instances/miplib/medium-2/nexp-150-20-8-5.mps with config: /scratch/yorig/mpils-results-grid-seconds-5-4may/medium-2/24proc/seed-2/4_nexp-150-20-8-5_seed-2_20260504_163704/iterated_local_search/run_1_worker_5/ils_config_6701516106231070730.prm
[INFO]:[16:37:31] CPLEX results. Gap: 76.200000, upper bound: 284.000000, lower bound: 67.578562
[INFO]:[16:37:31] CPLEX solver finished. Gap: 76.200000
[INFO]:[16:37:31] Starting CPLEX solver on instance: /home/yorig/tuner/mpils-tests/instances/miplib/medium-2/nexp-150-20-8-5.mps with config: /scratch/yorig/mpils-results-grid-seconds-5-4may/medium-2/24proc/seed-2/4_nexp-150-20-8-5_seed-2_20260504_163704/iterated_local_search/run_1_worker_5/ils_config_13361740430921478146.prm
[INFO]:[16:37:31] Starting CPLEX solver on instance: /home/yorig/tuner/mpils-tests/instances/miplib/medium-2/nexp-150-20-8-5.mps with config: /scratch/yorig/mpils-results-grid-seconds-5-4may/medium-2/24proc/seed-2/4_nexp-150-20-8-5_seed-2_20260504_163704/iterated_local_search/run_1_worker_5/ils_config_13361740430921478146.prm
[INFO]:[16:37:36] CPLEX results. Gap: 76.200000, upper bound: 284.000000, lower bound: 67.578562
[INFO]:[16:37:36] CPLEX solver finished. Gap: 76.200000
[INFO]:[16:37:36] Starting CPLEX solver on instance: /home/yorig/tuner/mpils-tests/instances/miplib/medium-2/nexp-150-20-8-5.mps with config: /scratch/yorig/mpils-results-grid-seconds-5-4may/medium-2/24proc/seed-2/4_nexp-150-20-8-5_seed-2_20260504_163704/iterated_local_search/run_1_worker_5/ils_config_4582747390230961991.prm
[INFO]:[16:37:36] Starting CPLEX solver on instance: /home/yorig/tuner/mpils-tests/instances/miplib/medium-2/nexp-150-20-8-5.mps with config: /scratch/yorig/mpils-results-grid-seconds-5-4may/medium-2/24proc/seed-2/4_nexp-150-20-8-5_seed-2_20260504_163704/iterated_local_search/run_1_worker_5/ils_config_4582747390230961991.prm
[INFO]:[16:37:41] CPLEX results. Gap: 40.740000, upper bound: 255.000000, lower bound: 151.104486
[INFO]:[16:37:41] CPLEX solver finished. Gap: 40.740000
[INFO]:[16:37:41] New incumbent found with objective value: 40.74
[INFO]:[16:37:41] Starting CPLEX solver on instance: /home/yorig/tuner/mpils-tests/instances/miplib/medium-2/nexp-150-20-8-5.mps with config: /scratch/yorig/mpils-results-grid-seconds-5-4may/medium-2/24proc/seed-2/4_nexp-150-20-8-5_seed-2_20260504_163704/iterated_local_search/run_1_worker_5/ils_config_16400841559970247456.prm
[INFO]:[16:37:41] Starting CPLEX solver on instance: /home/yorig/tuner/mpils-tests/instances/miplib/medium-2/nexp-150-20-8-5.mps with config: /scratch/yorig/mpils-results-grid-seconds-5-4may/medium-2/24proc/seed-2/4_nexp-150-20-8-5_seed-2_20260504_163704/iterated_local_search/run_1_worker_5/ils_config_16400841559970247456.prm
[INFO]:[16:37:46] CPLEX results. Gap: 82.650000, upper bound: 274.000000, lower bound: 47.548319
[INFO]:[16:37:46] CPLEX solver finished. Gap: 82.650000
[INFO]:[16:37:46] Starting CPLEX solver on instance: /home/yorig/tuner/mpils-tests/instances/miplib/medium-2/nexp-150-20-8-5.mps with config: /scratch/yorig/mpils-results-grid-seconds-5-4may/medium-2/24proc/seed-2/4_nexp-150-20-8-5_seed-2_20260504_163704/iterated_local_search/run_1_worker_5/ils_config_8363256921890694153.prm
[INFO]:[16:37:46] Starting CPLEX solver on instance: /home/yorig/tuner/mpils-tests/instances/miplib/medium-2/nexp-150-20-8-5.mps with config: /scratch/yorig/mpils-results-grid-seconds-5-4may/medium-2/24proc/seed-2/4_nexp-150-20-8-5_seed-2_20260504_163704/iterated_local_search/run_1_worker_5/ils_config_8363256921890694153.prm
[INFO]:[16:37:51] CPLEX results. Gap: 40.510000, upper bound: 254.000000, lower bound: 151.104486
[INFO]:[16:37:51] CPLEX solver finished. Gap: 40.510000
[INFO]:[16:37:51] New incumbent found with objective value: 40.51
[INFO]:[16:37:51] Starting CPLEX solver on instance: /home/yorig/tuner/mpils-tests/instances/miplib/medium-2/nexp-150-20-8-5.mps with config: /scratch/yorig/mpils-results-grid-seconds-5-4may/medium-2/24proc/seed-2/4_nexp-150-20-8-5_seed-2_20260504_163704/iterated_local_search/run_1_worker_5/ils_config_11020248115152938380.prm
[INFO]:[16:37:51] Starting CPLEX solver on instance: /home/yorig/tuner/mpils-tests/instances/miplib/medium-2/nexp-150-20-8-5.mps with config: /scratch/yorig/mpils-results-grid-seconds-5-4may/medium-2/24proc/seed-2/4_nexp-150-20-8-5_seed-2_20260504_163704/iterated_local_search/run_1_worker_5/ils_config_11020248115152938380.prm
[INFO]:[16:37:56] CPLEX results. Gap: 54.440000, upper bound: 255.000000, lower bound: 116.190215
[INFO]:[16:37:56] CPLEX solver finished. Gap: 54.440000
[INFO]:[16:37:56] Starting CPLEX solver on instance: /home/yorig/tuner/mpils-tests/instances/miplib/medium-2/nexp-150-20-8-5.mps with config: /scratch/yorig/mpils-results-grid-seconds-5-4may/medium-2/24proc/seed-2/4_nexp-150-20-8-5_seed-2_20260504_163704/iterated_local_search/run_1_worker_5/ils_config_12910031846695083566.prm
[INFO]:[16:37:56] Starting CPLEX solver on instance: /home/yorig/tuner/mpils-tests/instances/miplib/medium-2/nexp-150-20-8-5.mps with config: /scratch/yorig/mpils-results-grid-seconds-5-4may/medium-2/24proc/seed-2/4_nexp-150-20-8-5_seed-2_20260504_163704/iterated_local_search/run_1_worker_5/ils_config_12910031846695083566.prm
[INFO]:[16:38:01] CPLEX results. Gap: 40.740000, upper bound: 255.000000, lower bound: 151.104486
[INFO]:[16:38:01] CPLEX solver finished. Gap: 40.740000
[INFO]:[16:38:01] Starting CPLEX solver on instance: /home/yorig/tuner/mpils-tests/instances/miplib/medium-2/nexp-150-20-8-5.mps with config: /scratch/yorig/mpils-results-grid-seconds-5-4may/medium-2/24proc/seed-2/4_nexp-150-20-8-5_seed-2_20260504_163704/iterated_local_search/run_1_worker_5/ils_config_6784592073101973569.prm
[INFO]:[16:38:01] Starting CPLEX solver on instance: /home/yorig/tuner/mpils-tests/instances/miplib/medium-2/nexp-150-20-8-5.mps with config: /scratch/yorig/mpils-results-grid-seconds-5-4may/medium-2/24proc/seed-2/4_nexp-150-20-8-5_seed-2_20260504_163704/iterated_local_search/run_1_worker_5/ils_config_6784592073101973569.prm
[INFO]:[16:38:06] CPLEX results. Gap: 40.740000, upper bound: 255.000000, lower bound: 151.104486
[INFO]:[16:38:06] CPLEX solver finished. Gap: 40.740000
[INFO]:[16:38:06] Starting CPLEX solver on instance: /home/yorig/tuner/mpils-tests/instances/miplib/medium-2/nexp-150-20-8-5.mps with config: /scratch/yorig/mpils-results-grid-seconds-5-4may/medium-2/24proc/seed-2/4_nexp-150-20-8-5_seed-2_20260504_163704/iterated_local_search/run_1_worker_5/ils_config_14103461610362593205.prm
[INFO]:[16:38:06] Starting CPLEX solver on instance: /home/yorig/tuner/mpils-tests/instances/miplib/medium-2/nexp-150-20-8-5.mps with config: /scratch/yorig/mpils-results-grid-seconds-5-4may/medium-2/24proc/seed-2/4_nexp-150-20-8-5_seed-2_20260504_163704/iterated_local_search/run_1_worker_5/ils_config_14103461610362593205.prm
[INFO]:[16:38:11] CPLEX results. Gap: 40.510000, upper bound: 254.000000, lower bound: 151.104486
[INFO]:[16:38:11] CPLEX solver finished. Gap: 40.510000
[INFO]:[16:38:11] Starting CPLEX solver on instance: /home/yorig/tuner/mpils-tests/instances/miplib/medium-2/nexp-150-20-8-5.mps with config: /scratch/yorig/mpils-results-grid-seconds-5-4may/medium-2/24proc/seed-2/4_nexp-150-20-8-5_seed-2_20260504_163704/iterated_local_search/run_1_worker_5/ils_config_11539930807508764580.prm
[INFO]:[16:38:11] Starting CPLEX solver on instance: /home/yorig/tuner/mpils-tests/instances/miplib/medium-2/nexp-150-20-8-5.mps with config: /scratch/yorig/mpils-results-grid-seconds-5-4may/medium-2/24proc/seed-2/4_nexp-150-20-8-5_seed-2_20260504_163704/iterated_local_search/run_1_worker_5/ils_config_11539930807508764580.prm
[INFO]:[16:38:16] CPLEX results. Gap: 40.740000, upper bound: 255.000000, lower bound: 151.104486
[INFO]:[16:38:16] CPLEX solver finished. Gap: 40.740000
[INFO]:[16:38:16] Starting CPLEX solver on instance: /home/yorig/tuner/mpils-tests/instances/miplib/medium-2/nexp-150-20-8-5.mps with config: /scratch/yorig/mpils-results-grid-seconds-5-4may/medium-2/24proc/seed-2/4_nexp-150-20-8-5_seed-2_20260504_163704/iterated_local_search/run_1_worker_5/ils_config_2856795008750899298.prm
[INFO]:[16:38:16] Starting CPLEX solver on instance: /home/yorig/tuner/mpils-tests/instances/miplib/medium-2/nexp-150-20-8-5.mps with config: /scratch/yorig/mpils-results-grid-seconds-5-4may/medium-2/24proc/seed-2/4_nexp-150-20-8-5_seed-2_20260504_163704/iterated_local_search/run_1_worker_5/ils_config_2856795008750899298.prm
[INFO]:[16:38:21] CPLEX results. Gap: 77.550000, upper bound: 255.000000, lower bound: 57.258813
[INFO]:[16:38:21] CPLEX solver finished. Gap: 77.550000
[INFO]:[16:38:21] Starting CPLEX solver on instance: /home/yorig/tuner/mpils-tests/instances/miplib/medium-2/nexp-150-20-8-5.mps with config: /scratch/yorig/mpils-results-grid-seconds-5-4may/medium-2/24proc/seed-2/4_nexp-150-20-8-5_seed-2_20260504_163704/iterated_local_search/run_1_worker_5/ils_config_4998707940913227766.prm
[INFO]:[16:38:21] Starting CPLEX solver on instance: /home/yorig/tuner/mpils-tests/instances/miplib/medium-2/nexp-150-20-8-5.mps with config: /scratch/yorig/mpils-results-grid-seconds-5-4may/medium-2/24proc/seed-2/4_nexp-150-20-8-5_seed-2_20260504_163704/iterated_local_search/run_1_worker_5/ils_config_4998707940913227766.prm
[INFO]:[16:38:26] CPLEX results. Gap: 40.510000, upper bound: 254.000000, lower bound: 151.104486
[INFO]:[16:38:26] CPLEX solver finished. Gap: 40.510000
[INFO]:[16:38:26] Starting CPLEX solver on instance: /home/yorig/tuner/mpils-tests/instances/miplib/medium-2/nexp-150-20-8-5.mps with config: /scratch/yorig/mpils-results-grid-seconds-5-4may/medium-2/24proc/seed-2/4_nexp-150-20-8-5_seed-2_20260504_163704/iterated_local_search/run_1_worker_5/ils_config_4887776785755848611.prm
[INFO]:[16:38:26] Starting CPLEX solver on instance: /home/yorig/tuner/mpils-tests/instances/miplib/medium-2/nexp-150-20-8-5.mps with config: /scratch/yorig/mpils-results-grid-seconds-5-4may/medium-2/24proc/seed-2/4_nexp-150-20-8-5_seed-2_20260504_163704/iterated_local_search/run_1_worker_5/ils_config_4887776785755848611.prm
[INFO]:[16:38:31] CPLEX results. Gap: 15.030000, upper bound: 248.000000, lower bound: 210.715949
[INFO]:[16:38:31] CPLEX solver finished. Gap: 15.030000
[INFO]:[16:38:31] New incumbent found with objective value: 15.03
[INFO]:[16:38:31] Starting CPLEX solver on instance: /home/yorig/tuner/mpils-tests/instances/miplib/medium-2/nexp-150-20-8-5.mps with config: /scratch/yorig/mpils-results-grid-seconds-5-4may/medium-2/24proc/seed-2/4_nexp-150-20-8-5_seed-2_20260504_163704/iterated_local_search/run_1_worker_5/ils_config_15786544579717314571.prm
[INFO]:[16:38:31] Starting CPLEX solver on instance: /home/yorig/tuner/mpils-tests/instances/miplib/medium-2/nexp-150-20-8-5.mps with config: /scratch/yorig/mpils-results-grid-seconds-5-4may/medium-2/24proc/seed-2/4_nexp-150-20-8-5_seed-2_20260504_163704/iterated_local_search/run_1_worker_5/ils_config_15786544579717314571.prm
[INFO]:[16:38:36] CPLEX results. Gap: 16.680000, upper bound: 243.000000, lower bound: 202.463470
[INFO]:[16:38:36] CPLEX solver finished. Gap: 16.680000
[INFO]:[16:38:36] Starting CPLEX solver on instance: /home/yorig/tuner/mpils-tests/instances/miplib/medium-2/nexp-150-20-8-5.mps with config: /scratch/yorig/mpils-results-grid-seconds-5-4may/medium-2/24proc/seed-2/4_nexp-150-20-8-5_seed-2_20260504_163704/iterated_local_search/run_1_worker_5/ils_config_17352040030141108650.prm
[INFO]:[16:38:36] Starting CPLEX solver on instance: /home/yorig/tuner/mpils-tests/instances/miplib/medium-2/nexp-150-20-8-5.mps with config: /scratch/yorig/mpils-results-grid-seconds-5-4may/medium-2/24proc/seed-2/4_nexp-150-20-8-5_seed-2_20260504_163704/iterated_local_search/run_1_worker_5/ils_config_17352040030141108650.prm
[INFO]:[16:38:41] CPLEX results. Gap: 9.790000, upper bound: 243.000000, lower bound: 219.221186
[INFO]:[16:38:41] CPLEX solver finished. Gap: 9.790000
[INFO]:[16:38:41] New incumbent found with objective value: 9.79
[INFO]:[16:38:41] Starting CPLEX solver on instance: /home/yorig/tuner/mpils-tests/instances/miplib/medium-2/nexp-150-20-8-5.mps with config: /scratch/yorig/mpils-results-grid-seconds-5-4may/medium-2/24proc/seed-2/4_nexp-150-20-8-5_seed-2_20260504_163704/iterated_local_search/run_1_worker_5/ils_config_7686995696056471614.prm
[INFO]:[16:38:41] Starting CPLEX solver on instance: /home/yorig/tuner/mpils-tests/instances/miplib/medium-2/nexp-150-20-8-5.mps with config: /scratch/yorig/mpils-results-grid-seconds-5-4may/medium-2/24proc/seed-2/4_nexp-150-20-8-5_seed-2_20260504_163704/iterated_local_search/run_1_worker_5/ils_config_7686995696056471614.prm
[INFO]:[16:38:46] CPLEX results. Gap: 9.790000, upper bound: 243.000000, lower bound: 219.221186
[INFO]:[16:38:46] CPLEX solver finished. Gap: 9.790000
[INFO]:[16:38:46] Local search phase completed.
[INFO]:[16:38:46] Total number of new local-search evaluations: 20
[INFO]:[16:38:46] Final incumbent objective value: 9.79
[INFO]:[16:38:46] Worker 5 completed exploration phase.
[INFO]:[16:38:47] Worker 5 received order for step 2.
[INFO]:[16:38:47] Worker 5 running expansion phase for iteration 1.
[INFO]:[16:38:47] Worker 5 will use solver log file: /scratch/yorig/mpils-results-grid-seconds-5-4may/medium-2/24proc/seed-2/4_nexp-150-20-8-5_seed-2_20260504_163704/solver/cplex.log_iteration_expansion_1_worker_5
[INFO]:[16:38:47] Expansion Worker 5 starting expansion for iteration 1.
[INFO]:[16:38:47] Starting CPLEX solver on instance: /home/yorig/tuner/mpils-tests/instances/miplib/medium-2/nexp-150-20-8-5.mps with config: /scratch/yorig/mpils-results-grid-seconds-5-4may/medium-2/24proc/seed-2/4_nexp-150-20-8-5_seed-2_20260504_163704/expansion/config_param_CPXPARAM_MIP_Cuts_Covers_1_iter_1.prm
[INFO]:[16:38:52] CPLEX results. Gap: 9.790000, upper bound: 243.000000, lower bound: 219.221186
[INFO]:[16:38:52] CPLEX solver finished. Gap: 9.790000
[INFO]:[16:38:52] Expansion Worker 5 stopping early after global MPI expansion stop was activated.
[INFO]:[16:38:52] Expansion Worker 5 completed expansion.
[INFO]:[16:38:52] Worker 5 completed expansion phase.
[INFO]:[16:38:52] Worker 5 received order for step 1.
[INFO]:[16:38:52] Worker 5 running exploration phase for iteration 2.
[INFO]:[16:38:52] Worker 5 at iteration 2 will not use a MIP start file. Current best MIP-start upper bound threshold is 1.79769e+308.
[INFO]:[16:38:52] Starting local search phase...
[INFO]:[16:38:52] Creating local search space from parameter space file: /scratch/yorig/mpils-results-grid-seconds-5-4may/medium-2/24proc/seed-2/4_nexp-150-20-8-5_seed-2_20260504_163704/iterated_local_search/search_space/search_space_file_2_worker_5.txt
[INFO]:[16:38:52] Local search space loaded from file: /scratch/yorig/mpils-results-grid-seconds-5-4may/medium-2/24proc/seed-2/4_nexp-150-20-8-5_seed-2_20260504_163704/iterated_local_search/search_space/search_space_file_2_worker_5.txt
[INFO]:[16:38:52] Number of parameters in local search space: 71
[INFO]:[16:38:52] Number of forbidden tuples in local search space: 21
[INFO]:[16:38:52] Number of conditionals in local search space: 6
[INFO]:[16:38:52] MIP start option not enabled. Local search will proceed without MIP start.
[INFO]:[16:38:52] Evaluating initial configuration for local search phase...
[INFO]:[16:38:52] Starting CPLEX solver on instance: /home/yorig/tuner/mpils-tests/instances/miplib/medium-2/nexp-150-20-8-5.mps with config: /scratch/yorig/mpils-results-grid-seconds-5-4may/medium-2/24proc/seed-2/4_nexp-150-20-8-5_seed-2_20260504_163704/iterated_local_search/run_2_worker_5/ils_config_1949911022056075700.prm
[INFO]:[16:38:52] Starting CPLEX solver on instance: /home/yorig/tuner/mpils-tests/instances/miplib/medium-2/nexp-150-20-8-5.mps with config: /scratch/yorig/mpils-results-grid-seconds-5-4may/medium-2/24proc/seed-2/4_nexp-150-20-8-5_seed-2_20260504_163704/iterated_local_search/run_2_worker_5/ils_config_1949911022056075700.prm
[INFO]:[16:38:57] CPLEX results. Gap: 47.880000, upper bound: 248.000000, lower bound: 129.255321
[INFO]:[16:38:57] CPLEX solver finished. Gap: 47.880000
[INFO]:[16:38:57] Initial configuration evaluated with objective value: 47.88
[INFO]:[16:38:57] Starting CPLEX solver on instance: /home/yorig/tuner/mpils-tests/instances/miplib/medium-2/nexp-150-20-8-5.mps with config: /scratch/yorig/mpils-results-grid-seconds-5-4may/medium-2/24proc/seed-2/4_nexp-150-20-8-5_seed-2_20260504_163704/iterated_local_search/run_2_worker_5/ils_config_9809044504835819683.prm
[INFO]:[16:38:57] Starting CPLEX solver on instance: /home/yorig/tuner/mpils-tests/instances/miplib/medium-2/nexp-150-20-8-5.mps with config: /scratch/yorig/mpils-results-grid-seconds-5-4may/medium-2/24proc/seed-2/4_nexp-150-20-8-5_seed-2_20260504_163704/iterated_local_search/run_2_worker_5/ils_config_9809044504835819683.prm
[INFO]:[16:39:02] CPLEX results. Gap: 47.880000, upper bound: 248.000000, lower bound: 129.255321
[INFO]:[16:39:02] CPLEX solver finished. Gap: 47.880000
[INFO]:[16:39:02] Starting CPLEX solver on instance: /home/yorig/tuner/mpils-tests/instances/miplib/medium-2/nexp-150-20-8-5.mps with config: /scratch/yorig/mpils-results-grid-seconds-5-4may/medium-2/24proc/seed-2/4_nexp-150-20-8-5_seed-2_20260504_163704/iterated_local_search/run_2_worker_5/ils_config_7529720125466166077.prm
[INFO]:[16:39:02] Starting CPLEX solver on instance: /home/yorig/tuner/mpils-tests/instances/miplib/medium-2/nexp-150-20-8-5.mps with config: /scratch/yorig/mpils-results-grid-seconds-5-4may/medium-2/24proc/seed-2/4_nexp-150-20-8-5_seed-2_20260504_163704/iterated_local_search/run_2_worker_5/ils_config_7529720125466166077.prm
[INFO]:[16:39:07] CPLEX results. Gap: 42.630000, upper bound: 249.000000, lower bound: 142.841342
[INFO]:[16:39:07] CPLEX solver finished. Gap: 42.630000
[INFO]:[16:39:07] New incumbent found with objective value: 42.63
[INFO]:[16:39:07] Starting CPLEX solver on instance: /home/yorig/tuner/mpils-tests/instances/miplib/medium-2/nexp-150-20-8-5.mps with config: /scratch/yorig/mpils-results-grid-seconds-5-4may/medium-2/24proc/seed-2/4_nexp-150-20-8-5_seed-2_20260504_163704/iterated_local_search/run_2_worker_5/ils_config_8958569928336402506.prm
[INFO]:[16:39:07] Starting CPLEX solver on instance: /home/yorig/tuner/mpils-tests/instances/miplib/medium-2/nexp-150-20-8-5.mps with config: /scratch/yorig/mpils-results-grid-seconds-5-4may/medium-2/24proc/seed-2/4_nexp-150-20-8-5_seed-2_20260504_163704/iterated_local_search/run_2_worker_5/ils_config_8958569928336402506.prm
[INFO]:[16:39:12] CPLEX results. Gap: 62.080000, upper bound: 261.000000, lower bound: 98.970116
[INFO]:[16:39:12] CPLEX solver finished. Gap: 62.080000
[INFO]:[16:39:12] Starting CPLEX solver on instance: /home/yorig/tuner/mpils-tests/instances/miplib/medium-2/nexp-150-20-8-5.mps with config: /scratch/yorig/mpils-results-grid-seconds-5-4may/medium-2/24proc/seed-2/4_nexp-150-20-8-5_seed-2_20260504_163704/iterated_local_search/run_2_worker_5/ils_config_4360693594343210354.prm
[INFO]:[16:39:12] Starting CPLEX solver on instance: /home/yorig/tuner/mpils-tests/instances/miplib/medium-2/nexp-150-20-8-5.mps with config: /scratch/yorig/mpils-results-grid-seconds-5-4may/medium-2/24proc/seed-2/4_nexp-150-20-8-5_seed-2_20260504_163704/iterated_local_search/run_2_worker_5/ils_config_4360693594343210354.prm
[INFO]:[16:39:17] CPLEX results. Gap: 45.230000, upper bound: 257.000000, lower bound: 140.761754
[INFO]:[16:39:17] CPLEX solver finished. Gap: 45.230000
[INFO]:[16:39:17] Starting CPLEX solver on instance: /home/yorig/tuner/mpils-tests/instances/miplib/medium-2/nexp-150-20-8-5.mps with config: /scratch/yorig/mpils-results-grid-seconds-5-4may/medium-2/24proc/seed-2/4_nexp-150-20-8-5_seed-2_20260504_163704/iterated_local_search/run_2_worker_5/ils_config_13306762402544947222.prm
[INFO]:[16:39:17] Starting CPLEX solver on instance: /home/yorig/tuner/mpils-tests/instances/miplib/medium-2/nexp-150-20-8-5.mps with config: /scratch/yorig/mpils-results-grid-seconds-5-4may/medium-2/24proc/seed-2/4_nexp-150-20-8-5_seed-2_20260504_163704/iterated_local_search/run_2_worker_5/ils_config_13306762402544947222.prm
[INFO]:[16:39:22] CPLEX results. Gap: 82.030000, upper bound: 253.000000, lower bound: 45.456744
[INFO]:[16:39:22] CPLEX solver finished. Gap: 82.030000
[INFO]:[16:39:22] Local search phase completed.
[INFO]:[16:39:22] Total number of new local-search evaluations: 6
[INFO]:[16:39:22] Final incumbent objective value: 42.63
[INFO]:[16:39:22] Worker 5 completed exploration phase.
[INFO]:[16:39:22] Worker 5 received order for step 2.
[INFO]:[16:39:22] Worker 5 running expansion phase for iteration 2.
[INFO]:[16:39:22] Worker 5 will use solver log file: /scratch/yorig/mpils-results-grid-seconds-5-4may/medium-2/24proc/seed-2/4_nexp-150-20-8-5_seed-2_20260504_163704/solver/cplex.log_iteration_expansion_2_worker_5
[INFO]:[16:39:22] Expansion Worker 5 starting expansion for iteration 2.
[INFO]:[16:39:22] Starting CPLEX solver on instance: /home/yorig/tuner/mpils-tests/instances/miplib/medium-2/nexp-150-20-8-5.mps with config: /scratch/yorig/mpils-results-grid-seconds-5-4may/medium-2/24proc/seed-2/4_nexp-150-20-8-5_seed-2_20260504_163704/expansion/config_param_CPXPARAM_MIP_Strategy_Dive_3_iter_2.prm
[INFO]:[16:39:27] CPLEX results. Gap: 8.460000, upper bound: 238.000000, lower bound: 217.861067
[INFO]:[16:39:27] CPLEX solver finished. Gap: 8.460000
[INFO]:[16:39:27] Starting CPLEX solver on instance: /home/yorig/tuner/mpils-tests/instances/miplib/medium-2/nexp-150-20-8-5.mps with config: /scratch/yorig/mpils-results-grid-seconds-5-4may/medium-2/24proc/seed-2/4_nexp-150-20-8-5_seed-2_20260504_163704/expansion/config_param_CPXPARAM_MIP_Strategy_BBInterval_4_iter_2.prm
[INFO]:[16:39:32] CPLEX results. Gap: 8.460000, upper bound: 238.000000, lower bound: 217.861067
[INFO]:[16:39:32] CPLEX solver finished. Gap: 8.460000
[INFO]:[16:39:32] Expansion Worker 5 completed expansion.
[INFO]:[16:39:32] Worker 5 completed expansion phase.
[INFO]:[16:39:33] Worker 5 received order for step 1.
[INFO]:[16:39:33] Worker 5 running exploration phase for iteration 3.
[INFO]:[16:39:33] Worker 5 at iteration 3 will not use a MIP start file. Current best MIP-start upper bound threshold is 1.79769e+308.
[INFO]:[16:39:33] Starting local search phase...
[INFO]:[16:39:33] Creating local search space from parameter space file: /scratch/yorig/mpils-results-grid-seconds-5-4may/medium-2/24proc/seed-2/4_nexp-150-20-8-5_seed-2_20260504_163704/iterated_local_search/search_space/search_space_file_3_worker_5.txt
[INFO]:[16:39:33] Local search space loaded from file: /scratch/yorig/mpils-results-grid-seconds-5-4may/medium-2/24proc/seed-2/4_nexp-150-20-8-5_seed-2_20260504_163704/iterated_local_search/search_space/search_space_file_3_worker_5.txt
[INFO]:[16:39:33] Number of parameters in local search space: 71
[INFO]:[16:39:33] Number of forbidden tuples in local search space: 51
[INFO]:[16:39:33] Number of conditionals in local search space: 6
[INFO]:[16:39:33] MIP start option not enabled. Local search will proceed without MIP start.
[INFO]:[16:39:33] Evaluating initial configuration for local search phase...
[INFO]:[16:39:33] Starting CPLEX solver on instance: /home/yorig/tuner/mpils-tests/instances/miplib/medium-2/nexp-150-20-8-5.mps with config: /scratch/yorig/mpils-results-grid-seconds-5-4may/medium-2/24proc/seed-2/4_nexp-150-20-8-5_seed-2_20260504_163704/iterated_local_search/run_3_worker_5/ils_config_16038072267892430779.prm
[INFO]:[16:39:33] Starting CPLEX solver on instance: /home/yorig/tuner/mpils-tests/instances/miplib/medium-2/nexp-150-20-8-5.mps with config: /scratch/yorig/mpils-results-grid-seconds-5-4may/medium-2/24proc/seed-2/4_nexp-150-20-8-5_seed-2_20260504_163704/iterated_local_search/run_3_worker_5/ils_config_16038072267892430779.prm
[INFO]:[16:39:38] CPLEX results. Gap: 70.820000, upper bound: 247.000000, lower bound: 72.079102
[INFO]:[16:39:38] CPLEX solver finished. Gap: 70.820000
[INFO]:[16:39:38] Initial configuration evaluated with objective value: 70.82
[INFO]:[16:39:38] Starting CPLEX solver on instance: /home/yorig/tuner/mpils-tests/instances/miplib/medium-2/nexp-150-20-8-5.mps with config: /scratch/yorig/mpils-results-grid-seconds-5-4may/medium-2/24proc/seed-2/4_nexp-150-20-8-5_seed-2_20260504_163704/iterated_local_search/run_3_worker_5/ils_config_2316432649934415803.prm
[INFO]:[16:39:38] Starting CPLEX solver on instance: /home/yorig/tuner/mpils-tests/instances/miplib/medium-2/nexp-150-20-8-5.mps with config: /scratch/yorig/mpils-results-grid-seconds-5-4may/medium-2/24proc/seed-2/4_nexp-150-20-8-5_seed-2_20260504_163704/iterated_local_search/run_3_worker_5/ils_config_2316432649934415803.prm
[INFO]:[16:39:43] CPLEX results. Gap: 73.140000, upper bound: 257.000000, lower bound: 69.037085
[INFO]:[16:39:43] CPLEX solver finished. Gap: 73.140000
[INFO]:[16:39:43] Starting CPLEX solver on instance: /home/yorig/tuner/mpils-tests/instances/miplib/medium-2/nexp-150-20-8-5.mps with config: /scratch/yorig/mpils-results-grid-seconds-5-4may/medium-2/24proc/seed-2/4_nexp-150-20-8-5_seed-2_20260504_163704/iterated_local_search/run_3_worker_5/ils_config_4380869241613079338.prm
[INFO]:[16:39:43] Starting CPLEX solver on instance: /home/yorig/tuner/mpils-tests/instances/miplib/medium-2/nexp-150-20-8-5.mps with config: /scratch/yorig/mpils-results-grid-seconds-5-4may/medium-2/24proc/seed-2/4_nexp-150-20-8-5_seed-2_20260504_163704/iterated_local_search/run_3_worker_5/ils_config_4380869241613079338.prm
[INFO]:[16:39:48] CPLEX results. Gap: 71.110000, upper bound: 248.000000, lower bound: 71.648287
[INFO]:[16:39:48] CPLEX solver finished. Gap: 71.110000
[INFO]:[16:39:48] Starting CPLEX solver on instance: /home/yorig/tuner/mpils-tests/instances/miplib/medium-2/nexp-150-20-8-5.mps with config: /scratch/yorig/mpils-results-grid-seconds-5-4may/medium-2/24proc/seed-2/4_nexp-150-20-8-5_seed-2_20260504_163704/iterated_local_search/run_3_worker_5/ils_config_137917989353719911.prm
[INFO]:[16:39:48] Starting CPLEX solver on instance: /home/yorig/tuner/mpils-tests/instances/miplib/medium-2/nexp-150-20-8-5.mps with config: /scratch/yorig/mpils-results-grid-seconds-5-4may/medium-2/24proc/seed-2/4_nexp-150-20-8-5_seed-2_20260504_163704/iterated_local_search/run_3_worker_5/ils_config_137917989353719911.prm
[INFO]:[16:39:53] CPLEX results. Gap: 71.190000, upper bound: 256.000000, lower bound: 73.761244
[INFO]:[16:39:53] CPLEX solver finished. Gap: 71.190000
[INFO]:[16:39:53] Starting CPLEX solver on instance: /home/yorig/tuner/mpils-tests/instances/miplib/medium-2/nexp-150-20-8-5.mps with config: /scratch/yorig/mpils-results-grid-seconds-5-4may/medium-2/24proc/seed-2/4_nexp-150-20-8-5_seed-2_20260504_163704/iterated_local_search/run_3_worker_5/ils_config_15341308380682774020.prm
[INFO]:[16:39:53] Starting CPLEX solver on instance: /home/yorig/tuner/mpils-tests/instances/miplib/medium-2/nexp-150-20-8-5.mps with config: /scratch/yorig/mpils-results-grid-seconds-5-4may/medium-2/24proc/seed-2/4_nexp-150-20-8-5_seed-2_20260504_163704/iterated_local_search/run_3_worker_5/ils_config_15341308380682774020.prm
[INFO]:[16:39:58] CPLEX results. Gap: 73.050000, upper bound: 251.000000, lower bound: 67.655359
[INFO]:[16:39:58] CPLEX solver finished. Gap: 73.050000
[INFO]:[16:39:58] Local search phase completed.
[INFO]:[16:39:58] Total number of new local-search evaluations: 5
[INFO]:[16:39:58] Final incumbent objective value: 70.82
[INFO]:[16:39:58] Worker 5 completed exploration phase.
[INFO]:[16:39:58] Worker 5 received order for step 2.
[INFO]:[16:39:58] Worker 5 running expansion phase for iteration 3.
[INFO]:[16:39:58] Worker 5 will use solver log file: /scratch/yorig/mpils-results-grid-seconds-5-4may/medium-2/24proc/seed-2/4_nexp-150-20-8-5_seed-2_20260504_163704/solver/cplex.log_iteration_expansion_3_worker_5
[INFO]:[16:39:58] Expansion Worker 5 starting expansion for iteration 3.
[INFO]:[16:39:58] Starting CPLEX solver on instance: /home/yorig/tuner/mpils-tests/instances/miplib/medium-2/nexp-150-20-8-5.mps with config: /scratch/yorig/mpils-results-grid-seconds-5-4may/medium-2/24proc/seed-2/4_nexp-150-20-8-5_seed-2_20260504_163704/expansion/config_param_CPXPARAM_Preprocessing_Symmetry_5_iter_3.prm
[INFO]:[16:40:03] CPLEX results. Gap: 8.460000, upper bound: 238.000000, lower bound: 217.861067
[INFO]:[16:40:03] CPLEX solver finished. Gap: 8.460000
[INFO]:[16:40:03] Expansion Worker 5 stopping early after global MPI expansion stop was activated.
[INFO]:[16:40:03] Expansion Worker 5 completed expansion.
[INFO]:[16:40:03] Worker 5 completed expansion phase.
[INFO]:[16:40:04] Worker 5 received order for step 1.
[INFO]:[16:40:04] Worker 5 running exploration phase for iteration 4.
[INFO]:[16:40:04] Worker 5 at iteration 4 will not use a MIP start file. Current best MIP-start upper bound threshold is 1.79769e+308.
[INFO]:[16:40:04] Starting local search phase...
[INFO]:[16:40:04] Creating local search space from parameter space file: /scratch/yorig/mpils-results-grid-seconds-5-4may/medium-2/24proc/seed-2/4_nexp-150-20-8-5_seed-2_20260504_163704/iterated_local_search/search_space/search_space_file_4_worker_5.txt
[INFO]:[16:40:04] Local search space loaded from file: /scratch/yorig/mpils-results-grid-seconds-5-4may/medium-2/24proc/seed-2/4_nexp-150-20-8-5_seed-2_20260504_163704/iterated_local_search/search_space/search_space_file_4_worker_5.txt
[INFO]:[16:40:04] Number of parameters in local search space: 71
[INFO]:[16:40:04] Number of forbidden tuples in local search space: 44
[INFO]:[16:40:04] Number of conditionals in local search space: 6
[INFO]:[16:40:04] MIP start option not enabled. Local search will proceed without MIP start.
[INFO]:[16:40:04] Evaluating initial configuration for local search phase...
[INFO]:[16:40:04] Starting CPLEX solver on instance: /home/yorig/tuner/mpils-tests/instances/miplib/medium-2/nexp-150-20-8-5.mps with config: /scratch/yorig/mpils-results-grid-seconds-5-4may/medium-2/24proc/seed-2/4_nexp-150-20-8-5_seed-2_20260504_163704/iterated_local_search/run_4_worker_5/ils_config_1779423317464575162.prm
[INFO]:[16:40:04] Starting CPLEX solver on instance: /home/yorig/tuner/mpils-tests/instances/miplib/medium-2/nexp-150-20-8-5.mps with config: /scratch/yorig/mpils-results-grid-seconds-5-4may/medium-2/24proc/seed-2/4_nexp-150-20-8-5_seed-2_20260504_163704/iterated_local_search/run_4_worker_5/ils_config_1779423317464575162.prm
[INFO]:[16:40:09] CPLEX results. Gap: 88.000000, upper bound: 271.000000, lower bound: 32.510584
[INFO]:[16:40:09] CPLEX solver finished. Gap: 88.000000
[INFO]:[16:40:09] Initial configuration evaluated with objective value: 88
[INFO]:[16:40:09] Starting CPLEX solver on instance: /home/yorig/tuner/mpils-tests/instances/miplib/medium-2/nexp-150-20-8-5.mps with config: /scratch/yorig/mpils-results-grid-seconds-5-4may/medium-2/24proc/seed-2/4_nexp-150-20-8-5_seed-2_20260504_163704/iterated_local_search/run_4_worker_5/ils_config_9480736091725055859.prm
[INFO]:[16:40:09] Starting CPLEX solver on instance: /home/yorig/tuner/mpils-tests/instances/miplib/medium-2/nexp-150-20-8-5.mps with config: /scratch/yorig/mpils-results-grid-seconds-5-4may/medium-2/24proc/seed-2/4_nexp-150-20-8-5_seed-2_20260504_163704/iterated_local_search/run_4_worker_5/ils_config_9480736091725055859.prm
[INFO]:[16:40:14] CPLEX results. Gap: 87.040000, upper bound: 266.000000, lower bound: 34.467517
[INFO]:[16:40:14] CPLEX solver finished. Gap: 87.040000
[INFO]:[16:40:14] New incumbent found with objective value: 87.04
[INFO]:[16:40:14] Starting CPLEX solver on instance: /home/yorig/tuner/mpils-tests/instances/miplib/medium-2/nexp-150-20-8-5.mps with config: /scratch/yorig/mpils-results-grid-seconds-5-4may/medium-2/24proc/seed-2/4_nexp-150-20-8-5_seed-2_20260504_163704/iterated_local_search/run_4_worker_5/ils_config_15630069624660061874.prm
[INFO]:[16:40:14] Starting CPLEX solver on instance: /home/yorig/tuner/mpils-tests/instances/miplib/medium-2/nexp-150-20-8-5.mps with config: /scratch/yorig/mpils-results-grid-seconds-5-4may/medium-2/24proc/seed-2/4_nexp-150-20-8-5_seed-2_20260504_163704/iterated_local_search/run_4_worker_5/ils_config_15630069624660061874.prm
[INFO]:[16:40:19] CPLEX results. Gap: 85.940000, upper bound: 249.000000, lower bound: 35.019537
[INFO]:[16:40:19] CPLEX solver finished. Gap: 85.940000
[INFO]:[16:40:19] New incumbent found with objective value: 85.94
[INFO]:[16:40:19] Starting CPLEX solver on instance: /home/yorig/tuner/mpils-tests/instances/miplib/medium-2/nexp-150-20-8-5.mps with config: /scratch/yorig/mpils-results-grid-seconds-5-4may/medium-2/24proc/seed-2/4_nexp-150-20-8-5_seed-2_20260504_163704/iterated_local_search/run_4_worker_5/ils_config_5406973718905676735.prm
[INFO]:[16:40:19] Starting CPLEX solver on instance: /home/yorig/tuner/mpils-tests/instances/miplib/medium-2/nexp-150-20-8-5.mps with config: /scratch/yorig/mpils-results-grid-seconds-5-4may/medium-2/24proc/seed-2/4_nexp-150-20-8-5_seed-2_20260504_163704/iterated_local_search/run_4_worker_5/ils_config_5406973718905676735.prm
[INFO]:[16:40:24] CPLEX results. Gap: 85.940000, upper bound: 249.000000, lower bound: 35.019537
[INFO]:[16:40:24] CPLEX solver finished. Gap: 85.940000
[INFO]:[16:40:24] Starting CPLEX solver on instance: /home/yorig/tuner/mpils-tests/instances/miplib/medium-2/nexp-150-20-8-5.mps with config: /scratch/yorig/mpils-results-grid-seconds-5-4may/medium-2/24proc/seed-2/4_nexp-150-20-8-5_seed-2_20260504_163704/iterated_local_search/run_4_worker_5/ils_config_6483318995780881934.prm
[INFO]:[16:40:24] Starting CPLEX solver on instance: /home/yorig/tuner/mpils-tests/instances/miplib/medium-2/nexp-150-20-8-5.mps with config: /scratch/yorig/mpils-results-grid-seconds-5-4may/medium-2/24proc/seed-2/4_nexp-150-20-8-5_seed-2_20260504_163704/iterated_local_search/run_4_worker_5/ils_config_6483318995780881934.prm
[INFO]:[16:40:29] CPLEX results. Gap: 85.940000, upper bound: 249.000000, lower bound: 35.019537
[INFO]:[16:40:29] CPLEX solver finished. Gap: 85.940000
[INFO]:[16:40:29] Starting CPLEX solver on instance: /home/yorig/tuner/mpils-tests/instances/miplib/medium-2/nexp-150-20-8-5.mps with config: /scratch/yorig/mpils-results-grid-seconds-5-4may/medium-2/24proc/seed-2/4_nexp-150-20-8-5_seed-2_20260504_163704/iterated_local_search/run_4_worker_5/ils_config_592787584346154507.prm
[INFO]:[16:40:29] Starting CPLEX solver on instance: /home/yorig/tuner/mpils-tests/instances/miplib/medium-2/nexp-150-20-8-5.mps with config: /scratch/yorig/mpils-results-grid-seconds-5-4may/medium-2/24proc/seed-2/4_nexp-150-20-8-5_seed-2_20260504_163704/iterated_local_search/run_4_worker_5/ils_config_592787584346154507.prm
[INFO]:[16:40:34] CPLEX results. Gap: 65.260000, upper bound: 246.000000, lower bound: 85.454695
[INFO]:[16:40:34] CPLEX solver finished. Gap: 65.260000
[INFO]:[16:40:34] New incumbent found with objective value: 65.26
[INFO]:[16:40:34] Starting CPLEX solver on instance: /home/yorig/tuner/mpils-tests/instances/miplib/medium-2/nexp-150-20-8-5.mps with config: /scratch/yorig/mpils-results-grid-seconds-5-4may/medium-2/24proc/seed-2/4_nexp-150-20-8-5_seed-2_20260504_163704/iterated_local_search/run_4_worker_5/ils_config_13033127823930460699.prm
[INFO]:[16:40:34] Starting CPLEX solver on instance: /home/yorig/tuner/mpils-tests/instances/miplib/medium-2/nexp-150-20-8-5.mps with config: /scratch/yorig/mpils-results-grid-seconds-5-4may/medium-2/24proc/seed-2/4_nexp-150-20-8-5_seed-2_20260504_163704/iterated_local_search/run_4_worker_5/ils_config_13033127823930460699.prm
[INFO]:[16:40:39] CPLEX results. Gap: 65.260000, upper bound: 246.000000, lower bound: 85.454695
[INFO]:[16:40:39] CPLEX solver finished. Gap: 65.260000
[INFO]:[16:40:39] Starting CPLEX solver on instance: /home/yorig/tuner/mpils-tests/instances/miplib/medium-2/nexp-150-20-8-5.mps with config: /scratch/yorig/mpils-results-grid-seconds-5-4may/medium-2/24proc/seed-2/4_nexp-150-20-8-5_seed-2_20260504_163704/iterated_local_search/run_4_worker_5/ils_config_1756063209478763517.prm
[INFO]:[16:40:39] Starting CPLEX solver on instance: /home/yorig/tuner/mpils-tests/instances/miplib/medium-2/nexp-150-20-8-5.mps with config: /scratch/yorig/mpils-results-grid-seconds-5-4may/medium-2/24proc/seed-2/4_nexp-150-20-8-5_seed-2_20260504_163704/iterated_local_search/run_4_worker_5/ils_config_1756063209478763517.prm
[INFO]:[16:40:44] CPLEX results. Gap: 65.260000, upper bound: 246.000000, lower bound: 85.454695
[INFO]:[16:40:44] CPLEX solver finished. Gap: 65.260000
[INFO]:[16:40:44] Starting CPLEX solver on instance: /home/yorig/tuner/mpils-tests/instances/miplib/medium-2/nexp-150-20-8-5.mps with config: /scratch/yorig/mpils-results-grid-seconds-5-4may/medium-2/24proc/seed-2/4_nexp-150-20-8-5_seed-2_20260504_163704/iterated_local_search/run_4_worker_5/ils_config_17228773157115702935.prm
[INFO]:[16:40:44] Starting CPLEX solver on instance: /home/yorig/tuner/mpils-tests/instances/miplib/medium-2/nexp-150-20-8-5.mps with config: /scratch/yorig/mpils-results-grid-seconds-5-4may/medium-2/24proc/seed-2/4_nexp-150-20-8-5_seed-2_20260504_163704/iterated_local_search/run_4_worker_5/ils_config_17228773157115702935.prm
[INFO]:[16:40:49] CPLEX results. Gap: 65.260000, upper bound: 246.000000, lower bound: 85.454695
[INFO]:[16:40:49] CPLEX solver finished. Gap: 65.260000
[INFO]:[16:40:49] Starting CPLEX solver on instance: /home/yorig/tuner/mpils-tests/instances/miplib/medium-2/nexp-150-20-8-5.mps with config: /scratch/yorig/mpils-results-grid-seconds-5-4may/medium-2/24proc/seed-2/4_nexp-150-20-8-5_seed-2_20260504_163704/iterated_local_search/run_4_worker_5/ils_config_6537970072260810819.prm
[INFO]:[16:40:49] Starting CPLEX solver on instance: /home/yorig/tuner/mpils-tests/instances/miplib/medium-2/nexp-150-20-8-5.mps with config: /scratch/yorig/mpils-results-grid-seconds-5-4may/medium-2/24proc/seed-2/4_nexp-150-20-8-5_seed-2_20260504_163704/iterated_local_search/run_4_worker_5/ils_config_6537970072260810819.prm
[INFO]:[16:40:54] CPLEX results. Gap: 65.260000, upper bound: 246.000000, lower bound: 85.454695
[INFO]:[16:40:54] CPLEX solver finished. Gap: 65.260000
[INFO]:[16:40:54] Starting CPLEX solver on instance: /home/yorig/tuner/mpils-tests/instances/miplib/medium-2/nexp-150-20-8-5.mps with config: /scratch/yorig/mpils-results-grid-seconds-5-4may/medium-2/24proc/seed-2/4_nexp-150-20-8-5_seed-2_20260504_163704/iterated_local_search/run_4_worker_5/ils_config_1623824765247081624.prm
[INFO]:[16:40:54] Starting CPLEX solver on instance: /home/yorig/tuner/mpils-tests/instances/miplib/medium-2/nexp-150-20-8-5.mps with config: /scratch/yorig/mpils-results-grid-seconds-5-4may/medium-2/24proc/seed-2/4_nexp-150-20-8-5_seed-2_20260504_163704/iterated_local_search/run_4_worker_5/ils_config_1623824765247081624.prm
[INFO]:[16:40:59] CPLEX results. Gap: 68.060000, upper bound: 250.000000, lower bound: 79.849963
[INFO]:[16:40:59] CPLEX solver finished. Gap: 68.060000
[INFO]:[16:40:59] Starting CPLEX solver on instance: /home/yorig/tuner/mpils-tests/instances/miplib/medium-2/nexp-150-20-8-5.mps with config: /scratch/yorig/mpils-results-grid-seconds-5-4may/medium-2/24proc/seed-2/4_nexp-150-20-8-5_seed-2_20260504_163704/iterated_local_search/run_4_worker_5/ils_config_17752160119451850038.prm
[INFO]:[16:40:59] Starting CPLEX solver on instance: /home/yorig/tuner/mpils-tests/instances/miplib/medium-2/nexp-150-20-8-5.mps with config: /scratch/yorig/mpils-results-grid-seconds-5-4may/medium-2/24proc/seed-2/4_nexp-150-20-8-5_seed-2_20260504_163704/iterated_local_search/run_4_worker_5/ils_config_17752160119451850038.prm
[INFO]:[16:41:04] CPLEX results. Gap: 65.260000, upper bound: 246.000000, lower bound: 85.454695
[INFO]:[16:41:04] CPLEX solver finished. Gap: 65.260000
[INFO]:[16:41:04] Starting CPLEX solver on instance: /home/yorig/tuner/mpils-tests/instances/miplib/medium-2/nexp-150-20-8-5.mps with config: /scratch/yorig/mpils-results-grid-seconds-5-4may/medium-2/24proc/seed-2/4_nexp-150-20-8-5_seed-2_20260504_163704/iterated_local_search/run_4_worker_5/ils_config_5584379541699713448.prm
[INFO]:[16:41:04] Starting CPLEX solver on instance: /home/yorig/tuner/mpils-tests/instances/miplib/medium-2/nexp-150-20-8-5.mps with config: /scratch/yorig/mpils-results-grid-seconds-5-4may/medium-2/24proc/seed-2/4_nexp-150-20-8-5_seed-2_20260504_163704/iterated_local_search/run_4_worker_5/ils_config_5584379541699713448.prm
[INFO]:[16:41:09] CPLEX results. Gap: 67.590000, upper bound: 248.000000, lower bound: 80.376949
[INFO]:[16:41:09] CPLEX solver finished. Gap: 67.590000
[INFO]:[16:41:09] Starting CPLEX solver on instance: /home/yorig/tuner/mpils-tests/instances/miplib/medium-2/nexp-150-20-8-5.mps with config: /scratch/yorig/mpils-results-grid-seconds-5-4may/medium-2/24proc/seed-2/4_nexp-150-20-8-5_seed-2_20260504_163704/iterated_local_search/run_4_worker_5/ils_config_3873942119795551101.prm
[INFO]:[16:41:09] Starting CPLEX solver on instance: /home/yorig/tuner/mpils-tests/instances/miplib/medium-2/nexp-150-20-8-5.mps with config: /scratch/yorig/mpils-results-grid-seconds-5-4may/medium-2/24proc/seed-2/4_nexp-150-20-8-5_seed-2_20260504_163704/iterated_local_search/run_4_worker_5/ils_config_3873942119795551101.prm
[INFO]:[16:41:14] CPLEX results. Gap: 65.260000, upper bound: 246.000000, lower bound: 85.454695
[INFO]:[16:41:14] CPLEX solver finished. Gap: 65.260000
[INFO]:[16:41:14] Local search phase completed.
[INFO]:[16:41:14] Total number of new local-search evaluations: 14
[INFO]:[16:41:14] Final incumbent objective value: 65.26
[INFO]:[16:41:14] Worker 5 completed exploration phase.
[INFO]:[16:41:15] Worker 5 received order for step 2.
[INFO]:[16:41:15] Worker 5 running expansion phase for iteration 4.
[INFO]:[16:41:15] Worker 5 will use solver log file: /scratch/yorig/mpils-results-grid-seconds-5-4may/medium-2/24proc/seed-2/4_nexp-150-20-8-5_seed-2_20260504_163704/solver/cplex.log_iteration_expansion_4_worker_5
[INFO]:[16:41:15] Expansion Worker 5 starting expansion for iteration 4.
[INFO]:[16:41:15] Starting CPLEX solver on instance: /home/yorig/tuner/mpils-tests/instances/miplib/medium-2/nexp-150-20-8-5.mps with config: /scratch/yorig/mpils-results-grid-seconds-5-4may/medium-2/24proc/seed-2/4_nexp-150-20-8-5_seed-2_20260504_163704/expansion/config_param_CPXPARAM_MIP_Strategy_StartAlgorithm_6_iter_4.prm
[INFO]:[16:41:20] CPLEX results. Gap: 6.760000, upper bound: 237.000000, lower bound: 220.989032
[INFO]:[16:41:20] CPLEX solver finished. Gap: 6.760000
[INFO]:[16:41:22] Expansion Worker 5 stopping early after global MPI expansion stop was activated.
[INFO]:[16:41:22] Expansion Worker 5 completed expansion.
[INFO]:[16:41:22] Worker 5 completed expansion phase.
[INFO]:[16:41:23] Worker 5 received order for step 1.
[INFO]:[16:41:23] Worker 5 running exploration phase for iteration 5.
[INFO]:[16:41:23] Worker 5 at iteration 5 will not use a MIP start file. Current best MIP-start upper bound threshold is 1.79769e+308.
[INFO]:[16:41:23] Starting local search phase...
[INFO]:[16:41:23] Creating local search space from parameter space file: /scratch/yorig/mpils-results-grid-seconds-5-4may/medium-2/24proc/seed-2/4_nexp-150-20-8-5_seed-2_20260504_163704/iterated_local_search/search_space/search_space_file_5_worker_5.txt
[INFO]:[16:41:23] Local search space loaded from file: /scratch/yorig/mpils-results-grid-seconds-5-4may/medium-2/24proc/seed-2/4_nexp-150-20-8-5_seed-2_20260504_163704/iterated_local_search/search_space/search_space_file_5_worker_5.txt
[INFO]:[16:41:23] Number of parameters in local search space: 71
[INFO]:[16:41:23] Number of forbidden tuples in local search space: 70
[INFO]:[16:41:23] Number of conditionals in local search space: 6
[INFO]:[16:41:23] MIP start option not enabled. Local search will proceed without MIP start.
[INFO]:[16:41:23] Evaluating initial configuration for local search phase...
[INFO]:[16:41:23] Starting CPLEX solver on instance: /home/yorig/tuner/mpils-tests/instances/miplib/medium-2/nexp-150-20-8-5.mps with config: /scratch/yorig/mpils-results-grid-seconds-5-4may/medium-2/24proc/seed-2/4_nexp-150-20-8-5_seed-2_20260504_163704/iterated_local_search/run_5_worker_5/ils_config_10354392662367926356.prm
[INFO]:[16:41:23] Starting CPLEX solver on instance: /home/yorig/tuner/mpils-tests/instances/miplib/medium-2/nexp-150-20-8-5.mps with config: /scratch/yorig/mpils-results-grid-seconds-5-4may/medium-2/24proc/seed-2/4_nexp-150-20-8-5_seed-2_20260504_163704/iterated_local_search/run_5_worker_5/ils_config_10354392662367926356.prm
[WARN]:[16:41:28] CPLEX finished without a primal feasible solution for config /scratch/yorig/mpils-results-grid-seconds-5-4may/medium-2/24proc/seed-2/4_nexp-150-20-8-5_seed-2_20260504_163704/iterated_local_search/run_5_worker_5/ils_config_10354392662367926356.prm.
[INFO]:[16:41:28] CPLEX results. Gap: unavailable, upper bound: null, lower bound: 19.557340
[INFO]:[16:41:28] CPLEX solver finished. Gap: 179769313486231570814527423731704356798070567525844996598917476803157260780028538760589558632766878171540458953514382464234321326889464182768467546703537516986049910576551282076245490090389328944075868508455133942304583236903222948165808559332123348274797826204144723168738177180919299881250404026184124858368.000000
[INFO]:[16:41:28] Initial configuration evaluated with objective value: 1.79769e+308
[INFO]:[16:41:28] Starting CPLEX solver on instance: /home/yorig/tuner/mpils-tests/instances/miplib/medium-2/nexp-150-20-8-5.mps with config: /scratch/yorig/mpils-results-grid-seconds-5-4may/medium-2/24proc/seed-2/4_nexp-150-20-8-5_seed-2_20260504_163704/iterated_local_search/run_5_worker_5/ils_config_9794328135268211966.prm
[INFO]:[16:41:28] Starting CPLEX solver on instance: /home/yorig/tuner/mpils-tests/instances/miplib/medium-2/nexp-150-20-8-5.mps with config: /scratch/yorig/mpils-results-grid-seconds-5-4may/medium-2/24proc/seed-2/4_nexp-150-20-8-5_seed-2_20260504_163704/iterated_local_search/run_5_worker_5/ils_config_9794328135268211966.prm
[WARN]:[16:41:33] CPLEX finished without a primal feasible solution for config /scratch/yorig/mpils-results-grid-seconds-5-4may/medium-2/24proc/seed-2/4_nexp-150-20-8-5_seed-2_20260504_163704/iterated_local_search/run_5_worker_5/ils_config_9794328135268211966.prm.
[INFO]:[16:41:33] CPLEX results. Gap: unavailable, upper bound: null, lower bound: 20.387996
[INFO]:[16:41:33] CPLEX solver finished. Gap: 179769313486231570814527423731704356798070567525844996598917476803157260780028538760589558632766878171540458953514382464234321326889464182768467546703537516986049910576551282076245490090389328944075868508455133942304583236903222948165808559332123348274797826204144723168738177180919299881250404026184124858368.000000
[INFO]:[16:41:33] Starting CPLEX solver on instance: /home/yorig/tuner/mpils-tests/instances/miplib/medium-2/nexp-150-20-8-5.mps with config: /scratch/yorig/mpils-results-grid-seconds-5-4may/medium-2/24proc/seed-2/4_nexp-150-20-8-5_seed-2_20260504_163704/iterated_local_search/run_5_worker_5/ils_config_18114047223505206709.prm
[INFO]:[16:41:33] Starting CPLEX solver on instance: /home/yorig/tuner/mpils-tests/instances/miplib/medium-2/nexp-150-20-8-5.mps with config: /scratch/yorig/mpils-results-grid-seconds-5-4may/medium-2/24proc/seed-2/4_nexp-150-20-8-5_seed-2_20260504_163704/iterated_local_search/run_5_worker_5/ils_config_18114047223505206709.prm
[WARN]:[16:41:38] CPLEX finished without a primal feasible solution for config /scratch/yorig/mpils-results-grid-seconds-5-4may/medium-2/24proc/seed-2/4_nexp-150-20-8-5_seed-2_20260504_163704/iterated_local_search/run_5_worker_5/ils_config_18114047223505206709.prm.
[INFO]:[16:41:38] CPLEX results. Gap: unavailable, upper bound: null, lower bound: 19.557340
[INFO]:[16:41:38] CPLEX solver finished. Gap: 179769313486231570814527423731704356798070567525844996598917476803157260780028538760589558632766878171540458953514382464234321326889464182768467546703537516986049910576551282076245490090389328944075868508455133942304583236903222948165808559332123348274797826204144723168738177180919299881250404026184124858368.000000
[INFO]:[16:41:38] Starting CPLEX solver on instance: /home/yorig/tuner/mpils-tests/instances/miplib/medium-2/nexp-150-20-8-5.mps with config: /scratch/yorig/mpils-results-grid-seconds-5-4may/medium-2/24proc/seed-2/4_nexp-150-20-8-5_seed-2_20260504_163704/iterated_local_search/run_5_worker_5/ils_config_15131956693366057961.prm
[INFO]:[16:41:38] Starting CPLEX solver on instance: /home/yorig/tuner/mpils-tests/instances/miplib/medium-2/nexp-150-20-8-5.mps with config: /scratch/yorig/mpils-results-grid-seconds-5-4may/medium-2/24proc/seed-2/4_nexp-150-20-8-5_seed-2_20260504_163704/iterated_local_search/run_5_worker_5/ils_config_15131956693366057961.prm
[WARN]:[16:41:43] CPLEX finished without a primal feasible solution for config /scratch/yorig/mpils-results-grid-seconds-5-4may/medium-2/24proc/seed-2/4_nexp-150-20-8-5_seed-2_20260504_163704/iterated_local_search/run_5_worker_5/ils_config_15131956693366057961.prm.
[INFO]:[16:41:43] CPLEX results. Gap: unavailable, upper bound: null, lower bound: 20.283785
[INFO]:[16:41:43] CPLEX solver finished. Gap: 179769313486231570814527423731704356798070567525844996598917476803157260780028538760589558632766878171540458953514382464234321326889464182768467546703537516986049910576551282076245490090389328944075868508455133942304583236903222948165808559332123348274797826204144723168738177180919299881250404026184124858368.000000
[INFO]:[16:41:43] Starting CPLEX solver on instance: /home/yorig/tuner/mpils-tests/instances/miplib/medium-2/nexp-150-20-8-5.mps with config: /scratch/yorig/mpils-results-grid-seconds-5-4may/medium-2/24proc/seed-2/4_nexp-150-20-8-5_seed-2_20260504_163704/iterated_local_search/run_5_worker_5/ils_config_13902538788363729812.prm
[INFO]:[16:41:43] Starting CPLEX solver on instance: /home/yorig/tuner/mpils-tests/instances/miplib/medium-2/nexp-150-20-8-5.mps with config: /scratch/yorig/mpils-results-grid-seconds-5-4may/medium-2/24proc/seed-2/4_nexp-150-20-8-5_seed-2_20260504_163704/iterated_local_search/run_5_worker_5/ils_config_13902538788363729812.prm
[WARN]:[16:41:48] CPLEX finished without a primal feasible solution for config /scratch/yorig/mpils-results-grid-seconds-5-4may/medium-2/24proc/seed-2/4_nexp-150-20-8-5_seed-2_20260504_163704/iterated_local_search/run_5_worker_5/ils_config_13902538788363729812.prm.
[INFO]:[16:41:48] CPLEX results. Gap: unavailable, upper bound: null, lower bound: 19.557340
[INFO]:[16:41:48] CPLEX solver finished. Gap: 179769313486231570814527423731704356798070567525844996598917476803157260780028538760589558632766878171540458953514382464234321326889464182768467546703537516986049910576551282076245490090389328944075868508455133942304583236903222948165808559332123348274797826204144723168738177180919299881250404026184124858368.000000
[INFO]:[16:41:48] Starting CPLEX solver on instance: /home/yorig/tuner/mpils-tests/instances/miplib/medium-2/nexp-150-20-8-5.mps with config: /scratch/yorig/mpils-results-grid-seconds-5-4may/medium-2/24proc/seed-2/4_nexp-150-20-8-5_seed-2_20260504_163704/iterated_local_search/run_5_worker_5/ils_config_13773799942306324009.prm
[INFO]:[16:41:48] Starting CPLEX solver on instance: /home/yorig/tuner/mpils-tests/instances/miplib/medium-2/nexp-150-20-8-5.mps with config: /scratch/yorig/mpils-results-grid-seconds-5-4may/medium-2/24proc/seed-2/4_nexp-150-20-8-5_seed-2_20260504_163704/iterated_local_search/run_5_worker_5/ils_config_13773799942306324009.prm
[WARN]:[16:41:53] CPLEX finished without a primal feasible solution for config /scratch/yorig/mpils-results-grid-seconds-5-4may/medium-2/24proc/seed-2/4_nexp-150-20-8-5_seed-2_20260504_163704/iterated_local_search/run_5_worker_5/ils_config_13773799942306324009.prm.
[INFO]:[16:41:53] CPLEX results. Gap: unavailable, upper bound: null, lower bound: 20.305362
[INFO]:[16:41:53] CPLEX solver finished. Gap: 179769313486231570814527423731704356798070567525844996598917476803157260780028538760589558632766878171540458953514382464234321326889464182768467546703537516986049910576551282076245490090389328944075868508455133942304583236903222948165808559332123348274797826204144723168738177180919299881250404026184124858368.000000
[INFO]:[16:41:53] Starting CPLEX solver on instance: /home/yorig/tuner/mpils-tests/instances/miplib/medium-2/nexp-150-20-8-5.mps with config: /scratch/yorig/mpils-results-grid-seconds-5-4may/medium-2/24proc/seed-2/4_nexp-150-20-8-5_seed-2_20260504_163704/iterated_local_search/run_5_worker_5/ils_config_2152654929867437615.prm
[INFO]:[16:41:53] Starting CPLEX solver on instance: /home/yorig/tuner/mpils-tests/instances/miplib/medium-2/nexp-150-20-8-5.mps with config: /scratch/yorig/mpils-results-grid-seconds-5-4may/medium-2/24proc/seed-2/4_nexp-150-20-8-5_seed-2_20260504_163704/iterated_local_search/run_5_worker_5/ils_config_2152654929867437615.prm
[WARN]:[16:41:58] CPLEX finished without a primal feasible solution for config /scratch/yorig/mpils-results-grid-seconds-5-4may/medium-2/24proc/seed-2/4_nexp-150-20-8-5_seed-2_20260504_163704/iterated_local_search/run_5_worker_5/ils_config_2152654929867437615.prm.
[INFO]:[16:41:58] CPLEX results. Gap: unavailable, upper bound: null, lower bound: 20.306961
[INFO]:[16:41:58] CPLEX solver finished. Gap: 179769313486231570814527423731704356798070567525844996598917476803157260780028538760589558632766878171540458953514382464234321326889464182768467546703537516986049910576551282076245490090389328944075868508455133942304583236903222948165808559332123348274797826204144723168738177180919299881250404026184124858368.000000
[INFO]:[16:41:58] Starting CPLEX solver on instance: /home/yorig/tuner/mpils-tests/instances/miplib/medium-2/nexp-150-20-8-5.mps with config: /scratch/yorig/mpils-results-grid-seconds-5-4may/medium-2/24proc/seed-2/4_nexp-150-20-8-5_seed-2_20260504_163704/iterated_local_search/run_5_worker_5/ils_config_11093406734518230024.prm
[INFO]:[16:41:58] Starting CPLEX solver on instance: /home/yorig/tuner/mpils-tests/instances/miplib/medium-2/nexp-150-20-8-5.mps with config: /scratch/yorig/mpils-results-grid-seconds-5-4may/medium-2/24proc/seed-2/4_nexp-150-20-8-5_seed-2_20260504_163704/iterated_local_search/run_5_worker_5/ils_config_11093406734518230024.prm
[INFO]:[16:42:03] CPLEX results. Gap: 96.300000, upper bound: 493.000000, lower bound: 18.226804
[INFO]:[16:42:03] CPLEX solver finished. Gap: 96.300000
[INFO]:[16:42:03] New incumbent found with objective value: 96.3
[INFO]:[16:42:03] Starting CPLEX solver on instance: /home/yorig/tuner/mpils-tests/instances/miplib/medium-2/nexp-150-20-8-5.mps with config: /scratch/yorig/mpils-results-grid-seconds-5-4may/medium-2/24proc/seed-2/4_nexp-150-20-8-5_seed-2_20260504_163704/iterated_local_search/run_5_worker_5/ils_config_14524939406614623856.prm
[INFO]:[16:42:03] Starting CPLEX solver on instance: /home/yorig/tuner/mpils-tests/instances/miplib/medium-2/nexp-150-20-8-5.mps with config: /scratch/yorig/mpils-results-grid-seconds-5-4may/medium-2/24proc/seed-2/4_nexp-150-20-8-5_seed-2_20260504_163704/iterated_local_search/run_5_worker_5/ils_config_14524939406614623856.prm
[INFO]:[16:42:08] CPLEX results. Gap: 96.270000, upper bound: 489.000000, lower bound: 18.253576
[INFO]:[16:42:08] CPLEX solver finished. Gap: 96.270000
[INFO]:[16:42:08] New incumbent found with objective value: 96.27
[INFO]:[16:42:08] Starting CPLEX solver on instance: /home/yorig/tuner/mpils-tests/instances/miplib/medium-2/nexp-150-20-8-5.mps with config: /scratch/yorig/mpils-results-grid-seconds-5-4may/medium-2/24proc/seed-2/4_nexp-150-20-8-5_seed-2_20260504_163704/iterated_local_search/run_5_worker_5/ils_config_8491371906918375883.prm
[INFO]:[16:42:08] Starting CPLEX solver on instance: /home/yorig/tuner/mpils-tests/instances/miplib/medium-2/nexp-150-20-8-5.mps with config: /scratch/yorig/mpils-results-grid-seconds-5-4may/medium-2/24proc/seed-2/4_nexp-150-20-8-5_seed-2_20260504_163704/iterated_local_search/run_5_worker_5/ils_config_8491371906918375883.prm
[INFO]:[16:42:13] CPLEX results. Gap: 96.280000, upper bound: 493.000000, lower bound: 18.333893
[INFO]:[16:42:13] CPLEX solver finished. Gap: 96.280000
[INFO]:[16:42:13] Starting CPLEX solver on instance: /home/yorig/tuner/mpils-tests/instances/miplib/medium-2/nexp-150-20-8-5.mps with config: /scratch/yorig/mpils-results-grid-seconds-5-4may/medium-2/24proc/seed-2/4_nexp-150-20-8-5_seed-2_20260504_163704/iterated_local_search/run_5_worker_5/ils_config_17386073568595748465.prm
[INFO]:[16:42:13] Starting CPLEX solver on instance: /home/yorig/tuner/mpils-tests/instances/miplib/medium-2/nexp-150-20-8-5.mps with config: /scratch/yorig/mpils-results-grid-seconds-5-4may/medium-2/24proc/seed-2/4_nexp-150-20-8-5_seed-2_20260504_163704/iterated_local_search/run_5_worker_5/ils_config_17386073568595748465.prm
[WARN]:[16:42:18] CPLEX finished without a primal feasible solution for config /scratch/yorig/mpils-results-grid-seconds-5-4may/medium-2/24proc/seed-2/4_nexp-150-20-8-5_seed-2_20260504_163704/iterated_local_search/run_5_worker_5/ils_config_17386073568595748465.prm.
[INFO]:[16:42:18] CPLEX results. Gap: unavailable, upper bound: null, lower bound: 18.226804
[INFO]:[16:42:18] CPLEX solver finished. Gap: 179769313486231570814527423731704356798070567525844996598917476803157260780028538760589558632766878171540458953514382464234321326889464182768467546703537516986049910576551282076245490090389328944075868508455133942304583236903222948165808559332123348274797826204144723168738177180919299881250404026184124858368.000000
[INFO]:[16:42:18] Starting CPLEX solver on instance: /home/yorig/tuner/mpils-tests/instances/miplib/medium-2/nexp-150-20-8-5.mps with config: /scratch/yorig/mpils-results-grid-seconds-5-4may/medium-2/24proc/seed-2/4_nexp-150-20-8-5_seed-2_20260504_163704/iterated_local_search/run_5_worker_5/ils_config_8009991494048561685.prm
[INFO]:[16:42:18] Starting CPLEX solver on instance: /home/yorig/tuner/mpils-tests/instances/miplib/medium-2/nexp-150-20-8-5.mps with config: /scratch/yorig/mpils-results-grid-seconds-5-4may/medium-2/24proc/seed-2/4_nexp-150-20-8-5_seed-2_20260504_163704/iterated_local_search/run_5_worker_5/ils_config_8009991494048561685.prm
[INFO]:[16:42:23] CPLEX results. Gap: 96.380000, upper bound: 513.000000, lower bound: 18.548070
[INFO]:[16:42:23] CPLEX solver finished. Gap: 96.380000
[INFO]:[16:42:23] Starting CPLEX solver on instance: /home/yorig/tuner/mpils-tests/instances/miplib/medium-2/nexp-150-20-8-5.mps with config: /scratch/yorig/mpils-results-grid-seconds-5-4may/medium-2/24proc/seed-2/4_nexp-150-20-8-5_seed-2_20260504_163704/iterated_local_search/run_5_worker_5/ils_config_6897466737066667121.prm
[INFO]:[16:42:23] Starting CPLEX solver on instance: /home/yorig/tuner/mpils-tests/instances/miplib/medium-2/nexp-150-20-8-5.mps with config: /scratch/yorig/mpils-results-grid-seconds-5-4may/medium-2/24proc/seed-2/4_nexp-150-20-8-5_seed-2_20260504_163704/iterated_local_search/run_5_worker_5/ils_config_6897466737066667121.prm
[INFO]:[16:42:28] CPLEX results. Gap: 96.390000, upper bound: 505.000000, lower bound: 18.226804
[INFO]:[16:42:28] CPLEX solver finished. Gap: 96.390000
[INFO]:[16:42:28] Starting CPLEX solver on instance: /home/yorig/tuner/mpils-tests/instances/miplib/medium-2/nexp-150-20-8-5.mps with config: /scratch/yorig/mpils-results-grid-seconds-5-4may/medium-2/24proc/seed-2/4_nexp-150-20-8-5_seed-2_20260504_163704/iterated_local_search/run_5_worker_5/ils_config_4255288801227897334.prm
[INFO]:[16:42:28] Starting CPLEX solver on instance: /home/yorig/tuner/mpils-tests/instances/miplib/medium-2/nexp-150-20-8-5.mps with config: /scratch/yorig/mpils-results-grid-seconds-5-4may/medium-2/24proc/seed-2/4_nexp-150-20-8-5_seed-2_20260504_163704/iterated_local_search/run_5_worker_5/ils_config_4255288801227897334.prm
[INFO]:[16:42:33] CPLEX results. Gap: 99.660000, upper bound: 16360.000000, lower bound: 55.907111
[INFO]:[16:42:33] CPLEX solver finished. Gap: 99.660000
[INFO]:[16:42:33] Starting CPLEX solver on instance: /home/yorig/tuner/mpils-tests/instances/miplib/medium-2/nexp-150-20-8-5.mps with config: /scratch/yorig/mpils-results-grid-seconds-5-4may/medium-2/24proc/seed-2/4_nexp-150-20-8-5_seed-2_20260504_163704/iterated_local_search/run_5_worker_5/ils_config_9053982062874838670.prm
[INFO]:[16:42:33] Starting CPLEX solver on instance: /home/yorig/tuner/mpils-tests/instances/miplib/medium-2/nexp-150-20-8-5.mps with config: /scratch/yorig/mpils-results-grid-seconds-5-4may/medium-2/24proc/seed-2/4_nexp-150-20-8-5_seed-2_20260504_163704/iterated_local_search/run_5_worker_5/ils_config_9053982062874838670.prm
[WARN]:[16:42:38] CPLEX finished without a primal feasible solution for config /scratch/yorig/mpils-results-grid-seconds-5-4may/medium-2/24proc/seed-2/4_nexp-150-20-8-5_seed-2_20260504_163704/iterated_local_search/run_5_worker_5/ils_config_9053982062874838670.prm.
[INFO]:[16:42:38] CPLEX results. Gap: unavailable, upper bound: null, lower bound: 18.226804
[INFO]:[16:42:38] CPLEX solver finished. Gap: 179769313486231570814527423731704356798070567525844996598917476803157260780028538760589558632766878171540458953514382464234321326889464182768467546703537516986049910576551282076245490090389328944075868508455133942304583236903222948165808559332123348274797826204144723168738177180919299881250404026184124858368.000000
[INFO]:[16:42:38] Starting CPLEX solver on instance: /home/yorig/tuner/mpils-tests/instances/miplib/medium-2/nexp-150-20-8-5.mps with config: /scratch/yorig/mpils-results-grid-seconds-5-4may/medium-2/24proc/seed-2/4_nexp-150-20-8-5_seed-2_20260504_163704/iterated_local_search/run_5_worker_5/ils_config_7538884405467631499.prm
[INFO]:[16:42:38] Starting CPLEX solver on instance: /home/yorig/tuner/mpils-tests/instances/miplib/medium-2/nexp-150-20-8-5.mps with config: /scratch/yorig/mpils-results-grid-seconds-5-4may/medium-2/24proc/seed-2/4_nexp-150-20-8-5_seed-2_20260504_163704/iterated_local_search/run_5_worker_5/ils_config_7538884405467631499.prm
[INFO]:[16:42:43] CPLEX results. Gap: 96.330000, upper bound: 513.000000, lower bound: 18.842564
[INFO]:[16:42:43] CPLEX solver finished. Gap: 96.330000
[INFO]:[16:42:43] Starting CPLEX solver on instance: /home/yorig/tuner/mpils-tests/instances/miplib/medium-2/nexp-150-20-8-5.mps with config: /scratch/yorig/mpils-results-grid-seconds-5-4may/medium-2/24proc/seed-2/4_nexp-150-20-8-5_seed-2_20260504_163704/iterated_local_search/run_5_worker_5/ils_config_17591000682360196147.prm
[INFO]:[16:42:43] Starting CPLEX solver on instance: /home/yorig/tuner/mpils-tests/instances/miplib/medium-2/nexp-150-20-8-5.mps with config: /scratch/yorig/mpils-results-grid-seconds-5-4may/medium-2/24proc/seed-2/4_nexp-150-20-8-5_seed-2_20260504_163704/iterated_local_search/run_5_worker_5/ils_config_17591000682360196147.prm
[INFO]:[16:42:49] CPLEX results. Gap: 99.890000, upper bound: 16360.000000, lower bound: 18.333893
[INFO]:[16:42:49] CPLEX solver finished. Gap: 99.890000
[INFO]:[16:42:49] Starting CPLEX solver on instance: /home/yorig/tuner/mpils-tests/instances/miplib/medium-2/nexp-150-20-8-5.mps with config: /scratch/yorig/mpils-results-grid-seconds-5-4may/medium-2/24proc/seed-2/4_nexp-150-20-8-5_seed-2_20260504_163704/iterated_local_search/run_5_worker_5/ils_config_3933633013102924508.prm
[INFO]:[16:42:49] Starting CPLEX solver on instance: /home/yorig/tuner/mpils-tests/instances/miplib/medium-2/nexp-150-20-8-5.mps with config: /scratch/yorig/mpils-results-grid-seconds-5-4may/medium-2/24proc/seed-2/4_nexp-150-20-8-5_seed-2_20260504_163704/iterated_local_search/run_5_worker_5/ils_config_3933633013102924508.prm
[WARN]:[16:42:54] CPLEX finished without a primal feasible solution for config /scratch/yorig/mpils-results-grid-seconds-5-4may/medium-2/24proc/seed-2/4_nexp-150-20-8-5_seed-2_20260504_163704/iterated_local_search/run_5_worker_5/ils_config_3933633013102924508.prm.
[INFO]:[16:42:54] CPLEX results. Gap: unavailable, upper bound: null, lower bound: 18.226804
[INFO]:[16:42:54] CPLEX solver finished. Gap: 179769313486231570814527423731704356798070567525844996598917476803157260780028538760589558632766878171540458953514382464234321326889464182768467546703537516986049910576551282076245490090389328944075868508455133942304583236903222948165808559332123348274797826204144723168738177180919299881250404026184124858368.000000
[INFO]:[16:42:54] Local search phase completed.
[INFO]:[16:42:54] Total number of new local-search evaluations: 18
[INFO]:[16:42:54] Final incumbent objective value: 96.27
[INFO]:[16:43:11] Worker 5 completed exploration phase.
[INFO]:[16:43:11] Worker 5 received order for step 2.
[INFO]:[16:43:11] Worker 5 running expansion phase for iteration 5.
[INFO]:[16:43:11] Worker 5 will use solver log file: /scratch/yorig/mpils-results-grid-seconds-5-4may/medium-2/24proc/seed-2/4_nexp-150-20-8-5_seed-2_20260504_163704/solver/cplex.log_iteration_expansion_5_worker_5
[INFO]:[16:43:11] Expansion Worker 5 starting expansion for iteration 5.
[INFO]:[16:43:11] Starting CPLEX solver on instance: /home/yorig/tuner/mpils-tests/instances/miplib/medium-2/nexp-150-20-8-5.mps with config: /scratch/yorig/mpils-results-grid-seconds-5-4may/medium-2/24proc/seed-2/4_nexp-150-20-8-5_seed-2_20260504_163704/expansion/config_param_CPXPARAM_Simplex_PGradient_-1_iter_5.prm
[INFO]:[16:43:16] CPLEX results. Gap: 9.500000, upper bound: 237.000000, lower bound: 214.483137
[INFO]:[16:43:16] CPLEX solver finished. Gap: 9.500000
[INFO]:[16:43:16] Starting CPLEX solver on instance: /home/yorig/tuner/mpils-tests/instances/miplib/medium-2/nexp-150-20-8-5.mps with config: /scratch/yorig/mpils-results-grid-seconds-5-4may/medium-2/24proc/seed-2/4_nexp-150-20-8-5_seed-2_20260504_163704/expansion/config_param_CPXPARAM_Preprocessing_BoundStrength_0_iter_5.prm
[INFO]:[16:43:21] CPLEX results. Gap: 14.310000, upper bound: 240.000000, lower bound: 205.661880
[INFO]:[16:43:21] CPLEX solver finished. Gap: 14.310000
[INFO]:[16:43:21] Expansion Worker 5 completed expansion.
[INFO]:[16:43:21] Worker 5 completed expansion phase.
[INFO]:[16:43:23] Worker 5 received order for step 1.
[INFO]:[16:43:23] Worker 5 running exploration phase for iteration 6.
[INFO]:[16:43:23] Worker 5 at iteration 6 will not use a MIP start file. Current best MIP-start upper bound threshold is 1.79769e+308.
[INFO]:[16:43:23] Starting local search phase...
[INFO]:[16:43:23] Creating local search space from parameter space file: /scratch/yorig/mpils-results-grid-seconds-5-4may/medium-2/24proc/seed-2/4_nexp-150-20-8-5_seed-2_20260504_163704/iterated_local_search/search_space/search_space_file_6_worker_5.txt
[INFO]:[16:43:23] Local search space loaded from file: /scratch/yorig/mpils-results-grid-seconds-5-4may/medium-2/24proc/seed-2/4_nexp-150-20-8-5_seed-2_20260504_163704/iterated_local_search/search_space/search_space_file_6_worker_5.txt
[INFO]:[16:43:23] Number of parameters in local search space: 71
[INFO]:[16:43:23] Number of forbidden tuples in local search space: 99
[INFO]:[16:43:23] Number of conditionals in local search space: 6
[INFO]:[16:43:23] MIP start option not enabled. Local search will proceed without MIP start.
[INFO]:[16:43:23] Evaluating initial configuration for local search phase...
[INFO]:[16:43:23] Starting CPLEX solver on instance: /home/yorig/tuner/mpils-tests/instances/miplib/medium-2/nexp-150-20-8-5.mps with config: /scratch/yorig/mpils-results-grid-seconds-5-4may/medium-2/24proc/seed-2/4_nexp-150-20-8-5_seed-2_20260504_163704/iterated_local_search/run_6_worker_5/ils_config_14683619499074448485.prm
[INFO]:[16:43:23] Starting CPLEX solver on instance: /home/yorig/tuner/mpils-tests/instances/miplib/medium-2/nexp-150-20-8-5.mps with config: /scratch/yorig/mpils-results-grid-seconds-5-4may/medium-2/24proc/seed-2/4_nexp-150-20-8-5_seed-2_20260504_163704/iterated_local_search/run_6_worker_5/ils_config_14683619499074448485.prm
[INFO]:[16:43:28] CPLEX results. Gap: 93.580000, upper bound: 284.000000, lower bound: 18.226804
[INFO]:[16:43:28] CPLEX solver finished. Gap: 93.580000
[INFO]:[16:43:28] Initial configuration evaluated with objective value: 93.58
[INFO]:[16:43:28] Starting CPLEX solver on instance: /home/yorig/tuner/mpils-tests/instances/miplib/medium-2/nexp-150-20-8-5.mps with config: /scratch/yorig/mpils-results-grid-seconds-5-4may/medium-2/24proc/seed-2/4_nexp-150-20-8-5_seed-2_20260504_163704/iterated_local_search/run_6_worker_5/ils_config_78093698373064978.prm
[INFO]:[16:43:28] Starting CPLEX solver on instance: /home/yorig/tuner/mpils-tests/instances/miplib/medium-2/nexp-150-20-8-5.mps with config: /scratch/yorig/mpils-results-grid-seconds-5-4may/medium-2/24proc/seed-2/4_nexp-150-20-8-5_seed-2_20260504_163704/iterated_local_search/run_6_worker_5/ils_config_78093698373064978.prm
[INFO]:[16:43:33] CPLEX results. Gap: 93.560000, upper bound: 283.000000, lower bound: 18.226804
[INFO]:[16:43:33] CPLEX solver finished. Gap: 93.560000
[INFO]:[16:43:33] New incumbent found with objective value: 93.56
[INFO]:[16:43:33] Starting CPLEX solver on instance: /home/yorig/tuner/mpils-tests/instances/miplib/medium-2/nexp-150-20-8-5.mps with config: /scratch/yorig/mpils-results-grid-seconds-5-4may/medium-2/24proc/seed-2/4_nexp-150-20-8-5_seed-2_20260504_163704/iterated_local_search/run_6_worker_5/ils_config_13881651455532729987.prm
[INFO]:[16:43:33] Starting CPLEX solver on instance: /home/yorig/tuner/mpils-tests/instances/miplib/medium-2/nexp-150-20-8-5.mps with config: /scratch/yorig/mpils-results-grid-seconds-5-4may/medium-2/24proc/seed-2/4_nexp-150-20-8-5_seed-2_20260504_163704/iterated_local_search/run_6_worker_5/ils_config_13881651455532729987.prm
[INFO]:[16:43:38] CPLEX results. Gap: 93.560000, upper bound: 283.000000, lower bound: 18.226804
[INFO]:[16:43:38] CPLEX solver finished. Gap: 93.560000
[INFO]:[16:43:38] Starting CPLEX solver on instance: /home/yorig/tuner/mpils-tests/instances/miplib/medium-2/nexp-150-20-8-5.mps with config: /scratch/yorig/mpils-results-grid-seconds-5-4may/medium-2/24proc/seed-2/4_nexp-150-20-8-5_seed-2_20260504_163704/iterated_local_search/run_6_worker_5/ils_config_3288465377875261429.prm
[INFO]:[16:43:38] Starting CPLEX solver on instance: /home/yorig/tuner/mpils-tests/instances/miplib/medium-2/nexp-150-20-8-5.mps with config: /scratch/yorig/mpils-results-grid-seconds-5-4may/medium-2/24proc/seed-2/4_nexp-150-20-8-5_seed-2_20260504_163704/iterated_local_search/run_6_worker_5/ils_config_3288465377875261429.prm
[INFO]:[16:43:43] CPLEX results. Gap: 93.470000, upper bound: 279.000000, lower bound: 18.226804
[INFO]:[16:43:43] CPLEX solver finished. Gap: 93.470000
[INFO]:[16:43:43] New incumbent found with objective value: 93.47
[INFO]:[16:43:43] Starting CPLEX solver on instance: /home/yorig/tuner/mpils-tests/instances/miplib/medium-2/nexp-150-20-8-5.mps with config: /scratch/yorig/mpils-results-grid-seconds-5-4may/medium-2/24proc/seed-2/4_nexp-150-20-8-5_seed-2_20260504_163704/iterated_local_search/run_6_worker_5/ils_config_15832881372301838622.prm
[INFO]:[16:43:43] Starting CPLEX solver on instance: /home/yorig/tuner/mpils-tests/instances/miplib/medium-2/nexp-150-20-8-5.mps with config: /scratch/yorig/mpils-results-grid-seconds-5-4may/medium-2/24proc/seed-2/4_nexp-150-20-8-5_seed-2_20260504_163704/iterated_local_search/run_6_worker_5/ils_config_15832881372301838622.prm
[INFO]:[16:43:48] CPLEX results. Gap: 93.280000, upper bound: 273.000000, lower bound: 18.333893
[INFO]:[16:43:48] CPLEX solver finished. Gap: 93.280000
[INFO]:[16:43:48] New incumbent found with objective value: 93.28
[INFO]:[16:43:48] Starting CPLEX solver on instance: /home/yorig/tuner/mpils-tests/instances/miplib/medium-2/nexp-150-20-8-5.mps with config: /scratch/yorig/mpils-results-grid-seconds-5-4may/medium-2/24proc/seed-2/4_nexp-150-20-8-5_seed-2_20260504_163704/iterated_local_search/run_6_worker_5/ils_config_15490935917307598288.prm
[INFO]:[16:43:48] Starting CPLEX solver on instance: /home/yorig/tuner/mpils-tests/instances/miplib/medium-2/nexp-150-20-8-5.mps with config: /scratch/yorig/mpils-results-grid-seconds-5-4may/medium-2/24proc/seed-2/4_nexp-150-20-8-5_seed-2_20260504_163704/iterated_local_search/run_6_worker_5/ils_config_15490935917307598288.prm
[INFO]:[16:43:53] CPLEX results. Gap: 93.210000, upper bound: 270.000000, lower bound: 18.333893
[INFO]:[16:43:54] CPLEX solver finished. Gap: 93.210000
[INFO]:[16:43:54] New incumbent found with objective value: 93.21
[INFO]:[16:43:54] Starting CPLEX solver on instance: /home/yorig/tuner/mpils-tests/instances/miplib/medium-2/nexp-150-20-8-5.mps with config: /scratch/yorig/mpils-results-grid-seconds-5-4may/medium-2/24proc/seed-2/4_nexp-150-20-8-5_seed-2_20260504_163704/iterated_local_search/run_6_worker_5/ils_config_13343027213177720086.prm
[INFO]:[16:43:54] Starting CPLEX solver on instance: /home/yorig/tuner/mpils-tests/instances/miplib/medium-2/nexp-150-20-8-5.mps with config: /scratch/yorig/mpils-results-grid-seconds-5-4may/medium-2/24proc/seed-2/4_nexp-150-20-8-5_seed-2_20260504_163704/iterated_local_search/run_6_worker_5/ils_config_13343027213177720086.prm
[INFO]:[16:43:59] CPLEX results. Gap: 92.590000, upper bound: 246.000000, lower bound: 18.226804
[INFO]:[16:43:59] CPLEX solver finished. Gap: 92.590000
[INFO]:[16:43:59] New incumbent found with objective value: 92.59
[INFO]:[16:43:59] Starting CPLEX solver on instance: /home/yorig/tuner/mpils-tests/instances/miplib/medium-2/nexp-150-20-8-5.mps with config: /scratch/yorig/mpils-results-grid-seconds-5-4may/medium-2/24proc/seed-2/4_nexp-150-20-8-5_seed-2_20260504_163704/iterated_local_search/run_6_worker_5/ils_config_1723298220846970875.prm
[INFO]:[16:43:59] Starting CPLEX solver on instance: /home/yorig/tuner/mpils-tests/instances/miplib/medium-2/nexp-150-20-8-5.mps with config: /scratch/yorig/mpils-results-grid-seconds-5-4may/medium-2/24proc/seed-2/4_nexp-150-20-8-5_seed-2_20260504_163704/iterated_local_search/run_6_worker_5/ils_config_1723298220846970875.prm
[INFO]:[16:44:04] CPLEX results. Gap: 92.590000, upper bound: 246.000000, lower bound: 18.226804
[INFO]:[16:44:04] CPLEX solver finished. Gap: 92.590000
[INFO]:[16:44:04] Starting CPLEX solver on instance: /home/yorig/tuner/mpils-tests/instances/miplib/medium-2/nexp-150-20-8-5.mps with config: /scratch/yorig/mpils-results-grid-seconds-5-4may/medium-2/24proc/seed-2/4_nexp-150-20-8-5_seed-2_20260504_163704/iterated_local_search/run_6_worker_5/ils_config_16852667037970259656.prm
[INFO]:[16:44:04] Starting CPLEX solver on instance: /home/yorig/tuner/mpils-tests/instances/miplib/medium-2/nexp-150-20-8-5.mps with config: /scratch/yorig/mpils-results-grid-seconds-5-4may/medium-2/24proc/seed-2/4_nexp-150-20-8-5_seed-2_20260504_163704/iterated_local_search/run_6_worker_5/ils_config_16852667037970259656.prm
[INFO]:[16:44:09] CPLEX results. Gap: 92.590000, upper bound: 246.000000, lower bound: 18.226804
[INFO]:[16:44:09] CPLEX solver finished. Gap: 92.590000
[INFO]:[16:44:09] Starting CPLEX solver on instance: /home/yorig/tuner/mpils-tests/instances/miplib/medium-2/nexp-150-20-8-5.mps with config: /scratch/yorig/mpils-results-grid-seconds-5-4may/medium-2/24proc/seed-2/4_nexp-150-20-8-5_seed-2_20260504_163704/iterated_local_search/run_6_worker_5/ils_config_18327877655578256555.prm
[INFO]:[16:44:09] Starting CPLEX solver on instance: /home/yorig/tuner/mpils-tests/instances/miplib/medium-2/nexp-150-20-8-5.mps with config: /scratch/yorig/mpils-results-grid-seconds-5-4may/medium-2/24proc/seed-2/4_nexp-150-20-8-5_seed-2_20260504_163704/iterated_local_search/run_6_worker_5/ils_config_18327877655578256555.prm
[INFO]:[16:44:14] CPLEX results. Gap: 92.590000, upper bound: 246.000000, lower bound: 18.226804
[INFO]:[16:44:14] CPLEX solver finished. Gap: 92.590000
[INFO]:[16:44:14] Starting CPLEX solver on instance: /home/yorig/tuner/mpils-tests/instances/miplib/medium-2/nexp-150-20-8-5.mps with config: /scratch/yorig/mpils-results-grid-seconds-5-4may/medium-2/24proc/seed-2/4_nexp-150-20-8-5_seed-2_20260504_163704/iterated_local_search/run_6_worker_5/ils_config_1005523274415821234.prm
[INFO]:[16:44:14] Starting CPLEX solver on instance: /home/yorig/tuner/mpils-tests/instances/miplib/medium-2/nexp-150-20-8-5.mps with config: /scratch/yorig/mpils-results-grid-seconds-5-4may/medium-2/24proc/seed-2/4_nexp-150-20-8-5_seed-2_20260504_163704/iterated_local_search/run_6_worker_5/ils_config_1005523274415821234.prm
[INFO]:[16:44:19] CPLEX results. Gap: 92.550000, upper bound: 273.000000, lower bound: 20.341805
[INFO]:[16:44:19] CPLEX solver finished. Gap: 92.550000
[INFO]:[16:44:19] New incumbent found with objective value: 92.55
[INFO]:[16:44:19] Starting CPLEX solver on instance: /home/yorig/tuner/mpils-tests/instances/miplib/medium-2/nexp-150-20-8-5.mps with config: /scratch/yorig/mpils-results-grid-seconds-5-4may/medium-2/24proc/seed-2/4_nexp-150-20-8-5_seed-2_20260504_163704/iterated_local_search/run_6_worker_5/ils_config_8905041705245711372.prm
[INFO]:[16:44:19] Starting CPLEX solver on instance: /home/yorig/tuner/mpils-tests/instances/miplib/medium-2/nexp-150-20-8-5.mps with config: /scratch/yorig/mpils-results-grid-seconds-5-4may/medium-2/24proc/seed-2/4_nexp-150-20-8-5_seed-2_20260504_163704/iterated_local_search/run_6_worker_5/ils_config_8905041705245711372.prm
[INFO]:[16:44:24] CPLEX results. Gap: 93.390000, upper bound: 280.000000, lower bound: 18.521298
[INFO]:[16:44:24] CPLEX solver finished. Gap: 93.390000
[INFO]:[16:44:24] Starting CPLEX solver on instance: /home/yorig/tuner/mpils-tests/instances/miplib/medium-2/nexp-150-20-8-5.mps with config: /scratch/yorig/mpils-results-grid-seconds-5-4may/medium-2/24proc/seed-2/4_nexp-150-20-8-5_seed-2_20260504_163704/iterated_local_search/run_6_worker_5/ils_config_11285517739727072819.prm
[INFO]:[16:44:24] Starting CPLEX solver on instance: /home/yorig/tuner/mpils-tests/instances/miplib/medium-2/nexp-150-20-8-5.mps with config: /scratch/yorig/mpils-results-grid-seconds-5-4may/medium-2/24proc/seed-2/4_nexp-150-20-8-5_seed-2_20260504_163704/iterated_local_search/run_6_worker_5/ils_config_11285517739727072819.prm
[INFO]:[16:44:29] CPLEX results. Gap: 93.200000, upper bound: 270.000000, lower bound: 18.360665
[INFO]:[16:44:29] CPLEX solver finished. Gap: 93.200000
[INFO]:[16:44:29] Starting CPLEX solver on instance: /home/yorig/tuner/mpils-tests/instances/miplib/medium-2/nexp-150-20-8-5.mps with config: /scratch/yorig/mpils-results-grid-seconds-5-4may/medium-2/24proc/seed-2/4_nexp-150-20-8-5_seed-2_20260504_163704/iterated_local_search/run_6_worker_5/ils_config_14885044313871361335.prm
[INFO]:[16:44:29] Starting CPLEX solver on instance: /home/yorig/tuner/mpils-tests/instances/miplib/medium-2/nexp-150-20-8-5.mps with config: /scratch/yorig/mpils-results-grid-seconds-5-4may/medium-2/24proc/seed-2/4_nexp-150-20-8-5_seed-2_20260504_163704/iterated_local_search/run_6_worker_5/ils_config_14885044313871361335.prm
[INFO]:[16:44:34] CPLEX results. Gap: 92.550000, upper bound: 273.000000, lower bound: 20.341805
[INFO]:[16:44:34] CPLEX solver finished. Gap: 92.550000
[INFO]:[16:44:34] Starting CPLEX solver on instance: /home/yorig/tuner/mpils-tests/instances/miplib/medium-2/nexp-150-20-8-5.mps with config: /scratch/yorig/mpils-results-grid-seconds-5-4may/medium-2/24proc/seed-2/4_nexp-150-20-8-5_seed-2_20260504_163704/iterated_local_search/run_6_worker_5/ils_config_12794957923644018924.prm
[INFO]:[16:44:34] Starting CPLEX solver on instance: /home/yorig/tuner/mpils-tests/instances/miplib/medium-2/nexp-150-20-8-5.mps with config: /scratch/yorig/mpils-results-grid-seconds-5-4may/medium-2/24proc/seed-2/4_nexp-150-20-8-5_seed-2_20260504_163704/iterated_local_search/run_6_worker_5/ils_config_12794957923644018924.prm
[INFO]:[16:44:39] CPLEX results. Gap: 92.550000, upper bound: 273.000000, lower bound: 20.341805
[INFO]:[16:44:39] CPLEX solver finished. Gap: 92.550000
[INFO]:[16:44:39] Starting CPLEX solver on instance: /home/yorig/tuner/mpils-tests/instances/miplib/medium-2/nexp-150-20-8-5.mps with config: /scratch/yorig/mpils-results-grid-seconds-5-4may/medium-2/24proc/seed-2/4_nexp-150-20-8-5_seed-2_20260504_163704/iterated_local_search/run_6_worker_5/ils_config_13057706845095708982.prm
[INFO]:[16:44:39] Starting CPLEX solver on instance: /home/yorig/tuner/mpils-tests/instances/miplib/medium-2/nexp-150-20-8-5.mps with config: /scratch/yorig/mpils-results-grid-seconds-5-4may/medium-2/24proc/seed-2/4_nexp-150-20-8-5_seed-2_20260504_163704/iterated_local_search/run_6_worker_5/ils_config_13057706845095708982.prm
[INFO]:[16:44:44] CPLEX results. Gap: 92.480000, upper bound: 246.000000, lower bound: 18.494526
[INFO]:[16:44:44] CPLEX solver finished. Gap: 92.480000
[INFO]:[16:44:44] New incumbent found with objective value: 92.48
[INFO]:[16:44:44] Starting CPLEX solver on instance: /home/yorig/tuner/mpils-tests/instances/miplib/medium-2/nexp-150-20-8-5.mps with config: /scratch/yorig/mpils-results-grid-seconds-5-4may/medium-2/24proc/seed-2/4_nexp-150-20-8-5_seed-2_20260504_163704/iterated_local_search/run_6_worker_5/ils_config_13500496341373590683.prm
[INFO]:[16:44:44] Starting CPLEX solver on instance: /home/yorig/tuner/mpils-tests/instances/miplib/medium-2/nexp-150-20-8-5.mps with config: /scratch/yorig/mpils-results-grid-seconds-5-4may/medium-2/24proc/seed-2/4_nexp-150-20-8-5_seed-2_20260504_163704/iterated_local_search/run_6_worker_5/ils_config_13500496341373590683.prm
[INFO]:[16:44:49] CPLEX results. Gap: 93.110000, upper bound: 272.000000, lower bound: 18.735475
[INFO]:[16:44:49] CPLEX solver finished. Gap: 93.110000
[INFO]:[16:44:49] Starting CPLEX solver on instance: /home/yorig/tuner/mpils-tests/instances/miplib/medium-2/nexp-150-20-8-5.mps with config: /scratch/yorig/mpils-results-grid-seconds-5-4may/medium-2/24proc/seed-2/4_nexp-150-20-8-5_seed-2_20260504_163704/iterated_local_search/run_6_worker_5/ils_config_13104977536707808188.prm
[INFO]:[16:44:49] Starting CPLEX solver on instance: /home/yorig/tuner/mpils-tests/instances/miplib/medium-2/nexp-150-20-8-5.mps with config: /scratch/yorig/mpils-results-grid-seconds-5-4may/medium-2/24proc/seed-2/4_nexp-150-20-8-5_seed-2_20260504_163704/iterated_local_search/run_6_worker_5/ils_config_13104977536707808188.prm
[INFO]:[16:44:54] CPLEX results. Gap: 92.480000, upper bound: 246.000000, lower bound: 18.494526
[INFO]:[16:44:54] CPLEX solver finished. Gap: 92.480000
[INFO]:[16:44:54] Local search phase completed.
[INFO]:[16:44:54] Total number of new local-search evaluations: 18
[INFO]:[16:44:54] Final incumbent objective value: 92.48
[INFO]:[16:49:56] Worker 5 completed exploration phase.
[INFO]:[16:49:57] Worker 5 received order for step 2.
[INFO]:[16:49:57] Worker 5 running expansion phase for iteration 6.
[INFO]:[16:49:57] Worker 5 will use solver log file: /scratch/yorig/mpils-results-grid-seconds-5-4may/medium-2/24proc/seed-2/4_nexp-150-20-8-5_seed-2_20260504_163704/solver/cplex.log_iteration_expansion_6_worker_5
[INFO]:[16:49:57] Expansion Worker 5 starting expansion for iteration 6.
[INFO]:[16:49:57] Starting CPLEX solver on instance: /home/yorig/tuner/mpils-tests/instances/miplib/medium-2/nexp-150-20-8-5.mps with config: /scratch/yorig/mpils-results-grid-seconds-5-4may/medium-2/24proc/seed-2/4_nexp-150-20-8-5_seed-2_20260504_163704/expansion/config_param_CPXPARAM_Preprocessing_Dependency_3_iter_6.prm
[INFO]:[16:50:02] CPLEX results. Gap: 6.760000, upper bound: 237.000000, lower bound: 220.989032
[INFO]:[16:50:02] CPLEX solver finished. Gap: 6.760000
[INFO]:[16:50:07] Expansion Worker 5 completed expansion.
[INFO]:[16:50:07] Worker 5 completed expansion phase.
[INFO]:[16:50:10] Worker 5 received order for step 1.
[INFO]:[16:50:10] Worker 5 running exploration phase for iteration 7.
[INFO]:[16:50:10] Worker 5 at iteration 7 will not use a MIP start file. Current best MIP-start upper bound threshold is 1.79769e+308.
[INFO]:[16:50:10] Starting local search phase...
[INFO]:[16:50:10] Creating local search space from parameter space file: /scratch/yorig/mpils-results-grid-seconds-5-4may/medium-2/24proc/seed-2/4_nexp-150-20-8-5_seed-2_20260504_163704/iterated_local_search/search_space/search_space_file_7_worker_5.txt
[INFO]:[16:50:10] Local search space loaded from file: /scratch/yorig/mpils-results-grid-seconds-5-4may/medium-2/24proc/seed-2/4_nexp-150-20-8-5_seed-2_20260504_163704/iterated_local_search/search_space/search_space_file_7_worker_5.txt
[INFO]:[16:50:10] Number of parameters in local search space: 71
[INFO]:[16:50:10] Number of forbidden tuples in local search space: 121
[INFO]:[16:50:10] Number of conditionals in local search space: 6
[INFO]:[16:50:10] MIP start option not enabled. Local search will proceed without MIP start.
[INFO]:[16:50:10] Evaluating initial configuration for local search phase...
[INFO]:[16:50:10] Starting CPLEX solver on instance: /home/yorig/tuner/mpils-tests/instances/miplib/medium-2/nexp-150-20-8-5.mps with config: /scratch/yorig/mpils-results-grid-seconds-5-4may/medium-2/24proc/seed-2/4_nexp-150-20-8-5_seed-2_20260504_163704/iterated_local_search/run_7_worker_5/ils_config_5563110292065899996.prm
[INFO]:[16:50:10] Starting CPLEX solver on instance: /home/yorig/tuner/mpils-tests/instances/miplib/medium-2/nexp-150-20-8-5.mps with config: /scratch/yorig/mpils-results-grid-seconds-5-4may/medium-2/24proc/seed-2/4_nexp-150-20-8-5_seed-2_20260504_163704/iterated_local_search/run_7_worker_5/ils_config_5563110292065899996.prm
[INFO]:[16:50:15] CPLEX results. Gap: 39.750000, upper bound: 261.000000, lower bound: 157.255230
[INFO]:[16:50:15] CPLEX solver finished. Gap: 39.750000
[INFO]:[16:50:15] Initial configuration evaluated with objective value: 39.75
[INFO]:[16:50:15] Starting CPLEX solver on instance: /home/yorig/tuner/mpils-tests/instances/miplib/medium-2/nexp-150-20-8-5.mps with config: /scratch/yorig/mpils-results-grid-seconds-5-4may/medium-2/24proc/seed-2/4_nexp-150-20-8-5_seed-2_20260504_163704/iterated_local_search/run_7_worker_5/ils_config_6150969143136678230.prm
[INFO]:[16:50:15] Starting CPLEX solver on instance: /home/yorig/tuner/mpils-tests/instances/miplib/medium-2/nexp-150-20-8-5.mps with config: /scratch/yorig/mpils-results-grid-seconds-5-4may/medium-2/24proc/seed-2/4_nexp-150-20-8-5_seed-2_20260504_163704/iterated_local_search/run_7_worker_5/ils_config_6150969143136678230.prm
[INFO]:[16:50:20] CPLEX results. Gap: 39.750000, upper bound: 261.000000, lower bound: 157.255230
[INFO]:[16:50:20] CPLEX solver finished. Gap: 39.750000
[INFO]:[16:50:20] Starting CPLEX solver on instance: /home/yorig/tuner/mpils-tests/instances/miplib/medium-2/nexp-150-20-8-5.mps with config: /scratch/yorig/mpils-results-grid-seconds-5-4may/medium-2/24proc/seed-2/4_nexp-150-20-8-5_seed-2_20260504_163704/iterated_local_search/run_7_worker_5/ils_config_883003641042219130.prm
[INFO]:[16:50:20] Starting CPLEX solver on instance: /home/yorig/tuner/mpils-tests/instances/miplib/medium-2/nexp-150-20-8-5.mps with config: /scratch/yorig/mpils-results-grid-seconds-5-4may/medium-2/24proc/seed-2/4_nexp-150-20-8-5_seed-2_20260504_163704/iterated_local_search/run_7_worker_5/ils_config_883003641042219130.prm
[INFO]:[16:50:25] CPLEX results. Gap: 39.750000, upper bound: 261.000000, lower bound: 157.255230
[INFO]:[16:50:25] CPLEX solver finished. Gap: 39.750000
[INFO]:[16:50:25] Starting CPLEX solver on instance: /home/yorig/tuner/mpils-tests/instances/miplib/medium-2/nexp-150-20-8-5.mps with config: /scratch/yorig/mpils-results-grid-seconds-5-4may/medium-2/24proc/seed-2/4_nexp-150-20-8-5_seed-2_20260504_163704/iterated_local_search/run_7_worker_5/ils_config_14490315732054498903.prm
[INFO]:[16:50:25] Starting CPLEX solver on instance: /home/yorig/tuner/mpils-tests/instances/miplib/medium-2/nexp-150-20-8-5.mps with config: /scratch/yorig/mpils-results-grid-seconds-5-4may/medium-2/24proc/seed-2/4_nexp-150-20-8-5_seed-2_20260504_163704/iterated_local_search/run_7_worker_5/ils_config_14490315732054498903.prm
[INFO]:[16:50:31] CPLEX results. Gap: 0.000000, upper bound: 323.000000, lower bound: 323.000000
[INFO]:[16:50:31] CPLEX solver finished. Gap: 0.000000
[INFO]:[16:50:31] Stopping local search: gap 0 reached the acceptance threshold 0.
[INFO]:[16:50:31] New incumbent found with objective value: 0
[INFO]:[16:50:31] Local search phase completed.
[INFO]:[16:50:31] Total number of new local-search evaluations: 4
[INFO]:[16:50:31] Final incumbent objective value: 0
[INFO]:[16:51:13] Worker 5 completed exploration phase.
[INFO]:[16:51:13] Worker 5 received order for step 3.
[INFO]:[16:51:13] Worker 5 finished.
