[INFO]:[18:03:33] Worker 23 starting.
[INFO]:[18:03:33] Worker 23 received order for step 1.
[INFO]:[18:03:33] Worker 23 running exploration phase for iteration 1.
[INFO]:[18:03:33] Worker 23 at iteration 1 will not use a MIP start file. Current best MIP-start upper bound threshold is 1.79769e+308.
[INFO]:[18:03:33] Starting local search phase...
[INFO]:[18:03:33] Worker (ils_group_rank=5) entering parallel ILS evaluation service.
[INFO]:[18:03:33] Starting CPLEX solver on instance: /home/yorig/tuner/mpils-tests/instances/miplib/medium-2/neos-4954672-berkel.mps with config: /scratch/yorig/mpils-results-grid-ticks-10000-7may/medium-2/24proc-6pils/seed-6/2_neos-4954672-berkel_seed-6_20260510_180332/iterated_local_search/run_1_worker_18/parallel_0_5.prm
[INFO]:[18:03:40] CPLEX results. Gap: 21.150000, upper bound: 2628215.999999, lower bound: 2072319.877116
[INFO]:[18:03:40] CPLEX solver finished. Gap: 21.150000
[INFO]:[18:03:40] Starting CPLEX solver on instance: /home/yorig/tuner/mpils-tests/instances/miplib/medium-2/neos-4954672-berkel.mps with config: /scratch/yorig/mpils-results-grid-ticks-10000-7may/medium-2/24proc-6pils/seed-6/2_neos-4954672-berkel_seed-6_20260510_180332/iterated_local_search/run_1_worker_18/parallel_6_5.prm
[INFO]:[18:03:47] CPLEX results. Gap: 16.700000, upper bound: 2677953.000000, lower bound: 2230659.558406
[INFO]:[18:03:47] CPLEX solver finished. Gap: 16.700000
[INFO]:[18:03:47] Starting CPLEX solver on instance: /home/yorig/tuner/mpils-tests/instances/miplib/medium-2/neos-4954672-berkel.mps with config: /scratch/yorig/mpils-results-grid-ticks-10000-7may/medium-2/24proc-6pils/seed-6/2_neos-4954672-berkel_seed-6_20260510_180332/iterated_local_search/run_1_worker_18/parallel_12_5.prm
[INFO]:[18:03:54] CPLEX results. Gap: 14.710000, upper bound: 2659476.000000, lower bound: 2268270.387929
[INFO]:[18:03:54] CPLEX solver finished. Gap: 14.710000
[INFO]:[18:03:54] Starting CPLEX solver on instance: /home/yorig/tuner/mpils-tests/instances/miplib/medium-2/neos-4954672-berkel.mps with config: /scratch/yorig/mpils-results-grid-ticks-10000-7may/medium-2/24proc-6pils/seed-6/2_neos-4954672-berkel_seed-6_20260510_180332/iterated_local_search/run_1_worker_18/parallel_18_5.prm
[INFO]:[18:04:01] CPLEX results. Gap: 14.710000, upper bound: 2659476.000000, lower bound: 2268270.387929
[INFO]:[18:04:01] CPLEX solver finished. Gap: 14.710000
[INFO]:[18:04:02] Worker (ils_group_rank=5) exiting parallel ILS evaluation service.
[INFO]:[18:04:03] Worker 23 completed exploration phase.
[INFO]:[18:04:03] Worker 23 received order for step 2.
[INFO]:[18:04:03] Worker 23 running expansion phase for iteration 1.
[INFO]:[18:04:03] Worker 23 will use solver log file: /scratch/yorig/mpils-results-grid-ticks-10000-7may/medium-2/24proc-6pils/seed-6/2_neos-4954672-berkel_seed-6_20260510_180332/solver/cplex.log_iteration_expansion_1_worker_23
[INFO]:[18:04:03] Expansion Worker 23 starting expansion for iteration 1.
[INFO]:[18:04:03] Starting CPLEX solver on instance: /home/yorig/tuner/mpils-tests/instances/miplib/medium-2/neos-4954672-berkel.mps with config: /scratch/yorig/mpils-results-grid-ticks-10000-7may/medium-2/24proc-6pils/seed-6/2_neos-4954672-berkel_seed-6_20260510_180332/expansion/config_param_CPXPARAM_MIP_Limits_ProbeTime_10_iter_1.prm
[INFO]:[18:04:10] CPLEX results. Gap: 14.210000, upper bound: 2659476.000000, lower bound: 2281626.208758
[INFO]:[18:04:10] CPLEX solver finished. Gap: 14.210000
[INFO]:[18:04:11] Expansion Worker 23 stopping early after global MPI expansion stop was activated.
[INFO]:[18:04:11] Expansion Worker 23 completed expansion.
[INFO]:[18:04:11] Worker 23 completed expansion phase.
[INFO]:[18:04:11] Worker 23 received order for step 1.
[INFO]:[18:04:11] Worker 23 running exploration phase for iteration 2.
[INFO]:[18:04:11] Worker 23 at iteration 2 will not use a MIP start file. Current best MIP-start upper bound threshold is 1.79769e+308.
[INFO]:[18:04:11] Starting local search phase...
[INFO]:[18:04:11] Worker (ils_group_rank=5) entering parallel ILS evaluation service.
[INFO]:[18:04:11] Starting CPLEX solver on instance: /home/yorig/tuner/mpils-tests/instances/miplib/medium-2/neos-4954672-berkel.mps with config: /scratch/yorig/mpils-results-grid-ticks-10000-7may/medium-2/24proc-6pils/seed-6/2_neos-4954672-berkel_seed-6_20260510_180332/iterated_local_search/run_2_worker_18/parallel_0_5.prm
[INFO]:[18:04:18] CPLEX results. Gap: 18.980000, upper bound: 2678391.000000, lower bound: 2170035.109786
[INFO]:[18:04:18] CPLEX solver finished. Gap: 18.980000
[INFO]:[18:04:19] Worker (ils_group_rank=5) exiting parallel ILS evaluation service.
[INFO]:[18:04:19] Worker 23 completed exploration phase.
[INFO]:[18:04:19] Worker 23 received order for step 2.
[INFO]:[18:04:19] Worker 23 running expansion phase for iteration 2.
[INFO]:[18:04:19] Worker 23 will use solver log file: /scratch/yorig/mpils-results-grid-ticks-10000-7may/medium-2/24proc-6pils/seed-6/2_neos-4954672-berkel_seed-6_20260510_180332/solver/cplex.log_iteration_expansion_2_worker_23
[INFO]:[18:04:19] Expansion Worker 23 starting expansion for iteration 2.
[INFO]:[18:04:19] Starting CPLEX solver on instance: /home/yorig/tuner/mpils-tests/instances/miplib/medium-2/neos-4954672-berkel.mps with config: /scratch/yorig/mpils-results-grid-ticks-10000-7may/medium-2/24proc-6pils/seed-6/2_neos-4954672-berkel_seed-6_20260510_180332/expansion/config_param_CPXPARAM_MIP_Limits_ProbeTime_50_iter_2.prm
[INFO]:[18:04:26] CPLEX results. Gap: 13.990000, upper bound: 2659476.000000, lower bound: 2287530.167529
[INFO]:[18:04:26] CPLEX solver finished. Gap: 13.990000
[INFO]:[18:04:27] Expansion Worker 23 stopping early after global MPI expansion stop was activated.
[INFO]:[18:04:27] Expansion Worker 23 completed expansion.
[INFO]:[18:04:27] Worker 23 completed expansion phase.
[INFO]:[18:04:27] Worker 23 received order for step 1.
[INFO]:[18:04:27] Worker 23 running exploration phase for iteration 3.
[INFO]:[18:04:27] Worker 23 at iteration 3 will not use a MIP start file. Current best MIP-start upper bound threshold is 1.79769e+308.
[INFO]:[18:04:27] Starting local search phase...
[INFO]:[18:04:27] Worker (ils_group_rank=5) entering parallel ILS evaluation service.
[INFO]:[18:04:27] Starting CPLEX solver on instance: /home/yorig/tuner/mpils-tests/instances/miplib/medium-2/neos-4954672-berkel.mps with config: /scratch/yorig/mpils-results-grid-ticks-10000-7may/medium-2/24proc-6pils/seed-6/2_neos-4954672-berkel_seed-6_20260510_180332/iterated_local_search/run_3_worker_18/parallel_0_5.prm
[INFO]:[18:04:34] CPLEX results. Gap: 21.490000, upper bound: 2655179.999999, lower bound: 2084571.312125
[INFO]:[18:04:34] CPLEX solver finished. Gap: 21.490000
[INFO]:[18:04:37] Worker (ils_group_rank=5) exiting parallel ILS evaluation service.
[INFO]:[18:04:37] Worker 23 completed exploration phase.
[INFO]:[18:04:37] Worker 23 received order for step 2.
[INFO]:[18:04:37] Worker 23 running expansion phase for iteration 3.
[INFO]:[18:04:37] Worker 23 will use solver log file: /scratch/yorig/mpils-results-grid-ticks-10000-7may/medium-2/24proc-6pils/seed-6/2_neos-4954672-berkel_seed-6_20260510_180332/solver/cplex.log_iteration_expansion_3_worker_23
[INFO]:[18:04:37] Expansion Worker 23 starting expansion for iteration 3.
[INFO]:[18:04:37] Starting CPLEX solver on instance: /home/yorig/tuner/mpils-tests/instances/miplib/medium-2/neos-4954672-berkel.mps with config: /scratch/yorig/mpils-results-grid-ticks-10000-7may/medium-2/24proc-6pils/seed-6/2_neos-4954672-berkel_seed-6_20260510_180332/expansion/config_param_CPXPARAM_MIP_Strategy_RINSHeur_-1_iter_3.prm
[INFO]:[18:04:44] CPLEX results. Gap: 15.530000, upper bound: 2659476.000000, lower bound: 2246466.419375
[INFO]:[18:04:44] CPLEX solver finished. Gap: 15.530000
[INFO]:[18:04:45] Starting CPLEX solver on instance: /home/yorig/tuner/mpils-tests/instances/miplib/medium-2/neos-4954672-berkel.mps with config: /scratch/yorig/mpils-results-grid-ticks-10000-7may/medium-2/24proc-6pils/seed-6/2_neos-4954672-berkel_seed-6_20260510_180332/expansion/config_param_CPXPARAM_MIP_Strategy_PresolveNode_1_iter_3.prm
[INFO]:[18:04:52] CPLEX results. Gap: 15.620000, upper bound: 2659476.000000, lower bound: 2244135.474384
[INFO]:[18:04:52] CPLEX solver finished. Gap: 15.620000
[INFO]:[18:04:59] Expansion Worker 23 stopping early after global MPI expansion stop was activated.
[INFO]:[18:04:59] Expansion Worker 23 completed expansion.
[INFO]:[18:04:59] Worker 23 completed expansion phase.
[INFO]:[18:04:59] Worker 23 received order for step 1.
[INFO]:[18:04:59] Worker 23 running exploration phase for iteration 4.
[INFO]:[18:04:59] Worker 23 at iteration 4 will not use a MIP start file. Current best MIP-start upper bound threshold is 1.79769e+308.
[INFO]:[18:04:59] Starting local search phase...
[INFO]:[18:04:59] Worker (ils_group_rank=5) entering parallel ILS evaluation service.
[INFO]:[18:04:59] Starting CPLEX solver on instance: /home/yorig/tuner/mpils-tests/instances/miplib/medium-2/neos-4954672-berkel.mps with config: /scratch/yorig/mpils-results-grid-ticks-10000-7may/medium-2/24proc-6pils/seed-6/2_neos-4954672-berkel_seed-6_20260510_180332/iterated_local_search/run_4_worker_18/parallel_0_5.prm
[INFO]:[18:05:05] CPLEX results. Gap: 20.080000, upper bound: 2678391.000000, lower bound: 2140494.854478
[INFO]:[18:05:05] CPLEX solver finished. Gap: 20.080000
[INFO]:[18:05:06] Starting CPLEX solver on instance: /home/yorig/tuner/mpils-tests/instances/miplib/medium-2/neos-4954672-berkel.mps with config: /scratch/yorig/mpils-results-grid-ticks-10000-7may/medium-2/24proc-6pils/seed-6/2_neos-4954672-berkel_seed-6_20260510_180332/iterated_local_search/run_4_worker_18/parallel_6_5.prm
[INFO]:[18:05:12] CPLEX results. Gap: 18.460000, upper bound: 2678391.000000, lower bound: 2184038.509988
[INFO]:[18:05:12] CPLEX solver finished. Gap: 18.460000
[INFO]:[18:05:12] Starting CPLEX solver on instance: /home/yorig/tuner/mpils-tests/instances/miplib/medium-2/neos-4954672-berkel.mps with config: /scratch/yorig/mpils-results-grid-ticks-10000-7may/medium-2/24proc-6pils/seed-6/2_neos-4954672-berkel_seed-6_20260510_180332/iterated_local_search/run_4_worker_18/parallel_12_5.prm
[INFO]:[18:05:19] CPLEX results. Gap: 17.580000, upper bound: 2678391.000000, lower bound: 2207621.154867
[INFO]:[18:05:19] CPLEX solver finished. Gap: 17.580000
[INFO]:[18:05:19] Worker (ils_group_rank=5) exiting parallel ILS evaluation service.
[INFO]:[18:05:21] Worker 23 completed exploration phase.
[INFO]:[18:05:21] Worker 23 received order for step 2.
[INFO]:[18:05:21] Worker 23 running expansion phase for iteration 4.
[INFO]:[18:05:21] Worker 23 will use solver log file: /scratch/yorig/mpils-results-grid-ticks-10000-7may/medium-2/24proc-6pils/seed-6/2_neos-4954672-berkel_seed-6_20260510_180332/solver/cplex.log_iteration_expansion_4_worker_23
[INFO]:[18:05:21] Expansion Worker 23 starting expansion for iteration 4.
[INFO]:[18:05:21] Starting CPLEX solver on instance: /home/yorig/tuner/mpils-tests/instances/miplib/medium-2/neos-4954672-berkel.mps with config: /scratch/yorig/mpils-results-grid-ticks-10000-7may/medium-2/24proc-6pils/seed-6/2_neos-4954672-berkel_seed-6_20260510_180332/expansion/config_param_CPXPARAM_MIP_Strategy_SubAlgorithm_1_iter_4.prm
[INFO]:[18:05:28] CPLEX results. Gap: 17.890000, upper bound: 2701997.000000, lower bound: 2218635.846008
[INFO]:[18:05:28] CPLEX solver finished. Gap: 17.890000
[INFO]:[18:05:28] Expansion Worker 23 stopping early after global MPI expansion stop was activated.
[INFO]:[18:05:28] Expansion Worker 23 completed expansion.
[INFO]:[18:05:28] Worker 23 completed expansion phase.
[INFO]:[18:05:29] Worker 23 received order for step 1.
[INFO]:[18:05:29] Worker 23 running exploration phase for iteration 5.
[INFO]:[18:05:29] Worker 23 at iteration 5 will not use a MIP start file. Current best MIP-start upper bound threshold is 1.79769e+308.
[INFO]:[18:05:29] Starting local search phase...
[INFO]:[18:05:29] Worker (ils_group_rank=5) entering parallel ILS evaluation service.
[INFO]:[18:05:29] Starting CPLEX solver on instance: /home/yorig/tuner/mpils-tests/instances/miplib/medium-2/neos-4954672-berkel.mps with config: /scratch/yorig/mpils-results-grid-ticks-10000-7may/medium-2/24proc-6pils/seed-6/2_neos-4954672-berkel_seed-6_20260510_180332/iterated_local_search/run_5_worker_18/parallel_0_5.prm
[INFO]:[18:05:35] CPLEX results. Gap: 18.190000, upper bound: 2660741.000000, lower bound: 2176838.608075
[INFO]:[18:05:35] CPLEX solver finished. Gap: 18.190000
[INFO]:[18:05:36] Starting CPLEX solver on instance: /home/yorig/tuner/mpils-tests/instances/miplib/medium-2/neos-4954672-berkel.mps with config: /scratch/yorig/mpils-results-grid-ticks-10000-7may/medium-2/24proc-6pils/seed-6/2_neos-4954672-berkel_seed-6_20260510_180332/iterated_local_search/run_5_worker_18/parallel_6_5.prm
[INFO]:[18:05:43] CPLEX results. Gap: 17.490000, upper bound: 2642472.000000, lower bound: 2180238.899242
[INFO]:[18:05:43] CPLEX solver finished. Gap: 17.490000
[INFO]:[18:05:43] Starting CPLEX solver on instance: /home/yorig/tuner/mpils-tests/instances/miplib/medium-2/neos-4954672-berkel.mps with config: /scratch/yorig/mpils-results-grid-ticks-10000-7may/medium-2/24proc-6pils/seed-6/2_neos-4954672-berkel_seed-6_20260510_180332/iterated_local_search/run_5_worker_18/parallel_12_5.prm
[INFO]:[18:05:50] CPLEX results. Gap: 16.150000, upper bound: 2637683.000000, lower bound: 2211636.362603
[INFO]:[18:05:50] CPLEX solver finished. Gap: 16.150000
[INFO]:[18:05:50] Worker (ils_group_rank=5) exiting parallel ILS evaluation service.
[INFO]:[18:05:51] Worker 23 completed exploration phase.
[INFO]:[18:05:51] Worker 23 received order for step 2.
[INFO]:[18:05:51] Worker 23 running expansion phase for iteration 5.
[INFO]:[18:05:51] Worker 23 will use solver log file: /scratch/yorig/mpils-results-grid-ticks-10000-7may/medium-2/24proc-6pils/seed-6/2_neos-4954672-berkel_seed-6_20260510_180332/solver/cplex.log_iteration_expansion_5_worker_23
[INFO]:[18:05:51] Expansion Worker 23 starting expansion for iteration 5.
[INFO]:[18:05:51] Starting CPLEX solver on instance: /home/yorig/tuner/mpils-tests/instances/miplib/medium-2/neos-4954672-berkel.mps with config: /scratch/yorig/mpils-results-grid-ticks-10000-7may/medium-2/24proc-6pils/seed-6/2_neos-4954672-berkel_seed-6_20260510_180332/expansion/config_param_CPXPARAM_Simplex_DGradient_4_iter_5.prm
[INFO]:[18:05:57] CPLEX results. Gap: 15.270000, upper bound: 2684836.000000, lower bound: 2274889.823496
[INFO]:[18:05:57] CPLEX solver finished. Gap: 15.270000
[INFO]:[18:06:06] Expansion Worker 23 completed expansion.
[INFO]:[18:06:06] Worker 23 completed expansion phase.
[INFO]:[18:06:06] Worker 23 received order for step 1.
[INFO]:[18:06:06] Worker 23 running exploration phase for iteration 6.
[INFO]:[18:06:06] Worker 23 at iteration 6 will not use a MIP start file. Current best MIP-start upper bound threshold is 1.79769e+308.
[INFO]:[18:06:06] Starting local search phase...
[INFO]:[18:06:06] Worker (ils_group_rank=5) entering parallel ILS evaluation service.
[INFO]:[18:06:06] Starting CPLEX solver on instance: /home/yorig/tuner/mpils-tests/instances/miplib/medium-2/neos-4954672-berkel.mps with config: /scratch/yorig/mpils-results-grid-ticks-10000-7may/medium-2/24proc-6pils/seed-6/2_neos-4954672-berkel_seed-6_20260510_180332/iterated_local_search/run_6_worker_18/parallel_0_5.prm
[INFO]:[18:06:14] CPLEX results. Gap: 42.560000, upper bound: 2924496.000000, lower bound: 1679960.661711
[INFO]:[18:06:14] CPLEX solver finished. Gap: 42.560000
[INFO]:[18:06:14] Starting CPLEX solver on instance: /home/yorig/tuner/mpils-tests/instances/miplib/medium-2/neos-4954672-berkel.mps with config: /scratch/yorig/mpils-results-grid-ticks-10000-7may/medium-2/24proc-6pils/seed-6/2_neos-4954672-berkel_seed-6_20260510_180332/iterated_local_search/run_6_worker_18/parallel_6_5.prm
[INFO]:[18:06:21] CPLEX results. Gap: 16.880000, upper bound: 2660741.000000, lower bound: 2211631.189879
[INFO]:[18:06:21] CPLEX solver finished. Gap: 16.880000
[INFO]:[18:06:22] Worker (ils_group_rank=5) exiting parallel ILS evaluation service.
[INFO]:[18:06:22] Worker 23 completed exploration phase.
[INFO]:[18:06:22] Worker 23 received order for step 2.
[INFO]:[18:06:22] Worker 23 running expansion phase for iteration 6.
[INFO]:[18:06:22] Worker 23 will use solver log file: /scratch/yorig/mpils-results-grid-ticks-10000-7may/medium-2/24proc-6pils/seed-6/2_neos-4954672-berkel_seed-6_20260510_180332/solver/cplex.log_iteration_expansion_6_worker_23
[INFO]:[18:06:22] Expansion Worker 23 starting expansion for iteration 6.
[INFO]:[18:06:22] Starting CPLEX solver on instance: /home/yorig/tuner/mpils-tests/instances/miplib/medium-2/neos-4954672-berkel.mps with config: /scratch/yorig/mpils-results-grid-ticks-10000-7may/medium-2/24proc-6pils/seed-6/2_neos-4954672-berkel_seed-6_20260510_180332/expansion/config_param_CPXPARAM_Feasopt_Mode_4_iter_6.prm
[INFO]:[18:06:29] CPLEX results. Gap: 13.130000, upper bound: 2659476.000000, lower bound: 2310159.890131
[INFO]:[18:06:29] CPLEX solver finished. Gap: 13.130000
[INFO]:[18:06:36] Expansion Worker 23 completed expansion.
[INFO]:[18:06:36] Worker 23 completed expansion phase.
[INFO]:[18:06:36] Worker 23 received order for step 1.
[INFO]:[18:06:36] Worker 23 running exploration phase for iteration 7.
[INFO]:[18:06:36] Worker 23 at iteration 7 will not use a MIP start file. Current best MIP-start upper bound threshold is 1.79769e+308.
[INFO]:[18:06:36] Starting local search phase...
[INFO]:[18:06:36] Worker (ils_group_rank=5) entering parallel ILS evaluation service.
[INFO]:[18:06:36] Starting CPLEX solver on instance: /home/yorig/tuner/mpils-tests/instances/miplib/medium-2/neos-4954672-berkel.mps with config: /scratch/yorig/mpils-results-grid-ticks-10000-7may/medium-2/24proc-6pils/seed-6/2_neos-4954672-berkel_seed-6_20260510_180332/iterated_local_search/run_7_worker_18/parallel_0_5.prm
[INFO]:[18:06:43] CPLEX results. Gap: 17.830000, upper bound: 2677953.000000, lower bound: 2200355.215869
[INFO]:[18:06:43] CPLEX solver finished. Gap: 17.830000
[INFO]:[18:06:43] Starting CPLEX solver on instance: /home/yorig/tuner/mpils-tests/instances/miplib/medium-2/neos-4954672-berkel.mps with config: /scratch/yorig/mpils-results-grid-ticks-10000-7may/medium-2/24proc-6pils/seed-6/2_neos-4954672-berkel_seed-6_20260510_180332/iterated_local_search/run_7_worker_18/parallel_6_5.prm
[INFO]:[18:06:50] CPLEX results. Gap: 20.840000, upper bound: 2659476.000000, lower bound: 2105185.832967
[INFO]:[18:06:50] CPLEX solver finished. Gap: 20.840000
[INFO]:[18:06:50] Worker (ils_group_rank=5) exiting parallel ILS evaluation service.
[INFO]:[18:06:51] Worker 23 completed exploration phase.
[INFO]:[18:06:51] Worker 23 received order for step 2.
[INFO]:[18:06:51] Worker 23 running expansion phase for iteration 7.
[INFO]:[18:06:51] Worker 23 will use solver log file: /scratch/yorig/mpils-results-grid-ticks-10000-7may/medium-2/24proc-6pils/seed-6/2_neos-4954672-berkel_seed-6_20260510_180332/solver/cplex.log_iteration_expansion_7_worker_23
[INFO]:[18:06:51] Expansion Worker 23 starting expansion for iteration 7.
[INFO]:[18:06:51] Starting CPLEX solver on instance: /home/yorig/tuner/mpils-tests/instances/miplib/medium-2/neos-4954672-berkel.mps with config: /scratch/yorig/mpils-results-grid-ticks-10000-7may/medium-2/24proc-6pils/seed-6/2_neos-4954672-berkel_seed-6_20260510_180332/expansion/config_param_CPXPARAM_LPMethod_6_iter_7.prm
[INFO]:[18:06:58] CPLEX results. Gap: 13.130000, upper bound: 2659476.000000, lower bound: 2310159.890131
[INFO]:[18:06:58] CPLEX solver finished. Gap: 13.130000
[INFO]:[18:07:05] Expansion Worker 23 completed expansion.
[INFO]:[18:07:05] Worker 23 completed expansion phase.
[INFO]:[18:07:06] Worker 23 received order for step 1.
[INFO]:[18:07:06] Worker 23 running exploration phase for iteration 8.
[INFO]:[18:07:06] Worker 23 at iteration 8 will not use a MIP start file. Current best MIP-start upper bound threshold is 1.79769e+308.
[INFO]:[18:07:06] Starting local search phase...
[INFO]:[18:07:06] Worker (ils_group_rank=5) entering parallel ILS evaluation service.
[INFO]:[18:07:06] Starting CPLEX solver on instance: /home/yorig/tuner/mpils-tests/instances/miplib/medium-2/neos-4954672-berkel.mps with config: /scratch/yorig/mpils-results-grid-ticks-10000-7may/medium-2/24proc-6pils/seed-6/2_neos-4954672-berkel_seed-6_20260510_180332/iterated_local_search/run_8_worker_18/parallel_0_5.prm
[INFO]:[18:07:13] CPLEX results. Gap: 23.120000, upper bound: 2738743.999995, lower bound: 2105605.558564
[INFO]:[18:07:13] CPLEX solver finished. Gap: 23.120000
[INFO]:[18:07:13] Starting CPLEX solver on instance: /home/yorig/tuner/mpils-tests/instances/miplib/medium-2/neos-4954672-berkel.mps with config: /scratch/yorig/mpils-results-grid-ticks-10000-7may/medium-2/24proc-6pils/seed-6/2_neos-4954672-berkel_seed-6_20260510_180332/iterated_local_search/run_8_worker_18/parallel_6_5.prm
[INFO]:[18:07:20] CPLEX results. Gap: 22.870000, upper bound: 2687748.999989, lower bound: 2073054.710279
[INFO]:[18:07:20] CPLEX solver finished. Gap: 22.870000
[INFO]:[18:07:20] Starting CPLEX solver on instance: /home/yorig/tuner/mpils-tests/instances/miplib/medium-2/neos-4954672-berkel.mps with config: /scratch/yorig/mpils-results-grid-ticks-10000-7may/medium-2/24proc-6pils/seed-6/2_neos-4954672-berkel_seed-6_20260510_180332/iterated_local_search/run_8_worker_18/parallel_12_5.prm
[INFO]:[18:07:28] CPLEX results. Gap: 21.800000, upper bound: 2678986.000000, lower bound: 2094931.322189
[INFO]:[18:07:28] CPLEX solver finished. Gap: 21.800000
[INFO]:[18:07:28] Starting CPLEX solver on instance: /home/yorig/tuner/mpils-tests/instances/miplib/medium-2/neos-4954672-berkel.mps with config: /scratch/yorig/mpils-results-grid-ticks-10000-7may/medium-2/24proc-6pils/seed-6/2_neos-4954672-berkel_seed-6_20260510_180332/iterated_local_search/run_8_worker_18/parallel_18_5.prm
[INFO]:[18:07:35] CPLEX results. Gap: 19.040000, upper bound: 2703377.000000, lower bound: 2188768.875213
[INFO]:[18:07:35] CPLEX solver finished. Gap: 19.040000
[INFO]:[18:07:35] Starting CPLEX solver on instance: /home/yorig/tuner/mpils-tests/instances/miplib/medium-2/neos-4954672-berkel.mps with config: /scratch/yorig/mpils-results-grid-ticks-10000-7may/medium-2/24proc-6pils/seed-6/2_neos-4954672-berkel_seed-6_20260510_180332/iterated_local_search/run_8_worker_18/parallel_24_5.prm
[INFO]:[18:07:42] CPLEX results. Gap: 28.070000, upper bound: 2694969.999985, lower bound: 1938495.654559
[INFO]:[18:07:42] CPLEX solver finished. Gap: 28.070000
[INFO]:[18:07:42] Worker (ils_group_rank=5) exiting parallel ILS evaluation service.
[INFO]:[18:07:44] Worker 23 completed exploration phase.
[INFO]:[18:07:44] Worker 23 received order for step 2.
[INFO]:[18:07:44] Worker 23 running expansion phase for iteration 8.
[INFO]:[18:07:44] Worker 23 will use solver log file: /scratch/yorig/mpils-results-grid-ticks-10000-7may/medium-2/24proc-6pils/seed-6/2_neos-4954672-berkel_seed-6_20260510_180332/solver/cplex.log_iteration_expansion_8_worker_23
[INFO]:[18:07:44] Expansion Worker 23 starting expansion for iteration 8.
[INFO]:[18:07:52] Expansion Worker 23 completed expansion.
[INFO]:[18:07:52] Worker 23 completed expansion phase.
[INFO]:[18:07:52] Worker 23 received order for step 1.
[INFO]:[18:07:52] Worker 23 running exploration phase for iteration 9.
[INFO]:[18:07:52] Worker 23 at iteration 9 will not use a MIP start file. Current best MIP-start upper bound threshold is 1.79769e+308.
[INFO]:[18:07:52] Starting local search phase...
[INFO]:[18:07:52] Worker (ils_group_rank=5) entering parallel ILS evaluation service.
[INFO]:[18:07:52] Starting CPLEX solver on instance: /home/yorig/tuner/mpils-tests/instances/miplib/medium-2/neos-4954672-berkel.mps with config: /scratch/yorig/mpils-results-grid-ticks-10000-7may/medium-2/24proc-6pils/seed-6/2_neos-4954672-berkel_seed-6_20260510_180332/iterated_local_search/run_9_worker_18/parallel_0_5.prm
[INFO]:[18:07:59] CPLEX results. Gap: 35.540000, upper bound: 2676777.999975, lower bound: 1725373.989883
[INFO]:[18:07:59] CPLEX solver finished. Gap: 35.540000
[INFO]:[18:07:59] Starting CPLEX solver on instance: /home/yorig/tuner/mpils-tests/instances/miplib/medium-2/neos-4954672-berkel.mps with config: /scratch/yorig/mpils-results-grid-ticks-10000-7may/medium-2/24proc-6pils/seed-6/2_neos-4954672-berkel_seed-6_20260510_180332/iterated_local_search/run_9_worker_18/parallel_6_5.prm
[INFO]:[18:08:06] CPLEX results. Gap: 24.690000, upper bound: 2743290.000000, lower bound: 2066065.436982
[INFO]:[18:08:06] CPLEX solver finished. Gap: 24.690000
[INFO]:[18:08:06] Starting CPLEX solver on instance: /home/yorig/tuner/mpils-tests/instances/miplib/medium-2/neos-4954672-berkel.mps with config: /scratch/yorig/mpils-results-grid-ticks-10000-7may/medium-2/24proc-6pils/seed-6/2_neos-4954672-berkel_seed-6_20260510_180332/iterated_local_search/run_9_worker_18/parallel_12_5.prm
[INFO]:[18:08:13] CPLEX results. Gap: 24.250000, upper bound: 2724137.000000, lower bound: 2063547.050494
[INFO]:[18:08:13] CPLEX solver finished. Gap: 24.250000
[INFO]:[18:08:13] Starting CPLEX solver on instance: /home/yorig/tuner/mpils-tests/instances/miplib/medium-2/neos-4954672-berkel.mps with config: /scratch/yorig/mpils-results-grid-ticks-10000-7may/medium-2/24proc-6pils/seed-6/2_neos-4954672-berkel_seed-6_20260510_180332/iterated_local_search/run_9_worker_18/parallel_18_5.prm
[INFO]:[18:08:19] CPLEX results. Gap: 32.330000, upper bound: 2990314.000000, lower bound: 2023572.003409
[INFO]:[18:08:19] CPLEX solver finished. Gap: 32.330000
[INFO]:[18:08:19] Starting CPLEX solver on instance: /home/yorig/tuner/mpils-tests/instances/miplib/medium-2/neos-4954672-berkel.mps with config: /scratch/yorig/mpils-results-grid-ticks-10000-7may/medium-2/24proc-6pils/seed-6/2_neos-4954672-berkel_seed-6_20260510_180332/iterated_local_search/run_9_worker_18/parallel_24_5.prm
[INFO]:[18:08:27] CPLEX results. Gap: 23.820000, upper bound: 2700425.000000, lower bound: 2057053.453595
[INFO]:[18:08:27] CPLEX solver finished. Gap: 23.820000
[INFO]:[18:08:27] Worker (ils_group_rank=5) exiting parallel ILS evaluation service.
[INFO]:[18:08:29] Worker 23 completed exploration phase.
[INFO]:[18:08:29] Worker 23 received order for step 3.
[INFO]:[18:08:29] Worker 23 finished.
