[INFO]:[18:09:04] Worker 21 starting.
[INFO]:[18:09:04] Worker 21 received order for step 1.
[INFO]:[18:09:04] Worker 21 running exploration phase for iteration 1.
[INFO]:[18:09:04] Worker 21 at iteration 1 will not use a MIP start file. Current best MIP-start upper bound threshold is 1.79769e+308.
[INFO]:[18:09:04] Starting local search phase...
[INFO]:[18:09:04] Worker (ils_group_rank=3) entering parallel ILS evaluation service.
[INFO]:[18:09:04] Starting CPLEX solver on instance: /home/yorig/tuner/mpils-tests/instances/miplib/medium-1/eilA101-2.mps with config: /scratch/yorig/mpils-results-grid-ticks-10000-7may/medium-1/24proc-6pils/seed-7/5_eilA101-2_seed-7_20260510_180902/iterated_local_search/run_1_worker_18/parallel_0_3.prm
[INFO]:[18:09:16] CPLEX results. Gap: 40.620000, upper bound: 1356.436189, lower bound: 805.438418
[INFO]:[18:09:16] CPLEX solver finished. Gap: 40.620000
[INFO]:[18:09:21] Starting CPLEX solver on instance: /home/yorig/tuner/mpils-tests/instances/miplib/medium-1/eilA101-2.mps with config: /scratch/yorig/mpils-results-grid-ticks-10000-7may/medium-1/24proc-6pils/seed-7/5_eilA101-2_seed-7_20260510_180902/iterated_local_search/run_1_worker_18/parallel_6_3.prm
[INFO]:[18:09:31] CPLEX results. Gap: 26.710000, upper bound: 1106.654996, lower bound: 811.108951
[INFO]:[18:09:31] CPLEX solver finished. Gap: 26.710000
[INFO]:[18:09:31] Starting CPLEX solver on instance: /home/yorig/tuner/mpils-tests/instances/miplib/medium-1/eilA101-2.mps with config: /scratch/yorig/mpils-results-grid-ticks-10000-7may/medium-1/24proc-6pils/seed-7/5_eilA101-2_seed-7_20260510_180902/iterated_local_search/run_1_worker_18/parallel_12_3.prm
[INFO]:[18:09:42] CPLEX results. Gap: 26.710000, upper bound: 1106.654996, lower bound: 811.108951
[INFO]:[18:09:42] CPLEX solver finished. Gap: 26.710000
[INFO]:[18:10:09] Starting CPLEX solver on instance: /home/yorig/tuner/mpils-tests/instances/miplib/medium-1/eilA101-2.mps with config: /scratch/yorig/mpils-results-grid-ticks-10000-7may/medium-1/24proc-6pils/seed-7/5_eilA101-2_seed-7_20260510_180902/iterated_local_search/run_1_worker_18/parallel_18_3.prm
[INFO]:[18:10:19] CPLEX results. Gap: 26.710000, upper bound: 1106.654996, lower bound: 811.108951
[INFO]:[18:10:19] CPLEX solver finished. Gap: 26.710000
[INFO]:[18:10:19] Worker (ils_group_rank=3) exiting parallel ILS evaluation service.
[INFO]:[18:10:25] Worker 21 completed exploration phase.
[INFO]:[18:10:25] Worker 21 received order for step 2.
[INFO]:[18:10:25] Worker 21 running expansion phase for iteration 1.
[INFO]:[18:10:25] Worker 21 will use solver log file: /scratch/yorig/mpils-results-grid-ticks-10000-7may/medium-1/24proc-6pils/seed-7/5_eilA101-2_seed-7_20260510_180902/solver/cplex.log_iteration_expansion_1_worker_21
[INFO]:[18:10:25] Expansion Worker 21 starting expansion for iteration 1.
[INFO]:[18:10:25] Starting CPLEX solver on instance: /home/yorig/tuner/mpils-tests/instances/miplib/medium-1/eilA101-2.mps with config: /scratch/yorig/mpils-results-grid-ticks-10000-7may/medium-1/24proc-6pils/seed-7/5_eilA101-2_seed-7_20260510_180902/expansion/config_param_CPXPARAM_MIP_Limits_ProbeTime_2_iter_1.prm
[INFO]:[18:10:36] CPLEX results. Gap: 17.790000, upper bound: 979.307614, lower bound: 805.092863
[INFO]:[18:10:36] CPLEX solver finished. Gap: 17.790000
[INFO]:[18:10:39] Expansion Worker 21 stopping early after global MPI expansion stop was activated.
[INFO]:[18:10:39] Expansion Worker 21 completed expansion.
[INFO]:[18:10:39] Worker 21 completed expansion phase.
[INFO]:[18:10:39] Worker 21 received order for step 1.
[INFO]:[18:10:39] Worker 21 running exploration phase for iteration 2.
[INFO]:[18:10:39] Worker 21 at iteration 2 will not use a MIP start file. Current best MIP-start upper bound threshold is 1.79769e+308.
[INFO]:[18:10:39] Starting local search phase...
[INFO]:[18:10:39] Worker (ils_group_rank=3) entering parallel ILS evaluation service.
[INFO]:[18:10:39] Starting CPLEX solver on instance: /home/yorig/tuner/mpils-tests/instances/miplib/medium-1/eilA101-2.mps with config: /scratch/yorig/mpils-results-grid-ticks-10000-7may/medium-1/24proc-6pils/seed-7/5_eilA101-2_seed-7_20260510_180902/iterated_local_search/run_2_worker_18/parallel_0_3.prm
[INFO]:[18:10:50] CPLEX results. Gap: 66.730000, upper bound: 2420.506503, lower bound: 805.198707
[INFO]:[18:10:50] CPLEX solver finished. Gap: 66.730000
[INFO]:[18:10:51] Worker (ils_group_rank=3) exiting parallel ILS evaluation service.
[INFO]:[18:10:51] Worker 21 completed exploration phase.
[INFO]:[18:10:51] Worker 21 received order for step 2.
[INFO]:[18:10:51] Worker 21 running expansion phase for iteration 2.
[INFO]:[18:10:51] Worker 21 will use solver log file: /scratch/yorig/mpils-results-grid-ticks-10000-7may/medium-1/24proc-6pils/seed-7/5_eilA101-2_seed-7_20260510_180902/solver/cplex.log_iteration_expansion_2_worker_21
[INFO]:[18:10:51] Expansion Worker 21 starting expansion for iteration 2.
[INFO]:[18:10:51] Starting CPLEX solver on instance: /home/yorig/tuner/mpils-tests/instances/miplib/medium-1/eilA101-2.mps with config: /scratch/yorig/mpils-results-grid-ticks-10000-7may/medium-1/24proc-6pils/seed-7/5_eilA101-2_seed-7_20260510_180902/expansion/config_param_CPXPARAM_MIP_Limits_ProbeTime_30_iter_2.prm
[INFO]:[18:11:02] CPLEX results. Gap: 14.260000, upper bound: 940.450484, lower bound: 806.326811
[INFO]:[18:11:02] CPLEX solver finished. Gap: 14.260000
[INFO]:[18:11:02] Starting CPLEX solver on instance: /home/yorig/tuner/mpils-tests/instances/miplib/medium-1/eilA101-2.mps with config: /scratch/yorig/mpils-results-grid-ticks-10000-7may/medium-1/24proc-6pils/seed-7/5_eilA101-2_seed-7_20260510_180902/expansion/config_param_CPXPARAM_MIP_Limits_CutsFactor_1_iter_2.prm
[INFO]:[18:11:13] CPLEX results. Gap: 18.870000, upper bound: 995.884589, lower bound: 807.988942
[INFO]:[18:11:13] CPLEX solver finished. Gap: 18.870000
[INFO]:[18:11:26] Expansion Worker 21 completed expansion.
[INFO]:[18:11:26] Worker 21 completed expansion phase.
[INFO]:[18:11:26] Worker 21 received order for step 1.
[INFO]:[18:11:26] Worker 21 running exploration phase for iteration 3.
[INFO]:[18:11:26] Worker 21 at iteration 3 will not use a MIP start file. Current best MIP-start upper bound threshold is 1.79769e+308.
[INFO]:[18:11:26] Starting local search phase...
[INFO]:[18:11:26] Worker (ils_group_rank=3) entering parallel ILS evaluation service.
[INFO]:[18:11:26] Starting CPLEX solver on instance: /home/yorig/tuner/mpils-tests/instances/miplib/medium-1/eilA101-2.mps with config: /scratch/yorig/mpils-results-grid-ticks-10000-7may/medium-1/24proc-6pils/seed-7/5_eilA101-2_seed-7_20260510_180902/iterated_local_search/run_3_worker_18/parallel_0_3.prm
[INFO]:[18:11:35] CPLEX results. Gap: 100.000000, upper bound: 2420.506503, lower bound: 0.000000
[INFO]:[18:11:35] CPLEX solver finished. Gap: 100.000000
[INFO]:[18:11:38] Starting CPLEX solver on instance: /home/yorig/tuner/mpils-tests/instances/miplib/medium-1/eilA101-2.mps with config: /scratch/yorig/mpils-results-grid-ticks-10000-7may/medium-1/24proc-6pils/seed-7/5_eilA101-2_seed-7_20260510_180902/iterated_local_search/run_3_worker_18/parallel_6_3.prm
[INFO]:[18:11:50] CPLEX results. Gap: 38.370000, upper bound: 1305.716659, lower bound: 804.754579
[INFO]:[18:11:50] CPLEX solver finished. Gap: 38.370000
[INFO]:[18:11:51] Worker (ils_group_rank=3) exiting parallel ILS evaluation service.
[INFO]:[18:11:54] Worker 21 completed exploration phase.
[INFO]:[18:11:54] Worker 21 received order for step 2.
[INFO]:[18:11:54] Worker 21 running expansion phase for iteration 3.
[INFO]:[18:11:54] Worker 21 will use solver log file: /scratch/yorig/mpils-results-grid-ticks-10000-7may/medium-1/24proc-6pils/seed-7/5_eilA101-2_seed-7_20260510_180902/solver/cplex.log_iteration_expansion_3_worker_21
[INFO]:[18:11:54] Expansion Worker 21 starting expansion for iteration 3.
[INFO]:[18:11:54] Starting CPLEX solver on instance: /home/yorig/tuner/mpils-tests/instances/miplib/medium-1/eilA101-2.mps with config: /scratch/yorig/mpils-results-grid-ticks-10000-7may/medium-1/24proc-6pils/seed-7/5_eilA101-2_seed-7_20260510_180902/expansion/config_param_CPXPARAM_MIP_Strategy_StartAlgorithm_5_iter_3.prm
[INFO]:[18:12:05] CPLEX results. Gap: 28.680000, upper bound: 1126.478557, lower bound: 803.394849
[INFO]:[18:12:05] CPLEX solver finished. Gap: 28.680000
[INFO]:[18:12:18] Expansion Worker 21 completed expansion.
[INFO]:[18:12:18] Worker 21 completed expansion phase.
[INFO]:[18:12:18] Worker 21 received order for step 1.
[INFO]:[18:12:18] Worker 21 running exploration phase for iteration 4.
[INFO]:[18:12:18] Worker 21 at iteration 4 will not use a MIP start file. Current best MIP-start upper bound threshold is 1.79769e+308.
[INFO]:[18:12:18] Starting local search phase...
[INFO]:[18:12:18] Worker (ils_group_rank=3) entering parallel ILS evaluation service.
[INFO]:[18:12:18] Starting CPLEX solver on instance: /home/yorig/tuner/mpils-tests/instances/miplib/medium-1/eilA101-2.mps with config: /scratch/yorig/mpils-results-grid-ticks-10000-7may/medium-1/24proc-6pils/seed-7/5_eilA101-2_seed-7_20260510_180902/iterated_local_search/run_4_worker_18/parallel_0_3.prm
[INFO]:[18:12:26] CPLEX results. Gap: 66.810000, upper bound: 2420.506503, lower bound: 803.373888
[INFO]:[18:12:26] CPLEX solver finished. Gap: 66.810000
[INFO]:[18:12:30] Starting CPLEX solver on instance: /home/yorig/tuner/mpils-tests/instances/miplib/medium-1/eilA101-2.mps with config: /scratch/yorig/mpils-results-grid-ticks-10000-7may/medium-1/24proc-6pils/seed-7/5_eilA101-2_seed-7_20260510_180902/iterated_local_search/run_4_worker_18/parallel_6_3.prm
[INFO]:[18:12:42] CPLEX results. Gap: 34.920000, upper bound: 1239.686288, lower bound: 806.848913
[INFO]:[18:12:42] CPLEX solver finished. Gap: 34.920000
[INFO]:[18:12:42] Worker (ils_group_rank=3) exiting parallel ILS evaluation service.
[INFO]:[18:12:43] Worker 21 completed exploration phase.
[INFO]:[18:12:43] Worker 21 received order for step 2.
[INFO]:[18:12:43] Worker 21 running expansion phase for iteration 4.
[INFO]:[18:12:43] Worker 21 will use solver log file: /scratch/yorig/mpils-results-grid-ticks-10000-7may/medium-1/24proc-6pils/seed-7/5_eilA101-2_seed-7_20260510_180902/solver/cplex.log_iteration_expansion_4_worker_21
[INFO]:[18:12:43] Expansion Worker 21 starting expansion for iteration 4.
[INFO]:[18:12:43] Starting CPLEX solver on instance: /home/yorig/tuner/mpils-tests/instances/miplib/medium-1/eilA101-2.mps with config: /scratch/yorig/mpils-results-grid-ticks-10000-7may/medium-1/24proc-6pils/seed-7/5_eilA101-2_seed-7_20260510_180902/expansion/config_param_CPXPARAM_Preprocessing_CoeffReduce_0_iter_4.prm
[INFO]:[18:12:54] CPLEX results. Gap: 13.650000, upper bound: 930.343539, lower bound: 803.374656
[INFO]:[18:12:54] CPLEX solver finished. Gap: 13.650000
[INFO]:[18:13:05] Expansion Worker 21 completed expansion.
[INFO]:[18:13:05] Worker 21 completed expansion phase.
[INFO]:[18:13:05] Worker 21 received order for step 1.
[INFO]:[18:13:05] Worker 21 running exploration phase for iteration 5.
[INFO]:[18:13:05] Worker 21 at iteration 5 will not use a MIP start file. Current best MIP-start upper bound threshold is 1.79769e+308.
[INFO]:[18:13:05] Starting local search phase...
[INFO]:[18:13:05] Worker (ils_group_rank=3) entering parallel ILS evaluation service.
[INFO]:[18:13:05] Starting CPLEX solver on instance: /home/yorig/tuner/mpils-tests/instances/miplib/medium-1/eilA101-2.mps with config: /scratch/yorig/mpils-results-grid-ticks-10000-7may/medium-1/24proc-6pils/seed-7/5_eilA101-2_seed-7_20260510_180902/iterated_local_search/run_5_worker_18/parallel_0_3.prm
[INFO]:[18:13:14] CPLEX results. Gap: 100.000000, upper bound: 2420.506503, lower bound: 0.000000
[INFO]:[18:13:14] CPLEX solver finished. Gap: 100.000000
[INFO]:[18:13:47] Starting CPLEX solver on instance: /home/yorig/tuner/mpils-tests/instances/miplib/medium-1/eilA101-2.mps with config: /scratch/yorig/mpils-results-grid-ticks-10000-7may/medium-1/24proc-6pils/seed-7/5_eilA101-2_seed-7_20260510_180902/iterated_local_search/run_5_worker_18/parallel_6_3.prm
[INFO]:[18:14:25] CPLEX results. Gap: 58.980000, upper bound: 1958.304296, lower bound: 803.373888
[INFO]:[18:14:25] CPLEX solver finished. Gap: 58.980000
[INFO]:[18:14:26] Worker (ils_group_rank=3) exiting parallel ILS evaluation service.
[INFO]:[18:14:26] Worker 21 completed exploration phase.
[INFO]:[18:14:26] Worker 21 received order for step 2.
[INFO]:[18:14:26] Worker 21 running expansion phase for iteration 5.
[INFO]:[18:14:26] Worker 21 will use solver log file: /scratch/yorig/mpils-results-grid-ticks-10000-7may/medium-1/24proc-6pils/seed-7/5_eilA101-2_seed-7_20260510_180902/solver/cplex.log_iteration_expansion_5_worker_21
[INFO]:[18:14:26] Expansion Worker 21 starting expansion for iteration 5.
[INFO]:[18:14:26] Starting CPLEX solver on instance: /home/yorig/tuner/mpils-tests/instances/miplib/medium-1/eilA101-2.mps with config: /scratch/yorig/mpils-results-grid-ticks-10000-7may/medium-1/24proc-6pils/seed-7/5_eilA101-2_seed-7_20260510_180902/expansion/config_param_CPXPARAM_Preprocessing_Relax_0_iter_5.prm
[INFO]:[18:14:36] CPLEX results. Gap: 20.550000, upper bound: 1011.180172, lower bound: 803.374656
[INFO]:[18:14:36] CPLEX solver finished. Gap: 20.550000
[INFO]:[18:14:48] Expansion Worker 21 completed expansion.
[INFO]:[18:14:48] Worker 21 completed expansion phase.
[INFO]:[18:14:48] Worker 21 received order for step 1.
[INFO]:[18:14:48] Worker 21 running exploration phase for iteration 6.
[INFO]:[18:14:48] Worker 21 at iteration 6 will not use a MIP start file. Current best MIP-start upper bound threshold is 1.79769e+308.
[INFO]:[18:14:48] Starting local search phase...
[INFO]:[18:14:48] Worker (ils_group_rank=3) entering parallel ILS evaluation service.
[INFO]:[18:14:48] Starting CPLEX solver on instance: /home/yorig/tuner/mpils-tests/instances/miplib/medium-1/eilA101-2.mps with config: /scratch/yorig/mpils-results-grid-ticks-10000-7may/medium-1/24proc-6pils/seed-7/5_eilA101-2_seed-7_20260510_180902/iterated_local_search/run_6_worker_18/parallel_0_3.prm
[INFO]:[18:15:26] CPLEX results. Gap: 58.970000, upper bound: 1958.304296, lower bound: 803.428953
[INFO]:[18:15:26] CPLEX solver finished. Gap: 58.970000
[INFO]:[18:15:26] Starting CPLEX solver on instance: /home/yorig/tuner/mpils-tests/instances/miplib/medium-1/eilA101-2.mps with config: /scratch/yorig/mpils-results-grid-ticks-10000-7may/medium-1/24proc-6pils/seed-7/5_eilA101-2_seed-7_20260510_180902/iterated_local_search/run_6_worker_18/parallel_6_3.prm
[INFO]:[18:15:36] CPLEX results. Gap: 58.980000, upper bound: 1958.304296, lower bound: 803.373888
[INFO]:[18:15:36] CPLEX solver finished. Gap: 58.980000
[INFO]:[18:15:37] Starting CPLEX solver on instance: /home/yorig/tuner/mpils-tests/instances/miplib/medium-1/eilA101-2.mps with config: /scratch/yorig/mpils-results-grid-ticks-10000-7may/medium-1/24proc-6pils/seed-7/5_eilA101-2_seed-7_20260510_180902/iterated_local_search/run_6_worker_18/parallel_12_3.prm
[INFO]:[18:15:48] CPLEX results. Gap: 21.100000, upper bound: 1020.843618, lower bound: 805.490534
[INFO]:[18:15:48] CPLEX solver finished. Gap: 21.100000
[INFO]:[18:15:48] Worker (ils_group_rank=3) exiting parallel ILS evaluation service.
[INFO]:[18:16:23] Worker 21 completed exploration phase.
[INFO]:[18:16:23] Worker 21 received order for step 2.
[INFO]:[18:16:23] Worker 21 running expansion phase for iteration 6.
[INFO]:[18:16:23] Worker 21 will use solver log file: /scratch/yorig/mpils-results-grid-ticks-10000-7may/medium-1/24proc-6pils/seed-7/5_eilA101-2_seed-7_20260510_180902/solver/cplex.log_iteration_expansion_6_worker_21
[INFO]:[18:16:23] Expansion Worker 21 starting expansion for iteration 6.
[INFO]:[18:16:23] Starting CPLEX solver on instance: /home/yorig/tuner/mpils-tests/instances/miplib/medium-1/eilA101-2.mps with config: /scratch/yorig/mpils-results-grid-ticks-10000-7may/medium-1/24proc-6pils/seed-7/5_eilA101-2_seed-7_20260510_180902/expansion/config_param_CPXPARAM_MIP_Limits_StrongCand_5_iter_6.prm
[INFO]:[18:16:34] CPLEX results. Gap: 13.650000, upper bound: 930.343539, lower bound: 803.374656
[INFO]:[18:16:34] CPLEX solver finished. Gap: 13.650000
[INFO]:[18:16:45] Expansion Worker 21 completed expansion.
[INFO]:[18:16:45] Worker 21 completed expansion phase.
[INFO]:[18:16:45] Worker 21 received order for step 1.
[INFO]:[18:16:45] Worker 21 running exploration phase for iteration 7.
[INFO]:[18:16:45] Worker 21 at iteration 7 will not use a MIP start file. Current best MIP-start upper bound threshold is 1.79769e+308.
[INFO]:[18:16:45] Starting local search phase...
[INFO]:[18:16:45] Worker (ils_group_rank=3) entering parallel ILS evaluation service.
[INFO]:[18:16:45] Starting CPLEX solver on instance: /home/yorig/tuner/mpils-tests/instances/miplib/medium-1/eilA101-2.mps with config: /scratch/yorig/mpils-results-grid-ticks-10000-7may/medium-1/24proc-6pils/seed-7/5_eilA101-2_seed-7_20260510_180902/iterated_local_search/run_7_worker_18/parallel_0_3.prm
[INFO]:[18:16:54] CPLEX results. Gap: 58.980000, upper bound: 1958.304296, lower bound: 803.373888
[INFO]:[18:16:54] CPLEX solver finished. Gap: 58.980000
[INFO]:[18:16:56] Starting CPLEX solver on instance: /home/yorig/tuner/mpils-tests/instances/miplib/medium-1/eilA101-2.mps with config: /scratch/yorig/mpils-results-grid-ticks-10000-7may/medium-1/24proc-6pils/seed-7/5_eilA101-2_seed-7_20260510_180902/iterated_local_search/run_7_worker_18/parallel_6_3.prm
[INFO]:[18:17:06] CPLEX results. Gap: 35.220000, upper bound: 1240.070040, lower bound: 803.373888
[INFO]:[18:17:06] CPLEX solver finished. Gap: 35.220000
[INFO]:[18:17:06] Worker (ils_group_rank=3) exiting parallel ILS evaluation service.
[INFO]:[18:17:08] Worker 21 completed exploration phase.
[INFO]:[18:17:08] Worker 21 received order for step 3.
[INFO]:[18:17:08] Worker 21 finished.
