[INFO]:[09:10:29] Reading parameters from file: /home/yorig/tuner/mpils/cplex/params_12_cpx.txt
[INFO]:[09:10:29] Finished reading parameters.
[DEBUG]:[09:10:29] Printing 71 parameters:
Parameter: CPXPARAM_Emphasis_MIP, Values: 0 1 2 3 4 5 , Default: 0
Parameter: CPXPARAM_MIP_Cuts_Cliques, Values: -1 0 1 2 3 , Default: 0
Parameter: CPXPARAM_MIP_Cuts_MIRCut, Values: -1 0 1 2 , Default: 0
Parameter: CPXPARAM_MIP_Cuts_Implied, Values: -1 0 1 2 , Default: 0
Parameter: CPXPARAM_MIP_Cuts_Disjunctive, Values: -1 0 1 2 3 , Default: 0
Parameter: CPXPARAM_MIP_Cuts_FlowCovers, Values: -1 0 1 2 , Default: 0
Parameter: CPXPARAM_MIP_Cuts_PathCut, Values: -1 0 1 2 , Default: 0
Parameter: CPXPARAM_MIP_Cuts_GUBCovers, Values: -1 0 1 2 , Default: 0
Parameter: CPXPARAM_MIP_Cuts_Gomory, Values: -1 0 1 2 , Default: 0
Parameter: CPXPARAM_MIP_Limits_GomoryCand, Values: 10 25 50 100 150 200 400 800 , Default: 200
Parameter: CPXPARAM_MIP_Strategy_Probe, Values: -1 0 1 2 3 , Default: 0
Parameter: CPXPARAM_MIP_Cuts_Covers, Values: -1 0 1 2 3 , Default: 0
Parameter: CPXPARAM_MIP_Strategy_VariableSelect, Values: -1 0 1 2 3 4 , Default: 0
Parameter: CPXPARAM_MIP_Strategy_NodeSelect, Values: 0 1 2 3 , Default: 1
Parameter: CPXPARAM_MIP_Strategy_Dive, Values: 0 1 2 3 , Default: 0
Parameter: CPXPARAM_MIP_Limits_ProbeTime, Values: 0 1 2 5 10 20 30 40 50 60 120 240 1e+75 , Default: 1e+75
Parameter: CPXPARAM_MIP_Strategy_RINSHeur, Values: -1 0 20 40 60 100 200 500 1000 , Default: 0
Parameter: CPXPARAM_MIP_Strategy_BBInterval, Values: 0 2 3 4 5 7 10 15 30 , Default: 7
Parameter: CPXPARAM_MIP_Strategy_Branch, Values: -1 0 1 , Default: 0
Parameter: CPXPARAM_MIP_Limits_CutsFactor, Values: -1 1 2 4 8 16 , Default: -1
Parameter: CPXPARAM_MIP_Strategy_PresolveNode, Values: -1 0 1 2 3 , Default: 0
Parameter: CPXPARAM_MIP_Strategy_Order, Values: 0 1 , Default: 1
Parameter: CPXPARAM_MIP_Limits_GomoryPass, Values: 0 , Default: 0
Parameter: CPXPARAM_MIP_Limits_CutPasses, Values: 0 , Default: 0
Parameter: CPXPARAM_Preprocessing_Presolve, Values: 0 1 , Default: 1
Parameter: CPXPARAM_Preprocessing_Symmetry, Values: -1 0 1 2 3 4 5 , Default: -1
Parameter: CPXPARAM_Preprocessing_NumPass, Values: -1 , Default: -1
Parameter: CPXPARAM_Preprocessing_Dual, Values: -1 0 1 , Default: 0
Parameter: CPXPARAM_MIP_Strategy_LBHeur, Values: 0 1 , Default: 0
Parameter: CPXPARAM_MIP_Strategy_HeuristicFreq, Values: -1 0 20 40 100 500 1000 , Default: 0
Parameter: CPXPARAM_MIP_Strategy_StartAlgorithm, Values: 0 1 2 3 4 5 6 , Default: 0
Parameter: CPXPARAM_MIP_Strategy_SubAlgorithm, Values: 0 1 2 3 4 5 , Default: 0
Parameter: CPXPARAM_Simplex_DGradient, Values: 0 1 2 3 4 5 , Default: 0
Parameter: CPXPARAM_Simplex_PGradient, Values: -1 0 1 2 3 4 , Default: 0
Parameter: CPXPARAM_Simplex_Pricing, Values: 0 , Default: 0
Parameter: CPXPARAM_Advance, Values: 0 1 2 , Default: 1
Parameter: CPXPARAM_MIP_Limits_AggForCut, Values: 0 1 2 3 5 10 , Default: 3
Parameter: CPXPARAM_Preprocessing_Fill, Values: 2 5 10 20 40 , Default: 10
Parameter: CPXPARAM_Preprocessing_Aggregator, Values: -1 , Default: -1
Parameter: CPXPARAM_Barrier_ColNonzeros, Values: 0 , Default: 0
Parameter: CPXPARAM_Barrier_Crossover, Values: 0 1 2 , Default: 0
Parameter: CPXPARAM_Barrier_Limits_Corrections, Values: -1 , Default: -1
Parameter: CPXPARAM_Barrier_Ordering, Values: 0 1 2 3 , Default: 0
Parameter: CPXPARAM_Barrier_StartAlg, Values: 1 2 3 4 , Default: 1
Parameter: CPXPARAM_Preprocessing_BoundStrength, Values: -1 0 1 , Default: -1
Parameter: CPXPARAM_Preprocessing_CoeffReduce, Values: -1 0 1 2 3 , Default: -1
Parameter: CPXPARAM_Simplex_Crash, Values: -1 0 1 , Default: 1
Parameter: CPXPARAM_Preprocessing_Dependency, Values: -1 0 1 2 3 , Default: -1
Parameter: CPXPARAM_Feasopt_Mode, Values: 0 1 2 3 4 5 , Default: 0
Parameter: CPXPARAM_Emphasis_Memory, Values: 0 1 , Default: 0
Parameter: CPXPARAM_MIP_OrderType, Values: 0 1 2 3 , Default: 0
Parameter: CPXPARAM_Network_NetFind, Values: 1 2 3 , Default: 2
Parameter: CPXPARAM_Network_Pricing, Values: 0 1 2 3 , Default: 0
Parameter: CPXPARAM_MIP_Strategy_File, Values: 0 1 2 3 , Default: 1
Parameter: CPXPARAM_Emphasis_Numerical, Values: 0 1 , Default: 0
Parameter: CPXPARAM_Preprocessing_Reduce, Values: 0 1 2 3 , Default: 3
Parameter: CPXPARAM_Simplex_Refactor, Values: 0 , Default: 0
Parameter: CPXPARAM_Preprocessing_Relax, Values: -1 0 1 , Default: -1
Parameter: CPXPARAM_Preprocessing_RepeatPresolve, Values: -1 0 1 2 3 , Default: -1
Parameter: CPXPARAM_LPMethod, Values: 0 1 2 3 4 5 6 , Default: 0
Parameter: CPXPARAM_Read_Scale, Values: -1 0 1 , Default: 0
Parameter: CPXPARAM_Sifting_Algorithm, Values: 0 1 2 3 4 , Default: 0
Parameter: CPXPARAM_Simplex_Limits_Singularity, Values: 0 2 5 10 20 40 , Default: 10
Parameter: CPXPARAM_Barrier_Algorithm, Values: 0 1 2 3 , Default: 0
Parameter: CPXPARAM_MIP_Limits_RepairTries, Values: 0 , Default: 0
Parameter: CPXPARAM_MIP_Limits_StrongCand, Values: 2 5 10 20 40 , Default: 10
Parameter: CPXPARAM_MIP_Limits_StrongIt, Values: 0 , Default: 0
Parameter: CPXPARAM_Preprocessing_QPMakePSD, Values: 0 1 , Default: 1
Parameter: CPXPARAM_Simplex_Limits_Perturbation, Values: 0 , Default: 0
Parameter: CPXPARAM_MIP_Limits_Nodes, Values: 0 9223372036800000000 , Default: 9223372036800000000
Parameter: CPXPARAM_Parallel, Values: 1 , Default: 1

[INFO]:[09:10:29] Seting up the MPILS tuner
[INFO]:[09:10:29] Set all parameter flags finished. Fixed discarded at setup: 12, Tunable initially selected: 10, Tunable residual: 49
[DEBUG]:[09:10:29] Tuned Parameters:
[DEBUG]:[09:10:29] Printing 0 parameters:

[DEBUG]:[09:10:29] Selected Parameters:
[DEBUG]:[09:10:29] Printing 10 parameters:
Parameter: CPXPARAM_Emphasis_MIP, Values: 0 1 2 3 4 5 , Default: 0
Parameter: CPXPARAM_MIP_Cuts_Cliques, Values: -1 0 1 2 3 , Default: 0
Parameter: CPXPARAM_MIP_Cuts_MIRCut, Values: -1 0 1 2 , Default: 0
Parameter: CPXPARAM_MIP_Cuts_Implied, Values: -1 0 1 2 , Default: 0
Parameter: CPXPARAM_MIP_Cuts_Disjunctive, Values: -1 0 1 2 3 , Default: 0
Parameter: CPXPARAM_MIP_Cuts_FlowCovers, Values: -1 0 1 2 , Default: 0
Parameter: CPXPARAM_MIP_Cuts_PathCut, Values: -1 0 1 2 , Default: 0
Parameter: CPXPARAM_MIP_Cuts_GUBCovers, Values: -1 0 1 2 , Default: 0
Parameter: CPXPARAM_MIP_Cuts_Gomory, Values: -1 0 1 2 , Default: 0
Parameter: CPXPARAM_MIP_Limits_GomoryCand, Values: 10 25 50 100 150 200 400 800 , Default: 200

[INFO]:[09:10:29] Default configuration created with default parameter values.
[DEBUG]:[09:10:29] After adding selected to tuned via running, Tuned Parameters:
[DEBUG]:[09:10:29] Printing 0 parameters:

[DEBUG]:[09:10:29] After adding selected to tuned via running, Selected Parameters:
[DEBUG]:[09:10:29] Printing 10 parameters:
Parameter: CPXPARAM_Emphasis_MIP, Values: 0 1 2 3 4 5 , Default: 0
Parameter: CPXPARAM_MIP_Cuts_Cliques, Values: -1 0 1 2 3 , Default: 0
Parameter: CPXPARAM_MIP_Cuts_MIRCut, Values: -1 0 1 2 , Default: 0
Parameter: CPXPARAM_MIP_Cuts_Implied, Values: -1 0 1 2 , Default: 0
Parameter: CPXPARAM_MIP_Cuts_Disjunctive, Values: -1 0 1 2 3 , Default: 0
Parameter: CPXPARAM_MIP_Cuts_FlowCovers, Values: -1 0 1 2 , Default: 0
Parameter: CPXPARAM_MIP_Cuts_PathCut, Values: -1 0 1 2 , Default: 0
Parameter: CPXPARAM_MIP_Cuts_GUBCovers, Values: -1 0 1 2 , Default: 0
Parameter: CPXPARAM_MIP_Cuts_Gomory, Values: -1 0 1 2 , Default: 0
Parameter: CPXPARAM_MIP_Limits_GomoryCand, Values: 10 25 50 100 150 200 400 800 , Default: 200

[INFO]:[09:10:29] Writing parameter IDs of configuration to file: /scratch/yorig/mpils-results-grid-seconds-10-4may/easy/1proc/seed-3/3_glass4_seed-3_20260505_091028/parameter_ids.txt
[INFO]:[09:10:29] Finished writing parameter IDs to file: /scratch/yorig/mpils-results-grid-seconds-10-4may/easy/1proc/seed-3/3_glass4_seed-3_20260505_091028/parameter_ids.txt
[INFO]:[09:10:29] Tuner setup complete.
[INFO]:[09:10:29] Running the MPILS tuner
[INFO]:[09:10:29] Starting iteration 1
[INFO]:[09:10:29] Starting exploration phase...
[INFO]:[09:10:29] Selecting number of evaluations for tuning phase...
[INFO]:[09:10:29] Selecting initial configurations for tuning phase...
[INFO]:[09:10:29] No best exploration configuration without MIP start in memory, using default ILS initial configuration.
[INFO]:[09:10:29] Number of evaluations for this tuning phase: 20
[INFO]:[09:10:29] ILS shared cache is disabled for this exploration phase.
[INFO]:[09:10:29] Local search backend for this exploration phase: iterated_local_search
[INFO]:[09:10:29] Running IteratedLocalSearch Engine...
[INFO]:[09:10:29] Mip start is disabled for this iteration.
[INFO]:[09:10:29] Writing ILS search space file for worker 0...
[INFO]:[09:10:29] ILS search space file written: /scratch/yorig/mpils-results-grid-seconds-10-4may/easy/1proc/seed-3/3_glass4_seed-3_20260505_091028/iterated_local_search/search_space/search_space_file_1.txt
[INFO]:[09:10:29] Launching Local Search Workers via MPI...
[INFO]:[09:10:29] Local Search Workers launched.
[INFO]:[09:10:29] Starting local search phase...
[INFO]:[09:10:29] Creating local search space from parameter space file: /scratch/yorig/mpils-results-grid-seconds-10-4may/easy/1proc/seed-3/3_glass4_seed-3_20260505_091028/iterated_local_search/search_space/search_space_file_1.txt
[INFO]:[09:10:29] Local search space loaded from file: /scratch/yorig/mpils-results-grid-seconds-10-4may/easy/1proc/seed-3/3_glass4_seed-3_20260505_091028/iterated_local_search/search_space/search_space_file_1.txt
[INFO]:[09:10:29] Number of parameters in local search space: 71
[INFO]:[09:10:29] Number of forbidden tuples in local search space: 0
[INFO]:[09:10:29] Number of conditionals in local search space: 6
[INFO]:[09:10:29] MIP start option not enabled. Local search will proceed without MIP start.
[INFO]:[09:10:29] Evaluating initial configuration for local search phase...
[INFO]:[09:10:29] Starting CPLEX solver on instance: /home/yorig/tuner/mpils-tests/instances/miplib/easy/glass4.mps with config: /scratch/yorig/mpils-results-grid-seconds-10-4may/easy/1proc/seed-3/3_glass4_seed-3_20260505_091028/iterated_local_search/run_1_worker_0/ils_config_14921508010286178949.prm
[INFO]:[09:10:29] Starting CPLEX solver on instance: /home/yorig/tuner/mpils-tests/instances/miplib/easy/glass4.mps with config: /scratch/yorig/mpils-results-grid-seconds-10-4may/easy/1proc/seed-3/3_glass4_seed-3_20260505_091028/iterated_local_search/run_1_worker_0/ils_config_14921508010286178949.prm
[INFO]:[09:10:39] CPLEX results. Gap: 26.670000, upper bound: 1500013000.000000, lower bound: 1100006744.429836
[INFO]:[09:10:39] CPLEX solver finished. Gap: 26.670000
[INFO]:[09:10:39] Initial configuration evaluated with objective value: 26.67
[INFO]:[09:10:39] Starting CPLEX solver on instance: /home/yorig/tuner/mpils-tests/instances/miplib/easy/glass4.mps with config: /scratch/yorig/mpils-results-grid-seconds-10-4may/easy/1proc/seed-3/3_glass4_seed-3_20260505_091028/iterated_local_search/run_1_worker_0/ils_config_2823934824078185206.prm
[INFO]:[09:10:39] Starting CPLEX solver on instance: /home/yorig/tuner/mpils-tests/instances/miplib/easy/glass4.mps with config: /scratch/yorig/mpils-results-grid-seconds-10-4may/easy/1proc/seed-3/3_glass4_seed-3_20260505_091028/iterated_local_search/run_1_worker_0/ils_config_2823934824078185206.prm
[INFO]:[09:10:49] CPLEX results. Gap: 43.750000, upper bound: 1600013400.000000, lower bound: 900006361.572707
[INFO]:[09:10:49] CPLEX solver finished. Gap: 43.750000
[INFO]:[09:10:49] Starting CPLEX solver on instance: /home/yorig/tuner/mpils-tests/instances/miplib/easy/glass4.mps with config: /scratch/yorig/mpils-results-grid-seconds-10-4may/easy/1proc/seed-3/3_glass4_seed-3_20260505_091028/iterated_local_search/run_1_worker_0/ils_config_3895283216737288575.prm
[INFO]:[09:10:49] Starting CPLEX solver on instance: /home/yorig/tuner/mpils-tests/instances/miplib/easy/glass4.mps with config: /scratch/yorig/mpils-results-grid-seconds-10-4may/easy/1proc/seed-3/3_glass4_seed-3_20260505_091028/iterated_local_search/run_1_worker_0/ils_config_3895283216737288575.prm
[INFO]:[09:10:59] CPLEX results. Gap: 30.240000, upper bound: 1433345533.333333, lower bound: 999959206.482876
[INFO]:[09:10:59] CPLEX solver finished. Gap: 30.240000
[INFO]:[09:10:59] Starting CPLEX solver on instance: /home/yorig/tuner/mpils-tests/instances/miplib/easy/glass4.mps with config: /scratch/yorig/mpils-results-grid-seconds-10-4may/easy/1proc/seed-3/3_glass4_seed-3_20260505_091028/iterated_local_search/run_1_worker_0/ils_config_9658482938002475941.prm
[INFO]:[09:10:59] Starting CPLEX solver on instance: /home/yorig/tuner/mpils-tests/instances/miplib/easy/glass4.mps with config: /scratch/yorig/mpils-results-grid-seconds-10-4may/easy/1proc/seed-3/3_glass4_seed-3_20260505_091028/iterated_local_search/run_1_worker_0/ils_config_9658482938002475941.prm
[INFO]:[09:11:09] CPLEX results. Gap: 43.750000, upper bound: 1600013400.000000, lower bound: 900006063.281677
[INFO]:[09:11:09] CPLEX solver finished. Gap: 43.750000
[INFO]:[09:11:09] Starting CPLEX solver on instance: /home/yorig/tuner/mpils-tests/instances/miplib/easy/glass4.mps with config: /scratch/yorig/mpils-results-grid-seconds-10-4may/easy/1proc/seed-3/3_glass4_seed-3_20260505_091028/iterated_local_search/run_1_worker_0/ils_config_5988662020493846908.prm
[INFO]:[09:11:09] Starting CPLEX solver on instance: /home/yorig/tuner/mpils-tests/instances/miplib/easy/glass4.mps with config: /scratch/yorig/mpils-results-grid-seconds-10-4may/easy/1proc/seed-3/3_glass4_seed-3_20260505_091028/iterated_local_search/run_1_worker_0/ils_config_5988662020493846908.prm
[INFO]:[09:11:19] CPLEX results. Gap: 29.030000, upper bound: 1550014750.000000, lower bound: 1100006340.000000
[INFO]:[09:11:19] CPLEX solver finished. Gap: 29.030000
[INFO]:[09:11:19] Starting CPLEX solver on instance: /home/yorig/tuner/mpils-tests/instances/miplib/easy/glass4.mps with config: /scratch/yorig/mpils-results-grid-seconds-10-4may/easy/1proc/seed-3/3_glass4_seed-3_20260505_091028/iterated_local_search/run_1_worker_0/ils_config_5643427149002281568.prm
[INFO]:[09:11:19] Starting CPLEX solver on instance: /home/yorig/tuner/mpils-tests/instances/miplib/easy/glass4.mps with config: /scratch/yorig/mpils-results-grid-seconds-10-4may/easy/1proc/seed-3/3_glass4_seed-3_20260505_091028/iterated_local_search/run_1_worker_0/ils_config_5643427149002281568.prm
[INFO]:[09:11:29] CPLEX results. Gap: 43.750000, upper bound: 1600013233.333333, lower bound: 900005119.351912
[INFO]:[09:11:29] CPLEX solver finished. Gap: 43.750000
[INFO]:[09:11:29] Starting CPLEX solver on instance: /home/yorig/tuner/mpils-tests/instances/miplib/easy/glass4.mps with config: /scratch/yorig/mpils-results-grid-seconds-10-4may/easy/1proc/seed-3/3_glass4_seed-3_20260505_091028/iterated_local_search/run_1_worker_0/ils_config_864434800366833410.prm
[INFO]:[09:11:29] Starting CPLEX solver on instance: /home/yorig/tuner/mpils-tests/instances/miplib/easy/glass4.mps with config: /scratch/yorig/mpils-results-grid-seconds-10-4may/easy/1proc/seed-3/3_glass4_seed-3_20260505_091028/iterated_local_search/run_1_worker_0/ils_config_864434800366833410.prm
[INFO]:[09:11:39] CPLEX results. Gap: 26.670000, upper bound: 1500013000.000000, lower bound: 1100006744.429836
[INFO]:[09:11:39] CPLEX solver finished. Gap: 26.670000
[INFO]:[09:11:39] Starting CPLEX solver on instance: /home/yorig/tuner/mpils-tests/instances/miplib/easy/glass4.mps with config: /scratch/yorig/mpils-results-grid-seconds-10-4may/easy/1proc/seed-3/3_glass4_seed-3_20260505_091028/iterated_local_search/run_1_worker_0/ils_config_8683817217222751575.prm
[INFO]:[09:11:39] Starting CPLEX solver on instance: /home/yorig/tuner/mpils-tests/instances/miplib/easy/glass4.mps with config: /scratch/yorig/mpils-results-grid-seconds-10-4may/easy/1proc/seed-3/3_glass4_seed-3_20260505_091028/iterated_local_search/run_1_worker_0/ils_config_8683817217222751575.prm
[INFO]:[09:11:49] CPLEX results. Gap: 47.970000, upper bound: 1560013700.000000, lower bound: 811707902.007826
[INFO]:[09:11:49] CPLEX solver finished. Gap: 47.970000
[INFO]:[09:11:49] Starting CPLEX solver on instance: /home/yorig/tuner/mpils-tests/instances/miplib/easy/glass4.mps with config: /scratch/yorig/mpils-results-grid-seconds-10-4may/easy/1proc/seed-3/3_glass4_seed-3_20260505_091028/iterated_local_search/run_1_worker_0/ils_config_5948685825087948624.prm
[INFO]:[09:11:49] Starting CPLEX solver on instance: /home/yorig/tuner/mpils-tests/instances/miplib/easy/glass4.mps with config: /scratch/yorig/mpils-results-grid-seconds-10-4may/easy/1proc/seed-3/3_glass4_seed-3_20260505_091028/iterated_local_search/run_1_worker_0/ils_config_5948685825087948624.prm
[INFO]:[09:11:59] CPLEX results. Gap: 41.660000, upper bound: 1400013669.895724, lower bound: 816819358.557135
[INFO]:[09:11:59] CPLEX solver finished. Gap: 41.660000
[INFO]:[09:11:59] Starting CPLEX solver on instance: /home/yorig/tuner/mpils-tests/instances/miplib/easy/glass4.mps with config: /scratch/yorig/mpils-results-grid-seconds-10-4may/easy/1proc/seed-3/3_glass4_seed-3_20260505_091028/iterated_local_search/run_1_worker_0/ils_config_18073175359058532266.prm
[INFO]:[09:11:59] Starting CPLEX solver on instance: /home/yorig/tuner/mpils-tests/instances/miplib/easy/glass4.mps with config: /scratch/yorig/mpils-results-grid-seconds-10-4may/easy/1proc/seed-3/3_glass4_seed-3_20260505_091028/iterated_local_search/run_1_worker_0/ils_config_18073175359058532266.prm
[INFO]:[09:12:09] CPLEX results. Gap: 37.500000, upper bound: 1600015200.000000, lower bound: 999959902.307983
[INFO]:[09:12:09] CPLEX solver finished. Gap: 37.500000
[INFO]:[09:12:09] Starting CPLEX solver on instance: /home/yorig/tuner/mpils-tests/instances/miplib/easy/glass4.mps with config: /scratch/yorig/mpils-results-grid-seconds-10-4may/easy/1proc/seed-3/3_glass4_seed-3_20260505_091028/iterated_local_search/run_1_worker_0/ils_config_15743638518301921207.prm
[INFO]:[09:12:09] Starting CPLEX solver on instance: /home/yorig/tuner/mpils-tests/instances/miplib/easy/glass4.mps with config: /scratch/yorig/mpils-results-grid-seconds-10-4may/easy/1proc/seed-3/3_glass4_seed-3_20260505_091028/iterated_local_search/run_1_worker_0/ils_config_15743638518301921207.prm
[INFO]:[09:12:19] CPLEX results. Gap: 25.420000, upper bound: 1475013050.000000, lower bound: 1100005480.588222
[INFO]:[09:12:19] CPLEX solver finished. Gap: 25.420000
[INFO]:[09:12:19] New incumbent found with objective value: 25.42
[INFO]:[09:12:19] Starting CPLEX solver on instance: /home/yorig/tuner/mpils-tests/instances/miplib/easy/glass4.mps with config: /scratch/yorig/mpils-results-grid-seconds-10-4may/easy/1proc/seed-3/3_glass4_seed-3_20260505_091028/iterated_local_search/run_1_worker_0/ils_config_16385948739050342373.prm
[INFO]:[09:12:19] Starting CPLEX solver on instance: /home/yorig/tuner/mpils-tests/instances/miplib/easy/glass4.mps with config: /scratch/yorig/mpils-results-grid-seconds-10-4may/easy/1proc/seed-3/3_glass4_seed-3_20260505_091028/iterated_local_search/run_1_worker_0/ils_config_16385948739050342373.prm
[INFO]:[09:12:29] CPLEX results. Gap: 25.420000, upper bound: 1475013050.000000, lower bound: 1100005480.588222
[INFO]:[09:12:29] CPLEX solver finished. Gap: 25.420000
[INFO]:[09:12:29] Starting CPLEX solver on instance: /home/yorig/tuner/mpils-tests/instances/miplib/easy/glass4.mps with config: /scratch/yorig/mpils-results-grid-seconds-10-4may/easy/1proc/seed-3/3_glass4_seed-3_20260505_091028/iterated_local_search/run_1_worker_0/ils_config_271321391208788895.prm
[INFO]:[09:12:29] Starting CPLEX solver on instance: /home/yorig/tuner/mpils-tests/instances/miplib/easy/glass4.mps with config: /scratch/yorig/mpils-results-grid-seconds-10-4may/easy/1proc/seed-3/3_glass4_seed-3_20260505_091028/iterated_local_search/run_1_worker_0/ils_config_271321391208788895.prm
[INFO]:[09:12:39] CPLEX results. Gap: 43.750000, upper bound: 1600013233.333333, lower bound: 900005382.767535
[INFO]:[09:12:39] CPLEX solver finished. Gap: 43.750000
[INFO]:[09:12:39] Starting CPLEX solver on instance: /home/yorig/tuner/mpils-tests/instances/miplib/easy/glass4.mps with config: /scratch/yorig/mpils-results-grid-seconds-10-4may/easy/1proc/seed-3/3_glass4_seed-3_20260505_091028/iterated_local_search/run_1_worker_0/ils_config_5632760085184190587.prm
[INFO]:[09:12:39] Starting CPLEX solver on instance: /home/yorig/tuner/mpils-tests/instances/miplib/easy/glass4.mps with config: /scratch/yorig/mpils-results-grid-seconds-10-4may/easy/1proc/seed-3/3_glass4_seed-3_20260505_091028/iterated_local_search/run_1_worker_0/ils_config_5632760085184190587.prm
[INFO]:[09:12:49] CPLEX results. Gap: 25.420000, upper bound: 1475013050.000000, lower bound: 1100005480.588222
[INFO]:[09:12:49] CPLEX solver finished. Gap: 25.420000
[INFO]:[09:12:49] Starting CPLEX solver on instance: /home/yorig/tuner/mpils-tests/instances/miplib/easy/glass4.mps with config: /scratch/yorig/mpils-results-grid-seconds-10-4may/easy/1proc/seed-3/3_glass4_seed-3_20260505_091028/iterated_local_search/run_1_worker_0/ils_config_10926055034921966546.prm
[INFO]:[09:12:49] Starting CPLEX solver on instance: /home/yorig/tuner/mpils-tests/instances/miplib/easy/glass4.mps with config: /scratch/yorig/mpils-results-grid-seconds-10-4may/easy/1proc/seed-3/3_glass4_seed-3_20260505_091028/iterated_local_search/run_1_worker_0/ils_config_10926055034921966546.prm
[INFO]:[09:12:59] CPLEX results. Gap: 36.670000, upper bound: 1500012950.000000, lower bound: 950006993.937648
[INFO]:[09:12:59] CPLEX solver finished. Gap: 36.670000
[INFO]:[09:12:59] Starting CPLEX solver on instance: /home/yorig/tuner/mpils-tests/instances/miplib/easy/glass4.mps with config: /scratch/yorig/mpils-results-grid-seconds-10-4may/easy/1proc/seed-3/3_glass4_seed-3_20260505_091028/iterated_local_search/run_1_worker_0/ils_config_10616213321404944623.prm
[INFO]:[09:12:59] Starting CPLEX solver on instance: /home/yorig/tuner/mpils-tests/instances/miplib/easy/glass4.mps with config: /scratch/yorig/mpils-results-grid-seconds-10-4may/easy/1proc/seed-3/3_glass4_seed-3_20260505_091028/iterated_local_search/run_1_worker_0/ils_config_10616213321404944623.prm
[INFO]:[09:13:09] CPLEX results. Gap: 28.570000, upper bound: 1400013669.895724, lower bound: 1000005546.357028
[INFO]:[09:13:09] CPLEX solver finished. Gap: 28.570000
[INFO]:[09:13:09] Starting CPLEX solver on instance: /home/yorig/tuner/mpils-tests/instances/miplib/easy/glass4.mps with config: /scratch/yorig/mpils-results-grid-seconds-10-4may/easy/1proc/seed-3/3_glass4_seed-3_20260505_091028/iterated_local_search/run_1_worker_0/ils_config_4953176355233792838.prm
[INFO]:[09:13:09] Starting CPLEX solver on instance: /home/yorig/tuner/mpils-tests/instances/miplib/easy/glass4.mps with config: /scratch/yorig/mpils-results-grid-seconds-10-4may/easy/1proc/seed-3/3_glass4_seed-3_20260505_091028/iterated_local_search/run_1_worker_0/ils_config_4953176355233792838.prm
[INFO]:[09:13:19] CPLEX results. Gap: 43.750000, upper bound: 1600013400.000000, lower bound: 900006361.572707
[INFO]:[09:13:19] CPLEX solver finished. Gap: 43.750000
[INFO]:[09:13:19] Starting CPLEX solver on instance: /home/yorig/tuner/mpils-tests/instances/miplib/easy/glass4.mps with config: /scratch/yorig/mpils-results-grid-seconds-10-4may/easy/1proc/seed-3/3_glass4_seed-3_20260505_091028/iterated_local_search/run_1_worker_0/ils_config_15773195002342186407.prm
[INFO]:[09:13:19] Starting CPLEX solver on instance: /home/yorig/tuner/mpils-tests/instances/miplib/easy/glass4.mps with config: /scratch/yorig/mpils-results-grid-seconds-10-4may/easy/1proc/seed-3/3_glass4_seed-3_20260505_091028/iterated_local_search/run_1_worker_0/ils_config_15773195002342186407.prm
[INFO]:[09:13:29] CPLEX results. Gap: 30.960000, upper bound: 1593348520.000000, lower bound: 1100005361.828964
[INFO]:[09:13:29] CPLEX solver finished. Gap: 30.960000
[INFO]:[09:13:29] Starting CPLEX solver on instance: /home/yorig/tuner/mpils-tests/instances/miplib/easy/glass4.mps with config: /scratch/yorig/mpils-results-grid-seconds-10-4may/easy/1proc/seed-3/3_glass4_seed-3_20260505_091028/iterated_local_search/run_1_worker_0/ils_config_3540403053914089040.prm
[INFO]:[09:13:29] Starting CPLEX solver on instance: /home/yorig/tuner/mpils-tests/instances/miplib/easy/glass4.mps with config: /scratch/yorig/mpils-results-grid-seconds-10-4may/easy/1proc/seed-3/3_glass4_seed-3_20260505_091028/iterated_local_search/run_1_worker_0/ils_config_3540403053914089040.prm
[INFO]:[09:13:39] CPLEX results. Gap: 37.500000, upper bound: 1600014000.000000, lower bound: 1000006601.465280
[INFO]:[09:13:39] CPLEX solver finished. Gap: 37.500000
[INFO]:[09:13:39] Starting CPLEX solver on instance: /home/yorig/tuner/mpils-tests/instances/miplib/easy/glass4.mps with config: /scratch/yorig/mpils-results-grid-seconds-10-4may/easy/1proc/seed-3/3_glass4_seed-3_20260505_091028/iterated_local_search/run_1_worker_0/ils_config_12911295086759950527.prm
[INFO]:[09:13:39] Starting CPLEX solver on instance: /home/yorig/tuner/mpils-tests/instances/miplib/easy/glass4.mps with config: /scratch/yorig/mpils-results-grid-seconds-10-4may/easy/1proc/seed-3/3_glass4_seed-3_20260505_091028/iterated_local_search/run_1_worker_0/ils_config_12911295086759950527.prm
[INFO]:[09:13:49] CPLEX results. Gap: 8.330000, upper bound: 1200012599.999999, lower bound: 1100007707.232316
[INFO]:[09:13:49] CPLEX solver finished. Gap: 8.330000
[INFO]:[09:13:49] New incumbent found with objective value: 8.33
[INFO]:[09:13:49] Local search phase completed.
[INFO]:[09:13:49] Total number of new local-search evaluations: 20
[INFO]:[09:13:49] Final incumbent objective value: 8.33
[INFO]:[09:13:49] recordEvaluation produced_mip_start=0 mip_start_file=''
[INFO]:[09:13:49] ***************
[INFO]:[09:13:49] New best evaluation without MIP start found at time 10s, with objective 26.67 and configuration ID 14921508010286178949
[INFO]:[09:13:49] With config: 14921508010286178949 -> 
Configuration: CPXPARAM_Advance=1 CPXPARAM_Barrier_Algorithm=0 CPXPARAM_Barrier_ColNonzeros=0 CPXPARAM_Barrier_Crossover=0 CPXPARAM_Barrier_Limits_Corrections=-1 CPXPARAM_Barrier_Ordering=0 CPXPARAM_Barrier_StartAlg=1 CPXPARAM_Emphasis_MIP=0 CPXPARAM_Emphasis_Memory=0 CPXPARAM_Emphasis_Numerical=0 CPXPARAM_Feasopt_Mode=0 CPXPARAM_LPMethod=0 CPXPARAM_MIP_Cuts_Cliques=0 CPXPARAM_MIP_Cuts_Covers=0 CPXPARAM_MIP_Cuts_Disjunctive=0 CPXPARAM_MIP_Cuts_FlowCovers=0 CPXPARAM_MIP_Cuts_GUBCovers=0 CPXPARAM_MIP_Cuts_Gomory=0 CPXPARAM_MIP_Cuts_Implied=0 CPXPARAM_MIP_Cuts_MIRCut=0 CPXPARAM_MIP_Cuts_PathCut=0 CPXPARAM_MIP_Limits_AggForCut=3 CPXPARAM_MIP_Limits_CutPasses=0 CPXPARAM_MIP_Limits_CutsFactor=-1 CPXPARAM_MIP_Limits_GomoryCand=200 CPXPARAM_MIP_Limits_GomoryPass=0 CPXPARAM_MIP_Limits_Nodes=9223372036800000000 CPXPARAM_MIP_Limits_ProbeTime=1e+75 CPXPARAM_MIP_Limits_RepairTries=0 CPXPARAM_MIP_Limits_StrongCand=10 CPXPARAM_MIP_Limits_StrongIt=0 CPXPARAM_MIP_OrderType=0 CPXPARAM_MIP_Strategy_BBInterval=7 CPXPARAM_MIP_Strategy_Branch=0 CPXPARAM_MIP_Strategy_Dive=0 CPXPARAM_MIP_Strategy_File=1 CPXPARAM_MIP_Strategy_HeuristicFreq=0 CPXPARAM_MIP_Strategy_LBHeur=0 CPXPARAM_MIP_Strategy_NodeSelect=1 CPXPARAM_MIP_Strategy_Order=1 CPXPARAM_MIP_Strategy_PresolveNode=0 CPXPARAM_MIP_Strategy_Probe=0 CPXPARAM_MIP_Strategy_RINSHeur=0 CPXPARAM_MIP_Strategy_StartAlgorithm=0 CPXPARAM_MIP_Strategy_SubAlgorithm=0 CPXPARAM_MIP_Strategy_VariableSelect=0 CPXPARAM_Network_NetFind=2 CPXPARAM_Network_Pricing=0 CPXPARAM_Parallel=1 CPXPARAM_Preprocessing_Aggregator=-1 CPXPARAM_Preprocessing_BoundStrength=-1 CPXPARAM_Preprocessing_CoeffReduce=-1 CPXPARAM_Preprocessing_Dependency=-1 CPXPARAM_Preprocessing_Dual=0 CPXPARAM_Preprocessing_Fill=10 CPXPARAM_Preprocessing_NumPass=-1 CPXPARAM_Preprocessing_Presolve=1 CPXPARAM_Preprocessing_QPMakePSD=1 CPXPARAM_Preprocessing_Reduce=3 CPXPARAM_Preprocessing_Relax=-1 CPXPARAM_Preprocessing_RepeatPresolve=-1 CPXPARAM_Preprocessing_Symmetry=-1 CPXPARAM_Read_Scale=0 CPXPARAM_Sifting_Algorithm=0 CPXPARAM_Simplex_Crash=1 CPXPARAM_Simplex_DGradient=0 CPXPARAM_Simplex_Limits_Perturbation=0 CPXPARAM_Simplex_Limits_Singularity=10 CPXPARAM_Simplex_PGradient=0 CPXPARAM_Simplex_Pricing=0 CPXPARAM_Simplex_Refactor=0 | MIP Start: No 
[INFO]:[09:13:49] ***************
[DEBUG]:[09:13:49] Added evaluation to memory with objective: 26.67, ConfigId: 14921508010286178949, EvalId: 1. Total evaluations stored: 1
[INFO]:[09:13:49] recordEvaluation produced_mip_start=0 mip_start_file=''
[DEBUG]:[09:13:49] Added evaluation to memory with objective: 43.75, ConfigId: 2823934824078185206, EvalId: 2. Total evaluations stored: 2
[INFO]:[09:13:49] recordEvaluation produced_mip_start=0 mip_start_file=''
[DEBUG]:[09:13:49] Added evaluation to memory with objective: 30.24, ConfigId: 3895283216737288575, EvalId: 3. Total evaluations stored: 3
[INFO]:[09:13:49] recordEvaluation produced_mip_start=0 mip_start_file=''
[DEBUG]:[09:13:49] Added evaluation to memory with objective: 43.75, ConfigId: 9658482938002475941, EvalId: 4. Total evaluations stored: 4
[INFO]:[09:13:49] recordEvaluation produced_mip_start=0 mip_start_file=''
[DEBUG]:[09:13:49] Added evaluation to memory with objective: 29.03, ConfigId: 5988662020493846908, EvalId: 5. Total evaluations stored: 5
[INFO]:[09:13:49] recordEvaluation produced_mip_start=0 mip_start_file=''
[DEBUG]:[09:13:49] Added evaluation to memory with objective: 43.75, ConfigId: 5643427149002281568, EvalId: 6. Total evaluations stored: 6
[INFO]:[09:13:49] recordEvaluation produced_mip_start=0 mip_start_file=''
[DEBUG]:[09:13:49] Added evaluation to memory with objective: 26.67, ConfigId: 864434800366833410, EvalId: 7. Total evaluations stored: 7
[INFO]:[09:13:49] recordEvaluation produced_mip_start=0 mip_start_file=''
[DEBUG]:[09:13:49] Added evaluation to memory with objective: 47.97, ConfigId: 8683817217222751575, EvalId: 8. Total evaluations stored: 8
[INFO]:[09:13:49] recordEvaluation produced_mip_start=0 mip_start_file=''
[DEBUG]:[09:13:49] Added evaluation to memory with objective: 41.66, ConfigId: 5948685825087948624, EvalId: 9. Total evaluations stored: 9
[INFO]:[09:13:49] recordEvaluation produced_mip_start=0 mip_start_file=''
[DEBUG]:[09:13:49] Added evaluation to memory with objective: 37.5, ConfigId: 18073175359058532266, EvalId: 10. Total evaluations stored: 10
[INFO]:[09:13:49] recordEvaluation produced_mip_start=0 mip_start_file=''
[INFO]:[09:13:49] ***************
[INFO]:[09:13:49] New best evaluation without MIP start found at time 110s, with objective 25.42 and configuration ID 15743638518301921207
[INFO]:[09:13:49] With config: 15743638518301921207 -> 
Configuration: CPXPARAM_Advance=1 CPXPARAM_Barrier_Algorithm=0 CPXPARAM_Barrier_ColNonzeros=0 CPXPARAM_Barrier_Crossover=0 CPXPARAM_Barrier_Limits_Corrections=-1 CPXPARAM_Barrier_Ordering=0 CPXPARAM_Barrier_StartAlg=1 CPXPARAM_Emphasis_MIP=0 CPXPARAM_Emphasis_Memory=0 CPXPARAM_Emphasis_Numerical=0 CPXPARAM_Feasopt_Mode=0 CPXPARAM_LPMethod=0 CPXPARAM_MIP_Cuts_Cliques=0 CPXPARAM_MIP_Cuts_Covers=0 CPXPARAM_MIP_Cuts_Disjunctive=0 CPXPARAM_MIP_Cuts_FlowCovers=0 CPXPARAM_MIP_Cuts_GUBCovers=0 CPXPARAM_MIP_Cuts_Gomory=0 CPXPARAM_MIP_Cuts_Implied=0 CPXPARAM_MIP_Cuts_MIRCut=0 CPXPARAM_MIP_Cuts_PathCut=0 CPXPARAM_MIP_Limits_AggForCut=3 CPXPARAM_MIP_Limits_CutPasses=0 CPXPARAM_MIP_Limits_CutsFactor=-1 CPXPARAM_MIP_Limits_GomoryCand=150 CPXPARAM_MIP_Limits_GomoryPass=0 CPXPARAM_MIP_Limits_Nodes=9223372036800000000 CPXPARAM_MIP_Limits_ProbeTime=1e+75 CPXPARAM_MIP_Limits_RepairTries=0 CPXPARAM_MIP_Limits_StrongCand=10 CPXPARAM_MIP_Limits_StrongIt=0 CPXPARAM_MIP_OrderType=0 CPXPARAM_MIP_Strategy_BBInterval=7 CPXPARAM_MIP_Strategy_Branch=0 CPXPARAM_MIP_Strategy_Dive=0 CPXPARAM_MIP_Strategy_File=1 CPXPARAM_MIP_Strategy_HeuristicFreq=0 CPXPARAM_MIP_Strategy_LBHeur=0 CPXPARAM_MIP_Strategy_NodeSelect=1 CPXPARAM_MIP_Strategy_Order=1 CPXPARAM_MIP_Strategy_PresolveNode=0 CPXPARAM_MIP_Strategy_Probe=0 CPXPARAM_MIP_Strategy_RINSHeur=0 CPXPARAM_MIP_Strategy_StartAlgorithm=0 CPXPARAM_MIP_Strategy_SubAlgorithm=0 CPXPARAM_MIP_Strategy_VariableSelect=0 CPXPARAM_Network_NetFind=2 CPXPARAM_Network_Pricing=0 CPXPARAM_Parallel=1 CPXPARAM_Preprocessing_Aggregator=-1 CPXPARAM_Preprocessing_BoundStrength=-1 CPXPARAM_Preprocessing_CoeffReduce=-1 CPXPARAM_Preprocessing_Dependency=-1 CPXPARAM_Preprocessing_Dual=0 CPXPARAM_Preprocessing_Fill=10 CPXPARAM_Preprocessing_NumPass=-1 CPXPARAM_Preprocessing_Presolve=1 CPXPARAM_Preprocessing_QPMakePSD=1 CPXPARAM_Preprocessing_Reduce=3 CPXPARAM_Preprocessing_Relax=-1 CPXPARAM_Preprocessing_RepeatPresolve=-1 CPXPARAM_Preprocessing_Symmetry=-1 CPXPARAM_Read_Scale=0 CPXPARAM_Sifting_Algorithm=0 CPXPARAM_Simplex_Crash=1 CPXPARAM_Simplex_DGradient=0 CPXPARAM_Simplex_Limits_Perturbation=0 CPXPARAM_Simplex_Limits_Singularity=10 CPXPARAM_Simplex_PGradient=0 CPXPARAM_Simplex_Pricing=0 CPXPARAM_Simplex_Refactor=0 | MIP Start: No 
[INFO]:[09:13:49] ***************
[DEBUG]:[09:13:49] Added evaluation to memory with objective: 25.42, ConfigId: 15743638518301921207, EvalId: 11. Total evaluations stored: 11
[INFO]:[09:13:49] recordEvaluation produced_mip_start=0 mip_start_file=''
[DEBUG]:[09:13:49] Added evaluation to memory with objective: 25.42, ConfigId: 16385948739050342373, EvalId: 12. Total evaluations stored: 12
[INFO]:[09:13:49] recordEvaluation produced_mip_start=0 mip_start_file=''
[DEBUG]:[09:13:49] Added evaluation to memory with objective: 43.75, ConfigId: 271321391208788895, EvalId: 13. Total evaluations stored: 13
[INFO]:[09:13:49] recordEvaluation produced_mip_start=0 mip_start_file=''
[DEBUG]:[09:13:49] Added evaluation to memory with objective: 25.42, ConfigId: 5632760085184190587, EvalId: 14. Total evaluations stored: 14
[INFO]:[09:13:49] recordEvaluation produced_mip_start=0 mip_start_file=''
[DEBUG]:[09:13:49] Added evaluation to memory with objective: 36.67, ConfigId: 10926055034921966546, EvalId: 15. Total evaluations stored: 15
[INFO]:[09:13:49] recordEvaluation produced_mip_start=0 mip_start_file=''
[DEBUG]:[09:13:49] Added evaluation to memory with objective: 28.57, ConfigId: 10616213321404944623, EvalId: 16. Total evaluations stored: 16
[INFO]:[09:13:49] recordEvaluation produced_mip_start=0 mip_start_file=''
[DEBUG]:[09:13:49] Added evaluation to memory with objective: 43.75, ConfigId: 4953176355233792838, EvalId: 17. Total evaluations stored: 17
[INFO]:[09:13:49] recordEvaluation produced_mip_start=0 mip_start_file=''
[DEBUG]:[09:13:49] Added evaluation to memory with objective: 30.96, ConfigId: 15773195002342186407, EvalId: 18. Total evaluations stored: 18
[INFO]:[09:13:49] recordEvaluation produced_mip_start=0 mip_start_file=''
[DEBUG]:[09:13:49] Added evaluation to memory with objective: 37.5, ConfigId: 3540403053914089040, EvalId: 19. Total evaluations stored: 19
[INFO]:[09:13:49] recordEvaluation produced_mip_start=0 mip_start_file=''
[INFO]:[09:13:49] ***************
[INFO]:[09:13:49] New best evaluation without MIP start found at time 200s, with objective 8.33 and configuration ID 12911295086759950527
[INFO]:[09:13:49] With config: 12911295086759950527 -> 
Configuration: CPXPARAM_Advance=1 CPXPARAM_Barrier_Algorithm=0 CPXPARAM_Barrier_ColNonzeros=0 CPXPARAM_Barrier_Crossover=0 CPXPARAM_Barrier_Limits_Corrections=-1 CPXPARAM_Barrier_Ordering=0 CPXPARAM_Barrier_StartAlg=1 CPXPARAM_Emphasis_MIP=0 CPXPARAM_Emphasis_Memory=0 CPXPARAM_Emphasis_Numerical=0 CPXPARAM_Feasopt_Mode=0 CPXPARAM_LPMethod=0 CPXPARAM_MIP_Cuts_Cliques=0 CPXPARAM_MIP_Cuts_Covers=0 CPXPARAM_MIP_Cuts_Disjunctive=0 CPXPARAM_MIP_Cuts_FlowCovers=0 CPXPARAM_MIP_Cuts_GUBCovers=0 CPXPARAM_MIP_Cuts_Gomory=0 CPXPARAM_MIP_Cuts_Implied=0 CPXPARAM_MIP_Cuts_MIRCut=0 CPXPARAM_MIP_Cuts_PathCut=0 CPXPARAM_MIP_Limits_AggForCut=3 CPXPARAM_MIP_Limits_CutPasses=0 CPXPARAM_MIP_Limits_CutsFactor=-1 CPXPARAM_MIP_Limits_GomoryCand=10 CPXPARAM_MIP_Limits_GomoryPass=0 CPXPARAM_MIP_Limits_Nodes=9223372036800000000 CPXPARAM_MIP_Limits_ProbeTime=1e+75 CPXPARAM_MIP_Limits_RepairTries=0 CPXPARAM_MIP_Limits_StrongCand=10 CPXPARAM_MIP_Limits_StrongIt=0 CPXPARAM_MIP_OrderType=0 CPXPARAM_MIP_Strategy_BBInterval=7 CPXPARAM_MIP_Strategy_Branch=0 CPXPARAM_MIP_Strategy_Dive=0 CPXPARAM_MIP_Strategy_File=1 CPXPARAM_MIP_Strategy_HeuristicFreq=0 CPXPARAM_MIP_Strategy_LBHeur=0 CPXPARAM_MIP_Strategy_NodeSelect=1 CPXPARAM_MIP_Strategy_Order=1 CPXPARAM_MIP_Strategy_PresolveNode=0 CPXPARAM_MIP_Strategy_Probe=0 CPXPARAM_MIP_Strategy_RINSHeur=0 CPXPARAM_MIP_Strategy_StartAlgorithm=0 CPXPARAM_MIP_Strategy_SubAlgorithm=0 CPXPARAM_MIP_Strategy_VariableSelect=0 CPXPARAM_Network_NetFind=2 CPXPARAM_Network_Pricing=0 CPXPARAM_Parallel=1 CPXPARAM_Preprocessing_Aggregator=-1 CPXPARAM_Preprocessing_BoundStrength=-1 CPXPARAM_Preprocessing_CoeffReduce=-1 CPXPARAM_Preprocessing_Dependency=-1 CPXPARAM_Preprocessing_Dual=0 CPXPARAM_Preprocessing_Fill=10 CPXPARAM_Preprocessing_NumPass=-1 CPXPARAM_Preprocessing_Presolve=1 CPXPARAM_Preprocessing_QPMakePSD=1 CPXPARAM_Preprocessing_Reduce=3 CPXPARAM_Preprocessing_Relax=-1 CPXPARAM_Preprocessing_RepeatPresolve=-1 CPXPARAM_Preprocessing_Symmetry=-1 CPXPARAM_Read_Scale=0 CPXPARAM_Sifting_Algorithm=0 CPXPARAM_Simplex_Crash=1 CPXPARAM_Simplex_DGradient=0 CPXPARAM_Simplex_Limits_Perturbation=0 CPXPARAM_Simplex_Limits_Singularity=10 CPXPARAM_Simplex_PGradient=0 CPXPARAM_Simplex_Pricing=0 CPXPARAM_Simplex_Refactor=0 | MIP Start: No 
[INFO]:[09:13:49] ***************
[DEBUG]:[09:13:49] Added evaluation to memory with objective: 8.33, ConfigId: 12911295086759950527, EvalId: 20. Total evaluations stored: 20
[INFO]:[09:13:49] Waiting for Local Search Workers via MPI...
[INFO]:[09:13:49] Local Search Workers have completed.
[INFO]:[09:13:49] IteratedLocalSearch Engine completed.
[INFO]:[09:13:49] Added20 evaluations to memory from exploration phase at iteration 1
[INFO]:[09:13:49] Exploration phase completed.
[INFO]:[09:13:49] Starting expansion phase...
[INFO]:[09:13:49] Selecting parameters for expansion phase...
[INFO]:[09:13:49] Selected expansion parameters: 10
[INFO]:[09:13:49] Creating configuration files for expansion parameters...
[INFO]:[09:13:49] Creating configurations for parameter: CPXPARAM_MIP_Strategy_Probe
[DEBUG]:[09:13:49] Parameter CPXPARAM_MIP_Strategy_Probe will be evaluated on 4 alternative value(s) after excluding the current base configuration value.
[DEBUG]:[09:13:49] Created configuration file for parameter CPXPARAM_MIP_Strategy_Probe with value -1 at /scratch/yorig/mpils-results-grid-seconds-10-4may/easy/1proc/seed-3/3_glass4_seed-3_20260505_091028/expansion/config_param_CPXPARAM_MIP_Strategy_Probe_-1_iter_1.prm
[DEBUG]:[09:13:49] Created configuration file for parameter CPXPARAM_MIP_Strategy_Probe with value 1 at /scratch/yorig/mpils-results-grid-seconds-10-4may/easy/1proc/seed-3/3_glass4_seed-3_20260505_091028/expansion/config_param_CPXPARAM_MIP_Strategy_Probe_1_iter_1.prm
[DEBUG]:[09:13:49] Created configuration file for parameter CPXPARAM_MIP_Strategy_Probe with value 2 at /scratch/yorig/mpils-results-grid-seconds-10-4may/easy/1proc/seed-3/3_glass4_seed-3_20260505_091028/expansion/config_param_CPXPARAM_MIP_Strategy_Probe_2_iter_1.prm
[DEBUG]:[09:13:49] Created configuration file for parameter CPXPARAM_MIP_Strategy_Probe with value 3 at /scratch/yorig/mpils-results-grid-seconds-10-4may/easy/1proc/seed-3/3_glass4_seed-3_20260505_091028/expansion/config_param_CPXPARAM_MIP_Strategy_Probe_3_iter_1.prm
[INFO]:[09:13:49] Creating configurations for parameter: CPXPARAM_MIP_Cuts_Covers
[DEBUG]:[09:13:49] Parameter CPXPARAM_MIP_Cuts_Covers will be evaluated on 4 alternative value(s) after excluding the current base configuration value.
[DEBUG]:[09:13:49] Created configuration file for parameter CPXPARAM_MIP_Cuts_Covers with value -1 at /scratch/yorig/mpils-results-grid-seconds-10-4may/easy/1proc/seed-3/3_glass4_seed-3_20260505_091028/expansion/config_param_CPXPARAM_MIP_Cuts_Covers_-1_iter_1.prm
[DEBUG]:[09:13:49] Created configuration file for parameter CPXPARAM_MIP_Cuts_Covers with value 1 at /scratch/yorig/mpils-results-grid-seconds-10-4may/easy/1proc/seed-3/3_glass4_seed-3_20260505_091028/expansion/config_param_CPXPARAM_MIP_Cuts_Covers_1_iter_1.prm
[DEBUG]:[09:13:49] Created configuration file for parameter CPXPARAM_MIP_Cuts_Covers with value 2 at /scratch/yorig/mpils-results-grid-seconds-10-4may/easy/1proc/seed-3/3_glass4_seed-3_20260505_091028/expansion/config_param_CPXPARAM_MIP_Cuts_Covers_2_iter_1.prm
[DEBUG]:[09:13:49] Created configuration file for parameter CPXPARAM_MIP_Cuts_Covers with value 3 at /scratch/yorig/mpils-results-grid-seconds-10-4may/easy/1proc/seed-3/3_glass4_seed-3_20260505_091028/expansion/config_param_CPXPARAM_MIP_Cuts_Covers_3_iter_1.prm
[INFO]:[09:13:49] Creating configurations for parameter: CPXPARAM_MIP_Strategy_VariableSelect
[DEBUG]:[09:13:49] Parameter CPXPARAM_MIP_Strategy_VariableSelect will be evaluated on 5 alternative value(s) after excluding the current base configuration value.
[DEBUG]:[09:13:49] Created configuration file for parameter CPXPARAM_MIP_Strategy_VariableSelect with value -1 at /scratch/yorig/mpils-results-grid-seconds-10-4may/easy/1proc/seed-3/3_glass4_seed-3_20260505_091028/expansion/config_param_CPXPARAM_MIP_Strategy_VariableSelect_-1_iter_1.prm
[DEBUG]:[09:13:49] Created configuration file for parameter CPXPARAM_MIP_Strategy_VariableSelect with value 1 at /scratch/yorig/mpils-results-grid-seconds-10-4may/easy/1proc/seed-3/3_glass4_seed-3_20260505_091028/expansion/config_param_CPXPARAM_MIP_Strategy_VariableSelect_1_iter_1.prm
[DEBUG]:[09:13:49] Created configuration file for parameter CPXPARAM_MIP_Strategy_VariableSelect with value 2 at /scratch/yorig/mpils-results-grid-seconds-10-4may/easy/1proc/seed-3/3_glass4_seed-3_20260505_091028/expansion/config_param_CPXPARAM_MIP_Strategy_VariableSelect_2_iter_1.prm
[DEBUG]:[09:13:49] Created configuration file for parameter CPXPARAM_MIP_Strategy_VariableSelect with value 3 at /scratch/yorig/mpils-results-grid-seconds-10-4may/easy/1proc/seed-3/3_glass4_seed-3_20260505_091028/expansion/config_param_CPXPARAM_MIP_Strategy_VariableSelect_3_iter_1.prm
[DEBUG]:[09:13:49] Created configuration file for parameter CPXPARAM_MIP_Strategy_VariableSelect with value 4 at /scratch/yorig/mpils-results-grid-seconds-10-4may/easy/1proc/seed-3/3_glass4_seed-3_20260505_091028/expansion/config_param_CPXPARAM_MIP_Strategy_VariableSelect_4_iter_1.prm
[INFO]:[09:13:49] Creating configurations for parameter: CPXPARAM_MIP_Strategy_NodeSelect
[DEBUG]:[09:13:49] Parameter CPXPARAM_MIP_Strategy_NodeSelect will be evaluated on 3 alternative value(s) after excluding the current base configuration value.
[DEBUG]:[09:13:49] Created configuration file for parameter CPXPARAM_MIP_Strategy_NodeSelect with value 0 at /scratch/yorig/mpils-results-grid-seconds-10-4may/easy/1proc/seed-3/3_glass4_seed-3_20260505_091028/expansion/config_param_CPXPARAM_MIP_Strategy_NodeSelect_0_iter_1.prm
[DEBUG]:[09:13:49] Created configuration file for parameter CPXPARAM_MIP_Strategy_NodeSelect with value 2 at /scratch/yorig/mpils-results-grid-seconds-10-4may/easy/1proc/seed-3/3_glass4_seed-3_20260505_091028/expansion/config_param_CPXPARAM_MIP_Strategy_NodeSelect_2_iter_1.prm
[DEBUG]:[09:13:49] Created configuration file for parameter CPXPARAM_MIP_Strategy_NodeSelect with value 3 at /scratch/yorig/mpils-results-grid-seconds-10-4may/easy/1proc/seed-3/3_glass4_seed-3_20260505_091028/expansion/config_param_CPXPARAM_MIP_Strategy_NodeSelect_3_iter_1.prm
[INFO]:[09:13:49] Creating configurations for parameter: CPXPARAM_MIP_Strategy_Dive
[DEBUG]:[09:13:49] Parameter CPXPARAM_MIP_Strategy_Dive will be evaluated on 3 alternative value(s) after excluding the current base configuration value.
[DEBUG]:[09:13:49] Created configuration file for parameter CPXPARAM_MIP_Strategy_Dive with value 1 at /scratch/yorig/mpils-results-grid-seconds-10-4may/easy/1proc/seed-3/3_glass4_seed-3_20260505_091028/expansion/config_param_CPXPARAM_MIP_Strategy_Dive_1_iter_1.prm
[DEBUG]:[09:13:49] Created configuration file for parameter CPXPARAM_MIP_Strategy_Dive with value 2 at /scratch/yorig/mpils-results-grid-seconds-10-4may/easy/1proc/seed-3/3_glass4_seed-3_20260505_091028/expansion/config_param_CPXPARAM_MIP_Strategy_Dive_2_iter_1.prm
[DEBUG]:[09:13:49] Created configuration file for parameter CPXPARAM_MIP_Strategy_Dive with value 3 at /scratch/yorig/mpils-results-grid-seconds-10-4may/easy/1proc/seed-3/3_glass4_seed-3_20260505_091028/expansion/config_param_CPXPARAM_MIP_Strategy_Dive_3_iter_1.prm
[INFO]:[09:13:49] Creating configurations for parameter: CPXPARAM_MIP_Limits_ProbeTime
[DEBUG]:[09:13:49] Parameter CPXPARAM_MIP_Limits_ProbeTime will be evaluated on 12 alternative value(s) after excluding the current base configuration value.
[DEBUG]:[09:13:49] Created configuration file for parameter CPXPARAM_MIP_Limits_ProbeTime with value 0 at /scratch/yorig/mpils-results-grid-seconds-10-4may/easy/1proc/seed-3/3_glass4_seed-3_20260505_091028/expansion/config_param_CPXPARAM_MIP_Limits_ProbeTime_0_iter_1.prm
[DEBUG]:[09:13:49] Created configuration file for parameter CPXPARAM_MIP_Limits_ProbeTime with value 1 at /scratch/yorig/mpils-results-grid-seconds-10-4may/easy/1proc/seed-3/3_glass4_seed-3_20260505_091028/expansion/config_param_CPXPARAM_MIP_Limits_ProbeTime_1_iter_1.prm
[DEBUG]:[09:13:49] Created configuration file for parameter CPXPARAM_MIP_Limits_ProbeTime with value 2 at /scratch/yorig/mpils-results-grid-seconds-10-4may/easy/1proc/seed-3/3_glass4_seed-3_20260505_091028/expansion/config_param_CPXPARAM_MIP_Limits_ProbeTime_2_iter_1.prm
[DEBUG]:[09:13:49] Created configuration file for parameter CPXPARAM_MIP_Limits_ProbeTime with value 5 at /scratch/yorig/mpils-results-grid-seconds-10-4may/easy/1proc/seed-3/3_glass4_seed-3_20260505_091028/expansion/config_param_CPXPARAM_MIP_Limits_ProbeTime_5_iter_1.prm
[DEBUG]:[09:13:49] Created configuration file for parameter CPXPARAM_MIP_Limits_ProbeTime with value 10 at /scratch/yorig/mpils-results-grid-seconds-10-4may/easy/1proc/seed-3/3_glass4_seed-3_20260505_091028/expansion/config_param_CPXPARAM_MIP_Limits_ProbeTime_10_iter_1.prm
[DEBUG]:[09:13:49] Created configuration file for parameter CPXPARAM_MIP_Limits_ProbeTime with value 20 at /scratch/yorig/mpils-results-grid-seconds-10-4may/easy/1proc/seed-3/3_glass4_seed-3_20260505_091028/expansion/config_param_CPXPARAM_MIP_Limits_ProbeTime_20_iter_1.prm
[DEBUG]:[09:13:49] Created configuration file for parameter CPXPARAM_MIP_Limits_ProbeTime with value 30 at /scratch/yorig/mpils-results-grid-seconds-10-4may/easy/1proc/seed-3/3_glass4_seed-3_20260505_091028/expansion/config_param_CPXPARAM_MIP_Limits_ProbeTime_30_iter_1.prm
[DEBUG]:[09:13:49] Created configuration file for parameter CPXPARAM_MIP_Limits_ProbeTime with value 40 at /scratch/yorig/mpils-results-grid-seconds-10-4may/easy/1proc/seed-3/3_glass4_seed-3_20260505_091028/expansion/config_param_CPXPARAM_MIP_Limits_ProbeTime_40_iter_1.prm
[DEBUG]:[09:13:49] Created configuration file for parameter CPXPARAM_MIP_Limits_ProbeTime with value 50 at /scratch/yorig/mpils-results-grid-seconds-10-4may/easy/1proc/seed-3/3_glass4_seed-3_20260505_091028/expansion/config_param_CPXPARAM_MIP_Limits_ProbeTime_50_iter_1.prm
[DEBUG]:[09:13:49] Created configuration file for parameter CPXPARAM_MIP_Limits_ProbeTime with value 60 at /scratch/yorig/mpils-results-grid-seconds-10-4may/easy/1proc/seed-3/3_glass4_seed-3_20260505_091028/expansion/config_param_CPXPARAM_MIP_Limits_ProbeTime_60_iter_1.prm
[DEBUG]:[09:13:49] Created configuration file for parameter CPXPARAM_MIP_Limits_ProbeTime with value 120 at /scratch/yorig/mpils-results-grid-seconds-10-4may/easy/1proc/seed-3/3_glass4_seed-3_20260505_091028/expansion/config_param_CPXPARAM_MIP_Limits_ProbeTime_120_iter_1.prm
[DEBUG]:[09:13:49] Created configuration file for parameter CPXPARAM_MIP_Limits_ProbeTime with value 240 at /scratch/yorig/mpils-results-grid-seconds-10-4may/easy/1proc/seed-3/3_glass4_seed-3_20260505_091028/expansion/config_param_CPXPARAM_MIP_Limits_ProbeTime_240_iter_1.prm
[INFO]:[09:13:49] Creating configurations for parameter: CPXPARAM_MIP_Strategy_RINSHeur
[DEBUG]:[09:13:49] Parameter CPXPARAM_MIP_Strategy_RINSHeur will be evaluated on 8 alternative value(s) after excluding the current base configuration value.
[DEBUG]:[09:13:49] Created configuration file for parameter CPXPARAM_MIP_Strategy_RINSHeur with value -1 at /scratch/yorig/mpils-results-grid-seconds-10-4may/easy/1proc/seed-3/3_glass4_seed-3_20260505_091028/expansion/config_param_CPXPARAM_MIP_Strategy_RINSHeur_-1_iter_1.prm
[DEBUG]:[09:13:49] Created configuration file for parameter CPXPARAM_MIP_Strategy_RINSHeur with value 20 at /scratch/yorig/mpils-results-grid-seconds-10-4may/easy/1proc/seed-3/3_glass4_seed-3_20260505_091028/expansion/config_param_CPXPARAM_MIP_Strategy_RINSHeur_20_iter_1.prm
[DEBUG]:[09:13:49] Created configuration file for parameter CPXPARAM_MIP_Strategy_RINSHeur with value 40 at /scratch/yorig/mpils-results-grid-seconds-10-4may/easy/1proc/seed-3/3_glass4_seed-3_20260505_091028/expansion/config_param_CPXPARAM_MIP_Strategy_RINSHeur_40_iter_1.prm
[DEBUG]:[09:13:49] Created configuration file for parameter CPXPARAM_MIP_Strategy_RINSHeur with value 60 at /scratch/yorig/mpils-results-grid-seconds-10-4may/easy/1proc/seed-3/3_glass4_seed-3_20260505_091028/expansion/config_param_CPXPARAM_MIP_Strategy_RINSHeur_60_iter_1.prm
[DEBUG]:[09:13:49] Created configuration file for parameter CPXPARAM_MIP_Strategy_RINSHeur with value 100 at /scratch/yorig/mpils-results-grid-seconds-10-4may/easy/1proc/seed-3/3_glass4_seed-3_20260505_091028/expansion/config_param_CPXPARAM_MIP_Strategy_RINSHeur_100_iter_1.prm
[DEBUG]:[09:13:49] Created configuration file for parameter CPXPARAM_MIP_Strategy_RINSHeur with value 200 at /scratch/yorig/mpils-results-grid-seconds-10-4may/easy/1proc/seed-3/3_glass4_seed-3_20260505_091028/expansion/config_param_CPXPARAM_MIP_Strategy_RINSHeur_200_iter_1.prm
[DEBUG]:[09:13:49] Created configuration file for parameter CPXPARAM_MIP_Strategy_RINSHeur with value 500 at /scratch/yorig/mpils-results-grid-seconds-10-4may/easy/1proc/seed-3/3_glass4_seed-3_20260505_091028/expansion/config_param_CPXPARAM_MIP_Strategy_RINSHeur_500_iter_1.prm
[DEBUG]:[09:13:49] Created configuration file for parameter CPXPARAM_MIP_Strategy_RINSHeur with value 1000 at /scratch/yorig/mpils-results-grid-seconds-10-4may/easy/1proc/seed-3/3_glass4_seed-3_20260505_091028/expansion/config_param_CPXPARAM_MIP_Strategy_RINSHeur_1000_iter_1.prm
[INFO]:[09:13:49] Creating configurations for parameter: CPXPARAM_MIP_Strategy_BBInterval
[DEBUG]:[09:13:49] Parameter CPXPARAM_MIP_Strategy_BBInterval will be evaluated on 8 alternative value(s) after excluding the current base configuration value.
[DEBUG]:[09:13:49] Created configuration file for parameter CPXPARAM_MIP_Strategy_BBInterval with value 0 at /scratch/yorig/mpils-results-grid-seconds-10-4may/easy/1proc/seed-3/3_glass4_seed-3_20260505_091028/expansion/config_param_CPXPARAM_MIP_Strategy_BBInterval_0_iter_1.prm
[DEBUG]:[09:13:49] Created configuration file for parameter CPXPARAM_MIP_Strategy_BBInterval with value 2 at /scratch/yorig/mpils-results-grid-seconds-10-4may/easy/1proc/seed-3/3_glass4_seed-3_20260505_091028/expansion/config_param_CPXPARAM_MIP_Strategy_BBInterval_2_iter_1.prm
[DEBUG]:[09:13:49] Created configuration file for parameter CPXPARAM_MIP_Strategy_BBInterval with value 3 at /scratch/yorig/mpils-results-grid-seconds-10-4may/easy/1proc/seed-3/3_glass4_seed-3_20260505_091028/expansion/config_param_CPXPARAM_MIP_Strategy_BBInterval_3_iter_1.prm
[DEBUG]:[09:13:49] Created configuration file for parameter CPXPARAM_MIP_Strategy_BBInterval with value 4 at /scratch/yorig/mpils-results-grid-seconds-10-4may/easy/1proc/seed-3/3_glass4_seed-3_20260505_091028/expansion/config_param_CPXPARAM_MIP_Strategy_BBInterval_4_iter_1.prm
[DEBUG]:[09:13:49] Created configuration file for parameter CPXPARAM_MIP_Strategy_BBInterval with value 5 at /scratch/yorig/mpils-results-grid-seconds-10-4may/easy/1proc/seed-3/3_glass4_seed-3_20260505_091028/expansion/config_param_CPXPARAM_MIP_Strategy_BBInterval_5_iter_1.prm
[DEBUG]:[09:13:49] Created configuration file for parameter CPXPARAM_MIP_Strategy_BBInterval with value 10 at /scratch/yorig/mpils-results-grid-seconds-10-4may/easy/1proc/seed-3/3_glass4_seed-3_20260505_091028/expansion/config_param_CPXPARAM_MIP_Strategy_BBInterval_10_iter_1.prm
[DEBUG]:[09:13:49] Created configuration file for parameter CPXPARAM_MIP_Strategy_BBInterval with value 15 at /scratch/yorig/mpils-results-grid-seconds-10-4may/easy/1proc/seed-3/3_glass4_seed-3_20260505_091028/expansion/config_param_CPXPARAM_MIP_Strategy_BBInterval_15_iter_1.prm
[DEBUG]:[09:13:49] Created configuration file for parameter CPXPARAM_MIP_Strategy_BBInterval with value 30 at /scratch/yorig/mpils-results-grid-seconds-10-4may/easy/1proc/seed-3/3_glass4_seed-3_20260505_091028/expansion/config_param_CPXPARAM_MIP_Strategy_BBInterval_30_iter_1.prm
[INFO]:[09:13:49] Creating configurations for parameter: CPXPARAM_MIP_Strategy_Branch
[DEBUG]:[09:13:49] Parameter CPXPARAM_MIP_Strategy_Branch will be evaluated on 2 alternative value(s) after excluding the current base configuration value.
[DEBUG]:[09:13:49] Created configuration file for parameter CPXPARAM_MIP_Strategy_Branch with value -1 at /scratch/yorig/mpils-results-grid-seconds-10-4may/easy/1proc/seed-3/3_glass4_seed-3_20260505_091028/expansion/config_param_CPXPARAM_MIP_Strategy_Branch_-1_iter_1.prm
[DEBUG]:[09:13:49] Created configuration file for parameter CPXPARAM_MIP_Strategy_Branch with value 1 at /scratch/yorig/mpils-results-grid-seconds-10-4may/easy/1proc/seed-3/3_glass4_seed-3_20260505_091028/expansion/config_param_CPXPARAM_MIP_Strategy_Branch_1_iter_1.prm
[INFO]:[09:13:49] Creating configurations for parameter: CPXPARAM_MIP_Limits_CutsFactor
[DEBUG]:[09:13:49] Parameter CPXPARAM_MIP_Limits_CutsFactor will be evaluated on 5 alternative value(s) after excluding the current base configuration value.
[DEBUG]:[09:13:49] Created configuration file for parameter CPXPARAM_MIP_Limits_CutsFactor with value 1 at /scratch/yorig/mpils-results-grid-seconds-10-4may/easy/1proc/seed-3/3_glass4_seed-3_20260505_091028/expansion/config_param_CPXPARAM_MIP_Limits_CutsFactor_1_iter_1.prm
[DEBUG]:[09:13:49] Created configuration file for parameter CPXPARAM_MIP_Limits_CutsFactor with value 2 at /scratch/yorig/mpils-results-grid-seconds-10-4may/easy/1proc/seed-3/3_glass4_seed-3_20260505_091028/expansion/config_param_CPXPARAM_MIP_Limits_CutsFactor_2_iter_1.prm
[DEBUG]:[09:13:49] Created configuration file for parameter CPXPARAM_MIP_Limits_CutsFactor with value 4 at /scratch/yorig/mpils-results-grid-seconds-10-4may/easy/1proc/seed-3/3_glass4_seed-3_20260505_091028/expansion/config_param_CPXPARAM_MIP_Limits_CutsFactor_4_iter_1.prm
[DEBUG]:[09:13:49] Created configuration file for parameter CPXPARAM_MIP_Limits_CutsFactor with value 8 at /scratch/yorig/mpils-results-grid-seconds-10-4may/easy/1proc/seed-3/3_glass4_seed-3_20260505_091028/expansion/config_param_CPXPARAM_MIP_Limits_CutsFactor_8_iter_1.prm
[DEBUG]:[09:13:49] Created configuration file for parameter CPXPARAM_MIP_Limits_CutsFactor with value 16 at /scratch/yorig/mpils-results-grid-seconds-10-4may/easy/1proc/seed-3/3_glass4_seed-3_20260505_091028/expansion/config_param_CPXPARAM_MIP_Limits_CutsFactor_16_iter_1.prm
[INFO]:[09:13:49] Created 54 configuration files for expansion phase at iteration 1.
[INFO]:[09:13:49] Skipped 0 expansion parameter(s) with no alternative value to evaluate.
[INFO]:[09:13:49] Launching Expansion Workers via MPI...
[INFO]:[09:13:49] Expansion Workers launched.
[INFO]:[09:13:49] Evaluating expansion parameters...
[INFO]:[09:13:49] Starting CPLEX solver on instance: /home/yorig/tuner/mpils-tests/instances/miplib/easy/glass4.mps with config: /scratch/yorig/mpils-results-grid-seconds-10-4may/easy/1proc/seed-3/3_glass4_seed-3_20260505_091028/expansion/config_param_CPXPARAM_MIP_Strategy_Probe_-1_iter_1.prm
[INFO]:[09:13:59] CPLEX results. Gap: 32.140000, upper bound: 1400012666.666667, lower bound: 950006758.556216
[INFO]:[09:13:59] CPLEX solver finished. Gap: 32.140000
[INFO]:[09:13:59] Starting CPLEX solver on instance: /home/yorig/tuner/mpils-tests/instances/miplib/easy/glass4.mps with config: /scratch/yorig/mpils-results-grid-seconds-10-4may/easy/1proc/seed-3/3_glass4_seed-3_20260505_091028/expansion/config_param_CPXPARAM_MIP_Strategy_Probe_1_iter_1.prm
[INFO]:[09:14:09] CPLEX results. Gap: 37.500000, upper bound: 1600014000.000007, lower bound: 1000004496.197399
[INFO]:[09:14:09] CPLEX solver finished. Gap: 37.500000
[INFO]:[09:14:09] Starting CPLEX solver on instance: /home/yorig/tuner/mpils-tests/instances/miplib/easy/glass4.mps with config: /scratch/yorig/mpils-results-grid-seconds-10-4may/easy/1proc/seed-3/3_glass4_seed-3_20260505_091028/expansion/config_param_CPXPARAM_MIP_Strategy_Probe_2_iter_1.prm
[INFO]:[09:14:19] CPLEX results. Gap: 31.250000, upper bound: 1600014000.000000, lower bound: 1099932719.816852
[INFO]:[09:14:19] CPLEX solver finished. Gap: 31.250000
[INFO]:[09:14:19] Starting CPLEX solver on instance: /home/yorig/tuner/mpils-tests/instances/miplib/easy/glass4.mps with config: /scratch/yorig/mpils-results-grid-seconds-10-4may/easy/1proc/seed-3/3_glass4_seed-3_20260505_091028/expansion/config_param_CPXPARAM_MIP_Strategy_Probe_3_iter_1.prm
[INFO]:[09:14:29] CPLEX results. Gap: 37.010000, upper bound: 1587515737.500000, lower bound: 999987682.846486
[INFO]:[09:14:29] CPLEX solver finished. Gap: 37.010000
[INFO]:[09:14:29] Starting CPLEX solver on instance: /home/yorig/tuner/mpils-tests/instances/miplib/easy/glass4.mps with config: /scratch/yorig/mpils-results-grid-seconds-10-4may/easy/1proc/seed-3/3_glass4_seed-3_20260505_091028/expansion/config_param_CPXPARAM_MIP_Cuts_Covers_-1_iter_1.prm
[INFO]:[09:14:34] CPLEX results. Gap: 0.010000, upper bound: 1200012600.000000, lower bound: 1199913373.859239
[INFO]:[09:14:34] CPLEX solver finished. Gap: 0.010000
[INFO]:[09:14:34] Expansion early stop triggered by parameter CPXPARAM_MIP_Cuts_Covers with objective value 0.01. Remaining not-yet-evaluated parameters stay residual.
[INFO]:[09:14:34] recordEvaluation produced_mip_start=0 mip_start_file=''
[DEBUG]:[09:14:34] Added evaluation to memory with objective: 32.14, ConfigId: 5099030128268673919, EvalId: 21. Total evaluations stored: 21
[INFO]:[09:14:34] recordEvaluation produced_mip_start=0 mip_start_file=''
[DEBUG]:[09:14:34] Added evaluation to memory with objective: 37.5, ConfigId: 14757858121803224816, EvalId: 22. Total evaluations stored: 22
[INFO]:[09:14:34] recordEvaluation produced_mip_start=0 mip_start_file=''
[DEBUG]:[09:14:34] Added evaluation to memory with objective: 31.25, ConfigId: 6069032950811566696, EvalId: 23. Total evaluations stored: 23
[INFO]:[09:14:34] recordEvaluation produced_mip_start=0 mip_start_file=''
[DEBUG]:[09:14:34] Added evaluation to memory with objective: 37.01, ConfigId: 2234639263023243623, EvalId: 24. Total evaluations stored: 24
[INFO]:[09:14:34] recordEvaluation produced_mip_start=0 mip_start_file=''
[INFO]:[09:14:34] ***************
[INFO]:[09:14:34] New best evaluation without MIP start found at time 245s, with objective 0.01 and configuration ID 8155642828425002608
[INFO]:[09:14:34] With config: 8155642828425002608 -> 
Configuration: CPXPARAM_Advance=1 CPXPARAM_Barrier_Algorithm=0 CPXPARAM_Barrier_ColNonzeros=0 CPXPARAM_Barrier_Crossover=0 CPXPARAM_Barrier_Limits_Corrections=-1 CPXPARAM_Barrier_Ordering=0 CPXPARAM_Barrier_StartAlg=1 CPXPARAM_Emphasis_MIP=0 CPXPARAM_Emphasis_Memory=0 CPXPARAM_Emphasis_Numerical=0 CPXPARAM_Feasopt_Mode=0 CPXPARAM_LPMethod=0 CPXPARAM_MIP_Cuts_Cliques=0 CPXPARAM_MIP_Cuts_Covers=-1 CPXPARAM_MIP_Cuts_Disjunctive=0 CPXPARAM_MIP_Cuts_FlowCovers=0 CPXPARAM_MIP_Cuts_GUBCovers=0 CPXPARAM_MIP_Cuts_Gomory=0 CPXPARAM_MIP_Cuts_Implied=0 CPXPARAM_MIP_Cuts_MIRCut=0 CPXPARAM_MIP_Cuts_PathCut=0 CPXPARAM_MIP_Limits_AggForCut=3 CPXPARAM_MIP_Limits_CutPasses=0 CPXPARAM_MIP_Limits_CutsFactor=-1 CPXPARAM_MIP_Limits_GomoryCand=10 CPXPARAM_MIP_Limits_GomoryPass=0 CPXPARAM_MIP_Limits_Nodes=9223372036800000000 CPXPARAM_MIP_Limits_ProbeTime=1e+75 CPXPARAM_MIP_Limits_RepairTries=0 CPXPARAM_MIP_Limits_StrongCand=10 CPXPARAM_MIP_Limits_StrongIt=0 CPXPARAM_MIP_OrderType=0 CPXPARAM_MIP_Strategy_BBInterval=7 CPXPARAM_MIP_Strategy_Branch=0 CPXPARAM_MIP_Strategy_Dive=0 CPXPARAM_MIP_Strategy_File=1 CPXPARAM_MIP_Strategy_HeuristicFreq=0 CPXPARAM_MIP_Strategy_LBHeur=0 CPXPARAM_MIP_Strategy_NodeSelect=1 CPXPARAM_MIP_Strategy_Order=1 CPXPARAM_MIP_Strategy_PresolveNode=0 CPXPARAM_MIP_Strategy_Probe=0 CPXPARAM_MIP_Strategy_RINSHeur=0 CPXPARAM_MIP_Strategy_StartAlgorithm=0 CPXPARAM_MIP_Strategy_SubAlgorithm=0 CPXPARAM_MIP_Strategy_VariableSelect=0 CPXPARAM_Network_NetFind=2 CPXPARAM_Network_Pricing=0 CPXPARAM_Parallel=1 CPXPARAM_Preprocessing_Aggregator=-1 CPXPARAM_Preprocessing_BoundStrength=-1 CPXPARAM_Preprocessing_CoeffReduce=-1 CPXPARAM_Preprocessing_Dependency=-1 CPXPARAM_Preprocessing_Dual=0 CPXPARAM_Preprocessing_Fill=10 CPXPARAM_Preprocessing_NumPass=-1 CPXPARAM_Preprocessing_Presolve=1 CPXPARAM_Preprocessing_QPMakePSD=1 CPXPARAM_Preprocessing_Reduce=3 CPXPARAM_Preprocessing_Relax=-1 CPXPARAM_Preprocessing_RepeatPresolve=-1 CPXPARAM_Preprocessing_Symmetry=-1 CPXPARAM_Read_Scale=0 CPXPARAM_Sifting_Algorithm=0 CPXPARAM_Simplex_Crash=1 CPXPARAM_Simplex_DGradient=0 CPXPARAM_Simplex_Limits_Perturbation=0 CPXPARAM_Simplex_Limits_Singularity=10 CPXPARAM_Simplex_PGradient=0 CPXPARAM_Simplex_Pricing=0 CPXPARAM_Simplex_Refactor=0 | MIP Start: No 
[INFO]:[09:14:34] ***************
[DEBUG]:[09:14:34] Added evaluation to memory with objective: 0.01, ConfigId: 8155642828425002608, EvalId: 25. Total evaluations stored: 25
[INFO]:[09:14:34] Waiting for Expansion Workers via MPI...
[INFO]:[09:14:34] Expansion Workers have completed.
[INFO]:[09:14:34] Evaluated expansion parameters: 2
[INFO]:[09:14:34] Classifying expansion parameters...
[DEBUG]:[09:14:34] Parameter CPXPARAM_MIP_Strategy_Probe valid evaluations: 4, invalid evaluations: 0, c_p: 31.25, s_p: 30.3627, selected_stage_1: No, discarded_by_threshold: No
[DEBUG]:[09:14:34] Parameter CPXPARAM_MIP_Cuts_Covers valid evaluations: 1, invalid evaluations: 0, c_p: 0.01, s_p: 0, selected_stage_1: Yes, discarded_by_threshold: No
[DEBUG]:[09:14:34] Parameter CPXPARAM_MIP_Strategy_Probe metrics - c_p: 31.25, s_p: 30.3627, selected_stage_1: No, discarded_by_threshold: No, dominated: No
[DEBUG]:[09:14:34] Parameter CPXPARAM_MIP_Cuts_Covers metrics - c_p: 0.01, s_p: 0, selected_stage_1: Yes, discarded_by_threshold: No, dominated: No
[INFO]:[09:14:34] Updating parameter flags based on classification...
[INFO]:[09:14:34] Parameter CPXPARAM_MIP_Strategy_Probe selected for tuning.
[INFO]:[09:14:34] Parameter CPXPARAM_MIP_Cuts_Covers selected for tuning.
[DEBUG]:[09:14:34] Classified parameters at iteration 1 - To Select: 2, To Discard: 0
[DEBUG]:[09:14:34] Parameter: CPXPARAM_MIP_Strategy_Probe, To Select: Yes, To Discard: No
[DEBUG]:[09:14:34] Parameter: CPXPARAM_MIP_Cuts_Covers, To Select: Yes, To Discard: No
[INFO]:[09:14:34] Added 5 evaluations to memory from expansion phase at iteration 1
[INFO]:[09:14:34] Expansion phase completed.
[INFO]:[09:14:34] Starting pruning phase...
[INFO]:[09:14:34] Writing learner file for pruning phase: /scratch/yorig/mpils-results-grid-seconds-10-4may/easy/1proc/seed-3/3_glass4_seed-3_20260505_091028/pruning/input/learner_file_1.txt
[INFO]:[09:14:34] Learner file written successfully: /scratch/yorig/mpils-results-grid-seconds-10-4may/easy/1proc/seed-3/3_glass4_seed-3_20260505_091028/pruning/input/learner_file_1.txt
[INFO]:[09:14:34] Extracting forbidden tuples from memory...
[INFO]:[09:14:34] Redirecting learner stdout/stderr to: /scratch/yorig/mpils-results-grid-seconds-10-4may/easy/1proc/seed-3/3_glass4_seed-3_20260505_091028/pruning/learner_iteration_1.log
[INFO]:[09:14:34] Forbidden tuples extracted: 3
[INFO]:[09:14:34] Applying pruning with 3 forbidden tuples...
[DEBUG]:[09:14:34] Adding forbidden value from single-element tuple: CPXPARAM_MIP_Cuts_Covers=0
[DEBUG]:[09:14:34] Adding forbidden value from single-element tuple: CPXPARAM_MIP_Cuts_MIRCut=2
[DEBUG]:[09:14:34] Adding forbidden tuple of size 2: 
[DEBUG]:[09:14:34]   CPXPARAM_MIP_Cuts_Covers=0
[DEBUG]:[09:14:34]   CPXPARAM_MIP_Cuts_MIRCut=2
[INFO]:[09:14:34] Pruning applied successfully.
[INFO]:[09:14:34] Pruning phase completed.
[INFO]:[09:14:34] Completed iteration 1
[INFO]:[09:14:34] Starting iteration 2
[INFO]:[09:14:34] Starting exploration phase...
[INFO]:[09:14:34] Selecting number of evaluations for tuning phase...
[INFO]:[09:14:34] Selecting initial configurations for tuning phase...
[INFO]:[09:14:34] Using best exploration configuration without MIP start as ILS initial configuration.
[INFO]:[09:14:34] Number of evaluations for this tuning phase: 6
[INFO]:[09:14:34] ILS shared cache is disabled for this exploration phase.
[INFO]:[09:14:34] Local search backend for this exploration phase: iterated_local_search
[INFO]:[09:14:34] Running IteratedLocalSearch Engine...
[INFO]:[09:14:34] Mip start is disabled for this iteration.
[INFO]:[09:14:34] Writing ILS search space file for worker 0...
[INFO]:[09:14:34] Warning: Initial value for parameter CPXPARAM_MIP_Cuts_Covers is forbidden. So unforbidden it for the ILS initial configuration at iteration 2.
[INFO]:[09:14:34] ILS search space file written: /scratch/yorig/mpils-results-grid-seconds-10-4may/easy/1proc/seed-3/3_glass4_seed-3_20260505_091028/iterated_local_search/search_space/search_space_file_2.txt
[INFO]:[09:14:34] Launching Local Search Workers via MPI...
[INFO]:[09:14:34] Local Search Workers launched.
[INFO]:[09:14:34] Starting local search phase...
[INFO]:[09:14:34] Creating local search space from parameter space file: /scratch/yorig/mpils-results-grid-seconds-10-4may/easy/1proc/seed-3/3_glass4_seed-3_20260505_091028/iterated_local_search/search_space/search_space_file_2.txt
[INFO]:[09:14:34] Local search space loaded from file: /scratch/yorig/mpils-results-grid-seconds-10-4may/easy/1proc/seed-3/3_glass4_seed-3_20260505_091028/iterated_local_search/search_space/search_space_file_2.txt
[INFO]:[09:14:34] Number of parameters in local search space: 71
[INFO]:[09:14:34] Number of forbidden tuples in local search space: 1
[INFO]:[09:14:34] Number of conditionals in local search space: 6
[INFO]:[09:14:34] MIP start option not enabled. Local search will proceed without MIP start.
[INFO]:[09:14:34] Seeded initial configuration into local search cache with known objective value: 8.33
[INFO]:[09:14:34] Initial configuration already available in local search memory with objective value: 8.33
[INFO]:[09:14:34] Starting CPLEX solver on instance: /home/yorig/tuner/mpils-tests/instances/miplib/easy/glass4.mps with config: /scratch/yorig/mpils-results-grid-seconds-10-4may/easy/1proc/seed-3/3_glass4_seed-3_20260505_091028/iterated_local_search/run_2_worker_0/ils_config_15073294791749255451.prm
[INFO]:[09:14:34] Starting CPLEX solver on instance: /home/yorig/tuner/mpils-tests/instances/miplib/easy/glass4.mps with config: /scratch/yorig/mpils-results-grid-seconds-10-4may/easy/1proc/seed-3/3_glass4_seed-3_20260505_091028/iterated_local_search/run_2_worker_0/ils_config_15073294791749255451.prm
[INFO]:[09:14:44] CPLEX results. Gap: 33.330000, upper bound: 1500012650.000000, lower bound: 1000006377.443912
[INFO]:[09:14:44] CPLEX solver finished. Gap: 33.330000
[INFO]:[09:14:44] Starting CPLEX solver on instance: /home/yorig/tuner/mpils-tests/instances/miplib/easy/glass4.mps with config: /scratch/yorig/mpils-results-grid-seconds-10-4may/easy/1proc/seed-3/3_glass4_seed-3_20260505_091028/iterated_local_search/run_2_worker_0/ils_config_16275269842957739503.prm
[INFO]:[09:14:44] Starting CPLEX solver on instance: /home/yorig/tuner/mpils-tests/instances/miplib/easy/glass4.mps with config: /scratch/yorig/mpils-results-grid-seconds-10-4may/easy/1proc/seed-3/3_glass4_seed-3_20260505_091028/iterated_local_search/run_2_worker_0/ils_config_16275269842957739503.prm
[INFO]:[09:14:54] CPLEX results. Gap: 43.750000, upper bound: 1600013433.333333, lower bound: 900007590.000130
[INFO]:[09:14:55] CPLEX solver finished. Gap: 43.750000
[INFO]:[09:14:55] Starting CPLEX solver on instance: /home/yorig/tuner/mpils-tests/instances/miplib/easy/glass4.mps with config: /scratch/yorig/mpils-results-grid-seconds-10-4may/easy/1proc/seed-3/3_glass4_seed-3_20260505_091028/iterated_local_search/run_2_worker_0/ils_config_6838844788440412698.prm
[INFO]:[09:14:55] Starting CPLEX solver on instance: /home/yorig/tuner/mpils-tests/instances/miplib/easy/glass4.mps with config: /scratch/yorig/mpils-results-grid-seconds-10-4may/easy/1proc/seed-3/3_glass4_seed-3_20260505_091028/iterated_local_search/run_2_worker_0/ils_config_6838844788440412698.prm
[INFO]:[09:15:05] CPLEX results. Gap: 31.850000, upper bound: 1550014550.000001, lower bound: 1056348956.102817
[INFO]:[09:15:05] CPLEX solver finished. Gap: 31.850000
[INFO]:[09:15:05] Starting CPLEX solver on instance: /home/yorig/tuner/mpils-tests/instances/miplib/easy/glass4.mps with config: /scratch/yorig/mpils-results-grid-seconds-10-4may/easy/1proc/seed-3/3_glass4_seed-3_20260505_091028/iterated_local_search/run_2_worker_0/ils_config_17024471711389641325.prm
[INFO]:[09:15:05] Starting CPLEX solver on instance: /home/yorig/tuner/mpils-tests/instances/miplib/easy/glass4.mps with config: /scratch/yorig/mpils-results-grid-seconds-10-4may/easy/1proc/seed-3/3_glass4_seed-3_20260505_091028/iterated_local_search/run_2_worker_0/ils_config_17024471711389641325.prm
[INFO]:[09:15:15] CPLEX results. Gap: 21.430000, upper bound: 1400013100.000000, lower bound: 1100006627.943845
[INFO]:[09:15:15] CPLEX solver finished. Gap: 21.430000
[INFO]:[09:15:15] Starting CPLEX solver on instance: /home/yorig/tuner/mpils-tests/instances/miplib/easy/glass4.mps with config: /scratch/yorig/mpils-results-grid-seconds-10-4may/easy/1proc/seed-3/3_glass4_seed-3_20260505_091028/iterated_local_search/run_2_worker_0/ils_config_7654593077812284781.prm
[INFO]:[09:15:15] Starting CPLEX solver on instance: /home/yorig/tuner/mpils-tests/instances/miplib/easy/glass4.mps with config: /scratch/yorig/mpils-results-grid-seconds-10-4may/easy/1proc/seed-3/3_glass4_seed-3_20260505_091028/iterated_local_search/run_2_worker_0/ils_config_7654593077812284781.prm
[INFO]:[09:15:25] CPLEX results. Gap: 21.430000, upper bound: 1400013100.000000, lower bound: 1100006594.913224
[INFO]:[09:15:25] CPLEX solver finished. Gap: 21.430000
[INFO]:[09:15:25] Starting CPLEX solver on instance: /home/yorig/tuner/mpils-tests/instances/miplib/easy/glass4.mps with config: /scratch/yorig/mpils-results-grid-seconds-10-4may/easy/1proc/seed-3/3_glass4_seed-3_20260505_091028/iterated_local_search/run_2_worker_0/ils_config_3895283216737288575.prm
[INFO]:[09:15:25] Starting CPLEX solver on instance: /home/yorig/tuner/mpils-tests/instances/miplib/easy/glass4.mps with config: /scratch/yorig/mpils-results-grid-seconds-10-4may/easy/1proc/seed-3/3_glass4_seed-3_20260505_091028/iterated_local_search/run_2_worker_0/ils_config_3895283216737288575.prm
[INFO]:[09:15:35] CPLEX results. Gap: 30.240000, upper bound: 1433345533.333000, lower bound: 999959206.482876
[INFO]:[09:15:35] CPLEX solver finished. Gap: 30.240000
[INFO]:[09:15:35] Local search phase completed.
[INFO]:[09:15:35] Total number of new local-search evaluations: 6
[INFO]:[09:15:35] Final incumbent objective value: 8.33
[INFO]:[09:15:35] recordEvaluation produced_mip_start=0 mip_start_file=''
[DEBUG]:[09:15:35] Added evaluation to memory with objective: 33.33, ConfigId: 15073294791749255451, EvalId: 26. Total evaluations stored: 26
[INFO]:[09:15:35] recordEvaluation produced_mip_start=0 mip_start_file=''
[DEBUG]:[09:15:35] Added evaluation to memory with objective: 43.75, ConfigId: 16275269842957739503, EvalId: 27. Total evaluations stored: 27
[INFO]:[09:15:35] recordEvaluation produced_mip_start=0 mip_start_file=''
[DEBUG]:[09:15:35] Added evaluation to memory with objective: 31.85, ConfigId: 6838844788440412698, EvalId: 28. Total evaluations stored: 28
[INFO]:[09:15:35] recordEvaluation produced_mip_start=0 mip_start_file=''
[DEBUG]:[09:15:35] Added evaluation to memory with objective: 21.43, ConfigId: 17024471711389641325, EvalId: 29. Total evaluations stored: 29
[INFO]:[09:15:35] recordEvaluation produced_mip_start=0 mip_start_file=''
[DEBUG]:[09:15:35] Added evaluation to memory with objective: 21.43, ConfigId: 7654593077812284781, EvalId: 30. Total evaluations stored: 30
[INFO]:[09:15:35] recordEvaluation produced_mip_start=0 mip_start_file=''
[DEBUG]:[09:15:35] Added evaluation to memory with objective: 30.24, ConfigId: 3895283216737288575, EvalId: 31. Total evaluations stored: 31
[INFO]:[09:15:35] Waiting for Local Search Workers via MPI...
[INFO]:[09:15:35] Local Search Workers have completed.
[INFO]:[09:15:35] IteratedLocalSearch Engine completed.
[INFO]:[09:15:35] Added6 evaluations to memory from exploration phase at iteration 2
[INFO]:[09:15:35] Exploration phase completed.
[INFO]:[09:15:35] Starting expansion phase...
[INFO]:[09:15:35] Selecting parameters for expansion phase...
[INFO]:[09:15:35] Selected expansion parameters: 10
[INFO]:[09:15:35] Creating configuration files for expansion parameters...
[INFO]:[09:15:35] Creating configurations for parameter: CPXPARAM_MIP_Strategy_VariableSelect
[DEBUG]:[09:15:35] Parameter CPXPARAM_MIP_Strategy_VariableSelect will be evaluated on 5 alternative value(s) after excluding the current base configuration value.
[DEBUG]:[09:15:35] Created configuration file for parameter CPXPARAM_MIP_Strategy_VariableSelect with value -1 at /scratch/yorig/mpils-results-grid-seconds-10-4may/easy/1proc/seed-3/3_glass4_seed-3_20260505_091028/expansion/config_param_CPXPARAM_MIP_Strategy_VariableSelect_-1_iter_2.prm
[DEBUG]:[09:15:35] Created configuration file for parameter CPXPARAM_MIP_Strategy_VariableSelect with value 1 at /scratch/yorig/mpils-results-grid-seconds-10-4may/easy/1proc/seed-3/3_glass4_seed-3_20260505_091028/expansion/config_param_CPXPARAM_MIP_Strategy_VariableSelect_1_iter_2.prm
[DEBUG]:[09:15:35] Created configuration file for parameter CPXPARAM_MIP_Strategy_VariableSelect with value 2 at /scratch/yorig/mpils-results-grid-seconds-10-4may/easy/1proc/seed-3/3_glass4_seed-3_20260505_091028/expansion/config_param_CPXPARAM_MIP_Strategy_VariableSelect_2_iter_2.prm
[DEBUG]:[09:15:35] Created configuration file for parameter CPXPARAM_MIP_Strategy_VariableSelect with value 3 at /scratch/yorig/mpils-results-grid-seconds-10-4may/easy/1proc/seed-3/3_glass4_seed-3_20260505_091028/expansion/config_param_CPXPARAM_MIP_Strategy_VariableSelect_3_iter_2.prm
[DEBUG]:[09:15:35] Created configuration file for parameter CPXPARAM_MIP_Strategy_VariableSelect with value 4 at /scratch/yorig/mpils-results-grid-seconds-10-4may/easy/1proc/seed-3/3_glass4_seed-3_20260505_091028/expansion/config_param_CPXPARAM_MIP_Strategy_VariableSelect_4_iter_2.prm
[INFO]:[09:15:35] Creating configurations for parameter: CPXPARAM_MIP_Strategy_NodeSelect
[DEBUG]:[09:15:35] Parameter CPXPARAM_MIP_Strategy_NodeSelect will be evaluated on 3 alternative value(s) after excluding the current base configuration value.
[DEBUG]:[09:15:35] Created configuration file for parameter CPXPARAM_MIP_Strategy_NodeSelect with value 0 at /scratch/yorig/mpils-results-grid-seconds-10-4may/easy/1proc/seed-3/3_glass4_seed-3_20260505_091028/expansion/config_param_CPXPARAM_MIP_Strategy_NodeSelect_0_iter_2.prm
[DEBUG]:[09:15:35] Created configuration file for parameter CPXPARAM_MIP_Strategy_NodeSelect with value 2 at /scratch/yorig/mpils-results-grid-seconds-10-4may/easy/1proc/seed-3/3_glass4_seed-3_20260505_091028/expansion/config_param_CPXPARAM_MIP_Strategy_NodeSelect_2_iter_2.prm
[DEBUG]:[09:15:35] Created configuration file for parameter CPXPARAM_MIP_Strategy_NodeSelect with value 3 at /scratch/yorig/mpils-results-grid-seconds-10-4may/easy/1proc/seed-3/3_glass4_seed-3_20260505_091028/expansion/config_param_CPXPARAM_MIP_Strategy_NodeSelect_3_iter_2.prm
[INFO]:[09:15:35] Creating configurations for parameter: CPXPARAM_MIP_Strategy_Dive
[DEBUG]:[09:15:35] Parameter CPXPARAM_MIP_Strategy_Dive will be evaluated on 3 alternative value(s) after excluding the current base configuration value.
[DEBUG]:[09:15:35] Created configuration file for parameter CPXPARAM_MIP_Strategy_Dive with value 1 at /scratch/yorig/mpils-results-grid-seconds-10-4may/easy/1proc/seed-3/3_glass4_seed-3_20260505_091028/expansion/config_param_CPXPARAM_MIP_Strategy_Dive_1_iter_2.prm
[DEBUG]:[09:15:35] Created configuration file for parameter CPXPARAM_MIP_Strategy_Dive with value 2 at /scratch/yorig/mpils-results-grid-seconds-10-4may/easy/1proc/seed-3/3_glass4_seed-3_20260505_091028/expansion/config_param_CPXPARAM_MIP_Strategy_Dive_2_iter_2.prm
[DEBUG]:[09:15:35] Created configuration file for parameter CPXPARAM_MIP_Strategy_Dive with value 3 at /scratch/yorig/mpils-results-grid-seconds-10-4may/easy/1proc/seed-3/3_glass4_seed-3_20260505_091028/expansion/config_param_CPXPARAM_MIP_Strategy_Dive_3_iter_2.prm
[INFO]:[09:15:35] Creating configurations for parameter: CPXPARAM_MIP_Limits_ProbeTime
[DEBUG]:[09:15:35] Parameter CPXPARAM_MIP_Limits_ProbeTime will be evaluated on 12 alternative value(s) after excluding the current base configuration value.
[DEBUG]:[09:15:35] Created configuration file for parameter CPXPARAM_MIP_Limits_ProbeTime with value 0 at /scratch/yorig/mpils-results-grid-seconds-10-4may/easy/1proc/seed-3/3_glass4_seed-3_20260505_091028/expansion/config_param_CPXPARAM_MIP_Limits_ProbeTime_0_iter_2.prm
[DEBUG]:[09:15:35] Created configuration file for parameter CPXPARAM_MIP_Limits_ProbeTime with value 1 at /scratch/yorig/mpils-results-grid-seconds-10-4may/easy/1proc/seed-3/3_glass4_seed-3_20260505_091028/expansion/config_param_CPXPARAM_MIP_Limits_ProbeTime_1_iter_2.prm
[DEBUG]:[09:15:35] Created configuration file for parameter CPXPARAM_MIP_Limits_ProbeTime with value 2 at /scratch/yorig/mpils-results-grid-seconds-10-4may/easy/1proc/seed-3/3_glass4_seed-3_20260505_091028/expansion/config_param_CPXPARAM_MIP_Limits_ProbeTime_2_iter_2.prm
[DEBUG]:[09:15:35] Created configuration file for parameter CPXPARAM_MIP_Limits_ProbeTime with value 5 at /scratch/yorig/mpils-results-grid-seconds-10-4may/easy/1proc/seed-3/3_glass4_seed-3_20260505_091028/expansion/config_param_CPXPARAM_MIP_Limits_ProbeTime_5_iter_2.prm
[DEBUG]:[09:15:35] Created configuration file for parameter CPXPARAM_MIP_Limits_ProbeTime with value 10 at /scratch/yorig/mpils-results-grid-seconds-10-4may/easy/1proc/seed-3/3_glass4_seed-3_20260505_091028/expansion/config_param_CPXPARAM_MIP_Limits_ProbeTime_10_iter_2.prm
[DEBUG]:[09:15:35] Created configuration file for parameter CPXPARAM_MIP_Limits_ProbeTime with value 20 at /scratch/yorig/mpils-results-grid-seconds-10-4may/easy/1proc/seed-3/3_glass4_seed-3_20260505_091028/expansion/config_param_CPXPARAM_MIP_Limits_ProbeTime_20_iter_2.prm
[DEBUG]:[09:15:35] Created configuration file for parameter CPXPARAM_MIP_Limits_ProbeTime with value 30 at /scratch/yorig/mpils-results-grid-seconds-10-4may/easy/1proc/seed-3/3_glass4_seed-3_20260505_091028/expansion/config_param_CPXPARAM_MIP_Limits_ProbeTime_30_iter_2.prm
[DEBUG]:[09:15:35] Created configuration file for parameter CPXPARAM_MIP_Limits_ProbeTime with value 40 at /scratch/yorig/mpils-results-grid-seconds-10-4may/easy/1proc/seed-3/3_glass4_seed-3_20260505_091028/expansion/config_param_CPXPARAM_MIP_Limits_ProbeTime_40_iter_2.prm
[DEBUG]:[09:15:35] Created configuration file for parameter CPXPARAM_MIP_Limits_ProbeTime with value 50 at /scratch/yorig/mpils-results-grid-seconds-10-4may/easy/1proc/seed-3/3_glass4_seed-3_20260505_091028/expansion/config_param_CPXPARAM_MIP_Limits_ProbeTime_50_iter_2.prm
[DEBUG]:[09:15:35] Created configuration file for parameter CPXPARAM_MIP_Limits_ProbeTime with value 60 at /scratch/yorig/mpils-results-grid-seconds-10-4may/easy/1proc/seed-3/3_glass4_seed-3_20260505_091028/expansion/config_param_CPXPARAM_MIP_Limits_ProbeTime_60_iter_2.prm
[DEBUG]:[09:15:35] Created configuration file for parameter CPXPARAM_MIP_Limits_ProbeTime with value 120 at /scratch/yorig/mpils-results-grid-seconds-10-4may/easy/1proc/seed-3/3_glass4_seed-3_20260505_091028/expansion/config_param_CPXPARAM_MIP_Limits_ProbeTime_120_iter_2.prm
[DEBUG]:[09:15:35] Created configuration file for parameter CPXPARAM_MIP_Limits_ProbeTime with value 240 at /scratch/yorig/mpils-results-grid-seconds-10-4may/easy/1proc/seed-3/3_glass4_seed-3_20260505_091028/expansion/config_param_CPXPARAM_MIP_Limits_ProbeTime_240_iter_2.prm
[INFO]:[09:15:35] Creating configurations for parameter: CPXPARAM_MIP_Strategy_RINSHeur
[DEBUG]:[09:15:35] Parameter CPXPARAM_MIP_Strategy_RINSHeur will be evaluated on 8 alternative value(s) after excluding the current base configuration value.
[DEBUG]:[09:15:35] Created configuration file for parameter CPXPARAM_MIP_Strategy_RINSHeur with value -1 at /scratch/yorig/mpils-results-grid-seconds-10-4may/easy/1proc/seed-3/3_glass4_seed-3_20260505_091028/expansion/config_param_CPXPARAM_MIP_Strategy_RINSHeur_-1_iter_2.prm
[DEBUG]:[09:15:35] Created configuration file for parameter CPXPARAM_MIP_Strategy_RINSHeur with value 20 at /scratch/yorig/mpils-results-grid-seconds-10-4may/easy/1proc/seed-3/3_glass4_seed-3_20260505_091028/expansion/config_param_CPXPARAM_MIP_Strategy_RINSHeur_20_iter_2.prm
[DEBUG]:[09:15:35] Created configuration file for parameter CPXPARAM_MIP_Strategy_RINSHeur with value 40 at /scratch/yorig/mpils-results-grid-seconds-10-4may/easy/1proc/seed-3/3_glass4_seed-3_20260505_091028/expansion/config_param_CPXPARAM_MIP_Strategy_RINSHeur_40_iter_2.prm
[DEBUG]:[09:15:35] Created configuration file for parameter CPXPARAM_MIP_Strategy_RINSHeur with value 60 at /scratch/yorig/mpils-results-grid-seconds-10-4may/easy/1proc/seed-3/3_glass4_seed-3_20260505_091028/expansion/config_param_CPXPARAM_MIP_Strategy_RINSHeur_60_iter_2.prm
[DEBUG]:[09:15:35] Created configuration file for parameter CPXPARAM_MIP_Strategy_RINSHeur with value 100 at /scratch/yorig/mpils-results-grid-seconds-10-4may/easy/1proc/seed-3/3_glass4_seed-3_20260505_091028/expansion/config_param_CPXPARAM_MIP_Strategy_RINSHeur_100_iter_2.prm
[DEBUG]:[09:15:35] Created configuration file for parameter CPXPARAM_MIP_Strategy_RINSHeur with value 200 at /scratch/yorig/mpils-results-grid-seconds-10-4may/easy/1proc/seed-3/3_glass4_seed-3_20260505_091028/expansion/config_param_CPXPARAM_MIP_Strategy_RINSHeur_200_iter_2.prm
[DEBUG]:[09:15:35] Created configuration file for parameter CPXPARAM_MIP_Strategy_RINSHeur with value 500 at /scratch/yorig/mpils-results-grid-seconds-10-4may/easy/1proc/seed-3/3_glass4_seed-3_20260505_091028/expansion/config_param_CPXPARAM_MIP_Strategy_RINSHeur_500_iter_2.prm
[DEBUG]:[09:15:35] Created configuration file for parameter CPXPARAM_MIP_Strategy_RINSHeur with value 1000 at /scratch/yorig/mpils-results-grid-seconds-10-4may/easy/1proc/seed-3/3_glass4_seed-3_20260505_091028/expansion/config_param_CPXPARAM_MIP_Strategy_RINSHeur_1000_iter_2.prm
[INFO]:[09:15:35] Creating configurations for parameter: CPXPARAM_MIP_Strategy_BBInterval
[DEBUG]:[09:15:35] Parameter CPXPARAM_MIP_Strategy_BBInterval will be evaluated on 8 alternative value(s) after excluding the current base configuration value.
[DEBUG]:[09:15:35] Created configuration file for parameter CPXPARAM_MIP_Strategy_BBInterval with value 0 at /scratch/yorig/mpils-results-grid-seconds-10-4may/easy/1proc/seed-3/3_glass4_seed-3_20260505_091028/expansion/config_param_CPXPARAM_MIP_Strategy_BBInterval_0_iter_2.prm
[DEBUG]:[09:15:35] Created configuration file for parameter CPXPARAM_MIP_Strategy_BBInterval with value 2 at /scratch/yorig/mpils-results-grid-seconds-10-4may/easy/1proc/seed-3/3_glass4_seed-3_20260505_091028/expansion/config_param_CPXPARAM_MIP_Strategy_BBInterval_2_iter_2.prm
[DEBUG]:[09:15:35] Created configuration file for parameter CPXPARAM_MIP_Strategy_BBInterval with value 3 at /scratch/yorig/mpils-results-grid-seconds-10-4may/easy/1proc/seed-3/3_glass4_seed-3_20260505_091028/expansion/config_param_CPXPARAM_MIP_Strategy_BBInterval_3_iter_2.prm
[DEBUG]:[09:15:35] Created configuration file for parameter CPXPARAM_MIP_Strategy_BBInterval with value 4 at /scratch/yorig/mpils-results-grid-seconds-10-4may/easy/1proc/seed-3/3_glass4_seed-3_20260505_091028/expansion/config_param_CPXPARAM_MIP_Strategy_BBInterval_4_iter_2.prm
[DEBUG]:[09:15:35] Created configuration file for parameter CPXPARAM_MIP_Strategy_BBInterval with value 5 at /scratch/yorig/mpils-results-grid-seconds-10-4may/easy/1proc/seed-3/3_glass4_seed-3_20260505_091028/expansion/config_param_CPXPARAM_MIP_Strategy_BBInterval_5_iter_2.prm
[DEBUG]:[09:15:35] Created configuration file for parameter CPXPARAM_MIP_Strategy_BBInterval with value 10 at /scratch/yorig/mpils-results-grid-seconds-10-4may/easy/1proc/seed-3/3_glass4_seed-3_20260505_091028/expansion/config_param_CPXPARAM_MIP_Strategy_BBInterval_10_iter_2.prm
[DEBUG]:[09:15:35] Created configuration file for parameter CPXPARAM_MIP_Strategy_BBInterval with value 15 at /scratch/yorig/mpils-results-grid-seconds-10-4may/easy/1proc/seed-3/3_glass4_seed-3_20260505_091028/expansion/config_param_CPXPARAM_MIP_Strategy_BBInterval_15_iter_2.prm
[DEBUG]:[09:15:35] Created configuration file for parameter CPXPARAM_MIP_Strategy_BBInterval with value 30 at /scratch/yorig/mpils-results-grid-seconds-10-4may/easy/1proc/seed-3/3_glass4_seed-3_20260505_091028/expansion/config_param_CPXPARAM_MIP_Strategy_BBInterval_30_iter_2.prm
[INFO]:[09:15:35] Creating configurations for parameter: CPXPARAM_MIP_Strategy_Branch
[DEBUG]:[09:15:35] Parameter CPXPARAM_MIP_Strategy_Branch will be evaluated on 2 alternative value(s) after excluding the current base configuration value.
[DEBUG]:[09:15:35] Created configuration file for parameter CPXPARAM_MIP_Strategy_Branch with value -1 at /scratch/yorig/mpils-results-grid-seconds-10-4may/easy/1proc/seed-3/3_glass4_seed-3_20260505_091028/expansion/config_param_CPXPARAM_MIP_Strategy_Branch_-1_iter_2.prm
[DEBUG]:[09:15:35] Created configuration file for parameter CPXPARAM_MIP_Strategy_Branch with value 1 at /scratch/yorig/mpils-results-grid-seconds-10-4may/easy/1proc/seed-3/3_glass4_seed-3_20260505_091028/expansion/config_param_CPXPARAM_MIP_Strategy_Branch_1_iter_2.prm
[INFO]:[09:15:35] Creating configurations for parameter: CPXPARAM_MIP_Limits_CutsFactor
[DEBUG]:[09:15:35] Parameter CPXPARAM_MIP_Limits_CutsFactor will be evaluated on 5 alternative value(s) after excluding the current base configuration value.
[DEBUG]:[09:15:35] Created configuration file for parameter CPXPARAM_MIP_Limits_CutsFactor with value 1 at /scratch/yorig/mpils-results-grid-seconds-10-4may/easy/1proc/seed-3/3_glass4_seed-3_20260505_091028/expansion/config_param_CPXPARAM_MIP_Limits_CutsFactor_1_iter_2.prm
[DEBUG]:[09:15:35] Created configuration file for parameter CPXPARAM_MIP_Limits_CutsFactor with value 2 at /scratch/yorig/mpils-results-grid-seconds-10-4may/easy/1proc/seed-3/3_glass4_seed-3_20260505_091028/expansion/config_param_CPXPARAM_MIP_Limits_CutsFactor_2_iter_2.prm
[DEBUG]:[09:15:35] Created configuration file for parameter CPXPARAM_MIP_Limits_CutsFactor with value 4 at /scratch/yorig/mpils-results-grid-seconds-10-4may/easy/1proc/seed-3/3_glass4_seed-3_20260505_091028/expansion/config_param_CPXPARAM_MIP_Limits_CutsFactor_4_iter_2.prm
[DEBUG]:[09:15:35] Created configuration file for parameter CPXPARAM_MIP_Limits_CutsFactor with value 8 at /scratch/yorig/mpils-results-grid-seconds-10-4may/easy/1proc/seed-3/3_glass4_seed-3_20260505_091028/expansion/config_param_CPXPARAM_MIP_Limits_CutsFactor_8_iter_2.prm
[DEBUG]:[09:15:35] Created configuration file for parameter CPXPARAM_MIP_Limits_CutsFactor with value 16 at /scratch/yorig/mpils-results-grid-seconds-10-4may/easy/1proc/seed-3/3_glass4_seed-3_20260505_091028/expansion/config_param_CPXPARAM_MIP_Limits_CutsFactor_16_iter_2.prm
[INFO]:[09:15:35] Creating configurations for parameter: CPXPARAM_MIP_Strategy_PresolveNode
[DEBUG]:[09:15:35] Parameter CPXPARAM_MIP_Strategy_PresolveNode will be evaluated on 4 alternative value(s) after excluding the current base configuration value.
[DEBUG]:[09:15:35] Created configuration file for parameter CPXPARAM_MIP_Strategy_PresolveNode with value -1 at /scratch/yorig/mpils-results-grid-seconds-10-4may/easy/1proc/seed-3/3_glass4_seed-3_20260505_091028/expansion/config_param_CPXPARAM_MIP_Strategy_PresolveNode_-1_iter_2.prm
[DEBUG]:[09:15:35] Created configuration file for parameter CPXPARAM_MIP_Strategy_PresolveNode with value 1 at /scratch/yorig/mpils-results-grid-seconds-10-4may/easy/1proc/seed-3/3_glass4_seed-3_20260505_091028/expansion/config_param_CPXPARAM_MIP_Strategy_PresolveNode_1_iter_2.prm
[DEBUG]:[09:15:35] Created configuration file for parameter CPXPARAM_MIP_Strategy_PresolveNode with value 2 at /scratch/yorig/mpils-results-grid-seconds-10-4may/easy/1proc/seed-3/3_glass4_seed-3_20260505_091028/expansion/config_param_CPXPARAM_MIP_Strategy_PresolveNode_2_iter_2.prm
[DEBUG]:[09:15:35] Created configuration file for parameter CPXPARAM_MIP_Strategy_PresolveNode with value 3 at /scratch/yorig/mpils-results-grid-seconds-10-4may/easy/1proc/seed-3/3_glass4_seed-3_20260505_091028/expansion/config_param_CPXPARAM_MIP_Strategy_PresolveNode_3_iter_2.prm
[INFO]:[09:15:35] Creating configurations for parameter: CPXPARAM_MIP_Strategy_Order
[DEBUG]:[09:15:35] Parameter CPXPARAM_MIP_Strategy_Order will be evaluated on 1 alternative value(s) after excluding the current base configuration value.
[DEBUG]:[09:15:35] Created configuration file for parameter CPXPARAM_MIP_Strategy_Order with value 0 at /scratch/yorig/mpils-results-grid-seconds-10-4may/easy/1proc/seed-3/3_glass4_seed-3_20260505_091028/expansion/config_param_CPXPARAM_MIP_Strategy_Order_0_iter_2.prm
[INFO]:[09:15:35] Created 51 configuration files for expansion phase at iteration 2.
[INFO]:[09:15:35] Skipped 0 expansion parameter(s) with no alternative value to evaluate.
[INFO]:[09:15:35] Launching Expansion Workers via MPI...
[INFO]:[09:15:35] Expansion Workers launched.
[INFO]:[09:15:35] Evaluating expansion parameters...
[INFO]:[09:15:35] Starting CPLEX solver on instance: /home/yorig/tuner/mpils-tests/instances/miplib/easy/glass4.mps with config: /scratch/yorig/mpils-results-grid-seconds-10-4may/easy/1proc/seed-3/3_glass4_seed-3_20260505_091028/expansion/config_param_CPXPARAM_MIP_Strategy_VariableSelect_-1_iter_2.prm
[INFO]:[09:15:45] CPLEX results. Gap: 49.660000, upper bound: 1600013934.402193, lower bound: 805436785.936188
[INFO]:[09:15:45] CPLEX solver finished. Gap: 49.660000
[INFO]:[09:15:45] Starting CPLEX solver on instance: /home/yorig/tuner/mpils-tests/instances/miplib/easy/glass4.mps with config: /scratch/yorig/mpils-results-grid-seconds-10-4may/easy/1proc/seed-3/3_glass4_seed-3_20260505_091028/expansion/config_param_CPXPARAM_MIP_Strategy_VariableSelect_1_iter_2.prm
[INFO]:[09:15:55] CPLEX results. Gap: 46.600000, upper bound: 1500012100.000000, lower bound: 801035118.012470
[INFO]:[09:15:55] CPLEX solver finished. Gap: 46.600000
[INFO]:[09:15:55] Starting CPLEX solver on instance: /home/yorig/tuner/mpils-tests/instances/miplib/easy/glass4.mps with config: /scratch/yorig/mpils-results-grid-seconds-10-4may/easy/1proc/seed-3/3_glass4_seed-3_20260505_091028/expansion/config_param_CPXPARAM_MIP_Strategy_VariableSelect_2_iter_2.prm
[INFO]:[09:16:05] CPLEX results. Gap: 37.500000, upper bound: 1600013433.333333, lower bound: 1000006760.216169
[INFO]:[09:16:05] CPLEX solver finished. Gap: 37.500000
[INFO]:[09:16:05] Starting CPLEX solver on instance: /home/yorig/tuner/mpils-tests/instances/miplib/easy/glass4.mps with config: /scratch/yorig/mpils-results-grid-seconds-10-4may/easy/1proc/seed-3/3_glass4_seed-3_20260505_091028/expansion/config_param_CPXPARAM_MIP_Strategy_VariableSelect_3_iter_2.prm
[INFO]:[09:16:15] CPLEX results. Gap: 52.940000, upper bound: 1700014300.000000, lower bound: 800006633.333333
[INFO]:[09:16:15] CPLEX solver finished. Gap: 52.940000
[INFO]:[09:16:15] Starting CPLEX solver on instance: /home/yorig/tuner/mpils-tests/instances/miplib/easy/glass4.mps with config: /scratch/yorig/mpils-results-grid-seconds-10-4may/easy/1proc/seed-3/3_glass4_seed-3_20260505_091028/expansion/config_param_CPXPARAM_MIP_Strategy_VariableSelect_4_iter_2.prm
[INFO]:[09:16:25] CPLEX results. Gap: 37.500000, upper bound: 1600014049.999973, lower bound: 1000002533.910015
[INFO]:[09:16:25] CPLEX solver finished. Gap: 37.500000
[INFO]:[09:16:25] Starting CPLEX solver on instance: /home/yorig/tuner/mpils-tests/instances/miplib/easy/glass4.mps with config: /scratch/yorig/mpils-results-grid-seconds-10-4may/easy/1proc/seed-3/3_glass4_seed-3_20260505_091028/expansion/config_param_CPXPARAM_MIP_Strategy_NodeSelect_0_iter_2.prm
[INFO]:[09:16:32] CPLEX results. Gap: 0.000000, upper bound: 1200012600.000000, lower bound: 1200003261.855903
[INFO]:[09:16:32] CPLEX solver finished. Gap: 0.000000
[INFO]:[09:16:32] Expansion early stop triggered by parameter CPXPARAM_MIP_Strategy_NodeSelect with objective value 0. Remaining not-yet-evaluated parameters stay residual.
[INFO]:[09:16:32] recordEvaluation produced_mip_start=0 mip_start_file=''
[DEBUG]:[09:16:32] Added evaluation to memory with objective: 49.66, ConfigId: 10517787864322519654, EvalId: 32. Total evaluations stored: 32
[INFO]:[09:16:32] recordEvaluation produced_mip_start=0 mip_start_file=''
[DEBUG]:[09:16:32] Added evaluation to memory with objective: 46.6, ConfigId: 9376175680233266212, EvalId: 33. Total evaluations stored: 33
[INFO]:[09:16:32] recordEvaluation produced_mip_start=0 mip_start_file=''
[DEBUG]:[09:16:32] Added evaluation to memory with objective: 37.5, ConfigId: 3112558038503022733, EvalId: 34. Total evaluations stored: 34
[INFO]:[09:16:32] recordEvaluation produced_mip_start=0 mip_start_file=''
[DEBUG]:[09:16:32] Added evaluation to memory with objective: 52.94, ConfigId: 916451419308176590, EvalId: 35. Total evaluations stored: 35
[INFO]:[09:16:32] recordEvaluation produced_mip_start=0 mip_start_file=''
[DEBUG]:[09:16:32] Added evaluation to memory with objective: 37.5, ConfigId: 2379867393190268411, EvalId: 36. Total evaluations stored: 36
[INFO]:[09:16:32] recordEvaluation produced_mip_start=0 mip_start_file=''
[INFO]:[09:16:32] ***************
[INFO]:[09:16:32] New best evaluation without MIP start found at time 363s, with objective 0 and configuration ID 18180209986220060734
[INFO]:[09:16:32] With config: 18180209986220060734 -> 
Configuration: CPXPARAM_Advance=1 CPXPARAM_Barrier_Algorithm=0 CPXPARAM_Barrier_ColNonzeros=0 CPXPARAM_Barrier_Crossover=0 CPXPARAM_Barrier_Limits_Corrections=-1 CPXPARAM_Barrier_Ordering=0 CPXPARAM_Barrier_StartAlg=1 CPXPARAM_Emphasis_MIP=0 CPXPARAM_Emphasis_Memory=0 CPXPARAM_Emphasis_Numerical=0 CPXPARAM_Feasopt_Mode=0 CPXPARAM_LPMethod=0 CPXPARAM_MIP_Cuts_Cliques=0 CPXPARAM_MIP_Cuts_Covers=-1 CPXPARAM_MIP_Cuts_Disjunctive=0 CPXPARAM_MIP_Cuts_FlowCovers=0 CPXPARAM_MIP_Cuts_GUBCovers=0 CPXPARAM_MIP_Cuts_Gomory=0 CPXPARAM_MIP_Cuts_Implied=0 CPXPARAM_MIP_Cuts_MIRCut=0 CPXPARAM_MIP_Cuts_PathCut=0 CPXPARAM_MIP_Limits_AggForCut=3 CPXPARAM_MIP_Limits_CutPasses=0 CPXPARAM_MIP_Limits_CutsFactor=-1 CPXPARAM_MIP_Limits_GomoryCand=10 CPXPARAM_MIP_Limits_GomoryPass=0 CPXPARAM_MIP_Limits_Nodes=9223372036800000000 CPXPARAM_MIP_Limits_ProbeTime=1e+75 CPXPARAM_MIP_Limits_RepairTries=0 CPXPARAM_MIP_Limits_StrongCand=10 CPXPARAM_MIP_Limits_StrongIt=0 CPXPARAM_MIP_OrderType=0 CPXPARAM_MIP_Strategy_BBInterval=7 CPXPARAM_MIP_Strategy_Branch=0 CPXPARAM_MIP_Strategy_Dive=0 CPXPARAM_MIP_Strategy_File=1 CPXPARAM_MIP_Strategy_HeuristicFreq=0 CPXPARAM_MIP_Strategy_LBHeur=0 CPXPARAM_MIP_Strategy_NodeSelect=0 CPXPARAM_MIP_Strategy_Order=1 CPXPARAM_MIP_Strategy_PresolveNode=0 CPXPARAM_MIP_Strategy_Probe=0 CPXPARAM_MIP_Strategy_RINSHeur=0 CPXPARAM_MIP_Strategy_StartAlgorithm=0 CPXPARAM_MIP_Strategy_SubAlgorithm=0 CPXPARAM_MIP_Strategy_VariableSelect=0 CPXPARAM_Network_NetFind=2 CPXPARAM_Network_Pricing=0 CPXPARAM_Parallel=1 CPXPARAM_Preprocessing_Aggregator=-1 CPXPARAM_Preprocessing_BoundStrength=-1 CPXPARAM_Preprocessing_CoeffReduce=-1 CPXPARAM_Preprocessing_Dependency=-1 CPXPARAM_Preprocessing_Dual=0 CPXPARAM_Preprocessing_Fill=10 CPXPARAM_Preprocessing_NumPass=-1 CPXPARAM_Preprocessing_Presolve=1 CPXPARAM_Preprocessing_QPMakePSD=1 CPXPARAM_Preprocessing_Reduce=3 CPXPARAM_Preprocessing_Relax=-1 CPXPARAM_Preprocessing_RepeatPresolve=-1 CPXPARAM_Preprocessing_Symmetry=-1 CPXPARAM_Read_Scale=0 CPXPARAM_Sifting_Algorithm=0 CPXPARAM_Simplex_Crash=1 CPXPARAM_Simplex_DGradient=0 CPXPARAM_Simplex_Limits_Perturbation=0 CPXPARAM_Simplex_Limits_Singularity=10 CPXPARAM_Simplex_PGradient=0 CPXPARAM_Simplex_Pricing=0 CPXPARAM_Simplex_Refactor=0 | MIP Start: No 
[INFO]:[09:16:32] ***************
[DEBUG]:[09:16:32] Added evaluation to memory with objective: 0, ConfigId: 18180209986220060734, EvalId: 37. Total evaluations stored: 37
[INFO]:[09:16:32] Waiting for Expansion Workers via MPI...
[INFO]:[09:16:32] Expansion Workers have completed.
[INFO]:[09:16:32] Evaluated expansion parameters: 2
[INFO]:[09:16:32] Classifying expansion parameters...
[DEBUG]:[09:16:32] Parameter CPXPARAM_MIP_Strategy_VariableSelect valid evaluations: 5, invalid evaluations: 0, c_p: 37.5, s_p: 50.617, selected_stage_1: No, discarded_by_threshold: No
[DEBUG]:[09:16:32] Parameter CPXPARAM_MIP_Strategy_NodeSelect valid evaluations: 1, invalid evaluations: 0, c_p: 0, s_p: 0, selected_stage_1: Yes, discarded_by_threshold: No
[DEBUG]:[09:16:32] Parameter CPXPARAM_MIP_Strategy_VariableSelect metrics - c_p: 37.5, s_p: 50.617, selected_stage_1: No, discarded_by_threshold: No, dominated: No
[DEBUG]:[09:16:32] Parameter CPXPARAM_MIP_Strategy_NodeSelect metrics - c_p: 0, s_p: 0, selected_stage_1: Yes, discarded_by_threshold: No, dominated: No
[INFO]:[09:16:32] Updating parameter flags based on classification...
[INFO]:[09:16:32] Parameter CPXPARAM_MIP_Strategy_VariableSelect selected for tuning.
[INFO]:[09:16:32] Parameter CPXPARAM_MIP_Strategy_NodeSelect selected for tuning.
[DEBUG]:[09:16:32] Classified parameters at iteration 2 - To Select: 2, To Discard: 0
[DEBUG]:[09:16:32] Parameter: CPXPARAM_MIP_Strategy_VariableSelect, To Select: Yes, To Discard: No
[DEBUG]:[09:16:32] Parameter: CPXPARAM_MIP_Strategy_NodeSelect, To Select: Yes, To Discard: No
[INFO]:[09:16:32] Added 6 evaluations to memory from expansion phase at iteration 2
[INFO]:[09:16:32] Expansion phase completed.
[INFO]:[09:16:32] Stopping condition met: satisfactory gap achieved.
[INFO]:[09:16:32] Sending stop order to all worker processes.
[INFO]:[09:16:32] Stop order sent to all worker processes.
[INFO]:[09:16:32] Tuner run complete.
Objective: 0
Total tuning time: 363 seconds.
