[INFO]:[10:16:25] Worker 1 starting.
[INFO]:[10:16:25] Worker 1 received order for step 1.
[INFO]:[10:16:25] Worker 1 running exploration phase for iteration 1.
[INFO]:[10:16:25] Worker 1 at iteration 1 will not use a MIP start file. Current best MIP-start upper bound threshold is 1.79769e+308.
[INFO]:[10:16:25] Starting local search phase...
[INFO]:[10:16:25] Worker (ils_group_rank=1) entering parallel ILS evaluation service.
[INFO]:[10:16:25] Starting CPLEX solver on instance: /home/yorig/tuner/mpils-tests/instances/miplib/easy/mas74.mps with config: /scratch/yorig/mpils-results-grid-ticks-10000-7may/easy/2proc-2pils/seed-1/5_mas74_seed-1_20260510_101625/iterated_local_search/run_1_worker_0/parallel_0_1.prm
[INFO]:[10:16:43] CPLEX results. Gap: 3.260000, upper bound: 11801.185729, lower bound: 11416.717320
[INFO]:[10:16:43] CPLEX solver finished. Gap: 3.260000
[INFO]:[10:16:43] Starting CPLEX solver on instance: /home/yorig/tuner/mpils-tests/instances/miplib/easy/mas74.mps with config: /scratch/yorig/mpils-results-grid-ticks-10000-7may/easy/2proc-2pils/seed-1/5_mas74_seed-1_20260510_101625/iterated_local_search/run_1_worker_0/parallel_2_1.prm
[INFO]:[10:17:00] CPLEX results. Gap: 3.260000, upper bound: 11801.185729, lower bound: 11416.717320
[INFO]:[10:17:00] CPLEX solver finished. Gap: 3.260000
[INFO]:[10:17:01] Starting CPLEX solver on instance: /home/yorig/tuner/mpils-tests/instances/miplib/easy/mas74.mps with config: /scratch/yorig/mpils-results-grid-ticks-10000-7may/easy/2proc-2pils/seed-1/5_mas74_seed-1_20260510_101625/iterated_local_search/run_1_worker_0/parallel_4_1.prm
[INFO]:[10:17:17] CPLEX results. Gap: 5.690000, upper bound: 11801.185729, lower bound: 11129.969092
[INFO]:[10:17:17] CPLEX solver finished. Gap: 5.690000
[INFO]:[10:17:19] Starting CPLEX solver on instance: /home/yorig/tuner/mpils-tests/instances/miplib/easy/mas74.mps with config: /scratch/yorig/mpils-results-grid-ticks-10000-7may/easy/2proc-2pils/seed-1/5_mas74_seed-1_20260510_101625/iterated_local_search/run_1_worker_0/parallel_6_1.prm
[INFO]:[10:17:34] CPLEX results. Gap: 10.080000, upper bound: 11857.371258, lower bound: 10662.349988
[INFO]:[10:17:35] CPLEX solver finished. Gap: 10.080000
[INFO]:[10:17:37] Starting CPLEX solver on instance: /home/yorig/tuner/mpils-tests/instances/miplib/easy/mas74.mps with config: /scratch/yorig/mpils-results-grid-ticks-10000-7may/easy/2proc-2pils/seed-1/5_mas74_seed-1_20260510_101625/iterated_local_search/run_1_worker_0/parallel_8_1.prm
[INFO]:[10:17:53] CPLEX results. Gap: 3.320000, upper bound: 11801.185729, lower bound: 11409.446322
[INFO]:[10:17:53] CPLEX solver finished. Gap: 3.320000
[INFO]:[10:17:55] Starting CPLEX solver on instance: /home/yorig/tuner/mpils-tests/instances/miplib/easy/mas74.mps with config: /scratch/yorig/mpils-results-grid-ticks-10000-7may/easy/2proc-2pils/seed-1/5_mas74_seed-1_20260510_101625/iterated_local_search/run_1_worker_0/parallel_10_1.prm
[INFO]:[10:18:10] CPLEX results. Gap: 3.390000, upper bound: 11801.185729, lower bound: 11401.326404
[INFO]:[10:18:11] CPLEX solver finished. Gap: 3.390000
[INFO]:[10:18:12] Starting CPLEX solver on instance: /home/yorig/tuner/mpils-tests/instances/miplib/easy/mas74.mps with config: /scratch/yorig/mpils-results-grid-ticks-10000-7may/easy/2proc-2pils/seed-1/5_mas74_seed-1_20260510_101625/iterated_local_search/run_1_worker_0/parallel_12_1.prm
[INFO]:[10:18:30] CPLEX results. Gap: 3.260000, upper bound: 11801.185729, lower bound: 11416.717320
[INFO]:[10:18:30] CPLEX solver finished. Gap: 3.260000
[INFO]:[10:18:30] Starting CPLEX solver on instance: /home/yorig/tuner/mpils-tests/instances/miplib/easy/mas74.mps with config: /scratch/yorig/mpils-results-grid-ticks-10000-7may/easy/2proc-2pils/seed-1/5_mas74_seed-1_20260510_101625/iterated_local_search/run_1_worker_0/parallel_14_1.prm
[INFO]:[10:18:43] CPLEX results. Gap: 4.220000, upper bound: 11857.371258, lower bound: 11356.858453
[INFO]:[10:18:43] CPLEX solver finished. Gap: 4.220000
[INFO]:[10:18:47] Starting CPLEX solver on instance: /home/yorig/tuner/mpils-tests/instances/miplib/easy/mas74.mps with config: /scratch/yorig/mpils-results-grid-ticks-10000-7may/easy/2proc-2pils/seed-1/5_mas74_seed-1_20260510_101625/iterated_local_search/run_1_worker_0/parallel_16_1.prm
[INFO]:[10:19:04] CPLEX results. Gap: 4.740000, upper bound: 11801.185729, lower bound: 11242.147796
[INFO]:[10:19:04] CPLEX solver finished. Gap: 4.740000
[INFO]:[10:19:06] Starting CPLEX solver on instance: /home/yorig/tuner/mpils-tests/instances/miplib/easy/mas74.mps with config: /scratch/yorig/mpils-results-grid-ticks-10000-7may/easy/2proc-2pils/seed-1/5_mas74_seed-1_20260510_101625/iterated_local_search/run_1_worker_0/parallel_18_1.prm
[INFO]:[10:19:22] CPLEX results. Gap: 3.310000, upper bound: 11801.185729, lower bound: 11410.400185
[INFO]:[10:19:22] CPLEX solver finished. Gap: 3.310000
[INFO]:[10:19:24] Worker (ils_group_rank=1) exiting parallel ILS evaluation service.
[INFO]:[10:19:24] Worker 1 completed exploration phase.
[INFO]:[10:19:24] Worker 1 received order for step 2.
[INFO]:[10:19:24] Worker 1 running expansion phase for iteration 1.
[INFO]:[10:19:24] Worker 1 will use solver log file: /scratch/yorig/mpils-results-grid-ticks-10000-7may/easy/2proc-2pils/seed-1/5_mas74_seed-1_20260510_101625/solver/cplex.log_iteration_expansion_1_worker_1
[INFO]:[10:19:24] Expansion Worker 1 starting expansion for iteration 1.
[INFO]:[10:19:24] Starting CPLEX solver on instance: /home/yorig/tuner/mpils-tests/instances/miplib/easy/mas74.mps with config: /scratch/yorig/mpils-results-grid-ticks-10000-7may/easy/2proc-2pils/seed-1/5_mas74_seed-1_20260510_101625/expansion/config_param_CPXPARAM_MIP_Strategy_Probe_1_iter_1.prm
[INFO]:[10:19:40] CPLEX results. Gap: 3.260000, upper bound: 11801.185729, lower bound: 11416.717320
[INFO]:[10:19:40] CPLEX solver finished. Gap: 3.260000
[INFO]:[10:19:41] Starting CPLEX solver on instance: /home/yorig/tuner/mpils-tests/instances/miplib/easy/mas74.mps with config: /scratch/yorig/mpils-results-grid-ticks-10000-7may/easy/2proc-2pils/seed-1/5_mas74_seed-1_20260510_101625/expansion/config_param_CPXPARAM_MIP_Strategy_Probe_3_iter_1.prm
[INFO]:[10:19:57] CPLEX results. Gap: 3.260000, upper bound: 11801.185729, lower bound: 11416.717320
[INFO]:[10:19:57] CPLEX solver finished. Gap: 3.260000
[INFO]:[10:19:59] Starting CPLEX solver on instance: /home/yorig/tuner/mpils-tests/instances/miplib/easy/mas74.mps with config: /scratch/yorig/mpils-results-grid-ticks-10000-7may/easy/2proc-2pils/seed-1/5_mas74_seed-1_20260510_101625/expansion/config_param_CPXPARAM_MIP_Cuts_Covers_1_iter_1.prm
[INFO]:[10:20:14] CPLEX results. Gap: 3.910000, upper bound: 11801.185729, lower bound: 11339.913105
[INFO]:[10:20:14] CPLEX solver finished. Gap: 3.910000
[INFO]:[10:20:15] Starting CPLEX solver on instance: /home/yorig/tuner/mpils-tests/instances/miplib/easy/mas74.mps with config: /scratch/yorig/mpils-results-grid-ticks-10000-7may/easy/2proc-2pils/seed-1/5_mas74_seed-1_20260510_101625/expansion/config_param_CPXPARAM_MIP_Cuts_Covers_3_iter_1.prm
[INFO]:[10:20:30] CPLEX results. Gap: 3.160000, upper bound: 11801.185729, lower bound: 11428.543563
[INFO]:[10:20:30] CPLEX solver finished. Gap: 3.160000
[INFO]:[10:20:30] Expansion Worker 1 found an improving configuration with objective value 3.16.
[INFO]:[10:20:32] Expansion Worker 1 stopping early after global MPI expansion stop was activated.
[INFO]:[10:20:32] Expansion Worker 1 completed expansion.
[INFO]:[10:20:32] Worker 1 completed expansion phase.
[INFO]:[10:20:32] Worker 1 received order for step 1.
[INFO]:[10:20:32] Worker 1 running exploration phase for iteration 2.
[INFO]:[10:20:32] Worker 1 at iteration 2 will not use a MIP start file. Current best MIP-start upper bound threshold is 1.79769e+308.
[INFO]:[10:20:32] Starting local search phase...
[INFO]:[10:20:32] Worker (ils_group_rank=1) entering parallel ILS evaluation service.
[INFO]:[10:20:32] Starting CPLEX solver on instance: /home/yorig/tuner/mpils-tests/instances/miplib/easy/mas74.mps with config: /scratch/yorig/mpils-results-grid-ticks-10000-7may/easy/2proc-2pils/seed-1/5_mas74_seed-1_20260510_101625/iterated_local_search/run_2_worker_0/parallel_0_1.prm
[INFO]:[10:20:48] CPLEX results. Gap: 3.260000, upper bound: 11801.185729, lower bound: 11416.717320
[INFO]:[10:20:48] CPLEX solver finished. Gap: 3.260000
[INFO]:[10:20:49] Starting CPLEX solver on instance: /home/yorig/tuner/mpils-tests/instances/miplib/easy/mas74.mps with config: /scratch/yorig/mpils-results-grid-ticks-10000-7may/easy/2proc-2pils/seed-1/5_mas74_seed-1_20260510_101625/iterated_local_search/run_2_worker_0/parallel_2_1.prm
[INFO]:[10:21:06] CPLEX results. Gap: 3.260000, upper bound: 11801.185729, lower bound: 11416.717320
[INFO]:[10:21:06] CPLEX solver finished. Gap: 3.260000
[INFO]:[10:21:07] Starting CPLEX solver on instance: /home/yorig/tuner/mpils-tests/instances/miplib/easy/mas74.mps with config: /scratch/yorig/mpils-results-grid-ticks-10000-7may/easy/2proc-2pils/seed-1/5_mas74_seed-1_20260510_101625/iterated_local_search/run_2_worker_0/parallel_4_1.prm
[INFO]:[10:21:22] CPLEX results. Gap: 3.370000, upper bound: 11801.185729, lower bound: 11402.912650
[INFO]:[10:21:22] CPLEX solver finished. Gap: 3.370000
[INFO]:[10:21:24] Worker (ils_group_rank=1) exiting parallel ILS evaluation service.
[INFO]:[10:21:24] Worker 1 completed exploration phase.
[INFO]:[10:21:24] Worker 1 received order for step 2.
[INFO]:[10:21:24] Worker 1 running expansion phase for iteration 2.
[INFO]:[10:21:24] Worker 1 will use solver log file: /scratch/yorig/mpils-results-grid-ticks-10000-7may/easy/2proc-2pils/seed-1/5_mas74_seed-1_20260510_101625/solver/cplex.log_iteration_expansion_2_worker_1
[INFO]:[10:21:24] Expansion Worker 1 starting expansion for iteration 2.
[INFO]:[10:21:24] Starting CPLEX solver on instance: /home/yorig/tuner/mpils-tests/instances/miplib/easy/mas74.mps with config: /scratch/yorig/mpils-results-grid-ticks-10000-7may/easy/2proc-2pils/seed-1/5_mas74_seed-1_20260510_101625/expansion/config_param_CPXPARAM_MIP_Strategy_VariableSelect_1_iter_2.prm
[INFO]:[10:21:38] CPLEX results. Gap: 6.510000, upper bound: 11891.263051, lower bound: 11117.070597
[INFO]:[10:21:38] CPLEX solver finished. Gap: 6.510000
[INFO]:[10:21:40] Starting CPLEX solver on instance: /home/yorig/tuner/mpils-tests/instances/miplib/easy/mas74.mps with config: /scratch/yorig/mpils-results-grid-ticks-10000-7may/easy/2proc-2pils/seed-1/5_mas74_seed-1_20260510_101625/expansion/config_param_CPXPARAM_MIP_Strategy_VariableSelect_3_iter_2.prm
[INFO]:[10:21:50] CPLEX results. Gap: 5.380000, upper bound: 11801.185729, lower bound: 11166.760173
[INFO]:[10:21:50] CPLEX solver finished. Gap: 5.380000
[INFO]:[10:21:55] Starting CPLEX solver on instance: /home/yorig/tuner/mpils-tests/instances/miplib/easy/mas74.mps with config: /scratch/yorig/mpils-results-grid-ticks-10000-7may/easy/2proc-2pils/seed-1/5_mas74_seed-1_20260510_101625/expansion/config_param_CPXPARAM_MIP_Strategy_NodeSelect_0_iter_2.prm
[INFO]:[10:22:14] CPLEX results. Gap: 10.110000, upper bound: 11801.185729, lower bound: 10608.132710
[INFO]:[10:22:14] CPLEX solver finished. Gap: 10.110000
[INFO]:[10:22:14] Starting CPLEX solver on instance: /home/yorig/tuner/mpils-tests/instances/miplib/easy/mas74.mps with config: /scratch/yorig/mpils-results-grid-ticks-10000-7may/easy/2proc-2pils/seed-1/5_mas74_seed-1_20260510_101625/expansion/config_param_CPXPARAM_MIP_Strategy_NodeSelect_3_iter_2.prm
[INFO]:[10:22:31] CPLEX results. Gap: 9.450000, upper bound: 11857.371258, lower bound: 10737.083796
[INFO]:[10:22:31] CPLEX solver finished. Gap: 9.450000
[INFO]:[10:22:33] Starting CPLEX solver on instance: /home/yorig/tuner/mpils-tests/instances/miplib/easy/mas74.mps with config: /scratch/yorig/mpils-results-grid-ticks-10000-7may/easy/2proc-2pils/seed-1/5_mas74_seed-1_20260510_101625/expansion/config_param_CPXPARAM_MIP_Strategy_Dive_2_iter_2.prm
[INFO]:[10:22:49] CPLEX results. Gap: 3.330000, upper bound: 11801.185729, lower bound: 11407.659878
[INFO]:[10:22:49] CPLEX solver finished. Gap: 3.330000
[INFO]:[10:22:50] Starting CPLEX solver on instance: /home/yorig/tuner/mpils-tests/instances/miplib/easy/mas74.mps with config: /scratch/yorig/mpils-results-grid-ticks-10000-7may/easy/2proc-2pils/seed-1/5_mas74_seed-1_20260510_101625/expansion/config_param_CPXPARAM_MIP_Limits_ProbeTime_0_iter_2.prm
[INFO]:[10:23:06] CPLEX results. Gap: 3.160000, upper bound: 11801.185729, lower bound: 11428.543563
[INFO]:[10:23:07] CPLEX solver finished. Gap: 3.160000
[INFO]:[10:23:08] Starting CPLEX solver on instance: /home/yorig/tuner/mpils-tests/instances/miplib/easy/mas74.mps with config: /scratch/yorig/mpils-results-grid-ticks-10000-7may/easy/2proc-2pils/seed-1/5_mas74_seed-1_20260510_101625/expansion/config_param_CPXPARAM_MIP_Limits_ProbeTime_2_iter_2.prm
[INFO]:[10:23:24] CPLEX results. Gap: 3.160000, upper bound: 11801.185729, lower bound: 11428.543563
[INFO]:[10:23:24] CPLEX solver finished. Gap: 3.160000
[INFO]:[10:23:25] Starting CPLEX solver on instance: /home/yorig/tuner/mpils-tests/instances/miplib/easy/mas74.mps with config: /scratch/yorig/mpils-results-grid-ticks-10000-7may/easy/2proc-2pils/seed-1/5_mas74_seed-1_20260510_101625/expansion/config_param_CPXPARAM_MIP_Limits_ProbeTime_10_iter_2.prm
[INFO]:[10:23:41] CPLEX results. Gap: 3.160000, upper bound: 11801.185729, lower bound: 11428.543563
[INFO]:[10:23:41] CPLEX solver finished. Gap: 3.160000
[INFO]:[10:23:42] Starting CPLEX solver on instance: /home/yorig/tuner/mpils-tests/instances/miplib/easy/mas74.mps with config: /scratch/yorig/mpils-results-grid-ticks-10000-7may/easy/2proc-2pils/seed-1/5_mas74_seed-1_20260510_101625/expansion/config_param_CPXPARAM_MIP_Limits_ProbeTime_30_iter_2.prm
[INFO]:[10:23:58] CPLEX results. Gap: 3.160000, upper bound: 11801.185729, lower bound: 11428.543563
[INFO]:[10:23:58] CPLEX solver finished. Gap: 3.160000
[INFO]:[10:23:59] Starting CPLEX solver on instance: /home/yorig/tuner/mpils-tests/instances/miplib/easy/mas74.mps with config: /scratch/yorig/mpils-results-grid-ticks-10000-7may/easy/2proc-2pils/seed-1/5_mas74_seed-1_20260510_101625/expansion/config_param_CPXPARAM_MIP_Limits_ProbeTime_50_iter_2.prm
[INFO]:[10:24:14] CPLEX results. Gap: 3.160000, upper bound: 11801.185729, lower bound: 11428.543563
[INFO]:[10:24:14] CPLEX solver finished. Gap: 3.160000
[INFO]:[10:24:16] Starting CPLEX solver on instance: /home/yorig/tuner/mpils-tests/instances/miplib/easy/mas74.mps with config: /scratch/yorig/mpils-results-grid-ticks-10000-7may/easy/2proc-2pils/seed-1/5_mas74_seed-1_20260510_101625/expansion/config_param_CPXPARAM_MIP_Limits_ProbeTime_120_iter_2.prm
[INFO]:[10:24:33] CPLEX results. Gap: 3.160000, upper bound: 11801.185729, lower bound: 11428.543563
[INFO]:[10:24:33] CPLEX solver finished. Gap: 3.160000
[INFO]:[10:24:33] Starting CPLEX solver on instance: /home/yorig/tuner/mpils-tests/instances/miplib/easy/mas74.mps with config: /scratch/yorig/mpils-results-grid-ticks-10000-7may/easy/2proc-2pils/seed-1/5_mas74_seed-1_20260510_101625/expansion/config_param_CPXPARAM_MIP_Strategy_RINSHeur_-1_iter_2.prm
[INFO]:[10:24:50] CPLEX results. Gap: 3.390000, upper bound: 11801.185729, lower bound: 11400.944384
[INFO]:[10:24:50] CPLEX solver finished. Gap: 3.390000
[INFO]:[10:24:51] Starting CPLEX solver on instance: /home/yorig/tuner/mpils-tests/instances/miplib/easy/mas74.mps with config: /scratch/yorig/mpils-results-grid-ticks-10000-7may/easy/2proc-2pils/seed-1/5_mas74_seed-1_20260510_101625/expansion/config_param_CPXPARAM_MIP_Strategy_RINSHeur_40_iter_2.prm
[INFO]:[10:25:08] CPLEX results. Gap: 3.260000, upper bound: 11801.185729, lower bound: 11416.103696
[INFO]:[10:25:08] CPLEX solver finished. Gap: 3.260000
[INFO]:[10:25:08] Starting CPLEX solver on instance: /home/yorig/tuner/mpils-tests/instances/miplib/easy/mas74.mps with config: /scratch/yorig/mpils-results-grid-ticks-10000-7may/easy/2proc-2pils/seed-1/5_mas74_seed-1_20260510_101625/expansion/config_param_CPXPARAM_MIP_Strategy_RINSHeur_100_iter_2.prm
[INFO]:[10:25:23] CPLEX results. Gap: 3.660000, upper bound: 11801.185729, lower bound: 11369.554489
[INFO]:[10:25:23] CPLEX solver finished. Gap: 3.660000
[INFO]:[10:25:25] Starting CPLEX solver on instance: /home/yorig/tuner/mpils-tests/instances/miplib/easy/mas74.mps with config: /scratch/yorig/mpils-results-grid-ticks-10000-7may/easy/2proc-2pils/seed-1/5_mas74_seed-1_20260510_101625/expansion/config_param_CPXPARAM_MIP_Strategy_RINSHeur_500_iter_2.prm
[INFO]:[10:25:41] CPLEX results. Gap: 3.370000, upper bound: 11801.185729, lower bound: 11403.638678
[INFO]:[10:25:41] CPLEX solver finished. Gap: 3.370000
[INFO]:[10:25:42] Starting CPLEX solver on instance: /home/yorig/tuner/mpils-tests/instances/miplib/easy/mas74.mps with config: /scratch/yorig/mpils-results-grid-ticks-10000-7may/easy/2proc-2pils/seed-1/5_mas74_seed-1_20260510_101625/expansion/config_param_CPXPARAM_MIP_Strategy_BBInterval_0_iter_2.prm
[INFO]:[10:25:59] CPLEX results. Gap: 3.160000, upper bound: 11801.185729, lower bound: 11428.543563
[INFO]:[10:25:59] CPLEX solver finished. Gap: 3.160000
[INFO]:[10:25:59] Starting CPLEX solver on instance: /home/yorig/tuner/mpils-tests/instances/miplib/easy/mas74.mps with config: /scratch/yorig/mpils-results-grid-ticks-10000-7may/easy/2proc-2pils/seed-1/5_mas74_seed-1_20260510_101625/expansion/config_param_CPXPARAM_MIP_Strategy_BBInterval_3_iter_2.prm
[INFO]:[10:26:15] CPLEX results. Gap: 3.160000, upper bound: 11801.185729, lower bound: 11428.543563
[INFO]:[10:26:15] CPLEX solver finished. Gap: 3.160000
[INFO]:[10:26:16] Starting CPLEX solver on instance: /home/yorig/tuner/mpils-tests/instances/miplib/easy/mas74.mps with config: /scratch/yorig/mpils-results-grid-ticks-10000-7may/easy/2proc-2pils/seed-1/5_mas74_seed-1_20260510_101625/expansion/config_param_CPXPARAM_MIP_Strategy_BBInterval_5_iter_2.prm
[INFO]:[10:26:32] CPLEX results. Gap: 3.160000, upper bound: 11801.185729, lower bound: 11428.543563
[INFO]:[10:26:32] CPLEX solver finished. Gap: 3.160000
[INFO]:[10:26:33] Starting CPLEX solver on instance: /home/yorig/tuner/mpils-tests/instances/miplib/easy/mas74.mps with config: /scratch/yorig/mpils-results-grid-ticks-10000-7may/easy/2proc-2pils/seed-1/5_mas74_seed-1_20260510_101625/expansion/config_param_CPXPARAM_MIP_Strategy_BBInterval_15_iter_2.prm
[INFO]:[10:26:49] CPLEX results. Gap: 3.160000, upper bound: 11801.185729, lower bound: 11428.543563
[INFO]:[10:26:49] CPLEX solver finished. Gap: 3.160000
[INFO]:[10:26:51] Starting CPLEX solver on instance: /home/yorig/tuner/mpils-tests/instances/miplib/easy/mas74.mps with config: /scratch/yorig/mpils-results-grid-ticks-10000-7may/easy/2proc-2pils/seed-1/5_mas74_seed-1_20260510_101625/expansion/config_param_CPXPARAM_MIP_Strategy_Branch_-1_iter_2.prm
[INFO]:[10:27:06] CPLEX results. Gap: 3.530000, upper bound: 11801.185729, lower bound: 11384.692856
[INFO]:[10:27:06] CPLEX solver finished. Gap: 3.530000
[INFO]:[10:27:08] Starting CPLEX solver on instance: /home/yorig/tuner/mpils-tests/instances/miplib/easy/mas74.mps with config: /scratch/yorig/mpils-results-grid-ticks-10000-7may/easy/2proc-2pils/seed-1/5_mas74_seed-1_20260510_101625/expansion/config_param_CPXPARAM_MIP_Limits_CutsFactor_1_iter_2.prm
[INFO]:[10:27:31] CPLEX results. Gap: 1.980000, upper bound: 11801.185729, lower bound: 11567.929914
[INFO]:[10:27:31] CPLEX solver finished. Gap: 1.980000
[INFO]:[10:27:31] Expansion Worker 1 found an improving configuration with objective value 1.98.
[INFO]:[10:27:31] Expansion Worker 1 stopping early after global MPI expansion stop was activated.
[INFO]:[10:27:31] Expansion Worker 1 completed expansion.
[INFO]:[10:27:31] Worker 1 completed expansion phase.
[INFO]:[10:27:31] Worker 1 received order for step 1.
[INFO]:[10:27:31] Worker 1 running exploration phase for iteration 3.
[INFO]:[10:27:31] Worker 1 at iteration 3 will not use a MIP start file. Current best MIP-start upper bound threshold is 1.79769e+308.
[INFO]:[10:27:31] Starting local search phase...
[INFO]:[10:27:31] Worker (ils_group_rank=1) entering parallel ILS evaluation service.
[INFO]:[10:27:31] Starting CPLEX solver on instance: /home/yorig/tuner/mpils-tests/instances/miplib/easy/mas74.mps with config: /scratch/yorig/mpils-results-grid-ticks-10000-7may/easy/2proc-2pils/seed-1/5_mas74_seed-1_20260510_101625/iterated_local_search/run_3_worker_0/parallel_0_1.prm
[INFO]:[10:27:47] CPLEX results. Gap: 3.310000, upper bound: 11801.185729, lower bound: 11410.400185
[INFO]:[10:27:47] CPLEX solver finished. Gap: 3.310000
[INFO]:[10:27:49] Starting CPLEX solver on instance: /home/yorig/tuner/mpils-tests/instances/miplib/easy/mas74.mps with config: /scratch/yorig/mpils-results-grid-ticks-10000-7may/easy/2proc-2pils/seed-1/5_mas74_seed-1_20260510_101625/iterated_local_search/run_3_worker_0/parallel_2_1.prm
[INFO]:[10:28:05] CPLEX results. Gap: 3.260000, upper bound: 11801.185729, lower bound: 11416.717320
[INFO]:[10:28:05] CPLEX solver finished. Gap: 3.260000
[INFO]:[10:28:06] Starting CPLEX solver on instance: /home/yorig/tuner/mpils-tests/instances/miplib/easy/mas74.mps with config: /scratch/yorig/mpils-results-grid-ticks-10000-7may/easy/2proc-2pils/seed-1/5_mas74_seed-1_20260510_101625/iterated_local_search/run_3_worker_0/parallel_4_1.prm
[INFO]:[10:28:23] CPLEX results. Gap: 3.260000, upper bound: 11801.185729, lower bound: 11416.717320
[INFO]:[10:28:23] CPLEX solver finished. Gap: 3.260000
[INFO]:[10:28:24] Starting CPLEX solver on instance: /home/yorig/tuner/mpils-tests/instances/miplib/easy/mas74.mps with config: /scratch/yorig/mpils-results-grid-ticks-10000-7may/easy/2proc-2pils/seed-1/5_mas74_seed-1_20260510_101625/iterated_local_search/run_3_worker_0/parallel_6_1.prm
[INFO]:[10:28:40] CPLEX results. Gap: 3.250000, upper bound: 11801.185729, lower bound: 11417.404664
[INFO]:[10:28:40] CPLEX solver finished. Gap: 3.250000
[INFO]:[10:28:42] Starting CPLEX solver on instance: /home/yorig/tuner/mpils-tests/instances/miplib/easy/mas74.mps with config: /scratch/yorig/mpils-results-grid-ticks-10000-7may/easy/2proc-2pils/seed-1/5_mas74_seed-1_20260510_101625/iterated_local_search/run_3_worker_0/parallel_8_1.prm
[INFO]:[10:28:57] CPLEX results. Gap: 3.520000, upper bound: 11801.185729, lower bound: 11386.140079
[INFO]:[10:28:57] CPLEX solver finished. Gap: 3.520000
[INFO]:[10:28:59] Starting CPLEX solver on instance: /home/yorig/tuner/mpils-tests/instances/miplib/easy/mas74.mps with config: /scratch/yorig/mpils-results-grid-ticks-10000-7may/easy/2proc-2pils/seed-1/5_mas74_seed-1_20260510_101625/iterated_local_search/run_3_worker_0/parallel_10_1.prm
[INFO]:[10:29:09] CPLEX results. Gap: 5.380000, upper bound: 11801.185729, lower bound: 11166.101093
[INFO]:[10:29:09] CPLEX solver finished. Gap: 5.380000
[INFO]:[10:29:14] Starting CPLEX solver on instance: /home/yorig/tuner/mpils-tests/instances/miplib/easy/mas74.mps with config: /scratch/yorig/mpils-results-grid-ticks-10000-7may/easy/2proc-2pils/seed-1/5_mas74_seed-1_20260510_101625/iterated_local_search/run_3_worker_0/parallel_12_1.prm
[INFO]:[10:29:31] CPLEX results. Gap: 3.250000, upper bound: 11801.185729, lower bound: 11417.404664
[INFO]:[10:29:31] CPLEX solver finished. Gap: 3.250000
[INFO]:[10:29:32] Starting CPLEX solver on instance: /home/yorig/tuner/mpils-tests/instances/miplib/easy/mas74.mps with config: /scratch/yorig/mpils-results-grid-ticks-10000-7may/easy/2proc-2pils/seed-1/5_mas74_seed-1_20260510_101625/iterated_local_search/run_3_worker_0/parallel_14_1.prm
[INFO]:[10:29:48] CPLEX results. Gap: 3.890000, upper bound: 11857.371258, lower bound: 11395.680117
[INFO]:[10:29:48] CPLEX solver finished. Gap: 3.890000
[INFO]:[10:29:50] Starting CPLEX solver on instance: /home/yorig/tuner/mpils-tests/instances/miplib/easy/mas74.mps with config: /scratch/yorig/mpils-results-grid-ticks-10000-7may/easy/2proc-2pils/seed-1/5_mas74_seed-1_20260510_101625/iterated_local_search/run_3_worker_0/parallel_16_1.prm
[INFO]:[10:30:05] CPLEX results. Gap: 3.390000, upper bound: 11801.185729, lower bound: 11401.326404
[INFO]:[10:30:05] CPLEX solver finished. Gap: 3.390000
[INFO]:[10:30:07] Starting CPLEX solver on instance: /home/yorig/tuner/mpils-tests/instances/miplib/easy/mas74.mps with config: /scratch/yorig/mpils-results-grid-ticks-10000-7may/easy/2proc-2pils/seed-1/5_mas74_seed-1_20260510_101625/iterated_local_search/run_3_worker_0/parallel_18_1.prm
[INFO]:[10:30:23] CPLEX results. Gap: 3.600000, upper bound: 11801.185729, lower bound: 11375.980179
[INFO]:[10:30:23] CPLEX solver finished. Gap: 3.600000
[INFO]:[10:30:23] Starting CPLEX solver on instance: /home/yorig/tuner/mpils-tests/instances/miplib/easy/mas74.mps with config: /scratch/yorig/mpils-results-grid-ticks-10000-7may/easy/2proc-2pils/seed-1/5_mas74_seed-1_20260510_101625/iterated_local_search/run_3_worker_0/parallel_20_1.prm
[INFO]:[10:30:40] CPLEX results. Gap: 3.230000, upper bound: 11801.185729, lower bound: 11420.046388
[INFO]:[10:30:40] CPLEX solver finished. Gap: 3.230000
[INFO]:[10:30:41] Starting CPLEX solver on instance: /home/yorig/tuner/mpils-tests/instances/miplib/easy/mas74.mps with config: /scratch/yorig/mpils-results-grid-ticks-10000-7may/easy/2proc-2pils/seed-1/5_mas74_seed-1_20260510_101625/iterated_local_search/run_3_worker_0/parallel_22_1.prm
[INFO]:[10:30:56] CPLEX results. Gap: 5.650000, upper bound: 11801.185729, lower bound: 11133.925455
[INFO]:[10:30:56] CPLEX solver finished. Gap: 5.650000
[INFO]:[10:30:58] Starting CPLEX solver on instance: /home/yorig/tuner/mpils-tests/instances/miplib/easy/mas74.mps with config: /scratch/yorig/mpils-results-grid-ticks-10000-7may/easy/2proc-2pils/seed-1/5_mas74_seed-1_20260510_101625/iterated_local_search/run_3_worker_0/parallel_24_1.prm
[INFO]:[10:31:14] CPLEX results. Gap: 3.310000, upper bound: 11801.185729, lower bound: 11410.086058
[INFO]:[10:31:14] CPLEX solver finished. Gap: 3.310000
[INFO]:[10:31:15] Starting CPLEX solver on instance: /home/yorig/tuner/mpils-tests/instances/miplib/easy/mas74.mps with config: /scratch/yorig/mpils-results-grid-ticks-10000-7may/easy/2proc-2pils/seed-1/5_mas74_seed-1_20260510_101625/iterated_local_search/run_3_worker_0/parallel_26_1.prm
[INFO]:[10:31:32] CPLEX results. Gap: 3.250000, upper bound: 11801.185729, lower bound: 11417.404664
[INFO]:[10:31:32] CPLEX solver finished. Gap: 3.250000
[INFO]:[10:31:32] Starting CPLEX solver on instance: /home/yorig/tuner/mpils-tests/instances/miplib/easy/mas74.mps with config: /scratch/yorig/mpils-results-grid-ticks-10000-7may/easy/2proc-2pils/seed-1/5_mas74_seed-1_20260510_101625/iterated_local_search/run_3_worker_0/parallel_28_1.prm
[INFO]:[10:31:48] CPLEX results. Gap: 3.230000, upper bound: 11801.185729, lower bound: 11420.046388
[INFO]:[10:31:49] CPLEX solver finished. Gap: 3.230000
[INFO]:[10:31:50] Worker (ils_group_rank=1) exiting parallel ILS evaluation service.
[INFO]:[10:31:50] Worker 1 completed exploration phase.
[INFO]:[10:31:50] Worker 1 received order for step 2.
[INFO]:[10:31:50] Worker 1 running expansion phase for iteration 3.
[INFO]:[10:31:50] Worker 1 will use solver log file: /scratch/yorig/mpils-results-grid-ticks-10000-7may/easy/2proc-2pils/seed-1/5_mas74_seed-1_20260510_101625/solver/cplex.log_iteration_expansion_3_worker_1
[INFO]:[10:31:50] Expansion Worker 1 starting expansion for iteration 3.
[INFO]:[10:31:50] Starting CPLEX solver on instance: /home/yorig/tuner/mpils-tests/instances/miplib/easy/mas74.mps with config: /scratch/yorig/mpils-results-grid-ticks-10000-7may/easy/2proc-2pils/seed-1/5_mas74_seed-1_20260510_101625/expansion/config_param_CPXPARAM_MIP_Strategy_PresolveNode_1_iter_3.prm
[INFO]:[10:32:11] CPLEX results. Gap: 1.900000, upper bound: 11801.185729, lower bound: 11577.031938
[INFO]:[10:32:11] CPLEX solver finished. Gap: 1.900000
[INFO]:[10:32:11] Expansion Worker 1 found an improving configuration with objective value 1.9.
[INFO]:[10:32:17] Expansion Worker 1 stopping early after global MPI expansion stop was activated.
[INFO]:[10:32:17] Expansion Worker 1 completed expansion.
[INFO]:[10:32:17] Worker 1 completed expansion phase.
[INFO]:[10:32:17] Worker 1 received order for step 1.
[INFO]:[10:32:17] Worker 1 running exploration phase for iteration 4.
[INFO]:[10:32:17] Worker 1 at iteration 4 will not use a MIP start file. Current best MIP-start upper bound threshold is 1.79769e+308.
[INFO]:[10:32:17] Starting local search phase...
[INFO]:[10:32:17] Worker (ils_group_rank=1) entering parallel ILS evaluation service.
[INFO]:[10:32:17] Starting CPLEX solver on instance: /home/yorig/tuner/mpils-tests/instances/miplib/easy/mas74.mps with config: /scratch/yorig/mpils-results-grid-ticks-10000-7may/easy/2proc-2pils/seed-1/5_mas74_seed-1_20260510_101625/iterated_local_search/run_4_worker_0/parallel_0_1.prm
[INFO]:[10:32:33] CPLEX results. Gap: 3.600000, upper bound: 11801.185729, lower bound: 11375.980179
[INFO]:[10:32:33] CPLEX solver finished. Gap: 3.600000
[INFO]:[10:32:34] Starting CPLEX solver on instance: /home/yorig/tuner/mpils-tests/instances/miplib/easy/mas74.mps with config: /scratch/yorig/mpils-results-grid-ticks-10000-7may/easy/2proc-2pils/seed-1/5_mas74_seed-1_20260510_101625/iterated_local_search/run_4_worker_0/parallel_2_1.prm
[INFO]:[10:32:52] CPLEX results. Gap: 3.230000, upper bound: 11801.185729, lower bound: 11420.046388
[INFO]:[10:32:52] CPLEX solver finished. Gap: 3.230000
[INFO]:[10:32:53] Starting CPLEX solver on instance: /home/yorig/tuner/mpils-tests/instances/miplib/easy/mas74.mps with config: /scratch/yorig/mpils-results-grid-ticks-10000-7may/easy/2proc-2pils/seed-1/5_mas74_seed-1_20260510_101625/iterated_local_search/run_4_worker_0/parallel_4_1.prm
[INFO]:[10:33:09] CPLEX results. Gap: 3.920000, upper bound: 11857.371258, lower bound: 11392.455505
[INFO]:[10:33:09] CPLEX solver finished. Gap: 3.920000
[INFO]:[10:33:09] Starting CPLEX solver on instance: /home/yorig/tuner/mpils-tests/instances/miplib/easy/mas74.mps with config: /scratch/yorig/mpils-results-grid-ticks-10000-7may/easy/2proc-2pils/seed-1/5_mas74_seed-1_20260510_101625/iterated_local_search/run_4_worker_0/parallel_6_1.prm
[INFO]:[10:33:26] CPLEX results. Gap: 3.230000, upper bound: 11801.185729, lower bound: 11420.046388
[INFO]:[10:33:26] CPLEX solver finished. Gap: 3.230000
[INFO]:[10:33:27] Worker (ils_group_rank=1) exiting parallel ILS evaluation service.
[INFO]:[10:33:27] Worker 1 completed exploration phase.
[INFO]:[10:33:27] Worker 1 received order for step 2.
[INFO]:[10:33:27] Worker 1 running expansion phase for iteration 4.
[INFO]:[10:33:27] Worker 1 will use solver log file: /scratch/yorig/mpils-results-grid-ticks-10000-7may/easy/2proc-2pils/seed-1/5_mas74_seed-1_20260510_101625/solver/cplex.log_iteration_expansion_4_worker_1
[INFO]:[10:33:27] Expansion Worker 1 starting expansion for iteration 4.
[INFO]:[10:33:27] Starting CPLEX solver on instance: /home/yorig/tuner/mpils-tests/instances/miplib/easy/mas74.mps with config: /scratch/yorig/mpils-results-grid-ticks-10000-7may/easy/2proc-2pils/seed-1/5_mas74_seed-1_20260510_101625/expansion/config_param_CPXPARAM_Preprocessing_Presolve_0_iter_4.prm
[INFO]:[10:33:50] CPLEX results. Gap: 1.730000, upper bound: 11801.185729, lower bound: 11596.573787
[INFO]:[10:33:51] CPLEX solver finished. Gap: 1.730000
[INFO]:[10:33:53] Starting CPLEX solver on instance: /home/yorig/tuner/mpils-tests/instances/miplib/easy/mas74.mps with config: /scratch/yorig/mpils-results-grid-ticks-10000-7may/easy/2proc-2pils/seed-1/5_mas74_seed-1_20260510_101625/expansion/config_param_CPXPARAM_Preprocessing_Symmetry_1_iter_4.prm
[INFO]:[10:34:16] CPLEX results. Gap: 1.040000, upper bound: 11801.185729, lower bound: 11677.924738
[INFO]:[10:34:17] CPLEX solver finished. Gap: 1.040000
[INFO]:[10:34:18] Starting CPLEX solver on instance: /home/yorig/tuner/mpils-tests/instances/miplib/easy/mas74.mps with config: /scratch/yorig/mpils-results-grid-ticks-10000-7may/easy/2proc-2pils/seed-1/5_mas74_seed-1_20260510_101625/expansion/config_param_CPXPARAM_Preprocessing_Symmetry_3_iter_4.prm
[INFO]:[10:34:42] CPLEX results. Gap: 1.040000, upper bound: 11801.185729, lower bound: 11677.924738
[INFO]:[10:34:42] CPLEX solver finished. Gap: 1.040000
[INFO]:[10:34:43] Starting CPLEX solver on instance: /home/yorig/tuner/mpils-tests/instances/miplib/easy/mas74.mps with config: /scratch/yorig/mpils-results-grid-ticks-10000-7may/easy/2proc-2pils/seed-1/5_mas74_seed-1_20260510_101625/expansion/config_param_CPXPARAM_Preprocessing_Symmetry_5_iter_4.prm
[INFO]:[10:35:07] CPLEX results. Gap: 1.040000, upper bound: 11801.185729, lower bound: 11677.924738
[INFO]:[10:35:07] CPLEX solver finished. Gap: 1.040000
[INFO]:[10:35:07] Starting CPLEX solver on instance: /home/yorig/tuner/mpils-tests/instances/miplib/easy/mas74.mps with config: /scratch/yorig/mpils-results-grid-ticks-10000-7may/easy/2proc-2pils/seed-1/5_mas74_seed-1_20260510_101625/expansion/config_param_CPXPARAM_Preprocessing_Dual_1_iter_4.prm
[INFO]:[10:35:33] CPLEX results. Gap: 0.880000, upper bound: 11801.185729, lower bound: 11697.385081
[INFO]:[10:35:33] CPLEX solver finished. Gap: 0.880000
[INFO]:[10:35:33] Expansion Worker 1 found an improving configuration with objective value 0.88.
[INFO]:[10:35:33] Expansion Worker 1 stopping early after global MPI expansion stop was activated.
[INFO]:[10:35:33] Expansion Worker 1 completed expansion.
[INFO]:[10:35:33] Worker 1 completed expansion phase.
[INFO]:[10:35:33] Worker 1 received order for step 1.
[INFO]:[10:35:33] Worker 1 running exploration phase for iteration 5.
[INFO]:[10:35:33] Worker 1 at iteration 5 will not use a MIP start file. Current best MIP-start upper bound threshold is 1.79769e+308.
[INFO]:[10:35:33] Starting local search phase...
[INFO]:[10:35:33] Worker (ils_group_rank=1) entering parallel ILS evaluation service.
[INFO]:[10:35:33] Starting CPLEX solver on instance: /home/yorig/tuner/mpils-tests/instances/miplib/easy/mas74.mps with config: /scratch/yorig/mpils-results-grid-ticks-10000-7may/easy/2proc-2pils/seed-1/5_mas74_seed-1_20260510_101625/iterated_local_search/run_5_worker_0/parallel_0_1.prm
[INFO]:[10:35:48] CPLEX results. Gap: 3.200000, upper bound: 11801.185729, lower bound: 11423.157184
[INFO]:[10:35:48] CPLEX solver finished. Gap: 3.200000
[INFO]:[10:35:48] Starting CPLEX solver on instance: /home/yorig/tuner/mpils-tests/instances/miplib/easy/mas74.mps with config: /scratch/yorig/mpils-results-grid-ticks-10000-7may/easy/2proc-2pils/seed-1/5_mas74_seed-1_20260510_101625/iterated_local_search/run_5_worker_0/parallel_2_1.prm
[INFO]:[10:36:06] CPLEX results. Gap: 3.180000, upper bound: 11801.185729, lower bound: 11426.480259
[INFO]:[10:36:06] CPLEX solver finished. Gap: 3.180000
[INFO]:[10:36:06] Starting CPLEX solver on instance: /home/yorig/tuner/mpils-tests/instances/miplib/easy/mas74.mps with config: /scratch/yorig/mpils-results-grid-ticks-10000-7may/easy/2proc-2pils/seed-1/5_mas74_seed-1_20260510_101625/iterated_local_search/run_5_worker_0/parallel_4_1.prm
[INFO]:[10:36:23] CPLEX results. Gap: 3.170000, upper bound: 11801.185729, lower bound: 11426.624679
[INFO]:[10:36:24] CPLEX solver finished. Gap: 3.170000
[INFO]:[10:36:24] Starting CPLEX solver on instance: /home/yorig/tuner/mpils-tests/instances/miplib/easy/mas74.mps with config: /scratch/yorig/mpils-results-grid-ticks-10000-7may/easy/2proc-2pils/seed-1/5_mas74_seed-1_20260510_101625/iterated_local_search/run_5_worker_0/parallel_6_1.prm
[INFO]:[10:36:41] CPLEX results. Gap: 3.440000, upper bound: 11801.185729, lower bound: 11395.762237
[INFO]:[10:36:41] CPLEX solver finished. Gap: 3.440000
[INFO]:[10:36:42] Starting CPLEX solver on instance: /home/yorig/tuner/mpils-tests/instances/miplib/easy/mas74.mps with config: /scratch/yorig/mpils-results-grid-ticks-10000-7may/easy/2proc-2pils/seed-1/5_mas74_seed-1_20260510_101625/iterated_local_search/run_5_worker_0/parallel_8_1.prm
[INFO]:[10:36:59] CPLEX results. Gap: 3.160000, upper bound: 11801.185729, lower bound: 11428.013609
[INFO]:[10:36:59] CPLEX solver finished. Gap: 3.160000
[INFO]:[10:37:00] Starting CPLEX solver on instance: /home/yorig/tuner/mpils-tests/instances/miplib/easy/mas74.mps with config: /scratch/yorig/mpils-results-grid-ticks-10000-7may/easy/2proc-2pils/seed-1/5_mas74_seed-1_20260510_101625/iterated_local_search/run_5_worker_0/parallel_10_1.prm
[INFO]:[10:37:15] CPLEX results. Gap: 7.080000, upper bound: 11801.185729, lower bound: 10965.607959
[INFO]:[10:37:16] CPLEX solver finished. Gap: 7.080000
[INFO]:[10:37:18] Starting CPLEX solver on instance: /home/yorig/tuner/mpils-tests/instances/miplib/easy/mas74.mps with config: /scratch/yorig/mpils-results-grid-ticks-10000-7may/easy/2proc-2pils/seed-1/5_mas74_seed-1_20260510_101625/iterated_local_search/run_5_worker_0/parallel_12_1.prm
[INFO]:[10:37:35] CPLEX results. Gap: 3.170000, upper bound: 11801.185729, lower bound: 11426.624679
[INFO]:[10:37:35] CPLEX solver finished. Gap: 3.170000
[INFO]:[10:37:36] Starting CPLEX solver on instance: /home/yorig/tuner/mpils-tests/instances/miplib/easy/mas74.mps with config: /scratch/yorig/mpils-results-grid-ticks-10000-7may/easy/2proc-2pils/seed-1/5_mas74_seed-1_20260510_101625/iterated_local_search/run_5_worker_0/parallel_14_1.prm
[INFO]:[10:37:51] CPLEX results. Gap: 3.800000, upper bound: 11857.371258, lower bound: 11407.066736
[INFO]:[10:37:51] CPLEX solver finished. Gap: 3.800000
[INFO]:[10:37:52] Starting CPLEX solver on instance: /home/yorig/tuner/mpils-tests/instances/miplib/easy/mas74.mps with config: /scratch/yorig/mpils-results-grid-ticks-10000-7may/easy/2proc-2pils/seed-1/5_mas74_seed-1_20260510_101625/iterated_local_search/run_5_worker_0/parallel_16_1.prm
[INFO]:[10:38:07] CPLEX results. Gap: 4.880000, upper bound: 11801.185729, lower bound: 11225.819226
[INFO]:[10:38:07] CPLEX solver finished. Gap: 4.880000
[INFO]:[10:38:09] Starting CPLEX solver on instance: /home/yorig/tuner/mpils-tests/instances/miplib/easy/mas74.mps with config: /scratch/yorig/mpils-results-grid-ticks-10000-7may/easy/2proc-2pils/seed-1/5_mas74_seed-1_20260510_101625/iterated_local_search/run_5_worker_0/parallel_18_1.prm
[INFO]:[10:38:27] CPLEX results. Gap: 3.300000, upper bound: 11801.185729, lower bound: 11411.548465
[INFO]:[10:38:27] CPLEX solver finished. Gap: 3.300000
[INFO]:[10:38:27] Starting CPLEX solver on instance: /home/yorig/tuner/mpils-tests/instances/miplib/easy/mas74.mps with config: /scratch/yorig/mpils-results-grid-ticks-10000-7may/easy/2proc-2pils/seed-1/5_mas74_seed-1_20260510_101625/iterated_local_search/run_5_worker_0/parallel_20_1.prm
[INFO]:[10:38:43] CPLEX results. Gap: 3.970000, upper bound: 11857.371258, lower bound: 11386.835759
[INFO]:[10:38:43] CPLEX solver finished. Gap: 3.970000
[INFO]:[10:38:44] Starting CPLEX solver on instance: /home/yorig/tuner/mpils-tests/instances/miplib/easy/mas74.mps with config: /scratch/yorig/mpils-results-grid-ticks-10000-7may/easy/2proc-2pils/seed-1/5_mas74_seed-1_20260510_101625/iterated_local_search/run_5_worker_0/parallel_22_1.prm
[INFO]:[10:39:01] CPLEX results. Gap: 3.300000, upper bound: 11801.185729, lower bound: 11412.008626
[INFO]:[10:39:01] CPLEX solver finished. Gap: 3.300000
[INFO]:[10:39:02] Starting CPLEX solver on instance: /home/yorig/tuner/mpils-tests/instances/miplib/easy/mas74.mps with config: /scratch/yorig/mpils-results-grid-ticks-10000-7may/easy/2proc-2pils/seed-1/5_mas74_seed-1_20260510_101625/iterated_local_search/run_5_worker_0/parallel_24_1.prm
[INFO]:[10:39:19] CPLEX results. Gap: 3.300000, upper bound: 11801.185729, lower bound: 11411.344045
[INFO]:[10:39:19] CPLEX solver finished. Gap: 3.300000
[INFO]:[10:39:20] Starting CPLEX solver on instance: /home/yorig/tuner/mpils-tests/instances/miplib/easy/mas74.mps with config: /scratch/yorig/mpils-results-grid-ticks-10000-7may/easy/2proc-2pils/seed-1/5_mas74_seed-1_20260510_101625/iterated_local_search/run_5_worker_0/parallel_26_1.prm
[INFO]:[10:39:37] CPLEX results. Gap: 4.130000, upper bound: 11857.371258, lower bound: 11367.929767
[INFO]:[10:39:37] CPLEX solver finished. Gap: 4.130000
[INFO]:[10:39:37] Worker (ils_group_rank=1) exiting parallel ILS evaluation service.
[INFO]:[10:39:37] Worker 1 completed exploration phase.
[INFO]:[10:39:37] Worker 1 received order for step 2.
[INFO]:[10:39:37] Worker 1 running expansion phase for iteration 5.
[INFO]:[10:39:37] Worker 1 will use solver log file: /scratch/yorig/mpils-results-grid-ticks-10000-7may/easy/2proc-2pils/seed-1/5_mas74_seed-1_20260510_101625/solver/cplex.log_iteration_expansion_5_worker_1
[INFO]:[10:39:37] Expansion Worker 1 starting expansion for iteration 5.
[INFO]:[10:39:37] Starting CPLEX solver on instance: /home/yorig/tuner/mpils-tests/instances/miplib/easy/mas74.mps with config: /scratch/yorig/mpils-results-grid-ticks-10000-7may/easy/2proc-2pils/seed-1/5_mas74_seed-1_20260510_101625/expansion/config_param_CPXPARAM_MIP_Strategy_HeuristicFreq_-1_iter_5.prm
[INFO]:[10:40:00] CPLEX results. Gap: 2.440000, upper bound: 11893.872575, lower bound: 11603.145493
[INFO]:[10:40:00] CPLEX solver finished. Gap: 2.440000
[INFO]:[10:40:00] Starting CPLEX solver on instance: /home/yorig/tuner/mpils-tests/instances/miplib/easy/mas74.mps with config: /scratch/yorig/mpils-results-grid-ticks-10000-7may/easy/2proc-2pils/seed-1/5_mas74_seed-1_20260510_101625/expansion/config_param_CPXPARAM_MIP_Strategy_HeuristicFreq_40_iter_5.prm
[INFO]:[10:40:25] CPLEX results. Gap: 1.640000, upper bound: 11857.371258, lower bound: 11662.742466
[INFO]:[10:40:25] CPLEX solver finished. Gap: 1.640000
[INFO]:[10:40:25] Starting CPLEX solver on instance: /home/yorig/tuner/mpils-tests/instances/miplib/easy/mas74.mps with config: /scratch/yorig/mpils-results-grid-ticks-10000-7may/easy/2proc-2pils/seed-1/5_mas74_seed-1_20260510_101625/expansion/config_param_CPXPARAM_MIP_Strategy_HeuristicFreq_500_iter_5.prm
[INFO]:[10:40:50] CPLEX results. Gap: 1.310000, upper bound: 11801.185729, lower bound: 11646.740159
[INFO]:[10:40:50] CPLEX solver finished. Gap: 1.310000
[INFO]:[10:40:51] Starting CPLEX solver on instance: /home/yorig/tuner/mpils-tests/instances/miplib/easy/mas74.mps with config: /scratch/yorig/mpils-results-grid-ticks-10000-7may/easy/2proc-2pils/seed-1/5_mas74_seed-1_20260510_101625/expansion/config_param_CPXPARAM_MIP_Strategy_StartAlgorithm_1_iter_5.prm
[INFO]:[10:41:16] CPLEX results. Gap: 1.040000, upper bound: 11801.185729, lower bound: 11678.005478
[INFO]:[10:41:16] CPLEX solver finished. Gap: 1.040000
[INFO]:[10:41:16] Starting CPLEX solver on instance: /home/yorig/tuner/mpils-tests/instances/miplib/easy/mas74.mps with config: /scratch/yorig/mpils-results-grid-ticks-10000-7may/easy/2proc-2pils/seed-1/5_mas74_seed-1_20260510_101625/expansion/config_param_CPXPARAM_MIP_Strategy_StartAlgorithm_3_iter_5.prm
[INFO]:[10:41:39] CPLEX results. Gap: 1.330000, upper bound: 11801.185729, lower bound: 11644.603509
[INFO]:[10:41:39] CPLEX solver finished. Gap: 1.330000
[INFO]:[10:41:42] Starting CPLEX solver on instance: /home/yorig/tuner/mpils-tests/instances/miplib/easy/mas74.mps with config: /scratch/yorig/mpils-results-grid-ticks-10000-7may/easy/2proc-2pils/seed-1/5_mas74_seed-1_20260510_101625/expansion/config_param_CPXPARAM_MIP_Strategy_StartAlgorithm_5_iter_5.prm
[INFO]:[10:42:05] CPLEX results. Gap: 1.890000, upper bound: 11857.371258, lower bound: 11633.641498
[INFO]:[10:42:06] CPLEX solver finished. Gap: 1.890000
[INFO]:[10:42:08] Starting CPLEX solver on instance: /home/yorig/tuner/mpils-tests/instances/miplib/easy/mas74.mps with config: /scratch/yorig/mpils-results-grid-ticks-10000-7may/easy/2proc-2pils/seed-1/5_mas74_seed-1_20260510_101625/expansion/config_param_CPXPARAM_MIP_Strategy_SubAlgorithm_1_iter_5.prm
[INFO]:[10:42:25] CPLEX results. Gap: 2.710000, upper bound: 11801.185729, lower bound: 11481.397436
[INFO]:[10:42:25] CPLEX solver finished. Gap: 2.710000
[INFO]:[10:42:34] Starting CPLEX solver on instance: /home/yorig/tuner/mpils-tests/instances/miplib/easy/mas74.mps with config: /scratch/yorig/mpils-results-grid-ticks-10000-7may/easy/2proc-2pils/seed-1/5_mas74_seed-1_20260510_101625/expansion/config_param_CPXPARAM_MIP_Strategy_SubAlgorithm_3_iter_5.prm
[INFO]:[10:42:48] CPLEX results. Gap: 3.900000, upper bound: 11801.185729, lower bound: 11341.516330
[INFO]:[10:42:48] CPLEX solver finished. Gap: 3.900000
[INFO]:[10:42:59] Starting CPLEX solver on instance: /home/yorig/tuner/mpils-tests/instances/miplib/easy/mas74.mps with config: /scratch/yorig/mpils-results-grid-ticks-10000-7may/easy/2proc-2pils/seed-1/5_mas74_seed-1_20260510_101625/expansion/config_param_CPXPARAM_MIP_Strategy_SubAlgorithm_5_iter_5.prm
[INFO]:[10:43:13] CPLEX results. Gap: 7.120000, upper bound: 11801.185729, lower bound: 10960.678653
[INFO]:[10:43:13] CPLEX solver finished. Gap: 7.120000
[INFO]:[10:43:13] Starting CPLEX solver on instance: /home/yorig/tuner/mpils-tests/instances/miplib/easy/mas74.mps with config: /scratch/yorig/mpils-results-grid-ticks-10000-7may/easy/2proc-2pils/seed-1/5_mas74_seed-1_20260510_101625/expansion/config_param_CPXPARAM_Simplex_DGradient_2_iter_5.prm
[INFO]:[10:43:39] CPLEX results. Gap: 0.840000, upper bound: 11801.185729, lower bound: 11702.456356
[INFO]:[10:43:40] CPLEX solver finished. Gap: 0.840000
[INFO]:[10:43:40] Expansion Worker 1 found an improving configuration with objective value 0.84.
[INFO]:[10:43:40] Expansion Worker 1 stopping early after global MPI expansion stop was activated.
[INFO]:[10:43:40] Expansion Worker 1 completed expansion.
[INFO]:[10:43:40] Worker 1 completed expansion phase.
[INFO]:[10:43:40] Worker 1 received order for step 1.
[INFO]:[10:43:40] Worker 1 running exploration phase for iteration 6.
[INFO]:[10:43:40] Worker 1 at iteration 6 will not use a MIP start file. Current best MIP-start upper bound threshold is 1.79769e+308.
[INFO]:[10:43:40] Starting local search phase...
[INFO]:[10:43:40] Worker (ils_group_rank=1) entering parallel ILS evaluation service.
[INFO]:[10:43:40] Starting CPLEX solver on instance: /home/yorig/tuner/mpils-tests/instances/miplib/easy/mas74.mps with config: /scratch/yorig/mpils-results-grid-ticks-10000-7may/easy/2proc-2pils/seed-1/5_mas74_seed-1_20260510_101625/iterated_local_search/run_6_worker_0/parallel_0_1.prm
[INFO]:[10:43:56] CPLEX results. Gap: 3.640000, upper bound: 11801.185729, lower bound: 11371.583697
[INFO]:[10:43:56] CPLEX solver finished. Gap: 3.640000
[INFO]:[10:43:58] Starting CPLEX solver on instance: /home/yorig/tuner/mpils-tests/instances/miplib/easy/mas74.mps with config: /scratch/yorig/mpils-results-grid-ticks-10000-7may/easy/2proc-2pils/seed-1/5_mas74_seed-1_20260510_101625/iterated_local_search/run_6_worker_0/parallel_2_1.prm
[INFO]:[10:44:12] CPLEX results. Gap: 4.020000, upper bound: 11801.185729, lower bound: 11326.469721
[INFO]:[10:44:12] CPLEX solver finished. Gap: 4.020000
[INFO]:[10:44:13] Starting CPLEX solver on instance: /home/yorig/tuner/mpils-tests/instances/miplib/easy/mas74.mps with config: /scratch/yorig/mpils-results-grid-ticks-10000-7may/easy/2proc-2pils/seed-1/5_mas74_seed-1_20260510_101625/iterated_local_search/run_6_worker_0/parallel_4_1.prm
[INFO]:[10:44:29] CPLEX results. Gap: 3.180000, upper bound: 11801.185729, lower bound: 11425.717320
[INFO]:[10:44:29] CPLEX solver finished. Gap: 3.180000
[INFO]:[10:44:31] Starting CPLEX solver on instance: /home/yorig/tuner/mpils-tests/instances/miplib/easy/mas74.mps with config: /scratch/yorig/mpils-results-grid-ticks-10000-7may/easy/2proc-2pils/seed-1/5_mas74_seed-1_20260510_101625/iterated_local_search/run_6_worker_0/parallel_6_1.prm
[INFO]:[10:44:47] CPLEX results. Gap: 3.160000, upper bound: 11801.185729, lower bound: 11428.013609
[INFO]:[10:44:47] CPLEX solver finished. Gap: 3.160000
[INFO]:[10:44:49] Starting CPLEX solver on instance: /home/yorig/tuner/mpils-tests/instances/miplib/easy/mas74.mps with config: /scratch/yorig/mpils-results-grid-ticks-10000-7may/easy/2proc-2pils/seed-1/5_mas74_seed-1_20260510_101625/iterated_local_search/run_6_worker_0/parallel_8_1.prm
[INFO]:[10:45:06] CPLEX results. Gap: 3.160000, upper bound: 11801.185729, lower bound: 11428.013609
[INFO]:[10:45:06] CPLEX solver finished. Gap: 3.160000
[INFO]:[10:45:06] Starting CPLEX solver on instance: /home/yorig/tuner/mpils-tests/instances/miplib/easy/mas74.mps with config: /scratch/yorig/mpils-results-grid-ticks-10000-7may/easy/2proc-2pils/seed-1/5_mas74_seed-1_20260510_101625/iterated_local_search/run_6_worker_0/parallel_10_1.prm
[INFO]:[10:45:20] CPLEX results. Gap: 3.810000, upper bound: 11801.185729, lower bound: 11351.323293
[INFO]:[10:45:20] CPLEX solver finished. Gap: 3.810000
[INFO]:[10:45:23] Starting CPLEX solver on instance: /home/yorig/tuner/mpils-tests/instances/miplib/easy/mas74.mps with config: /scratch/yorig/mpils-results-grid-ticks-10000-7may/easy/2proc-2pils/seed-1/5_mas74_seed-1_20260510_101625/iterated_local_search/run_6_worker_0/parallel_12_1.prm
[INFO]:[10:45:40] CPLEX results. Gap: 3.160000, upper bound: 11801.185729, lower bound: 11428.013609
[INFO]:[10:45:40] CPLEX solver finished. Gap: 3.160000
[INFO]:[10:45:41] Starting CPLEX solver on instance: /home/yorig/tuner/mpils-tests/instances/miplib/easy/mas74.mps with config: /scratch/yorig/mpils-results-grid-ticks-10000-7may/easy/2proc-2pils/seed-1/5_mas74_seed-1_20260510_101625/iterated_local_search/run_6_worker_0/parallel_14_1.prm
[INFO]:[10:45:58] CPLEX results. Gap: 3.160000, upper bound: 11801.185729, lower bound: 11428.013609
[INFO]:[10:45:58] CPLEX solver finished. Gap: 3.160000
[INFO]:[10:45:59] Starting CPLEX solver on instance: /home/yorig/tuner/mpils-tests/instances/miplib/easy/mas74.mps with config: /scratch/yorig/mpils-results-grid-ticks-10000-7may/easy/2proc-2pils/seed-1/5_mas74_seed-1_20260510_101625/iterated_local_search/run_6_worker_0/parallel_16_1.prm
[INFO]:[10:46:15] CPLEX results. Gap: 3.160000, upper bound: 11801.185729, lower bound: 11428.013609
[INFO]:[10:46:15] CPLEX solver finished. Gap: 3.160000
[INFO]:[10:46:17] Worker (ils_group_rank=1) exiting parallel ILS evaluation service.
[INFO]:[10:46:17] Worker 1 completed exploration phase.
[INFO]:[10:46:17] Worker 1 received order for step 2.
[INFO]:[10:46:17] Worker 1 running expansion phase for iteration 6.
[INFO]:[10:46:17] Worker 1 will use solver log file: /scratch/yorig/mpils-results-grid-ticks-10000-7may/easy/2proc-2pils/seed-1/5_mas74_seed-1_20260510_101625/solver/cplex.log_iteration_expansion_6_worker_1
[INFO]:[10:46:17] Expansion Worker 1 starting expansion for iteration 6.
[INFO]:[10:46:17] Starting CPLEX solver on instance: /home/yorig/tuner/mpils-tests/instances/miplib/easy/mas74.mps with config: /scratch/yorig/mpils-results-grid-ticks-10000-7may/easy/2proc-2pils/seed-1/5_mas74_seed-1_20260510_101625/expansion/config_param_CPXPARAM_Simplex_PGradient_1_iter_6.prm
[INFO]:[10:46:44] CPLEX results. Gap: 0.850000, upper bound: 11801.185729, lower bound: 11700.286290
[INFO]:[10:46:44] CPLEX solver finished. Gap: 0.850000
[INFO]:[10:46:44] Starting CPLEX solver on instance: /home/yorig/tuner/mpils-tests/instances/miplib/easy/mas74.mps with config: /scratch/yorig/mpils-results-grid-ticks-10000-7may/easy/2proc-2pils/seed-1/5_mas74_seed-1_20260510_101625/expansion/config_param_CPXPARAM_Simplex_PGradient_3_iter_6.prm
[INFO]:[10:47:12] CPLEX results. Gap: 0.780000, upper bound: 11801.185729, lower bound: 11708.960530
[INFO]:[10:47:12] CPLEX solver finished. Gap: 0.780000
[INFO]:[10:47:12] Expansion Worker 1 found an improving configuration with objective value 0.78.
[INFO]:[10:47:12] Expansion Worker 1 stopping early after global MPI expansion stop was activated.
[INFO]:[10:47:12] Expansion Worker 1 completed expansion.
[INFO]:[10:47:12] Worker 1 completed expansion phase.
[INFO]:[10:47:13] Worker 1 received order for step 1.
[INFO]:[10:47:13] Worker 1 running exploration phase for iteration 7.
[INFO]:[10:47:13] Worker 1 at iteration 7 will not use a MIP start file. Current best MIP-start upper bound threshold is 1.79769e+308.
[INFO]:[10:47:13] Starting local search phase...
[INFO]:[10:47:13] Worker (ils_group_rank=1) entering parallel ILS evaluation service.
[INFO]:[10:47:13] Starting CPLEX solver on instance: /home/yorig/tuner/mpils-tests/instances/miplib/easy/mas74.mps with config: /scratch/yorig/mpils-results-grid-ticks-10000-7may/easy/2proc-2pils/seed-1/5_mas74_seed-1_20260510_101625/iterated_local_search/run_7_worker_0/parallel_0_1.prm
[INFO]:[10:47:29] CPLEX results. Gap: 3.200000, upper bound: 11801.185729, lower bound: 11423.547193
[INFO]:[10:47:29] CPLEX solver finished. Gap: 3.200000
[INFO]:[10:47:30] Starting CPLEX solver on instance: /home/yorig/tuner/mpils-tests/instances/miplib/easy/mas74.mps with config: /scratch/yorig/mpils-results-grid-ticks-10000-7may/easy/2proc-2pils/seed-1/5_mas74_seed-1_20260510_101625/iterated_local_search/run_7_worker_0/parallel_2_1.prm
[INFO]:[10:47:47] CPLEX results. Gap: 3.160000, upper bound: 11801.185729, lower bound: 11428.013609
[INFO]:[10:47:47] CPLEX solver finished. Gap: 3.160000
[INFO]:[10:47:48] Starting CPLEX solver on instance: /home/yorig/tuner/mpils-tests/instances/miplib/easy/mas74.mps with config: /scratch/yorig/mpils-results-grid-ticks-10000-7may/easy/2proc-2pils/seed-1/5_mas74_seed-1_20260510_101625/iterated_local_search/run_7_worker_0/parallel_4_1.prm
[INFO]:[10:48:04] CPLEX results. Gap: 3.660000, upper bound: 11801.185729, lower bound: 11368.872940
[INFO]:[10:48:04] CPLEX solver finished. Gap: 3.660000
[INFO]:[10:48:06] Starting CPLEX solver on instance: /home/yorig/tuner/mpils-tests/instances/miplib/easy/mas74.mps with config: /scratch/yorig/mpils-results-grid-ticks-10000-7may/easy/2proc-2pils/seed-1/5_mas74_seed-1_20260510_101625/iterated_local_search/run_7_worker_0/parallel_6_1.prm
[INFO]:[10:48:23] CPLEX results. Gap: 3.080000, upper bound: 11801.185729, lower bound: 11438.263364
[INFO]:[10:48:23] CPLEX solver finished. Gap: 3.080000
[INFO]:[10:48:24] Starting CPLEX solver on instance: /home/yorig/tuner/mpils-tests/instances/miplib/easy/mas74.mps with config: /scratch/yorig/mpils-results-grid-ticks-10000-7may/easy/2proc-2pils/seed-1/5_mas74_seed-1_20260510_101625/iterated_local_search/run_7_worker_0/parallel_8_1.prm
[INFO]:[10:48:41] CPLEX results. Gap: 3.080000, upper bound: 11801.185729, lower bound: 11438.263364
[INFO]:[10:48:41] CPLEX solver finished. Gap: 3.080000
[INFO]:[10:48:42] Worker (ils_group_rank=1) exiting parallel ILS evaluation service.
[INFO]:[10:48:42] Worker 1 completed exploration phase.
[INFO]:[10:48:42] Worker 1 received order for step 2.
[INFO]:[10:48:42] Worker 1 running expansion phase for iteration 7.
[INFO]:[10:48:42] Worker 1 will use solver log file: /scratch/yorig/mpils-results-grid-ticks-10000-7may/easy/2proc-2pils/seed-1/5_mas74_seed-1_20260510_101625/solver/cplex.log_iteration_expansion_7_worker_1
[INFO]:[10:48:42] Expansion Worker 1 starting expansion for iteration 7.
[INFO]:[10:48:42] Starting CPLEX solver on instance: /home/yorig/tuner/mpils-tests/instances/miplib/easy/mas74.mps with config: /scratch/yorig/mpils-results-grid-ticks-10000-7may/easy/2proc-2pils/seed-1/5_mas74_seed-1_20260510_101625/expansion/config_param_CPXPARAM_Advance_2_iter_7.prm
[INFO]:[10:49:09] CPLEX results. Gap: 0.780000, upper bound: 11801.185729, lower bound: 11708.960530
[INFO]:[10:49:09] CPLEX solver finished. Gap: 0.780000
[INFO]:[10:49:10] Starting CPLEX solver on instance: /home/yorig/tuner/mpils-tests/instances/miplib/easy/mas74.mps with config: /scratch/yorig/mpils-results-grid-ticks-10000-7may/easy/2proc-2pils/seed-1/5_mas74_seed-1_20260510_101625/expansion/config_param_CPXPARAM_MIP_Limits_AggForCut_1_iter_7.prm
[INFO]:[10:49:37] CPLEX results. Gap: 0.780000, upper bound: 11801.185729, lower bound: 11708.960530
[INFO]:[10:49:38] CPLEX solver finished. Gap: 0.780000
[INFO]:[10:49:38] Starting CPLEX solver on instance: /home/yorig/tuner/mpils-tests/instances/miplib/easy/mas74.mps with config: /scratch/yorig/mpils-results-grid-ticks-10000-7may/easy/2proc-2pils/seed-1/5_mas74_seed-1_20260510_101625/expansion/config_param_CPXPARAM_MIP_Limits_AggForCut_5_iter_7.prm
[INFO]:[10:50:05] CPLEX results. Gap: 0.780000, upper bound: 11801.185729, lower bound: 11708.960530
[INFO]:[10:50:05] CPLEX solver finished. Gap: 0.780000
[INFO]:[10:50:06] Starting CPLEX solver on instance: /home/yorig/tuner/mpils-tests/instances/miplib/easy/mas74.mps with config: /scratch/yorig/mpils-results-grid-ticks-10000-7may/easy/2proc-2pils/seed-1/5_mas74_seed-1_20260510_101625/expansion/config_param_CPXPARAM_Preprocessing_Fill_2_iter_7.prm
[INFO]:[10:50:32] CPLEX results. Gap: 0.780000, upper bound: 11801.185729, lower bound: 11708.960530
[INFO]:[10:50:33] CPLEX solver finished. Gap: 0.780000
[INFO]:[10:50:34] Starting CPLEX solver on instance: /home/yorig/tuner/mpils-tests/instances/miplib/easy/mas74.mps with config: /scratch/yorig/mpils-results-grid-ticks-10000-7may/easy/2proc-2pils/seed-1/5_mas74_seed-1_20260510_101625/expansion/config_param_CPXPARAM_Preprocessing_Fill_20_iter_7.prm
[INFO]:[10:51:00] CPLEX results. Gap: 0.780000, upper bound: 11801.185729, lower bound: 11708.960530
[INFO]:[10:51:00] CPLEX solver finished. Gap: 0.780000
[INFO]:[10:51:01] Starting CPLEX solver on instance: /home/yorig/tuner/mpils-tests/instances/miplib/easy/mas74.mps with config: /scratch/yorig/mpils-results-grid-ticks-10000-7may/easy/2proc-2pils/seed-1/5_mas74_seed-1_20260510_101625/expansion/config_param_CPXPARAM_Barrier_Crossover_1_iter_7.prm
[INFO]:[10:51:27] CPLEX results. Gap: 0.780000, upper bound: 11801.185729, lower bound: 11708.960530
[INFO]:[10:51:28] CPLEX solver finished. Gap: 0.780000
[INFO]:[10:51:29] Starting CPLEX solver on instance: /home/yorig/tuner/mpils-tests/instances/miplib/easy/mas74.mps with config: /scratch/yorig/mpils-results-grid-ticks-10000-7may/easy/2proc-2pils/seed-1/5_mas74_seed-1_20260510_101625/expansion/config_param_CPXPARAM_Barrier_Ordering_1_iter_7.prm
[INFO]:[10:51:55] CPLEX results. Gap: 0.780000, upper bound: 11801.185729, lower bound: 11708.960530
[INFO]:[10:51:56] CPLEX solver finished. Gap: 0.780000
[INFO]:[10:51:57] Starting CPLEX solver on instance: /home/yorig/tuner/mpils-tests/instances/miplib/easy/mas74.mps with config: /scratch/yorig/mpils-results-grid-ticks-10000-7may/easy/2proc-2pils/seed-1/5_mas74_seed-1_20260510_101625/expansion/config_param_CPXPARAM_Barrier_Ordering_3_iter_7.prm
[INFO]:[10:52:23] CPLEX results. Gap: 0.780000, upper bound: 11801.185729, lower bound: 11708.960530
[INFO]:[10:52:24] CPLEX solver finished. Gap: 0.780000
[INFO]:[10:52:25] Starting CPLEX solver on instance: /home/yorig/tuner/mpils-tests/instances/miplib/easy/mas74.mps with config: /scratch/yorig/mpils-results-grid-ticks-10000-7may/easy/2proc-2pils/seed-1/5_mas74_seed-1_20260510_101625/expansion/config_param_CPXPARAM_Barrier_StartAlg_3_iter_7.prm
[INFO]:[10:52:51] CPLEX results. Gap: 0.780000, upper bound: 11801.185729, lower bound: 11708.960530
[INFO]:[10:52:51] CPLEX solver finished. Gap: 0.780000
[INFO]:[10:52:53] Starting CPLEX solver on instance: /home/yorig/tuner/mpils-tests/instances/miplib/easy/mas74.mps with config: /scratch/yorig/mpils-results-grid-ticks-10000-7may/easy/2proc-2pils/seed-1/5_mas74_seed-1_20260510_101625/expansion/config_param_CPXPARAM_Preprocessing_BoundStrength_0_iter_7.prm
[INFO]:[10:53:18] CPLEX results. Gap: 1.260000, upper bound: 11801.185729, lower bound: 11652.588889
[INFO]:[10:53:18] CPLEX solver finished. Gap: 1.260000
[INFO]:[10:53:21] Starting CPLEX solver on instance: /home/yorig/tuner/mpils-tests/instances/miplib/easy/mas74.mps with config: /scratch/yorig/mpils-results-grid-ticks-10000-7may/easy/2proc-2pils/seed-1/5_mas74_seed-1_20260510_101625/expansion/config_param_CPXPARAM_Preprocessing_CoeffReduce_0_iter_7.prm
[INFO]:[10:53:47] CPLEX results. Gap: 0.780000, upper bound: 11801.185729, lower bound: 11708.960530
[INFO]:[10:53:47] CPLEX solver finished. Gap: 0.780000
[INFO]:[10:53:49] Starting CPLEX solver on instance: /home/yorig/tuner/mpils-tests/instances/miplib/easy/mas74.mps with config: /scratch/yorig/mpils-results-grid-ticks-10000-7may/easy/2proc-2pils/seed-1/5_mas74_seed-1_20260510_101625/expansion/config_param_CPXPARAM_Preprocessing_CoeffReduce_2_iter_7.prm
[INFO]:[10:54:16] CPLEX results. Gap: 0.780000, upper bound: 11801.185729, lower bound: 11708.960530
[INFO]:[10:54:17] CPLEX solver finished. Gap: 0.780000
[INFO]:[10:54:17] Starting CPLEX solver on instance: /home/yorig/tuner/mpils-tests/instances/miplib/easy/mas74.mps with config: /scratch/yorig/mpils-results-grid-ticks-10000-7may/easy/2proc-2pils/seed-1/5_mas74_seed-1_20260510_101625/expansion/config_param_CPXPARAM_Simplex_Crash_-1_iter_7.prm
[INFO]:[10:54:44] CPLEX results. Gap: 0.780000, upper bound: 11801.185729, lower bound: 11708.960530
[INFO]:[10:54:44] CPLEX solver finished. Gap: 0.780000
[INFO]:[10:54:45] Starting CPLEX solver on instance: /home/yorig/tuner/mpils-tests/instances/miplib/easy/mas74.mps with config: /scratch/yorig/mpils-results-grid-ticks-10000-7may/easy/2proc-2pils/seed-1/5_mas74_seed-1_20260510_101625/expansion/config_param_CPXPARAM_Preprocessing_Dependency_0_iter_7.prm
[INFO]:[10:55:12] CPLEX results. Gap: 0.780000, upper bound: 11801.185729, lower bound: 11708.960530
[INFO]:[10:55:12] CPLEX solver finished. Gap: 0.780000
[INFO]:[10:55:13] Starting CPLEX solver on instance: /home/yorig/tuner/mpils-tests/instances/miplib/easy/mas74.mps with config: /scratch/yorig/mpils-results-grid-ticks-10000-7may/easy/2proc-2pils/seed-1/5_mas74_seed-1_20260510_101625/expansion/config_param_CPXPARAM_Preprocessing_Dependency_2_iter_7.prm
[INFO]:[10:55:39] CPLEX results. Gap: 0.780000, upper bound: 11801.185729, lower bound: 11708.954007
[INFO]:[10:55:40] CPLEX solver finished. Gap: 0.780000
[INFO]:[10:55:58] Expansion Worker 1 completed expansion.
[INFO]:[10:55:58] Worker 1 completed expansion phase.
[INFO]:[10:55:58] Worker 1 received order for step 1.
[INFO]:[10:55:58] Worker 1 running exploration phase for iteration 8.
[INFO]:[10:55:58] Worker 1 at iteration 8 will not use a MIP start file. Current best MIP-start upper bound threshold is 1.79769e+308.
[INFO]:[10:55:58] Starting local search phase...
[INFO]:[10:55:58] Worker (ils_group_rank=1) entering parallel ILS evaluation service.
[INFO]:[10:55:59] Starting CPLEX solver on instance: /home/yorig/tuner/mpils-tests/instances/miplib/easy/mas74.mps with config: /scratch/yorig/mpils-results-grid-ticks-10000-7may/easy/2proc-2pils/seed-1/5_mas74_seed-1_20260510_101625/iterated_local_search/run_8_worker_0/parallel_0_1.prm
[INFO]:[10:56:15] CPLEX results. Gap: 3.280000, upper bound: 11801.185729, lower bound: 11413.886548
[INFO]:[10:56:15] CPLEX solver finished. Gap: 3.280000
[INFO]:[10:56:17] Starting CPLEX solver on instance: /home/yorig/tuner/mpils-tests/instances/miplib/easy/mas74.mps with config: /scratch/yorig/mpils-results-grid-ticks-10000-7may/easy/2proc-2pils/seed-1/5_mas74_seed-1_20260510_101625/iterated_local_search/run_8_worker_0/parallel_2_1.prm
[INFO]:[10:56:33] CPLEX results. Gap: 3.080000, upper bound: 11801.185729, lower bound: 11438.263364
[INFO]:[10:56:33] CPLEX solver finished. Gap: 3.080000
[INFO]:[10:56:35] Starting CPLEX solver on instance: /home/yorig/tuner/mpils-tests/instances/miplib/easy/mas74.mps with config: /scratch/yorig/mpils-results-grid-ticks-10000-7may/easy/2proc-2pils/seed-1/5_mas74_seed-1_20260510_101625/iterated_local_search/run_8_worker_0/parallel_4_1.prm
[INFO]:[10:56:52] CPLEX results. Gap: 3.080000, upper bound: 11801.185729, lower bound: 11438.263364
[INFO]:[10:56:52] CPLEX solver finished. Gap: 3.080000
[INFO]:[10:56:53] Starting CPLEX solver on instance: /home/yorig/tuner/mpils-tests/instances/miplib/easy/mas74.mps with config: /scratch/yorig/mpils-results-grid-ticks-10000-7may/easy/2proc-2pils/seed-1/5_mas74_seed-1_20260510_101625/iterated_local_search/run_8_worker_0/parallel_6_1.prm
[INFO]:[10:57:09] CPLEX results. Gap: 3.840000, upper bound: 11801.185729, lower bound: 11347.665693
[INFO]:[10:57:09] CPLEX solver finished. Gap: 3.840000
[INFO]:[10:57:09] Starting CPLEX solver on instance: /home/yorig/tuner/mpils-tests/instances/miplib/easy/mas74.mps with config: /scratch/yorig/mpils-results-grid-ticks-10000-7may/easy/2proc-2pils/seed-1/5_mas74_seed-1_20260510_101625/iterated_local_search/run_8_worker_0/parallel_8_1.prm
[INFO]:[10:57:25] CPLEX results. Gap: 3.500000, upper bound: 11801.185729, lower bound: 11388.315913
[INFO]:[10:57:25] CPLEX solver finished. Gap: 3.500000
[INFO]:[10:57:27] Worker (ils_group_rank=1) exiting parallel ILS evaluation service.
[INFO]:[10:57:27] Worker 1 completed exploration phase.
[INFO]:[10:57:27] Worker 1 received order for step 2.
[INFO]:[10:57:27] Worker 1 running expansion phase for iteration 8.
[INFO]:[10:57:27] Worker 1 will use solver log file: /scratch/yorig/mpils-results-grid-ticks-10000-7may/easy/2proc-2pils/seed-1/5_mas74_seed-1_20260510_101625/solver/cplex.log_iteration_expansion_8_worker_1
[INFO]:[10:57:27] Expansion Worker 1 starting expansion for iteration 8.
[INFO]:[10:57:27] Starting CPLEX solver on instance: /home/yorig/tuner/mpils-tests/instances/miplib/easy/mas74.mps with config: /scratch/yorig/mpils-results-grid-ticks-10000-7may/easy/2proc-2pils/seed-1/5_mas74_seed-1_20260510_101625/expansion/config_param_CPXPARAM_Feasopt_Mode_2_iter_8.prm
[INFO]:[10:57:52] CPLEX results. Gap: 0.780000, upper bound: 11801.185729, lower bound: 11708.960530
[INFO]:[10:57:53] CPLEX solver finished. Gap: 0.780000
[INFO]:[10:57:54] Starting CPLEX solver on instance: /home/yorig/tuner/mpils-tests/instances/miplib/easy/mas74.mps with config: /scratch/yorig/mpils-results-grid-ticks-10000-7may/easy/2proc-2pils/seed-1/5_mas74_seed-1_20260510_101625/expansion/config_param_CPXPARAM_Feasopt_Mode_4_iter_8.prm
[INFO]:[10:58:20] CPLEX results. Gap: 0.780000, upper bound: 11801.185729, lower bound: 11708.960530
[INFO]:[10:58:20] CPLEX solver finished. Gap: 0.780000
[INFO]:[10:58:22] Starting CPLEX solver on instance: /home/yorig/tuner/mpils-tests/instances/miplib/easy/mas74.mps with config: /scratch/yorig/mpils-results-grid-ticks-10000-7may/easy/2proc-2pils/seed-1/5_mas74_seed-1_20260510_101625/expansion/config_param_CPXPARAM_Emphasis_Memory_1_iter_8.prm
[INFO]:[10:58:47] CPLEX results. Gap: 1.130000, upper bound: 11801.185729, lower bound: 11667.795306
[INFO]:[10:58:47] CPLEX solver finished. Gap: 1.130000
[INFO]:[10:58:50] Starting CPLEX solver on instance: /home/yorig/tuner/mpils-tests/instances/miplib/easy/mas74.mps with config: /scratch/yorig/mpils-results-grid-ticks-10000-7may/easy/2proc-2pils/seed-1/5_mas74_seed-1_20260510_101625/expansion/config_param_CPXPARAM_MIP_OrderType_2_iter_8.prm
[INFO]:[10:59:14] CPLEX results. Gap: 1.190000, upper bound: 11801.185729, lower bound: 11660.421718
[INFO]:[10:59:15] CPLEX solver finished. Gap: 1.190000
[INFO]:[10:59:16] Starting CPLEX solver on instance: /home/yorig/tuner/mpils-tests/instances/miplib/easy/mas74.mps with config: /scratch/yorig/mpils-results-grid-ticks-10000-7may/easy/2proc-2pils/seed-1/5_mas74_seed-1_20260510_101625/expansion/config_param_CPXPARAM_Network_NetFind_1_iter_8.prm
[INFO]:[10:59:43] CPLEX results. Gap: 0.780000, upper bound: 11801.185729, lower bound: 11708.960530
[INFO]:[10:59:43] CPLEX solver finished. Gap: 0.780000
[INFO]:[10:59:43] Starting CPLEX solver on instance: /home/yorig/tuner/mpils-tests/instances/miplib/easy/mas74.mps with config: /scratch/yorig/mpils-results-grid-ticks-10000-7may/easy/2proc-2pils/seed-1/5_mas74_seed-1_20260510_101625/expansion/config_param_CPXPARAM_Network_Pricing_1_iter_8.prm
[INFO]:[11:00:10] CPLEX results. Gap: 0.780000, upper bound: 11801.185729, lower bound: 11708.960530
[INFO]:[11:00:10] CPLEX solver finished. Gap: 0.780000
[INFO]:[11:00:11] Starting CPLEX solver on instance: /home/yorig/tuner/mpils-tests/instances/miplib/easy/mas74.mps with config: /scratch/yorig/mpils-results-grid-ticks-10000-7may/easy/2proc-2pils/seed-1/5_mas74_seed-1_20260510_101625/expansion/config_param_CPXPARAM_Network_Pricing_3_iter_8.prm
[INFO]:[11:00:37] CPLEX results. Gap: 0.780000, upper bound: 11801.185729, lower bound: 11708.960530
[INFO]:[11:00:37] CPLEX solver finished. Gap: 0.780000
[INFO]:[11:00:39] Starting CPLEX solver on instance: /home/yorig/tuner/mpils-tests/instances/miplib/easy/mas74.mps with config: /scratch/yorig/mpils-results-grid-ticks-10000-7may/easy/2proc-2pils/seed-1/5_mas74_seed-1_20260510_101625/expansion/config_param_CPXPARAM_MIP_Strategy_File_2_iter_8.prm
[INFO]:[11:01:05] CPLEX results. Gap: 0.780000, upper bound: 11801.185729, lower bound: 11708.960530
[INFO]:[11:01:05] CPLEX solver finished. Gap: 0.780000
[INFO]:[11:01:06] Starting CPLEX solver on instance: /home/yorig/tuner/mpils-tests/instances/miplib/easy/mas74.mps with config: /scratch/yorig/mpils-results-grid-ticks-10000-7may/easy/2proc-2pils/seed-1/5_mas74_seed-1_20260510_101625/expansion/config_param_CPXPARAM_Emphasis_Numerical_1_iter_8.prm
[INFO]:[11:01:28] CPLEX results. Gap: 1.410000, upper bound: 11801.185729, lower bound: 11635.304526
[INFO]:[11:01:29] CPLEX solver finished. Gap: 1.410000
[INFO]:[11:01:34] Starting CPLEX solver on instance: /home/yorig/tuner/mpils-tests/instances/miplib/easy/mas74.mps with config: /scratch/yorig/mpils-results-grid-ticks-10000-7may/easy/2proc-2pils/seed-1/5_mas74_seed-1_20260510_101625/expansion/config_param_CPXPARAM_Preprocessing_Reduce_1_iter_8.prm
[INFO]:[11:01:59] CPLEX results. Gap: 1.040000, upper bound: 11801.185729, lower bound: 11678.123902
[INFO]:[11:01:59] CPLEX solver finished. Gap: 1.040000
[INFO]:[11:01:59] Starting CPLEX solver on instance: /home/yorig/tuner/mpils-tests/instances/miplib/easy/mas74.mps with config: /scratch/yorig/mpils-results-grid-ticks-10000-7may/easy/2proc-2pils/seed-1/5_mas74_seed-1_20260510_101625/expansion/config_param_CPXPARAM_Preprocessing_Relax_0_iter_8.prm
[INFO]:[11:02:24] CPLEX results. Gap: 1.090000, upper bound: 11801.185729, lower bound: 11673.087314
[INFO]:[11:02:25] CPLEX solver finished. Gap: 1.090000
[INFO]:[11:02:25] Starting CPLEX solver on instance: /home/yorig/tuner/mpils-tests/instances/miplib/easy/mas74.mps with config: /scratch/yorig/mpils-results-grid-ticks-10000-7may/easy/2proc-2pils/seed-1/5_mas74_seed-1_20260510_101625/expansion/config_param_CPXPARAM_Preprocessing_RepeatPresolve_0_iter_8.prm
[INFO]:[11:02:52] CPLEX results. Gap: 0.620000, upper bound: 11801.185729, lower bound: 11728.111314
[INFO]:[11:02:52] CPLEX solver finished. Gap: 0.620000
[INFO]:[11:02:52] Expansion Worker 1 found an improving configuration with objective value 0.62.
[INFO]:[11:02:52] Expansion Worker 1 stopping early after global MPI expansion stop was activated.
[INFO]:[11:02:52] Expansion Worker 1 completed expansion.
[INFO]:[11:02:52] Worker 1 completed expansion phase.
[INFO]:[11:02:52] Worker 1 received order for step 1.
[INFO]:[11:02:52] Worker 1 running exploration phase for iteration 9.
[INFO]:[11:02:52] Worker 1 at iteration 9 will not use a MIP start file. Current best MIP-start upper bound threshold is 1.79769e+308.
[INFO]:[11:02:52] Starting local search phase...
[INFO]:[11:02:52] Worker (ils_group_rank=1) entering parallel ILS evaluation service.
[INFO]:[11:02:52] Starting CPLEX solver on instance: /home/yorig/tuner/mpils-tests/instances/miplib/easy/mas74.mps with config: /scratch/yorig/mpils-results-grid-ticks-10000-7may/easy/2proc-2pils/seed-1/5_mas74_seed-1_20260510_101625/iterated_local_search/run_9_worker_0/parallel_0_1.prm
[INFO]:[11:03:08] CPLEX results. Gap: 3.610000, upper bound: 11801.185729, lower bound: 11375.608845
[INFO]:[11:03:08] CPLEX solver finished. Gap: 3.610000
[INFO]:[11:03:09] Starting CPLEX solver on instance: /home/yorig/tuner/mpils-tests/instances/miplib/easy/mas74.mps with config: /scratch/yorig/mpils-results-grid-ticks-10000-7may/easy/2proc-2pils/seed-1/5_mas74_seed-1_20260510_101625/iterated_local_search/run_9_worker_0/parallel_2_1.prm
[INFO]:[11:03:25] CPLEX results. Gap: 3.950000, upper bound: 11857.371258, lower bound: 11388.681496
[INFO]:[11:03:25] CPLEX solver finished. Gap: 3.950000
[INFO]:[11:03:26] Starting CPLEX solver on instance: /home/yorig/tuner/mpils-tests/instances/miplib/easy/mas74.mps with config: /scratch/yorig/mpils-results-grid-ticks-10000-7may/easy/2proc-2pils/seed-1/5_mas74_seed-1_20260510_101625/iterated_local_search/run_9_worker_0/parallel_4_1.prm
[INFO]:[11:03:40] CPLEX results. Gap: 3.840000, upper bound: 11801.185729, lower bound: 11347.665693
[INFO]:[11:03:40] CPLEX solver finished. Gap: 3.840000
[INFO]:[11:03:41] Starting CPLEX solver on instance: /home/yorig/tuner/mpils-tests/instances/miplib/easy/mas74.mps with config: /scratch/yorig/mpils-results-grid-ticks-10000-7may/easy/2proc-2pils/seed-1/5_mas74_seed-1_20260510_101625/iterated_local_search/run_9_worker_0/parallel_6_1.prm
[INFO]:[11:03:57] CPLEX results. Gap: 3.360000, upper bound: 11801.185729, lower bound: 11404.599749
[INFO]:[11:03:57] CPLEX solver finished. Gap: 3.360000
[INFO]:[11:03:59] Starting CPLEX solver on instance: /home/yorig/tuner/mpils-tests/instances/miplib/easy/mas74.mps with config: /scratch/yorig/mpils-results-grid-ticks-10000-7may/easy/2proc-2pils/seed-1/5_mas74_seed-1_20260510_101625/iterated_local_search/run_9_worker_0/parallel_8_1.prm
[INFO]:[11:04:16] CPLEX results. Gap: 3.290000, upper bound: 11801.185729, lower bound: 11413.411866
[INFO]:[11:04:16] CPLEX solver finished. Gap: 3.290000
[INFO]:[11:04:18] Starting CPLEX solver on instance: /home/yorig/tuner/mpils-tests/instances/miplib/easy/mas74.mps with config: /scratch/yorig/mpils-results-grid-ticks-10000-7may/easy/2proc-2pils/seed-1/5_mas74_seed-1_20260510_101625/iterated_local_search/run_9_worker_0/parallel_10_1.prm
[INFO]:[11:04:39] CPLEX results. Gap: 2.390000, upper bound: 11801.185729, lower bound: 11518.990870
[INFO]:[11:04:39] CPLEX solver finished. Gap: 2.390000
[INFO]:[11:04:39] Starting CPLEX solver on instance: /home/yorig/tuner/mpils-tests/instances/miplib/easy/mas74.mps with config: /scratch/yorig/mpils-results-grid-ticks-10000-7may/easy/2proc-2pils/seed-1/5_mas74_seed-1_20260510_101625/iterated_local_search/run_9_worker_0/parallel_12_1.prm
[INFO]:[11:05:02] CPLEX results. Gap: 2.350000, upper bound: 11801.185729, lower bound: 11524.087492
[INFO]:[11:05:02] CPLEX solver finished. Gap: 2.350000
[INFO]:[11:05:03] Starting CPLEX solver on instance: /home/yorig/tuner/mpils-tests/instances/miplib/easy/mas74.mps with config: /scratch/yorig/mpils-results-grid-ticks-10000-7may/easy/2proc-2pils/seed-1/5_mas74_seed-1_20260510_101625/iterated_local_search/run_9_worker_0/parallel_14_1.prm
[INFO]:[11:05:26] CPLEX results. Gap: 2.350000, upper bound: 11801.185729, lower bound: 11524.087492
[INFO]:[11:05:26] CPLEX solver finished. Gap: 2.350000
[INFO]:[11:05:28] Starting CPLEX solver on instance: /home/yorig/tuner/mpils-tests/instances/miplib/easy/mas74.mps with config: /scratch/yorig/mpils-results-grid-ticks-10000-7may/easy/2proc-2pils/seed-1/5_mas74_seed-1_20260510_101625/iterated_local_search/run_9_worker_0/parallel_16_1.prm
[INFO]:[11:05:50] CPLEX results. Gap: 2.350000, upper bound: 11801.185729, lower bound: 11524.087492
[INFO]:[11:05:50] CPLEX solver finished. Gap: 2.350000
[INFO]:[11:05:52] Starting CPLEX solver on instance: /home/yorig/tuner/mpils-tests/instances/miplib/easy/mas74.mps with config: /scratch/yorig/mpils-results-grid-ticks-10000-7may/easy/2proc-2pils/seed-1/5_mas74_seed-1_20260510_101625/iterated_local_search/run_9_worker_0/parallel_18_1.prm
[INFO]:[11:06:16] CPLEX results. Gap: 2.350000, upper bound: 11801.185729, lower bound: 11524.087492
[INFO]:[11:06:16] CPLEX solver finished. Gap: 2.350000
[INFO]:[11:06:17] Starting CPLEX solver on instance: /home/yorig/tuner/mpils-tests/instances/miplib/easy/mas74.mps with config: /scratch/yorig/mpils-results-grid-ticks-10000-7may/easy/2proc-2pils/seed-1/5_mas74_seed-1_20260510_101625/iterated_local_search/run_9_worker_0/parallel_20_1.prm
[INFO]:[11:06:40] CPLEX results. Gap: 2.350000, upper bound: 11801.185729, lower bound: 11524.087492
[INFO]:[11:06:41] CPLEX solver finished. Gap: 2.350000
[INFO]:[11:06:42] Starting CPLEX solver on instance: /home/yorig/tuner/mpils-tests/instances/miplib/easy/mas74.mps with config: /scratch/yorig/mpils-results-grid-ticks-10000-7may/easy/2proc-2pils/seed-1/5_mas74_seed-1_20260510_101625/iterated_local_search/run_9_worker_0/parallel_22_1.prm
[INFO]:[11:07:05] CPLEX results. Gap: 2.520000, upper bound: 11801.185729, lower bound: 11503.284585
[INFO]:[11:07:05] CPLEX solver finished. Gap: 2.520000
[INFO]:[11:07:07] Starting CPLEX solver on instance: /home/yorig/tuner/mpils-tests/instances/miplib/easy/mas74.mps with config: /scratch/yorig/mpils-results-grid-ticks-10000-7may/easy/2proc-2pils/seed-1/5_mas74_seed-1_20260510_101625/iterated_local_search/run_9_worker_0/parallel_24_1.prm
[INFO]:[11:07:30] CPLEX results. Gap: 2.350000, upper bound: 11801.185729, lower bound: 11524.087492
[INFO]:[11:07:30] CPLEX solver finished. Gap: 2.350000
[INFO]:[11:07:32] Starting CPLEX solver on instance: /home/yorig/tuner/mpils-tests/instances/miplib/easy/mas74.mps with config: /scratch/yorig/mpils-results-grid-ticks-10000-7may/easy/2proc-2pils/seed-1/5_mas74_seed-1_20260510_101625/iterated_local_search/run_9_worker_0/parallel_26_1.prm
[INFO]:[11:07:51] CPLEX results. Gap: 3.550000, upper bound: 11891.263051, lower bound: 11469.664943
[INFO]:[11:07:51] CPLEX solver finished. Gap: 3.550000
[INFO]:[11:07:55] Starting CPLEX solver on instance: /home/yorig/tuner/mpils-tests/instances/miplib/easy/mas74.mps with config: /scratch/yorig/mpils-results-grid-ticks-10000-7may/easy/2proc-2pils/seed-1/5_mas74_seed-1_20260510_101625/iterated_local_search/run_9_worker_0/parallel_28_1.prm
[INFO]:[11:08:18] CPLEX results. Gap: 2.480000, upper bound: 11801.185729, lower bound: 11509.038958
[INFO]:[11:08:19] CPLEX solver finished. Gap: 2.480000
[INFO]:[11:08:19] Worker (ils_group_rank=1) exiting parallel ILS evaluation service.
[INFO]:[11:08:19] Worker 1 completed exploration phase.
[INFO]:[11:08:19] Worker 1 received order for step 2.
[INFO]:[11:08:19] Worker 1 running expansion phase for iteration 9.
[INFO]:[11:08:19] Worker 1 will use solver log file: /scratch/yorig/mpils-results-grid-ticks-10000-7may/easy/2proc-2pils/seed-1/5_mas74_seed-1_20260510_101625/solver/cplex.log_iteration_expansion_9_worker_1
[INFO]:[11:08:19] Expansion Worker 1 starting expansion for iteration 9.
[INFO]:[11:08:19] Starting CPLEX solver on instance: /home/yorig/tuner/mpils-tests/instances/miplib/easy/mas74.mps with config: /scratch/yorig/mpils-results-grid-ticks-10000-7may/easy/2proc-2pils/seed-1/5_mas74_seed-1_20260510_101625/expansion/config_param_CPXPARAM_LPMethod_2_iter_9.prm
[INFO]:[11:08:45] CPLEX results. Gap: 0.620000, upper bound: 11801.185729, lower bound: 11728.111314
[INFO]:[11:08:45] CPLEX solver finished. Gap: 0.620000
[INFO]:[11:08:46] Starting CPLEX solver on instance: /home/yorig/tuner/mpils-tests/instances/miplib/easy/mas74.mps with config: /scratch/yorig/mpils-results-grid-ticks-10000-7may/easy/2proc-2pils/seed-1/5_mas74_seed-1_20260510_101625/expansion/config_param_CPXPARAM_LPMethod_4_iter_9.prm
[INFO]:[11:09:13] CPLEX results. Gap: 0.620000, upper bound: 11801.185729, lower bound: 11728.111314
[INFO]:[11:09:13] CPLEX solver finished. Gap: 0.620000
[INFO]:[11:09:14] Starting CPLEX solver on instance: /home/yorig/tuner/mpils-tests/instances/miplib/easy/mas74.mps with config: /scratch/yorig/mpils-results-grid-ticks-10000-7may/easy/2proc-2pils/seed-1/5_mas74_seed-1_20260510_101625/expansion/config_param_CPXPARAM_LPMethod_6_iter_9.prm
[INFO]:[11:09:41] CPLEX results. Gap: 0.620000, upper bound: 11801.185729, lower bound: 11728.111314
[INFO]:[11:09:41] CPLEX solver finished. Gap: 0.620000
[INFO]:[11:09:42] Starting CPLEX solver on instance: /home/yorig/tuner/mpils-tests/instances/miplib/easy/mas74.mps with config: /scratch/yorig/mpils-results-grid-ticks-10000-7may/easy/2proc-2pils/seed-1/5_mas74_seed-1_20260510_101625/expansion/config_param_CPXPARAM_Read_Scale_1_iter_9.prm
[INFO]:[11:10:09] CPLEX results. Gap: 0.920000, upper bound: 11801.185729, lower bound: 11693.028829
[INFO]:[11:10:09] CPLEX solver finished. Gap: 0.920000
[INFO]:[11:10:09] Starting CPLEX solver on instance: /home/yorig/tuner/mpils-tests/instances/miplib/easy/mas74.mps with config: /scratch/yorig/mpils-results-grid-ticks-10000-7may/easy/2proc-2pils/seed-1/5_mas74_seed-1_20260510_101625/expansion/config_param_CPXPARAM_Sifting_Algorithm_2_iter_9.prm
[INFO]:[11:10:36] CPLEX results. Gap: 0.620000, upper bound: 11801.185729, lower bound: 11728.111314
[INFO]:[11:10:37] CPLEX solver finished. Gap: 0.620000
[INFO]:[11:10:37] Starting CPLEX solver on instance: /home/yorig/tuner/mpils-tests/instances/miplib/easy/mas74.mps with config: /scratch/yorig/mpils-results-grid-ticks-10000-7may/easy/2proc-2pils/seed-1/5_mas74_seed-1_20260510_101625/expansion/config_param_CPXPARAM_Sifting_Algorithm_4_iter_9.prm
[INFO]:[11:11:04] CPLEX results. Gap: 0.620000, upper bound: 11801.185729, lower bound: 11728.111314
[INFO]:[11:11:04] CPLEX solver finished. Gap: 0.620000
[INFO]:[11:11:04] Starting CPLEX solver on instance: /home/yorig/tuner/mpils-tests/instances/miplib/easy/mas74.mps with config: /scratch/yorig/mpils-results-grid-ticks-10000-7may/easy/2proc-2pils/seed-1/5_mas74_seed-1_20260510_101625/expansion/config_param_CPXPARAM_Simplex_Limits_Singularity_2_iter_9.prm
[INFO]:[11:11:31] CPLEX results. Gap: 0.620000, upper bound: 11801.185729, lower bound: 11728.111314
[INFO]:[11:11:32] CPLEX solver finished. Gap: 0.620000
[INFO]:[11:11:32] Starting CPLEX solver on instance: /home/yorig/tuner/mpils-tests/instances/miplib/easy/mas74.mps with config: /scratch/yorig/mpils-results-grid-ticks-10000-7may/easy/2proc-2pils/seed-1/5_mas74_seed-1_20260510_101625/expansion/config_param_CPXPARAM_Simplex_Limits_Singularity_20_iter_9.prm
[INFO]:[11:11:59] CPLEX results. Gap: 0.620000, upper bound: 11801.185729, lower bound: 11728.111314
[INFO]:[11:12:00] CPLEX solver finished. Gap: 0.620000
[INFO]:[11:12:00] Starting CPLEX solver on instance: /home/yorig/tuner/mpils-tests/instances/miplib/easy/mas74.mps with config: /scratch/yorig/mpils-results-grid-ticks-10000-7may/easy/2proc-2pils/seed-1/5_mas74_seed-1_20260510_101625/expansion/config_param_CPXPARAM_Barrier_Algorithm_1_iter_9.prm
[INFO]:[11:12:26] CPLEX results. Gap: 0.620000, upper bound: 11801.185729, lower bound: 11728.111314
[INFO]:[11:12:26] CPLEX solver finished. Gap: 0.620000
[INFO]:[11:12:27] Starting CPLEX solver on instance: /home/yorig/tuner/mpils-tests/instances/miplib/easy/mas74.mps with config: /scratch/yorig/mpils-results-grid-ticks-10000-7may/easy/2proc-2pils/seed-1/5_mas74_seed-1_20260510_101625/expansion/config_param_CPXPARAM_Barrier_Algorithm_3_iter_9.prm
[INFO]:[11:12:54] CPLEX results. Gap: 0.620000, upper bound: 11801.185729, lower bound: 11728.111314
[INFO]:[11:12:54] CPLEX solver finished. Gap: 0.620000
[INFO]:[11:12:55] Starting CPLEX solver on instance: /home/yorig/tuner/mpils-tests/instances/miplib/easy/mas74.mps with config: /scratch/yorig/mpils-results-grid-ticks-10000-7may/easy/2proc-2pils/seed-1/5_mas74_seed-1_20260510_101625/expansion/config_param_CPXPARAM_MIP_Limits_StrongCand_5_iter_9.prm
[INFO]:[11:13:20] CPLEX results. Gap: 1.340000, upper bound: 11801.185729, lower bound: 11643.297571
[INFO]:[11:13:21] CPLEX solver finished. Gap: 1.340000
[INFO]:[11:13:22] Starting CPLEX solver on instance: /home/yorig/tuner/mpils-tests/instances/miplib/easy/mas74.mps with config: /scratch/yorig/mpils-results-grid-ticks-10000-7may/easy/2proc-2pils/seed-1/5_mas74_seed-1_20260510_101625/expansion/config_param_CPXPARAM_MIP_Limits_StrongCand_40_iter_9.prm
[INFO]:[11:13:48] CPLEX results. Gap: 1.020000, upper bound: 11801.185729, lower bound: 11681.336615
[INFO]:[11:13:48] CPLEX solver finished. Gap: 1.020000
[INFO]:[11:13:49] Starting CPLEX solver on instance: /home/yorig/tuner/mpils-tests/instances/miplib/easy/mas74.mps with config: /scratch/yorig/mpils-results-grid-ticks-10000-7may/easy/2proc-2pils/seed-1/5_mas74_seed-1_20260510_101625/expansion/config_param_CPXPARAM_MIP_Limits_Nodes_0_iter_9.prm
[INFO]:[11:13:49] CPLEX results. Gap: 45.390000, upper bound: 19197.468021, lower bound: 10482.795280
[INFO]:[11:13:49] CPLEX solver finished. Gap: 45.390000
[INFO]:[11:14:06] Expansion Worker 1 completed expansion.
[INFO]:[11:14:06] Worker 1 completed expansion phase.
[INFO]:[11:14:07] Worker 1 received order for step 1.
[INFO]:[11:14:07] Worker 1 running exploration phase for iteration 10.
[INFO]:[11:14:07] Worker 1 at iteration 10 will not use a MIP start file. Current best MIP-start upper bound threshold is 1.79769e+308.
[INFO]:[11:14:07] Starting local search phase...
[INFO]:[11:14:07] Worker (ils_group_rank=1) entering parallel ILS evaluation service.
[INFO]:[11:14:07] Starting CPLEX solver on instance: /home/yorig/tuner/mpils-tests/instances/miplib/easy/mas74.mps with config: /scratch/yorig/mpils-results-grid-ticks-10000-7may/easy/2proc-2pils/seed-1/5_mas74_seed-1_20260510_101625/iterated_local_search/run_10_worker_0/parallel_0_1.prm
[INFO]:[11:14:28] CPLEX results. Gap: 2.580000, upper bound: 11801.185729, lower bound: 11496.145887
[INFO]:[11:14:28] CPLEX solver finished. Gap: 2.580000
[INFO]:[11:14:28] Starting CPLEX solver on instance: /home/yorig/tuner/mpils-tests/instances/miplib/easy/mas74.mps with config: /scratch/yorig/mpils-results-grid-ticks-10000-7may/easy/2proc-2pils/seed-1/5_mas74_seed-1_20260510_101625/iterated_local_search/run_10_worker_0/parallel_2_1.prm
[INFO]:[11:14:51] CPLEX results. Gap: 2.350000, upper bound: 11801.185729, lower bound: 11524.087492
[INFO]:[11:14:51] CPLEX solver finished. Gap: 2.350000
[INFO]:[11:14:52] Starting CPLEX solver on instance: /home/yorig/tuner/mpils-tests/instances/miplib/easy/mas74.mps with config: /scratch/yorig/mpils-results-grid-ticks-10000-7may/easy/2proc-2pils/seed-1/5_mas74_seed-1_20260510_101625/iterated_local_search/run_10_worker_0/parallel_4_1.prm
[INFO]:[11:15:15] CPLEX results. Gap: 2.350000, upper bound: 11801.185729, lower bound: 11524.087492
[INFO]:[11:15:16] CPLEX solver finished. Gap: 2.350000
[INFO]:[11:15:17] Starting CPLEX solver on instance: /home/yorig/tuner/mpils-tests/instances/miplib/easy/mas74.mps with config: /scratch/yorig/mpils-results-grid-ticks-10000-7may/easy/2proc-2pils/seed-1/5_mas74_seed-1_20260510_101625/iterated_local_search/run_10_worker_0/parallel_6_1.prm
[INFO]:[11:15:40] CPLEX results. Gap: 2.350000, upper bound: 11801.185729, lower bound: 11524.087492
[INFO]:[11:15:40] CPLEX solver finished. Gap: 2.350000
[INFO]:[11:15:42] Starting CPLEX solver on instance: /home/yorig/tuner/mpils-tests/instances/miplib/easy/mas74.mps with config: /scratch/yorig/mpils-results-grid-ticks-10000-7may/easy/2proc-2pils/seed-1/5_mas74_seed-1_20260510_101625/iterated_local_search/run_10_worker_0/parallel_8_1.prm
[INFO]:[11:16:04] CPLEX results. Gap: 1.700000, upper bound: 11801.185729, lower bound: 11601.014600
[INFO]:[11:16:04] CPLEX solver finished. Gap: 1.700000
[INFO]:[11:16:05] Starting CPLEX solver on instance: /home/yorig/tuner/mpils-tests/instances/miplib/easy/mas74.mps with config: /scratch/yorig/mpils-results-grid-ticks-10000-7may/easy/2proc-2pils/seed-1/5_mas74_seed-1_20260510_101625/iterated_local_search/run_10_worker_0/parallel_10_1.prm
[INFO]:[11:16:23] CPLEX results. Gap: 4.010000, upper bound: 11801.185729, lower bound: 11328.064596
[INFO]:[11:16:23] CPLEX solver finished. Gap: 4.010000
[INFO]:[11:16:26] Starting CPLEX solver on instance: /home/yorig/tuner/mpils-tests/instances/miplib/easy/mas74.mps with config: /scratch/yorig/mpils-results-grid-ticks-10000-7may/easy/2proc-2pils/seed-1/5_mas74_seed-1_20260510_101625/iterated_local_search/run_10_worker_0/parallel_12_1.prm
[INFO]:[11:16:46] CPLEX results. Gap: 1.700000, upper bound: 11801.185729, lower bound: 11601.014600
[INFO]:[11:16:47] CPLEX solver finished. Gap: 1.700000
[INFO]:[11:16:47] Starting CPLEX solver on instance: /home/yorig/tuner/mpils-tests/instances/miplib/easy/mas74.mps with config: /scratch/yorig/mpils-results-grid-ticks-10000-7may/easy/2proc-2pils/seed-1/5_mas74_seed-1_20260510_101625/iterated_local_search/run_10_worker_0/parallel_14_1.prm
[INFO]:[11:17:08] CPLEX results. Gap: 1.700000, upper bound: 11801.185729, lower bound: 11601.014600
[INFO]:[11:17:08] CPLEX solver finished. Gap: 1.700000
[INFO]:[11:17:08] Starting CPLEX solver on instance: /home/yorig/tuner/mpils-tests/instances/miplib/easy/mas74.mps with config: /scratch/yorig/mpils-results-grid-ticks-10000-7may/easy/2proc-2pils/seed-1/5_mas74_seed-1_20260510_101625/iterated_local_search/run_10_worker_0/parallel_16_1.prm
[INFO]:[11:17:28] CPLEX results. Gap: 2.350000, upper bound: 11801.185729, lower bound: 11524.087492
[INFO]:[11:17:28] CPLEX solver finished. Gap: 2.350000
[INFO]:[11:17:32] Starting CPLEX solver on instance: /home/yorig/tuner/mpils-tests/instances/miplib/easy/mas74.mps with config: /scratch/yorig/mpils-results-grid-ticks-10000-7may/easy/2proc-2pils/seed-1/5_mas74_seed-1_20260510_101625/iterated_local_search/run_10_worker_0/parallel_18_1.prm
[INFO]:[11:17:52] CPLEX results. Gap: 1.700000, upper bound: 11801.185729, lower bound: 11601.014600
[INFO]:[11:17:52] CPLEX solver finished. Gap: 1.700000
[INFO]:[11:17:53] Starting CPLEX solver on instance: /home/yorig/tuner/mpils-tests/instances/miplib/easy/mas74.mps with config: /scratch/yorig/mpils-results-grid-ticks-10000-7may/easy/2proc-2pils/seed-1/5_mas74_seed-1_20260510_101625/iterated_local_search/run_10_worker_0/parallel_20_1.prm
[INFO]:[11:18:14] CPLEX results. Gap: 1.700000, upper bound: 11801.185729, lower bound: 11601.014600
[INFO]:[11:18:14] CPLEX solver finished. Gap: 1.700000
[INFO]:[11:18:15] Starting CPLEX solver on instance: /home/yorig/tuner/mpils-tests/instances/miplib/easy/mas74.mps with config: /scratch/yorig/mpils-results-grid-ticks-10000-7may/easy/2proc-2pils/seed-1/5_mas74_seed-1_20260510_101625/iterated_local_search/run_10_worker_0/parallel_22_1.prm
[INFO]:[11:18:31] CPLEX results. Gap: 8.260000, upper bound: 12039.468031, lower bound: 11044.703225
[INFO]:[11:18:31] CPLEX solver finished. Gap: 8.260000
[INFO]:[11:18:36] Starting CPLEX solver on instance: /home/yorig/tuner/mpils-tests/instances/miplib/easy/mas74.mps with config: /scratch/yorig/mpils-results-grid-ticks-10000-7may/easy/2proc-2pils/seed-1/5_mas74_seed-1_20260510_101625/iterated_local_search/run_10_worker_0/parallel_24_1.prm
[INFO]:[11:18:57] CPLEX results. Gap: 1.700000, upper bound: 11801.185729, lower bound: 11601.014600
[INFO]:[11:18:57] CPLEX solver finished. Gap: 1.700000
[INFO]:[11:18:57] Starting CPLEX solver on instance: /home/yorig/tuner/mpils-tests/instances/miplib/easy/mas74.mps with config: /scratch/yorig/mpils-results-grid-ticks-10000-7may/easy/2proc-2pils/seed-1/5_mas74_seed-1_20260510_101625/iterated_local_search/run_10_worker_0/parallel_26_1.prm
[INFO]:[11:19:20] CPLEX results. Gap: 1.720000, upper bound: 11801.185729, lower bound: 11597.726031
[INFO]:[11:19:20] CPLEX solver finished. Gap: 1.720000
[INFO]:[11:19:20] Starting CPLEX solver on instance: /home/yorig/tuner/mpils-tests/instances/miplib/easy/mas74.mps with config: /scratch/yorig/mpils-results-grid-ticks-10000-7may/easy/2proc-2pils/seed-1/5_mas74_seed-1_20260510_101625/iterated_local_search/run_10_worker_0/parallel_28_1.prm
[INFO]:[11:19:38] CPLEX results. Gap: 2.200000, upper bound: 11801.185729, lower bound: 11541.627820
[INFO]:[11:19:38] CPLEX solver finished. Gap: 2.200000
[INFO]:[11:19:41] Worker (ils_group_rank=1) exiting parallel ILS evaluation service.
[INFO]:[11:19:41] Worker 1 completed exploration phase.
[INFO]:[11:19:41] Worker 1 received order for step 3.
[INFO]:[11:19:41] Worker 1 finished.
