[INFO]:[17:36:37] Worker 10 starting.
[INFO]:[17:36:37] Worker 10 received order for step 1.
[INFO]:[17:36:37] Worker 10 running exploration phase for iteration 1.
[INFO]:[17:36:37] Worker 10 at iteration 1 will not use a MIP start file. Current best MIP-start upper bound threshold is 1.79769e+308.
[INFO]:[17:36:37] Starting local search phase...
[INFO]:[17:36:37] Worker (ils_group_rank=10) entering parallel ILS evaluation service.
[INFO]:[17:36:37] Starting CPLEX solver on instance: /home/yorig/tuner/mpils-tests/instances/miplib/medium-1/neos-3024952-loue.mps with config: /scratch/yorig/mpils-results-grid-ticks-10000-7may/medium-1/24proc-24pils/seed-7/9_neos-3024952-loue_seed-7_20260510_173635/iterated_local_search/run_1_worker_0/parallel_0_10.prm
[INFO]:[17:36:44] CPLEX results. Gap: 22.080000, upper bound: 30922.000000, lower bound: 24093.544444
[INFO]:[17:36:44] CPLEX solver finished. Gap: 22.080000
[INFO]:[17:36:46] Worker (ils_group_rank=10) exiting parallel ILS evaluation service.
[INFO]:[17:36:46] Worker 10 completed exploration phase.
[INFO]:[17:36:46] Worker 10 received order for step 2.
[INFO]:[17:36:46] Worker 10 running expansion phase for iteration 1.
[INFO]:[17:36:46] Worker 10 will use solver log file: /scratch/yorig/mpils-results-grid-ticks-10000-7may/medium-1/24proc-24pils/seed-7/9_neos-3024952-loue_seed-7_20260510_173635/solver/cplex.log_iteration_expansion_1_worker_10
[INFO]:[17:36:46] Expansion Worker 10 starting expansion for iteration 1.
[INFO]:[17:36:46] Starting CPLEX solver on instance: /home/yorig/tuner/mpils-tests/instances/miplib/medium-1/neos-3024952-loue.mps with config: /scratch/yorig/mpils-results-grid-ticks-10000-7may/medium-1/24proc-24pils/seed-7/9_neos-3024952-loue_seed-7_20260510_173635/expansion/config_param_CPXPARAM_MIP_Strategy_VariableSelect_2_iter_1.prm
[INFO]:[17:36:52] CPLEX results. Gap: 34.200000, upper bound: 37606.000000, lower bound: 24745.717605
[INFO]:[17:36:52] CPLEX solver finished. Gap: 34.200000
[INFO]:[17:36:54] Expansion Worker 10 stopping early after global MPI expansion stop was activated.
[INFO]:[17:36:54] Expansion Worker 10 completed expansion.
[INFO]:[17:36:54] Worker 10 completed expansion phase.
[INFO]:[17:36:54] Worker 10 received order for step 1.
[INFO]:[17:36:54] Worker 10 running exploration phase for iteration 2.
[INFO]:[17:36:54] Worker 10 at iteration 2 will not use a MIP start file. Current best MIP-start upper bound threshold is 1.79769e+308.
[INFO]:[17:36:54] Starting local search phase...
[INFO]:[17:36:54] Worker (ils_group_rank=10) entering parallel ILS evaluation service.
[INFO]:[17:36:54] Starting CPLEX solver on instance: /home/yorig/tuner/mpils-tests/instances/miplib/medium-1/neos-3024952-loue.mps with config: /scratch/yorig/mpils-results-grid-ticks-10000-7may/medium-1/24proc-24pils/seed-7/9_neos-3024952-loue_seed-7_20260510_173635/iterated_local_search/run_2_worker_0/parallel_0_10.prm
[INFO]:[17:37:01] CPLEX results. Gap: 8.280000, upper bound: 28582.000000, lower bound: 26214.809290
[INFO]:[17:37:01] CPLEX solver finished. Gap: 8.280000
[INFO]:[17:37:02] Worker (ils_group_rank=10) exiting parallel ILS evaluation service.
[INFO]:[17:37:02] Worker 10 completed exploration phase.
[INFO]:[17:37:02] Worker 10 received order for step 2.
[INFO]:[17:37:02] Worker 10 running expansion phase for iteration 2.
[INFO]:[17:37:02] Worker 10 will use solver log file: /scratch/yorig/mpils-results-grid-ticks-10000-7may/medium-1/24proc-24pils/seed-7/9_neos-3024952-loue_seed-7_20260510_173635/solver/cplex.log_iteration_expansion_2_worker_10
[INFO]:[17:37:02] Expansion Worker 10 starting expansion for iteration 2.
[INFO]:[17:37:02] Starting CPLEX solver on instance: /home/yorig/tuner/mpils-tests/instances/miplib/medium-1/neos-3024952-loue.mps with config: /scratch/yorig/mpils-results-grid-ticks-10000-7may/medium-1/24proc-24pils/seed-7/9_neos-3024952-loue_seed-7_20260510_173635/expansion/config_param_CPXPARAM_MIP_Limits_ProbeTime_40_iter_2.prm
[INFO]:[17:37:10] CPLEX results. Gap: 7.080000, upper bound: 28331.000000, lower bound: 26326.246292
[INFO]:[17:37:10] CPLEX solver finished. Gap: 7.080000
[INFO]:[17:37:10] Expansion Worker 10 stopping early after global MPI expansion stop was activated.
[INFO]:[17:37:10] Expansion Worker 10 completed expansion.
[INFO]:[17:37:10] Worker 10 completed expansion phase.
[INFO]:[17:37:10] Worker 10 received order for step 1.
[INFO]:[17:37:10] Worker 10 running exploration phase for iteration 3.
[INFO]:[17:37:10] Worker 10 at iteration 3 will not use a MIP start file. Current best MIP-start upper bound threshold is 1.79769e+308.
[INFO]:[17:37:10] Starting local search phase...
[INFO]:[17:37:10] Worker (ils_group_rank=10) entering parallel ILS evaluation service.
[INFO]:[17:37:10] Starting CPLEX solver on instance: /home/yorig/tuner/mpils-tests/instances/miplib/medium-1/neos-3024952-loue.mps with config: /scratch/yorig/mpils-results-grid-ticks-10000-7may/medium-1/24proc-24pils/seed-7/9_neos-3024952-loue_seed-7_20260510_173635/iterated_local_search/run_3_worker_0/parallel_0_10.prm
[INFO]:[17:37:17] CPLEX results. Gap: 7.080000, upper bound: 28331.000000, lower bound: 26326.246292
[INFO]:[17:37:17] CPLEX solver finished. Gap: 7.080000
[INFO]:[17:37:17] Worker (ils_group_rank=10) exiting parallel ILS evaluation service.
[INFO]:[17:37:17] Worker 10 completed exploration phase.
[INFO]:[17:37:17] Worker 10 received order for step 2.
[INFO]:[17:37:17] Worker 10 running expansion phase for iteration 3.
[INFO]:[17:37:17] Worker 10 will use solver log file: /scratch/yorig/mpils-results-grid-ticks-10000-7may/medium-1/24proc-24pils/seed-7/9_neos-3024952-loue_seed-7_20260510_173635/solver/cplex.log_iteration_expansion_3_worker_10
[INFO]:[17:37:17] Expansion Worker 10 starting expansion for iteration 3.
[INFO]:[17:37:17] Starting CPLEX solver on instance: /home/yorig/tuner/mpils-tests/instances/miplib/medium-1/neos-3024952-loue.mps with config: /scratch/yorig/mpils-results-grid-ticks-10000-7may/medium-1/24proc-24pils/seed-7/9_neos-3024952-loue_seed-7_20260510_173635/expansion/config_param_CPXPARAM_MIP_Limits_CutsFactor_1_iter_3.prm
[INFO]:[17:37:23] CPLEX results. Gap: 20.170000, upper bound: 28702.000000, lower bound: 22912.000000
[INFO]:[17:37:23] CPLEX solver finished. Gap: 20.170000
[INFO]:[17:37:25] Starting CPLEX solver on instance: /home/yorig/tuner/mpils-tests/instances/miplib/medium-1/neos-3024952-loue.mps with config: /scratch/yorig/mpils-results-grid-ticks-10000-7may/medium-1/24proc-24pils/seed-7/9_neos-3024952-loue_seed-7_20260510_173635/expansion/config_param_CPXPARAM_MIP_Strategy_HeuristicFreq_500_iter_3.prm
[INFO]:[17:37:32] CPLEX results. Gap: 10.730000, upper bound: 29508.000000, lower bound: 26341.892602
[INFO]:[17:37:32] CPLEX solver finished. Gap: 10.730000
[INFO]:[17:37:32] Expansion Worker 10 completed expansion.
[INFO]:[17:37:32] Worker 10 completed expansion phase.
[INFO]:[17:37:32] Worker 10 received order for step 1.
[INFO]:[17:37:32] Worker 10 running exploration phase for iteration 4.
[INFO]:[17:37:32] Worker 10 at iteration 4 will not use a MIP start file. Current best MIP-start upper bound threshold is 1.79769e+308.
[INFO]:[17:37:32] Starting local search phase...
[INFO]:[17:37:32] Worker (ils_group_rank=10) entering parallel ILS evaluation service.
[INFO]:[17:37:33] Starting CPLEX solver on instance: /home/yorig/tuner/mpils-tests/instances/miplib/medium-1/neos-3024952-loue.mps with config: /scratch/yorig/mpils-results-grid-ticks-10000-7may/medium-1/24proc-24pils/seed-7/9_neos-3024952-loue_seed-7_20260510_173635/iterated_local_search/run_4_worker_0/parallel_0_10.prm
[WARN]:[17:37:41] CPLEX finished without a primal feasible solution for config /scratch/yorig/mpils-results-grid-ticks-10000-7may/medium-1/24proc-24pils/seed-7/9_neos-3024952-loue_seed-7_20260510_173635/iterated_local_search/run_4_worker_0/parallel_0_10.prm.
[INFO]:[17:37:41] CPLEX results. Gap: unavailable, upper bound: null, lower bound: 24841.862203
[INFO]:[17:37:41] CPLEX solver finished. Gap: 179769313486231570814527423731704356798070567525844996598917476803157260780028538760589558632766878171540458953514382464234321326889464182768467546703537516986049910576551282076245490090389328944075868508455133942304583236903222948165808559332123348274797826204144723168738177180919299881250404026184124858368.000000
[INFO]:[17:37:41] Worker (ils_group_rank=10) exiting parallel ILS evaluation service.
[INFO]:[17:37:41] Worker 10 completed exploration phase.
[INFO]:[17:37:41] Worker 10 received order for step 2.
[INFO]:[17:37:41] Worker 10 running expansion phase for iteration 4.
[INFO]:[17:37:41] Worker 10 will use solver log file: /scratch/yorig/mpils-results-grid-ticks-10000-7may/medium-1/24proc-24pils/seed-7/9_neos-3024952-loue_seed-7_20260510_173635/solver/cplex.log_iteration_expansion_4_worker_10
[INFO]:[17:37:41] Expansion Worker 10 starting expansion for iteration 4.
[INFO]:[17:37:41] Starting CPLEX solver on instance: /home/yorig/tuner/mpils-tests/instances/miplib/medium-1/neos-3024952-loue.mps with config: /scratch/yorig/mpils-results-grid-ticks-10000-7may/medium-1/24proc-24pils/seed-7/9_neos-3024952-loue_seed-7_20260510_173635/expansion/config_param_CPXPARAM_MIP_Strategy_SubAlgorithm_5_iter_4.prm
[WARN]:[17:37:48] CPLEX finished without a primal feasible solution for config /scratch/yorig/mpils-results-grid-ticks-10000-7may/medium-1/24proc-24pils/seed-7/9_neos-3024952-loue_seed-7_20260510_173635/expansion/config_param_CPXPARAM_MIP_Strategy_SubAlgorithm_5_iter_4.prm.
[INFO]:[17:37:48] CPLEX results. Gap: unavailable, upper bound: null, lower bound: 24075.139503
[INFO]:[17:37:48] CPLEX solver finished. Gap: 179769313486231570814527423731704356798070567525844996598917476803157260780028538760589558632766878171540458953514382464234321326889464182768467546703537516986049910576551282076245490090389328944075868508455133942304583236903222948165808559332123348274797826204144723168738177180919299881250404026184124858368.000000
[INFO]:[17:37:49] Expansion Worker 10 stopping early after global MPI expansion stop was activated.
[INFO]:[17:37:49] Expansion Worker 10 completed expansion.
[INFO]:[17:37:49] Worker 10 completed expansion phase.
[INFO]:[17:37:49] Worker 10 received order for step 1.
[INFO]:[17:37:49] Worker 10 running exploration phase for iteration 5.
[INFO]:[17:37:49] Worker 10 at iteration 5 will not use a MIP start file. Current best MIP-start upper bound threshold is 1.79769e+308.
[INFO]:[17:37:49] Starting local search phase...
[INFO]:[17:37:49] Worker (ils_group_rank=10) entering parallel ILS evaluation service.
[INFO]:[17:37:49] Starting CPLEX solver on instance: /home/yorig/tuner/mpils-tests/instances/miplib/medium-1/neos-3024952-loue.mps with config: /scratch/yorig/mpils-results-grid-ticks-10000-7may/medium-1/24proc-24pils/seed-7/9_neos-3024952-loue_seed-7_20260510_173635/iterated_local_search/run_5_worker_0/parallel_0_10.prm
[INFO]:[17:37:57] CPLEX results. Gap: 6.990000, upper bound: 28327.000000, lower bound: 26346.573442
[INFO]:[17:37:57] CPLEX solver finished. Gap: 6.990000
[INFO]:[17:37:58] Worker (ils_group_rank=10) exiting parallel ILS evaluation service.
[INFO]:[17:37:58] Worker 10 completed exploration phase.
[INFO]:[17:37:58] Worker 10 received order for step 2.
[INFO]:[17:37:58] Worker 10 running expansion phase for iteration 5.
[INFO]:[17:37:58] Worker 10 will use solver log file: /scratch/yorig/mpils-results-grid-ticks-10000-7may/medium-1/24proc-24pils/seed-7/9_neos-3024952-loue_seed-7_20260510_173635/solver/cplex.log_iteration_expansion_5_worker_10
[INFO]:[17:37:58] Expansion Worker 10 starting expansion for iteration 5.
[INFO]:[17:37:58] Starting CPLEX solver on instance: /home/yorig/tuner/mpils-tests/instances/miplib/medium-1/neos-3024952-loue.mps with config: /scratch/yorig/mpils-results-grid-ticks-10000-7may/medium-1/24proc-24pils/seed-7/9_neos-3024952-loue_seed-7_20260510_173635/expansion/config_param_CPXPARAM_Simplex_PGradient_-1_iter_5.prm
[INFO]:[17:38:05] CPLEX results. Gap: 10.290000, upper bound: 29305.000000, lower bound: 26288.245030
[INFO]:[17:38:05] CPLEX solver finished. Gap: 10.290000
[INFO]:[17:38:06] Expansion Worker 10 stopping early after global MPI expansion stop was activated.
[INFO]:[17:38:06] Expansion Worker 10 completed expansion.
[INFO]:[17:38:06] Worker 10 completed expansion phase.
[INFO]:[17:38:06] Worker 10 received order for step 1.
[INFO]:[17:38:06] Worker 10 running exploration phase for iteration 6.
[INFO]:[17:38:06] Worker 10 at iteration 6 will not use a MIP start file. Current best MIP-start upper bound threshold is 1.79769e+308.
[INFO]:[17:38:06] Starting local search phase...
[INFO]:[17:38:06] Worker (ils_group_rank=10) entering parallel ILS evaluation service.
[INFO]:[17:38:06] Starting CPLEX solver on instance: /home/yorig/tuner/mpils-tests/instances/miplib/medium-1/neos-3024952-loue.mps with config: /scratch/yorig/mpils-results-grid-ticks-10000-7may/medium-1/24proc-24pils/seed-7/9_neos-3024952-loue_seed-7_20260510_173635/iterated_local_search/run_6_worker_0/parallel_0_10.prm
[INFO]:[17:38:13] CPLEX results. Gap: 6.990000, upper bound: 28327.000000, lower bound: 26346.573442
[INFO]:[17:38:13] CPLEX solver finished. Gap: 6.990000
[INFO]:[17:38:13] Starting CPLEX solver on instance: /home/yorig/tuner/mpils-tests/instances/miplib/medium-1/neos-3024952-loue.mps with config: /scratch/yorig/mpils-results-grid-ticks-10000-7may/medium-1/24proc-24pils/seed-7/9_neos-3024952-loue_seed-7_20260510_173635/iterated_local_search/run_6_worker_0/parallel_24_10.prm
[INFO]:[17:38:21] CPLEX results. Gap: 6.990000, upper bound: 28327.000000, lower bound: 26346.573442
[INFO]:[17:38:21] CPLEX solver finished. Gap: 6.990000
[INFO]:[17:38:21] Worker (ils_group_rank=10) exiting parallel ILS evaluation service.
[INFO]:[17:38:21] Worker 10 completed exploration phase.
[INFO]:[17:38:21] Worker 10 received order for step 2.
[INFO]:[17:38:21] Worker 10 running expansion phase for iteration 6.
[INFO]:[17:38:21] Worker 10 will use solver log file: /scratch/yorig/mpils-results-grid-ticks-10000-7may/medium-1/24proc-24pils/seed-7/9_neos-3024952-loue_seed-7_20260510_173635/solver/cplex.log_iteration_expansion_6_worker_10
[INFO]:[17:38:21] Expansion Worker 10 starting expansion for iteration 6.
[INFO]:[17:38:21] Starting CPLEX solver on instance: /home/yorig/tuner/mpils-tests/instances/miplib/medium-1/neos-3024952-loue.mps with config: /scratch/yorig/mpils-results-grid-ticks-10000-7may/medium-1/24proc-24pils/seed-7/9_neos-3024952-loue_seed-7_20260510_173635/expansion/config_param_CPXPARAM_Barrier_StartAlg_3_iter_6.prm
[INFO]:[17:38:29] CPLEX results. Gap: 2.540000, upper bound: 27196.000000, lower bound: 26505.945412
[INFO]:[17:38:29] CPLEX solver finished. Gap: 2.540000
[INFO]:[17:38:29] Expansion Worker 10 stopping early after global MPI expansion stop was activated.
[INFO]:[17:38:29] Expansion Worker 10 completed expansion.
[INFO]:[17:38:29] Worker 10 completed expansion phase.
[INFO]:[17:38:29] Worker 10 received order for step 1.
[INFO]:[17:38:29] Worker 10 running exploration phase for iteration 7.
[INFO]:[17:38:29] Worker 10 at iteration 7 will not use a MIP start file. Current best MIP-start upper bound threshold is 1.79769e+308.
[INFO]:[17:38:29] Starting local search phase...
[INFO]:[17:38:29] Worker (ils_group_rank=10) entering parallel ILS evaluation service.
[INFO]:[17:38:29] Starting CPLEX solver on instance: /home/yorig/tuner/mpils-tests/instances/miplib/medium-1/neos-3024952-loue.mps with config: /scratch/yorig/mpils-results-grid-ticks-10000-7may/medium-1/24proc-24pils/seed-7/9_neos-3024952-loue_seed-7_20260510_173635/iterated_local_search/run_7_worker_0/parallel_0_10.prm
[INFO]:[17:38:37] CPLEX results. Gap: 6.990000, upper bound: 28327.000000, lower bound: 26346.573442
[INFO]:[17:38:37] CPLEX solver finished. Gap: 6.990000
[INFO]:[17:38:37] Worker (ils_group_rank=10) exiting parallel ILS evaluation service.
[INFO]:[17:38:37] Worker 10 completed exploration phase.
[INFO]:[17:38:37] Worker 10 received order for step 2.
[INFO]:[17:38:37] Worker 10 running expansion phase for iteration 7.
[INFO]:[17:38:37] Worker 10 will use solver log file: /scratch/yorig/mpils-results-grid-ticks-10000-7may/medium-1/24proc-24pils/seed-7/9_neos-3024952-loue_seed-7_20260510_173635/solver/cplex.log_iteration_expansion_7_worker_10
[INFO]:[17:38:37] Expansion Worker 10 starting expansion for iteration 7.
[INFO]:[17:38:37] Starting CPLEX solver on instance: /home/yorig/tuner/mpils-tests/instances/miplib/medium-1/neos-3024952-loue.mps with config: /scratch/yorig/mpils-results-grid-ticks-10000-7may/medium-1/24proc-24pils/seed-7/9_neos-3024952-loue_seed-7_20260510_173635/expansion/config_param_CPXPARAM_Preprocessing_CoeffReduce_0_iter_7.prm
[INFO]:[17:38:44] CPLEX results. Gap: 1.900000, upper bound: 26990.000000, lower bound: 26475.928502
[INFO]:[17:38:44] CPLEX solver finished. Gap: 1.900000
[INFO]:[17:38:44] Expansion Worker 10 stopping early after global MPI expansion stop was activated.
[INFO]:[17:38:44] Expansion Worker 10 completed expansion.
[INFO]:[17:38:44] Worker 10 completed expansion phase.
[INFO]:[17:38:45] Worker 10 received order for step 1.
[INFO]:[17:38:45] Worker 10 running exploration phase for iteration 8.
[INFO]:[17:38:45] Worker 10 at iteration 8 will not use a MIP start file. Current best MIP-start upper bound threshold is 1.79769e+308.
[INFO]:[17:38:45] Starting local search phase...
[INFO]:[17:38:45] Worker (ils_group_rank=10) entering parallel ILS evaluation service.
[INFO]:[17:38:45] Starting CPLEX solver on instance: /home/yorig/tuner/mpils-tests/instances/miplib/medium-1/neos-3024952-loue.mps with config: /scratch/yorig/mpils-results-grid-ticks-10000-7may/medium-1/24proc-24pils/seed-7/9_neos-3024952-loue_seed-7_20260510_173635/iterated_local_search/run_8_worker_0/parallel_0_10.prm
[INFO]:[17:38:52] CPLEX results. Gap: 6.990000, upper bound: 28327.000000, lower bound: 26346.573442
[INFO]:[17:38:52] CPLEX solver finished. Gap: 6.990000
[INFO]:[17:38:52] Starting CPLEX solver on instance: /home/yorig/tuner/mpils-tests/instances/miplib/medium-1/neos-3024952-loue.mps with config: /scratch/yorig/mpils-results-grid-ticks-10000-7may/medium-1/24proc-24pils/seed-7/9_neos-3024952-loue_seed-7_20260510_173635/iterated_local_search/run_8_worker_0/parallel_24_10.prm
[WARN]:[17:38:59] CPLEX finished without a primal feasible solution for config /scratch/yorig/mpils-results-grid-ticks-10000-7may/medium-1/24proc-24pils/seed-7/9_neos-3024952-loue_seed-7_20260510_173635/iterated_local_search/run_8_worker_0/parallel_24_10.prm.
[INFO]:[17:38:59] CPLEX results. Gap: unavailable, upper bound: null, lower bound: 24480.431454
[INFO]:[17:38:59] CPLEX solver finished. Gap: 179769313486231570814527423731704356798070567525844996598917476803157260780028538760589558632766878171540458953514382464234321326889464182768467546703537516986049910576551282076245490090389328944075868508455133942304583236903222948165808559332123348274797826204144723168738177180919299881250404026184124858368.000000
[INFO]:[17:39:00] Worker (ils_group_rank=10) exiting parallel ILS evaluation service.
[INFO]:[17:39:00] Worker 10 completed exploration phase.
[INFO]:[17:39:00] Worker 10 received order for step 2.
[INFO]:[17:39:00] Worker 10 running expansion phase for iteration 8.
[INFO]:[17:39:00] Worker 10 will use solver log file: /scratch/yorig/mpils-results-grid-ticks-10000-7may/medium-1/24proc-24pils/seed-7/9_neos-3024952-loue_seed-7_20260510_173635/solver/cplex.log_iteration_expansion_8_worker_10
[INFO]:[17:39:00] Expansion Worker 10 starting expansion for iteration 8.
[INFO]:[17:39:00] Starting CPLEX solver on instance: /home/yorig/tuner/mpils-tests/instances/miplib/medium-1/neos-3024952-loue.mps with config: /scratch/yorig/mpils-results-grid-ticks-10000-7may/medium-1/24proc-24pils/seed-7/9_neos-3024952-loue_seed-7_20260510_173635/expansion/config_param_CPXPARAM_Network_NetFind_3_iter_8.prm
[INFO]:[17:39:07] CPLEX results. Gap: 1.620000, upper bound: 26878.000000, lower bound: 26442.297962
[INFO]:[17:39:07] CPLEX solver finished. Gap: 1.620000
[INFO]:[17:39:08] Expansion Worker 10 stopping early after global MPI expansion stop was activated.
[INFO]:[17:39:08] Expansion Worker 10 completed expansion.
[INFO]:[17:39:08] Worker 10 completed expansion phase.
[INFO]:[17:39:08] Worker 10 received order for step 1.
[INFO]:[17:39:08] Worker 10 running exploration phase for iteration 9.
[INFO]:[17:39:08] Worker 10 at iteration 9 will not use a MIP start file. Current best MIP-start upper bound threshold is 1.79769e+308.
[INFO]:[17:39:08] Starting local search phase...
[INFO]:[17:39:08] Worker (ils_group_rank=10) entering parallel ILS evaluation service.
[INFO]:[17:39:08] Starting CPLEX solver on instance: /home/yorig/tuner/mpils-tests/instances/miplib/medium-1/neos-3024952-loue.mps with config: /scratch/yorig/mpils-results-grid-ticks-10000-7may/medium-1/24proc-24pils/seed-7/9_neos-3024952-loue_seed-7_20260510_173635/iterated_local_search/run_9_worker_0/parallel_0_10.prm
[INFO]:[17:39:16] CPLEX results. Gap: 7.080000, upper bound: 28331.000000, lower bound: 26326.246292
[INFO]:[17:39:16] CPLEX solver finished. Gap: 7.080000
[INFO]:[17:39:16] Starting CPLEX solver on instance: /home/yorig/tuner/mpils-tests/instances/miplib/medium-1/neos-3024952-loue.mps with config: /scratch/yorig/mpils-results-grid-ticks-10000-7may/medium-1/24proc-24pils/seed-7/9_neos-3024952-loue_seed-7_20260510_173635/iterated_local_search/run_9_worker_0/parallel_24_10.prm
[INFO]:[17:39:23] CPLEX results. Gap: 6.990000, upper bound: 28327.000000, lower bound: 26346.573442
[INFO]:[17:39:23] CPLEX solver finished. Gap: 6.990000
[INFO]:[17:39:23] Worker (ils_group_rank=10) exiting parallel ILS evaluation service.
[INFO]:[17:39:23] Worker 10 completed exploration phase.
[INFO]:[17:39:23] Worker 10 received order for step 2.
[INFO]:[17:39:23] Worker 10 running expansion phase for iteration 9.
[INFO]:[17:39:23] Worker 10 will use solver log file: /scratch/yorig/mpils-results-grid-ticks-10000-7may/medium-1/24proc-24pils/seed-7/9_neos-3024952-loue_seed-7_20260510_173635/solver/cplex.log_iteration_expansion_9_worker_10
[INFO]:[17:39:23] Expansion Worker 10 starting expansion for iteration 9.
[INFO]:[17:39:23] Starting CPLEX solver on instance: /home/yorig/tuner/mpils-tests/instances/miplib/medium-1/neos-3024952-loue.mps with config: /scratch/yorig/mpils-results-grid-ticks-10000-7may/medium-1/24proc-24pils/seed-7/9_neos-3024952-loue_seed-7_20260510_173635/expansion/config_param_CPXPARAM_Sifting_Algorithm_3_iter_9.prm
[INFO]:[17:39:31] CPLEX results. Gap: 1.390000, upper bound: 26846.000000, lower bound: 26472.941251
[INFO]:[17:39:31] CPLEX solver finished. Gap: 1.390000
[INFO]:[17:39:39] Expansion Worker 10 completed expansion.
[INFO]:[17:39:39] Worker 10 completed expansion phase.
[INFO]:[17:39:39] Worker 10 received order for step 1.
[INFO]:[17:39:39] Worker 10 running exploration phase for iteration 10.
[INFO]:[17:39:39] Worker 10 at iteration 10 will not use a MIP start file. Current best MIP-start upper bound threshold is 1.79769e+308.
[INFO]:[17:39:39] Starting local search phase...
[INFO]:[17:39:39] Worker (ils_group_rank=10) entering parallel ILS evaluation service.
[INFO]:[17:39:39] Starting CPLEX solver on instance: /home/yorig/tuner/mpils-tests/instances/miplib/medium-1/neos-3024952-loue.mps with config: /scratch/yorig/mpils-results-grid-ticks-10000-7may/medium-1/24proc-24pils/seed-7/9_neos-3024952-loue_seed-7_20260510_173635/iterated_local_search/run_10_worker_0/parallel_0_10.prm
[INFO]:[17:39:47] CPLEX results. Gap: 6.990000, upper bound: 28327.000000, lower bound: 26346.573442
[INFO]:[17:39:47] CPLEX solver finished. Gap: 6.990000
[INFO]:[17:39:47] Starting CPLEX solver on instance: /home/yorig/tuner/mpils-tests/instances/miplib/medium-1/neos-3024952-loue.mps with config: /scratch/yorig/mpils-results-grid-ticks-10000-7may/medium-1/24proc-24pils/seed-7/9_neos-3024952-loue_seed-7_20260510_173635/iterated_local_search/run_10_worker_0/parallel_24_10.prm
[INFO]:[17:39:55] CPLEX results. Gap: 6.990000, upper bound: 28327.000000, lower bound: 26346.573442
[INFO]:[17:39:55] CPLEX solver finished. Gap: 6.990000
[INFO]:[17:39:55] Worker (ils_group_rank=10) exiting parallel ILS evaluation service.
[INFO]:[17:39:55] Worker 10 completed exploration phase.
[INFO]:[17:39:55] Worker 10 received order for step 3.
[INFO]:[17:39:55] Worker 10 finished.
