[INFO]:[18:43:47] Worker 4 starting.
[INFO]:[18:43:47] Worker 4 received order for step 1.
[INFO]:[18:43:47] Worker 4 running exploration phase for iteration 1.
[INFO]:[18:43:47] Worker 4 at iteration 1 will not use a MIP start file. Current best MIP-start upper bound threshold is 1.79769e+308.
[INFO]:[18:43:47] Starting local search phase...
[INFO]:[18:43:47] Creating local search space from parameter space file: /scratch/yorig/mpils-results-grid-ticks-10000-7may/medium-1/24proc-4pils/seed-9/6_momentum1_seed-9_20260510_184346/iterated_local_search/search_space/search_space_file_1_worker_4.txt
[INFO]:[18:43:47] Local search space loaded from file: /scratch/yorig/mpils-results-grid-ticks-10000-7may/medium-1/24proc-4pils/seed-9/6_momentum1_seed-9_20260510_184346/iterated_local_search/search_space/search_space_file_1_worker_4.txt
[INFO]:[18:43:47] Number of parameters in local search space: 71
[INFO]:[18:43:47] Number of forbidden tuples in local search space: 0
[INFO]:[18:43:47] Number of conditionals in local search space: 6
[INFO]:[18:43:47] MIP start option not enabled. Local search will proceed without MIP start.
[INFO]:[18:43:47] Starting CPLEX solver on instance: /home/yorig/tuner/mpils-tests/instances/miplib/medium-1/momentum1.mps with config: /scratch/yorig/mpils-results-grid-ticks-10000-7may/medium-1/24proc-4pils/seed-9/6_momentum1_seed-9_20260510_184346/iterated_local_search/run_1_worker_4/ils_config_11452627603801817331.prm
[INFO]:[18:43:47] Starting CPLEX solver on instance: /home/yorig/tuner/mpils-tests/instances/miplib/medium-1/momentum1.mps with config: /scratch/yorig/mpils-results-grid-ticks-10000-7may/medium-1/24proc-4pils/seed-9/6_momentum1_seed-9_20260510_184346/iterated_local_search/run_1_worker_4/ils_config_11452627603801817331.prm
[INFO]:[18:43:54] CPLEX results. Gap: 65.910000, upper bound: 282484.835066, lower bound: 96303.798475
[INFO]:[18:43:54] CPLEX solver finished. Gap: 65.910000
[INFO]:[18:43:54] Starting CPLEX solver on instance: /home/yorig/tuner/mpils-tests/instances/miplib/medium-1/momentum1.mps with config: /scratch/yorig/mpils-results-grid-ticks-10000-7may/medium-1/24proc-4pils/seed-9/6_momentum1_seed-9_20260510_184346/iterated_local_search/run_1_worker_4/ils_config_9732908497348325766.prm
[INFO]:[18:43:54] Starting CPLEX solver on instance: /home/yorig/tuner/mpils-tests/instances/miplib/medium-1/momentum1.mps with config: /scratch/yorig/mpils-results-grid-ticks-10000-7may/medium-1/24proc-4pils/seed-9/6_momentum1_seed-9_20260510_184346/iterated_local_search/run_1_worker_4/ils_config_9732908497348325766.prm
[INFO]:[18:44:00] CPLEX results. Gap: 65.910000, upper bound: 282484.835066, lower bound: 96303.798475
[INFO]:[18:44:00] CPLEX solver finished. Gap: 65.910000
[INFO]:[18:44:00] Starting CPLEX solver on instance: /home/yorig/tuner/mpils-tests/instances/miplib/medium-1/momentum1.mps with config: /scratch/yorig/mpils-results-grid-ticks-10000-7may/medium-1/24proc-4pils/seed-9/6_momentum1_seed-9_20260510_184346/iterated_local_search/run_1_worker_4/ils_config_7902971837574900741.prm
[INFO]:[18:44:00] Starting CPLEX solver on instance: /home/yorig/tuner/mpils-tests/instances/miplib/medium-1/momentum1.mps with config: /scratch/yorig/mpils-results-grid-ticks-10000-7may/medium-1/24proc-4pils/seed-9/6_momentum1_seed-9_20260510_184346/iterated_local_search/run_1_worker_4/ils_config_7902971837574900741.prm
[INFO]:[18:44:06] CPLEX results. Gap: 65.910000, upper bound: 282484.835066, lower bound: 96303.798475
[INFO]:[18:44:07] CPLEX solver finished. Gap: 65.910000
[INFO]:[18:44:07] New incumbent found with objective value: 28.62
[INFO]:[18:44:07] Starting CPLEX solver on instance: /home/yorig/tuner/mpils-tests/instances/miplib/medium-1/momentum1.mps with config: /scratch/yorig/mpils-results-grid-ticks-10000-7may/medium-1/24proc-4pils/seed-9/6_momentum1_seed-9_20260510_184346/iterated_local_search/run_1_worker_4/ils_config_4156150777377076392.prm
[INFO]:[18:44:07] Starting CPLEX solver on instance: /home/yorig/tuner/mpils-tests/instances/miplib/medium-1/momentum1.mps with config: /scratch/yorig/mpils-results-grid-ticks-10000-7may/medium-1/24proc-4pils/seed-9/6_momentum1_seed-9_20260510_184346/iterated_local_search/run_1_worker_4/ils_config_4156150777377076392.prm
[INFO]:[18:44:13] CPLEX results. Gap: 28.620000, upper bound: 134889.592313, lower bound: 96289.142505
[INFO]:[18:44:13] CPLEX solver finished. Gap: 28.620000
[INFO]:[18:44:13] Starting CPLEX solver on instance: /home/yorig/tuner/mpils-tests/instances/miplib/medium-1/momentum1.mps with config: /scratch/yorig/mpils-results-grid-ticks-10000-7may/medium-1/24proc-4pils/seed-9/6_momentum1_seed-9_20260510_184346/iterated_local_search/run_1_worker_4/ils_config_8841787534971455271.prm
[INFO]:[18:44:13] Starting CPLEX solver on instance: /home/yorig/tuner/mpils-tests/instances/miplib/medium-1/momentum1.mps with config: /scratch/yorig/mpils-results-grid-ticks-10000-7may/medium-1/24proc-4pils/seed-9/6_momentum1_seed-9_20260510_184346/iterated_local_search/run_1_worker_4/ils_config_8841787534971455271.prm
[INFO]:[18:44:19] CPLEX results. Gap: 28.620000, upper bound: 134889.592343, lower bound: 96284.067661
[INFO]:[18:44:19] CPLEX solver finished. Gap: 28.620000
[INFO]:[18:44:20] New incumbent found with objective value: 21.11
[INFO]:[18:44:20] Local search phase completed.
[INFO]:[18:44:20] Total number of new local-search evaluations: 20
[INFO]:[18:44:20] Final incumbent objective value: 21.11
[INFO]:[18:44:21] Worker 4 completed exploration phase.
[INFO]:[18:44:21] Worker 4 received order for step 2.
[INFO]:[18:44:21] Worker 4 running expansion phase for iteration 1.
[INFO]:[18:44:21] Worker 4 will use solver log file: /scratch/yorig/mpils-results-grid-ticks-10000-7may/medium-1/24proc-4pils/seed-9/6_momentum1_seed-9_20260510_184346/solver/cplex.log_iteration_expansion_1_worker_4
[INFO]:[18:44:21] Expansion Worker 4 starting expansion for iteration 1.
[INFO]:[18:44:21] Starting CPLEX solver on instance: /home/yorig/tuner/mpils-tests/instances/miplib/medium-1/momentum1.mps with config: /scratch/yorig/mpils-results-grid-ticks-10000-7may/medium-1/24proc-4pils/seed-9/6_momentum1_seed-9_20260510_184346/expansion/config_param_CPXPARAM_MIP_Cuts_Covers_-1_iter_1.prm
[INFO]:[18:44:27] CPLEX results. Gap: 11.800000, upper bound: 109173.898749, lower bound: 96288.774983
[INFO]:[18:44:27] CPLEX solver finished. Gap: 11.800000
[INFO]:[18:44:28] Starting CPLEX solver on instance: /home/yorig/tuner/mpils-tests/instances/miplib/medium-1/momentum1.mps with config: /scratch/yorig/mpils-results-grid-ticks-10000-7may/medium-1/24proc-4pils/seed-9/6_momentum1_seed-9_20260510_184346/expansion/config_param_CPXPARAM_MIP_Limits_ProbeTime_60_iter_1.prm
[INFO]:[18:44:34] CPLEX results. Gap: 70.000000, upper bound: 320985.264452, lower bound: 96307.266212
[INFO]:[18:44:34] CPLEX solver finished. Gap: 70.000000
[INFO]:[18:44:34] Starting CPLEX solver on instance: /home/yorig/tuner/mpils-tests/instances/miplib/medium-1/momentum1.mps with config: /scratch/yorig/mpils-results-grid-ticks-10000-7may/medium-1/24proc-4pils/seed-9/6_momentum1_seed-9_20260510_184346/expansion/config_param_CPXPARAM_MIP_Limits_CutsFactor_8_iter_1.prm
[INFO]:[18:44:40] CPLEX results. Gap: 11.800000, upper bound: 109173.898749, lower bound: 96288.774983
[INFO]:[18:44:40] CPLEX solver finished. Gap: 11.800000
[INFO]:[18:44:41] Expansion Worker 4 completed expansion.
[INFO]:[18:44:41] Worker 4 completed expansion phase.
[INFO]:[18:44:41] Worker 4 received order for step 1.
[INFO]:[18:44:41] Worker 4 running exploration phase for iteration 2.
[INFO]:[18:44:41] Worker 4 at iteration 2 will not use a MIP start file. Current best MIP-start upper bound threshold is 1.79769e+308.
[INFO]:[18:44:41] Starting local search phase...
[INFO]:[18:44:41] Creating local search space from parameter space file: /scratch/yorig/mpils-results-grid-ticks-10000-7may/medium-1/24proc-4pils/seed-9/6_momentum1_seed-9_20260510_184346/iterated_local_search/search_space/search_space_file_2_worker_4.txt
[INFO]:[18:44:41] Local search space loaded from file: /scratch/yorig/mpils-results-grid-ticks-10000-7may/medium-1/24proc-4pils/seed-9/6_momentum1_seed-9_20260510_184346/iterated_local_search/search_space/search_space_file_2_worker_4.txt
[INFO]:[18:44:41] Number of parameters in local search space: 71
[INFO]:[18:44:41] Number of forbidden tuples in local search space: 14
[INFO]:[18:44:41] Number of conditionals in local search space: 6
[INFO]:[18:44:41] MIP start option not enabled. Local search will proceed without MIP start.
[INFO]:[18:44:41] Starting CPLEX solver on instance: /home/yorig/tuner/mpils-tests/instances/miplib/medium-1/momentum1.mps with config: /scratch/yorig/mpils-results-grid-ticks-10000-7may/medium-1/24proc-4pils/seed-9/6_momentum1_seed-9_20260510_184346/iterated_local_search/run_2_worker_4/ils_config_6820612810350761988.prm
[INFO]:[18:44:41] Starting CPLEX solver on instance: /home/yorig/tuner/mpils-tests/instances/miplib/medium-1/momentum1.mps with config: /scratch/yorig/mpils-results-grid-ticks-10000-7may/medium-1/24proc-4pils/seed-9/6_momentum1_seed-9_20260510_184346/iterated_local_search/run_2_worker_4/ils_config_6820612810350761988.prm
[INFO]:[18:44:46] CPLEX results. Gap: 69.390000, upper bound: 314554.345151, lower bound: 96288.316077
[INFO]:[18:44:46] CPLEX solver finished. Gap: 69.390000
[INFO]:[18:44:47] New incumbent found with objective value: 66.67
[INFO]:[18:44:47] Starting CPLEX solver on instance: /home/yorig/tuner/mpils-tests/instances/miplib/medium-1/momentum1.mps with config: /scratch/yorig/mpils-results-grid-ticks-10000-7may/medium-1/24proc-4pils/seed-9/6_momentum1_seed-9_20260510_184346/iterated_local_search/run_2_worker_4/ils_config_299117107052796692.prm
[INFO]:[18:44:47] Starting CPLEX solver on instance: /home/yorig/tuner/mpils-tests/instances/miplib/medium-1/momentum1.mps with config: /scratch/yorig/mpils-results-grid-ticks-10000-7may/medium-1/24proc-4pils/seed-9/6_momentum1_seed-9_20260510_184346/iterated_local_search/run_2_worker_4/ils_config_299117107052796692.prm
[INFO]:[18:44:54] CPLEX results. Gap: 67.400000, upper bound: 295335.076924, lower bound: 96275.189239
[INFO]:[18:44:54] CPLEX solver finished. Gap: 67.400000
[INFO]:[18:44:54] Local search phase completed.
[INFO]:[18:44:54] Total number of new local-search evaluations: 8
[INFO]:[18:44:54] Final incumbent objective value: 66.67
[INFO]:[18:44:56] Worker 4 completed exploration phase.
[INFO]:[18:44:56] Worker 4 received order for step 2.
[INFO]:[18:44:56] Worker 4 running expansion phase for iteration 2.
[INFO]:[18:44:56] Worker 4 will use solver log file: /scratch/yorig/mpils-results-grid-ticks-10000-7may/medium-1/24proc-4pils/seed-9/6_momentum1_seed-9_20260510_184346/solver/cplex.log_iteration_expansion_2_worker_4
[INFO]:[18:44:56] Expansion Worker 4 starting expansion for iteration 2.
[INFO]:[18:44:56] Starting CPLEX solver on instance: /home/yorig/tuner/mpils-tests/instances/miplib/medium-1/momentum1.mps with config: /scratch/yorig/mpils-results-grid-ticks-10000-7may/medium-1/24proc-4pils/seed-9/6_momentum1_seed-9_20260510_184346/expansion/config_param_CPXPARAM_MIP_Strategy_Order_0_iter_2.prm
[INFO]:[18:45:02] CPLEX results. Gap: 11.800000, upper bound: 109173.898749, lower bound: 96288.774983
[INFO]:[18:45:02] CPLEX solver finished. Gap: 11.800000
[INFO]:[18:45:07] Starting CPLEX solver on instance: /home/yorig/tuner/mpils-tests/instances/miplib/medium-1/momentum1.mps with config: /scratch/yorig/mpils-results-grid-ticks-10000-7may/medium-1/24proc-4pils/seed-9/6_momentum1_seed-9_20260510_184346/expansion/config_param_CPXPARAM_MIP_Strategy_SubAlgorithm_2_iter_2.prm
[INFO]:[18:45:13] CPLEX results. Gap: 11.800000, upper bound: 109173.898749, lower bound: 96288.774983
[INFO]:[18:45:13] CPLEX solver finished. Gap: 11.800000
[INFO]:[18:45:14] Expansion Worker 4 completed expansion.
[INFO]:[18:45:14] Worker 4 completed expansion phase.
[INFO]:[18:45:14] Worker 4 received order for step 1.
[INFO]:[18:45:14] Worker 4 running exploration phase for iteration 3.
[INFO]:[18:45:14] Worker 4 at iteration 3 will not use a MIP start file. Current best MIP-start upper bound threshold is 1.79769e+308.
[INFO]:[18:45:14] Starting local search phase...
[INFO]:[18:45:14] Creating local search space from parameter space file: /scratch/yorig/mpils-results-grid-ticks-10000-7may/medium-1/24proc-4pils/seed-9/6_momentum1_seed-9_20260510_184346/iterated_local_search/search_space/search_space_file_3_worker_4.txt
[INFO]:[18:45:14] Local search space loaded from file: /scratch/yorig/mpils-results-grid-ticks-10000-7may/medium-1/24proc-4pils/seed-9/6_momentum1_seed-9_20260510_184346/iterated_local_search/search_space/search_space_file_3_worker_4.txt
[INFO]:[18:45:14] Number of parameters in local search space: 71
[INFO]:[18:45:14] Number of forbidden tuples in local search space: 13
[INFO]:[18:45:14] Number of conditionals in local search space: 6
[INFO]:[18:45:14] MIP start option not enabled. Local search will proceed without MIP start.
[INFO]:[18:45:14] Starting CPLEX solver on instance: /home/yorig/tuner/mpils-tests/instances/miplib/medium-1/momentum1.mps with config: /scratch/yorig/mpils-results-grid-ticks-10000-7may/medium-1/24proc-4pils/seed-9/6_momentum1_seed-9_20260510_184346/iterated_local_search/run_3_worker_4/ils_config_6386724131558534269.prm
[INFO]:[18:45:14] Starting CPLEX solver on instance: /home/yorig/tuner/mpils-tests/instances/miplib/medium-1/momentum1.mps with config: /scratch/yorig/mpils-results-grid-ticks-10000-7may/medium-1/24proc-4pils/seed-9/6_momentum1_seed-9_20260510_184346/iterated_local_search/run_3_worker_4/ils_config_6386724131558534269.prm
[INFO]:[18:45:20] CPLEX results. Gap: 69.400000, upper bound: 314571.779370, lower bound: 96265.699231
[INFO]:[18:45:20] CPLEX solver finished. Gap: 69.400000
[INFO]:[18:45:21] Starting CPLEX solver on instance: /home/yorig/tuner/mpils-tests/instances/miplib/medium-1/momentum1.mps with config: /scratch/yorig/mpils-results-grid-ticks-10000-7may/medium-1/24proc-4pils/seed-9/6_momentum1_seed-9_20260510_184346/iterated_local_search/run_3_worker_4/ils_config_1271961408986930194.prm
[INFO]:[18:45:21] Starting CPLEX solver on instance: /home/yorig/tuner/mpils-tests/instances/miplib/medium-1/momentum1.mps with config: /scratch/yorig/mpils-results-grid-ticks-10000-7may/medium-1/24proc-4pils/seed-9/6_momentum1_seed-9_20260510_184346/iterated_local_search/run_3_worker_4/ils_config_1271961408986930194.prm
[INFO]:[18:45:27] CPLEX results. Gap: 68.750000, upper bound: 308105.988308, lower bound: 96293.591945
[INFO]:[18:45:27] CPLEX solver finished. Gap: 68.750000
[INFO]:[18:45:27] New incumbent found with objective value: 68.75
[INFO]:[18:45:27] Local search phase completed.
[INFO]:[18:45:27] Total number of new local-search evaluations: 8
[INFO]:[18:45:27] Final incumbent objective value: 68.75
[INFO]:[18:45:29] Worker 4 completed exploration phase.
[INFO]:[18:45:29] Worker 4 received order for step 2.
[INFO]:[18:45:29] Worker 4 running expansion phase for iteration 3.
[INFO]:[18:45:29] Worker 4 will use solver log file: /scratch/yorig/mpils-results-grid-ticks-10000-7may/medium-1/24proc-4pils/seed-9/6_momentum1_seed-9_20260510_184346/solver/cplex.log_iteration_expansion_3_worker_4
[INFO]:[18:45:29] Expansion Worker 4 starting expansion for iteration 3.
[INFO]:[18:45:29] Starting CPLEX solver on instance: /home/yorig/tuner/mpils-tests/instances/miplib/medium-1/momentum1.mps with config: /scratch/yorig/mpils-results-grid-ticks-10000-7may/medium-1/24proc-4pils/seed-9/6_momentum1_seed-9_20260510_184346/expansion/config_param_CPXPARAM_Simplex_PGradient_4_iter_3.prm
[INFO]:[18:45:35] CPLEX results. Gap: 70.000000, upper bound: 320985.264487, lower bound: 96292.305050
[INFO]:[18:45:35] CPLEX solver finished. Gap: 70.000000
[INFO]:[18:45:37] Starting CPLEX solver on instance: /home/yorig/tuner/mpils-tests/instances/miplib/medium-1/momentum1.mps with config: /scratch/yorig/mpils-results-grid-ticks-10000-7may/medium-1/24proc-4pils/seed-9/6_momentum1_seed-9_20260510_184346/expansion/config_param_CPXPARAM_Preprocessing_CoeffReduce_2_iter_3.prm
[INFO]:[18:45:43] CPLEX results. Gap: 11.800000, upper bound: 109173.898749, lower bound: 96288.774983
[INFO]:[18:45:43] CPLEX solver finished. Gap: 11.800000
[INFO]:[18:45:43] Expansion Worker 4 completed expansion.
[INFO]:[18:45:43] Worker 4 completed expansion phase.
[INFO]:[18:45:43] Worker 4 received order for step 1.
[INFO]:[18:45:43] Worker 4 running exploration phase for iteration 4.
[INFO]:[18:45:43] Worker 4 at iteration 4 will not use a MIP start file. Current best MIP-start upper bound threshold is 1.79769e+308.
[INFO]:[18:45:43] Starting local search phase...
[INFO]:[18:45:43] Creating local search space from parameter space file: /scratch/yorig/mpils-results-grid-ticks-10000-7may/medium-1/24proc-4pils/seed-9/6_momentum1_seed-9_20260510_184346/iterated_local_search/search_space/search_space_file_4_worker_4.txt
[INFO]:[18:45:43] Local search space loaded from file: /scratch/yorig/mpils-results-grid-ticks-10000-7may/medium-1/24proc-4pils/seed-9/6_momentum1_seed-9_20260510_184346/iterated_local_search/search_space/search_space_file_4_worker_4.txt
[INFO]:[18:45:43] Number of parameters in local search space: 71
[INFO]:[18:45:43] Number of forbidden tuples in local search space: 14
[INFO]:[18:45:43] Number of conditionals in local search space: 6
[INFO]:[18:45:43] MIP start option not enabled. Local search will proceed without MIP start.
[INFO]:[18:45:43] Starting CPLEX solver on instance: /home/yorig/tuner/mpils-tests/instances/miplib/medium-1/momentum1.mps with config: /scratch/yorig/mpils-results-grid-ticks-10000-7may/medium-1/24proc-4pils/seed-9/6_momentum1_seed-9_20260510_184346/iterated_local_search/run_4_worker_4/ils_config_11314718990896636952.prm
[INFO]:[18:45:43] Starting CPLEX solver on instance: /home/yorig/tuner/mpils-tests/instances/miplib/medium-1/momentum1.mps with config: /scratch/yorig/mpils-results-grid-ticks-10000-7may/medium-1/24proc-4pils/seed-9/6_momentum1_seed-9_20260510_184346/iterated_local_search/run_4_worker_4/ils_config_11314718990896636952.prm
[INFO]:[18:45:50] CPLEX results. Gap: 68.760000, upper bound: 308147.787609, lower bound: 96265.939146
[INFO]:[18:45:50] CPLEX solver finished. Gap: 68.760000
[INFO]:[18:45:50] New incumbent found with objective value: 34.85
[INFO]:[18:45:50] Starting CPLEX solver on instance: /home/yorig/tuner/mpils-tests/instances/miplib/medium-1/momentum1.mps with config: /scratch/yorig/mpils-results-grid-ticks-10000-7may/medium-1/24proc-4pils/seed-9/6_momentum1_seed-9_20260510_184346/iterated_local_search/run_4_worker_4/ils_config_4753280683972143852.prm
[INFO]:[18:45:50] Starting CPLEX solver on instance: /home/yorig/tuner/mpils-tests/instances/miplib/medium-1/momentum1.mps with config: /scratch/yorig/mpils-results-grid-ticks-10000-7may/medium-1/24proc-4pils/seed-9/6_momentum1_seed-9_20260510_184346/iterated_local_search/run_4_worker_4/ils_config_4753280683972143852.prm
[INFO]:[18:45:57] CPLEX results. Gap: 68.760000, upper bound: 308158.139853, lower bound: 96273.662529
[INFO]:[18:45:57] CPLEX solver finished. Gap: 68.760000
[INFO]:[18:45:57] Starting CPLEX solver on instance: /home/yorig/tuner/mpils-tests/instances/miplib/medium-1/momentum1.mps with config: /scratch/yorig/mpils-results-grid-ticks-10000-7may/medium-1/24proc-4pils/seed-9/6_momentum1_seed-9_20260510_184346/iterated_local_search/run_4_worker_4/ils_config_8934398427469637879.prm
[INFO]:[18:45:57] Starting CPLEX solver on instance: /home/yorig/tuner/mpils-tests/instances/miplib/medium-1/momentum1.mps with config: /scratch/yorig/mpils-results-grid-ticks-10000-7may/medium-1/24proc-4pils/seed-9/6_momentum1_seed-9_20260510_184346/iterated_local_search/run_4_worker_4/ils_config_8934398427469637879.prm
[INFO]:[18:46:04] CPLEX results. Gap: 44.490000, upper bound: 173457.438524, lower bound: 96283.714005
[INFO]:[18:46:04] CPLEX solver finished. Gap: 44.490000
[INFO]:[18:46:05] Starting CPLEX solver on instance: /home/yorig/tuner/mpils-tests/instances/miplib/medium-1/momentum1.mps with config: /scratch/yorig/mpils-results-grid-ticks-10000-7may/medium-1/24proc-4pils/seed-9/6_momentum1_seed-9_20260510_184346/iterated_local_search/run_4_worker_4/ils_config_10924842889355773063.prm
[INFO]:[18:46:05] Starting CPLEX solver on instance: /home/yorig/tuner/mpils-tests/instances/miplib/medium-1/momentum1.mps with config: /scratch/yorig/mpils-results-grid-ticks-10000-7may/medium-1/24proc-4pils/seed-9/6_momentum1_seed-9_20260510_184346/iterated_local_search/run_4_worker_4/ils_config_10924842889355773063.prm
[INFO]:[18:46:12] CPLEX results. Gap: 68.090000, upper bound: 301761.120532, lower bound: 96283.745593
[INFO]:[18:46:12] CPLEX solver finished. Gap: 68.090000
[INFO]:[18:46:12] New incumbent found with objective value: 28.61
[INFO]:[18:46:12] Local search phase completed.
[INFO]:[18:46:12] Total number of new local-search evaluations: 16
[INFO]:[18:46:12] Final incumbent objective value: 28.61
[INFO]:[18:46:13] Worker 4 completed exploration phase.
[INFO]:[18:46:13] Worker 4 received order for step 2.
[INFO]:[18:46:13] Worker 4 running expansion phase for iteration 4.
[INFO]:[18:46:13] Worker 4 will use solver log file: /scratch/yorig/mpils-results-grid-ticks-10000-7may/medium-1/24proc-4pils/seed-9/6_momentum1_seed-9_20260510_184346/solver/cplex.log_iteration_expansion_4_worker_4
[INFO]:[18:46:13] Expansion Worker 4 starting expansion for iteration 4.
[INFO]:[18:46:13] Starting CPLEX solver on instance: /home/yorig/tuner/mpils-tests/instances/miplib/medium-1/momentum1.mps with config: /scratch/yorig/mpils-results-grid-ticks-10000-7may/medium-1/24proc-4pils/seed-9/6_momentum1_seed-9_20260510_184346/expansion/config_param_CPXPARAM_Feasopt_Mode_1_iter_4.prm
[INFO]:[18:46:19] CPLEX results. Gap: 11.800000, upper bound: 109173.898749, lower bound: 96288.774983
[INFO]:[18:46:19] CPLEX solver finished. Gap: 11.800000
[INFO]:[18:46:24] Expansion Worker 4 stopping early after global MPI expansion stop was activated.
[INFO]:[18:46:24] Expansion Worker 4 completed expansion.
[INFO]:[18:46:24] Worker 4 completed expansion phase.
[INFO]:[18:46:24] Worker 4 received order for step 1.
[INFO]:[18:46:24] Worker 4 running exploration phase for iteration 5.
[INFO]:[18:46:24] Worker 4 at iteration 5 will not use a MIP start file. Current best MIP-start upper bound threshold is 1.79769e+308.
[INFO]:[18:46:24] Starting local search phase...
[INFO]:[18:46:24] Creating local search space from parameter space file: /scratch/yorig/mpils-results-grid-ticks-10000-7may/medium-1/24proc-4pils/seed-9/6_momentum1_seed-9_20260510_184346/iterated_local_search/search_space/search_space_file_5_worker_4.txt
[INFO]:[18:46:24] Local search space loaded from file: /scratch/yorig/mpils-results-grid-ticks-10000-7may/medium-1/24proc-4pils/seed-9/6_momentum1_seed-9_20260510_184346/iterated_local_search/search_space/search_space_file_5_worker_4.txt
[INFO]:[18:46:24] Number of parameters in local search space: 71
[INFO]:[18:46:24] Number of forbidden tuples in local search space: 13
[INFO]:[18:46:24] Number of conditionals in local search space: 6
[INFO]:[18:46:24] MIP start option not enabled. Local search will proceed without MIP start.
[INFO]:[18:46:24] Starting CPLEX solver on instance: /home/yorig/tuner/mpils-tests/instances/miplib/medium-1/momentum1.mps with config: /scratch/yorig/mpils-results-grid-ticks-10000-7may/medium-1/24proc-4pils/seed-9/6_momentum1_seed-9_20260510_184346/iterated_local_search/run_5_worker_4/ils_config_9794340118832926092.prm
[INFO]:[18:46:24] Starting CPLEX solver on instance: /home/yorig/tuner/mpils-tests/instances/miplib/medium-1/momentum1.mps with config: /scratch/yorig/mpils-results-grid-ticks-10000-7may/medium-1/24proc-4pils/seed-9/6_momentum1_seed-9_20260510_184346/iterated_local_search/run_5_worker_4/ils_config_9794340118832926092.prm
[INFO]:[18:46:31] CPLEX results. Gap: 69.390000, upper bound: 314556.873518, lower bound: 96277.769640
[INFO]:[18:46:31] CPLEX solver finished. Gap: 69.390000
[INFO]:[18:46:31] New incumbent found with objective value: 28.62
[INFO]:[18:46:31] Starting CPLEX solver on instance: /home/yorig/tuner/mpils-tests/instances/miplib/medium-1/momentum1.mps with config: /scratch/yorig/mpils-results-grid-ticks-10000-7may/medium-1/24proc-4pils/seed-9/6_momentum1_seed-9_20260510_184346/iterated_local_search/run_5_worker_4/ils_config_14602899345512792933.prm
[INFO]:[18:46:31] Starting CPLEX solver on instance: /home/yorig/tuner/mpils-tests/instances/miplib/medium-1/momentum1.mps with config: /scratch/yorig/mpils-results-grid-ticks-10000-7may/medium-1/24proc-4pils/seed-9/6_momentum1_seed-9_20260510_184346/iterated_local_search/run_5_worker_4/ils_config_14602899345512792933.prm
[INFO]:[18:46:37] CPLEX results. Gap: 68.750000, upper bound: 308125.888358, lower bound: 96286.500903
[INFO]:[18:46:37] CPLEX solver finished. Gap: 68.750000
[INFO]:[18:46:38] Starting CPLEX solver on instance: /home/yorig/tuner/mpils-tests/instances/miplib/medium-1/momentum1.mps with config: /scratch/yorig/mpils-results-grid-ticks-10000-7may/medium-1/24proc-4pils/seed-9/6_momentum1_seed-9_20260510_184346/iterated_local_search/run_5_worker_4/ils_config_9935807549437279885.prm
[INFO]:[18:46:38] Starting CPLEX solver on instance: /home/yorig/tuner/mpils-tests/instances/miplib/medium-1/momentum1.mps with config: /scratch/yorig/mpils-results-grid-ticks-10000-7may/medium-1/24proc-4pils/seed-9/6_momentum1_seed-9_20260510_184346/iterated_local_search/run_5_worker_4/ils_config_9935807549437279885.prm
[INFO]:[18:46:44] CPLEX results. Gap: 67.390000, upper bound: 295314.218096, lower bound: 96303.337926
[INFO]:[18:46:44] CPLEX solver finished. Gap: 67.390000
[INFO]:[18:46:44] New incumbent found with objective value: 28.6
[INFO]:[18:46:44] Starting CPLEX solver on instance: /home/yorig/tuner/mpils-tests/instances/miplib/medium-1/momentum1.mps with config: /scratch/yorig/mpils-results-grid-ticks-10000-7may/medium-1/24proc-4pils/seed-9/6_momentum1_seed-9_20260510_184346/iterated_local_search/run_5_worker_4/ils_config_8409817334228805832.prm
[INFO]:[18:46:44] Starting CPLEX solver on instance: /home/yorig/tuner/mpils-tests/instances/miplib/medium-1/momentum1.mps with config: /scratch/yorig/mpils-results-grid-ticks-10000-7may/medium-1/24proc-4pils/seed-9/6_momentum1_seed-9_20260510_184346/iterated_local_search/run_5_worker_4/ils_config_8409817334228805832.prm
[INFO]:[18:46:52] CPLEX results. Gap: 36.250000, upper bound: 147679.005469, lower bound: 94143.009665
[INFO]:[18:46:52] CPLEX solver finished. Gap: 36.250000
[INFO]:[18:46:52] Starting CPLEX solver on instance: /home/yorig/tuner/mpils-tests/instances/miplib/medium-1/momentum1.mps with config: /scratch/yorig/mpils-results-grid-ticks-10000-7may/medium-1/24proc-4pils/seed-9/6_momentum1_seed-9_20260510_184346/iterated_local_search/run_5_worker_4/ils_config_8566933317544344321.prm
[INFO]:[18:46:52] Starting CPLEX solver on instance: /home/yorig/tuner/mpils-tests/instances/miplib/medium-1/momentum1.mps with config: /scratch/yorig/mpils-results-grid-ticks-10000-7may/medium-1/24proc-4pils/seed-9/6_momentum1_seed-9_20260510_184346/iterated_local_search/run_5_worker_4/ils_config_8566933317544344321.prm
[INFO]:[18:46:58] CPLEX results. Gap: 28.600000, upper bound: 134831.729707, lower bound: 96272.260426
[INFO]:[18:46:58] CPLEX solver finished. Gap: 28.600000
[INFO]:[18:46:59] Local search phase completed.
[INFO]:[18:46:59] Total number of new local-search evaluations: 20
[INFO]:[18:46:59] Final incumbent objective value: 28.6
[INFO]:[18:47:01] Worker 4 completed exploration phase.
[INFO]:[18:47:01] Worker 4 received order for step 2.
[INFO]:[18:47:01] Worker 4 running expansion phase for iteration 5.
[INFO]:[18:47:01] Worker 4 will use solver log file: /scratch/yorig/mpils-results-grid-ticks-10000-7may/medium-1/24proc-4pils/seed-9/6_momentum1_seed-9_20260510_184346/solver/cplex.log_iteration_expansion_5_worker_4
[INFO]:[18:47:01] Expansion Worker 4 starting expansion for iteration 5.
[INFO]:[18:47:01] Starting CPLEX solver on instance: /home/yorig/tuner/mpils-tests/instances/miplib/medium-1/momentum1.mps with config: /scratch/yorig/mpils-results-grid-ticks-10000-7may/medium-1/24proc-4pils/seed-9/6_momentum1_seed-9_20260510_184346/expansion/config_param_CPXPARAM_Network_Pricing_3_iter_5.prm
[INFO]:[18:47:07] CPLEX results. Gap: 11.770000, upper bound: 109173.898749, lower bound: 96327.935942
[INFO]:[18:47:07] CPLEX solver finished. Gap: 11.770000
[INFO]:[18:47:12] Starting CPLEX solver on instance: /home/yorig/tuner/mpils-tests/instances/miplib/medium-1/momentum1.mps with config: /scratch/yorig/mpils-results-grid-ticks-10000-7may/medium-1/24proc-4pils/seed-9/6_momentum1_seed-9_20260510_184346/expansion/config_param_CPXPARAM_Sifting_Algorithm_3_iter_5.prm
[INFO]:[18:47:18] CPLEX results. Gap: 11.770000, upper bound: 109173.898749, lower bound: 96327.935942
[INFO]:[18:47:18] CPLEX solver finished. Gap: 11.770000
[INFO]:[18:47:18] Expansion Worker 4 completed expansion.
[INFO]:[18:47:18] Worker 4 completed expansion phase.
[INFO]:[18:47:18] Worker 4 received order for step 1.
[INFO]:[18:47:18] Worker 4 running exploration phase for iteration 6.
[INFO]:[18:47:18] Worker 4 at iteration 6 will not use a MIP start file. Current best MIP-start upper bound threshold is 1.79769e+308.
[INFO]:[18:47:18] Starting local search phase...
[INFO]:[18:47:18] Creating local search space from parameter space file: /scratch/yorig/mpils-results-grid-ticks-10000-7may/medium-1/24proc-4pils/seed-9/6_momentum1_seed-9_20260510_184346/iterated_local_search/search_space/search_space_file_6_worker_4.txt
[INFO]:[18:47:18] Local search space loaded from file: /scratch/yorig/mpils-results-grid-ticks-10000-7may/medium-1/24proc-4pils/seed-9/6_momentum1_seed-9_20260510_184346/iterated_local_search/search_space/search_space_file_6_worker_4.txt
[INFO]:[18:47:18] Number of parameters in local search space: 71
[INFO]:[18:47:18] Number of forbidden tuples in local search space: 14
[INFO]:[18:47:18] Number of conditionals in local search space: 6
[INFO]:[18:47:18] MIP start option not enabled. Local search will proceed without MIP start.
[INFO]:[18:47:18] Starting CPLEX solver on instance: /home/yorig/tuner/mpils-tests/instances/miplib/medium-1/momentum1.mps with config: /scratch/yorig/mpils-results-grid-ticks-10000-7may/medium-1/24proc-4pils/seed-9/6_momentum1_seed-9_20260510_184346/iterated_local_search/run_6_worker_4/ils_config_8370966826854275424.prm
[INFO]:[18:47:18] Starting CPLEX solver on instance: /home/yorig/tuner/mpils-tests/instances/miplib/medium-1/momentum1.mps with config: /scratch/yorig/mpils-results-grid-ticks-10000-7may/medium-1/24proc-4pils/seed-9/6_momentum1_seed-9_20260510_184346/iterated_local_search/run_6_worker_4/ils_config_8370966826854275424.prm
[INFO]:[18:47:27] CPLEX results. Gap: 72.240000, upper bound: 346763.142502, lower bound: 96253.207890
[INFO]:[18:47:27] CPLEX solver finished. Gap: 72.240000
[INFO]:[18:47:27] New incumbent found with objective value: 16.76
[INFO]:[18:47:27] Starting CPLEX solver on instance: /home/yorig/tuner/mpils-tests/instances/miplib/medium-1/momentum1.mps with config: /scratch/yorig/mpils-results-grid-ticks-10000-7may/medium-1/24proc-4pils/seed-9/6_momentum1_seed-9_20260510_184346/iterated_local_search/run_6_worker_4/ils_config_1275846251830150478.prm
[INFO]:[18:47:27] Starting CPLEX solver on instance: /home/yorig/tuner/mpils-tests/instances/miplib/medium-1/momentum1.mps with config: /scratch/yorig/mpils-results-grid-ticks-10000-7may/medium-1/24proc-4pils/seed-9/6_momentum1_seed-9_20260510_184346/iterated_local_search/run_6_worker_4/ils_config_1275846251830150478.prm
[INFO]:[18:47:33] CPLEX results. Gap: 16.760000, upper bound: 115706.683479, lower bound: 96313.724751
[INFO]:[18:47:33] CPLEX solver finished. Gap: 16.760000
[INFO]:[18:47:33] Starting CPLEX solver on instance: /home/yorig/tuner/mpils-tests/instances/miplib/medium-1/momentum1.mps with config: /scratch/yorig/mpils-results-grid-ticks-10000-7may/medium-1/24proc-4pils/seed-9/6_momentum1_seed-9_20260510_184346/iterated_local_search/run_6_worker_4/ils_config_7501006363725124679.prm
[INFO]:[18:47:33] Starting CPLEX solver on instance: /home/yorig/tuner/mpils-tests/instances/miplib/medium-1/momentum1.mps with config: /scratch/yorig/mpils-results-grid-ticks-10000-7may/medium-1/24proc-4pils/seed-9/6_momentum1_seed-9_20260510_184346/iterated_local_search/run_6_worker_4/ils_config_7501006363725124679.prm
[INFO]:[18:47:40] CPLEX results. Gap: 16.770000, upper bound: 115780.165615, lower bound: 96368.773888
[INFO]:[18:47:40] CPLEX solver finished. Gap: 16.770000
[INFO]:[18:47:42] Starting CPLEX solver on instance: /home/yorig/tuner/mpils-tests/instances/miplib/medium-1/momentum1.mps with config: /scratch/yorig/mpils-results-grid-ticks-10000-7may/medium-1/24proc-4pils/seed-9/6_momentum1_seed-9_20260510_184346/iterated_local_search/run_6_worker_4/ils_config_6952468478607668046.prm
[INFO]:[18:47:42] Starting CPLEX solver on instance: /home/yorig/tuner/mpils-tests/instances/miplib/medium-1/momentum1.mps with config: /scratch/yorig/mpils-results-grid-ticks-10000-7may/medium-1/24proc-4pils/seed-9/6_momentum1_seed-9_20260510_184346/iterated_local_search/run_6_worker_4/ils_config_6952468478607668046.prm
[INFO]:[18:47:49] CPLEX results. Gap: 70.000000, upper bound: 320948.500439, lower bound: 96284.986748
[INFO]:[18:47:49] CPLEX solver finished. Gap: 70.000000
[INFO]:[18:47:49] Starting CPLEX solver on instance: /home/yorig/tuner/mpils-tests/instances/miplib/medium-1/momentum1.mps with config: /scratch/yorig/mpils-results-grid-ticks-10000-7may/medium-1/24proc-4pils/seed-9/6_momentum1_seed-9_20260510_184346/iterated_local_search/run_6_worker_4/ils_config_13113468509995657378.prm
[INFO]:[18:47:49] Starting CPLEX solver on instance: /home/yorig/tuner/mpils-tests/instances/miplib/medium-1/momentum1.mps with config: /scratch/yorig/mpils-results-grid-ticks-10000-7may/medium-1/24proc-4pils/seed-9/6_momentum1_seed-9_20260510_184346/iterated_local_search/run_6_worker_4/ils_config_13113468509995657378.prm
[INFO]:[18:47:55] CPLEX results. Gap: 16.760000, upper bound: 115706.683479, lower bound: 96313.724751
[INFO]:[18:47:55] CPLEX solver finished. Gap: 16.760000
[INFO]:[18:47:55] New incumbent found with objective value: 16.73
[INFO]:[18:47:55] Starting CPLEX solver on instance: /home/yorig/tuner/mpils-tests/instances/miplib/medium-1/momentum1.mps with config: /scratch/yorig/mpils-results-grid-ticks-10000-7may/medium-1/24proc-4pils/seed-9/6_momentum1_seed-9_20260510_184346/iterated_local_search/run_6_worker_4/ils_config_1061106723116732347.prm
[INFO]:[18:47:55] Starting CPLEX solver on instance: /home/yorig/tuner/mpils-tests/instances/miplib/medium-1/momentum1.mps with config: /scratch/yorig/mpils-results-grid-ticks-10000-7may/medium-1/24proc-4pils/seed-9/6_momentum1_seed-9_20260510_184346/iterated_local_search/run_6_worker_4/ils_config_1061106723116732347.prm
[INFO]:[18:48:01] CPLEX results. Gap: 16.760000, upper bound: 115706.683479, lower bound: 96313.724751
[INFO]:[18:48:01] CPLEX solver finished. Gap: 16.760000
[INFO]:[18:48:01] Starting CPLEX solver on instance: /home/yorig/tuner/mpils-tests/instances/miplib/medium-1/momentum1.mps with config: /scratch/yorig/mpils-results-grid-ticks-10000-7may/medium-1/24proc-4pils/seed-9/6_momentum1_seed-9_20260510_184346/iterated_local_search/run_6_worker_4/ils_config_15102280397710410257.prm
[INFO]:[18:48:01] Starting CPLEX solver on instance: /home/yorig/tuner/mpils-tests/instances/miplib/medium-1/momentum1.mps with config: /scratch/yorig/mpils-results-grid-ticks-10000-7may/medium-1/24proc-4pils/seed-9/6_momentum1_seed-9_20260510_184346/iterated_local_search/run_6_worker_4/ils_config_15102280397710410257.prm
[INFO]:[18:48:08] CPLEX results. Gap: 24.990000, upper bound: 128533.457552, lower bound: 96415.413086
[INFO]:[18:48:08] CPLEX solver finished. Gap: 24.990000
[INFO]:[18:48:08] Local search phase completed.
[INFO]:[18:48:08] Total number of new local-search evaluations: 28
[INFO]:[18:48:08] Final incumbent objective value: 16.73
[INFO]:[18:48:21] Worker 4 completed exploration phase.
[INFO]:[18:48:21] Worker 4 received order for step 2.
[INFO]:[18:48:21] Worker 4 running expansion phase for iteration 6.
[INFO]:[18:48:21] Worker 4 will use solver log file: /scratch/yorig/mpils-results-grid-ticks-10000-7may/medium-1/24proc-4pils/seed-9/6_momentum1_seed-9_20260510_184346/solver/cplex.log_iteration_expansion_6_worker_4
[INFO]:[18:48:21] Expansion Worker 4 starting expansion for iteration 6.
[INFO]:[18:48:21] Starting CPLEX solver on instance: /home/yorig/tuner/mpils-tests/instances/miplib/medium-1/momentum1.mps with config: /scratch/yorig/mpils-results-grid-ticks-10000-7may/medium-1/24proc-4pils/seed-9/6_momentum1_seed-9_20260510_184346/expansion/config_param_CPXPARAM_Simplex_Limits_Singularity_40_iter_6.prm
[INFO]:[18:48:27] CPLEX results. Gap: 11.770000, upper bound: 109173.898749, lower bound: 96327.935942
[INFO]:[18:48:27] CPLEX solver finished. Gap: 11.770000
[INFO]:[18:48:27] Expansion Worker 4 completed expansion.
[INFO]:[18:48:27] Worker 4 completed expansion phase.
[INFO]:[18:48:27] Worker 4 received order for step 1.
[INFO]:[18:48:27] Worker 4 running exploration phase for iteration 7.
[INFO]:[18:48:27] Worker 4 at iteration 7 will not use a MIP start file. Current best MIP-start upper bound threshold is 1.79769e+308.
[INFO]:[18:48:27] Starting local search phase...
[INFO]:[18:48:27] Creating local search space from parameter space file: /scratch/yorig/mpils-results-grid-ticks-10000-7may/medium-1/24proc-4pils/seed-9/6_momentum1_seed-9_20260510_184346/iterated_local_search/search_space/search_space_file_7_worker_4.txt
[INFO]:[18:48:27] Local search space loaded from file: /scratch/yorig/mpils-results-grid-ticks-10000-7may/medium-1/24proc-4pils/seed-9/6_momentum1_seed-9_20260510_184346/iterated_local_search/search_space/search_space_file_7_worker_4.txt
[INFO]:[18:48:27] Number of parameters in local search space: 71
[INFO]:[18:48:27] Number of forbidden tuples in local search space: 14
[INFO]:[18:48:27] Number of conditionals in local search space: 6
[INFO]:[18:48:27] MIP start option not enabled. Local search will proceed without MIP start.
[INFO]:[18:48:27] Starting CPLEX solver on instance: /home/yorig/tuner/mpils-tests/instances/miplib/medium-1/momentum1.mps with config: /scratch/yorig/mpils-results-grid-ticks-10000-7may/medium-1/24proc-4pils/seed-9/6_momentum1_seed-9_20260510_184346/iterated_local_search/run_7_worker_4/ils_config_4208761971110553662.prm
[INFO]:[18:48:27] Starting CPLEX solver on instance: /home/yorig/tuner/mpils-tests/instances/miplib/medium-1/momentum1.mps with config: /scratch/yorig/mpils-results-grid-ticks-10000-7may/medium-1/24proc-4pils/seed-9/6_momentum1_seed-9_20260510_184346/iterated_local_search/run_7_worker_4/ils_config_4208761971110553662.prm
[INFO]:[18:48:35] CPLEX results. Gap: 70.610000, upper bound: 327430.626617, lower bound: 96248.006394
[INFO]:[18:48:35] CPLEX solver finished. Gap: 70.610000
[INFO]:[18:48:35] New incumbent found with objective value: 61.54
[INFO]:[18:48:35] Starting CPLEX solver on instance: /home/yorig/tuner/mpils-tests/instances/miplib/medium-1/momentum1.mps with config: /scratch/yorig/mpils-results-grid-ticks-10000-7may/medium-1/24proc-4pils/seed-9/6_momentum1_seed-9_20260510_184346/iterated_local_search/run_7_worker_4/ils_config_56937888511323039.prm
[INFO]:[18:48:35] Starting CPLEX solver on instance: /home/yorig/tuner/mpils-tests/instances/miplib/medium-1/momentum1.mps with config: /scratch/yorig/mpils-results-grid-ticks-10000-7may/medium-1/24proc-4pils/seed-9/6_momentum1_seed-9_20260510_184346/iterated_local_search/run_7_worker_4/ils_config_56937888511323039.prm
[INFO]:[18:48:42] CPLEX results. Gap: 65.920000, upper bound: 282468.455203, lower bound: 96270.058399
[INFO]:[18:48:42] CPLEX solver finished. Gap: 65.920000
[INFO]:[18:48:44] Starting CPLEX solver on instance: /home/yorig/tuner/mpils-tests/instances/miplib/medium-1/momentum1.mps with config: /scratch/yorig/mpils-results-grid-ticks-10000-7may/medium-1/24proc-4pils/seed-9/6_momentum1_seed-9_20260510_184346/iterated_local_search/run_7_worker_4/ils_config_17454494368521527985.prm
[INFO]:[18:48:44] Starting CPLEX solver on instance: /home/yorig/tuner/mpils-tests/instances/miplib/medium-1/momentum1.mps with config: /scratch/yorig/mpils-results-grid-ticks-10000-7may/medium-1/24proc-4pils/seed-9/6_momentum1_seed-9_20260510_184346/iterated_local_search/run_7_worker_4/ils_config_17454494368521527985.prm
[INFO]:[18:48:51] CPLEX results. Gap: 42.320000, upper bound: 166889.998402, lower bound: 96268.561777
[INFO]:[18:48:51] CPLEX solver finished. Gap: 42.320000
[INFO]:[18:48:51] New incumbent found with objective value: 42.32
[INFO]:[18:48:51] Starting CPLEX solver on instance: /home/yorig/tuner/mpils-tests/instances/miplib/medium-1/momentum1.mps with config: /scratch/yorig/mpils-results-grid-ticks-10000-7may/medium-1/24proc-4pils/seed-9/6_momentum1_seed-9_20260510_184346/iterated_local_search/run_7_worker_4/ils_config_9453545142780609604.prm
[INFO]:[18:48:51] Starting CPLEX solver on instance: /home/yorig/tuner/mpils-tests/instances/miplib/medium-1/momentum1.mps with config: /scratch/yorig/mpils-results-grid-ticks-10000-7may/medium-1/24proc-4pils/seed-9/6_momentum1_seed-9_20260510_184346/iterated_local_search/run_7_worker_4/ils_config_9453545142780609604.prm
[INFO]:[18:48:57] CPLEX results. Gap: 42.320000, upper bound: 166889.998402, lower bound: 96268.561777
[INFO]:[18:48:57] CPLEX solver finished. Gap: 42.320000
[INFO]:[18:48:59] Starting CPLEX solver on instance: /home/yorig/tuner/mpils-tests/instances/miplib/medium-1/momentum1.mps with config: /scratch/yorig/mpils-results-grid-ticks-10000-7may/medium-1/24proc-4pils/seed-9/6_momentum1_seed-9_20260510_184346/iterated_local_search/run_7_worker_4/ils_config_11157346083144952228.prm
[INFO]:[18:48:59] Starting CPLEX solver on instance: /home/yorig/tuner/mpils-tests/instances/miplib/medium-1/momentum1.mps with config: /scratch/yorig/mpils-results-grid-ticks-10000-7may/medium-1/24proc-4pils/seed-9/6_momentum1_seed-9_20260510_184346/iterated_local_search/run_7_worker_4/ils_config_11157346083144952228.prm
[INFO]:[18:49:08] CPLEX results. Gap: 46.420000, upper bound: 179697.112044, lower bound: 96273.472708
[INFO]:[18:49:08] CPLEX solver finished. Gap: 46.420000
[INFO]:[18:49:08] Starting CPLEX solver on instance: /home/yorig/tuner/mpils-tests/instances/miplib/medium-1/momentum1.mps with config: /scratch/yorig/mpils-results-grid-ticks-10000-7may/medium-1/24proc-4pils/seed-9/6_momentum1_seed-9_20260510_184346/iterated_local_search/run_7_worker_4/ils_config_15780613720723267449.prm
[INFO]:[18:49:08] Starting CPLEX solver on instance: /home/yorig/tuner/mpils-tests/instances/miplib/medium-1/momentum1.mps with config: /scratch/yorig/mpils-results-grid-ticks-10000-7may/medium-1/24proc-4pils/seed-9/6_momentum1_seed-9_20260510_184346/iterated_local_search/run_7_worker_4/ils_config_15780613720723267449.prm
[INFO]:[18:49:14] CPLEX results. Gap: 42.320000, upper bound: 166889.998402, lower bound: 96268.561777
[INFO]:[18:49:14] CPLEX solver finished. Gap: 42.320000
[INFO]:[18:49:14] New incumbent found with objective value: 37.52
[INFO]:[18:49:14] Starting CPLEX solver on instance: /home/yorig/tuner/mpils-tests/instances/miplib/medium-1/momentum1.mps with config: /scratch/yorig/mpils-results-grid-ticks-10000-7may/medium-1/24proc-4pils/seed-9/6_momentum1_seed-9_20260510_184346/iterated_local_search/run_7_worker_4/ils_config_16628786108020129195.prm
[INFO]:[18:49:14] Starting CPLEX solver on instance: /home/yorig/tuner/mpils-tests/instances/miplib/medium-1/momentum1.mps with config: /scratch/yorig/mpils-results-grid-ticks-10000-7may/medium-1/24proc-4pils/seed-9/6_momentum1_seed-9_20260510_184346/iterated_local_search/run_7_worker_4/ils_config_16628786108020129195.prm
[INFO]:[18:49:21] CPLEX results. Gap: 42.340000, upper bound: 166960.175591, lower bound: 96262.456293
[INFO]:[18:49:21] CPLEX solver finished. Gap: 42.340000
[INFO]:[18:49:21] New incumbent found with objective value: 37.5
[INFO]:[18:49:21] Starting CPLEX solver on instance: /home/yorig/tuner/mpils-tests/instances/miplib/medium-1/momentum1.mps with config: /scratch/yorig/mpils-results-grid-ticks-10000-7may/medium-1/24proc-4pils/seed-9/6_momentum1_seed-9_20260510_184346/iterated_local_search/run_7_worker_4/ils_config_56701392277997878.prm
[INFO]:[18:49:21] Starting CPLEX solver on instance: /home/yorig/tuner/mpils-tests/instances/miplib/medium-1/momentum1.mps with config: /scratch/yorig/mpils-results-grid-ticks-10000-7may/medium-1/24proc-4pils/seed-9/6_momentum1_seed-9_20260510_184346/iterated_local_search/run_7_worker_4/ils_config_56701392277997878.prm
[INFO]:[18:49:27] CPLEX results. Gap: 51.610000, upper bound: 198948.159029, lower bound: 96262.344025
[INFO]:[18:49:27] CPLEX solver finished. Gap: 51.610000
[INFO]:[18:49:27] Local search phase completed.
[INFO]:[18:49:27] Total number of new local-search evaluations: 32
[INFO]:[18:49:27] Final incumbent objective value: 37.5
[INFO]:[18:49:38] Worker 4 completed exploration phase.
[INFO]:[18:49:38] Worker 4 received order for step 3.
[INFO]:[18:49:38] Worker 4 finished.
