[INFO]:[18:41:27] Worker 10 starting.
[INFO]:[18:41:27] Worker 10 received order for step 1.
[INFO]:[18:41:27] Worker 10 running exploration phase for iteration 1.
[INFO]:[18:41:27] Worker 10 at iteration 1 will not use a MIP start file. Current best MIP-start upper bound threshold is 1.79769e+308.
[INFO]:[18:41:27] Starting local search phase...
[INFO]:[18:41:27] Worker (ils_group_rank=10) entering parallel ILS evaluation service.
[INFO]:[18:41:27] Starting CPLEX solver on instance: /home/yorig/tuner/mpils-tests/instances/miplib/medium-2/neos-4954672-berkel.mps with config: /scratch/yorig/mpils-results-grid-ticks-10000-7may/medium-2/16proc-16pils/seed-8/2_neos-4954672-berkel_seed-8_20260510_184126/iterated_local_search/run_1_worker_0/parallel_0_10.prm
[INFO]:[18:41:34] CPLEX results. Gap: 22.910000, upper bound: 2640006.000000, lower bound: 2035241.583727
[INFO]:[18:41:34] CPLEX solver finished. Gap: 22.910000
[INFO]:[18:41:35] Starting CPLEX solver on instance: /home/yorig/tuner/mpils-tests/instances/miplib/medium-2/neos-4954672-berkel.mps with config: /scratch/yorig/mpils-results-grid-ticks-10000-7may/medium-2/16proc-16pils/seed-8/2_neos-4954672-berkel_seed-8_20260510_184126/iterated_local_search/run_1_worker_0/parallel_16_10.prm
[INFO]:[18:41:42] CPLEX results. Gap: 15.930000, upper bound: 2659476.000000, lower bound: 2235768.375310
[INFO]:[18:41:42] CPLEX solver finished. Gap: 15.930000
[INFO]:[18:41:42] Worker (ils_group_rank=10) exiting parallel ILS evaluation service.
[INFO]:[18:41:42] Worker 10 completed exploration phase.
[INFO]:[18:41:42] Worker 10 received order for step 2.
[INFO]:[18:41:42] Worker 10 running expansion phase for iteration 1.
[INFO]:[18:41:42] Worker 10 will use solver log file: /scratch/yorig/mpils-results-grid-ticks-10000-7may/medium-2/16proc-16pils/seed-8/2_neos-4954672-berkel_seed-8_20260510_184126/solver/cplex.log_iteration_expansion_1_worker_10
[INFO]:[18:41:42] Expansion Worker 10 starting expansion for iteration 1.
[INFO]:[18:41:42] Starting CPLEX solver on instance: /home/yorig/tuner/mpils-tests/instances/miplib/medium-2/neos-4954672-berkel.mps with config: /scratch/yorig/mpils-results-grid-ticks-10000-7may/medium-2/16proc-16pils/seed-8/2_neos-4954672-berkel_seed-8_20260510_184126/expansion/config_param_CPXPARAM_MIP_Strategy_VariableSelect_2_iter_1.prm
[INFO]:[18:41:50] CPLEX results. Gap: 17.250000, upper bound: 2745486.000000, lower bound: 2271843.122936
[INFO]:[18:41:50] CPLEX solver finished. Gap: 17.250000
[INFO]:[18:41:50] Expansion Worker 10 stopping early after global MPI expansion stop was activated.
[INFO]:[18:41:50] Expansion Worker 10 completed expansion.
[INFO]:[18:41:50] Worker 10 completed expansion phase.
[INFO]:[18:41:50] Worker 10 received order for step 1.
[INFO]:[18:41:50] Worker 10 running exploration phase for iteration 2.
[INFO]:[18:41:50] Worker 10 at iteration 2 will not use a MIP start file. Current best MIP-start upper bound threshold is 1.79769e+308.
[INFO]:[18:41:50] Starting local search phase...
[INFO]:[18:41:50] Worker (ils_group_rank=10) entering parallel ILS evaluation service.
[INFO]:[18:41:50] Starting CPLEX solver on instance: /home/yorig/tuner/mpils-tests/instances/miplib/medium-2/neos-4954672-berkel.mps with config: /scratch/yorig/mpils-results-grid-ticks-10000-7may/medium-2/16proc-16pils/seed-8/2_neos-4954672-berkel_seed-8_20260510_184126/iterated_local_search/run_2_worker_0/parallel_0_10.prm
[INFO]:[18:41:57] CPLEX results. Gap: 14.210000, upper bound: 2659476.000000, lower bound: 2281626.208758
[INFO]:[18:41:57] CPLEX solver finished. Gap: 14.210000
[INFO]:[18:41:57] Worker (ils_group_rank=10) exiting parallel ILS evaluation service.
[INFO]:[18:41:57] Worker 10 completed exploration phase.
[INFO]:[18:41:57] Worker 10 received order for step 2.
[INFO]:[18:41:57] Worker 10 running expansion phase for iteration 2.
[INFO]:[18:41:57] Worker 10 will use solver log file: /scratch/yorig/mpils-results-grid-ticks-10000-7may/medium-2/16proc-16pils/seed-8/2_neos-4954672-berkel_seed-8_20260510_184126/solver/cplex.log_iteration_expansion_2_worker_10
[INFO]:[18:41:57] Expansion Worker 10 starting expansion for iteration 2.
[INFO]:[18:41:57] Starting CPLEX solver on instance: /home/yorig/tuner/mpils-tests/instances/miplib/medium-2/neos-4954672-berkel.mps with config: /scratch/yorig/mpils-results-grid-ticks-10000-7may/medium-2/16proc-16pils/seed-8/2_neos-4954672-berkel_seed-8_20260510_184126/expansion/config_param_CPXPARAM_MIP_Strategy_NodeSelect_2_iter_2.prm
[INFO]:[18:42:05] CPLEX results. Gap: 18.540000, upper bound: 2659476.000000, lower bound: 2166367.702136
[INFO]:[18:42:05] CPLEX solver finished. Gap: 18.540000
[INFO]:[18:42:06] Expansion Worker 10 stopping early after global MPI expansion stop was activated.
[INFO]:[18:42:06] Expansion Worker 10 completed expansion.
[INFO]:[18:42:06] Worker 10 completed expansion phase.
[INFO]:[18:42:06] Worker 10 received order for step 1.
[INFO]:[18:42:06] Worker 10 running exploration phase for iteration 3.
[INFO]:[18:42:06] Worker 10 at iteration 3 will not use a MIP start file. Current best MIP-start upper bound threshold is 1.79769e+308.
[INFO]:[18:42:06] Starting local search phase...
[INFO]:[18:42:06] Worker (ils_group_rank=10) entering parallel ILS evaluation service.
[INFO]:[18:42:06] Starting CPLEX solver on instance: /home/yorig/tuner/mpils-tests/instances/miplib/medium-2/neos-4954672-berkel.mps with config: /scratch/yorig/mpils-results-grid-ticks-10000-7may/medium-2/16proc-16pils/seed-8/2_neos-4954672-berkel_seed-8_20260510_184126/iterated_local_search/run_3_worker_0/parallel_0_10.prm
[INFO]:[18:42:13] CPLEX results. Gap: 16.130000, upper bound: 2718618.000000, lower bound: 2280207.914389
[INFO]:[18:42:13] CPLEX solver finished. Gap: 16.130000
[INFO]:[18:42:13] Worker (ils_group_rank=10) exiting parallel ILS evaluation service.
[INFO]:[18:42:13] Worker 10 completed exploration phase.
[INFO]:[18:42:13] Worker 10 received order for step 2.
[INFO]:[18:42:13] Worker 10 running expansion phase for iteration 3.
[INFO]:[18:42:13] Worker 10 will use solver log file: /scratch/yorig/mpils-results-grid-ticks-10000-7may/medium-2/16proc-16pils/seed-8/2_neos-4954672-berkel_seed-8_20260510_184126/solver/cplex.log_iteration_expansion_3_worker_10
[INFO]:[18:42:13] Expansion Worker 10 starting expansion for iteration 3.
[INFO]:[18:42:13] Starting CPLEX solver on instance: /home/yorig/tuner/mpils-tests/instances/miplib/medium-2/neos-4954672-berkel.mps with config: /scratch/yorig/mpils-results-grid-ticks-10000-7may/medium-2/16proc-16pils/seed-8/2_neos-4954672-berkel_seed-8_20260510_184126/expansion/config_param_CPXPARAM_MIP_Strategy_Dive_3_iter_3.prm
[INFO]:[18:42:21] CPLEX results. Gap: 14.700000, upper bound: 2659476.000000, lower bound: 2268415.609366
[INFO]:[18:42:21] CPLEX solver finished. Gap: 14.700000
[INFO]:[18:42:22] Starting CPLEX solver on instance: /home/yorig/tuner/mpils-tests/instances/miplib/medium-2/neos-4954672-berkel.mps with config: /scratch/yorig/mpils-results-grid-ticks-10000-7may/medium-2/16proc-16pils/seed-8/2_neos-4954672-berkel_seed-8_20260510_184126/expansion/config_param_CPXPARAM_MIP_Strategy_RINSHeur_60_iter_3.prm
[INFO]:[18:42:29] CPLEX results. Gap: 16.020000, upper bound: 2659476.000000, lower bound: 2233489.504522
[INFO]:[18:42:29] CPLEX solver finished. Gap: 16.020000
[INFO]:[18:42:29] Starting CPLEX solver on instance: /home/yorig/tuner/mpils-tests/instances/miplib/medium-2/neos-4954672-berkel.mps with config: /scratch/yorig/mpils-results-grid-ticks-10000-7may/medium-2/16proc-16pils/seed-8/2_neos-4954672-berkel_seed-8_20260510_184126/expansion/config_param_CPXPARAM_MIP_Limits_CutsFactor_2_iter_3.prm
[INFO]:[18:42:36] CPLEX results. Gap: 18.480000, upper bound: 2678391.000000, lower bound: 2183414.585344
[INFO]:[18:42:36] CPLEX solver finished. Gap: 18.480000
[INFO]:[18:42:43] Expansion Worker 10 stopping early after global MPI expansion stop was activated.
[INFO]:[18:42:43] Expansion Worker 10 completed expansion.
[INFO]:[18:42:43] Worker 10 completed expansion phase.
[INFO]:[18:42:43] Worker 10 received order for step 1.
[INFO]:[18:42:43] Worker 10 running exploration phase for iteration 4.
[INFO]:[18:42:43] Worker 10 at iteration 4 will not use a MIP start file. Current best MIP-start upper bound threshold is 1.79769e+308.
[INFO]:[18:42:43] Starting local search phase...
[INFO]:[18:42:43] Worker (ils_group_rank=10) entering parallel ILS evaluation service.
[INFO]:[18:42:43] Starting CPLEX solver on instance: /home/yorig/tuner/mpils-tests/instances/miplib/medium-2/neos-4954672-berkel.mps with config: /scratch/yorig/mpils-results-grid-ticks-10000-7may/medium-2/16proc-16pils/seed-8/2_neos-4954672-berkel_seed-8_20260510_184126/iterated_local_search/run_4_worker_0/parallel_0_10.prm
[INFO]:[18:42:50] CPLEX results. Gap: 18.560000, upper bound: 2749421.000000, lower bound: 2239112.652318
[INFO]:[18:42:50] CPLEX solver finished. Gap: 18.560000
[INFO]:[18:42:50] Worker (ils_group_rank=10) exiting parallel ILS evaluation service.
[INFO]:[18:42:50] Worker 10 completed exploration phase.
[INFO]:[18:42:50] Worker 10 received order for step 2.
[INFO]:[18:42:50] Worker 10 running expansion phase for iteration 4.
[INFO]:[18:42:50] Worker 10 will use solver log file: /scratch/yorig/mpils-results-grid-ticks-10000-7may/medium-2/16proc-16pils/seed-8/2_neos-4954672-berkel_seed-8_20260510_184126/solver/cplex.log_iteration_expansion_4_worker_10
[INFO]:[18:42:50] Expansion Worker 10 starting expansion for iteration 4.
[INFO]:[18:42:50] Starting CPLEX solver on instance: /home/yorig/tuner/mpils-tests/instances/miplib/medium-2/neos-4954672-berkel.mps with config: /scratch/yorig/mpils-results-grid-ticks-10000-7may/medium-2/16proc-16pils/seed-8/2_neos-4954672-berkel_seed-8_20260510_184126/expansion/config_param_CPXPARAM_MIP_Strategy_LBHeur_1_iter_4.prm
[INFO]:[18:42:57] CPLEX results. Gap: 17.370000, upper bound: 2653422.000000, lower bound: 2192653.127976
[INFO]:[18:42:57] CPLEX solver finished. Gap: 17.370000
[INFO]:[18:42:58] Expansion Worker 10 stopping early after global MPI expansion stop was activated.
[INFO]:[18:42:58] Expansion Worker 10 completed expansion.
[INFO]:[18:42:58] Worker 10 completed expansion phase.
[INFO]:[18:42:58] Worker 10 received order for step 1.
[INFO]:[18:42:58] Worker 10 running exploration phase for iteration 5.
[INFO]:[18:42:58] Worker 10 at iteration 5 will not use a MIP start file. Current best MIP-start upper bound threshold is 1.79769e+308.
[INFO]:[18:42:58] Starting local search phase...
[INFO]:[18:42:58] Worker (ils_group_rank=10) entering parallel ILS evaluation service.
[INFO]:[18:42:58] Starting CPLEX solver on instance: /home/yorig/tuner/mpils-tests/instances/miplib/medium-2/neos-4954672-berkel.mps with config: /scratch/yorig/mpils-results-grid-ticks-10000-7may/medium-2/16proc-16pils/seed-8/2_neos-4954672-berkel_seed-8_20260510_184126/iterated_local_search/run_5_worker_0/parallel_0_10.prm
[INFO]:[18:43:05] CPLEX results. Gap: 13.980000, upper bound: 2659476.000000, lower bound: 2287571.128653
[INFO]:[18:43:05] CPLEX solver finished. Gap: 13.980000
[INFO]:[18:43:05] Starting CPLEX solver on instance: /home/yorig/tuner/mpils-tests/instances/miplib/medium-2/neos-4954672-berkel.mps with config: /scratch/yorig/mpils-results-grid-ticks-10000-7may/medium-2/16proc-16pils/seed-8/2_neos-4954672-berkel_seed-8_20260510_184126/iterated_local_search/run_5_worker_0/parallel_16_10.prm
[INFO]:[18:43:12] CPLEX results. Gap: 15.340000, upper bound: 2674249.000000, lower bound: 2264107.677387
[INFO]:[18:43:12] CPLEX solver finished. Gap: 15.340000
[INFO]:[18:43:12] Worker (ils_group_rank=10) exiting parallel ILS evaluation service.
[INFO]:[18:43:12] Worker 10 completed exploration phase.
[INFO]:[18:43:12] Worker 10 received order for step 2.
[INFO]:[18:43:12] Worker 10 running expansion phase for iteration 5.
[INFO]:[18:43:12] Worker 10 will use solver log file: /scratch/yorig/mpils-results-grid-ticks-10000-7may/medium-2/16proc-16pils/seed-8/2_neos-4954672-berkel_seed-8_20260510_184126/solver/cplex.log_iteration_expansion_5_worker_10
[INFO]:[18:43:12] Expansion Worker 10 starting expansion for iteration 5.
[INFO]:[18:43:12] Starting CPLEX solver on instance: /home/yorig/tuner/mpils-tests/instances/miplib/medium-2/neos-4954672-berkel.mps with config: /scratch/yorig/mpils-results-grid-ticks-10000-7may/medium-2/16proc-16pils/seed-8/2_neos-4954672-berkel_seed-8_20260510_184126/expansion/config_param_CPXPARAM_MIP_Strategy_StartAlgorithm_2_iter_5.prm
[INFO]:[18:43:19] CPLEX results. Gap: 14.030000, upper bound: 2659476.000000, lower bound: 2286299.342764
[INFO]:[18:43:19] CPLEX solver finished. Gap: 14.030000
[INFO]:[18:43:20] Starting CPLEX solver on instance: /home/yorig/tuner/mpils-tests/instances/miplib/medium-2/neos-4954672-berkel.mps with config: /scratch/yorig/mpils-results-grid-ticks-10000-7may/medium-2/16proc-16pils/seed-8/2_neos-4954672-berkel_seed-8_20260510_184126/expansion/config_param_CPXPARAM_Simplex_PGradient_1_iter_5.prm
[INFO]:[18:43:27] CPLEX results. Gap: 16.320000, upper bound: 2659476.000000, lower bound: 2225539.266165
[INFO]:[18:43:27] CPLEX solver finished. Gap: 16.320000
[INFO]:[18:43:34] Expansion Worker 10 completed expansion.
[INFO]:[18:43:34] Worker 10 completed expansion phase.
[INFO]:[18:43:34] Worker 10 received order for step 1.
[INFO]:[18:43:34] Worker 10 running exploration phase for iteration 6.
[INFO]:[18:43:34] Worker 10 at iteration 6 will not use a MIP start file. Current best MIP-start upper bound threshold is 1.79769e+308.
[INFO]:[18:43:34] Starting local search phase...
[INFO]:[18:43:34] Worker (ils_group_rank=10) entering parallel ILS evaluation service.
[INFO]:[18:43:34] Starting CPLEX solver on instance: /home/yorig/tuner/mpils-tests/instances/miplib/medium-2/neos-4954672-berkel.mps with config: /scratch/yorig/mpils-results-grid-ticks-10000-7may/medium-2/16proc-16pils/seed-8/2_neos-4954672-berkel_seed-8_20260510_184126/iterated_local_search/run_6_worker_0/parallel_0_10.prm
[INFO]:[18:43:42] CPLEX results. Gap: 13.270000, upper bound: 2659476.000000, lower bound: 2306565.701604
[INFO]:[18:43:42] CPLEX solver finished. Gap: 13.270000
[INFO]:[18:43:42] Worker (ils_group_rank=10) exiting parallel ILS evaluation service.
[INFO]:[18:43:42] Worker 10 completed exploration phase.
[INFO]:[18:43:42] Worker 10 received order for step 2.
[INFO]:[18:43:42] Worker 10 running expansion phase for iteration 6.
[INFO]:[18:43:42] Worker 10 will use solver log file: /scratch/yorig/mpils-results-grid-ticks-10000-7may/medium-2/16proc-16pils/seed-8/2_neos-4954672-berkel_seed-8_20260510_184126/solver/cplex.log_iteration_expansion_6_worker_10
[INFO]:[18:43:42] Expansion Worker 10 starting expansion for iteration 6.
[INFO]:[18:43:42] Starting CPLEX solver on instance: /home/yorig/tuner/mpils-tests/instances/miplib/medium-2/neos-4954672-berkel.mps with config: /scratch/yorig/mpils-results-grid-ticks-10000-7may/medium-2/16proc-16pils/seed-8/2_neos-4954672-berkel_seed-8_20260510_184126/expansion/config_param_CPXPARAM_Preprocessing_CoeffReduce_0_iter_6.prm
[INFO]:[18:43:49] CPLEX results. Gap: 14.850000, upper bound: 2676738.999983, lower bound: 2279226.845057
[INFO]:[18:43:49] CPLEX solver finished. Gap: 14.850000
[INFO]:[18:43:49] Starting CPLEX solver on instance: /home/yorig/tuner/mpils-tests/instances/miplib/medium-2/neos-4954672-berkel.mps with config: /scratch/yorig/mpils-results-grid-ticks-10000-7may/medium-2/16proc-16pils/seed-8/2_neos-4954672-berkel_seed-8_20260510_184126/expansion/config_param_CPXPARAM_MIP_OrderType_1_iter_6.prm
[INFO]:[18:43:56] CPLEX results. Gap: 19.850000, upper bound: 2659476.000000, lower bound: 2131654.830320
[INFO]:[18:43:56] CPLEX solver finished. Gap: 19.850000
[INFO]:[18:43:56] Expansion Worker 10 completed expansion.
[INFO]:[18:43:56] Worker 10 completed expansion phase.
[INFO]:[18:43:57] Worker 10 received order for step 1.
[INFO]:[18:43:57] Worker 10 running exploration phase for iteration 7.
[INFO]:[18:43:57] Worker 10 at iteration 7 will not use a MIP start file. Current best MIP-start upper bound threshold is 1.79769e+308.
[INFO]:[18:43:57] Starting local search phase...
[INFO]:[18:43:57] Worker (ils_group_rank=10) entering parallel ILS evaluation service.
[INFO]:[18:43:57] Starting CPLEX solver on instance: /home/yorig/tuner/mpils-tests/instances/miplib/medium-2/neos-4954672-berkel.mps with config: /scratch/yorig/mpils-results-grid-ticks-10000-7may/medium-2/16proc-16pils/seed-8/2_neos-4954672-berkel_seed-8_20260510_184126/iterated_local_search/run_7_worker_0/parallel_0_10.prm
[INFO]:[18:44:04] CPLEX results. Gap: 13.130000, upper bound: 2659476.000000, lower bound: 2310159.890131
[INFO]:[18:44:04] CPLEX solver finished. Gap: 13.130000
[INFO]:[18:44:04] Worker (ils_group_rank=10) exiting parallel ILS evaluation service.
[INFO]:[18:44:04] Worker 10 completed exploration phase.
[INFO]:[18:44:04] Worker 10 received order for step 2.
[INFO]:[18:44:04] Worker 10 running expansion phase for iteration 7.
[INFO]:[18:44:04] Worker 10 will use solver log file: /scratch/yorig/mpils-results-grid-ticks-10000-7may/medium-2/16proc-16pils/seed-8/2_neos-4954672-berkel_seed-8_20260510_184126/solver/cplex.log_iteration_expansion_7_worker_10
[INFO]:[18:44:04] Expansion Worker 10 starting expansion for iteration 7.
[INFO]:[18:44:04] Starting CPLEX solver on instance: /home/yorig/tuner/mpils-tests/instances/miplib/medium-2/neos-4954672-berkel.mps with config: /scratch/yorig/mpils-results-grid-ticks-10000-7may/medium-2/16proc-16pils/seed-8/2_neos-4954672-berkel_seed-8_20260510_184126/expansion/config_param_CPXPARAM_Preprocessing_Reduce_1_iter_7.prm
[INFO]:[18:44:12] CPLEX results. Gap: 20.030000, upper bound: 2674943.999986, lower bound: 2139222.857877
[INFO]:[18:44:12] CPLEX solver finished. Gap: 20.030000
[INFO]:[18:44:12] Starting CPLEX solver on instance: /home/yorig/tuner/mpils-tests/instances/miplib/medium-2/neos-4954672-berkel.mps with config: /scratch/yorig/mpils-results-grid-ticks-10000-7may/medium-2/16proc-16pils/seed-8/2_neos-4954672-berkel_seed-8_20260510_184126/expansion/config_param_CPXPARAM_Sifting_Algorithm_1_iter_7.prm
[INFO]:[18:44:19] CPLEX results. Gap: 13.130000, upper bound: 2659476.000000, lower bound: 2310159.890131
[INFO]:[18:44:19] CPLEX solver finished. Gap: 13.130000
[INFO]:[18:44:19] Expansion Worker 10 completed expansion.
[INFO]:[18:44:19] Worker 10 completed expansion phase.
[INFO]:[18:44:19] Worker 10 received order for step 1.
[INFO]:[18:44:19] Worker 10 running exploration phase for iteration 8.
[INFO]:[18:44:19] Worker 10 at iteration 8 will not use a MIP start file. Current best MIP-start upper bound threshold is 1.79769e+308.
[INFO]:[18:44:19] Starting local search phase...
[INFO]:[18:44:19] Worker (ils_group_rank=10) entering parallel ILS evaluation service.
[INFO]:[18:44:19] Starting CPLEX solver on instance: /home/yorig/tuner/mpils-tests/instances/miplib/medium-2/neos-4954672-berkel.mps with config: /scratch/yorig/mpils-results-grid-ticks-10000-7may/medium-2/16proc-16pils/seed-8/2_neos-4954672-berkel_seed-8_20260510_184126/iterated_local_search/run_8_worker_0/parallel_0_10.prm
[INFO]:[18:44:26] CPLEX results. Gap: 13.270000, upper bound: 2659476.000000, lower bound: 2306565.701604
[INFO]:[18:44:26] CPLEX solver finished. Gap: 13.270000
[INFO]:[18:44:26] Starting CPLEX solver on instance: /home/yorig/tuner/mpils-tests/instances/miplib/medium-2/neos-4954672-berkel.mps with config: /scratch/yorig/mpils-results-grid-ticks-10000-7may/medium-2/16proc-16pils/seed-8/2_neos-4954672-berkel_seed-8_20260510_184126/iterated_local_search/run_8_worker_0/parallel_16_10.prm
[INFO]:[18:44:34] CPLEX results. Gap: 16.630000, upper bound: 2713057.000000, lower bound: 2261850.092851
[INFO]:[18:44:34] CPLEX solver finished. Gap: 16.630000
[INFO]:[18:44:34] Worker (ils_group_rank=10) exiting parallel ILS evaluation service.
[INFO]:[18:44:34] Worker 10 completed exploration phase.
[INFO]:[18:44:34] Worker 10 received order for step 2.
[INFO]:[18:44:34] Worker 10 running expansion phase for iteration 8.
[INFO]:[18:44:34] Worker 10 will use solver log file: /scratch/yorig/mpils-results-grid-ticks-10000-7may/medium-2/16proc-16pils/seed-8/2_neos-4954672-berkel_seed-8_20260510_184126/solver/cplex.log_iteration_expansion_8_worker_10
[INFO]:[18:44:34] Expansion Worker 10 starting expansion for iteration 8.
[INFO]:[18:44:34] Starting CPLEX solver on instance: /home/yorig/tuner/mpils-tests/instances/miplib/medium-2/neos-4954672-berkel.mps with config: /scratch/yorig/mpils-results-grid-ticks-10000-7may/medium-2/16proc-16pils/seed-8/2_neos-4954672-berkel_seed-8_20260510_184126/expansion/config_param_CPXPARAM_MIP_Limits_StrongCand_20_iter_8.prm
[INFO]:[18:44:41] CPLEX results. Gap: 13.990000, upper bound: 2659476.000000, lower bound: 2287473.550866
[INFO]:[18:44:41] CPLEX solver finished. Gap: 13.990000
[INFO]:[18:44:41] Expansion Worker 10 completed expansion.
[INFO]:[18:44:41] Worker 10 completed expansion phase.
[INFO]:[18:44:41] Worker 10 received order for step 1.
[INFO]:[18:44:41] Worker 10 running exploration phase for iteration 9.
[INFO]:[18:44:41] Worker 10 at iteration 9 will not use a MIP start file. Current best MIP-start upper bound threshold is 1.79769e+308.
[INFO]:[18:44:41] Starting local search phase...
[INFO]:[18:44:41] Worker (ils_group_rank=10) entering parallel ILS evaluation service.
[INFO]:[18:44:41] Starting CPLEX solver on instance: /home/yorig/tuner/mpils-tests/instances/miplib/medium-2/neos-4954672-berkel.mps with config: /scratch/yorig/mpils-results-grid-ticks-10000-7may/medium-2/16proc-16pils/seed-8/2_neos-4954672-berkel_seed-8_20260510_184126/iterated_local_search/run_9_worker_0/parallel_0_10.prm
[INFO]:[18:44:48] CPLEX results. Gap: 13.380000, upper bound: 2659476.000000, lower bound: 2303508.307130
[INFO]:[18:44:48] CPLEX solver finished. Gap: 13.380000
[INFO]:[18:44:49] Starting CPLEX solver on instance: /home/yorig/tuner/mpils-tests/instances/miplib/medium-2/neos-4954672-berkel.mps with config: /scratch/yorig/mpils-results-grid-ticks-10000-7may/medium-2/16proc-16pils/seed-8/2_neos-4954672-berkel_seed-8_20260510_184126/iterated_local_search/run_9_worker_0/parallel_16_10.prm
[INFO]:[18:44:56] CPLEX results. Gap: 13.130000, upper bound: 2659476.000000, lower bound: 2310159.890131
[INFO]:[18:44:56] CPLEX solver finished. Gap: 13.130000
[INFO]:[18:44:56] Worker (ils_group_rank=10) exiting parallel ILS evaluation service.
[INFO]:[18:44:56] Worker 10 completed exploration phase.
[INFO]:[18:44:56] Worker 10 received order for step 3.
[INFO]:[18:44:56] Worker 10 finished.
