[INFO]:[04:56:43] Worker 18 starting.
[INFO]:[04:56:43] Worker 18 received order for step 1.
[INFO]:[04:56:43] Worker 18 running exploration phase for iteration 1.
[INFO]:[04:56:43] Worker 18 at iteration 1 will not use a MIP start file. Current best MIP-start upper bound threshold is 1.79769e+308.
[INFO]:[04:56:43] Starting local search phase...
[INFO]:[04:56:43] Creating local search space from parameter space file: /scratch/yorig/mpils-results-grid-ticks-10000-7may/medium-2/24proc-2pils/seed-3/6_sorrell3_seed-3_20260510_045641/iterated_local_search/search_space/search_space_file_1_worker_18.txt
[INFO]:[04:56:43] Local search space loaded from file: /scratch/yorig/mpils-results-grid-ticks-10000-7may/medium-2/24proc-2pils/seed-3/6_sorrell3_seed-3_20260510_045641/iterated_local_search/search_space/search_space_file_1_worker_18.txt
[INFO]:[04:56:43] Number of parameters in local search space: 71
[INFO]:[04:56:43] Number of forbidden tuples in local search space: 0
[INFO]:[04:56:43] Number of conditionals in local search space: 6
[INFO]:[04:56:43] MIP start option not enabled. Local search will proceed without MIP start.
[INFO]:[04:56:43] Starting CPLEX solver on instance: /home/yorig/tuner/mpils-tests/instances/miplib/medium-2/sorrell3.mps with config: /scratch/yorig/mpils-results-grid-ticks-10000-7may/medium-2/24proc-2pils/seed-3/6_sorrell3_seed-3_20260510_045641/iterated_local_search/run_1_worker_18/ils_config_10969925736477215227.prm
[INFO]:[04:56:43] Starting CPLEX solver on instance: /home/yorig/tuner/mpils-tests/instances/miplib/medium-2/sorrell3.mps with config: /scratch/yorig/mpils-results-grid-ticks-10000-7may/medium-2/24proc-2pils/seed-3/6_sorrell3_seed-3_20260510_045641/iterated_local_search/run_1_worker_18/ils_config_10969925736477215227.prm
[INFO]:[04:56:49] CPLEX results. Gap: 42.730000, upper bound: -15.000000, lower bound: -21.409347
[INFO]:[04:56:49] CPLEX solver finished. Gap: 42.730000
[INFO]:[04:56:49] New incumbent found with objective value: 33.48
[INFO]:[04:56:49] Starting CPLEX solver on instance: /home/yorig/tuner/mpils-tests/instances/miplib/medium-2/sorrell3.mps with config: /scratch/yorig/mpils-results-grid-ticks-10000-7may/medium-2/24proc-2pils/seed-3/6_sorrell3_seed-3_20260510_045641/iterated_local_search/run_1_worker_18/ils_config_802320178327599385.prm
[INFO]:[04:56:49] Starting CPLEX solver on instance: /home/yorig/tuner/mpils-tests/instances/miplib/medium-2/sorrell3.mps with config: /scratch/yorig/mpils-results-grid-ticks-10000-7may/medium-2/24proc-2pils/seed-3/6_sorrell3_seed-3_20260510_045641/iterated_local_search/run_1_worker_18/ils_config_802320178327599385.prm
[INFO]:[04:56:56] CPLEX results. Gap: 33.480000, upper bound: -15.000000, lower bound: -20.021351
[INFO]:[04:56:56] CPLEX solver finished. Gap: 33.480000
[INFO]:[04:56:56] Starting CPLEX solver on instance: /home/yorig/tuner/mpils-tests/instances/miplib/medium-2/sorrell3.mps with config: /scratch/yorig/mpils-results-grid-ticks-10000-7may/medium-2/24proc-2pils/seed-3/6_sorrell3_seed-3_20260510_045641/iterated_local_search/run_1_worker_18/ils_config_16846966343216473360.prm
[INFO]:[04:56:56] Starting CPLEX solver on instance: /home/yorig/tuner/mpils-tests/instances/miplib/medium-2/sorrell3.mps with config: /scratch/yorig/mpils-results-grid-ticks-10000-7may/medium-2/24proc-2pils/seed-3/6_sorrell3_seed-3_20260510_045641/iterated_local_search/run_1_worker_18/ils_config_16846966343216473360.prm
[INFO]:[04:57:02] CPLEX results. Gap: 33.480000, upper bound: -15.000000, lower bound: -20.021351
[INFO]:[04:57:02] CPLEX solver finished. Gap: 33.480000
[INFO]:[04:57:02] Starting CPLEX solver on instance: /home/yorig/tuner/mpils-tests/instances/miplib/medium-2/sorrell3.mps with config: /scratch/yorig/mpils-results-grid-ticks-10000-7may/medium-2/24proc-2pils/seed-3/6_sorrell3_seed-3_20260510_045641/iterated_local_search/run_1_worker_18/ils_config_12778014605639675835.prm
[INFO]:[04:57:02] Starting CPLEX solver on instance: /home/yorig/tuner/mpils-tests/instances/miplib/medium-2/sorrell3.mps with config: /scratch/yorig/mpils-results-grid-ticks-10000-7may/medium-2/24proc-2pils/seed-3/6_sorrell3_seed-3_20260510_045641/iterated_local_search/run_1_worker_18/ils_config_12778014605639675835.prm
[INFO]:[04:57:08] CPLEX results. Gap: 33.480000, upper bound: -15.000000, lower bound: -20.021351
[INFO]:[04:57:08] CPLEX solver finished. Gap: 33.480000
[INFO]:[04:57:08] Starting CPLEX solver on instance: /home/yorig/tuner/mpils-tests/instances/miplib/medium-2/sorrell3.mps with config: /scratch/yorig/mpils-results-grid-ticks-10000-7may/medium-2/24proc-2pils/seed-3/6_sorrell3_seed-3_20260510_045641/iterated_local_search/run_1_worker_18/ils_config_6696220415011846188.prm
[INFO]:[04:57:08] Starting CPLEX solver on instance: /home/yorig/tuner/mpils-tests/instances/miplib/medium-2/sorrell3.mps with config: /scratch/yorig/mpils-results-grid-ticks-10000-7may/medium-2/24proc-2pils/seed-3/6_sorrell3_seed-3_20260510_045641/iterated_local_search/run_1_worker_18/ils_config_6696220415011846188.prm
[INFO]:[04:57:15] CPLEX results. Gap: 42.600000, upper bound: -15.000000, lower bound: -21.389802
[INFO]:[04:57:15] CPLEX solver finished. Gap: 42.600000
[INFO]:[04:57:15] Starting CPLEX solver on instance: /home/yorig/tuner/mpils-tests/instances/miplib/medium-2/sorrell3.mps with config: /scratch/yorig/mpils-results-grid-ticks-10000-7may/medium-2/24proc-2pils/seed-3/6_sorrell3_seed-3_20260510_045641/iterated_local_search/run_1_worker_18/ils_config_16537677761860515884.prm
[INFO]:[04:57:15] Starting CPLEX solver on instance: /home/yorig/tuner/mpils-tests/instances/miplib/medium-2/sorrell3.mps with config: /scratch/yorig/mpils-results-grid-ticks-10000-7may/medium-2/24proc-2pils/seed-3/6_sorrell3_seed-3_20260510_045641/iterated_local_search/run_1_worker_18/ils_config_16537677761860515884.prm
[INFO]:[04:57:21] CPLEX results. Gap: 33.480000, upper bound: -15.000000, lower bound: -20.021351
[INFO]:[04:57:21] CPLEX solver finished. Gap: 33.480000
[INFO]:[04:57:21] Starting CPLEX solver on instance: /home/yorig/tuner/mpils-tests/instances/miplib/medium-2/sorrell3.mps with config: /scratch/yorig/mpils-results-grid-ticks-10000-7may/medium-2/24proc-2pils/seed-3/6_sorrell3_seed-3_20260510_045641/iterated_local_search/run_1_worker_18/ils_config_4298053358905425325.prm
[INFO]:[04:57:21] Starting CPLEX solver on instance: /home/yorig/tuner/mpils-tests/instances/miplib/medium-2/sorrell3.mps with config: /scratch/yorig/mpils-results-grid-ticks-10000-7may/medium-2/24proc-2pils/seed-3/6_sorrell3_seed-3_20260510_045641/iterated_local_search/run_1_worker_18/ils_config_4298053358905425325.prm
[INFO]:[04:57:28] CPLEX results. Gap: 33.480000, upper bound: -15.000000, lower bound: -20.021351
[INFO]:[04:57:28] CPLEX solver finished. Gap: 33.480000
[INFO]:[04:57:28] Starting CPLEX solver on instance: /home/yorig/tuner/mpils-tests/instances/miplib/medium-2/sorrell3.mps with config: /scratch/yorig/mpils-results-grid-ticks-10000-7may/medium-2/24proc-2pils/seed-3/6_sorrell3_seed-3_20260510_045641/iterated_local_search/run_1_worker_18/ils_config_10898803319436243386.prm
[INFO]:[04:57:28] Starting CPLEX solver on instance: /home/yorig/tuner/mpils-tests/instances/miplib/medium-2/sorrell3.mps with config: /scratch/yorig/mpils-results-grid-ticks-10000-7may/medium-2/24proc-2pils/seed-3/6_sorrell3_seed-3_20260510_045641/iterated_local_search/run_1_worker_18/ils_config_10898803319436243386.prm
[INFO]:[04:57:34] CPLEX results. Gap: 36.300000, upper bound: -15.000000, lower bound: -20.444482
[INFO]:[04:57:34] CPLEX solver finished. Gap: 36.300000
[INFO]:[04:57:34] Starting CPLEX solver on instance: /home/yorig/tuner/mpils-tests/instances/miplib/medium-2/sorrell3.mps with config: /scratch/yorig/mpils-results-grid-ticks-10000-7may/medium-2/24proc-2pils/seed-3/6_sorrell3_seed-3_20260510_045641/iterated_local_search/run_1_worker_18/ils_config_999736580786630414.prm
[INFO]:[04:57:34] Starting CPLEX solver on instance: /home/yorig/tuner/mpils-tests/instances/miplib/medium-2/sorrell3.mps with config: /scratch/yorig/mpils-results-grid-ticks-10000-7may/medium-2/24proc-2pils/seed-3/6_sorrell3_seed-3_20260510_045641/iterated_local_search/run_1_worker_18/ils_config_999736580786630414.prm
[INFO]:[04:57:40] CPLEX results. Gap: 33.480000, upper bound: -15.000000, lower bound: -20.021351
[INFO]:[04:57:40] CPLEX solver finished. Gap: 33.480000
[INFO]:[04:57:40] Starting CPLEX solver on instance: /home/yorig/tuner/mpils-tests/instances/miplib/medium-2/sorrell3.mps with config: /scratch/yorig/mpils-results-grid-ticks-10000-7may/medium-2/24proc-2pils/seed-3/6_sorrell3_seed-3_20260510_045641/iterated_local_search/run_1_worker_18/ils_config_10952234205301211401.prm
[INFO]:[04:57:40] Starting CPLEX solver on instance: /home/yorig/tuner/mpils-tests/instances/miplib/medium-2/sorrell3.mps with config: /scratch/yorig/mpils-results-grid-ticks-10000-7may/medium-2/24proc-2pils/seed-3/6_sorrell3_seed-3_20260510_045641/iterated_local_search/run_1_worker_18/ils_config_10952234205301211401.prm
[INFO]:[04:57:47] CPLEX results. Gap: 33.370000, upper bound: -15.000000, lower bound: -20.005596
[INFO]:[04:57:47] CPLEX solver finished. Gap: 33.370000
[INFO]:[04:57:47] New incumbent found with objective value: 33.37
[INFO]:[04:57:47] Local search phase completed.
[INFO]:[04:57:47] Total number of new local-search evaluations: 20
[INFO]:[04:57:47] Final incumbent objective value: 33.37
[INFO]:[04:57:51] Worker 18 completed exploration phase.
[INFO]:[04:57:51] Worker 18 received order for step 2.
[INFO]:[04:57:51] Worker 18 running expansion phase for iteration 1.
[INFO]:[04:57:51] Worker 18 will use solver log file: /scratch/yorig/mpils-results-grid-ticks-10000-7may/medium-2/24proc-2pils/seed-3/6_sorrell3_seed-3_20260510_045641/solver/cplex.log_iteration_expansion_1_worker_18
[INFO]:[04:57:51] Expansion Worker 18 starting expansion for iteration 1.
[INFO]:[04:57:51] Starting CPLEX solver on instance: /home/yorig/tuner/mpils-tests/instances/miplib/medium-2/sorrell3.mps with config: /scratch/yorig/mpils-results-grid-ticks-10000-7may/medium-2/24proc-2pils/seed-3/6_sorrell3_seed-3_20260510_045641/expansion/config_param_CPXPARAM_MIP_Strategy_Dive_3_iter_1.prm
[INFO]:[04:57:58] CPLEX results. Gap: 33.370000, upper bound: -15.000000, lower bound: -20.005596
[INFO]:[04:57:58] CPLEX solver finished. Gap: 33.370000
[INFO]:[04:57:58] Expansion Worker 18 stopping early after global MPI expansion stop was activated.
[INFO]:[04:57:58] Expansion Worker 18 completed expansion.
[INFO]:[04:57:58] Worker 18 completed expansion phase.
[INFO]:[04:57:58] Worker 18 received order for step 1.
[INFO]:[04:57:58] Worker 18 running exploration phase for iteration 2.
[INFO]:[04:57:58] Worker 18 at iteration 2 will not use a MIP start file. Current best MIP-start upper bound threshold is 1.79769e+308.
[INFO]:[04:57:58] Starting local search phase...
[INFO]:[04:57:58] Creating local search space from parameter space file: /scratch/yorig/mpils-results-grid-ticks-10000-7may/medium-2/24proc-2pils/seed-3/6_sorrell3_seed-3_20260510_045641/iterated_local_search/search_space/search_space_file_2_worker_18.txt
[INFO]:[04:57:58] Local search space loaded from file: /scratch/yorig/mpils-results-grid-ticks-10000-7may/medium-2/24proc-2pils/seed-3/6_sorrell3_seed-3_20260510_045641/iterated_local_search/search_space/search_space_file_2_worker_18.txt
[INFO]:[04:57:58] Number of parameters in local search space: 71
[INFO]:[04:57:58] Number of forbidden tuples in local search space: 28
[INFO]:[04:57:58] Number of conditionals in local search space: 6
[INFO]:[04:57:58] MIP start option not enabled. Local search will proceed without MIP start.
[INFO]:[04:57:58] Starting CPLEX solver on instance: /home/yorig/tuner/mpils-tests/instances/miplib/medium-2/sorrell3.mps with config: /scratch/yorig/mpils-results-grid-ticks-10000-7may/medium-2/24proc-2pils/seed-3/6_sorrell3_seed-3_20260510_045641/iterated_local_search/run_2_worker_18/ils_config_6941195722126692038.prm
[INFO]:[04:57:58] Starting CPLEX solver on instance: /home/yorig/tuner/mpils-tests/instances/miplib/medium-2/sorrell3.mps with config: /scratch/yorig/mpils-results-grid-ticks-10000-7may/medium-2/24proc-2pils/seed-3/6_sorrell3_seed-3_20260510_045641/iterated_local_search/run_2_worker_18/ils_config_6941195722126692038.prm
[INFO]:[04:58:04] CPLEX results. Gap: 42.660000, upper bound: -15.000000, lower bound: -21.398340
[INFO]:[04:58:04] CPLEX solver finished. Gap: 42.660000
[INFO]:[04:58:04] Starting CPLEX solver on instance: /home/yorig/tuner/mpils-tests/instances/miplib/medium-2/sorrell3.mps with config: /scratch/yorig/mpils-results-grid-ticks-10000-7may/medium-2/24proc-2pils/seed-3/6_sorrell3_seed-3_20260510_045641/iterated_local_search/run_2_worker_18/ils_config_13557311929142300107.prm
[INFO]:[04:58:04] Starting CPLEX solver on instance: /home/yorig/tuner/mpils-tests/instances/miplib/medium-2/sorrell3.mps with config: /scratch/yorig/mpils-results-grid-ticks-10000-7may/medium-2/24proc-2pils/seed-3/6_sorrell3_seed-3_20260510_045641/iterated_local_search/run_2_worker_18/ils_config_13557311929142300107.prm
[INFO]:[04:58:10] CPLEX results. Gap: 42.660000, upper bound: -15.000000, lower bound: -21.398340
[INFO]:[04:58:10] CPLEX solver finished. Gap: 42.660000
[INFO]:[04:58:10] Starting CPLEX solver on instance: /home/yorig/tuner/mpils-tests/instances/miplib/medium-2/sorrell3.mps with config: /scratch/yorig/mpils-results-grid-ticks-10000-7may/medium-2/24proc-2pils/seed-3/6_sorrell3_seed-3_20260510_045641/iterated_local_search/run_2_worker_18/ils_config_13120242932023575153.prm
[INFO]:[04:58:10] Starting CPLEX solver on instance: /home/yorig/tuner/mpils-tests/instances/miplib/medium-2/sorrell3.mps with config: /scratch/yorig/mpils-results-grid-ticks-10000-7may/medium-2/24proc-2pils/seed-3/6_sorrell3_seed-3_20260510_045641/iterated_local_search/run_2_worker_18/ils_config_13120242932023575153.prm
[INFO]:[04:58:17] CPLEX results. Gap: 42.800000, upper bound: -15.000000, lower bound: -21.420550
[INFO]:[04:58:17] CPLEX solver finished. Gap: 42.800000
[INFO]:[04:58:17] Local search phase completed.
[INFO]:[04:58:17] Total number of new local-search evaluations: 6
[INFO]:[04:58:17] Final incumbent objective value: 42.66
[INFO]:[04:58:18] Worker 18 completed exploration phase.
[INFO]:[04:58:18] Worker 18 received order for step 2.
[INFO]:[04:58:18] Worker 18 running expansion phase for iteration 2.
[INFO]:[04:58:18] Worker 18 will use solver log file: /scratch/yorig/mpils-results-grid-ticks-10000-7may/medium-2/24proc-2pils/seed-3/6_sorrell3_seed-3_20260510_045641/solver/cplex.log_iteration_expansion_2_worker_18
[INFO]:[04:58:18] Expansion Worker 18 starting expansion for iteration 2.
[INFO]:[04:58:18] Starting CPLEX solver on instance: /home/yorig/tuner/mpils-tests/instances/miplib/medium-2/sorrell3.mps with config: /scratch/yorig/mpils-results-grid-ticks-10000-7may/medium-2/24proc-2pils/seed-3/6_sorrell3_seed-3_20260510_045641/expansion/config_param_CPXPARAM_MIP_Limits_ProbeTime_5_iter_2.prm
[INFO]:[04:58:25] CPLEX results. Gap: 33.030000, upper bound: -15.000000, lower bound: -19.954964
[INFO]:[04:58:25] CPLEX solver finished. Gap: 33.030000
[INFO]:[04:58:25] Expansion Worker 18 found an improving configuration with objective value 33.03.
[INFO]:[04:58:25] Expansion Worker 18 stopping early after global MPI expansion stop was activated.
[INFO]:[04:58:25] Expansion Worker 18 completed expansion.
[INFO]:[04:58:25] Worker 18 completed expansion phase.
[INFO]:[04:58:25] Worker 18 received order for step 1.
[INFO]:[04:58:25] Worker 18 running exploration phase for iteration 3.
[INFO]:[04:58:25] Worker 18 at iteration 3 will not use a MIP start file. Current best MIP-start upper bound threshold is 1.79769e+308.
[INFO]:[04:58:25] Starting local search phase...
[INFO]:[04:58:25] Creating local search space from parameter space file: /scratch/yorig/mpils-results-grid-ticks-10000-7may/medium-2/24proc-2pils/seed-3/6_sorrell3_seed-3_20260510_045641/iterated_local_search/search_space/search_space_file_3_worker_18.txt
[INFO]:[04:58:25] Local search space loaded from file: /scratch/yorig/mpils-results-grid-ticks-10000-7may/medium-2/24proc-2pils/seed-3/6_sorrell3_seed-3_20260510_045641/iterated_local_search/search_space/search_space_file_3_worker_18.txt
[INFO]:[04:58:25] Number of parameters in local search space: 71
[INFO]:[04:58:25] Number of forbidden tuples in local search space: 49
[INFO]:[04:58:25] Number of conditionals in local search space: 6
[INFO]:[04:58:25] MIP start option not enabled. Local search will proceed without MIP start.
[INFO]:[04:58:25] Starting CPLEX solver on instance: /home/yorig/tuner/mpils-tests/instances/miplib/medium-2/sorrell3.mps with config: /scratch/yorig/mpils-results-grid-ticks-10000-7may/medium-2/24proc-2pils/seed-3/6_sorrell3_seed-3_20260510_045641/iterated_local_search/run_3_worker_18/ils_config_4425029537323759908.prm
[INFO]:[04:58:25] Starting CPLEX solver on instance: /home/yorig/tuner/mpils-tests/instances/miplib/medium-2/sorrell3.mps with config: /scratch/yorig/mpils-results-grid-ticks-10000-7may/medium-2/24proc-2pils/seed-3/6_sorrell3_seed-3_20260510_045641/iterated_local_search/run_3_worker_18/ils_config_4425029537323759908.prm
[INFO]:[04:58:31] CPLEX results. Gap: 35.290000, upper bound: -15.000000, lower bound: -20.294002
[INFO]:[04:58:31] CPLEX solver finished. Gap: 35.290000
[INFO]:[04:58:32] Starting CPLEX solver on instance: /home/yorig/tuner/mpils-tests/instances/miplib/medium-2/sorrell3.mps with config: /scratch/yorig/mpils-results-grid-ticks-10000-7may/medium-2/24proc-2pils/seed-3/6_sorrell3_seed-3_20260510_045641/iterated_local_search/run_3_worker_18/ils_config_14602598065672786644.prm
[INFO]:[04:58:32] Starting CPLEX solver on instance: /home/yorig/tuner/mpils-tests/instances/miplib/medium-2/sorrell3.mps with config: /scratch/yorig/mpils-results-grid-ticks-10000-7may/medium-2/24proc-2pils/seed-3/6_sorrell3_seed-3_20260510_045641/iterated_local_search/run_3_worker_18/ils_config_14602598065672786644.prm
[INFO]:[04:58:38] CPLEX results. Gap: 35.290000, upper bound: -15.000000, lower bound: -20.294002
[INFO]:[04:58:38] CPLEX solver finished. Gap: 35.290000
[INFO]:[04:58:38] Starting CPLEX solver on instance: /home/yorig/tuner/mpils-tests/instances/miplib/medium-2/sorrell3.mps with config: /scratch/yorig/mpils-results-grid-ticks-10000-7may/medium-2/24proc-2pils/seed-3/6_sorrell3_seed-3_20260510_045641/iterated_local_search/run_3_worker_18/ils_config_10851917721254719385.prm
[INFO]:[04:58:38] Starting CPLEX solver on instance: /home/yorig/tuner/mpils-tests/instances/miplib/medium-2/sorrell3.mps with config: /scratch/yorig/mpils-results-grid-ticks-10000-7may/medium-2/24proc-2pils/seed-3/6_sorrell3_seed-3_20260510_045641/iterated_local_search/run_3_worker_18/ils_config_10851917721254719385.prm
[INFO]:[04:58:45] CPLEX results. Gap: 35.110000, upper bound: -15.000000, lower bound: -20.266079
[INFO]:[04:58:45] CPLEX solver finished. Gap: 35.110000
[INFO]:[04:58:45] New incumbent found with objective value: 35.11
[INFO]:[04:58:45] Starting CPLEX solver on instance: /home/yorig/tuner/mpils-tests/instances/miplib/medium-2/sorrell3.mps with config: /scratch/yorig/mpils-results-grid-ticks-10000-7may/medium-2/24proc-2pils/seed-3/6_sorrell3_seed-3_20260510_045641/iterated_local_search/run_3_worker_18/ils_config_7257610518613421117.prm
[INFO]:[04:58:45] Starting CPLEX solver on instance: /home/yorig/tuner/mpils-tests/instances/miplib/medium-2/sorrell3.mps with config: /scratch/yorig/mpils-results-grid-ticks-10000-7may/medium-2/24proc-2pils/seed-3/6_sorrell3_seed-3_20260510_045641/iterated_local_search/run_3_worker_18/ils_config_7257610518613421117.prm
[INFO]:[04:58:51] CPLEX results. Gap: 35.110000, upper bound: -15.000000, lower bound: -20.266079
[INFO]:[04:58:51] CPLEX solver finished. Gap: 35.110000
[INFO]:[04:58:51] Starting CPLEX solver on instance: /home/yorig/tuner/mpils-tests/instances/miplib/medium-2/sorrell3.mps with config: /scratch/yorig/mpils-results-grid-ticks-10000-7may/medium-2/24proc-2pils/seed-3/6_sorrell3_seed-3_20260510_045641/iterated_local_search/run_3_worker_18/ils_config_6533380129030268140.prm
[INFO]:[04:58:51] Starting CPLEX solver on instance: /home/yorig/tuner/mpils-tests/instances/miplib/medium-2/sorrell3.mps with config: /scratch/yorig/mpils-results-grid-ticks-10000-7may/medium-2/24proc-2pils/seed-3/6_sorrell3_seed-3_20260510_045641/iterated_local_search/run_3_worker_18/ils_config_6533380129030268140.prm
[INFO]:[04:58:58] CPLEX results. Gap: 35.110000, upper bound: -15.000000, lower bound: -20.266079
[INFO]:[04:58:58] CPLEX solver finished. Gap: 35.110000
[INFO]:[04:58:58] Starting CPLEX solver on instance: /home/yorig/tuner/mpils-tests/instances/miplib/medium-2/sorrell3.mps with config: /scratch/yorig/mpils-results-grid-ticks-10000-7may/medium-2/24proc-2pils/seed-3/6_sorrell3_seed-3_20260510_045641/iterated_local_search/run_3_worker_18/ils_config_2954422309413516245.prm
[INFO]:[04:58:58] Starting CPLEX solver on instance: /home/yorig/tuner/mpils-tests/instances/miplib/medium-2/sorrell3.mps with config: /scratch/yorig/mpils-results-grid-ticks-10000-7may/medium-2/24proc-2pils/seed-3/6_sorrell3_seed-3_20260510_045641/iterated_local_search/run_3_worker_18/ils_config_2954422309413516245.prm
[INFO]:[04:59:04] CPLEX results. Gap: 35.290000, upper bound: -15.000000, lower bound: -20.294002
[INFO]:[04:59:04] CPLEX solver finished. Gap: 35.290000
[INFO]:[04:59:04] Starting CPLEX solver on instance: /home/yorig/tuner/mpils-tests/instances/miplib/medium-2/sorrell3.mps with config: /scratch/yorig/mpils-results-grid-ticks-10000-7may/medium-2/24proc-2pils/seed-3/6_sorrell3_seed-3_20260510_045641/iterated_local_search/run_3_worker_18/ils_config_4552775191548739770.prm
[INFO]:[04:59:04] Starting CPLEX solver on instance: /home/yorig/tuner/mpils-tests/instances/miplib/medium-2/sorrell3.mps with config: /scratch/yorig/mpils-results-grid-ticks-10000-7may/medium-2/24proc-2pils/seed-3/6_sorrell3_seed-3_20260510_045641/iterated_local_search/run_3_worker_18/ils_config_4552775191548739770.prm
[INFO]:[04:59:11] CPLEX results. Gap: 35.290000, upper bound: -15.000000, lower bound: -20.294002
[INFO]:[04:59:11] CPLEX solver finished. Gap: 35.290000
[INFO]:[04:59:11] Starting CPLEX solver on instance: /home/yorig/tuner/mpils-tests/instances/miplib/medium-2/sorrell3.mps with config: /scratch/yorig/mpils-results-grid-ticks-10000-7may/medium-2/24proc-2pils/seed-3/6_sorrell3_seed-3_20260510_045641/iterated_local_search/run_3_worker_18/ils_config_11791405106279913015.prm
[INFO]:[04:59:11] Starting CPLEX solver on instance: /home/yorig/tuner/mpils-tests/instances/miplib/medium-2/sorrell3.mps with config: /scratch/yorig/mpils-results-grid-ticks-10000-7may/medium-2/24proc-2pils/seed-3/6_sorrell3_seed-3_20260510_045641/iterated_local_search/run_3_worker_18/ils_config_11791405106279913015.prm
[INFO]:[04:59:17] CPLEX results. Gap: 35.120000, upper bound: -15.000000, lower bound: -20.268192
[INFO]:[04:59:17] CPLEX solver finished. Gap: 35.120000
[INFO]:[04:59:17] Starting CPLEX solver on instance: /home/yorig/tuner/mpils-tests/instances/miplib/medium-2/sorrell3.mps with config: /scratch/yorig/mpils-results-grid-ticks-10000-7may/medium-2/24proc-2pils/seed-3/6_sorrell3_seed-3_20260510_045641/iterated_local_search/run_3_worker_18/ils_config_3131074554815166360.prm
[INFO]:[04:59:17] Starting CPLEX solver on instance: /home/yorig/tuner/mpils-tests/instances/miplib/medium-2/sorrell3.mps with config: /scratch/yorig/mpils-results-grid-ticks-10000-7may/medium-2/24proc-2pils/seed-3/6_sorrell3_seed-3_20260510_045641/iterated_local_search/run_3_worker_18/ils_config_3131074554815166360.prm
[INFO]:[04:59:24] CPLEX results. Gap: 35.110000, upper bound: -15.000000, lower bound: -20.266079
[INFO]:[04:59:24] CPLEX solver finished. Gap: 35.110000
[INFO]:[04:59:24] Starting CPLEX solver on instance: /home/yorig/tuner/mpils-tests/instances/miplib/medium-2/sorrell3.mps with config: /scratch/yorig/mpils-results-grid-ticks-10000-7may/medium-2/24proc-2pils/seed-3/6_sorrell3_seed-3_20260510_045641/iterated_local_search/run_3_worker_18/ils_config_9941572654038650626.prm
[INFO]:[04:59:24] Starting CPLEX solver on instance: /home/yorig/tuner/mpils-tests/instances/miplib/medium-2/sorrell3.mps with config: /scratch/yorig/mpils-results-grid-ticks-10000-7may/medium-2/24proc-2pils/seed-3/6_sorrell3_seed-3_20260510_045641/iterated_local_search/run_3_worker_18/ils_config_9941572654038650626.prm
[INFO]:[04:59:30] CPLEX results. Gap: 35.330000, upper bound: -15.000000, lower bound: -20.299107
[INFO]:[04:59:30] CPLEX solver finished. Gap: 35.330000
[INFO]:[04:59:30] Starting CPLEX solver on instance: /home/yorig/tuner/mpils-tests/instances/miplib/medium-2/sorrell3.mps with config: /scratch/yorig/mpils-results-grid-ticks-10000-7may/medium-2/24proc-2pils/seed-3/6_sorrell3_seed-3_20260510_045641/iterated_local_search/run_3_worker_18/ils_config_5193097391881852568.prm
[INFO]:[04:59:30] Starting CPLEX solver on instance: /home/yorig/tuner/mpils-tests/instances/miplib/medium-2/sorrell3.mps with config: /scratch/yorig/mpils-results-grid-ticks-10000-7may/medium-2/24proc-2pils/seed-3/6_sorrell3_seed-3_20260510_045641/iterated_local_search/run_3_worker_18/ils_config_5193097391881852568.prm
[INFO]:[04:59:37] CPLEX results. Gap: 35.110000, upper bound: -15.000000, lower bound: -20.266079
[INFO]:[04:59:37] CPLEX solver finished. Gap: 35.110000
[INFO]:[04:59:37] Starting CPLEX solver on instance: /home/yorig/tuner/mpils-tests/instances/miplib/medium-2/sorrell3.mps with config: /scratch/yorig/mpils-results-grid-ticks-10000-7may/medium-2/24proc-2pils/seed-3/6_sorrell3_seed-3_20260510_045641/iterated_local_search/run_3_worker_18/ils_config_7187480829451101628.prm
[INFO]:[04:59:37] Starting CPLEX solver on instance: /home/yorig/tuner/mpils-tests/instances/miplib/medium-2/sorrell3.mps with config: /scratch/yorig/mpils-results-grid-ticks-10000-7may/medium-2/24proc-2pils/seed-3/6_sorrell3_seed-3_20260510_045641/iterated_local_search/run_3_worker_18/ils_config_7187480829451101628.prm
[INFO]:[04:59:43] CPLEX results. Gap: 35.110000, upper bound: -15.000000, lower bound: -20.266079
[INFO]:[04:59:43] CPLEX solver finished. Gap: 35.110000
[INFO]:[04:59:43] Starting CPLEX solver on instance: /home/yorig/tuner/mpils-tests/instances/miplib/medium-2/sorrell3.mps with config: /scratch/yorig/mpils-results-grid-ticks-10000-7may/medium-2/24proc-2pils/seed-3/6_sorrell3_seed-3_20260510_045641/iterated_local_search/run_3_worker_18/ils_config_6709505152925870306.prm
[INFO]:[04:59:43] Starting CPLEX solver on instance: /home/yorig/tuner/mpils-tests/instances/miplib/medium-2/sorrell3.mps with config: /scratch/yorig/mpils-results-grid-ticks-10000-7may/medium-2/24proc-2pils/seed-3/6_sorrell3_seed-3_20260510_045641/iterated_local_search/run_3_worker_18/ils_config_6709505152925870306.prm
[INFO]:[04:59:50] CPLEX results. Gap: 35.290000, upper bound: -15.000000, lower bound: -20.294002
[INFO]:[04:59:50] CPLEX solver finished. Gap: 35.290000
[INFO]:[04:59:50] Local search phase completed.
[INFO]:[04:59:50] Total number of new local-search evaluations: 26
[INFO]:[04:59:50] Final incumbent objective value: 35.11
[INFO]:[04:59:52] Worker 18 completed exploration phase.
[INFO]:[04:59:52] Worker 18 received order for step 2.
[INFO]:[04:59:52] Worker 18 running expansion phase for iteration 3.
[INFO]:[04:59:52] Worker 18 will use solver log file: /scratch/yorig/mpils-results-grid-ticks-10000-7may/medium-2/24proc-2pils/seed-3/6_sorrell3_seed-3_20260510_045641/solver/cplex.log_iteration_expansion_3_worker_18
[INFO]:[04:59:52] Expansion Worker 18 starting expansion for iteration 3.
[INFO]:[04:59:52] Starting CPLEX solver on instance: /home/yorig/tuner/mpils-tests/instances/miplib/medium-2/sorrell3.mps with config: /scratch/yorig/mpils-results-grid-ticks-10000-7may/medium-2/24proc-2pils/seed-3/6_sorrell3_seed-3_20260510_045641/expansion/config_param_CPXPARAM_MIP_Limits_CutsFactor_1_iter_3.prm
[INFO]:[04:59:59] CPLEX results. Gap: 42.560000, upper bound: -15.000000, lower bound: -21.384143
[INFO]:[04:59:59] CPLEX solver finished. Gap: 42.560000
[INFO]:[04:59:59] Expansion Worker 18 stopping early after global MPI expansion stop was activated.
[INFO]:[04:59:59] Expansion Worker 18 completed expansion.
[INFO]:[04:59:59] Worker 18 completed expansion phase.
[INFO]:[04:59:59] Worker 18 received order for step 1.
[INFO]:[04:59:59] Worker 18 running exploration phase for iteration 4.
[INFO]:[04:59:59] Worker 18 at iteration 4 will not use a MIP start file. Current best MIP-start upper bound threshold is 1.79769e+308.
[INFO]:[04:59:59] Starting local search phase...
[INFO]:[04:59:59] Creating local search space from parameter space file: /scratch/yorig/mpils-results-grid-ticks-10000-7may/medium-2/24proc-2pils/seed-3/6_sorrell3_seed-3_20260510_045641/iterated_local_search/search_space/search_space_file_4_worker_18.txt
[INFO]:[04:59:59] Local search space loaded from file: /scratch/yorig/mpils-results-grid-ticks-10000-7may/medium-2/24proc-2pils/seed-3/6_sorrell3_seed-3_20260510_045641/iterated_local_search/search_space/search_space_file_4_worker_18.txt
[INFO]:[04:59:59] Number of parameters in local search space: 71
[INFO]:[04:59:59] Number of forbidden tuples in local search space: 72
[INFO]:[04:59:59] Number of conditionals in local search space: 6
[INFO]:[04:59:59] MIP start option not enabled. Local search will proceed without MIP start.
[INFO]:[04:59:59] Starting CPLEX solver on instance: /home/yorig/tuner/mpils-tests/instances/miplib/medium-2/sorrell3.mps with config: /scratch/yorig/mpils-results-grid-ticks-10000-7may/medium-2/24proc-2pils/seed-3/6_sorrell3_seed-3_20260510_045641/iterated_local_search/run_4_worker_18/ils_config_5908652491272337766.prm
[INFO]:[04:59:59] Starting CPLEX solver on instance: /home/yorig/tuner/mpils-tests/instances/miplib/medium-2/sorrell3.mps with config: /scratch/yorig/mpils-results-grid-ticks-10000-7may/medium-2/24proc-2pils/seed-3/6_sorrell3_seed-3_20260510_045641/iterated_local_search/run_4_worker_18/ils_config_5908652491272337766.prm
[INFO]:[05:00:06] CPLEX results. Gap: 33.480000, upper bound: -15.000000, lower bound: -20.022511
[INFO]:[05:00:06] CPLEX solver finished. Gap: 33.480000
[INFO]:[05:00:06] Starting CPLEX solver on instance: /home/yorig/tuner/mpils-tests/instances/miplib/medium-2/sorrell3.mps with config: /scratch/yorig/mpils-results-grid-ticks-10000-7may/medium-2/24proc-2pils/seed-3/6_sorrell3_seed-3_20260510_045641/iterated_local_search/run_4_worker_18/ils_config_1950687450639314475.prm
[INFO]:[05:00:06] Starting CPLEX solver on instance: /home/yorig/tuner/mpils-tests/instances/miplib/medium-2/sorrell3.mps with config: /scratch/yorig/mpils-results-grid-ticks-10000-7may/medium-2/24proc-2pils/seed-3/6_sorrell3_seed-3_20260510_045641/iterated_local_search/run_4_worker_18/ils_config_1950687450639314475.prm
[INFO]:[05:00:12] CPLEX results. Gap: 33.480000, upper bound: -15.000000, lower bound: -20.022511
[INFO]:[05:00:12] CPLEX solver finished. Gap: 33.480000
[INFO]:[05:00:12] Starting CPLEX solver on instance: /home/yorig/tuner/mpils-tests/instances/miplib/medium-2/sorrell3.mps with config: /scratch/yorig/mpils-results-grid-ticks-10000-7may/medium-2/24proc-2pils/seed-3/6_sorrell3_seed-3_20260510_045641/iterated_local_search/run_4_worker_18/ils_config_17846153704816464325.prm
[INFO]:[05:00:12] Starting CPLEX solver on instance: /home/yorig/tuner/mpils-tests/instances/miplib/medium-2/sorrell3.mps with config: /scratch/yorig/mpils-results-grid-ticks-10000-7may/medium-2/24proc-2pils/seed-3/6_sorrell3_seed-3_20260510_045641/iterated_local_search/run_4_worker_18/ils_config_17846153704816464325.prm
[INFO]:[05:00:18] CPLEX results. Gap: 33.480000, upper bound: -15.000000, lower bound: -20.022511
[INFO]:[05:00:18] CPLEX solver finished. Gap: 33.480000
[INFO]:[05:00:18] Starting CPLEX solver on instance: /home/yorig/tuner/mpils-tests/instances/miplib/medium-2/sorrell3.mps with config: /scratch/yorig/mpils-results-grid-ticks-10000-7may/medium-2/24proc-2pils/seed-3/6_sorrell3_seed-3_20260510_045641/iterated_local_search/run_4_worker_18/ils_config_8711403348696330558.prm
[INFO]:[05:00:18] Starting CPLEX solver on instance: /home/yorig/tuner/mpils-tests/instances/miplib/medium-2/sorrell3.mps with config: /scratch/yorig/mpils-results-grid-ticks-10000-7may/medium-2/24proc-2pils/seed-3/6_sorrell3_seed-3_20260510_045641/iterated_local_search/run_4_worker_18/ils_config_8711403348696330558.prm
[INFO]:[05:00:25] CPLEX results. Gap: 33.480000, upper bound: -15.000000, lower bound: -20.022511
[INFO]:[05:00:25] CPLEX solver finished. Gap: 33.480000
[INFO]:[05:00:25] Local search phase completed.
[INFO]:[05:00:25] Total number of new local-search evaluations: 8
[INFO]:[05:00:25] Final incumbent objective value: 33.48
[INFO]:[05:00:27] Worker 18 completed exploration phase.
[INFO]:[05:00:27] Worker 18 received order for step 2.
[INFO]:[05:00:27] Worker 18 running expansion phase for iteration 4.
[INFO]:[05:00:27] Worker 18 will use solver log file: /scratch/yorig/mpils-results-grid-ticks-10000-7may/medium-2/24proc-2pils/seed-3/6_sorrell3_seed-3_20260510_045641/solver/cplex.log_iteration_expansion_4_worker_18
[INFO]:[05:00:27] Expansion Worker 18 starting expansion for iteration 4.
[INFO]:[05:00:27] Starting CPLEX solver on instance: /home/yorig/tuner/mpils-tests/instances/miplib/medium-2/sorrell3.mps with config: /scratch/yorig/mpils-results-grid-ticks-10000-7may/medium-2/24proc-2pils/seed-3/6_sorrell3_seed-3_20260510_045641/expansion/config_param_CPXPARAM_MIP_Strategy_PresolveNode_3_iter_4.prm
[INFO]:[05:00:33] CPLEX results. Gap: 32.880000, upper bound: -15.000000, lower bound: -19.932606
[INFO]:[05:00:33] CPLEX solver finished. Gap: 32.880000
[INFO]:[05:00:41] Expansion Worker 18 completed expansion.
[INFO]:[05:00:41] Worker 18 completed expansion phase.
[INFO]:[05:00:41] Worker 18 received order for step 1.
[INFO]:[05:00:41] Worker 18 running exploration phase for iteration 5.
[INFO]:[05:00:41] Worker 18 at iteration 5 will not use a MIP start file. Current best MIP-start upper bound threshold is 1.79769e+308.
[INFO]:[05:00:41] Starting local search phase...
[INFO]:[05:00:41] Creating local search space from parameter space file: /scratch/yorig/mpils-results-grid-ticks-10000-7may/medium-2/24proc-2pils/seed-3/6_sorrell3_seed-3_20260510_045641/iterated_local_search/search_space/search_space_file_5_worker_18.txt
[INFO]:[05:00:41] Local search space loaded from file: /scratch/yorig/mpils-results-grid-ticks-10000-7may/medium-2/24proc-2pils/seed-3/6_sorrell3_seed-3_20260510_045641/iterated_local_search/search_space/search_space_file_5_worker_18.txt
[INFO]:[05:00:41] Number of parameters in local search space: 71
[INFO]:[05:00:41] Number of forbidden tuples in local search space: 70
[INFO]:[05:00:41] Number of conditionals in local search space: 6
[INFO]:[05:00:41] MIP start option not enabled. Local search will proceed without MIP start.
[INFO]:[05:00:41] Starting CPLEX solver on instance: /home/yorig/tuner/mpils-tests/instances/miplib/medium-2/sorrell3.mps with config: /scratch/yorig/mpils-results-grid-ticks-10000-7may/medium-2/24proc-2pils/seed-3/6_sorrell3_seed-3_20260510_045641/iterated_local_search/run_5_worker_18/ils_config_11449482176667038227.prm
[INFO]:[05:00:41] Starting CPLEX solver on instance: /home/yorig/tuner/mpils-tests/instances/miplib/medium-2/sorrell3.mps with config: /scratch/yorig/mpils-results-grid-ticks-10000-7may/medium-2/24proc-2pils/seed-3/6_sorrell3_seed-3_20260510_045641/iterated_local_search/run_5_worker_18/ils_config_11449482176667038227.prm
[INFO]:[05:00:47] CPLEX results. Gap: 42.800000, upper bound: -15.000000, lower bound: -21.419438
[INFO]:[05:00:47] CPLEX solver finished. Gap: 42.800000
[INFO]:[05:00:48] Starting CPLEX solver on instance: /home/yorig/tuner/mpils-tests/instances/miplib/medium-2/sorrell3.mps with config: /scratch/yorig/mpils-results-grid-ticks-10000-7may/medium-2/24proc-2pils/seed-3/6_sorrell3_seed-3_20260510_045641/iterated_local_search/run_5_worker_18/ils_config_7439962761727514253.prm
[INFO]:[05:00:48] Starting CPLEX solver on instance: /home/yorig/tuner/mpils-tests/instances/miplib/medium-2/sorrell3.mps with config: /scratch/yorig/mpils-results-grid-ticks-10000-7may/medium-2/24proc-2pils/seed-3/6_sorrell3_seed-3_20260510_045641/iterated_local_search/run_5_worker_18/ils_config_7439962761727514253.prm
[INFO]:[05:00:54] CPLEX results. Gap: 42.800000, upper bound: -15.000000, lower bound: -21.419438
[INFO]:[05:00:54] CPLEX solver finished. Gap: 42.800000
[INFO]:[05:00:54] Starting CPLEX solver on instance: /home/yorig/tuner/mpils-tests/instances/miplib/medium-2/sorrell3.mps with config: /scratch/yorig/mpils-results-grid-ticks-10000-7may/medium-2/24proc-2pils/seed-3/6_sorrell3_seed-3_20260510_045641/iterated_local_search/run_5_worker_18/ils_config_5204275821439503389.prm
[INFO]:[05:00:54] Starting CPLEX solver on instance: /home/yorig/tuner/mpils-tests/instances/miplib/medium-2/sorrell3.mps with config: /scratch/yorig/mpils-results-grid-ticks-10000-7may/medium-2/24proc-2pils/seed-3/6_sorrell3_seed-3_20260510_045641/iterated_local_search/run_5_worker_18/ils_config_5204275821439503389.prm
[INFO]:[05:01:00] CPLEX results. Gap: 42.800000, upper bound: -15.000000, lower bound: -21.419438
[INFO]:[05:01:00] CPLEX solver finished. Gap: 42.800000
[INFO]:[05:01:00] Starting CPLEX solver on instance: /home/yorig/tuner/mpils-tests/instances/miplib/medium-2/sorrell3.mps with config: /scratch/yorig/mpils-results-grid-ticks-10000-7may/medium-2/24proc-2pils/seed-3/6_sorrell3_seed-3_20260510_045641/iterated_local_search/run_5_worker_18/ils_config_14375180963452326195.prm
[INFO]:[05:01:00] Starting CPLEX solver on instance: /home/yorig/tuner/mpils-tests/instances/miplib/medium-2/sorrell3.mps with config: /scratch/yorig/mpils-results-grid-ticks-10000-7may/medium-2/24proc-2pils/seed-3/6_sorrell3_seed-3_20260510_045641/iterated_local_search/run_5_worker_18/ils_config_14375180963452326195.prm
[INFO]:[05:01:06] CPLEX results. Gap: 42.800000, upper bound: -15.000000, lower bound: -21.419438
[INFO]:[05:01:06] CPLEX solver finished. Gap: 42.800000
[INFO]:[05:01:06] Starting CPLEX solver on instance: /home/yorig/tuner/mpils-tests/instances/miplib/medium-2/sorrell3.mps with config: /scratch/yorig/mpils-results-grid-ticks-10000-7may/medium-2/24proc-2pils/seed-3/6_sorrell3_seed-3_20260510_045641/iterated_local_search/run_5_worker_18/ils_config_2321168296893345304.prm
[INFO]:[05:01:06] Starting CPLEX solver on instance: /home/yorig/tuner/mpils-tests/instances/miplib/medium-2/sorrell3.mps with config: /scratch/yorig/mpils-results-grid-ticks-10000-7may/medium-2/24proc-2pils/seed-3/6_sorrell3_seed-3_20260510_045641/iterated_local_search/run_5_worker_18/ils_config_2321168296893345304.prm
[INFO]:[05:01:13] CPLEX results. Gap: 42.800000, upper bound: -15.000000, lower bound: -21.419438
[INFO]:[05:01:13] CPLEX solver finished. Gap: 42.800000
[INFO]:[05:01:13] Local search phase completed.
[INFO]:[05:01:13] Total number of new local-search evaluations: 10
[INFO]:[05:01:13] Final incumbent objective value: 42.8
[INFO]:[05:01:14] Worker 18 completed exploration phase.
[INFO]:[05:01:14] Worker 18 received order for step 2.
[INFO]:[05:01:14] Worker 18 running expansion phase for iteration 5.
[INFO]:[05:01:14] Worker 18 will use solver log file: /scratch/yorig/mpils-results-grid-ticks-10000-7may/medium-2/24proc-2pils/seed-3/6_sorrell3_seed-3_20260510_045641/solver/cplex.log_iteration_expansion_5_worker_18
[INFO]:[05:01:14] Expansion Worker 18 starting expansion for iteration 5.
[INFO]:[05:01:14] Starting CPLEX solver on instance: /home/yorig/tuner/mpils-tests/instances/miplib/medium-2/sorrell3.mps with config: /scratch/yorig/mpils-results-grid-ticks-10000-7may/medium-2/24proc-2pils/seed-3/6_sorrell3_seed-3_20260510_045641/expansion/config_param_CPXPARAM_Simplex_PGradient_2_iter_5.prm
[INFO]:[05:01:20] CPLEX results. Gap: 32.880000, upper bound: -15.000000, lower bound: -19.932606
[INFO]:[05:01:20] CPLEX solver finished. Gap: 32.880000
[INFO]:[05:01:20] Expansion Worker 18 stopping early after global MPI expansion stop was activated.
[INFO]:[05:01:20] Expansion Worker 18 completed expansion.
[INFO]:[05:01:20] Worker 18 completed expansion phase.
[INFO]:[05:01:21] Worker 18 received order for step 1.
[INFO]:[05:01:21] Worker 18 running exploration phase for iteration 6.
[INFO]:[05:01:21] Worker 18 at iteration 6 will not use a MIP start file. Current best MIP-start upper bound threshold is 1.79769e+308.
[INFO]:[05:01:21] Starting local search phase...
[INFO]:[05:01:21] Creating local search space from parameter space file: /scratch/yorig/mpils-results-grid-ticks-10000-7may/medium-2/24proc-2pils/seed-3/6_sorrell3_seed-3_20260510_045641/iterated_local_search/search_space/search_space_file_6_worker_18.txt
[INFO]:[05:01:21] Local search space loaded from file: /scratch/yorig/mpils-results-grid-ticks-10000-7may/medium-2/24proc-2pils/seed-3/6_sorrell3_seed-3_20260510_045641/iterated_local_search/search_space/search_space_file_6_worker_18.txt
[INFO]:[05:01:21] Number of parameters in local search space: 71
[INFO]:[05:01:21] Number of forbidden tuples in local search space: 70
[INFO]:[05:01:21] Number of conditionals in local search space: 6
[INFO]:[05:01:21] MIP start option not enabled. Local search will proceed without MIP start.
[INFO]:[05:01:21] Starting CPLEX solver on instance: /home/yorig/tuner/mpils-tests/instances/miplib/medium-2/sorrell3.mps with config: /scratch/yorig/mpils-results-grid-ticks-10000-7may/medium-2/24proc-2pils/seed-3/6_sorrell3_seed-3_20260510_045641/iterated_local_search/run_6_worker_18/ils_config_846237438644765525.prm
[INFO]:[05:01:21] Starting CPLEX solver on instance: /home/yorig/tuner/mpils-tests/instances/miplib/medium-2/sorrell3.mps with config: /scratch/yorig/mpils-results-grid-ticks-10000-7may/medium-2/24proc-2pils/seed-3/6_sorrell3_seed-3_20260510_045641/iterated_local_search/run_6_worker_18/ils_config_846237438644765525.prm
[INFO]:[05:01:27] CPLEX results. Gap: 42.790000, upper bound: -15.000000, lower bound: -21.418937
[INFO]:[05:01:27] CPLEX solver finished. Gap: 42.790000
[INFO]:[05:01:27] Starting CPLEX solver on instance: /home/yorig/tuner/mpils-tests/instances/miplib/medium-2/sorrell3.mps with config: /scratch/yorig/mpils-results-grid-ticks-10000-7may/medium-2/24proc-2pils/seed-3/6_sorrell3_seed-3_20260510_045641/iterated_local_search/run_6_worker_18/ils_config_674876897188293081.prm
[INFO]:[05:01:27] Starting CPLEX solver on instance: /home/yorig/tuner/mpils-tests/instances/miplib/medium-2/sorrell3.mps with config: /scratch/yorig/mpils-results-grid-ticks-10000-7may/medium-2/24proc-2pils/seed-3/6_sorrell3_seed-3_20260510_045641/iterated_local_search/run_6_worker_18/ils_config_674876897188293081.prm
[INFO]:[05:01:33] CPLEX results. Gap: 42.790000, upper bound: -15.000000, lower bound: -21.418937
[INFO]:[05:01:33] CPLEX solver finished. Gap: 42.790000
[INFO]:[05:01:33] Starting CPLEX solver on instance: /home/yorig/tuner/mpils-tests/instances/miplib/medium-2/sorrell3.mps with config: /scratch/yorig/mpils-results-grid-ticks-10000-7may/medium-2/24proc-2pils/seed-3/6_sorrell3_seed-3_20260510_045641/iterated_local_search/run_6_worker_18/ils_config_10456906328095942226.prm
[INFO]:[05:01:33] Starting CPLEX solver on instance: /home/yorig/tuner/mpils-tests/instances/miplib/medium-2/sorrell3.mps with config: /scratch/yorig/mpils-results-grid-ticks-10000-7may/medium-2/24proc-2pils/seed-3/6_sorrell3_seed-3_20260510_045641/iterated_local_search/run_6_worker_18/ils_config_10456906328095942226.prm
[INFO]:[05:01:39] CPLEX results. Gap: 42.790000, upper bound: -15.000000, lower bound: -21.418937
[INFO]:[05:01:39] CPLEX solver finished. Gap: 42.790000
[INFO]:[05:01:39] Starting CPLEX solver on instance: /home/yorig/tuner/mpils-tests/instances/miplib/medium-2/sorrell3.mps with config: /scratch/yorig/mpils-results-grid-ticks-10000-7may/medium-2/24proc-2pils/seed-3/6_sorrell3_seed-3_20260510_045641/iterated_local_search/run_6_worker_18/ils_config_732133076598162816.prm
[INFO]:[05:01:39] Starting CPLEX solver on instance: /home/yorig/tuner/mpils-tests/instances/miplib/medium-2/sorrell3.mps with config: /scratch/yorig/mpils-results-grid-ticks-10000-7may/medium-2/24proc-2pils/seed-3/6_sorrell3_seed-3_20260510_045641/iterated_local_search/run_6_worker_18/ils_config_732133076598162816.prm
[INFO]:[05:01:45] CPLEX results. Gap: 42.790000, upper bound: -15.000000, lower bound: -21.418937
[INFO]:[05:01:45] CPLEX solver finished. Gap: 42.790000
[INFO]:[05:01:45] Starting CPLEX solver on instance: /home/yorig/tuner/mpils-tests/instances/miplib/medium-2/sorrell3.mps with config: /scratch/yorig/mpils-results-grid-ticks-10000-7may/medium-2/24proc-2pils/seed-3/6_sorrell3_seed-3_20260510_045641/iterated_local_search/run_6_worker_18/ils_config_16133468970841258159.prm
[INFO]:[05:01:45] Starting CPLEX solver on instance: /home/yorig/tuner/mpils-tests/instances/miplib/medium-2/sorrell3.mps with config: /scratch/yorig/mpils-results-grid-ticks-10000-7may/medium-2/24proc-2pils/seed-3/6_sorrell3_seed-3_20260510_045641/iterated_local_search/run_6_worker_18/ils_config_16133468970841258159.prm
[INFO]:[05:01:51] CPLEX results. Gap: 42.790000, upper bound: -15.000000, lower bound: -21.418937
[INFO]:[05:01:51] CPLEX solver finished. Gap: 42.790000
[INFO]:[05:01:51] Local search phase completed.
[INFO]:[05:01:51] Total number of new local-search evaluations: 10
[INFO]:[05:01:51] Final incumbent objective value: 42.79
[INFO]:[05:01:54] Worker 18 completed exploration phase.
[INFO]:[05:01:54] Worker 18 received order for step 2.
[INFO]:[05:01:54] Worker 18 running expansion phase for iteration 6.
[INFO]:[05:01:54] Worker 18 will use solver log file: /scratch/yorig/mpils-results-grid-ticks-10000-7may/medium-2/24proc-2pils/seed-3/6_sorrell3_seed-3_20260510_045641/solver/cplex.log_iteration_expansion_6_worker_18
[INFO]:[05:01:54] Expansion Worker 18 starting expansion for iteration 6.
[INFO]:[05:01:54] Starting CPLEX solver on instance: /home/yorig/tuner/mpils-tests/instances/miplib/medium-2/sorrell3.mps with config: /scratch/yorig/mpils-results-grid-ticks-10000-7may/medium-2/24proc-2pils/seed-3/6_sorrell3_seed-3_20260510_045641/expansion/config_param_CPXPARAM_MIP_Limits_AggForCut_1_iter_6.prm
[INFO]:[05:02:00] CPLEX results. Gap: 32.800000, upper bound: -15.000000, lower bound: -19.919394
[INFO]:[05:02:00] CPLEX solver finished. Gap: 32.800000
[INFO]:[05:02:06] Expansion Worker 18 completed expansion.
[INFO]:[05:02:06] Worker 18 completed expansion phase.
[INFO]:[05:02:07] Worker 18 received order for step 1.
[INFO]:[05:02:07] Worker 18 running exploration phase for iteration 7.
[INFO]:[05:02:07] Worker 18 at iteration 7 will not use a MIP start file. Current best MIP-start upper bound threshold is 1.79769e+308.
[INFO]:[05:02:07] Starting local search phase...
[INFO]:[05:02:07] Creating local search space from parameter space file: /scratch/yorig/mpils-results-grid-ticks-10000-7may/medium-2/24proc-2pils/seed-3/6_sorrell3_seed-3_20260510_045641/iterated_local_search/search_space/search_space_file_7_worker_18.txt
[INFO]:[05:02:07] Local search space loaded from file: /scratch/yorig/mpils-results-grid-ticks-10000-7may/medium-2/24proc-2pils/seed-3/6_sorrell3_seed-3_20260510_045641/iterated_local_search/search_space/search_space_file_7_worker_18.txt
[INFO]:[05:02:07] Number of parameters in local search space: 71
[INFO]:[05:02:07] Number of forbidden tuples in local search space: 70
[INFO]:[05:02:07] Number of conditionals in local search space: 6
[INFO]:[05:02:07] MIP start option not enabled. Local search will proceed without MIP start.
[INFO]:[05:02:07] Starting CPLEX solver on instance: /home/yorig/tuner/mpils-tests/instances/miplib/medium-2/sorrell3.mps with config: /scratch/yorig/mpils-results-grid-ticks-10000-7may/medium-2/24proc-2pils/seed-3/6_sorrell3_seed-3_20260510_045641/iterated_local_search/run_7_worker_18/ils_config_2330873007088975023.prm
[INFO]:[05:02:07] Starting CPLEX solver on instance: /home/yorig/tuner/mpils-tests/instances/miplib/medium-2/sorrell3.mps with config: /scratch/yorig/mpils-results-grid-ticks-10000-7may/medium-2/24proc-2pils/seed-3/6_sorrell3_seed-3_20260510_045641/iterated_local_search/run_7_worker_18/ils_config_2330873007088975023.prm
[INFO]:[05:02:13] CPLEX results. Gap: 38.670000, upper bound: -15.000000, lower bound: -20.800598
[INFO]:[05:02:13] CPLEX solver finished. Gap: 38.670000
[INFO]:[05:02:13] Starting CPLEX solver on instance: /home/yorig/tuner/mpils-tests/instances/miplib/medium-2/sorrell3.mps with config: /scratch/yorig/mpils-results-grid-ticks-10000-7may/medium-2/24proc-2pils/seed-3/6_sorrell3_seed-3_20260510_045641/iterated_local_search/run_7_worker_18/ils_config_4137758491700706758.prm
[INFO]:[05:02:13] Starting CPLEX solver on instance: /home/yorig/tuner/mpils-tests/instances/miplib/medium-2/sorrell3.mps with config: /scratch/yorig/mpils-results-grid-ticks-10000-7may/medium-2/24proc-2pils/seed-3/6_sorrell3_seed-3_20260510_045641/iterated_local_search/run_7_worker_18/ils_config_4137758491700706758.prm
[INFO]:[05:02:19] CPLEX results. Gap: 38.670000, upper bound: -15.000000, lower bound: -20.800598
[INFO]:[05:02:19] CPLEX solver finished. Gap: 38.670000
[INFO]:[05:02:19] Starting CPLEX solver on instance: /home/yorig/tuner/mpils-tests/instances/miplib/medium-2/sorrell3.mps with config: /scratch/yorig/mpils-results-grid-ticks-10000-7may/medium-2/24proc-2pils/seed-3/6_sorrell3_seed-3_20260510_045641/iterated_local_search/run_7_worker_18/ils_config_4258563296694338859.prm
[INFO]:[05:02:19] Starting CPLEX solver on instance: /home/yorig/tuner/mpils-tests/instances/miplib/medium-2/sorrell3.mps with config: /scratch/yorig/mpils-results-grid-ticks-10000-7may/medium-2/24proc-2pils/seed-3/6_sorrell3_seed-3_20260510_045641/iterated_local_search/run_7_worker_18/ils_config_4258563296694338859.prm
[INFO]:[05:02:26] CPLEX results. Gap: 38.670000, upper bound: -15.000000, lower bound: -20.800598
[INFO]:[05:02:26] CPLEX solver finished. Gap: 38.670000
[INFO]:[05:02:26] Starting CPLEX solver on instance: /home/yorig/tuner/mpils-tests/instances/miplib/medium-2/sorrell3.mps with config: /scratch/yorig/mpils-results-grid-ticks-10000-7may/medium-2/24proc-2pils/seed-3/6_sorrell3_seed-3_20260510_045641/iterated_local_search/run_7_worker_18/ils_config_16308788305054033130.prm
[INFO]:[05:02:26] Starting CPLEX solver on instance: /home/yorig/tuner/mpils-tests/instances/miplib/medium-2/sorrell3.mps with config: /scratch/yorig/mpils-results-grid-ticks-10000-7may/medium-2/24proc-2pils/seed-3/6_sorrell3_seed-3_20260510_045641/iterated_local_search/run_7_worker_18/ils_config_16308788305054033130.prm
[INFO]:[05:02:32] CPLEX results. Gap: 42.960000, upper bound: -14.000000, lower bound: -20.014685
[INFO]:[05:02:32] CPLEX solver finished. Gap: 42.960000
[INFO]:[05:02:32] Starting CPLEX solver on instance: /home/yorig/tuner/mpils-tests/instances/miplib/medium-2/sorrell3.mps with config: /scratch/yorig/mpils-results-grid-ticks-10000-7may/medium-2/24proc-2pils/seed-3/6_sorrell3_seed-3_20260510_045641/iterated_local_search/run_7_worker_18/ils_config_9759488991988263610.prm
[INFO]:[05:02:32] Starting CPLEX solver on instance: /home/yorig/tuner/mpils-tests/instances/miplib/medium-2/sorrell3.mps with config: /scratch/yorig/mpils-results-grid-ticks-10000-7may/medium-2/24proc-2pils/seed-3/6_sorrell3_seed-3_20260510_045641/iterated_local_search/run_7_worker_18/ils_config_9759488991988263610.prm
[INFO]:[05:02:39] CPLEX results. Gap: 38.670000, upper bound: -15.000000, lower bound: -20.800598
[INFO]:[05:02:39] CPLEX solver finished. Gap: 38.670000
[INFO]:[05:02:39] Local search phase completed.
[INFO]:[05:02:39] Total number of new local-search evaluations: 10
[INFO]:[05:02:39] Final incumbent objective value: 38.67
[INFO]:[05:02:42] Worker 18 completed exploration phase.
[INFO]:[05:02:42] Worker 18 received order for step 2.
[INFO]:[05:02:42] Worker 18 running expansion phase for iteration 7.
[INFO]:[05:02:42] Worker 18 will use solver log file: /scratch/yorig/mpils-results-grid-ticks-10000-7may/medium-2/24proc-2pils/seed-3/6_sorrell3_seed-3_20260510_045641/solver/cplex.log_iteration_expansion_7_worker_18
[INFO]:[05:02:42] Expansion Worker 18 starting expansion for iteration 7.
[INFO]:[05:02:42] Starting CPLEX solver on instance: /home/yorig/tuner/mpils-tests/instances/miplib/medium-2/sorrell3.mps with config: /scratch/yorig/mpils-results-grid-ticks-10000-7may/medium-2/24proc-2pils/seed-3/6_sorrell3_seed-3_20260510_045641/expansion/config_param_CPXPARAM_MIP_OrderType_3_iter_7.prm
[INFO]:[05:02:49] CPLEX results. Gap: 32.800000, upper bound: -15.000000, lower bound: -19.919394
[INFO]:[05:02:49] CPLEX solver finished. Gap: 32.800000
[INFO]:[05:02:49] Expansion Worker 18 stopping early after global MPI expansion stop was activated.
[INFO]:[05:02:49] Expansion Worker 18 completed expansion.
[INFO]:[05:02:49] Worker 18 completed expansion phase.
[INFO]:[05:02:49] Worker 18 received order for step 1.
[INFO]:[05:02:49] Worker 18 running exploration phase for iteration 8.
[INFO]:[05:02:49] Worker 18 at iteration 8 will not use a MIP start file. Current best MIP-start upper bound threshold is 1.79769e+308.
[INFO]:[05:02:49] Starting local search phase...
[INFO]:[05:02:49] Creating local search space from parameter space file: /scratch/yorig/mpils-results-grid-ticks-10000-7may/medium-2/24proc-2pils/seed-3/6_sorrell3_seed-3_20260510_045641/iterated_local_search/search_space/search_space_file_8_worker_18.txt
[INFO]:[05:02:49] Local search space loaded from file: /scratch/yorig/mpils-results-grid-ticks-10000-7may/medium-2/24proc-2pils/seed-3/6_sorrell3_seed-3_20260510_045641/iterated_local_search/search_space/search_space_file_8_worker_18.txt
[INFO]:[05:02:49] Number of parameters in local search space: 71
[INFO]:[05:02:49] Number of forbidden tuples in local search space: 70
[INFO]:[05:02:49] Number of conditionals in local search space: 6
[INFO]:[05:02:49] MIP start option not enabled. Local search will proceed without MIP start.
[INFO]:[05:02:49] Starting CPLEX solver on instance: /home/yorig/tuner/mpils-tests/instances/miplib/medium-2/sorrell3.mps with config: /scratch/yorig/mpils-results-grid-ticks-10000-7may/medium-2/24proc-2pils/seed-3/6_sorrell3_seed-3_20260510_045641/iterated_local_search/run_8_worker_18/ils_config_10334022423708193950.prm
[INFO]:[05:02:49] Starting CPLEX solver on instance: /home/yorig/tuner/mpils-tests/instances/miplib/medium-2/sorrell3.mps with config: /scratch/yorig/mpils-results-grid-ticks-10000-7may/medium-2/24proc-2pils/seed-3/6_sorrell3_seed-3_20260510_045641/iterated_local_search/run_8_worker_18/ils_config_10334022423708193950.prm
[INFO]:[05:02:56] CPLEX results. Gap: 42.140000, upper bound: -15.000000, lower bound: -21.320270
[INFO]:[05:02:56] CPLEX solver finished. Gap: 42.140000
[INFO]:[05:02:56] New incumbent found with objective value: 29.37
[INFO]:[05:02:56] Starting CPLEX solver on instance: /home/yorig/tuner/mpils-tests/instances/miplib/medium-2/sorrell3.mps with config: /scratch/yorig/mpils-results-grid-ticks-10000-7may/medium-2/24proc-2pils/seed-3/6_sorrell3_seed-3_20260510_045641/iterated_local_search/run_8_worker_18/ils_config_11488679110158999226.prm
[INFO]:[05:02:56] Starting CPLEX solver on instance: /home/yorig/tuner/mpils-tests/instances/miplib/medium-2/sorrell3.mps with config: /scratch/yorig/mpils-results-grid-ticks-10000-7may/medium-2/24proc-2pils/seed-3/6_sorrell3_seed-3_20260510_045641/iterated_local_search/run_8_worker_18/ils_config_11488679110158999226.prm
[INFO]:[05:03:02] CPLEX results. Gap: 29.370000, upper bound: -16.000000, lower bound: -20.698586
[INFO]:[05:03:02] CPLEX solver finished. Gap: 29.370000
[INFO]:[05:03:02] Starting CPLEX solver on instance: /home/yorig/tuner/mpils-tests/instances/miplib/medium-2/sorrell3.mps with config: /scratch/yorig/mpils-results-grid-ticks-10000-7may/medium-2/24proc-2pils/seed-3/6_sorrell3_seed-3_20260510_045641/iterated_local_search/run_8_worker_18/ils_config_3296497960808272748.prm
[INFO]:[05:03:02] Starting CPLEX solver on instance: /home/yorig/tuner/mpils-tests/instances/miplib/medium-2/sorrell3.mps with config: /scratch/yorig/mpils-results-grid-ticks-10000-7may/medium-2/24proc-2pils/seed-3/6_sorrell3_seed-3_20260510_045641/iterated_local_search/run_8_worker_18/ils_config_3296497960808272748.prm
[INFO]:[05:03:08] CPLEX results. Gap: 29.370000, upper bound: -16.000000, lower bound: -20.698586
[INFO]:[05:03:08] CPLEX solver finished. Gap: 29.370000
[INFO]:[05:03:08] Starting CPLEX solver on instance: /home/yorig/tuner/mpils-tests/instances/miplib/medium-2/sorrell3.mps with config: /scratch/yorig/mpils-results-grid-ticks-10000-7may/medium-2/24proc-2pils/seed-3/6_sorrell3_seed-3_20260510_045641/iterated_local_search/run_8_worker_18/ils_config_10822830175941675917.prm
[INFO]:[05:03:08] Starting CPLEX solver on instance: /home/yorig/tuner/mpils-tests/instances/miplib/medium-2/sorrell3.mps with config: /scratch/yorig/mpils-results-grid-ticks-10000-7may/medium-2/24proc-2pils/seed-3/6_sorrell3_seed-3_20260510_045641/iterated_local_search/run_8_worker_18/ils_config_10822830175941675917.prm
[INFO]:[05:03:14] CPLEX results. Gap: 29.370000, upper bound: -16.000000, lower bound: -20.698586
[INFO]:[05:03:14] CPLEX solver finished. Gap: 29.370000
[INFO]:[05:03:14] Starting CPLEX solver on instance: /home/yorig/tuner/mpils-tests/instances/miplib/medium-2/sorrell3.mps with config: /scratch/yorig/mpils-results-grid-ticks-10000-7may/medium-2/24proc-2pils/seed-3/6_sorrell3_seed-3_20260510_045641/iterated_local_search/run_8_worker_18/ils_config_8130040651296371121.prm
[INFO]:[05:03:14] Starting CPLEX solver on instance: /home/yorig/tuner/mpils-tests/instances/miplib/medium-2/sorrell3.mps with config: /scratch/yorig/mpils-results-grid-ticks-10000-7may/medium-2/24proc-2pils/seed-3/6_sorrell3_seed-3_20260510_045641/iterated_local_search/run_8_worker_18/ils_config_8130040651296371121.prm
[INFO]:[05:03:20] CPLEX results. Gap: 29.370000, upper bound: -16.000000, lower bound: -20.698586
[INFO]:[05:03:20] CPLEX solver finished. Gap: 29.370000
[INFO]:[05:03:20] Starting CPLEX solver on instance: /home/yorig/tuner/mpils-tests/instances/miplib/medium-2/sorrell3.mps with config: /scratch/yorig/mpils-results-grid-ticks-10000-7may/medium-2/24proc-2pils/seed-3/6_sorrell3_seed-3_20260510_045641/iterated_local_search/run_8_worker_18/ils_config_16746379671561843608.prm
[INFO]:[05:03:20] Starting CPLEX solver on instance: /home/yorig/tuner/mpils-tests/instances/miplib/medium-2/sorrell3.mps with config: /scratch/yorig/mpils-results-grid-ticks-10000-7may/medium-2/24proc-2pils/seed-3/6_sorrell3_seed-3_20260510_045641/iterated_local_search/run_8_worker_18/ils_config_16746379671561843608.prm
[INFO]:[05:03:26] CPLEX results. Gap: 29.370000, upper bound: -16.000000, lower bound: -20.698586
[INFO]:[05:03:26] CPLEX solver finished. Gap: 29.370000
[INFO]:[05:03:26] Starting CPLEX solver on instance: /home/yorig/tuner/mpils-tests/instances/miplib/medium-2/sorrell3.mps with config: /scratch/yorig/mpils-results-grid-ticks-10000-7may/medium-2/24proc-2pils/seed-3/6_sorrell3_seed-3_20260510_045641/iterated_local_search/run_8_worker_18/ils_config_7832205792405902844.prm
[INFO]:[05:03:26] Starting CPLEX solver on instance: /home/yorig/tuner/mpils-tests/instances/miplib/medium-2/sorrell3.mps with config: /scratch/yorig/mpils-results-grid-ticks-10000-7may/medium-2/24proc-2pils/seed-3/6_sorrell3_seed-3_20260510_045641/iterated_local_search/run_8_worker_18/ils_config_7832205792405902844.prm
[INFO]:[05:03:32] CPLEX results. Gap: 29.370000, upper bound: -16.000000, lower bound: -20.698586
[INFO]:[05:03:32] CPLEX solver finished. Gap: 29.370000
[INFO]:[05:03:32] Starting CPLEX solver on instance: /home/yorig/tuner/mpils-tests/instances/miplib/medium-2/sorrell3.mps with config: /scratch/yorig/mpils-results-grid-ticks-10000-7may/medium-2/24proc-2pils/seed-3/6_sorrell3_seed-3_20260510_045641/iterated_local_search/run_8_worker_18/ils_config_8082000840300699395.prm
[INFO]:[05:03:32] Starting CPLEX solver on instance: /home/yorig/tuner/mpils-tests/instances/miplib/medium-2/sorrell3.mps with config: /scratch/yorig/mpils-results-grid-ticks-10000-7may/medium-2/24proc-2pils/seed-3/6_sorrell3_seed-3_20260510_045641/iterated_local_search/run_8_worker_18/ils_config_8082000840300699395.prm
[INFO]:[05:03:38] CPLEX results. Gap: 29.370000, upper bound: -16.000000, lower bound: -20.698586
[INFO]:[05:03:38] CPLEX solver finished. Gap: 29.370000
[INFO]:[05:03:38] Starting CPLEX solver on instance: /home/yorig/tuner/mpils-tests/instances/miplib/medium-2/sorrell3.mps with config: /scratch/yorig/mpils-results-grid-ticks-10000-7may/medium-2/24proc-2pils/seed-3/6_sorrell3_seed-3_20260510_045641/iterated_local_search/run_8_worker_18/ils_config_111272135140277592.prm
[INFO]:[05:03:38] Starting CPLEX solver on instance: /home/yorig/tuner/mpils-tests/instances/miplib/medium-2/sorrell3.mps with config: /scratch/yorig/mpils-results-grid-ticks-10000-7may/medium-2/24proc-2pils/seed-3/6_sorrell3_seed-3_20260510_045641/iterated_local_search/run_8_worker_18/ils_config_111272135140277592.prm
[INFO]:[05:03:44] CPLEX results. Gap: 29.370000, upper bound: -16.000000, lower bound: -20.698586
[INFO]:[05:03:44] CPLEX solver finished. Gap: 29.370000
[INFO]:[05:03:44] Starting CPLEX solver on instance: /home/yorig/tuner/mpils-tests/instances/miplib/medium-2/sorrell3.mps with config: /scratch/yorig/mpils-results-grid-ticks-10000-7may/medium-2/24proc-2pils/seed-3/6_sorrell3_seed-3_20260510_045641/iterated_local_search/run_8_worker_18/ils_config_14070446018560511690.prm
[INFO]:[05:03:44] Starting CPLEX solver on instance: /home/yorig/tuner/mpils-tests/instances/miplib/medium-2/sorrell3.mps with config: /scratch/yorig/mpils-results-grid-ticks-10000-7may/medium-2/24proc-2pils/seed-3/6_sorrell3_seed-3_20260510_045641/iterated_local_search/run_8_worker_18/ils_config_14070446018560511690.prm
[INFO]:[05:03:50] CPLEX results. Gap: 29.370000, upper bound: -16.000000, lower bound: -20.698586
[INFO]:[05:03:50] CPLEX solver finished. Gap: 29.370000
[INFO]:[05:03:50] Starting CPLEX solver on instance: /home/yorig/tuner/mpils-tests/instances/miplib/medium-2/sorrell3.mps with config: /scratch/yorig/mpils-results-grid-ticks-10000-7may/medium-2/24proc-2pils/seed-3/6_sorrell3_seed-3_20260510_045641/iterated_local_search/run_8_worker_18/ils_config_10338086240329760852.prm
[INFO]:[05:03:50] Starting CPLEX solver on instance: /home/yorig/tuner/mpils-tests/instances/miplib/medium-2/sorrell3.mps with config: /scratch/yorig/mpils-results-grid-ticks-10000-7may/medium-2/24proc-2pils/seed-3/6_sorrell3_seed-3_20260510_045641/iterated_local_search/run_8_worker_18/ils_config_10338086240329760852.prm
[INFO]:[05:03:56] CPLEX results. Gap: 29.370000, upper bound: -16.000000, lower bound: -20.698586
[INFO]:[05:03:56] CPLEX solver finished. Gap: 29.370000
[INFO]:[05:03:56] Starting CPLEX solver on instance: /home/yorig/tuner/mpils-tests/instances/miplib/medium-2/sorrell3.mps with config: /scratch/yorig/mpils-results-grid-ticks-10000-7may/medium-2/24proc-2pils/seed-3/6_sorrell3_seed-3_20260510_045641/iterated_local_search/run_8_worker_18/ils_config_3728326901050496351.prm
[INFO]:[05:03:56] Starting CPLEX solver on instance: /home/yorig/tuner/mpils-tests/instances/miplib/medium-2/sorrell3.mps with config: /scratch/yorig/mpils-results-grid-ticks-10000-7may/medium-2/24proc-2pils/seed-3/6_sorrell3_seed-3_20260510_045641/iterated_local_search/run_8_worker_18/ils_config_3728326901050496351.prm
[INFO]:[05:04:02] CPLEX results. Gap: 29.370000, upper bound: -16.000000, lower bound: -20.698586
[INFO]:[05:04:02] CPLEX solver finished. Gap: 29.370000
[INFO]:[05:04:02] Starting CPLEX solver on instance: /home/yorig/tuner/mpils-tests/instances/miplib/medium-2/sorrell3.mps with config: /scratch/yorig/mpils-results-grid-ticks-10000-7may/medium-2/24proc-2pils/seed-3/6_sorrell3_seed-3_20260510_045641/iterated_local_search/run_8_worker_18/ils_config_8054903087355677987.prm
[INFO]:[05:04:02] Starting CPLEX solver on instance: /home/yorig/tuner/mpils-tests/instances/miplib/medium-2/sorrell3.mps with config: /scratch/yorig/mpils-results-grid-ticks-10000-7may/medium-2/24proc-2pils/seed-3/6_sorrell3_seed-3_20260510_045641/iterated_local_search/run_8_worker_18/ils_config_8054903087355677987.prm
[INFO]:[05:04:08] CPLEX results. Gap: 29.370000, upper bound: -16.000000, lower bound: -20.698586
[INFO]:[05:04:08] CPLEX solver finished. Gap: 29.370000
[INFO]:[05:04:08] Starting CPLEX solver on instance: /home/yorig/tuner/mpils-tests/instances/miplib/medium-2/sorrell3.mps with config: /scratch/yorig/mpils-results-grid-ticks-10000-7may/medium-2/24proc-2pils/seed-3/6_sorrell3_seed-3_20260510_045641/iterated_local_search/run_8_worker_18/ils_config_9798423286073066391.prm
[INFO]:[05:04:08] Starting CPLEX solver on instance: /home/yorig/tuner/mpils-tests/instances/miplib/medium-2/sorrell3.mps with config: /scratch/yorig/mpils-results-grid-ticks-10000-7may/medium-2/24proc-2pils/seed-3/6_sorrell3_seed-3_20260510_045641/iterated_local_search/run_8_worker_18/ils_config_9798423286073066391.prm
[INFO]:[05:04:14] CPLEX results. Gap: 29.370000, upper bound: -16.000000, lower bound: -20.698586
[INFO]:[05:04:14] CPLEX solver finished. Gap: 29.370000
[INFO]:[05:04:14] Starting CPLEX solver on instance: /home/yorig/tuner/mpils-tests/instances/miplib/medium-2/sorrell3.mps with config: /scratch/yorig/mpils-results-grid-ticks-10000-7may/medium-2/24proc-2pils/seed-3/6_sorrell3_seed-3_20260510_045641/iterated_local_search/run_8_worker_18/ils_config_13000838110330649343.prm
[INFO]:[05:04:14] Starting CPLEX solver on instance: /home/yorig/tuner/mpils-tests/instances/miplib/medium-2/sorrell3.mps with config: /scratch/yorig/mpils-results-grid-ticks-10000-7may/medium-2/24proc-2pils/seed-3/6_sorrell3_seed-3_20260510_045641/iterated_local_search/run_8_worker_18/ils_config_13000838110330649343.prm
[INFO]:[05:04:20] CPLEX results. Gap: 29.370000, upper bound: -16.000000, lower bound: -20.698586
[INFO]:[05:04:20] CPLEX solver finished. Gap: 29.370000
[INFO]:[05:04:20] Local search phase completed.
[INFO]:[05:04:20] Total number of new local-search evaluations: 30
[INFO]:[05:04:20] Final incumbent objective value: 29.37
[INFO]:[05:04:40] Worker 18 completed exploration phase.
[INFO]:[05:04:40] Worker 18 received order for step 2.
[INFO]:[05:04:40] Worker 18 running expansion phase for iteration 8.
[INFO]:[05:04:40] Worker 18 will use solver log file: /scratch/yorig/mpils-results-grid-ticks-10000-7may/medium-2/24proc-2pils/seed-3/6_sorrell3_seed-3_20260510_045641/solver/cplex.log_iteration_expansion_8_worker_18
[INFO]:[05:04:40] Expansion Worker 18 starting expansion for iteration 8.
[INFO]:[05:04:40] Starting CPLEX solver on instance: /home/yorig/tuner/mpils-tests/instances/miplib/medium-2/sorrell3.mps with config: /scratch/yorig/mpils-results-grid-ticks-10000-7may/medium-2/24proc-2pils/seed-3/6_sorrell3_seed-3_20260510_045641/expansion/config_param_CPXPARAM_Preprocessing_RepeatPresolve_1_iter_8.prm
[INFO]:[05:04:46] CPLEX results. Gap: 29.420000, upper bound: -16.000000, lower bound: -20.707979
[INFO]:[05:04:46] CPLEX solver finished. Gap: 29.420000
[INFO]:[05:04:53] Expansion Worker 18 completed expansion.
[INFO]:[05:04:53] Worker 18 completed expansion phase.
[INFO]:[05:04:54] Worker 18 received order for step 1.
[INFO]:[05:04:54] Worker 18 running exploration phase for iteration 9.
[INFO]:[05:04:54] Worker 18 at iteration 9 will not use a MIP start file. Current best MIP-start upper bound threshold is 1.79769e+308.
[INFO]:[05:04:54] Starting local search phase...
[INFO]:[05:04:54] Creating local search space from parameter space file: /scratch/yorig/mpils-results-grid-ticks-10000-7may/medium-2/24proc-2pils/seed-3/6_sorrell3_seed-3_20260510_045641/iterated_local_search/search_space/search_space_file_9_worker_18.txt
[INFO]:[05:04:54] Local search space loaded from file: /scratch/yorig/mpils-results-grid-ticks-10000-7may/medium-2/24proc-2pils/seed-3/6_sorrell3_seed-3_20260510_045641/iterated_local_search/search_space/search_space_file_9_worker_18.txt
[INFO]:[05:04:54] Number of parameters in local search space: 71
[INFO]:[05:04:54] Number of forbidden tuples in local search space: 71
[INFO]:[05:04:54] Number of conditionals in local search space: 6
[INFO]:[05:04:54] MIP start option not enabled. Local search will proceed without MIP start.
[INFO]:[05:04:54] Starting CPLEX solver on instance: /home/yorig/tuner/mpils-tests/instances/miplib/medium-2/sorrell3.mps with config: /scratch/yorig/mpils-results-grid-ticks-10000-7may/medium-2/24proc-2pils/seed-3/6_sorrell3_seed-3_20260510_045641/iterated_local_search/run_9_worker_18/ils_config_1020724108516445680.prm
[INFO]:[05:04:54] Starting CPLEX solver on instance: /home/yorig/tuner/mpils-tests/instances/miplib/medium-2/sorrell3.mps with config: /scratch/yorig/mpils-results-grid-ticks-10000-7may/medium-2/24proc-2pils/seed-3/6_sorrell3_seed-3_20260510_045641/iterated_local_search/run_9_worker_18/ils_config_1020724108516445680.prm
[INFO]:[05:05:03] CPLEX results. Gap: 42.850000, upper bound: -15.000000, lower bound: -21.428095
[INFO]:[05:05:03] CPLEX solver finished. Gap: 42.850000
[INFO]:[05:05:03] New incumbent found with objective value: 42.65
[INFO]:[05:05:03] Starting CPLEX solver on instance: /home/yorig/tuner/mpils-tests/instances/miplib/medium-2/sorrell3.mps with config: /scratch/yorig/mpils-results-grid-ticks-10000-7may/medium-2/24proc-2pils/seed-3/6_sorrell3_seed-3_20260510_045641/iterated_local_search/run_9_worker_18/ils_config_17597203905483440964.prm
[INFO]:[05:05:03] Starting CPLEX solver on instance: /home/yorig/tuner/mpils-tests/instances/miplib/medium-2/sorrell3.mps with config: /scratch/yorig/mpils-results-grid-ticks-10000-7may/medium-2/24proc-2pils/seed-3/6_sorrell3_seed-3_20260510_045641/iterated_local_search/run_9_worker_18/ils_config_17597203905483440964.prm
[INFO]:[05:05:09] CPLEX results. Gap: 42.650000, upper bound: -15.000000, lower bound: -21.396875
[INFO]:[05:05:09] CPLEX solver finished. Gap: 42.650000
[INFO]:[05:05:09] Starting CPLEX solver on instance: /home/yorig/tuner/mpils-tests/instances/miplib/medium-2/sorrell3.mps with config: /scratch/yorig/mpils-results-grid-ticks-10000-7may/medium-2/24proc-2pils/seed-3/6_sorrell3_seed-3_20260510_045641/iterated_local_search/run_9_worker_18/ils_config_13546626345034870457.prm
[INFO]:[05:05:09] Starting CPLEX solver on instance: /home/yorig/tuner/mpils-tests/instances/miplib/medium-2/sorrell3.mps with config: /scratch/yorig/mpils-results-grid-ticks-10000-7may/medium-2/24proc-2pils/seed-3/6_sorrell3_seed-3_20260510_045641/iterated_local_search/run_9_worker_18/ils_config_13546626345034870457.prm
[INFO]:[05:05:16] CPLEX results. Gap: 42.650000, upper bound: -15.000000, lower bound: -21.396875
[INFO]:[05:05:16] CPLEX solver finished. Gap: 42.650000
[INFO]:[05:05:16] Starting CPLEX solver on instance: /home/yorig/tuner/mpils-tests/instances/miplib/medium-2/sorrell3.mps with config: /scratch/yorig/mpils-results-grid-ticks-10000-7may/medium-2/24proc-2pils/seed-3/6_sorrell3_seed-3_20260510_045641/iterated_local_search/run_9_worker_18/ils_config_11229467844711352003.prm
[INFO]:[05:05:16] Starting CPLEX solver on instance: /home/yorig/tuner/mpils-tests/instances/miplib/medium-2/sorrell3.mps with config: /scratch/yorig/mpils-results-grid-ticks-10000-7may/medium-2/24proc-2pils/seed-3/6_sorrell3_seed-3_20260510_045641/iterated_local_search/run_9_worker_18/ils_config_11229467844711352003.prm
[INFO]:[05:05:22] CPLEX results. Gap: 42.650000, upper bound: -15.000000, lower bound: -21.396875
[INFO]:[05:05:22] CPLEX solver finished. Gap: 42.650000
[INFO]:[05:05:22] Starting CPLEX solver on instance: /home/yorig/tuner/mpils-tests/instances/miplib/medium-2/sorrell3.mps with config: /scratch/yorig/mpils-results-grid-ticks-10000-7may/medium-2/24proc-2pils/seed-3/6_sorrell3_seed-3_20260510_045641/iterated_local_search/run_9_worker_18/ils_config_6056482765441274580.prm
[INFO]:[05:05:22] Starting CPLEX solver on instance: /home/yorig/tuner/mpils-tests/instances/miplib/medium-2/sorrell3.mps with config: /scratch/yorig/mpils-results-grid-ticks-10000-7may/medium-2/24proc-2pils/seed-3/6_sorrell3_seed-3_20260510_045641/iterated_local_search/run_9_worker_18/ils_config_6056482765441274580.prm
[INFO]:[05:05:29] CPLEX results. Gap: 42.650000, upper bound: -15.000000, lower bound: -21.396875
[INFO]:[05:05:29] CPLEX solver finished. Gap: 42.650000
[INFO]:[05:05:29] Starting CPLEX solver on instance: /home/yorig/tuner/mpils-tests/instances/miplib/medium-2/sorrell3.mps with config: /scratch/yorig/mpils-results-grid-ticks-10000-7may/medium-2/24proc-2pils/seed-3/6_sorrell3_seed-3_20260510_045641/iterated_local_search/run_9_worker_18/ils_config_9182167951675326915.prm
[INFO]:[05:05:29] Starting CPLEX solver on instance: /home/yorig/tuner/mpils-tests/instances/miplib/medium-2/sorrell3.mps with config: /scratch/yorig/mpils-results-grid-ticks-10000-7may/medium-2/24proc-2pils/seed-3/6_sorrell3_seed-3_20260510_045641/iterated_local_search/run_9_worker_18/ils_config_9182167951675326915.prm
[INFO]:[05:05:35] CPLEX results. Gap: 52.880000, upper bound: -14.000000, lower bound: -21.403337
[INFO]:[05:05:35] CPLEX solver finished. Gap: 52.880000
[INFO]:[05:05:35] Starting CPLEX solver on instance: /home/yorig/tuner/mpils-tests/instances/miplib/medium-2/sorrell3.mps with config: /scratch/yorig/mpils-results-grid-ticks-10000-7may/medium-2/24proc-2pils/seed-3/6_sorrell3_seed-3_20260510_045641/iterated_local_search/run_9_worker_18/ils_config_913537808031790489.prm
[INFO]:[05:05:35] Starting CPLEX solver on instance: /home/yorig/tuner/mpils-tests/instances/miplib/medium-2/sorrell3.mps with config: /scratch/yorig/mpils-results-grid-ticks-10000-7may/medium-2/24proc-2pils/seed-3/6_sorrell3_seed-3_20260510_045641/iterated_local_search/run_9_worker_18/ils_config_913537808031790489.prm
[INFO]:[05:05:42] CPLEX results. Gap: 42.650000, upper bound: -15.000000, lower bound: -21.396875
[INFO]:[05:05:42] CPLEX solver finished. Gap: 42.650000
[INFO]:[05:05:42] Starting CPLEX solver on instance: /home/yorig/tuner/mpils-tests/instances/miplib/medium-2/sorrell3.mps with config: /scratch/yorig/mpils-results-grid-ticks-10000-7may/medium-2/24proc-2pils/seed-3/6_sorrell3_seed-3_20260510_045641/iterated_local_search/run_9_worker_18/ils_config_5484153791401752868.prm
[INFO]:[05:05:42] Starting CPLEX solver on instance: /home/yorig/tuner/mpils-tests/instances/miplib/medium-2/sorrell3.mps with config: /scratch/yorig/mpils-results-grid-ticks-10000-7may/medium-2/24proc-2pils/seed-3/6_sorrell3_seed-3_20260510_045641/iterated_local_search/run_9_worker_18/ils_config_5484153791401752868.prm
[INFO]:[05:05:48] CPLEX results. Gap: 42.650000, upper bound: -15.000000, lower bound: -21.396875
[INFO]:[05:05:48] CPLEX solver finished. Gap: 42.650000
[INFO]:[05:05:48] Starting CPLEX solver on instance: /home/yorig/tuner/mpils-tests/instances/miplib/medium-2/sorrell3.mps with config: /scratch/yorig/mpils-results-grid-ticks-10000-7may/medium-2/24proc-2pils/seed-3/6_sorrell3_seed-3_20260510_045641/iterated_local_search/run_9_worker_18/ils_config_17584263471353448692.prm
[INFO]:[05:05:48] Starting CPLEX solver on instance: /home/yorig/tuner/mpils-tests/instances/miplib/medium-2/sorrell3.mps with config: /scratch/yorig/mpils-results-grid-ticks-10000-7may/medium-2/24proc-2pils/seed-3/6_sorrell3_seed-3_20260510_045641/iterated_local_search/run_9_worker_18/ils_config_17584263471353448692.prm
[INFO]:[05:05:55] CPLEX results. Gap: 42.650000, upper bound: -15.000000, lower bound: -21.396875
[INFO]:[05:05:55] CPLEX solver finished. Gap: 42.650000
[INFO]:[05:05:55] Local search phase completed.
[INFO]:[05:05:55] Total number of new local-search evaluations: 18
[INFO]:[05:05:55] Final incumbent objective value: 42.65
[INFO]:[05:14:06] Worker 18 completed exploration phase.
[INFO]:[05:14:06] Worker 18 received order for step 2.
[INFO]:[05:14:06] Worker 18 running expansion phase for iteration 9.
[INFO]:[05:14:06] Worker 18 will use solver log file: /scratch/yorig/mpils-results-grid-ticks-10000-7may/medium-2/24proc-2pils/seed-3/6_sorrell3_seed-3_20260510_045641/solver/cplex.log_iteration_expansion_9_worker_18
[INFO]:[05:14:06] Expansion Worker 18 starting expansion for iteration 9.
[INFO]:[05:14:13] Expansion Worker 18 completed expansion.
[INFO]:[05:14:13] Worker 18 completed expansion phase.
[INFO]:[05:14:14] Worker 18 received order for step 1.
[INFO]:[05:14:14] Worker 18 running exploration phase for iteration 10.
[INFO]:[05:14:14] Worker 18 at iteration 10 will not use a MIP start file. Current best MIP-start upper bound threshold is 1.79769e+308.
[INFO]:[05:14:14] Starting local search phase...
[INFO]:[05:14:14] Creating local search space from parameter space file: /scratch/yorig/mpils-results-grid-ticks-10000-7may/medium-2/24proc-2pils/seed-3/6_sorrell3_seed-3_20260510_045641/iterated_local_search/search_space/search_space_file_10_worker_18.txt
[INFO]:[05:14:14] Local search space loaded from file: /scratch/yorig/mpils-results-grid-ticks-10000-7may/medium-2/24proc-2pils/seed-3/6_sorrell3_seed-3_20260510_045641/iterated_local_search/search_space/search_space_file_10_worker_18.txt
[INFO]:[05:14:14] Number of parameters in local search space: 71
[INFO]:[05:14:14] Number of forbidden tuples in local search space: 70
[INFO]:[05:14:14] Number of conditionals in local search space: 6
[INFO]:[05:14:14] MIP start option not enabled. Local search will proceed without MIP start.
[INFO]:[05:14:14] Starting CPLEX solver on instance: /home/yorig/tuner/mpils-tests/instances/miplib/medium-2/sorrell3.mps with config: /scratch/yorig/mpils-results-grid-ticks-10000-7may/medium-2/24proc-2pils/seed-3/6_sorrell3_seed-3_20260510_045641/iterated_local_search/run_10_worker_18/ils_config_6535454550820476712.prm
[INFO]:[05:14:14] Starting CPLEX solver on instance: /home/yorig/tuner/mpils-tests/instances/miplib/medium-2/sorrell3.mps with config: /scratch/yorig/mpils-results-grid-ticks-10000-7may/medium-2/24proc-2pils/seed-3/6_sorrell3_seed-3_20260510_045641/iterated_local_search/run_10_worker_18/ils_config_6535454550820476712.prm
[INFO]:[05:14:17] CPLEX results. Gap: 3838.460000, upper bound: -13.000000, lower bound: -512.000000
[INFO]:[05:14:17] CPLEX solver finished. Gap: 3838.460000
[INFO]:[05:14:21] New incumbent found with objective value: 3300
[INFO]:[05:14:21] Starting CPLEX solver on instance: /home/yorig/tuner/mpils-tests/instances/miplib/medium-2/sorrell3.mps with config: /scratch/yorig/mpils-results-grid-ticks-10000-7may/medium-2/24proc-2pils/seed-3/6_sorrell3_seed-3_20260510_045641/iterated_local_search/run_10_worker_18/ils_config_7538383414036837673.prm
[INFO]:[05:14:21] Starting CPLEX solver on instance: /home/yorig/tuner/mpils-tests/instances/miplib/medium-2/sorrell3.mps with config: /scratch/yorig/mpils-results-grid-ticks-10000-7may/medium-2/24proc-2pils/seed-3/6_sorrell3_seed-3_20260510_045641/iterated_local_search/run_10_worker_18/ils_config_7538383414036837673.prm
[INFO]:[05:14:28] CPLEX results. Gap: 3300.000000, upper bound: -15.000000, lower bound: -510.000000
[INFO]:[05:14:28] CPLEX solver finished. Gap: 3300.000000
[INFO]:[05:14:28] Starting CPLEX solver on instance: /home/yorig/tuner/mpils-tests/instances/miplib/medium-2/sorrell3.mps with config: /scratch/yorig/mpils-results-grid-ticks-10000-7may/medium-2/24proc-2pils/seed-3/6_sorrell3_seed-3_20260510_045641/iterated_local_search/run_10_worker_18/ils_config_916686243475920675.prm
[INFO]:[05:14:28] Starting CPLEX solver on instance: /home/yorig/tuner/mpils-tests/instances/miplib/medium-2/sorrell3.mps with config: /scratch/yorig/mpils-results-grid-ticks-10000-7may/medium-2/24proc-2pils/seed-3/6_sorrell3_seed-3_20260510_045641/iterated_local_search/run_10_worker_18/ils_config_916686243475920675.prm
[INFO]:[05:14:35] CPLEX results. Gap: 3300.000000, upper bound: -15.000000, lower bound: -510.000000
[INFO]:[05:14:35] CPLEX solver finished. Gap: 3300.000000
[INFO]:[05:14:35] Starting CPLEX solver on instance: /home/yorig/tuner/mpils-tests/instances/miplib/medium-2/sorrell3.mps with config: /scratch/yorig/mpils-results-grid-ticks-10000-7may/medium-2/24proc-2pils/seed-3/6_sorrell3_seed-3_20260510_045641/iterated_local_search/run_10_worker_18/ils_config_7365370305069044032.prm
[INFO]:[05:14:35] Starting CPLEX solver on instance: /home/yorig/tuner/mpils-tests/instances/miplib/medium-2/sorrell3.mps with config: /scratch/yorig/mpils-results-grid-ticks-10000-7may/medium-2/24proc-2pils/seed-3/6_sorrell3_seed-3_20260510_045641/iterated_local_search/run_10_worker_18/ils_config_7365370305069044032.prm
[INFO]:[05:14:45] CPLEX results. Gap: 3313.330000, upper bound: -15.000000, lower bound: -512.000000
[INFO]:[05:14:45] CPLEX solver finished. Gap: 3313.330000
[INFO]:[05:14:45] Starting CPLEX solver on instance: /home/yorig/tuner/mpils-tests/instances/miplib/medium-2/sorrell3.mps with config: /scratch/yorig/mpils-results-grid-ticks-10000-7may/medium-2/24proc-2pils/seed-3/6_sorrell3_seed-3_20260510_045641/iterated_local_search/run_10_worker_18/ils_config_5692213350449130960.prm
[INFO]:[05:14:45] Starting CPLEX solver on instance: /home/yorig/tuner/mpils-tests/instances/miplib/medium-2/sorrell3.mps with config: /scratch/yorig/mpils-results-grid-ticks-10000-7may/medium-2/24proc-2pils/seed-3/6_sorrell3_seed-3_20260510_045641/iterated_local_search/run_10_worker_18/ils_config_5692213350449130960.prm
[INFO]:[05:14:52] CPLEX results. Gap: 3300.000000, upper bound: -15.000000, lower bound: -510.000000
[INFO]:[05:14:52] CPLEX solver finished. Gap: 3300.000000
[INFO]:[05:14:52] New incumbent found with objective value: 42.56
[INFO]:[05:14:52] Starting CPLEX solver on instance: /home/yorig/tuner/mpils-tests/instances/miplib/medium-2/sorrell3.mps with config: /scratch/yorig/mpils-results-grid-ticks-10000-7may/medium-2/24proc-2pils/seed-3/6_sorrell3_seed-3_20260510_045641/iterated_local_search/run_10_worker_18/ils_config_17977748549768151959.prm
[INFO]:[05:14:52] Starting CPLEX solver on instance: /home/yorig/tuner/mpils-tests/instances/miplib/medium-2/sorrell3.mps with config: /scratch/yorig/mpils-results-grid-ticks-10000-7may/medium-2/24proc-2pils/seed-3/6_sorrell3_seed-3_20260510_045641/iterated_local_search/run_10_worker_18/ils_config_17977748549768151959.prm
[INFO]:[05:14:58] CPLEX results. Gap: 33.220000, upper bound: -15.000000, lower bound: -19.982301
[INFO]:[05:14:58] CPLEX solver finished. Gap: 33.220000
[INFO]:[05:14:58] New incumbent found with objective value: 33.22
[INFO]:[05:14:58] Starting CPLEX solver on instance: /home/yorig/tuner/mpils-tests/instances/miplib/medium-2/sorrell3.mps with config: /scratch/yorig/mpils-results-grid-ticks-10000-7may/medium-2/24proc-2pils/seed-3/6_sorrell3_seed-3_20260510_045641/iterated_local_search/run_10_worker_18/ils_config_457579846867832355.prm
[INFO]:[05:14:58] Starting CPLEX solver on instance: /home/yorig/tuner/mpils-tests/instances/miplib/medium-2/sorrell3.mps with config: /scratch/yorig/mpils-results-grid-ticks-10000-7may/medium-2/24proc-2pils/seed-3/6_sorrell3_seed-3_20260510_045641/iterated_local_search/run_10_worker_18/ils_config_457579846867832355.prm
[INFO]:[05:15:05] CPLEX results. Gap: 33.220000, upper bound: -15.000000, lower bound: -19.982301
[INFO]:[05:15:05] CPLEX solver finished. Gap: 33.220000
[INFO]:[05:15:05] Starting CPLEX solver on instance: /home/yorig/tuner/mpils-tests/instances/miplib/medium-2/sorrell3.mps with config: /scratch/yorig/mpils-results-grid-ticks-10000-7may/medium-2/24proc-2pils/seed-3/6_sorrell3_seed-3_20260510_045641/iterated_local_search/run_10_worker_18/ils_config_16678487297022760330.prm
[INFO]:[05:15:05] Starting CPLEX solver on instance: /home/yorig/tuner/mpils-tests/instances/miplib/medium-2/sorrell3.mps with config: /scratch/yorig/mpils-results-grid-ticks-10000-7may/medium-2/24proc-2pils/seed-3/6_sorrell3_seed-3_20260510_045641/iterated_local_search/run_10_worker_18/ils_config_16678487297022760330.prm
[INFO]:[05:15:11] CPLEX results. Gap: 33.220000, upper bound: -15.000000, lower bound: -19.982301
[INFO]:[05:15:11] CPLEX solver finished. Gap: 33.220000
[INFO]:[05:15:11] Starting CPLEX solver on instance: /home/yorig/tuner/mpils-tests/instances/miplib/medium-2/sorrell3.mps with config: /scratch/yorig/mpils-results-grid-ticks-10000-7may/medium-2/24proc-2pils/seed-3/6_sorrell3_seed-3_20260510_045641/iterated_local_search/run_10_worker_18/ils_config_6829509843113922264.prm
[INFO]:[05:15:11] Starting CPLEX solver on instance: /home/yorig/tuner/mpils-tests/instances/miplib/medium-2/sorrell3.mps with config: /scratch/yorig/mpils-results-grid-ticks-10000-7may/medium-2/24proc-2pils/seed-3/6_sorrell3_seed-3_20260510_045641/iterated_local_search/run_10_worker_18/ils_config_6829509843113922264.prm
[INFO]:[05:15:17] CPLEX results. Gap: 33.220000, upper bound: -15.000000, lower bound: -19.982301
[INFO]:[05:15:18] CPLEX solver finished. Gap: 33.220000
[INFO]:[05:15:18] Starting CPLEX solver on instance: /home/yorig/tuner/mpils-tests/instances/miplib/medium-2/sorrell3.mps with config: /scratch/yorig/mpils-results-grid-ticks-10000-7may/medium-2/24proc-2pils/seed-3/6_sorrell3_seed-3_20260510_045641/iterated_local_search/run_10_worker_18/ils_config_10510035515990520872.prm
[INFO]:[05:15:18] Starting CPLEX solver on instance: /home/yorig/tuner/mpils-tests/instances/miplib/medium-2/sorrell3.mps with config: /scratch/yorig/mpils-results-grid-ticks-10000-7may/medium-2/24proc-2pils/seed-3/6_sorrell3_seed-3_20260510_045641/iterated_local_search/run_10_worker_18/ils_config_10510035515990520872.prm
[INFO]:[05:15:24] CPLEX results. Gap: 33.220000, upper bound: -15.000000, lower bound: -19.982301
[INFO]:[05:15:24] CPLEX solver finished. Gap: 33.220000
[INFO]:[05:15:24] Starting CPLEX solver on instance: /home/yorig/tuner/mpils-tests/instances/miplib/medium-2/sorrell3.mps with config: /scratch/yorig/mpils-results-grid-ticks-10000-7may/medium-2/24proc-2pils/seed-3/6_sorrell3_seed-3_20260510_045641/iterated_local_search/run_10_worker_18/ils_config_12667336725145355935.prm
[INFO]:[05:15:24] Starting CPLEX solver on instance: /home/yorig/tuner/mpils-tests/instances/miplib/medium-2/sorrell3.mps with config: /scratch/yorig/mpils-results-grid-ticks-10000-7may/medium-2/24proc-2pils/seed-3/6_sorrell3_seed-3_20260510_045641/iterated_local_search/run_10_worker_18/ils_config_12667336725145355935.prm
[INFO]:[05:15:30] CPLEX results. Gap: 33.220000, upper bound: -15.000000, lower bound: -19.982301
[INFO]:[05:15:30] CPLEX solver finished. Gap: 33.220000
[INFO]:[05:15:30] Starting CPLEX solver on instance: /home/yorig/tuner/mpils-tests/instances/miplib/medium-2/sorrell3.mps with config: /scratch/yorig/mpils-results-grid-ticks-10000-7may/medium-2/24proc-2pils/seed-3/6_sorrell3_seed-3_20260510_045641/iterated_local_search/run_10_worker_18/ils_config_11136771619047278259.prm
[INFO]:[05:15:30] Starting CPLEX solver on instance: /home/yorig/tuner/mpils-tests/instances/miplib/medium-2/sorrell3.mps with config: /scratch/yorig/mpils-results-grid-ticks-10000-7may/medium-2/24proc-2pils/seed-3/6_sorrell3_seed-3_20260510_045641/iterated_local_search/run_10_worker_18/ils_config_11136771619047278259.prm
[INFO]:[05:15:37] CPLEX results. Gap: 33.220000, upper bound: -15.000000, lower bound: -19.982301
[INFO]:[05:15:37] CPLEX solver finished. Gap: 33.220000
[INFO]:[05:15:37] Starting CPLEX solver on instance: /home/yorig/tuner/mpils-tests/instances/miplib/medium-2/sorrell3.mps with config: /scratch/yorig/mpils-results-grid-ticks-10000-7may/medium-2/24proc-2pils/seed-3/6_sorrell3_seed-3_20260510_045641/iterated_local_search/run_10_worker_18/ils_config_15335273966420515294.prm
[INFO]:[05:15:37] Starting CPLEX solver on instance: /home/yorig/tuner/mpils-tests/instances/miplib/medium-2/sorrell3.mps with config: /scratch/yorig/mpils-results-grid-ticks-10000-7may/medium-2/24proc-2pils/seed-3/6_sorrell3_seed-3_20260510_045641/iterated_local_search/run_10_worker_18/ils_config_15335273966420515294.prm
[INFO]:[05:15:43] CPLEX results. Gap: 33.220000, upper bound: -15.000000, lower bound: -19.982301
[INFO]:[05:15:43] CPLEX solver finished. Gap: 33.220000
[INFO]:[05:15:43] Starting CPLEX solver on instance: /home/yorig/tuner/mpils-tests/instances/miplib/medium-2/sorrell3.mps with config: /scratch/yorig/mpils-results-grid-ticks-10000-7may/medium-2/24proc-2pils/seed-3/6_sorrell3_seed-3_20260510_045641/iterated_local_search/run_10_worker_18/ils_config_9912837653157945364.prm
[INFO]:[05:15:43] Starting CPLEX solver on instance: /home/yorig/tuner/mpils-tests/instances/miplib/medium-2/sorrell3.mps with config: /scratch/yorig/mpils-results-grid-ticks-10000-7may/medium-2/24proc-2pils/seed-3/6_sorrell3_seed-3_20260510_045641/iterated_local_search/run_10_worker_18/ils_config_9912837653157945364.prm
[INFO]:[05:15:49] CPLEX results. Gap: 33.220000, upper bound: -15.000000, lower bound: -19.982301
[INFO]:[05:15:49] CPLEX solver finished. Gap: 33.220000
[INFO]:[05:15:49] Starting CPLEX solver on instance: /home/yorig/tuner/mpils-tests/instances/miplib/medium-2/sorrell3.mps with config: /scratch/yorig/mpils-results-grid-ticks-10000-7may/medium-2/24proc-2pils/seed-3/6_sorrell3_seed-3_20260510_045641/iterated_local_search/run_10_worker_18/ils_config_10368420343383712816.prm
[INFO]:[05:15:49] Starting CPLEX solver on instance: /home/yorig/tuner/mpils-tests/instances/miplib/medium-2/sorrell3.mps with config: /scratch/yorig/mpils-results-grid-ticks-10000-7may/medium-2/24proc-2pils/seed-3/6_sorrell3_seed-3_20260510_045641/iterated_local_search/run_10_worker_18/ils_config_10368420343383712816.prm
[INFO]:[05:15:56] CPLEX results. Gap: 64.950000, upper bound: -13.000000, lower bound: -21.443564
[INFO]:[05:15:56] CPLEX solver finished. Gap: 64.950000
[INFO]:[05:15:56] Local search phase completed.
[INFO]:[05:15:56] Total number of new local-search evaluations: 30
[INFO]:[05:15:56] Final incumbent objective value: 33.22
[INFO]:[05:17:56] Worker 18 completed exploration phase.
[INFO]:[05:17:56] Worker 18 received order for step 3.
[INFO]:[05:17:56] Worker 18 finished.
