[INFO]:[03:38:53] Worker 21 starting.
[INFO]:[03:38:53] Worker 21 received order for step 1.
[INFO]:[03:38:53] Worker 21 running exploration phase for iteration 1.
[INFO]:[03:38:53] Worker 21 at iteration 1 will not use a MIP start file. Current best MIP-start upper bound threshold is 1.79769e+308.
[INFO]:[03:38:53] Starting local search phase...
[INFO]:[03:38:53] Worker (ils_group_rank=1) entering parallel ILS evaluation service.
[INFO]:[03:38:53] Starting CPLEX solver on instance: /home/yorig/tuner/mpils-tests/instances/miplib/medium-2/neos-5093327-huahum.mps with config: /scratch/yorig/mpils-results-grid-ticks-10000-7may/medium-2/24proc-2pils/seed-1/3_neos-5093327-huahum_seed-1_20260510_033852/iterated_local_search/run_1_worker_20/parallel_0_1.prm
[INFO]:[03:38:58] CPLEX results. Gap: 28.970000, upper bound: 6825.999997, lower bound: 4848.206412
[INFO]:[03:38:58] CPLEX solver finished. Gap: 28.970000
[INFO]:[03:38:58] Starting CPLEX solver on instance: /home/yorig/tuner/mpils-tests/instances/miplib/medium-2/neos-5093327-huahum.mps with config: /scratch/yorig/mpils-results-grid-ticks-10000-7may/medium-2/24proc-2pils/seed-1/3_neos-5093327-huahum_seed-1_20260510_033852/iterated_local_search/run_1_worker_20/parallel_2_1.prm
[INFO]:[03:39:03] CPLEX results. Gap: 28.360000, upper bound: 6825.999998, lower bound: 4889.892115
[INFO]:[03:39:03] CPLEX solver finished. Gap: 28.360000
[INFO]:[03:39:03] Starting CPLEX solver on instance: /home/yorig/tuner/mpils-tests/instances/miplib/medium-2/neos-5093327-huahum.mps with config: /scratch/yorig/mpils-results-grid-ticks-10000-7may/medium-2/24proc-2pils/seed-1/3_neos-5093327-huahum_seed-1_20260510_033852/iterated_local_search/run_1_worker_20/parallel_4_1.prm
[INFO]:[03:39:08] CPLEX results. Gap: 29.870000, upper bound: 6825.999997, lower bound: 4787.063017
[INFO]:[03:39:08] CPLEX solver finished. Gap: 29.870000
[INFO]:[03:39:08] Starting CPLEX solver on instance: /home/yorig/tuner/mpils-tests/instances/miplib/medium-2/neos-5093327-huahum.mps with config: /scratch/yorig/mpils-results-grid-ticks-10000-7may/medium-2/24proc-2pils/seed-1/3_neos-5093327-huahum_seed-1_20260510_033852/iterated_local_search/run_1_worker_20/parallel_6_1.prm
[INFO]:[03:39:13] CPLEX results. Gap: 28.420000, upper bound: 6825.999998, lower bound: 4885.778347
[INFO]:[03:39:13] CPLEX solver finished. Gap: 28.420000
[INFO]:[03:39:13] Starting CPLEX solver on instance: /home/yorig/tuner/mpils-tests/instances/miplib/medium-2/neos-5093327-huahum.mps with config: /scratch/yorig/mpils-results-grid-ticks-10000-7may/medium-2/24proc-2pils/seed-1/3_neos-5093327-huahum_seed-1_20260510_033852/iterated_local_search/run_1_worker_20/parallel_8_1.prm
[INFO]:[03:39:18] CPLEX results. Gap: 29.870000, upper bound: 6825.999997, lower bound: 4787.063017
[INFO]:[03:39:18] CPLEX solver finished. Gap: 29.870000
[INFO]:[03:39:18] Starting CPLEX solver on instance: /home/yorig/tuner/mpils-tests/instances/miplib/medium-2/neos-5093327-huahum.mps with config: /scratch/yorig/mpils-results-grid-ticks-10000-7may/medium-2/24proc-2pils/seed-1/3_neos-5093327-huahum_seed-1_20260510_033852/iterated_local_search/run_1_worker_20/parallel_10_1.prm
[INFO]:[03:39:22] CPLEX results. Gap: 29.870000, upper bound: 6825.999997, lower bound: 4787.063017
[INFO]:[03:39:22] CPLEX solver finished. Gap: 29.870000
[INFO]:[03:39:23] Starting CPLEX solver on instance: /home/yorig/tuner/mpils-tests/instances/miplib/medium-2/neos-5093327-huahum.mps with config: /scratch/yorig/mpils-results-grid-ticks-10000-7may/medium-2/24proc-2pils/seed-1/3_neos-5093327-huahum_seed-1_20260510_033852/iterated_local_search/run_1_worker_20/parallel_12_1.prm
[INFO]:[03:39:28] CPLEX results. Gap: 28.330000, upper bound: 6825.999998, lower bound: 4892.110329
[INFO]:[03:39:28] CPLEX solver finished. Gap: 28.330000
[INFO]:[03:39:28] Starting CPLEX solver on instance: /home/yorig/tuner/mpils-tests/instances/miplib/medium-2/neos-5093327-huahum.mps with config: /scratch/yorig/mpils-results-grid-ticks-10000-7may/medium-2/24proc-2pils/seed-1/3_neos-5093327-huahum_seed-1_20260510_033852/iterated_local_search/run_1_worker_20/parallel_14_1.prm
[INFO]:[03:39:33] CPLEX results. Gap: 28.330000, upper bound: 6825.999997, lower bound: 4891.998440
[INFO]:[03:39:33] CPLEX solver finished. Gap: 28.330000
[INFO]:[03:39:33] Starting CPLEX solver on instance: /home/yorig/tuner/mpils-tests/instances/miplib/medium-2/neos-5093327-huahum.mps with config: /scratch/yorig/mpils-results-grid-ticks-10000-7may/medium-2/24proc-2pils/seed-1/3_neos-5093327-huahum_seed-1_20260510_033852/iterated_local_search/run_1_worker_20/parallel_16_1.prm
[INFO]:[03:39:38] CPLEX results. Gap: 28.330000, upper bound: 6825.999998, lower bound: 4892.110329
[INFO]:[03:39:38] CPLEX solver finished. Gap: 28.330000
[INFO]:[03:39:38] Starting CPLEX solver on instance: /home/yorig/tuner/mpils-tests/instances/miplib/medium-2/neos-5093327-huahum.mps with config: /scratch/yorig/mpils-results-grid-ticks-10000-7may/medium-2/24proc-2pils/seed-1/3_neos-5093327-huahum_seed-1_20260510_033852/iterated_local_search/run_1_worker_20/parallel_18_1.prm
[INFO]:[03:39:43] CPLEX results. Gap: 28.330000, upper bound: 6825.999998, lower bound: 4892.110329
[INFO]:[03:39:43] CPLEX solver finished. Gap: 28.330000
[INFO]:[03:39:43] Worker (ils_group_rank=1) exiting parallel ILS evaluation service.
[INFO]:[03:39:45] Worker 21 completed exploration phase.
[INFO]:[03:39:45] Worker 21 received order for step 2.
[INFO]:[03:39:45] Worker 21 running expansion phase for iteration 1.
[INFO]:[03:39:45] Worker 21 will use solver log file: /scratch/yorig/mpils-results-grid-ticks-10000-7may/medium-2/24proc-2pils/seed-1/3_neos-5093327-huahum_seed-1_20260510_033852/solver/cplex.log_iteration_expansion_1_worker_21
[INFO]:[03:39:45] Expansion Worker 21 starting expansion for iteration 1.
[INFO]:[03:39:45] Starting CPLEX solver on instance: /home/yorig/tuner/mpils-tests/instances/miplib/medium-2/neos-5093327-huahum.mps with config: /scratch/yorig/mpils-results-grid-ticks-10000-7may/medium-2/24proc-2pils/seed-1/3_neos-5093327-huahum_seed-1_20260510_033852/expansion/config_param_CPXPARAM_MIP_Limits_ProbeTime_2_iter_1.prm
[INFO]:[03:39:50] CPLEX results. Gap: 28.200000, upper bound: 6825.999998, lower bound: 4900.729005
[INFO]:[03:39:50] CPLEX solver finished. Gap: 28.200000
[INFO]:[03:39:51] Expansion Worker 21 stopping early after global MPI expansion stop was activated.
[INFO]:[03:39:51] Expansion Worker 21 completed expansion.
[INFO]:[03:39:51] Worker 21 completed expansion phase.
[INFO]:[03:39:51] Worker 21 received order for step 1.
[INFO]:[03:39:51] Worker 21 running exploration phase for iteration 2.
[INFO]:[03:39:51] Worker 21 at iteration 2 will not use a MIP start file. Current best MIP-start upper bound threshold is 1.79769e+308.
[INFO]:[03:39:51] Starting local search phase...
[INFO]:[03:39:51] Worker (ils_group_rank=1) entering parallel ILS evaluation service.
[INFO]:[03:39:51] Starting CPLEX solver on instance: /home/yorig/tuner/mpils-tests/instances/miplib/medium-2/neos-5093327-huahum.mps with config: /scratch/yorig/mpils-results-grid-ticks-10000-7may/medium-2/24proc-2pils/seed-1/3_neos-5093327-huahum_seed-1_20260510_033852/iterated_local_search/run_2_worker_20/parallel_0_1.prm
[INFO]:[03:39:55] CPLEX results. Gap: 38.010000, upper bound: 6826.000000, lower bound: 4231.533174
[INFO]:[03:39:55] CPLEX solver finished. Gap: 38.010000
[INFO]:[03:39:55] Starting CPLEX solver on instance: /home/yorig/tuner/mpils-tests/instances/miplib/medium-2/neos-5093327-huahum.mps with config: /scratch/yorig/mpils-results-grid-ticks-10000-7may/medium-2/24proc-2pils/seed-1/3_neos-5093327-huahum_seed-1_20260510_033852/iterated_local_search/run_2_worker_20/parallel_2_1.prm
[INFO]:[03:40:00] CPLEX results. Gap: 33.710000, upper bound: 6826.000000, lower bound: 4525.042801
[INFO]:[03:40:00] CPLEX solver finished. Gap: 33.710000
[INFO]:[03:40:00] Starting CPLEX solver on instance: /home/yorig/tuner/mpils-tests/instances/miplib/medium-2/neos-5093327-huahum.mps with config: /scratch/yorig/mpils-results-grid-ticks-10000-7may/medium-2/24proc-2pils/seed-1/3_neos-5093327-huahum_seed-1_20260510_033852/iterated_local_search/run_2_worker_20/parallel_4_1.prm
[INFO]:[03:40:04] CPLEX results. Gap: 33.710000, upper bound: 6826.000000, lower bound: 4525.042801
[INFO]:[03:40:04] CPLEX solver finished. Gap: 33.710000
[INFO]:[03:40:04] Worker (ils_group_rank=1) exiting parallel ILS evaluation service.
[INFO]:[03:40:07] Worker 21 completed exploration phase.
[INFO]:[03:40:07] Worker 21 received order for step 2.
[INFO]:[03:40:07] Worker 21 running expansion phase for iteration 2.
[INFO]:[03:40:07] Worker 21 will use solver log file: /scratch/yorig/mpils-results-grid-ticks-10000-7may/medium-2/24proc-2pils/seed-1/3_neos-5093327-huahum_seed-1_20260510_033852/solver/cplex.log_iteration_expansion_2_worker_21
[INFO]:[03:40:07] Expansion Worker 21 starting expansion for iteration 2.
[INFO]:[03:40:07] Starting CPLEX solver on instance: /home/yorig/tuner/mpils-tests/instances/miplib/medium-2/neos-5093327-huahum.mps with config: /scratch/yorig/mpils-results-grid-ticks-10000-7may/medium-2/24proc-2pils/seed-1/3_neos-5093327-huahum_seed-1_20260510_033852/expansion/config_param_CPXPARAM_MIP_Limits_ProbeTime_30_iter_2.prm
[INFO]:[03:40:12] CPLEX results. Gap: 28.150000, upper bound: 6825.999999, lower bound: 4904.658698
[INFO]:[03:40:12] CPLEX solver finished. Gap: 28.150000
[INFO]:[03:40:12] Starting CPLEX solver on instance: /home/yorig/tuner/mpils-tests/instances/miplib/medium-2/neos-5093327-huahum.mps with config: /scratch/yorig/mpils-results-grid-ticks-10000-7may/medium-2/24proc-2pils/seed-1/3_neos-5093327-huahum_seed-1_20260510_033852/expansion/config_param_CPXPARAM_MIP_Limits_CutsFactor_1_iter_2.prm
[INFO]:[03:40:17] CPLEX results. Gap: 34.780000, upper bound: 6584.000000, lower bound: 4294.000000
[INFO]:[03:40:17] CPLEX solver finished. Gap: 34.780000
[INFO]:[03:40:23] Expansion Worker 21 completed expansion.
[INFO]:[03:40:23] Worker 21 completed expansion phase.
[INFO]:[03:40:23] Worker 21 received order for step 1.
[INFO]:[03:40:23] Worker 21 running exploration phase for iteration 3.
[INFO]:[03:40:23] Worker 21 at iteration 3 will not use a MIP start file. Current best MIP-start upper bound threshold is 1.79769e+308.
[INFO]:[03:40:23] Starting local search phase...
[INFO]:[03:40:23] Worker (ils_group_rank=1) entering parallel ILS evaluation service.
[INFO]:[03:40:23] Starting CPLEX solver on instance: /home/yorig/tuner/mpils-tests/instances/miplib/medium-2/neos-5093327-huahum.mps with config: /scratch/yorig/mpils-results-grid-ticks-10000-7may/medium-2/24proc-2pils/seed-1/3_neos-5093327-huahum_seed-1_20260510_033852/iterated_local_search/run_3_worker_20/parallel_0_1.prm
[INFO]:[03:40:28] CPLEX results. Gap: 31.300000, upper bound: 6969.999997, lower bound: 4788.714665
[INFO]:[03:40:28] CPLEX solver finished. Gap: 31.300000
[INFO]:[03:40:28] Starting CPLEX solver on instance: /home/yorig/tuner/mpils-tests/instances/miplib/medium-2/neos-5093327-huahum.mps with config: /scratch/yorig/mpils-results-grid-ticks-10000-7may/medium-2/24proc-2pils/seed-1/3_neos-5093327-huahum_seed-1_20260510_033852/iterated_local_search/run_3_worker_20/parallel_2_1.prm
[INFO]:[03:40:32] CPLEX results. Gap: 30.820000, upper bound: 6969.999997, lower bound: 4822.077870
[INFO]:[03:40:33] CPLEX solver finished. Gap: 30.820000
[INFO]:[03:40:33] Starting CPLEX solver on instance: /home/yorig/tuner/mpils-tests/instances/miplib/medium-2/neos-5093327-huahum.mps with config: /scratch/yorig/mpils-results-grid-ticks-10000-7may/medium-2/24proc-2pils/seed-1/3_neos-5093327-huahum_seed-1_20260510_033852/iterated_local_search/run_3_worker_20/parallel_4_1.prm
[INFO]:[03:40:38] CPLEX results. Gap: 30.470000, upper bound: 6937.999999, lower bound: 4823.822346
[INFO]:[03:40:38] CPLEX solver finished. Gap: 30.470000
[INFO]:[03:40:38] Worker (ils_group_rank=1) exiting parallel ILS evaluation service.
[INFO]:[03:40:39] Worker 21 completed exploration phase.
[INFO]:[03:40:39] Worker 21 received order for step 2.
[INFO]:[03:40:39] Worker 21 running expansion phase for iteration 3.
[INFO]:[03:40:39] Worker 21 will use solver log file: /scratch/yorig/mpils-results-grid-ticks-10000-7may/medium-2/24proc-2pils/seed-1/3_neos-5093327-huahum_seed-1_20260510_033852/solver/cplex.log_iteration_expansion_3_worker_21
[INFO]:[03:40:39] Expansion Worker 21 starting expansion for iteration 3.
[INFO]:[03:40:39] Starting CPLEX solver on instance: /home/yorig/tuner/mpils-tests/instances/miplib/medium-2/neos-5093327-huahum.mps with config: /scratch/yorig/mpils-results-grid-ticks-10000-7may/medium-2/24proc-2pils/seed-1/3_neos-5093327-huahum_seed-1_20260510_033852/expansion/config_param_CPXPARAM_MIP_Strategy_StartAlgorithm_5_iter_3.prm
[INFO]:[03:40:43] CPLEX results. Gap: 69.910000, upper bound: 13074.000000, lower bound: 3934.000000
[INFO]:[03:40:43] CPLEX solver finished. Gap: 69.910000
[INFO]:[03:40:45] Expansion Worker 21 stopping early after global MPI expansion stop was activated.
[INFO]:[03:40:45] Expansion Worker 21 completed expansion.
[INFO]:[03:40:45] Worker 21 completed expansion phase.
[INFO]:[03:40:45] Worker 21 received order for step 1.
[INFO]:[03:40:45] Worker 21 running exploration phase for iteration 4.
[INFO]:[03:40:45] Worker 21 at iteration 4 will not use a MIP start file. Current best MIP-start upper bound threshold is 1.79769e+308.
[INFO]:[03:40:45] Starting local search phase...
[INFO]:[03:40:45] Worker (ils_group_rank=1) entering parallel ILS evaluation service.
[INFO]:[03:40:45] Starting CPLEX solver on instance: /home/yorig/tuner/mpils-tests/instances/miplib/medium-2/neos-5093327-huahum.mps with config: /scratch/yorig/mpils-results-grid-ticks-10000-7may/medium-2/24proc-2pils/seed-1/3_neos-5093327-huahum_seed-1_20260510_033852/iterated_local_search/run_4_worker_20/parallel_0_1.prm
[INFO]:[03:40:50] CPLEX results. Gap: 38.100000, upper bound: 7835.999995, lower bound: 4850.581482
[INFO]:[03:40:50] CPLEX solver finished. Gap: 38.100000
[INFO]:[03:40:50] Starting CPLEX solver on instance: /home/yorig/tuner/mpils-tests/instances/miplib/medium-2/neos-5093327-huahum.mps with config: /scratch/yorig/mpils-results-grid-ticks-10000-7may/medium-2/24proc-2pils/seed-1/3_neos-5093327-huahum_seed-1_20260510_033852/iterated_local_search/run_4_worker_20/parallel_2_1.prm
[INFO]:[03:40:55] CPLEX results. Gap: 37.430000, upper bound: 6826.000000, lower bound: 4270.927854
[INFO]:[03:40:55] CPLEX solver finished. Gap: 37.430000
[INFO]:[03:40:55] Starting CPLEX solver on instance: /home/yorig/tuner/mpils-tests/instances/miplib/medium-2/neos-5093327-huahum.mps with config: /scratch/yorig/mpils-results-grid-ticks-10000-7may/medium-2/24proc-2pils/seed-1/3_neos-5093327-huahum_seed-1_20260510_033852/iterated_local_search/run_4_worker_20/parallel_4_1.prm
[INFO]:[03:40:59] CPLEX results. Gap: 36.800000, upper bound: 6826.000000, lower bound: 4313.963417
[INFO]:[03:40:59] CPLEX solver finished. Gap: 36.800000
[INFO]:[03:40:59] Starting CPLEX solver on instance: /home/yorig/tuner/mpils-tests/instances/miplib/medium-2/neos-5093327-huahum.mps with config: /scratch/yorig/mpils-results-grid-ticks-10000-7may/medium-2/24proc-2pils/seed-1/3_neos-5093327-huahum_seed-1_20260510_033852/iterated_local_search/run_4_worker_20/parallel_6_1.prm
[INFO]:[03:41:04] CPLEX results. Gap: 36.800000, upper bound: 6826.000000, lower bound: 4313.963417
[INFO]:[03:41:04] CPLEX solver finished. Gap: 36.800000
[INFO]:[03:41:04] Starting CPLEX solver on instance: /home/yorig/tuner/mpils-tests/instances/miplib/medium-2/neos-5093327-huahum.mps with config: /scratch/yorig/mpils-results-grid-ticks-10000-7may/medium-2/24proc-2pils/seed-1/3_neos-5093327-huahum_seed-1_20260510_033852/iterated_local_search/run_4_worker_20/parallel_8_1.prm
[INFO]:[03:41:08] CPLEX results. Gap: 33.850000, upper bound: 6826.000000, lower bound: 4515.153088
[INFO]:[03:41:08] CPLEX solver finished. Gap: 33.850000
[INFO]:[03:41:08] Starting CPLEX solver on instance: /home/yorig/tuner/mpils-tests/instances/miplib/medium-2/neos-5093327-huahum.mps with config: /scratch/yorig/mpils-results-grid-ticks-10000-7may/medium-2/24proc-2pils/seed-1/3_neos-5093327-huahum_seed-1_20260510_033852/iterated_local_search/run_4_worker_20/parallel_10_1.prm
[INFO]:[03:41:13] CPLEX results. Gap: 33.850000, upper bound: 6826.000000, lower bound: 4515.153088
[INFO]:[03:41:13] CPLEX solver finished. Gap: 33.850000
[INFO]:[03:41:13] Starting CPLEX solver on instance: /home/yorig/tuner/mpils-tests/instances/miplib/medium-2/neos-5093327-huahum.mps with config: /scratch/yorig/mpils-results-grid-ticks-10000-7may/medium-2/24proc-2pils/seed-1/3_neos-5093327-huahum_seed-1_20260510_033852/iterated_local_search/run_4_worker_20/parallel_12_1.prm
[INFO]:[03:41:18] CPLEX results. Gap: 28.470000, upper bound: 6825.999999, lower bound: 4882.309738
[INFO]:[03:41:18] CPLEX solver finished. Gap: 28.470000
[INFO]:[03:41:18] Worker (ils_group_rank=1) exiting parallel ILS evaluation service.
[INFO]:[03:41:25] Worker 21 completed exploration phase.
[INFO]:[03:41:25] Worker 21 received order for step 2.
[INFO]:[03:41:25] Worker 21 running expansion phase for iteration 4.
[INFO]:[03:41:25] Worker 21 will use solver log file: /scratch/yorig/mpils-results-grid-ticks-10000-7may/medium-2/24proc-2pils/seed-1/3_neos-5093327-huahum_seed-1_20260510_033852/solver/cplex.log_iteration_expansion_4_worker_21
[INFO]:[03:41:25] Expansion Worker 21 starting expansion for iteration 4.
[INFO]:[03:41:25] Starting CPLEX solver on instance: /home/yorig/tuner/mpils-tests/instances/miplib/medium-2/neos-5093327-huahum.mps with config: /scratch/yorig/mpils-results-grid-ticks-10000-7may/medium-2/24proc-2pils/seed-1/3_neos-5093327-huahum_seed-1_20260510_033852/expansion/config_param_CPXPARAM_Simplex_DGradient_2_iter_4.prm
[INFO]:[03:41:30] CPLEX results. Gap: 27.510000, upper bound: 6757.999998, lower bound: 4898.750963
[INFO]:[03:41:30] CPLEX solver finished. Gap: 27.510000
[INFO]:[03:41:31] Expansion Worker 21 stopping early after global MPI expansion stop was activated.
[INFO]:[03:41:31] Expansion Worker 21 completed expansion.
[INFO]:[03:41:31] Worker 21 completed expansion phase.
[INFO]:[03:41:32] Worker 21 received order for step 1.
[INFO]:[03:41:32] Worker 21 running exploration phase for iteration 5.
[INFO]:[03:41:32] Worker 21 at iteration 5 will not use a MIP start file. Current best MIP-start upper bound threshold is 1.79769e+308.
[INFO]:[03:41:32] Starting local search phase...
[INFO]:[03:41:32] Worker (ils_group_rank=1) entering parallel ILS evaluation service.
[INFO]:[03:41:32] Starting CPLEX solver on instance: /home/yorig/tuner/mpils-tests/instances/miplib/medium-2/neos-5093327-huahum.mps with config: /scratch/yorig/mpils-results-grid-ticks-10000-7may/medium-2/24proc-2pils/seed-1/3_neos-5093327-huahum_seed-1_20260510_033852/iterated_local_search/run_5_worker_20/parallel_0_1.prm
[INFO]:[03:41:37] CPLEX results. Gap: 38.370000, upper bound: 7942.000000, lower bound: 4894.372055
[INFO]:[03:41:37] CPLEX solver finished. Gap: 38.370000
[INFO]:[03:41:37] Starting CPLEX solver on instance: /home/yorig/tuner/mpils-tests/instances/miplib/medium-2/neos-5093327-huahum.mps with config: /scratch/yorig/mpils-results-grid-ticks-10000-7may/medium-2/24proc-2pils/seed-1/3_neos-5093327-huahum_seed-1_20260510_033852/iterated_local_search/run_5_worker_20/parallel_2_1.prm
[INFO]:[03:41:42] CPLEX results. Gap: 28.500000, upper bound: 6757.999999, lower bound: 4831.793533
[INFO]:[03:41:42] CPLEX solver finished. Gap: 28.500000
[INFO]:[03:41:42] Starting CPLEX solver on instance: /home/yorig/tuner/mpils-tests/instances/miplib/medium-2/neos-5093327-huahum.mps with config: /scratch/yorig/mpils-results-grid-ticks-10000-7may/medium-2/24proc-2pils/seed-1/3_neos-5093327-huahum_seed-1_20260510_033852/iterated_local_search/run_5_worker_20/parallel_4_1.prm
[WARN]:[03:41:46] CPLEX finished without a primal feasible solution for config /scratch/yorig/mpils-results-grid-ticks-10000-7may/medium-2/24proc-2pils/seed-1/3_neos-5093327-huahum_seed-1_20260510_033852/iterated_local_search/run_5_worker_20/parallel_4_1.prm.
[INFO]:[03:41:46] CPLEX results. Gap: unavailable, upper bound: null, lower bound: 4866.045781
[INFO]:[03:41:46] CPLEX solver finished. Gap: 179769313486231570814527423731704356798070567525844996598917476803157260780028538760589558632766878171540458953514382464234321326889464182768467546703537516986049910576551282076245490090389328944075868508455133942304583236903222948165808559332123348274797826204144723168738177180919299881250404026184124858368.000000
[INFO]:[03:41:46] Starting CPLEX solver on instance: /home/yorig/tuner/mpils-tests/instances/miplib/medium-2/neos-5093327-huahum.mps with config: /scratch/yorig/mpils-results-grid-ticks-10000-7may/medium-2/24proc-2pils/seed-1/3_neos-5093327-huahum_seed-1_20260510_033852/iterated_local_search/run_5_worker_20/parallel_6_1.prm
[INFO]:[03:41:51] CPLEX results. Gap: 28.500000, upper bound: 6757.999999, lower bound: 4831.793533
[INFO]:[03:41:51] CPLEX solver finished. Gap: 28.500000
[INFO]:[03:41:51] Starting CPLEX solver on instance: /home/yorig/tuner/mpils-tests/instances/miplib/medium-2/neos-5093327-huahum.mps with config: /scratch/yorig/mpils-results-grid-ticks-10000-7may/medium-2/24proc-2pils/seed-1/3_neos-5093327-huahum_seed-1_20260510_033852/iterated_local_search/run_5_worker_20/parallel_8_1.prm
[INFO]:[03:41:56] CPLEX results. Gap: 28.240000, upper bound: 6757.999998, lower bound: 4849.348726
[INFO]:[03:41:56] CPLEX solver finished. Gap: 28.240000
[INFO]:[03:41:56] Starting CPLEX solver on instance: /home/yorig/tuner/mpils-tests/instances/miplib/medium-2/neos-5093327-huahum.mps with config: /scratch/yorig/mpils-results-grid-ticks-10000-7may/medium-2/24proc-2pils/seed-1/3_neos-5093327-huahum_seed-1_20260510_033852/iterated_local_search/run_5_worker_20/parallel_10_1.prm
[INFO]:[03:42:01] CPLEX results. Gap: 28.240000, upper bound: 6757.999998, lower bound: 4849.348726
[INFO]:[03:42:01] CPLEX solver finished. Gap: 28.240000
[INFO]:[03:42:01] Starting CPLEX solver on instance: /home/yorig/tuner/mpils-tests/instances/miplib/medium-2/neos-5093327-huahum.mps with config: /scratch/yorig/mpils-results-grid-ticks-10000-7may/medium-2/24proc-2pils/seed-1/3_neos-5093327-huahum_seed-1_20260510_033852/iterated_local_search/run_5_worker_20/parallel_12_1.prm
[INFO]:[03:42:06] CPLEX results. Gap: 28.240000, upper bound: 6757.999998, lower bound: 4849.348726
[INFO]:[03:42:06] CPLEX solver finished. Gap: 28.240000
[INFO]:[03:42:06] Starting CPLEX solver on instance: /home/yorig/tuner/mpils-tests/instances/miplib/medium-2/neos-5093327-huahum.mps with config: /scratch/yorig/mpils-results-grid-ticks-10000-7may/medium-2/24proc-2pils/seed-1/3_neos-5093327-huahum_seed-1_20260510_033852/iterated_local_search/run_5_worker_20/parallel_14_1.prm
[INFO]:[03:42:11] CPLEX results. Gap: 27.560000, upper bound: 6757.999998, lower bound: 4895.546940
[INFO]:[03:42:11] CPLEX solver finished. Gap: 27.560000
[INFO]:[03:42:11] Starting CPLEX solver on instance: /home/yorig/tuner/mpils-tests/instances/miplib/medium-2/neos-5093327-huahum.mps with config: /scratch/yorig/mpils-results-grid-ticks-10000-7may/medium-2/24proc-2pils/seed-1/3_neos-5093327-huahum_seed-1_20260510_033852/iterated_local_search/run_5_worker_20/parallel_16_1.prm
[INFO]:[03:42:16] CPLEX results. Gap: 27.560000, upper bound: 6757.999998, lower bound: 4895.546940
[INFO]:[03:42:16] CPLEX solver finished. Gap: 27.560000
[INFO]:[03:42:16] Starting CPLEX solver on instance: /home/yorig/tuner/mpils-tests/instances/miplib/medium-2/neos-5093327-huahum.mps with config: /scratch/yorig/mpils-results-grid-ticks-10000-7may/medium-2/24proc-2pils/seed-1/3_neos-5093327-huahum_seed-1_20260510_033852/iterated_local_search/run_5_worker_20/parallel_18_1.prm
[INFO]:[03:42:21] CPLEX results. Gap: 27.560000, upper bound: 6757.999998, lower bound: 4895.546940
[INFO]:[03:42:21] CPLEX solver finished. Gap: 27.560000
[INFO]:[03:42:21] Starting CPLEX solver on instance: /home/yorig/tuner/mpils-tests/instances/miplib/medium-2/neos-5093327-huahum.mps with config: /scratch/yorig/mpils-results-grid-ticks-10000-7may/medium-2/24proc-2pils/seed-1/3_neos-5093327-huahum_seed-1_20260510_033852/iterated_local_search/run_5_worker_20/parallel_20_1.prm
[INFO]:[03:42:26] CPLEX results. Gap: 27.560000, upper bound: 6757.999998, lower bound: 4895.546940
[INFO]:[03:42:26] CPLEX solver finished. Gap: 27.560000
[INFO]:[03:42:26] Starting CPLEX solver on instance: /home/yorig/tuner/mpils-tests/instances/miplib/medium-2/neos-5093327-huahum.mps with config: /scratch/yorig/mpils-results-grid-ticks-10000-7may/medium-2/24proc-2pils/seed-1/3_neos-5093327-huahum_seed-1_20260510_033852/iterated_local_search/run_5_worker_20/parallel_22_1.prm
[INFO]:[03:42:31] CPLEX results. Gap: 27.560000, upper bound: 6757.999998, lower bound: 4895.546940
[INFO]:[03:42:31] CPLEX solver finished. Gap: 27.560000
[INFO]:[03:42:31] Starting CPLEX solver on instance: /home/yorig/tuner/mpils-tests/instances/miplib/medium-2/neos-5093327-huahum.mps with config: /scratch/yorig/mpils-results-grid-ticks-10000-7may/medium-2/24proc-2pils/seed-1/3_neos-5093327-huahum_seed-1_20260510_033852/iterated_local_search/run_5_worker_20/parallel_24_1.prm
[INFO]:[03:42:36] CPLEX results. Gap: 38.400000, upper bound: 7942.000000, lower bound: 4891.926082
[INFO]:[03:42:36] CPLEX solver finished. Gap: 38.400000
[INFO]:[03:42:36] Starting CPLEX solver on instance: /home/yorig/tuner/mpils-tests/instances/miplib/medium-2/neos-5093327-huahum.mps with config: /scratch/yorig/mpils-results-grid-ticks-10000-7may/medium-2/24proc-2pils/seed-1/3_neos-5093327-huahum_seed-1_20260510_033852/iterated_local_search/run_5_worker_20/parallel_26_1.prm
[INFO]:[03:42:41] CPLEX results. Gap: 27.560000, upper bound: 6757.999998, lower bound: 4895.546940
[INFO]:[03:42:41] CPLEX solver finished. Gap: 27.560000
[INFO]:[03:42:41] Worker (ils_group_rank=1) exiting parallel ILS evaluation service.
[INFO]:[03:42:43] Worker 21 completed exploration phase.
[INFO]:[03:42:43] Worker 21 received order for step 2.
[INFO]:[03:42:43] Worker 21 running expansion phase for iteration 5.
[INFO]:[03:42:43] Worker 21 will use solver log file: /scratch/yorig/mpils-results-grid-ticks-10000-7may/medium-2/24proc-2pils/seed-1/3_neos-5093327-huahum_seed-1_20260510_033852/solver/cplex.log_iteration_expansion_5_worker_21
[INFO]:[03:42:43] Expansion Worker 21 starting expansion for iteration 5.
[INFO]:[03:42:43] Starting CPLEX solver on instance: /home/yorig/tuner/mpils-tests/instances/miplib/medium-2/neos-5093327-huahum.mps with config: /scratch/yorig/mpils-results-grid-ticks-10000-7may/medium-2/24proc-2pils/seed-1/3_neos-5093327-huahum_seed-1_20260510_033852/expansion/config_param_CPXPARAM_Advance_0_iter_5.prm
[INFO]:[03:42:48] CPLEX results. Gap: 27.460000, upper bound: 6757.999999, lower bound: 4902.550476
[INFO]:[03:42:48] CPLEX solver finished. Gap: 27.460000
[INFO]:[03:42:55] Expansion Worker 21 completed expansion.
[INFO]:[03:42:55] Worker 21 completed expansion phase.
[INFO]:[03:42:56] Worker 21 received order for step 1.
[INFO]:[03:42:56] Worker 21 running exploration phase for iteration 6.
[INFO]:[03:42:56] Worker 21 at iteration 6 will not use a MIP start file. Current best MIP-start upper bound threshold is 1.79769e+308.
[INFO]:[03:42:56] Starting local search phase...
[INFO]:[03:42:56] Worker (ils_group_rank=1) entering parallel ILS evaluation service.
[INFO]:[03:42:56] Starting CPLEX solver on instance: /home/yorig/tuner/mpils-tests/instances/miplib/medium-2/neos-5093327-huahum.mps with config: /scratch/yorig/mpils-results-grid-ticks-10000-7may/medium-2/24proc-2pils/seed-1/3_neos-5093327-huahum_seed-1_20260510_033852/iterated_local_search/run_6_worker_20/parallel_0_1.prm
[WARN]:[03:43:00] CPLEX finished without a primal feasible solution for config /scratch/yorig/mpils-results-grid-ticks-10000-7may/medium-2/24proc-2pils/seed-1/3_neos-5093327-huahum_seed-1_20260510_033852/iterated_local_search/run_6_worker_20/parallel_0_1.prm.
[INFO]:[03:43:00] CPLEX results. Gap: unavailable, upper bound: null, lower bound: 3934.000000
[INFO]:[03:43:00] CPLEX solver finished. Gap: 179769313486231570814527423731704356798070567525844996598917476803157260780028538760589558632766878171540458953514382464234321326889464182768467546703537516986049910576551282076245490090389328944075868508455133942304583236903222948165808559332123348274797826204144723168738177180919299881250404026184124858368.000000
[INFO]:[03:43:00] Starting CPLEX solver on instance: /home/yorig/tuner/mpils-tests/instances/miplib/medium-2/neos-5093327-huahum.mps with config: /scratch/yorig/mpils-results-grid-ticks-10000-7may/medium-2/24proc-2pils/seed-1/3_neos-5093327-huahum_seed-1_20260510_033852/iterated_local_search/run_6_worker_20/parallel_2_1.prm
[INFO]:[03:43:04] CPLEX results. Gap: 52.320000, upper bound: 8806.000000, lower bound: 4198.561869
[INFO]:[03:43:04] CPLEX solver finished. Gap: 52.320000
[INFO]:[03:43:04] Starting CPLEX solver on instance: /home/yorig/tuner/mpils-tests/instances/miplib/medium-2/neos-5093327-huahum.mps with config: /scratch/yorig/mpils-results-grid-ticks-10000-7may/medium-2/24proc-2pils/seed-1/3_neos-5093327-huahum_seed-1_20260510_033852/iterated_local_search/run_6_worker_20/parallel_4_1.prm
[WARN]:[03:43:08] CPLEX finished without a primal feasible solution for config /scratch/yorig/mpils-results-grid-ticks-10000-7may/medium-2/24proc-2pils/seed-1/3_neos-5093327-huahum_seed-1_20260510_033852/iterated_local_search/run_6_worker_20/parallel_4_1.prm.
[INFO]:[03:43:08] CPLEX results. Gap: unavailable, upper bound: null, lower bound: 4196.737422
[INFO]:[03:43:08] CPLEX solver finished. Gap: 179769313486231570814527423731704356798070567525844996598917476803157260780028538760589558632766878171540458953514382464234321326889464182768467546703537516986049910576551282076245490090389328944075868508455133942304583236903222948165808559332123348274797826204144723168738177180919299881250404026184124858368.000000
[INFO]:[03:43:09] Starting CPLEX solver on instance: /home/yorig/tuner/mpils-tests/instances/miplib/medium-2/neos-5093327-huahum.mps with config: /scratch/yorig/mpils-results-grid-ticks-10000-7may/medium-2/24proc-2pils/seed-1/3_neos-5093327-huahum_seed-1_20260510_033852/iterated_local_search/run_6_worker_20/parallel_6_1.prm
[INFO]:[03:43:13] CPLEX results. Gap: 43.340000, upper bound: 8318.000000, lower bound: 4712.945580
[INFO]:[03:43:13] CPLEX solver finished. Gap: 43.340000
[INFO]:[03:43:13] Starting CPLEX solver on instance: /home/yorig/tuner/mpils-tests/instances/miplib/medium-2/neos-5093327-huahum.mps with config: /scratch/yorig/mpils-results-grid-ticks-10000-7may/medium-2/24proc-2pils/seed-1/3_neos-5093327-huahum_seed-1_20260510_033852/iterated_local_search/run_6_worker_20/parallel_8_1.prm
[INFO]:[03:43:18] CPLEX results. Gap: 42.670000, upper bound: 8318.000000, lower bound: 4768.896245
[INFO]:[03:43:18] CPLEX solver finished. Gap: 42.670000
[INFO]:[03:43:18] Starting CPLEX solver on instance: /home/yorig/tuner/mpils-tests/instances/miplib/medium-2/neos-5093327-huahum.mps with config: /scratch/yorig/mpils-results-grid-ticks-10000-7may/medium-2/24proc-2pils/seed-1/3_neos-5093327-huahum_seed-1_20260510_033852/iterated_local_search/run_6_worker_20/parallel_10_1.prm
[INFO]:[03:43:23] CPLEX results. Gap: 40.150000, upper bound: 7975.999997, lower bound: 4773.493346
[INFO]:[03:43:23] CPLEX solver finished. Gap: 40.150000
[INFO]:[03:43:23] Starting CPLEX solver on instance: /home/yorig/tuner/mpils-tests/instances/miplib/medium-2/neos-5093327-huahum.mps with config: /scratch/yorig/mpils-results-grid-ticks-10000-7may/medium-2/24proc-2pils/seed-1/3_neos-5093327-huahum_seed-1_20260510_033852/iterated_local_search/run_6_worker_20/parallel_12_1.prm
[INFO]:[03:43:28] CPLEX results. Gap: 40.110000, upper bound: 7975.999995, lower bound: 4776.978081
[INFO]:[03:43:28] CPLEX solver finished. Gap: 40.110000
[INFO]:[03:43:28] Starting CPLEX solver on instance: /home/yorig/tuner/mpils-tests/instances/miplib/medium-2/neos-5093327-huahum.mps with config: /scratch/yorig/mpils-results-grid-ticks-10000-7may/medium-2/24proc-2pils/seed-1/3_neos-5093327-huahum_seed-1_20260510_033852/iterated_local_search/run_6_worker_20/parallel_14_1.prm
[INFO]:[03:43:33] CPLEX results. Gap: 40.110000, upper bound: 7975.999995, lower bound: 4776.978081
[INFO]:[03:43:33] CPLEX solver finished. Gap: 40.110000
[INFO]:[03:43:33] Starting CPLEX solver on instance: /home/yorig/tuner/mpils-tests/instances/miplib/medium-2/neos-5093327-huahum.mps with config: /scratch/yorig/mpils-results-grid-ticks-10000-7may/medium-2/24proc-2pils/seed-1/3_neos-5093327-huahum_seed-1_20260510_033852/iterated_local_search/run_6_worker_20/parallel_16_1.prm
[INFO]:[03:43:37] CPLEX results. Gap: 40.250000, upper bound: 7975.999998, lower bound: 4765.532176
[INFO]:[03:43:37] CPLEX solver finished. Gap: 40.250000
[INFO]:[03:43:37] Worker (ils_group_rank=1) exiting parallel ILS evaluation service.
[INFO]:[03:45:29] Worker 21 completed exploration phase.
[INFO]:[03:45:29] Worker 21 received order for step 2.
[INFO]:[03:45:29] Worker 21 running expansion phase for iteration 6.
[INFO]:[03:45:29] Worker 21 will use solver log file: /scratch/yorig/mpils-results-grid-ticks-10000-7may/medium-2/24proc-2pils/seed-1/3_neos-5093327-huahum_seed-1_20260510_033852/solver/cplex.log_iteration_expansion_6_worker_21
[INFO]:[03:45:29] Expansion Worker 21 starting expansion for iteration 6.
[INFO]:[03:45:29] Starting CPLEX solver on instance: /home/yorig/tuner/mpils-tests/instances/miplib/medium-2/neos-5093327-huahum.mps with config: /scratch/yorig/mpils-results-grid-ticks-10000-7may/medium-2/24proc-2pils/seed-1/3_neos-5093327-huahum_seed-1_20260510_033852/expansion/config_param_CPXPARAM_Network_NetFind_1_iter_6.prm
[INFO]:[03:45:34] CPLEX results. Gap: 27.460000, upper bound: 6757.999999, lower bound: 4902.550476
[INFO]:[03:45:34] CPLEX solver finished. Gap: 27.460000
[INFO]:[03:45:39] Expansion Worker 21 completed expansion.
[INFO]:[03:45:39] Worker 21 completed expansion phase.
[INFO]:[03:45:40] Worker 21 received order for step 1.
[INFO]:[03:45:40] Worker 21 running exploration phase for iteration 7.
[INFO]:[03:45:40] Worker 21 at iteration 7 will not use a MIP start file. Current best MIP-start upper bound threshold is 1.79769e+308.
[INFO]:[03:45:40] Starting local search phase...
[INFO]:[03:45:40] Worker (ils_group_rank=1) entering parallel ILS evaluation service.
[INFO]:[03:45:41] Starting CPLEX solver on instance: /home/yorig/tuner/mpils-tests/instances/miplib/medium-2/neos-5093327-huahum.mps with config: /scratch/yorig/mpils-results-grid-ticks-10000-7may/medium-2/24proc-2pils/seed-1/3_neos-5093327-huahum_seed-1_20260510_033852/iterated_local_search/run_7_worker_20/parallel_0_1.prm
[WARN]:[03:45:45] CPLEX finished without a primal feasible solution for config /scratch/yorig/mpils-results-grid-ticks-10000-7may/medium-2/24proc-2pils/seed-1/3_neos-5093327-huahum_seed-1_20260510_033852/iterated_local_search/run_7_worker_20/parallel_0_1.prm.
[INFO]:[03:45:45] CPLEX results. Gap: unavailable, upper bound: null, lower bound: 3943.883333
[INFO]:[03:45:45] CPLEX solver finished. Gap: 179769313486231570814527423731704356798070567525844996598917476803157260780028538760589558632766878171540458953514382464234321326889464182768467546703537516986049910576551282076245490090389328944075868508455133942304583236903222948165808559332123348274797826204144723168738177180919299881250404026184124858368.000000
[INFO]:[03:45:46] Starting CPLEX solver on instance: /home/yorig/tuner/mpils-tests/instances/miplib/medium-2/neos-5093327-huahum.mps with config: /scratch/yorig/mpils-results-grid-ticks-10000-7may/medium-2/24proc-2pils/seed-1/3_neos-5093327-huahum_seed-1_20260510_033852/iterated_local_search/run_7_worker_20/parallel_2_1.prm
[WARN]:[03:45:51] CPLEX finished without a primal feasible solution for config /scratch/yorig/mpils-results-grid-ticks-10000-7may/medium-2/24proc-2pils/seed-1/3_neos-5093327-huahum_seed-1_20260510_033852/iterated_local_search/run_7_worker_20/parallel_2_1.prm.
[INFO]:[03:45:51] CPLEX results. Gap: unavailable, upper bound: null, lower bound: 3934.000000
[INFO]:[03:45:51] CPLEX solver finished. Gap: 179769313486231570814527423731704356798070567525844996598917476803157260780028538760589558632766878171540458953514382464234321326889464182768467546703537516986049910576551282076245490090389328944075868508455133942304583236903222948165808559332123348274797826204144723168738177180919299881250404026184124858368.000000
[INFO]:[03:45:51] Starting CPLEX solver on instance: /home/yorig/tuner/mpils-tests/instances/miplib/medium-2/neos-5093327-huahum.mps with config: /scratch/yorig/mpils-results-grid-ticks-10000-7may/medium-2/24proc-2pils/seed-1/3_neos-5093327-huahum_seed-1_20260510_033852/iterated_local_search/run_7_worker_20/parallel_4_1.prm
[WARN]:[03:45:56] CPLEX finished without a primal feasible solution for config /scratch/yorig/mpils-results-grid-ticks-10000-7may/medium-2/24proc-2pils/seed-1/3_neos-5093327-huahum_seed-1_20260510_033852/iterated_local_search/run_7_worker_20/parallel_4_1.prm.
[INFO]:[03:45:56] CPLEX results. Gap: unavailable, upper bound: null, lower bound: 3934.000000
[INFO]:[03:45:56] CPLEX solver finished. Gap: 179769313486231570814527423731704356798070567525844996598917476803157260780028538760589558632766878171540458953514382464234321326889464182768467546703537516986049910576551282076245490090389328944075868508455133942304583236903222948165808559332123348274797826204144723168738177180919299881250404026184124858368.000000
[INFO]:[03:45:56] Starting CPLEX solver on instance: /home/yorig/tuner/mpils-tests/instances/miplib/medium-2/neos-5093327-huahum.mps with config: /scratch/yorig/mpils-results-grid-ticks-10000-7may/medium-2/24proc-2pils/seed-1/3_neos-5093327-huahum_seed-1_20260510_033852/iterated_local_search/run_7_worker_20/parallel_6_1.prm
[WARN]:[03:46:01] CPLEX finished without a primal feasible solution for config /scratch/yorig/mpils-results-grid-ticks-10000-7may/medium-2/24proc-2pils/seed-1/3_neos-5093327-huahum_seed-1_20260510_033852/iterated_local_search/run_7_worker_20/parallel_6_1.prm.
[INFO]:[03:46:01] CPLEX results. Gap: unavailable, upper bound: null, lower bound: 3934.000000
[INFO]:[03:46:01] CPLEX solver finished. Gap: 179769313486231570814527423731704356798070567525844996598917476803157260780028538760589558632766878171540458953514382464234321326889464182768467546703537516986049910576551282076245490090389328944075868508455133942304583236903222948165808559332123348274797826204144723168738177180919299881250404026184124858368.000000
[INFO]:[03:46:01] Starting CPLEX solver on instance: /home/yorig/tuner/mpils-tests/instances/miplib/medium-2/neos-5093327-huahum.mps with config: /scratch/yorig/mpils-results-grid-ticks-10000-7may/medium-2/24proc-2pils/seed-1/3_neos-5093327-huahum_seed-1_20260510_033852/iterated_local_search/run_7_worker_20/parallel_8_1.prm
[WARN]:[03:46:07] CPLEX finished without a primal feasible solution for config /scratch/yorig/mpils-results-grid-ticks-10000-7may/medium-2/24proc-2pils/seed-1/3_neos-5093327-huahum_seed-1_20260510_033852/iterated_local_search/run_7_worker_20/parallel_8_1.prm.
[INFO]:[03:46:07] CPLEX results. Gap: unavailable, upper bound: null, lower bound: 4345.989580
[INFO]:[03:46:07] CPLEX solver finished. Gap: 179769313486231570814527423731704356798070567525844996598917476803157260780028538760589558632766878171540458953514382464234321326889464182768467546703537516986049910576551282076245490090389328944075868508455133942304583236903222948165808559332123348274797826204144723168738177180919299881250404026184124858368.000000
[INFO]:[03:46:07] Starting CPLEX solver on instance: /home/yorig/tuner/mpils-tests/instances/miplib/medium-2/neos-5093327-huahum.mps with config: /scratch/yorig/mpils-results-grid-ticks-10000-7may/medium-2/24proc-2pils/seed-1/3_neos-5093327-huahum_seed-1_20260510_033852/iterated_local_search/run_7_worker_20/parallel_10_1.prm
[WARN]:[03:46:13] CPLEX finished without a primal feasible solution for config /scratch/yorig/mpils-results-grid-ticks-10000-7may/medium-2/24proc-2pils/seed-1/3_neos-5093327-huahum_seed-1_20260510_033852/iterated_local_search/run_7_worker_20/parallel_10_1.prm.
[INFO]:[03:46:13] CPLEX results. Gap: unavailable, upper bound: null, lower bound: 4233.219530
[INFO]:[03:46:13] CPLEX solver finished. Gap: 179769313486231570814527423731704356798070567525844996598917476803157260780028538760589558632766878171540458953514382464234321326889464182768467546703537516986049910576551282076245490090389328944075868508455133942304583236903222948165808559332123348274797826204144723168738177180919299881250404026184124858368.000000
[INFO]:[03:46:13] Starting CPLEX solver on instance: /home/yorig/tuner/mpils-tests/instances/miplib/medium-2/neos-5093327-huahum.mps with config: /scratch/yorig/mpils-results-grid-ticks-10000-7may/medium-2/24proc-2pils/seed-1/3_neos-5093327-huahum_seed-1_20260510_033852/iterated_local_search/run_7_worker_20/parallel_12_1.prm
[WARN]:[03:46:19] CPLEX finished without a primal feasible solution for config /scratch/yorig/mpils-results-grid-ticks-10000-7may/medium-2/24proc-2pils/seed-1/3_neos-5093327-huahum_seed-1_20260510_033852/iterated_local_search/run_7_worker_20/parallel_12_1.prm.
[INFO]:[03:46:19] CPLEX results. Gap: unavailable, upper bound: null, lower bound: 4315.779190
[INFO]:[03:46:19] CPLEX solver finished. Gap: 179769313486231570814527423731704356798070567525844996598917476803157260780028538760589558632766878171540458953514382464234321326889464182768467546703537516986049910576551282076245490090389328944075868508455133942304583236903222948165808559332123348274797826204144723168738177180919299881250404026184124858368.000000
[INFO]:[03:46:19] Starting CPLEX solver on instance: /home/yorig/tuner/mpils-tests/instances/miplib/medium-2/neos-5093327-huahum.mps with config: /scratch/yorig/mpils-results-grid-ticks-10000-7may/medium-2/24proc-2pils/seed-1/3_neos-5093327-huahum_seed-1_20260510_033852/iterated_local_search/run_7_worker_20/parallel_14_1.prm
[WARN]:[03:46:24] CPLEX finished without a primal feasible solution for config /scratch/yorig/mpils-results-grid-ticks-10000-7may/medium-2/24proc-2pils/seed-1/3_neos-5093327-huahum_seed-1_20260510_033852/iterated_local_search/run_7_worker_20/parallel_14_1.prm.
[INFO]:[03:46:24] CPLEX results. Gap: unavailable, upper bound: null, lower bound: 3934.000000
[INFO]:[03:46:24] CPLEX solver finished. Gap: 179769313486231570814527423731704356798070567525844996598917476803157260780028538760589558632766878171540458953514382464234321326889464182768467546703537516986049910576551282076245490090389328944075868508455133942304583236903222948165808559332123348274797826204144723168738177180919299881250404026184124858368.000000
[INFO]:[03:46:24] Starting CPLEX solver on instance: /home/yorig/tuner/mpils-tests/instances/miplib/medium-2/neos-5093327-huahum.mps with config: /scratch/yorig/mpils-results-grid-ticks-10000-7may/medium-2/24proc-2pils/seed-1/3_neos-5093327-huahum_seed-1_20260510_033852/iterated_local_search/run_7_worker_20/parallel_16_1.prm
[WARN]:[03:46:29] CPLEX finished without a primal feasible solution for config /scratch/yorig/mpils-results-grid-ticks-10000-7may/medium-2/24proc-2pils/seed-1/3_neos-5093327-huahum_seed-1_20260510_033852/iterated_local_search/run_7_worker_20/parallel_16_1.prm.
[INFO]:[03:46:29] CPLEX results. Gap: unavailable, upper bound: null, lower bound: 4315.779190
[INFO]:[03:46:29] CPLEX solver finished. Gap: 179769313486231570814527423731704356798070567525844996598917476803157260780028538760589558632766878171540458953514382464234321326889464182768467546703537516986049910576551282076245490090389328944075868508455133942304583236903222948165808559332123348274797826204144723168738177180919299881250404026184124858368.000000
[INFO]:[03:46:29] Worker (ils_group_rank=1) exiting parallel ILS evaluation service.
[INFO]:[03:46:30] Worker 21 completed exploration phase.
[INFO]:[03:46:30] Worker 21 received order for step 2.
[INFO]:[03:46:30] Worker 21 running expansion phase for iteration 7.
[INFO]:[03:46:30] Worker 21 will use solver log file: /scratch/yorig/mpils-results-grid-ticks-10000-7may/medium-2/24proc-2pils/seed-1/3_neos-5093327-huahum_seed-1_20260510_033852/solver/cplex.log_iteration_expansion_7_worker_21
[INFO]:[03:46:30] Expansion Worker 21 starting expansion for iteration 7.
[INFO]:[03:46:30] Starting CPLEX solver on instance: /home/yorig/tuner/mpils-tests/instances/miplib/medium-2/neos-5093327-huahum.mps with config: /scratch/yorig/mpils-results-grid-ticks-10000-7may/medium-2/24proc-2pils/seed-1/3_neos-5093327-huahum_seed-1_20260510_033852/expansion/config_param_CPXPARAM_Sifting_Algorithm_4_iter_7.prm
[INFO]:[03:46:36] CPLEX results. Gap: 27.360000, upper bound: 6758.000000, lower bound: 4909.292055
[INFO]:[03:46:36] CPLEX solver finished. Gap: 27.360000
[INFO]:[03:46:38] Expansion Worker 21 stopping early after global MPI expansion stop was activated.
[INFO]:[03:46:38] Expansion Worker 21 completed expansion.
[INFO]:[03:46:38] Worker 21 completed expansion phase.
[INFO]:[03:46:40] Worker 21 received order for step 1.
[INFO]:[03:46:40] Worker 21 running exploration phase for iteration 8.
[INFO]:[03:46:40] Worker 21 at iteration 8 will not use a MIP start file. Current best MIP-start upper bound threshold is 1.79769e+308.
[INFO]:[03:46:40] Starting local search phase...
[INFO]:[03:46:40] Worker (ils_group_rank=1) entering parallel ILS evaluation service.
[INFO]:[03:46:40] Starting CPLEX solver on instance: /home/yorig/tuner/mpils-tests/instances/miplib/medium-2/neos-5093327-huahum.mps with config: /scratch/yorig/mpils-results-grid-ticks-10000-7may/medium-2/24proc-2pils/seed-1/3_neos-5093327-huahum_seed-1_20260510_033852/iterated_local_search/run_8_worker_20/parallel_0_1.prm
[WARN]:[03:46:44] CPLEX finished without a primal feasible solution for config /scratch/yorig/mpils-results-grid-ticks-10000-7may/medium-2/24proc-2pils/seed-1/3_neos-5093327-huahum_seed-1_20260510_033852/iterated_local_search/run_8_worker_20/parallel_0_1.prm.
[INFO]:[03:46:44] CPLEX results. Gap: unavailable, upper bound: null, lower bound: 3937.250000
[INFO]:[03:46:44] CPLEX solver finished. Gap: 179769313486231570814527423731704356798070567525844996598917476803157260780028538760589558632766878171540458953514382464234321326889464182768467546703537516986049910576551282076245490090389328944075868508455133942304583236903222948165808559332123348274797826204144723168738177180919299881250404026184124858368.000000
[INFO]:[03:46:45] Starting CPLEX solver on instance: /home/yorig/tuner/mpils-tests/instances/miplib/medium-2/neos-5093327-huahum.mps with config: /scratch/yorig/mpils-results-grid-ticks-10000-7may/medium-2/24proc-2pils/seed-1/3_neos-5093327-huahum_seed-1_20260510_033852/iterated_local_search/run_8_worker_20/parallel_2_1.prm
[INFO]:[03:46:50] CPLEX results. Gap: 33.330000, upper bound: 7268.000000, lower bound: 4845.656447
[INFO]:[03:46:50] CPLEX solver finished. Gap: 33.330000
[INFO]:[03:46:50] Starting CPLEX solver on instance: /home/yorig/tuner/mpils-tests/instances/miplib/medium-2/neos-5093327-huahum.mps with config: /scratch/yorig/mpils-results-grid-ticks-10000-7may/medium-2/24proc-2pils/seed-1/3_neos-5093327-huahum_seed-1_20260510_033852/iterated_local_search/run_8_worker_20/parallel_4_1.prm
[INFO]:[03:46:55] CPLEX results. Gap: 33.330000, upper bound: 7268.000000, lower bound: 4845.656447
[INFO]:[03:46:55] CPLEX solver finished. Gap: 33.330000
[INFO]:[03:46:55] Starting CPLEX solver on instance: /home/yorig/tuner/mpils-tests/instances/miplib/medium-2/neos-5093327-huahum.mps with config: /scratch/yorig/mpils-results-grid-ticks-10000-7may/medium-2/24proc-2pils/seed-1/3_neos-5093327-huahum_seed-1_20260510_033852/iterated_local_search/run_8_worker_20/parallel_6_1.prm
[INFO]:[03:47:00] CPLEX results. Gap: 33.260000, upper bound: 7267.999998, lower bound: 4850.796917
[INFO]:[03:47:00] CPLEX solver finished. Gap: 33.260000
[INFO]:[03:47:00] Starting CPLEX solver on instance: /home/yorig/tuner/mpils-tests/instances/miplib/medium-2/neos-5093327-huahum.mps with config: /scratch/yorig/mpils-results-grid-ticks-10000-7may/medium-2/24proc-2pils/seed-1/3_neos-5093327-huahum_seed-1_20260510_033852/iterated_local_search/run_8_worker_20/parallel_8_1.prm
[INFO]:[03:47:05] CPLEX results. Gap: 33.340000, upper bound: 7267.999995, lower bound: 4845.138919
[INFO]:[03:47:05] CPLEX solver finished. Gap: 33.340000
[INFO]:[03:47:05] Starting CPLEX solver on instance: /home/yorig/tuner/mpils-tests/instances/miplib/medium-2/neos-5093327-huahum.mps with config: /scratch/yorig/mpils-results-grid-ticks-10000-7may/medium-2/24proc-2pils/seed-1/3_neos-5093327-huahum_seed-1_20260510_033852/iterated_local_search/run_8_worker_20/parallel_10_1.prm
[INFO]:[03:47:09] CPLEX results. Gap: 33.160000, upper bound: 7267.999997, lower bound: 4857.968650
[INFO]:[03:47:09] CPLEX solver finished. Gap: 33.160000
[INFO]:[03:47:10] Starting CPLEX solver on instance: /home/yorig/tuner/mpils-tests/instances/miplib/medium-2/neos-5093327-huahum.mps with config: /scratch/yorig/mpils-results-grid-ticks-10000-7may/medium-2/24proc-2pils/seed-1/3_neos-5093327-huahum_seed-1_20260510_033852/iterated_local_search/run_8_worker_20/parallel_12_1.prm
[INFO]:[03:47:14] CPLEX results. Gap: 33.200000, upper bound: 7267.999997, lower bound: 4854.847994
[INFO]:[03:47:14] CPLEX solver finished. Gap: 33.200000
[INFO]:[03:47:14] Starting CPLEX solver on instance: /home/yorig/tuner/mpils-tests/instances/miplib/medium-2/neos-5093327-huahum.mps with config: /scratch/yorig/mpils-results-grid-ticks-10000-7may/medium-2/24proc-2pils/seed-1/3_neos-5093327-huahum_seed-1_20260510_033852/iterated_local_search/run_8_worker_20/parallel_14_1.prm
[INFO]:[03:47:19] CPLEX results. Gap: 33.160000, upper bound: 7267.999997, lower bound: 4857.968650
[INFO]:[03:47:19] CPLEX solver finished. Gap: 33.160000
[INFO]:[03:47:19] Starting CPLEX solver on instance: /home/yorig/tuner/mpils-tests/instances/miplib/medium-2/neos-5093327-huahum.mps with config: /scratch/yorig/mpils-results-grid-ticks-10000-7may/medium-2/24proc-2pils/seed-1/3_neos-5093327-huahum_seed-1_20260510_033852/iterated_local_search/run_8_worker_20/parallel_16_1.prm
[INFO]:[03:47:24] CPLEX results. Gap: 33.110000, upper bound: 7211.999996, lower bound: 4824.305147
[INFO]:[03:47:24] CPLEX solver finished. Gap: 33.110000
[INFO]:[03:47:24] Worker (ils_group_rank=1) exiting parallel ILS evaluation service.
[INFO]:[03:47:25] Worker 21 completed exploration phase.
[INFO]:[03:47:25] Worker 21 received order for step 2.
[INFO]:[03:47:25] Worker 21 running expansion phase for iteration 8.
[INFO]:[03:47:25] Worker 21 will use solver log file: /scratch/yorig/mpils-results-grid-ticks-10000-7may/medium-2/24proc-2pils/seed-1/3_neos-5093327-huahum_seed-1_20260510_033852/solver/cplex.log_iteration_expansion_8_worker_21
[INFO]:[03:47:25] Expansion Worker 21 starting expansion for iteration 8.
[INFO]:[03:47:25] Starting CPLEX solver on instance: /home/yorig/tuner/mpils-tests/instances/miplib/medium-2/neos-5093327-huahum.mps with config: /scratch/yorig/mpils-results-grid-ticks-10000-7may/medium-2/24proc-2pils/seed-1/3_neos-5093327-huahum_seed-1_20260510_033852/expansion/config_param_CPXPARAM_MIP_Limits_StrongCand_5_iter_8.prm
[INFO]:[03:47:31] CPLEX results. Gap: 25.650000, upper bound: 6591.999999, lower bound: 4901.026108
[INFO]:[03:47:31] CPLEX solver finished. Gap: 25.650000
[INFO]:[03:47:36] Expansion Worker 21 completed expansion.
[INFO]:[03:47:36] Worker 21 completed expansion phase.
[INFO]:[03:47:38] Worker 21 received order for step 1.
[INFO]:[03:47:38] Worker 21 running exploration phase for iteration 9.
[INFO]:[03:47:38] Worker 21 at iteration 9 will not use a MIP start file. Current best MIP-start upper bound threshold is 1.79769e+308.
[INFO]:[03:47:38] Starting local search phase...
[INFO]:[03:47:38] Worker (ils_group_rank=1) entering parallel ILS evaluation service.
[INFO]:[03:47:38] Starting CPLEX solver on instance: /home/yorig/tuner/mpils-tests/instances/miplib/medium-2/neos-5093327-huahum.mps with config: /scratch/yorig/mpils-results-grid-ticks-10000-7may/medium-2/24proc-2pils/seed-1/3_neos-5093327-huahum_seed-1_20260510_033852/iterated_local_search/run_9_worker_20/parallel_0_1.prm
[INFO]:[03:47:43] CPLEX results. Gap: 30.260000, upper bound: 6825.999997, lower bound: 4760.357187
[INFO]:[03:47:43] CPLEX solver finished. Gap: 30.260000
[INFO]:[03:47:43] Starting CPLEX solver on instance: /home/yorig/tuner/mpils-tests/instances/miplib/medium-2/neos-5093327-huahum.mps with config: /scratch/yorig/mpils-results-grid-ticks-10000-7may/medium-2/24proc-2pils/seed-1/3_neos-5093327-huahum_seed-1_20260510_033852/iterated_local_search/run_9_worker_20/parallel_2_1.prm
[INFO]:[03:47:47] CPLEX results. Gap: 30.260000, upper bound: 6825.999997, lower bound: 4760.357187
[INFO]:[03:47:47] CPLEX solver finished. Gap: 30.260000
[INFO]:[03:47:47] Starting CPLEX solver on instance: /home/yorig/tuner/mpils-tests/instances/miplib/medium-2/neos-5093327-huahum.mps with config: /scratch/yorig/mpils-results-grid-ticks-10000-7may/medium-2/24proc-2pils/seed-1/3_neos-5093327-huahum_seed-1_20260510_033852/iterated_local_search/run_9_worker_20/parallel_4_1.prm
[INFO]:[03:47:52] CPLEX results. Gap: 30.260000, upper bound: 6825.999997, lower bound: 4760.357187
[INFO]:[03:47:52] CPLEX solver finished. Gap: 30.260000
[INFO]:[03:47:52] Starting CPLEX solver on instance: /home/yorig/tuner/mpils-tests/instances/miplib/medium-2/neos-5093327-huahum.mps with config: /scratch/yorig/mpils-results-grid-ticks-10000-7may/medium-2/24proc-2pils/seed-1/3_neos-5093327-huahum_seed-1_20260510_033852/iterated_local_search/run_9_worker_20/parallel_6_1.prm
[INFO]:[03:47:58] CPLEX results. Gap: 29.410000, upper bound: 6783.999997, lower bound: 4788.704853
[INFO]:[03:47:58] CPLEX solver finished. Gap: 29.410000
[INFO]:[03:47:58] Starting CPLEX solver on instance: /home/yorig/tuner/mpils-tests/instances/miplib/medium-2/neos-5093327-huahum.mps with config: /scratch/yorig/mpils-results-grid-ticks-10000-7may/medium-2/24proc-2pils/seed-1/3_neos-5093327-huahum_seed-1_20260510_033852/iterated_local_search/run_9_worker_20/parallel_8_1.prm
[INFO]:[03:48:03] CPLEX results. Gap: 29.660000, upper bound: 6783.999997, lower bound: 4771.770416
[INFO]:[03:48:03] CPLEX solver finished. Gap: 29.660000
[INFO]:[03:48:03] Starting CPLEX solver on instance: /home/yorig/tuner/mpils-tests/instances/miplib/medium-2/neos-5093327-huahum.mps with config: /scratch/yorig/mpils-results-grid-ticks-10000-7may/medium-2/24proc-2pils/seed-1/3_neos-5093327-huahum_seed-1_20260510_033852/iterated_local_search/run_9_worker_20/parallel_10_1.prm
[INFO]:[03:48:09] CPLEX results. Gap: 38.350000, upper bound: 6784.000000, lower bound: 4182.000000
[INFO]:[03:48:09] CPLEX solver finished. Gap: 38.350000
[INFO]:[03:48:09] Starting CPLEX solver on instance: /home/yorig/tuner/mpils-tests/instances/miplib/medium-2/neos-5093327-huahum.mps with config: /scratch/yorig/mpils-results-grid-ticks-10000-7may/medium-2/24proc-2pils/seed-1/3_neos-5093327-huahum_seed-1_20260510_033852/iterated_local_search/run_9_worker_20/parallel_12_1.prm
[INFO]:[03:48:15] CPLEX results. Gap: 29.100000, upper bound: 6783.999997, lower bound: 4809.614023
[INFO]:[03:48:15] CPLEX solver finished. Gap: 29.100000
[INFO]:[03:48:15] Starting CPLEX solver on instance: /home/yorig/tuner/mpils-tests/instances/miplib/medium-2/neos-5093327-huahum.mps with config: /scratch/yorig/mpils-results-grid-ticks-10000-7may/medium-2/24proc-2pils/seed-1/3_neos-5093327-huahum_seed-1_20260510_033852/iterated_local_search/run_9_worker_20/parallel_14_1.prm
[INFO]:[03:48:20] CPLEX results. Gap: 29.100000, upper bound: 6783.999997, lower bound: 4809.614023
[INFO]:[03:48:20] CPLEX solver finished. Gap: 29.100000
[INFO]:[03:48:20] Starting CPLEX solver on instance: /home/yorig/tuner/mpils-tests/instances/miplib/medium-2/neos-5093327-huahum.mps with config: /scratch/yorig/mpils-results-grid-ticks-10000-7may/medium-2/24proc-2pils/seed-1/3_neos-5093327-huahum_seed-1_20260510_033852/iterated_local_search/run_9_worker_20/parallel_16_1.prm
[INFO]:[03:48:26] CPLEX results. Gap: 29.080000, upper bound: 6783.999997, lower bound: 4811.472677
[INFO]:[03:48:26] CPLEX solver finished. Gap: 29.080000
[INFO]:[03:48:26] Starting CPLEX solver on instance: /home/yorig/tuner/mpils-tests/instances/miplib/medium-2/neos-5093327-huahum.mps with config: /scratch/yorig/mpils-results-grid-ticks-10000-7may/medium-2/24proc-2pils/seed-1/3_neos-5093327-huahum_seed-1_20260510_033852/iterated_local_search/run_9_worker_20/parallel_18_1.prm
[INFO]:[03:48:31] CPLEX results. Gap: 32.900000, upper bound: 7111.999996, lower bound: 4772.313970
[INFO]:[03:48:31] CPLEX solver finished. Gap: 32.900000
[INFO]:[03:48:31] Starting CPLEX solver on instance: /home/yorig/tuner/mpils-tests/instances/miplib/medium-2/neos-5093327-huahum.mps with config: /scratch/yorig/mpils-results-grid-ticks-10000-7may/medium-2/24proc-2pils/seed-1/3_neos-5093327-huahum_seed-1_20260510_033852/iterated_local_search/run_9_worker_20/parallel_20_1.prm
[INFO]:[03:48:37] CPLEX results. Gap: 29.080000, upper bound: 6783.999997, lower bound: 4811.472677
[INFO]:[03:48:37] CPLEX solver finished. Gap: 29.080000
[INFO]:[03:48:37] Starting CPLEX solver on instance: /home/yorig/tuner/mpils-tests/instances/miplib/medium-2/neos-5093327-huahum.mps with config: /scratch/yorig/mpils-results-grid-ticks-10000-7may/medium-2/24proc-2pils/seed-1/3_neos-5093327-huahum_seed-1_20260510_033852/iterated_local_search/run_9_worker_20/parallel_22_1.prm
[INFO]:[03:48:43] CPLEX results. Gap: 29.080000, upper bound: 6783.999997, lower bound: 4811.472677
[INFO]:[03:48:43] CPLEX solver finished. Gap: 29.080000
[INFO]:[03:48:43] Starting CPLEX solver on instance: /home/yorig/tuner/mpils-tests/instances/miplib/medium-2/neos-5093327-huahum.mps with config: /scratch/yorig/mpils-results-grid-ticks-10000-7may/medium-2/24proc-2pils/seed-1/3_neos-5093327-huahum_seed-1_20260510_033852/iterated_local_search/run_9_worker_20/parallel_24_1.prm
[INFO]:[03:48:48] CPLEX results. Gap: 28.990000, upper bound: 6767.999999, lower bound: 4805.948793
[INFO]:[03:48:48] CPLEX solver finished. Gap: 28.990000
[INFO]:[03:48:48] Starting CPLEX solver on instance: /home/yorig/tuner/mpils-tests/instances/miplib/medium-2/neos-5093327-huahum.mps with config: /scratch/yorig/mpils-results-grid-ticks-10000-7may/medium-2/24proc-2pils/seed-1/3_neos-5093327-huahum_seed-1_20260510_033852/iterated_local_search/run_9_worker_20/parallel_26_1.prm
[INFO]:[03:48:54] CPLEX results. Gap: 39.210000, upper bound: 6768.000000, lower bound: 4114.000000
[INFO]:[03:48:54] CPLEX solver finished. Gap: 39.210000
[INFO]:[03:48:54] Starting CPLEX solver on instance: /home/yorig/tuner/mpils-tests/instances/miplib/medium-2/neos-5093327-huahum.mps with config: /scratch/yorig/mpils-results-grid-ticks-10000-7may/medium-2/24proc-2pils/seed-1/3_neos-5093327-huahum_seed-1_20260510_033852/iterated_local_search/run_9_worker_20/parallel_28_1.prm
[INFO]:[03:48:59] CPLEX results. Gap: 39.130000, upper bound: 7917.999994, lower bound: 4820.000428
[INFO]:[03:48:59] CPLEX solver finished. Gap: 39.130000
[INFO]:[03:48:59] Worker (ils_group_rank=1) exiting parallel ILS evaluation service.
[INFO]:[03:49:06] Worker 21 completed exploration phase.
[INFO]:[03:49:06] Worker 21 received order for step 3.
[INFO]:[03:49:06] Worker 21 finished.
