[INFO]:[07:36:38] Worker 11 starting.
[INFO]:[07:36:38] Worker 11 received order for step 1.
[INFO]:[07:36:38] Worker 11 running exploration phase for iteration 1.
[INFO]:[07:36:38] Worker 11 at iteration 1 will not use a MIP start file. Current best MIP-start upper bound threshold is 1.79769e+308.
[INFO]:[07:36:38] Starting local search phase...
[INFO]:[07:36:38] Worker (ils_group_rank=11) entering parallel ILS evaluation service.
[INFO]:[07:36:38] Starting CPLEX solver on instance: /home/yorig/tuner/mpils-tests/instances/miplib/easy/lotsize.mps with config: /scratch/yorig/mpils-results-grid-ticks-10000-7may/easy/16proc-16pils/seed-5/4_lotsize_seed-5_20260510_073637/iterated_local_search/run_1_worker_0/parallel_0_11.prm
[INFO]:[07:36:44] CPLEX results. Gap: 32.470000, upper bound: 1754068.000000, lower bound: 1184589.113626
[INFO]:[07:36:44] CPLEX solver finished. Gap: 32.470000
[INFO]:[07:36:48] Starting CPLEX solver on instance: /home/yorig/tuner/mpils-tests/instances/miplib/easy/lotsize.mps with config: /scratch/yorig/mpils-results-grid-ticks-10000-7may/easy/16proc-16pils/seed-5/4_lotsize_seed-5_20260510_073637/iterated_local_search/run_1_worker_0/parallel_16_11.prm
[INFO]:[07:36:57] CPLEX results. Gap: 26.060000, upper bound: 1684170.000001, lower bound: 1245237.307892
[INFO]:[07:36:57] CPLEX solver finished. Gap: 26.060000
[INFO]:[07:36:57] Worker (ils_group_rank=11) exiting parallel ILS evaluation service.
[INFO]:[07:36:57] Worker 11 completed exploration phase.
[INFO]:[07:36:57] Worker 11 received order for step 2.
[INFO]:[07:36:57] Worker 11 running expansion phase for iteration 1.
[INFO]:[07:36:57] Worker 11 will use solver log file: /scratch/yorig/mpils-results-grid-ticks-10000-7may/easy/16proc-16pils/seed-5/4_lotsize_seed-5_20260510_073637/solver/cplex.log_iteration_expansion_1_worker_11
[INFO]:[07:36:57] Expansion Worker 11 starting expansion for iteration 1.
[INFO]:[07:36:57] Starting CPLEX solver on instance: /home/yorig/tuner/mpils-tests/instances/miplib/easy/lotsize.mps with config: /scratch/yorig/mpils-results-grid-ticks-10000-7may/easy/16proc-16pils/seed-5/4_lotsize_seed-5_20260510_073637/expansion/config_param_CPXPARAM_MIP_Strategy_VariableSelect_3_iter_1.prm
[INFO]:[07:37:03] CPLEX results. Gap: 87.820000, upper bound: 7973370.000000, lower bound: 971364.311129
[INFO]:[07:37:03] CPLEX solver finished. Gap: 87.820000
[INFO]:[07:37:06] Expansion Worker 11 stopping early after global MPI expansion stop was activated.
[INFO]:[07:37:06] Expansion Worker 11 completed expansion.
[INFO]:[07:37:06] Worker 11 completed expansion phase.
[INFO]:[07:37:06] Worker 11 received order for step 1.
[INFO]:[07:37:06] Worker 11 running exploration phase for iteration 2.
[INFO]:[07:37:06] Worker 11 at iteration 2 will not use a MIP start file. Current best MIP-start upper bound threshold is 1.79769e+308.
[INFO]:[07:37:06] Starting local search phase...
[INFO]:[07:37:06] Worker (ils_group_rank=11) entering parallel ILS evaluation service.
[INFO]:[07:37:06] Starting CPLEX solver on instance: /home/yorig/tuner/mpils-tests/instances/miplib/easy/lotsize.mps with config: /scratch/yorig/mpils-results-grid-ticks-10000-7may/easy/16proc-16pils/seed-5/4_lotsize_seed-5_20260510_073637/iterated_local_search/run_2_worker_0/parallel_0_11.prm
[INFO]:[07:37:14] CPLEX results. Gap: 15.370000, upper bound: 1566132.000000, lower bound: 1325473.126638
[INFO]:[07:37:14] CPLEX solver finished. Gap: 15.370000
[INFO]:[07:37:16] Worker (ils_group_rank=11) exiting parallel ILS evaluation service.
[INFO]:[07:37:16] Worker 11 completed exploration phase.
[INFO]:[07:37:16] Worker 11 received order for step 2.
[INFO]:[07:37:16] Worker 11 running expansion phase for iteration 2.
[INFO]:[07:37:16] Worker 11 will use solver log file: /scratch/yorig/mpils-results-grid-ticks-10000-7may/easy/16proc-16pils/seed-5/4_lotsize_seed-5_20260510_073637/solver/cplex.log_iteration_expansion_2_worker_11
[INFO]:[07:37:16] Expansion Worker 11 starting expansion for iteration 2.
[INFO]:[07:37:16] Starting CPLEX solver on instance: /home/yorig/tuner/mpils-tests/instances/miplib/easy/lotsize.mps with config: /scratch/yorig/mpils-results-grid-ticks-10000-7may/easy/16proc-16pils/seed-5/4_lotsize_seed-5_20260510_073637/expansion/config_param_CPXPARAM_MIP_Strategy_NodeSelect_3_iter_2.prm
[INFO]:[07:37:23] CPLEX results. Gap: 18.620000, upper bound: 1621959.000000, lower bound: 1319934.184145
[INFO]:[07:37:23] CPLEX solver finished. Gap: 18.620000
[INFO]:[07:37:25] Starting CPLEX solver on instance: /home/yorig/tuner/mpils-tests/instances/miplib/easy/lotsize.mps with config: /scratch/yorig/mpils-results-grid-ticks-10000-7may/easy/16proc-16pils/seed-5/4_lotsize_seed-5_20260510_073637/expansion/config_param_CPXPARAM_MIP_Strategy_RINSHeur_-1_iter_2.prm
[INFO]:[07:37:34] CPLEX results. Gap: 17.350000, upper bound: 1594730.000000, lower bound: 1318060.286668
[INFO]:[07:37:34] CPLEX solver finished. Gap: 17.350000
[INFO]:[07:37:34] Starting CPLEX solver on instance: /home/yorig/tuner/mpils-tests/instances/miplib/easy/lotsize.mps with config: /scratch/yorig/mpils-results-grid-ticks-10000-7may/easy/16proc-16pils/seed-5/4_lotsize_seed-5_20260510_073637/expansion/config_param_CPXPARAM_MIP_Strategy_Branch_-1_iter_2.prm
[INFO]:[07:37:41] CPLEX results. Gap: 43.170000, upper bound: 2235113.000000, lower bound: 1270277.591869
[INFO]:[07:37:41] CPLEX solver finished. Gap: 43.170000
[INFO]:[07:37:41] Expansion Worker 11 stopping early after global MPI expansion stop was activated.
[INFO]:[07:37:41] Expansion Worker 11 completed expansion.
[INFO]:[07:37:41] Worker 11 completed expansion phase.
[INFO]:[07:37:42] Worker 11 received order for step 1.
[INFO]:[07:37:42] Worker 11 running exploration phase for iteration 3.
[INFO]:[07:37:42] Worker 11 at iteration 3 will not use a MIP start file. Current best MIP-start upper bound threshold is 1.79769e+308.
[INFO]:[07:37:42] Starting local search phase...
[INFO]:[07:37:42] Worker (ils_group_rank=11) entering parallel ILS evaluation service.
[INFO]:[07:37:42] Starting CPLEX solver on instance: /home/yorig/tuner/mpils-tests/instances/miplib/easy/lotsize.mps with config: /scratch/yorig/mpils-results-grid-ticks-10000-7may/easy/16proc-16pils/seed-5/4_lotsize_seed-5_20260510_073637/iterated_local_search/run_3_worker_0/parallel_0_11.prm
[INFO]:[07:37:51] CPLEX results. Gap: 16.160000, upper bound: 1541600.000000, lower bound: 1292447.123160
[INFO]:[07:37:51] CPLEX solver finished. Gap: 16.160000
[INFO]:[07:37:51] Worker (ils_group_rank=11) exiting parallel ILS evaluation service.
[INFO]:[07:37:51] Worker 11 completed exploration phase.
[INFO]:[07:37:51] Worker 11 received order for step 2.
[INFO]:[07:37:51] Worker 11 running expansion phase for iteration 3.
[INFO]:[07:37:51] Worker 11 will use solver log file: /scratch/yorig/mpils-results-grid-ticks-10000-7may/easy/16proc-16pils/seed-5/4_lotsize_seed-5_20260510_073637/solver/cplex.log_iteration_expansion_3_worker_11
[INFO]:[07:37:51] Expansion Worker 11 starting expansion for iteration 3.
[INFO]:[07:37:51] Starting CPLEX solver on instance: /home/yorig/tuner/mpils-tests/instances/miplib/easy/lotsize.mps with config: /scratch/yorig/mpils-results-grid-ticks-10000-7may/easy/16proc-16pils/seed-5/4_lotsize_seed-5_20260510_073637/expansion/config_param_CPXPARAM_MIP_Strategy_Order_0_iter_3.prm
[INFO]:[07:37:59] CPLEX results. Gap: 13.600000, upper bound: 1533508.000000, lower bound: 1324929.577128
[INFO]:[07:37:59] CPLEX solver finished. Gap: 13.600000
[INFO]:[07:38:00] Starting CPLEX solver on instance: /home/yorig/tuner/mpils-tests/instances/miplib/easy/lotsize.mps with config: /scratch/yorig/mpils-results-grid-ticks-10000-7may/easy/16proc-16pils/seed-5/4_lotsize_seed-5_20260510_073637/expansion/config_param_CPXPARAM_MIP_Strategy_HeuristicFreq_1000_iter_3.prm
[INFO]:[07:38:08] CPLEX results. Gap: 18.160000, upper bound: 1558085.000000, lower bound: 1275206.656888
[INFO]:[07:38:08] CPLEX solver finished. Gap: 18.160000
[INFO]:[07:38:16] Expansion Worker 11 completed expansion.
[INFO]:[07:38:16] Worker 11 completed expansion phase.
[INFO]:[07:38:16] Worker 11 received order for step 1.
[INFO]:[07:38:16] Worker 11 running exploration phase for iteration 4.
[INFO]:[07:38:16] Worker 11 at iteration 4 will not use a MIP start file. Current best MIP-start upper bound threshold is 1.79769e+308.
[INFO]:[07:38:16] Starting local search phase...
[INFO]:[07:38:16] Worker (ils_group_rank=11) entering parallel ILS evaluation service.
[INFO]:[07:38:16] Starting CPLEX solver on instance: /home/yorig/tuner/mpils-tests/instances/miplib/easy/lotsize.mps with config: /scratch/yorig/mpils-results-grid-ticks-10000-7may/easy/16proc-16pils/seed-5/4_lotsize_seed-5_20260510_073637/iterated_local_search/run_4_worker_0/parallel_0_11.prm
[INFO]:[07:38:25] CPLEX results. Gap: 18.530000, upper bound: 1540934.000000, lower bound: 1255328.136324
[INFO]:[07:38:25] CPLEX solver finished. Gap: 18.530000
[INFO]:[07:38:26] Worker (ils_group_rank=11) exiting parallel ILS evaluation service.
[INFO]:[07:38:26] Worker 11 completed exploration phase.
[INFO]:[07:38:26] Worker 11 received order for step 2.
[INFO]:[07:38:26] Worker 11 running expansion phase for iteration 4.
[INFO]:[07:38:26] Worker 11 will use solver log file: /scratch/yorig/mpils-results-grid-ticks-10000-7may/easy/16proc-16pils/seed-5/4_lotsize_seed-5_20260510_073637/solver/cplex.log_iteration_expansion_4_worker_11
[INFO]:[07:38:26] Expansion Worker 11 starting expansion for iteration 4.
[INFO]:[07:38:26] Starting CPLEX solver on instance: /home/yorig/tuner/mpils-tests/instances/miplib/easy/lotsize.mps with config: /scratch/yorig/mpils-results-grid-ticks-10000-7may/easy/16proc-16pils/seed-5/4_lotsize_seed-5_20260510_073637/expansion/config_param_CPXPARAM_Simplex_PGradient_1_iter_4.prm
[INFO]:[07:38:33] CPLEX results. Gap: 13.600000, upper bound: 1533508.000000, lower bound: 1324929.577128
[INFO]:[07:38:33] CPLEX solver finished. Gap: 13.600000
[INFO]:[07:38:34] Starting CPLEX solver on instance: /home/yorig/tuner/mpils-tests/instances/miplib/easy/lotsize.mps with config: /scratch/yorig/mpils-results-grid-ticks-10000-7may/easy/16proc-16pils/seed-5/4_lotsize_seed-5_20260510_073637/expansion/config_param_CPXPARAM_Barrier_Crossover_2_iter_4.prm
[INFO]:[07:38:42] CPLEX results. Gap: 13.600000, upper bound: 1533508.000000, lower bound: 1324929.577128
[INFO]:[07:38:42] CPLEX solver finished. Gap: 13.600000
[INFO]:[07:38:49] Expansion Worker 11 completed expansion.
[INFO]:[07:38:49] Worker 11 completed expansion phase.
[INFO]:[07:38:49] Worker 11 received order for step 1.
[INFO]:[07:38:49] Worker 11 running exploration phase for iteration 5.
[INFO]:[07:38:49] Worker 11 at iteration 5 will not use a MIP start file. Current best MIP-start upper bound threshold is 1.79769e+308.
[INFO]:[07:38:49] Starting local search phase...
[INFO]:[07:38:49] Worker (ils_group_rank=11) entering parallel ILS evaluation service.
[INFO]:[07:38:49] Starting CPLEX solver on instance: /home/yorig/tuner/mpils-tests/instances/miplib/easy/lotsize.mps with config: /scratch/yorig/mpils-results-grid-ticks-10000-7may/easy/16proc-16pils/seed-5/4_lotsize_seed-5_20260510_073637/iterated_local_search/run_5_worker_0/parallel_0_11.prm
[INFO]:[07:38:57] CPLEX results. Gap: 23.670000, upper bound: 1617050.000000, lower bound: 1234234.533863
[INFO]:[07:38:57] CPLEX solver finished. Gap: 23.670000
[INFO]:[07:38:59] Worker (ils_group_rank=11) exiting parallel ILS evaluation service.
[INFO]:[07:38:59] Worker 11 completed exploration phase.
[INFO]:[07:38:59] Worker 11 received order for step 2.
[INFO]:[07:38:59] Worker 11 running expansion phase for iteration 5.
[INFO]:[07:38:59] Worker 11 will use solver log file: /scratch/yorig/mpils-results-grid-ticks-10000-7may/easy/16proc-16pils/seed-5/4_lotsize_seed-5_20260510_073637/solver/cplex.log_iteration_expansion_5_worker_11
[INFO]:[07:38:59] Expansion Worker 11 starting expansion for iteration 5.
[INFO]:[07:38:59] Starting CPLEX solver on instance: /home/yorig/tuner/mpils-tests/instances/miplib/easy/lotsize.mps with config: /scratch/yorig/mpils-results-grid-ticks-10000-7may/easy/16proc-16pils/seed-5/4_lotsize_seed-5_20260510_073637/expansion/config_param_CPXPARAM_Feasopt_Mode_2_iter_5.prm
[INFO]:[07:39:07] CPLEX results. Gap: 13.600000, upper bound: 1533508.000000, lower bound: 1324929.577128
[INFO]:[07:39:07] CPLEX solver finished. Gap: 13.600000
[INFO]:[07:39:08] Starting CPLEX solver on instance: /home/yorig/tuner/mpils-tests/instances/miplib/easy/lotsize.mps with config: /scratch/yorig/mpils-results-grid-ticks-10000-7may/easy/16proc-16pils/seed-5/4_lotsize_seed-5_20260510_073637/expansion/config_param_CPXPARAM_Emphasis_Numerical_1_iter_5.prm
[INFO]:[07:39:17] CPLEX results. Gap: 18.790000, upper bound: 1548768.000000, lower bound: 1257769.736216
[INFO]:[07:39:17] CPLEX solver finished. Gap: 18.790000
[INFO]:[07:39:18] Expansion Worker 11 completed expansion.
[INFO]:[07:39:18] Worker 11 completed expansion phase.
[INFO]:[07:39:18] Worker 11 received order for step 1.
[INFO]:[07:39:18] Worker 11 running exploration phase for iteration 6.
[INFO]:[07:39:18] Worker 11 at iteration 6 will not use a MIP start file. Current best MIP-start upper bound threshold is 1.79769e+308.
[INFO]:[07:39:18] Starting local search phase...
[INFO]:[07:39:18] Worker (ils_group_rank=11) entering parallel ILS evaluation service.
[INFO]:[07:39:18] Starting CPLEX solver on instance: /home/yorig/tuner/mpils-tests/instances/miplib/easy/lotsize.mps with config: /scratch/yorig/mpils-results-grid-ticks-10000-7may/easy/16proc-16pils/seed-5/4_lotsize_seed-5_20260510_073637/iterated_local_search/run_6_worker_0/parallel_0_11.prm
[INFO]:[07:39:26] CPLEX results. Gap: 17.630000, upper bound: 1547152.000000, lower bound: 1274348.460470
[INFO]:[07:39:26] CPLEX solver finished. Gap: 17.630000
[INFO]:[07:39:27] Starting CPLEX solver on instance: /home/yorig/tuner/mpils-tests/instances/miplib/easy/lotsize.mps with config: /scratch/yorig/mpils-results-grid-ticks-10000-7may/easy/16proc-16pils/seed-5/4_lotsize_seed-5_20260510_073637/iterated_local_search/run_6_worker_0/parallel_16_11.prm
[INFO]:[07:39:36] CPLEX results. Gap: 17.740000, upper bound: 1562040.000000, lower bound: 1284957.098004
[INFO]:[07:39:36] CPLEX solver finished. Gap: 17.740000
[INFO]:[07:39:36] Worker (ils_group_rank=11) exiting parallel ILS evaluation service.
[INFO]:[07:39:36] Worker 11 completed exploration phase.
[INFO]:[07:39:36] Worker 11 received order for step 2.
[INFO]:[07:39:36] Worker 11 running expansion phase for iteration 6.
[INFO]:[07:39:36] Worker 11 will use solver log file: /scratch/yorig/mpils-results-grid-ticks-10000-7may/easy/16proc-16pils/seed-5/4_lotsize_seed-5_20260510_073637/solver/cplex.log_iteration_expansion_6_worker_11
[INFO]:[07:39:36] Expansion Worker 11 starting expansion for iteration 6.
[INFO]:[07:39:36] Starting CPLEX solver on instance: /home/yorig/tuner/mpils-tests/instances/miplib/easy/lotsize.mps with config: /scratch/yorig/mpils-results-grid-ticks-10000-7may/easy/16proc-16pils/seed-5/4_lotsize_seed-5_20260510_073637/expansion/config_param_CPXPARAM_LPMethod_3_iter_6.prm
[INFO]:[07:39:44] CPLEX results. Gap: 13.600000, upper bound: 1533508.000000, lower bound: 1324929.577128
[INFO]:[07:39:44] CPLEX solver finished. Gap: 13.600000
[INFO]:[07:39:45] Expansion Worker 11 stopping early after global MPI expansion stop was activated.
[INFO]:[07:39:45] Expansion Worker 11 completed expansion.
[INFO]:[07:39:45] Worker 11 completed expansion phase.
[INFO]:[07:39:45] Worker 11 received order for step 1.
[INFO]:[07:39:45] Worker 11 running exploration phase for iteration 7.
[INFO]:[07:39:45] Worker 11 at iteration 7 will not use a MIP start file. Current best MIP-start upper bound threshold is 1.79769e+308.
[INFO]:[07:39:45] Starting local search phase...
[INFO]:[07:39:45] Worker (ils_group_rank=11) entering parallel ILS evaluation service.
[INFO]:[07:39:45] Starting CPLEX solver on instance: /home/yorig/tuner/mpils-tests/instances/miplib/easy/lotsize.mps with config: /scratch/yorig/mpils-results-grid-ticks-10000-7may/easy/16proc-16pils/seed-5/4_lotsize_seed-5_20260510_073637/iterated_local_search/run_7_worker_0/parallel_0_11.prm
[INFO]:[07:39:52] CPLEX results. Gap: 13.800000, upper bound: 1537733.000000, lower bound: 1325473.126638
[INFO]:[07:39:52] CPLEX solver finished. Gap: 13.800000
[INFO]:[07:39:55] Starting CPLEX solver on instance: /home/yorig/tuner/mpils-tests/instances/miplib/easy/lotsize.mps with config: /scratch/yorig/mpils-results-grid-ticks-10000-7may/easy/16proc-16pils/seed-5/4_lotsize_seed-5_20260510_073637/iterated_local_search/run_7_worker_0/parallel_16_11.prm
[INFO]:[07:40:02] CPLEX results. Gap: 13.800000, upper bound: 1537733.000000, lower bound: 1325473.126638
[INFO]:[07:40:02] CPLEX solver finished. Gap: 13.800000
[INFO]:[07:40:04] Worker (ils_group_rank=11) exiting parallel ILS evaluation service.
[INFO]:[07:40:04] Worker 11 completed exploration phase.
[INFO]:[07:40:04] Worker 11 received order for step 2.
[INFO]:[07:40:04] Worker 11 running expansion phase for iteration 7.
[INFO]:[07:40:04] Worker 11 will use solver log file: /scratch/yorig/mpils-results-grid-ticks-10000-7may/easy/16proc-16pils/seed-5/4_lotsize_seed-5_20260510_073637/solver/cplex.log_iteration_expansion_7_worker_11
[INFO]:[07:40:04] Expansion Worker 11 starting expansion for iteration 7.
[INFO]:[07:40:04] Starting CPLEX solver on instance: /home/yorig/tuner/mpils-tests/instances/miplib/easy/lotsize.mps with config: /scratch/yorig/mpils-results-grid-ticks-10000-7may/easy/16proc-16pils/seed-5/4_lotsize_seed-5_20260510_073637/expansion/config_param_CPXPARAM_Sifting_Algorithm_4_iter_7.prm
[INFO]:[07:40:12] CPLEX results. Gap: 9.730000, upper bound: 1513512.000000, lower bound: 1366279.697040
[INFO]:[07:40:12] CPLEX solver finished. Gap: 9.730000
[INFO]:[07:40:21] Expansion Worker 11 completed expansion.
[INFO]:[07:40:21] Worker 11 completed expansion phase.
[INFO]:[07:40:21] Worker 11 received order for step 1.
[INFO]:[07:40:21] Worker 11 running exploration phase for iteration 8.
[INFO]:[07:40:21] Worker 11 at iteration 8 will not use a MIP start file. Current best MIP-start upper bound threshold is 1.79769e+308.
[INFO]:[07:40:21] Starting local search phase...
[INFO]:[07:40:21] Worker (ils_group_rank=11) entering parallel ILS evaluation service.
[INFO]:[07:40:21] Starting CPLEX solver on instance: /home/yorig/tuner/mpils-tests/instances/miplib/easy/lotsize.mps with config: /scratch/yorig/mpils-results-grid-ticks-10000-7may/easy/16proc-16pils/seed-5/4_lotsize_seed-5_20260510_073637/iterated_local_search/run_8_worker_0/parallel_0_11.prm
[INFO]:[07:40:29] CPLEX results. Gap: 17.610000, upper bound: 1579311.000000, lower bound: 1301127.015728
[INFO]:[07:40:29] CPLEX solver finished. Gap: 17.610000
[INFO]:[07:40:31] Starting CPLEX solver on instance: /home/yorig/tuner/mpils-tests/instances/miplib/easy/lotsize.mps with config: /scratch/yorig/mpils-results-grid-ticks-10000-7may/easy/16proc-16pils/seed-5/4_lotsize_seed-5_20260510_073637/iterated_local_search/run_8_worker_0/parallel_16_11.prm
[INFO]:[07:40:38] CPLEX results. Gap: 13.800000, upper bound: 1537733.000000, lower bound: 1325473.126638
[INFO]:[07:40:38] CPLEX solver finished. Gap: 13.800000
[INFO]:[07:40:40] Worker (ils_group_rank=11) exiting parallel ILS evaluation service.
[INFO]:[07:40:40] Worker 11 completed exploration phase.
[INFO]:[07:40:40] Worker 11 received order for step 3.
[INFO]:[07:40:40] Worker 11 finished.
