[INFO]:[07:27:35] Worker 12 starting.
[INFO]:[07:27:35] Worker 12 received order for step 1.
[INFO]:[07:27:35] Worker 12 running exploration phase for iteration 1.
[INFO]:[07:27:35] Worker 12 at iteration 1 will not use a MIP start file. Current best MIP-start upper bound threshold is 1.79769e+308.
[INFO]:[07:27:35] Starting local search phase...
[INFO]:[07:27:35] Worker (ils_group_rank=12) entering parallel ILS evaluation service.
[INFO]:[07:27:35] Starting CPLEX solver on instance: /home/yorig/tuner/mpils-tests/instances/miplib/easy/csched008.mps with config: /scratch/yorig/mpils-results-grid-ticks-10000-7may/easy/16proc-16pils/seed-5/1_csched008_seed-5_20260510_072734/iterated_local_search/run_1_worker_0/parallel_0_12.prm
[INFO]:[07:27:41] CPLEX results. Gap: 2.840000, upper bound: 176.000000, lower bound: 171.000000
[INFO]:[07:27:41] CPLEX solver finished. Gap: 2.840000
[INFO]:[07:27:43] Starting CPLEX solver on instance: /home/yorig/tuner/mpils-tests/instances/miplib/easy/csched008.mps with config: /scratch/yorig/mpils-results-grid-ticks-10000-7may/easy/16proc-16pils/seed-5/1_csched008_seed-5_20260510_072734/iterated_local_search/run_1_worker_0/parallel_16_12.prm
[INFO]:[07:27:49] CPLEX results. Gap: 4.070000, upper bound: 179.000000, lower bound: 171.711721
[INFO]:[07:27:49] CPLEX solver finished. Gap: 4.070000
[INFO]:[07:27:49] Worker (ils_group_rank=12) exiting parallel ILS evaluation service.
[INFO]:[07:27:49] Worker 12 completed exploration phase.
[INFO]:[07:27:49] Worker 12 received order for step 2.
[INFO]:[07:27:49] Worker 12 running expansion phase for iteration 1.
[INFO]:[07:27:49] Worker 12 will use solver log file: /scratch/yorig/mpils-results-grid-ticks-10000-7may/easy/16proc-16pils/seed-5/1_csched008_seed-5_20260510_072734/solver/cplex.log_iteration_expansion_1_worker_12
[INFO]:[07:27:49] Expansion Worker 12 starting expansion for iteration 1.
[INFO]:[07:27:49] Starting CPLEX solver on instance: /home/yorig/tuner/mpils-tests/instances/miplib/easy/csched008.mps with config: /scratch/yorig/mpils-results-grid-ticks-10000-7may/easy/16proc-16pils/seed-5/1_csched008_seed-5_20260510_072734/expansion/config_param_CPXPARAM_MIP_Strategy_VariableSelect_4_iter_1.prm
[INFO]:[07:27:55] CPLEX results. Gap: 1.680000, upper bound: 174.000000, lower bound: 171.075758
[INFO]:[07:27:55] CPLEX solver finished. Gap: 1.680000
[INFO]:[07:27:56] Starting CPLEX solver on instance: /home/yorig/tuner/mpils-tests/instances/miplib/easy/csched008.mps with config: /scratch/yorig/mpils-results-grid-ticks-10000-7may/easy/16proc-16pils/seed-5/1_csched008_seed-5_20260510_072734/expansion/config_param_CPXPARAM_MIP_Limits_ProbeTime_60_iter_1.prm
[INFO]:[07:28:02] CPLEX results. Gap: 4.370000, upper bound: 179.000000, lower bound: 171.181818
[INFO]:[07:28:02] CPLEX solver finished. Gap: 4.370000
[INFO]:[07:28:03] Starting CPLEX solver on instance: /home/yorig/tuner/mpils-tests/instances/miplib/easy/csched008.mps with config: /scratch/yorig/mpils-results-grid-ticks-10000-7may/easy/16proc-16pils/seed-5/1_csched008_seed-5_20260510_072734/expansion/config_param_CPXPARAM_MIP_Strategy_BBInterval_10_iter_1.prm
[INFO]:[07:28:09] CPLEX results. Gap: 1.150000, upper bound: 174.000000, lower bound: 172.000000
[INFO]:[07:28:09] CPLEX solver finished. Gap: 1.150000
[INFO]:[07:28:16] Expansion Worker 12 completed expansion.
[INFO]:[07:28:16] Worker 12 completed expansion phase.
[INFO]:[07:28:16] Worker 12 received order for step 1.
[INFO]:[07:28:16] Worker 12 running exploration phase for iteration 2.
[INFO]:[07:28:16] Worker 12 at iteration 2 will not use a MIP start file. Current best MIP-start upper bound threshold is 1.79769e+308.
[INFO]:[07:28:16] Starting local search phase...
[INFO]:[07:28:16] Worker (ils_group_rank=12) entering parallel ILS evaluation service.
[INFO]:[07:28:16] Starting CPLEX solver on instance: /home/yorig/tuner/mpils-tests/instances/miplib/easy/csched008.mps with config: /scratch/yorig/mpils-results-grid-ticks-10000-7may/easy/16proc-16pils/seed-5/1_csched008_seed-5_20260510_072734/iterated_local_search/run_2_worker_0/parallel_0_12.prm
[INFO]:[07:28:22] CPLEX results. Gap: 1.710000, upper bound: 175.000000, lower bound: 172.000000
[INFO]:[07:28:22] CPLEX solver finished. Gap: 1.710000
[INFO]:[07:28:23] Worker (ils_group_rank=12) exiting parallel ILS evaluation service.
[INFO]:[07:28:23] Worker 12 completed exploration phase.
[INFO]:[07:28:23] Worker 12 received order for step 2.
[INFO]:[07:28:23] Worker 12 running expansion phase for iteration 2.
[INFO]:[07:28:23] Worker 12 will use solver log file: /scratch/yorig/mpils-results-grid-ticks-10000-7may/easy/16proc-16pils/seed-5/1_csched008_seed-5_20260510_072734/solver/cplex.log_iteration_expansion_2_worker_12
[INFO]:[07:28:23] Expansion Worker 12 starting expansion for iteration 2.
[INFO]:[07:28:23] Starting CPLEX solver on instance: /home/yorig/tuner/mpils-tests/instances/miplib/easy/csched008.mps with config: /scratch/yorig/mpils-results-grid-ticks-10000-7may/easy/16proc-16pils/seed-5/1_csched008_seed-5_20260510_072734/expansion/config_param_CPXPARAM_Preprocessing_Dual_-1_iter_2.prm
[INFO]:[07:28:29] CPLEX results. Gap: 1.150000, upper bound: 174.000000, lower bound: 172.000000
[INFO]:[07:28:29] CPLEX solver finished. Gap: 1.150000
[INFO]:[07:28:30] Starting CPLEX solver on instance: /home/yorig/tuner/mpils-tests/instances/miplib/easy/csched008.mps with config: /scratch/yorig/mpils-results-grid-ticks-10000-7may/easy/16proc-16pils/seed-5/1_csched008_seed-5_20260510_072734/expansion/config_param_CPXPARAM_MIP_Strategy_SubAlgorithm_2_iter_2.prm
[INFO]:[07:28:36] CPLEX results. Gap: 2.180000, upper bound: 175.000000, lower bound: 171.187051
[INFO]:[07:28:36] CPLEX solver finished. Gap: 2.180000
[INFO]:[07:28:44] Expansion Worker 12 completed expansion.
[INFO]:[07:28:44] Worker 12 completed expansion phase.
[INFO]:[07:28:44] Worker 12 received order for step 1.
[INFO]:[07:28:44] Worker 12 running exploration phase for iteration 3.
[INFO]:[07:28:44] Worker 12 at iteration 3 will not use a MIP start file. Current best MIP-start upper bound threshold is 1.79769e+308.
[INFO]:[07:28:44] Starting local search phase...
[INFO]:[07:28:44] Worker (ils_group_rank=12) entering parallel ILS evaluation service.
[INFO]:[07:28:44] Starting CPLEX solver on instance: /home/yorig/tuner/mpils-tests/instances/miplib/easy/csched008.mps with config: /scratch/yorig/mpils-results-grid-ticks-10000-7may/easy/16proc-16pils/seed-5/1_csched008_seed-5_20260510_072734/iterated_local_search/run_3_worker_0/parallel_0_12.prm
[INFO]:[07:28:50] CPLEX results. Gap: 5.000000, upper bound: 180.000000, lower bound: 171.000000
[INFO]:[07:28:50] CPLEX solver finished. Gap: 5.000000
[INFO]:[07:28:51] Worker (ils_group_rank=12) exiting parallel ILS evaluation service.
[INFO]:[07:28:51] Worker 12 completed exploration phase.
[INFO]:[07:28:51] Worker 12 received order for step 2.
[INFO]:[07:28:51] Worker 12 running expansion phase for iteration 3.
[INFO]:[07:28:51] Worker 12 will use solver log file: /scratch/yorig/mpils-results-grid-ticks-10000-7may/easy/16proc-16pils/seed-5/1_csched008_seed-5_20260510_072734/solver/cplex.log_iteration_expansion_3_worker_12
[INFO]:[07:28:51] Expansion Worker 12 starting expansion for iteration 3.
[INFO]:[07:28:51] Starting CPLEX solver on instance: /home/yorig/tuner/mpils-tests/instances/miplib/easy/csched008.mps with config: /scratch/yorig/mpils-results-grid-ticks-10000-7may/easy/16proc-16pils/seed-5/1_csched008_seed-5_20260510_072734/expansion/config_param_CPXPARAM_Preprocessing_Fill_2_iter_3.prm
[INFO]:[07:28:58] CPLEX results. Gap: 1.150000, upper bound: 174.000000, lower bound: 172.000000
[INFO]:[07:28:58] CPLEX solver finished. Gap: 1.150000
[INFO]:[07:28:58] Starting CPLEX solver on instance: /home/yorig/tuner/mpils-tests/instances/miplib/easy/csched008.mps with config: /scratch/yorig/mpils-results-grid-ticks-10000-7may/easy/16proc-16pils/seed-5/1_csched008_seed-5_20260510_072734/expansion/config_param_CPXPARAM_Preprocessing_CoeffReduce_2_iter_3.prm
[INFO]:[07:29:04] CPLEX results. Gap: 1.150000, upper bound: 174.000000, lower bound: 172.000000
[INFO]:[07:29:04] CPLEX solver finished. Gap: 1.150000
[INFO]:[07:29:05] Expansion Worker 12 completed expansion.
[INFO]:[07:29:05] Worker 12 completed expansion phase.
[INFO]:[07:29:05] Worker 12 received order for step 1.
[INFO]:[07:29:05] Worker 12 running exploration phase for iteration 4.
[INFO]:[07:29:05] Worker 12 at iteration 4 will not use a MIP start file. Current best MIP-start upper bound threshold is 1.79769e+308.
[INFO]:[07:29:05] Starting local search phase...
[INFO]:[07:29:05] Worker (ils_group_rank=12) entering parallel ILS evaluation service.
[INFO]:[07:29:05] Starting CPLEX solver on instance: /home/yorig/tuner/mpils-tests/instances/miplib/easy/csched008.mps with config: /scratch/yorig/mpils-results-grid-ticks-10000-7may/easy/16proc-16pils/seed-5/1_csched008_seed-5_20260510_072734/iterated_local_search/run_4_worker_0/parallel_0_12.prm
[INFO]:[07:29:11] CPLEX results. Gap: 5.000000, upper bound: 180.000000, lower bound: 171.000000
[INFO]:[07:29:11] CPLEX solver finished. Gap: 5.000000
[INFO]:[07:29:13] Worker (ils_group_rank=12) exiting parallel ILS evaluation service.
[INFO]:[07:29:13] Worker 12 completed exploration phase.
[INFO]:[07:29:13] Worker 12 received order for step 2.
[INFO]:[07:29:13] Worker 12 running expansion phase for iteration 4.
[INFO]:[07:29:13] Worker 12 will use solver log file: /scratch/yorig/mpils-results-grid-ticks-10000-7may/easy/16proc-16pils/seed-5/1_csched008_seed-5_20260510_072734/solver/cplex.log_iteration_expansion_4_worker_12
[INFO]:[07:29:13] Expansion Worker 12 starting expansion for iteration 4.
[INFO]:[07:29:13] Starting CPLEX solver on instance: /home/yorig/tuner/mpils-tests/instances/miplib/easy/csched008.mps with config: /scratch/yorig/mpils-results-grid-ticks-10000-7may/easy/16proc-16pils/seed-5/1_csched008_seed-5_20260510_072734/expansion/config_param_CPXPARAM_MIP_OrderType_3_iter_4.prm
[INFO]:[07:29:18] CPLEX results. Gap: 2.720000, upper bound: 176.000000, lower bound: 171.214807
[INFO]:[07:29:18] CPLEX solver finished. Gap: 2.720000
[INFO]:[07:29:26] Expansion Worker 12 completed expansion.
[INFO]:[07:29:26] Worker 12 completed expansion phase.
[INFO]:[07:29:26] Worker 12 received order for step 1.
[INFO]:[07:29:26] Worker 12 running exploration phase for iteration 5.
[INFO]:[07:29:26] Worker 12 at iteration 5 will not use a MIP start file. Current best MIP-start upper bound threshold is 1.79769e+308.
[INFO]:[07:29:26] Starting local search phase...
[INFO]:[07:29:26] Worker (ils_group_rank=12) entering parallel ILS evaluation service.
[INFO]:[07:29:26] Starting CPLEX solver on instance: /home/yorig/tuner/mpils-tests/instances/miplib/easy/csched008.mps with config: /scratch/yorig/mpils-results-grid-ticks-10000-7may/easy/16proc-16pils/seed-5/1_csched008_seed-5_20260510_072734/iterated_local_search/run_5_worker_0/parallel_0_12.prm
[INFO]:[07:29:32] CPLEX results. Gap: 1.150000, upper bound: 174.000000, lower bound: 172.000000
[INFO]:[07:29:32] CPLEX solver finished. Gap: 1.150000
[INFO]:[07:29:33] Starting CPLEX solver on instance: /home/yorig/tuner/mpils-tests/instances/miplib/easy/csched008.mps with config: /scratch/yorig/mpils-results-grid-ticks-10000-7may/easy/16proc-16pils/seed-5/1_csched008_seed-5_20260510_072734/iterated_local_search/run_5_worker_0/parallel_16_12.prm
[INFO]:[07:29:39] CPLEX results. Gap: 3.910000, upper bound: 179.000000, lower bound: 172.000000
[INFO]:[07:29:39] CPLEX solver finished. Gap: 3.910000
[INFO]:[07:29:40] Worker (ils_group_rank=12) exiting parallel ILS evaluation service.
[INFO]:[07:29:40] Worker 12 completed exploration phase.
[INFO]:[07:29:40] Worker 12 received order for step 2.
[INFO]:[07:29:40] Worker 12 running expansion phase for iteration 5.
[INFO]:[07:29:40] Worker 12 will use solver log file: /scratch/yorig/mpils-results-grid-ticks-10000-7may/easy/16proc-16pils/seed-5/1_csched008_seed-5_20260510_072734/solver/cplex.log_iteration_expansion_5_worker_12
[INFO]:[07:29:40] Expansion Worker 12 starting expansion for iteration 5.
[INFO]:[07:29:40] Starting CPLEX solver on instance: /home/yorig/tuner/mpils-tests/instances/miplib/easy/csched008.mps with config: /scratch/yorig/mpils-results-grid-ticks-10000-7may/easy/16proc-16pils/seed-5/1_csched008_seed-5_20260510_072734/expansion/config_param_CPXPARAM_Sifting_Algorithm_1_iter_5.prm
[INFO]:[07:29:46] CPLEX results. Gap: 1.150000, upper bound: 174.000000, lower bound: 172.000000
[INFO]:[07:29:46] CPLEX solver finished. Gap: 1.150000
[INFO]:[07:29:47] Starting CPLEX solver on instance: /home/yorig/tuner/mpils-tests/instances/miplib/easy/csched008.mps with config: /scratch/yorig/mpils-results-grid-ticks-10000-7may/easy/16proc-16pils/seed-5/1_csched008_seed-5_20260510_072734/expansion/config_param_CPXPARAM_Preprocessing_QPMakePSD_0_iter_5.prm
[INFO]:[07:29:53] CPLEX results. Gap: 1.150000, upper bound: 174.000000, lower bound: 172.000000
[INFO]:[07:29:53] CPLEX solver finished. Gap: 1.150000
[INFO]:[07:29:53] Expansion Worker 12 completed expansion.
[INFO]:[07:29:53] Worker 12 completed expansion phase.
[INFO]:[07:29:53] Worker 12 received order for step 1.
[INFO]:[07:29:53] Worker 12 running exploration phase for iteration 6.
[INFO]:[07:29:53] Worker 12 at iteration 6 will not use a MIP start file. Current best MIP-start upper bound threshold is 1.79769e+308.
[INFO]:[07:29:53] Starting local search phase...
[INFO]:[07:29:53] Worker (ils_group_rank=12) entering parallel ILS evaluation service.
[INFO]:[07:29:53] Starting CPLEX solver on instance: /home/yorig/tuner/mpils-tests/instances/miplib/easy/csched008.mps with config: /scratch/yorig/mpils-results-grid-ticks-10000-7may/easy/16proc-16pils/seed-5/1_csched008_seed-5_20260510_072734/iterated_local_search/run_6_worker_0/parallel_0_12.prm
[INFO]:[07:29:59] CPLEX results. Gap: 5.000000, upper bound: 180.000000, lower bound: 171.000000
[INFO]:[07:29:59] CPLEX solver finished. Gap: 5.000000
[INFO]:[07:30:00] Starting CPLEX solver on instance: /home/yorig/tuner/mpils-tests/instances/miplib/easy/csched008.mps with config: /scratch/yorig/mpils-results-grid-ticks-10000-7may/easy/16proc-16pils/seed-5/1_csched008_seed-5_20260510_072734/iterated_local_search/run_6_worker_0/parallel_16_12.prm
[INFO]:[07:30:06] CPLEX results. Gap: 1.150000, upper bound: 174.000000, lower bound: 172.000000
[INFO]:[07:30:06] CPLEX solver finished. Gap: 1.150000
[INFO]:[07:30:07] Worker (ils_group_rank=12) exiting parallel ILS evaluation service.
[INFO]:[07:30:07] Worker 12 completed exploration phase.
[INFO]:[07:30:07] Worker 12 received order for step 3.
[INFO]:[07:30:07] Worker 12 finished.
