[INFO]:[20:43:47] Worker 17 starting.
[INFO]:[20:43:47] Worker 17 received order for step 1.
[INFO]:[20:43:47] Worker 17 running exploration phase for iteration 1.
[INFO]:[20:43:47] Worker 17 at iteration 1 will not use a MIP start file. Current best MIP-start upper bound threshold is 1.79769e+308.
[INFO]:[20:43:47] Starting local search phase...
[INFO]:[20:43:47] Creating local search space from parameter space file: /scratch/yorig/mpils-results-grid-seconds-10-4may/easy/24proc/seed-5/10_supportcase33_seed-5_20260504_204345/iterated_local_search/search_space/search_space_file_1_worker_17.txt
[INFO]:[20:43:47] Local search space loaded from file: /scratch/yorig/mpils-results-grid-seconds-10-4may/easy/24proc/seed-5/10_supportcase33_seed-5_20260504_204345/iterated_local_search/search_space/search_space_file_1_worker_17.txt
[INFO]:[20:43:47] Number of parameters in local search space: 71
[INFO]:[20:43:47] Number of forbidden tuples in local search space: 0
[INFO]:[20:43:47] Number of conditionals in local search space: 6
[INFO]:[20:43:47] MIP start option not enabled. Local search will proceed without MIP start.
[INFO]:[20:43:47] Evaluating initial configuration for local search phase...
[INFO]:[20:43:47] Starting CPLEX solver on instance: /home/yorig/tuner/mpils-tests/instances/miplib/easy/supportcase33.mps with config: /scratch/yorig/mpils-results-grid-seconds-10-4may/easy/24proc/seed-5/10_supportcase33_seed-5_20260504_204345/iterated_local_search/run_1_worker_17/ils_config_6339075860230422600.prm
[INFO]:[20:43:47] Starting CPLEX solver on instance: /home/yorig/tuner/mpils-tests/instances/miplib/easy/supportcase33.mps with config: /scratch/yorig/mpils-results-grid-seconds-10-4may/easy/24proc/seed-5/10_supportcase33_seed-5_20260504_204345/iterated_local_search/run_1_worker_17/ils_config_6339075860230422600.prm
[INFO]:[20:43:57] CPLEX results. Gap: 22.220000, upper bound: -315.000000, lower bound: -385.000000
[INFO]:[20:43:57] CPLEX solver finished. Gap: 22.220000
[INFO]:[20:43:57] Initial configuration evaluated with objective value: 22.22
[INFO]:[20:43:57] Starting CPLEX solver on instance: /home/yorig/tuner/mpils-tests/instances/miplib/easy/supportcase33.mps with config: /scratch/yorig/mpils-results-grid-seconds-10-4may/easy/24proc/seed-5/10_supportcase33_seed-5_20260504_204345/iterated_local_search/run_1_worker_17/ils_config_3155651024160097244.prm
[INFO]:[20:43:57] Starting CPLEX solver on instance: /home/yorig/tuner/mpils-tests/instances/miplib/easy/supportcase33.mps with config: /scratch/yorig/mpils-results-grid-seconds-10-4may/easy/24proc/seed-5/10_supportcase33_seed-5_20260504_204345/iterated_local_search/run_1_worker_17/ils_config_3155651024160097244.prm
[INFO]:[20:44:07] CPLEX results. Gap: 17.650000, upper bound: -340.000000, lower bound: -400.000000
[INFO]:[20:44:07] CPLEX solver finished. Gap: 17.650000
[INFO]:[20:44:07] New incumbent found with objective value: 17.65
[INFO]:[20:44:07] Received global ILS stop signal from rank 21.
[INFO]:[20:44:07] Local search phase completed.
[INFO]:[20:44:07] Total number of new local-search evaluations: 2
[INFO]:[20:44:07] Final incumbent objective value: 17.65
[INFO]:[20:44:17] Worker 17 completed exploration phase.
[INFO]:[20:44:17] Worker 17 received order for step 3.
[INFO]:[20:44:17] Worker 17 finished.
