[INFO]:[03:31:47] Worker 8 starting.
[INFO]:[03:31:48] Worker 8 received order for step 1.
[INFO]:[03:31:48] Worker 8 running exploration phase for iteration 1.
[INFO]:[03:31:48] Worker 8 at iteration 1 will not use a MIP start file. Current best MIP-start upper bound threshold is 1.79769e+308.
[INFO]:[03:31:48] Starting local search phase...
[INFO]:[03:31:48] Creating local search space from parameter space file: /scratch/yorig/mpils-results-grid-ticks-10000-7may/easy/24proc-4pils/seed-5/3_glass4_seed-5_20260510_033146/iterated_local_search/search_space/search_space_file_1_worker_8.txt
[INFO]:[03:31:48] Local search space loaded from file: /scratch/yorig/mpils-results-grid-ticks-10000-7may/easy/24proc-4pils/seed-5/3_glass4_seed-5_20260510_033146/iterated_local_search/search_space/search_space_file_1_worker_8.txt
[INFO]:[03:31:48] Number of parameters in local search space: 71
[INFO]:[03:31:48] Number of forbidden tuples in local search space: 0
[INFO]:[03:31:48] Number of conditionals in local search space: 6
[INFO]:[03:31:48] MIP start option not enabled. Local search will proceed without MIP start.
[INFO]:[03:31:48] Starting CPLEX solver on instance: /home/yorig/tuner/mpils-tests/instances/miplib/easy/glass4.mps with config: /scratch/yorig/mpils-results-grid-ticks-10000-7may/easy/24proc-4pils/seed-5/3_glass4_seed-5_20260510_033146/iterated_local_search/run_1_worker_8/ils_config_1759042372647899908.prm
[INFO]:[03:31:48] Starting CPLEX solver on instance: /home/yorig/tuner/mpils-tests/instances/miplib/easy/glass4.mps with config: /scratch/yorig/mpils-results-grid-ticks-10000-7may/easy/24proc-4pils/seed-5/3_glass4_seed-5_20260510_033146/iterated_local_search/run_1_worker_8/ils_config_1759042372647899908.prm
[INFO]:[03:31:56] CPLEX results. Gap: 41.820000, upper bound: 1375014725.000000, lower bound: 800003783.478348
[INFO]:[03:31:56] CPLEX solver finished. Gap: 41.820000
[INFO]:[03:31:56] New incumbent found with objective value: 33.34
[INFO]:[03:31:56] Starting CPLEX solver on instance: /home/yorig/tuner/mpils-tests/instances/miplib/easy/glass4.mps with config: /scratch/yorig/mpils-results-grid-ticks-10000-7may/easy/24proc-4pils/seed-5/3_glass4_seed-5_20260510_033146/iterated_local_search/run_1_worker_8/ils_config_3851212316204384361.prm
[INFO]:[03:31:56] Starting CPLEX solver on instance: /home/yorig/tuner/mpils-tests/instances/miplib/easy/glass4.mps with config: /scratch/yorig/mpils-results-grid-ticks-10000-7may/easy/24proc-4pils/seed-5/3_glass4_seed-5_20260510_033146/iterated_local_search/run_1_worker_8/ils_config_3851212316204384361.prm
[INFO]:[03:32:04] CPLEX results. Gap: 39.330000, upper bound: 1483347167.329010, lower bound: 900005956.454750
[INFO]:[03:32:04] CPLEX solver finished. Gap: 39.330000
[INFO]:[03:32:04] New incumbent found with objective value: 29.82
[INFO]:[03:32:04] Starting CPLEX solver on instance: /home/yorig/tuner/mpils-tests/instances/miplib/easy/glass4.mps with config: /scratch/yorig/mpils-results-grid-ticks-10000-7may/easy/24proc-4pils/seed-5/3_glass4_seed-5_20260510_033146/iterated_local_search/run_1_worker_8/ils_config_16232123185126704914.prm
[INFO]:[03:32:04] Starting CPLEX solver on instance: /home/yorig/tuner/mpils-tests/instances/miplib/easy/glass4.mps with config: /scratch/yorig/mpils-results-grid-ticks-10000-7may/easy/24proc-4pils/seed-5/3_glass4_seed-5_20260510_033146/iterated_local_search/run_1_worker_8/ils_config_16232123185126704914.prm
[INFO]:[03:32:11] CPLEX results. Gap: 29.820000, upper bound: 1425013850.000000, lower bound: 1000006303.132917
[INFO]:[03:32:11] CPLEX solver finished. Gap: 29.820000
[INFO]:[03:32:12] New incumbent found with objective value: 0.01
[INFO]:[03:32:12] Starting CPLEX solver on instance: /home/yorig/tuner/mpils-tests/instances/miplib/easy/glass4.mps with config: /scratch/yorig/mpils-results-grid-ticks-10000-7may/easy/24proc-4pils/seed-5/3_glass4_seed-5_20260510_033146/iterated_local_search/run_1_worker_8/ils_config_6080957454405554881.prm
[INFO]:[03:32:12] Starting CPLEX solver on instance: /home/yorig/tuner/mpils-tests/instances/miplib/easy/glass4.mps with config: /scratch/yorig/mpils-results-grid-ticks-10000-7may/easy/24proc-4pils/seed-5/3_glass4_seed-5_20260510_033146/iterated_local_search/run_1_worker_8/ils_config_6080957454405554881.prm
[INFO]:[03:32:20] CPLEX results. Gap: 46.670000, upper bound: 1500012900.000000, lower bound: 800004631.690670
[INFO]:[03:32:20] CPLEX solver finished. Gap: 46.670000
[INFO]:[03:32:21] Starting CPLEX solver on instance: /home/yorig/tuner/mpils-tests/instances/miplib/easy/glass4.mps with config: /scratch/yorig/mpils-results-grid-ticks-10000-7may/easy/24proc-4pils/seed-5/3_glass4_seed-5_20260510_033146/iterated_local_search/run_1_worker_8/ils_config_9086772971628253360.prm
[INFO]:[03:32:21] Starting CPLEX solver on instance: /home/yorig/tuner/mpils-tests/instances/miplib/easy/glass4.mps with config: /scratch/yorig/mpils-results-grid-ticks-10000-7may/easy/24proc-4pils/seed-5/3_glass4_seed-5_20260510_033146/iterated_local_search/run_1_worker_8/ils_config_9086772971628253360.prm
[INFO]:[03:32:29] CPLEX results. Gap: 46.670000, upper bound: 1500012649.999988, lower bound: 800005358.906935
[INFO]:[03:32:29] CPLEX solver finished. Gap: 46.670000
[INFO]:[03:32:29] Local search phase completed.
[INFO]:[03:32:29] Total number of new local-search evaluations: 20
[INFO]:[03:32:29] Final incumbent objective value: 0.01
[INFO]:[03:32:29] Worker 8 completed exploration phase.
[INFO]:[03:32:29] Worker 8 received order for step 2.
[INFO]:[03:32:29] Worker 8 running expansion phase for iteration 1.
[INFO]:[03:32:29] Worker 8 will use solver log file: /scratch/yorig/mpils-results-grid-ticks-10000-7may/easy/24proc-4pils/seed-5/3_glass4_seed-5_20260510_033146/solver/cplex.log_iteration_expansion_1_worker_8
[INFO]:[03:32:29] Expansion Worker 8 starting expansion for iteration 1.
[INFO]:[03:32:29] Starting CPLEX solver on instance: /home/yorig/tuner/mpils-tests/instances/miplib/easy/glass4.mps with config: /scratch/yorig/mpils-results-grid-ticks-10000-7may/easy/24proc-4pils/seed-5/3_glass4_seed-5_20260510_033146/expansion/config_param_CPXPARAM_MIP_Strategy_VariableSelect_-1_iter_1.prm
[INFO]:[03:32:37] CPLEX results. Gap: 50.000000, upper bound: 1600013900.000000, lower bound: 800003910.197832
[INFO]:[03:32:37] CPLEX solver finished. Gap: 50.000000
[INFO]:[03:32:38] Starting CPLEX solver on instance: /home/yorig/tuner/mpils-tests/instances/miplib/easy/glass4.mps with config: /scratch/yorig/mpils-results-grid-ticks-10000-7may/easy/24proc-4pils/seed-5/3_glass4_seed-5_20260510_033146/expansion/config_param_CPXPARAM_MIP_Strategy_RINSHeur_20_iter_1.prm
[INFO]:[03:32:46] CPLEX results. Gap: 47.540000, upper bound: 1525013425.000000, lower bound: 800003833.136201
[INFO]:[03:32:46] CPLEX solver finished. Gap: 47.540000
[INFO]:[03:32:53] Expansion Worker 8 completed expansion.
[INFO]:[03:32:53] Worker 8 completed expansion phase.
[INFO]:[03:32:54] Worker 8 received order for step 1.
[INFO]:[03:32:54] Worker 8 running exploration phase for iteration 2.
[INFO]:[03:32:54] Worker 8 at iteration 2 will not use a MIP start file. Current best MIP-start upper bound threshold is 1.79769e+308.
[INFO]:[03:32:54] Starting local search phase...
[INFO]:[03:32:54] Creating local search space from parameter space file: /scratch/yorig/mpils-results-grid-ticks-10000-7may/easy/24proc-4pils/seed-5/3_glass4_seed-5_20260510_033146/iterated_local_search/search_space/search_space_file_2_worker_8.txt
[INFO]:[03:32:54] Local search space loaded from file: /scratch/yorig/mpils-results-grid-ticks-10000-7may/easy/24proc-4pils/seed-5/3_glass4_seed-5_20260510_033146/iterated_local_search/search_space/search_space_file_2_worker_8.txt
[INFO]:[03:32:54] Number of parameters in local search space: 71
[INFO]:[03:32:54] Number of forbidden tuples in local search space: 2
[INFO]:[03:32:54] Number of conditionals in local search space: 6
[INFO]:[03:32:54] MIP start option not enabled. Local search will proceed without MIP start.
[INFO]:[03:32:54] Starting CPLEX solver on instance: /home/yorig/tuner/mpils-tests/instances/miplib/easy/glass4.mps with config: /scratch/yorig/mpils-results-grid-ticks-10000-7may/easy/24proc-4pils/seed-5/3_glass4_seed-5_20260510_033146/iterated_local_search/run_2_worker_8/ils_config_11540816848777065744.prm
[INFO]:[03:32:54] Starting CPLEX solver on instance: /home/yorig/tuner/mpils-tests/instances/miplib/easy/glass4.mps with config: /scratch/yorig/mpils-results-grid-ticks-10000-7may/easy/24proc-4pils/seed-5/3_glass4_seed-5_20260510_033146/iterated_local_search/run_2_worker_8/ils_config_11540816848777065744.prm
[INFO]:[03:33:02] CPLEX results. Gap: 0.000000, upper bound: 1200012599.999999, lower bound: 1199992599.828983
[INFO]:[03:33:02] CPLEX solver finished. Gap: 0.000000
[INFO]:[03:33:02] Stopping local search: gap 0 reached the acceptance threshold 0.
[INFO]:[03:33:02] Local search phase completed.
[INFO]:[03:33:02] Total number of new local-search evaluations: 4
[INFO]:[03:33:02] Final incumbent objective value: 0
[INFO]:[03:33:02] Worker 8 completed exploration phase.
[INFO]:[03:33:02] Worker 8 received order for step 3.
[INFO]:[03:33:02] Worker 8 finished.
