[INFO]:[04:42:37] Worker 18 starting.
[INFO]:[04:42:37] Worker 18 received order for step 1.
[INFO]:[04:42:37] Worker 18 running exploration phase for iteration 1.
[INFO]:[04:42:37] Worker 18 at iteration 1 will not use a MIP start file. Current best MIP-start upper bound threshold is 1.79769e+308.
[INFO]:[04:42:37] Starting local search phase...
[INFO]:[04:42:37] Worker (ils_group_rank=2) entering parallel ILS evaluation service.
[INFO]:[04:42:37] Starting CPLEX solver on instance: /home/yorig/tuner/mpils-tests/instances/miplib/medium-2/var-smallemery-m6j6.mps with config: /scratch/yorig/mpils-results-grid-ticks-10000-7may/medium-2/24proc-4pils/seed-3/10_var-smallemery-m6j6_seed-3_20260510_044235/iterated_local_search/run_1_worker_16/parallel_0_2.prm
[INFO]:[04:42:45] CPLEX results. Gap: 6.030000, upper bound: -146.343750, lower bound: -155.174218
[INFO]:[04:42:45] CPLEX solver finished. Gap: 6.030000
[INFO]:[04:42:45] Starting CPLEX solver on instance: /home/yorig/tuner/mpils-tests/instances/miplib/medium-2/var-smallemery-m6j6.mps with config: /scratch/yorig/mpils-results-grid-ticks-10000-7may/medium-2/24proc-4pils/seed-3/10_var-smallemery-m6j6_seed-3_20260510_044235/iterated_local_search/run_1_worker_16/parallel_4_2.prm
[INFO]:[04:42:52] CPLEX results. Gap: 5.330000, upper bound: -146.843750, lower bound: -154.674278
[INFO]:[04:42:52] CPLEX solver finished. Gap: 5.330000
[INFO]:[04:42:52] Starting CPLEX solver on instance: /home/yorig/tuner/mpils-tests/instances/miplib/medium-2/var-smallemery-m6j6.mps with config: /scratch/yorig/mpils-results-grid-ticks-10000-7may/medium-2/24proc-4pils/seed-3/10_var-smallemery-m6j6_seed-3_20260510_044235/iterated_local_search/run_1_worker_16/parallel_8_2.prm
[INFO]:[04:43:00] CPLEX results. Gap: 5.330000, upper bound: -146.843750, lower bound: -154.674278
[INFO]:[04:43:00] CPLEX solver finished. Gap: 5.330000
[INFO]:[04:43:00] Starting CPLEX solver on instance: /home/yorig/tuner/mpils-tests/instances/miplib/medium-2/var-smallemery-m6j6.mps with config: /scratch/yorig/mpils-results-grid-ticks-10000-7may/medium-2/24proc-4pils/seed-3/10_var-smallemery-m6j6_seed-3_20260510_044235/iterated_local_search/run_1_worker_16/parallel_12_2.prm
[INFO]:[04:43:07] CPLEX results. Gap: 5.330000, upper bound: -146.843750, lower bound: -154.674278
[INFO]:[04:43:07] CPLEX solver finished. Gap: 5.330000
[INFO]:[04:43:07] Starting CPLEX solver on instance: /home/yorig/tuner/mpils-tests/instances/miplib/medium-2/var-smallemery-m6j6.mps with config: /scratch/yorig/mpils-results-grid-ticks-10000-7may/medium-2/24proc-4pils/seed-3/10_var-smallemery-m6j6_seed-3_20260510_044235/iterated_local_search/run_1_worker_16/parallel_16_2.prm
[INFO]:[04:43:15] CPLEX results. Gap: 5.330000, upper bound: -146.843750, lower bound: -154.674278
[INFO]:[04:43:15] CPLEX solver finished. Gap: 5.330000
[INFO]:[04:43:15] Worker (ils_group_rank=2) exiting parallel ILS evaluation service.
[INFO]:[04:43:17] Worker 18 completed exploration phase.
[INFO]:[04:43:17] Worker 18 received order for step 2.
[INFO]:[04:43:17] Worker 18 running expansion phase for iteration 1.
[INFO]:[04:43:17] Worker 18 will use solver log file: /scratch/yorig/mpils-results-grid-ticks-10000-7may/medium-2/24proc-4pils/seed-3/10_var-smallemery-m6j6_seed-3_20260510_044235/solver/cplex.log_iteration_expansion_1_worker_18
[INFO]:[04:43:17] Expansion Worker 18 starting expansion for iteration 1.
[INFO]:[04:43:17] Starting CPLEX solver on instance: /home/yorig/tuner/mpils-tests/instances/miplib/medium-2/var-smallemery-m6j6.mps with config: /scratch/yorig/mpils-results-grid-ticks-10000-7may/medium-2/24proc-4pils/seed-3/10_var-smallemery-m6j6_seed-3_20260510_044235/expansion/config_param_CPXPARAM_MIP_Strategy_Dive_3_iter_1.prm
[INFO]:[04:43:24] CPLEX results. Gap: 3.340000, upper bound: -149.375000, lower bound: -154.366550
[INFO]:[04:43:24] CPLEX solver finished. Gap: 3.340000
[INFO]:[04:43:25] Starting CPLEX solver on instance: /home/yorig/tuner/mpils-tests/instances/miplib/medium-2/var-smallemery-m6j6.mps with config: /scratch/yorig/mpils-results-grid-ticks-10000-7may/medium-2/24proc-4pils/seed-3/10_var-smallemery-m6j6_seed-3_20260510_044235/expansion/config_param_CPXPARAM_MIP_Strategy_BBInterval_4_iter_1.prm
[INFO]:[04:43:33] CPLEX results. Gap: 3.340000, upper bound: -149.375000, lower bound: -154.366550
[INFO]:[04:43:33] CPLEX solver finished. Gap: 3.340000
[INFO]:[04:43:41] Expansion Worker 18 stopping early after global MPI expansion stop was activated.
[INFO]:[04:43:41] Expansion Worker 18 completed expansion.
[INFO]:[04:43:41] Worker 18 completed expansion phase.
[INFO]:[04:43:41] Worker 18 received order for step 1.
[INFO]:[04:43:41] Worker 18 running exploration phase for iteration 2.
[INFO]:[04:43:41] Worker 18 at iteration 2 will not use a MIP start file. Current best MIP-start upper bound threshold is 1.79769e+308.
[INFO]:[04:43:41] Starting local search phase...
[INFO]:[04:43:41] Worker (ils_group_rank=2) entering parallel ILS evaluation service.
[INFO]:[04:43:41] Starting CPLEX solver on instance: /home/yorig/tuner/mpils-tests/instances/miplib/medium-2/var-smallemery-m6j6.mps with config: /scratch/yorig/mpils-results-grid-ticks-10000-7may/medium-2/24proc-4pils/seed-3/10_var-smallemery-m6j6_seed-3_20260510_044235/iterated_local_search/run_2_worker_16/parallel_0_2.prm
[INFO]:[04:43:48] CPLEX results. Gap: 8.680000, upper bound: -143.375000, lower bound: -155.820393
[INFO]:[04:43:48] CPLEX solver finished. Gap: 8.680000
[INFO]:[04:43:48] Starting CPLEX solver on instance: /home/yorig/tuner/mpils-tests/instances/miplib/medium-2/var-smallemery-m6j6.mps with config: /scratch/yorig/mpils-results-grid-ticks-10000-7may/medium-2/24proc-4pils/seed-3/10_var-smallemery-m6j6_seed-3_20260510_044235/iterated_local_search/run_2_worker_16/parallel_4_2.prm
[INFO]:[04:43:55] CPLEX results. Gap: 6.060000, upper bound: -147.031250, lower bound: -155.938326
[INFO]:[04:43:55] CPLEX solver finished. Gap: 6.060000
[INFO]:[04:43:55] Starting CPLEX solver on instance: /home/yorig/tuner/mpils-tests/instances/miplib/medium-2/var-smallemery-m6j6.mps with config: /scratch/yorig/mpils-results-grid-ticks-10000-7may/medium-2/24proc-4pils/seed-3/10_var-smallemery-m6j6_seed-3_20260510_044235/iterated_local_search/run_2_worker_16/parallel_8_2.prm
[INFO]:[04:44:02] CPLEX results. Gap: 6.060000, upper bound: -147.031250, lower bound: -155.938326
[INFO]:[04:44:02] CPLEX solver finished. Gap: 6.060000
[INFO]:[04:44:02] Worker (ils_group_rank=2) exiting parallel ILS evaluation service.
[INFO]:[04:44:04] Worker 18 completed exploration phase.
[INFO]:[04:44:04] Worker 18 received order for step 2.
[INFO]:[04:44:04] Worker 18 running expansion phase for iteration 2.
[INFO]:[04:44:04] Worker 18 will use solver log file: /scratch/yorig/mpils-results-grid-ticks-10000-7may/medium-2/24proc-4pils/seed-3/10_var-smallemery-m6j6_seed-3_20260510_044235/solver/cplex.log_iteration_expansion_2_worker_18
[INFO]:[04:44:04] Expansion Worker 18 starting expansion for iteration 2.
[INFO]:[04:44:04] Starting CPLEX solver on instance: /home/yorig/tuner/mpils-tests/instances/miplib/medium-2/var-smallemery-m6j6.mps with config: /scratch/yorig/mpils-results-grid-ticks-10000-7may/medium-2/24proc-4pils/seed-3/10_var-smallemery-m6j6_seed-3_20260510_044235/expansion/config_param_CPXPARAM_Preprocessing_Dual_1_iter_2.prm
[INFO]:[04:44:10] CPLEX results. Gap: 6.360000, upper bound: -145.906250, lower bound: -155.178600
[INFO]:[04:44:10] CPLEX solver finished. Gap: 6.360000
[INFO]:[04:44:12] Expansion Worker 18 stopping early after global MPI expansion stop was activated.
[INFO]:[04:44:12] Expansion Worker 18 completed expansion.
[INFO]:[04:44:12] Worker 18 completed expansion phase.
[INFO]:[04:44:12] Worker 18 received order for step 1.
[INFO]:[04:44:12] Worker 18 running exploration phase for iteration 3.
[INFO]:[04:44:12] Worker 18 at iteration 3 will not use a MIP start file. Current best MIP-start upper bound threshold is 1.79769e+308.
[INFO]:[04:44:12] Starting local search phase...
[INFO]:[04:44:12] Worker (ils_group_rank=2) entering parallel ILS evaluation service.
[INFO]:[04:44:12] Starting CPLEX solver on instance: /home/yorig/tuner/mpils-tests/instances/miplib/medium-2/var-smallemery-m6j6.mps with config: /scratch/yorig/mpils-results-grid-ticks-10000-7may/medium-2/24proc-4pils/seed-3/10_var-smallemery-m6j6_seed-3_20260510_044235/iterated_local_search/run_3_worker_16/parallel_0_2.prm
[INFO]:[04:44:18] CPLEX results. Gap: 8.780000, upper bound: -143.375000, lower bound: -155.970426
[INFO]:[04:44:18] CPLEX solver finished. Gap: 8.780000
[INFO]:[04:44:19] Starting CPLEX solver on instance: /home/yorig/tuner/mpils-tests/instances/miplib/medium-2/var-smallemery-m6j6.mps with config: /scratch/yorig/mpils-results-grid-ticks-10000-7may/medium-2/24proc-4pils/seed-3/10_var-smallemery-m6j6_seed-3_20260510_044235/iterated_local_search/run_3_worker_16/parallel_4_2.prm
[INFO]:[04:44:26] CPLEX results. Gap: 7.040000, upper bound: -145.718750, lower bound: -155.970426
[INFO]:[04:44:26] CPLEX solver finished. Gap: 7.040000
[INFO]:[04:44:26] Starting CPLEX solver on instance: /home/yorig/tuner/mpils-tests/instances/miplib/medium-2/var-smallemery-m6j6.mps with config: /scratch/yorig/mpils-results-grid-ticks-10000-7may/medium-2/24proc-4pils/seed-3/10_var-smallemery-m6j6_seed-3_20260510_044235/iterated_local_search/run_3_worker_16/parallel_8_2.prm
[INFO]:[04:44:32] CPLEX results. Gap: 6.720000, upper bound: -146.218750, lower bound: -156.048283
[INFO]:[04:44:32] CPLEX solver finished. Gap: 6.720000
[INFO]:[04:44:32] Worker (ils_group_rank=2) exiting parallel ILS evaluation service.
[INFO]:[04:44:36] Worker 18 completed exploration phase.
[INFO]:[04:44:36] Worker 18 received order for step 2.
[INFO]:[04:44:36] Worker 18 running expansion phase for iteration 3.
[INFO]:[04:44:36] Worker 18 will use solver log file: /scratch/yorig/mpils-results-grid-ticks-10000-7may/medium-2/24proc-4pils/seed-3/10_var-smallemery-m6j6_seed-3_20260510_044235/solver/cplex.log_iteration_expansion_3_worker_18
[INFO]:[04:44:36] Expansion Worker 18 starting expansion for iteration 3.
[INFO]:[04:44:36] Starting CPLEX solver on instance: /home/yorig/tuner/mpils-tests/instances/miplib/medium-2/var-smallemery-m6j6.mps with config: /scratch/yorig/mpils-results-grid-ticks-10000-7may/medium-2/24proc-4pils/seed-3/10_var-smallemery-m6j6_seed-3_20260510_044235/expansion/config_param_CPXPARAM_Simplex_PGradient_2_iter_3.prm
[INFO]:[04:44:44] CPLEX results. Gap: 3.120000, upper bound: -149.375000, lower bound: -154.039456
[INFO]:[04:44:44] CPLEX solver finished. Gap: 3.120000
[INFO]:[04:44:51] Expansion Worker 18 completed expansion.
[INFO]:[04:44:51] Worker 18 completed expansion phase.
[INFO]:[04:44:52] Worker 18 received order for step 1.
[INFO]:[04:44:52] Worker 18 running exploration phase for iteration 4.
[INFO]:[04:44:52] Worker 18 at iteration 4 will not use a MIP start file. Current best MIP-start upper bound threshold is 1.79769e+308.
[INFO]:[04:44:52] Starting local search phase...
[INFO]:[04:44:52] Worker (ils_group_rank=2) entering parallel ILS evaluation service.
[INFO]:[04:44:52] Starting CPLEX solver on instance: /home/yorig/tuner/mpils-tests/instances/miplib/medium-2/var-smallemery-m6j6.mps with config: /scratch/yorig/mpils-results-grid-ticks-10000-7may/medium-2/24proc-4pils/seed-3/10_var-smallemery-m6j6_seed-3_20260510_044235/iterated_local_search/run_4_worker_16/parallel_0_2.prm
[INFO]:[04:44:58] CPLEX results. Gap: 6.680000, upper bound: -145.750000, lower bound: -155.484249
[INFO]:[04:44:58] CPLEX solver finished. Gap: 6.680000
[INFO]:[04:44:59] Starting CPLEX solver on instance: /home/yorig/tuner/mpils-tests/instances/miplib/medium-2/var-smallemery-m6j6.mps with config: /scratch/yorig/mpils-results-grid-ticks-10000-7may/medium-2/24proc-4pils/seed-3/10_var-smallemery-m6j6_seed-3_20260510_044235/iterated_local_search/run_4_worker_16/parallel_4_2.prm
[INFO]:[04:45:05] CPLEX results. Gap: 60.150000, upper bound: -97.437500, lower bound: -156.050513
[INFO]:[04:45:05] CPLEX solver finished. Gap: 60.150000
[INFO]:[04:45:07] Starting CPLEX solver on instance: /home/yorig/tuner/mpils-tests/instances/miplib/medium-2/var-smallemery-m6j6.mps with config: /scratch/yorig/mpils-results-grid-ticks-10000-7may/medium-2/24proc-4pils/seed-3/10_var-smallemery-m6j6_seed-3_20260510_044235/iterated_local_search/run_4_worker_16/parallel_8_2.prm
[INFO]:[04:45:13] CPLEX results. Gap: 6.680000, upper bound: -145.750000, lower bound: -155.484249
[INFO]:[04:45:13] CPLEX solver finished. Gap: 6.680000
[INFO]:[04:45:13] Starting CPLEX solver on instance: /home/yorig/tuner/mpils-tests/instances/miplib/medium-2/var-smallemery-m6j6.mps with config: /scratch/yorig/mpils-results-grid-ticks-10000-7may/medium-2/24proc-4pils/seed-3/10_var-smallemery-m6j6_seed-3_20260510_044235/iterated_local_search/run_4_worker_16/parallel_12_2.prm
[INFO]:[04:45:20] CPLEX results. Gap: 6.560000, upper bound: -145.906250, lower bound: -155.484249
[INFO]:[04:45:20] CPLEX solver finished. Gap: 6.560000
[INFO]:[04:45:20] Worker (ils_group_rank=2) exiting parallel ILS evaluation service.
[INFO]:[04:45:25] Worker 18 completed exploration phase.
[INFO]:[04:45:25] Worker 18 received order for step 2.
[INFO]:[04:45:25] Worker 18 running expansion phase for iteration 4.
[INFO]:[04:45:25] Worker 18 will use solver log file: /scratch/yorig/mpils-results-grid-ticks-10000-7may/medium-2/24proc-4pils/seed-3/10_var-smallemery-m6j6_seed-3_20260510_044235/solver/cplex.log_iteration_expansion_4_worker_18
[INFO]:[04:45:25] Expansion Worker 18 starting expansion for iteration 4.
[INFO]:[04:45:25] Starting CPLEX solver on instance: /home/yorig/tuner/mpils-tests/instances/miplib/medium-2/var-smallemery-m6j6.mps with config: /scratch/yorig/mpils-results-grid-ticks-10000-7may/medium-2/24proc-4pils/seed-3/10_var-smallemery-m6j6_seed-3_20260510_044235/expansion/config_param_CPXPARAM_MIP_OrderType_1_iter_4.prm
[INFO]:[04:45:32] CPLEX results. Gap: 3.120000, upper bound: -149.375000, lower bound: -154.039456
[INFO]:[04:45:32] CPLEX solver finished. Gap: 3.120000
[INFO]:[04:45:32] Expansion Worker 18 stopping early after global MPI expansion stop was activated.
[INFO]:[04:45:32] Expansion Worker 18 completed expansion.
[INFO]:[04:45:32] Worker 18 completed expansion phase.
[INFO]:[04:45:33] Worker 18 received order for step 1.
[INFO]:[04:45:33] Worker 18 running exploration phase for iteration 5.
[INFO]:[04:45:33] Worker 18 at iteration 5 will not use a MIP start file. Current best MIP-start upper bound threshold is 1.79769e+308.
[INFO]:[04:45:33] Starting local search phase...
[INFO]:[04:45:33] Worker (ils_group_rank=2) entering parallel ILS evaluation service.
[INFO]:[04:45:33] Starting CPLEX solver on instance: /home/yorig/tuner/mpils-tests/instances/miplib/medium-2/var-smallemery-m6j6.mps with config: /scratch/yorig/mpils-results-grid-ticks-10000-7may/medium-2/24proc-4pils/seed-3/10_var-smallemery-m6j6_seed-3_20260510_044235/iterated_local_search/run_5_worker_16/parallel_0_2.prm
[WARN]:[04:45:38] CPLEX finished without a primal feasible solution for config /scratch/yorig/mpils-results-grid-ticks-10000-7may/medium-2/24proc-4pils/seed-3/10_var-smallemery-m6j6_seed-3_20260510_044235/iterated_local_search/run_5_worker_16/parallel_0_2.prm.
[INFO]:[04:45:38] CPLEX results. Gap: unavailable, upper bound: null, lower bound: -1683.093850
[INFO]:[04:45:38] CPLEX solver finished. Gap: 179769313486231570814527423731704356798070567525844996598917476803157260780028538760589558632766878171540458953514382464234321326889464182768467546703537516986049910576551282076245490090389328944075868508455133942304583236903222948165808559332123348274797826204144723168738177180919299881250404026184124858368.000000
[INFO]:[04:45:41] Starting CPLEX solver on instance: /home/yorig/tuner/mpils-tests/instances/miplib/medium-2/var-smallemery-m6j6.mps with config: /scratch/yorig/mpils-results-grid-ticks-10000-7may/medium-2/24proc-4pils/seed-3/10_var-smallemery-m6j6_seed-3_20260510_044235/iterated_local_search/run_5_worker_16/parallel_4_2.prm
[WARN]:[04:45:48] CPLEX finished without a primal feasible solution for config /scratch/yorig/mpils-results-grid-ticks-10000-7may/medium-2/24proc-4pils/seed-3/10_var-smallemery-m6j6_seed-3_20260510_044235/iterated_local_search/run_5_worker_16/parallel_4_2.prm.
[INFO]:[04:45:48] CPLEX results. Gap: unavailable, upper bound: null, lower bound: -155.179378
[INFO]:[04:45:48] CPLEX solver finished. Gap: 179769313486231570814527423731704356798070567525844996598917476803157260780028538760589558632766878171540458953514382464234321326889464182768467546703537516986049910576551282076245490090389328944075868508455133942304583236903222948165808559332123348274797826204144723168738177180919299881250404026184124858368.000000
[INFO]:[04:45:48] Starting CPLEX solver on instance: /home/yorig/tuner/mpils-tests/instances/miplib/medium-2/var-smallemery-m6j6.mps with config: /scratch/yorig/mpils-results-grid-ticks-10000-7may/medium-2/24proc-4pils/seed-3/10_var-smallemery-m6j6_seed-3_20260510_044235/iterated_local_search/run_5_worker_16/parallel_8_2.prm
[WARN]:[04:45:56] CPLEX finished without a primal feasible solution for config /scratch/yorig/mpils-results-grid-ticks-10000-7may/medium-2/24proc-4pils/seed-3/10_var-smallemery-m6j6_seed-3_20260510_044235/iterated_local_search/run_5_worker_16/parallel_8_2.prm.
[INFO]:[04:45:56] CPLEX results. Gap: unavailable, upper bound: null, lower bound: -155.289472
[INFO]:[04:45:56] CPLEX solver finished. Gap: 179769313486231570814527423731704356798070567525844996598917476803157260780028538760589558632766878171540458953514382464234321326889464182768467546703537516986049910576551282076245490090389328944075868508455133942304583236903222948165808559332123348274797826204144723168738177180919299881250404026184124858368.000000
[INFO]:[04:45:56] Starting CPLEX solver on instance: /home/yorig/tuner/mpils-tests/instances/miplib/medium-2/var-smallemery-m6j6.mps with config: /scratch/yorig/mpils-results-grid-ticks-10000-7may/medium-2/24proc-4pils/seed-3/10_var-smallemery-m6j6_seed-3_20260510_044235/iterated_local_search/run_5_worker_16/parallel_12_2.prm
[WARN]:[04:46:04] CPLEX finished without a primal feasible solution for config /scratch/yorig/mpils-results-grid-ticks-10000-7may/medium-2/24proc-4pils/seed-3/10_var-smallemery-m6j6_seed-3_20260510_044235/iterated_local_search/run_5_worker_16/parallel_12_2.prm.
[INFO]:[04:46:04] CPLEX results. Gap: unavailable, upper bound: null, lower bound: -155.114499
[INFO]:[04:46:04] CPLEX solver finished. Gap: 179769313486231570814527423731704356798070567525844996598917476803157260780028538760589558632766878171540458953514382464234321326889464182768467546703537516986049910576551282076245490090389328944075868508455133942304583236903222948165808559332123348274797826204144723168738177180919299881250404026184124858368.000000
[INFO]:[04:46:04] Starting CPLEX solver on instance: /home/yorig/tuner/mpils-tests/instances/miplib/medium-2/var-smallemery-m6j6.mps with config: /scratch/yorig/mpils-results-grid-ticks-10000-7may/medium-2/24proc-4pils/seed-3/10_var-smallemery-m6j6_seed-3_20260510_044235/iterated_local_search/run_5_worker_16/parallel_16_2.prm
[WARN]:[04:46:12] CPLEX finished without a primal feasible solution for config /scratch/yorig/mpils-results-grid-ticks-10000-7may/medium-2/24proc-4pils/seed-3/10_var-smallemery-m6j6_seed-3_20260510_044235/iterated_local_search/run_5_worker_16/parallel_16_2.prm.
[INFO]:[04:46:12] CPLEX results. Gap: unavailable, upper bound: null, lower bound: -155.105363
[INFO]:[04:46:12] CPLEX solver finished. Gap: 179769313486231570814527423731704356798070567525844996598917476803157260780028538760589558632766878171540458953514382464234321326889464182768467546703537516986049910576551282076245490090389328944075868508455133942304583236903222948165808559332123348274797826204144723168738177180919299881250404026184124858368.000000
[INFO]:[04:46:12] Worker (ils_group_rank=2) exiting parallel ILS evaluation service.
[INFO]:[04:46:47] Worker 18 completed exploration phase.
[INFO]:[04:46:47] Worker 18 received order for step 2.
[INFO]:[04:46:47] Worker 18 running expansion phase for iteration 5.
[INFO]:[04:46:47] Worker 18 will use solver log file: /scratch/yorig/mpils-results-grid-ticks-10000-7may/medium-2/24proc-4pils/seed-3/10_var-smallemery-m6j6_seed-3_20260510_044235/solver/cplex.log_iteration_expansion_5_worker_18
[INFO]:[04:46:47] Expansion Worker 18 starting expansion for iteration 5.
[INFO]:[04:46:47] Starting CPLEX solver on instance: /home/yorig/tuner/mpils-tests/instances/miplib/medium-2/var-smallemery-m6j6.mps with config: /scratch/yorig/mpils-results-grid-ticks-10000-7may/medium-2/24proc-4pils/seed-3/10_var-smallemery-m6j6_seed-3_20260510_044235/expansion/config_param_CPXPARAM_Network_Pricing_2_iter_5.prm
[INFO]:[04:46:55] CPLEX results. Gap: 3.020000, upper bound: -149.375000, lower bound: -153.891434
[INFO]:[04:46:55] CPLEX solver finished. Gap: 3.020000
[INFO]:[04:47:02] Expansion Worker 18 completed expansion.
[INFO]:[04:47:02] Worker 18 completed expansion phase.
[INFO]:[04:47:03] Worker 18 received order for step 1.
[INFO]:[04:47:03] Worker 18 running exploration phase for iteration 6.
[INFO]:[04:47:03] Worker 18 at iteration 6 will not use a MIP start file. Current best MIP-start upper bound threshold is 1.79769e+308.
[INFO]:[04:47:03] Starting local search phase...
[INFO]:[04:47:03] Worker (ils_group_rank=2) entering parallel ILS evaluation service.
[INFO]:[04:47:03] Starting CPLEX solver on instance: /home/yorig/tuner/mpils-tests/instances/miplib/medium-2/var-smallemery-m6j6.mps with config: /scratch/yorig/mpils-results-grid-ticks-10000-7may/medium-2/24proc-4pils/seed-3/10_var-smallemery-m6j6_seed-3_20260510_044235/iterated_local_search/run_6_worker_16/parallel_0_2.prm
[INFO]:[04:47:08] CPLEX results. Gap: 5.250000, upper bound: -146.906250, lower bound: -154.613661
[INFO]:[04:47:08] CPLEX solver finished. Gap: 5.250000
[INFO]:[04:47:09] Starting CPLEX solver on instance: /home/yorig/tuner/mpils-tests/instances/miplib/medium-2/var-smallemery-m6j6.mps with config: /scratch/yorig/mpils-results-grid-ticks-10000-7may/medium-2/24proc-4pils/seed-3/10_var-smallemery-m6j6_seed-3_20260510_044235/iterated_local_search/run_6_worker_16/parallel_4_2.prm
[INFO]:[04:47:15] CPLEX results. Gap: 5.250000, upper bound: -146.906250, lower bound: -154.613661
[INFO]:[04:47:15] CPLEX solver finished. Gap: 5.250000
[INFO]:[04:47:16] Starting CPLEX solver on instance: /home/yorig/tuner/mpils-tests/instances/miplib/medium-2/var-smallemery-m6j6.mps with config: /scratch/yorig/mpils-results-grid-ticks-10000-7may/medium-2/24proc-4pils/seed-3/10_var-smallemery-m6j6_seed-3_20260510_044235/iterated_local_search/run_6_worker_16/parallel_8_2.prm
[INFO]:[04:47:22] CPLEX results. Gap: 154987505022921.656250, upper bound: 0.000000, lower bound: -154.987505
[INFO]:[04:47:22] CPLEX solver finished. Gap: 154987505022921.656250
[INFO]:[04:47:22] Starting CPLEX solver on instance: /home/yorig/tuner/mpils-tests/instances/miplib/medium-2/var-smallemery-m6j6.mps with config: /scratch/yorig/mpils-results-grid-ticks-10000-7may/medium-2/24proc-4pils/seed-3/10_var-smallemery-m6j6_seed-3_20260510_044235/iterated_local_search/run_6_worker_16/parallel_12_2.prm
[INFO]:[04:47:27] CPLEX results. Gap: 5.720000, upper bound: -146.312500, lower bound: -154.675309
[INFO]:[04:47:27] CPLEX solver finished. Gap: 5.720000
[INFO]:[04:47:28] Starting CPLEX solver on instance: /home/yorig/tuner/mpils-tests/instances/miplib/medium-2/var-smallemery-m6j6.mps with config: /scratch/yorig/mpils-results-grid-ticks-10000-7may/medium-2/24proc-4pils/seed-3/10_var-smallemery-m6j6_seed-3_20260510_044235/iterated_local_search/run_6_worker_16/parallel_16_2.prm
[INFO]:[04:47:33] CPLEX results. Gap: 6.060000, upper bound: -147.031250, lower bound: -155.938326
[INFO]:[04:47:33] CPLEX solver finished. Gap: 6.060000
[INFO]:[04:47:33] Worker (ils_group_rank=2) exiting parallel ILS evaluation service.
[INFO]:[04:47:43] Worker 18 completed exploration phase.
[INFO]:[04:47:43] Worker 18 received order for step 2.
[INFO]:[04:47:43] Worker 18 running expansion phase for iteration 6.
[INFO]:[04:47:43] Worker 18 will use solver log file: /scratch/yorig/mpils-results-grid-ticks-10000-7may/medium-2/24proc-4pils/seed-3/10_var-smallemery-m6j6_seed-3_20260510_044235/solver/cplex.log_iteration_expansion_6_worker_18
[INFO]:[04:47:43] Expansion Worker 18 starting expansion for iteration 6.
[INFO]:[04:47:43] Starting CPLEX solver on instance: /home/yorig/tuner/mpils-tests/instances/miplib/medium-2/var-smallemery-m6j6.mps with config: /scratch/yorig/mpils-results-grid-ticks-10000-7may/medium-2/24proc-4pils/seed-3/10_var-smallemery-m6j6_seed-3_20260510_044235/expansion/config_param_CPXPARAM_Simplex_Limits_Singularity_0_iter_6.prm
[INFO]:[04:47:51] CPLEX results. Gap: 3.020000, upper bound: -149.375000, lower bound: -153.891434
[INFO]:[04:47:51] CPLEX solver finished. Gap: 3.020000
[INFO]:[04:47:58] Expansion Worker 18 completed expansion.
[INFO]:[04:47:58] Worker 18 completed expansion phase.
[INFO]:[04:47:59] Worker 18 received order for step 1.
[INFO]:[04:47:59] Worker 18 running exploration phase for iteration 7.
[INFO]:[04:47:59] Worker 18 at iteration 7 will not use a MIP start file. Current best MIP-start upper bound threshold is 1.79769e+308.
[INFO]:[04:47:59] Starting local search phase...
[INFO]:[04:47:59] Worker (ils_group_rank=2) entering parallel ILS evaluation service.
[INFO]:[04:47:59] Starting CPLEX solver on instance: /home/yorig/tuner/mpils-tests/instances/miplib/medium-2/var-smallemery-m6j6.mps with config: /scratch/yorig/mpils-results-grid-ticks-10000-7may/medium-2/24proc-4pils/seed-3/10_var-smallemery-m6j6_seed-3_20260510_044235/iterated_local_search/run_7_worker_16/parallel_0_2.prm
[INFO]:[04:48:04] CPLEX results. Gap: 60.160000, upper bound: -97.437500, lower bound: -156.056268
[INFO]:[04:48:04] CPLEX solver finished. Gap: 60.160000
[INFO]:[04:48:08] Starting CPLEX solver on instance: /home/yorig/tuner/mpils-tests/instances/miplib/medium-2/var-smallemery-m6j6.mps with config: /scratch/yorig/mpils-results-grid-ticks-10000-7may/medium-2/24proc-4pils/seed-3/10_var-smallemery-m6j6_seed-3_20260510_044235/iterated_local_search/run_7_worker_16/parallel_4_2.prm
[INFO]:[04:48:13] CPLEX results. Gap: 60.160000, upper bound: -97.437500, lower bound: -156.056268
[INFO]:[04:48:13] CPLEX solver finished. Gap: 60.160000
[INFO]:[04:48:15] Starting CPLEX solver on instance: /home/yorig/tuner/mpils-tests/instances/miplib/medium-2/var-smallemery-m6j6.mps with config: /scratch/yorig/mpils-results-grid-ticks-10000-7may/medium-2/24proc-4pils/seed-3/10_var-smallemery-m6j6_seed-3_20260510_044235/iterated_local_search/run_7_worker_16/parallel_8_2.prm
[WARN]:[04:48:21] CPLEX finished without a primal feasible solution for config /scratch/yorig/mpils-results-grid-ticks-10000-7may/medium-2/24proc-4pils/seed-3/10_var-smallemery-m6j6_seed-3_20260510_044235/iterated_local_search/run_7_worker_16/parallel_8_2.prm.
[INFO]:[04:48:21] CPLEX results. Gap: unavailable, upper bound: null, lower bound: -155.937545
[INFO]:[04:48:21] CPLEX solver finished. Gap: 179769313486231570814527423731704356798070567525844996598917476803157260780028538760589558632766878171540458953514382464234321326889464182768467546703537516986049910576551282076245490090389328944075868508455133942304583236903222948165808559332123348274797826204144723168738177180919299881250404026184124858368.000000
[INFO]:[04:48:22] Starting CPLEX solver on instance: /home/yorig/tuner/mpils-tests/instances/miplib/medium-2/var-smallemery-m6j6.mps with config: /scratch/yorig/mpils-results-grid-ticks-10000-7may/medium-2/24proc-4pils/seed-3/10_var-smallemery-m6j6_seed-3_20260510_044235/iterated_local_search/run_7_worker_16/parallel_12_2.prm
[INFO]:[04:48:29] CPLEX results. Gap: 32.320000, upper bound: -117.781250, lower bound: -155.846266
[INFO]:[04:48:29] CPLEX solver finished. Gap: 32.320000
[INFO]:[04:48:29] Starting CPLEX solver on instance: /home/yorig/tuner/mpils-tests/instances/miplib/medium-2/var-smallemery-m6j6.mps with config: /scratch/yorig/mpils-results-grid-ticks-10000-7may/medium-2/24proc-4pils/seed-3/10_var-smallemery-m6j6_seed-3_20260510_044235/iterated_local_search/run_7_worker_16/parallel_16_2.prm
[INFO]:[04:48:36] CPLEX results. Gap: 32.320000, upper bound: -117.781250, lower bound: -155.846266
[INFO]:[04:48:36] CPLEX solver finished. Gap: 32.320000
[INFO]:[04:48:36] Starting CPLEX solver on instance: /home/yorig/tuner/mpils-tests/instances/miplib/medium-2/var-smallemery-m6j6.mps with config: /scratch/yorig/mpils-results-grid-ticks-10000-7may/medium-2/24proc-4pils/seed-3/10_var-smallemery-m6j6_seed-3_20260510_044235/iterated_local_search/run_7_worker_16/parallel_20_2.prm
[INFO]:[04:48:43] CPLEX results. Gap: 32.320000, upper bound: -117.781250, lower bound: -155.846266
[INFO]:[04:48:43] CPLEX solver finished. Gap: 32.320000
[INFO]:[04:48:43] Starting CPLEX solver on instance: /home/yorig/tuner/mpils-tests/instances/miplib/medium-2/var-smallemery-m6j6.mps with config: /scratch/yorig/mpils-results-grid-ticks-10000-7may/medium-2/24proc-4pils/seed-3/10_var-smallemery-m6j6_seed-3_20260510_044235/iterated_local_search/run_7_worker_16/parallel_24_2.prm
[INFO]:[04:48:50] CPLEX results. Gap: 24.470000, upper bound: -125.218750, lower bound: -155.858179
[INFO]:[04:48:50] CPLEX solver finished. Gap: 24.470000
[INFO]:[04:48:50] Worker (ils_group_rank=2) exiting parallel ILS evaluation service.
[INFO]:[04:48:54] Worker 18 completed exploration phase.
[INFO]:[04:48:54] Worker 18 received order for step 3.
[INFO]:[04:48:54] Worker 18 finished.
