[INFO]:[03:40:26] Worker 19 starting.
[INFO]:[03:40:26] Worker 19 received order for step 1.
[INFO]:[03:40:26] Worker 19 running exploration phase for iteration 1.
[INFO]:[03:40:26] Worker 19 at iteration 1 will not use a MIP start file. Current best MIP-start upper bound threshold is 1.79769e+308.
[INFO]:[03:40:26] Starting local search phase...
[INFO]:[03:40:26] Worker (ils_group_rank=3) entering parallel ILS evaluation service.
[INFO]:[03:40:26] Starting CPLEX solver on instance: /home/yorig/tuner/mpils-tests/instances/miplib/easy/mas74.mps with config: /scratch/yorig/mpils-results-grid-ticks-10000-7may/easy/24proc-4pils/seed-4/5_mas74_seed-4_20260510_034025/iterated_local_search/run_1_worker_16/parallel_0_3.prm
[INFO]:[03:40:34] CPLEX results. Gap: 5.560000, upper bound: 11801.185729, lower bound: 11144.455067
[INFO]:[03:40:34] CPLEX solver finished. Gap: 5.560000
[INFO]:[03:40:35] Starting CPLEX solver on instance: /home/yorig/tuner/mpils-tests/instances/miplib/easy/mas74.mps with config: /scratch/yorig/mpils-results-grid-ticks-10000-7may/easy/24proc-4pils/seed-4/5_mas74_seed-4_20260510_034025/iterated_local_search/run_1_worker_16/parallel_4_3.prm
[INFO]:[03:40:43] CPLEX results. Gap: 3.130000, upper bound: 11801.185729, lower bound: 11431.592041
[INFO]:[03:40:43] CPLEX solver finished. Gap: 3.130000
[INFO]:[03:40:43] Starting CPLEX solver on instance: /home/yorig/tuner/mpils-tests/instances/miplib/easy/mas74.mps with config: /scratch/yorig/mpils-results-grid-ticks-10000-7may/easy/24proc-4pils/seed-4/5_mas74_seed-4_20260510_034025/iterated_local_search/run_1_worker_16/parallel_8_3.prm
[INFO]:[03:40:52] CPLEX results. Gap: 3.070000, upper bound: 11801.185729, lower bound: 11438.912383
[INFO]:[03:40:52] CPLEX solver finished. Gap: 3.070000
[INFO]:[03:40:52] Starting CPLEX solver on instance: /home/yorig/tuner/mpils-tests/instances/miplib/easy/mas74.mps with config: /scratch/yorig/mpils-results-grid-ticks-10000-7may/easy/24proc-4pils/seed-4/5_mas74_seed-4_20260510_034025/iterated_local_search/run_1_worker_16/parallel_12_3.prm
[INFO]:[03:41:01] CPLEX results. Gap: 3.130000, upper bound: 11801.185729, lower bound: 11431.592041
[INFO]:[03:41:01] CPLEX solver finished. Gap: 3.130000
[INFO]:[03:41:01] Starting CPLEX solver on instance: /home/yorig/tuner/mpils-tests/instances/miplib/easy/mas74.mps with config: /scratch/yorig/mpils-results-grid-ticks-10000-7may/easy/24proc-4pils/seed-4/5_mas74_seed-4_20260510_034025/iterated_local_search/run_1_worker_16/parallel_16_3.prm
[INFO]:[03:41:10] CPLEX results. Gap: 3.070000, upper bound: 11801.185729, lower bound: 11438.912383
[INFO]:[03:41:10] CPLEX solver finished. Gap: 3.070000
[INFO]:[03:41:10] Worker (ils_group_rank=3) exiting parallel ILS evaluation service.
[INFO]:[03:41:11] Worker 19 completed exploration phase.
[INFO]:[03:41:11] Worker 19 received order for step 2.
[INFO]:[03:41:11] Worker 19 running expansion phase for iteration 1.
[INFO]:[03:41:11] Worker 19 will use solver log file: /scratch/yorig/mpils-results-grid-ticks-10000-7may/easy/24proc-4pils/seed-4/5_mas74_seed-4_20260510_034025/solver/cplex.log_iteration_expansion_1_worker_19
[INFO]:[03:41:11] Expansion Worker 19 starting expansion for iteration 1.
[INFO]:[03:41:11] Starting CPLEX solver on instance: /home/yorig/tuner/mpils-tests/instances/miplib/easy/mas74.mps with config: /scratch/yorig/mpils-results-grid-ticks-10000-7may/easy/24proc-4pils/seed-4/5_mas74_seed-4_20260510_034025/expansion/config_param_CPXPARAM_MIP_Limits_ProbeTime_0_iter_1.prm
[INFO]:[03:41:20] CPLEX results. Gap: 2.950000, upper bound: 11801.185729, lower bound: 11452.926940
[INFO]:[03:41:20] CPLEX solver finished. Gap: 2.950000
[INFO]:[03:41:23] Expansion Worker 19 stopping early after global MPI expansion stop was activated.
[INFO]:[03:41:23] Expansion Worker 19 completed expansion.
[INFO]:[03:41:23] Worker 19 completed expansion phase.
[INFO]:[03:41:23] Worker 19 received order for step 1.
[INFO]:[03:41:23] Worker 19 running exploration phase for iteration 2.
[INFO]:[03:41:23] Worker 19 at iteration 2 will not use a MIP start file. Current best MIP-start upper bound threshold is 1.79769e+308.
[INFO]:[03:41:23] Starting local search phase...
[INFO]:[03:41:23] Worker (ils_group_rank=3) entering parallel ILS evaluation service.
[INFO]:[03:41:23] Starting CPLEX solver on instance: /home/yorig/tuner/mpils-tests/instances/miplib/easy/mas74.mps with config: /scratch/yorig/mpils-results-grid-ticks-10000-7may/easy/24proc-4pils/seed-4/5_mas74_seed-4_20260510_034025/iterated_local_search/run_2_worker_16/parallel_0_3.prm
[INFO]:[03:41:31] CPLEX results. Gap: 5.380000, upper bound: 11801.185729, lower bound: 11166.148271
[INFO]:[03:41:31] CPLEX solver finished. Gap: 5.380000
[INFO]:[03:41:32] Starting CPLEX solver on instance: /home/yorig/tuner/mpils-tests/instances/miplib/easy/mas74.mps with config: /scratch/yorig/mpils-results-grid-ticks-10000-7may/easy/24proc-4pils/seed-4/5_mas74_seed-4_20260510_034025/iterated_local_search/run_2_worker_16/parallel_4_3.prm
[INFO]:[03:41:39] CPLEX results. Gap: 4.900000, upper bound: 11801.185729, lower bound: 11223.026917
[INFO]:[03:41:39] CPLEX solver finished. Gap: 4.900000
[INFO]:[03:41:39] Worker (ils_group_rank=3) exiting parallel ILS evaluation service.
[INFO]:[03:41:46] Worker 19 completed exploration phase.
[INFO]:[03:41:46] Worker 19 received order for step 2.
[INFO]:[03:41:46] Worker 19 running expansion phase for iteration 2.
[INFO]:[03:41:46] Worker 19 will use solver log file: /scratch/yorig/mpils-results-grid-ticks-10000-7may/easy/24proc-4pils/seed-4/5_mas74_seed-4_20260510_034025/solver/cplex.log_iteration_expansion_2_worker_19
[INFO]:[03:41:46] Expansion Worker 19 starting expansion for iteration 2.
[INFO]:[03:41:46] Starting CPLEX solver on instance: /home/yorig/tuner/mpils-tests/instances/miplib/easy/mas74.mps with config: /scratch/yorig/mpils-results-grid-ticks-10000-7may/easy/24proc-4pils/seed-4/5_mas74_seed-4_20260510_034025/expansion/config_param_CPXPARAM_MIP_Limits_ProbeTime_50_iter_2.prm
[INFO]:[03:41:58] CPLEX results. Gap: 2.400000, upper bound: 11801.185729, lower bound: 11517.603936
[INFO]:[03:41:58] CPLEX solver finished. Gap: 2.400000
[INFO]:[03:41:58] Expansion Worker 19 stopping early after global MPI expansion stop was activated.
[INFO]:[03:41:58] Expansion Worker 19 completed expansion.
[INFO]:[03:41:58] Worker 19 completed expansion phase.
[INFO]:[03:41:58] Worker 19 received order for step 1.
[INFO]:[03:41:58] Worker 19 running exploration phase for iteration 3.
[INFO]:[03:41:58] Worker 19 at iteration 3 will not use a MIP start file. Current best MIP-start upper bound threshold is 1.79769e+308.
[INFO]:[03:41:58] Starting local search phase...
[INFO]:[03:41:58] Worker (ils_group_rank=3) entering parallel ILS evaluation service.
[INFO]:[03:41:58] Starting CPLEX solver on instance: /home/yorig/tuner/mpils-tests/instances/miplib/easy/mas74.mps with config: /scratch/yorig/mpils-results-grid-ticks-10000-7may/easy/24proc-4pils/seed-4/5_mas74_seed-4_20260510_034025/iterated_local_search/run_3_worker_16/parallel_0_3.prm
[INFO]:[03:42:10] CPLEX results. Gap: 3.440000, upper bound: 11801.185729, lower bound: 11394.991769
[INFO]:[03:42:10] CPLEX solver finished. Gap: 3.440000
[INFO]:[03:42:10] Starting CPLEX solver on instance: /home/yorig/tuner/mpils-tests/instances/miplib/easy/mas74.mps with config: /scratch/yorig/mpils-results-grid-ticks-10000-7may/easy/24proc-4pils/seed-4/5_mas74_seed-4_20260510_034025/iterated_local_search/run_3_worker_16/parallel_4_3.prm
[INFO]:[03:42:21] CPLEX results. Gap: 3.440000, upper bound: 11801.185729, lower bound: 11394.991769
[INFO]:[03:42:21] CPLEX solver finished. Gap: 3.440000
[INFO]:[03:42:21] Worker (ils_group_rank=3) exiting parallel ILS evaluation service.
[INFO]:[03:42:25] Worker 19 completed exploration phase.
[INFO]:[03:42:25] Worker 19 received order for step 2.
[INFO]:[03:42:25] Worker 19 running expansion phase for iteration 3.
[INFO]:[03:42:25] Worker 19 will use solver log file: /scratch/yorig/mpils-results-grid-ticks-10000-7may/easy/24proc-4pils/seed-4/5_mas74_seed-4_20260510_034025/solver/cplex.log_iteration_expansion_3_worker_19
[INFO]:[03:42:25] Expansion Worker 19 starting expansion for iteration 3.
[INFO]:[03:42:25] Starting CPLEX solver on instance: /home/yorig/tuner/mpils-tests/instances/miplib/easy/mas74.mps with config: /scratch/yorig/mpils-results-grid-ticks-10000-7may/easy/24proc-4pils/seed-4/5_mas74_seed-4_20260510_034025/expansion/config_param_CPXPARAM_MIP_Strategy_RINSHeur_20_iter_3.prm
[INFO]:[03:42:38] CPLEX results. Gap: 2.070000, upper bound: 11801.185729, lower bound: 11556.378774
[INFO]:[03:42:38] CPLEX solver finished. Gap: 2.070000
[INFO]:[03:42:39] Starting CPLEX solver on instance: /home/yorig/tuner/mpils-tests/instances/miplib/easy/mas74.mps with config: /scratch/yorig/mpils-results-grid-ticks-10000-7may/easy/24proc-4pils/seed-4/5_mas74_seed-4_20260510_034025/expansion/config_param_CPXPARAM_MIP_Strategy_PresolveNode_2_iter_3.prm
[INFO]:[03:42:52] CPLEX results. Gap: 1.990000, upper bound: 11801.185729, lower bound: 11565.929648
[INFO]:[03:42:52] CPLEX solver finished. Gap: 1.990000
[INFO]:[03:42:53] Expansion Worker 19 stopping early after global MPI expansion stop was activated.
[INFO]:[03:42:53] Expansion Worker 19 completed expansion.
[INFO]:[03:42:53] Worker 19 completed expansion phase.
[INFO]:[03:42:53] Worker 19 received order for step 1.
[INFO]:[03:42:53] Worker 19 running exploration phase for iteration 4.
[INFO]:[03:42:53] Worker 19 at iteration 4 will not use a MIP start file. Current best MIP-start upper bound threshold is 1.79769e+308.
[INFO]:[03:42:53] Starting local search phase...
[INFO]:[03:42:53] Worker (ils_group_rank=3) entering parallel ILS evaluation service.
[INFO]:[03:42:53] Starting CPLEX solver on instance: /home/yorig/tuner/mpils-tests/instances/miplib/easy/mas74.mps with config: /scratch/yorig/mpils-results-grid-ticks-10000-7may/easy/24proc-4pils/seed-4/5_mas74_seed-4_20260510_034025/iterated_local_search/run_4_worker_16/parallel_0_3.prm
[INFO]:[03:43:01] CPLEX results. Gap: 5.240000, upper bound: 11801.185729, lower bound: 11182.440289
[INFO]:[03:43:01] CPLEX solver finished. Gap: 5.240000
[INFO]:[03:43:06] Starting CPLEX solver on instance: /home/yorig/tuner/mpils-tests/instances/miplib/easy/mas74.mps with config: /scratch/yorig/mpils-results-grid-ticks-10000-7may/easy/24proc-4pils/seed-4/5_mas74_seed-4_20260510_034025/iterated_local_search/run_4_worker_16/parallel_4_3.prm
[INFO]:[03:43:13] CPLEX results. Gap: 5.240000, upper bound: 11801.185729, lower bound: 11182.440289
[INFO]:[03:43:14] CPLEX solver finished. Gap: 5.240000
[INFO]:[03:43:17] Starting CPLEX solver on instance: /home/yorig/tuner/mpils-tests/instances/miplib/easy/mas74.mps with config: /scratch/yorig/mpils-results-grid-ticks-10000-7may/easy/24proc-4pils/seed-4/5_mas74_seed-4_20260510_034025/iterated_local_search/run_4_worker_16/parallel_8_3.prm
[INFO]:[03:43:29] CPLEX results. Gap: 3.750000, upper bound: 11801.185729, lower bound: 11358.741635
[INFO]:[03:43:29] CPLEX solver finished. Gap: 3.750000
[INFO]:[03:43:29] Starting CPLEX solver on instance: /home/yorig/tuner/mpils-tests/instances/miplib/easy/mas74.mps with config: /scratch/yorig/mpils-results-grid-ticks-10000-7may/easy/24proc-4pils/seed-4/5_mas74_seed-4_20260510_034025/iterated_local_search/run_4_worker_16/parallel_12_3.prm
[INFO]:[03:43:39] CPLEX results. Gap: 4.480000, upper bound: 11801.185729, lower bound: 11273.058456
[INFO]:[03:43:39] CPLEX solver finished. Gap: 4.480000
[INFO]:[03:43:41] Starting CPLEX solver on instance: /home/yorig/tuner/mpils-tests/instances/miplib/easy/mas74.mps with config: /scratch/yorig/mpils-results-grid-ticks-10000-7may/easy/24proc-4pils/seed-4/5_mas74_seed-4_20260510_034025/iterated_local_search/run_4_worker_16/parallel_16_3.prm
[INFO]:[03:43:47] CPLEX results. Gap: 5.550000, upper bound: 11801.185729, lower bound: 11146.666305
[INFO]:[03:43:47] CPLEX solver finished. Gap: 5.550000
[INFO]:[03:43:52] Starting CPLEX solver on instance: /home/yorig/tuner/mpils-tests/instances/miplib/easy/mas74.mps with config: /scratch/yorig/mpils-results-grid-ticks-10000-7may/easy/24proc-4pils/seed-4/5_mas74_seed-4_20260510_034025/iterated_local_search/run_4_worker_16/parallel_20_3.prm
[INFO]:[03:44:03] CPLEX results. Gap: 3.400000, upper bound: 11801.185729, lower bound: 11400.024687
[INFO]:[03:44:03] CPLEX solver finished. Gap: 3.400000
[INFO]:[03:44:03] Starting CPLEX solver on instance: /home/yorig/tuner/mpils-tests/instances/miplib/easy/mas74.mps with config: /scratch/yorig/mpils-results-grid-ticks-10000-7may/easy/24proc-4pils/seed-4/5_mas74_seed-4_20260510_034025/iterated_local_search/run_4_worker_16/parallel_24_3.prm
[INFO]:[03:44:14] CPLEX results. Gap: 3.370000, upper bound: 11801.185729, lower bound: 11403.218129
[INFO]:[03:44:14] CPLEX solver finished. Gap: 3.370000
[INFO]:[03:44:14] Worker (ils_group_rank=3) exiting parallel ILS evaluation service.
[INFO]:[03:44:14] Worker 19 completed exploration phase.
[INFO]:[03:44:14] Worker 19 received order for step 2.
[INFO]:[03:44:14] Worker 19 running expansion phase for iteration 4.
[INFO]:[03:44:14] Worker 19 will use solver log file: /scratch/yorig/mpils-results-grid-ticks-10000-7may/easy/24proc-4pils/seed-4/5_mas74_seed-4_20260510_034025/solver/cplex.log_iteration_expansion_4_worker_19
[INFO]:[03:44:14] Expansion Worker 19 starting expansion for iteration 4.
[INFO]:[03:44:14] Starting CPLEX solver on instance: /home/yorig/tuner/mpils-tests/instances/miplib/easy/mas74.mps with config: /scratch/yorig/mpils-results-grid-ticks-10000-7may/easy/24proc-4pils/seed-4/5_mas74_seed-4_20260510_034025/expansion/config_param_CPXPARAM_MIP_Strategy_StartAlgorithm_3_iter_4.prm
[INFO]:[03:44:27] CPLEX results. Gap: 1.380000, upper bound: 11801.185729, lower bound: 11638.193924
[INFO]:[03:44:28] CPLEX solver finished. Gap: 1.380000
[INFO]:[03:44:28] Expansion Worker 19 stopping early after global MPI expansion stop was activated.
[INFO]:[03:44:28] Expansion Worker 19 completed expansion.
[INFO]:[03:44:28] Worker 19 completed expansion phase.
[INFO]:[03:44:29] Worker 19 received order for step 1.
[INFO]:[03:44:29] Worker 19 running exploration phase for iteration 5.
[INFO]:[03:44:29] Worker 19 at iteration 5 will not use a MIP start file. Current best MIP-start upper bound threshold is 1.79769e+308.
[INFO]:[03:44:29] Starting local search phase...
[INFO]:[03:44:29] Worker (ils_group_rank=3) entering parallel ILS evaluation service.
[INFO]:[03:44:29] Starting CPLEX solver on instance: /home/yorig/tuner/mpils-tests/instances/miplib/easy/mas74.mps with config: /scratch/yorig/mpils-results-grid-ticks-10000-7may/easy/24proc-4pils/seed-4/5_mas74_seed-4_20260510_034025/iterated_local_search/run_5_worker_16/parallel_0_3.prm
[INFO]:[03:44:35] CPLEX results. Gap: 6.330000, upper bound: 11801.185729, lower bound: 11054.042647
[INFO]:[03:44:35] CPLEX solver finished. Gap: 6.330000
[INFO]:[03:44:38] Starting CPLEX solver on instance: /home/yorig/tuner/mpils-tests/instances/miplib/easy/mas74.mps with config: /scratch/yorig/mpils-results-grid-ticks-10000-7may/easy/24proc-4pils/seed-4/5_mas74_seed-4_20260510_034025/iterated_local_search/run_5_worker_16/parallel_4_3.prm
[INFO]:[03:44:45] CPLEX results. Gap: 5.190000, upper bound: 11801.185729, lower bound: 11188.873551
[INFO]:[03:44:45] CPLEX solver finished. Gap: 5.190000
[INFO]:[03:44:46] Starting CPLEX solver on instance: /home/yorig/tuner/mpils-tests/instances/miplib/easy/mas74.mps with config: /scratch/yorig/mpils-results-grid-ticks-10000-7may/easy/24proc-4pils/seed-4/5_mas74_seed-4_20260510_034025/iterated_local_search/run_5_worker_16/parallel_8_3.prm
[INFO]:[03:44:53] CPLEX results. Gap: 5.190000, upper bound: 11801.185729, lower bound: 11188.873551
[INFO]:[03:44:53] CPLEX solver finished. Gap: 5.190000
[INFO]:[03:44:54] Starting CPLEX solver on instance: /home/yorig/tuner/mpils-tests/instances/miplib/easy/mas74.mps with config: /scratch/yorig/mpils-results-grid-ticks-10000-7may/easy/24proc-4pils/seed-4/5_mas74_seed-4_20260510_034025/iterated_local_search/run_5_worker_16/parallel_12_3.prm
[INFO]:[03:45:02] CPLEX results. Gap: 4.370000, upper bound: 11801.185729, lower bound: 11285.644349
[INFO]:[03:45:02] CPLEX solver finished. Gap: 4.370000
[INFO]:[03:45:02] Starting CPLEX solver on instance: /home/yorig/tuner/mpils-tests/instances/miplib/easy/mas74.mps with config: /scratch/yorig/mpils-results-grid-ticks-10000-7may/easy/24proc-4pils/seed-4/5_mas74_seed-4_20260510_034025/iterated_local_search/run_5_worker_16/parallel_16_3.prm
[INFO]:[03:45:10] CPLEX results. Gap: 4.930000, upper bound: 11801.185729, lower bound: 11219.873988
[INFO]:[03:45:10] CPLEX solver finished. Gap: 4.930000
[INFO]:[03:45:12] Worker (ils_group_rank=3) exiting parallel ILS evaluation service.
[INFO]:[03:45:31] Worker 19 completed exploration phase.
[INFO]:[03:45:31] Worker 19 received order for step 2.
[INFO]:[03:45:31] Worker 19 running expansion phase for iteration 5.
[INFO]:[03:45:31] Worker 19 will use solver log file: /scratch/yorig/mpils-results-grid-ticks-10000-7may/easy/24proc-4pils/seed-4/5_mas74_seed-4_20260510_034025/solver/cplex.log_iteration_expansion_5_worker_19
[INFO]:[03:45:31] Expansion Worker 19 starting expansion for iteration 5.
[INFO]:[03:45:31] Starting CPLEX solver on instance: /home/yorig/tuner/mpils-tests/instances/miplib/easy/mas74.mps with config: /scratch/yorig/mpils-results-grid-ticks-10000-7may/easy/24proc-4pils/seed-4/5_mas74_seed-4_20260510_034025/expansion/config_param_CPXPARAM_Simplex_PGradient_3_iter_5.prm
[INFO]:[03:45:46] CPLEX results. Gap: 1.080000, upper bound: 11801.185729, lower bound: 11673.543012
[INFO]:[03:45:46] CPLEX solver finished. Gap: 1.080000
[INFO]:[03:46:01] Expansion Worker 19 completed expansion.
[INFO]:[03:46:01] Worker 19 completed expansion phase.
[INFO]:[03:46:01] Worker 19 received order for step 1.
[INFO]:[03:46:01] Worker 19 running exploration phase for iteration 6.
[INFO]:[03:46:01] Worker 19 at iteration 6 will not use a MIP start file. Current best MIP-start upper bound threshold is 1.79769e+308.
[INFO]:[03:46:01] Starting local search phase...
[INFO]:[03:46:01] Worker (ils_group_rank=3) entering parallel ILS evaluation service.
[INFO]:[03:46:01] Starting CPLEX solver on instance: /home/yorig/tuner/mpils-tests/instances/miplib/easy/mas74.mps with config: /scratch/yorig/mpils-results-grid-ticks-10000-7may/easy/24proc-4pils/seed-4/5_mas74_seed-4_20260510_034025/iterated_local_search/run_6_worker_16/parallel_0_3.prm
[INFO]:[03:46:12] CPLEX results. Gap: 7.330000, upper bound: 11801.185729, lower bound: 10936.314711
[INFO]:[03:46:12] CPLEX solver finished. Gap: 7.330000
[INFO]:[03:46:12] Starting CPLEX solver on instance: /home/yorig/tuner/mpils-tests/instances/miplib/easy/mas74.mps with config: /scratch/yorig/mpils-results-grid-ticks-10000-7may/easy/24proc-4pils/seed-4/5_mas74_seed-4_20260510_034025/iterated_local_search/run_6_worker_16/parallel_4_3.prm
[INFO]:[03:46:23] CPLEX results. Gap: 7.170000, upper bound: 11801.185729, lower bound: 10954.868769
[INFO]:[03:46:23] CPLEX solver finished. Gap: 7.170000
[INFO]:[03:46:23] Starting CPLEX solver on instance: /home/yorig/tuner/mpils-tests/instances/miplib/easy/mas74.mps with config: /scratch/yorig/mpils-results-grid-ticks-10000-7may/easy/24proc-4pils/seed-4/5_mas74_seed-4_20260510_034025/iterated_local_search/run_6_worker_16/parallel_8_3.prm
[INFO]:[03:46:33] CPLEX results. Gap: 7.290000, upper bound: 11801.185729, lower bound: 10940.435121
[INFO]:[03:46:33] CPLEX solver finished. Gap: 7.290000
[INFO]:[03:46:34] Worker (ils_group_rank=3) exiting parallel ILS evaluation service.
[INFO]:[03:46:38] Worker 19 completed exploration phase.
[INFO]:[03:46:38] Worker 19 received order for step 2.
[INFO]:[03:46:38] Worker 19 running expansion phase for iteration 6.
[INFO]:[03:46:38] Worker 19 will use solver log file: /scratch/yorig/mpils-results-grid-ticks-10000-7may/easy/24proc-4pils/seed-4/5_mas74_seed-4_20260510_034025/solver/cplex.log_iteration_expansion_6_worker_19
[INFO]:[03:46:38] Expansion Worker 19 starting expansion for iteration 6.
[INFO]:[03:46:38] Starting CPLEX solver on instance: /home/yorig/tuner/mpils-tests/instances/miplib/easy/mas74.mps with config: /scratch/yorig/mpils-results-grid-ticks-10000-7may/easy/24proc-4pils/seed-4/5_mas74_seed-4_20260510_034025/expansion/config_param_CPXPARAM_MIP_OrderType_2_iter_6.prm
[INFO]:[03:46:50] CPLEX results. Gap: 1.630000, upper bound: 11801.185729, lower bound: 11608.527722
[INFO]:[03:46:51] CPLEX solver finished. Gap: 1.630000
[INFO]:[03:47:07] Expansion Worker 19 completed expansion.
[INFO]:[03:47:07] Worker 19 completed expansion phase.
[INFO]:[03:47:08] Worker 19 received order for step 1.
[INFO]:[03:47:08] Worker 19 running exploration phase for iteration 7.
[INFO]:[03:47:08] Worker 19 at iteration 7 will not use a MIP start file. Current best MIP-start upper bound threshold is 1.79769e+308.
[INFO]:[03:47:08] Starting local search phase...
[INFO]:[03:47:08] Worker (ils_group_rank=3) entering parallel ILS evaluation service.
[INFO]:[03:47:08] Starting CPLEX solver on instance: /home/yorig/tuner/mpils-tests/instances/miplib/easy/mas74.mps with config: /scratch/yorig/mpils-results-grid-ticks-10000-7may/easy/24proc-4pils/seed-4/5_mas74_seed-4_20260510_034025/iterated_local_search/run_7_worker_16/parallel_0_3.prm
[INFO]:[03:47:13] CPLEX results. Gap: 6.320000, upper bound: 11801.185729, lower bound: 11055.039696
[INFO]:[03:47:13] CPLEX solver finished. Gap: 6.320000
[INFO]:[03:47:16] Starting CPLEX solver on instance: /home/yorig/tuner/mpils-tests/instances/miplib/easy/mas74.mps with config: /scratch/yorig/mpils-results-grid-ticks-10000-7may/easy/24proc-4pils/seed-4/5_mas74_seed-4_20260510_034025/iterated_local_search/run_7_worker_16/parallel_4_3.prm
[INFO]:[03:47:22] CPLEX results. Gap: 6.300000, upper bound: 11801.185729, lower bound: 11058.238935
[INFO]:[03:47:22] CPLEX solver finished. Gap: 6.300000
[INFO]:[03:47:22] Starting CPLEX solver on instance: /home/yorig/tuner/mpils-tests/instances/miplib/easy/mas74.mps with config: /scratch/yorig/mpils-results-grid-ticks-10000-7may/easy/24proc-4pils/seed-4/5_mas74_seed-4_20260510_034025/iterated_local_search/run_7_worker_16/parallel_8_3.prm
[INFO]:[03:47:28] CPLEX results. Gap: 6.300000, upper bound: 11801.185729, lower bound: 11058.238935
[INFO]:[03:47:28] CPLEX solver finished. Gap: 6.300000
[INFO]:[03:47:28] Starting CPLEX solver on instance: /home/yorig/tuner/mpils-tests/instances/miplib/easy/mas74.mps with config: /scratch/yorig/mpils-results-grid-ticks-10000-7may/easy/24proc-4pils/seed-4/5_mas74_seed-4_20260510_034025/iterated_local_search/run_7_worker_16/parallel_12_3.prm
[INFO]:[03:47:35] CPLEX results. Gap: 5.780000, upper bound: 11801.185729, lower bound: 11119.056696
[INFO]:[03:47:35] CPLEX solver finished. Gap: 5.780000
[INFO]:[03:47:35] Starting CPLEX solver on instance: /home/yorig/tuner/mpils-tests/instances/miplib/easy/mas74.mps with config: /scratch/yorig/mpils-results-grid-ticks-10000-7may/easy/24proc-4pils/seed-4/5_mas74_seed-4_20260510_034025/iterated_local_search/run_7_worker_16/parallel_16_3.prm
[INFO]:[03:47:42] CPLEX results. Gap: 5.850000, upper bound: 11857.371258, lower bound: 11163.835872
[INFO]:[03:47:42] CPLEX solver finished. Gap: 5.850000
[INFO]:[03:47:42] Worker (ils_group_rank=3) exiting parallel ILS evaluation service.
[INFO]:[03:48:10] Worker 19 completed exploration phase.
[INFO]:[03:48:10] Worker 19 received order for step 2.
[INFO]:[03:48:10] Worker 19 running expansion phase for iteration 7.
[INFO]:[03:48:10] Worker 19 will use solver log file: /scratch/yorig/mpils-results-grid-ticks-10000-7may/easy/24proc-4pils/seed-4/5_mas74_seed-4_20260510_034025/solver/cplex.log_iteration_expansion_7_worker_19
[INFO]:[03:48:10] Expansion Worker 19 starting expansion for iteration 7.
[INFO]:[03:48:10] Starting CPLEX solver on instance: /home/yorig/tuner/mpils-tests/instances/miplib/easy/mas74.mps with config: /scratch/yorig/mpils-results-grid-ticks-10000-7may/easy/24proc-4pils/seed-4/5_mas74_seed-4_20260510_034025/expansion/config_param_CPXPARAM_Sifting_Algorithm_2_iter_7.prm
[INFO]:[03:48:25] CPLEX results. Gap: 1.080000, upper bound: 11801.185729, lower bound: 11673.543012
[INFO]:[03:48:25] CPLEX solver finished. Gap: 1.080000
[INFO]:[03:48:40] Expansion Worker 19 completed expansion.
[INFO]:[03:48:40] Worker 19 completed expansion phase.
[INFO]:[03:48:40] Worker 19 received order for step 1.
[INFO]:[03:48:40] Worker 19 running exploration phase for iteration 8.
[INFO]:[03:48:40] Worker 19 at iteration 8 will not use a MIP start file. Current best MIP-start upper bound threshold is 1.79769e+308.
[INFO]:[03:48:40] Starting local search phase...
[INFO]:[03:48:40] Worker (ils_group_rank=3) entering parallel ILS evaluation service.
[INFO]:[03:48:40] Starting CPLEX solver on instance: /home/yorig/tuner/mpils-tests/instances/miplib/easy/mas74.mps with config: /scratch/yorig/mpils-results-grid-ticks-10000-7may/easy/24proc-4pils/seed-4/5_mas74_seed-4_20260510_034025/iterated_local_search/run_8_worker_16/parallel_0_3.prm
[INFO]:[03:48:49] CPLEX results. Gap: 11.910000, upper bound: 12007.448580, lower bound: 10577.038330
[INFO]:[03:48:49] CPLEX solver finished. Gap: 11.910000
[INFO]:[03:48:49] Starting CPLEX solver on instance: /home/yorig/tuner/mpils-tests/instances/miplib/easy/mas74.mps with config: /scratch/yorig/mpils-results-grid-ticks-10000-7may/easy/24proc-4pils/seed-4/5_mas74_seed-4_20260510_034025/iterated_local_search/run_8_worker_16/parallel_4_3.prm
[INFO]:[03:48:57] CPLEX results. Gap: 10.050000, upper bound: 11801.185729, lower bound: 10615.299805
[INFO]:[03:48:57] CPLEX solver finished. Gap: 10.050000
[INFO]:[03:48:58] Starting CPLEX solver on instance: /home/yorig/tuner/mpils-tests/instances/miplib/easy/mas74.mps with config: /scratch/yorig/mpils-results-grid-ticks-10000-7may/easy/24proc-4pils/seed-4/5_mas74_seed-4_20260510_034025/iterated_local_search/run_8_worker_16/parallel_8_3.prm
[INFO]:[03:49:07] CPLEX results. Gap: 9.990000, upper bound: 11801.185729, lower bound: 10622.734465
[INFO]:[03:49:07] CPLEX solver finished. Gap: 9.990000
[INFO]:[03:49:07] Starting CPLEX solver on instance: /home/yorig/tuner/mpils-tests/instances/miplib/easy/mas74.mps with config: /scratch/yorig/mpils-results-grid-ticks-10000-7may/easy/24proc-4pils/seed-4/5_mas74_seed-4_20260510_034025/iterated_local_search/run_8_worker_16/parallel_12_3.prm
[INFO]:[03:49:16] CPLEX results. Gap: 10.150000, upper bound: 11801.185729, lower bound: 10603.672966
[INFO]:[03:49:16] CPLEX solver finished. Gap: 10.150000
[INFO]:[03:49:17] Starting CPLEX solver on instance: /home/yorig/tuner/mpils-tests/instances/miplib/easy/mas74.mps with config: /scratch/yorig/mpils-results-grid-ticks-10000-7may/easy/24proc-4pils/seed-4/5_mas74_seed-4_20260510_034025/iterated_local_search/run_8_worker_16/parallel_16_3.prm
[INFO]:[03:49:25] CPLEX results. Gap: 9.990000, upper bound: 11801.185729, lower bound: 10622.734465
[INFO]:[03:49:25] CPLEX solver finished. Gap: 9.990000
[INFO]:[03:49:26] Starting CPLEX solver on instance: /home/yorig/tuner/mpils-tests/instances/miplib/easy/mas74.mps with config: /scratch/yorig/mpils-results-grid-ticks-10000-7may/easy/24proc-4pils/seed-4/5_mas74_seed-4_20260510_034025/iterated_local_search/run_8_worker_16/parallel_20_3.prm
[INFO]:[03:49:35] CPLEX results. Gap: 9.990000, upper bound: 11801.185729, lower bound: 10622.734465
[INFO]:[03:49:35] CPLEX solver finished. Gap: 9.990000
[INFO]:[03:49:35] Starting CPLEX solver on instance: /home/yorig/tuner/mpils-tests/instances/miplib/easy/mas74.mps with config: /scratch/yorig/mpils-results-grid-ticks-10000-7may/easy/24proc-4pils/seed-4/5_mas74_seed-4_20260510_034025/iterated_local_search/run_8_worker_16/parallel_24_3.prm
[INFO]:[03:49:44] CPLEX results. Gap: 10.210000, upper bound: 11801.185729, lower bound: 10596.696671
[INFO]:[03:49:44] CPLEX solver finished. Gap: 10.210000
[INFO]:[03:49:45] Worker (ils_group_rank=3) exiting parallel ILS evaluation service.
[INFO]:[03:50:07] Worker 19 completed exploration phase.
[INFO]:[03:50:07] Worker 19 received order for step 2.
[INFO]:[03:50:07] Worker 19 running expansion phase for iteration 8.
[INFO]:[03:50:07] Worker 19 will use solver log file: /scratch/yorig/mpils-results-grid-ticks-10000-7may/easy/24proc-4pils/seed-4/5_mas74_seed-4_20260510_034025/solver/cplex.log_iteration_expansion_8_worker_19
[INFO]:[03:50:07] Expansion Worker 19 starting expansion for iteration 8.
[INFO]:[03:50:21] Expansion Worker 19 completed expansion.
[INFO]:[03:50:21] Worker 19 completed expansion phase.
[INFO]:[03:50:22] Worker 19 received order for step 1.
[INFO]:[03:50:22] Worker 19 running exploration phase for iteration 9.
[INFO]:[03:50:22] Worker 19 at iteration 9 will not use a MIP start file. Current best MIP-start upper bound threshold is 1.79769e+308.
[INFO]:[03:50:22] Starting local search phase...
[INFO]:[03:50:22] Worker (ils_group_rank=3) entering parallel ILS evaluation service.
[INFO]:[03:50:22] Starting CPLEX solver on instance: /home/yorig/tuner/mpils-tests/instances/miplib/easy/mas74.mps with config: /scratch/yorig/mpils-results-grid-ticks-10000-7may/easy/24proc-4pils/seed-4/5_mas74_seed-4_20260510_034025/iterated_local_search/run_9_worker_16/parallel_0_3.prm
[INFO]:[03:50:30] CPLEX results. Gap: 13.300000, upper bound: 12172.201604, lower bound: 10553.362100
[INFO]:[03:50:30] CPLEX solver finished. Gap: 13.300000
[INFO]:[03:50:32] Starting CPLEX solver on instance: /home/yorig/tuner/mpils-tests/instances/miplib/easy/mas74.mps with config: /scratch/yorig/mpils-results-grid-ticks-10000-7may/easy/24proc-4pils/seed-4/5_mas74_seed-4_20260510_034025/iterated_local_search/run_9_worker_16/parallel_4_3.prm
[INFO]:[03:50:41] CPLEX results. Gap: 7.590000, upper bound: 11801.185729, lower bound: 10905.792282
[INFO]:[03:50:41] CPLEX solver finished. Gap: 7.590000
[INFO]:[03:50:41] Starting CPLEX solver on instance: /home/yorig/tuner/mpils-tests/instances/miplib/easy/mas74.mps with config: /scratch/yorig/mpils-results-grid-ticks-10000-7may/easy/24proc-4pils/seed-4/5_mas74_seed-4_20260510_034025/iterated_local_search/run_9_worker_16/parallel_8_3.prm
[INFO]:[03:50:50] CPLEX results. Gap: 7.470000, upper bound: 11801.185729, lower bound: 10919.458295
[INFO]:[03:50:50] CPLEX solver finished. Gap: 7.470000
[INFO]:[03:50:50] Worker (ils_group_rank=3) exiting parallel ILS evaluation service.
[INFO]:[03:50:59] Worker 19 completed exploration phase.
[INFO]:[03:50:59] Worker 19 received order for step 3.
[INFO]:[03:50:59] Worker 19 finished.
