[INFO]:[06:12:59] Worker 5 starting.
[INFO]:[06:12:59] Worker 5 received order for step 1.
[INFO]:[06:12:59] Worker 5 running exploration phase for iteration 1.
[INFO]:[06:12:59] Worker 5 at iteration 1 will not use a MIP start file. Current best MIP-start upper bound threshold is 1.79769e+308.
[INFO]:[06:12:59] Starting local search phase...
[INFO]:[06:12:59] Creating local search space from parameter space file: /scratch/yorig/mpils-results-grid-ticks-10000-7may/easy/8proc/seed-3/10_supportcase33_seed-3_20260509_061258/iterated_local_search/search_space/search_space_file_1_worker_5.txt
[INFO]:[06:12:59] Local search space loaded from file: /scratch/yorig/mpils-results-grid-ticks-10000-7may/easy/8proc/seed-3/10_supportcase33_seed-3_20260509_061258/iterated_local_search/search_space/search_space_file_1_worker_5.txt
[INFO]:[06:12:59] Number of parameters in local search space: 71
[INFO]:[06:12:59] Number of forbidden tuples in local search space: 0
[INFO]:[06:12:59] Number of conditionals in local search space: 6
[INFO]:[06:12:59] MIP start option not enabled. Local search will proceed without MIP start.
[INFO]:[06:12:59] Evaluating initial configuration for local search phase...
[INFO]:[06:12:59] Starting CPLEX solver on instance: /home/yorig/tuner/mpils-tests/instances/miplib/easy/supportcase33.mps with config: /scratch/yorig/mpils-results-grid-ticks-10000-7may/easy/8proc/seed-3/10_supportcase33_seed-3_20260509_061258/iterated_local_search/run_1_worker_5/ils_config_8558917862084932258.prm
[INFO]:[06:12:59] Starting CPLEX solver on instance: /home/yorig/tuner/mpils-tests/instances/miplib/easy/supportcase33.mps with config: /scratch/yorig/mpils-results-grid-ticks-10000-7may/easy/8proc/seed-3/10_supportcase33_seed-3_20260509_061258/iterated_local_search/run_1_worker_5/ils_config_8558917862084932258.prm
[INFO]:[06:13:07] CPLEX results. Gap: 1075000000000000.000000, upper bound: 0.000000, lower bound: -1075.000000
[INFO]:[06:13:07] CPLEX solver finished. Gap: 1075000000000000.000000
[INFO]:[06:13:07] Initial configuration evaluated with objective value: 1.075e+15
[INFO]:[06:13:07] Starting CPLEX solver on instance: /home/yorig/tuner/mpils-tests/instances/miplib/easy/supportcase33.mps with config: /scratch/yorig/mpils-results-grid-ticks-10000-7may/easy/8proc/seed-3/10_supportcase33_seed-3_20260509_061258/iterated_local_search/run_1_worker_5/ils_config_4926174837006829884.prm
[INFO]:[06:13:07] Starting CPLEX solver on instance: /home/yorig/tuner/mpils-tests/instances/miplib/easy/supportcase33.mps with config: /scratch/yorig/mpils-results-grid-ticks-10000-7may/easy/8proc/seed-3/10_supportcase33_seed-3_20260509_061258/iterated_local_search/run_1_worker_5/ils_config_4926174837006829884.prm
[INFO]:[06:13:15] CPLEX results. Gap: 1075000000000000.000000, upper bound: 0.000000, lower bound: -1075.000000
[INFO]:[06:13:15] CPLEX solver finished. Gap: 1075000000000000.000000
[INFO]:[06:13:15] Starting CPLEX solver on instance: /home/yorig/tuner/mpils-tests/instances/miplib/easy/supportcase33.mps with config: /scratch/yorig/mpils-results-grid-ticks-10000-7may/easy/8proc/seed-3/10_supportcase33_seed-3_20260509_061258/iterated_local_search/run_1_worker_5/ils_config_10547573630904825438.prm
[INFO]:[06:13:15] Starting CPLEX solver on instance: /home/yorig/tuner/mpils-tests/instances/miplib/easy/supportcase33.mps with config: /scratch/yorig/mpils-results-grid-ticks-10000-7may/easy/8proc/seed-3/10_supportcase33_seed-3_20260509_061258/iterated_local_search/run_1_worker_5/ils_config_10547573630904825438.prm
[INFO]:[06:13:22] CPLEX results. Gap: 1075000000000000.000000, upper bound: 0.000000, lower bound: -1075.000000
[INFO]:[06:13:22] CPLEX solver finished. Gap: 1075000000000000.000000
[INFO]:[06:13:22] Starting CPLEX solver on instance: /home/yorig/tuner/mpils-tests/instances/miplib/easy/supportcase33.mps with config: /scratch/yorig/mpils-results-grid-ticks-10000-7may/easy/8proc/seed-3/10_supportcase33_seed-3_20260509_061258/iterated_local_search/run_1_worker_5/ils_config_7431597755436262493.prm
[INFO]:[06:13:22] Starting CPLEX solver on instance: /home/yorig/tuner/mpils-tests/instances/miplib/easy/supportcase33.mps with config: /scratch/yorig/mpils-results-grid-ticks-10000-7may/easy/8proc/seed-3/10_supportcase33_seed-3_20260509_061258/iterated_local_search/run_1_worker_5/ils_config_7431597755436262493.prm
[INFO]:[06:13:29] CPLEX results. Gap: 41.100000, upper bound: -295.000000, lower bound: -416.250000
[INFO]:[06:13:29] CPLEX solver finished. Gap: 41.100000
[INFO]:[06:13:29] New incumbent found with objective value: 41.1
[INFO]:[06:13:29] Starting CPLEX solver on instance: /home/yorig/tuner/mpils-tests/instances/miplib/easy/supportcase33.mps with config: /scratch/yorig/mpils-results-grid-ticks-10000-7may/easy/8proc/seed-3/10_supportcase33_seed-3_20260509_061258/iterated_local_search/run_1_worker_5/ils_config_9613488201708966579.prm
[INFO]:[06:13:29] Starting CPLEX solver on instance: /home/yorig/tuner/mpils-tests/instances/miplib/easy/supportcase33.mps with config: /scratch/yorig/mpils-results-grid-ticks-10000-7may/easy/8proc/seed-3/10_supportcase33_seed-3_20260509_061258/iterated_local_search/run_1_worker_5/ils_config_9613488201708966579.prm
[INFO]:[06:13:36] CPLEX results. Gap: 41.100000, upper bound: -295.000000, lower bound: -416.250000
[INFO]:[06:13:36] CPLEX solver finished. Gap: 41.100000
[INFO]:[06:13:36] Starting CPLEX solver on instance: /home/yorig/tuner/mpils-tests/instances/miplib/easy/supportcase33.mps with config: /scratch/yorig/mpils-results-grid-ticks-10000-7may/easy/8proc/seed-3/10_supportcase33_seed-3_20260509_061258/iterated_local_search/run_1_worker_5/ils_config_18315244799434140135.prm
[INFO]:[06:13:36] Starting CPLEX solver on instance: /home/yorig/tuner/mpils-tests/instances/miplib/easy/supportcase33.mps with config: /scratch/yorig/mpils-results-grid-ticks-10000-7may/easy/8proc/seed-3/10_supportcase33_seed-3_20260509_061258/iterated_local_search/run_1_worker_5/ils_config_18315244799434140135.prm
[INFO]:[06:13:42] CPLEX results. Gap: 41.940000, upper bound: -285.000000, lower bound: -404.525316
[INFO]:[06:13:42] CPLEX solver finished. Gap: 41.940000
[INFO]:[06:13:42] Starting CPLEX solver on instance: /home/yorig/tuner/mpils-tests/instances/miplib/easy/supportcase33.mps with config: /scratch/yorig/mpils-results-grid-ticks-10000-7may/easy/8proc/seed-3/10_supportcase33_seed-3_20260509_061258/iterated_local_search/run_1_worker_5/ils_config_11225235338810244137.prm
[INFO]:[06:13:42] Starting CPLEX solver on instance: /home/yorig/tuner/mpils-tests/instances/miplib/easy/supportcase33.mps with config: /scratch/yorig/mpils-results-grid-ticks-10000-7may/easy/8proc/seed-3/10_supportcase33_seed-3_20260509_061258/iterated_local_search/run_1_worker_5/ils_config_11225235338810244137.prm
[INFO]:[06:13:48] CPLEX results. Gap: 35.160000, upper bound: -310.000000, lower bound: -419.000000
[INFO]:[06:13:48] CPLEX solver finished. Gap: 35.160000
[INFO]:[06:13:48] New incumbent found with objective value: 35.16
[INFO]:[06:13:48] Starting CPLEX solver on instance: /home/yorig/tuner/mpils-tests/instances/miplib/easy/supportcase33.mps with config: /scratch/yorig/mpils-results-grid-ticks-10000-7may/easy/8proc/seed-3/10_supportcase33_seed-3_20260509_061258/iterated_local_search/run_1_worker_5/ils_config_10910686733143168350.prm
[INFO]:[06:13:48] Starting CPLEX solver on instance: /home/yorig/tuner/mpils-tests/instances/miplib/easy/supportcase33.mps with config: /scratch/yorig/mpils-results-grid-ticks-10000-7may/easy/8proc/seed-3/10_supportcase33_seed-3_20260509_061258/iterated_local_search/run_1_worker_5/ils_config_10910686733143168350.prm
[INFO]:[06:13:55] CPLEX results. Gap: 40.130000, upper bound: -305.000000, lower bound: -427.407541
[INFO]:[06:13:55] CPLEX solver finished. Gap: 40.130000
[INFO]:[06:13:55] Starting CPLEX solver on instance: /home/yorig/tuner/mpils-tests/instances/miplib/easy/supportcase33.mps with config: /scratch/yorig/mpils-results-grid-ticks-10000-7may/easy/8proc/seed-3/10_supportcase33_seed-3_20260509_061258/iterated_local_search/run_1_worker_5/ils_config_17596668536362727687.prm
[INFO]:[06:13:55] Starting CPLEX solver on instance: /home/yorig/tuner/mpils-tests/instances/miplib/easy/supportcase33.mps with config: /scratch/yorig/mpils-results-grid-ticks-10000-7may/easy/8proc/seed-3/10_supportcase33_seed-3_20260509_061258/iterated_local_search/run_1_worker_5/ils_config_17596668536362727687.prm
[INFO]:[06:14:01] CPLEX results. Gap: 46.550000, upper bound: -290.000000, lower bound: -425.000000
[INFO]:[06:14:01] CPLEX solver finished. Gap: 46.550000
[INFO]:[06:14:01] Starting CPLEX solver on instance: /home/yorig/tuner/mpils-tests/instances/miplib/easy/supportcase33.mps with config: /scratch/yorig/mpils-results-grid-ticks-10000-7may/easy/8proc/seed-3/10_supportcase33_seed-3_20260509_061258/iterated_local_search/run_1_worker_5/ils_config_6938225792011065419.prm
[INFO]:[06:14:01] Starting CPLEX solver on instance: /home/yorig/tuner/mpils-tests/instances/miplib/easy/supportcase33.mps with config: /scratch/yorig/mpils-results-grid-ticks-10000-7may/easy/8proc/seed-3/10_supportcase33_seed-3_20260509_061258/iterated_local_search/run_1_worker_5/ils_config_6938225792011065419.prm
[INFO]:[06:14:07] CPLEX results. Gap: 25.200000, upper bound: -335.000000, lower bound: -419.428571
[INFO]:[06:14:07] CPLEX solver finished. Gap: 25.200000
[INFO]:[06:14:07] New incumbent found with objective value: 25.2
[INFO]:[06:14:07] Starting CPLEX solver on instance: /home/yorig/tuner/mpils-tests/instances/miplib/easy/supportcase33.mps with config: /scratch/yorig/mpils-results-grid-ticks-10000-7may/easy/8proc/seed-3/10_supportcase33_seed-3_20260509_061258/iterated_local_search/run_1_worker_5/ils_config_18008318974599395816.prm
[INFO]:[06:14:07] Starting CPLEX solver on instance: /home/yorig/tuner/mpils-tests/instances/miplib/easy/supportcase33.mps with config: /scratch/yorig/mpils-results-grid-ticks-10000-7may/easy/8proc/seed-3/10_supportcase33_seed-3_20260509_061258/iterated_local_search/run_1_worker_5/ils_config_18008318974599395816.prm
[INFO]:[06:14:13] CPLEX results. Gap: 25.200000, upper bound: -335.000000, lower bound: -419.428571
[INFO]:[06:14:13] CPLEX solver finished. Gap: 25.200000
[INFO]:[06:14:13] Starting CPLEX solver on instance: /home/yorig/tuner/mpils-tests/instances/miplib/easy/supportcase33.mps with config: /scratch/yorig/mpils-results-grid-ticks-10000-7may/easy/8proc/seed-3/10_supportcase33_seed-3_20260509_061258/iterated_local_search/run_1_worker_5/ils_config_7073569365111198129.prm
[INFO]:[06:14:13] Starting CPLEX solver on instance: /home/yorig/tuner/mpils-tests/instances/miplib/easy/supportcase33.mps with config: /scratch/yorig/mpils-results-grid-ticks-10000-7may/easy/8proc/seed-3/10_supportcase33_seed-3_20260509_061258/iterated_local_search/run_1_worker_5/ils_config_7073569365111198129.prm
[INFO]:[06:14:19] CPLEX results. Gap: 39.980000, upper bound: -305.000000, lower bound: -426.925467
[INFO]:[06:14:19] CPLEX solver finished. Gap: 39.980000
[INFO]:[06:14:19] Starting CPLEX solver on instance: /home/yorig/tuner/mpils-tests/instances/miplib/easy/supportcase33.mps with config: /scratch/yorig/mpils-results-grid-ticks-10000-7may/easy/8proc/seed-3/10_supportcase33_seed-3_20260509_061258/iterated_local_search/run_1_worker_5/ils_config_12790247718177968346.prm
[INFO]:[06:14:19] Starting CPLEX solver on instance: /home/yorig/tuner/mpils-tests/instances/miplib/easy/supportcase33.mps with config: /scratch/yorig/mpils-results-grid-ticks-10000-7may/easy/8proc/seed-3/10_supportcase33_seed-3_20260509_061258/iterated_local_search/run_1_worker_5/ils_config_12790247718177968346.prm
[INFO]:[06:14:25] CPLEX results. Gap: 25.200000, upper bound: -335.000000, lower bound: -419.428571
[INFO]:[06:14:25] CPLEX solver finished. Gap: 25.200000
[INFO]:[06:14:25] Starting CPLEX solver on instance: /home/yorig/tuner/mpils-tests/instances/miplib/easy/supportcase33.mps with config: /scratch/yorig/mpils-results-grid-ticks-10000-7may/easy/8proc/seed-3/10_supportcase33_seed-3_20260509_061258/iterated_local_search/run_1_worker_5/ils_config_18306773904096012017.prm
[INFO]:[06:14:25] Starting CPLEX solver on instance: /home/yorig/tuner/mpils-tests/instances/miplib/easy/supportcase33.mps with config: /scratch/yorig/mpils-results-grid-ticks-10000-7may/easy/8proc/seed-3/10_supportcase33_seed-3_20260509_061258/iterated_local_search/run_1_worker_5/ils_config_18306773904096012017.prm
[INFO]:[06:14:32] CPLEX results. Gap: 24.620000, upper bound: -325.000000, lower bound: -405.000000
[INFO]:[06:14:32] CPLEX solver finished. Gap: 24.620000
[INFO]:[06:14:32] New incumbent found with objective value: 24.62
[INFO]:[06:14:32] Starting CPLEX solver on instance: /home/yorig/tuner/mpils-tests/instances/miplib/easy/supportcase33.mps with config: /scratch/yorig/mpils-results-grid-ticks-10000-7may/easy/8proc/seed-3/10_supportcase33_seed-3_20260509_061258/iterated_local_search/run_1_worker_5/ils_config_1017527735448045004.prm
[INFO]:[06:14:32] Starting CPLEX solver on instance: /home/yorig/tuner/mpils-tests/instances/miplib/easy/supportcase33.mps with config: /scratch/yorig/mpils-results-grid-ticks-10000-7may/easy/8proc/seed-3/10_supportcase33_seed-3_20260509_061258/iterated_local_search/run_1_worker_5/ils_config_1017527735448045004.prm
[INFO]:[06:14:39] CPLEX results. Gap: 22.740000, upper bound: -335.000000, lower bound: -411.170213
[INFO]:[06:14:39] CPLEX solver finished. Gap: 22.740000
[INFO]:[06:14:39] New incumbent found with objective value: 22.74
[INFO]:[06:14:39] Starting CPLEX solver on instance: /home/yorig/tuner/mpils-tests/instances/miplib/easy/supportcase33.mps with config: /scratch/yorig/mpils-results-grid-ticks-10000-7may/easy/8proc/seed-3/10_supportcase33_seed-3_20260509_061258/iterated_local_search/run_1_worker_5/ils_config_10979804369527514149.prm
[INFO]:[06:14:39] Starting CPLEX solver on instance: /home/yorig/tuner/mpils-tests/instances/miplib/easy/supportcase33.mps with config: /scratch/yorig/mpils-results-grid-ticks-10000-7may/easy/8proc/seed-3/10_supportcase33_seed-3_20260509_061258/iterated_local_search/run_1_worker_5/ils_config_10979804369527514149.prm
[INFO]:[06:14:45] CPLEX results. Gap: 19.120000, upper bound: -340.000000, lower bound: -405.000000
[INFO]:[06:14:45] CPLEX solver finished. Gap: 19.120000
[INFO]:[06:14:45] New incumbent found with objective value: 19.12
[INFO]:[06:14:45] Starting CPLEX solver on instance: /home/yorig/tuner/mpils-tests/instances/miplib/easy/supportcase33.mps with config: /scratch/yorig/mpils-results-grid-ticks-10000-7may/easy/8proc/seed-3/10_supportcase33_seed-3_20260509_061258/iterated_local_search/run_1_worker_5/ils_config_10953457107131413054.prm
[INFO]:[06:14:45] Starting CPLEX solver on instance: /home/yorig/tuner/mpils-tests/instances/miplib/easy/supportcase33.mps with config: /scratch/yorig/mpils-results-grid-ticks-10000-7may/easy/8proc/seed-3/10_supportcase33_seed-3_20260509_061258/iterated_local_search/run_1_worker_5/ils_config_10953457107131413054.prm
[INFO]:[06:14:52] CPLEX results. Gap: 17.390000, upper bound: -345.000000, lower bound: -405.000000
[INFO]:[06:14:52] CPLEX solver finished. Gap: 17.390000
[INFO]:[06:14:52] New incumbent found with objective value: 17.39
[INFO]:[06:14:52] Starting CPLEX solver on instance: /home/yorig/tuner/mpils-tests/instances/miplib/easy/supportcase33.mps with config: /scratch/yorig/mpils-results-grid-ticks-10000-7may/easy/8proc/seed-3/10_supportcase33_seed-3_20260509_061258/iterated_local_search/run_1_worker_5/ils_config_12855439176524461119.prm
[INFO]:[06:14:52] Starting CPLEX solver on instance: /home/yorig/tuner/mpils-tests/instances/miplib/easy/supportcase33.mps with config: /scratch/yorig/mpils-results-grid-ticks-10000-7may/easy/8proc/seed-3/10_supportcase33_seed-3_20260509_061258/iterated_local_search/run_1_worker_5/ils_config_12855439176524461119.prm
[INFO]:[06:14:59] CPLEX results. Gap: 35.000000, upper bound: -300.000000, lower bound: -405.000000
[INFO]:[06:14:59] CPLEX solver finished. Gap: 35.000000
[INFO]:[06:14:59] Starting CPLEX solver on instance: /home/yorig/tuner/mpils-tests/instances/miplib/easy/supportcase33.mps with config: /scratch/yorig/mpils-results-grid-ticks-10000-7may/easy/8proc/seed-3/10_supportcase33_seed-3_20260509_061258/iterated_local_search/run_1_worker_5/ils_config_15575848321022427208.prm
[INFO]:[06:14:59] Starting CPLEX solver on instance: /home/yorig/tuner/mpils-tests/instances/miplib/easy/supportcase33.mps with config: /scratch/yorig/mpils-results-grid-ticks-10000-7may/easy/8proc/seed-3/10_supportcase33_seed-3_20260509_061258/iterated_local_search/run_1_worker_5/ils_config_15575848321022427208.prm
[INFO]:[06:15:06] CPLEX results. Gap: 17.390000, upper bound: -345.000000, lower bound: -405.000000
[INFO]:[06:15:06] CPLEX solver finished. Gap: 17.390000
[INFO]:[06:15:06] Starting CPLEX solver on instance: /home/yorig/tuner/mpils-tests/instances/miplib/easy/supportcase33.mps with config: /scratch/yorig/mpils-results-grid-ticks-10000-7may/easy/8proc/seed-3/10_supportcase33_seed-3_20260509_061258/iterated_local_search/run_1_worker_5/ils_config_740360942944217677.prm
[INFO]:[06:15:06] Starting CPLEX solver on instance: /home/yorig/tuner/mpils-tests/instances/miplib/easy/supportcase33.mps with config: /scratch/yorig/mpils-results-grid-ticks-10000-7may/easy/8proc/seed-3/10_supportcase33_seed-3_20260509_061258/iterated_local_search/run_1_worker_5/ils_config_740360942944217677.prm
[INFO]:[06:15:12] CPLEX results. Gap: 32.790000, upper bound: -305.000000, lower bound: -405.000000
[INFO]:[06:15:12] CPLEX solver finished. Gap: 32.790000
[INFO]:[06:15:12] Local search phase completed.
[INFO]:[06:15:12] Total number of new local-search evaluations: 20
[INFO]:[06:15:12] Final incumbent objective value: 17.39
[INFO]:[06:15:19] Worker 5 completed exploration phase.
[INFO]:[06:15:19] Worker 5 received order for step 2.
[INFO]:[06:15:19] Worker 5 running expansion phase for iteration 1.
[INFO]:[06:15:19] Worker 5 will use solver log file: /scratch/yorig/mpils-results-grid-ticks-10000-7may/easy/8proc/seed-3/10_supportcase33_seed-3_20260509_061258/solver/cplex.log_iteration_expansion_1_worker_5
[INFO]:[06:15:19] Expansion Worker 5 starting expansion for iteration 1.
[INFO]:[06:15:19] Starting CPLEX solver on instance: /home/yorig/tuner/mpils-tests/instances/miplib/easy/supportcase33.mps with config: /scratch/yorig/mpils-results-grid-ticks-10000-7may/easy/8proc/seed-3/10_supportcase33_seed-3_20260509_061258/expansion/config_param_CPXPARAM_MIP_Cuts_Covers_1_iter_1.prm
[INFO]:[06:15:26] CPLEX results. Gap: 25.860000, upper bound: -290.000000, lower bound: -365.000000
[INFO]:[06:15:26] CPLEX solver finished. Gap: 25.860000
[INFO]:[06:15:27] Starting CPLEX solver on instance: /home/yorig/tuner/mpils-tests/instances/miplib/easy/supportcase33.mps with config: /scratch/yorig/mpils-results-grid-ticks-10000-7may/easy/8proc/seed-3/10_supportcase33_seed-3_20260509_061258/expansion/config_param_CPXPARAM_MIP_Strategy_NodeSelect_0_iter_1.prm
[INFO]:[06:15:34] CPLEX results. Gap: 22.650000, upper bound: -345.000000, lower bound: -423.135184
[INFO]:[06:15:34] CPLEX solver finished. Gap: 22.650000
[INFO]:[06:15:34] Expansion Worker 5 stopping early after global MPI expansion stop was activated.
[INFO]:[06:15:34] Expansion Worker 5 completed expansion.
[INFO]:[06:15:34] Worker 5 completed expansion phase.
[INFO]:[06:15:34] Worker 5 received order for step 3.
[INFO]:[06:15:34] Worker 5 finished.
