[INFO]:[18:18:40] Worker 1 starting.
[INFO]:[18:18:40] Worker 1 received order for step 1.
[INFO]:[18:18:40] Worker 1 running exploration phase for iteration 1.
[INFO]:[18:18:40] Worker 1 at iteration 1 will not use a MIP start file. Current best MIP-start upper bound threshold is 1.79769e+308.
[INFO]:[18:18:40] Starting local search phase...
[INFO]:[18:18:40] Worker (ils_group_rank=1) entering parallel ILS evaluation service.
[INFO]:[18:18:40] Starting CPLEX solver on instance: /home/yorig/tuner/mpils-tests/instances/miplib/medium-2/neos-5093327-huahum.mps with config: /scratch/yorig/mpils-results-grid-ticks-10000-7may/medium-2/24proc-4pils/seed-6/3_neos-5093327-huahum_seed-6_20260510_181838/iterated_local_search/run_1_worker_0/parallel_0_1.prm
[INFO]:[18:18:44] CPLEX results. Gap: 34.310000, upper bound: 6825.999997, lower bound: 4483.672884
[INFO]:[18:18:44] CPLEX solver finished. Gap: 34.310000
[INFO]:[18:18:45] Starting CPLEX solver on instance: /home/yorig/tuner/mpils-tests/instances/miplib/medium-2/neos-5093327-huahum.mps with config: /scratch/yorig/mpils-results-grid-ticks-10000-7may/medium-2/24proc-4pils/seed-6/3_neos-5093327-huahum_seed-6_20260510_181838/iterated_local_search/run_1_worker_0/parallel_4_1.prm
[INFO]:[18:18:50] CPLEX results. Gap: 29.440000, upper bound: 6825.999998, lower bound: 4816.575781
[INFO]:[18:18:50] CPLEX solver finished. Gap: 29.440000
[INFO]:[18:18:50] Starting CPLEX solver on instance: /home/yorig/tuner/mpils-tests/instances/miplib/medium-2/neos-5093327-huahum.mps with config: /scratch/yorig/mpils-results-grid-ticks-10000-7may/medium-2/24proc-4pils/seed-6/3_neos-5093327-huahum_seed-6_20260510_181838/iterated_local_search/run_1_worker_0/parallel_8_1.prm
[INFO]:[18:18:55] CPLEX results. Gap: 30.020000, upper bound: 6825.999996, lower bound: 4776.939852
[INFO]:[18:18:55] CPLEX solver finished. Gap: 30.020000
[INFO]:[18:18:55] Starting CPLEX solver on instance: /home/yorig/tuner/mpils-tests/instances/miplib/medium-2/neos-5093327-huahum.mps with config: /scratch/yorig/mpils-results-grid-ticks-10000-7may/medium-2/24proc-4pils/seed-6/3_neos-5093327-huahum_seed-6_20260510_181838/iterated_local_search/run_1_worker_0/parallel_12_1.prm
[INFO]:[18:19:00] CPLEX results. Gap: 28.220000, upper bound: 6825.999998, lower bound: 4899.622032
[INFO]:[18:19:00] CPLEX solver finished. Gap: 28.220000
[INFO]:[18:19:00] Starting CPLEX solver on instance: /home/yorig/tuner/mpils-tests/instances/miplib/medium-2/neos-5093327-huahum.mps with config: /scratch/yorig/mpils-results-grid-ticks-10000-7may/medium-2/24proc-4pils/seed-6/3_neos-5093327-huahum_seed-6_20260510_181838/iterated_local_search/run_1_worker_0/parallel_16_1.prm
[INFO]:[18:19:05] CPLEX results. Gap: 28.220000, upper bound: 6825.999998, lower bound: 4899.622032
[INFO]:[18:19:05] CPLEX solver finished. Gap: 28.220000
[INFO]:[18:19:05] Worker (ils_group_rank=1) exiting parallel ILS evaluation service.
[INFO]:[18:19:07] Worker 1 completed exploration phase.
[INFO]:[18:19:07] Worker 1 received order for step 2.
[INFO]:[18:19:07] Worker 1 running expansion phase for iteration 1.
[INFO]:[18:19:07] Worker 1 will use solver log file: /scratch/yorig/mpils-results-grid-ticks-10000-7may/medium-2/24proc-4pils/seed-6/3_neos-5093327-huahum_seed-6_20260510_181838/solver/cplex.log_iteration_expansion_1_worker_1
[INFO]:[18:19:07] Expansion Worker 1 starting expansion for iteration 1.
[INFO]:[18:19:07] Starting CPLEX solver on instance: /home/yorig/tuner/mpils-tests/instances/miplib/medium-2/neos-5093327-huahum.mps with config: /scratch/yorig/mpils-results-grid-ticks-10000-7may/medium-2/24proc-4pils/seed-6/3_neos-5093327-huahum_seed-6_20260510_181838/expansion/config_param_CPXPARAM_MIP_Strategy_Probe_1_iter_1.prm
[INFO]:[18:19:12] CPLEX results. Gap: 28.220000, upper bound: 6825.999998, lower bound: 4899.622032
[INFO]:[18:19:12] CPLEX solver finished. Gap: 28.220000
[INFO]:[18:19:12] Starting CPLEX solver on instance: /home/yorig/tuner/mpils-tests/instances/miplib/medium-2/neos-5093327-huahum.mps with config: /scratch/yorig/mpils-results-grid-ticks-10000-7may/medium-2/24proc-4pils/seed-6/3_neos-5093327-huahum_seed-6_20260510_181838/expansion/config_param_CPXPARAM_MIP_Limits_ProbeTime_30_iter_1.prm
[INFO]:[18:19:17] CPLEX results. Gap: 28.220000, upper bound: 6825.999998, lower bound: 4899.622032
[INFO]:[18:19:17] CPLEX solver finished. Gap: 28.220000
[INFO]:[18:19:17] Starting CPLEX solver on instance: /home/yorig/tuner/mpils-tests/instances/miplib/medium-2/neos-5093327-huahum.mps with config: /scratch/yorig/mpils-results-grid-ticks-10000-7may/medium-2/24proc-4pils/seed-6/3_neos-5093327-huahum_seed-6_20260510_181838/expansion/config_param_CPXPARAM_MIP_Limits_CutsFactor_1_iter_1.prm
[INFO]:[18:19:23] CPLEX results. Gap: 33.220000, upper bound: 6574.000000, lower bound: 4390.000000
[INFO]:[18:19:23] CPLEX solver finished. Gap: 33.220000
[INFO]:[18:19:23] Expansion Worker 1 completed expansion.
[INFO]:[18:19:23] Worker 1 completed expansion phase.
[INFO]:[18:19:23] Worker 1 received order for step 1.
[INFO]:[18:19:23] Worker 1 running exploration phase for iteration 2.
[INFO]:[18:19:23] Worker 1 at iteration 2 will not use a MIP start file. Current best MIP-start upper bound threshold is 1.79769e+308.
[INFO]:[18:19:23] Starting local search phase...
[INFO]:[18:19:23] Worker (ils_group_rank=1) entering parallel ILS evaluation service.
[INFO]:[18:19:23] Starting CPLEX solver on instance: /home/yorig/tuner/mpils-tests/instances/miplib/medium-2/neos-5093327-huahum.mps with config: /scratch/yorig/mpils-results-grid-ticks-10000-7may/medium-2/24proc-4pils/seed-6/3_neos-5093327-huahum_seed-6_20260510_181838/iterated_local_search/run_2_worker_0/parallel_0_1.prm
[INFO]:[18:19:28] CPLEX results. Gap: 28.220000, upper bound: 6825.999998, lower bound: 4899.622032
[INFO]:[18:19:28] CPLEX solver finished. Gap: 28.220000
[INFO]:[18:19:28] Starting CPLEX solver on instance: /home/yorig/tuner/mpils-tests/instances/miplib/medium-2/neos-5093327-huahum.mps with config: /scratch/yorig/mpils-results-grid-ticks-10000-7may/medium-2/24proc-4pils/seed-6/3_neos-5093327-huahum_seed-6_20260510_181838/iterated_local_search/run_2_worker_0/parallel_4_1.prm
[INFO]:[18:19:33] CPLEX results. Gap: 28.220000, upper bound: 6825.999998, lower bound: 4899.622032
[INFO]:[18:19:33] CPLEX solver finished. Gap: 28.220000
[INFO]:[18:19:33] Worker (ils_group_rank=1) exiting parallel ILS evaluation service.
[INFO]:[18:19:34] Worker 1 completed exploration phase.
[INFO]:[18:19:34] Worker 1 received order for step 2.
[INFO]:[18:19:34] Worker 1 running expansion phase for iteration 2.
[INFO]:[18:19:34] Worker 1 will use solver log file: /scratch/yorig/mpils-results-grid-ticks-10000-7may/medium-2/24proc-4pils/seed-6/3_neos-5093327-huahum_seed-6_20260510_181838/solver/cplex.log_iteration_expansion_2_worker_1
[INFO]:[18:19:34] Expansion Worker 1 starting expansion for iteration 2.
[INFO]:[18:19:34] Starting CPLEX solver on instance: /home/yorig/tuner/mpils-tests/instances/miplib/medium-2/neos-5093327-huahum.mps with config: /scratch/yorig/mpils-results-grid-ticks-10000-7may/medium-2/24proc-4pils/seed-6/3_neos-5093327-huahum_seed-6_20260510_181838/expansion/config_param_CPXPARAM_MIP_Strategy_PresolveNode_1_iter_2.prm
[INFO]:[18:19:39] CPLEX results. Gap: 28.220000, upper bound: 6825.999998, lower bound: 4899.622032
[INFO]:[18:19:39] CPLEX solver finished. Gap: 28.220000
[INFO]:[18:19:40] Expansion Worker 1 stopping early after global MPI expansion stop was activated.
[INFO]:[18:19:40] Expansion Worker 1 completed expansion.
[INFO]:[18:19:40] Worker 1 completed expansion phase.
[INFO]:[18:19:40] Worker 1 received order for step 1.
[INFO]:[18:19:40] Worker 1 running exploration phase for iteration 3.
[INFO]:[18:19:40] Worker 1 at iteration 3 will not use a MIP start file. Current best MIP-start upper bound threshold is 1.79769e+308.
[INFO]:[18:19:40] Starting local search phase...
[INFO]:[18:19:40] Worker (ils_group_rank=1) entering parallel ILS evaluation service.
[INFO]:[18:19:40] Starting CPLEX solver on instance: /home/yorig/tuner/mpils-tests/instances/miplib/medium-2/neos-5093327-huahum.mps with config: /scratch/yorig/mpils-results-grid-ticks-10000-7may/medium-2/24proc-4pils/seed-6/3_neos-5093327-huahum_seed-6_20260510_181838/iterated_local_search/run_3_worker_0/parallel_0_1.prm
[INFO]:[18:19:45] CPLEX results. Gap: 28.220000, upper bound: 6825.999998, lower bound: 4899.622032
[INFO]:[18:19:45] CPLEX solver finished. Gap: 28.220000
[INFO]:[18:19:45] Starting CPLEX solver on instance: /home/yorig/tuner/mpils-tests/instances/miplib/medium-2/neos-5093327-huahum.mps with config: /scratch/yorig/mpils-results-grid-ticks-10000-7may/medium-2/24proc-4pils/seed-6/3_neos-5093327-huahum_seed-6_20260510_181838/iterated_local_search/run_3_worker_0/parallel_4_1.prm
[INFO]:[18:19:50] CPLEX results. Gap: 28.220000, upper bound: 6825.999998, lower bound: 4899.622032
[INFO]:[18:19:50] CPLEX solver finished. Gap: 28.220000
[INFO]:[18:19:50] Starting CPLEX solver on instance: /home/yorig/tuner/mpils-tests/instances/miplib/medium-2/neos-5093327-huahum.mps with config: /scratch/yorig/mpils-results-grid-ticks-10000-7may/medium-2/24proc-4pils/seed-6/3_neos-5093327-huahum_seed-6_20260510_181838/iterated_local_search/run_3_worker_0/parallel_8_1.prm
[INFO]:[18:19:54] CPLEX results. Gap: 35.970000, upper bound: 6826.000000, lower bound: 4370.447605
[INFO]:[18:19:54] CPLEX solver finished. Gap: 35.970000
[INFO]:[18:19:55] Starting CPLEX solver on instance: /home/yorig/tuner/mpils-tests/instances/miplib/medium-2/neos-5093327-huahum.mps with config: /scratch/yorig/mpils-results-grid-ticks-10000-7may/medium-2/24proc-4pils/seed-6/3_neos-5093327-huahum_seed-6_20260510_181838/iterated_local_search/run_3_worker_0/parallel_12_1.prm
[INFO]:[18:20:00] CPLEX results. Gap: 27.630000, upper bound: 6757.999999, lower bound: 4891.027431
[INFO]:[18:20:00] CPLEX solver finished. Gap: 27.630000
[INFO]:[18:20:00] Worker (ils_group_rank=1) exiting parallel ILS evaluation service.
[INFO]:[18:20:00] Worker 1 completed exploration phase.
[INFO]:[18:20:00] Worker 1 received order for step 2.
[INFO]:[18:20:00] Worker 1 running expansion phase for iteration 3.
[INFO]:[18:20:00] Worker 1 will use solver log file: /scratch/yorig/mpils-results-grid-ticks-10000-7may/medium-2/24proc-4pils/seed-6/3_neos-5093327-huahum_seed-6_20260510_181838/solver/cplex.log_iteration_expansion_3_worker_1
[INFO]:[18:20:00] Expansion Worker 1 starting expansion for iteration 3.
[INFO]:[18:20:00] Starting CPLEX solver on instance: /home/yorig/tuner/mpils-tests/instances/miplib/medium-2/neos-5093327-huahum.mps with config: /scratch/yorig/mpils-results-grid-ticks-10000-7may/medium-2/24proc-4pils/seed-6/3_neos-5093327-huahum_seed-6_20260510_181838/expansion/config_param_CPXPARAM_Preprocessing_Dual_1_iter_3.prm
[INFO]:[18:20:05] CPLEX results. Gap: 27.630000, upper bound: 6757.999999, lower bound: 4891.027431
[INFO]:[18:20:05] CPLEX solver finished. Gap: 27.630000
[INFO]:[18:20:06] Expansion Worker 1 stopping early after global MPI expansion stop was activated.
[INFO]:[18:20:06] Expansion Worker 1 completed expansion.
[INFO]:[18:20:06] Worker 1 completed expansion phase.
[INFO]:[18:20:06] Worker 1 received order for step 1.
[INFO]:[18:20:06] Worker 1 running exploration phase for iteration 4.
[INFO]:[18:20:06] Worker 1 at iteration 4 will not use a MIP start file. Current best MIP-start upper bound threshold is 1.79769e+308.
[INFO]:[18:20:06] Starting local search phase...
[INFO]:[18:20:06] Worker (ils_group_rank=1) entering parallel ILS evaluation service.
[INFO]:[18:20:06] Starting CPLEX solver on instance: /home/yorig/tuner/mpils-tests/instances/miplib/medium-2/neos-5093327-huahum.mps with config: /scratch/yorig/mpils-results-grid-ticks-10000-7may/medium-2/24proc-4pils/seed-6/3_neos-5093327-huahum_seed-6_20260510_181838/iterated_local_search/run_4_worker_0/parallel_0_1.prm
[INFO]:[18:20:11] CPLEX results. Gap: 28.220000, upper bound: 6825.999998, lower bound: 4899.622032
[INFO]:[18:20:11] CPLEX solver finished. Gap: 28.220000
[INFO]:[18:20:11] Starting CPLEX solver on instance: /home/yorig/tuner/mpils-tests/instances/miplib/medium-2/neos-5093327-huahum.mps with config: /scratch/yorig/mpils-results-grid-ticks-10000-7may/medium-2/24proc-4pils/seed-6/3_neos-5093327-huahum_seed-6_20260510_181838/iterated_local_search/run_4_worker_0/parallel_4_1.prm
[INFO]:[18:20:16] CPLEX results. Gap: 27.630000, upper bound: 6757.999999, lower bound: 4891.027431
[INFO]:[18:20:16] CPLEX solver finished. Gap: 27.630000
[INFO]:[18:20:16] Starting CPLEX solver on instance: /home/yorig/tuner/mpils-tests/instances/miplib/medium-2/neos-5093327-huahum.mps with config: /scratch/yorig/mpils-results-grid-ticks-10000-7may/medium-2/24proc-4pils/seed-6/3_neos-5093327-huahum_seed-6_20260510_181838/iterated_local_search/run_4_worker_0/parallel_8_1.prm
[INFO]:[18:20:22] CPLEX results. Gap: 29.950000, upper bound: 6757.999997, lower bound: 4734.218662
[INFO]:[18:20:22] CPLEX solver finished. Gap: 29.950000
[INFO]:[18:20:22] Starting CPLEX solver on instance: /home/yorig/tuner/mpils-tests/instances/miplib/medium-2/neos-5093327-huahum.mps with config: /scratch/yorig/mpils-results-grid-ticks-10000-7may/medium-2/24proc-4pils/seed-6/3_neos-5093327-huahum_seed-6_20260510_181838/iterated_local_search/run_4_worker_0/parallel_12_1.prm
[INFO]:[18:20:27] CPLEX results. Gap: 27.520000, upper bound: 6757.999998, lower bound: 4898.402312
[INFO]:[18:20:27] CPLEX solver finished. Gap: 27.520000
[INFO]:[18:20:27] Starting CPLEX solver on instance: /home/yorig/tuner/mpils-tests/instances/miplib/medium-2/neos-5093327-huahum.mps with config: /scratch/yorig/mpils-results-grid-ticks-10000-7may/medium-2/24proc-4pils/seed-6/3_neos-5093327-huahum_seed-6_20260510_181838/iterated_local_search/run_4_worker_0/parallel_16_1.prm
[INFO]:[18:20:32] CPLEX results. Gap: 27.520000, upper bound: 6757.999998, lower bound: 4898.402312
[INFO]:[18:20:32] CPLEX solver finished. Gap: 27.520000
[INFO]:[18:20:32] Starting CPLEX solver on instance: /home/yorig/tuner/mpils-tests/instances/miplib/medium-2/neos-5093327-huahum.mps with config: /scratch/yorig/mpils-results-grid-ticks-10000-7may/medium-2/24proc-4pils/seed-6/3_neos-5093327-huahum_seed-6_20260510_181838/iterated_local_search/run_4_worker_0/parallel_20_1.prm
[INFO]:[18:20:37] CPLEX results. Gap: 31.180000, upper bound: 7074.000000, lower bound: 4868.574266
[INFO]:[18:20:37] CPLEX solver finished. Gap: 31.180000
[INFO]:[18:20:37] Worker (ils_group_rank=1) exiting parallel ILS evaluation service.
[INFO]:[18:21:01] Worker 1 completed exploration phase.
[INFO]:[18:21:01] Worker 1 received order for step 2.
[INFO]:[18:21:01] Worker 1 running expansion phase for iteration 4.
[INFO]:[18:21:01] Worker 1 will use solver log file: /scratch/yorig/mpils-results-grid-ticks-10000-7may/medium-2/24proc-4pils/seed-6/3_neos-5093327-huahum_seed-6_20260510_181838/solver/cplex.log_iteration_expansion_4_worker_1
[INFO]:[18:21:01] Expansion Worker 1 starting expansion for iteration 4.
[INFO]:[18:21:01] Starting CPLEX solver on instance: /home/yorig/tuner/mpils-tests/instances/miplib/medium-2/neos-5093327-huahum.mps with config: /scratch/yorig/mpils-results-grid-ticks-10000-7may/medium-2/24proc-4pils/seed-6/3_neos-5093327-huahum_seed-6_20260510_181838/expansion/config_param_CPXPARAM_Simplex_PGradient_1_iter_4.prm
[INFO]:[18:21:06] CPLEX results. Gap: 24.730000, upper bound: 6479.999999, lower bound: 4877.303708
[INFO]:[18:21:06] CPLEX solver finished. Gap: 24.730000
[INFO]:[18:21:06] Expansion Worker 1 stopping early after global MPI expansion stop was activated.
[INFO]:[18:21:06] Expansion Worker 1 completed expansion.
[INFO]:[18:21:06] Worker 1 completed expansion phase.
[INFO]:[18:21:07] Worker 1 received order for step 1.
[INFO]:[18:21:07] Worker 1 running exploration phase for iteration 5.
[INFO]:[18:21:07] Worker 1 at iteration 5 will not use a MIP start file. Current best MIP-start upper bound threshold is 1.79769e+308.
[INFO]:[18:21:07] Starting local search phase...
[INFO]:[18:21:07] Worker (ils_group_rank=1) entering parallel ILS evaluation service.
[INFO]:[18:21:07] Starting CPLEX solver on instance: /home/yorig/tuner/mpils-tests/instances/miplib/medium-2/neos-5093327-huahum.mps with config: /scratch/yorig/mpils-results-grid-ticks-10000-7may/medium-2/24proc-4pils/seed-6/3_neos-5093327-huahum_seed-6_20260510_181838/iterated_local_search/run_5_worker_0/parallel_0_1.prm
[INFO]:[18:21:11] CPLEX results. Gap: 31.410000, upper bound: 6479.999998, lower bound: 4444.621718
[INFO]:[18:21:11] CPLEX solver finished. Gap: 31.410000
[INFO]:[18:21:12] Starting CPLEX solver on instance: /home/yorig/tuner/mpils-tests/instances/miplib/medium-2/neos-5093327-huahum.mps with config: /scratch/yorig/mpils-results-grid-ticks-10000-7may/medium-2/24proc-4pils/seed-6/3_neos-5093327-huahum_seed-6_20260510_181838/iterated_local_search/run_5_worker_0/parallel_4_1.prm
[INFO]:[18:21:17] CPLEX results. Gap: 28.000000, upper bound: 6761.999998, lower bound: 4868.592392
[INFO]:[18:21:17] CPLEX solver finished. Gap: 28.000000
[INFO]:[18:21:17] Starting CPLEX solver on instance: /home/yorig/tuner/mpils-tests/instances/miplib/medium-2/neos-5093327-huahum.mps with config: /scratch/yorig/mpils-results-grid-ticks-10000-7may/medium-2/24proc-4pils/seed-6/3_neos-5093327-huahum_seed-6_20260510_181838/iterated_local_search/run_5_worker_0/parallel_8_1.prm
[INFO]:[18:21:21] CPLEX results. Gap: 25.140000, upper bound: 6479.999998, lower bound: 4850.722028
[INFO]:[18:21:21] CPLEX solver finished. Gap: 25.140000
[INFO]:[18:21:22] Starting CPLEX solver on instance: /home/yorig/tuner/mpils-tests/instances/miplib/medium-2/neos-5093327-huahum.mps with config: /scratch/yorig/mpils-results-grid-ticks-10000-7may/medium-2/24proc-4pils/seed-6/3_neos-5093327-huahum_seed-6_20260510_181838/iterated_local_search/run_5_worker_0/parallel_12_1.prm
[INFO]:[18:21:27] CPLEX results. Gap: 24.560000, upper bound: 6479.999998, lower bound: 4888.828038
[INFO]:[18:21:27] CPLEX solver finished. Gap: 24.560000
[INFO]:[18:21:27] Starting CPLEX solver on instance: /home/yorig/tuner/mpils-tests/instances/miplib/medium-2/neos-5093327-huahum.mps with config: /scratch/yorig/mpils-results-grid-ticks-10000-7may/medium-2/24proc-4pils/seed-6/3_neos-5093327-huahum_seed-6_20260510_181838/iterated_local_search/run_5_worker_0/parallel_16_1.prm
[INFO]:[18:21:32] CPLEX results. Gap: 24.560000, upper bound: 6479.999998, lower bound: 4888.828038
[INFO]:[18:21:32] CPLEX solver finished. Gap: 24.560000
[INFO]:[18:21:32] Starting CPLEX solver on instance: /home/yorig/tuner/mpils-tests/instances/miplib/medium-2/neos-5093327-huahum.mps with config: /scratch/yorig/mpils-results-grid-ticks-10000-7may/medium-2/24proc-4pils/seed-6/3_neos-5093327-huahum_seed-6_20260510_181838/iterated_local_search/run_5_worker_0/parallel_20_1.prm
[INFO]:[18:21:36] CPLEX results. Gap: 24.560000, upper bound: 6479.999998, lower bound: 4888.828038
[INFO]:[18:21:36] CPLEX solver finished. Gap: 24.560000
[INFO]:[18:21:37] Starting CPLEX solver on instance: /home/yorig/tuner/mpils-tests/instances/miplib/medium-2/neos-5093327-huahum.mps with config: /scratch/yorig/mpils-results-grid-ticks-10000-7may/medium-2/24proc-4pils/seed-6/3_neos-5093327-huahum_seed-6_20260510_181838/iterated_local_search/run_5_worker_0/parallel_24_1.prm
[INFO]:[18:21:42] CPLEX results. Gap: 24.560000, upper bound: 6479.999998, lower bound: 4888.828038
[INFO]:[18:21:42] CPLEX solver finished. Gap: 24.560000
[INFO]:[18:21:42] Worker (ils_group_rank=1) exiting parallel ILS evaluation service.
[INFO]:[18:21:44] Worker 1 completed exploration phase.
[INFO]:[18:21:44] Worker 1 received order for step 2.
[INFO]:[18:21:44] Worker 1 running expansion phase for iteration 5.
[INFO]:[18:21:44] Worker 1 will use solver log file: /scratch/yorig/mpils-results-grid-ticks-10000-7may/medium-2/24proc-4pils/seed-6/3_neos-5093327-huahum_seed-6_20260510_181838/solver/cplex.log_iteration_expansion_5_worker_1
[INFO]:[18:21:44] Expansion Worker 1 starting expansion for iteration 5.
[INFO]:[18:21:44] Starting CPLEX solver on instance: /home/yorig/tuner/mpils-tests/instances/miplib/medium-2/neos-5093327-huahum.mps with config: /scratch/yorig/mpils-results-grid-ticks-10000-7may/medium-2/24proc-4pils/seed-6/3_neos-5093327-huahum_seed-6_20260510_181838/expansion/config_param_CPXPARAM_Preprocessing_Fill_5_iter_5.prm
[INFO]:[18:21:49] CPLEX results. Gap: 24.510000, upper bound: 6479.999998, lower bound: 4891.816720
[INFO]:[18:21:49] CPLEX solver finished. Gap: 24.510000
[INFO]:[18:21:49] Starting CPLEX solver on instance: /home/yorig/tuner/mpils-tests/instances/miplib/medium-2/neos-5093327-huahum.mps with config: /scratch/yorig/mpils-results-grid-ticks-10000-7may/medium-2/24proc-4pils/seed-6/3_neos-5093327-huahum_seed-6_20260510_181838/expansion/config_param_CPXPARAM_Feasopt_Mode_2_iter_5.prm
[INFO]:[18:21:54] CPLEX results. Gap: 24.510000, upper bound: 6479.999998, lower bound: 4891.816720
[INFO]:[18:21:54] CPLEX solver finished. Gap: 24.510000
[INFO]:[18:21:54] Expansion Worker 1 completed expansion.
[INFO]:[18:21:54] Worker 1 completed expansion phase.
[INFO]:[18:21:54] Worker 1 received order for step 1.
[INFO]:[18:21:54] Worker 1 running exploration phase for iteration 6.
[INFO]:[18:21:54] Worker 1 at iteration 6 will not use a MIP start file. Current best MIP-start upper bound threshold is 1.79769e+308.
[INFO]:[18:21:54] Starting local search phase...
[INFO]:[18:21:54] Worker (ils_group_rank=1) entering parallel ILS evaluation service.
[INFO]:[18:21:54] Starting CPLEX solver on instance: /home/yorig/tuner/mpils-tests/instances/miplib/medium-2/neos-5093327-huahum.mps with config: /scratch/yorig/mpils-results-grid-ticks-10000-7may/medium-2/24proc-4pils/seed-6/3_neos-5093327-huahum_seed-6_20260510_181838/iterated_local_search/run_6_worker_0/parallel_0_1.prm
[INFO]:[18:21:59] CPLEX results. Gap: 28.970000, upper bound: 6833.999994, lower bound: 4853.889150
[INFO]:[18:21:59] CPLEX solver finished. Gap: 28.970000
[INFO]:[18:21:59] Starting CPLEX solver on instance: /home/yorig/tuner/mpils-tests/instances/miplib/medium-2/neos-5093327-huahum.mps with config: /scratch/yorig/mpils-results-grid-ticks-10000-7may/medium-2/24proc-4pils/seed-6/3_neos-5093327-huahum_seed-6_20260510_181838/iterated_local_search/run_6_worker_0/parallel_4_1.prm
[INFO]:[18:22:04] CPLEX results. Gap: 31.080000, upper bound: 7095.999998, lower bound: 4890.281525
[INFO]:[18:22:04] CPLEX solver finished. Gap: 31.080000
[INFO]:[18:22:04] Starting CPLEX solver on instance: /home/yorig/tuner/mpils-tests/instances/miplib/medium-2/neos-5093327-huahum.mps with config: /scratch/yorig/mpils-results-grid-ticks-10000-7may/medium-2/24proc-4pils/seed-6/3_neos-5093327-huahum_seed-6_20260510_181838/iterated_local_search/run_6_worker_0/parallel_8_1.prm
[INFO]:[18:22:09] CPLEX results. Gap: 35.560000, upper bound: 7596.000000, lower bound: 4894.505206
[INFO]:[18:22:09] CPLEX solver finished. Gap: 35.560000
[INFO]:[18:22:09] Worker (ils_group_rank=1) exiting parallel ILS evaluation service.
[INFO]:[18:22:27] Worker 1 completed exploration phase.
[INFO]:[18:22:28] Worker 1 received order for step 2.
[INFO]:[18:22:28] Worker 1 running expansion phase for iteration 6.
[INFO]:[18:22:28] Worker 1 will use solver log file: /scratch/yorig/mpils-results-grid-ticks-10000-7may/medium-2/24proc-4pils/seed-6/3_neos-5093327-huahum_seed-6_20260510_181838/solver/cplex.log_iteration_expansion_6_worker_1
[INFO]:[18:22:28] Expansion Worker 1 starting expansion for iteration 6.
[INFO]:[18:22:28] Starting CPLEX solver on instance: /home/yorig/tuner/mpils-tests/instances/miplib/medium-2/neos-5093327-huahum.mps with config: /scratch/yorig/mpils-results-grid-ticks-10000-7may/medium-2/24proc-4pils/seed-6/3_neos-5093327-huahum_seed-6_20260510_181838/expansion/config_param_CPXPARAM_MIP_OrderType_2_iter_6.prm
[INFO]:[18:22:32] CPLEX results. Gap: 24.510000, upper bound: 6479.999998, lower bound: 4891.816720
[INFO]:[18:22:32] CPLEX solver finished. Gap: 24.510000
[INFO]:[18:22:34] Starting CPLEX solver on instance: /home/yorig/tuner/mpils-tests/instances/miplib/medium-2/neos-5093327-huahum.mps with config: /scratch/yorig/mpils-results-grid-ticks-10000-7may/medium-2/24proc-4pils/seed-6/3_neos-5093327-huahum_seed-6_20260510_181838/expansion/config_param_CPXPARAM_LPMethod_5_iter_6.prm
[INFO]:[18:22:38] CPLEX results. Gap: 24.510000, upper bound: 6479.999998, lower bound: 4891.816720
[INFO]:[18:22:38] CPLEX solver finished. Gap: 24.510000
[INFO]:[18:22:38] Expansion Worker 1 completed expansion.
[INFO]:[18:22:38] Worker 1 completed expansion phase.
[INFO]:[18:22:39] Worker 1 received order for step 1.
[INFO]:[18:22:39] Worker 1 running exploration phase for iteration 7.
[INFO]:[18:22:39] Worker 1 at iteration 7 will not use a MIP start file. Current best MIP-start upper bound threshold is 1.79769e+308.
[INFO]:[18:22:39] Starting local search phase...
[INFO]:[18:22:39] Worker (ils_group_rank=1) entering parallel ILS evaluation service.
[INFO]:[18:22:39] Starting CPLEX solver on instance: /home/yorig/tuner/mpils-tests/instances/miplib/medium-2/neos-5093327-huahum.mps with config: /scratch/yorig/mpils-results-grid-ticks-10000-7may/medium-2/24proc-4pils/seed-6/3_neos-5093327-huahum_seed-6_20260510_181838/iterated_local_search/run_7_worker_0/parallel_0_1.prm
[INFO]:[18:22:44] CPLEX results. Gap: 24.570000, upper bound: 6479.999999, lower bound: 4887.972942
[INFO]:[18:22:44] CPLEX solver finished. Gap: 24.570000
[INFO]:[18:22:44] Starting CPLEX solver on instance: /home/yorig/tuner/mpils-tests/instances/miplib/medium-2/neos-5093327-huahum.mps with config: /scratch/yorig/mpils-results-grid-ticks-10000-7may/medium-2/24proc-4pils/seed-6/3_neos-5093327-huahum_seed-6_20260510_181838/iterated_local_search/run_7_worker_0/parallel_4_1.prm
[INFO]:[18:22:49] CPLEX results. Gap: 24.510000, upper bound: 6479.999998, lower bound: 4891.816720
[INFO]:[18:22:49] CPLEX solver finished. Gap: 24.510000
[INFO]:[18:22:49] Starting CPLEX solver on instance: /home/yorig/tuner/mpils-tests/instances/miplib/medium-2/neos-5093327-huahum.mps with config: /scratch/yorig/mpils-results-grid-ticks-10000-7may/medium-2/24proc-4pils/seed-6/3_neos-5093327-huahum_seed-6_20260510_181838/iterated_local_search/run_7_worker_0/parallel_8_1.prm
[INFO]:[18:22:53] CPLEX results. Gap: 30.890000, upper bound: 7074.000000, lower bound: 4888.871709
[INFO]:[18:22:53] CPLEX solver finished. Gap: 30.890000
[INFO]:[18:22:54] Starting CPLEX solver on instance: /home/yorig/tuner/mpils-tests/instances/miplib/medium-2/neos-5093327-huahum.mps with config: /scratch/yorig/mpils-results-grid-ticks-10000-7may/medium-2/24proc-4pils/seed-6/3_neos-5093327-huahum_seed-6_20260510_181838/iterated_local_search/run_7_worker_0/parallel_12_1.prm
[INFO]:[18:22:58] CPLEX results. Gap: 27.730000, upper bound: 6729.999998, lower bound: 4863.925287
[INFO]:[18:22:58] CPLEX solver finished. Gap: 27.730000
[INFO]:[18:22:59] Starting CPLEX solver on instance: /home/yorig/tuner/mpils-tests/instances/miplib/medium-2/neos-5093327-huahum.mps with config: /scratch/yorig/mpils-results-grid-ticks-10000-7may/medium-2/24proc-4pils/seed-6/3_neos-5093327-huahum_seed-6_20260510_181838/iterated_local_search/run_7_worker_0/parallel_16_1.prm
[INFO]:[18:23:03] CPLEX results. Gap: 24.480000, upper bound: 6479.999998, lower bound: 4893.737100
[INFO]:[18:23:03] CPLEX solver finished. Gap: 24.480000
[INFO]:[18:23:03] Starting CPLEX solver on instance: /home/yorig/tuner/mpils-tests/instances/miplib/medium-2/neos-5093327-huahum.mps with config: /scratch/yorig/mpils-results-grid-ticks-10000-7may/medium-2/24proc-4pils/seed-6/3_neos-5093327-huahum_seed-6_20260510_181838/iterated_local_search/run_7_worker_0/parallel_20_1.prm
[INFO]:[18:23:08] CPLEX results. Gap: 30.220000, upper bound: 7002.000000, lower bound: 4886.018853
[INFO]:[18:23:08] CPLEX solver finished. Gap: 30.220000
[INFO]:[18:23:09] Starting CPLEX solver on instance: /home/yorig/tuner/mpils-tests/instances/miplib/medium-2/neos-5093327-huahum.mps with config: /scratch/yorig/mpils-results-grid-ticks-10000-7may/medium-2/24proc-4pils/seed-6/3_neos-5093327-huahum_seed-6_20260510_181838/iterated_local_search/run_7_worker_0/parallel_24_1.prm
[INFO]:[18:23:13] CPLEX results. Gap: 24.480000, upper bound: 6479.999998, lower bound: 4893.737100
[INFO]:[18:23:13] CPLEX solver finished. Gap: 24.480000
[INFO]:[18:23:14] Worker (ils_group_rank=1) exiting parallel ILS evaluation service.
[INFO]:[18:23:21] Worker 1 completed exploration phase.
[INFO]:[18:23:21] Worker 1 received order for step 2.
[INFO]:[18:23:21] Worker 1 running expansion phase for iteration 7.
[INFO]:[18:23:21] Worker 1 will use solver log file: /scratch/yorig/mpils-results-grid-ticks-10000-7may/medium-2/24proc-4pils/seed-6/3_neos-5093327-huahum_seed-6_20260510_181838/solver/cplex.log_iteration_expansion_7_worker_1
[INFO]:[18:23:21] Expansion Worker 1 starting expansion for iteration 7.
[INFO]:[18:23:21] Starting CPLEX solver on instance: /home/yorig/tuner/mpils-tests/instances/miplib/medium-2/neos-5093327-huahum.mps with config: /scratch/yorig/mpils-results-grid-ticks-10000-7may/medium-2/24proc-4pils/seed-6/3_neos-5093327-huahum_seed-6_20260510_181838/expansion/config_param_CPXPARAM_Sifting_Algorithm_2_iter_7.prm
[INFO]:[18:23:26] CPLEX results. Gap: 24.480000, upper bound: 6479.999998, lower bound: 4893.737100
[INFO]:[18:23:26] CPLEX solver finished. Gap: 24.480000
[INFO]:[18:23:26] Expansion Worker 1 completed expansion.
[INFO]:[18:23:26] Worker 1 completed expansion phase.
[INFO]:[18:23:27] Worker 1 received order for step 1.
[INFO]:[18:23:27] Worker 1 running exploration phase for iteration 8.
[INFO]:[18:23:27] Worker 1 at iteration 8 will not use a MIP start file. Current best MIP-start upper bound threshold is 1.79769e+308.
[INFO]:[18:23:27] Starting local search phase...
[INFO]:[18:23:27] Worker (ils_group_rank=1) entering parallel ILS evaluation service.
[INFO]:[18:23:27] Starting CPLEX solver on instance: /home/yorig/tuner/mpils-tests/instances/miplib/medium-2/neos-5093327-huahum.mps with config: /scratch/yorig/mpils-results-grid-ticks-10000-7may/medium-2/24proc-4pils/seed-6/3_neos-5093327-huahum_seed-6_20260510_181838/iterated_local_search/run_8_worker_0/parallel_0_1.prm
[INFO]:[18:23:32] CPLEX results. Gap: 24.910000, upper bound: 6479.999997, lower bound: 4865.703332
[INFO]:[18:23:32] CPLEX solver finished. Gap: 24.910000
[INFO]:[18:23:32] Starting CPLEX solver on instance: /home/yorig/tuner/mpils-tests/instances/miplib/medium-2/neos-5093327-huahum.mps with config: /scratch/yorig/mpils-results-grid-ticks-10000-7may/medium-2/24proc-4pils/seed-6/3_neos-5093327-huahum_seed-6_20260510_181838/iterated_local_search/run_8_worker_0/parallel_4_1.prm
[INFO]:[18:23:37] CPLEX results. Gap: 24.480000, upper bound: 6479.999998, lower bound: 4893.737100
[INFO]:[18:23:37] CPLEX solver finished. Gap: 24.480000
[INFO]:[18:23:37] Starting CPLEX solver on instance: /home/yorig/tuner/mpils-tests/instances/miplib/medium-2/neos-5093327-huahum.mps with config: /scratch/yorig/mpils-results-grid-ticks-10000-7may/medium-2/24proc-4pils/seed-6/3_neos-5093327-huahum_seed-6_20260510_181838/iterated_local_search/run_8_worker_0/parallel_8_1.prm
[INFO]:[18:23:42] CPLEX results. Gap: 24.480000, upper bound: 6479.999998, lower bound: 4893.737100
[INFO]:[18:23:42] CPLEX solver finished. Gap: 24.480000
[INFO]:[18:23:42] Starting CPLEX solver on instance: /home/yorig/tuner/mpils-tests/instances/miplib/medium-2/neos-5093327-huahum.mps with config: /scratch/yorig/mpils-results-grid-ticks-10000-7may/medium-2/24proc-4pils/seed-6/3_neos-5093327-huahum_seed-6_20260510_181838/iterated_local_search/run_8_worker_0/parallel_12_1.prm
[INFO]:[18:23:47] CPLEX results. Gap: 24.480000, upper bound: 6479.999998, lower bound: 4893.737100
[INFO]:[18:23:47] CPLEX solver finished. Gap: 24.480000
[INFO]:[18:23:47] Starting CPLEX solver on instance: /home/yorig/tuner/mpils-tests/instances/miplib/medium-2/neos-5093327-huahum.mps with config: /scratch/yorig/mpils-results-grid-ticks-10000-7may/medium-2/24proc-4pils/seed-6/3_neos-5093327-huahum_seed-6_20260510_181838/iterated_local_search/run_8_worker_0/parallel_16_1.prm
[INFO]:[18:23:52] CPLEX results. Gap: 24.550000, upper bound: 6479.999999, lower bound: 4888.923907
[INFO]:[18:23:52] CPLEX solver finished. Gap: 24.550000
[INFO]:[18:23:53] Starting CPLEX solver on instance: /home/yorig/tuner/mpils-tests/instances/miplib/medium-2/neos-5093327-huahum.mps with config: /scratch/yorig/mpils-results-grid-ticks-10000-7may/medium-2/24proc-4pils/seed-6/3_neos-5093327-huahum_seed-6_20260510_181838/iterated_local_search/run_8_worker_0/parallel_20_1.prm
[INFO]:[18:23:58] CPLEX results. Gap: 30.890000, upper bound: 7074.000000, lower bound: 4889.117619
[INFO]:[18:23:58] CPLEX solver finished. Gap: 30.890000
[INFO]:[18:23:58] Starting CPLEX solver on instance: /home/yorig/tuner/mpils-tests/instances/miplib/medium-2/neos-5093327-huahum.mps with config: /scratch/yorig/mpils-results-grid-ticks-10000-7may/medium-2/24proc-4pils/seed-6/3_neos-5093327-huahum_seed-6_20260510_181838/iterated_local_search/run_8_worker_0/parallel_24_1.prm
[INFO]:[18:24:02] CPLEX results. Gap: 24.560000, upper bound: 6479.999998, lower bound: 4888.828038
[INFO]:[18:24:02] CPLEX solver finished. Gap: 24.560000
[INFO]:[18:24:03] Starting CPLEX solver on instance: /home/yorig/tuner/mpils-tests/instances/miplib/medium-2/neos-5093327-huahum.mps with config: /scratch/yorig/mpils-results-grid-ticks-10000-7may/medium-2/24proc-4pils/seed-6/3_neos-5093327-huahum_seed-6_20260510_181838/iterated_local_search/run_8_worker_0/parallel_28_1.prm
[INFO]:[18:24:07] CPLEX results. Gap: 24.480000, upper bound: 6479.999998, lower bound: 4893.737100
[INFO]:[18:24:07] CPLEX solver finished. Gap: 24.480000
[INFO]:[18:24:07] Worker (ils_group_rank=1) exiting parallel ILS evaluation service.
[INFO]:[18:24:38] Worker 1 completed exploration phase.
[INFO]:[18:24:38] Worker 1 received order for step 3.
[INFO]:[18:24:38] Worker 1 finished.
